STATION sbdservice
IRID_ID 300224010734970
BODY 
Content-Type: application/x-zip-compressed; name="SBMmessage.sbd"
Content-Disposition: attachment; filename="300224010734970_002186.sbd"
Content-Transfer-Encoding: base64

JFc1TTVBLDEyMDIwOCwyMDAwMDUsNjYwZDAwMjg0NDljZTI0NiwxLERBUyAy
LDUwNTMuNTQ3OE4sMTIzLjcwMzBXLDEuOCwzMTcsMi44LC00MS4xLDE4LjUs
MzQuOCwyLjcsMTkuMCwzNC4wLDIuOCwxMDM5LjgsLCwsLCo2Mg0KDQokVzVN
NUEsMTIwMjA4LDIwMDAwNSw2NjBkMDAyODQ0OWNlMjQ2LDIsREFTIDIsMTMu
MSwxMy4yLDAuMiwwLjQsMC4wMSw1NjcsNTY3LDE1Niw1MDIsMCwzNDguOCwy
Mi4wOSw4OTQqNjYNCg0KJFc1TTVBLDEyMDIwOCwyMDAwMDUsNjYwZDAwMjg0
NDljZTI0NiwzLCoxQg0KDQokVzVNNUEsMTIwMjA4LDIxMDAwNSw2NjBkMDAy
ODQ0OWNlMjQ2LDEsREFTIDIsLCwxLjgsMzE3LDIuOSwtNDEuMSwxOC4yLDM0
LjUsMi4zLDE4LjcsMzMuOSwyLjUsMTAzOS44LCwsLCwqNDkNCg0KJFc1TTVB
LDEyMDIwOCwyMTAwMDUsNjYwZDAwMjg0NDljZTI0NiwyLERBUyAyLDEzLjEs
MTMuMiwwLjIsMC40LDAuMDEsNTY3LDU2NywxNTcsNjMxLDAsMzQ4LjksMjEu
NzAsOTAxKjY0DQoNCiRXNU01QSwxMjAyMDgsMjEwMDA1LDY2MGQwMDI4NDQ5
Y2UyNDYsMywqMUENCg0K

--SBD.Boundary.605592468
PROCESS /noc/users/iridburst/exec/irid_300224010734970_upd.pl
Last Run  ----1970-01-01 00:00:00 
MONTH  5 
DATA  xxrecord 2012-02-08 20:00:05 :: $W5M5A,120208,200005,660d0028449ce246,1,DAS 2,5053.5478N,123.7030W,1.8,317,2.8,-41.1,18.5,34.8,2.7,19.0,34.0,2.8,1039.8,,,,,*62
 
INSERT
DATA  xxrecord 2012-02-08 21:00:05 :: $W5M5A,120208,210005,660d0028449ce246,1,DAS 2,,,1.8,317,2.9,-41.1,18.2,34.5,2.3,18.7,33.9,2.5,1039.8,,,,,*49
 
INSERT
STATION sbdservice
IRID_ID 300224010734970
BODY 
Content-Type: application/x-zip-compressed; name="SBMmessage.sbd"
Content-Disposition: attachment; filename="300224010734970_002187.sbd"
Content-Transfer-Encoding: base64

JFc1TTVBLDEyMDIwOCwyMjAwMDUsNjYwZDAwMjg0NDljZTI0NiwxLERBUyAy
LDUwNTMuNTQ3ME4sMTIzLjcwNzVXLDEuOCwzMTYsMy4xLC00MS4xLDE3Ljks
MzQuMywyLjAsMTguNCwzMy42LDIuMSwxMDM5LjksLCwsLCo2Mw0KDQokVzVN
NUEsMTIwMjA4LDIyMDAwNSw2NjBkMDAyODQ0OWNlMjQ2LDIsREFTIDIsMTMu
MSwxMy4yLDAuMiwwLjQsMC4wMSw1NjcsNTY3LDE1Nyw2MzAsMCwzNDguOSwy
MS4zMSw5MDAqNjINCg0KJFc1TTVBLDEyMDIwOCwyMjAwMDUsNjYwZDAwMjg0
NDljZTI0NiwzLCoxOQ0KDQo=

--SBD.Boundary.605592468
PROCESS /noc/users/iridburst/exec/irid_300224010734970_upd.pl
Last Run  ----1970-01-01 00:00:00 
MONTH  5 
DATA  xxrecord 2012-02-08 22:00:05 :: $W5M5A,120208,220005,660d0028449ce246,1,DAS 2,5053.5470N,123.7075W,1.8,316,3.1,-41.1,17.9,34.3,2.0,18.4,33.6,2.1,1039.9,,,,,*63
 
INSERT
STATION sbdservice
IRID_ID 300224010734970
BODY 
Content-Type: application/x-zip-compressed; name="SBMmessage.sbd"
Content-Disposition: attachment; filename="300224010734970_002188.sbd"
Content-Transfer-Encoding: base64

JFc1TTVBLDEyMDIwOCwyMzAwMDUsNjYwZDAwMjg0NDljZTI0NiwxLERBUyAy
LCwsMS44LDMxNywzLjAsLTQxLjEsMTcuNywzMy45LDEuNiwxOC4yLDMzLjMs
MS44LDEwMzkuOCwsLCwsKjQ1DQoNCiRXNU01QSwxMjAyMDgsMjMwMDA1LDY2
MGQwMDI4NDQ5Y2UyNDYsMixEQVMgMiwxMy4xLDEzLjIsMC4yLDAuNCwwLjAw
LDU2Nyw1NjcsMTU3LDYzMCwwLDM0OC45LDIxLjMxLDg5Nio2Qw0KDQokVzVN
NUEsMTIwMjA4LDIzMDAwNSw2NjBkMDAyODQ0OWNlMjQ2LDMsKjE4DQoNCg==

--SBD.Boundary.605592468
PROCESS /noc/users/iridburst/exec/irid_300224010734970_upd.pl
Last Run  ----1970-01-01 00:00:00 
MONTH  5 
DATA  xxrecord 2012-02-08 23:00:05 :: $W5M5A,120208,230005,660d0028449ce246,1,DAS 2,,,1.8,317,3.0,-41.1,17.7,33.9,1.6,18.2,33.3,1.8,1039.8,,,,,*45
 
INSERT
STATION sbdservice
IRID_ID 300224010734970
BODY 
Content-Type: application/x-zip-compressed; name="SBMmessage.sbd"
Content-Disposition: attachment; filename="300224010734970_002189.sbd"
Content-Transfer-Encoding: base64

JFc1TTVBLDEyMDIwOSwwMDAwMDUsNjYwZDAwMjg0NDljZTI0NiwxLERBUyAy
LDUwNTMuNTQxOU4sMTIzLjcyNTdXLDEuOSwzMTgsMy4xLC00MS4xLDE3LjYs
MzMuNCwxLjMsMTguMCwzMi44LDEuNSwxMDQwLjEsLCwsLCo2NQ0KDQokVzVN
NUEsMTIwMjA5LDAwMDAwNSw2NjBkMDAyODQ0OWNlMjQ2LDIsREFTIDIsMTMu
MSwxMy4yLDAuMiwwLjQsMC4wMSw1NjcsNTY3LDE1Nyw2MzEsMCwzNDguOSwy
MC45Miw4OTMqNjENCg0KJFc1TTVBLDEyMDIwOSwwMDAwMDUsNjYwZDAwMjg0
NDljZTI0NiwzLCoxOA0KDQo=

--SBD.Boundary.605592468
PROCESS /noc/users/iridburst/exec/irid_300224010734970_upd.pl
Last Run  ----1970-01-01 00:00:00 
MONTH  5 
DATA  xxrecord 2012-02-09 00:00:05 :: $W5M5A,120209,000005,660d0028449ce246,1,DAS 2,5053.5419N,123.7257W,1.9,318,3.1,-41.1,17.6,33.4,1.3,18.0,32.8,1.5,1040.1,,,,,*65
 
INSERT
STATION sbdservice
IRID_ID 300224010734970
BODY 
Content-Type: application/x-zip-compressed; name="SBMmessage.sbd"
Content-Disposition: attachment; filename="300224010734970_002190.sbd"
Content-Transfer-Encoding: base64

JFc1TTVBLDEyMDIwOSwwMTAwMDUsNjYwZDAwMjg0NDljZTI0NiwxLERBUyAy
LCwsMS44LDMxNiwzLjAsLTQxLjEsMTcuNCwzMy4xLDEuMCwxNy45LDMyLjUs
MS4yLDEwNDAuMCwsLCwsKjQ3DQoNCiRXNU01QSwxMjAyMDksMDEwMDA1LDY2
MGQwMDI4NDQ5Y2UyNDYsMixEQVMgMiwxMy4wLDEzLjIsMC4yLDAuOCwwLjAx
LDU2Nyw1NjcsMTU3LDYzMiwwLDM0OC44LDIwLjkyLDg5NCo2OA0KDQokVzVN
NUEsMTIwMjA5LDAxMDAwNSw2NjBkMDAyODQ0OWNlMjQ2LDMsKjE5DQoNCg==

--SBD.Boundary.605592468
PROCESS /noc/users/iridburst/exec/irid_300224010734970_upd.pl
Last Run  ----1970-01-01 00:00:00 
MONTH  5 
DATA  xxrecord 2012-02-09 01:00:05 :: $W5M5A,120209,010005,660d0028449ce246,1,DAS 2,,,1.8,316,3.0,-41.1,17.4,33.1,1.0,17.9,32.5,1.2,1040.0,,,,,*47
 
INSERT
STATION sbdservice
IRID_ID 300224010734970
BODY 
Content-Type: application/x-zip-compressed; name="SBMmessage.sbd"
Content-Disposition: attachment; filename="300224010734970_002191.sbd"
Content-Transfer-Encoding: base64

JFc1TTVBLDEyMDIwOSwwMjAwMDUsNjYwZDAwMjg0NDljZTI0NiwxLERBUyAy
LDUwNTMuNTQ3N04sMTIzLjY3NDRXLDEuOSwzMTgsMy4wLC00MS4xLDE3LjMs
MzIuNywwLjgsMTcuNywzMi4yLDAuOSwxMDQwLjIsLCwsLCo2OQ0KDQokVzVN
NUEsMTIwMjA5LDAyMDAwNSw2NjBkMDAyODQ0OWNlMjQ2LDIsREFTIDIsMTMu
MSwxMy4xLDAuMiwwLjQsMC4wMSw1NjcsNTY3LDE1Nyw2MzEsMCwzNDguOSwy
MC41Myw4OTkqNjcNCg0KJFc1TTVBLDEyMDIwOSwwMjAwMDUsNjYwZDAwMjg0
NDljZTI0NiwzLCoxQQ0KDQo=

--SBD.Boundary.605592468
PROCESS /noc/users/iridburst/exec/irid_300224010734970_upd.pl
Last Run  ----1970-01-01 00:00:00 
MONTH  5 
DATA  xxrecord 2012-02-09 02:00:05 :: $W5M5A,120209,020005,660d0028449ce246,1,DAS 2,5053.5477N,123.6744W,1.9,318,3.0,-41.1,17.3,32.7,0.8,17.7,32.2,0.9,1040.2,,,,,*69
 
INSERT
STATION sbdservice
IRID_ID 300224010734970
BODY 
Content-Type: application/x-zip-compressed; name="SBMmessage.sbd"
Content-Disposition: attachment; filename="300224010734970_002192.sbd"
Content-Transfer-Encoding: base64

JFc1TTVBLDEyMDIwOSwwMzAwMDUsNjYwZDAwMjg0NDljZTI0NiwxLERBUyAy
LCwsMS45LDMxNywzLjAsLTQxLjEsMTcuMiwzMi41LDAuNiwxNy42LDMyLjAs
MC43LDEwNDAuMCwsLCwsKjRGDQoNCiRXNU01QSwxMjAyMDksMDMwMDA1LDY2
MGQwMDI4NDQ5Y2UyNDYsMixEQVMgMiwxMy4xLDEzLjIsMC4yLDAuNCwwLjAx
LDU2Nyw1NjcsMTU3LDYzMSwwLDM0OC45LDIwLjUzLDg5OSo2NQ0KDQokVzVN
NUEsMTIwMjA5LDAzMDAwNSw2NjBkMDAyODQ0OWNlMjQ2LDMsKjFCDQoNCg==

--SBD.Boundary.605592468
PROCESS /noc/users/iridburst/exec/irid_300224010734970_upd.pl
Last Run  ----1970-01-01 00:00:00 
MONTH  5 
DATA  xxrecord 2012-02-09 03:00:05 :: $W5M5A,120209,030005,660d0028449ce246,1,DAS 2,,,1.9,317,3.0,-41.1,17.2,32.5,0.6,17.6,32.0,0.7,1040.0,,,,,*4F
 
INSERT
STATION sbdservice
IRID_ID 300224010734970
BODY 
Content-Type: application/x-zip-compressed; name="SBMmessage.sbd"
Content-Disposition: attachment; filename="300224010734970_002193.sbd"
Content-Transfer-Encoding: base64

JFc1TTVBLDEyMDIwOSwwNDAwMDUsNjYwZDAwMjg0NDljZTI0NiwxLERBUyAy
LDUwNTMuNTQ2N04sMTIzLjcwNTlXLDEuOCwzMTYsMy4wLC00MS4xLDE3LjEs
MzIuMiwwLjMsMTcuNSwzMS43LDAuNSwxMDM5LjgsLCwsLCo2Qg0KDQokVzVN
NUEsMTIwMjA5LDA0MDAwNSw2NjBkMDAyODQ0OWNlMjQ2LDIsREFTIDIsMTMu
MSwxMy4yLDAuMiwwLjQsMC4wMSw1NjcsNTY3LDE1Nyw2MzEsMCwzNDguOSwy
MC41Myw4OTcqNkMNCg0KJFc1TTVBLDEyMDIwOSwwNDAwMDUsNjYwZDAwMjg0
NDljZTI0NiwzLCoxQw0KDQokVzVNNUEsMTIwMjA5LDA1MDAwNSw2NjBkMDAy
ODQ0OWNlMjQ2LDEsREFTIDIsLCwxLjgsMzE2LDMuMCwtNDEuMSwxNi45LDMx
LjgsMC4xLDE3LjQsMzEuMiwwLjIsMTAzOS40LCwsLCwqNDYNCg0KJFc1TTVB
LDEyMDIwOSwwNTAwMDUsNjYwZDAwMjg0NDljZTI0NiwyLERBUyAyLDEzLjEs
MTMuMiwwLjIsMC40LDAuMDEsNTY3LDU2NywxNTcsNjMxLDAsMzQ4LjksMjAu
NTMsODk0KjZFDQoNCiRXNU01QSwxMjAyMDksMDUwMDA1LDY2MGQwMDI4NDQ5
Y2UyNDYsMywqMUQNCg0KJFc1TTVBLDEyMDIwOSwwNjAwMDUsNjYwZDAwMjg0
NDljZTI0NiwxLERBUyAyLDUwNTMuNTQ1NE4sMTIzLjcwNDlXLDEuOCwzMTcs
My4xLC00MS4xLDE2LjgsMzEuNCwtMC4yLDE3LjMsMzAuOCwtMC4xLDEwMzku
MywsLCwsKjYzDQoNCiRXNU01QSwxMjAyMDksMDYwMDA1LDY2MGQwMDI4NDQ5
Y2UyNDYsMixEQVMgMiwxMy4wLDEzLjEsMC4yLDAuNCwwLjAxLDU2Nyw1Njcs
MTU3LDYzMSwwLDM0OC45LDIwLjE0LDg5Nyo2Rg0KDQokVzVNNUEsMTIwMjA5
LDA2MDAwNSw2NjBkMDAyODQ0OWNlMjQ2LDMsKjFFDQoNCg==

--SBD.Boundary.605592468
PROCESS /noc/users/iridburst/exec/irid_300224010734970_upd.pl
Last Run  ----1970-01-01 00:00:00 
MONTH  5 
DATA  xxrecord 2012-02-09 04:00:05 :: $W5M5A,120209,040005,660d0028449ce246,1,DAS 2,5053.5467N,123.7059W,1.8,316,3.0,-41.1,17.1,32.2,0.3,17.5,31.7,0.5,1039.8,,,,,*6B
 
INSERT
DATA  xxrecord 2012-02-09 05:00:05 :: $W5M5A,120209,050005,660d0028449ce246,1,DAS 2,,,1.8,316,3.0,-41.1,16.9,31.8,0.1,17.4,31.2,0.2,1039.4,,,,,*46
 
INSERT
DATA  xxrecord 2012-02-09 06:00:05 :: $W5M5A,120209,060005,660d0028449ce246,1,DAS 2,5053.5454N,123.7049W,1.8,317,3.1,-41.1,16.8,31.4,-0.2,17.3,30.8,-0.1,1039.3,,,,,*63
 
INSERT
STATION sbdservice
IRID_ID 300224010734970
BODY 
Content-Type: application/x-zip-compressed; name="SBMmessage.sbd"
Content-Disposition: attachment; filename="300224010734970_002194.sbd"
Content-Transfer-Encoding: base64

JFc1TTVBLDEyMDIwOSwwNzAwMDUsNjYwZDAwMjg0NDljZTI0NiwxLERBUyAy
LCwsMi4xLDMxNiwzLjMsLTQxLjEsMTguMiwyOS44LDAuMywxOS4wLDI5LjAs
MC42LDEwMzkuMSwsLCwsKjQzDQoNCiRXNU01QSwxMjAyMDksMDcwMDA1LDY2
MGQwMDI4NDQ5Y2UyNDYsMixEQVMgMiwxMy4xLDEzLjIsMC4yLDAuNSwwLjAw
LDU2Nyw1NjcsMTU3LDYzMSwwLDM0OC43LDIyLjA5LDg5OSo2Mg0KDQokVzVN
NUEsMTIwMjA5LDA3MDAwNSw2NjBkMDAyODQ0OWNlMjQ2LDMsKjFGDQoNCg==

--SBD.Boundary.605592468
PROCESS /noc/users/iridburst/exec/irid_300224010734970_upd.pl
Last Run  ----1970-01-01 00:00:00 
MONTH  5 
DATA  xxrecord 2012-02-09 07:00:05 :: $W5M5A,120209,070005,660d0028449ce246,1,DAS 2,,,2.1,316,3.3,-41.1,18.2,29.8,0.3,19.0,29.0,0.6,1039.1,,,,,*43
 
INSERT
STATION sbdservice
IRID_ID 300224010734970
BODY 
Content-Type: application/x-zip-compressed; name="SBMmessage.sbd"
Content-Disposition: attachment; filename="300224010734970_002195.sbd"
Content-Transfer-Encoding: base64

JFc1TTVBLDEyMDIwOSwwODAwMDUsNjYwZDAwMjg0NDljZTI0NiwxLERBUyAy
LDUwNTMuNTQ4NU4sMTIzLjcwNDRXLDEuOCwzMTcsMy42LC00MS4xLDE4Ljks
MzMuNiwyLjUsMjAuMSwzMC45LDIuNCwxMDM5LjcsLCwsLCo2NQ0KDQokVzVN
NUEsMTIwMjA5LDA4MDAwNSw2NjBkMDAyODQ0OWNlMjQ2LDIsREFTIDIsMTMu
MSwxMy4yLDAuMiwwLjQsMC4wMCw1NjcsNTY3LDE1Nyw2MzEsMCwzNDguNywy
Mi40OCw4OTgqNjgNCg0KJFc1TTVBLDEyMDIwOSwwODAwMDUsNjYwZDAwMjg0
NDljZTI0NiwzLCoxMA0KDQo=

--SBD.Boundary.605592468
PROCESS /noc/users/iridburst/exec/irid_300224010734970_upd.pl
Last Run  ----1970-01-01 00:00:00 
MONTH  5 
DATA  xxrecord 2012-02-09 08:00:05 :: $W5M5A,120209,080005,660d0028449ce246,1,DAS 2,5053.5485N,123.7044W,1.8,317,3.6,-41.1,18.9,33.6,2.5,20.1,30.9,2.4,1039.7,,,,,*65
 
INSERT
STATION sbdservice
IRID_ID 300224010734970
BODY --

From sbdservice@sbd.iridium.com Thu Feb 9 10:04:25 2012
Return-Path: <sbdservice@sbd.iridium.com>
Received: from istbsp01.sbd.iridium.com (outbound.sbd.iridium.com [12.47.179.11])
	by mercury.noc.soton.ac.uk (8.13.1/8.12.11) with ESMTP id q19B4Jpv017762
	for <iridburst@noc.soton.ac.uk>; Thu, 9 Feb 2012 11:04:20 GMT
Reply-To: <sbdservice@sbd.iridium.com>
From: sbdservice@sbd.iridium.com
To: iridburst@noc.soton.ac.uk
Subject: SBD Msg From Unit: 300224010734970
MIME-Version: 1.0
Content-Type: multipart/mixed;boundary="SBD.Boundary.605592468"
Message-Id: <19740412024625.A5295EDA733F0449@istbsp01.sbd.iridium.com>
Date: Thu,  9 Feb 2012 11:04:19 +0000 (GMT)
X-NOCS-MailScanner-Information: Please contact the ISP for more information
X-NOCS-MailScanner-ID: q19B4Jpv017762
X-NOCS-MailScanner: Found to be clean
X-NOCS-MailScanner-SpamCheck: not spam (whitelisted),
	SpamAssassin (not cached, score=-2.599, required 5,
	autolearn=not spam, BAYES_00 -2.60)
X-NOCS-MailScanner-From: sbdservice@sbd.iridium.com
X-Spam-Status: No

SBM Message
--SBD.Boundary.605592468
PROCESS /noc/users/iridburst/exec/irid_300224010734970_upd.pl
Last Run  ----1970-01-01 00:00:00 
MONTH  5 
DATA  xxrecord 2012-02-09 08:00:05 :: $W5M5A,120209,080005,660d0028449ce246,1,DAS 2,5053.5485N,123.7044W,1.8,317,3.6,-41.1,18.9,33.6,2.5,20.1,30.9,2.4,1039.7,,,,,*65
 
STATION sbdservice
IRID_ID 300224010734970
BODY --

From sbdservice@sbd.iridium.com Thu Feb 9 11:01:47 2012
Return-Path: <sbdservice@sbd.iridium.com>
Received: from istbsp02.sbd.iridium.com (outbound.sbd.iridium.com [12.47.179.11])
	by mercury.noc.soton.ac.uk (8.13.1/8.12.11) with ESMTP id q19C1g99030250
	for <iridburst@noc.soton.ac.uk>; Thu, 9 Feb 2012 12:01:42 GMT
Reply-To: <sbdservice@sbd.iridium.com>
From: sbdservice@sbd.iridium.com
To: iridburst@noc.soton.ac.uk
Subject: SBD Msg From Unit: 300224010734970
MIME-Version: 1.0
Content-Type: multipart/mixed;boundary="SBD.Boundary.605592468"
Message-Id: <19740412024625.81F26EE83B433A20@istbsp02.sbd.iridium.com>
Date: Thu,  9 Feb 2012 12:01:41 +0000 (GMT)
X-NOCS-MailScanner-Information: Please contact the ISP for more information
X-NOCS-MailScanner-ID: q19C1g99030250
X-NOCS-MailScanner: Found to be clean
X-NOCS-MailScanner-SpamCheck: not spam (whitelisted),
	SpamAssassin (not cached, score=-2.599, required 5,
	autolearn=not spam, BAYES_00 -2.60)
X-NOCS-MailScanner-From: sbdservice@sbd.iridium.com
X-Spam-Status: No

SBM Message
--SBD.Boundary.605592468
PROCESS /noc/users/iridburst/exec/irid_300224010734970_upd.pl
Last Run  ----1970-01-01 00:00:00 
MONTH  5 
DATA  xxrecord 2012-02-09 08:00:05 :: $W5M5A,120209,080005,660d0028449ce246,1,DAS 2,5053.5485N,123.7044W,1.8,317,3.6,-41.1,18.9,33.6,2.5,20.1,30.9,2.4,1039.7,,,,,*65
 
STATION sbdservice
IRID_ID 300224010734970
BODY --

From sbdservice@sbd.iridium.com Thu Feb 9 12:01:23 2012
Return-Path: <sbdservice@sbd.iridium.com>
Received: from istbsp02.sbd.iridium.com (outbound.sbd.iridium.com [12.47.179.11])
	by mercury.noc.soton.ac.uk (8.13.1/8.12.11) with ESMTP id q19D1GRF012045
	for <iridburst@noc.soton.ac.uk>; Thu, 9 Feb 2012 13:01:16 GMT
Reply-To: <sbdservice@sbd.iridium.com>
From: sbdservice@sbd.iridium.com
To: iridburst@noc.soton.ac.uk
Subject: SBD Msg From Unit: 300224010734970
MIME-Version: 1.0
Content-Type: multipart/mixed;boundary="SBD.Boundary.605592468"
Message-Id: <19740412024625.3A925CFB7B6322D2@istbsp02.sbd.iridium.com>
Date: Thu,  9 Feb 2012 13:01:15 +0000 (GMT)
X-NOCS-MailScanner-Information: Please contact the ISP for more information
X-NOCS-MailScanner-ID: q19D1GRF012045
X-NOCS-MailScanner: Found to be clean
X-NOCS-MailScanner-SpamCheck: not spam (whitelisted),
	SpamAssassin (not cached, score=-2.599, required 5,
	autolearn=not spam, BAYES_00 -2.60)
X-NOCS-MailScanner-From: sbdservice@sbd.iridium.com
X-Spam-Status: No

SBM Message
--SBD.Boundary.605592468
PROCESS /noc/users/iridburst/exec/irid_300224010734970_upd.pl
Last Run  ----1970-01-01 00:00:00 
MONTH  5 
DATA  xxrecord 2012-02-09 08:00:05 :: $W5M5A,120209,080005,660d0028449ce246,1,DAS 2,5053.5485N,123.7044W,1.8,317,3.6,-41.1,18.9,33.6,2.5,20.1,30.9,2.4,1039.7,,,,,*65
 
STATION sbdservice
IRID_ID 300224010734970
BODY --

From sbdservice@sbd.iridium.com Thu Feb 9 14:01:12 2012
Return-Path: <sbdservice@sbd.iridium.com>
Received: from istbsp01.sbd.iridium.com (outbound.sbd.iridium.com [12.47.179.11])
	by mercury.noc.soton.ac.uk (8.13.1/8.12.11) with ESMTP id q19F16Fu002827
	for <iridburst@noc.soton.ac.uk>; Thu, 9 Feb 2012 15:01:06 GMT
Reply-To: <sbdservice@sbd.iridium.com>
From: sbdservice@sbd.iridium.com
To: iridburst@noc.soton.ac.uk
Subject: SBD Msg From Unit: 300224010734970
MIME-Version: 1.0
Content-Type: multipart/mixed;boundary="SBD.Boundary.605592468"
Message-Id: <19740412024625.92786DEAFB1FCC62@istbsp01.sbd.iridium.com>
Date: Thu,  9 Feb 2012 15:01:06 +0000 (GMT)
X-NOCS-MailScanner-Information: Please contact the ISP for more information
X-NOCS-MailScanner-ID: q19F16Fu002827
X-NOCS-MailScanner: Found to be clean
X-NOCS-MailScanner-SpamCheck: not spam (whitelisted),
	SpamAssassin (not cached, score=-2.599, required 5,
	autolearn=not spam, BAYES_00 -2.60)
X-NOCS-MailScanner-From: sbdservice@sbd.iridium.com
X-Spam-Status: No

SBM Message
--SBD.Boundary.605592468
PROCESS /noc/users/iridburst/exec/irid_300224010734970_upd.pl
Last Run  ----1970-01-01 00:00:00 
MONTH  5 
DATA  xxrecord 2012-02-09 08:00:05 :: $W5M5A,120209,080005,660d0028449ce246,1,DAS 2,5053.5485N,123.7044W,1.8,317,3.6,-41.1,18.9,33.6,2.5,20.1,30.9,2.4,1039.7,,,,,*65
 
STATION sbdservice
IRID_ID 300224010734970
BODY --

From sbdservice@sbd.iridium.com Thu Feb 9 15:00:59 2012
Return-Path: <sbdservice@sbd.iridium.com>
Received: from istbsp01.sbd.iridium.com (outbound.sbd.iridium.com [12.47.179.11])
	by mercury.noc.soton.ac.uk (8.13.1/8.12.11) with ESMTP id q19G0r5S014738
	for <iridburst@noc.soton.ac.uk>; Thu, 9 Feb 2012 16:00:54 GMT
Reply-To: <sbdservice@sbd.iridium.com>
From: sbdservice@sbd.iridium.com
To: iridburst@noc.soton.ac.uk
Subject: SBD Msg From Unit: 300224010734970
MIME-Version: 1.0
Content-Type: multipart/mixed;boundary="SBD.Boundary.605592468"
Message-Id: <19740412024625.9BC04DD97B2E163A@istbsp01.sbd.iridium.com>
Date: Thu,  9 Feb 2012 16:00:53 +0000 (GMT)
X-NOCS-MailScanner-Information: Please contact the ISP for more information
X-NOCS-MailScanner-ID: q19G0r5S014738
X-NOCS-MailScanner: Found to be clean
X-NOCS-MailScanner-SpamCheck: not spam (whitelisted),
	SpamAssassin (not cached, score=-2.599, required 5,
	autolearn=not spam, BAYES_00 -2.60)
X-NOCS-MailScanner-From: sbdservice@sbd.iridium.com
X-Spam-Status: No

SBM Message
--SBD.Boundary.605592468
PROCESS /noc/users/iridburst/exec/irid_300224010734970_upd.pl
Last Run  ----1970-01-01 00:00:00 
MONTH  5 
DATA  xxrecord 2012-02-09 08:00:05 :: $W5M5A,120209,080005,660d0028449ce246,1,DAS 2,5053.5485N,123.7044W,1.8,317,3.6,-41.1,18.9,33.6,2.5,20.1,30.9,2.4,1039.7,,,,,*65
 
STATION sbdservice
IRID_ID 300224010734970
BODY --

From sbdservice@sbd.iridium.com Thu Feb 9 16:00:34 2012
Return-Path: <sbdservice@sbd.iridium.com>
Received: from istbsp01.sbd.iridium.com (outbound.sbd.iridium.com [12.47.179.11])
	by mercury.noc.soton.ac.uk (8.13.1/8.12.11) with ESMTP id q19H0QH9026072
	for <iridburst@noc.soton.ac.uk>; Thu, 9 Feb 2012 17:00:27 GMT
Reply-To: <sbdservice@sbd.iridium.com>
From: sbdservice@sbd.iridium.com
To: iridburst@noc.soton.ac.uk
Subject: SBD Msg From Unit: 300224010734970
MIME-Version: 1.0
Content-Type: multipart/mixed;boundary="SBD.Boundary.605592468"
Message-Id: <19740412024625.68A76EDBB72E0A39@istbsp01.sbd.iridium.com>
Date: Thu,  9 Feb 2012 17:00:26 +0000 (GMT)
X-NOCS-MailScanner-Information: Please contact the ISP for more information
X-NOCS-MailScanner-ID: q19H0QH9026072
X-NOCS-MailScanner: Found to be clean
X-NOCS-MailScanner-SpamCheck: not spam (whitelisted),
	SpamAssassin (not cached, score=-2.599, required 5,
	autolearn=not spam, BAYES_00 -2.60)
X-NOCS-MailScanner-From: sbdservice@sbd.iridium.com
X-Spam-Status: No

SBM Message
--SBD.Boundary.605592468
PROCESS /noc/users/iridburst/exec/irid_300224010734970_upd.pl
Last Run  ----1970-01-01 00:00:00 
MONTH  5 
DATA  xxrecord 2012-02-09 08:00:05 :: $W5M5A,120209,080005,660d0028449ce246,1,DAS 2,5053.5485N,123.7044W,1.8,317,3.6,-41.1,18.9,33.6,2.5,20.1,30.9,2.4,1039.7,,,,,*65
 
STATION sbdservice
IRID_ID 300224010734970
BODY --

From sbdservice@sbd.iridium.com Thu Feb 9 18:00:36 2012
Return-Path: <sbdservice@sbd.iridium.com>
Received: from istbsp02.sbd.iridium.com (outbound.sbd.iridium.com [12.47.179.11])
	by mercury.noc.soton.ac.uk (8.13.1/8.12.11) with ESMTP id q19J0Vfq014259
	for <iridburst@noc.soton.ac.uk>; Thu, 9 Feb 2012 19:00:31 GMT
Reply-To: <sbdservice@sbd.iridium.com>
From: sbdservice@sbd.iridium.com
To: iridburst@noc.soton.ac.uk
Subject: SBD Msg From Unit: 300224010734970
MIME-Version: 1.0
Content-Type: multipart/mixed;boundary="SBD.Boundary.605592468"
Message-Id: <19740412024625.1BD57FE8FB73C0F0@istbsp02.sbd.iridium.com>
Date: Thu,  9 Feb 2012 19:00:30 +0000 (GMT)
X-NOCS-MailScanner-Information: Please contact the ISP for more information
X-NOCS-MailScanner-ID: q19J0Vfq014259
X-NOCS-MailScanner: Found to be clean
X-NOCS-MailScanner-SpamCheck: not spam (whitelisted),
	SpamAssassin (not cached, score=-2.599, required 5,
	autolearn=not spam, BAYES_00 -2.60)
X-NOCS-MailScanner-From: sbdservice@sbd.iridium.com
X-Spam-Status: No

SBM Message
--SBD.Boundary.605592468
PROCESS /noc/users/iridburst/exec/irid_300224010734970_upd.pl
Last Run  ----1970-01-01 00:00:00 
MONTH  5 
DATA  xxrecord 2012-02-09 08:00:05 :: $W5M5A,120209,080005,660d0028449ce246,1,DAS 2,5053.5485N,123.7044W,1.8,317,3.6,-41.1,18.9,33.6,2.5,20.1,30.9,2.4,1039.7,,,,,*65
 
STATION sbdservice
IRID_ID 300224010734970
BODY --

From sbdservice@sbd.iridium.com Thu Feb 9 19:00:42 2012
Return-Path: <sbdservice@sbd.iridium.com>
Received: from istbsp01.sbd.iridium.com (outbound.sbd.iridium.com [12.47.179.11])
	by mercury.noc.soton.ac.uk (8.13.1/8.12.11) with ESMTP id q19K0ZSS022246
	for <iridburst@noc.soton.ac.uk>; Thu, 9 Feb 2012 20:00:35 GMT
Reply-To: <sbdservice@sbd.iridium.com>
From: sbdservice@sbd.iridium.com
To: iridburst@noc.soton.ac.uk
Subject: SBD Msg From Unit: 300224010734970
MIME-Version: 1.0
Content-Type: multipart/mixed;boundary="SBD.Boundary.605592468"
Message-Id: <19740412024625.DE9D5CDB3F0E628E@istbsp01.sbd.iridium.com>
Date: Thu,  9 Feb 2012 20:00:34 +0000 (GMT)
X-NOCS-MailScanner-Information: Please contact the ISP for more information
X-NOCS-MailScanner-ID: q19K0ZSS022246
X-NOCS-MailScanner: Found to be clean
X-NOCS-MailScanner-SpamCheck: not spam (whitelisted),
	SpamAssassin (not cached, score=-2.599, required 5,
	autolearn=not spam, BAYES_00 -2.60)
X-NOCS-MailScanner-From: sbdservice@sbd.iridium.com
X-Spam-Status: No

SBM Message
--SBD.Boundary.605592468
PROCESS /noc/users/iridburst/exec/irid_300224010734970_upd.pl
Last Run  ----1970-01-01 00:00:00 
MONTH  5 
DATA  xxrecord 2012-02-09 08:00:05 :: $W5M5A,120209,080005,660d0028449ce246,1,DAS 2,5053.5485N,123.7044W,1.8,317,3.6,-41.1,18.9,33.6,2.5,20.1,30.9,2.4,1039.7,,,,,*65
 
STATION sbdservice
IRID_ID 300224010734970
BODY --

From sbdservice@sbd.iridium.com Thu Feb 9 20:04:05 2012
Return-Path: <sbdservice@sbd.iridium.com>
Received: from istbsp01.sbd.iridium.com (outbound.sbd.iridium.com [12.47.179.11])
	by mercury.noc.soton.ac.uk (8.13.1/8.12.11) with ESMTP id q19L41db030588
	for <iridburst@noc.soton.ac.uk>; Thu, 9 Feb 2012 21:04:01 GMT
Reply-To: <sbdservice@sbd.iridium.com>
From: sbdservice@sbd.iridium.com
To: iridburst@noc.soton.ac.uk
Subject: SBD Msg From Unit: 300224010734970
MIME-Version: 1.0
Content-Type: multipart/mixed;boundary="SBD.Boundary.605592468"
Message-Id: <19740412024625.5EC77CEA770EF680@istbsp01.sbd.iridium.com>
Date: Thu,  9 Feb 2012 21:04:00 +0000 (GMT)
X-NOCS-MailScanner-Information: Please contact the ISP for more information
X-NOCS-MailScanner-ID: q19L41db030588
X-NOCS-MailScanner: Found to be clean
X-NOCS-MailScanner-SpamCheck: not spam (whitelisted),
	SpamAssassin (not cached, score=-2.599, required 5,
	autolearn=not spam, BAYES_00 -2.60)
X-NOCS-MailScanner-From: sbdservice@sbd.iridium.com
X-Spam-Status: No

SBM Message
--SBD.Boundary.605592468
PROCESS /noc/users/iridburst/exec/irid_300224010734970_upd.pl
Last Run  ----1970-01-01 00:00:00 
MONTH  5 
DATA  xxrecord 2012-02-09 08:00:05 :: $W5M5A,120209,080005,660d0028449ce246,1,DAS 2,5053.5485N,123.7044W,1.8,317,3.6,-41.1,18.9,33.6,2.5,20.1,30.9,2.4,1039.7,,,,,*65
 
STATION sbdservice
IRID_ID 300224010734970
BODY --

From sbdservice@sbd.iridium.com Thu Feb 9 21:04:34 2012
Return-Path: <sbdservice@sbd.iridium.com>
Received: from istbsp02.sbd.iridium.com (outbound.sbd.iridium.com [12.47.179.11])
	by mercury.noc.soton.ac.uk (8.13.1/8.12.11) with ESMTP id q19M4SZE005535
	for <iridburst@noc.soton.ac.uk>; Thu, 9 Feb 2012 22:04:29 GMT
Reply-To: <sbdservice@sbd.iridium.com>
From: sbdservice@sbd.iridium.com
To: iridburst@noc.soton.ac.uk
Subject: SBD Msg From Unit: 300224010734970
MIME-Version: 1.0
Content-Type: multipart/mixed;boundary="SBD.Boundary.605592468"
Message-Id: <19740412024625.98054CFBB371E6F6@istbsp02.sbd.iridium.com>
Date: Thu,  9 Feb 2012 22:04:28 +0000 (GMT)
X-NOCS-MailScanner-Information: Please contact the ISP for more information
X-NOCS-MailScanner-ID: q19M4SZE005535
X-NOCS-MailScanner: Found to be clean
X-NOCS-MailScanner-SpamCheck: not spam (whitelisted),
	SpamAssassin (not cached, score=-2.599, required 5,
	autolearn=not spam, BAYES_00 -2.60)
X-NOCS-MailScanner-From: sbdservice@sbd.iridium.com
X-Spam-Status: No

SBM Message
--SBD.Boundary.605592468
PROCESS /noc/users/iridburst/exec/irid_300224010734970_upd.pl
Last Run  ----1970-01-01 00:00:00 
MONTH  5 
DATA  xxrecord 2012-02-09 08:00:05 :: $W5M5A,120209,080005,660d0028449ce246,1,DAS 2,5053.5485N,123.7044W,1.8,317,3.6,-41.1,18.9,33.6,2.5,20.1,30.9,2.4,1039.7,,,,,*65
 
STATION sbdservice
IRID_ID 300224010734970
BODY --

From sbdservice@sbd.iridium.com Thu Feb 9 23:01:06 2012
Return-Path: <sbdservice@sbd.iridium.com>
Received: from istbsp01.sbd.iridium.com (outbound.sbd.iridium.com [12.47.179.11])
	by mercury.noc.soton.ac.uk (8.13.1/8.12.11) with ESMTP id q1A010Vi021160
	for <iridburst@noc.soton.ac.uk>; Fri, 10 Feb 2012 00:01:01 GMT
Reply-To: <sbdservice@sbd.iridium.com>
From: sbdservice@sbd.iridium.com
To: iridburst@noc.soton.ac.uk
Subject: SBD Msg From Unit: 300224010734970
MIME-Version: 1.0
Content-Type: multipart/mixed;boundary="SBD.Boundary.605592468"
Message-Id: <19740412024625.88976FCA7F0EEE61@istbsp01.sbd.iridium.com>
Date: Fri, 10 Feb 2012 00:01:00 +0000 (GMT)
X-NOCS-MailScanner-Information: Please contact the ISP for more information
X-NOCS-MailScanner-ID: q1A010Vi021160
X-NOCS-MailScanner: Found to be clean
X-NOCS-MailScanner-SpamCheck: not spam (whitelisted),
	SpamAssassin (not cached, score=-2.599, required 5,
	autolearn=not spam, BAYES_00 -2.60)
X-NOCS-MailScanner-From: sbdservice@sbd.iridium.com
X-Spam-Status: No

SBM Message
--SBD.Boundary.605592468
PROCESS /noc/users/iridburst/exec/irid_300224010734970_upd.pl
Last Run  ----1970-01-01 00:00:00 
MONTH  5 
DATA  xxrecord 2012-02-09 08:00:05 :: $W5M5A,120209,080005,660d0028449ce246,1,DAS 2,5053.5485N,123.7044W,1.8,317,3.6,-41.1,18.9,33.6,2.5,20.1,30.9,2.4,1039.7,,,,,*65
 
STATION sbdservice
IRID_ID 300224010734970
BODY --

From sbdservice@sbd.iridium.com Fri Feb 10 00:00:35 2012
Return-Path: <sbdservice@sbd.iridium.com>
Received: from istbsp01.sbd.iridium.com (outbound.sbd.iridium.com [12.47.179.11])
	by mercury.noc.soton.ac.uk (8.13.1/8.12.11) with ESMTP id q1A10UeQ029353
	for <iridburst@noc.soton.ac.uk>; Fri, 10 Feb 2012 01:00:30 GMT
Reply-To: <sbdservice@sbd.iridium.com>
From: sbdservice@sbd.iridium.com
To: iridburst@noc.soton.ac.uk
Subject: SBD Msg From Unit: 300224010734970
MIME-Version: 1.0
Content-Type: multipart/mixed;boundary="SBD.Boundary.605592468"
Message-Id: <19740412024625.DA304FE87B0D9E21@istbsp01.sbd.iridium.com>
Date: Fri, 10 Feb 2012 01:00:29 +0000 (GMT)
X-NOCS-MailScanner-Information: Please contact the ISP for more information
X-NOCS-MailScanner-ID: q1A10UeQ029353
X-NOCS-MailScanner: Found to be clean
X-NOCS-MailScanner-SpamCheck: not spam (whitelisted),
	SpamAssassin (not cached, score=-2.599, required 5,
	autolearn=not spam, BAYES_00 -2.60)
X-NOCS-MailScanner-From: sbdservice@sbd.iridium.com
X-Spam-Status: No

SBM Message
--SBD.Boundary.605592468
PROCESS /noc/users/iridburst/exec/irid_300224010734970_upd.pl
Last Run  ----1970-01-01 00:00:00 
MONTH  5 
DATA  xxrecord 2012-02-09 08:00:05 :: $W5M5A,120209,080005,660d0028449ce246,1,DAS 2,5053.5485N,123.7044W,1.8,317,3.6,-41.1,18.9,33.6,2.5,20.1,30.9,2.4,1039.7,,,,,*65
 
STATION sbdservice
IRID_ID 300224010734970
BODY --

From sbdservice@sbd.iridium.com Fri Feb 10 02:00:36 2012
Return-Path: <sbdservice@sbd.iridium.com>
Received: from istbsp02.sbd.iridium.com (outbound.sbd.iridium.com [12.47.179.11])
	by mercury.noc.soton.ac.uk (8.13.1/8.12.11) with ESMTP id q1A30Uft012544
	for <iridburst@noc.soton.ac.uk>; Fri, 10 Feb 2012 03:00:31 GMT
Reply-To: <sbdservice@sbd.iridium.com>
From: sbdservice@sbd.iridium.com
To: iridburst@noc.soton.ac.uk
Subject: SBD Msg From Unit: 300224010734970
MIME-Version: 1.0
Content-Type: multipart/mixed;boundary="SBD.Boundary.605592468"
Message-Id: <19740412024625.27735CE83373D9B7@istbsp02.sbd.iridium.com>
Date: Fri, 10 Feb 2012 03:00:30 +0000 (GMT)
X-NOCS-MailScanner-Information: Please contact the ISP for more information
X-NOCS-MailScanner-ID: q1A30Uft012544
X-NOCS-MailScanner: Found to be clean
X-NOCS-MailScanner-SpamCheck: not spam (whitelisted),
	SpamAssassin (not cached, score=-2.599, required 5,
	autolearn=not spam, BAYES_00 -2.60)
X-NOCS-MailScanner-From: sbdservice@sbd.iridium.com
X-Spam-Status: No

SBM Message
--SBD.Boundary.605592468
PROCESS /noc/users/iridburst/exec/irid_300224010734970_upd.pl
Last Run  ----1970-01-01 00:00:00 
MONTH  5 
DATA  xxrecord 2012-02-09 08:00:05 :: $W5M5A,120209,080005,660d0028449ce246,1,DAS 2,5053.5485N,123.7044W,1.8,317,3.6,-41.1,18.9,33.6,2.5,20.1,30.9,2.4,1039.7,,,,,*65
 
STATION sbdservice
IRID_ID 300224010734970
BODY --

From sbdservice@sbd.iridium.com Fri Feb 10 03:00:37 2012
Return-Path: <sbdservice@sbd.iridium.com>
Received: from istbsp01.sbd.iridium.com (outbound.sbd.iridium.com [12.47.179.11])
	by mercury.noc.soton.ac.uk (8.13.1/8.12.11) with ESMTP id q1A40TLt019625
	for <iridburst@noc.soton.ac.uk>; Fri, 10 Feb 2012 04:00:30 GMT
Reply-To: <sbdservice@sbd.iridium.com>
From: sbdservice@sbd.iridium.com
To: iridburst@noc.soton.ac.uk
Subject: SBD Msg From Unit: 300224010734970
MIME-Version: 1.0
Content-Type: multipart/mixed;boundary="SBD.Boundary.605592468"
Message-Id: <19740412024625.4EF87FF9B71C5865@istbsp01.sbd.iridium.com>
Date: Fri, 10 Feb 2012 04:00:28 +0000 (GMT)
X-NOCS-MailScanner-Information: Please contact the ISP for more information
X-NOCS-MailScanner-ID: q1A40TLt019625
X-NOCS-MailScanner: Found to be clean
X-NOCS-MailScanner-SpamCheck: not spam (whitelisted),
	SpamAssassin (not cached, score=-2.599, required 5,
	autolearn=not spam, BAYES_00 -2.60)
X-NOCS-MailScanner-From: sbdservice@sbd.iridium.com
X-Spam-Status: No

SBM Message
--SBD.Boundary.605592468
PROCESS /noc/users/iridburst/exec/irid_300224010734970_upd.pl
Last Run  ----1970-01-01 00:00:00 
MONTH  5 
DATA  xxrecord 2012-02-09 08:00:05 :: $W5M5A,120209,080005,660d0028449ce246,1,DAS 2,5053.5485N,123.7044W,1.8,317,3.6,-41.1,18.9,33.6,2.5,20.1,30.9,2.4,1039.7,,,,,*65
 
STATION sbdservice
IRID_ID 300224010734970
BODY --

From sbdservice@sbd.iridium.com Fri Feb 10 06:01:19 2012
Return-Path: <sbdservice@sbd.iridium.com>
Received: from istbsp02.sbd.iridium.com (outbound.sbd.iridium.com [12.47.179.11])
	by mercury.noc.soton.ac.uk (8.13.1/8.12.11) with ESMTP id q1A71Ecg012512
	for <iridburst@noc.soton.ac.uk>; Fri, 10 Feb 2012 07:01:15 GMT
Reply-To: <sbdservice@sbd.iridium.com>
From: sbdservice@sbd.iridium.com
To: iridburst@noc.soton.ac.uk
Subject: SBD Msg From Unit: 300224010734970
MIME-Version: 1.0
Content-Type: multipart/mixed;boundary="SBD.Boundary.605592468"
Message-Id: <19740412024625.7E175CC8BF729B7F@istbsp02.sbd.iridium.com>
Date: Fri, 10 Feb 2012 07:01:13 +0000 (GMT)
X-NOCS-MailScanner-Information: Please contact the ISP for more information
X-NOCS-MailScanner-ID: q1A71Ecg012512
X-NOCS-MailScanner: Found to be clean
X-NOCS-MailScanner-SpamCheck: not spam (whitelisted),
	SpamAssassin (not cached, score=-2.599, required 5,
	autolearn=not spam, BAYES_00 -2.60)
X-NOCS-MailScanner-From: sbdservice@sbd.iridium.com
X-Spam-Status: No

SBM Message
--SBD.Boundary.605592468
PROCESS /noc/users/iridburst/exec/irid_300224010734970_upd.pl
Last Run  ----1970-01-01 00:00:00 
MONTH  5 
DATA  xxrecord 2012-02-09 08:00:05 :: $W5M5A,120209,080005,660d0028449ce246,1,DAS 2,5053.5485N,123.7044W,1.8,317,3.6,-41.1,18.9,33.6,2.5,20.1,30.9,2.4,1039.7,,,,,*65
 
STATION sbdservice
IRID_ID 300224010734970
BODY --

From sbdservice@sbd.iridium.com Fri Feb 10 09:00:49 2012
Return-Path: <sbdservice@sbd.iridium.com>
Received: from istbsp01.sbd.iridium.com (outbound.sbd.iridium.com [12.47.179.11])
	by mercury.noc.soton.ac.uk (8.13.1/8.12.11) with ESMTP id q1AA0j6o013431
	for <iridburst@noc.soton.ac.uk>; Fri, 10 Feb 2012 10:00:45 GMT
Reply-To: <sbdservice@sbd.iridium.com>
From: sbdservice@sbd.iridium.com
To: iridburst@noc.soton.ac.uk
Subject: SBD Msg From Unit: 300224010734970
MIME-Version: 1.0
Content-Type: multipart/mixed;boundary="SBD.Boundary.605592468"
Message-Id: <19740412024625.25AD5DC83B2D0C28@istbsp01.sbd.iridium.com>
Date: Fri, 10 Feb 2012 10:00:44 +0000 (GMT)
X-NOCS-MailScanner-Information: Please contact the ISP for more information
X-NOCS-MailScanner-ID: q1AA0j6o013431
X-NOCS-MailScanner: Found to be clean
X-NOCS-MailScanner-SpamCheck: not spam (whitelisted),
	SpamAssassin (not cached, score=-2.599, required 5,
	autolearn=not spam, BAYES_00 -2.60)
X-NOCS-MailScanner-From: sbdservice@sbd.iridium.com
X-Spam-Status: No

SBM Message
--SBD.Boundary.605592468
PROCESS /noc/users/iridburst/exec/irid_300224010734970_upd.pl
Last Run  ----1970-01-01 00:00:00 
MONTH  5 
DATA  xxrecord 2012-02-09 08:00:05 :: $W5M5A,120209,080005,660d0028449ce246,1,DAS 2,5053.5485N,123.7044W,1.8,317,3.6,-41.1,18.9,33.6,2.5,20.1,30.9,2.4,1039.7,,,,,*65
 
STATION sbdservice
IRID_ID 300224010734970
BODY --

From sbdservice@sbd.iridium.com Fri Feb 10 10:00:34 2012
Return-Path: <sbdservice@sbd.iridium.com>
Received: from istbsp01.sbd.iridium.com (outbound.sbd.iridium.com [12.47.179.11])
	by mercury.noc.soton.ac.uk (8.13.1/8.12.11) with ESMTP id q1AB0UKC025077
	for <iridburst@noc.soton.ac.uk>; Fri, 10 Feb 2012 11:00:31 GMT
Reply-To: <sbdservice@sbd.iridium.com>
From: sbdservice@sbd.iridium.com
To: iridburst@noc.soton.ac.uk
Subject: SBD Msg From Unit: 300224010734970
MIME-Version: 1.0
Content-Type: multipart/mixed;boundary="SBD.Boundary.605592468"
Message-Id: <19740412024625.F8775CE8FB3DC242@istbsp01.sbd.iridium.com>
Date: Fri, 10 Feb 2012 11:00:28 +0000 (GMT)
X-NOCS-MailScanner-Information: Please contact the ISP for more information
X-NOCS-MailScanner-ID: q1AB0UKC025077
X-NOCS-MailScanner: Found to be clean
X-NOCS-MailScanner-SpamCheck: not spam (whitelisted),
	SpamAssassin (not cached, score=-2.599, required 5,
	autolearn=not spam, BAYES_00 -2.60)
X-NOCS-MailScanner-From: sbdservice@sbd.iridium.com
X-Spam-Status: No

SBM Message
--SBD.Boundary.605592468
PROCESS /noc/users/iridburst/exec/irid_300224010734970_upd.pl
Last Run  ----1970-01-01 00:00:00 
MONTH  5 
DATA  xxrecord 2012-02-09 08:00:05 :: $W5M5A,120209,080005,660d0028449ce246,1,DAS 2,5053.5485N,123.7044W,1.8,317,3.6,-41.1,18.9,33.6,2.5,20.1,30.9,2.4,1039.7,,,,,*65
 
STATION sbdservice
IRID_ID 300224010734970
BODY --

From sbdservice@sbd.iridium.com Fri Feb 10 12:01:02 2012
Return-Path: <sbdservice@sbd.iridium.com>
Received: from istbsp01.sbd.iridium.com (outbound.sbd.iridium.com [12.47.179.11])
	by mercury.noc.soton.ac.uk (8.13.1/8.12.11) with ESMTP id q1AD0tmg017145
	for <iridburst@noc.soton.ac.uk>; Fri, 10 Feb 2012 13:00:55 GMT
Reply-To: <sbdservice@sbd.iridium.com>
From: sbdservice@sbd.iridium.com
To: iridburst@noc.soton.ac.uk
Subject: SBD Msg From Unit: 300224010734970
MIME-Version: 1.0
Content-Type: multipart/mixed;boundary="SBD.Boundary.605592468"
Message-Id: <19740412024625.547A7DFA3B0E9007@istbsp01.sbd.iridium.com>
Date: Fri, 10 Feb 2012 13:00:54 +0000 (GMT)
X-NOCS-MailScanner-Information: Please contact the ISP for more information
X-NOCS-MailScanner-ID: q1AD0tmg017145
X-NOCS-MailScanner: Found to be clean
X-NOCS-MailScanner-SpamCheck: not spam (whitelisted),
	SpamAssassin (not cached, score=-2.599, required 5,
	autolearn=not spam, BAYES_00 -2.60)
X-NOCS-MailScanner-From: sbdservice@sbd.iridium.com
X-Spam-Status: No

SBM Message
--SBD.Boundary.605592468
PROCESS /noc/users/iridburst/exec/irid_300224010734970_upd.pl
Last Run  ----1970-01-01 00:00:00 
MONTH  5 
DATA  xxrecord 2012-02-09 08:00:05 :: $W5M5A,120209,080005,660d0028449ce246,1,DAS 2,5053.5485N,123.7044W,1.8,317,3.6,-41.1,18.9,33.6,2.5,20.1,30.9,2.4,1039.7,,,,,*65
 
STATION sbdservice
IRID_ID 300224010734970
BODY --

From sbdservice@sbd.iridium.com Fri Feb 10 13:01:08 2012
Return-Path: <sbdservice@sbd.iridium.com>
Received: from istbsp01.sbd.iridium.com (outbound.sbd.iridium.com [12.47.179.11])
	by mercury.noc.soton.ac.uk (8.13.1/8.12.11) with ESMTP id q1AE12ws029156
	for <iridburst@noc.soton.ac.uk>; Fri, 10 Feb 2012 14:01:02 GMT
Reply-To: <sbdservice@sbd.iridium.com>
From: sbdservice@sbd.iridium.com
To: iridburst@noc.soton.ac.uk
Subject: SBD Msg From Unit: 300224010734970
MIME-Version: 1.0
Content-Type: multipart/mixed;boundary="SBD.Boundary.605592468"
Message-Id: <19740412024625.83E36DCAF32F3EBF@istbsp01.sbd.iridium.com>
Date: Fri, 10 Feb 2012 14:01:01 +0000 (GMT)
X-NOCS-MailScanner-Information: Please contact the ISP for more information
X-NOCS-MailScanner-ID: q1AE12ws029156
X-NOCS-MailScanner: Found to be clean
X-NOCS-MailScanner-SpamCheck: not spam (whitelisted),
	SpamAssassin (not cached, score=-2.599, required 5,
	autolearn=not spam, BAYES_00 -2.60)
X-NOCS-MailScanner-From: sbdservice@sbd.iridium.com
X-Spam-Status: No

SBM Message
--SBD.Boundary.605592468
PROCESS /noc/users/iridburst/exec/irid_300224010734970_upd.pl
Last Run  ----1970-01-01 00:00:00 
MONTH  5 
DATA  xxrecord 2012-02-09 08:00:05 :: $W5M5A,120209,080005,660d0028449ce246,1,DAS 2,5053.5485N,123.7044W,1.8,317,3.6,-41.1,18.9,33.6,2.5,20.1,30.9,2.4,1039.7,,,,,*65
 
STATION sbdservice
IRID_ID 300224010734970
BODY --

From sbdservice@sbd.iridium.com Fri Feb 10 14:00:34 2012
Return-Path: <sbdservice@sbd.iridium.com>
Received: from istbsp02.sbd.iridium.com (outbound.sbd.iridium.com [12.47.179.11])
	by mercury.noc.soton.ac.uk (8.13.1/8.12.11) with ESMTP id q1AF0VCd008457
	for <iridburst@noc.soton.ac.uk>; Fri, 10 Feb 2012 15:00:31 GMT
Reply-To: <sbdservice@sbd.iridium.com>
From: sbdservice@sbd.iridium.com
To: iridburst@noc.soton.ac.uk
Subject: SBD Msg From Unit: 300224010734970
MIME-Version: 1.0
Content-Type: multipart/mixed;boundary="SBD.Boundary.605592468"
Message-Id: <19740412024625.2D417FEA77709348@istbsp02.sbd.iridium.com>
Date: Fri, 10 Feb 2012 15:00:29 +0000 (GMT)
X-NOCS-MailScanner-Information: Please contact the ISP for more information
X-NOCS-MailScanner-ID: q1AF0VCd008457
X-NOCS-MailScanner: Found to be clean
X-NOCS-MailScanner-SpamCheck: not spam (whitelisted),
	SpamAssassin (not cached, score=-2.599, required 5,
	autolearn=not spam, BAYES_00 -2.60)
X-NOCS-MailScanner-From: sbdservice@sbd.iridium.com
X-Spam-Status: No

SBM Message
--SBD.Boundary.605592468
PROCESS /noc/users/iridburst/exec/irid_300224010734970_upd.pl
Last Run  ----1970-01-01 00:00:00 
MONTH  5 
DATA  xxrecord 2012-02-09 08:00:05 :: $W5M5A,120209,080005,660d0028449ce246,1,DAS 2,5053.5485N,123.7044W,1.8,317,3.6,-41.1,18.9,33.6,2.5,20.1,30.9,2.4,1039.7,,,,,*65
 
STATION sbdservice
IRID_ID 300224010734970
BODY --

From sbdservice@sbd.iridium.com Fri Feb 10 15:01:09 2012
Return-Path: <sbdservice@sbd.iridium.com>
Received: from istbsp02.sbd.iridium.com (outbound.sbd.iridium.com [12.47.179.11])
	by mercury.noc.soton.ac.uk (8.13.1/8.12.11) with ESMTP id q1AG12N3020381
	for <iridburst@noc.soton.ac.uk>; Fri, 10 Feb 2012 16:01:03 GMT
Reply-To: <sbdservice@sbd.iridium.com>
From: sbdservice@sbd.iridium.com
To: iridburst@noc.soton.ac.uk
Subject: SBD Msg From Unit: 300224010734970
MIME-Version: 1.0
Content-Type: multipart/mixed;boundary="SBD.Boundary.605592468"
Message-Id: <19740412024625.F8DE4CE83B701F54@istbsp02.sbd.iridium.com>
Date: Fri, 10 Feb 2012 16:01:01 +0000 (GMT)
X-NOCS-MailScanner-Information: Please contact the ISP for more information
X-NOCS-MailScanner-ID: q1AG12N3020381
X-NOCS-MailScanner: Found to be clean
X-NOCS-MailScanner-SpamCheck: not spam (whitelisted),
	SpamAssassin (not cached, score=-2.599, required 5,
	autolearn=not spam, BAYES_00 -2.60)
X-NOCS-MailScanner-From: sbdservice@sbd.iridium.com
X-Spam-Status: No

SBM Message
--SBD.Boundary.605592468
PROCESS /noc/users/iridburst/exec/irid_300224010734970_upd.pl
Last Run  ----1970-01-01 00:00:00 
MONTH  5 
DATA  xxrecord 2012-02-09 08:00:05 :: $W5M5A,120209,080005,660d0028449ce246,1,DAS 2,5053.5485N,123.7044W,1.8,317,3.6,-41.1,18.9,33.6,2.5,20.1,30.9,2.4,1039.7,,,,,*65
 
STATION sbdservice
IRID_ID 300224010734970
BODY --

From sbdservice@sbd.iridium.com Fri Feb 10 16:00:37 2012
Return-Path: <sbdservice@sbd.iridium.com>
Received: from istbsp02.sbd.iridium.com (outbound.sbd.iridium.com [12.47.179.11])
	by mercury.noc.soton.ac.uk (8.13.1/8.12.11) with ESMTP id q1AH0X6B030749
	for <iridburst@noc.soton.ac.uk>; Fri, 10 Feb 2012 17:00:33 GMT
Reply-To: <sbdservice@sbd.iridium.com>
From: sbdservice@sbd.iridium.com
To: iridburst@noc.soton.ac.uk
Subject: SBD Msg From Unit: 300224010734970
MIME-Version: 1.0
Content-Type: multipart/mixed;boundary="SBD.Boundary.605592468"
Message-Id: <19740412024625.2E935CC8F3423C7A@istbsp02.sbd.iridium.com>
Date: Fri, 10 Feb 2012 17:00:33 +0000 (GMT)
X-NOCS-MailScanner-Information: Please contact the ISP for more information
X-NOCS-MailScanner-ID: q1AH0X6B030749
X-NOCS-MailScanner: Found to be clean
X-NOCS-MailScanner-SpamCheck: not spam (whitelisted),
	SpamAssassin (not cached, score=-2.599, required 5,
	autolearn=not spam, BAYES_00 -2.60)
X-NOCS-MailScanner-From: sbdservice@sbd.iridium.com
X-Spam-Status: No

SBM Message
--SBD.Boundary.605592468
PROCESS /noc/users/iridburst/exec/irid_300224010734970_upd.pl
Last Run  ----1970-01-01 00:00:00 
MONTH  5 
DATA  xxrecord 2012-02-09 08:00:05 :: $W5M5A,120209,080005,660d0028449ce246,1,DAS 2,5053.5485N,123.7044W,1.8,317,3.6,-41.1,18.9,33.6,2.5,20.1,30.9,2.4,1039.7,,,,,*65
 
STATION sbdservice
IRID_ID 300224010734970
BODY --

From sbdservice@sbd.iridium.com Fri Feb 10 18:04:09 2012
Return-Path: <sbdservice@sbd.iridium.com>
Received: from istbsp01.sbd.iridium.com (outbound.sbd.iridium.com [12.47.179.11])
	by mercury.noc.soton.ac.uk (8.13.1/8.12.11) with ESMTP id q1AJ42v6016827
	for <iridburst@noc.soton.ac.uk>; Fri, 10 Feb 2012 19:04:03 GMT
Reply-To: <sbdservice@sbd.iridium.com>
From: sbdservice@sbd.iridium.com
To: iridburst@noc.soton.ac.uk
Subject: SBD Msg From Unit: 300224010734970
MIME-Version: 1.0
Content-Type: multipart/mixed;boundary="SBD.Boundary.605592468"
Message-Id: <19740412024625.23737CC97B1EB74A@istbsp01.sbd.iridium.com>
Date: Fri, 10 Feb 2012 19:04:01 +0000 (GMT)
X-NOCS-MailScanner-Information: Please contact the ISP for more information
X-NOCS-MailScanner-ID: q1AJ42v6016827
X-NOCS-MailScanner: Found to be clean
X-NOCS-MailScanner-SpamCheck: not spam (whitelisted),
	SpamAssassin (not cached, score=-2.599, required 5,
	autolearn=not spam, BAYES_00 -2.60)
X-NOCS-MailScanner-From: sbdservice@sbd.iridium.com
X-Spam-Status: No

SBM Message
--SBD.Boundary.605592468
PROCESS /noc/users/iridburst/exec/irid_300224010734970_upd.pl
Last Run  ----1970-01-01 00:00:00 
MONTH  5 
DATA  xxrecord 2012-02-09 08:00:05 :: $W5M5A,120209,080005,660d0028449ce246,1,DAS 2,5053.5485N,123.7044W,1.8,317,3.6,-41.1,18.9,33.6,2.5,20.1,30.9,2.4,1039.7,,,,,*65
 
STATION sbdservice
IRID_ID 300224010734970
BODY --

From sbdservice@sbd.iridium.com Fri Feb 10 19:00:44 2012
Return-Path: <sbdservice@sbd.iridium.com>
Received: from istbsp01.sbd.iridium.com (outbound.sbd.iridium.com [12.47.179.11])
	by mercury.noc.soton.ac.uk (8.13.1/8.12.11) with ESMTP id q1AK0cpA023564
	for <iridburst@noc.soton.ac.uk>; Fri, 10 Feb 2012 20:00:38 GMT
Reply-To: <sbdservice@sbd.iridium.com>
From: sbdservice@sbd.iridium.com
To: iridburst@noc.soton.ac.uk
Subject: SBD Msg From Unit: 300224010734970
MIME-Version: 1.0
Content-Type: multipart/mixed;boundary="SBD.Boundary.605592468"
Message-Id: <19740412024625.22275CCA3B0C9685@istbsp01.sbd.iridium.com>
Date: Fri, 10 Feb 2012 20:00:36 +0000 (GMT)
X-NOCS-MailScanner-Information: Please contact the ISP for more information
X-NOCS-MailScanner-ID: q1AK0cpA023564
X-NOCS-MailScanner: Found to be clean
X-NOCS-MailScanner-SpamCheck: not spam (whitelisted),
	SpamAssassin (not cached, score=-2.599, required 5,
	autolearn=not spam, BAYES_00 -2.60)
X-NOCS-MailScanner-From: sbdservice@sbd.iridium.com
X-Spam-Status: No

SBM Message
--SBD.Boundary.605592468
PROCESS /noc/users/iridburst/exec/irid_300224010734970_upd.pl
Last Run  ----1970-01-01 00:00:00 
MONTH  5 
DATA  xxrecord 2012-02-09 08:00:05 :: $W5M5A,120209,080005,660d0028449ce246,1,DAS 2,5053.5485N,123.7044W,1.8,317,3.6,-41.1,18.9,33.6,2.5,20.1,30.9,2.4,1039.7,,,,,*65
 
STATION sbdservice
IRID_ID 300224010734970
BODY --

From sbdservice@sbd.iridium.com Fri Feb 10 20:00:38 2012
Return-Path: <sbdservice@sbd.iridium.com>
Received: from istbsp01.sbd.iridium.com (outbound.sbd.iridium.com [12.47.179.11])
	by mercury.noc.soton.ac.uk (8.13.1/8.12.11) with ESMTP id q1AL0ZuD030302
	for <iridburst@noc.soton.ac.uk>; Fri, 10 Feb 2012 21:00:35 GMT
Reply-To: <sbdservice@sbd.iridium.com>
From: sbdservice@sbd.iridium.com
To: iridburst@noc.soton.ac.uk
Subject: SBD Msg From Unit: 300224010734970
MIME-Version: 1.0
Content-Type: multipart/mixed;boundary="SBD.Boundary.605592468"
Message-Id: <19740412024625.7D555EF8773D4A16@istbsp01.sbd.iridium.com>
Date: Fri, 10 Feb 2012 21:00:35 +0000 (GMT)
X-NOCS-MailScanner-Information: Please contact the ISP for more information
X-NOCS-MailScanner-ID: q1AL0ZuD030302
X-NOCS-MailScanner: Found to be clean
X-NOCS-MailScanner-SpamCheck: not spam (whitelisted),
	SpamAssassin (not cached, score=-2.599, required 5,
	autolearn=not spam, BAYES_00 -2.60)
X-NOCS-MailScanner-From: sbdservice@sbd.iridium.com
X-Spam-Status: No

SBM Message
--SBD.Boundary.605592468
PROCESS /noc/users/iridburst/exec/irid_300224010734970_upd.pl
Last Run  ----1970-01-01 00:00:00 
MONTH  5 
DATA  xxrecord 2012-02-09 08:00:05 :: $W5M5A,120209,080005,660d0028449ce246,1,DAS 2,5053.5485N,123.7044W,1.8,317,3.6,-41.1,18.9,33.6,2.5,20.1,30.9,2.4,1039.7,,,,,*65
 
STATION sbdservice
IRID_ID 300224010734970
BODY --

From sbdservice@sbd.iridium.com Fri Feb 10 22:00:40 2012
Return-Path: <sbdservice@sbd.iridium.com>
Received: from istbsp01.sbd.iridium.com (outbound.sbd.iridium.com [12.47.179.11])
	by mercury.noc.soton.ac.uk (8.13.1/8.12.11) with ESMTP id q1AN0ZQj010436
	for <iridburst@noc.soton.ac.uk>; Fri, 10 Feb 2012 23:00:36 GMT
Reply-To: <sbdservice@sbd.iridium.com>
From: sbdservice@sbd.iridium.com
To: iridburst@noc.soton.ac.uk
Subject: SBD Msg From Unit: 300224010734970
MIME-Version: 1.0
Content-Type: multipart/mixed;boundary="SBD.Boundary.605592468"
Message-Id: <19740412024625.A77B6DDAFB2F576B@istbsp01.sbd.iridium.com>
Date: Fri, 10 Feb 2012 23:00:34 +0000 (GMT)
X-NOCS-MailScanner-Information: Please contact the ISP for more information
X-NOCS-MailScanner-ID: q1AN0ZQj010436
X-NOCS-MailScanner: Found to be clean
X-NOCS-MailScanner-SpamCheck: not spam (whitelisted),
	SpamAssassin (not cached, score=-2.599, required 5,
	autolearn=not spam, BAYES_00 -2.60)
X-NOCS-MailScanner-From: sbdservice@sbd.iridium.com
X-Spam-Status: No

SBM Message
--SBD.Boundary.605592468
PROCESS /noc/users/iridburst/exec/irid_300224010734970_upd.pl
Last Run  ----1970-01-01 00:00:00 
MONTH  5 
DATA  xxrecord 2012-02-09 08:00:05 :: $W5M5A,120209,080005,660d0028449ce246,1,DAS 2,5053.5485N,123.7044W,1.8,317,3.6,-41.1,18.9,33.6,2.5,20.1,30.9,2.4,1039.7,,,,,*65
 
STATION sbdservice
IRID_ID 300224010734970
BODY --

From sbdservice@sbd.iridium.com Fri Feb 10 23:00:43 2012
Return-Path: <sbdservice@sbd.iridium.com>
Received: from istbsp02.sbd.iridium.com (outbound.sbd.iridium.com [12.47.179.11])
	by mercury.noc.soton.ac.uk (8.13.1/8.12.11) with ESMTP id q1B00U3N017199
	for <iridburst@noc.soton.ac.uk>; Sat, 11 Feb 2012 00:00:31 GMT
Reply-To: <sbdservice@sbd.iridium.com>
From: sbdservice@sbd.iridium.com
To: iridburst@noc.soton.ac.uk
Subject: SBD Msg From Unit: 300224010734970
MIME-Version: 1.0
Content-Type: multipart/mixed;boundary="SBD.Boundary.605592468"
Message-Id: <19740412024625.DEC06ED8FF51401F@istbsp02.sbd.iridium.com>
Date: Sat, 11 Feb 2012 00:00:29 +0000 (GMT)
X-NOCS-MailScanner-Information: Please contact the ISP for more information
X-NOCS-MailScanner-ID: q1B00U3N017199
X-NOCS-MailScanner: Found to be clean
X-NOCS-MailScanner-SpamCheck: not spam (whitelisted),
	SpamAssassin (not cached, score=-2.599, required 5,
	autolearn=not spam, BAYES_00 -2.60)
X-NOCS-MailScanner-From: sbdservice@sbd.iridium.com
X-Spam-Status: No

SBM Message
--SBD.Boundary.605592468
PROCESS /noc/users/iridburst/exec/irid_300224010734970_upd.pl
Last Run  ----1970-01-01 00:00:00 
MONTH  5 
DATA  xxrecord 2012-02-09 08:00:05 :: $W5M5A,120209,080005,660d0028449ce246,1,DAS 2,5053.5485N,123.7044W,1.8,317,3.6,-41.1,18.9,33.6,2.5,20.1,30.9,2.4,1039.7,,,,,*65
 
STATION sbdservice
IRID_ID 300224010734970
BODY --

From sbdservice@sbd.iridium.com Sat Feb 11 00:01:06 2012
Return-Path: <sbdservice@sbd.iridium.com>
Received: from istbsp01.sbd.iridium.com (outbound.sbd.iridium.com [12.47.179.11])
	by mercury.noc.soton.ac.uk (8.13.1/8.12.11) with ESMTP id q1B10uZO023867
	for <iridburst@noc.soton.ac.uk>; Sat, 11 Feb 2012 01:00:57 GMT
Reply-To: <sbdservice@sbd.iridium.com>
From: sbdservice@sbd.iridium.com
To: iridburst@noc.soton.ac.uk
Subject: SBD Msg From Unit: 300224010734970
MIME-Version: 1.0
Content-Type: multipart/mixed;boundary="SBD.Boundary.605592468"
Message-Id: <19740412024625.D0505ECBF70E919C@istbsp01.sbd.iridium.com>
Date: Sat, 11 Feb 2012 01:00:56 +0000 (GMT)
X-NOCS-MailScanner-Information: Please contact the ISP for more information
X-NOCS-MailScanner-ID: q1B10uZO023867
X-NOCS-MailScanner: Found to be clean
X-NOCS-MailScanner-SpamCheck: not spam (whitelisted),
	SpamAssassin (not cached, score=-2.599, required 5,
	autolearn=not spam, BAYES_00 -2.60)
X-NOCS-MailScanner-From: sbdservice@sbd.iridium.com
X-Spam-Status: No

SBM Message
--SBD.Boundary.605592468
PROCESS /noc/users/iridburst/exec/irid_300224010734970_upd.pl
Last Run  ----1970-01-01 00:00:00 
MONTH  5 
DATA  xxrecord 2012-02-09 08:00:05 :: $W5M5A,120209,080005,660d0028449ce246,1,DAS 2,5053.5485N,123.7044W,1.8,317,3.6,-41.1,18.9,33.6,2.5,20.1,30.9,2.4,1039.7,,,,,*65
 
STATION sbdservice
IRID_ID 300224010734970
BODY --

From sbdservice@sbd.iridium.com Sat Feb 11 01:00:39 2012
Return-Path: <sbdservice@sbd.iridium.com>
Received: from istbsp02.sbd.iridium.com (outbound.sbd.iridium.com [12.47.179.11])
	by mercury.noc.soton.ac.uk (8.13.1/8.12.11) with ESMTP id q1B20YKO029609
	for <iridburst@noc.soton.ac.uk>; Sat, 11 Feb 2012 02:00:34 GMT
Reply-To: <sbdservice@sbd.iridium.com>
From: sbdservice@sbd.iridium.com
To: iridburst@noc.soton.ac.uk
Subject: SBD Msg From Unit: 300224010734970
MIME-Version: 1.0
Content-Type: multipart/mixed;boundary="SBD.Boundary.605592468"
Message-Id: <19740412024625.18897FFBB352FC03@istbsp02.sbd.iridium.com>
Date: Sat, 11 Feb 2012 02:00:32 +0000 (GMT)
X-NOCS-MailScanner-Information: Please contact the ISP for more information
X-NOCS-MailScanner-ID: q1B20YKO029609
X-NOCS-MailScanner: Found to be clean
X-NOCS-MailScanner-SpamCheck: not spam (whitelisted),
	SpamAssassin (not cached, score=-2.599, required 5,
	autolearn=not spam, BAYES_00 -2.60)
X-NOCS-MailScanner-From: sbdservice@sbd.iridium.com
X-Spam-Status: No

SBM Message
--SBD.Boundary.605592468
PROCESS /noc/users/iridburst/exec/irid_300224010734970_upd.pl
Last Run  ----1970-01-01 00:00:00 
MONTH  5 
DATA  xxrecord 2012-02-09 08:00:05 :: $W5M5A,120209,080005,660d0028449ce246,1,DAS 2,5053.5485N,123.7044W,1.8,317,3.6,-41.1,18.9,33.6,2.5,20.1,30.9,2.4,1039.7,,,,,*65
 
STATION sbdservice
IRID_ID 300224010734970
BODY --

From sbdservice@sbd.iridium.com Sat Feb 11 01:03:58 2012
Return-Path: <sbdservice@sbd.iridium.com>
Received: from istbsp02.sbd.iridium.com (outbound.sbd.iridium.com [12.47.179.11])
	by mercury.noc.soton.ac.uk (8.13.1/8.12.11) with ESMTP id q1B23sgq030059
	for <iridburst@noc.soton.ac.uk>; Sat, 11 Feb 2012 02:03:54 GMT
Reply-To: <sbdservice@sbd.iridium.com>
From: sbdservice@sbd.iridium.com
To: iridburst@noc.soton.ac.uk
Subject: SBD Msg From Unit: 300224010734970
MIME-Version: 1.0
Content-Type: multipart/mixed;boundary="SBD.Boundary.605592468"
Message-Id: <19740412024625.86307CC973423363@istbsp02.sbd.iridium.com>
Date: Sat, 11 Feb 2012 02:03:53 +0000 (GMT)
X-NOCS-MailScanner-Information: Please contact the ISP for more information
X-NOCS-MailScanner-ID: q1B23sgq030059
X-NOCS-MailScanner: Found to be clean
X-NOCS-MailScanner-SpamCheck: not spam (whitelisted),
	SpamAssassin (not cached, score=-2.599, required 5,
	autolearn=not spam, BAYES_00 -2.60)
X-NOCS-MailScanner-From: sbdservice@sbd.iridium.com
X-Spam-Status: No

SBM Message
--SBD.Boundary.605592468
PROCESS /noc/users/iridburst/exec/irid_300224010734970_upd.pl
Last Run  ----1970-01-01 00:00:00 
MONTH  5 
DATA  xxrecord 2012-02-09 08:00:05 :: $W5M5A,120209,080005,660d0028449ce246,1,DAS 2,5053.5485N,123.7044W,1.8,317,3.6,-41.1,18.9,33.6,2.5,20.1,30.9,2.4,1039.7,,,,,*65
 
STATION sbdservice
IRID_ID 300224010734970
BODY --

From sbdservice@sbd.iridium.com Sat Feb 11 02:04:00 2012
Return-Path: <sbdservice@sbd.iridium.com>
Received: from istbsp01.sbd.iridium.com (outbound.sbd.iridium.com [12.47.179.11])
	by mercury.noc.soton.ac.uk (8.13.1/8.12.11) with ESMTP id q1B33ufD003468
	for <iridburst@noc.soton.ac.uk>; Sat, 11 Feb 2012 03:03:56 GMT
Reply-To: <sbdservice@sbd.iridium.com>
From: sbdservice@sbd.iridium.com
To: iridburst@noc.soton.ac.uk
Subject: SBD Msg From Unit: 300224010734970
MIME-Version: 1.0
Content-Type: multipart/mixed;boundary="SBD.Boundary.605592468"
Message-Id: <19740412024625.7D3B6EC97F3CF25B@istbsp01.sbd.iridium.com>
Date: Sat, 11 Feb 2012 03:03:55 +0000 (GMT)
X-NOCS-MailScanner-Information: Please contact the ISP for more information
X-NOCS-MailScanner-ID: q1B33ufD003468
X-NOCS-MailScanner: Found to be clean
X-NOCS-MailScanner-SpamCheck: not spam (whitelisted),
	SpamAssassin (not cached, score=-2.599, required 5,
	autolearn=not spam, BAYES_00 -2.60)
X-NOCS-MailScanner-From: sbdservice@sbd.iridium.com
X-Spam-Status: No

SBM Message
--SBD.Boundary.605592468
PROCESS /noc/users/iridburst/exec/irid_300224010734970_upd.pl
Last Run  ----1970-01-01 00:00:00 
MONTH  5 
DATA  xxrecord 2012-02-09 08:00:05 :: $W5M5A,120209,080005,660d0028449ce246,1,DAS 2,5053.5485N,123.7044W,1.8,317,3.6,-41.1,18.9,33.6,2.5,20.1,30.9,2.4,1039.7,,,,,*65
 
STATION sbdservice
IRID_ID 300224010734970
BODY --

From sbdservice@sbd.iridium.com Sat Feb 11 03:04:01 2012
Return-Path: <sbdservice@sbd.iridium.com>
Received: from istbsp01.sbd.iridium.com (outbound.sbd.iridium.com [12.47.179.11])
	by mercury.noc.soton.ac.uk (8.13.1/8.12.11) with ESMTP id q1B43wIo009994
	for <iridburst@noc.soton.ac.uk>; Sat, 11 Feb 2012 04:03:58 GMT
Reply-To: <sbdservice@sbd.iridium.com>
From: sbdservice@sbd.iridium.com
To: iridburst@noc.soton.ac.uk
Subject: SBD Msg From Unit: 300224010734970
MIME-Version: 1.0
Content-Type: multipart/mixed;boundary="SBD.Boundary.605592468"
Message-Id: <19740412024625.8F485DC8BB3FC910@istbsp01.sbd.iridium.com>
Date: Sat, 11 Feb 2012 04:03:56 +0000 (GMT)
X-NOCS-MailScanner-Information: Please contact the ISP for more information
X-NOCS-MailScanner-ID: q1B43wIo009994
X-NOCS-MailScanner: Found to be clean
X-NOCS-MailScanner-SpamCheck: not spam (whitelisted),
	SpamAssassin (not cached, score=-2.599, required 5,
	autolearn=not spam, BAYES_00 -2.60)
X-NOCS-MailScanner-From: sbdservice@sbd.iridium.com
X-Spam-Status: No

SBM Message
--SBD.Boundary.605592468
PROCESS /noc/users/iridburst/exec/irid_300224010734970_upd.pl
Last Run  ----1970-01-01 00:00:00 
MONTH  5 
DATA  xxrecord 2012-02-09 08:00:05 :: $W5M5A,120209,080005,660d0028449ce246,1,DAS 2,5053.5485N,123.7044W,1.8,317,3.6,-41.1,18.9,33.6,2.5,20.1,30.9,2.4,1039.7,,,,,*65
 
STATION sbdservice
IRID_ID 300224010734970
BODY --

From sbdservice@sbd.iridium.com Sat Feb 11 04:01:02 2012
Return-Path: <sbdservice@sbd.iridium.com>
Received: from istbsp01.sbd.iridium.com (outbound.sbd.iridium.com [12.47.179.11])
	by mercury.noc.soton.ac.uk (8.13.1/8.12.11) with ESMTP id q1B50uNt021963
	for <iridburst@noc.soton.ac.uk>; Sat, 11 Feb 2012 05:00:57 GMT
Reply-To: <sbdservice@sbd.iridium.com>
From: sbdservice@sbd.iridium.com
To: iridburst@noc.soton.ac.uk
Subject: SBD Msg From Unit: 300224010734970
MIME-Version: 1.0
Content-Type: multipart/mixed;boundary="SBD.Boundary.605592468"
Message-Id: <19740412024625.E4A67CFABB2E49A2@istbsp01.sbd.iridium.com>
Date: Sat, 11 Feb 2012 05:00:55 +0000 (GMT)
X-NOCS-MailScanner-Information: Please contact the ISP for more information
X-NOCS-MailScanner-ID: q1B50uNt021963
X-NOCS-MailScanner: Found to be clean
X-NOCS-MailScanner-SpamCheck: not spam (whitelisted),
	SpamAssassin (not cached, score=-2.599, required 5,
	autolearn=not spam, BAYES_00 -2.60)
X-NOCS-MailScanner-From: sbdservice@sbd.iridium.com
X-Spam-Status: No

SBM Message
--SBD.Boundary.605592468
PROCESS /noc/users/iridburst/exec/irid_300224010734970_upd.pl
Last Run  ----1970-01-01 00:00:00 
MONTH  5 
DATA  xxrecord 2012-02-09 08:00:05 :: $W5M5A,120209,080005,660d0028449ce246,1,DAS 2,5053.5485N,123.7044W,1.8,317,3.6,-41.1,18.9,33.6,2.5,20.1,30.9,2.4,1039.7,,,,,*65
 
STATION sbdservice
IRID_ID 300224010734970
BODY --

From sbdservice@sbd.iridium.com Sat Feb 11 07:00:43 2012
Return-Path: <sbdservice@sbd.iridium.com>
Received: from istbsp01.sbd.iridium.com (outbound.sbd.iridium.com [12.47.179.11])
	by mercury.noc.soton.ac.uk (8.13.1/8.12.11) with ESMTP id q1B80bhs011077
	for <iridburst@noc.soton.ac.uk>; Sat, 11 Feb 2012 08:00:38 GMT
Reply-To: <sbdservice@sbd.iridium.com>
From: sbdservice@sbd.iridium.com
To: iridburst@noc.soton.ac.uk
Subject: SBD Msg From Unit: 300224010734970
MIME-Version: 1.0
Content-Type: multipart/mixed;boundary="SBD.Boundary.605592468"
Message-Id: <19740412024625.EAAB5CDABB1E11DF@istbsp01.sbd.iridium.com>
Date: Sat, 11 Feb 2012 08:00:33 +0000 (GMT)
X-NOCS-MailScanner-Information: Please contact the ISP for more information
X-NOCS-MailScanner-ID: q1B80bhs011077
X-NOCS-MailScanner: Found to be clean
X-NOCS-MailScanner-SpamCheck: not spam (whitelisted),
	SpamAssassin (not cached, score=-2.599, required 5,
	autolearn=not spam, BAYES_00 -2.60)
X-NOCS-MailScanner-From: sbdservice@sbd.iridium.com
X-Spam-Status: No

SBM Message
--SBD.Boundary.605592468
PROCESS /noc/users/iridburst/exec/irid_300224010734970_upd.pl
Last Run  ----1970-01-01 00:00:00 
MONTH  5 
DATA  xxrecord 2012-02-09 08:00:05 :: $W5M5A,120209,080005,660d0028449ce246,1,DAS 2,5053.5485N,123.7044W,1.8,317,3.6,-41.1,18.9,33.6,2.5,20.1,30.9,2.4,1039.7,,,,,*65
 
STATION sbdservice
IRID_ID 300224010734970
BODY --

From sbdservice@sbd.iridium.com Sat Feb 11 09:04:04 2012
Return-Path: <sbdservice@sbd.iridium.com>
Received: from istbsp01.sbd.iridium.com (outbound.sbd.iridium.com [12.47.179.11])
	by mercury.noc.soton.ac.uk (8.13.1/8.12.11) with ESMTP id q1BA40n9026200
	for <iridburst@noc.soton.ac.uk>; Sat, 11 Feb 2012 10:04:00 GMT
Reply-To: <sbdservice@sbd.iridium.com>
From: sbdservice@sbd.iridium.com
To: iridburst@noc.soton.ac.uk
Subject: SBD Msg From Unit: 300224010734970
MIME-Version: 1.0
Content-Type: multipart/mixed;boundary="SBD.Boundary.605592468"
Message-Id: <19740412024625.07D77DCBF33C589A@istbsp01.sbd.iridium.com>
Date: Sat, 11 Feb 2012 10:04:00 +0000 (GMT)
X-NOCS-MailScanner-Information: Please contact the ISP for more information
X-NOCS-MailScanner-ID: q1BA40n9026200
X-NOCS-MailScanner: Found to be clean
X-NOCS-MailScanner-SpamCheck: not spam (whitelisted),
	SpamAssassin (not cached, score=-2.599, required 5,
	autolearn=not spam, BAYES_00 -2.60)
X-NOCS-MailScanner-From: sbdservice@sbd.iridium.com
X-Spam-Status: No

SBM Message
--SBD.Boundary.605592468
PROCESS /noc/users/iridburst/exec/irid_300224010734970_upd.pl
Last Run  ----1970-01-01 00:00:00 
MONTH  5 
DATA  xxrecord 2012-02-09 08:00:05 :: $W5M5A,120209,080005,660d0028449ce246,1,DAS 2,5053.5485N,123.7044W,1.8,317,3.6,-41.1,18.9,33.6,2.5,20.1,30.9,2.4,1039.7,,,,,*65
 
STATION sbdservice
IRID_ID 300224010734970
BODY --

From sbdservice@sbd.iridium.com Sat Feb 11 10:00:39 2012
Return-Path: <sbdservice@sbd.iridium.com>
Received: from istbsp01.sbd.iridium.com (outbound.sbd.iridium.com [12.47.179.11])
	by mercury.noc.soton.ac.uk (8.13.1/8.12.11) with ESMTP id q1BB0Yhm032690
	for <iridburst@noc.soton.ac.uk>; Sat, 11 Feb 2012 11:00:35 GMT
Reply-To: <sbdservice@sbd.iridium.com>
From: sbdservice@sbd.iridium.com
To: iridburst@noc.soton.ac.uk
Subject: SBD Msg From Unit: 300224010734970
MIME-Version: 1.0
Content-Type: multipart/mixed;boundary="SBD.Boundary.605592468"
Message-Id: <19740412024625.365D4FFA3F2E4524@istbsp01.sbd.iridium.com>
Date: Sat, 11 Feb 2012 11:00:33 +0000 (GMT)
X-NOCS-MailScanner-Information: Please contact the ISP for more information
X-NOCS-MailScanner-ID: q1BB0Yhm032690
X-NOCS-MailScanner: Found to be clean
X-NOCS-MailScanner-SpamCheck: not spam (whitelisted),
	SpamAssassin (not cached, score=-2.599, required 5,
	autolearn=not spam, BAYES_00 -2.60)
X-NOCS-MailScanner-From: sbdservice@sbd.iridium.com
X-Spam-Status: No

SBM Message
--SBD.Boundary.605592468
PROCESS /noc/users/iridburst/exec/irid_300224010734970_upd.pl
Last Run  ----1970-01-01 00:00:00 
MONTH  5 
DATA  xxrecord 2012-02-09 08:00:05 :: $W5M5A,120209,080005,660d0028449ce246,1,DAS 2,5053.5485N,123.7044W,1.8,317,3.6,-41.1,18.9,33.6,2.5,20.1,30.9,2.4,1039.7,,,,,*65
 
STATION sbdservice
IRID_ID 300224010734970
BODY --

From sbdservice@sbd.iridium.com Sat Feb 11 11:00:28 2012
Return-Path: <sbdservice@sbd.iridium.com>
Received: from istbsp02.sbd.iridium.com (outbound.sbd.iridium.com [12.47.179.11])
	by mercury.noc.soton.ac.uk (8.13.1/8.12.11) with ESMTP id q1BC0M7N009442
	for <iridburst@noc.soton.ac.uk>; Sat, 11 Feb 2012 12:00:22 GMT
Reply-To: <sbdservice@sbd.iridium.com>
From: sbdservice@sbd.iridium.com
To: iridburst@noc.soton.ac.uk
Subject: SBD Msg From Unit: 300224010734970
MIME-Version: 1.0
Content-Type: multipart/mixed;boundary="SBD.Boundary.605592468"
Message-Id: <19740412024625.AB9B6EF8BB729DBC@istbsp02.sbd.iridium.com>
Date: Sat, 11 Feb 2012 12:00:22 +0000 (GMT)
X-NOCS-MailScanner-Information: Please contact the ISP for more information
X-NOCS-MailScanner-ID: q1BC0M7N009442
X-NOCS-MailScanner: Found to be clean
X-NOCS-MailScanner-SpamCheck: not spam (whitelisted),
	SpamAssassin (not cached, score=-2.599, required 5,
	autolearn=not spam, BAYES_00 -2.60)
X-NOCS-MailScanner-From: sbdservice@sbd.iridium.com
X-Spam-Status: No

SBM Message
--SBD.Boundary.605592468
PROCESS /noc/users/iridburst/exec/irid_300224010734970_upd.pl
Last Run  ----1970-01-01 00:00:00 
MONTH  5 
DATA  xxrecord 2012-02-09 08:00:05 :: $W5M5A,120209,080005,660d0028449ce246,1,DAS 2,5053.5485N,123.7044W,1.8,317,3.6,-41.1,18.9,33.6,2.5,20.1,30.9,2.4,1039.7,,,,,*65
 
STATION sbdservice
IRID_ID 300224010734970
BODY --

From sbdservice@sbd.iridium.com Sat Feb 11 12:00:39 2012
Return-Path: <sbdservice@sbd.iridium.com>
Received: from istbsp02.sbd.iridium.com (outbound.sbd.iridium.com [12.47.179.11])
	by mercury.noc.soton.ac.uk (8.13.1/8.12.11) with ESMTP id q1BD0ZEw016279
	for <iridburst@noc.soton.ac.uk>; Sat, 11 Feb 2012 13:00:36 GMT
Reply-To: <sbdservice@sbd.iridium.com>
From: sbdservice@sbd.iridium.com
To: iridburst@noc.soton.ac.uk
Subject: SBD Msg From Unit: 300224010734970
MIME-Version: 1.0
Content-Type: multipart/mixed;boundary="SBD.Boundary.605592468"
Message-Id: <19740412024625.1D966DC97760BA34@istbsp02.sbd.iridium.com>
Date: Sat, 11 Feb 2012 13:00:34 +0000 (GMT)
X-NOCS-MailScanner-Information: Please contact the ISP for more information
X-NOCS-MailScanner-ID: q1BD0ZEw016279
X-NOCS-MailScanner: Found to be clean
X-NOCS-MailScanner-SpamCheck: not spam (whitelisted),
	SpamAssassin (not cached, score=-2.599, required 5,
	autolearn=not spam, BAYES_00 -2.60)
X-NOCS-MailScanner-From: sbdservice@sbd.iridium.com
X-Spam-Status: No

SBM Message
--SBD.Boundary.605592468
PROCESS /noc/users/iridburst/exec/irid_300224010734970_upd.pl
Last Run  ----1970-01-01 00:00:00 
MONTH  5 
DATA  xxrecord 2012-02-09 08:00:05 :: $W5M5A,120209,080005,660d0028449ce246,1,DAS 2,5053.5485N,123.7044W,1.8,317,3.6,-41.1,18.9,33.6,2.5,20.1,30.9,2.4,1039.7,,,,,*65
 
STATION sbdservice
IRID_ID 300224010734970
BODY --

From sbdservice@sbd.iridium.com Sat Feb 11 13:04:03 2012
Return-Path: <sbdservice@sbd.iridium.com>
Received: from istbsp02.sbd.iridium.com (outbound.sbd.iridium.com [12.47.179.11])
	by mercury.noc.soton.ac.uk (8.13.1/8.12.11) with ESMTP id q1BE3vIv023202
	for <iridburst@noc.soton.ac.uk>; Sat, 11 Feb 2012 14:03:58 GMT
Reply-To: <sbdservice@sbd.iridium.com>
From: sbdservice@sbd.iridium.com
To: iridburst@noc.soton.ac.uk
Subject: SBD Msg From Unit: 300224010734970
MIME-Version: 1.0
Content-Type: multipart/mixed;boundary="SBD.Boundary.605592468"
Message-Id: <19740412024625.A9A94DE9BF40F77A@istbsp02.sbd.iridium.com>
Date: Sat, 11 Feb 2012 14:03:55 +0000 (GMT)
X-NOCS-MailScanner-Information: Please contact the ISP for more information
X-NOCS-MailScanner-ID: q1BE3vIv023202
X-NOCS-MailScanner: Found to be clean
X-NOCS-MailScanner-SpamCheck: not spam (whitelisted),
	SpamAssassin (not cached, score=-2.599, required 5,
	autolearn=not spam, BAYES_00 -2.60)
X-NOCS-MailScanner-From: sbdservice@sbd.iridium.com
X-Spam-Status: No

SBM Message
--SBD.Boundary.605592468
PROCESS /noc/users/iridburst/exec/irid_300224010734970_upd.pl
Last Run  ----1970-01-01 00:00:00 
MONTH  5 
DATA  xxrecord 2012-02-09 08:00:05 :: $W5M5A,120209,080005,660d0028449ce246,1,DAS 2,5053.5485N,123.7044W,1.8,317,3.6,-41.1,18.9,33.6,2.5,20.1,30.9,2.4,1039.7,,,,,*65
 
STATION sbdservice
IRID_ID 300224010734970
BODY --

From sbdservice@sbd.iridium.com Sat Feb 11 14:00:32 2012
Return-Path: <sbdservice@sbd.iridium.com>
Received: from istbsp02.sbd.iridium.com (outbound.sbd.iridium.com [12.47.179.11])
	by mercury.noc.soton.ac.uk (8.13.1/8.12.11) with ESMTP id q1BF0Rwi029910
	for <iridburst@noc.soton.ac.uk>; Sat, 11 Feb 2012 15:00:28 GMT
Reply-To: <sbdservice@sbd.iridium.com>
From: sbdservice@sbd.iridium.com
To: iridburst@noc.soton.ac.uk
Subject: SBD Msg From Unit: 300224010734970
MIME-Version: 1.0
Content-Type: multipart/mixed;boundary="SBD.Boundary.605592468"
Message-Id: <19740412024625.F1B17FDABF425F90@istbsp02.sbd.iridium.com>
Date: Sat, 11 Feb 2012 15:00:27 +0000 (GMT)
X-NOCS-MailScanner-Information: Please contact the ISP for more information
X-NOCS-MailScanner-ID: q1BF0Rwi029910
X-NOCS-MailScanner: Found to be clean
X-NOCS-MailScanner-SpamCheck: not spam (whitelisted),
	SpamAssassin (not cached, score=-2.599, required 5,
	autolearn=not spam, BAYES_00 -2.60)
X-NOCS-MailScanner-From: sbdservice@sbd.iridium.com
X-Spam-Status: No

SBM Message
--SBD.Boundary.605592468
PROCESS /noc/users/iridburst/exec/irid_300224010734970_upd.pl
Last Run  ----1970-01-01 00:00:00 
MONTH  5 
DATA  xxrecord 2012-02-09 08:00:05 :: $W5M5A,120209,080005,660d0028449ce246,1,DAS 2,5053.5485N,123.7044W,1.8,317,3.6,-41.1,18.9,33.6,2.5,20.1,30.9,2.4,1039.7,,,,,*65
 
STATION sbdservice
IRID_ID 300224010734970
BODY --

From sbdservice@sbd.iridium.com Sat Feb 11 20:00:47 2012
Return-Path: <sbdservice@sbd.iridium.com>
Received: from istbsp01.sbd.iridium.com (outbound.sbd.iridium.com [12.47.179.11])
	by mercury.noc.soton.ac.uk (8.13.1/8.12.11) with ESMTP id q1BL0hPC001523
	for <iridburst@noc.soton.ac.uk>; Sat, 11 Feb 2012 21:00:43 GMT
Reply-To: <sbdservice@sbd.iridium.com>
From: sbdservice@sbd.iridium.com
To: iridburst@noc.soton.ac.uk
Subject: SBD Msg From Unit: 300224010734970
MIME-Version: 1.0
Content-Type: multipart/mixed;boundary="SBD.Boundary.605592468"
Message-Id: <19740412024625.9C055DFAB72C768F@istbsp01.sbd.iridium.com>
Date: Sat, 11 Feb 2012 21:00:40 +0000 (GMT)
X-NOCS-MailScanner-Information: Please contact the ISP for more information
X-NOCS-MailScanner-ID: q1BL0hPC001523
X-NOCS-MailScanner: Found to be clean
X-NOCS-MailScanner-SpamCheck: not spam (whitelisted),
	SpamAssassin (not cached, score=-2.599, required 5,
	autolearn=not spam, BAYES_00 -2.60)
X-NOCS-MailScanner-From: sbdservice@sbd.iridium.com
X-Spam-Status: No

SBM Message
--SBD.Boundary.605592468
PROCESS /noc/users/iridburst/exec/irid_300224010734970_upd.pl
Last Run  ----1970-01-01 00:00:00 
MONTH  5 
DATA  xxrecord 2012-02-09 08:00:05 :: $W5M5A,120209,080005,660d0028449ce246,1,DAS 2,5053.5485N,123.7044W,1.8,317,3.6,-41.1,18.9,33.6,2.5,20.1,30.9,2.4,1039.7,,,,,*65
 
STATION sbdservice
IRID_ID 300224010734970
BODY --

From sbdservice@sbd.iridium.com Sat Feb 11 21:00:37 2012
Return-Path: <sbdservice@sbd.iridium.com>
Received: from istbsp02.sbd.iridium.com (outbound.sbd.iridium.com [12.47.179.11])
	by mercury.noc.soton.ac.uk (8.13.1/8.12.11) with ESMTP id q1BM0YYd006890
	for <iridburst@noc.soton.ac.uk>; Sat, 11 Feb 2012 22:00:34 GMT
Reply-To: <sbdservice@sbd.iridium.com>
From: sbdservice@sbd.iridium.com
To: iridburst@noc.soton.ac.uk
Subject: SBD Msg From Unit: 300224010734970
MIME-Version: 1.0
Content-Type: multipart/mixed;boundary="SBD.Boundary.605592468"
Message-Id: <19740412024625.83394DD9BB51B519@istbsp02.sbd.iridium.com>
Date: Sat, 11 Feb 2012 22:00:33 +0000 (GMT)
X-NOCS-MailScanner-Information: Please contact the ISP for more information
X-NOCS-MailScanner-ID: q1BM0YYd006890
X-NOCS-MailScanner: Found to be clean
X-NOCS-MailScanner-SpamCheck: not spam (whitelisted),
	SpamAssassin (not cached, score=-2.599, required 5,
	autolearn=not spam, BAYES_00 -2.60)
X-NOCS-MailScanner-From: sbdservice@sbd.iridium.com
X-Spam-Status: No

SBM Message
--SBD.Boundary.605592468
PROCESS /noc/users/iridburst/exec/irid_300224010734970_upd.pl
Last Run  ----1970-01-01 00:00:00 
MONTH  5 
DATA  xxrecord 2012-02-09 08:00:05 :: $W5M5A,120209,080005,660d0028449ce246,1,DAS 2,5053.5485N,123.7044W,1.8,317,3.6,-41.1,18.9,33.6,2.5,20.1,30.9,2.4,1039.7,,,,,*65
 
STATION sbdservice
IRID_ID 300224010734970
BODY --

From sbdservice@sbd.iridium.com Sat Feb 11 22:03:58 2012
Return-Path: <sbdservice@sbd.iridium.com>
Received: from istbsp01.sbd.iridium.com (outbound.sbd.iridium.com [12.47.179.11])
	by mercury.noc.soton.ac.uk (8.13.1/8.12.11) with ESMTP id q1BN3t3A012783
	for <iridburst@noc.soton.ac.uk>; Sat, 11 Feb 2012 23:03:55 GMT
Reply-To: <sbdservice@sbd.iridium.com>
From: sbdservice@sbd.iridium.com
To: iridburst@noc.soton.ac.uk
Subject: SBD Msg From Unit: 300224010734970
MIME-Version: 1.0
Content-Type: multipart/mixed;boundary="SBD.Boundary.605592468"
Message-Id: <19740412024625.987D7FE8FB2C06C2@istbsp01.sbd.iridium.com>
Date: Sat, 11 Feb 2012 23:03:54 +0000 (GMT)
X-NOCS-MailScanner-Information: Please contact the ISP for more information
X-NOCS-MailScanner-ID: q1BN3t3A012783
X-NOCS-MailScanner: Found to be clean
X-NOCS-MailScanner-SpamCheck: not spam (whitelisted),
	SpamAssassin (not cached, score=-2.599, required 5,
	autolearn=not spam, BAYES_00 -2.60)
X-NOCS-MailScanner-From: sbdservice@sbd.iridium.com
X-Spam-Status: No

SBM Message
--SBD.Boundary.605592468
PROCESS /noc/users/iridburst/exec/irid_300224010734970_upd.pl
Last Run  ----1970-01-01 00:00:00 
MONTH  5 
DATA  xxrecord 2012-02-09 08:00:05 :: $W5M5A,120209,080005,660d0028449ce246,1,DAS 2,5053.5485N,123.7044W,1.8,317,3.6,-41.1,18.9,33.6,2.5,20.1,30.9,2.4,1039.7,,,,,*65
 
STATION sbdservice
IRID_ID 300224010734970
BODY --

From sbdservice@sbd.iridium.com Sat Feb 11 23:00:52 2012
Return-Path: <sbdservice@sbd.iridium.com>
Received: from istbsp02.sbd.iridium.com (outbound.sbd.iridium.com [12.47.179.11])
	by mercury.noc.soton.ac.uk (8.13.1/8.12.11) with ESMTP id q1C00SpW018065
	for <iridburst@noc.soton.ac.uk>; Sun, 12 Feb 2012 00:00:29 GMT
Reply-To: <sbdservice@sbd.iridium.com>
From: sbdservice@sbd.iridium.com
To: iridburst@noc.soton.ac.uk
Subject: SBD Msg From Unit: 300224010734970
MIME-Version: 1.0
Content-Type: multipart/mixed;boundary="SBD.Boundary.605592468"
Message-Id: <19740412024625.5B9A6CFBBB4233AD@istbsp02.sbd.iridium.com>
Date: Sun, 12 Feb 2012 00:00:28 +0000 (GMT)
X-NOCS-MailScanner-Information: Please contact the ISP for more information
X-NOCS-MailScanner-ID: q1C00SpW018065
X-NOCS-MailScanner: Found to be clean
X-NOCS-MailScanner-SpamCheck: not spam (whitelisted),
	SpamAssassin (not cached, score=-2.599, required 5,
	autolearn=not spam, BAYES_00 -2.60)
X-NOCS-MailScanner-From: sbdservice@sbd.iridium.com
X-Spam-Status: No

SBM Message
--SBD.Boundary.605592468
PROCESS /noc/users/iridburst/exec/irid_300224010734970_upd.pl
Last Run  ----1970-01-01 00:00:00 
MONTH  5 
DATA  xxrecord 2012-02-09 08:00:05 :: $W5M5A,120209,080005,660d0028449ce246,1,DAS 2,5053.5485N,123.7044W,1.8,317,3.6,-41.1,18.9,33.6,2.5,20.1,30.9,2.4,1039.7,,,,,*65
 
STATION sbdservice
IRID_ID 300224010734970
BODY --

From sbdservice@sbd.iridium.com Sun Feb 12 01:00:43 2012
Return-Path: <sbdservice@sbd.iridium.com>
Received: from istbsp02.sbd.iridium.com (outbound.sbd.iridium.com [12.47.179.11])
	by mercury.noc.soton.ac.uk (8.13.1/8.12.11) with ESMTP id q1C20cFQ029689
	for <iridburst@noc.soton.ac.uk>; Sun, 12 Feb 2012 02:00:38 GMT
Reply-To: <sbdservice@sbd.iridium.com>
From: sbdservice@sbd.iridium.com
To: iridburst@noc.soton.ac.uk
Subject: SBD Msg From Unit: 300224010734970
MIME-Version: 1.0
Content-Type: multipart/mixed;boundary="SBD.Boundary.605592468"
Message-Id: <19740412024625.49357FC9BB63D0BC@istbsp02.sbd.iridium.com>
Date: Sun, 12 Feb 2012 02:00:37 +0000 (GMT)
X-NOCS-MailScanner-Information: Please contact the ISP for more information
X-NOCS-MailScanner-ID: q1C20cFQ029689
X-NOCS-MailScanner: Found to be clean
X-NOCS-MailScanner-SpamCheck: not spam (whitelisted),
	SpamAssassin (not cached, score=-2.599, required 5,
	autolearn=not spam, BAYES_00 -2.60)
X-NOCS-MailScanner-From: sbdservice@sbd.iridium.com
X-Spam-Status: No

SBM Message
--SBD.Boundary.605592468
PROCESS /noc/users/iridburst/exec/irid_300224010734970_upd.pl
Last Run  ----1970-01-01 00:00:00 
MONTH  5 
DATA  xxrecord 2012-02-09 08:00:05 :: $W5M5A,120209,080005,660d0028449ce246,1,DAS 2,5053.5485N,123.7044W,1.8,317,3.6,-41.1,18.9,33.6,2.5,20.1,30.9,2.4,1039.7,,,,,*65
 
STATION sbdservice
IRID_ID 300224010734970
BODY --

From sbdservice@sbd.iridium.com Sun Feb 12 02:01:10 2012
Return-Path: <sbdservice@sbd.iridium.com>
Received: from istbsp02.sbd.iridium.com (outbound.sbd.iridium.com [12.47.179.11])
	by mercury.noc.soton.ac.uk (8.13.1/8.12.11) with ESMTP id q1C315ge003038
	for <iridburst@noc.soton.ac.uk>; Sun, 12 Feb 2012 03:01:05 GMT
Reply-To: <sbdservice@sbd.iridium.com>
From: sbdservice@sbd.iridium.com
To: iridburst@noc.soton.ac.uk
Subject: SBD Msg From Unit: 300224010734970
MIME-Version: 1.0
Content-Type: multipart/mixed;boundary="SBD.Boundary.605592468"
Message-Id: <19740412024625.5B7D7ED97B6302E3@istbsp02.sbd.iridium.com>
Date: Sun, 12 Feb 2012 03:01:05 +0000 (GMT)
X-NOCS-MailScanner-Information: Please contact the ISP for more information
X-NOCS-MailScanner-ID: q1C315ge003038
X-NOCS-MailScanner: Found to be clean
X-NOCS-MailScanner-SpamCheck: not spam (whitelisted),
	SpamAssassin (not cached, score=-2.599, required 5,
	autolearn=not spam, BAYES_00 -2.60)
X-NOCS-MailScanner-From: sbdservice@sbd.iridium.com
X-Spam-Status: No

SBM Message
--SBD.Boundary.605592468
PROCESS /noc/users/iridburst/exec/irid_300224010734970_upd.pl
Last Run  ----1970-01-01 00:00:00 
MONTH  5 
DATA  xxrecord 2012-02-09 08:00:05 :: $W5M5A,120209,080005,660d0028449ce246,1,DAS 2,5053.5485N,123.7044W,1.8,317,3.6,-41.1,18.9,33.6,2.5,20.1,30.9,2.4,1039.7,,,,,*65
 
STATION sbdservice
IRID_ID 300224010734970
BODY --

From sbdservice@sbd.iridium.com Sun Feb 12 03:00:46 2012
Return-Path: <sbdservice@sbd.iridium.com>
Received: from istbsp01.sbd.iridium.com (outbound.sbd.iridium.com [12.47.179.11])
	by mercury.noc.soton.ac.uk (8.13.1/8.12.11) with ESMTP id q1C40fNt008502
	for <iridburst@noc.soton.ac.uk>; Sun, 12 Feb 2012 04:00:41 GMT
Reply-To: <sbdservice@sbd.iridium.com>
From: sbdservice@sbd.iridium.com
To: iridburst@noc.soton.ac.uk
Subject: SBD Msg From Unit: 300224010734970
MIME-Version: 1.0
Content-Type: multipart/mixed;boundary="SBD.Boundary.605592468"
Message-Id: <19740412024625.498E5FD93B1CAE7E@istbsp01.sbd.iridium.com>
Date: Sun, 12 Feb 2012 04:00:40 +0000 (GMT)
X-NOCS-MailScanner-Information: Please contact the ISP for more information
X-NOCS-MailScanner-ID: q1C40fNt008502
X-NOCS-MailScanner: Found to be clean
X-NOCS-MailScanner-SpamCheck: not spam (whitelisted),
	SpamAssassin (not cached, score=-2.599, required 5,
	autolearn=not spam, BAYES_00 -2.60)
X-NOCS-MailScanner-From: sbdservice@sbd.iridium.com
X-Spam-Status: No

SBM Message
--SBD.Boundary.605592468
PROCESS /noc/users/iridburst/exec/irid_300224010734970_upd.pl
Last Run  ----1970-01-01 00:00:00 
MONTH  5 
DATA  xxrecord 2012-02-09 08:00:05 :: $W5M5A,120209,080005,660d0028449ce246,1,DAS 2,5053.5485N,123.7044W,1.8,317,3.6,-41.1,18.9,33.6,2.5,20.1,30.9,2.4,1039.7,,,,,*65
 
STATION sbdservice
IRID_ID 300224010734970
BODY --

From sbdservice@sbd.iridium.com Sun Feb 12 05:00:37 2012
Return-Path: <sbdservice@sbd.iridium.com>
Received: from istbsp01.sbd.iridium.com (outbound.sbd.iridium.com [12.47.179.11])
	by mercury.noc.soton.ac.uk (8.13.1/8.12.11) with ESMTP id q1C60Wci007415
	for <iridburst@noc.soton.ac.uk>; Sun, 12 Feb 2012 06:00:33 GMT
Reply-To: <sbdservice@sbd.iridium.com>
From: sbdservice@sbd.iridium.com
To: iridburst@noc.soton.ac.uk
Subject: SBD Msg From Unit: 300224010734970
MIME-Version: 1.0
Content-Type: multipart/mixed;boundary="SBD.Boundary.605592468"
Message-Id: <19740412024625.018B5FFAFB0D33D8@istbsp01.sbd.iridium.com>
Date: Sun, 12 Feb 2012 06:00:32 +0000 (GMT)
X-NOCS-MailScanner-Information: Please contact the ISP for more information
X-NOCS-MailScanner-ID: q1C60Wci007415
X-NOCS-MailScanner: Found to be clean
X-NOCS-MailScanner-SpamCheck: not spam (whitelisted),
	SpamAssassin (not cached, score=-2.599, required 5,
	autolearn=not spam, BAYES_00 -2.60)
X-NOCS-MailScanner-From: sbdservice@sbd.iridium.com
X-Spam-Status: No

SBM Message
--SBD.Boundary.605592468
PROCESS /noc/users/iridburst/exec/irid_300224010734970_upd.pl
Last Run  ----1970-01-01 00:00:00 
MONTH  5 
DATA  xxrecord 2012-02-09 08:00:05 :: $W5M5A,120209,080005,660d0028449ce246,1,DAS 2,5053.5485N,123.7044W,1.8,317,3.6,-41.1,18.9,33.6,2.5,20.1,30.9,2.4,1039.7,,,,,*65
 
STATION sbdservice
IRID_ID 300224010734970
BODY --

From sbdservice@sbd.iridium.com Sun Feb 12 06:00:35 2012
Return-Path: <sbdservice@sbd.iridium.com>
Received: from istbsp01.sbd.iridium.com (outbound.sbd.iridium.com [12.47.179.11])
	by mercury.noc.soton.ac.uk (8.13.1/8.12.11) with ESMTP id q1C70Udf015406
	for <iridburst@noc.soton.ac.uk>; Sun, 12 Feb 2012 07:00:30 GMT
Reply-To: <sbdservice@sbd.iridium.com>
From: sbdservice@sbd.iridium.com
To: iridburst@noc.soton.ac.uk
Subject: SBD Msg From Unit: 300224010734970
MIME-Version: 1.0
Content-Type: multipart/mixed;boundary="SBD.Boundary.605592468"
Message-Id: <19740412024625.85A35EFB372F4861@istbsp01.sbd.iridium.com>
Date: Sun, 12 Feb 2012 07:00:29 +0000 (GMT)
X-NOCS-MailScanner-Information: Please contact the ISP for more information
X-NOCS-MailScanner-ID: q1C70Udf015406
X-NOCS-MailScanner: Found to be clean
X-NOCS-MailScanner-SpamCheck: not spam (whitelisted),
	SpamAssassin (not cached, score=-2.599, required 5,
	autolearn=not spam, BAYES_00 -2.60)
X-NOCS-MailScanner-From: sbdservice@sbd.iridium.com
X-Spam-Status: No

SBM Message
--SBD.Boundary.605592468
PROCESS /noc/users/iridburst/exec/irid_300224010734970_upd.pl
Last Run  ----1970-01-01 00:00:00 
MONTH  5 
DATA  xxrecord 2012-02-09 08:00:05 :: $W5M5A,120209,080005,660d0028449ce246,1,DAS 2,5053.5485N,123.7044W,1.8,317,3.6,-41.1,18.9,33.6,2.5,20.1,30.9,2.4,1039.7,,,,,*65
 
STATION sbdservice
IRID_ID 300224010734970
BODY --

From sbdservice@sbd.iridium.com Sun Feb 12 07:04:07 2012
Return-Path: <sbdservice@sbd.iridium.com>
Received: from istbsp02.sbd.iridium.com (outbound.sbd.iridium.com [12.47.179.11])
	by mercury.noc.soton.ac.uk (8.13.1/8.12.11) with ESMTP id q1C842E4021958
	for <iridburst@noc.soton.ac.uk>; Sun, 12 Feb 2012 08:04:02 GMT
Reply-To: <sbdservice@sbd.iridium.com>
From: sbdservice@sbd.iridium.com
To: iridburst@noc.soton.ac.uk
Subject: SBD Msg From Unit: 300224010734970
MIME-Version: 1.0
Content-Type: multipart/mixed;boundary="SBD.Boundary.605592468"
Message-Id: <19740412024625.F7D54EFA77502679@istbsp02.sbd.iridium.com>
Date: Sun, 12 Feb 2012 08:04:00 +0000 (GMT)
X-NOCS-MailScanner-Information: Please contact the ISP for more information
X-NOCS-MailScanner-ID: q1C842E4021958
X-NOCS-MailScanner: Found to be clean
X-NOCS-MailScanner-SpamCheck: not spam (whitelisted),
	SpamAssassin (not cached, score=-2.599, required 5,
	autolearn=not spam, BAYES_00 -2.60)
X-NOCS-MailScanner-From: sbdservice@sbd.iridium.com
X-Spam-Status: No

SBM Message
--SBD.Boundary.605592468
PROCESS /noc/users/iridburst/exec/irid_300224010734970_upd.pl
Last Run  ----1970-01-01 00:00:00 
MONTH  5 
DATA  xxrecord 2012-02-09 08:00:05 :: $W5M5A,120209,080005,660d0028449ce246,1,DAS 2,5053.5485N,123.7044W,1.8,317,3.6,-41.1,18.9,33.6,2.5,20.1,30.9,2.4,1039.7,,,,,*65
 
STATION sbdservice
IRID_ID 300224010734970
BODY --

From sbdservice@sbd.iridium.com Sun Feb 12 10:00:39 2012
Return-Path: <sbdservice@sbd.iridium.com>
Received: from istbsp02.sbd.iridium.com (outbound.sbd.iridium.com [12.47.179.11])
	by mercury.noc.soton.ac.uk (8.13.1/8.12.11) with ESMTP id q1CB0ZQP007897
	for <iridburst@noc.soton.ac.uk>; Sun, 12 Feb 2012 11:00:36 GMT
Reply-To: <sbdservice@sbd.iridium.com>
From: sbdservice@sbd.iridium.com
To: iridburst@noc.soton.ac.uk
Subject: SBD Msg From Unit: 300224010734970
MIME-Version: 1.0
Content-Type: multipart/mixed;boundary="SBD.Boundary.605592468"
Message-Id: <19740412024625.CF2B6DF9FF601F98@istbsp02.sbd.iridium.com>
Date: Sun, 12 Feb 2012 11:00:35 +0000 (GMT)
X-NOCS-MailScanner-Information: Please contact the ISP for more information
X-NOCS-MailScanner-ID: q1CB0ZQP007897
X-NOCS-MailScanner: Found to be clean
X-NOCS-MailScanner-SpamCheck: not spam (whitelisted),
	SpamAssassin (not cached, score=-2.599, required 5,
	autolearn=not spam, BAYES_00 -2.60)
X-NOCS-MailScanner-From: sbdservice@sbd.iridium.com
X-Spam-Status: No

SBM Message
--SBD.Boundary.605592468
PROCESS /noc/users/iridburst/exec/irid_300224010734970_upd.pl
Last Run  ----1970-01-01 00:00:00 
MONTH  5 
DATA  xxrecord 2012-02-09 08:00:05 :: $W5M5A,120209,080005,660d0028449ce246,1,DAS 2,5053.5485N,123.7044W,1.8,317,3.6,-41.1,18.9,33.6,2.5,20.1,30.9,2.4,1039.7,,,,,*65
 
STATION sbdservice
IRID_ID 300224010734970
BODY --

From sbdservice@sbd.iridium.com Sun Feb 12 12:01:01 2012
Return-Path: <sbdservice@sbd.iridium.com>
Received: from istbsp01.sbd.iridium.com (outbound.sbd.iridium.com [12.47.179.11])
	by mercury.noc.soton.ac.uk (8.13.1/8.12.11) with ESMTP id q1CD0uht020515
	for <iridburst@noc.soton.ac.uk>; Sun, 12 Feb 2012 13:00:56 GMT
Reply-To: <sbdservice@sbd.iridium.com>
From: sbdservice@sbd.iridium.com
To: iridburst@noc.soton.ac.uk
Subject: SBD Msg From Unit: 300224010734970
MIME-Version: 1.0
Content-Type: multipart/mixed;boundary="SBD.Boundary.605592468"
Message-Id: <19740412024625.22CB7DDB773EFE52@istbsp01.sbd.iridium.com>
Date: Sun, 12 Feb 2012 13:00:55 +0000 (GMT)
X-NOCS-MailScanner-Information: Please contact the ISP for more information
X-NOCS-MailScanner-ID: q1CD0uht020515
X-NOCS-MailScanner: Found to be clean
X-NOCS-MailScanner-SpamCheck: not spam (whitelisted),
	SpamAssassin (not cached, score=-2.599, required 5,
	autolearn=not spam, BAYES_00 -2.60)
X-NOCS-MailScanner-From: sbdservice@sbd.iridium.com
X-Spam-Status: No

SBM Message
--SBD.Boundary.605592468
PROCESS /noc/users/iridburst/exec/irid_300224010734970_upd.pl
Last Run  ----1970-01-01 00:00:00 
MONTH  5 
DATA  xxrecord 2012-02-09 08:00:05 :: $W5M5A,120209,080005,660d0028449ce246,1,DAS 2,5053.5485N,123.7044W,1.8,317,3.6,-41.1,18.9,33.6,2.5,20.1,30.9,2.4,1039.7,,,,,*65
 
STATION sbdservice
IRID_ID 300224010734970
BODY --

From sbdservice@sbd.iridium.com Sun Feb 12 14:00:39 2012
Return-Path: <sbdservice@sbd.iridium.com>
Received: from istbsp01.sbd.iridium.com (outbound.sbd.iridium.com [12.47.179.11])
	by mercury.noc.soton.ac.uk (8.13.1/8.12.11) with ESMTP id q1CF0XwC032083
	for <iridburst@noc.soton.ac.uk>; Sun, 12 Feb 2012 15:00:33 GMT
Reply-To: <sbdservice@sbd.iridium.com>
From: sbdservice@sbd.iridium.com
To: iridburst@noc.soton.ac.uk
Subject: SBD Msg From Unit: 300224010734970
MIME-Version: 1.0
Content-Type: multipart/mixed;boundary="SBD.Boundary.605592468"
Message-Id: <19740412024625.6B594DF93B1D605B@istbsp01.sbd.iridium.com>
Date: Sun, 12 Feb 2012 15:00:32 +0000 (GMT)
X-NOCS-MailScanner-Information: Please contact the ISP for more information
X-NOCS-MailScanner-ID: q1CF0XwC032083
X-NOCS-MailScanner: Found to be clean
X-NOCS-MailScanner-SpamCheck: not spam (whitelisted),
	SpamAssassin (not cached, score=-2.599, required 5,
	autolearn=not spam, BAYES_00 -2.60)
X-NOCS-MailScanner-From: sbdservice@sbd.iridium.com
X-Spam-Status: No

SBM Message
--SBD.Boundary.605592468
PROCESS /noc/users/iridburst/exec/irid_300224010734970_upd.pl
Last Run  ----1970-01-01 00:00:00 
MONTH  5 
DATA  xxrecord 2012-02-09 08:00:05 :: $W5M5A,120209,080005,660d0028449ce246,1,DAS 2,5053.5485N,123.7044W,1.8,317,3.6,-41.1,18.9,33.6,2.5,20.1,30.9,2.4,1039.7,,,,,*65
 
STATION sbdservice
IRID_ID 300224010734970
BODY --

From sbdservice@sbd.iridium.com Sun Feb 12 15:01:22 2012
Return-Path: <sbdservice@sbd.iridium.com>
Received: from istbsp02.sbd.iridium.com (outbound.sbd.iridium.com [12.47.179.11])
	by mercury.noc.soton.ac.uk (8.13.1/8.12.11) with ESMTP id q1CG1EWJ005518
	for <iridburst@noc.soton.ac.uk>; Sun, 12 Feb 2012 16:01:15 GMT
Reply-To: <sbdservice@sbd.iridium.com>
From: sbdservice@sbd.iridium.com
To: iridburst@noc.soton.ac.uk
Subject: SBD Msg From Unit: 300224010734970
MIME-Version: 1.0
Content-Type: multipart/mixed;boundary="SBD.Boundary.605592468"
Message-Id: <19740412024625.F6925CF93F4234BD@istbsp02.sbd.iridium.com>
Date: Sun, 12 Feb 2012 16:01:12 +0000 (GMT)
X-NOCS-MailScanner-Information: Please contact the ISP for more information
X-NOCS-MailScanner-ID: q1CG1EWJ005518
X-NOCS-MailScanner: Found to be clean
X-NOCS-MailScanner-SpamCheck: not spam (whitelisted),
	SpamAssassin (not cached, score=-2.599, required 5,
	autolearn=not spam, BAYES_00 -2.60)
X-NOCS-MailScanner-From: sbdservice@sbd.iridium.com
X-Spam-Status: No

SBM Message
--SBD.Boundary.605592468
PROCESS /noc/users/iridburst/exec/irid_300224010734970_upd.pl
Last Run  ----1970-01-01 00:00:00 
MONTH  5 
DATA  xxrecord 2012-02-09 08:00:05 :: $W5M5A,120209,080005,660d0028449ce246,1,DAS 2,5053.5485N,123.7044W,1.8,317,3.6,-41.1,18.9,33.6,2.5,20.1,30.9,2.4,1039.7,,,,,*65
 
STATION sbdservice
IRID_ID 300224010734970
BODY --

From sbdservice@sbd.iridium.com Sun Feb 12 16:00:40 2012
Return-Path: <sbdservice@sbd.iridium.com>
Received: from istbsp02.sbd.iridium.com (outbound.sbd.iridium.com [12.47.179.11])
	by mercury.noc.soton.ac.uk (8.13.1/8.12.11) with ESMTP id q1CH0aRJ011247
	for <iridburst@noc.soton.ac.uk>; Sun, 12 Feb 2012 17:00:36 GMT
Reply-To: <sbdservice@sbd.iridium.com>
From: sbdservice@sbd.iridium.com
To: iridburst@noc.soton.ac.uk
Subject: SBD Msg From Unit: 300224010734970
MIME-Version: 1.0
Content-Type: multipart/mixed;boundary="SBD.Boundary.605592468"
Message-Id: <19740412024625.6D227FEB3B506954@istbsp02.sbd.iridium.com>
Date: Sun, 12 Feb 2012 17:00:35 +0000 (GMT)
X-NOCS-MailScanner-Information: Please contact the ISP for more information
X-NOCS-MailScanner-ID: q1CH0aRJ011247
X-NOCS-MailScanner: Found to be clean
X-NOCS-MailScanner-SpamCheck: not spam (whitelisted),
	SpamAssassin (not cached, score=-2.599, required 5,
	autolearn=not spam, BAYES_00 -2.60)
X-NOCS-MailScanner-From: sbdservice@sbd.iridium.com
X-Spam-Status: No

SBM Message
--SBD.Boundary.605592468
PROCESS /noc/users/iridburst/exec/irid_300224010734970_upd.pl
Last Run  ----1970-01-01 00:00:00 
MONTH  5 
DATA  xxrecord 2012-02-09 08:00:05 :: $W5M5A,120209,080005,660d0028449ce246,1,DAS 2,5053.5485N,123.7044W,1.8,317,3.6,-41.1,18.9,33.6,2.5,20.1,30.9,2.4,1039.7,,,,,*65
 
STATION sbdservice
IRID_ID 300224010734970
BODY --

From sbdservice@sbd.iridium.com Sun Feb 12 18:00:51 2012
Return-Path: <sbdservice@sbd.iridium.com>
Received: from istbsp01.sbd.iridium.com (outbound.sbd.iridium.com [12.47.179.11])
	by mercury.noc.soton.ac.uk (8.13.1/8.12.11) with ESMTP id q1CJ0kE5023487
	for <iridburst@noc.soton.ac.uk>; Sun, 12 Feb 2012 19:00:46 GMT
Reply-To: <sbdservice@sbd.iridium.com>
From: sbdservice@sbd.iridium.com
To: iridburst@noc.soton.ac.uk
Subject: SBD Msg From Unit: 300224010734970
MIME-Version: 1.0
Content-Type: multipart/mixed;boundary="SBD.Boundary.605592468"
Message-Id: <19740412024625.60C87CC93B2C1DB5@istbsp01.sbd.iridium.com>
Date: Sun, 12 Feb 2012 19:00:46 +0000 (GMT)
X-NOCS-MailScanner-Information: Please contact the ISP for more information
X-NOCS-MailScanner-ID: q1CJ0kE5023487
X-NOCS-MailScanner: Found to be clean
X-NOCS-MailScanner-SpamCheck: not spam (whitelisted),
	SpamAssassin (not cached, score=-2.599, required 5,
	autolearn=not spam, BAYES_00 -2.60)
X-NOCS-MailScanner-From: sbdservice@sbd.iridium.com
X-Spam-Status: No

SBM Message
--SBD.Boundary.605592468
PROCESS /noc/users/iridburst/exec/irid_300224010734970_upd.pl
Last Run  ----1970-01-01 00:00:00 
MONTH  5 
DATA  xxrecord 2012-02-09 08:00:05 :: $W5M5A,120209,080005,660d0028449ce246,1,DAS 2,5053.5485N,123.7044W,1.8,317,3.6,-41.1,18.9,33.6,2.5,20.1,30.9,2.4,1039.7,,,,,*65
 
STATION sbdservice
IRID_ID 300224010734970
BODY --

From sbdservice@sbd.iridium.com Sun Feb 12 19:01:38 2012
Return-Path: <sbdservice@sbd.iridium.com>
Received: from istbsp02.sbd.iridium.com (outbound.sbd.iridium.com [12.47.179.11])
	by mercury.noc.soton.ac.uk (8.13.1/8.12.11) with ESMTP id q1CK1YlD029373
	for <iridburst@noc.soton.ac.uk>; Sun, 12 Feb 2012 20:01:34 GMT
Reply-To: <sbdservice@sbd.iridium.com>
From: sbdservice@sbd.iridium.com
To: iridburst@noc.soton.ac.uk
Subject: SBD Msg From Unit: 300224010734970
MIME-Version: 1.0
Content-Type: multipart/mixed;boundary="SBD.Boundary.605592468"
Message-Id: <19740412024625.CE1C5EF9B740DA41@istbsp02.sbd.iridium.com>
Date: Sun, 12 Feb 2012 20:01:33 +0000 (GMT)
X-NOCS-MailScanner-Information: Please contact the ISP for more information
X-NOCS-MailScanner-ID: q1CK1YlD029373
X-NOCS-MailScanner: Found to be clean
X-NOCS-MailScanner-SpamCheck: not spam (whitelisted),
	SpamAssassin (not cached, score=-2.599, required 5,
	autolearn=not spam, BAYES_00 -2.60)
X-NOCS-MailScanner-From: sbdservice@sbd.iridium.com
X-Spam-Status: No

SBM Message
--SBD.Boundary.605592468
PROCESS /noc/users/iridburst/exec/irid_300224010734970_upd.pl
Last Run  ----1970-01-01 00:00:00 
MONTH  5 
DATA  xxrecord 2012-02-09 08:00:05 :: $W5M5A,120209,080005,660d0028449ce246,1,DAS 2,5053.5485N,123.7044W,1.8,317,3.6,-41.1,18.9,33.6,2.5,20.1,30.9,2.4,1039.7,,,,,*65
 
STATION sbdservice
IRID_ID 300224010734970
BODY --

From sbdservice@sbd.iridium.com Sun Feb 12 23:01:28 2012
Return-Path: <sbdservice@sbd.iridium.com>
Received: from istbsp02.sbd.iridium.com (outbound.sbd.iridium.com [12.47.179.11])
	by mercury.noc.soton.ac.uk (8.13.1/8.12.11) with ESMTP id q1D01G30019964
	for <iridburst@noc.soton.ac.uk>; Mon, 13 Feb 2012 00:01:17 GMT
Reply-To: <sbdservice@sbd.iridium.com>
From: sbdservice@sbd.iridium.com
To: iridburst@noc.soton.ac.uk
Subject: SBD Msg From Unit: 300224010734970
MIME-Version: 1.0
Content-Type: multipart/mixed;boundary="SBD.Boundary.605592468"
Message-Id: <19740412024625.CD155CF8B351D9D9@istbsp02.sbd.iridium.com>
Date: Mon, 13 Feb 2012 00:01:16 +0000 (GMT)
X-NOCS-MailScanner-Information: Please contact the ISP for more information
X-NOCS-MailScanner-ID: q1D01G30019964
X-NOCS-MailScanner: Found to be clean
X-NOCS-MailScanner-SpamCheck: not spam (whitelisted),
	SpamAssassin (not cached, score=-2.599, required 5,
	autolearn=not spam, BAYES_00 -2.60)
X-NOCS-MailScanner-From: sbdservice@sbd.iridium.com
X-Spam-Status: No

SBM Message
--SBD.Boundary.605592468
PROCESS /noc/users/iridburst/exec/irid_300224010734970_upd.pl
Last Run  ----1970-01-01 00:00:00 
MONTH  5 
DATA  xxrecord 2012-02-09 08:00:05 :: $W5M5A,120209,080005,660d0028449ce246,1,DAS 2,5053.5485N,123.7044W,1.8,317,3.6,-41.1,18.9,33.6,2.5,20.1,30.9,2.4,1039.7,,,,,*65
 
STATION sbdservice
IRID_ID 300224010734970
BODY 
Content-Type: text/plain;charset=US-ASCII
Content-Disposition: inline
Content-Transfer-Encoding: 7bit

MOMSN: 2252
MTMSN: 0
Time of Session (UTC): Mon Feb 13 00:04:11 2012
Session Status: 00 - Transfer OK
Message Size (bytes): 1086

Unit Location: Lat = 50.918946 Long = -1.365281
CEPradius = 6



-- 
This message has been scanned for viruses and
dangerous content by MailScanner, and is
believed to be clean.


--SBD.Boundary.605592468
PROCESS /noc/users/iridburst/exec/irid_300224010734970_upd.pl
Last Run  ----1970-01-01 00:00:00 
MONTH  5 
DATA  xxrecord 2012-02-09 08:00:05 :: $W5M5A,120209,080005,660d0028449ce246,1,DAS 2,5053.5485N,123.7044W,1.8,317,3.6,-41.1,18.9,33.6,2.5,20.1,30.9,2.4,1039.7,,,,,*65
 
STATION sbdservice
IRID_ID 300224010734970
BODY 
Content-Type: text/plain;charset=US-ASCII
Content-Disposition: inline
Content-Transfer-Encoding: 7bit

MOMSN: 2253
MTMSN: 0
Time of Session (UTC): Mon Feb 13 01:00:27 2012
Session Status: 00 - Transfer OK
Message Size (bytes): 262

Unit Location: Lat = 50.867694 Long = -1.420735
CEPradius = 8



-- 
This message has been scanned for viruses and
dangerous content by MailScanner, and is
believed to be clean.


--SBD.Boundary.605592468
PROCESS /noc/users/iridburst/exec/irid_300224010734970_upd.pl
Last Run  ----1970-01-01 00:00:00 
MONTH  5 
DATA  xxrecord 2012-02-09 08:00:05 :: $W5M5A,120209,080005,660d0028449ce246,1,DAS 2,5053.5485N,123.7044W,1.8,317,3.6,-41.1,18.9,33.6,2.5,20.1,30.9,2.4,1039.7,,,,,*65
 
STATION sbdservice
IRID_ID 300224010734970
BODY 
Content-Type: text/plain;charset=US-ASCII
Content-Disposition: inline
Content-Transfer-Encoding: 7bit

MOMSN: 2254
MTMSN: 0
Time of Session (UTC): Mon Feb 13 02:00:24 2012
Session Status: 00 - Transfer OK
Message Size (bytes): 281

Unit Location: Lat = 50.918946 Long = -1.365281
CEPradius = 3



-- 
This message has been scanned for viruses and
dangerous content by MailScanner, and is
believed to be clean.


--SBD.Boundary.605592468
PROCESS /noc/users/iridburst/exec/irid_300224010734970_upd.pl
Last Run  ----1970-01-01 00:00:00 
MONTH  5 
DATA  xxrecord 2012-02-09 08:00:05 :: $W5M5A,120209,080005,660d0028449ce246,1,DAS 2,5053.5485N,123.7044W,1.8,317,3.6,-41.1,18.9,33.6,2.5,20.1,30.9,2.4,1039.7,,,,,*65
 
STATION sbdservice
IRID_ID 300224010734970
BODY 
Content-Type: text/plain;charset=US-ASCII
Content-Disposition: inline
Content-Transfer-Encoding: 7bit

MOMSN: 2255
MTMSN: 0
Time of Session (UTC): Mon Feb 13 03:00:24 2012
Session Status: 00 - Transfer OK
Message Size (bytes): 262

Unit Location: Lat = 50.868372 Long = -1.363928
CEPradius = 4



-- 
This message has been scanned for viruses and
dangerous content by MailScanner, and is
believed to be clean.


--SBD.Boundary.605592468
PROCESS /noc/users/iridburst/exec/irid_300224010734970_upd.pl
Last Run  ----1970-01-01 00:00:00 
MONTH  5 
DATA  xxrecord 2012-02-09 08:00:05 :: $W5M5A,120209,080005,660d0028449ce246,1,DAS 2,5053.5485N,123.7044W,1.8,317,3.6,-41.1,18.9,33.6,2.5,20.1,30.9,2.4,1039.7,,,,,*65
 
STATION sbdservice
IRID_ID 300224010734970
BODY 
Content-Type: text/plain;charset=US-ASCII
Content-Disposition: inline
Content-Transfer-Encoding: 7bit

MOMSN: 2256
MTMSN: 0
Time of Session (UTC): Mon Feb 13 04:00:35 2012
Session Status: 00 - Transfer OK
Message Size (bytes): 281

Unit Location: Lat = 50.868372 Long = -1.363928
CEPradius = 9



-- 
This message has been scanned for viruses and
dangerous content by MailScanner, and is
believed to be clean.


--SBD.Boundary.605592468
PROCESS /noc/users/iridburst/exec/irid_300224010734970_upd.pl
Last Run  ----1970-01-01 00:00:00 
MONTH  5 
DATA  xxrecord 2012-02-09 08:00:05 :: $W5M5A,120209,080005,660d0028449ce246,1,DAS 2,5053.5485N,123.7044W,1.8,317,3.6,-41.1,18.9,33.6,2.5,20.1,30.9,2.4,1039.7,,,,,*65
 
STATION sbdservice
IRID_ID 300224010734970
BODY 
Content-Type: text/plain;charset=US-ASCII
Content-Disposition: inline
Content-Transfer-Encoding: 7bit

MOMSN: 2257
MTMSN: 0
Time of Session (UTC): Mon Feb 13 05:00:33 2012
Session Status: 00 - Transfer OK
Message Size (bytes): 262

Unit Location: Lat = 50.918946 Long = -1.365281
CEPradius = 4



-- 
This message has been scanned for viruses and
dangerous content by MailScanner, and is
believed to be clean.


--SBD.Boundary.605592468
PROCESS /noc/users/iridburst/exec/irid_300224010734970_upd.pl
Last Run  ----1970-01-01 00:00:00 
MONTH  5 
DATA  xxrecord 2012-02-09 08:00:05 :: $W5M5A,120209,080005,660d0028449ce246,1,DAS 2,5053.5485N,123.7044W,1.8,317,3.6,-41.1,18.9,33.6,2.5,20.1,30.9,2.4,1039.7,,,,,*65
 
STATION sbdservice
IRID_ID 300224010734970
BODY 
Content-Type: text/plain;charset=US-ASCII
Content-Disposition: inline
Content-Transfer-Encoding: 7bit

MOMSN: 2258
MTMSN: 0
Time of Session (UTC): Mon Feb 13 10:00:33 2012
Session Status: 00 - Transfer OK
Message Size (bytes): 1367

Unit Location: Lat = 50.897030 Long = -0.682060
CEPradius = 183



-- 
This message has been scanned for viruses and
dangerous content by MailScanner, and is
believed to be clean.


--SBD.Boundary.605592468
PROCESS /noc/users/iridburst/exec/irid_300224010734970_upd.pl
Last Run  ----1970-01-01 00:00:00 
MONTH  5 
DATA  xxrecord 2012-02-09 08:00:05 :: $W5M5A,120209,080005,660d0028449ce246,1,DAS 2,5053.5485N,123.7044W,1.8,317,3.6,-41.1,18.9,33.6,2.5,20.1,30.9,2.4,1039.7,,,,,*65
 
STATION sbdservice
IRID_ID 300224010734970
BODY 
Content-Type: text/plain;charset=US-ASCII
Content-Disposition: inline
Content-Transfer-Encoding: 7bit

MOMSN: 2259
MTMSN: 0
Time of Session (UTC): Mon Feb 13 11:03:57 2012
Session Status: 00 - Transfer OK
Message Size (bytes): 262

Unit Location: Lat = 50.918267 Long = -1.422145
CEPradius = 6



-- 
This message has been scanned for viruses and
dangerous content by MailScanner, and is
believed to be clean.


--SBD.Boundary.605592468
PROCESS /noc/users/iridburst/exec/irid_300224010734970_upd.pl
Last Run  ----1970-01-01 00:00:00 
MONTH  5 
DATA  xxrecord 2012-02-09 08:00:05 :: $W5M5A,120209,080005,660d0028449ce246,1,DAS 2,5053.5485N,123.7044W,1.8,317,3.6,-41.1,18.9,33.6,2.5,20.1,30.9,2.4,1039.7,,,,,*65
 
STATION sbdservice
IRID_ID 300224010734970
BODY 
Content-Type: text/plain;charset=US-ASCII
Content-Disposition: inline
Content-Transfer-Encoding: 7bit

MOMSN: 2260
MTMSN: 0
Time of Session (UTC): Mon Feb 13 12:04:20 2012
Session Status: 00 - Transfer OK
Message Size (bytes): 262

Unit Location: Lat = 50.918946 Long = -1.365281
CEPradius = 3



-- 
This message has been scanned for viruses and
dangerous content by MailScanner, and is
believed to be clean.


--SBD.Boundary.605592468
PROCESS /noc/users/iridburst/exec/irid_300224010734970_upd.pl
Last Run  ----1970-01-01 00:00:00 
MONTH  5 
DATA  xxrecord 2012-02-09 08:00:05 :: $W5M5A,120209,080005,660d0028449ce246,1,DAS 2,5053.5485N,123.7044W,1.8,317,3.6,-41.1,18.9,33.6,2.5,20.1,30.9,2.4,1039.7,,,,,*65
 
STATION sbdservice
IRID_ID 300224010734970
BODY 
Content-Type: text/plain;charset=US-ASCII
Content-Disposition: inline
Content-Transfer-Encoding: 7bit

MOMSN: 2261
MTMSN: 0
Time of Session (UTC): Mon Feb 13 14:00:23 2012
Session Status: 00 - Transfer OK
Message Size (bytes): 543

Unit Location: Lat = 50.868372 Long = -1.363928
CEPradius = 10



-- 
This message has been scanned for viruses and
dangerous content by MailScanner, and is
believed to be clean.


--SBD.Boundary.605592468
PROCESS /noc/users/iridburst/exec/irid_300224010734970_upd.pl
Last Run  ----1970-01-01 00:00:00 
MONTH  5 
DATA  xxrecord 2012-02-09 08:00:05 :: $W5M5A,120209,080005,660d0028449ce246,1,DAS 2,5053.5485N,123.7044W,1.8,317,3.6,-41.1,18.9,33.6,2.5,20.1,30.9,2.4,1039.7,,,,,*65
 
STATION sbdservice
IRID_ID 300224010734970
BODY 
Content-Type: text/plain;charset=US-ASCII
Content-Disposition: inline
Content-Transfer-Encoding: 7bit

MOMSN: 2262
MTMSN: 0
Time of Session (UTC): Mon Feb 13 15:00:26 2012
Session Status: 00 - Transfer OK
Message Size (bytes): 262

Unit Location: Lat = 50.891054 Long = -1.363928
CEPradius = 2



-- 
This message has been scanned for viruses and
dangerous content by MailScanner, and is
believed to be clean.


--SBD.Boundary.605592468
PROCESS /noc/users/iridburst/exec/irid_300224010734970_upd.pl
Last Run  ----1970-01-01 00:00:00 
MONTH  5 
DATA  xxrecord 2012-02-09 08:00:05 :: $W5M5A,120209,080005,660d0028449ce246,1,DAS 2,5053.5485N,123.7044W,1.8,317,3.6,-41.1,18.9,33.6,2.5,20.1,30.9,2.4,1039.7,,,,,*65
 
STATION sbdservice
IRID_ID 300224010734970
BODY 
Content-Type: text/plain;charset=US-ASCII
Content-Disposition: inline
Content-Transfer-Encoding: 7bit

MOMSN: 2263
MTMSN: 0
Time of Session (UTC): Mon Feb 13 16:00:31 2012
Session Status: 00 - Transfer OK
Message Size (bytes): 262

Unit Location: Lat = 50.867694 Long = -1.420735
CEPradius = 4



-- 
This message has been scanned for viruses and
dangerous content by MailScanner, and is
believed to be clean.


--SBD.Boundary.605592468
PROCESS /noc/users/iridburst/exec/irid_300224010734970_upd.pl
Last Run  ----1970-01-01 00:00:00 
MONTH  5 
DATA  xxrecord 2012-02-09 08:00:05 :: $W5M5A,120209,080005,660d0028449ce246,1,DAS 2,5053.5485N,123.7044W,1.8,317,3.6,-41.1,18.9,33.6,2.5,20.1,30.9,2.4,1039.7,,,,,*65
 
STATION sbdservice
IRID_ID 300224010734970
BODY 
Content-Type: text/plain;charset=US-ASCII
Content-Disposition: inline
Content-Transfer-Encoding: 7bit

MOMSN: 2264
MTMSN: 0
Time of Session (UTC): Mon Feb 13 17:00:31 2012
Session Status: 00 - Transfer OK
Message Size (bytes): 262

Unit Location: Lat = 50.918946 Long = -1.365281
CEPradius = 9



-- 
This message has been scanned for viruses and
dangerous content by MailScanner, and is
believed to be clean.


--SBD.Boundary.605592468
PROCESS /noc/users/iridburst/exec/irid_300224010734970_upd.pl
Last Run  ----1970-01-01 00:00:00 
MONTH  5 
DATA  xxrecord 2012-02-09 08:00:05 :: $W5M5A,120209,080005,660d0028449ce246,1,DAS 2,5053.5485N,123.7044W,1.8,317,3.6,-41.1,18.9,33.6,2.5,20.1,30.9,2.4,1039.7,,,,,*65
 
STATION sbdservice
IRID_ID 300224010734970
BODY 
Content-Type: text/plain;charset=US-ASCII
Content-Disposition: inline
Content-Transfer-Encoding: 7bit

MOMSN: 2265
MTMSN: 0
Time of Session (UTC): Mon Feb 13 18:00:26 2012
Session Status: 00 - Transfer OK
Message Size (bytes): 281

Unit Location: Lat = 50.841146 Long = -1.305822
CEPradius = 13



-- 
This message has been scanned for viruses and
dangerous content by MailScanner, and is
believed to be clean.


--SBD.Boundary.605592468
PROCESS /noc/users/iridburst/exec/irid_300224010734970_upd.pl
Last Run  ----1970-01-01 00:00:00 
MONTH  5 
DATA  xxrecord 2012-02-09 08:00:05 :: $W5M5A,120209,080005,660d0028449ce246,1,DAS 2,5053.5485N,123.7044W,1.8,317,3.6,-41.1,18.9,33.6,2.5,20.1,30.9,2.4,1039.7,,,,,*65
 
STATION sbdservice
IRID_ID 300224010734970
BODY 
Content-Type: text/plain;charset=US-ASCII
Content-Disposition: inline
Content-Transfer-Encoding: 7bit

MOMSN: 2266
MTMSN: 0
Time of Session (UTC): Mon Feb 13 19:03:55 2012
Session Status: 00 - Transfer OK
Message Size (bytes): 262

Unit Location: Lat = 50.918946 Long = -1.365281
CEPradius = 10



-- 
This message has been scanned for viruses and
dangerous content by MailScanner, and is
believed to be clean.


--SBD.Boundary.605592468
PROCESS /noc/users/iridburst/exec/irid_300224010734970_upd.pl
Last Run  ----1970-01-01 00:00:00 
MONTH  5 
DATA  xxrecord 2012-02-09 08:00:05 :: $W5M5A,120209,080005,660d0028449ce246,1,DAS 2,5053.5485N,123.7044W,1.8,317,3.6,-41.1,18.9,33.6,2.5,20.1,30.9,2.4,1039.7,,,,,*65
 
STATION sbdservice
IRID_ID 300224010734970
BODY 
Content-Type: text/plain;charset=US-ASCII
Content-Disposition: inline
Content-Transfer-Encoding: 7bit

MOMSN: 2267
MTMSN: 0
Time of Session (UTC): Mon Feb 13 21:00:26 2012
Session Status: 00 - Transfer OK
Message Size (bytes): 543

Unit Location: Lat = 50.918946 Long = -1.365281
CEPradius = 6



-- 
This message has been scanned for viruses and
dangerous content by MailScanner, and is
believed to be clean.


--SBD.Boundary.605592468
PROCESS /noc/users/iridburst/exec/irid_300224010734970_upd.pl
Last Run  ----1970-01-01 00:00:00 
MONTH  5 
DATA  xxrecord 2012-02-09 08:00:05 :: $W5M5A,120209,080005,660d0028449ce246,1,DAS 2,5053.5485N,123.7044W,1.8,317,3.6,-41.1,18.9,33.6,2.5,20.1,30.9,2.4,1039.7,,,,,*65
 
STATION sbdservice
IRID_ID 300224010734970
BODY 
Content-Type: text/plain;charset=US-ASCII
Content-Disposition: inline
Content-Transfer-Encoding: 7bit

MOMSN: 2268
MTMSN: 0
Time of Session (UTC): Mon Feb 13 23:00:32 2012
Session Status: 00 - Transfer OK
Message Size (bytes): 543

Unit Location: Lat = 50.867694 Long = -1.420735
CEPradius = 6



-- 
This message has been scanned for viruses and
dangerous content by MailScanner, and is
believed to be clean.


--SBD.Boundary.605592468
PROCESS /noc/users/iridburst/exec/irid_300224010734970_upd.pl
Last Run  ----1970-01-01 00:00:00 
MONTH  5 
DATA  xxrecord 2012-02-09 08:00:05 :: $W5M5A,120209,080005,660d0028449ce246,1,DAS 2,5053.5485N,123.7044W,1.8,317,3.6,-41.1,18.9,33.6,2.5,20.1,30.9,2.4,1039.7,,,,,*65
 
STATION sbdservice
IRID_ID 300224010734970
BODY 
Content-Type: text/plain;charset=US-ASCII
Content-Disposition: inline
Content-Transfer-Encoding: 7bit

MOMSN: 2269
MTMSN: 0
Time of Session (UTC): Tue Feb 14 00:00:22 2012
Session Status: 00 - Transfer OK
Message Size (bytes): 281

Unit Location: Lat = 50.918946 Long = -1.365281
CEPradius = 2



-- 
This message has been scanned for viruses and
dangerous content by MailScanner, and is
believed to be clean.


--SBD.Boundary.605592468
PROCESS /noc/users/iridburst/exec/irid_300224010734970_upd.pl
Last Run  ----1970-01-01 00:00:00 
MONTH  5 
DATA  xxrecord 2012-02-09 08:00:05 :: $W5M5A,120209,080005,660d0028449ce246,1,DAS 2,5053.5485N,123.7044W,1.8,317,3.6,-41.1,18.9,33.6,2.5,20.1,30.9,2.4,1039.7,,,,,*65
 
STATION sbdservice
IRID_ID 300224010734970
BODY 
Content-Type: text/plain;charset=US-ASCII
Content-Disposition: inline
Content-Transfer-Encoding: 7bit

MOMSN: 2270
MTMSN: 0
Time of Session (UTC): Tue Feb 14 01:03:55 2012
Session Status: 00 - Transfer OK
Message Size (bytes): 262

Unit Location: Lat = 50.867694 Long = -1.420735
CEPradius = 8



-- 
This message has been scanned for viruses and
dangerous content by MailScanner, and is
believed to be clean.


--SBD.Boundary.605592468
PROCESS /noc/users/iridburst/exec/irid_300224010734970_upd.pl
Last Run  ----1970-01-01 00:00:00 
MONTH  5 
DATA  xxrecord 2012-02-09 08:00:05 :: $W5M5A,120209,080005,660d0028449ce246,1,DAS 2,5053.5485N,123.7044W,1.8,317,3.6,-41.1,18.9,33.6,2.5,20.1,30.9,2.4,1039.7,,,,,*65
 
STATION sbdservice
IRID_ID 300224010734970
BODY 
Content-Type: text/plain;charset=US-ASCII
Content-Disposition: inline
Content-Transfer-Encoding: 7bit

MOMSN: 2271
MTMSN: 0
Time of Session (UTC): Tue Feb 14 02:00:38 2012
Session Status: 00 - Transfer OK
Message Size (bytes): 281

Unit Location: Lat = 50.868372 Long = -1.363928
CEPradius = 4



-- 
This message has been scanned for viruses and
dangerous content by MailScanner, and is
believed to be clean.


--SBD.Boundary.605592468
PROCESS /noc/users/iridburst/exec/irid_300224010734970_upd.pl
Last Run  ----1970-01-01 00:00:00 
MONTH  5 
DATA  xxrecord 2012-02-09 08:00:05 :: $W5M5A,120209,080005,660d0028449ce246,1,DAS 2,5053.5485N,123.7044W,1.8,317,3.6,-41.1,18.9,33.6,2.5,20.1,30.9,2.4,1039.7,,,,,*65
 
STATION sbdservice
IRID_ID 300224010734970
BODY 
Content-Type: text/plain;charset=US-ASCII
Content-Disposition: inline
Content-Transfer-Encoding: 7bit

MOMSN: 2272
MTMSN: 0
Time of Session (UTC): Tue Feb 14 04:04:07 2012
Session Status: 00 - Transfer OK
Message Size (bytes): 543

Unit Location: Lat = 50.868372 Long = -1.363928
CEPradius = 5



-- 
This message has been scanned for viruses and
dangerous content by MailScanner, and is
believed to be clean.


--SBD.Boundary.605592468
PROCESS /noc/users/iridburst/exec/irid_300224010734970_upd.pl
Last Run  ----1970-01-01 00:00:00 
MONTH  5 
DATA  xxrecord 2012-02-09 08:00:05 :: $W5M5A,120209,080005,660d0028449ce246,1,DAS 2,5053.5485N,123.7044W,1.8,317,3.6,-41.1,18.9,33.6,2.5,20.1,30.9,2.4,1039.7,,,,,*65
 
STATION sbdservice
IRID_ID 300224010734970
BODY 
Content-Type: text/plain;charset=US-ASCII
Content-Disposition: inline
Content-Transfer-Encoding: 7bit

MOMSN: 2273
MTMSN: 0
Time of Session (UTC): Tue Feb 14 05:00:53 2012
Session Status: 00 - Transfer OK
Message Size (bytes): 262

Unit Location: Lat = 50.891054 Long = -1.363928
CEPradius = 2



-- 
This message has been scanned for viruses and
dangerous content by MailScanner, and is
believed to be clean.


--SBD.Boundary.605592468
PROCESS /noc/users/iridburst/exec/irid_300224010734970_upd.pl
Last Run  ----1970-01-01 00:00:00 
MONTH  5 
DATA  xxrecord 2012-02-09 08:00:05 :: $W5M5A,120209,080005,660d0028449ce246,1,DAS 2,5053.5485N,123.7044W,1.8,317,3.6,-41.1,18.9,33.6,2.5,20.1,30.9,2.4,1039.7,,,,,*65
 
STATION sbdservice
IRID_ID 300224010734970
BODY 
Content-Type: text/plain;charset=US-ASCII
Content-Disposition: inline
Content-Transfer-Encoding: 7bit

MOMSN: 2274
MTMSN: 0
Time of Session (UTC): Tue Feb 14 08:00:44 2012
Session Status: 00 - Transfer OK
Message Size (bytes): 824

Unit Location: Lat = 50.774311 Long = -3.632951
CEPradius = 187



-- 
This message has been scanned for viruses and
dangerous content by MailScanner, and is
believed to be clean.


--SBD.Boundary.605592468
PROCESS /noc/users/iridburst/exec/irid_300224010734970_upd.pl
Last Run  ----1970-01-01 00:00:00 
MONTH  5 
DATA  xxrecord 2012-02-09 08:00:05 :: $W5M5A,120209,080005,660d0028449ce246,1,DAS 2,5053.5485N,123.7044W,1.8,317,3.6,-41.1,18.9,33.6,2.5,20.1,30.9,2.4,1039.7,,,,,*65
 
STATION sbdservice
IRID_ID 300224010734970
BODY 
Content-Type: text/plain;charset=US-ASCII
Content-Disposition: inline
Content-Transfer-Encoding: 7bit

MOMSN: 2275
MTMSN: 0
Time of Session (UTC): Tue Feb 14 10:03:57 2012
Session Status: 00 - Transfer OK
Message Size (bytes): 543

Unit Location: Lat = 50.816255 Long = -2.953117
CEPradius = 158



-- 
This message has been scanned for viruses and
dangerous content by MailScanner, and is
believed to be clean.


--SBD.Boundary.605592468
PROCESS /noc/users/iridburst/exec/irid_300224010734970_upd.pl
Last Run  ----1970-01-01 00:00:00 
MONTH  5 
DATA  xxrecord 2012-02-09 08:00:05 :: $W5M5A,120209,080005,660d0028449ce246,1,DAS 2,5053.5485N,123.7044W,1.8,317,3.6,-41.1,18.9,33.6,2.5,20.1,30.9,2.4,1039.7,,,,,*65
 
STATION sbdservice
IRID_ID 300224010734970
BODY 
Content-Type: text/plain;charset=US-ASCII
Content-Disposition: inline
Content-Transfer-Encoding: 7bit

MOMSN: 2276
MTMSN: 0
Time of Session (UTC): Tue Feb 14 11:00:26 2012
Session Status: 00 - Transfer OK
Message Size (bytes): 262

Unit Location: Lat = 50.868372 Long = -1.363928
CEPradius = 3



-- 
This message has been scanned for viruses and
dangerous content by MailScanner, and is
believed to be clean.


--SBD.Boundary.605592468
PROCESS /noc/users/iridburst/exec/irid_300224010734970_upd.pl
Last Run  ----1970-01-01 00:00:00 
MONTH  5 
DATA  xxrecord 2012-02-09 08:00:05 :: $W5M5A,120209,080005,660d0028449ce246,1,DAS 2,5053.5485N,123.7044W,1.8,317,3.6,-41.1,18.9,33.6,2.5,20.1,30.9,2.4,1039.7,,,,,*65
 
STATION sbdservice
IRID_ID 300224010734970
BODY 
Content-Type: text/plain;charset=US-ASCII
Content-Disposition: inline
Content-Transfer-Encoding: 7bit

MOMSN: 2277
MTMSN: 0
Time of Session (UTC): Tue Feb 14 12:00:25 2012
Session Status: 00 - Transfer OK
Message Size (bytes): 281

Unit Location: Lat = 50.797529 Long = -0.283640
CEPradius = 121



-- 
This message has been scanned for viruses and
dangerous content by MailScanner, and is
believed to be clean.


--SBD.Boundary.605592468
PROCESS /noc/users/iridburst/exec/irid_300224010734970_upd.pl
Last Run  ----1970-01-01 00:00:00 
MONTH  5 
DATA  xxrecord 2012-02-09 08:00:05 :: $W5M5A,120209,080005,660d0028449ce246,1,DAS 2,5053.5485N,123.7044W,1.8,317,3.6,-41.1,18.9,33.6,2.5,20.1,30.9,2.4,1039.7,,,,,*65
 
STATION sbdservice
IRID_ID 300224010734970
BODY 
Content-Type: text/plain;charset=US-ASCII
Content-Disposition: inline
Content-Transfer-Encoding: 7bit

MOMSN: 2278
MTMSN: 0
Time of Session (UTC): Tue Feb 14 13:00:36 2012
Session Status: 00 - Transfer OK
Message Size (bytes): 262

Unit Location: Lat = 50.868372 Long = -1.363928
CEPradius = 2



-- 
This message has been scanned for viruses and
dangerous content by MailScanner, and is
believed to be clean.


--SBD.Boundary.605592468
PROCESS /noc/users/iridburst/exec/irid_300224010734970_upd.pl
Last Run  ----1970-01-01 00:00:00 
MONTH  5 
DATA  xxrecord 2012-02-09 08:00:05 :: $W5M5A,120209,080005,660d0028449ce246,1,DAS 2,5053.5485N,123.7044W,1.8,317,3.6,-41.1,18.9,33.6,2.5,20.1,30.9,2.4,1039.7,,,,,*65
 
STATION sbdservice
IRID_ID 300224010734970
BODY 
Content-Type: text/plain;charset=US-ASCII
Content-Disposition: inline
Content-Transfer-Encoding: 7bit

MOMSN: 2279
MTMSN: 0
Time of Session (UTC): Tue Feb 14 15:00:50 2012
Session Status: 00 - Transfer OK
Message Size (bytes): 543

Unit Location: Lat = 50.918946 Long = -1.365281
CEPradius = 6



-- 
This message has been scanned for viruses and
dangerous content by MailScanner, and is
believed to be clean.


--SBD.Boundary.605592468
PROCESS /noc/users/iridburst/exec/irid_300224010734970_upd.pl
Last Run  ----1970-01-01 00:00:00 
MONTH  5 
DATA  xxrecord 2012-02-09 08:00:05 :: $W5M5A,120209,080005,660d0028449ce246,1,DAS 2,5053.5485N,123.7044W,1.8,317,3.6,-41.1,18.9,33.6,2.5,20.1,30.9,2.4,1039.7,,,,,*65
 
STATION sbdservice
IRID_ID 300224010734970
BODY 
Content-Type: text/plain;charset=US-ASCII
Content-Disposition: inline
Content-Transfer-Encoding: 7bit

MOMSN: 2280
MTMSN: 0
Time of Session (UTC): Tue Feb 14 18:01:09 2012
Session Status: 00 - Transfer OK
Message Size (bytes): 805

Unit Location: Lat = 50.868372 Long = -1.363928
CEPradius = 5



-- 
This message has been scanned for viruses and
dangerous content by MailScanner, and is
believed to be clean.


--SBD.Boundary.605592468
PROCESS /noc/users/iridburst/exec/irid_300224010734970_upd.pl
Last Run  ----1970-01-01 00:00:00 
MONTH  5 
DATA  xxrecord 2012-02-09 08:00:05 :: $W5M5A,120209,080005,660d0028449ce246,1,DAS 2,5053.5485N,123.7044W,1.8,317,3.6,-41.1,18.9,33.6,2.5,20.1,30.9,2.4,1039.7,,,,,*65
 
STATION sbdservice
IRID_ID 300224010734970
BODY 
Content-Type: text/plain;charset=US-ASCII
Content-Disposition: inline
Content-Transfer-Encoding: 7bit

MOMSN: 2281
MTMSN: 0
Time of Session (UTC): Tue Feb 14 19:00:23 2012
Session Status: 00 - Transfer OK
Message Size (bytes): 262

Unit Location: Lat = 50.918946 Long = -1.365281
CEPradius = 4



-- 
This message has been scanned for viruses and
dangerous content by MailScanner, and is
believed to be clean.


--SBD.Boundary.605592468
PROCESS /noc/users/iridburst/exec/irid_300224010734970_upd.pl
Last Run  ----1970-01-01 00:00:00 
MONTH  5 
DATA  xxrecord 2012-02-09 08:00:05 :: $W5M5A,120209,080005,660d0028449ce246,1,DAS 2,5053.5485N,123.7044W,1.8,317,3.6,-41.1,18.9,33.6,2.5,20.1,30.9,2.4,1039.7,,,,,*65
 
STATION sbdservice
IRID_ID 300224010734970
BODY 
Content-Type: text/plain;charset=US-ASCII
Content-Disposition: inline
Content-Transfer-Encoding: 7bit

MOMSN: 2282
MTMSN: 0
Time of Session (UTC): Tue Feb 14 21:00:25 2012
Session Status: 00 - Transfer OK
Message Size (bytes): 543

Unit Location: Lat = 50.918267 Long = -1.422145
CEPradius = 15



-- 
This message has been scanned for viruses and
dangerous content by MailScanner, and is
believed to be clean.


--SBD.Boundary.605592468
PROCESS /noc/users/iridburst/exec/irid_300224010734970_upd.pl
Last Run  ----1970-01-01 00:00:00 
MONTH  5 
DATA  xxrecord 2012-02-09 08:00:05 :: $W5M5A,120209,080005,660d0028449ce246,1,DAS 2,5053.5485N,123.7044W,1.8,317,3.6,-41.1,18.9,33.6,2.5,20.1,30.9,2.4,1039.7,,,,,*65
 
STATION sbdservice
IRID_ID 300224010734970
BODY 
Content-Type: text/plain;charset=US-ASCII
Content-Disposition: inline
Content-Transfer-Encoding: 7bit

MOMSN: 2283
MTMSN: 0
Time of Session (UTC): Tue Feb 14 22:01:02 2012
Session Status: 00 - Transfer OK
Message Size (bytes): 281

Unit Location: Lat = 50.868372 Long = -1.363928
CEPradius = 3



-- 
This message has been scanned for viruses and
dangerous content by MailScanner, and is
believed to be clean.


--SBD.Boundary.605592468
PROCESS /noc/users/iridburst/exec/irid_300224010734970_upd.pl
Last Run  ----1970-01-01 00:00:00 
MONTH  5 
DATA  xxrecord 2012-02-09 08:00:05 :: $W5M5A,120209,080005,660d0028449ce246,1,DAS 2,5053.5485N,123.7044W,1.8,317,3.6,-41.1,18.9,33.6,2.5,20.1,30.9,2.4,1039.7,,,,,*65
 
STATION sbdservice
IRID_ID 300224010734970
BODY 
Content-Type: text/plain;charset=US-ASCII
Content-Disposition: inline
Content-Transfer-Encoding: 7bit

MOMSN: 2284
MTMSN: 0
Time of Session (UTC): Tue Feb 14 23:00:43 2012
Session Status: 00 - Transfer OK
Message Size (bytes): 262

Unit Location: Lat = 50.868372 Long = -1.363928
CEPradius = 2



-- 
This message has been scanned for viruses and
dangerous content by MailScanner, and is
believed to be clean.


--SBD.Boundary.605592468
PROCESS /noc/users/iridburst/exec/irid_300224010734970_upd.pl
Last Run  ----1970-01-01 00:00:00 
MONTH  5 
DATA  xxrecord 2012-02-09 08:00:05 :: $W5M5A,120209,080005,660d0028449ce246,1,DAS 2,5053.5485N,123.7044W,1.8,317,3.6,-41.1,18.9,33.6,2.5,20.1,30.9,2.4,1039.7,,,,,*65
 
STATION sbdservice
IRID_ID 300224010734970
BODY 
Content-Type: text/plain;charset=US-ASCII
Content-Disposition: inline
Content-Transfer-Encoding: 7bit

MOMSN: 2285
MTMSN: 0
Time of Session (UTC): Wed Feb 15 02:00:31 2012
Session Status: 00 - Transfer OK
Message Size (bytes): 824

Unit Location: Lat = 50.917561 Long = -1.479006
CEPradius = 11



-- 
This message has been scanned for viruses and
dangerous content by MailScanner, and is
believed to be clean.


--SBD.Boundary.605592468
PROCESS /noc/users/iridburst/exec/irid_300224010734970_upd.pl
Last Run  ----1970-01-01 00:00:00 
MONTH  5 
DATA  xxrecord 2012-02-09 08:00:05 :: $W5M5A,120209,080005,660d0028449ce246,1,DAS 2,5053.5485N,123.7044W,1.8,317,3.6,-41.1,18.9,33.6,2.5,20.1,30.9,2.4,1039.7,,,,,*65
 
STATION sbdservice
IRID_ID 300224010734970
BODY 
Content-Type: text/plain;charset=US-ASCII
Content-Disposition: inline
Content-Transfer-Encoding: 7bit

MOMSN: 2286
MTMSN: 0
Time of Session (UTC): Wed Feb 15 03:00:52 2012
Session Status: 00 - Transfer OK
Message Size (bytes): 262

Unit Location: Lat = 50.918946 Long = -1.365281
CEPradius = 3



-- 
This message has been scanned for viruses and
dangerous content by MailScanner, and is
believed to be clean.


--SBD.Boundary.605592468
PROCESS /noc/users/iridburst/exec/irid_300224010734970_upd.pl
Last Run  ----1970-01-01 00:00:00 
MONTH  5 
DATA  xxrecord 2012-02-09 08:00:05 :: $W5M5A,120209,080005,660d0028449ce246,1,DAS 2,5053.5485N,123.7044W,1.8,317,3.6,-41.1,18.9,33.6,2.5,20.1,30.9,2.4,1039.7,,,,,*65
 
STATION sbdservice
IRID_ID 300224010734970
BODY 
Content-Type: text/plain;charset=US-ASCII
Content-Disposition: inline
Content-Transfer-Encoding: 7bit

MOMSN: 2287
MTMSN: 0
Time of Session (UTC): Wed Feb 15 04:00:38 2012
Session Status: 13 - Incomplete Transfer
Message Size (bytes): 0

Unit Location: Lat = 50.919597 Long = -1.308415
CEPradius = 2



-- 
This message has been scanned for viruses and
dangerous content by MailScanner, and is
believed to be clean.


--SBD.Boundary.605592468
PROCESS /noc/users/iridburst/exec/irid_300224010734970_upd.pl
Last Run  ----1970-01-01 00:00:00 
MONTH  5 
DATA  xxrecord 2012-02-09 08:00:05 :: $W5M5A,120209,080005,660d0028449ce246,1,DAS 2,5053.5485N,123.7044W,1.8,317,3.6,-41.1,18.9,33.6,2.5,20.1,30.9,2.4,1039.7,,,,,*65
 
STATION sbdservice
IRID_ID 300224010734970
BODY 
Content-Type: application/x-zip-compressed; name="SBMmessage.sbd"
Content-Disposition: attachment; filename="300224010734970_002287.sbd"
Content-Transfer-Encoding: base64

JFc1TTVBLDEyMDIxNSwwNDAwMDUsNjYwZDAwMjg0NDljZTI0NiwxLERBUyAy
LDUwNTMuNTUyMU4sMTIzLjY5OThXLDIuMCwzMTksMy4wLDE3LjgsMzcuMSwz
LjAsMTcuMywzOC4zLDIuOSwxMDI0LjMsLCwsLCo3Mg0KDQokVzVNNUEsMTIw
MjE1LDA0MDAwNSw2NjBkMDAyODQ0OWNlMjQ2LDIsREFTIDIsMTMuMSwxMy4y
LDAuMiwwLjMsMC4wMSw1NjgsNTY4LDE1Nyw2MzEsMCwzNDguMiwyMC41Myw4
NjkqNkMNCg0KJFc1TTVBLDEyMDIxNSwwNDAwMDUsNjYwZDAwMjg0NDljZTI0
NiwzLCoxMQ0KDQo=

--SBD.Boundary.605592468
PROCESS /noc/users/iridburst/exec/irid_300224010734970_upd.pl
Last Run  ----1970-01-01 00:00:00 
MONTH  5 
DATA  xxrecord 2012-02-15 04:00:05 :: $W5M5A,120215,040005,660d0028449ce246,1,DAS 2,5053.5521N,123.6998W,2.0,319,3.0,17.8,37.1,3.0,17.3,38.3,2.9,1024.3,,,,,*72
 
INSERT
STATION sbdservice
IRID_ID 300224010734970
BODY 
Content-Type: application/x-zip-compressed; name="SBMmessage.sbd"
Content-Disposition: attachment; filename="300224010734970_002288.sbd"
Content-Transfer-Encoding: base64

JFc1TTVBLDEyMDIxNSwwNTAwMDUsNjYwZDAwMjg0NDljZTI0NiwxLERBUyAy
LCwsMS45LDMxOSwzLjAsMTcuOCwzNy4yLDMuMCwxNy4yLDM4LjMsMi45LDEw
MjQuNywsLCwsKjU4DQoNCiRXNU01QSwxMjAyMTUsMDUwMDA1LDY2MGQwMDI4
NDQ5Y2UyNDYsMixEQVMgMiwxMy4xLDEzLjIsMC4yLDAuNCwwLjAxLDU2OCw1
NjgsMTU3LDYzMSwwLDM0OC4yLDIwLjUzLDg3Mio2MA0KDQokVzVNNUEsMTIw
MjE1LDA1MDAwNSw2NjBkMDAyODQ0OWNlMjQ2LDMsKjEwDQoNCg==

--SBD.Boundary.605592468
PROCESS /noc/users/iridburst/exec/irid_300224010734970_upd.pl
Last Run  ----1970-01-01 00:00:00 
MONTH  5 
DATA  xxrecord 2012-02-15 05:00:05 :: $W5M5A,120215,050005,660d0028449ce246,1,DAS 2,,,1.9,319,3.0,17.8,37.2,3.0,17.2,38.3,2.9,1024.7,,,,,*58
 
INSERT
STATION sbdservice
IRID_ID 300224010734970
BODY 
Content-Type: application/x-zip-compressed; name="SBMmessage.sbd"
Content-Disposition: attachment; filename="300224010734970_002289.sbd"
Content-Transfer-Encoding: base64

JFc1TTVBLDEyMDIxNSwwNjAwMDUsNjYwZDAwMjg0NDljZTI0NiwxLERBUyAy
LDUwNTMuNTQ0NU4sMTIzLjcwODNXLDIuMCwzMjAsMy4zLDE3LjcsMzcuMiwy
LjksMTcuMiwzOC4zLDIuOCwxMDI0LjgsLCwsLCo3Nw0KDQokVzVNNUEsMTIw
MjE1LDA2MDAwNSw2NjBkMDAyODQ0OWNlMjQ2LDIsREFTIDIsMTMuMCwxMy4y
LDAuMiwwLjUsMC4wMSw1NjgsNTY4LDE1Nyw2MzEsMCwzNDguMSwyMC41Myw4
NzQqNjYNCg0KJFc1TTVBLDEyMDIxNSwwNjAwMDUsNjYwZDAwMjg0NDljZTI0
NiwzLCoxMw0KDQo=

--SBD.Boundary.605592468
PROCESS /noc/users/iridburst/exec/irid_300224010734970_upd.pl
Last Run  ----1970-01-01 00:00:00 
MONTH  5 
DATA  xxrecord 2012-02-15 06:00:05 :: $W5M5A,120215,060005,660d0028449ce246,1,DAS 2,5053.5445N,123.7083W,2.0,320,3.3,17.7,37.2,2.9,17.2,38.3,2.8,1024.8,,,,,*77
 
INSERT
STATION sbdservice
IRID_ID 300224010734970
BODY 
Content-Type: application/x-zip-compressed; name="SBMmessage.sbd"
Content-Disposition: attachment; filename="300224010734970_002290.sbd"
Content-Transfer-Encoding: base64

JFc1TTVBLDEyMDIxNSwwNzAwMDUsNjYwZDAwMjg0NDljZTI0NiwxLERBUyAy
LCwsMS45LDMwOCwzLjIsMTguNiwzNS41LDMuMSwxOC42LDM1LjQsMy4wLDEw
MjUuNCwsLCwsKjU2DQoNCiRXNU01QSwxMjAyMTUsMDcwMDA1LDY2MGQwMDI4
NDQ5Y2UyNDYsMixEQVMgMiwxMy4xLDEzLjIsMC4yLDAuNCwwLjAwLDU2OCw1
NjgsMTU3LDYzMSwwLDM0OC4yLDIxLjcwLDg3MCo2MQ0KDQokVzVNNUEsMTIw
MjE1LDA3MDAwNSw2NjBkMDAyODQ0OWNlMjQ2LDMsKjEyDQoNCg==

--SBD.Boundary.605592468
PROCESS /noc/users/iridburst/exec/irid_300224010734970_upd.pl
Last Run  ----1970-01-01 00:00:00 
MONTH  5 
DATA  xxrecord 2012-02-15 07:00:05 :: $W5M5A,120215,070005,660d0028449ce246,1,DAS 2,,,1.9,308,3.2,18.6,35.5,3.1,18.6,35.4,3.0,1025.4,,,,,*56
 
INSERT
STATION sbdservice
IRID_ID 300224010734970
BODY 
Content-Type: application/x-zip-compressed; name="SBMmessage.sbd"
Content-Disposition: attachment; filename="300224010734970_002291.sbd"
Content-Transfer-Encoding: base64

JFc1TTVBLDEyMDIxNSwwODAwMDUsNjYwZDAwMjg0NDljZTI0NiwxLERBUyAy
LDUwNTMuNTUzME4sMTIzLjY5MjJXLDIuMCwzMTUsMy45LDE5LjgsMzQuOCwz
LjksMTkuMywzNS45LDMuOSwxMDI2LjEsLCwsLCo3Rg0KDQokVzVNNUEsMTIw
MjE1LDA4MDAwNSw2NjBkMDAyODQ0OWNlMjQ2LDIsREFTIDIsMTMuMSwxMy4y
LDAuMiwwLjQsMC4wMCw1NjgsNTY4LDE1Nyw2MzAsMCwzNDguMSwyMi40OCw4
NzMqNjcNCg0KJFc1TTVBLDEyMDIxNSwwODAwMDUsNjYwZDAwMjg0NDljZTI0
NiwzLCoxRA0KDQo=

--SBD.Boundary.605592468
PROCESS /noc/users/iridburst/exec/irid_300224010734970_upd.pl
Last Run  ----1970-01-01 00:00:00 
MONTH  5 
DATA  xxrecord 2012-02-15 08:00:05 :: $W5M5A,120215,080005,660d0028449ce246,1,DAS 2,5053.5530N,123.6922W,2.0,315,3.9,19.8,34.8,3.9,19.3,35.9,3.9,1026.1,,,,,*7F
 
INSERT
STATION sbdservice
IRID_ID 300224010734970
BODY 
Content-Type: application/x-zip-compressed; name="SBMmessage.sbd"
Content-Disposition: attachment; filename="300224010734970_002292.sbd"
Content-Transfer-Encoding: base64

JFc1TTVBLDEyMDIxNSwwOTAwMDUsNjYwZDAwMjg0NDljZTI0NiwxLERBUyAy
LCwsMS45LDMxNCwzLjIsMjAuMSwzMy45LDMuNywxOS42LDM0LjYsMy42LDEw
MjYuNywsLCwsKjUxDQoNCiRXNU01QSwxMjAyMTUsMDkwMDA1LDY2MGQwMDI4
NDQ5Y2UyNDYsMixEQVMgMiwxMy4wLDEzLjIsMC4yLDAuNiwwLjAwLDU2OCw1
NjgsMTU2LDYzMSwwLDM0OC4wLDIyLjg3LDg3Myo2Nw0KDQokVzVNNUEsMTIw
MjE1LDA5MDAwNSw2NjBkMDAyODQ0OWNlMjQ2LDMsKjFDDQoNCiRXNU01QSwx
MjAyMTUsMTAwMDA1LDY2MGQwMDI4NDQ5Y2UyNDYsMSxEQVMgMiw1MDUzLjU0
MTNOLDEyMy43NTA4VywxLjksMzE2LDMuMywyMC40LDM0LjMsNC4xLDIwLjEs
MzQuNyw0LjAsMTAyNy40LCwsLCwqN0YNCg0KJFc1TTVBLDEyMDIxNSwxMDAw
MDUsNjYwZDAwMjg0NDljZTI0NiwyLERBUyAyLDEzLjAsMTMuMSwwLjIsMC40
LDAuMDAsNTY4LDU2OCwxNTcsNjMxLDAsMzQ4LjAsMjMuNjYsODc1KjY3DQoN
CiRXNU01QSwxMjAyMTUsMTAwMDA1LDY2MGQwMDI4NDQ5Y2UyNDYsMywqMTQN
Cg0K

--SBD.Boundary.605592468
PROCESS /noc/users/iridburst/exec/irid_300224010734970_upd.pl
Last Run  ----1970-01-01 00:00:00 
MONTH  5 
DATA  xxrecord 2012-02-15 09:00:05 :: $W5M5A,120215,090005,660d0028449ce246,1,DAS 2,,,1.9,314,3.2,20.1,33.9,3.7,19.6,34.6,3.6,1026.7,,,,,*51
 
INSERT
DATA  xxrecord 2012-02-15 10:00:05 :: $W5M5A,120215,100005,660d0028449ce246,1,DAS 2,5053.5413N,123.7508W,1.9,316,3.3,20.4,34.3,4.1,20.1,34.7,4.0,1027.4,,,,,*7F
 
INSERT
STATION sbdservice
IRID_ID 300224010734970
BODY 
Content-Type: application/x-zip-compressed; name="SBMmessage.sbd"
Content-Disposition: attachment; filename="300224010734970_002293.sbd"
Content-Transfer-Encoding: base64

JFc1TTVBLDEyMDIxNSwxMTAwMDUsNjYwZDAwMjg0NDljZTI0NiwxLERBUyAy
LCwsMi4wLDMxNiwzLjIsMjAuNCwzMy45LDMuOSwyMC4zLDMzLjgsMy44LDEw
MjcuNCwsLCwsKjUxDQoNCiRXNU01QSwxMjAyMTUsMTEwMDA1LDY2MGQwMDI4
NDQ5Y2UyNDYsMixEQVMgMiwxMy4xLDEzLjIsMC4yLDAuNCwwLjAwLDU2OCw1
NjgsMTU3LDYzMSwwLDM0Ny45LDIzLjY2LDg3MCo2Nw0KDQokVzVNNUEsMTIw
MjE1LDExMDAwNSw2NjBkMDAyODQ0OWNlMjQ2LDMsKjE1DQoNCg==

--SBD.Boundary.605592468
PROCESS /noc/users/iridburst/exec/irid_300224010734970_upd.pl
Last Run  ----1970-01-01 00:00:00 
MONTH  5 
DATA  xxrecord 2012-02-15 11:00:05 :: $W5M5A,120215,110005,660d0028449ce246,1,DAS 2,,,2.0,316,3.2,20.4,33.9,3.9,20.3,33.8,3.8,1027.4,,,,,*51
 
INSERT
STATION sbdservice
IRID_ID 300224010734970
BODY 
Content-Type: application/x-zip-compressed; name="SBMmessage.sbd"
Content-Disposition: attachment; filename="300224010734970_002294.sbd"
Content-Transfer-Encoding: base64

JFc1TTVBLDEyMDIxNSwxMjAwMDUsNjYwZDAwMjg0NDljZTI0NiwxLERBUyAy
LCwsMi4wLDMxNiwzLjUsMjAuNiwzMy4yLDMuOSwyMS4wLDMyLjUsMy45LDEw
MjcuMywsLCwsKjU0DQoNCiRXNU01QSwxMjAyMTUsMTIwMDA1LDY2MGQwMDI4
NDQ5Y2UyNDYsMixEQVMgMiwxMy4xLDEzLjIsMC4yLDAuNCwwLjAwLDU2OCw1
NjgsMTU3LDYzMSwwLDM0OC4wLDI0LjQ0LDg3Myo2Ng0KDQokVzVNNUEsMTIw
MjE1LDEyMDAwNSw2NjBkMDAyODQ0OWNlMjQ2LDMsKjE2DQoNCg==

--SBD.Boundary.605592468
PROCESS /noc/users/iridburst/exec/irid_300224010734970_upd.pl
Last Run  ----1970-01-01 00:00:00 
MONTH  5 
DATA  xxrecord 2012-02-15 12:00:05 :: $W5M5A,120215,120005,660d0028449ce246,1,DAS 2,,,2.0,316,3.5,20.6,33.2,3.9,21.0,32.5,3.9,1027.3,,,,,*54
 
INSERT
STATION sbdservice
IRID_ID 300224010734970
BODY 
Content-Type: application/x-zip-compressed; name="SBMmessage.sbd"
Content-Disposition: attachment; filename="300224010734970_002295.sbd"
Content-Transfer-Encoding: base64

JFc1TTVBLDEyMDIxNSwxMzAwMDUsNjYwZDAwMjg0NDljZTI0NiwxLERBUyAy
LCwsMi4wLDMxNSwzLjQsMjAuNywzNC4yLDQuMywyMS4xLDMzLjMsNC4zLDEw
MjYuOCwsLCwsKjVEDQoNCiRXNU01QSwxMjAyMTUsMTMwMDA1LDY2MGQwMDI4
NDQ5Y2UyNDYsMixEQVMgMiwxMy4xLDEzLjIsMC4yLDAuNCwwLjAwLDU2OCw1
NjgsMTU3LDYzMSwwLDM0Ny45LDI0LjQ0LDg3Mio2MA0KDQokVzVNNUEsMTIw
MjE1LDEzMDAwNSw2NjBkMDAyODQ0OWNlMjQ2LDMsKjE3DQoNCiRXNU01QSwx
MjAyMTUsMTQwMDA1LDY2MGQwMDI4NDQ5Y2UyNDYsMSxEQVMgMiw1MDUzLjU0
MjJOLDEyMy43Mzg4VywyLjAsMzEwLDMuMSwyMS4yLDMyLjcsNC4yLDIyLjcs
MzAuMCw0LjMsMTAyNi42LCwsLCwqNzgNCg0KJFc1TTVBLDEyMDIxNSwxNDAw
MDUsNjYwZDAwMjg0NDljZTI0NiwyLERBUyAyLDEzLjAsMTMuMSwwLjIsMC41
LDAuMDAsNTY4LDU2OCwxNTcsNjMwLDAsMzQ3LjksMjcuMTcsODcyKjYwDQoN
CiRXNU01QSwxMjAyMTUsMTQwMDA1LDY2MGQwMDI4NDQ5Y2UyNDYsMywqMTAN
Cg0KJFc1TTVBLDEyMDIxNSwxNTAwMDUsNjYwZDAwMjg0NDljZTI0NiwxLERB
UyAyLCwsMi4xLDMwOCwzLjQsMjIuMiwzMS41LDQuNSwyNi4xLDI1LjQsNC44
LDEwMjcuMCwsLCwsKjUwDQoNCiRXNU01QSwxMjAyMTUsMTUwMDA1LDY2MGQw
MDI4NDQ5Y2UyNDYsMixEQVMgMiwxMy4xLDEzLjIsMC4yLDAuNCwwLjAwLDU2
OCw1NjgsMTU3LDYzMSwwLDM0Ny45LDI3LjU3LDg3Myo2Ng0KDQokVzVNNUEs
MTIwMjE1LDE1MDAwNSw2NjBkMDAyODQ0OWNlMjQ2LDMsKjExDQoNCg==

--SBD.Boundary.605592468
PROCESS /noc/users/iridburst/exec/irid_300224010734970_upd.pl
Last Run  ----1970-01-01 00:00:00 
MONTH  5 
DATA  xxrecord 2012-02-15 13:00:05 :: $W5M5A,120215,130005,660d0028449ce246,1,DAS 2,,,2.0,315,3.4,20.7,34.2,4.3,21.1,33.3,4.3,1026.8,,,,,*5D
 
INSERT
DATA  xxrecord 2012-02-15 14:00:05 :: $W5M5A,120215,140005,660d0028449ce246,1,DAS 2,5053.5422N,123.7388W,2.0,310,3.1,21.2,32.7,4.2,22.7,30.0,4.3,1026.6,,,,,*78
 
INSERT
DATA  xxrecord 2012-02-15 15:00:05 :: $W5M5A,120215,150005,660d0028449ce246,1,DAS 2,,,2.1,308,3.4,22.2,31.5,4.5,26.1,25.4,4.8,1027.0,,,,,*50
 
INSERT
STATION sbdservice
IRID_ID 300224010734970
BODY 
Content-Type: application/x-zip-compressed; name="SBMmessage.sbd"
Content-Disposition: attachment; filename="300224010734970_002296.sbd"
Content-Transfer-Encoding: base64

JFc1TTVBLDEyMDIxNSwxNjAwMDUsNjYwZDAwMjg0NDljZTI0NiwxLERBUyAy
LCwsMi4zLDMxMiwzLjQsMjIuMiwzMS4yLDQuNCwyMi4wLDMxLjMsNC4yLDEw
MjcuMiwsLCwsKjUzDQoNCiRXNU01QSwxMjAyMTUsMTYwMDA1LDY2MGQwMDI4
NDQ5Y2UyNDYsMixEQVMgMiwxMy4xLDEzLjIsMC4yLDAuNCwwLjAwLDU2OCw1
NjgsMTU3LDYzMSwwLDM0Ny45LDI1LjYxLDg3MCo2MQ0KDQokVzVNNUEsMTIw
MjE1LDE2MDAwNSw2NjBkMDAyODQ0OWNlMjQ2LDMsKjEyDQoNCg==

--SBD.Boundary.605592468
PROCESS /noc/users/iridburst/exec/irid_300224010734970_upd.pl
Last Run  ----1970-01-01 00:00:00 
MONTH  5 
DATA  xxrecord 2012-02-15 16:00:05 :: $W5M5A,120215,160005,660d0028449ce246,1,DAS 2,,,2.3,312,3.4,22.2,31.2,4.4,22.0,31.3,4.2,1027.2,,,,,*53
 
INSERT
STATION sbdservice
IRID_ID 300224010734970
BODY 
Content-Type: application/x-zip-compressed; name="SBMmessage.sbd"
Content-Disposition: attachment; filename="300224010734970_002297.sbd"
Content-Transfer-Encoding: base64

JFc1TTVBLDEyMDIxNSwxNzAwMDUsNjYwZDAwMjg0NDljZTI0NiwxLERBUyAy
LCwsMi4wLDMxNCwzLjEsMjEuNCwzMi4wLDQuMSwyMC42LDMzLjMsNC4wLDEw
MjcuNiwsLCwsKjUzDQoNCiRXNU01QSwxMjAyMTUsMTcwMDA1LDY2MGQwMDI4
NDQ5Y2UyNDYsMixEQVMgMiwxMy4xLDEzLjIsMC4yLDAuNCwwLjAwLDU2OCw1
NjgsMTU3LDYzMSwwLDM0Ny45LDI0LjA1LDg3NCo2Nw0KDQokVzVNNUEsMTIw
MjE1LDE3MDAwNSw2NjBkMDAyODQ0OWNlMjQ2LDMsKjEzDQoNCg==

--SBD.Boundary.605592468
PROCESS /noc/users/iridburst/exec/irid_300224010734970_upd.pl
Last Run  ----1970-01-01 00:00:00 
MONTH  5 
DATA  xxrecord 2012-02-15 17:00:05 :: $W5M5A,120215,170005,660d0028449ce246,1,DAS 2,,,2.0,314,3.1,21.4,32.0,4.1,20.6,33.3,4.0,1027.6,,,,,*53
 
INSERT
STATION sbdservice
IRID_ID 300224010734970
BODY 
Content-Type: application/x-zip-compressed; name="SBMmessage.sbd"
Content-Disposition: attachment; filename="300224010734970_002298.sbd"
Content-Transfer-Encoding: base64

JFc1TTVBLDEyMDIxNSwxODAwMDUsNjYwZDAwMjg0NDljZTI0NiwxLERBUyAy
LDUwNTMuNTQ4OU4sMTIzLjcwMTZXLDIuMSwzMTYsMy4zLDIwLjUsMzMuMywz
LjgsMTkuOCwzNC40LDMuNywxMDI3LjgsLCwsLCo3MQ0KDQokVzVNNUEsMTIw
MjE1LDE4MDAwNSw2NjBkMDAyODQ0OWNlMjQ2LDIsREFTIDIsMTMuMCwxMy4y
LDAuMiwwLjksMC4wMCw1NjgsNTY4LDE1Nyw2MzEsMCwzNDguMCwyMy4yNiw4
NzEqNjENCg0KJFc1TTVBLDEyMDIxNSwxODAwMDUsNjYwZDAwMjg0NDljZTI0
NiwzLCoxQw0KDQokVzVNNUEsMTIwMjE1LDE5MDAwNSw2NjBkMDAyODQ0OWNl
MjQ2LDEsREFTIDIsLCwyLjAsMzE3LDMuNCwxOS45LDM0LjEsMy42LDE5LjMs
MzUuMywzLjYsMTAyOC4xLCwsLCwqNUENCg0KJFc1TTVBLDEyMDIxNSwxOTAw
MDUsNjYwZDAwMjg0NDljZTI0NiwyLERBUyAyLDEzLjEsMTMuMiwwLjIsMC40
LDAuMDAsNTY4LDU2OCwxNTcsNjMxLDAsMzQ4LjAsMjIuNDgsODY5KjZDDQoN
CiRXNU01QSwxMjAyMTUsMTkwMDA1LDY2MGQwMDI4NDQ5Y2UyNDYsMywqMUQN
Cg0K

--SBD.Boundary.605592468
PROCESS /noc/users/iridburst/exec/irid_300224010734970_upd.pl
Last Run  ----1970-01-01 00:00:00 
MONTH  5 
DATA  xxrecord 2012-02-15 18:00:05 :: $W5M5A,120215,180005,660d0028449ce246,1,DAS 2,5053.5489N,123.7016W,2.1,316,3.3,20.5,33.3,3.8,19.8,34.4,3.7,1027.8,,,,,*71
 
INSERT
DATA  xxrecord 2012-02-15 19:00:05 :: $W5M5A,120215,190005,660d0028449ce246,1,DAS 2,,,2.0,317,3.4,19.9,34.1,3.6,19.3,35.3,3.6,1028.1,,,,,*5A
 
INSERT
STATION sbdservice
IRID_ID 300224010734970
BODY 
Content-Type: application/x-zip-compressed; name="SBMmessage.sbd"
Content-Disposition: attachment; filename="300224010734970_002299.sbd"
Content-Transfer-Encoding: base64

JFc1TTVBLDEyMDIxNSwyMDAwMDUsNjYwZDAwMjg0NDljZTI0NiwxLERBUyAy
LDUwNTMuNTQ3OE4sMTIzLjcwMjZXLDIuMCwzMTcsMy41LDE5LjUsMzQuNCwz
LjQsMTkuMCwzNS40LDMuNCwxMDI4LjUsLCwsLCo3Rg0KDQokVzVNNUEsMTIw
MjE1LDIwMDAwNSw2NjBkMDAyODQ0OWNlMjQ2LDIsREFTIDIsMTMuMSwxMy4y
LDAuMiwwLjQsMC4wMCw1NjgsNTY4LDE1Nyw2MzAsMCwzNDguMSwyMi40OCw4
NzEqNkYNCg0KJFc1TTVBLDEyMDIxNSwyMDAwMDUsNjYwZDAwMjg0NDljZTI0
NiwzLCoxNw0KDQo=

--SBD.Boundary.605592468
PROCESS /noc/users/iridburst/exec/irid_300224010734970_upd.pl
Last Run  ----1970-01-01 00:00:00 
MONTH  5 
DATA  xxrecord 2012-02-15 20:00:05 :: $W5M5A,120215,200005,660d0028449ce246,1,DAS 2,5053.5478N,123.7026W,2.0,317,3.5,19.5,34.4,3.4,19.0,35.4,3.4,1028.5,,,,,*7F
 
INSERT
STATION sbdservice
IRID_ID 300224010734970
BODY 
Content-Type: application/x-zip-compressed; name="SBMmessage.sbd"
Content-Disposition: attachment; filename="300224010734970_002300.sbd"
Content-Transfer-Encoding: base64

JFc1TTVBLDEyMDIxNSwyMTAwMDUsNjYwZDAwMjg0NDljZTI0NiwxLERBUyAy
LCwsMi4wLDMxOCwzLjEsMTkuMiwzNC41LDMuMiwxOC43LDM1LjQsMy4yLDEw
MjguOSwsLCwsKjVFDQoNCiRXNU01QSwxMjAyMTUsMjEwMDA1LDY2MGQwMDI4
NDQ5Y2UyNDYsMixEQVMgMiwxMy4xLDEzLjIsMC4yLDAuNiwwLjAwLDU2OCw1
NjgsMTU3LDYzMSwwLDM0OC4xLDIyLjA5LDg3Myo2QQ0KDQokVzVNNUEsMTIw
MjE1LDIxMDAwNSw2NjBkMDAyODQ0OWNlMjQ2LDMsKjE2DQoNCg==

--SBD.Boundary.605592468
PROCESS /noc/users/iridburst/exec/irid_300224010734970_upd.pl
Last Run  ----1970-01-01 00:00:00 
MONTH  5 
DATA  xxrecord 2012-02-15 21:00:05 :: $W5M5A,120215,210005,660d0028449ce246,1,DAS 2,,,2.0,318,3.1,19.2,34.5,3.2,18.7,35.4,3.2,1028.9,,,,,*5E
 
INSERT
STATION sbdservice
IRID_ID 300224010734970
BODY 
Content-Type: application/x-zip-compressed; name="SBMmessage.sbd"
Content-Disposition: attachment; filename="300224010734970_002301.sbd"
Content-Transfer-Encoding: base64

JFc1TTVBLDEyMDIxNSwyMjAwMDUsNjYwZDAwMjg0NDljZTI0NiwxLERBUyAy
LDUwNTMuNTQ3NU4sMTIzLjY5MzhXLDIuMSwzMTYsMy4zLDE5LjAsMzQuNSwz
LjAsMTguNSwzNS40LDMuMCwxMDI5LjMsLCwsLCo3Ng0KDQokVzVNNUEsMTIw
MjE1LDIyMDAwNSw2NjBkMDAyODQ0OWNlMjQ2LDIsREFTIDIsMTMuMSwxMy4x
LDAuMiwwLjUsMC4wMCw1NjgsNTY4LDE1Nyw2MzEsMCwzNDguMCwyMS43MCw4
NjgqNkYNCg0KJFc1TTVBLDEyMDIxNSwyMjAwMDUsNjYwZDAwMjg0NDljZTI0
NiwzLCoxNQ0KDQo=

--SBD.Boundary.605592468
PROCESS /noc/users/iridburst/exec/irid_300224010734970_upd.pl
Last Run  ----1970-01-01 00:00:00 
MONTH  5 
DATA  xxrecord 2012-02-15 22:00:05 :: $W5M5A,120215,220005,660d0028449ce246,1,DAS 2,5053.5475N,123.6938W,2.1,316,3.3,19.0,34.5,3.0,18.5,35.4,3.0,1029.3,,,,,*76
 
INSERT
STATION sbdservice
IRID_ID 300224010734970
BODY 
Content-Type: application/x-zip-compressed; name="SBMmessage.sbd"
Content-Disposition: attachment; filename="300224010734970_002302.sbd"
Content-Transfer-Encoding: base64

JFc1TTVBLDEyMDIxNSwyMzAwMDUsNjYwZDAwMjg0NDljZTI0NiwxLERBUyAy
LCwsMi4wLDMxNywzLjcsMTguOSwzNC41LDIuOSwxOC40LDM1LjQsMi44LDEw
MjkuNSwsLCwsKjUwDQoNCiRXNU01QSwxMjAyMTUsMjMwMDA1LDY2MGQwMDI4
NDQ5Y2UyNDYsMixEQVMgMiwxMy4xLDEzLjIsMC4yLDAuNiwwLjAwLDU2OCw1
NjgsMTU3LDYzMCwwLDM0OC4xLDIxLjcwLDg2OSo2Rg0KDQokVzVNNUEsMTIw
MjE1LDIzMDAwNSw2NjBkMDAyODQ0OWNlMjQ2LDMsKjE0DQoNCiRXNU01QSwx
MjAyMTYsMDAwMDA1LDY2MGQwMDI4NDQ5Y2UyNDYsMSxEQVMgMiw1MDUzLjU1
NDBOLDEyMy42OTAxVywyLjAsMzE4LDMuMywxOC44LDM0LjYsMi44LDE4LjMs
MzUuNCwyLjcsMTAyOS43LCwsLCwqNzANCg0KJFc1TTVBLDEyMDIxNiwwMDAw
MDUsNjYwZDAwMjg0NDljZTI0NiwyLERBUyAyLDEzLjAsMTMuMiwwLjIsMC45
LDAuMDAsNTY4LDU2OCwxNTcsNjMwLDAsMzQ4LjEsMjEuNzAsODcxKjZBDQoN
CiRXNU01QSwxMjAyMTYsMDAwMDA1LDY2MGQwMDI4NDQ5Y2UyNDYsMywqMTYN
Cg0KJFc1TTVBLDEyMDIxNiwwMTAwMDUsNjYwZDAwMjg0NDljZTI0NiwxLERB
UyAyLCwsMi4wLDMxNywzLjEsMTguNiwzNC42LDIuNywxOC4yLDM1LjQsMi42
LDEwMjkuOSwsLCwsKjUzDQoNCiRXNU01QSwxMjAyMTYsMDEwMDA1LDY2MGQw
MDI4NDQ5Y2UyNDYsMixEQVMgMiwxMy4xLDEzLjIsMC4yLDAuNCwwLjAwLDU2
OCw1NjgsMTU3LDYzMSwwLDM0OC4xLDIxLjMxLDg3MCo2Mg0KDQokVzVNNUEs
MTIwMjE2LDAxMDAwNSw2NjBkMDAyODQ0OWNlMjQ2LDMsKjE3DQoNCg==

--SBD.Boundary.605592468
PROCESS /noc/users/iridburst/exec/irid_300224010734970_upd.pl
Last Run  ----1970-01-01 00:00:00 
MONTH  5 
DATA  xxrecord 2012-02-15 23:00:05 :: $W5M5A,120215,230005,660d0028449ce246,1,DAS 2,,,2.0,317,3.7,18.9,34.5,2.9,18.4,35.4,2.8,1029.5,,,,,*50
 
INSERT
DATA  xxrecord 2012-02-16 00:00:05 :: $W5M5A,120216,000005,660d0028449ce246,1,DAS 2,5053.5540N,123.6901W,2.0,318,3.3,18.8,34.6,2.8,18.3,35.4,2.7,1029.7,,,,,*70
 
INSERT
DATA  xxrecord 2012-02-16 01:00:05 :: $W5M5A,120216,010005,660d0028449ce246,1,DAS 2,,,2.0,317,3.1,18.6,34.6,2.7,18.2,35.4,2.6,1029.9,,,,,*53
 
INSERT
STATION sbdservice
IRID_ID 300224010734970
BODY 
Content-Type: application/x-zip-compressed; name="SBMmessage.sbd"
Content-Disposition: attachment; filename="300224010734970_002303.sbd"
Content-Transfer-Encoding: base64

JFc1TTVBLDEyMDIxNiwwMjAwMDUsNjYwZDAwMjg0NDljZTI0NiwxLERBUyAy
LDUwNTMuNTQ5OU4sMTIzLjY4OTVXLDIuMCwzMTksMi45LDE4LjYsMzQuNCwy
LjYsMTguMSwzNS4zLDIuNSwxMDI5LjUsLCwsLCo3Ng0KDQokVzVNNUEsMTIw
MjE2LDAyMDAwNSw2NjBkMDAyODQ0OWNlMjQ2LDIsREFTIDIsMTMuMCwxMy4x
LDAuMiwwLjgsMC4wMCw1NjgsNTY4LDE1Nyw2MzEsMCwzNDguMSwyMS4zMSw4
NzQqNkINCg0KJFc1TTVBLDEyMDIxNiwwMjAwMDUsNjYwZDAwMjg0NDljZTI0
NiwzLCoxNA0KDQo=

--SBD.Boundary.605592468
PROCESS /noc/users/iridburst/exec/irid_300224010734970_upd.pl
Last Run  ----1970-01-01 00:00:00 
MONTH  5 
DATA  xxrecord 2012-02-16 02:00:05 :: $W5M5A,120216,020005,660d0028449ce246,1,DAS 2,5053.5499N,123.6895W,2.0,319,2.9,18.6,34.4,2.6,18.1,35.3,2.5,1029.5,,,,,*76
 
INSERT
STATION sbdservice
IRID_ID 300224010734970
BODY 
Content-Type: application/x-zip-compressed; name="SBMmessage.sbd"
Content-Disposition: attachment; filename="300224010734970_002304.sbd"
Content-Transfer-Encoding: base64

JFc1TTVBLDEyMDIxNiwwMzAwMDUsNjYwZDAwMjg0NDljZTI0NiwxLERBUyAy
LCwsMi4wLDMxOCwzLjUsMTguNSwzNC40LDIuNSwxOC4wLDM1LjIsMi40LDEw
MjkuMCwsLCwsKjU2DQoNCiRXNU01QSwxMjAyMTYsMDMwMDA1LDY2MGQwMDI4
NDQ5Y2UyNDYsMixEQVMgMiwxMy4xLDEzLjIsMC4yLDAuNCwwLjAxLDU2OCw1
NjgsMTU3LDYzMSwwLDM0OC4xLDIxLjMxLDg2OSo2OQ0KDQokVzVNNUEsMTIw
MjE2LDAzMDAwNSw2NjBkMDAyODQ0OWNlMjQ2LDMsKjE1DQoNCiRXNU01QSwx
MjAyMTYsMDQwMDA1LDY2MGQwMDI4NDQ5Y2UyNDYsMSxEQVMgMiw1MDUzLjU1
OThOLDEyMy42ODQyVywyLjEsMzE5LDMuMiwxOC40LDM0LjQsMi40LDE3Ljks
MzUuMiwyLjMsMTAyOC45LCwsLCwqN0MNCg0KJFc1TTVBLDEyMDIxNiwwNDAw
MDUsNjYwZDAwMjg0NDljZTI0NiwyLERBUyAyLDEzLjEsMTMuMiwwLjIsMC40
LDAuMDEsNTY4LDU2OCwxNTcsNjMxLDAsMzQ4LjEsMjEuMzEsODcyKjY0DQoN
CiRXNU01QSwxMjAyMTYsMDQwMDA1LDY2MGQwMDI4NDQ5Y2UyNDYsMywqMTIN
Cg0K

--SBD.Boundary.605592468
PROCESS /noc/users/iridburst/exec/irid_300224010734970_upd.pl
Last Run  ----1970-01-01 00:00:00 
MONTH  5 
DATA  xxrecord 2012-02-16 03:00:05 :: $W5M5A,120216,030005,660d0028449ce246,1,DAS 2,,,2.0,318,3.5,18.5,34.4,2.5,18.0,35.2,2.4,1029.0,,,,,*56
 
INSERT
DATA  xxrecord 2012-02-16 04:00:05 :: $W5M5A,120216,040005,660d0028449ce246,1,DAS 2,5053.5598N,123.6842W,2.1,319,3.2,18.4,34.4,2.4,17.9,35.2,2.3,1028.9,,,,,*7C
 
INSERT
STATION sbdservice
IRID_ID 300224010734970
BODY --

From sbdservice@sbd.iridium.com Thu Feb 16 06:04:58 2012
Return-Path: <sbdservice@sbd.iridium.com>
Received: from istbsp01.sbd.iridium.com (outbound.sbd.iridium.com [12.47.179.11])
	by mercury.noc.soton.ac.uk (8.13.1/8.12.11) with ESMTP id q1G74rYG008075
	for <iridburst@noc.soton.ac.uk>; Thu, 16 Feb 2012 07:04:53 GMT
Reply-To: <sbdservice@sbd.iridium.com>
From: sbdservice@sbd.iridium.com
To: iridburst@noc.soton.ac.uk
Subject: SBD Msg From Unit: 300224010734970
MIME-Version: 1.0
Content-Type: multipart/mixed;boundary="SBD.Boundary.605592468"
Message-Id: <19740412024625.F4DE7CC8331E6191@istbsp01.sbd.iridium.com>
Date: Thu, 16 Feb 2012 07:04:52 +0000 (GMT)
X-NOCS-MailScanner-Information: Please contact the ISP for more information
X-NOCS-MailScanner-ID: q1G74rYG008075
X-NOCS-MailScanner: Found to be clean
X-NOCS-MailScanner-SpamCheck: not spam (whitelisted),
	SpamAssassin (not cached, score=-2.599, required 5,
	autolearn=not spam, BAYES_00 -2.60)
X-NOCS-MailScanner-From: sbdservice@sbd.iridium.com
X-Spam-Status: No

SBM Message
--SBD.Boundary.605592468
PROCESS /noc/users/iridburst/exec/irid_300224010734970_upd.pl
Last Run  ----1970-01-01 00:00:00 
MONTH  5 
DATA  xxrecord 2012-02-16 03:00:05 :: $W5M5A,120216,030005,660d0028449ce246,1,DAS 2,,,2.0,318,3.5,18.5,34.4,2.5,18.0,35.2,2.4,1029.0,,,,,*56
 
DATA  xxrecord 2012-02-16 04:00:05 :: $W5M5A,120216,040005,660d0028449ce246,1,DAS 2,5053.5598N,123.6842W,2.1,319,3.2,18.4,34.4,2.4,17.9,35.2,2.3,1028.9,,,,,*7C
 
STATION sbdservice
IRID_ID 300224010734970
BODY --

From sbdservice@sbd.iridium.com Thu Feb 16 09:00:52 2012
Return-Path: <sbdservice@sbd.iridium.com>
Received: from istbsp01.sbd.iridium.com (outbound.sbd.iridium.com [12.47.179.11])
	by mercury.noc.soton.ac.uk (8.13.1/8.12.11) with ESMTP id q1GA0fuA009523
	for <iridburst@noc.soton.ac.uk>; Thu, 16 Feb 2012 10:00:42 GMT
Reply-To: <sbdservice@sbd.iridium.com>
From: sbdservice@sbd.iridium.com
To: iridburst@noc.soton.ac.uk
Subject: SBD Msg From Unit: 300224010734970
MIME-Version: 1.0
Content-Type: multipart/mixed;boundary="SBD.Boundary.605592468"
Message-Id: <19740412024625.E12F6EFBB32FFEB9@istbsp01.sbd.iridium.com>
Date: Thu, 16 Feb 2012 10:00:40 +0000 (GMT)
X-NOCS-MailScanner-Information: Please contact the ISP for more information
X-NOCS-MailScanner-ID: q1GA0fuA009523
X-NOCS-MailScanner: Found to be clean
X-NOCS-MailScanner-SpamCheck: not spam (whitelisted),
	SpamAssassin (not cached, score=-2.599, required 5,
	autolearn=not spam, BAYES_00 -2.60)
X-NOCS-MailScanner-From: sbdservice@sbd.iridium.com
X-Spam-Status: No

SBM Message
--SBD.Boundary.605592468
PROCESS /noc/users/iridburst/exec/irid_300224010734970_upd.pl
Last Run  ----1970-01-01 00:00:00 
MONTH  5 
DATA  xxrecord 2012-02-16 03:00:05 :: $W5M5A,120216,030005,660d0028449ce246,1,DAS 2,,,2.0,318,3.5,18.5,34.4,2.5,18.0,35.2,2.4,1029.0,,,,,*56
 
DATA  xxrecord 2012-02-16 04:00:05 :: $W5M5A,120216,040005,660d0028449ce246,1,DAS 2,5053.5598N,123.6842W,2.1,319,3.2,18.4,34.4,2.4,17.9,35.2,2.3,1028.9,,,,,*7C
 
STATION sbdservice
IRID_ID 300224010734970
BODY --

From sbdservice@sbd.iridium.com Thu Feb 16 11:00:43 2012
Return-Path: <sbdservice@sbd.iridium.com>
Received: from istbsp01.sbd.iridium.com (outbound.sbd.iridium.com [12.47.179.11])
	by mercury.noc.soton.ac.uk (8.13.1/8.12.11) with ESMTP id q1GC0b6S001677
	for <iridburst@noc.soton.ac.uk>; Thu, 16 Feb 2012 12:00:38 GMT
Reply-To: <sbdservice@sbd.iridium.com>
From: sbdservice@sbd.iridium.com
To: iridburst@noc.soton.ac.uk
Subject: SBD Msg From Unit: 300224010734970
MIME-Version: 1.0
Content-Type: multipart/mixed;boundary="SBD.Boundary.605592468"
Message-Id: <19740412024625.67607DC93F3E96E7@istbsp01.sbd.iridium.com>
Date: Thu, 16 Feb 2012 12:00:37 +0000 (GMT)
X-NOCS-MailScanner-Information: Please contact the ISP for more information
X-NOCS-MailScanner-ID: q1GC0b6S001677
X-NOCS-MailScanner: Found to be clean
X-NOCS-MailScanner-SpamCheck: not spam (whitelisted),
	SpamAssassin (not cached, score=-2.599, required 5,
	autolearn=not spam, BAYES_00 -2.60)
X-NOCS-MailScanner-From: sbdservice@sbd.iridium.com
X-Spam-Status: No

SBM Message
--SBD.Boundary.605592468
PROCESS /noc/users/iridburst/exec/irid_300224010734970_upd.pl
Last Run  ----1970-01-01 00:00:00 
MONTH  5 
DATA  xxrecord 2012-02-16 03:00:05 :: $W5M5A,120216,030005,660d0028449ce246,1,DAS 2,,,2.0,318,3.5,18.5,34.4,2.5,18.0,35.2,2.4,1029.0,,,,,*56
 
DATA  xxrecord 2012-02-16 04:00:05 :: $W5M5A,120216,040005,660d0028449ce246,1,DAS 2,5053.5598N,123.6842W,2.1,319,3.2,18.4,34.4,2.4,17.9,35.2,2.3,1028.9,,,,,*7C
 
STATION sbdservice
IRID_ID 300224010734970
BODY --

From sbdservice@sbd.iridium.com Thu Feb 16 13:00:41 2012
Return-Path: <sbdservice@sbd.iridium.com>
Received: from istbsp01.sbd.iridium.com (outbound.sbd.iridium.com [12.47.179.11])
	by mercury.noc.soton.ac.uk (8.13.1/8.12.11) with ESMTP id q1GE0ZUt024480
	for <iridburst@noc.soton.ac.uk>; Thu, 16 Feb 2012 14:00:36 GMT
Reply-To: <sbdservice@sbd.iridium.com>
From: sbdservice@sbd.iridium.com
To: iridburst@noc.soton.ac.uk
Subject: SBD Msg From Unit: 300224010734970
MIME-Version: 1.0
Content-Type: multipart/mixed;boundary="SBD.Boundary.605592468"
Message-Id: <19740412024625.0C484CF8332D69DE@istbsp01.sbd.iridium.com>
Date: Thu, 16 Feb 2012 14:00:34 +0000 (GMT)
X-NOCS-MailScanner-Information: Please contact the ISP for more information
X-NOCS-MailScanner-ID: q1GE0ZUt024480
X-NOCS-MailScanner: Found to be clean
X-NOCS-MailScanner-SpamCheck: not spam (whitelisted),
	SpamAssassin (not cached, score=-2.599, required 5,
	autolearn=not spam, BAYES_00 -2.60)
X-NOCS-MailScanner-From: sbdservice@sbd.iridium.com
X-Spam-Status: No

SBM Message
--SBD.Boundary.605592468
PROCESS /noc/users/iridburst/exec/irid_300224010734970_upd.pl
Last Run  ----1970-01-01 00:00:00 
MONTH  5 
DATA  xxrecord 2012-02-16 03:00:05 :: $W5M5A,120216,030005,660d0028449ce246,1,DAS 2,,,2.0,318,3.5,18.5,34.4,2.5,18.0,35.2,2.4,1029.0,,,,,*56
 
DATA  xxrecord 2012-02-16 04:00:05 :: $W5M5A,120216,040005,660d0028449ce246,1,DAS 2,5053.5598N,123.6842W,2.1,319,3.2,18.4,34.4,2.4,17.9,35.2,2.3,1028.9,,,,,*7C
 
STATION sbdservice
IRID_ID 300224010734970
BODY --

From sbdservice@sbd.iridium.com Thu Feb 16 14:01:17 2012
Return-Path: <sbdservice@sbd.iridium.com>
Received: from istbsp02.sbd.iridium.com (outbound.sbd.iridium.com [12.47.179.11])
	by mercury.noc.soton.ac.uk (8.13.1/8.12.11) with ESMTP id q1GF14Z9003699
	for <iridburst@noc.soton.ac.uk>; Thu, 16 Feb 2012 15:01:05 GMT
Reply-To: <sbdservice@sbd.iridium.com>
From: sbdservice@sbd.iridium.com
To: iridburst@noc.soton.ac.uk
Subject: SBD Msg From Unit: 300224010734970
MIME-Version: 1.0
Content-Type: multipart/mixed;boundary="SBD.Boundary.605592468"
Message-Id: <19740412024625.E7714ED9B371982D@istbsp02.sbd.iridium.com>
Date: Thu, 16 Feb 2012 15:01:04 +0000 (GMT)
X-NOCS-MailScanner-Information: Please contact the ISP for more information
X-NOCS-MailScanner-ID: q1GF14Z9003699
X-NOCS-MailScanner: Found to be clean
X-NOCS-MailScanner-SpamCheck: not spam (whitelisted),
	SpamAssassin (not cached, score=-2.599, required 5,
	autolearn=not spam, BAYES_00 -2.60)
X-NOCS-MailScanner-From: sbdservice@sbd.iridium.com
X-Spam-Status: No

SBM Message
--SBD.Boundary.605592468
PROCESS /noc/users/iridburst/exec/irid_300224010734970_upd.pl
Last Run  ----1970-01-01 00:00:00 
MONTH  5 
DATA  xxrecord 2012-02-16 03:00:05 :: $W5M5A,120216,030005,660d0028449ce246,1,DAS 2,,,2.0,318,3.5,18.5,34.4,2.5,18.0,35.2,2.4,1029.0,,,,,*56
 
DATA  xxrecord 2012-02-16 04:00:05 :: $W5M5A,120216,040005,660d0028449ce246,1,DAS 2,5053.5598N,123.6842W,2.1,319,3.2,18.4,34.4,2.4,17.9,35.2,2.3,1028.9,,,,,*7C
 
STATION sbdservice
IRID_ID 300224010734970
BODY --

From sbdservice@sbd.iridium.com Thu Feb 16 15:00:52 2012
Return-Path: <sbdservice@sbd.iridium.com>
Received: from istbsp02.sbd.iridium.com (outbound.sbd.iridium.com [12.47.179.11])
	by mercury.noc.soton.ac.uk (8.13.1/8.12.11) with ESMTP id q1GG0luk017705
	for <iridburst@noc.soton.ac.uk>; Thu, 16 Feb 2012 16:00:47 GMT
Reply-To: <sbdservice@sbd.iridium.com>
From: sbdservice@sbd.iridium.com
To: iridburst@noc.soton.ac.uk
Subject: SBD Msg From Unit: 300224010734970
MIME-Version: 1.0
Content-Type: multipart/mixed;boundary="SBD.Boundary.605592468"
Message-Id: <19740412024625.45C96DD87F63E874@istbsp02.sbd.iridium.com>
Date: Thu, 16 Feb 2012 16:00:46 +0000 (GMT)
X-NOCS-MailScanner-Information: Please contact the ISP for more information
X-NOCS-MailScanner-ID: q1GG0luk017705
X-NOCS-MailScanner: Found to be clean
X-NOCS-MailScanner-SpamCheck: not spam (whitelisted),
	SpamAssassin (not cached, score=-2.599, required 5,
	autolearn=not spam, BAYES_00 -2.60)
X-NOCS-MailScanner-From: sbdservice@sbd.iridium.com
X-Spam-Status: No

SBM Message
--SBD.Boundary.605592468
PROCESS /noc/users/iridburst/exec/irid_300224010734970_upd.pl
Last Run  ----1970-01-01 00:00:00 
MONTH  5 
DATA  xxrecord 2012-02-16 03:00:05 :: $W5M5A,120216,030005,660d0028449ce246,1,DAS 2,,,2.0,318,3.5,18.5,34.4,2.5,18.0,35.2,2.4,1029.0,,,,,*56
 
DATA  xxrecord 2012-02-16 04:00:05 :: $W5M5A,120216,040005,660d0028449ce246,1,DAS 2,5053.5598N,123.6842W,2.1,319,3.2,18.4,34.4,2.4,17.9,35.2,2.3,1028.9,,,,,*7C
 
STATION sbdservice
IRID_ID 300224010734970
BODY --

From sbdservice@sbd.iridium.com Thu Feb 16 16:00:45 2012
Return-Path: <sbdservice@sbd.iridium.com>
Received: from istbsp01.sbd.iridium.com (outbound.sbd.iridium.com [12.47.179.11])
	by mercury.noc.soton.ac.uk (8.13.1/8.12.11) with ESMTP id q1GH0dx9032095
	for <iridburst@noc.soton.ac.uk>; Thu, 16 Feb 2012 17:00:40 GMT
Reply-To: <sbdservice@sbd.iridium.com>
From: sbdservice@sbd.iridium.com
To: iridburst@noc.soton.ac.uk
Subject: SBD Msg From Unit: 300224010734970
MIME-Version: 1.0
Content-Type: multipart/mixed;boundary="SBD.Boundary.605592468"
Message-Id: <19740412024625.037E7FD9332CA7A5@istbsp01.sbd.iridium.com>
Date: Thu, 16 Feb 2012 17:00:39 +0000 (GMT)
X-NOCS-MailScanner-Information: Please contact the ISP for more information
X-NOCS-MailScanner-ID: q1GH0dx9032095
X-NOCS-MailScanner: Found to be clean
X-NOCS-MailScanner-SpamCheck: not spam (whitelisted),
	SpamAssassin (not cached, score=-2.599, required 5,
	autolearn=not spam, BAYES_00 -2.60)
X-NOCS-MailScanner-From: sbdservice@sbd.iridium.com
X-Spam-Status: No

SBM Message
--SBD.Boundary.605592468
PROCESS /noc/users/iridburst/exec/irid_300224010734970_upd.pl
Last Run  ----1970-01-01 00:00:00 
MONTH  5 
DATA  xxrecord 2012-02-16 03:00:05 :: $W5M5A,120216,030005,660d0028449ce246,1,DAS 2,,,2.0,318,3.5,18.5,34.4,2.5,18.0,35.2,2.4,1029.0,,,,,*56
 
DATA  xxrecord 2012-02-16 04:00:05 :: $W5M5A,120216,040005,660d0028449ce246,1,DAS 2,5053.5598N,123.6842W,2.1,319,3.2,18.4,34.4,2.4,17.9,35.2,2.3,1028.9,,,,,*7C
 
STATION sbdservice
IRID_ID 300224010734970
BODY --

From sbdservice@sbd.iridium.com Thu Feb 16 17:00:38 2012
Return-Path: <sbdservice@sbd.iridium.com>
Received: from istbsp01.sbd.iridium.com (outbound.sbd.iridium.com [12.47.179.11])
	by mercury.noc.soton.ac.uk (8.13.1/8.12.11) with ESMTP id q1GI0VTK011100
	for <iridburst@noc.soton.ac.uk>; Thu, 16 Feb 2012 18:00:31 GMT
Reply-To: <sbdservice@sbd.iridium.com>
From: sbdservice@sbd.iridium.com
To: iridburst@noc.soton.ac.uk
Subject: SBD Msg From Unit: 300224010734970
MIME-Version: 1.0
Content-Type: multipart/mixed;boundary="SBD.Boundary.605592468"
Message-Id: <19740412024625.51767EDB3B0DF4B9@istbsp01.sbd.iridium.com>
Date: Thu, 16 Feb 2012 18:00:31 +0000 (GMT)
X-NOCS-MailScanner-Information: Please contact the ISP for more information
X-NOCS-MailScanner-ID: q1GI0VTK011100
X-NOCS-MailScanner: Found to be clean
X-NOCS-MailScanner-SpamCheck: not spam (whitelisted),
	SpamAssassin (not cached, score=-2.599, required 5,
	autolearn=not spam, BAYES_00 -2.60)
X-NOCS-MailScanner-From: sbdservice@sbd.iridium.com
X-Spam-Status: No

SBM Message
--SBD.Boundary.605592468
PROCESS /noc/users/iridburst/exec/irid_300224010734970_upd.pl
Last Run  ----1970-01-01 00:00:00 
MONTH  5 
DATA  xxrecord 2012-02-16 03:00:05 :: $W5M5A,120216,030005,660d0028449ce246,1,DAS 2,,,2.0,318,3.5,18.5,34.4,2.5,18.0,35.2,2.4,1029.0,,,,,*56
 
DATA  xxrecord 2012-02-16 04:00:05 :: $W5M5A,120216,040005,660d0028449ce246,1,DAS 2,5053.5598N,123.6842W,2.1,319,3.2,18.4,34.4,2.4,17.9,35.2,2.3,1028.9,,,,,*7C
 
STATION sbdservice
IRID_ID 300224010734970
BODY --

From sbdservice@sbd.iridium.com Thu Feb 16 18:04:41 2012
Return-Path: <sbdservice@sbd.iridium.com>
Received: from istbsp02.sbd.iridium.com (outbound.sbd.iridium.com [12.47.179.11])
	by mercury.noc.soton.ac.uk (8.13.1/8.12.11) with ESMTP id q1GJ4aOw022506
	for <iridburst@noc.soton.ac.uk>; Thu, 16 Feb 2012 19:04:36 GMT
Reply-To: <sbdservice@sbd.iridium.com>
From: sbdservice@sbd.iridium.com
To: iridburst@noc.soton.ac.uk
Subject: SBD Msg From Unit: 300224010734970
MIME-Version: 1.0
Content-Type: multipart/mixed;boundary="SBD.Boundary.605592468"
Message-Id: <19740412024625.8CF77DE93F53BE7B@istbsp02.sbd.iridium.com>
Date: Thu, 16 Feb 2012 19:04:36 +0000 (GMT)
X-NOCS-MailScanner-Information: Please contact the ISP for more information
X-NOCS-MailScanner-ID: q1GJ4aOw022506
X-NOCS-MailScanner: Found to be clean
X-NOCS-MailScanner-SpamCheck: not spam (whitelisted),
	SpamAssassin (not cached, score=-2.599, required 5,
	autolearn=not spam, BAYES_00 -2.60)
X-NOCS-MailScanner-From: sbdservice@sbd.iridium.com
X-Spam-Status: No

SBM Message
--SBD.Boundary.605592468
PROCESS /noc/users/iridburst/exec/irid_300224010734970_upd.pl
Last Run  ----1970-01-01 00:00:00 
MONTH  5 
DATA  xxrecord 2012-02-16 03:00:05 :: $W5M5A,120216,030005,660d0028449ce246,1,DAS 2,,,2.0,318,3.5,18.5,34.4,2.5,18.0,35.2,2.4,1029.0,,,,,*56
 
DATA  xxrecord 2012-02-16 04:00:05 :: $W5M5A,120216,040005,660d0028449ce246,1,DAS 2,5053.5598N,123.6842W,2.1,319,3.2,18.4,34.4,2.4,17.9,35.2,2.3,1028.9,,,,,*7C
 
STATION sbdservice
IRID_ID 300224010734970
BODY --

From sbdservice@sbd.iridium.com Thu Feb 16 19:04:12 2012
Return-Path: <sbdservice@sbd.iridium.com>
Received: from istbsp02.sbd.iridium.com (outbound.sbd.iridium.com [12.47.179.11])
	by mercury.noc.soton.ac.uk (8.13.1/8.12.11) with ESMTP id q1GK4243030841
	for <iridburst@noc.soton.ac.uk>; Thu, 16 Feb 2012 20:04:03 GMT
Reply-To: <sbdservice@sbd.iridium.com>
From: sbdservice@sbd.iridium.com
To: iridburst@noc.soton.ac.uk
Subject: SBD Msg From Unit: 300224010734970
MIME-Version: 1.0
Content-Type: multipart/mixed;boundary="SBD.Boundary.605592468"
Message-Id: <19740412024625.E90C7EEBBF727363@istbsp02.sbd.iridium.com>
Date: Thu, 16 Feb 2012 20:04:00 +0000 (GMT)
X-NOCS-MailScanner-Information: Please contact the ISP for more information
X-NOCS-MailScanner-ID: q1GK4243030841
X-NOCS-MailScanner: Found to be clean
X-NOCS-MailScanner-SpamCheck: not spam (whitelisted),
	SpamAssassin (not cached, score=-2.599, required 5,
	autolearn=not spam, BAYES_00 -2.60)
X-NOCS-MailScanner-From: sbdservice@sbd.iridium.com
X-Spam-Status: No

SBM Message
--SBD.Boundary.605592468
PROCESS /noc/users/iridburst/exec/irid_300224010734970_upd.pl
Last Run  ----1970-01-01 00:00:00 
MONTH  5 
DATA  xxrecord 2012-02-16 03:00:05 :: $W5M5A,120216,030005,660d0028449ce246,1,DAS 2,,,2.0,318,3.5,18.5,34.4,2.5,18.0,35.2,2.4,1029.0,,,,,*56
 
DATA  xxrecord 2012-02-16 04:00:05 :: $W5M5A,120216,040005,660d0028449ce246,1,DAS 2,5053.5598N,123.6842W,2.1,319,3.2,18.4,34.4,2.4,17.9,35.2,2.3,1028.9,,,,,*7C
 
STATION sbdservice
IRID_ID 300224010734970
BODY --

From sbdservice@sbd.iridium.com Thu Feb 16 20:00:38 2012
Return-Path: <sbdservice@sbd.iridium.com>
Received: from istbsp01.sbd.iridium.com (outbound.sbd.iridium.com [12.47.179.11])
	by mercury.noc.soton.ac.uk (8.13.1/8.12.11) with ESMTP id q1GL0TPj005959
	for <iridburst@noc.soton.ac.uk>; Thu, 16 Feb 2012 21:00:29 GMT
Reply-To: <sbdservice@sbd.iridium.com>
From: sbdservice@sbd.iridium.com
To: iridburst@noc.soton.ac.uk
Subject: SBD Msg From Unit: 300224010734970
MIME-Version: 1.0
Content-Type: multipart/mixed;boundary="SBD.Boundary.605592468"
Message-Id: <19740412024625.98745ECA772DDE6A@istbsp01.sbd.iridium.com>
Date: Thu, 16 Feb 2012 21:00:28 +0000 (GMT)
X-NOCS-MailScanner-Information: Please contact the ISP for more information
X-NOCS-MailScanner-ID: q1GL0TPj005959
X-NOCS-MailScanner: Found to be clean
X-NOCS-MailScanner-SpamCheck: not spam (whitelisted),
	SpamAssassin (not cached, score=-2.599, required 5,
	autolearn=not spam, BAYES_00 -2.60)
X-NOCS-MailScanner-From: sbdservice@sbd.iridium.com
X-Spam-Status: No

SBM Message
--SBD.Boundary.605592468
PROCESS /noc/users/iridburst/exec/irid_300224010734970_upd.pl
Last Run  ----1970-01-01 00:00:00 
MONTH  5 
DATA  xxrecord 2012-02-16 03:00:05 :: $W5M5A,120216,030005,660d0028449ce246,1,DAS 2,,,2.0,318,3.5,18.5,34.4,2.5,18.0,35.2,2.4,1029.0,,,,,*56
 
DATA  xxrecord 2012-02-16 04:00:05 :: $W5M5A,120216,040005,660d0028449ce246,1,DAS 2,5053.5598N,123.6842W,2.1,319,3.2,18.4,34.4,2.4,17.9,35.2,2.3,1028.9,,,,,*7C
 
STATION sbdservice
IRID_ID 300224010734970
BODY --

From sbdservice@sbd.iridium.com Thu Feb 16 22:01:10 2012
Return-Path: <sbdservice@sbd.iridium.com>
Received: from istbsp01.sbd.iridium.com (outbound.sbd.iridium.com [12.47.179.11])
	by mercury.noc.soton.ac.uk (8.13.1/8.12.11) with ESMTP id q1GN16P1022931
	for <iridburst@noc.soton.ac.uk>; Thu, 16 Feb 2012 23:01:07 GMT
Reply-To: <sbdservice@sbd.iridium.com>
From: sbdservice@sbd.iridium.com
To: iridburst@noc.soton.ac.uk
Subject: SBD Msg From Unit: 300224010734970
MIME-Version: 1.0
Content-Type: multipart/mixed;boundary="SBD.Boundary.605592468"
Message-Id: <19740412024625.66426ECA370F9A58@istbsp01.sbd.iridium.com>
Date: Thu, 16 Feb 2012 23:01:05 +0000 (GMT)
X-NOCS-MailScanner-Information: Please contact the ISP for more information
X-NOCS-MailScanner-ID: q1GN16P1022931
X-NOCS-MailScanner: Found to be clean
X-NOCS-MailScanner-SpamCheck: not spam (whitelisted),
	SpamAssassin (not cached, score=-2.599, required 5,
	autolearn=not spam, BAYES_00 -2.60)
X-NOCS-MailScanner-From: sbdservice@sbd.iridium.com
X-Spam-Status: No

SBM Message
--SBD.Boundary.605592468
PROCESS /noc/users/iridburst/exec/irid_300224010734970_upd.pl
Last Run  ----1970-01-01 00:00:00 
MONTH  5 
DATA  xxrecord 2012-02-16 03:00:05 :: $W5M5A,120216,030005,660d0028449ce246,1,DAS 2,,,2.0,318,3.5,18.5,34.4,2.5,18.0,35.2,2.4,1029.0,,,,,*56
 
DATA  xxrecord 2012-02-16 04:00:05 :: $W5M5A,120216,040005,660d0028449ce246,1,DAS 2,5053.5598N,123.6842W,2.1,319,3.2,18.4,34.4,2.4,17.9,35.2,2.3,1028.9,,,,,*7C
 
STATION sbdservice
IRID_ID 300224010734970
BODY --

From sbdservice@sbd.iridium.com Fri Feb 17 00:04:13 2012
Return-Path: <sbdservice@sbd.iridium.com>
Received: from istbsp02.sbd.iridium.com (outbound.sbd.iridium.com [12.47.179.11])
	by mercury.noc.soton.ac.uk (8.13.1/8.12.11) with ESMTP id q1H140sj007239
	for <iridburst@noc.soton.ac.uk>; Fri, 17 Feb 2012 01:04:01 GMT
Reply-To: <sbdservice@sbd.iridium.com>
From: sbdservice@sbd.iridium.com
To: iridburst@noc.soton.ac.uk
Subject: SBD Msg From Unit: 300224010734970
MIME-Version: 1.0
Content-Type: multipart/mixed;boundary="SBD.Boundary.605592468"
Message-Id: <19740412024625.29524CF9BB60C23F@istbsp02.sbd.iridium.com>
Date: Fri, 17 Feb 2012 01:03:59 +0000 (GMT)
X-NOCS-MailScanner-Information: Please contact the ISP for more information
X-NOCS-MailScanner-ID: q1H140sj007239
X-NOCS-MailScanner: Found to be clean
X-NOCS-MailScanner-SpamCheck: not spam (whitelisted),
	SpamAssassin (not cached, score=-2.599, required 5,
	autolearn=not spam, BAYES_00 -2.60)
X-NOCS-MailScanner-From: sbdservice@sbd.iridium.com
X-Spam-Status: No

SBM Message
--SBD.Boundary.605592468
PROCESS /noc/users/iridburst/exec/irid_300224010734970_upd.pl
Last Run  ----1970-01-01 00:00:00 
MONTH  5 
DATA  xxrecord 2012-02-16 03:00:05 :: $W5M5A,120216,030005,660d0028449ce246,1,DAS 2,,,2.0,318,3.5,18.5,34.4,2.5,18.0,35.2,2.4,1029.0,,,,,*56
 
DATA  xxrecord 2012-02-16 04:00:05 :: $W5M5A,120216,040005,660d0028449ce246,1,DAS 2,5053.5598N,123.6842W,2.1,319,3.2,18.4,34.4,2.4,17.9,35.2,2.3,1028.9,,,,,*7C
 
STATION sbdservice
IRID_ID 300224010734970
BODY --

From sbdservice@sbd.iridium.com Fri Feb 17 01:00:39 2012
Return-Path: <sbdservice@sbd.iridium.com>
Received: from istbsp01.sbd.iridium.com (outbound.sbd.iridium.com [12.47.179.11])
	by mercury.noc.soton.ac.uk (8.13.1/8.12.11) with ESMTP id q1H20YBF015442
	for <iridburst@noc.soton.ac.uk>; Fri, 17 Feb 2012 02:00:34 GMT
Reply-To: <sbdservice@sbd.iridium.com>
From: sbdservice@sbd.iridium.com
To: iridburst@noc.soton.ac.uk
Subject: SBD Msg From Unit: 300224010734970
MIME-Version: 1.0
Content-Type: multipart/mixed;boundary="SBD.Boundary.605592468"
Message-Id: <19740412024625.915C4EFA331CCC78@istbsp01.sbd.iridium.com>
Date: Fri, 17 Feb 2012 02:00:33 +0000 (GMT)
X-NOCS-MailScanner-Information: Please contact the ISP for more information
X-NOCS-MailScanner-ID: q1H20YBF015442
X-NOCS-MailScanner: Found to be clean
X-NOCS-MailScanner-SpamCheck: not spam (whitelisted),
	SpamAssassin (not cached, score=-2.599, required 5,
	autolearn=not spam, BAYES_00 -2.60)
X-NOCS-MailScanner-From: sbdservice@sbd.iridium.com
X-Spam-Status: No

SBM Message
--SBD.Boundary.605592468
PROCESS /noc/users/iridburst/exec/irid_300224010734970_upd.pl
Last Run  ----1970-01-01 00:00:00 
MONTH  5 
DATA  xxrecord 2012-02-16 03:00:05 :: $W5M5A,120216,030005,660d0028449ce246,1,DAS 2,,,2.0,318,3.5,18.5,34.4,2.5,18.0,35.2,2.4,1029.0,,,,,*56
 
DATA  xxrecord 2012-02-16 04:00:05 :: $W5M5A,120216,040005,660d0028449ce246,1,DAS 2,5053.5598N,123.6842W,2.1,319,3.2,18.4,34.4,2.4,17.9,35.2,2.3,1028.9,,,,,*7C
 
STATION sbdservice
IRID_ID 300224010734970
BODY --

From sbdservice@sbd.iridium.com Fri Feb 17 03:00:41 2012
Return-Path: <sbdservice@sbd.iridium.com>
Received: from istbsp01.sbd.iridium.com (outbound.sbd.iridium.com [12.47.179.11])
	by mercury.noc.soton.ac.uk (8.13.1/8.12.11) with ESMTP id q1H40WaA031079
	for <iridburst@noc.soton.ac.uk>; Fri, 17 Feb 2012 04:00:33 GMT
Reply-To: <sbdservice@sbd.iridium.com>
From: sbdservice@sbd.iridium.com
To: iridburst@noc.soton.ac.uk
Subject: SBD Msg From Unit: 300224010734970
MIME-Version: 1.0
Content-Type: multipart/mixed;boundary="SBD.Boundary.605592468"
Message-Id: <19740412024625.5AB87CC9770FA4AE@istbsp01.sbd.iridium.com>
Date: Fri, 17 Feb 2012 04:00:31 +0000 (GMT)
X-NOCS-MailScanner-Information: Please contact the ISP for more information
X-NOCS-MailScanner-ID: q1H40WaA031079
X-NOCS-MailScanner: Found to be clean
X-NOCS-MailScanner-SpamCheck: not spam (whitelisted),
	SpamAssassin (not cached, score=-2.599, required 5,
	autolearn=not spam, BAYES_00 -2.60)
X-NOCS-MailScanner-From: sbdservice@sbd.iridium.com
X-Spam-Status: No

SBM Message
--SBD.Boundary.605592468
PROCESS /noc/users/iridburst/exec/irid_300224010734970_upd.pl
Last Run  ----1970-01-01 00:00:00 
MONTH  5 
DATA  xxrecord 2012-02-16 03:00:05 :: $W5M5A,120216,030005,660d0028449ce246,1,DAS 2,,,2.0,318,3.5,18.5,34.4,2.5,18.0,35.2,2.4,1029.0,,,,,*56
 
DATA  xxrecord 2012-02-16 04:00:05 :: $W5M5A,120216,040005,660d0028449ce246,1,DAS 2,5053.5598N,123.6842W,2.1,319,3.2,18.4,34.4,2.4,17.9,35.2,2.3,1028.9,,,,,*7C
 
STATION sbdservice
IRID_ID 300224010734970
BODY --

From sbdservice@sbd.iridium.com Fri Feb 17 05:01:29 2012
Return-Path: <sbdservice@sbd.iridium.com>
Received: from istbsp01.sbd.iridium.com (outbound.sbd.iridium.com [12.47.179.11])
	by mercury.noc.soton.ac.uk (8.13.1/8.12.11) with ESMTP id q1H61Pbk015746
	for <iridburst@noc.soton.ac.uk>; Fri, 17 Feb 2012 06:01:26 GMT
Reply-To: <sbdservice@sbd.iridium.com>
From: sbdservice@sbd.iridium.com
To: iridburst@noc.soton.ac.uk
Subject: SBD Msg From Unit: 300224010734970
MIME-Version: 1.0
Content-Type: multipart/mixed;boundary="SBD.Boundary.605592468"
Message-Id: <19740412024625.273C6FCA732D6DC5@istbsp01.sbd.iridium.com>
Date: Fri, 17 Feb 2012 06:01:25 +0000 (GMT)
X-NOCS-MailScanner-Information: Please contact the ISP for more information
X-NOCS-MailScanner-ID: q1H61Pbk015746
X-NOCS-MailScanner: Found to be clean
X-NOCS-MailScanner-SpamCheck: not spam (whitelisted),
	SpamAssassin (not cached, score=-2.599, required 5,
	autolearn=not spam, BAYES_00 -2.60)
X-NOCS-MailScanner-From: sbdservice@sbd.iridium.com
X-Spam-Status: No

SBM Message
--SBD.Boundary.605592468
PROCESS /noc/users/iridburst/exec/irid_300224010734970_upd.pl
Last Run  ----1970-01-01 00:00:00 
MONTH  5 
DATA  xxrecord 2012-02-16 03:00:05 :: $W5M5A,120216,030005,660d0028449ce246,1,DAS 2,,,2.0,318,3.5,18.5,34.4,2.5,18.0,35.2,2.4,1029.0,,,,,*56
 
DATA  xxrecord 2012-02-16 04:00:05 :: $W5M5A,120216,040005,660d0028449ce246,1,DAS 2,5053.5598N,123.6842W,2.1,319,3.2,18.4,34.4,2.4,17.9,35.2,2.3,1028.9,,,,,*7C
 
STATION sbdservice
IRID_ID 300224010734970
BODY --

From sbdservice@sbd.iridium.com Fri Feb 17 08:00:46 2012
Return-Path: <sbdservice@sbd.iridium.com>
Received: from istbsp01.sbd.iridium.com (outbound.sbd.iridium.com [12.47.179.11])
	by mercury.noc.soton.ac.uk (8.13.1/8.12.11) with ESMTP id q1H90gPL015726
	for <iridburst@noc.soton.ac.uk>; Fri, 17 Feb 2012 09:00:42 GMT
Reply-To: <sbdservice@sbd.iridium.com>
From: sbdservice@sbd.iridium.com
To: iridburst@noc.soton.ac.uk
Subject: SBD Msg From Unit: 300224010734970
MIME-Version: 1.0
Content-Type: multipart/mixed;boundary="SBD.Boundary.605592468"
Message-Id: <19740412024625.29AB5DEAFB0E96CF@istbsp01.sbd.iridium.com>
Date: Fri, 17 Feb 2012 09:00:40 +0000 (GMT)
X-NOCS-MailScanner-Information: Please contact the ISP for more information
X-NOCS-MailScanner-ID: q1H90gPL015726
X-NOCS-MailScanner: Found to be clean
X-NOCS-MailScanner-SpamCheck: not spam (whitelisted),
	SpamAssassin (not cached, score=-2.599, required 5,
	autolearn=not spam, BAYES_00 -2.60)
X-NOCS-MailScanner-From: sbdservice@sbd.iridium.com
X-Spam-Status: No

SBM Message
--SBD.Boundary.605592468
PROCESS /noc/users/iridburst/exec/irid_300224010734970_upd.pl
Last Run  ----1970-01-01 00:00:00 
MONTH  5 
DATA  xxrecord 2012-02-16 03:00:05 :: $W5M5A,120216,030005,660d0028449ce246,1,DAS 2,,,2.0,318,3.5,18.5,34.4,2.5,18.0,35.2,2.4,1029.0,,,,,*56
 
DATA  xxrecord 2012-02-16 04:00:05 :: $W5M5A,120216,040005,660d0028449ce246,1,DAS 2,5053.5598N,123.6842W,2.1,319,3.2,18.4,34.4,2.4,17.9,35.2,2.3,1028.9,,,,,*7C
 
STATION sbdservice
IRID_ID 300224010734970
BODY --

From sbdservice@sbd.iridium.com Fri Feb 17 09:00:35 2012
Return-Path: <sbdservice@sbd.iridium.com>
Received: from istbsp02.sbd.iridium.com (outbound.sbd.iridium.com [12.47.179.11])
	by mercury.noc.soton.ac.uk (8.13.1/8.12.11) with ESMTP id q1HA0Qb3027815
	for <iridburst@noc.soton.ac.uk>; Fri, 17 Feb 2012 10:00:27 GMT
Reply-To: <sbdservice@sbd.iridium.com>
From: sbdservice@sbd.iridium.com
To: iridburst@noc.soton.ac.uk
Subject: SBD Msg From Unit: 300224010734970
MIME-Version: 1.0
Content-Type: multipart/mixed;boundary="SBD.Boundary.605592468"
Message-Id: <19740412024625.B7854EF9F770F6E8@istbsp02.sbd.iridium.com>
Date: Fri, 17 Feb 2012 10:00:25 +0000 (GMT)
X-NOCS-MailScanner-Information: Please contact the ISP for more information
X-NOCS-MailScanner-ID: q1HA0Qb3027815
X-NOCS-MailScanner: Found to be clean
X-NOCS-MailScanner-SpamCheck: not spam (whitelisted),
	SpamAssassin (not cached, score=-2.599, required 5,
	autolearn=not spam, BAYES_00 -2.60)
X-NOCS-MailScanner-From: sbdservice@sbd.iridium.com
X-Spam-Status: No

SBM Message
--SBD.Boundary.605592468
PROCESS /noc/users/iridburst/exec/irid_300224010734970_upd.pl
Last Run  ----1970-01-01 00:00:00 
MONTH  5 
DATA  xxrecord 2012-02-16 03:00:05 :: $W5M5A,120216,030005,660d0028449ce246,1,DAS 2,,,2.0,318,3.5,18.5,34.4,2.5,18.0,35.2,2.4,1029.0,,,,,*56
 
DATA  xxrecord 2012-02-16 04:00:05 :: $W5M5A,120216,040005,660d0028449ce246,1,DAS 2,5053.5598N,123.6842W,2.1,319,3.2,18.4,34.4,2.4,17.9,35.2,2.3,1028.9,,,,,*7C
 
STATION sbdservice
IRID_ID 300224010734970
BODY --

From sbdservice@sbd.iridium.com Fri Feb 17 10:04:35 2012
Return-Path: <sbdservice@sbd.iridium.com>
Received: from istbsp01.sbd.iridium.com (outbound.sbd.iridium.com [12.47.179.11])
	by mercury.noc.soton.ac.uk (8.13.1/8.12.11) with ESMTP id q1HB4TmB009004
	for <iridburst@noc.soton.ac.uk>; Fri, 17 Feb 2012 11:04:29 GMT
Reply-To: <sbdservice@sbd.iridium.com>
From: sbdservice@sbd.iridium.com
To: iridburst@noc.soton.ac.uk
Subject: SBD Msg From Unit: 300224010734970
MIME-Version: 1.0
Content-Type: multipart/mixed;boundary="SBD.Boundary.605592468"
Message-Id: <19740412024625.D3BB7FD8331EED60@istbsp01.sbd.iridium.com>
Date: Fri, 17 Feb 2012 11:04:28 +0000 (GMT)
X-NOCS-MailScanner-Information: Please contact the ISP for more information
X-NOCS-MailScanner-ID: q1HB4TmB009004
X-NOCS-MailScanner: Found to be clean
X-NOCS-MailScanner-SpamCheck: not spam (whitelisted),
	SpamAssassin (not cached, score=-2.599, required 5,
	autolearn=not spam, BAYES_00 -2.60)
X-NOCS-MailScanner-From: sbdservice@sbd.iridium.com
X-Spam-Status: No

SBM Message
--SBD.Boundary.605592468
PROCESS /noc/users/iridburst/exec/irid_300224010734970_upd.pl
Last Run  ----1970-01-01 00:00:00 
MONTH  5 
DATA  xxrecord 2012-02-16 03:00:05 :: $W5M5A,120216,030005,660d0028449ce246,1,DAS 2,,,2.0,318,3.5,18.5,34.4,2.5,18.0,35.2,2.4,1029.0,,,,,*56
 
DATA  xxrecord 2012-02-16 04:00:05 :: $W5M5A,120216,040005,660d0028449ce246,1,DAS 2,5053.5598N,123.6842W,2.1,319,3.2,18.4,34.4,2.4,17.9,35.2,2.3,1028.9,,,,,*7C
 
STATION sbdservice
IRID_ID 300224010734970
BODY 
Content-Type: text/plain;charset=US-ASCII
Content-Disposition: inline
Content-Transfer-Encoding: 7bit

MOMSN: 2323
MTMSN: 0
Time of Session (UTC): Fri Feb 17 11:04:35 2012
Session Status: 00 - Transfer OK
Message Size (bytes): 262

Unit Location: Lat = 50.918946 Long = -1.365281
CEPradius = 3



-- 
This message has been scanned for viruses and
dangerous content by MailScanner, and is
believed to be clean.


--SBD.Boundary.605592468
PROCESS /noc/users/iridburst/exec/irid_300224010734970_upd.pl
Last Run  ----1970-01-01 00:00:00 
MONTH  5 
DATA  xxrecord 2012-02-16 03:00:05 :: $W5M5A,120216,030005,660d0028449ce246,1,DAS 2,,,2.0,318,3.5,18.5,34.4,2.5,18.0,35.2,2.4,1029.0,,,,,*56
 
DATA  xxrecord 2012-02-16 04:00:05 :: $W5M5A,120216,040005,660d0028449ce246,1,DAS 2,5053.5598N,123.6842W,2.1,319,3.2,18.4,34.4,2.4,17.9,35.2,2.3,1028.9,,,,,*7C
 
STATION sbdservice
IRID_ID 300224010734970
BODY 
Content-Type: text/plain;charset=US-ASCII
Content-Disposition: inline
Content-Transfer-Encoding: 7bit

MOMSN: 2324
MTMSN: 0
Time of Session (UTC): Fri Feb 17 12:00:22 2012
Session Status: 00 - Transfer OK
Message Size (bytes): 262

Unit Location: Lat = 51.055073 Long = -4.455603
CEPradius = 225



-- 
This message has been scanned for viruses and
dangerous content by MailScanner, and is
believed to be clean.


--SBD.Boundary.605592468
PROCESS /noc/users/iridburst/exec/irid_300224010734970_upd.pl
Last Run  ----1970-01-01 00:00:00 
MONTH  5 
DATA  xxrecord 2012-02-16 03:00:05 :: $W5M5A,120216,030005,660d0028449ce246,1,DAS 2,,,2.0,318,3.5,18.5,34.4,2.5,18.0,35.2,2.4,1029.0,,,,,*56
 
DATA  xxrecord 2012-02-16 04:00:05 :: $W5M5A,120216,040005,660d0028449ce246,1,DAS 2,5053.5598N,123.6842W,2.1,319,3.2,18.4,34.4,2.4,17.9,35.2,2.3,1028.9,,,,,*7C
 
STATION sbdservice
IRID_ID 300224010734970
BODY 
Content-Type: text/plain;charset=US-ASCII
Content-Disposition: inline
Content-Transfer-Encoding: 7bit

MOMSN: 2325
MTMSN: 0
Time of Session (UTC): Fri Feb 17 14:03:51 2012
Session Status: 00 - Transfer OK
Message Size (bytes): 543

Unit Location: Lat = 51.004337 Long = -3.651012
CEPradius = 171



-- 
This message has been scanned for viruses and
dangerous content by MailScanner, and is
believed to be clean.


--SBD.Boundary.605592468
PROCESS /noc/users/iridburst/exec/irid_300224010734970_upd.pl
Last Run  ----1970-01-01 00:00:00 
MONTH  5 
DATA  xxrecord 2012-02-16 03:00:05 :: $W5M5A,120216,030005,660d0028449ce246,1,DAS 2,,,2.0,318,3.5,18.5,34.4,2.5,18.0,35.2,2.4,1029.0,,,,,*56
 
DATA  xxrecord 2012-02-16 04:00:05 :: $W5M5A,120216,040005,660d0028449ce246,1,DAS 2,5053.5598N,123.6842W,2.1,319,3.2,18.4,34.4,2.4,17.9,35.2,2.3,1028.9,,,,,*7C
 
STATION sbdservice
IRID_ID 300224010734970
BODY 
Content-Type: text/plain;charset=US-ASCII
Content-Disposition: inline
Content-Transfer-Encoding: 7bit

MOMSN: 2326
MTMSN: 0
Time of Session (UTC): Fri Feb 17 15:01:03 2012
Session Status: 00 - Transfer OK
Message Size (bytes): 262

Unit Location: Lat = 50.918946 Long = -1.365281
CEPradius = 5



-- 
This message has been scanned for viruses and
dangerous content by MailScanner, and is
believed to be clean.


--SBD.Boundary.605592468
PROCESS /noc/users/iridburst/exec/irid_300224010734970_upd.pl
Last Run  ----1970-01-01 00:00:00 
MONTH  5 
DATA  xxrecord 2012-02-16 03:00:05 :: $W5M5A,120216,030005,660d0028449ce246,1,DAS 2,,,2.0,318,3.5,18.5,34.4,2.5,18.0,35.2,2.4,1029.0,,,,,*56
 
DATA  xxrecord 2012-02-16 04:00:05 :: $W5M5A,120216,040005,660d0028449ce246,1,DAS 2,5053.5598N,123.6842W,2.1,319,3.2,18.4,34.4,2.4,17.9,35.2,2.3,1028.9,,,,,*7C
 
STATION sbdservice
IRID_ID 300224010734970
BODY 
Content-Type: text/plain;charset=US-ASCII
Content-Disposition: inline
Content-Transfer-Encoding: 7bit

MOMSN: 2327
MTMSN: 0
Time of Session (UTC): Fri Feb 17 19:00:28 2012
Session Status: 00 - Transfer OK
Message Size (bytes): 1067

Unit Location: Lat = 50.918946 Long = -1.365281
CEPradius = 4



-- 
This message has been scanned for viruses and
dangerous content by MailScanner, and is
believed to be clean.


--SBD.Boundary.605592468
PROCESS /noc/users/iridburst/exec/irid_300224010734970_upd.pl
Last Run  ----1970-01-01 00:00:00 
MONTH  5 
DATA  xxrecord 2012-02-16 03:00:05 :: $W5M5A,120216,030005,660d0028449ce246,1,DAS 2,,,2.0,318,3.5,18.5,34.4,2.5,18.0,35.2,2.4,1029.0,,,,,*56
 
DATA  xxrecord 2012-02-16 04:00:05 :: $W5M5A,120216,040005,660d0028449ce246,1,DAS 2,5053.5598N,123.6842W,2.1,319,3.2,18.4,34.4,2.4,17.9,35.2,2.3,1028.9,,,,,*7C
 
STATION sbdservice
IRID_ID 300224010734970
BODY 
Content-Type: text/plain;charset=US-ASCII
Content-Disposition: inline
Content-Transfer-Encoding: 7bit

MOMSN: 2328
MTMSN: 0
Time of Session (UTC): Fri Feb 17 23:00:25 2012
Session Status: 00 - Transfer OK
Message Size (bytes): 1086

Unit Location: Lat = 50.868372 Long = -1.363928
CEPradius = 2



-- 
This message has been scanned for viruses and
dangerous content by MailScanner, and is
believed to be clean.


--SBD.Boundary.605592468
PROCESS /noc/users/iridburst/exec/irid_300224010734970_upd.pl
Last Run  ----1970-01-01 00:00:00 
MONTH  5 
DATA  xxrecord 2012-02-16 03:00:05 :: $W5M5A,120216,030005,660d0028449ce246,1,DAS 2,,,2.0,318,3.5,18.5,34.4,2.5,18.0,35.2,2.4,1029.0,,,,,*56
 
DATA  xxrecord 2012-02-16 04:00:05 :: $W5M5A,120216,040005,660d0028449ce246,1,DAS 2,5053.5598N,123.6842W,2.1,319,3.2,18.4,34.4,2.4,17.9,35.2,2.3,1028.9,,,,,*7C
 
STATION sbdservice
IRID_ID 300224010734970
BODY 
Content-Type: text/plain;charset=US-ASCII
Content-Disposition: inline
Content-Transfer-Encoding: 7bit

MOMSN: 2329
MTMSN: 0
Time of Session (UTC): Sat Feb 18 02:00:30 2012
Session Status: 00 - Transfer OK
Message Size (bytes): 824

Unit Location: Lat = 50.918267 Long = -1.422145
CEPradius = 7



-- 
This message has been scanned for viruses and
dangerous content by MailScanner, and is
believed to be clean.


--SBD.Boundary.605592468
PROCESS /noc/users/iridburst/exec/irid_300224010734970_upd.pl
Last Run  ----1970-01-01 00:00:00 
MONTH  5 
DATA  xxrecord 2012-02-16 03:00:05 :: $W5M5A,120216,030005,660d0028449ce246,1,DAS 2,,,2.0,318,3.5,18.5,34.4,2.5,18.0,35.2,2.4,1029.0,,,,,*56
 
DATA  xxrecord 2012-02-16 04:00:05 :: $W5M5A,120216,040005,660d0028449ce246,1,DAS 2,5053.5598N,123.6842W,2.1,319,3.2,18.4,34.4,2.4,17.9,35.2,2.3,1028.9,,,,,*7C
 
STATION sbdservice
IRID_ID 300224010734970
BODY 
Content-Type: text/plain;charset=US-ASCII
Content-Disposition: inline
Content-Transfer-Encoding: 7bit

MOMSN: 2330
MTMSN: 0
Time of Session (UTC): Sat Feb 18 04:00:35 2012
Session Status: 00 - Transfer OK
Message Size (bytes): 543

Unit Location: Lat = 50.918946 Long = -1.365281
CEPradius = 1



-- 
This message has been scanned for viruses and
dangerous content by MailScanner, and is
believed to be clean.


--SBD.Boundary.605592468
PROCESS /noc/users/iridburst/exec/irid_300224010734970_upd.pl
Last Run  ----1970-01-01 00:00:00 
MONTH  5 
DATA  xxrecord 2012-02-16 03:00:05 :: $W5M5A,120216,030005,660d0028449ce246,1,DAS 2,,,2.0,318,3.5,18.5,34.4,2.5,18.0,35.2,2.4,1029.0,,,,,*56
 
DATA  xxrecord 2012-02-16 04:00:05 :: $W5M5A,120216,040005,660d0028449ce246,1,DAS 2,5053.5598N,123.6842W,2.1,319,3.2,18.4,34.4,2.4,17.9,35.2,2.3,1028.9,,,,,*7C
 
STATION sbdservice
IRID_ID 300224010734970
BODY 
Content-Type: text/plain;charset=US-ASCII
Content-Disposition: inline
Content-Transfer-Encoding: 7bit

MOMSN: 2331
MTMSN: 0
Time of Session (UTC): Sat Feb 18 05:04:06 2012
Session Status: 00 - Transfer OK
Message Size (bytes): 262

Unit Location: Lat = 50.868372 Long = -1.363928
CEPradius = 22



-- 
This message has been scanned for viruses and
dangerous content by MailScanner, and is
believed to be clean.


--SBD.Boundary.605592468
PROCESS /noc/users/iridburst/exec/irid_300224010734970_upd.pl
Last Run  ----1970-01-01 00:00:00 
MONTH  5 
DATA  xxrecord 2012-02-16 03:00:05 :: $W5M5A,120216,030005,660d0028449ce246,1,DAS 2,,,2.0,318,3.5,18.5,34.4,2.5,18.0,35.2,2.4,1029.0,,,,,*56
 
DATA  xxrecord 2012-02-16 04:00:05 :: $W5M5A,120216,040005,660d0028449ce246,1,DAS 2,5053.5598N,123.6842W,2.1,319,3.2,18.4,34.4,2.4,17.9,35.2,2.3,1028.9,,,,,*7C
 
STATION sbdservice
IRID_ID 300224010734970
BODY 
Content-Type: text/plain;charset=US-ASCII
Content-Disposition: inline
Content-Transfer-Encoding: 7bit

MOMSN: 2332
MTMSN: 0
Time of Session (UTC): Sat Feb 18 06:00:19 2012
Session Status: 00 - Transfer OK
Message Size (bytes): 281

Unit Location: Lat = 50.868372 Long = -1.363928
CEPradius = 7



-- 
This message has been scanned for viruses and
dangerous content by MailScanner, and is
believed to be clean.


--SBD.Boundary.605592468
PROCESS /noc/users/iridburst/exec/irid_300224010734970_upd.pl
Last Run  ----1970-01-01 00:00:00 
MONTH  5 
DATA  xxrecord 2012-02-16 03:00:05 :: $W5M5A,120216,030005,660d0028449ce246,1,DAS 2,,,2.0,318,3.5,18.5,34.4,2.5,18.0,35.2,2.4,1029.0,,,,,*56
 
DATA  xxrecord 2012-02-16 04:00:05 :: $W5M5A,120216,040005,660d0028449ce246,1,DAS 2,5053.5598N,123.6842W,2.1,319,3.2,18.4,34.4,2.4,17.9,35.2,2.3,1028.9,,,,,*7C
 
STATION sbdservice
IRID_ID 300224010734970
BODY 
Content-Type: text/plain;charset=US-ASCII
Content-Disposition: inline
Content-Transfer-Encoding: 7bit

MOMSN: 2333
MTMSN: 0
Time of Session (UTC): Sat Feb 18 07:00:45 2012
Session Status: 00 - Transfer OK
Message Size (bytes): 262

Unit Location: Lat = 50.867694 Long = -1.420735
CEPradius = 6



-- 
This message has been scanned for viruses and
dangerous content by MailScanner, and is
believed to be clean.


--SBD.Boundary.605592468
PROCESS /noc/users/iridburst/exec/irid_300224010734970_upd.pl
Last Run  ----1970-01-01 00:00:00 
MONTH  5 
DATA  xxrecord 2012-02-16 03:00:05 :: $W5M5A,120216,030005,660d0028449ce246,1,DAS 2,,,2.0,318,3.5,18.5,34.4,2.5,18.0,35.2,2.4,1029.0,,,,,*56
 
DATA  xxrecord 2012-02-16 04:00:05 :: $W5M5A,120216,040005,660d0028449ce246,1,DAS 2,5053.5598N,123.6842W,2.1,319,3.2,18.4,34.4,2.4,17.9,35.2,2.3,1028.9,,,,,*7C
 
STATION sbdservice
IRID_ID 300224010734970
BODY 
Content-Type: text/plain;charset=US-ASCII
Content-Disposition: inline
Content-Transfer-Encoding: 7bit

MOMSN: 2334
MTMSN: 0
Time of Session (UTC): Sat Feb 18 08:00:23 2012
Session Status: 00 - Transfer OK
Message Size (bytes): 281

Unit Location: Lat = 50.918946 Long = -1.365281
CEPradius = 3



-- 
This message has been scanned for viruses and
dangerous content by MailScanner, and is
believed to be clean.


--SBD.Boundary.605592468
PROCESS /noc/users/iridburst/exec/irid_300224010734970_upd.pl
Last Run  ----1970-01-01 00:00:00 
MONTH  5 
DATA  xxrecord 2012-02-16 03:00:05 :: $W5M5A,120216,030005,660d0028449ce246,1,DAS 2,,,2.0,318,3.5,18.5,34.4,2.5,18.0,35.2,2.4,1029.0,,,,,*56
 
DATA  xxrecord 2012-02-16 04:00:05 :: $W5M5A,120216,040005,660d0028449ce246,1,DAS 2,5053.5598N,123.6842W,2.1,319,3.2,18.4,34.4,2.4,17.9,35.2,2.3,1028.9,,,,,*7C
 
STATION sbdservice
IRID_ID 300224010734970
BODY 
Content-Type: text/plain;charset=US-ASCII
Content-Disposition: inline
Content-Transfer-Encoding: 7bit

MOMSN: 2335
MTMSN: 0
Time of Session (UTC): Sat Feb 18 09:03:54 2012
Session Status: 00 - Transfer OK
Message Size (bytes): 262

Unit Location: Lat = 50.867694 Long = -1.420735
CEPradius = 7



-- 
This message has been scanned for viruses and
dangerous content by MailScanner, and is
believed to be clean.


--SBD.Boundary.605592468
PROCESS /noc/users/iridburst/exec/irid_300224010734970_upd.pl
Last Run  ----1970-01-01 00:00:00 
MONTH  5 
DATA  xxrecord 2012-02-16 03:00:05 :: $W5M5A,120216,030005,660d0028449ce246,1,DAS 2,,,2.0,318,3.5,18.5,34.4,2.5,18.0,35.2,2.4,1029.0,,,,,*56
 
DATA  xxrecord 2012-02-16 04:00:05 :: $W5M5A,120216,040005,660d0028449ce246,1,DAS 2,5053.5598N,123.6842W,2.1,319,3.2,18.4,34.4,2.4,17.9,35.2,2.3,1028.9,,,,,*7C
 
STATION sbdservice
IRID_ID 300224010734970
BODY 
Content-Type: text/plain;charset=US-ASCII
Content-Disposition: inline
Content-Transfer-Encoding: 7bit

MOMSN: 2336
MTMSN: 0
Time of Session (UTC): Sat Feb 18 10:01:06 2012
Session Status: 00 - Transfer OK
Message Size (bytes): 262

Unit Location: Lat = 50.869022 Long = -1.307117
CEPradius = 2



-- 
This message has been scanned for viruses and
dangerous content by MailScanner, and is
believed to be clean.


--SBD.Boundary.605592468
PROCESS /noc/users/iridburst/exec/irid_300224010734970_upd.pl
Last Run  ----1970-01-01 00:00:00 
MONTH  5 
DATA  xxrecord 2012-02-16 03:00:05 :: $W5M5A,120216,030005,660d0028449ce246,1,DAS 2,,,2.0,318,3.5,18.5,34.4,2.5,18.0,35.2,2.4,1029.0,,,,,*56
 
DATA  xxrecord 2012-02-16 04:00:05 :: $W5M5A,120216,040005,660d0028449ce246,1,DAS 2,5053.5598N,123.6842W,2.1,319,3.2,18.4,34.4,2.4,17.9,35.2,2.3,1028.9,,,,,*7C
 
STATION sbdservice
IRID_ID 300224010734970
BODY 
Content-Type: text/plain;charset=US-ASCII
Content-Disposition: inline
Content-Transfer-Encoding: 7bit

MOMSN: 2337
MTMSN: 0
Time of Session (UTC): Sat Feb 18 11:00:22 2012
Session Status: 00 - Transfer OK
Message Size (bytes): 262

Unit Location: Lat = 50.918946 Long = -1.365281
CEPradius = 5



-- 
This message has been scanned for viruses and
dangerous content by MailScanner, and is
believed to be clean.


--SBD.Boundary.605592468
PROCESS /noc/users/iridburst/exec/irid_300224010734970_upd.pl
Last Run  ----1970-01-01 00:00:00 
MONTH  5 
DATA  xxrecord 2012-02-16 03:00:05 :: $W5M5A,120216,030005,660d0028449ce246,1,DAS 2,,,2.0,318,3.5,18.5,34.4,2.5,18.0,35.2,2.4,1029.0,,,,,*56
 
DATA  xxrecord 2012-02-16 04:00:05 :: $W5M5A,120216,040005,660d0028449ce246,1,DAS 2,5053.5598N,123.6842W,2.1,319,3.2,18.4,34.4,2.4,17.9,35.2,2.3,1028.9,,,,,*7C
 
STATION sbdservice
IRID_ID 300224010734970
BODY 
Content-Type: text/plain;charset=US-ASCII
Content-Disposition: inline
Content-Transfer-Encoding: 7bit

MOMSN: 2338
MTMSN: 0
Time of Session (UTC): Sat Feb 18 15:01:07 2012
Session Status: 00 - Transfer OK
Message Size (bytes): 1067

Unit Location: Lat = 50.868372 Long = -1.363928
CEPradius = 3



-- 
This message has been scanned for viruses and
dangerous content by MailScanner, and is
believed to be clean.


--SBD.Boundary.605592468
PROCESS /noc/users/iridburst/exec/irid_300224010734970_upd.pl
Last Run  ----1970-01-01 00:00:00 
MONTH  5 
DATA  xxrecord 2012-02-16 03:00:05 :: $W5M5A,120216,030005,660d0028449ce246,1,DAS 2,,,2.0,318,3.5,18.5,34.4,2.5,18.0,35.2,2.4,1029.0,,,,,*56
 
DATA  xxrecord 2012-02-16 04:00:05 :: $W5M5A,120216,040005,660d0028449ce246,1,DAS 2,5053.5598N,123.6842W,2.1,319,3.2,18.4,34.4,2.4,17.9,35.2,2.3,1028.9,,,,,*7C
 
STATION sbdservice
IRID_ID 300224010734970
BODY 
Content-Type: text/plain;charset=US-ASCII
Content-Disposition: inline
Content-Transfer-Encoding: 7bit

MOMSN: 2339
MTMSN: 0
Time of Session (UTC): Sat Feb 18 16:00:31 2012
Session Status: 00 - Transfer OK
Message Size (bytes): 262

Unit Location: Lat = 50.943778 Long = -3.018772
CEPradius = 124



-- 
This message has been scanned for viruses and
dangerous content by MailScanner, and is
believed to be clean.


--SBD.Boundary.605592468
PROCESS /noc/users/iridburst/exec/irid_300224010734970_upd.pl
Last Run  ----1970-01-01 00:00:00 
MONTH  5 
DATA  xxrecord 2012-02-16 03:00:05 :: $W5M5A,120216,030005,660d0028449ce246,1,DAS 2,,,2.0,318,3.5,18.5,34.4,2.5,18.0,35.2,2.4,1029.0,,,,,*56
 
DATA  xxrecord 2012-02-16 04:00:05 :: $W5M5A,120216,040005,660d0028449ce246,1,DAS 2,5053.5598N,123.6842W,2.1,319,3.2,18.4,34.4,2.4,17.9,35.2,2.3,1028.9,,,,,*7C
 
STATION sbdservice
IRID_ID 300224010734970
BODY 
Content-Type: text/plain;charset=US-ASCII
Content-Disposition: inline
Content-Transfer-Encoding: 7bit

MOMSN: 2340
MTMSN: 0
Time of Session (UTC): Sat Feb 18 18:00:26 2012
Session Status: 00 - Transfer OK
Message Size (bytes): 524

Unit Location: Lat = 50.930380 Long = -2.390682
CEPradius = 99



-- 
This message has been scanned for viruses and
dangerous content by MailScanner, and is
believed to be clean.


--SBD.Boundary.605592468
PROCESS /noc/users/iridburst/exec/irid_300224010734970_upd.pl
Last Run  ----1970-01-01 00:00:00 
MONTH  5 
DATA  xxrecord 2012-02-16 03:00:05 :: $W5M5A,120216,030005,660d0028449ce246,1,DAS 2,,,2.0,318,3.5,18.5,34.4,2.5,18.0,35.2,2.4,1029.0,,,,,*56
 
DATA  xxrecord 2012-02-16 04:00:05 :: $W5M5A,120216,040005,660d0028449ce246,1,DAS 2,5053.5598N,123.6842W,2.1,319,3.2,18.4,34.4,2.4,17.9,35.2,2.3,1028.9,,,,,*7C
 
STATION sbdservice
IRID_ID 300224010734970
BODY 
Content-Type: text/plain;charset=US-ASCII
Content-Disposition: inline
Content-Transfer-Encoding: 7bit

MOMSN: 2341
MTMSN: 0
Time of Session (UTC): Sat Feb 18 19:00:29 2012
Session Status: 00 - Transfer OK
Message Size (bytes): 262

Unit Location: Lat = 50.867694 Long = -1.420735
CEPradius = 4



-- 
This message has been scanned for viruses and
dangerous content by MailScanner, and is
believed to be clean.


--SBD.Boundary.605592468
PROCESS /noc/users/iridburst/exec/irid_300224010734970_upd.pl
Last Run  ----1970-01-01 00:00:00 
MONTH  5 
DATA  xxrecord 2012-02-16 03:00:05 :: $W5M5A,120216,030005,660d0028449ce246,1,DAS 2,,,2.0,318,3.5,18.5,34.4,2.5,18.0,35.2,2.4,1029.0,,,,,*56
 
DATA  xxrecord 2012-02-16 04:00:05 :: $W5M5A,120216,040005,660d0028449ce246,1,DAS 2,5053.5598N,123.6842W,2.1,319,3.2,18.4,34.4,2.4,17.9,35.2,2.3,1028.9,,,,,*7C
 
STATION sbdservice
IRID_ID 300224010734970
BODY 
Content-Type: text/plain;charset=US-ASCII
Content-Disposition: inline
Content-Transfer-Encoding: 7bit

MOMSN: 2342
MTMSN: 0
Time of Session (UTC): Sat Feb 18 20:00:22 2012
Session Status: 00 - Transfer OK
Message Size (bytes): 281

Unit Location: Lat = 50.797860 Long = 0.056728
CEPradius = 134



-- 
This message has been scanned for viruses and
dangerous content by MailScanner, and is
believed to be clean.


--SBD.Boundary.605592468
PROCESS /noc/users/iridburst/exec/irid_300224010734970_upd.pl
Last Run  ----1970-01-01 00:00:00 
MONTH  5 
DATA  xxrecord 2012-02-16 03:00:05 :: $W5M5A,120216,030005,660d0028449ce246,1,DAS 2,,,2.0,318,3.5,18.5,34.4,2.5,18.0,35.2,2.4,1029.0,,,,,*56
 
DATA  xxrecord 2012-02-16 04:00:05 :: $W5M5A,120216,040005,660d0028449ce246,1,DAS 2,5053.5598N,123.6842W,2.1,319,3.2,18.4,34.4,2.4,17.9,35.2,2.3,1028.9,,,,,*7C
 
STATION sbdservice
IRID_ID 300224010734970
BODY 
Content-Type: text/plain;charset=US-ASCII
Content-Disposition: inline
Content-Transfer-Encoding: 7bit

MOMSN: 2343
MTMSN: 0
Time of Session (UTC): Sat Feb 18 21:00:32 2012
Session Status: 00 - Transfer OK
Message Size (bytes): 262

Unit Location: Lat = 50.868372 Long = -1.363928
CEPradius = 2



-- 
This message has been scanned for viruses and
dangerous content by MailScanner, and is
believed to be clean.


--SBD.Boundary.605592468
PROCESS /noc/users/iridburst/exec/irid_300224010734970_upd.pl
Last Run  ----1970-01-01 00:00:00 
MONTH  5 
DATA  xxrecord 2012-02-16 03:00:05 :: $W5M5A,120216,030005,660d0028449ce246,1,DAS 2,,,2.0,318,3.5,18.5,34.4,2.5,18.0,35.2,2.4,1029.0,,,,,*56
 
DATA  xxrecord 2012-02-16 04:00:05 :: $W5M5A,120216,040005,660d0028449ce246,1,DAS 2,5053.5598N,123.6842W,2.1,319,3.2,18.4,34.4,2.4,17.9,35.2,2.3,1028.9,,,,,*7C
 
STATION sbdservice
IRID_ID 300224010734970
BODY 
Content-Type: text/plain;charset=US-ASCII
Content-Disposition: inline
Content-Transfer-Encoding: 7bit

MOMSN: 2344
MTMSN: 0
Time of Session (UTC): Sat Feb 18 22:03:50 2012
Session Status: 00 - Transfer OK
Message Size (bytes): 281

Unit Location: Lat = 50.771607 Long = 0.907580
CEPradius = 175



-- 
This message has been scanned for viruses and
dangerous content by MailScanner, and is
believed to be clean.


--SBD.Boundary.605592468
PROCESS /noc/users/iridburst/exec/irid_300224010734970_upd.pl
Last Run  ----1970-01-01 00:00:00 
MONTH  5 
DATA  xxrecord 2012-02-16 03:00:05 :: $W5M5A,120216,030005,660d0028449ce246,1,DAS 2,,,2.0,318,3.5,18.5,34.4,2.5,18.0,35.2,2.4,1029.0,,,,,*56
 
DATA  xxrecord 2012-02-16 04:00:05 :: $W5M5A,120216,040005,660d0028449ce246,1,DAS 2,5053.5598N,123.6842W,2.1,319,3.2,18.4,34.4,2.4,17.9,35.2,2.3,1028.9,,,,,*7C
 
STATION sbdservice
IRID_ID 300224010734970
BODY 
Content-Type: text/plain;charset=US-ASCII
Content-Disposition: inline
Content-Transfer-Encoding: 7bit

MOMSN: 2345
MTMSN: 0
Time of Session (UTC): Sat Feb 18 23:03:57 2012
Session Status: 00 - Transfer OK
Message Size (bytes): 262

Unit Location: Lat = 50.868372 Long = -1.363928
CEPradius = 2



-- 
This message has been scanned for viruses and
dangerous content by MailScanner, and is
believed to be clean.


--SBD.Boundary.605592468
PROCESS /noc/users/iridburst/exec/irid_300224010734970_upd.pl
Last Run  ----1970-01-01 00:00:00 
MONTH  5 
DATA  xxrecord 2012-02-16 03:00:05 :: $W5M5A,120216,030005,660d0028449ce246,1,DAS 2,,,2.0,318,3.5,18.5,34.4,2.5,18.0,35.2,2.4,1029.0,,,,,*56
 
DATA  xxrecord 2012-02-16 04:00:05 :: $W5M5A,120216,040005,660d0028449ce246,1,DAS 2,5053.5598N,123.6842W,2.1,319,3.2,18.4,34.4,2.4,17.9,35.2,2.3,1028.9,,,,,*7C
 
STATION sbdservice
IRID_ID 300224010734970
BODY 
Content-Type: text/plain;charset=US-ASCII
Content-Disposition: inline
Content-Transfer-Encoding: 7bit

MOMSN: 2346
MTMSN: 0
Time of Session (UTC): Sun Feb 19 01:00:30 2012
Session Status: 00 - Transfer OK
Message Size (bytes): 524

Unit Location: Lat = 50.926706 Long = -0.227589
CEPradius = 151



-- 
This message has been scanned for viruses and
dangerous content by MailScanner, and is
believed to be clean.


--SBD.Boundary.605592468
PROCESS /noc/users/iridburst/exec/irid_300224010734970_upd.pl
Last Run  ----1970-01-01 00:00:00 
MONTH  5 
DATA  xxrecord 2012-02-16 03:00:05 :: $W5M5A,120216,030005,660d0028449ce246,1,DAS 2,,,2.0,318,3.5,18.5,34.4,2.5,18.0,35.2,2.4,1029.0,,,,,*56
 
DATA  xxrecord 2012-02-16 04:00:05 :: $W5M5A,120216,040005,660d0028449ce246,1,DAS 2,5053.5598N,123.6842W,2.1,319,3.2,18.4,34.4,2.4,17.9,35.2,2.3,1028.9,,,,,*7C
 
STATION sbdservice
IRID_ID 300224010734970
BODY 
Content-Type: text/plain;charset=US-ASCII
Content-Disposition: inline
Content-Transfer-Encoding: 7bit

MOMSN: 2347
MTMSN: 0
Time of Session (UTC): Sun Feb 19 02:00:24 2012
Session Status: 00 - Transfer OK
Message Size (bytes): 281

Unit Location: Lat = 50.918946 Long = -1.365281
CEPradius = 2



-- 
This message has been scanned for viruses and
dangerous content by MailScanner, and is
believed to be clean.


--SBD.Boundary.605592468
PROCESS /noc/users/iridburst/exec/irid_300224010734970_upd.pl
Last Run  ----1970-01-01 00:00:00 
MONTH  5 
DATA  xxrecord 2012-02-16 03:00:05 :: $W5M5A,120216,030005,660d0028449ce246,1,DAS 2,,,2.0,318,3.5,18.5,34.4,2.5,18.0,35.2,2.4,1029.0,,,,,*56
 
DATA  xxrecord 2012-02-16 04:00:05 :: $W5M5A,120216,040005,660d0028449ce246,1,DAS 2,5053.5598N,123.6842W,2.1,319,3.2,18.4,34.4,2.4,17.9,35.2,2.3,1028.9,,,,,*7C
 
STATION sbdservice
IRID_ID 300224010734970
BODY 
Content-Type: text/plain;charset=US-ASCII
Content-Disposition: inline
Content-Transfer-Encoding: 7bit

MOMSN: 2348
MTMSN: 0
Time of Session (UTC): Sun Feb 19 03:03:59 2012
Session Status: 00 - Transfer OK
Message Size (bytes): 262

Unit Location: Lat = 50.918946 Long = -1.365281
CEPradius = 3



-- 
This message has been scanned for viruses and
dangerous content by MailScanner, and is
believed to be clean.


--SBD.Boundary.605592468
PROCESS /noc/users/iridburst/exec/irid_300224010734970_upd.pl
Last Run  ----1970-01-01 00:00:00 
MONTH  5 
DATA  xxrecord 2012-02-16 03:00:05 :: $W5M5A,120216,030005,660d0028449ce246,1,DAS 2,,,2.0,318,3.5,18.5,34.4,2.5,18.0,35.2,2.4,1029.0,,,,,*56
 
DATA  xxrecord 2012-02-16 04:00:05 :: $W5M5A,120216,040005,660d0028449ce246,1,DAS 2,5053.5598N,123.6842W,2.1,319,3.2,18.4,34.4,2.4,17.9,35.2,2.3,1028.9,,,,,*7C
 
STATION sbdservice
IRID_ID 300224010734970
BODY 
Content-Type: text/plain;charset=US-ASCII
Content-Disposition: inline
Content-Transfer-Encoding: 7bit

MOMSN: 2349
MTMSN: 0
Time of Session (UTC): Sun Feb 19 04:00:34 2012
Session Status: 00 - Transfer OK
Message Size (bytes): 281

Unit Location: Lat = 50.966624 Long = -1.594302
CEPradius = 18



-- 
This message has been scanned for viruses and
dangerous content by MailScanner, and is
believed to be clean.


--SBD.Boundary.605592468
PROCESS /noc/users/iridburst/exec/irid_300224010734970_upd.pl
Last Run  ----1970-01-01 00:00:00 
MONTH  5 
DATA  xxrecord 2012-02-16 03:00:05 :: $W5M5A,120216,030005,660d0028449ce246,1,DAS 2,,,2.0,318,3.5,18.5,34.4,2.5,18.0,35.2,2.4,1029.0,,,,,*56
 
DATA  xxrecord 2012-02-16 04:00:05 :: $W5M5A,120216,040005,660d0028449ce246,1,DAS 2,5053.5598N,123.6842W,2.1,319,3.2,18.4,34.4,2.4,17.9,35.2,2.3,1028.9,,,,,*7C
 
STATION sbdservice
IRID_ID 300224010734970
BODY 
Content-Type: text/plain;charset=US-ASCII
Content-Disposition: inline
Content-Transfer-Encoding: 7bit

MOMSN: 2350
MTMSN: 0
Time of Session (UTC): Sun Feb 19 05:00:23 2012
Session Status: 00 - Transfer OK
Message Size (bytes): 262

Unit Location: Lat = 50.867694 Long = -1.420735
CEPradius = 8



-- 
This message has been scanned for viruses and
dangerous content by MailScanner, and is
believed to be clean.


--SBD.Boundary.605592468
PROCESS /noc/users/iridburst/exec/irid_300224010734970_upd.pl
Last Run  ----1970-01-01 00:00:00 
MONTH  5 
DATA  xxrecord 2012-02-16 03:00:05 :: $W5M5A,120216,030005,660d0028449ce246,1,DAS 2,,,2.0,318,3.5,18.5,34.4,2.5,18.0,35.2,2.4,1029.0,,,,,*56
 
DATA  xxrecord 2012-02-16 04:00:05 :: $W5M5A,120216,040005,660d0028449ce246,1,DAS 2,5053.5598N,123.6842W,2.1,319,3.2,18.4,34.4,2.4,17.9,35.2,2.3,1028.9,,,,,*7C
 
STATION sbdservice
IRID_ID 300224010734970
BODY 
Content-Type: text/plain;charset=US-ASCII
Content-Disposition: inline
Content-Transfer-Encoding: 7bit

MOMSN: 2351
MTMSN: 0
Time of Session (UTC): Sun Feb 19 08:01:07 2012
Session Status: 00 - Transfer OK
Message Size (bytes): 824

Unit Location: Lat = 50.868372 Long = -1.363928
CEPradius = 1



-- 
This message has been scanned for viruses and
dangerous content by MailScanner, and is
believed to be clean.


--SBD.Boundary.605592468
PROCESS /noc/users/iridburst/exec/irid_300224010734970_upd.pl
Last Run  ----1970-01-01 00:00:00 
MONTH  5 
DATA  xxrecord 2012-02-16 03:00:05 :: $W5M5A,120216,030005,660d0028449ce246,1,DAS 2,,,2.0,318,3.5,18.5,34.4,2.5,18.0,35.2,2.4,1029.0,,,,,*56
 
DATA  xxrecord 2012-02-16 04:00:05 :: $W5M5A,120216,040005,660d0028449ce246,1,DAS 2,5053.5598N,123.6842W,2.1,319,3.2,18.4,34.4,2.4,17.9,35.2,2.3,1028.9,,,,,*7C
 
STATION sbdservice
IRID_ID 300224010734970
BODY 
Content-Type: text/plain;charset=US-ASCII
Content-Disposition: inline
Content-Transfer-Encoding: 7bit

MOMSN: 2352
MTMSN: 0
Time of Session (UTC): Sun Feb 19 10:00:28 2012
Session Status: 00 - Transfer OK
Message Size (bytes): 543

Unit Location: Lat = 50.944736 Long = -1.537390
CEPradius = 14



-- 
This message has been scanned for viruses and
dangerous content by MailScanner, and is
believed to be clean.


--SBD.Boundary.605592468
PROCESS /noc/users/iridburst/exec/irid_300224010734970_upd.pl
Last Run  ----1970-01-01 00:00:00 
MONTH  5 
DATA  xxrecord 2012-02-16 03:00:05 :: $W5M5A,120216,030005,660d0028449ce246,1,DAS 2,,,2.0,318,3.5,18.5,34.4,2.5,18.0,35.2,2.4,1029.0,,,,,*56
 
DATA  xxrecord 2012-02-16 04:00:05 :: $W5M5A,120216,040005,660d0028449ce246,1,DAS 2,5053.5598N,123.6842W,2.1,319,3.2,18.4,34.4,2.4,17.9,35.2,2.3,1028.9,,,,,*7C
 
STATION sbdservice
IRID_ID 300224010734970
BODY 
Content-Type: text/plain;charset=US-ASCII
Content-Disposition: inline
Content-Transfer-Encoding: 7bit

MOMSN: 2353
MTMSN: 0
Time of Session (UTC): Sun Feb 19 14:00:30 2012
Session Status: 00 - Transfer OK
Message Size (bytes): 1086

Unit Location: Lat = 50.867694 Long = -1.420735
CEPradius = 8



-- 
This message has been scanned for viruses and
dangerous content by MailScanner, and is
believed to be clean.


--SBD.Boundary.605592468
PROCESS /noc/users/iridburst/exec/irid_300224010734970_upd.pl
Last Run  ----1970-01-01 00:00:00 
MONTH  5 
DATA  xxrecord 2012-02-16 03:00:05 :: $W5M5A,120216,030005,660d0028449ce246,1,DAS 2,,,2.0,318,3.5,18.5,34.4,2.5,18.0,35.2,2.4,1029.0,,,,,*56
 
DATA  xxrecord 2012-02-16 04:00:05 :: $W5M5A,120216,040005,660d0028449ce246,1,DAS 2,5053.5598N,123.6842W,2.1,319,3.2,18.4,34.4,2.4,17.9,35.2,2.3,1028.9,,,,,*7C
 
STATION sbdservice
IRID_ID 300224010734970
BODY 
Content-Type: text/plain;charset=US-ASCII
Content-Disposition: inline
Content-Transfer-Encoding: 7bit

MOMSN: 2354
MTMSN: 0
Time of Session (UTC): Sun Feb 19 15:00:28 2012
Session Status: 00 - Transfer OK
Message Size (bytes): 262

Unit Location: Lat = 50.868372 Long = -1.363928
CEPradius = 3



-- 
This message has been scanned for viruses and
dangerous content by MailScanner, and is
believed to be clean.


--SBD.Boundary.605592468
PROCESS /noc/users/iridburst/exec/irid_300224010734970_upd.pl
Last Run  ----1970-01-01 00:00:00 
MONTH  5 
DATA  xxrecord 2012-02-16 03:00:05 :: $W5M5A,120216,030005,660d0028449ce246,1,DAS 2,,,2.0,318,3.5,18.5,34.4,2.5,18.0,35.2,2.4,1029.0,,,,,*56
 
DATA  xxrecord 2012-02-16 04:00:05 :: $W5M5A,120216,040005,660d0028449ce246,1,DAS 2,5053.5598N,123.6842W,2.1,319,3.2,18.4,34.4,2.4,17.9,35.2,2.3,1028.9,,,,,*7C
 
STATION sbdservice
IRID_ID 300224010734970
BODY 
Content-Type: text/plain;charset=US-ASCII
Content-Disposition: inline
Content-Transfer-Encoding: 7bit

MOMSN: 2355
MTMSN: 0
Time of Session (UTC): Sun Feb 19 16:04:04 2012
Session Status: 00 - Transfer OK
Message Size (bytes): 262

Unit Location: Lat = 51.090146 Long = -4.977165
CEPradius = 260



-- 
This message has been scanned for viruses and
dangerous content by MailScanner, and is
believed to be clean.


--SBD.Boundary.605592468
PROCESS /noc/users/iridburst/exec/irid_300224010734970_upd.pl
Last Run  ----1970-01-01 00:00:00 
MONTH  5 
DATA  xxrecord 2012-02-16 03:00:05 :: $W5M5A,120216,030005,660d0028449ce246,1,DAS 2,,,2.0,318,3.5,18.5,34.4,2.5,18.0,35.2,2.4,1029.0,,,,,*56
 
DATA  xxrecord 2012-02-16 04:00:05 :: $W5M5A,120216,040005,660d0028449ce246,1,DAS 2,5053.5598N,123.6842W,2.1,319,3.2,18.4,34.4,2.4,17.9,35.2,2.3,1028.9,,,,,*7C
 
STATION sbdservice
IRID_ID 300224010734970
BODY 
Content-Type: text/plain;charset=US-ASCII
Content-Disposition: inline
Content-Transfer-Encoding: 7bit

MOMSN: 2356
MTMSN: 0
Time of Session (UTC): Sun Feb 19 17:00:22 2012
Session Status: 00 - Transfer OK
Message Size (bytes): 262

Unit Location: Lat = 50.867694 Long = -1.420735
CEPradius = 5



-- 
This message has been scanned for viruses and
dangerous content by MailScanner, and is
believed to be clean.


--SBD.Boundary.605592468
PROCESS /noc/users/iridburst/exec/irid_300224010734970_upd.pl
Last Run  ----1970-01-01 00:00:00 
MONTH  5 
DATA  xxrecord 2012-02-16 03:00:05 :: $W5M5A,120216,030005,660d0028449ce246,1,DAS 2,,,2.0,318,3.5,18.5,34.4,2.5,18.0,35.2,2.4,1029.0,,,,,*56
 
DATA  xxrecord 2012-02-16 04:00:05 :: $W5M5A,120216,040005,660d0028449ce246,1,DAS 2,5053.5598N,123.6842W,2.1,319,3.2,18.4,34.4,2.4,17.9,35.2,2.3,1028.9,,,,,*7C
 
STATION sbdservice
IRID_ID 300224010734970
BODY 
Content-Type: text/plain;charset=US-ASCII
Content-Disposition: inline
Content-Transfer-Encoding: 7bit

MOMSN: 2357
MTMSN: 0
Time of Session (UTC): Sun Feb 19 18:00:25 2012
Session Status: 00 - Transfer OK
Message Size (bytes): 281

Unit Location: Lat = 50.926762 Long = -2.561225
CEPradius = 1528



-- 
This message has been scanned for viruses and
dangerous content by MailScanner, and is
believed to be clean.


--SBD.Boundary.605592468
PROCESS /noc/users/iridburst/exec/irid_300224010734970_upd.pl
Last Run  ----1970-01-01 00:00:00 
MONTH  5 
DATA  xxrecord 2012-02-16 03:00:05 :: $W5M5A,120216,030005,660d0028449ce246,1,DAS 2,,,2.0,318,3.5,18.5,34.4,2.5,18.0,35.2,2.4,1029.0,,,,,*56
 
DATA  xxrecord 2012-02-16 04:00:05 :: $W5M5A,120216,040005,660d0028449ce246,1,DAS 2,5053.5598N,123.6842W,2.1,319,3.2,18.4,34.4,2.4,17.9,35.2,2.3,1028.9,,,,,*7C
 
STATION sbdservice
IRID_ID 300224010734970
BODY 
Content-Type: text/plain;charset=US-ASCII
Content-Disposition: inline
Content-Transfer-Encoding: 7bit

MOMSN: 2357
MTMSN: 0
Time of Session (UTC): Sun Feb 19 18:01:06 2012
Session Status: 00 - Transfer OK
Message Size (bytes): 281

Unit Location: Lat = 51.044442 Long = -4.858463
CEPradius = 262



-- 
This message has been scanned for viruses and
dangerous content by MailScanner, and is
believed to be clean.


--SBD.Boundary.605592468
PROCESS /noc/users/iridburst/exec/irid_300224010734970_upd.pl
Last Run  ----1970-01-01 00:00:00 
MONTH  5 
DATA  xxrecord 2012-02-16 03:00:05 :: $W5M5A,120216,030005,660d0028449ce246,1,DAS 2,,,2.0,318,3.5,18.5,34.4,2.5,18.0,35.2,2.4,1029.0,,,,,*56
 
DATA  xxrecord 2012-02-16 04:00:05 :: $W5M5A,120216,040005,660d0028449ce246,1,DAS 2,5053.5598N,123.6842W,2.1,319,3.2,18.4,34.4,2.4,17.9,35.2,2.3,1028.9,,,,,*7C
 
STATION sbdservice
IRID_ID 300224010734970
BODY 
Content-Type: text/plain;charset=US-ASCII
Content-Disposition: inline
Content-Transfer-Encoding: 7bit

MOMSN: 2358
MTMSN: 0
Time of Session (UTC): Sun Feb 19 19:04:12 2012
Session Status: 00 - Transfer OK
Message Size (bytes): 262

Unit Location: Lat = 50.918946 Long = -1.365281
CEPradius = 8



-- 
This message has been scanned for viruses and
dangerous content by MailScanner, and is
believed to be clean.


--SBD.Boundary.605592468
PROCESS /noc/users/iridburst/exec/irid_300224010734970_upd.pl
Last Run  ----1970-01-01 00:00:00 
MONTH  5 
DATA  xxrecord 2012-02-16 03:00:05 :: $W5M5A,120216,030005,660d0028449ce246,1,DAS 2,,,2.0,318,3.5,18.5,34.4,2.5,18.0,35.2,2.4,1029.0,,,,,*56
 
DATA  xxrecord 2012-02-16 04:00:05 :: $W5M5A,120216,040005,660d0028449ce246,1,DAS 2,5053.5598N,123.6842W,2.1,319,3.2,18.4,34.4,2.4,17.9,35.2,2.3,1028.9,,,,,*7C
 
STATION sbdservice
IRID_ID 300224010734970
BODY 
Content-Type: text/plain;charset=US-ASCII
Content-Disposition: inline
Content-Transfer-Encoding: 7bit

MOMSN: 2359
MTMSN: 0
Time of Session (UTC): Sun Feb 19 20:04:00 2012
Session Status: 00 - Transfer OK
Message Size (bytes): 281

Unit Location: Lat = 50.908974 Long = -2.047438
CEPradius = 100



-- 
This message has been scanned for viruses and
dangerous content by MailScanner, and is
believed to be clean.


--SBD.Boundary.605592468
PROCESS /noc/users/iridburst/exec/irid_300224010734970_upd.pl
Last Run  ----1970-01-01 00:00:00 
MONTH  5 
DATA  xxrecord 2012-02-16 03:00:05 :: $W5M5A,120216,030005,660d0028449ce246,1,DAS 2,,,2.0,318,3.5,18.5,34.4,2.5,18.0,35.2,2.4,1029.0,,,,,*56
 
DATA  xxrecord 2012-02-16 04:00:05 :: $W5M5A,120216,040005,660d0028449ce246,1,DAS 2,5053.5598N,123.6842W,2.1,319,3.2,18.4,34.4,2.4,17.9,35.2,2.3,1028.9,,,,,*7C
 
STATION sbdservice
IRID_ID 300224010734970
BODY 
Content-Type: text/plain;charset=US-ASCII
Content-Disposition: inline
Content-Transfer-Encoding: 7bit

MOMSN: 2360
MTMSN: 0
Time of Session (UTC): Sun Feb 19 23:00:24 2012
Session Status: 00 - Transfer OK
Message Size (bytes): 805

Unit Location: Lat = 50.867694 Long = -1.420735
CEPradius = 3



-- 
This message has been scanned for viruses and
dangerous content by MailScanner, and is
believed to be clean.


--SBD.Boundary.605592468
PROCESS /noc/users/iridburst/exec/irid_300224010734970_upd.pl
Last Run  ----1970-01-01 00:00:00 
MONTH  5 
DATA  xxrecord 2012-02-16 03:00:05 :: $W5M5A,120216,030005,660d0028449ce246,1,DAS 2,,,2.0,318,3.5,18.5,34.4,2.5,18.0,35.2,2.4,1029.0,,,,,*56
 
DATA  xxrecord 2012-02-16 04:00:05 :: $W5M5A,120216,040005,660d0028449ce246,1,DAS 2,5053.5598N,123.6842W,2.1,319,3.2,18.4,34.4,2.4,17.9,35.2,2.3,1028.9,,,,,*7C
 
STATION sbdservice
IRID_ID 300224010734970
BODY 
Content-Type: text/plain;charset=US-ASCII
Content-Disposition: inline
Content-Transfer-Encoding: 7bit

MOMSN: 2361
MTMSN: 0
Time of Session (UTC): Mon Feb 20 01:03:58 2012
Session Status: 00 - Transfer OK
Message Size (bytes): 543

Unit Location: Lat = 50.860351 Long = -1.931863
CEPradius = 159



-- 
This message has been scanned for viruses and
dangerous content by MailScanner, and is
believed to be clean.


--SBD.Boundary.605592468
PROCESS /noc/users/iridburst/exec/irid_300224010734970_upd.pl
Last Run  ----1970-01-01 00:00:00 
MONTH  5 
DATA  xxrecord 2012-02-16 03:00:05 :: $W5M5A,120216,030005,660d0028449ce246,1,DAS 2,,,2.0,318,3.5,18.5,34.4,2.5,18.0,35.2,2.4,1029.0,,,,,*56
 
DATA  xxrecord 2012-02-16 04:00:05 :: $W5M5A,120216,040005,660d0028449ce246,1,DAS 2,5053.5598N,123.6842W,2.1,319,3.2,18.4,34.4,2.4,17.9,35.2,2.3,1028.9,,,,,*7C
 
STATION sbdservice
IRID_ID 300224010734970
BODY 
Content-Type: text/plain;charset=US-ASCII
Content-Disposition: inline
Content-Transfer-Encoding: 7bit

MOMSN: 2362
MTMSN: 0
Time of Session (UTC): Mon Feb 20 02:00:23 2012
Session Status: 00 - Transfer OK
Message Size (bytes): 281

Unit Location: Lat = 50.868372 Long = -1.363928
CEPradius = 3



-- 
This message has been scanned for viruses and
dangerous content by MailScanner, and is
believed to be clean.


--SBD.Boundary.605592468
PROCESS /noc/users/iridburst/exec/irid_300224010734970_upd.pl
Last Run  ----1970-01-01 00:00:00 
MONTH  5 
DATA  xxrecord 2012-02-16 03:00:05 :: $W5M5A,120216,030005,660d0028449ce246,1,DAS 2,,,2.0,318,3.5,18.5,34.4,2.5,18.0,35.2,2.4,1029.0,,,,,*56
 
DATA  xxrecord 2012-02-16 04:00:05 :: $W5M5A,120216,040005,660d0028449ce246,1,DAS 2,5053.5598N,123.6842W,2.1,319,3.2,18.4,34.4,2.4,17.9,35.2,2.3,1028.9,,,,,*7C
 
STATION sbdservice
IRID_ID 300224010734970
BODY 
Content-Type: text/plain;charset=US-ASCII
Content-Disposition: inline
Content-Transfer-Encoding: 7bit

MOMSN: 2363
MTMSN: 0
Time of Session (UTC): Mon Feb 20 05:01:03 2012
Session Status: 00 - Transfer OK
Message Size (bytes): 805

Unit Location: Lat = 50.918946 Long = -1.365281
CEPradius = 3



-- 
This message has been scanned for viruses and
dangerous content by MailScanner, and is
believed to be clean.


--SBD.Boundary.605592468
PROCESS /noc/users/iridburst/exec/irid_300224010734970_upd.pl
Last Run  ----1970-01-01 00:00:00 
MONTH  5 
DATA  xxrecord 2012-02-16 03:00:05 :: $W5M5A,120216,030005,660d0028449ce246,1,DAS 2,,,2.0,318,3.5,18.5,34.4,2.5,18.0,35.2,2.4,1029.0,,,,,*56
 
DATA  xxrecord 2012-02-16 04:00:05 :: $W5M5A,120216,040005,660d0028449ce246,1,DAS 2,5053.5598N,123.6842W,2.1,319,3.2,18.4,34.4,2.4,17.9,35.2,2.3,1028.9,,,,,*7C
 
STATION sbdservice
IRID_ID 300224010734970
BODY 
Content-Type: text/plain;charset=US-ASCII
Content-Disposition: inline
Content-Transfer-Encoding: 7bit

MOMSN: 2364
MTMSN: 0
Time of Session (UTC): Mon Feb 20 06:01:10 2012
Session Status: 00 - Transfer OK
Message Size (bytes): 281

Unit Location: Lat = 50.891054 Long = -1.363928
CEPradius = 1



-- 
This message has been scanned for viruses and
dangerous content by MailScanner, and is
believed to be clean.


--SBD.Boundary.605592468
PROCESS /noc/users/iridburst/exec/irid_300224010734970_upd.pl
Last Run  ----1970-01-01 00:00:00 
MONTH  5 
DATA  xxrecord 2012-02-16 03:00:05 :: $W5M5A,120216,030005,660d0028449ce246,1,DAS 2,,,2.0,318,3.5,18.5,34.4,2.5,18.0,35.2,2.4,1029.0,,,,,*56
 
DATA  xxrecord 2012-02-16 04:00:05 :: $W5M5A,120216,040005,660d0028449ce246,1,DAS 2,5053.5598N,123.6842W,2.1,319,3.2,18.4,34.4,2.4,17.9,35.2,2.3,1028.9,,,,,*7C
 
STATION sbdservice
IRID_ID 300224010734970
BODY 
Content-Type: text/plain;charset=US-ASCII
Content-Disposition: inline
Content-Transfer-Encoding: 7bit

MOMSN: 2365
MTMSN: 0
Time of Session (UTC): Mon Feb 20 08:04:09 2012
Session Status: 00 - Transfer OK
Message Size (bytes): 543

Unit Location: Lat = 50.868372 Long = -1.363928
CEPradius = 1



-- 
This message has been scanned for viruses and
dangerous content by MailScanner, and is
believed to be clean.


--SBD.Boundary.605592468
PROCESS /noc/users/iridburst/exec/irid_300224010734970_upd.pl
Last Run  ----1970-01-01 00:00:00 
MONTH  5 
DATA  xxrecord 2012-02-16 03:00:05 :: $W5M5A,120216,030005,660d0028449ce246,1,DAS 2,,,2.0,318,3.5,18.5,34.4,2.5,18.0,35.2,2.4,1029.0,,,,,*56
 
DATA  xxrecord 2012-02-16 04:00:05 :: $W5M5A,120216,040005,660d0028449ce246,1,DAS 2,5053.5598N,123.6842W,2.1,319,3.2,18.4,34.4,2.4,17.9,35.2,2.3,1028.9,,,,,*7C
 
STATION sbdservice
IRID_ID 300224010734970
BODY 
Content-Type: text/plain;charset=US-ASCII
Content-Disposition: inline
Content-Transfer-Encoding: 7bit

MOMSN: 2366
MTMSN: 0
Time of Session (UTC): Mon Feb 20 09:00:21 2012
Session Status: 00 - Transfer OK
Message Size (bytes): 260

Unit Location: Lat = 50.867694 Long = -1.420735
CEPradius = 11



-- 
This message has been scanned for viruses and
dangerous content by MailScanner, and is
believed to be clean.


--SBD.Boundary.605592468
PROCESS /noc/users/iridburst/exec/irid_300224010734970_upd.pl
Last Run  ----1970-01-01 00:00:00 
MONTH  5 
DATA  xxrecord 2012-02-16 03:00:05 :: $W5M5A,120216,030005,660d0028449ce246,1,DAS 2,,,2.0,318,3.5,18.5,34.4,2.5,18.0,35.2,2.4,1029.0,,,,,*56
 
DATA  xxrecord 2012-02-16 04:00:05 :: $W5M5A,120216,040005,660d0028449ce246,1,DAS 2,5053.5598N,123.6842W,2.1,319,3.2,18.4,34.4,2.4,17.9,35.2,2.3,1028.9,,,,,*7C
 
STATION sbdservice
IRID_ID 300224010734970
BODY 
Content-Type: text/plain;charset=US-ASCII
Content-Disposition: inline
Content-Transfer-Encoding: 7bit

MOMSN: 2367
MTMSN: 0
Time of Session (UTC): Mon Feb 20 10:00:31 2012
Session Status: 00 - Transfer OK
Message Size (bytes): 281

Unit Location: Lat = 50.918946 Long = -1.365281
CEPradius = 2



-- 
This message has been scanned for viruses and
dangerous content by MailScanner, and is
believed to be clean.


--SBD.Boundary.605592468
PROCESS /noc/users/iridburst/exec/irid_300224010734970_upd.pl
Last Run  ----1970-01-01 00:00:00 
MONTH  5 
DATA  xxrecord 2012-02-16 03:00:05 :: $W5M5A,120216,030005,660d0028449ce246,1,DAS 2,,,2.0,318,3.5,18.5,34.4,2.5,18.0,35.2,2.4,1029.0,,,,,*56
 
DATA  xxrecord 2012-02-16 04:00:05 :: $W5M5A,120216,040005,660d0028449ce246,1,DAS 2,5053.5598N,123.6842W,2.1,319,3.2,18.4,34.4,2.4,17.9,35.2,2.3,1028.9,,,,,*7C
 
STATION sbdservice
IRID_ID 300224010734970
BODY 
Content-Type: text/plain;charset=US-ASCII
Content-Disposition: inline
Content-Transfer-Encoding: 7bit

MOMSN: 2368
MTMSN: 0
Time of Session (UTC): Mon Feb 20 11:03:59 2012
Session Status: 00 - Transfer OK
Message Size (bytes): 260

Unit Location: Lat = 50.918946 Long = -1.365281
CEPradius = 3



-- 
This message has been scanned for viruses and
dangerous content by MailScanner, and is
believed to be clean.


--SBD.Boundary.605592468
PROCESS /noc/users/iridburst/exec/irid_300224010734970_upd.pl
Last Run  ----1970-01-01 00:00:00 
MONTH  5 
DATA  xxrecord 2012-02-16 03:00:05 :: $W5M5A,120216,030005,660d0028449ce246,1,DAS 2,,,2.0,318,3.5,18.5,34.4,2.5,18.0,35.2,2.4,1029.0,,,,,*56
 
DATA  xxrecord 2012-02-16 04:00:05 :: $W5M5A,120216,040005,660d0028449ce246,1,DAS 2,5053.5598N,123.6842W,2.1,319,3.2,18.4,34.4,2.4,17.9,35.2,2.3,1028.9,,,,,*7C
 
STATION sbdservice
IRID_ID 300224010734970
BODY 
Content-Type: text/plain;charset=US-ASCII
Content-Disposition: inline
Content-Transfer-Encoding: 7bit

MOMSN: 2369
MTMSN: 0
Time of Session (UTC): Mon Feb 20 13:00:54 2012
Session Status: 00 - Transfer OK
Message Size (bytes): 543

Unit Location: Lat = 50.868372 Long = -1.363928
CEPradius = 8



-- 
This message has been scanned for viruses and
dangerous content by MailScanner, and is
believed to be clean.


--SBD.Boundary.605592468
PROCESS /noc/users/iridburst/exec/irid_300224010734970_upd.pl
Last Run  ----1970-01-01 00:00:00 
MONTH  5 
DATA  xxrecord 2012-02-16 03:00:05 :: $W5M5A,120216,030005,660d0028449ce246,1,DAS 2,,,2.0,318,3.5,18.5,34.4,2.5,18.0,35.2,2.4,1029.0,,,,,*56
 
DATA  xxrecord 2012-02-16 04:00:05 :: $W5M5A,120216,040005,660d0028449ce246,1,DAS 2,5053.5598N,123.6842W,2.1,319,3.2,18.4,34.4,2.4,17.9,35.2,2.3,1028.9,,,,,*7C
 
STATION sbdservice
IRID_ID 300224010734970
BODY 
Content-Type: text/plain;charset=US-ASCII
Content-Disposition: inline
Content-Transfer-Encoding: 7bit

MOMSN: 2370
MTMSN: 0
Time of Session (UTC): Mon Feb 20 14:00:28 2012
Session Status: 00 - Transfer OK
Message Size (bytes): 262

Unit Location: Lat = 50.868372 Long = -1.363928
CEPradius = 2



-- 
This message has been scanned for viruses and
dangerous content by MailScanner, and is
believed to be clean.


--SBD.Boundary.605592468
PROCESS /noc/users/iridburst/exec/irid_300224010734970_upd.pl
Last Run  ----1970-01-01 00:00:00 
MONTH  5 
DATA  xxrecord 2012-02-16 03:00:05 :: $W5M5A,120216,030005,660d0028449ce246,1,DAS 2,,,2.0,318,3.5,18.5,34.4,2.5,18.0,35.2,2.4,1029.0,,,,,*56
 
DATA  xxrecord 2012-02-16 04:00:05 :: $W5M5A,120216,040005,660d0028449ce246,1,DAS 2,5053.5598N,123.6842W,2.1,319,3.2,18.4,34.4,2.4,17.9,35.2,2.3,1028.9,,,,,*7C
 
STATION sbdservice
IRID_ID 300224010734970
BODY 
Content-Type: text/plain;charset=US-ASCII
Content-Disposition: inline
Content-Transfer-Encoding: 7bit

MOMSN: 2371
MTMSN: 0
Time of Session (UTC): Mon Feb 20 16:04:07 2012
Session Status: 00 - Transfer OK
Message Size (bytes): 522

Unit Location: Lat = 50.868372 Long = -1.363928
CEPradius = 2



-- 
This message has been scanned for viruses and
dangerous content by MailScanner, and is
believed to be clean.


--SBD.Boundary.605592468
PROCESS /noc/users/iridburst/exec/irid_300224010734970_upd.pl
Last Run  ----1970-01-01 00:00:00 
MONTH  5 
DATA  xxrecord 2012-02-16 03:00:05 :: $W5M5A,120216,030005,660d0028449ce246,1,DAS 2,,,2.0,318,3.5,18.5,34.4,2.5,18.0,35.2,2.4,1029.0,,,,,*56
 
DATA  xxrecord 2012-02-16 04:00:05 :: $W5M5A,120216,040005,660d0028449ce246,1,DAS 2,5053.5598N,123.6842W,2.1,319,3.2,18.4,34.4,2.4,17.9,35.2,2.3,1028.9,,,,,*7C
 
STATION sbdservice
IRID_ID 300224010734970
BODY 
Content-Type: text/plain;charset=US-ASCII
Content-Disposition: inline
Content-Transfer-Encoding: 7bit

MOMSN: 2372
MTMSN: 0
Time of Session (UTC): Mon Feb 20 17:01:08 2012
Session Status: 00 - Transfer OK
Message Size (bytes): 260

Unit Location: Lat = 50.868372 Long = -1.363928
CEPradius = 2



-- 
This message has been scanned for viruses and
dangerous content by MailScanner, and is
believed to be clean.


--SBD.Boundary.605592468
PROCESS /noc/users/iridburst/exec/irid_300224010734970_upd.pl
Last Run  ----1970-01-01 00:00:00 
MONTH  5 
DATA  xxrecord 2012-02-16 03:00:05 :: $W5M5A,120216,030005,660d0028449ce246,1,DAS 2,,,2.0,318,3.5,18.5,34.4,2.5,18.0,35.2,2.4,1029.0,,,,,*56
 
DATA  xxrecord 2012-02-16 04:00:05 :: $W5M5A,120216,040005,660d0028449ce246,1,DAS 2,5053.5598N,123.6842W,2.1,319,3.2,18.4,34.4,2.4,17.9,35.2,2.3,1028.9,,,,,*7C
 
STATION sbdservice
IRID_ID 300224010734970
BODY 
Content-Type: text/plain;charset=US-ASCII
Content-Disposition: inline
Content-Transfer-Encoding: 7bit

MOMSN: 2372
MTMSN: 0
Time of Session (UTC): Mon Feb 20 18:00:57 2012
Session Status: 00 - Transfer OK
Message Size (bytes): 539

Unit Location: Lat = 51.010959 Long = -4.280624
CEPradius = 209



-- 
This message has been scanned for viruses and
dangerous content by MailScanner, and is
believed to be clean.


--SBD.Boundary.605592468
PROCESS /noc/users/iridburst/exec/irid_300224010734970_upd.pl
Last Run  ----1970-01-01 00:00:00 
MONTH  5 
DATA  xxrecord 2012-02-16 03:00:05 :: $W5M5A,120216,030005,660d0028449ce246,1,DAS 2,,,2.0,318,3.5,18.5,34.4,2.5,18.0,35.2,2.4,1029.0,,,,,*56
 
DATA  xxrecord 2012-02-16 04:00:05 :: $W5M5A,120216,040005,660d0028449ce246,1,DAS 2,5053.5598N,123.6842W,2.1,319,3.2,18.4,34.4,2.4,17.9,35.2,2.3,1028.9,,,,,*7C
 
STATION sbdservice
IRID_ID 300224010734970
BODY 
Content-Type: text/plain;charset=US-ASCII
Content-Disposition: inline
Content-Transfer-Encoding: 7bit

MOMSN: 2373
MTMSN: 0
Time of Session (UTC): Mon Feb 20 19:00:29 2012
Session Status: 00 - Transfer OK
Message Size (bytes): 260

Unit Location: Lat = 50.918946 Long = -1.365281
CEPradius = 4



-- 
This message has been scanned for viruses and
dangerous content by MailScanner, and is
believed to be clean.


--SBD.Boundary.605592468
PROCESS /noc/users/iridburst/exec/irid_300224010734970_upd.pl
Last Run  ----1970-01-01 00:00:00 
MONTH  5 
DATA  xxrecord 2012-02-16 03:00:05 :: $W5M5A,120216,030005,660d0028449ce246,1,DAS 2,,,2.0,318,3.5,18.5,34.4,2.5,18.0,35.2,2.4,1029.0,,,,,*56
 
DATA  xxrecord 2012-02-16 04:00:05 :: $W5M5A,120216,040005,660d0028449ce246,1,DAS 2,5053.5598N,123.6842W,2.1,319,3.2,18.4,34.4,2.4,17.9,35.2,2.3,1028.9,,,,,*7C
 
STATION sbdservice
IRID_ID 300224010734970
BODY 
Content-Type: text/plain;charset=US-ASCII
Content-Disposition: inline
Content-Transfer-Encoding: 7bit

MOMSN: 2374
MTMSN: 0
Time of Session (UTC): Mon Feb 20 20:00:24 2012
Session Status: 00 - Transfer OK
Message Size (bytes): 279

Unit Location: Lat = 50.998873 Long = -3.821658
CEPradius = 189



-- 
This message has been scanned for viruses and
dangerous content by MailScanner, and is
believed to be clean.


--SBD.Boundary.605592468
PROCESS /noc/users/iridburst/exec/irid_300224010734970_upd.pl
Last Run  ----1970-01-01 00:00:00 
MONTH  5 
DATA  xxrecord 2012-02-16 03:00:05 :: $W5M5A,120216,030005,660d0028449ce246,1,DAS 2,,,2.0,318,3.5,18.5,34.4,2.5,18.0,35.2,2.4,1029.0,,,,,*56
 
DATA  xxrecord 2012-02-16 04:00:05 :: $W5M5A,120216,040005,660d0028449ce246,1,DAS 2,5053.5598N,123.6842W,2.1,319,3.2,18.4,34.4,2.4,17.9,35.2,2.3,1028.9,,,,,*7C
 
STATION sbdservice
IRID_ID 300224010734970
BODY 
Content-Type: text/plain;charset=US-ASCII
Content-Disposition: inline
Content-Transfer-Encoding: 7bit

MOMSN: 2375
MTMSN: 0
Time of Session (UTC): Mon Feb 20 23:00:31 2012
Session Status: 00 - Transfer OK
Message Size (bytes): 799

Unit Location: Lat = 50.868372 Long = -1.363928
CEPradius = 2



-- 
This message has been scanned for viruses and
dangerous content by MailScanner, and is
believed to be clean.


--SBD.Boundary.605592468
PROCESS /noc/users/iridburst/exec/irid_300224010734970_upd.pl
Last Run  ----1970-01-01 00:00:00 
MONTH  5 
DATA  xxrecord 2012-02-16 03:00:05 :: $W5M5A,120216,030005,660d0028449ce246,1,DAS 2,,,2.0,318,3.5,18.5,34.4,2.5,18.0,35.2,2.4,1029.0,,,,,*56
 
DATA  xxrecord 2012-02-16 04:00:05 :: $W5M5A,120216,040005,660d0028449ce246,1,DAS 2,5053.5598N,123.6842W,2.1,319,3.2,18.4,34.4,2.4,17.9,35.2,2.3,1028.9,,,,,*7C
 
STATION sbdservice
IRID_ID 300224010734970
BODY 
Content-Type: text/plain;charset=US-ASCII
Content-Disposition: inline
Content-Transfer-Encoding: 7bit

MOMSN: 2376
MTMSN: 0
Time of Session (UTC): Tue Feb 21 02:00:33 2012
Session Status: 00 - Transfer OK
Message Size (bytes): 799

Unit Location: Lat = 50.918267 Long = -1.422145
CEPradius = 6



-- 
This message has been scanned for viruses and
dangerous content by MailScanner, and is
believed to be clean.


--SBD.Boundary.605592468
PROCESS /noc/users/iridburst/exec/irid_300224010734970_upd.pl
Last Run  ----1970-01-01 00:00:00 
MONTH  5 
DATA  xxrecord 2012-02-16 03:00:05 :: $W5M5A,120216,030005,660d0028449ce246,1,DAS 2,,,2.0,318,3.5,18.5,34.4,2.5,18.0,35.2,2.4,1029.0,,,,,*56
 
DATA  xxrecord 2012-02-16 04:00:05 :: $W5M5A,120216,040005,660d0028449ce246,1,DAS 2,5053.5598N,123.6842W,2.1,319,3.2,18.4,34.4,2.4,17.9,35.2,2.3,1028.9,,,,,*7C
 
STATION sbdservice
IRID_ID 300224010734970
BODY 
Content-Type: text/plain;charset=US-ASCII
Content-Disposition: inline
Content-Transfer-Encoding: 7bit

MOMSN: 2377
MTMSN: 0
Time of Session (UTC): Tue Feb 21 05:03:59 2012
Session Status: 13 - Incomplete Transfer
Message Size (bytes): 0

Unit Location: Lat = 50.918946 Long = -1.365281
CEPradius = 3



-- 
This message has been scanned for viruses and
dangerous content by MailScanner, and is
believed to be clean.


--SBD.Boundary.605592468
PROCESS /noc/users/iridburst/exec/irid_300224010734970_upd.pl
Last Run  ----1970-01-01 00:00:00 
MONTH  5 
DATA  xxrecord 2012-02-16 03:00:05 :: $W5M5A,120216,030005,660d0028449ce246,1,DAS 2,,,2.0,318,3.5,18.5,34.4,2.5,18.0,35.2,2.4,1029.0,,,,,*56
 
DATA  xxrecord 2012-02-16 04:00:05 :: $W5M5A,120216,040005,660d0028449ce246,1,DAS 2,5053.5598N,123.6842W,2.1,319,3.2,18.4,34.4,2.4,17.9,35.2,2.3,1028.9,,,,,*7C
 
STATION sbdservice
IRID_ID 300224010734970
BODY 
Content-Type: application/x-zip-compressed; name="SBMmessage.sbd"
Content-Disposition: attachment; filename="300224010734970_002377.sbd"
Content-Transfer-Encoding: base64

JFc1TTVBLDEyMDIyMSwwMzAwMDUsNjYwZDAwMjg0NDljZTI0NiwxLERBUyAy
LCwsMC4wLDAsMC4wLDE4LjMsMzUuNywyLjksMTcuMywzNy45LDIuOCwxMDI5
LjQsLCwsLCo1OQ0KDQokVzVNNUEsMTIwMjIxLDAzMDAwNSw2NjBkMDAyODQ0
OWNlMjQ2LDIsREFTIDIsMTMuMSwxMy4yLDAuMiwwLjUsMC4wMSw1NjgsNTcx
LDE1Nyw2MzIsMCwzNDguNCwyMC45Miw4NzAqNjINCg0KJFc1TTVBLDEyMDIy
MSwwMzAwMDUsNjYwZDAwMjg0NDljZTI0NiwzLCoxMQ0KDQokVzVNNUEsMTIw
MjIxLDA0MDAwNSw2NjBkMDAyODQ0OWNlMjQ2LDEsREFTIDIsNTA1My41NDcy
TiwxMjMuNzAwOFcsMC4wLDAsMC4wLDE4LjIsMzUuOSwyLjksMTcuMywzNy45
LDIuOCwxMDI4LjgsLCwsLCo3RA0KDQokVzVNNUEsMTIwMjIxLDA0MDAwNSw2
NjBkMDAyODQ0OWNlMjQ2LDIsREFTIDIsMTMuMSwxMy4yLDAuMiwwLjQsMC4w
MSw1NjgsNTcxLDE1Nyw2MzEsMCwzNDguNCwyMC45Miw4NzEqNjYNCg0KJFc1
TTVBLDEyMDIyMSwwNDAwMDUsNjYwZDAwMjg0NDljZTI0NiwzLCoxNg0KDQok
VzVNNUEsMTIwMjIxLDA1MDAwNSw2NjBkMDAyODQ0OWNlMjQ2LDEsREFTIDIs
LCwwLjAsMCwwLjAsMTguMiwzNi4wLDIuOSwxNy4yLDM4LjEsMi45LDEwMjgu
NywsLCwsKjVGDQoNCiRXNU01QSwxMjAyMjEsMDUwMDA1LDY2MGQwMDI4NDQ5
Y2UyNDYsMixEQVMgMiwxMy4wLDEzLjIsMC4yLDAuOCwwLjAxLDU2OCw1NzEs
MTU3LDYzMSwwLDM0OC4zLDIwLjkyLDg3Mio2RQ0KDQokVzVNNUEsMTIwMjIx
LDA1MDAwNSw2NjBkMDAyODQ0OWNlMjQ2LDMsKjE3DQoNCiRXNU01QSwxMjAy
MjEsMDYwMDA1LDY2MGQwMDI4NDQ5Y2UyNDYsMSxEQVMgMiw1MDUzLjU1MTBO
LDEyMy43MjAyVywwLjAsMCwwLjAsMTguMSwzNi40LDMuMCwxNy4xLDM4LjYs
My4wLDEwMjguNywsLCwsKjczDQoNCiRXNU01QSwxMjAyMjEsMDYwMDA1LDY2
MGQwMDI4NDQ5Y2UyNDYsMixEQVMgMiwxMy4xLDEzLjIsMC4yLDAuNSwwLjAx
LDU2OCw1NzEsMTU3LDYzMSwwLDM0OC40LDIwLjkyLDg3Myo2Nw0KDQokVzVN
NUEsMTIwMjIxLDA2MDAwNSw2NjBkMDAyODQ0OWNlMjQ2LDMsKjE0DQoNCg==

--SBD.Boundary.605592468
PROCESS /noc/users/iridburst/exec/irid_300224010734970_upd.pl
Last Run  ----1970-01-01 00:00:00 
MONTH  5 
DATA  xxrecord 2012-02-21 03:00:05 :: $W5M5A,120221,030005,660d0028449ce246,1,DAS 2,,,0.0,0,0.0,18.3,35.7,2.9,17.3,37.9,2.8,1029.4,,,,,*59
 
INSERT
DATA  xxrecord 2012-02-21 04:00:05 :: $W5M5A,120221,040005,660d0028449ce246,1,DAS 2,5053.5472N,123.7008W,0.0,0,0.0,18.2,35.9,2.9,17.3,37.9,2.8,1028.8,,,,,*7D
 
INSERT
DATA  xxrecord 2012-02-21 05:00:05 :: $W5M5A,120221,050005,660d0028449ce246,1,DAS 2,,,0.0,0,0.0,18.2,36.0,2.9,17.2,38.1,2.9,1028.7,,,,,*5F
 
INSERT
DATA  xxrecord 2012-02-21 06:00:05 :: $W5M5A,120221,060005,660d0028449ce246,1,DAS 2,5053.5510N,123.7202W,0.0,0,0.0,18.1,36.4,3.0,17.1,38.6,3.0,1028.7,,,,,*73
 
INSERT
STATION sbdservice
IRID_ID 300224010734970
BODY 
Content-Type: application/x-zip-compressed; name="SBMmessage.sbd"
Content-Disposition: attachment; filename="300224010734970_002378.sbd"
Content-Transfer-Encoding: base64

JFc1TTVBLDEyMDIyMSwwNzAwMDUsNjYwZDAwMjg0NDljZTI0NiwxLERBUyAy
LCwsMC4wLDMzNCwwLjIsMTguNCwzNy4xLDMuNSwxNy43LDM4LjQsMy40LDEw
MjguOCwsLCwsKjUzDQoNCiRXNU01QSwxMjAyMjEsMDcwMDA1LDY2MGQwMDI4
NDQ5Y2UyNDYsMixEQVMgMiwxMy4xLDEzLjIsMC4yLDAuNSwwLjAxLDU2OCw1
NzEsMTU3LDYzMSwwLDM0OC40LDIxLjMxLDg3NCo2OQ0KDQokVzVNNUEsMTIw
MjIxLDA3MDAwNSw2NjBkMDAyODQ0OWNlMjQ2LDMsKjE1DQoNCg==

--SBD.Boundary.605592468
PROCESS /noc/users/iridburst/exec/irid_300224010734970_upd.pl
Last Run  ----1970-01-01 00:00:00 
MONTH  5 
DATA  xxrecord 2012-02-21 07:00:05 :: $W5M5A,120221,070005,660d0028449ce246,1,DAS 2,,,0.0,334,0.2,18.4,37.1,3.5,17.7,38.4,3.4,1028.8,,,,,*53
 
INSERT
STATION sbdservice
IRID_ID 300224010734970
BODY 
Content-Type: application/x-zip-compressed; name="SBMmessage.sbd"
Content-Disposition: attachment; filename="300224010734970_002379.sbd"
Content-Transfer-Encoding: base64

JFc1TTVBLDEyMDIyMSwwODAwMDUsNjYwZDAwMjg0NDljZTI0NiwxLERBUyAy
LDUwNTMuNTUwMk4sMTIzLjY5MzlXLCwsLDE5LjYsNDEuNiw2LjIsMTkuMiw0
My44LDYuNiwxMDI5LjMsLCwsLCo0Ng0KDQokVzVNNUEsMTIwMjIxLDA4MDAw
NSw2NjBkMDAyODQ0OWNlMjQ2LDIsREFTIDIsMTMuMSwxMy4yLDAuMiwwLjQs
MC4wMCw1NjgsNTcxLDE1Nyw2MjMsMCwzNDguNCwyMi44Nyw4NzQqNkINCg0K
JFc1TTVBLDEyMDIyMSwwODAwMDUsNjYwZDAwMjg0NDljZTI0NiwzLCoxQQ0K
DQokVzVNNUEsMTIwMjIxLDA5MDAwNSw2NjBkMDAyODQ0OWNlMjQ2LDEsREFT
IDIsLCwsLCwyMC42LDQyLjQsNy40LDE5LjgsNDQuMSw3LjIsMTAyOS42LCws
LCwqNjINCg0KJFc1TTVBLDEyMDIyMSwwOTAwMDUsNjYwZDAwMjg0NDljZTI0
NiwyLERBUyAyLDEzLjAsMTMuMiwwLjIsMC40LDAuMDAsNTY4LDU3MSwxNTcs
NjIzLDAsMzQ4LjQsMjMuNjYsODczKjYyDQoNCiRXNU01QSwxMjAyMjEsMDkw
MDA1LDY2MGQwMDI4NDQ5Y2UyNDYsMywqMUINCg0KJFc1TTVBLDEyMDIyMSwx
MDAwMDUsNjYwZDAwMjg0NDljZTI0NiwxLERBUyAyLCwsLCwsMjEuMSw0MC42
LDcuMiwyMC4zLDQxLjgsNi45LDEwMjkuNywsLCwsKjZDDQoNCiRXNU01QSwx
MjAyMjEsMTAwMDA1LDY2MGQwMDI4NDQ5Y2UyNDYsMixEQVMgMiwxMy4xLDEz
LjIsMC4yLDAuMywwLjAwLDU2OCw1NzEsMTU3LDYyMywwLDM0OC40LDI0LjQ0
LDg3NSo2RA0KDQokVzVNNUEsMTIwMjIxLDEwMDAwNSw2NjBkMDAyODQ0OWNl
MjQ2LDMsKjEzDQoNCg==

--SBD.Boundary.605592468
PROCESS /noc/users/iridburst/exec/irid_300224010734970_upd.pl
Last Run  ----1970-01-01 00:00:00 
MONTH  5 
DATA  xxrecord 2012-02-21 08:00:05 :: $W5M5A,120221,080005,660d0028449ce246,1,DAS 2,5053.5502N,123.6939W,,,,19.6,41.6,6.2,19.2,43.8,6.6,1029.3,,,,,*46
 
INSERT
DATA  xxrecord 2012-02-21 09:00:05 :: $W5M5A,120221,090005,660d0028449ce246,1,DAS 2,,,,,,20.6,42.4,7.4,19.8,44.1,7.2,1029.6,,,,,*62
 
INSERT
DATA  xxrecord 2012-02-21 10:00:05 :: $W5M5A,120221,100005,660d0028449ce246,1,DAS 2,,,,,,21.1,40.6,7.2,20.3,41.8,6.9,1029.7,,,,,*6C
 
INSERT
STATION sbdservice
IRID_ID 300224010734970
BODY 
Content-Type: application/x-zip-compressed; name="SBMmessage.sbd"
Content-Disposition: attachment; filename="300224010734970_002380.sbd"
Content-Transfer-Encoding: base64

JFc1TTVBLDEyMDIyMSwxMTAwMDUsNjYwZDAwMjg0NDljZTI0NiwxLERBUyAy
LCwsLCwsMjEuNCw0MS45LDcuOSwyMC44LDQzLjMsNy45LDEwMjkuOCwsLCws
KjYxDQoNCiRXNU01QSwxMjAyMjEsMTEwMDA1LDY2MGQwMDI4NDQ5Y2UyNDYs
MixEQVMgMiwxMy4xLDEzLjIsMC4yLDAuNCwwLjAwLDU2OCw1NzEsMTU3LDYy
MywwLDM0OC40LDI1LjIyLDg3MCo2Rg0KDQokVzVNNUEsMTIwMjIxLDExMDAw
NSw2NjBkMDAyODQ0OWNlMjQ2LDMsKjEyDQoNCg==

--SBD.Boundary.605592468
PROCESS /noc/users/iridburst/exec/irid_300224010734970_upd.pl
Last Run  ----1970-01-01 00:00:00 
MONTH  5 
DATA  xxrecord 2012-02-21 11:00:05 :: $W5M5A,120221,110005,660d0028449ce246,1,DAS 2,,,,,,21.4,41.9,7.9,20.8,43.3,7.9,1029.8,,,,,*61
 
INSERT
STATION sbdservice
IRID_ID 300224010734970
BODY 
Content-Type: application/x-zip-compressed; name="SBMmessage.sbd"
Content-Disposition: attachment; filename="300224010734970_002381.sbd"
Content-Transfer-Encoding: base64

JFc1TTVBLDEyMDIyMSwxMjAwMDUsNjYwZDAwMjg0NDljZTI0NiwxLERBUyAy
LDUwNTMuNTQ5N04sMTIzLjcwMzFXLCwsLDIxLjcsNDIuMSw4LjMsMjEuMiw0
Mi40LDcuOSwxMDI5LjcsLCwsLCo0RA0KDQokVzVNNUEsMTIwMjIxLDEyMDAw
NSw2NjBkMDAyODQ0OWNlMjQ2LDIsREFTIDIsMTMuMSwxMy4yLDAuMiwwLjMs
MC4wMCw1NjgsNTcxLDE1Nyw2MjMsMCwzNDguNCwyNS42MSw4NzEqNkQNCg0K
JFc1TTVBLDEyMDIyMSwxMjAwMDUsNjYwZDAwMjg0NDljZTI0NiwzLCoxMQ0K
DQo=

--SBD.Boundary.605592468
PROCESS /noc/users/iridburst/exec/irid_300224010734970_upd.pl
Last Run  ----1970-01-01 00:00:00 
MONTH  5 
DATA  xxrecord 2012-02-21 12:00:05 :: $W5M5A,120221,120005,660d0028449ce246,1,DAS 2,5053.5497N,123.7031W,,,,21.7,42.1,8.3,21.2,42.4,7.9,1029.7,,,,,*4D
 
INSERT
STATION sbdservice
IRID_ID 300224010734970
BODY 
Content-Type: application/x-zip-compressed; name="SBMmessage.sbd"
Content-Disposition: attachment; filename="300224010734970_002382.sbd"
Content-Transfer-Encoding: base64

JFc1TTVBLDEyMDIyMSwxMzAwMDUsNjYwZDAwMjg0NDljZTI0NiwxLERBUyAy
LCwsLCwsMjEuNyw0MS43LDguMSwyMS4zLDQyLjUsOC4wLDEwMjkuNCwsLCws
KjZFDQoNCiRXNU01QSwxMjAyMjEsMTMwMDA1LDY2MGQwMDI4NDQ5Y2UyNDYs
MixEQVMgMiwxMy4xLDEzLjIsMC4yLDAuMywwLjAwLDU2OCw1NzEsMTU3LDYy
MywwLDM0OC40LDI2LjAwLDg3MSo2OA0KDQokVzVNNUEsMTIwMjIxLDEzMDAw
NSw2NjBkMDAyODQ0OWNlMjQ2LDMsKjEwDQoNCg==

--SBD.Boundary.605592468
PROCESS /noc/users/iridburst/exec/irid_300224010734970_upd.pl
Last Run  ----1970-01-01 00:00:00 
MONTH  5 
DATA  xxrecord 2012-02-21 13:00:05 :: $W5M5A,120221,130005,660d0028449ce246,1,DAS 2,,,,,,21.7,41.7,8.1,21.3,42.5,8.0,1029.4,,,,,*6E
 
INSERT
STATION sbdservice
IRID_ID 300224010734970
BODY 
Content-Type: application/x-zip-compressed; name="SBMmessage.sbd"
Content-Disposition: attachment; filename="300224010734970_002383.sbd"
Content-Transfer-Encoding: base64

JFc1TTVBLDEyMDIyMSwxNDAwMDUsNjYwZDAwMjg0NDljZTI0NiwxLERBUyAy
LCwsLCwsMjEuOCw0Mi4xLDguNCwyMS4xLDQyLjcsNy45LDEwMjkuMCwsLCws
KjY0DQoNCiRXNU01QSwxMjAyMjEsMTQwMDA1LDY2MGQwMDI4NDQ5Y2UyNDYs
MixEQVMgMiwxMy4xLDEzLjIsMC4yLDAuMywwLjAwLDU2OCw1NzEsMTU3LDYy
MywwLDM0OC40LDI2LjAwLDg3MSo2Rg0KDQokVzVNNUEsMTIwMjIxLDE0MDAw
NSw2NjBkMDAyODQ0OWNlMjQ2LDMsKjE3DQoNCg==

--SBD.Boundary.605592468
PROCESS /noc/users/iridburst/exec/irid_300224010734970_upd.pl
Last Run  ----1970-01-01 00:00:00 
MONTH  5 
DATA  xxrecord 2012-02-21 14:00:05 :: $W5M5A,120221,140005,660d0028449ce246,1,DAS 2,,,,,,21.8,42.1,8.4,21.1,42.7,7.9,1029.0,,,,,*64
 
INSERT
STATION sbdservice
IRID_ID 300224010734970
BODY --

From sbdservice@sbd.iridium.com Tue Feb 21 15:04:07 2012
Return-Path: <sbdservice@sbd.iridium.com>
Received: from istbsp02.sbd.iridium.com (outbound.sbd.iridium.com [12.47.179.11])
	by mercury.noc.soton.ac.uk (8.13.1/8.12.11) with ESMTP id q1LG41tW009888
	for <iridburst@noc.soton.ac.uk>; Tue, 21 Feb 2012 16:04:01 GMT
Reply-To: <sbdservice@sbd.iridium.com>
From: sbdservice@sbd.iridium.com
To: iridburst@noc.soton.ac.uk
Subject: SBD Msg From Unit: 300224010734970
MIME-Version: 1.0
Content-Type: multipart/mixed;boundary="SBD.Boundary.605592468"
Message-Id: <19740412024625.EC9F7EDAB773A95C@istbsp02.sbd.iridium.com>
Date: Tue, 21 Feb 2012 16:03:59 +0000 (GMT)
X-NOCS-MailScanner-Information: Please contact the ISP for more information
X-NOCS-MailScanner-ID: q1LG41tW009888
X-NOCS-MailScanner: Found to be clean
X-NOCS-MailScanner-SpamCheck: not spam (whitelisted),
	SpamAssassin (not cached, score=-2.599, required 5,
	autolearn=not spam, BAYES_00 -2.60)
X-NOCS-MailScanner-From: sbdservice@sbd.iridium.com
X-Spam-Status: No

SBM Message
--SBD.Boundary.605592468
PROCESS /noc/users/iridburst/exec/irid_300224010734970_upd.pl
Last Run  ----1970-01-01 00:00:00 
MONTH  5 
DATA  xxrecord 2012-02-21 14:00:05 :: $W5M5A,120221,140005,660d0028449ce246,1,DAS 2,,,,,,21.8,42.1,8.4,21.1,42.7,7.9,1029.0,,,,,*64
 
STATION sbdservice
IRID_ID 300224010734970
BODY --

From sbdservice@sbd.iridium.com Tue Feb 21 16:01:18 2012
Return-Path: <sbdservice@sbd.iridium.com>
Received: from istbsp01.sbd.iridium.com (outbound.sbd.iridium.com [12.47.179.11])
	by mercury.noc.soton.ac.uk (8.13.1/8.12.11) with ESMTP id q1LH1AN1021857
	for <iridburst@noc.soton.ac.uk>; Tue, 21 Feb 2012 17:01:10 GMT
Reply-To: <sbdservice@sbd.iridium.com>
From: sbdservice@sbd.iridium.com
To: iridburst@noc.soton.ac.uk
Subject: SBD Msg From Unit: 300224010734970
MIME-Version: 1.0
Content-Type: multipart/mixed;boundary="SBD.Boundary.605592468"
Message-Id: <19740412024625.D6455ECAB73D71DE@istbsp01.sbd.iridium.com>
Date: Tue, 21 Feb 2012 17:01:09 +0000 (GMT)
X-NOCS-MailScanner-Information: Please contact the ISP for more information
X-NOCS-MailScanner-ID: q1LH1AN1021857
X-NOCS-MailScanner: Found to be clean
X-NOCS-MailScanner-SpamCheck: not spam (whitelisted),
	SpamAssassin (not cached, score=-2.599, required 5,
	autolearn=not spam, BAYES_00 -2.60)
X-NOCS-MailScanner-From: sbdservice@sbd.iridium.com
X-Spam-Status: No

SBM Message
--SBD.Boundary.605592468
PROCESS /noc/users/iridburst/exec/irid_300224010734970_upd.pl
Last Run  ----1970-01-01 00:00:00 
MONTH  5 
DATA  xxrecord 2012-02-21 14:00:05 :: $W5M5A,120221,140005,660d0028449ce246,1,DAS 2,,,,,,21.8,42.1,8.4,21.1,42.7,7.9,1029.0,,,,,*64
 
STATION sbdservice
IRID_ID 300224010734970
BODY --

From sbdservice@sbd.iridium.com Tue Feb 21 17:00:38 2012
Return-Path: <sbdservice@sbd.iridium.com>
Received: from istbsp02.sbd.iridium.com (outbound.sbd.iridium.com [12.47.179.11])
	by mercury.noc.soton.ac.uk (8.13.1/8.12.11) with ESMTP id q1LI0T8j031370
	for <iridburst@noc.soton.ac.uk>; Tue, 21 Feb 2012 18:00:30 GMT
Reply-To: <sbdservice@sbd.iridium.com>
From: sbdservice@sbd.iridium.com
To: iridburst@noc.soton.ac.uk
Subject: SBD Msg From Unit: 300224010734970
MIME-Version: 1.0
Content-Type: multipart/mixed;boundary="SBD.Boundary.605592468"
Message-Id: <19740412024625.D0BF4CCAF74073F2@istbsp02.sbd.iridium.com>
Date: Tue, 21 Feb 2012 18:00:29 +0000 (GMT)
X-NOCS-MailScanner-Information: Please contact the ISP for more information
X-NOCS-MailScanner-ID: q1LI0T8j031370
X-NOCS-MailScanner: Found to be clean
X-NOCS-MailScanner-SpamCheck: not spam (whitelisted),
	SpamAssassin (not cached, score=-2.599, required 5,
	autolearn=not spam, BAYES_00 -2.60)
X-NOCS-MailScanner-From: sbdservice@sbd.iridium.com
X-Spam-Status: No

SBM Message
--SBD.Boundary.605592468
PROCESS /noc/users/iridburst/exec/irid_300224010734970_upd.pl
Last Run  ----1970-01-01 00:00:00 
MONTH  5 
DATA  xxrecord 2012-02-21 14:00:05 :: $W5M5A,120221,140005,660d0028449ce246,1,DAS 2,,,,,,21.8,42.1,8.4,21.1,42.7,7.9,1029.0,,,,,*64
 
STATION sbdservice
IRID_ID 300224010734970
BODY --

From sbdservice@sbd.iridium.com Tue Feb 21 18:00:39 2012
Return-Path: <sbdservice@sbd.iridium.com>
Received: from istbsp02.sbd.iridium.com (outbound.sbd.iridium.com [12.47.179.11])
	by mercury.noc.soton.ac.uk (8.13.1/8.12.11) with ESMTP id q1LJ0YUa008193
	for <iridburst@noc.soton.ac.uk>; Tue, 21 Feb 2012 19:00:35 GMT
Reply-To: <sbdservice@sbd.iridium.com>
From: sbdservice@sbd.iridium.com
To: iridburst@noc.soton.ac.uk
Subject: SBD Msg From Unit: 300224010734970
MIME-Version: 1.0
Content-Type: multipart/mixed;boundary="SBD.Boundary.605592468"
Message-Id: <19740412024625.6F827FE9735132C4@istbsp02.sbd.iridium.com>
Date: Tue, 21 Feb 2012 19:00:34 +0000 (GMT)
X-NOCS-MailScanner-Information: Please contact the ISP for more information
X-NOCS-MailScanner-ID: q1LJ0YUa008193
X-NOCS-MailScanner: Found to be clean
X-NOCS-MailScanner-SpamCheck: not spam (whitelisted),
	SpamAssassin (not cached, score=-2.599, required 5,
	autolearn=not spam, BAYES_00 -2.60)
X-NOCS-MailScanner-From: sbdservice@sbd.iridium.com
X-Spam-Status: No

SBM Message
--SBD.Boundary.605592468
PROCESS /noc/users/iridburst/exec/irid_300224010734970_upd.pl
Last Run  ----1970-01-01 00:00:00 
MONTH  5 
DATA  xxrecord 2012-02-21 14:00:05 :: $W5M5A,120221,140005,660d0028449ce246,1,DAS 2,,,,,,21.8,42.1,8.4,21.1,42.7,7.9,1029.0,,,,,*64
 
STATION sbdservice
IRID_ID 300224010734970
BODY --

From sbdservice@sbd.iridium.com Tue Feb 21 19:00:33 2012
Return-Path: <sbdservice@sbd.iridium.com>
Received: from istbsp02.sbd.iridium.com (outbound.sbd.iridium.com [12.47.179.11])
	by mercury.noc.soton.ac.uk (8.13.1/8.12.11) with ESMTP id q1LK0TKf017524
	for <iridburst@noc.soton.ac.uk>; Tue, 21 Feb 2012 20:00:29 GMT
Reply-To: <sbdservice@sbd.iridium.com>
From: sbdservice@sbd.iridium.com
To: iridburst@noc.soton.ac.uk
Subject: SBD Msg From Unit: 300224010734970
MIME-Version: 1.0
Content-Type: multipart/mixed;boundary="SBD.Boundary.605592468"
Message-Id: <19740412024625.01EB5EFBBF739172@istbsp02.sbd.iridium.com>
Date: Tue, 21 Feb 2012 20:00:28 +0000 (GMT)
X-NOCS-MailScanner-Information: Please contact the ISP for more information
X-NOCS-MailScanner-ID: q1LK0TKf017524
X-NOCS-MailScanner: Found to be clean
X-NOCS-MailScanner-SpamCheck: not spam (whitelisted),
	SpamAssassin (not cached, score=-2.599, required 5,
	autolearn=not spam, BAYES_00 -2.60)
X-NOCS-MailScanner-From: sbdservice@sbd.iridium.com
X-Spam-Status: No

SBM Message
--SBD.Boundary.605592468
PROCESS /noc/users/iridburst/exec/irid_300224010734970_upd.pl
Last Run  ----1970-01-01 00:00:00 
MONTH  5 
DATA  xxrecord 2012-02-21 14:00:05 :: $W5M5A,120221,140005,660d0028449ce246,1,DAS 2,,,,,,21.8,42.1,8.4,21.1,42.7,7.9,1029.0,,,,,*64
 
STATION sbdservice
IRID_ID 300224010734970
BODY --

From sbdservice@sbd.iridium.com Tue Feb 21 21:04:06 2012
Return-Path: <sbdservice@sbd.iridium.com>
Received: from istbsp02.sbd.iridium.com (outbound.sbd.iridium.com [12.47.179.11])
	by mercury.noc.soton.ac.uk (8.13.1/8.12.11) with ESMTP id q1LM3xAv002994
	for <iridburst@noc.soton.ac.uk>; Tue, 21 Feb 2012 22:04:00 GMT
Reply-To: <sbdservice@sbd.iridium.com>
From: sbdservice@sbd.iridium.com
To: iridburst@noc.soton.ac.uk
Subject: SBD Msg From Unit: 300224010734970
MIME-Version: 1.0
Content-Type: multipart/mixed;boundary="SBD.Boundary.605592468"
Message-Id: <19740412024625.1A875CCA77621E87@istbsp02.sbd.iridium.com>
Date: Tue, 21 Feb 2012 22:03:58 +0000 (GMT)
X-NOCS-MailScanner-Information: Please contact the ISP for more information
X-NOCS-MailScanner-ID: q1LM3xAv002994
X-NOCS-MailScanner: Found to be clean
X-NOCS-MailScanner-SpamCheck: not spam (whitelisted),
	SpamAssassin (not cached, score=-2.599, required 5,
	autolearn=not spam, BAYES_00 -2.60)
X-NOCS-MailScanner-From: sbdservice@sbd.iridium.com
X-Spam-Status: No

SBM Message
--SBD.Boundary.605592468
PROCESS /noc/users/iridburst/exec/irid_300224010734970_upd.pl
Last Run  ----1970-01-01 00:00:00 
MONTH  5 
DATA  xxrecord 2012-02-21 14:00:05 :: $W5M5A,120221,140005,660d0028449ce246,1,DAS 2,,,,,,21.8,42.1,8.4,21.1,42.7,7.9,1029.0,,,,,*64
 
STATION sbdservice
IRID_ID 300224010734970
BODY --

From sbdservice@sbd.iridium.com Wed Feb 22 00:00:46 2012
Return-Path: <sbdservice@sbd.iridium.com>
Received: from istbsp01.sbd.iridium.com (outbound.sbd.iridium.com [12.47.179.11])
	by mercury.noc.soton.ac.uk (8.13.1/8.12.11) with ESMTP id q1M10b9u025800
	for <iridburst@noc.soton.ac.uk>; Wed, 22 Feb 2012 01:00:38 GMT
Reply-To: <sbdservice@sbd.iridium.com>
From: sbdservice@sbd.iridium.com
To: iridburst@noc.soton.ac.uk
Subject: SBD Msg From Unit: 300224010734970
MIME-Version: 1.0
Content-Type: multipart/mixed;boundary="SBD.Boundary.605592468"
Message-Id: <19740412024625.6CCF6FE9371C01BE@istbsp01.sbd.iridium.com>
Date: Wed, 22 Feb 2012 01:00:36 +0000 (GMT)
X-NOCS-MailScanner-Information: Please contact the ISP for more information
X-NOCS-MailScanner-ID: q1M10b9u025800
X-NOCS-MailScanner: Found to be clean
X-NOCS-MailScanner-SpamCheck: not spam (whitelisted),
	SpamAssassin (not cached, score=-2.599, required 5,
	autolearn=not spam, BAYES_00 -2.60)
X-NOCS-MailScanner-From: sbdservice@sbd.iridium.com
X-Spam-Status: No

SBM Message
--SBD.Boundary.605592468
PROCESS /noc/users/iridburst/exec/irid_300224010734970_upd.pl
Last Run  ----1970-01-01 00:00:00 
MONTH  5 
DATA  xxrecord 2012-02-21 14:00:05 :: $W5M5A,120221,140005,660d0028449ce246,1,DAS 2,,,,,,21.8,42.1,8.4,21.1,42.7,7.9,1029.0,,,,,*64
 
STATION sbdservice
IRID_ID 300224010734970
BODY --

From sbdservice@sbd.iridium.com Wed Feb 22 01:00:33 2012
Return-Path: <sbdservice@sbd.iridium.com>
Received: from istbsp02.sbd.iridium.com (outbound.sbd.iridium.com [12.47.179.11])
	by mercury.noc.soton.ac.uk (8.13.1/8.12.11) with ESMTP id q1M20RXI000890
	for <iridburst@noc.soton.ac.uk>; Wed, 22 Feb 2012 02:00:28 GMT
Reply-To: <sbdservice@sbd.iridium.com>
From: sbdservice@sbd.iridium.com
To: iridburst@noc.soton.ac.uk
Subject: SBD Msg From Unit: 300224010734970
MIME-Version: 1.0
Content-Type: multipart/mixed;boundary="SBD.Boundary.605592468"
Message-Id: <19740412024625.B45D6FE8BB51EABF@istbsp02.sbd.iridium.com>
Date: Wed, 22 Feb 2012 02:00:26 +0000 (GMT)
X-NOCS-MailScanner-Information: Please contact the ISP for more information
X-NOCS-MailScanner-ID: q1M20RXI000890
X-NOCS-MailScanner: Found to be clean
X-NOCS-MailScanner-SpamCheck: not spam (whitelisted),
	SpamAssassin (not cached, score=-2.599, required 5,
	autolearn=not spam, BAYES_00 -2.60)
X-NOCS-MailScanner-From: sbdservice@sbd.iridium.com
X-Spam-Status: No

SBM Message
--SBD.Boundary.605592468
PROCESS /noc/users/iridburst/exec/irid_300224010734970_upd.pl
Last Run  ----1970-01-01 00:00:00 
MONTH  5 
DATA  xxrecord 2012-02-21 14:00:05 :: $W5M5A,120221,140005,660d0028449ce246,1,DAS 2,,,,,,21.8,42.1,8.4,21.1,42.7,7.9,1029.0,,,,,*64
 
STATION sbdservice
IRID_ID 300224010734970
BODY --

From sbdservice@sbd.iridium.com Wed Feb 22 03:00:43 2012
Return-Path: <sbdservice@sbd.iridium.com>
Received: from istbsp01.sbd.iridium.com (outbound.sbd.iridium.com [12.47.179.11])
	by mercury.noc.soton.ac.uk (8.13.1/8.12.11) with ESMTP id q1M40bQp016319
	for <iridburst@noc.soton.ac.uk>; Wed, 22 Feb 2012 04:00:38 GMT
Reply-To: <sbdservice@sbd.iridium.com>
From: sbdservice@sbd.iridium.com
To: iridburst@noc.soton.ac.uk
Subject: SBD Msg From Unit: 300224010734970
MIME-Version: 1.0
Content-Type: multipart/mixed;boundary="SBD.Boundary.605592468"
Message-Id: <19740412024625.AF784EFAB72D33A3@istbsp01.sbd.iridium.com>
Date: Wed, 22 Feb 2012 04:00:35 +0000 (GMT)
X-NOCS-MailScanner-Information: Please contact the ISP for more information
X-NOCS-MailScanner-ID: q1M40bQp016319
X-NOCS-MailScanner: Found to be clean
X-NOCS-MailScanner-SpamCheck: not spam (whitelisted),
	SpamAssassin (not cached, score=-2.599, required 5,
	autolearn=not spam, BAYES_00 -2.60)
X-NOCS-MailScanner-From: sbdservice@sbd.iridium.com
X-Spam-Status: No

SBM Message
--SBD.Boundary.605592468
PROCESS /noc/users/iridburst/exec/irid_300224010734970_upd.pl
Last Run  ----1970-01-01 00:00:00 
MONTH  5 
DATA  xxrecord 2012-02-21 14:00:05 :: $W5M5A,120221,140005,660d0028449ce246,1,DAS 2,,,,,,21.8,42.1,8.4,21.1,42.7,7.9,1029.0,,,,,*64
 
STATION sbdservice
IRID_ID 300224010734970
BODY --

From sbdservice@sbd.iridium.com Wed Feb 22 04:00:37 2012
Return-Path: <sbdservice@sbd.iridium.com>
Received: from istbsp01.sbd.iridium.com (outbound.sbd.iridium.com [12.47.179.11])
	by mercury.noc.soton.ac.uk (8.13.1/8.12.11) with ESMTP id q1M50WkB024329
	for <iridburst@noc.soton.ac.uk>; Wed, 22 Feb 2012 05:00:33 GMT
Reply-To: <sbdservice@sbd.iridium.com>
From: sbdservice@sbd.iridium.com
To: iridburst@noc.soton.ac.uk
Subject: SBD Msg From Unit: 300224010734970
MIME-Version: 1.0
Content-Type: multipart/mixed;boundary="SBD.Boundary.605592468"
Message-Id: <19740412024625.26524EE8FB0F5F7F@istbsp01.sbd.iridium.com>
Date: Wed, 22 Feb 2012 05:00:31 +0000 (GMT)
X-NOCS-MailScanner-Information: Please contact the ISP for more information
X-NOCS-MailScanner-ID: q1M50WkB024329
X-NOCS-MailScanner: Found to be clean
X-NOCS-MailScanner-SpamCheck: not spam (whitelisted),
	SpamAssassin (not cached, score=-2.599, required 5,
	autolearn=not spam, BAYES_00 -2.60)
X-NOCS-MailScanner-From: sbdservice@sbd.iridium.com
X-Spam-Status: No

SBM Message
--SBD.Boundary.605592468
PROCESS /noc/users/iridburst/exec/irid_300224010734970_upd.pl
Last Run  ----1970-01-01 00:00:00 
MONTH  5 
DATA  xxrecord 2012-02-21 14:00:05 :: $W5M5A,120221,140005,660d0028449ce246,1,DAS 2,,,,,,21.8,42.1,8.4,21.1,42.7,7.9,1029.0,,,,,*64
 
STATION sbdservice
IRID_ID 300224010734970
BODY --

From sbdservice@sbd.iridium.com Wed Feb 22 07:01:43 2012
Return-Path: <sbdservice@sbd.iridium.com>
Received: from istbsp02.sbd.iridium.com (outbound.sbd.iridium.com [12.47.179.11])
	by mercury.noc.soton.ac.uk (8.13.1/8.12.11) with ESMTP id q1M81Uts017803
	for <iridburst@noc.soton.ac.uk>; Wed, 22 Feb 2012 08:01:30 GMT
Reply-To: <sbdservice@sbd.iridium.com>
From: sbdservice@sbd.iridium.com
To: iridburst@noc.soton.ac.uk
Subject: SBD Msg From Unit: 300224010734970
MIME-Version: 1.0
Content-Type: multipart/mixed;boundary="SBD.Boundary.605592468"
Message-Id: <19740412024625.26105EEA7371C71A@istbsp02.sbd.iridium.com>
Date: Wed, 22 Feb 2012 08:01:29 +0000 (GMT)
X-NOCS-MailScanner-Information: Please contact the ISP for more information
X-NOCS-MailScanner-ID: q1M81Uts017803
X-NOCS-MailScanner: Found to be clean
X-NOCS-MailScanner-SpamCheck: not spam (whitelisted),
	SpamAssassin (not cached, score=-2.599, required 5,
	autolearn=not spam, BAYES_00 -2.60)
X-NOCS-MailScanner-From: sbdservice@sbd.iridium.com
X-Spam-Status: No

SBM Message
--SBD.Boundary.605592468
PROCESS /noc/users/iridburst/exec/irid_300224010734970_upd.pl
Last Run  ----1970-01-01 00:00:00 
MONTH  5 
DATA  xxrecord 2012-02-21 14:00:05 :: $W5M5A,120221,140005,660d0028449ce246,1,DAS 2,,,,,,21.8,42.1,8.4,21.1,42.7,7.9,1029.0,,,,,*64
 
STATION sbdservice
IRID_ID 300224010734970
BODY --

From sbdservice@sbd.iridium.com Wed Feb 22 14:01:16 2012
Return-Path: <sbdservice@sbd.iridium.com>
Received: from istbsp01.sbd.iridium.com (outbound.sbd.iridium.com [12.47.179.11])
	by mercury.noc.soton.ac.uk (8.13.1/8.12.11) with ESMTP id q1MF12uX004116
	for <iridburst@noc.soton.ac.uk>; Wed, 22 Feb 2012 15:01:02 GMT
Reply-To: <sbdservice@sbd.iridium.com>
From: sbdservice@sbd.iridium.com
To: iridburst@noc.soton.ac.uk
Subject: SBD Msg From Unit: 300224010734970
MIME-Version: 1.0
Content-Type: multipart/mixed;boundary="SBD.Boundary.605592468"
Message-Id: <19740412024625.22D45CEAF73CE66C@istbsp01.sbd.iridium.com>
Date: Wed, 22 Feb 2012 15:01:01 +0000 (GMT)
X-NOCS-MailScanner-Information: Please contact the ISP for more information
X-NOCS-MailScanner-ID: q1MF12uX004116
X-NOCS-MailScanner: Found to be clean
X-NOCS-MailScanner-SpamCheck: not spam (whitelisted),
	SpamAssassin (not cached, score=-2.599, required 5,
	autolearn=not spam, BAYES_00 -2.60)
X-NOCS-MailScanner-From: sbdservice@sbd.iridium.com
X-Spam-Status: No

SBM Message
--SBD.Boundary.605592468
PROCESS /noc/users/iridburst/exec/irid_300224010734970_upd.pl
Last Run  ----1970-01-01 00:00:00 
MONTH  5 
DATA  xxrecord 2012-02-21 14:00:05 :: $W5M5A,120221,140005,660d0028449ce246,1,DAS 2,,,,,,21.8,42.1,8.4,21.1,42.7,7.9,1029.0,,,,,*64
 
STATION sbdservice
IRID_ID 300224010734970
BODY --

From sbdservice@sbd.iridium.com Wed Feb 22 15:00:44 2012
Return-Path: <sbdservice@sbd.iridium.com>
Received: from istbsp01.sbd.iridium.com (outbound.sbd.iridium.com [12.47.179.11])
	by mercury.noc.soton.ac.uk (8.13.1/8.12.11) with ESMTP id q1MG0dWA015081
	for <iridburst@noc.soton.ac.uk>; Wed, 22 Feb 2012 16:00:40 GMT
Reply-To: <sbdservice@sbd.iridium.com>
From: sbdservice@sbd.iridium.com
To: iridburst@noc.soton.ac.uk
Subject: SBD Msg From Unit: 300224010734970
MIME-Version: 1.0
Content-Type: multipart/mixed;boundary="SBD.Boundary.605592468"
Message-Id: <19740412024625.8A606CE8373E82A1@istbsp01.sbd.iridium.com>
Date: Wed, 22 Feb 2012 16:00:37 +0000 (GMT)
X-NOCS-MailScanner-Information: Please contact the ISP for more information
X-NOCS-MailScanner-ID: q1MG0dWA015081
X-NOCS-MailScanner: Found to be clean
X-NOCS-MailScanner-SpamCheck: not spam (whitelisted),
	SpamAssassin (not cached, score=-2.599, required 5,
	autolearn=not spam, BAYES_00 -2.60)
X-NOCS-MailScanner-From: sbdservice@sbd.iridium.com
X-Spam-Status: No

SBM Message
--SBD.Boundary.605592468
PROCESS /noc/users/iridburst/exec/irid_300224010734970_upd.pl
Last Run  ----1970-01-01 00:00:00 
MONTH  5 
DATA  xxrecord 2012-02-21 14:00:05 :: $W5M5A,120221,140005,660d0028449ce246,1,DAS 2,,,,,,21.8,42.1,8.4,21.1,42.7,7.9,1029.0,,,,,*64
 
STATION sbdservice
IRID_ID 300224010734970
BODY --

From sbdservice@sbd.iridium.com Wed Feb 22 16:04:32 2012
Return-Path: <sbdservice@sbd.iridium.com>
Received: from istbsp02.sbd.iridium.com (outbound.sbd.iridium.com [12.47.179.11])
	by mercury.noc.soton.ac.uk (8.13.1/8.12.11) with ESMTP id q1MH4RIs028618
	for <iridburst@noc.soton.ac.uk>; Wed, 22 Feb 2012 17:04:28 GMT
Reply-To: <sbdservice@sbd.iridium.com>
From: sbdservice@sbd.iridium.com
To: iridburst@noc.soton.ac.uk
Subject: SBD Msg From Unit: 300224010734970
MIME-Version: 1.0
Content-Type: multipart/mixed;boundary="SBD.Boundary.605592468"
Message-Id: <19740412024625.287C6EDBB7713997@istbsp02.sbd.iridium.com>
Date: Wed, 22 Feb 2012 17:04:25 +0000 (GMT)
X-NOCS-MailScanner-Information: Please contact the ISP for more information
X-NOCS-MailScanner-ID: q1MH4RIs028618
X-NOCS-MailScanner: Found to be clean
X-NOCS-MailScanner-SpamCheck: not spam (whitelisted),
	SpamAssassin (not cached, score=-2.599, required 5,
	autolearn=not spam, BAYES_00 -2.60)
X-NOCS-MailScanner-From: sbdservice@sbd.iridium.com
X-Spam-Status: No

SBM Message
--SBD.Boundary.605592468
PROCESS /noc/users/iridburst/exec/irid_300224010734970_upd.pl
Last Run  ----1970-01-01 00:00:00 
MONTH  5 
DATA  xxrecord 2012-02-21 14:00:05 :: $W5M5A,120221,140005,660d0028449ce246,1,DAS 2,,,,,,21.8,42.1,8.4,21.1,42.7,7.9,1029.0,,,,,*64
 
STATION sbdservice
IRID_ID 300224010734970
BODY --

From sbdservice@sbd.iridium.com Wed Feb 22 17:00:35 2012
Return-Path: <sbdservice@sbd.iridium.com>
Received: from istbsp02.sbd.iridium.com (outbound.sbd.iridium.com [12.47.179.11])
	by mercury.noc.soton.ac.uk (8.13.1/8.12.11) with ESMTP id q1MI0Usl005322
	for <iridburst@noc.soton.ac.uk>; Wed, 22 Feb 2012 18:00:30 GMT
Reply-To: <sbdservice@sbd.iridium.com>
From: sbdservice@sbd.iridium.com
To: iridburst@noc.soton.ac.uk
Subject: SBD Msg From Unit: 300224010734970
MIME-Version: 1.0
Content-Type: multipart/mixed;boundary="SBD.Boundary.605592468"
Message-Id: <19740412024625.F0D36FCBB7732275@istbsp02.sbd.iridium.com>
Date: Wed, 22 Feb 2012 18:00:29 +0000 (GMT)
X-NOCS-MailScanner-Information: Please contact the ISP for more information
X-NOCS-MailScanner-ID: q1MI0Usl005322
X-NOCS-MailScanner: Found to be clean
X-NOCS-MailScanner-SpamCheck: not spam (whitelisted),
	SpamAssassin (not cached, score=-2.599, required 5,
	autolearn=not spam, BAYES_00 -2.60)
X-NOCS-MailScanner-From: sbdservice@sbd.iridium.com
X-Spam-Status: No

SBM Message
--SBD.Boundary.605592468
PROCESS /noc/users/iridburst/exec/irid_300224010734970_upd.pl
Last Run  ----1970-01-01 00:00:00 
MONTH  5 
DATA  xxrecord 2012-02-21 14:00:05 :: $W5M5A,120221,140005,660d0028449ce246,1,DAS 2,,,,,,21.8,42.1,8.4,21.1,42.7,7.9,1029.0,,,,,*64
 
STATION sbdservice
IRID_ID 300224010734970
BODY --

From sbdservice@sbd.iridium.com Wed Feb 22 21:00:42 2012
Return-Path: <sbdservice@sbd.iridium.com>
Received: from istbsp02.sbd.iridium.com (outbound.sbd.iridium.com [12.47.179.11])
	by mercury.noc.soton.ac.uk (8.13.1/8.12.11) with ESMTP id q1MM0cvI006423
	for <iridburst@noc.soton.ac.uk>; Wed, 22 Feb 2012 22:00:38 GMT
Reply-To: <sbdservice@sbd.iridium.com>
From: sbdservice@sbd.iridium.com
To: iridburst@noc.soton.ac.uk
Subject: SBD Msg From Unit: 300224010734970
MIME-Version: 1.0
Content-Type: multipart/mixed;boundary="SBD.Boundary.605592468"
Message-Id: <19740412024625.31047FC9FF605223@istbsp02.sbd.iridium.com>
Date: Wed, 22 Feb 2012 22:00:37 +0000 (GMT)
X-NOCS-MailScanner-Information: Please contact the ISP for more information
X-NOCS-MailScanner-ID: q1MM0cvI006423
X-NOCS-MailScanner: Found to be clean
X-NOCS-MailScanner-SpamCheck: not spam (whitelisted),
	SpamAssassin (not cached, score=-2.599, required 5,
	autolearn=not spam, BAYES_00 -2.60)
X-NOCS-MailScanner-From: sbdservice@sbd.iridium.com
X-Spam-Status: No

SBM Message
--SBD.Boundary.605592468
PROCESS /noc/users/iridburst/exec/irid_300224010734970_upd.pl
Last Run  ----1970-01-01 00:00:00 
MONTH  5 
DATA  xxrecord 2012-02-21 14:00:05 :: $W5M5A,120221,140005,660d0028449ce246,1,DAS 2,,,,,,21.8,42.1,8.4,21.1,42.7,7.9,1029.0,,,,,*64
 
STATION sbdservice
IRID_ID 300224010734970
BODY --

From sbdservice@sbd.iridium.com Wed Feb 22 22:00:44 2012
Return-Path: <sbdservice@sbd.iridium.com>
Received: from istbsp01.sbd.iridium.com (outbound.sbd.iridium.com [12.47.179.11])
	by mercury.noc.soton.ac.uk (8.13.1/8.12.11) with ESMTP id q1MN0caY014406
	for <iridburst@noc.soton.ac.uk>; Wed, 22 Feb 2012 23:00:39 GMT
Reply-To: <sbdservice@sbd.iridium.com>
From: sbdservice@sbd.iridium.com
To: iridburst@noc.soton.ac.uk
Subject: SBD Msg From Unit: 300224010734970
MIME-Version: 1.0
Content-Type: multipart/mixed;boundary="SBD.Boundary.605592468"
Message-Id: <19740412024625.055D7DCBBF1E624F@istbsp01.sbd.iridium.com>
Date: Wed, 22 Feb 2012 23:00:31 +0000 (GMT)
X-NOCS-MailScanner-Information: Please contact the ISP for more information
X-NOCS-MailScanner-ID: q1MN0caY014406
X-NOCS-MailScanner: Found to be clean
X-NOCS-MailScanner-SpamCheck: not spam (whitelisted),
	SpamAssassin (not cached, score=-2.599, required 5,
	autolearn=not spam, BAYES_00 -2.60)
X-NOCS-MailScanner-From: sbdservice@sbd.iridium.com
X-Spam-Status: No

SBM Message
--SBD.Boundary.605592468
PROCESS /noc/users/iridburst/exec/irid_300224010734970_upd.pl
Last Run  ----1970-01-01 00:00:00 
MONTH  5 
DATA  xxrecord 2012-02-21 14:00:05 :: $W5M5A,120221,140005,660d0028449ce246,1,DAS 2,,,,,,21.8,42.1,8.4,21.1,42.7,7.9,1029.0,,,,,*64
 
STATION sbdservice
IRID_ID 300224010734970
BODY --

From sbdservice@sbd.iridium.com Wed Feb 22 23:00:40 2012
Return-Path: <sbdservice@sbd.iridium.com>
Received: from istbsp01.sbd.iridium.com (outbound.sbd.iridium.com [12.47.179.11])
	by mercury.noc.soton.ac.uk (8.13.1/8.12.11) with ESMTP id q1N00RHD021885
	for <iridburst@noc.soton.ac.uk>; Thu, 23 Feb 2012 00:00:28 GMT
Reply-To: <sbdservice@sbd.iridium.com>
From: sbdservice@sbd.iridium.com
To: iridburst@noc.soton.ac.uk
Subject: SBD Msg From Unit: 300224010734970
MIME-Version: 1.0
Content-Type: multipart/mixed;boundary="SBD.Boundary.605592468"
Message-Id: <19740412024625.7CE05DF9B71E06BB@istbsp01.sbd.iridium.com>
Date: Thu, 23 Feb 2012 00:00:26 +0000 (GMT)
X-NOCS-MailScanner-Information: Please contact the ISP for more information
X-NOCS-MailScanner-ID: q1N00RHD021885
X-NOCS-MailScanner: Found to be clean
X-NOCS-MailScanner-SpamCheck: not spam (whitelisted),
	SpamAssassin (not cached, score=-2.599, required 5,
	autolearn=not spam, BAYES_00 -2.60)
X-NOCS-MailScanner-From: sbdservice@sbd.iridium.com
X-Spam-Status: No

SBM Message
--SBD.Boundary.605592468
PROCESS /noc/users/iridburst/exec/irid_300224010734970_upd.pl
Last Run  ----1970-01-01 00:00:00 
MONTH  5 
DATA  xxrecord 2012-02-21 14:00:05 :: $W5M5A,120221,140005,660d0028449ce246,1,DAS 2,,,,,,21.8,42.1,8.4,21.1,42.7,7.9,1029.0,,,,,*64
 
STATION sbdservice
IRID_ID 300224010734970
BODY --

From sbdservice@sbd.iridium.com Thu Feb 23 00:00:41 2012
Return-Path: <sbdservice@sbd.iridium.com>
Received: from istbsp02.sbd.iridium.com (outbound.sbd.iridium.com [12.47.179.11])
	by mercury.noc.soton.ac.uk (8.13.1/8.12.11) with ESMTP id q1N10Wto028924
	for <iridburst@noc.soton.ac.uk>; Thu, 23 Feb 2012 01:00:33 GMT
Reply-To: <sbdservice@sbd.iridium.com>
From: sbdservice@sbd.iridium.com
To: iridburst@noc.soton.ac.uk
Subject: SBD Msg From Unit: 300224010734970
MIME-Version: 1.0
Content-Type: multipart/mixed;boundary="SBD.Boundary.605592468"
Message-Id: <19740412024625.CDB35FFA7F413C8E@istbsp02.sbd.iridium.com>
Date: Thu, 23 Feb 2012 01:00:31 +0000 (GMT)
X-NOCS-MailScanner-Information: Please contact the ISP for more information
X-NOCS-MailScanner-ID: q1N10Wto028924
X-NOCS-MailScanner: Found to be clean
X-NOCS-MailScanner-SpamCheck: not spam (whitelisted),
	SpamAssassin (not cached, score=-2.599, required 5,
	autolearn=not spam, BAYES_00 -2.60)
X-NOCS-MailScanner-From: sbdservice@sbd.iridium.com
X-Spam-Status: No

SBM Message
--SBD.Boundary.605592468
PROCESS /noc/users/iridburst/exec/irid_300224010734970_upd.pl
Last Run  ----1970-01-01 00:00:00 
MONTH  5 
DATA  xxrecord 2012-02-21 14:00:05 :: $W5M5A,120221,140005,660d0028449ce246,1,DAS 2,,,,,,21.8,42.1,8.4,21.1,42.7,7.9,1029.0,,,,,*64
 
STATION sbdservice
IRID_ID 300224010734970
BODY --

From sbdservice@sbd.iridium.com Thu Feb 23 02:04:03 2012
Return-Path: <sbdservice@sbd.iridium.com>
Received: from istbsp01.sbd.iridium.com (outbound.sbd.iridium.com [12.47.179.11])
	by mercury.noc.soton.ac.uk (8.13.1/8.12.11) with ESMTP id q1N33x4t011123
	for <iridburst@noc.soton.ac.uk>; Thu, 23 Feb 2012 03:03:59 GMT
Reply-To: <sbdservice@sbd.iridium.com>
From: sbdservice@sbd.iridium.com
To: iridburst@noc.soton.ac.uk
Subject: SBD Msg From Unit: 300224010734970
MIME-Version: 1.0
Content-Type: multipart/mixed;boundary="SBD.Boundary.605592468"
Message-Id: <19740412024625.31347ED8F73D8EE3@istbsp01.sbd.iridium.com>
Date: Thu, 23 Feb 2012 03:03:58 +0000 (GMT)
X-NOCS-MailScanner-Information: Please contact the ISP for more information
X-NOCS-MailScanner-ID: q1N33x4t011123
X-NOCS-MailScanner: Found to be clean
X-NOCS-MailScanner-SpamCheck: not spam (whitelisted),
	SpamAssassin (not cached, score=-2.599, required 5,
	autolearn=not spam, BAYES_00 -2.60)
X-NOCS-MailScanner-From: sbdservice@sbd.iridium.com
X-Spam-Status: No

SBM Message
--SBD.Boundary.605592468
PROCESS /noc/users/iridburst/exec/irid_300224010734970_upd.pl
Last Run  ----1970-01-01 00:00:00 
MONTH  5 
DATA  xxrecord 2012-02-21 14:00:05 :: $W5M5A,120221,140005,660d0028449ce246,1,DAS 2,,,,,,21.8,42.1,8.4,21.1,42.7,7.9,1029.0,,,,,*64
 
STATION sbdservice
IRID_ID 300224010734970
BODY --

From sbdservice@sbd.iridium.com Thu Feb 23 04:04:13 2012
Return-Path: <sbdservice@sbd.iridium.com>
Received: from istbsp01.sbd.iridium.com (outbound.sbd.iridium.com [12.47.179.11])
	by mercury.noc.soton.ac.uk (8.13.1/8.12.11) with ESMTP id q1N549w8025924
	for <iridburst@noc.soton.ac.uk>; Thu, 23 Feb 2012 05:04:09 GMT
Reply-To: <sbdservice@sbd.iridium.com>
From: sbdservice@sbd.iridium.com
To: iridburst@noc.soton.ac.uk
Subject: SBD Msg From Unit: 300224010734970
MIME-Version: 1.0
Content-Type: multipart/mixed;boundary="SBD.Boundary.605592468"
Message-Id: <19740412024625.355D5FC9772FF97E@istbsp01.sbd.iridium.com>
Date: Thu, 23 Feb 2012 05:04:08 +0000 (GMT)
X-NOCS-MailScanner-Information: Please contact the ISP for more information
X-NOCS-MailScanner-ID: q1N549w8025924
X-NOCS-MailScanner: Found to be clean
X-NOCS-MailScanner-SpamCheck: not spam (whitelisted),
	SpamAssassin (not cached, score=-2.599, required 5,
	autolearn=not spam, BAYES_00 -2.60)
X-NOCS-MailScanner-From: sbdservice@sbd.iridium.com
X-Spam-Status: No

SBM Message
--SBD.Boundary.605592468
PROCESS /noc/users/iridburst/exec/irid_300224010734970_upd.pl
Last Run  ----1970-01-01 00:00:00 
MONTH  5 
DATA  xxrecord 2012-02-21 14:00:05 :: $W5M5A,120221,140005,660d0028449ce246,1,DAS 2,,,,,,21.8,42.1,8.4,21.1,42.7,7.9,1029.0,,,,,*64
 
STATION sbdservice
IRID_ID 300224010734970
BODY --

From sbdservice@sbd.iridium.com Thu Feb 23 07:05:09 2012
Return-Path: <sbdservice@sbd.iridium.com>
Received: from istbsp01.sbd.iridium.com (outbound.sbd.iridium.com [12.47.179.11])
	by mercury.noc.soton.ac.uk (8.13.1/8.12.11) with ESMTP id q1N851sf020508
	for <iridburst@noc.soton.ac.uk>; Thu, 23 Feb 2012 08:05:02 GMT
Reply-To: <sbdservice@sbd.iridium.com>
From: sbdservice@sbd.iridium.com
To: iridburst@noc.soton.ac.uk
Subject: SBD Msg From Unit: 300224010734970
MIME-Version: 1.0
Content-Type: multipart/mixed;boundary="SBD.Boundary.605592468"
Message-Id: <19740412024625.CEE84EEAB32E33CF@istbsp01.sbd.iridium.com>
Date: Thu, 23 Feb 2012 08:05:00 +0000 (GMT)
X-NOCS-MailScanner-Information: Please contact the ISP for more information
X-NOCS-MailScanner-ID: q1N851sf020508
X-NOCS-MailScanner: Found to be clean
X-NOCS-MailScanner-SpamCheck: not spam (whitelisted),
	SpamAssassin (not cached, score=-2.599, required 5,
	autolearn=not spam, BAYES_00 -2.60)
X-NOCS-MailScanner-From: sbdservice@sbd.iridium.com
X-Spam-Status: No

SBM Message
--SBD.Boundary.605592468
PROCESS /noc/users/iridburst/exec/irid_300224010734970_upd.pl
Last Run  ----1970-01-01 00:00:00 
MONTH  5 
DATA  xxrecord 2012-02-21 14:00:05 :: $W5M5A,120221,140005,660d0028449ce246,1,DAS 2,,,,,,21.8,42.1,8.4,21.1,42.7,7.9,1029.0,,,,,*64
 
STATION sbdservice
IRID_ID 300224010734970
BODY 
Content-Type: text/plain;charset=US-ASCII
Content-Disposition: inline
Content-Transfer-Encoding: 7bit

MOMSN: 2405
MTMSN: 0
Time of Session (UTC): Thu Feb 23 10:00:35 2012
Session Status: 00 - Transfer OK
Message Size (bytes): 1282

Unit Location: Lat = 50.918946 Long = -1.365281
CEPradius = 2



-- 
This message has been scanned for viruses and
dangerous content by MailScanner, and is
believed to be clean.


--SBD.Boundary.605592468
PROCESS /noc/users/iridburst/exec/irid_300224010734970_upd.pl
Last Run  ----1970-01-01 00:00:00 
MONTH  5 
DATA  xxrecord 2012-02-21 14:00:05 :: $W5M5A,120221,140005,660d0028449ce246,1,DAS 2,,,,,,21.8,42.1,8.4,21.1,42.7,7.9,1029.0,,,,,*64
 
STATION sbdservice
IRID_ID 300224010734970
BODY 
Content-Type: text/plain;charset=US-ASCII
Content-Disposition: inline
Content-Transfer-Encoding: 7bit

MOMSN: 2406
MTMSN: 0
Time of Session (UTC): Wed Feb 29 13:00:24 2012
Session Status: 00 - Transfer OK
Message Size (bytes): 519

Unit Location: Lat = 51.071742 Long = -4.744674
CEPradius = 244



-- 
This message has been scanned for viruses and
dangerous content by MailScanner, and is
believed to be clean.


--SBD.Boundary.605592468
PROCESS /noc/users/iridburst/exec/irid_300224010734970_upd.pl
Last Run  ----1970-01-01 00:00:00 
MONTH  5 
DATA  xxrecord 2012-02-21 14:00:05 :: $W5M5A,120221,140005,660d0028449ce246,1,DAS 2,,,,,,21.8,42.1,8.4,21.1,42.7,7.9,1029.0,,,,,*64
 
STATION sbdservice
IRID_ID 300224010734970
BODY 
Content-Type: text/plain;charset=US-ASCII
Content-Disposition: inline
Content-Transfer-Encoding: 7bit

MOMSN: 2407
MTMSN: 0
Time of Session (UTC): Wed Feb 29 14:00:31 2012
Session Status: 00 - Transfer OK
Message Size (bytes): 250

Unit Location: Lat = 50.868372 Long = -1.363928
CEPradius = 2



-- 
This message has been scanned for viruses and
dangerous content by MailScanner, and is
believed to be clean.


--SBD.Boundary.605592468
PROCESS /noc/users/iridburst/exec/irid_300224010734970_upd.pl
Last Run  ----1970-01-01 00:00:00 
MONTH  5 
DATA  xxrecord 2012-02-21 14:00:05 :: $W5M5A,120221,140005,660d0028449ce246,1,DAS 2,,,,,,21.8,42.1,8.4,21.1,42.7,7.9,1029.0,,,,,*64
 
STATION sbdservice
IRID_ID 300224010734970
BODY 
Content-Type: text/plain;charset=US-ASCII
Content-Disposition: inline
Content-Transfer-Encoding: 7bit

MOMSN: 2408
MTMSN: 0
Time of Session (UTC): Wed Feb 29 18:01:02 2012
Session Status: 13 - Incomplete Transfer
Message Size (bytes): 0

Unit Location: Lat = 50.867694 Long = -1.420735
CEPradius = 2



-- 
This message has been scanned for viruses and
dangerous content by MailScanner, and is
believed to be clean.


--SBD.Boundary.605592468
PROCESS /noc/users/iridburst/exec/irid_300224010734970_upd.pl
Last Run  ----1970-01-01 00:00:00 
MONTH  5 
DATA  xxrecord 2012-02-21 14:00:05 :: $W5M5A,120221,140005,660d0028449ce246,1,DAS 2,,,,,,21.8,42.1,8.4,21.1,42.7,7.9,1029.0,,,,,*64
 
STATION sbdservice
IRID_ID 300224010734970
BODY 
Content-Type: application/x-zip-compressed; name="SBMmessage.sbd"
Content-Disposition: attachment; filename="300224010734970_002408.sbd"
Content-Transfer-Encoding: base64

JFc1TTVBLDEyMDIyOSwxNTAwMDUsNjYwZDAwMjg0NDljZTI0NiwxLERBUyAy
LCwsLCwsMjIuOCw0OS4zLDExLjYsMjMuMSw0OC4zLDExLjYsMTAyNC4wLCws
LCwqNjQNCg0KJFc1TTVBLDEyMDIyOSwxNTAwMDUsNjYwZDAwMjg0NDljZTI0
NiwyLERBUyAyLDEzLjEsMTMuMiwwLjIsMC4zLDAuMDEsNTcxLDU3NCwxNTYs
NjI0LCwsMjYuMzksODcxKjczDQoNCiRXNU01QSwxMjAyMjksMTUwMDA1LDY2
MGQwMDI4NDQ5Y2UyNDYsMywqMUUNCg0KJFc1TTVBLDEyMDIyOSwxNjAwMDUs
NjYwZDAwMjg0NDljZTI0NiwxLERBUyAyLCwsLCwsMjIuOSw0OC4zLDExLjQs
MjMuMSw0Ny4zLDExLjMsMTAyMy45LCwsLCwqNjENCg0KJFc1TTVBLDEyMDIy
OSwxNjAwMDUsNjYwZDAwMjg0NDljZTI0NiwyLERBUyAyLDEzLjEsMTMuMiww
LjIsMC41LDAuMDEsNTcxLDU3NCwxNTYsNjI0LCwsMjYuMzksODcxKjc2DQoN
CiRXNU01QSwxMjAyMjksMTYwMDA1LDY2MGQwMDI4NDQ5Y2UyNDYsMywqMUQN
Cg0KJFc1TTVBLDEyMDIyOSwxNzAwMDUsNjYwZDAwMjg0NDljZTI0NiwxLERB
UyAyLCwsLCwsMjIuOSw0Ni43LDEwLjksMjIuNSw0Ny4zLDEwLjcsMTAyMy43
LCwsLCwqNjgNCg0KJFc1TTVBLDEyMDIyOSwxNzAwMDUsNjYwZDAwMjg0NDlj
ZTI0NiwyLERBUyAyLDEzLjAsMTMuMiwwLjIsMC44LDAuMDEsNTcxLDU3NCwx
NTYsNjI0LCwsMjYuMDAsODY3Kjc2DQoNCiRXNU01QSwxMjAyMjksMTcwMDA1
LDY2MGQwMDI4NDQ5Y2UyNDYsMywqMUMNCg0KJFc1TTVBLDEyMDIyOSwxODAw
MDUsNjYwZDAwMjg0NDljZTI0NiwxLERBUyAyLCwsLCwsMjIuNiw0Ni4xLDEw
LjUsMjEuOSw0Ny43LDEwLjMsMTAyNC4wLCwsLCwqNkQNCg0KJFc1TTVBLDEy
MDIyOSwxODAwMDUsNjYwZDAwMjg0NDljZTI0NiwyLERBUyAyLDEzLjEsMTMu
MiwwLjIsMC4zLDAuMDEsNTcxLDU3NCwxNTYsNjI0LCwsMjUuMjIsODcwKjc2
DQoNCiRXNU01QSwxMjAyMjksMTgwMDA1LDY2MGQwMDI4NDQ5Y2UyNDYsMywq
MTMNCg0K

--SBD.Boundary.605592468
PROCESS /noc/users/iridburst/exec/irid_300224010734970_upd.pl
Last Run  ----1970-01-01 00:00:00 
MONTH  5 
DATA  xxrecord 2012-02-29 15:00:05 :: $W5M5A,120229,150005,660d0028449ce246,1,DAS 2,,,,,,22.8,49.3,11.6,23.1,48.3,11.6,1024.0,,,,,*64
 
INSERT
DATA  xxrecord 2012-02-29 16:00:05 :: $W5M5A,120229,160005,660d0028449ce246,1,DAS 2,,,,,,22.9,48.3,11.4,23.1,47.3,11.3,1023.9,,,,,*61
 
INSERT
DATA  xxrecord 2012-02-29 17:00:05 :: $W5M5A,120229,170005,660d0028449ce246,1,DAS 2,,,,,,22.9,46.7,10.9,22.5,47.3,10.7,1023.7,,,,,*68
 
INSERT
DATA  xxrecord 2012-02-29 18:00:05 :: $W5M5A,120229,180005,660d0028449ce246,1,DAS 2,,,,,,22.6,46.1,10.5,21.9,47.7,10.3,1024.0,,,,,*6D
 
INSERT
STATION sbdservice
IRID_ID 300224010734970
BODY 
Content-Type: application/x-zip-compressed; name="SBMmessage.sbd"
Content-Disposition: attachment; filename="300224010734970_002409.sbd"
Content-Transfer-Encoding: base64

JFc1TTVBLDEyMDIyOSwxOTAwMDUsNjYwZDAwMjg0NDljZTI0NiwxLERBUyAy
LDUwNTMuNTQzM04sMTIzLjcxNTBXLCwsLDIxLjksNDYuOCwxMC4wLDIxLjQs
NDguMCw5LjksMTAyNC4xLCwsLCwqNzINCg0KJFc1TTVBLDEyMDIyOSwxOTAw
MDUsNjYwZDAwMjg0NDljZTI0NiwyLERBUyAyLDEyLjksMTMuMiwwLjIsMC45
LDAuMDEsNTcxLDU3NCwxNTcsNjI0LDAsLDI0LjQ0LDg2OCo0RA0KDQokVzVN
NUEsMTIwMjI5LDE5MDAwNSw2NjBkMDAyODQ0OWNlMjQ2LDMsKjEyDQoNCiRX
NU01QSwxMjAyMjksMjAwMDA1LDY2MGQwMDI4NDQ5Y2UyNDYsMSxEQVMgMiws
LCwsLDIxLjUsNDYuOSw5LjcsMjAuOSw0OC4wLDkuNSwxMDI0LjMsLCwsLCo2
MA0KDQokVzVNNUEsMTIwMjI5LDIwMDAwNSw2NjBkMDAyODQ0OWNlMjQ2LDIs
REFTIDIsMTMuMSwxMy4yLDAuMiwwLjMsMC4wMSw1NzEsNTc0LDE1Nyw2MjQs
MCwsMjQuMDUsODcxKjQ5DQoNCiRXNU01QSwxMjAyMjksMjAwMDA1LDY2MGQw
MDI4NDQ5Y2UyNDYsMywqMTgNCg0K

--SBD.Boundary.605592468
PROCESS /noc/users/iridburst/exec/irid_300224010734970_upd.pl
Last Run  ----1970-01-01 00:00:00 
MONTH  5 
DATA  xxrecord 2012-02-29 19:00:05 :: $W5M5A,120229,190005,660d0028449ce246,1,DAS 2,5053.5433N,123.7150W,,,,21.9,46.8,10.0,21.4,48.0,9.9,1024.1,,,,,*72
 
INSERT
DATA  xxrecord 2012-02-29 20:00:05 :: $W5M5A,120229,200005,660d0028449ce246,1,DAS 2,,,,,,21.5,46.9,9.7,20.9,48.0,9.5,1024.3,,,,,*60
 
INSERT
STATION sbdservice
IRID_ID 300224010734970
BODY 
Content-Type: application/x-zip-compressed; name="SBMmessage.sbd"
Content-Disposition: attachment; filename="300224010734970_002409.sbd"
Content-Transfer-Encoding: base64

JFc1TTVBLDEyMDIyOSwxOTAwMDUsNjYwZDAwMjg0NDljZTI0NiwxLERBUyAy
LDUwNTMuNTQzM04sMTIzLjcxNTBXLCwsLDIxLjksNDYuOCwxMC4wLDIxLjQs
NDguMCw5LjksMTAyNC4xLCwsLCwqNzINCg0KJFc1TTVBLDEyMDIyOSwxOTAw
MDUsNjYwZDAwMjg0NDljZTI0NiwyLERBUyAyLDEyLjksMTMuMiwwLjIsMC45
LDAuMDEsNTcxLDU3NCwxNTcsNjI0LDAsLDI0LjQ0LDg2OCo0RA0KDQokVzVN
NUEsMTIwMjI5LDE5MDAwNSw2NjBkMDAyODQ0OWNlMjQ2LDMsKjEyDQoNCiRX
NU01QSwxMjAyMjksMjAwMDA1LDY2MGQwMDI4NDQ5Y2UyNDYsMSxEQVMgMiws
LCwsLDIxLjUsNDYuOSw5LjcsMjAuOSw0OC4wLDkuNSwxMDI0LjMsLCwsLCo2
MA0KDQokVzVNNUEsMTIwMjI5LDIwMDAwNSw2NjBkMDAyODQ0OWNlMjQ2LDIs
REFTIDIsMTMuMSwxMy4yLDAuMiwwLjMsMC4wMSw1NzEsNTc0LDE1Nyw2MjQs
MCwsMjQuMDUsODcxKjQ5DQoNCiRXNU01QSwxMjAyMjksMjAwMDA1LDY2MGQw
MDI4NDQ5Y2UyNDYsMywqMTgNCg0K

--SBD.Boundary.605592468
PROCESS /noc/users/iridburst/exec/irid_300224010734970_upd.pl
Last Run  ----1970-01-01 00:00:00 
MONTH  5 
DATA  xxrecord 2012-02-29 19:00:05 :: $W5M5A,120229,190005,660d0028449ce246,1,DAS 2,5053.5433N,123.7150W,,,,21.9,46.8,10.0,21.4,48.0,9.9,1024.1,,,,,*72
 
DATA  xxrecord 2012-02-29 20:00:05 :: $W5M5A,120229,200005,660d0028449ce246,1,DAS 2,,,,,,21.5,46.9,9.7,20.9,48.0,9.5,1024.3,,,,,*60
 
STATION sbdservice
IRID_ID 300224010734970
BODY 
Content-Type: application/x-zip-compressed; name="SBMmessage.sbd"
Content-Disposition: attachment; filename="300224010734970_002410.sbd"
Content-Transfer-Encoding: base64

JFc1TTVBLDEyMDIyOSwyMTAwMDUsNjYwZDAwMjg0NDljZTI0NiwxLERBUyAy
LDUwNTMuNTQ2NE4sMTIzLjY5MzdXLCwsLDIxLjEsNDYuOCw5LjMsMjAuNiw0
OC4wLDkuMiwxMDI0LjcsLCwsLCo0RQ0KDQokVzVNNUEsMTIwMjI5LDIxMDAw
NSw2NjBkMDAyODQ0OWNlMjQ2LDIsREFTIDIsMTMuMSwxMy4xLDAuMiwwLjMs
MC4wMSw1NzEsNTc0LDE1Nyw2MjQsMCwsMjMuNjYsODc0KjRDDQoNCiRXNU01
QSwxMjAyMjksMjEwMDA1LDY2MGQwMDI4NDQ5Y2UyNDYsMywqMTkNCg0K

--SBD.Boundary.605592468
PROCESS /noc/users/iridburst/exec/irid_300224010734970_upd.pl
Last Run  ----1970-01-01 00:00:00 
MONTH  5 
DATA  xxrecord 2012-02-29 21:00:05 :: $W5M5A,120229,210005,660d0028449ce246,1,DAS 2,5053.5464N,123.6937W,,,,21.1,46.8,9.3,20.6,48.0,9.2,1024.7,,,,,*4E
 
INSERT
STATION sbdservice
IRID_ID 300224010734970
BODY 
Content-Type: application/x-zip-compressed; name="SBMmessage.sbd"
Content-Disposition: attachment; filename="300224010734970_002411.sbd"
Content-Transfer-Encoding: base64

JFc1TTVBLDEyMDIyOSwyMjAwMDUsNjYwZDAwMjg0NDljZTI0NiwxLERBUyAy
LCwsLCwsMjAuOSw0Ni43LDkuMSwyMC40LDQ3LjgsOC45LDEwMjQuNywsLCws
KjY0DQoNCiRXNU01QSwxMjAyMjksMjIwMDA1LDY2MGQwMDI4NDQ5Y2UyNDYs
MixEQVMgMiwxMi45LDEzLjIsMC4yLDAuOCwwLjAxLDU3MSw1NzQsMTU3LDYy
NCwwLCwyMy4yNiw4NzIqNEMNCg0KJFc1TTVBLDEyMDIyOSwyMjAwMDUsNjYw
ZDAwMjg0NDljZTI0NiwzLCoxQQ0KDQo=

--SBD.Boundary.605592468
PROCESS /noc/users/iridburst/exec/irid_300224010734970_upd.pl
Last Run  ----1970-01-01 00:00:00 
MONTH  5 
DATA  xxrecord 2012-02-29 22:00:05 :: $W5M5A,120229,220005,660d0028449ce246,1,DAS 2,,,,,,20.9,46.7,9.1,20.4,47.8,8.9,1024.7,,,,,*64
 
INSERT
STATION sbdservice
IRID_ID 300224010734970
BODY 
Content-Type: application/x-zip-compressed; name="SBMmessage.sbd"
Content-Disposition: attachment; filename="300224010734970_002412.sbd"
Content-Transfer-Encoding: base64

JFc1TTVBLDEyMDIyOSwyMzAwMDUsNjYwZDAwMjg0NDljZTI0NiwxLERBUyAy
LCwsLCwsMjAuNyw0Ni4zLDguOCwyMC4yLDQ3LjUsOC43LDEwMjQuOCwsLCws
KjZEDQoNCiRXNU01QSwxMjAyMjksMjMwMDA1LDY2MGQwMDI4NDQ5Y2UyNDYs
MixEQVMgMiwxMi45LDEzLjIsMC4yLDAuOCwwLjAxLDU3MSw1NzQsMTU3LDYy
NCwwLCwyMy4yNiw4NzAqNEYNCg0KJFc1TTVBLDEyMDIyOSwyMzAwMDUsNjYw
ZDAwMjg0NDljZTI0NiwzLCoxQg0KDQo=

--SBD.Boundary.605592468
PROCESS /noc/users/iridburst/exec/irid_300224010734970_upd.pl
Last Run  ----1970-01-01 00:00:00 
MONTH  5 
DATA  xxrecord 2012-02-29 23:00:05 :: $W5M5A,120229,230005,660d0028449ce246,1,DAS 2,,,,,,20.7,46.3,8.8,20.2,47.5,8.7,1024.8,,,,,*6D
 
INSERT
STATION sbdservice
IRID_ID 300224010734970
BODY 
Content-Type: application/x-zip-compressed; name="SBMmessage.sbd"
Content-Disposition: attachment; filename="300224010734970_002413.sbd"
Content-Transfer-Encoding: base64

JFc1TTVBLDEyMDMwMSwwMDAwMDUsNjYwZDAwMjg0NDljZTI0NiwxLERBUyAy
LCwsLCwsMjAuNiw0Ni4xLDguNiwyMC4wLDQ3LjIsOC40LDEwMjQuOCwsLCws
KjZDDQoNCiRXNU01QSwxMjAzMDEsMDAwMDA1LDY2MGQwMDI4NDQ5Y2UyNDYs
MixEQVMgMiwxMy4wLDEzLjIsMC4yLDAuOSwwLjAxLDU3MSw1NzQsMTU3LDYy
NCwwLCwyMy4yNiw4NzQqNDgNCg0KJFc1TTVBLDEyMDMwMSwwMDAwMDUsNjYw
ZDAwMjg0NDljZTI0NiwzLCoxMQ0KDQo=

--SBD.Boundary.605592468
PROCESS /noc/users/iridburst/exec/irid_300224010734970_upd.pl
Last Run  ----1970-01-01 00:00:00 
MONTH  5 
DATA  xxrecord 2012-03-01 00:00:05 :: $W5M5A,120301,000005,660d0028449ce246,1,DAS 2,,,,,,20.6,46.1,8.6,20.0,47.2,8.4,1024.8,,,,,*6C
 
INSERT
STATION sbdservice
IRID_ID 300224010734970
BODY 
Content-Type: application/x-zip-compressed; name="SBMmessage.sbd"
Content-Disposition: attachment; filename="300224010734970_002414.sbd"
Content-Transfer-Encoding: base64

JFc1TTVBLDEyMDMwMSwwMTAwMDUsNjYwZDAwMjg0NDljZTI0NiwxLERBUyAy
LCwsLCwsMjAuNCw0NS43LDguMywxOS45LDQ2LjgsOC4yLDEwMjQuNiwsLCws
KjZGDQoNCiRXNU01QSwxMjAzMDEsMDEwMDA1LDY2MGQwMDI4NDQ5Y2UyNDYs
MixEQVMgMiwxMy4xLDEzLjIsMC4yLDAuMywwLjAxLDU3MSw1NzQsMTU3LDYy
NCwwLCwyMi44Nyw4NjgqNDUNCg0KJFc1TTVBLDEyMDMwMSwwMTAwMDUsNjYw
ZDAwMjg0NDljZTI0NiwzLCoxMA0KDQokVzVNNUEsMTIwMzAxLDAyMDAwNSw2
NjBkMDAyODQ0OWNlMjQ2LDEsREFTIDIsLCwsLCwyMC4yLDQ1LjAsNy45LDE5
LjcsNDYuMSw3LjgsMTAyNC40LCwsLCwqNjgNCg0KJFc1TTVBLDEyMDMwMSww
MjAwMDUsNjYwZDAwMjg0NDljZTI0NiwyLERBUyAyLDEzLjEsMTMuMiwwLjIs
MC42LDAuMDEsNTcxLDU3NCwxNTcsNjI1LDAsLDIyLjQ4LDg3Myo0Qg0KDQok
VzVNNUEsMTIwMzAxLDAyMDAwNSw2NjBkMDAyODQ0OWNlMjQ2LDMsKjEzDQoN
CiRXNU01QSwxMjAzMDEsMDMwMDA1LDY2MGQwMDI4NDQ5Y2UyNDYsMSxEQVMg
Miw1MDUzLjUzNDhOLDEyMy43MjM0VywsLCwyMC4xLDQ0LjMsNy41LDE5LjUs
NDUuNCw3LjQsMTAyNC40LCwsLCwqNEUNCg0KJFc1TTVBLDEyMDMwMSwwMzAw
MDUsNjYwZDAwMjg0NDljZTI0NiwyLERBUyAyLDEzLjEsMTMuMiwwLjIsMC4z
LDAuMDEsNTcxLDU3NCwxNTcsNjI0LDAsLDIyLjQ4LDg3NCo0OQ0KDQokVzVN
NUEsMTIwMzAxLDAzMDAwNSw2NjBkMDAyODQ0OWNlMjQ2LDMsKjEyDQoNCg==

--SBD.Boundary.605592468
PROCESS /noc/users/iridburst/exec/irid_300224010734970_upd.pl
Last Run  ----1970-01-01 00:00:00 
MONTH  5 
DATA  xxrecord 2012-03-01 01:00:05 :: $W5M5A,120301,010005,660d0028449ce246,1,DAS 2,,,,,,20.4,45.7,8.3,19.9,46.8,8.2,1024.6,,,,,*6F
 
INSERT
DATA  xxrecord 2012-03-01 02:00:05 :: $W5M5A,120301,020005,660d0028449ce246,1,DAS 2,,,,,,20.2,45.0,7.9,19.7,46.1,7.8,1024.4,,,,,*68
 
INSERT
DATA  xxrecord 2012-03-01 03:00:05 :: $W5M5A,120301,030005,660d0028449ce246,1,DAS 2,5053.5348N,123.7234W,,,,20.1,44.3,7.5,19.5,45.4,7.4,1024.4,,,,,*4E
 
INSERT
STATION sbdservice
IRID_ID 300224010734970
BODY 
Content-Type: application/x-zip-compressed; name="SBMmessage.sbd"
Content-Disposition: attachment; filename="300224010734970_002415.sbd"
Content-Transfer-Encoding: base64

JFc1TTVBLDEyMDMwMSwwNDAwMDUsNjYwZDAwMjg0NDljZTI0NiwxLERBUyAy
LCwsLCwsMTkuOSw0My45LDcuMiwxOS4zLDQ0LjksNy4xLDEwMjQuNSwsLCws
KjZEDQoNCiRXNU01QSwxMjAzMDEsMDQwMDA1LDY2MGQwMDI4NDQ5Y2UyNDYs
MixEQVMgMiwxMy4xLDEzLjIsMC4yLDAuMywwLjAxLDU3MSw1NzQsMTU3LDYy
NCwwLCwyMi4wOSw4NzIqNEQNCg0KJFc1TTVBLDEyMDMwMSwwNDAwMDUsNjYw
ZDAwMjg0NDljZTI0NiwzLCoxNQ0KDQo=

--SBD.Boundary.605592468
PROCESS /noc/users/iridburst/exec/irid_300224010734970_upd.pl
Last Run  ----1970-01-01 00:00:00 
MONTH  5 
DATA  xxrecord 2012-03-01 04:00:05 :: $W5M5A,120301,040005,660d0028449ce246,1,DAS 2,,,,,,19.9,43.9,7.2,19.3,44.9,7.1,1024.5,,,,,*6D
 
INSERT
STATION sbdservice
IRID_ID 300224010734970
BODY 
Content-Type: application/x-zip-compressed; name="SBMmessage.sbd"
Content-Disposition: attachment; filename="300224010734970_002416.sbd"
Content-Transfer-Encoding: base64

JFc1TTVBLDEyMDMwMSwwNTAwMDUsNjYwZDAwMjg0NDljZTI0NiwxLERBUyAy
LCwsLCwsMTkuOCw0My41LDcuMCwxOS4yLDQ0LjUsNi45LDEwMjQuOSwsLCws
KjZCDQoNCiRXNU01QSwxMjAzMDEsMDUwMDA1LDY2MGQwMDI4NDQ5Y2UyNDYs
MixEQVMgMiwxMy4xLDEzLjEsMC4yLDAuMywwLjAxLDU3MSw1NzQsMTU3LDYy
NSwwLCwyMi4wOSw4NzQqNDgNCg0KJFc1TTVBLDEyMDMwMSwwNTAwMDUsNjYw
ZDAwMjg0NDljZTI0NiwzLCoxNA0KDQo=

--SBD.Boundary.605592468
PROCESS /noc/users/iridburst/exec/irid_300224010734970_upd.pl
Last Run  ----1970-01-01 00:00:00 
MONTH  5 
DATA  xxrecord 2012-03-01 05:00:05 :: $W5M5A,120301,050005,660d0028449ce246,1,DAS 2,,,,,,19.8,43.5,7.0,19.2,44.5,6.9,1024.9,,,,,*6B
 
INSERT
STATION sbdservice
IRID_ID 300224010734970
BODY 
Content-Type: application/x-zip-compressed; name="SBMmessage.sbd"
Content-Disposition: attachment; filename="300224010734970_002417.sbd"
Content-Transfer-Encoding: base64

JFc1TTVBLDEyMDMwMSwwNjAwMDUsNjYwZDAwMjg0NDljZTI0NiwxLERBUyAy
LCwsLCwsMTkuOCw0My4wLDYuOSwxOS4yLDQ0LjIsNi43LDEwMjUuMCwsLCws
KjY0DQoNCiRXNU01QSwxMjAzMDEsMDYwMDA1LDY2MGQwMDI4NDQ5Y2UyNDYs
MixEQVMgMiwxMy4xLDEzLjIsMC4yLDAuNSwwLjAxLDU3MSw1NzQsMTU3LDYy
NCwwLCwyMi4wOSw4NzMqNDgNCg0KJFc1TTVBLDEyMDMwMSwwNjAwMDUsNjYw
ZDAwMjg0NDljZTI0NiwzLCoxNw0KDQokVzVNNUEsMTIwMzAxLDA3MDAwNSw2
NjBkMDAyODQ0OWNlMjQ2LDEsREFTIDIsNTA1My41NTU0TiwxMjMuNjg4NVcs
LCwsMTkuNiw0Mi41LDYuNiwxOS4xLDQzLjcsNi40LDEwMjUuOCwsLCwsKjQy
DQoNCiRXNU01QSwxMjAzMDEsMDcwMDA1LDY2MGQwMDI4NDQ5Y2UyNDYsMixE
QVMgMiwxMy4xLDEzLjIsMC4yLDAuMywwLjAxLDU3MSw1NzQsMTU3LDYyNCww
LCwyMi4wOSw4NzIqNEUNCg0KJFc1TTVBLDEyMDMwMSwwNzAwMDUsNjYwZDAw
Mjg0NDljZTI0NiwzLCoxNg0KDQokVzVNNUEsMTIwMzAxLDA4MDAwNSw2NjBk
MDAyODQ0OWNlMjQ2LDEsREFTIDIsLCwsLCwyMC4wLDQ0LjAsNy40LDE5Ljcs
NDQuMCw3LjEsMTAyNi4xLCwsLCwqNjENCg0KJFc1TTVBLDEyMDMwMSwwODAw
MDUsNjYwZDAwMjg0NDljZTI0NiwyLERBUyAyLDEzLjEsMTMuMiwwLjIsMC41
LDAuMDEsNTcxLDU3NCwxNTcsNjI0LDAsLDIyLjg3LDg3Myo0MA0KDQokVzVN
NUEsMTIwMzAxLDA4MDAwNSw2NjBkMDAyODQ0OWNlMjQ2LDMsKjE5DQoNCg==

--SBD.Boundary.605592468
PROCESS /noc/users/iridburst/exec/irid_300224010734970_upd.pl
Last Run  ----1970-01-01 00:00:00 
MONTH  5 
DATA  xxrecord 2012-03-01 06:00:05 :: $W5M5A,120301,060005,660d0028449ce246,1,DAS 2,,,,,,19.8,43.0,6.9,19.2,44.2,6.7,1025.0,,,,,*64
 
INSERT
DATA  xxrecord 2012-03-01 07:00:05 :: $W5M5A,120301,070005,660d0028449ce246,1,DAS 2,5053.5554N,123.6885W,,,,19.6,42.5,6.6,19.1,43.7,6.4,1025.8,,,,,*42
 
INSERT
DATA  xxrecord 2012-03-01 08:00:05 :: $W5M5A,120301,080005,660d0028449ce246,1,DAS 2,,,,,,20.0,44.0,7.4,19.7,44.0,7.1,1026.1,,,,,*61
 
INSERT
STATION sbdservice
IRID_ID 300224010734970
BODY 
Content-Type: application/x-zip-compressed; name="SBMmessage.sbd"
Content-Disposition: attachment; filename="300224010734970_002418.sbd"
Content-Transfer-Encoding: base64

JFc1TTVBLDEyMDMwMSwwOTAwMDUsNjYwZDAwMjg0NDljZTI0NiwxLERBUyAy
LCwsLCwsMjEuMyw0Mi41LDguMSwyMC44LDQzLjUsOC4wLDEwMjYuNSwsLCws
KjY2DQoNCiRXNU01QSwxMjAzMDEsMDkwMDA1LDY2MGQwMDI4NDQ5Y2UyNDYs
MixEQVMgMiwxMy4wLDEzLjIsMC4yLDAuNCwwLjAxLDU3MSw1NzQsMTU3LDYy
NCwwLCwyNC4wNSw4NzAqNEUNCg0KJFc1TTVBLDEyMDMwMSwwOTAwMDUsNjYw
ZDAwMjg0NDljZTI0NiwzLCoxOA0KDQo=

--SBD.Boundary.605592468
PROCESS /noc/users/iridburst/exec/irid_300224010734970_upd.pl
Last Run  ----1970-01-01 00:00:00 
MONTH  5 
DATA  xxrecord 2012-03-01 09:00:05 :: $W5M5A,120301,090005,660d0028449ce246,1,DAS 2,,,,,,21.3,42.5,8.1,20.8,43.5,8.0,1026.5,,,,,*66
 
INSERT
STATION sbdservice
IRID_ID 300224010734970
BODY 
Content-Type: application/x-zip-compressed; name="SBMmessage.sbd"
Content-Disposition: attachment; filename="300224010734970_002419.sbd"
Content-Transfer-Encoding: base64

JFc1TTVBLDEyMDMwMSwxMDAwMDUsNjYwZDAwMjg0NDljZTI0NiwxLERBUyAy
LCwsLCwsMjEuNiw0My4zLDguNiwyMS4xLDQ0LjMsOC41LDEwMjYuNywsLCws
KjY1DQoNCiRXNU01QSwxMjAzMDEsMTAwMDA1LDY2MGQwMDI4NDQ5Y2UyNDYs
MixEQVMgMiwxMy4xLDEzLjIsMC4yLDAuMywwLjAxLDU3MSw1NzQsMTU3LDYy
NCwwLCwyNC40NCw4NzMqNDYNCg0KJFc1TTVBLDEyMDMwMSwxMDAwMDUsNjYw
ZDAwMjg0NDljZTI0NiwzLCoxMA0KDQo=

--SBD.Boundary.605592468
PROCESS /noc/users/iridburst/exec/irid_300224010734970_upd.pl
Last Run  ----1970-01-01 00:00:00 
MONTH  5 
DATA  xxrecord 2012-03-01 10:00:05 :: $W5M5A,120301,100005,660d0028449ce246,1,DAS 2,,,,,,21.6,43.3,8.6,21.1,44.3,8.5,1026.7,,,,,*65
 
INSERT
STATION sbdservice
IRID_ID 300224010734970
BODY 
Content-Type: application/x-zip-compressed; name="SBMmessage.sbd"
Content-Disposition: attachment; filename="300224010734970_002420.sbd"
Content-Transfer-Encoding: base64

JFc1TTVBLDEyMDMwMiwwOTAwMDUsNjYwZDAwMjg0NDljZTI0NiwxLERBUyAy
LCwsLCwsMjEuNCw0My40LDguNSwyMS4wLDQ0LjYsOC41LDEwMjYuMywsLCws
KjY4DQoNCiRXNU01QSwxMjAzMDIsMDkwMDA1LDY2MGQwMDI4NDQ5Y2UyNDYs
MixEQVMgMiwxMy4xLDEzLjIsMC4yLDAuMywwLjAxLDU3Miw1NzUsMTI2LDUw
NywsLDIxLjcwLDg3MCo3QQ0KDQokVzVNNUEsMTIwMzAyLDA5MDAwNSw2NjBk
MDAyODQ0OWNlMjQ2LDMsKjFCDQoNCg==

--SBD.Boundary.605592468
PROCESS /noc/users/iridburst/exec/irid_300224010734970_upd.pl
Last Run  ----1970-01-01 00:00:00 
MONTH  5 
DATA  xxrecord 2012-03-02 09:00:05 :: $W5M5A,120302,090005,660d0028449ce246,1,DAS 2,,,,,,21.4,43.4,8.5,21.0,44.6,8.5,1026.3,,,,,*68
 
INSERT
STATION sbdservice
IRID_ID 300224010734970
BODY 
Content-Type: application/x-zip-compressed; name="SBMmessage.sbd"
Content-Disposition: attachment; filename="300224010734970_002421.sbd"
Content-Transfer-Encoding: base64

JFc1TTVBLDEyMDMwMiwxNTAwMDUsNjYwZDAwMjg0NDljZTI0NiwxLERBUyAy
LCwsMy4yLDE3Niw1LjEsNy44LDkwLjcsNi4zLCwsLCwsLCwsKjUzDQoNCiRX
NU01QSwxMjAzMDIsMTUwMDA1LDY2MGQwMDI4NDQ5Y2UyNDYsMixEQVMgMiw0
LjAsOC41LDEuNCwzLjAsLTAuMTcsNTczLDU3NiwxNjMsNjQ5LCwxNDkuMywx
My44OCw4OTgqN0INCg0KJFc1TTVBLDEyMDMwMiwxNTAwMDUsNjYwZDAwMjg0
NDljZTI0NiwzLCoxNg0KDQo=

--SBD.Boundary.605592468
PROCESS /noc/users/iridburst/exec/irid_300224010734970_upd.pl
Last Run  ----1970-01-01 00:00:00 
MONTH  5 
DATA  xxrecord 2012-03-02 15:00:05 :: $W5M5A,120302,150005,660d0028449ce246,1,DAS 2,,,3.2,176,5.1,7.8,90.7,6.3,,,,,,,,,*53
 
INSERT
STATION sbdservice
IRID_ID 300224010734970
BODY 
Content-Type: application/x-zip-compressed; name="SBMmessage.sbd"
Content-Disposition: attachment; filename="300224010734970_002422.sbd"
Content-Transfer-Encoding: base64

JFc1TTVBLDEyMDMwMiwxNjAwMDUsNjYwZDAwMjg0NDljZTI0NiwxLERBUyAy
LCwsNS4xLDE3OCw4LjYsNy41LDkyLjYsNi40LCwsLCwsLCwsKjU4DQoNCiRX
NU01QSwxMjAzMDIsMTYwMDA1LDY2MGQwMDI4NDQ5Y2UyNDYsMixEQVMgMiwz
LjksOC41LDEuNCwyLjksLTAuMTcsNTczLDU3NiwxNDYsNjIzLDAsMTQ5LjMs
MTMuNDksNTY0KjQ2DQoNCiRXNU01QSwxMjAzMDIsMTYwMDA1LDY2MGQwMDI4
NDQ5Y2UyNDYsMywqMTUNCg0K

--SBD.Boundary.605592468
PROCESS /noc/users/iridburst/exec/irid_300224010734970_upd.pl
Last Run  ----1970-01-01 00:00:00 
MONTH  5 
DATA  xxrecord 2012-03-02 16:00:05 :: $W5M5A,120302,160005,660d0028449ce246,1,DAS 2,,,5.1,178,8.6,7.5,92.6,6.4,,,,,,,,,*58
 
INSERT
STATION sbdservice
IRID_ID 300224010734970
BODY 
Content-Type: application/x-zip-compressed; name="SBMmessage.sbd"
Content-Disposition: attachment; filename="300224010734970_002423.sbd"
Content-Transfer-Encoding: base64

JFc1TTVBLDEyMDMwMiwxNzAwMDUsNjYwZDAwMjg0NDljZTI0NiwxLERBUyAy
LCwsNC4yLDE3NSw3LjAsNy42LDkzLjgsNi42LCwsLDEwMjMuMywsLCwsKjRD
DQoNCiRXNU01QSwxMjAzMDIsMTcwMDA1LDY2MGQwMDI4NDQ5Y2UyNDYsMixE
QVMgMiwzLjksOC41LDEuNCwyLjksLTAuMTcsNTc0LDU3NywxNjMsNjUxLCwx
NDkuMSwxMy4xMCw4ODIqNzgNCg0KJFc1TTVBLDEyMDMwMiwxNzAwMDUsNjYw
ZDAwMjg0NDljZTI0NiwzLCoxNA0KDQo=

--SBD.Boundary.605592468
PROCESS /noc/users/iridburst/exec/irid_300224010734970_upd.pl
Last Run  ----1970-01-01 00:00:00 
MONTH  5 
DATA  xxrecord 2012-03-02 17:00:05 :: $W5M5A,120302,170005,660d0028449ce246,1,DAS 2,,,4.2,175,7.0,7.6,93.8,6.6,,,,1023.3,,,,,*4C
 
INSERT
STATION sbdservice
IRID_ID 300224010734970
BODY 
Content-Type: application/x-zip-compressed; name="SBMmessage.sbd"
Content-Disposition: attachment; filename="300224010734970_002424.sbd"
Content-Transfer-Encoding: base64

JFc1TTVBLDEyMDMwMiwxODAwMDUsNjYwZDAwMjg0NDljZTI0NiwxLERBUyAy
LCwsMy42LDE3Myw2LjAsNy43LDkyLjMsNi42LCwsLDEwMjMuMywsLCwsKjRD
DQoNCiRXNU01QSwxMjAzMDIsMTgwMDA1LDY2MGQwMDI4NDQ5Y2UyNDYsMixE
QVMgMiwzLjgsOC40LDEuNCwyLjksLTAuMjEsNTc0LDU3NywxNjMsNjUzLCwx
NDkuMiwxMi43MSw4NzMqN0INCg0KJFc1TTVBLDEyMDMwMiwxODAwMDUsNjYw
ZDAwMjg0NDljZTI0NiwzLCoxQg0KDQo=

--SBD.Boundary.605592468
PROCESS /noc/users/iridburst/exec/irid_300224010734970_upd.pl
Last Run  ----1970-01-01 00:00:00 
MONTH  5 
DATA  xxrecord 2012-03-02 18:00:05 :: $W5M5A,120302,180005,660d0028449ce246,1,DAS 2,,,3.6,173,6.0,7.7,92.3,6.6,,,,1023.3,,,,,*4C
 
INSERT
STATION sbdservice
IRID_ID 300224010734970
BODY 
Content-Type: application/x-zip-compressed; name="SBMmessage.sbd"
Content-Disposition: attachment; filename="300224010734970_002425.sbd"
Content-Transfer-Encoding: base64

JFc1TTVBLDEyMDMwMiwxOTAwMDUsNjYwZDAwMjg0NDljZTI0NiwxLERBUyAy
LCwsMS44LDE4Miw0LjEsOC4wLDkwLjgsNi42LCwsLDEwMjMuMywsLCwsKjRE
DQoNCiRXNU01QSwxMjAzMDIsMTkwMDA1LDY2MGQwMDI4NDQ5Y2UyNDYsMixE
QVMgMiwzLjgsOC41LDEuNCwyLjksLTAuMTgsNTc0LDU3NywxNjQsNjUzLCwx
NDkuMiwxMy4xMCw4NzQqNzcNCg0KJFc1TTVBLDEyMDMwMiwxOTAwMDUsNjYw
ZDAwMjg0NDljZTI0NiwzLCoxQQ0KDQo=

--SBD.Boundary.605592468
PROCESS /noc/users/iridburst/exec/irid_300224010734970_upd.pl
Last Run  ----1970-01-01 00:00:00 
MONTH  5 
DATA  xxrecord 2012-03-02 19:00:05 :: $W5M5A,120302,190005,660d0028449ce246,1,DAS 2,,,1.8,182,4.1,8.0,90.8,6.6,,,,1023.3,,,,,*4D
 
INSERT
STATION sbdservice
IRID_ID 300224010734970
BODY 
Content-Type: application/x-zip-compressed; name="SBMmessage.sbd"
Content-Disposition: attachment; filename="300224010734970_002426.sbd"
Content-Transfer-Encoding: base64

JFc1TTVBLDEyMDMwMiwyMDAwMDUsNjYwZDAwMjg0NDljZTI0NiwxLERBUyAy
LCwsMi45LDE3Myw0LjksOC4yLDg5LjQsNi42LCwsLDEwMjMuMywsLCwsKjQ1
DQoNCiRXNU01QSwxMjAzMDIsMjAwMDA1LDY2MGQwMDI4NDQ5Y2UyNDYsMixE
QVMgMiwzLjgsOC40LDEuNCwyLjksLTAuMjEsNTc0LDU3NywxNjMsNjUzLCwx
NDkuMiwxMy4xMCw4NzQqNzENCg0KJFc1TTVBLDEyMDMwMiwyMDAwMDUsNjYw
ZDAwMjg0NDljZTI0NiwzLCoxMA0KDQo=

--SBD.Boundary.605592468
PROCESS /noc/users/iridburst/exec/irid_300224010734970_upd.pl
Last Run  ----1970-01-01 00:00:00 
MONTH  5 
DATA  xxrecord 2012-03-02 20:00:05 :: $W5M5A,120302,200005,660d0028449ce246,1,DAS 2,,,2.9,173,4.9,8.2,89.4,6.6,,,,1023.3,,,,,*45
 
INSERT
STATION sbdservice
IRID_ID 300224010734970
BODY 
Content-Type: application/x-zip-compressed; name="SBMmessage.sbd"
Content-Disposition: attachment; filename="300224010734970_002427.sbd"
Content-Transfer-Encoding: base64

JFc1TTVBLDEyMDMwMiwyMTAwMDUsNjYwZDAwMjg0NDljZTI0NiwxLERBUyAy
LCwsMy4yLDE3NCw0LjksOC4yLDkxLjAsNi44LCwsLDEwMjMuMywsLCwsKjRB
DQoNCiRXNU01QSwxMjAzMDIsMjEwMDA1LDY2MGQwMDI4NDQ5Y2UyNDYsMixE
QVMgMiwzLjgsOC41LDEuNCwzLjAsLTAuMTgsNTc0LDU3NywxNjQsNjUzLCwx
NDkuMiwxMy4xMCw4NzUqNzUNCg0KJFc1TTVBLDEyMDMwMiwyMTAwMDUsNjYw
ZDAwMjg0NDljZTI0NiwzLCoxMQ0KDQo=

--SBD.Boundary.605592468
PROCESS /noc/users/iridburst/exec/irid_300224010734970_upd.pl
Last Run  ----1970-01-01 00:00:00 
MONTH  5 
DATA  xxrecord 2012-03-02 21:00:05 :: $W5M5A,120302,210005,660d0028449ce246,1,DAS 2,,,3.2,174,4.9,8.2,91.0,6.8,,,,1023.3,,,,,*4A
 
INSERT
STATION sbdservice
IRID_ID 300224010734970
BODY 
Content-Type: application/x-zip-compressed; name="SBMmessage.sbd"
Content-Disposition: attachment; filename="300224010734970_002428.sbd"
Content-Transfer-Encoding: base64

JFc1TTVBLDEyMDMwMiwyMjAwMDUsNjYwZDAwMjg0NDljZTI0NiwxLERBUyAy
LCwsMi44LDE3NCw0LjksOC4wLDkzLjgsNy4xLCwsLDEwMjMuMywsLCwsKjQy
DQoNCiRXNU01QSwxMjAzMDIsMjIwMDA1LDY2MGQwMDI4NDQ5Y2UyNDYsMixE
QVMgMiwzLjgsOC40LDEuNCwyLjksLTAuMjIsNTc0LDU3NywxNjMsNjUzLCwx
NDkuMiwxMy4xMCw4NzYqNzINCg0KJFc1TTVBLDEyMDMwMiwyMjAwMDUsNjYw
ZDAwMjg0NDljZTI0NiwzLCoxMg0KDQo=

--SBD.Boundary.605592468
PROCESS /noc/users/iridburst/exec/irid_300224010734970_upd.pl
Last Run  ----1970-01-01 00:00:00 
MONTH  5 
DATA  xxrecord 2012-03-02 22:00:05 :: $W5M5A,120302,220005,660d0028449ce246,1,DAS 2,,,2.8,174,4.9,8.0,93.8,7.1,,,,1023.3,,,,,*42
 
INSERT
STATION sbdservice
IRID_ID 300224010734970
BODY 
Content-Type: application/x-zip-compressed; name="SBMmessage.sbd"
Content-Disposition: attachment; filename="300224010734970_002429.sbd"
Content-Transfer-Encoding: base64

JFc1TTVBLDEyMDMwMiwyMzAwMDUsNjYwZDAwMjg0NDljZTI0NiwxLERBUyAy
LCwsNC4wLDE3Nyw2LjgsOC4wLDkzLjgsNy4xLCwsLDEwMjMuMywsLCwsKjRE
DQoNCiRXNU01QSwxMjAzMDIsMjMwMDA1LDY2MGQwMDI4NDQ5Y2UyNDYsMixE
QVMgMiwzLjgsOC41LDEuNCwyLjksLTAuMTgsNTc0LDU3NywxNjMsNjUzLCwx
NDkuMiwxMy4xMCw4NzcqN0ENCg0KJFc1TTVBLDEyMDMwMiwyMzAwMDUsNjYw
ZDAwMjg0NDljZTI0NiwzLCoxMw0KDQo=

--SBD.Boundary.605592468
PROCESS /noc/users/iridburst/exec/irid_300224010734970_upd.pl
Last Run  ----1970-01-01 00:00:00 
MONTH  5 
DATA  xxrecord 2012-03-02 23:00:05 :: $W5M5A,120302,230005,660d0028449ce246,1,DAS 2,,,4.0,177,6.8,8.0,93.8,7.1,,,,1023.3,,,,,*4D
 
INSERT
STATION sbdservice
IRID_ID 300224010734970
BODY 
Content-Type: application/x-zip-compressed; name="SBMmessage.sbd"
Content-Disposition: attachment; filename="300224010734970_002430.sbd"
Content-Transfer-Encoding: base64

JFc1TTVBLDEyMDMwMywwMDAwMDUsNjYwZDAwMjg0NDljZTI0NiwxLERBUyAy
LCwsMy45LDE3Myw2LjMsNy44LDk2LjYsNy4zLCwsLDEwMjMuMywsLCwsKjQy
DQoNCiRXNU01QSwxMjAzMDMsMDAwMDA1LDY2MGQwMDI4NDQ5Y2UyNDYsMixE
QVMgMiwzLjgsOC40LDEuNCwyLjksLTAuMjMsNTc0LDU3NywxNjMsNjUzLCwx
NDkuMSwxMi43MSw4NzUqNzQNCg0KJFc1TTVBLDEyMDMwMywwMDAwMDUsNjYw
ZDAwMjg0NDljZTI0NiwzLCoxMw0KDQo=

--SBD.Boundary.605592468
PROCESS /noc/users/iridburst/exec/irid_300224010734970_upd.pl
Last Run  ----1970-01-01 00:00:00 
MONTH  5 
DATA  xxrecord 2012-03-03 00:00:05 :: $W5M5A,120303,000005,660d0028449ce246,1,DAS 2,,,3.9,173,6.3,7.8,96.6,7.3,,,,1023.3,,,,,*42
 
INSERT
STATION sbdservice
IRID_ID 300224010734970
BODY 
Content-Type: application/x-zip-compressed; name="SBMmessage.sbd"
Content-Disposition: attachment; filename="300224010734970_002431.sbd"
Content-Transfer-Encoding: base64

JFc1TTVBLDEyMDMwMywwMTAwMDUsNjYwZDAwMjg0NDljZTI0NiwxLERBUyAy
LCwsMy4yLDE3NCw0LjgsNy44LDk3LjUsNy40LCwsLDEwMjMuMywsLCwsKjQz
DQoNCiRXNU01QSwxMjAzMDMsMDEwMDA1LDY2MGQwMDI4NDQ5Y2UyNDYsMixE
QVMgMiwzLjgsOC40LDEuNCwyLjksLTAuMTksNTc0LDU3NywxNjMsNjU0LCwx
NDkuMSwxMi43MSw4NzIqN0MNCg0KJFc1TTVBLDEyMDMwMywwMTAwMDUsNjYw
ZDAwMjg0NDljZTI0NiwzLCoxMg0KDQo=

--SBD.Boundary.605592468
PROCESS /noc/users/iridburst/exec/irid_300224010734970_upd.pl
Last Run  ----1970-01-01 00:00:00 
MONTH  5 
DATA  xxrecord 2012-03-03 01:00:05 :: $W5M5A,120303,010005,660d0028449ce246,1,DAS 2,,,3.2,174,4.8,7.8,97.5,7.4,,,,1023.3,,,,,*43
 
INSERT
STATION sbdservice
IRID_ID 300224010734970
BODY 
Content-Type: application/x-zip-compressed; name="SBMmessage.sbd"
Content-Disposition: attachment; filename="300224010734970_002432.sbd"
Content-Transfer-Encoding: base64

JFc1TTVBLDEyMDMwMywwMjAwMDUsNjYwZDAwMjg0NDljZTI0NiwxLERBUyAy
LCwsMy4xLDE3NCw0LjksNy44LDk4LjAsNy41LCwsLDEwMjMuMywsLCwsKjQ5
DQoNCiRXNU01QSwxMjAzMDMsMDIwMDA1LDY2MGQwMDI4NDQ5Y2UyNDYsMixE
QVMgMiwzLjgsOC40LDEuNCwyLjksLTAuMjQsNTc0LDU3NywxNjMsNjUzLCwx
NDkuMSwxMi43MSw4NzYqNzINCg0KJFc1TTVBLDEyMDMwMywwMjAwMDUsNjYw
ZDAwMjg0NDljZTI0NiwzLCoxMQ0KDQo=

--SBD.Boundary.605592468
PROCESS /noc/users/iridburst/exec/irid_300224010734970_upd.pl
Last Run  ----1970-01-01 00:00:00 
MONTH  5 
DATA  xxrecord 2012-03-03 02:00:05 :: $W5M5A,120303,020005,660d0028449ce246,1,DAS 2,,,3.1,174,4.9,7.8,98.0,7.5,,,,1023.3,,,,,*49
 
INSERT
STATION sbdservice
IRID_ID 300224010734970
BODY 
Content-Type: application/x-zip-compressed; name="SBMmessage.sbd"
Content-Disposition: attachment; filename="300224010734970_002433.sbd"
Content-Transfer-Encoding: base64

JFc1TTVBLDEyMDMwMywwMzAwMDUsNjYwZDAwMjg0NDljZTI0NiwxLERBUyAy
LCwsNS4zLDE4MCw3LjgsNy44LDk4LjUsNy42LCwsLDEwMjMuMywsLCwsKjQz
DQoNCiRXNU01QSwxMjAzMDMsMDMwMDA1LDY2MGQwMDI4NDQ5Y2UyNDYsMixE
QVMgMiwzLjgsOC40LDEuNCwyLjksLTAuMTgsNTc0LDU3NywxNjQsNjUzLCwx
NDkuMSwxMi43MSw4NzMqN0UNCg0KJFc1TTVBLDEyMDMwMywwMzAwMDUsNjYw
ZDAwMjg0NDljZTI0NiwzLCoxMA0KDQo=

--SBD.Boundary.605592468
PROCESS /noc/users/iridburst/exec/irid_300224010734970_upd.pl
Last Run  ----1970-01-01 00:00:00 
MONTH  5 
DATA  xxrecord 2012-03-03 03:00:05 :: $W5M5A,120303,030005,660d0028449ce246,1,DAS 2,,,5.3,180,7.8,7.8,98.5,7.6,,,,1023.3,,,,,*43
 
INSERT
STATION sbdservice
IRID_ID 300224010734970
BODY 
Content-Type: application/x-zip-compressed; name="SBMmessage.sbd"
Content-Disposition: attachment; filename="300224010734970_002434.sbd"
Content-Transfer-Encoding: base64

JFc1TTVBLDEyMDMwMywwNDAwMDUsNjYwZDAwMjg0NDljZTI0NiwxLERBUyAy
LCwsNi4xLDE3OSw5LjAsOC4yLDk4LjIsNy45LCwsLDEwMjMuMywsLCwsKjQ4
DQoNCiRXNU01QSwxMjAzMDMsMDQwMDA1LDY2MGQwMDI4NDQ5Y2UyNDYsMixE
QVMgMiwzLjgsOC40LDEuNCwyLjksLTAuMjIsNTc0LDU3NywxNjMsNjUzLCwx
NDkuMSwxMi43MSw4NzYqNzINCg0KJFc1TTVBLDEyMDMwMywwNDAwMDUsNjYw
ZDAwMjg0NDljZTI0NiwzLCoxNw0KDQo=

--SBD.Boundary.605592468
PROCESS /noc/users/iridburst/exec/irid_300224010734970_upd.pl
Last Run  ----1970-01-01 00:00:00 
MONTH  5 
DATA  xxrecord 2012-03-03 04:00:05 :: $W5M5A,120303,040005,660d0028449ce246,1,DAS 2,,,6.1,179,9.0,8.2,98.2,7.9,,,,1023.3,,,,,*48
 
INSERT
STATION sbdservice
IRID_ID 300224010734970
BODY 
Content-Type: application/x-zip-compressed; name="SBMmessage.sbd"
Content-Disposition: attachment; filename="300224010734970_002435.sbd"
Content-Transfer-Encoding: base64

JFc1TTVBLDEyMDMwMywwNTAwMDUsNjYwZDAwMjg0NDljZTI0NiwxLERBUyAy
LCwsNy42LDE4NiwxMS4wLDkuMCw5Ni42LDguNSwsLCwxMDIzLjMsLCwsLCo3
Qw0KDQokVzVNNUEsMTIwMzAzLDA1MDAwNSw2NjBkMDAyODQ0OWNlMjQ2LDIs
REFTIDIsMy44LDguNSwxLjQsMi45LC0wLjE4LDU3NCw1NzcsMTY0LDY1Myws
MTQ5LjEsMTMuMTAsODc4Kjc0DQoNCiRXNU01QSwxMjAzMDMsMDUwMDA1LDY2
MGQwMDI4NDQ5Y2UyNDYsMywqMTYNCg0K

--SBD.Boundary.605592468
PROCESS /noc/users/iridburst/exec/irid_300224010734970_upd.pl
Last Run  ----1970-01-01 00:00:00 
MONTH  5 
DATA  xxrecord 2012-03-03 05:00:05 :: $W5M5A,120303,050005,660d0028449ce246,1,DAS 2,,,7.6,186,11.0,9.0,96.6,8.5,,,,1023.3,,,,,*7C
 
INSERT
STATION sbdservice
IRID_ID 300224010734970
BODY 
Content-Type: application/x-zip-compressed; name="SBMmessage.sbd"
Content-Disposition: attachment; filename="300224010734970_002436.sbd"
Content-Transfer-Encoding: base64

JFc1TTVBLDEyMDMwMywwNjAwMDUsNjYwZDAwMjg0NDljZTI0NiwxLERBUyAy
LCwsNi45LDE4NCwxMC40LDkuMiw5Mi40LDguMSwsLCwxMDIzLjMsLCwsLCo3
Ng0KDQokVzVNNUEsMTIwMzAzLDA2MDAwNSw2NjBkMDAyODQ0OWNlMjQ2LDIs
REFTIDIsMy44LDguNCwxLjQsMi45LC0wLjIxLDU3NCw1NzcsMTYzLDY1Myws
MTQ5LjEsMTMuODgsODc2Kjc0DQoNCiRXNU01QSwxMjAzMDMsMDYwMDA1LDY2
MGQwMDI4NDQ5Y2UyNDYsMywqMTUNCg0K

--SBD.Boundary.605592468
PROCESS /noc/users/iridburst/exec/irid_300224010734970_upd.pl
Last Run  ----1970-01-01 00:00:00 
MONTH  5 
DATA  xxrecord 2012-03-03 06:00:05 :: $W5M5A,120303,060005,660d0028449ce246,1,DAS 2,,,6.9,184,10.4,9.2,92.4,8.1,,,,1023.3,,,,,*76
 
INSERT
STATION sbdservice
IRID_ID 300224010734970
BODY 
Content-Type: application/x-zip-compressed; name="SBMmessage.sbd"
Content-Disposition: attachment; filename="300224010734970_002437.sbd"
Content-Transfer-Encoding: base64

JFc1TTVBLDEyMDMwMywwNzAwMDUsNjYwZDAwMjg0NDljZTI0NiwxLERBUyAy
LCwsOC4yLDE4NSwxMy4wLDguOSw5MS4yLDcuNSwsLCwxMDIzLjMsLCwsLCo3
MA0KDQokVzVNNUEsMTIwMzAzLDA3MDAwNSw2NjBkMDAyODQ0OWNlMjQ2LDIs
REFTIDIsMy44LDguNSwxLjQsMy4wLC0wLjE4LDU3NCw1NzcsMTYzLDY1Myws
MTQ5LjEsMTMuNDksODc1Kjc4DQoNCiRXNU01QSwxMjAzMDMsMDcwMDA1LDY2
MGQwMDI4NDQ5Y2UyNDYsMywqMTQNCg0K

--SBD.Boundary.605592468
PROCESS /noc/users/iridburst/exec/irid_300224010734970_upd.pl
Last Run  ----1970-01-01 00:00:00 
MONTH  5 
DATA  xxrecord 2012-03-03 07:00:05 :: $W5M5A,120303,070005,660d0028449ce246,1,DAS 2,,,8.2,185,13.0,8.9,91.2,7.5,,,,1023.3,,,,,*70
 
INSERT
STATION sbdservice
IRID_ID 300224010734970
BODY 
Content-Type: application/x-zip-compressed; name="SBMmessage.sbd"
Content-Disposition: attachment; filename="300224010734970_002438.sbd"
Content-Transfer-Encoding: base64

JFc1TTVBLDEyMDMwMywwODAwMDUsNjYwZDAwMjg0NDljZTI0NiwxLERBUyAy
LCwsOC45LDE4MywxMy41LDkuMyw4Ni44LDcuMiwsLCwxMDIzLjMsLCwsLCo3
Nw0KDQokVzVNNUEsMTIwMzAzLDA4MDAwNSw2NjBkMDAyODQ0OWNlMjQ2LDIs
REFTIDIsMy44LDguNCwxLjQsMy4wLC0wLjIxLDU3NCw1NzcsMTYzLDY1Myws
MTQ5LjIsMTMuODgsODc2KjcxDQoNCiRXNU01QSwxMjAzMDMsMDgwMDA1LDY2
MGQwMDI4NDQ5Y2UyNDYsMywqMUINCg0K

--SBD.Boundary.605592468
PROCESS /noc/users/iridburst/exec/irid_300224010734970_upd.pl
Last Run  ----1970-01-01 00:00:00 
MONTH  5 
DATA  xxrecord 2012-03-03 08:00:05 :: $W5M5A,120303,080005,660d0028449ce246,1,DAS 2,,,8.9,183,13.5,9.3,86.8,7.2,,,,1023.3,,,,,*77
 
INSERT
STATION sbdservice
IRID_ID 300224010734970
BODY 
Content-Type: application/x-zip-compressed; name="SBMmessage.sbd"
Content-Disposition: attachment; filename="300224010734970_002439.sbd"
Content-Transfer-Encoding: base64

JFc1TTVBLDEyMDMwMywwOTAwMDUsNjYwZDAwMjg0NDljZTI0NiwxLERBUyAy
LCwsMTEuOSwxOTEsMjAuNCw4LjksOTQuNCw4LjAsLCwsMTAyMy4zLCwsLCwq
NDUNCg0KJFc1TTVBLDEyMDMwMywwOTAwMDUsNjYwZDAwMjg0NDljZTI0Niwy
LERBUyAyLDMuOCw4LjQsMS40LDIuOSwtMC4xOCw1NzQsNTc3LDE2NCw2NTMs
LDE0OS4wLDEzLjQ5LDg3MCo3Qw0KDQokVzVNNUEsMTIwMzAzLDA5MDAwNSw2
NjBkMDAyODQ0OWNlMjQ2LDMsKjFBDQoNCg==

--SBD.Boundary.605592468
PROCESS /noc/users/iridburst/exec/irid_300224010734970_upd.pl
Last Run  ----1970-01-01 00:00:00 
MONTH  5 
DATA  xxrecord 2012-03-03 09:00:05 :: $W5M5A,120303,090005,660d0028449ce246,1,DAS 2,,,11.9,191,20.4,8.9,94.4,8.0,,,,1023.3,,,,,*45
 
INSERT
STATION sbdservice
IRID_ID 300224010734970
BODY 
Content-Type: application/x-zip-compressed; name="SBMmessage.sbd"
Content-Disposition: attachment; filename="300224010734970_002440.sbd"
Content-Transfer-Encoding: base64

JFc1TTVBLDEyMDMwMywxMDAwMDUsNjYwZDAwMjg0NDljZTI0NiwxLERBUyAy
LCwsMTAuMiwxOTcsMTcuMiw5LjgsOTIuNSw4LjYsLCwsMTAyMy4zLCwsLCwq
NDINCg0KJFc1TTVBLDEyMDMwMywxMDAwMDUsNjYwZDAwMjg0NDljZTI0Niwy
LERBUyAyLDMuOCw4LjQsMS40LDMuMiwtMC4yMCw1NzQsNTc3LDE2Myw2NTIs
LDE0OS4xLDEzLjg4LDg3Nio3OQ0KDQokVzVNNUEsMTIwMzAzLDEwMDAwNSw2
NjBkMDAyODQ0OWNlMjQ2LDMsKjEyDQoNCg==

--SBD.Boundary.605592468
PROCESS /noc/users/iridburst/exec/irid_300224010734970_upd.pl
Last Run  ----1970-01-01 00:00:00 
MONTH  5 
DATA  xxrecord 2012-03-03 10:00:05 :: $W5M5A,120303,100005,660d0028449ce246,1,DAS 2,,,10.2,197,17.2,9.8,92.5,8.6,,,,1023.3,,,,,*42
 
INSERT
STATION sbdservice
IRID_ID 300224010734970
BODY 
Content-Type: application/x-zip-compressed; name="SBMmessage.sbd"
Content-Disposition: attachment; filename="300224010734970_002441.sbd"
Content-Transfer-Encoding: base64

JFc1TTVBLDEyMDMwMywxMTAwMDUsNjYwZDAwMjg0NDljZTI0NiwxLERBUyAy
LCwsNS41LDE5NiwxMC45LDExLjAsODUuOCw4LjcsLCwsMTAyMy4zLCwsLCwq
NDYNCg0KJFc1TTVBLDEyMDMwMywxMTAwMDUsNjYwZDAwMjg0NDljZTI0Niwy
LERBUyAyLDMuOSw4LjUsMS40LDMuMCwtMC4xOCw1NzQsNTc3LDE2NCw2NTMs
LDE0OS4xLDE0LjY2LDg3Myo3NQ0KDQokVzVNNUEsMTIwMzAzLDExMDAwNSw2
NjBkMDAyODQ0OWNlMjQ2LDMsKjEzDQoNCg==

--SBD.Boundary.605592468
PROCESS /noc/users/iridburst/exec/irid_300224010734970_upd.pl
Last Run  ----1970-01-01 00:00:00 
MONTH  5 
DATA  xxrecord 2012-03-03 11:00:05 :: $W5M5A,120303,110005,660d0028449ce246,1,DAS 2,,,5.5,196,10.9,11.0,85.8,8.7,,,,1023.3,,,,,*46
 
INSERT
STATION sbdservice
IRID_ID 300224010734970
BODY 
Content-Type: application/x-zip-compressed; name="SBMmessage.sbd"
Content-Disposition: attachment; filename="300224010734970_002442.sbd"
Content-Transfer-Encoding: base64

JFc1TTVBLDEyMDMwMywxMjAwMDUsNjYwZDAwMjg0NDljZTI0NiwxLERBUyAy
LCwsOC40LDE5NSwxNi45LDEyLjQsNjUuMyw2LjAsLCwsMTAyMy4zLCwsLCwq
NDcNCg0KJFc1TTVBLDEyMDMwMywxMjAwMDUsNjYwZDAwMjg0NDljZTI0Niwy
LERBUyAyLDMuOSw4LjQsMS40LDMuMCwtMC4xOCw1NzQsNTc3LDE2NCw2NTMs
LDE0OS4xLDE2LjIzLDg3NSo3Mg0KDQokVzVNNUEsMTIwMzAzLDEyMDAwNSw2
NjBkMDAyODQ0OWNlMjQ2LDMsKjEwDQoNCg==

--SBD.Boundary.605592468
PROCESS /noc/users/iridburst/exec/irid_300224010734970_upd.pl
Last Run  ----1970-01-01 00:00:00 
MONTH  5 
DATA  xxrecord 2012-03-03 12:00:05 :: $W5M5A,120303,120005,660d0028449ce246,1,DAS 2,,,8.4,195,16.9,12.4,65.3,6.0,,,,1023.3,,,,,*47
 
INSERT
STATION sbdservice
IRID_ID 300224010734970
BODY 
Content-Type: application/x-zip-compressed; name="SBMmessage.sbd"
Content-Disposition: attachment; filename="300224010734970_002443.sbd"
Content-Transfer-Encoding: base64

JFc1TTVBLDEyMDMwMywxMzAwMDUsNjYwZDAwMjg0NDljZTI0NiwxLERBUyAy
LCwsOC42LDE5MCwxNS4yLDEyLjIsNTEuNywyLjUsLCwsMTAyMy4zLCwsLCwq
NEQNCg0KJFc1TTVBLDEyMDMwMywxMzAwMDUsNjYwZDAwMjg0NDljZTI0Niwy
LERBUyAyLDMuOSw4LjUsMS40LDIuOSwtMC4xOCw1NzQsNTc3LDE2NCw2NTIs
LDE0OS4yLDE3LjAxLDg3NSo3OQ0KDQokVzVNNUEsMTIwMzAzLDEzMDAwNSw2
NjBkMDAyODQ0OWNlMjQ2LDMsKjExDQoNCg==

--SBD.Boundary.605592468
PROCESS /noc/users/iridburst/exec/irid_300224010734970_upd.pl
Last Run  ----1970-01-01 00:00:00 
MONTH  5 
DATA  xxrecord 2012-03-03 13:00:05 :: $W5M5A,120303,130005,660d0028449ce246,1,DAS 2,,,8.6,190,15.2,12.2,51.7,2.5,,,,1023.3,,,,,*4D
 
INSERT
STATION sbdservice
IRID_ID 300224010734970
BODY 
Content-Type: application/x-zip-compressed; name="SBMmessage.sbd"
Content-Disposition: attachment; filename="300224010734970_002444.sbd"
Content-Transfer-Encoding: base64

JFc1TTVBLDEyMDMwMywxNDAwMDUsNjYwZDAwMjg0NDljZTI0NiwxLERBUyAy
LCwsMTAuOSwxOTYsMTcuOCwxMi4zLDYyLjEsNS4yLCwsLDEwMjMuMywsLCws
Kjc1DQoNCiRXNU01QSwxMjAzMDMsMTQwMDA1LDY2MGQwMDI4NDQ5Y2UyNDYs
MixEQVMgMiwzLjgsOC40LDEuNCwzLjIsLTAuMTgsNTc0LDU3NywxNjQsNjUz
LCwxNDkuMSwxNy4wMSw4NzUqNzYNCg0KJFc1TTVBLDEyMDMwMywxNDAwMDUs
NjYwZDAwMjg0NDljZTI0NiwzLCoxNg0KDQo=

--SBD.Boundary.605592468
PROCESS /noc/users/iridburst/exec/irid_300224010734970_upd.pl
Last Run  ----1970-01-01 00:00:00 
MONTH  5 
DATA  xxrecord 2012-03-03 14:00:05 :: $W5M5A,120303,140005,660d0028449ce246,1,DAS 2,,,10.9,196,17.8,12.3,62.1,5.2,,,,1023.3,,,,,*75
 
INSERT
STATION sbdservice
IRID_ID 300224010734970
BODY 
Content-Type: application/x-zip-compressed; name="SBMmessage.sbd"
Content-Disposition: attachment; filename="300224010734970_002445.sbd"
Content-Transfer-Encoding: base64

JFc1TTVBLDEyMDMwMywxNTAwMDUsNjYwZDAwMjg0NDljZTI0NiwxLERBUyAy
LCwsMTIuMSwxOTUsMjEuMiwxMS44LDY1LjUsNS42LCwsLDEwMjMuMywsLCws
KjdEDQoNCiRXNU01QSwxMjAzMDMsMTUwMDA1LDY2MGQwMDI4NDQ5Y2UyNDYs
MixEQVMgMiwzLjksOC41LDEuNCwzLjAsLTAuMTgsNTc0LDU3NywxNjQsNjUy
LCwxNDkuMCwxNy4wMSw4NzMqNzMNCg0KJFc1TTVBLDEyMDMwMywxNTAwMDUs
NjYwZDAwMjg0NDljZTI0NiwzLCoxNw0KDQo=

--SBD.Boundary.605592468
PROCESS /noc/users/iridburst/exec/irid_300224010734970_upd.pl
Last Run  ----1970-01-01 00:00:00 
MONTH  5 
DATA  xxrecord 2012-03-03 15:00:05 :: $W5M5A,120303,150005,660d0028449ce246,1,DAS 2,,,12.1,195,21.2,11.8,65.5,5.6,,,,1023.3,,,,,*7D
 
INSERT
STATION sbdservice
IRID_ID 300224010734970
BODY 
Content-Type: application/x-zip-compressed; name="SBMmessage.sbd"
Content-Disposition: attachment; filename="300224010734970_002446.sbd"
Content-Transfer-Encoding: base64

JFc1TTVBLDEyMDMwMywxNjAwMDUsNjYwZDAwMjg0NDljZTI0NiwxLERBUyAy
LCwsMTEuNCwxOTYsMTguNSwxMS40LDcxLjEsNi4zLCwsLDEwMjMuMywsLCws
KjdEDQoNCiRXNU01QSwxMjAzMDMsMTYwMDA1LDY2MGQwMDI4NDQ5Y2UyNDYs
MixEQVMgMiwzLjgsOC40LDEuNCwzLjEsLTAuMTgsNTc0LDU3NywxNjMsNjUy
LCwxNDkuMSwxNi42Miw4NzYqNzYNCg0KJFc1TTVBLDEyMDMwMywxNjAwMDUs
NjYwZDAwMjg0NDljZTI0NiwzLCoxNA0KDQo=

--SBD.Boundary.605592468
PROCESS /noc/users/iridburst/exec/irid_300224010734970_upd.pl
Last Run  ----1970-01-01 00:00:00 
MONTH  5 
DATA  xxrecord 2012-03-03 16:00:05 :: $W5M5A,120303,160005,660d0028449ce246,1,DAS 2,,,11.4,196,18.5,11.4,71.1,6.3,,,,1023.3,,,,,*7D
 
INSERT
STATION sbdservice
IRID_ID 300224010734970
BODY 
Content-Type: application/x-zip-compressed; name="SBMmessage.sbd"
Content-Disposition: attachment; filename="300224010734970_002447.sbd"
Content-Transfer-Encoding: base64

JFc1TTVBLDEyMDMwMywxNzAwMDUsNjYwZDAwMjg0NDljZTI0NiwxLERBUyAy
LCwsMTAuOSwxOTcsMTYuNywxMS4xLDcyLjYsNi40LCwsLDEwMjMuMywsLCws
KjdCDQoNCiRXNU01QSwxMjAzMDMsMTcwMDA1LDY2MGQwMDI4NDQ5Y2UyNDYs
MixEQVMgMiwzLjksOC41LDEuNCwyLjksLTAuMTgsNTc0LDU3NywxNjQsNjUz
LCwxNDkuMSwxNi4yMyw4NzQqN0YNCg0KJFc1TTVBLDEyMDMwMywxNzAwMDUs
NjYwZDAwMjg0NDljZTI0NiwzLCoxNQ0KDQo=

--SBD.Boundary.605592468
PROCESS /noc/users/iridburst/exec/irid_300224010734970_upd.pl
Last Run  ----1970-01-01 00:00:00 
MONTH  5 
DATA  xxrecord 2012-03-03 17:00:05 :: $W5M5A,120303,170005,660d0028449ce246,1,DAS 2,,,10.9,197,16.7,11.1,72.6,6.4,,,,1023.3,,,,,*7B
 
INSERT
STATION sbdservice
IRID_ID 300224010734970
BODY 
Content-Type: application/x-zip-compressed; name="SBMmessage.sbd"
Content-Disposition: attachment; filename="300224010734970_002448.sbd"
Content-Transfer-Encoding: base64

JFc1TTVBLDEyMDMwMywxODAwMDUsNjYwZDAwMjg0NDljZTI0NiwxLERBUyAy
LCwsNy4zLDE5NywxMC45LDEwLjEsNzguOSw2LjYsLCwsMTAyMy4zLCwsLCwq
NDYNCg0KJFc1TTVBLDEyMDMwMywxODAwMDUsNjYwZDAwMjg0NDljZTI0Niwy
LERBUyAyLDMuOCw4LjQsMS40LDMuMCwtMC4yMCw1NzQsNTc3LDE2NCw2NTMs
LDE0OS4xLDE1LjQ0LDg3Myo3Ng0KDQokVzVNNUEsMTIwMzAzLDE4MDAwNSw2
NjBkMDAyODQ0OWNlMjQ2LDMsKjFBDQoNCg==

--SBD.Boundary.605592468
PROCESS /noc/users/iridburst/exec/irid_300224010734970_upd.pl
Last Run  ----1970-01-01 00:00:00 
MONTH  5 
DATA  xxrecord 2012-03-03 18:00:05 :: $W5M5A,120303,180005,660d0028449ce246,1,DAS 2,,,7.3,197,10.9,10.1,78.9,6.6,,,,1023.3,,,,,*46
 
INSERT
STATION sbdservice
IRID_ID 300224010734970
BODY 
Content-Type: application/x-zip-compressed; name="SBMmessage.sbd"
Content-Disposition: attachment; filename="300224010734970_002449.sbd"
Content-Transfer-Encoding: base64

JFc1TTVBLDEyMDMwMywxOTAwMDUsNjYwZDAwMjg0NDljZTI0NiwxLERBUyAy
LCwsNS4yLDIwMCw3LjQsOS4zLDgzLjcsNi42LCwsLDEwMjMuMywsLCwsKjQy
DQoNCiRXNU01QSwxMjAzMDMsMTkwMDA1LDY2MGQwMDI4NDQ5Y2UyNDYsMixE
QVMgMiwzLjksOC41LDEuNCwyLjksLTAuMTgsNTc0LDU3NywxNjMsNjUzLCwx
NDkuMSwxNC42Niw4NzcqNzYNCg0KJFc1TTVBLDEyMDMwMywxOTAwMDUsNjYw
ZDAwMjg0NDljZTI0NiwzLCoxQg0KDQo=

--SBD.Boundary.605592468
PROCESS /noc/users/iridburst/exec/irid_300224010734970_upd.pl
Last Run  ----1970-01-01 00:00:00 
MONTH  5 
DATA  xxrecord 2012-03-03 19:00:05 :: $W5M5A,120303,190005,660d0028449ce246,1,DAS 2,,,5.2,200,7.4,9.3,83.7,6.6,,,,1023.3,,,,,*42
 
INSERT
STATION sbdservice
IRID_ID 300224010734970
BODY 
Content-Type: application/x-zip-compressed; name="SBMmessage.sbd"
Content-Disposition: attachment; filename="300224010734970_002450.sbd"
Content-Transfer-Encoding: base64

JFc1TTVBLDEyMDMwMywyMDAwMDUsNjYwZDAwMjg0NDljZTI0NiwxLERBUyAy
LCwsMy40LDE5OSw1LjksOC40LDg1LjcsNi4xLCwsLDEwMjMuMywsLCwsKjQz
DQoNCiRXNU01QSwxMjAzMDMsMjAwMDA1LDY2MGQwMDI4NDQ5Y2UyNDYsMixE
QVMgMiwzLjgsOC40LDEuNCwyLjksLTAuMjEsNTc0LDU3NywxNjMsNjUzLCwx
NDkuMSwxMy44OCw4NzUqNzMNCg0KJFc1TTVBLDEyMDMwMywyMDAwMDUsNjYw
ZDAwMjg0NDljZTI0NiwzLCoxMQ0KDQo=

--SBD.Boundary.605592468
PROCESS /noc/users/iridburst/exec/irid_300224010734970_upd.pl
Last Run  ----1970-01-01 00:00:00 
MONTH  5 
DATA  xxrecord 2012-03-03 20:00:05 :: $W5M5A,120303,200005,660d0028449ce246,1,DAS 2,,,3.4,199,5.9,8.4,85.7,6.1,,,,1023.3,,,,,*43
 
INSERT
STATION sbdservice
IRID_ID 300224010734970
BODY 
Content-Type: application/x-zip-compressed; name="SBMmessage.sbd"
Content-Disposition: attachment; filename="300224010734970_002451.sbd"
Content-Transfer-Encoding: base64

JFc1TTVBLDEyMDMwMywyMTAwMDUsNjYwZDAwMjg0NDljZTI0NiwxLERBUyAy
LCwsMy45LDE5NSw2LjIsOC4wLDg3LjMsNi4xLCwsLDEwMjMuMywsLCwsKjQ5
DQoNCiRXNU01QSwxMjAzMDMsMjEwMDA1LDY2MGQwMDI4NDQ5Y2UyNDYsMixE
QVMgMiwzLjksOC41LDEuNCwyLjksLTAuMTgsNTc0LDU3NywxNjQsNjUzLCwx
NDkuMSwxMy40OSw4NzcqNzANCg0KJFc1TTVBLDEyMDMwMywyMTAwMDUsNjYw
ZDAwMjg0NDljZTI0NiwzLCoxMA0KDQo=

--SBD.Boundary.605592468
PROCESS /noc/users/iridburst/exec/irid_300224010734970_upd.pl
Last Run  ----1970-01-01 00:00:00 
MONTH  5 
DATA  xxrecord 2012-03-03 21:00:05 :: $W5M5A,120303,210005,660d0028449ce246,1,DAS 2,,,3.9,195,6.2,8.0,87.3,6.1,,,,1023.3,,,,,*49
 
INSERT
STATION sbdservice
IRID_ID 300224010734970
BODY 
Content-Type: application/x-zip-compressed; name="SBMmessage.sbd"
Content-Disposition: attachment; filename="300224010734970_002452.sbd"
Content-Transfer-Encoding: base64

JFc1TTVBLDEyMDMwMywyMjAwMDUsNjYwZDAwMjg0NDljZTI0NiwxLERBUyAy
LCwsNC44LDE5Nyw3LjAsNy45LDg4LjUsNi4xLCwsLDEwMjMuMywsLCwsKjQy
DQoNCiRXNU01QSwxMjAzMDMsMjIwMDA1LDY2MGQwMDI4NDQ5Y2UyNDYsMixE
QVMgMiwzLjcsMy44LDIuNywzLjAsLTAuNDQsNTc1LDU3NywxMzQsNjU0LCwx
NDkuMSwxMy4xMCw0OTIqNzINCg0KJFc1TTVBLDEyMDMwMywyMjAwMDUsNjYw
ZDAwMjg0NDljZTI0NiwzLCoxMw0KDQo=

--SBD.Boundary.605592468
PROCESS /noc/users/iridburst/exec/irid_300224010734970_upd.pl
Last Run  ----1970-01-01 00:00:00 
MONTH  5 
DATA  xxrecord 2012-03-03 22:00:05 :: $W5M5A,120303,220005,660d0028449ce246,1,DAS 2,,,4.8,197,7.0,7.9,88.5,6.1,,,,1023.3,,,,,*42
 
INSERT
STATION sbdservice
IRID_ID 300224010734970
BODY 
Content-Type: application/x-zip-compressed; name="SBMmessage.sbd"
Content-Disposition: attachment; filename="300224010734970_002453.sbd"
Content-Transfer-Encoding: base64

JFc1TTVBLDEyMDMwMywyMzAwMDUsNjYwZDAwMjg0NDljZTI0NiwxLERBUyAy
LCwsMi43LDE5Niw0LjcsNy42LDkwLjksNi4yLCwsLDEwMjMuMywsLCwsKjQ2
DQoNCiRXNU01QSwxMjAzMDMsMjMwMDA1LDY2MGQwMDI4NDQ5Y2UyNDYsMixE
QVMgMiwzLjcsOC4zLDEuNSwyLjksLTAuOTYsNTc1LDU3NywxNjEsNjU4LCwx
NDkuMSwxMy40OSw4NzIqNzcNCg0KJFc1TTVBLDEyMDMwMywyMzAwMDUsNjYw
ZDAwMjg0NDljZTI0NiwzLCoxMg0KDQo=

--SBD.Boundary.605592468
PROCESS /noc/users/iridburst/exec/irid_300224010734970_upd.pl
Last Run  ----1970-01-01 00:00:00 
MONTH  5 
DATA  xxrecord 2012-03-03 23:00:05 :: $W5M5A,120303,230005,660d0028449ce246,1,DAS 2,,,2.7,196,4.7,7.6,90.9,6.2,,,,1023.3,,,,,*46
 
INSERT
STATION sbdservice
IRID_ID 300224010734970
BODY 
Content-Type: application/x-zip-compressed; name="SBMmessage.sbd"
Content-Disposition: attachment; filename="300224010734970_002454.sbd"
Content-Transfer-Encoding: base64

JFc1TTVBLDEyMDMwNCwwMDAwMDUsNjYwZDAwMjg0NDljZTI0NiwxLERBUyAy
LCwsMS42LDE4MCw0LjcsNy44LDkyLjUsNi43LCwsLDEwMjMuMywsLCwsKjQw
DQoNCiRXNU01QSwxMjAzMDQsMDAwMDA1LDY2MGQwMDI4NDQ5Y2UyNDYsMixE
QVMgMiwzLjgsOC40LDEuNSwyLjksLTAuMzksNTc1LDU3NywxNjIsNjUzLCwx
NDkuMSwxMy40OSw4NzMqNzUNCg0KJFc1TTVBLDEyMDMwNCwwMDAwMDUsNjYw
ZDAwMjg0NDljZTI0NiwzLCoxNA0KDQo=

--SBD.Boundary.605592468
PROCESS /noc/users/iridburst/exec/irid_300224010734970_upd.pl
Last Run  ----1970-01-01 00:00:00 
MONTH  5 
DATA  xxrecord 2012-03-04 00:00:05 :: $W5M5A,120304,000005,660d0028449ce246,1,DAS 2,,,1.6,180,4.7,7.8,92.5,6.7,,,,1023.3,,,,,*40
 
INSERT
STATION sbdservice
IRID_ID 300224010734970
BODY 
Content-Type: application/x-zip-compressed; name="SBMmessage.sbd"
Content-Disposition: attachment; filename="300224010734970_002455.sbd"
Content-Transfer-Encoding: base64

JFc1TTVBLDEyMDMwNCwwMTAwMDUsNjYwZDAwMjg0NDljZTI0NiwxLERBUyAy
LCwsNS4zLDE5Miw3LjksOC4zLDkzLjEsNy4zLCwsLDEwMjMuMywsLCwsKjRB
DQoNCiRXNU01QSwxMjAzMDQsMDEwMDA1LDY2MGQwMDI4NDQ5Y2UyNDYsMixE
QVMgMiwzLjcsOC4zLDEuNSwyLjksLTAuODksNTc1LDU3NywxNjEsNjU4LCwx
NDkuMSwxMy44OCw4NzQqNzUNCg0KJFc1TTVBLDEyMDMwNCwwMTAwMDUsNjYw
ZDAwMjg0NDljZTI0NiwzLCoxNQ0KDQo=

--SBD.Boundary.605592468
PROCESS /noc/users/iridburst/exec/irid_300224010734970_upd.pl
Last Run  ----1970-01-01 00:00:00 
MONTH  5 
DATA  xxrecord 2012-03-04 01:00:05 :: $W5M5A,120304,010005,660d0028449ce246,1,DAS 2,,,5.3,192,7.9,8.3,93.1,7.3,,,,1023.3,,,,,*4A
 
INSERT
STATION sbdservice
IRID_ID 300224010734970
BODY 
Content-Type: application/x-zip-compressed; name="SBMmessage.sbd"
Content-Disposition: attachment; filename="300224010734970_002456.sbd"
Content-Transfer-Encoding: base64

JFc1TTVBLDEyMDMwNCwwMjAwMDUsNjYwZDAwMjg0NDljZTI0NiwxLERBUyAy
LCwsNi44LDE4Myw5LjUsOC43LDkwLjMsNy4yLCwsLDEwMjMuMywsLCwsKjQ3
DQoNCiRXNU01QSwxMjAzMDQsMDIwMDA1LDY2MGQwMDI4NDQ5Y2UyNDYsMixE
QVMgMiwzLjgsOC40LDEuNSwzLjAsLTAuMzgsNTc1LDU3NywxNjIsNjUzLCwx
NDkuMSwxMy44OCw4NzYqNzYNCg0KJFc1TTVBLDEyMDMwNCwwMjAwMDUsNjYw
ZDAwMjg0NDljZTI0NiwzLCoxNg0KDQo=

--SBD.Boundary.605592468
PROCESS /noc/users/iridburst/exec/irid_300224010734970_upd.pl
Last Run  ----1970-01-01 00:00:00 
MONTH  5 
DATA  xxrecord 2012-03-04 02:00:05 :: $W5M5A,120304,020005,660d0028449ce246,1,DAS 2,,,6.8,183,9.5,8.7,90.3,7.2,,,,1023.3,,,,,*47
 
INSERT
STATION sbdservice
IRID_ID 300224010734970
BODY 
Content-Type: application/x-zip-compressed; name="SBMmessage.sbd"
Content-Disposition: attachment; filename="300224010734970_002457.sbd"
Content-Transfer-Encoding: base64

JFc1TTVBLDEyMDMwNCwwMzAwMDUsNjYwZDAwMjg0NDljZTI0NiwxLERBUyAy
LCwsOS43LDE4NSwxNC4wLDguNyw5MC44LDcuMywsLCwxMDIzLjMsLCwsLCo3
Mw0KDQokVzVNNUEsMTIwMzA0LDAzMDAwNSw2NjBkMDAyODQ0OWNlMjQ2LDIs
REFTIDIsMy43LDguMywxLjUsMi45LC0wLjkyLDU3NSw1NzcsMTYxLDY1Nyws
MTQ5LjIsMTQuMjcsODc0KjczDQoNCiRXNU01QSwxMjAzMDQsMDMwMDA1LDY2
MGQwMDI4NDQ5Y2UyNDYsMywqMTcNCg0K

--SBD.Boundary.605592468
PROCESS /noc/users/iridburst/exec/irid_300224010734970_upd.pl
Last Run  ----1970-01-01 00:00:00 
MONTH  5 
DATA  xxrecord 2012-03-04 03:00:05 :: $W5M5A,120304,030005,660d0028449ce246,1,DAS 2,,,9.7,185,14.0,8.7,90.8,7.3,,,,1023.3,,,,,*73
 
INSERT
STATION sbdservice
IRID_ID 300224010734970
BODY 
Content-Type: application/x-zip-compressed; name="SBMmessage.sbd"
Content-Disposition: attachment; filename="300224010734970_002458.sbd"
Content-Transfer-Encoding: base64

JFc1TTVBLDEyMDMwNCwwNDAwMDUsNjYwZDAwMjg0NDljZTI0NiwxLERBUyAy
LCwsNS43LDE4Myw4LjMsOC4zLDkyLjMsNy4yLCwsLDEwMjMuMywsLCwsKjRD
DQoNCiRXNU01QSwxMjAzMDQsMDQwMDA1LDY2MGQwMDI4NDQ5Y2UyNDYsMixE
QVMgMiwzLjcsOC40LDEuNSwzLjAsLTAuNDEsNTc1LDU3NywxNjIsNjU0LCwx
NDkuMSwxMy44OCw4NzUqNzUNCg0KJFc1TTVBLDEyMDMwNCwwNDAwMDUsNjYw
ZDAwMjg0NDljZTI0NiwzLCoxMA0KDQo=

--SBD.Boundary.605592468
PROCESS /noc/users/iridburst/exec/irid_300224010734970_upd.pl
Last Run  ----1970-01-01 00:00:00 
MONTH  5 
DATA  xxrecord 2012-03-04 04:00:05 :: $W5M5A,120304,040005,660d0028449ce246,1,DAS 2,,,5.7,183,8.3,8.3,92.3,7.2,,,,1023.3,,,,,*4C
 
INSERT
STATION sbdservice
IRID_ID 300224010734970
BODY 
Content-Type: application/x-zip-compressed; name="SBMmessage.sbd"
Content-Disposition: attachment; filename="300224010734970_002459.sbd"
Content-Transfer-Encoding: base64

JFc1TTVBLDEyMDMwNCwwNTAwMDUsNjYwZDAwMjg0NDljZTI0NiwxLERBUyAy
LCwsNi41LDE3OSw5LjAsOC4zLDkyLjMsNy4xLCwsLDEwMjMuMywsLCwsKjQ4
DQoNCiRXNU01QSwxMjAzMDQsMDUwMDA1LDY2MGQwMDI4NDQ5Y2UyNDYsMixE
QVMgMiwzLjcsOC4zLDEuNSwyLjksLTEuMDQsNTc1LDU3NywxNjEsNjU4LCwx
NDkuMSwxMy44OCw4NzYqNzcNCg0KJFc1TTVBLDEyMDMwNCwwNTAwMDUsNjYw
ZDAwMjg0NDljZTI0NiwzLCoxMQ0KDQo=

--SBD.Boundary.605592468
PROCESS /noc/users/iridburst/exec/irid_300224010734970_upd.pl
Last Run  ----1970-01-01 00:00:00 
MONTH  5 
DATA  xxrecord 2012-03-04 05:00:05 :: $W5M5A,120304,050005,660d0028449ce246,1,DAS 2,,,6.5,179,9.0,8.3,92.3,7.1,,,,1023.3,,,,,*48
 
INSERT
STATION sbdservice
IRID_ID 300224010734970
BODY 
Content-Type: application/x-zip-compressed; name="SBMmessage.sbd"
Content-Disposition: attachment; filename="300224010734970_002460.sbd"
Content-Transfer-Encoding: base64

JFc1TTVBLDEyMDMwNCwwNjAwMDUsNjYwZDAwMjg0NDljZTI0NiwxLERBUyAy
LCwsNC43LDE3NSw3LjIsOC4xLDk0LjMsNy4zLCwsLDEwMjMuMywsLCwsKjRE
DQoNCiRXNU01QSwxMjAzMDQsMDYwMDA1LDY2MGQwMDI4NDQ5Y2UyNDYsMixE
QVMgMiwzLjgsOC40LDEuNSwzLjAsLTAuNDMsNTc1LDU3NywxNjEsNjU0LCwx
NDkuMiwxMy40OSw4NzQqNzYNCg0KJFc1TTVBLDEyMDMwNCwwNjAwMDUsNjYw
ZDAwMjg0NDljZTI0NiwzLCoxMg0KDQo=

--SBD.Boundary.605592468
PROCESS /noc/users/iridburst/exec/irid_300224010734970_upd.pl
Last Run  ----1970-01-01 00:00:00 
MONTH  5 
DATA  xxrecord 2012-03-04 06:00:05 :: $W5M5A,120304,060005,660d0028449ce246,1,DAS 2,,,4.7,175,7.2,8.1,94.3,7.3,,,,1023.3,,,,,*4D
 
INSERT
STATION sbdservice
IRID_ID 300224010734970
BODY 
Content-Type: application/x-zip-compressed; name="SBMmessage.sbd"
Content-Disposition: attachment; filename="300224010734970_002461.sbd"
Content-Transfer-Encoding: base64

JFc1TTVBLDEyMDMwNCwwNzAwMDUsNjYwZDAwMjg0NDljZTI0NiwxLERBUyAy
LCwsNy42LDE4MiwxNi4yLDguMCw5NS44LDcuNCwsLCwxMDIzLjMsLCwsLCo3
QQ0KDQokVzVNNUEsMTIwMzA0LDA3MDAwNSw2NjBkMDAyODQ0OWNlMjQ2LDIs
REFTIDIsMy43LDguMywxLjUsMi45LC0xLjA3LDU3NSw1NzcsMTYxLDY1Nyws
MTQ5LjEsMTMuNDksODc1Kjc3DQoNCiRXNU01QSwxMjAzMDQsMDcwMDA1LDY2
MGQwMDI4NDQ5Y2UyNDYsMywqMTMNCg0KJFc1TTVBLDEyMDMwNCwwODAwMDUs
NjYwZDAwMjg0NDljZTI0NiwxLERBUyAyLCwsOS43LDE4MSwxNS4yLDguNiw5
NC41LDcuNywsLCwxMDIzLjMsLCwsLCo3Mw0KDQokVzVNNUEsMTIwMzA0LDA4
MDAwNSw2NjBkMDAyODQ0OWNlMjQ2LDIsREFTIDIsMy44LDguNCwxLjUsMy4w
LC0wLjQyLDU3NSw1NzcsMTYyLDY1NCwsMTQ5LjEsMTMuODgsODc1Kjc1DQoN
CiRXNU01QSwxMjAzMDQsMDgwMDA1LDY2MGQwMDI4NDQ5Y2UyNDYsMywqMUMN
Cg0K

--SBD.Boundary.605592468
PROCESS /noc/users/iridburst/exec/irid_300224010734970_upd.pl
Last Run  ----1970-01-01 00:00:00 
MONTH  5 
DATA  xxrecord 2012-03-04 07:00:05 :: $W5M5A,120304,070005,660d0028449ce246,1,DAS 2,,,7.6,182,16.2,8.0,95.8,7.4,,,,1023.3,,,,,*7A
 
INSERT
DATA  xxrecord 2012-03-04 08:00:05 :: $W5M5A,120304,080005,660d0028449ce246,1,DAS 2,,,9.7,181,15.2,8.6,94.5,7.7,,,,1023.3,,,,,*73
 
INSERT
STATION sbdservice
IRID_ID 300224010734970
BODY 
Content-Type: application/x-zip-compressed; name="SBMmessage.sbd"
Content-Disposition: attachment; filename="300224010734970_002462.sbd"
Content-Transfer-Encoding: base64

JFc1TTVBLDEyMDMwNCwwOTAwMDUsNjYwZDAwMjg0NDljZTI0NiwxLERBUyAy
LCwsMTAuMCwxODEsMTUuMCw4LjcsOTMuNSw3LjcsLCwsMTAyMy4zLCwsLCwq
NDkNCg0KJFc1TTVBLDEyMDMwNCwwOTAwMDUsNjYwZDAwMjg0NDljZTI0Niwy
LERBUyAyLDMuNyw4LjMsMS41LDIuOSwtMC45Nyw1NzUsNTc3LDE2MSw2NTYs
LDE0OS4wLDEzLjg4LDg3OCo3MQ0KDQokVzVNNUEsMTIwMzA0LDA5MDAwNSw2
NjBkMDAyODQ0OWNlMjQ2LDMsKjFEDQoNCg==

--SBD.Boundary.605592468
PROCESS /noc/users/iridburst/exec/irid_300224010734970_upd.pl
Last Run  ----1970-01-01 00:00:00 
MONTH  5 
DATA  xxrecord 2012-03-04 09:00:05 :: $W5M5A,120304,090005,660d0028449ce246,1,DAS 2,,,10.0,181,15.0,8.7,93.5,7.7,,,,1023.3,,,,,*49
 
INSERT
STATION sbdservice
IRID_ID 300224010734970
BODY 
Content-Type: application/x-zip-compressed; name="SBMmessage.sbd"
Content-Disposition: attachment; filename="300224010734970_002463.sbd"
Content-Transfer-Encoding: base64

JFc1TTVBLDEyMDMwNCwxMDAwMDUsNjYwZDAwMjg0NDljZTI0NiwxLERBUyAy
LCwsMTIuMCwxODEsMTUuNiw4LjksOTMuMCw3LjgsLCwsMTAyMy4zLCwsLCwq
NDENCg0KJFc1TTVBLDEyMDMwNCwxMDAwMDUsNjYwZDAwMjg0NDljZTI0Niwy
LERBUyAyLDMuOCw4LjQsMS41LDMuMCwtMC40MCw1NzUsNTc3LDE2Miw2NTMs
LDE0OC45LDEzLjg4LDg3Myo3Ng0KDQokVzVNNUEsMTIwMzA0LDEwMDAwNSw2
NjBkMDAyODQ0OWNlMjQ2LDMsKjE1DQoNCg==

--SBD.Boundary.605592468
PROCESS /noc/users/iridburst/exec/irid_300224010734970_upd.pl
Last Run  ----1970-01-01 00:00:00 
MONTH  5 
DATA  xxrecord 2012-03-04 10:00:05 :: $W5M5A,120304,100005,660d0028449ce246,1,DAS 2,,,12.0,181,15.6,8.9,93.0,7.8,,,,1023.3,,,,,*41
 
INSERT
STATION sbdservice
IRID_ID 300224010734970
BODY 
Content-Type: application/x-zip-compressed; name="SBMmessage.sbd"
Content-Disposition: attachment; filename="300224010734970_002464.sbd"
Content-Transfer-Encoding: base64

JFc1TTVBLDEyMDMwNCwxMTAwMDUsNjYwZDAwMjg0NDljZTI0NiwxLERBUyAy
LCwsMTIuNiwxOTIsMTkuNyw4LjksOTIuNSw3LjcsLCwsMTAyMy4zLCwsLCwq
NDINCg0KJFc1TTVBLDEyMDMwNCwxMTAwMDUsNjYwZDAwMjg0NDljZTI0Niwy
LERBUyAyLDMuNyw4LjMsMS41LDIuOSwtMC45Nyw1NzUsNTc3LDE2MSw2NTYs
LDE0OS4xLDEzLjg4LDg3Myo3Mg0KDQokVzVNNUEsMTIwMzA0LDExMDAwNSw2
NjBkMDAyODQ0OWNlMjQ2LDMsKjE0DQoNCg==

--SBD.Boundary.605592468
PROCESS /noc/users/iridburst/exec/irid_300224010734970_upd.pl
Last Run  ----1970-01-01 00:00:00 
MONTH  5 
DATA  xxrecord 2012-03-04 11:00:05 :: $W5M5A,120304,110005,660d0028449ce246,1,DAS 2,,,12.6,192,19.7,8.9,92.5,7.7,,,,1023.3,,,,,*42
 
INSERT
STATION sbdservice
IRID_ID 300224010734970
BODY 
Content-Type: application/x-zip-compressed; name="SBMmessage.sbd"
Content-Disposition: attachment; filename="300224010734970_002465.sbd"
Content-Transfer-Encoding: base64

JFc1TTVBLDEyMDMwNCwxMjAwMDUsNjYwZDAwMjg0NDljZTI0NiwxLERBUyAy
LCwsOC44LDYwLDE0LjMsNS44LDg3LjUsMy45LCwsLDEwMjMuMywsLCwsKjQz
DQoNCiRXNU01QSwxMjAzMDQsMTIwMDA1LDY2MGQwMDI4NDQ5Y2UyNDYsMixE
QVMgMiwzLjcsOC40LDEuNSwyLjksLTAuNjMsNTc1LDU3NywxNjEsNjU2LCwx
NDkuMiwxMi43MSw4NzgqNzINCg0KJFc1TTVBLDEyMDMwNCwxMjAwMDUsNjYw
ZDAwMjg0NDljZTI0NiwzLCoxNw0KDQo=

--SBD.Boundary.605592468
PROCESS /noc/users/iridburst/exec/irid_300224010734970_upd.pl
Last Run  ----1970-01-01 00:00:00 
MONTH  5 
DATA  xxrecord 2012-03-04 12:00:05 :: $W5M5A,120304,120005,660d0028449ce246,1,DAS 2,,,8.8,60,14.3,5.8,87.5,3.9,,,,1023.3,,,,,*43
 
INSERT
STATION sbdservice
IRID_ID 300224010734970
BODY 
Content-Type: application/x-zip-compressed; name="SBMmessage.sbd"
Content-Disposition: attachment; filename="300224010734970_002466.sbd"
Content-Transfer-Encoding: base64

JFc1TTVBLDEyMDMwNCwxMzAwMDUsNjYwZDAwMjg0NDljZTI0NiwxLERBUyAy
LCwsOS4yLDQ2LDE3LjMsMy40LDg3LjksMS42LCwsLDEwMjMuMywsLCwsKjQ1
DQoNCiRXNU01QSwxMjAzMDQsMTMwMDA1LDY2MGQwMDI4NDQ5Y2UyNDYsMixE
QVMgMiwzLjcsOC4zLDEuNSwyLjgsLTAuMjYsNTc1LDU3NywxNTcsNjU4LCwx
NDkuMSwxMS4xNCw4NzQqNzANCg0KJFc1TTVBLDEyMDMwNCwxMzAwMDUsNjYw
ZDAwMjg0NDljZTI0NiwzLCoxNg0KDQo=

--SBD.Boundary.605592468
PROCESS /noc/users/iridburst/exec/irid_300224010734970_upd.pl
Last Run  ----1970-01-01 00:00:00 
MONTH  5 
DATA  xxrecord 2012-03-04 13:00:05 :: $W5M5A,120304,130005,660d0028449ce246,1,DAS 2,,,9.2,46,17.3,3.4,87.9,1.6,,,,1023.3,,,,,*45
 
INSERT
STATION sbdservice
IRID_ID 300224010734970
BODY 
Content-Type: application/x-zip-compressed; name="SBMmessage.sbd"
Content-Disposition: attachment; filename="300224010734970_002467.sbd"
Content-Transfer-Encoding: base64

JFc1TTVBLDEyMDMwNCwxNDAwMDUsNjYwZDAwMjg0NDljZTI0NiwxLERBUyAy
LCwsOC4zLDQ4LDE1LjEsMi45LDkxLjgsMS43LCwsLDEwMjMuMywsLCwsKjQ3
DQoNCiRXNU01QSwxMjAzMDQsMTQwMDA1LDY2MGQwMDI4NDQ5Y2UyNDYsMixE
QVMgMiwzLjcsOC40LDEuNSwyLjksLTAuOTcsNTc1LDU3NywxNjEsNjU3LCwx
NDkuMiw5LjE5LDg3OCo0QQ0KDQokVzVNNUEsMTIwMzA0LDE0MDAwNSw2NjBk
MDAyODQ0OWNlMjQ2LDMsKjExDQoNCg==

--SBD.Boundary.605592468
PROCESS /noc/users/iridburst/exec/irid_300224010734970_upd.pl
Last Run  ----1970-01-01 00:00:00 
MONTH  5 
DATA  xxrecord 2012-03-04 14:00:05 :: $W5M5A,120304,140005,660d0028449ce246,1,DAS 2,,,8.3,48,15.1,2.9,91.8,1.7,,,,1023.3,,,,,*47
 
INSERT
STATION sbdservice
IRID_ID 300224010734970
BODY 
Content-Type: application/x-zip-compressed; name="SBMmessage.sbd"
Content-Disposition: attachment; filename="300224010734970_002468.sbd"
Content-Transfer-Encoding: base64

JFc1TTVBLDEyMDMwNCwxNTAwMDUsNjYwZDAwMjg0NDljZTI0NiwxLERBUyAy
LCwsNi42LDQ4LDEyLjUsNC41LDg5LjQsMi45LCwsLDEwMjMuMywsLCwsKjRD
DQoNCiRXNU01QSwxMjAzMDQsMTUwMDA1LDY2MGQwMDI4NDQ5Y2UyNDYsMixE
QVMgMiwzLjcsOC4zLDEuNSwyLjgsLTEuMTMsNTc1LDU3NywxNjAsNjU5LCwx
NDkuMiw5LjU4LDg3Nyo0NQ0KDQokVzVNNUEsMTIwMzA0LDE1MDAwNSw2NjBk
MDAyODQ0OWNlMjQ2LDMsKjEwDQoNCg==

--SBD.Boundary.605592468
PROCESS /noc/users/iridburst/exec/irid_300224010734970_upd.pl
Last Run  ----1970-01-01 00:00:00 
MONTH  5 
DATA  xxrecord 2012-03-04 15:00:05 :: $W5M5A,120304,150005,660d0028449ce246,1,DAS 2,,,6.6,48,12.5,4.5,89.4,2.9,,,,1023.3,,,,,*4C
 
INSERT
STATION sbdservice
IRID_ID 300224010734970
BODY 
Content-Type: application/x-zip-compressed; name="SBMmessage.sbd"
Content-Disposition: attachment; filename="300224010734970_002469.sbd"
Content-Transfer-Encoding: base64

JFc1TTVBLDEyMDMwNCwxNjAwMDUsNjYwZDAwMjg0NDljZTI0NiwxLERBUyAy
LCwsNy41LDU1LDE1LjksNi41LDcxLjksMS44LCwsLDEwMjMuMywsLCwsKjQw
DQoNCiRXNU01QSwxMjAzMDQsMTYwMDA1LDY2MGQwMDI4NDQ5Y2UyNDYsMixE
QVMgMiwzLjcsOC40LDEuNSwzLjAsLTAuNTMsNTc1LDU3NywxNjEsNjU2LCwx
NDkuMCwxMC43NSw4NzYqNzcNCg0KJFc1TTVBLDEyMDMwNCwxNjAwMDUsNjYw
ZDAwMjg0NDljZTI0NiwzLCoxMw0KDQo=

--SBD.Boundary.605592468
PROCESS /noc/users/iridburst/exec/irid_300224010734970_upd.pl
Last Run  ----1970-01-01 00:00:00 
MONTH  5 
DATA  xxrecord 2012-03-04 16:00:05 :: $W5M5A,120304,160005,660d0028449ce246,1,DAS 2,,,7.5,55,15.9,6.5,71.9,1.8,,,,1023.3,,,,,*40
 
INSERT
STATION sbdservice
IRID_ID 300224010734970
BODY 
Content-Type: application/x-zip-compressed; name="SBMmessage.sbd"
Content-Disposition: attachment; filename="300224010734970_002470.sbd"
Content-Transfer-Encoding: base64

JFc1TTVBLDEyMDMwNCwxNzAwMDUsNjYwZDAwMjg0NDljZTI0NiwxLERBUyAy
LCwsNi4yLDU4LDEyLjgsNS45LDcxLjIsMS4xLCwsLDEwMjMuMywsLCwsKjQx
DQoNCiRXNU01QSwxMjAzMDQsMTcwMDA1LDY2MGQwMDI4NDQ5Y2UyNDYsMixE
QVMgMiwzLjcsOC4zLDEuNSwyLjgsLTEuNTYsNTc1LDU3NywxNjEsNjU5LCwx
NDkuMSwxMS4xNCw4NzUqNzcNCg0KJFc1TTVBLDEyMDMwNCwxNzAwMDUsNjYw
ZDAwMjg0NDljZTI0NiwzLCoxMg0KDQo=

--SBD.Boundary.605592468
PROCESS /noc/users/iridburst/exec/irid_300224010734970_upd.pl
Last Run  ----1970-01-01 00:00:00 
MONTH  5 
DATA  xxrecord 2012-03-04 17:00:05 :: $W5M5A,120304,170005,660d0028449ce246,1,DAS 2,,,6.2,58,12.8,5.9,71.2,1.1,,,,1023.3,,,,,*41
 
INSERT
STATION sbdservice
IRID_ID 300224010734970
BODY 
Content-Type: application/x-zip-compressed; name="SBMmessage.sbd"
Content-Disposition: attachment; filename="300224010734970_002471.sbd"
Content-Transfer-Encoding: base64

JFc1TTVBLDEyMDMwNCwxODAwMDUsNjYwZDAwMjg0NDljZTI0NiwxLERBUyAy
LCwsNi44LDYwLDEyLjQsNS44LDY5LjAsMC42LCwsLDEwMjMuMywsLCwsKjRG
DQoNCiRXNU01QSwxMjAzMDQsMTgwMDA1LDY2MGQwMDI4NDQ5Y2UyNDYsMixE
QVMgMiwzLjcsOC40LDEuNSwyLjgsLTAuNjMsNTc1LDU3NywxNjEsNjU3LCwx
NDkuMiwxMS4xNCw4NzUqNzUNCg0KJFc1TTVBLDEyMDMwNCwxODAwMDUsNjYw
ZDAwMjg0NDljZTI0NiwzLCoxRA0KDQo=

--SBD.Boundary.605592468
PROCESS /noc/users/iridburst/exec/irid_300224010734970_upd.pl
Last Run  ----1970-01-01 00:00:00 
MONTH  5 
DATA  xxrecord 2012-03-04 18:00:05 :: $W5M5A,120304,180005,660d0028449ce246,1,DAS 2,,,6.8,60,12.4,5.8,69.0,0.6,,,,1023.3,,,,,*4F
 
INSERT
STATION sbdservice
IRID_ID 300224010734970
BODY 
Content-Type: application/x-zip-compressed; name="SBMmessage.sbd"
Content-Disposition: attachment; filename="300224010734970_002472.sbd"
Content-Transfer-Encoding: base64

JFc1TTVBLDEyMDMwNCwxOTAwMDUsNjYwZDAwMjg0NDljZTI0NiwxLERBUyAy
LCwsNi40LDU0LDEzLjIsNS43LDY1LjAsLTAuMywsLCwxMDIzLjMsLCwsLCo2
OQ0KDQokVzVNNUEsMTIwMzA0LDE5MDAwNSw2NjBkMDAyODQ0OWNlMjQ2LDIs
REFTIDIsMy43LDguMywxLjUsMi44LC0wLjgxLDU3NSw1NzcsMTYwLDY1OSws
MTQ5LjEsMTEuMTQsODc2KjcwDQoNCiRXNU01QSwxMjAzMDQsMTkwMDA1LDY2
MGQwMDI4NDQ5Y2UyNDYsMywqMUMNCg0K

--SBD.Boundary.605592468
PROCESS /noc/users/iridburst/exec/irid_300224010734970_upd.pl
Last Run  ----1970-01-01 00:00:00 
MONTH  5 
DATA  xxrecord 2012-03-04 19:00:05 :: $W5M5A,120304,190005,660d0028449ce246,1,DAS 2,,,6.4,54,13.2,5.7,65.0,-0.3,,,,1023.3,,,,,*69
 
INSERT
STATION sbdservice
IRID_ID 300224010734970
BODY 
Content-Type: application/x-zip-compressed; name="SBMmessage.sbd"
Content-Disposition: attachment; filename="300224010734970_002473.sbd"
Content-Transfer-Encoding: base64

JFc1TTVBLDEyMDMwNCwyMDAwMDUsNjYwZDAwMjg0NDljZTI0NiwxLERBUyAy
LCwsNS43LDU1LDExLjQsNS41LDY1LjIsLTAuNSwsLCwxMDIzLjMsLCwsLCo2
MA0KDQokVzVNNUEsMTIwMzA0LDIwMDAwNSw2NjBkMDAyODQ0OWNlMjQ2LDIs
REFTIDIsMy43LDguNCwxLjUsMi45LC0wLjcxLDU3NSw1NzcsMTYxLDY1Nyws
MTQ5LjEsMTAuNzUsODcxKjdEDQoNCiRXNU01QSwxMjAzMDQsMjAwMDA1LDY2
MGQwMDI4NDQ5Y2UyNDYsMywqMTYNCg0K

--SBD.Boundary.605592468
PROCESS /noc/users/iridburst/exec/irid_300224010734970_upd.pl
Last Run  ----1970-01-01 00:00:00 
MONTH  5 
DATA  xxrecord 2012-03-04 20:00:05 :: $W5M5A,120304,200005,660d0028449ce246,1,DAS 2,,,5.7,55,11.4,5.5,65.2,-0.5,,,,1023.3,,,,,*60
 
INSERT
STATION sbdservice
IRID_ID 300224010734970
BODY 
Content-Type: application/x-zip-compressed; name="SBMmessage.sbd"
Content-Disposition: attachment; filename="300224010734970_002474.sbd"
Content-Transfer-Encoding: base64

JFc1TTVBLDEyMDMwNCwyMTAwMDUsNjYwZDAwMjg0NDljZTI0NiwxLERBUyAy
LCwsNy4xLDY0LDExLjcsNS4wLDY0LjIsLTEuMiwsLCwxMDIzLjMsLCwsLCo2
Ng0KDQokVzVNNUEsMTIwMzA0LDIxMDAwNSw2NjBkMDAyODQ0OWNlMjQ2LDIs
REFTIDIsMy43LDguMywxLjUsMi44LC0wLjMwLDU3NSw1NzcsMTU5LDY1OSws
MTQ5LjIsMTAuMzYsODc0KjdCDQoNCiRXNU01QSwxMjAzMDQsMjEwMDA1LDY2
MGQwMDI4NDQ5Y2UyNDYsMywqMTcNCg0K

--SBD.Boundary.605592468
PROCESS /noc/users/iridburst/exec/irid_300224010734970_upd.pl
Last Run  ----1970-01-01 00:00:00 
MONTH  5 
DATA  xxrecord 2012-03-04 21:00:05 :: $W5M5A,120304,210005,660d0028449ce246,1,DAS 2,,,7.1,64,11.7,5.0,64.2,-1.2,,,,1023.3,,,,,*66
 
INSERT
STATION sbdservice
IRID_ID 300224010734970
BODY 
Content-Type: application/x-zip-compressed; name="SBMmessage.sbd"
Content-Disposition: attachment; filename="300224010734970_002475.sbd"
Content-Transfer-Encoding: base64

JFc1TTVBLDEyMDMwNCwyMjAwMDUsNjYwZDAwMjg0NDljZTI0NiwxLERBUyAy
LCwsNi43LDU4LDEzLjgsNC43LDY2LjksLTAuOSwsLCwxMDIzLjMsLCwsLCo2
NQ0KDQokVzVNNUEsMTIwMzA0LDIyMDAwNSw2NjBkMDAyODQ0OWNlMjQ2LDIs
REFTIDIsMy43LDguNCwxLjUsMi45LC0wLjgwLDU3NSw1NzcsMTYxLDY1OCws
MTQ5LjAsMTAuMzYsODc0KjdEDQoNCiRXNU01QSwxMjAzMDQsMjIwMDA1LDY2
MGQwMDI4NDQ5Y2UyNDYsMywqMTQNCg0K

--SBD.Boundary.605592468
PROCESS /noc/users/iridburst/exec/irid_300224010734970_upd.pl
Last Run  ----1970-01-01 00:00:00 
MONTH  5 
DATA  xxrecord 2012-03-04 22:00:05 :: $W5M5A,120304,220005,660d0028449ce246,1,DAS 2,,,6.7,58,13.8,4.7,66.9,-0.9,,,,1023.3,,,,,*65
 
INSERT
STATION sbdservice
IRID_ID 300224010734970
BODY 
Content-Type: application/x-zip-compressed; name="SBMmessage.sbd"
Content-Disposition: attachment; filename="300224010734970_002476.sbd"
Content-Transfer-Encoding: base64

JFc1TTVBLDEyMDMwNCwyMzAwMDUsNjYwZDAwMjg0NDljZTI0NiwxLERBUyAy
LCwsNi41LDYxLDExLjMsNC41LDY4LjUsLTAuOCwsLCwxMDIzLjMsLCwsLCo2
NA0KDQokVzVNNUEsMTIwMzA0LDIzMDAwNSw2NjBkMDAyODQ0OWNlMjQ2LDIs
REFTIDIsMy43LDguMywxLjUsMi44LC0wLjMzLDU3NSw1NzcsMTU4LDY1OSws
MTQ5LjAsOS45Nyw4NzQqNEENCg0KJFc1TTVBLDEyMDMwNCwyMzAwMDUsNjYw
ZDAwMjg0NDljZTI0NiwzLCoxNQ0KDQo=

--SBD.Boundary.605592468
PROCESS /noc/users/iridburst/exec/irid_300224010734970_upd.pl
Last Run  ----1970-01-01 00:00:00 
MONTH  5 
DATA  xxrecord 2012-03-04 23:00:05 :: $W5M5A,120304,230005,660d0028449ce246,1,DAS 2,,,6.5,61,11.3,4.5,68.5,-0.8,,,,1023.3,,,,,*64
 
INSERT
STATION sbdservice
IRID_ID 300224010734970
BODY 
Content-Type: application/x-zip-compressed; name="SBMmessage.sbd"
Content-Disposition: attachment; filename="300224010734970_002477.sbd"
Content-Transfer-Encoding: base64

JFc1TTVBLDEyMDMwNSwwMDAwMDUsNjYwZDAwMjg0NDljZTI0NiwxLERBUyAy
LCwsNi40LDUzLDEyLjAsNC4yLDcwLjcsLTAuNiwsLCwxMDIzLjMsLCwsLCo2
Ng0KDQokVzVNNUEsMTIwMzA1LDAwMDAwNSw2NjBkMDAyODQ0OWNlMjQ2LDIs
REFTIDIsMy43LDguNCwxLjUsMi44LC0wLjg3LDU3NSw1NzcsMTYxLDY1OCws
MTQ5LjEsOS45Nyw4NzYqNEENCg0KJFc1TTVBLDEyMDMwNSwwMDAwMDUsNjYw
ZDAwMjg0NDljZTI0NiwzLCoxNQ0KDQo=

--SBD.Boundary.605592468
PROCESS /noc/users/iridburst/exec/irid_300224010734970_upd.pl
Last Run  ----1970-01-01 00:00:00 
MONTH  5 
DATA  xxrecord 2012-03-05 00:00:05 :: $W5M5A,120305,000005,660d0028449ce246,1,DAS 2,,,6.4,53,12.0,4.2,70.7,-0.6,,,,1023.3,,,,,*66
 
INSERT
STATION sbdservice
IRID_ID 300224010734970
BODY 
Content-Type: application/x-zip-compressed; name="SBMmessage.sbd"
Content-Disposition: attachment; filename="300224010734970_002478.sbd"
Content-Transfer-Encoding: base64

JFc1TTVBLDEyMDMwNSwwMTAwMDUsNjYwZDAwMjg0NDljZTI0NiwxLERBUyAy
LCwsNS44LDU4LDkuOSw0LjIsNzEuOSwtMC40LCwsLDEwMjMuMywsLCwsKjVE
DQoNCiRXNU01QSwxMjAzMDUsMDEwMDA1LDY2MGQwMDI4NDQ5Y2UyNDYsMixE
QVMgMiwzLjcsOC4zLDEuNSwyLjgsLTAuMjYsNTc1LDU3NywxNTcsNjU5LCwx
NDkuMSw5LjU4LDg3NSo0Mw0KDQokVzVNNUEsMTIwMzA1LDAxMDAwNSw2NjBk
MDAyODQ0OWNlMjQ2LDMsKjE0DQoNCg==

--SBD.Boundary.605592468
PROCESS /noc/users/iridburst/exec/irid_300224010734970_upd.pl
Last Run  ----1970-01-01 00:00:00 
MONTH  5 
DATA  xxrecord 2012-03-05 01:00:05 :: $W5M5A,120305,010005,660d0028449ce246,1,DAS 2,,,5.8,58,9.9,4.2,71.9,-0.4,,,,1023.3,,,,,*5D
 
INSERT
STATION sbdservice
IRID_ID 300224010734970
BODY 
Content-Type: application/x-zip-compressed; name="SBMmessage.sbd"
Content-Disposition: attachment; filename="300224010734970_002479.sbd"
Content-Transfer-Encoding: base64

JFc1TTVBLDEyMDMwNSwwMjAwMDUsNjYwZDAwMjg0NDljZTI0NiwxLERBUyAy
LCwsNi40LDYzLDE0LjEsNC4zLDcxLjUsLTAuNCwsLCwxMDIzLjMsLCwsLCo2
MA0KDQokVzVNNUEsMTIwMzA1LDAyMDAwNSw2NjBkMDAyODQ0OWNlMjQ2LDIs
REFTIDIsMy43LDguNCwxLjUsMi45LC0wLjkwLDU3NSw1NzcsMTYxLDY1Nyws
MTQ5LjAsOS41OCw4NzgqNEMNCg0KJFc1TTVBLDEyMDMwNSwwMjAwMDUsNjYw
ZDAwMjg0NDljZTI0NiwzLCoxNw0KDQo=

--SBD.Boundary.605592468
PROCESS /noc/users/iridburst/exec/irid_300224010734970_upd.pl
Last Run  ----1970-01-01 00:00:00 
MONTH  5 
DATA  xxrecord 2012-03-05 02:00:05 :: $W5M5A,120305,020005,660d0028449ce246,1,DAS 2,,,6.4,63,14.1,4.3,71.5,-0.4,,,,1023.3,,,,,*60
 
INSERT
STATION sbdservice
IRID_ID 300224010734970
BODY 
Content-Type: application/x-zip-compressed; name="SBMmessage.sbd"
Content-Disposition: attachment; filename="300224010734970_002480.sbd"
Content-Transfer-Encoding: base64

JFc1TTVBLDEyMDMwNSwwMzAwMDUsNjYwZDAwMjg0NDljZTI0NiwxLERBUyAy
LCwsNC44LDcwLDguOCw0LjIsNzIuNiwtMC4yLCwsLDEwMjMuMywsLCwsKjVF
DQoNCiRXNU01QSwxMjAzMDUsMDMwMDA1LDY2MGQwMDI4NDQ5Y2UyNDYsMixE
QVMgMiwzLjcsOC4zLDEuNSwyLjgsLTAuMzEsNTc1LDU3NywxNTcsNjU5LCwx
NDkuMCw5LjU4LDg3Nyo0NA0KDQokVzVNNUEsMTIwMzA1LDAzMDAwNSw2NjBk
MDAyODQ0OWNlMjQ2LDMsKjE2DQoNCg==

--SBD.Boundary.605592468
PROCESS /noc/users/iridburst/exec/irid_300224010734970_upd.pl
Last Run  ----1970-01-01 00:00:00 
MONTH  5 
DATA  xxrecord 2012-03-05 03:00:05 :: $W5M5A,120305,030005,660d0028449ce246,1,DAS 2,,,4.8,70,8.8,4.2,72.6,-0.2,,,,1023.3,,,,,*5E
 
INSERT
STATION sbdservice
IRID_ID 300224010734970
BODY 
Content-Type: application/x-zip-compressed; name="SBMmessage.sbd"
Content-Disposition: attachment; filename="300224010734970_002481.sbd"
Content-Transfer-Encoding: base64

JFc1TTVBLDEyMDMwNSwwNDAwMDUsNjYwZDAwMjg0NDljZTI0NiwxLERBUyAy
LCwsNS43LDYwLDEwLjcsNC4yLDc1LjUsMC4zLCwsLDEwMjMuMywsLCwsKjQ4
DQoNCiRXNU01QSwxMjAzMDUsMDQwMDA1LDY2MGQwMDI4NDQ5Y2UyNDYsMixE
QVMgMiwzLjcsOC40LDEuNSwyLjksLTAuODgsNTc1LDU3NywxNjEsNjU4LCwx
NDkuMCw5LjU4LDg3NSo0MQ0KDQokVzVNNUEsMTIwMzA1LDA0MDAwNSw2NjBk
MDAyODQ0OWNlMjQ2LDMsKjExDQoNCg==

--SBD.Boundary.605592468
PROCESS /noc/users/iridburst/exec/irid_300224010734970_upd.pl
Last Run  ----1970-01-01 00:00:00 
MONTH  5 
DATA  xxrecord 2012-03-05 04:00:05 :: $W5M5A,120305,040005,660d0028449ce246,1,DAS 2,,,5.7,60,10.7,4.2,75.5,0.3,,,,1023.3,,,,,*48
 
INSERT
STATION sbdservice
IRID_ID 300224010734970
BODY 
Content-Type: application/x-zip-compressed; name="SBMmessage.sbd"
Content-Disposition: attachment; filename="300224010734970_002482.sbd"
Content-Transfer-Encoding: base64

JFc1TTVBLDEyMDMwNSwwNTAwMDUsNjYwZDAwMjg0NDljZTI0NiwxLERBUyAy
LCwsNy4yLDc3LDEzLjMsNC42LDc0LjcsMC41LCwsLDEwMjMuMywsLCwsKjRF
DQoNCiRXNU01QSwxMjAzMDUsMDUwMDA1LDY2MGQwMDI4NDQ5Y2UyNDYsMixE
QVMgMiwzLjcsOC4zLDEuNSwyLjgsLTAuMzEsNTc1LDU3NywxNTYsNjU5LCwx
NDkuMCw5LjU4LDg3NSo0MQ0KDQokVzVNNUEsMTIwMzA1LDA1MDAwNSw2NjBk
MDAyODQ0OWNlMjQ2LDMsKjEwDQoNCg==

--SBD.Boundary.605592468
PROCESS /noc/users/iridburst/exec/irid_300224010734970_upd.pl
Last Run  ----1970-01-01 00:00:00 
MONTH  5 
DATA  xxrecord 2012-03-05 05:00:05 :: $W5M5A,120305,050005,660d0028449ce246,1,DAS 2,,,7.2,77,13.3,4.6,74.7,0.5,,,,1023.3,,,,,*4E
 
INSERT
STATION sbdservice
IRID_ID 300224010734970
BODY 
Content-Type: application/x-zip-compressed; name="SBMmessage.sbd"
Content-Disposition: attachment; filename="300224010734970_002483.sbd"
Content-Transfer-Encoding: base64

JFc1TTVBLDEyMDMwNSwwNjAwMDUsNjYwZDAwMjg0NDljZTI0NiwxLERBUyAy
LCwsNi4xLDYyLDExLjIsNC40LDc0LjksMC4zLCwsLDEwMjMuMywsLCwsKjQy
DQoNCiRXNU01QSwxMjAzMDUsMDYwMDA1LDY2MGQwMDI4NDQ5Y2UyNDYsMixE
QVMgMiwzLjcsOC40LDEuNSwyLjksLTAuODYsNTc1LDU3NywxNjEsNjU3LCwx
NDkuMCw5Ljk3LDg3MSo0NQ0KDQokVzVNNUEsMTIwMzA1LDA2MDAwNSw2NjBk
MDAyODQ0OWNlMjQ2LDMsKjEzDQoNCg==

--SBD.Boundary.605592468
PROCESS /noc/users/iridburst/exec/irid_300224010734970_upd.pl
Last Run  ----1970-01-01 00:00:00 
MONTH  5 
DATA  xxrecord 2012-03-05 06:00:05 :: $W5M5A,120305,060005,660d0028449ce246,1,DAS 2,,,6.1,62,11.2,4.4,74.9,0.3,,,,1023.3,,,,,*42
 
INSERT
STATION sbdservice
IRID_ID 300224010734970
BODY 
Content-Type: application/x-zip-compressed; name="SBMmessage.sbd"
Content-Disposition: attachment; filename="300224010734970_002484.sbd"
Content-Transfer-Encoding: base64

JFc1TTVBLDEyMDMwNSwwNzAwMDUsNjYwZDAwMjg0NDljZTI0NiwxLERBUyAy
LCwsNi40LDU1LDEyLjAsNC40LDc2LjMsMC42LCwsLDEwMjMuMywsLCwsKjRF
DQoNCiRXNU01QSwxMjAzMDUsMDcwMDA1LDY2MGQwMDI4NDQ5Y2UyNDYsMixE
QVMgMiwzLjcsOC4zLDEuNSwyLjksLTAuMzMsNTc1LDU3NywxNTcsNjU5LCwx
NDkuMCw5LjU4LDg4MCo0Qg0KDQokVzVNNUEsMTIwMzA1LDA3MDAwNSw2NjBk
MDAyODQ0OWNlMjQ2LDMsKjEyDQoNCg==

--SBD.Boundary.605592468
PROCESS /noc/users/iridburst/exec/irid_300224010734970_upd.pl
Last Run  ----1970-01-01 00:00:00 
MONTH  5 
DATA  xxrecord 2012-03-05 07:00:05 :: $W5M5A,120305,070005,660d0028449ce246,1,DAS 2,,,6.4,55,12.0,4.4,76.3,0.6,,,,1023.3,,,,,*4E
 
INSERT
STATION sbdservice
IRID_ID 300224010734970
BODY 
Content-Type: application/x-zip-compressed; name="SBMmessage.sbd"
Content-Disposition: attachment; filename="300224010734970_002485.sbd"
Content-Transfer-Encoding: base64

JFc1TTVBLDEyMDMwNSwwODAwMDUsNjYwZDAwMjg0NDljZTI0NiwxLERBUyAy
LCwsNi4yLDU1LDEzLjcsMjkuMCw0LjYsNzQuNSwwLjUsLCwsLCwsLCwqNjAN
Cg0KJFc1TTVBLDEyMDMwNSwwODAwMDUsNjYwZDAwMjg0NDljZTI0NiwyLERB
UyAyLDMuOCw3LjIsMS44LDIuOSwtMC4yMCw1NzcsNTc5LDE0Niw2MTYsLDE0
OS4xLDkuMTksODA4KjQ5DQoNCiRXNU01QSwxMjAzMDUsMDgwMDA1LDY2MGQw
MDI4NDQ5Y2UyNDYsMywqMUQNCg0K

--SBD.Boundary.605592468
PROCESS /noc/users/iridburst/exec/irid_300224010734970_upd.pl
Last Run  ----1970-01-01 00:00:00 
MONTH  5 
DATA  xxrecord 2012-03-05 08:00:05 :: $W5M5A,120305,080005,660d0028449ce246,1,DAS 2,,,6.2,55,13.7,29.0,4.6,74.5,0.5,,,,,,,,,*60
 
INSERT
STATION sbdservice
IRID_ID 300224010734970
BODY 
Content-Type: application/x-zip-compressed; name="SBMmessage.sbd"
Content-Disposition: attachment; filename="300224010734970_002486.sbd"
Content-Transfer-Encoding: base64

JFc1TTVBLDEyMDMwNSwwOTAwMDUsNjYwZDAwMjg0NDljZTI0NiwxLERBUyAy
LCwsNy41LDUxLDE0LjAsMzcuNCw1LjksNjguOCwwLjYsLCwsLCwsLCwqNjUN
Cg0KJFc1TTVBLDEyMDMwNSwwOTAwMDUsNjYwZDAwMjg0NDljZTI0NiwyLERB
UyAyLDMuOCw4LjIsMS41LDIuOSwtMC4yNCw1NzcsNTc5LDE1NSw2NDMsMCwx
NDkuMSw5LjU4LDg1MSo3NQ0KDQokVzVNNUEsMTIwMzA1LDA5MDAwNSw2NjBk
MDAyODQ0OWNlMjQ2LDMsKjFDDQoNCg==

--SBD.Boundary.605592468
PROCESS /noc/users/iridburst/exec/irid_300224010734970_upd.pl
Last Run  ----1970-01-01 00:00:00 
MONTH  5 
DATA  xxrecord 2012-03-05 09:00:05 :: $W5M5A,120305,090005,660d0028449ce246,1,DAS 2,,,7.5,51,14.0,37.4,5.9,68.8,0.6,,,,,,,,,*65
 
INSERT
STATION sbdservice
IRID_ID 300224010734970
BODY 
Content-Type: application/x-zip-compressed; name="SBMmessage.sbd"
Content-Disposition: attachment; filename="300224010734970_002487.sbd"
Content-Transfer-Encoding: base64

JFc1TTVBLDEyMDMwNSwxMDAwMDUsNjYwZDAwMjg0NDljZTI0NiwxLERBUyAy
LDUwNTMuNTQzMk4sMTIzLjcyMDZXLDcuNCw1MiwxNC42LC00MS4xLCwsLDcu
NCw2Mi43LDAuNywxMDI0LjAsMCwwLDI4LjYsMjcxLDY3KjVDDQoNCiRXNU01
QSwxMjAzMDUsMTAwMDA1LDY2MGQwMDI4NDQ5Y2UyNDYsMixEQVMgMiwxMi41
LDEzLjAsMC4yLDAuNCwwLjAxLDU3OSw1ODEsMTYwLDYzMiwwLDE0OS4wLDku
OTcsMCo1Qw0KDQokVzVNNUEsMTIwMzA1LDEwMDAwNSw2NjBkMDAyODQ0OWNl
MjQ2LDMsN0YwMDc0MDIzQTAwMDA1MzMyMzAzMTMyMzAzMzMwMzUzMDM5MzQz
MDMwMzA1NTVBMDAzMTMyMzAzMzMwMzUzMDM5MzQzMDJDNTQ0MTQyMzAzMDMw
MzAzMDJDMkQzMDM1MzEyRTMxMkMyQzMxMzIyRTM0MzkyQzM0MkUzMDJDMzMz
NjMwMzAyQzM2MzAyQzM2MzAyQzMxMkMzMDMwMzUzNzMwMkMzMzJFMzQzMjJD
MzEyRTMyMzYyQzM5MzQyQzMwMkMzMDJFMzEzNTMyMkMyQjMwMzAyRTMwMEQw
QUMzMTBCNkFFRDgzRTdGMDA2NzAyM0EwMDAwNTczMjMwMzEzMjMwMzMzMDM1
MzAzOTM0MzAzMDMwRkY0RDAwMDA4MEZCNDQwMDgwOTg0MzAwOThCNzQ3MDAw
MEU4NDJBOUVCNDMzQTM5RjZEODQwMUE0NTEyM0I3NEU1OTYzQTZGMzQzNzQx
NTM3OENDM0E2REVCOEU0MTI3RDVDODQwNDk5MkU0NDE1OUU2RUQ0MTQwNDhC
QzNBMUI3QTg3NDM5RkMzODY0MkM0OUFGRjMwNkIyMTE0M0JCQTE4N0YwNEE2
MDIzQTAwMDA0QjU2NDgyMDM3MzIzMDMxMzIzMDMzMzAzNTMwMzkzNDMwMzAz
MDVGMDAwMDAwOEZDMkY1M0MwQUQ3QTMzQjFEN0E4NzQzOURDMzg2NDIwMTdD
OEM0MzBFQ0E3RTQyN0EyMTg3NDM0QUZBODI0MjdEMkI3RTQzNjc2NTg1NDI0
NDU4ODI0MzA3MjY4NDQyODE2ODkyNDNDMkM4ODk0MjE4MUI5QzQzMkQ4Nzg0
NDJCNTY1OUU0M0VDQkM5MjQyOEM5N0QxNDI0RDdEOTQ0MjFFQ0ZFMTQyNUY2
RDc3NDI5M0VBRjM0MkU1ODY4MjQyNDg1OTI4NDNBQzQ4ODI0MkMxNzEzNDQz
RTQ1Qjg2NDI1NUJBOUU0M0VCRkQ5QTQyMTY3OTlBNDMxMDU2ODM0MjNBNkY4
NjQzRDI5RTg5NDJDOUYwNDY0M0ZGQTE5MjQyQkE0QTAwNDNDMEY2OTM0MkJG
NUNEQjQyOTUxRTlDNDI5MDU1Qjc0MkRERUU5NTQyQjQ2MEFFNDI2MUIwOEU0
MjA1NDBENDQyNjA5NDlDNDIzREJDQUQ0M0E4MDU5MjQyQ0E2MUJCNDFDQTk4
ODg0MkNEOENCQjQyQTMyRTkyNDI1QkJEMTg0M0MxQjU5MjQyN0Y0QUY0NDI2
RTBCODg0MjcwNDFFODQyNTcyMjdBNDI4REZERjU0MkE5RTM4QjQyOTBFNDlG
NDM0NDA0OUM0MjZGM0I5QTQzNUM5ODhGNDI1MjE4OTI0MzA1NTE4RjQyRDgw
OTk1NDM0QTJEOTU0MjUzOURCRTQyRjRFNDk5NDI0MUYyNTY0MjhCODk2NDQy
NDZCMjM5NDIwMkFFNTM0MjY2MTBENTQyMkRGNzk5NDJGMzgwNTY0M0E1M0E4
RDQyODZFQzdENDM5MDVCOTA0MkRGNEM4ODQwOTVDRjk2NDI4MUU5QTI0MjE5
NDI4RDQyMTEyRUNCNDI2MjZEN0U0MkEzNkFDRDQyODhCRjc4NDJBMUU2QkE0
MjQzREI4RjQyQjVDN0E3NDM3RTUyOUE0MkEwNzY2ODQzQTRDOTk1NDI2OURF
NTA0M0VENzI4NjQyQUVGNjYyNDMwRjg3OTI0MkZEMkRBNDQzMTRFMzlDNDIz
M0U2MDM0MzM0OTU5OTQyQjk0MDMyNDNBNzM3OEQ0MkY2MDU0QTQzMTBFQTkx
NDIyN0FEMjE0M0Q4RDk5RjQyOTA5NTMyNDM5QjUzOUU0Mjk2MEEyOTQzMzUw
MzkzNDI0QzBERTc0MjcxMjE5NzQyNkFCMURBNDE3RTg3OTQ0Mjk1NzQxNjQy
QjhCODlDNDI5RDA1MkE0M0IzNzg5ODQyMjU1RDJCNDNFNjk5OTQ0MjM4NjVG
QTQyRTA5QTk5NDIwRURERTk0MTdBNTQ5QTQyQzY5MzkzNDFFMjA3OTU0MjdE
MTU5RDQyRTg4QjkwNDI1MzExQTE0MjA2MTc5NTQyMENBQTMwNDI1QjkzOTg0
MjVFMEY3OTQyNkM3Rjg4NDJDQkRDNTc0MjZFNjE3MDQyRkU4MjU3NDJEMkI1
NzA0MjhEOEZEMjQyMEE0OTkyNDI4REYyNEQ0MzQzREE4MjQyRDQ5MDNFNDM2
OEVGOEQ0MkQwNDFGMzQyMjJGMjk2NDJCQQ==

--SBD.Boundary.605592468
PROCESS /noc/users/iridburst/exec/irid_300224010734970_upd.pl
Last Run  ----1970-01-01 00:00:00 
MONTH  5 
DATA  xxrecord 2012-03-05 10:00:05 :: $W5M5A,120305,100005,660d0028449ce246,1,DAS 2,5053.5432N,123.7206W,7.4,52,14.6,-41.1,,,,7.4,62.7,0.7,1024.0,0,0,28.6,271,67*5C
 
INSERT
STATION sbdservice
IRID_ID 300224010734970
BODY 
Content-Type: application/x-zip-compressed; name="SBMmessage.sbd"
Content-Disposition: attachment; filename="300224010734970_002488.sbd"
Content-Transfer-Encoding: base64

JFc1TTVBLDEyMDMwNSwxMTAwMDUsNjYwZDAwMjg0NDljZTI0NiwxLERBUyAy
LCwsOC43LDU2LDE2LjcsLTQxLjEsNy45LDU5LjEsMC40LDguMSw1Ny4xLDAu
MSwxMDI0LjAsMCwwLDI4LjYsMTA5LDcyKjYyDQoNCiRXNU01QSwxMjAzMDUs
MTEwMDA1LDY2MGQwMDI4NDQ5Y2UyNDYsMixEQVMgMiwxMi42LDEzLjEsMC4y
LDAuNSwwLjAxLDU3OSw1ODEsMTU3LDYyOSwwLDE0OS4wLDExLjUzLDg4MCo2
MQ0KDQokVzVNNUEsMTIwMzA1LDExMDAwNSw2NjBkMDAyODQ0OWNlMjQ2LDMs
N0YwMDc0MDIzQTAwMDA1MzMyMzAzMTMyMzAzMzMwMzUzMTMwMzQzMDMwMzA1
NTVBMDAzMTMyMzAzMzMwMzUzMTMwMzQzMDJDNTQ0MTQyMzAzMDMwMzAzMDJD
MkQzMDM1MzEyRTMxMkMyQzMxMzIyRTM0MzcyQzM0MkUzMDJDMzMzNjMwMzAy
QzM2MzAyQzM2MzAyQzMxMkMzMDMwMzUzNzMwMkMzMzJFMzQzMjJDMzEyRTMy
MzYyQzM5MzUyQzMwMkMzMDJFMzEzNTMxMkMyQjMwMzAyRTMwMEQwQUI5MTA4
NjU3OERGODdGMDA2NzAyM0EwMDAwNTczMjMwMzEzMjMwMzMzMDM1MzEzMDM0
MzAzMDMwRkY0RDAwMDA4MEZCNDQwMDgwOTg0MzAwMjBDQjQ3MDAwMDA0NDNB
QTZGNDYzQTkzMUNDMTQwQkFBMDBCM0IwNDVFOTUzQTVCNjgxRTQxRkZFM0M5
M0ExNkFGN0Y0MUJBRDlDRTQwNDk5MkU0NDFEQ0VDRDQ0MTQwRDBDMTNBQTU5
OUQ5NDIwRkREOTA0Mjg0NjkxRDMxNjAyMDYyMjRCNEExN0YwNDhFMDIzQTAw
MDA0QjU2NDgyMDM3MzIzMDMxMzIzMDMzMzAzNTMxMzAzNDMwMzAzMDVEMDAw
MDAwOEZDMkY1M0MwQUQ3QTMzQkEyOTlEOTQyMDlERDkwNDJGQTU5RkQ0MjA0
QkM5ODQyMjMzQUQxNDIzRTVGOTM0MjA4NzNENTQyMDc0MzhDNDJFMEIwMDU0
M0QyOTQ4RDQyOEE0RjQyNDM5Q0IzOEM0MjcyMEMxOTQzQTY0QjlENDJEN0Mz
ODY0MjI1OUE5MjQyRUFEQzMyNDM5MkFCOEU0MjU0M0UzNjQzOEYzNjhDNDIw
QUUxNEE0MzQwOTM5NjQyOTczQTk0NDM5MkJEOUU0MkEzMDc0MjQyRUQyQzlB
NDI3REUyQTg0MkFERTk5MjQyODM2N0VENDI1RkFFODk0MjEzQ0QwODQzMzA4
Rjg1NDI2RkY2RkU0MkZDQTU4QzQyMzNBNkY2NDJBM0VFOTI0MjY1OUU0RDQz
RENFOTkwNDI1QzAzMjY0MzBCRjg5QzQyREM2RkMxNDJFODg4ODk0MkRGQUJE
QTQyNTVBQjdENDJBQTA4RUQ0MkI1RUQ5MjQyMDhBNzg1NDMxODg0OTQ0MjI2
NDM4NjQzM0Y4NDk0NDIwMDA1RDU0MUVCQkQ5QzQyRDQwQkEzNDJCNjNCOTg0
MjdCODg0RjQzRjYzQzk0NDI1NUJDNTM0MzlBMUU4QjQyNkY3NDRENDMxMEIy
ODc0MjdEQjk1QTQzNTJBRTg0NDJBQUZCNEM0M0Q5M0U5NzQyNzQ5ODM0NDNF
MDdFOTU0MjZDODY0MDQzODMyMzhBNDJDNTc1RkQ0MjgyNEI5RDQyN0U3QUQ0
NDEyNThGOUE0MjlGRTFBOTQzRjI4Nzk4NDIyQkVDQTg0M0E1M0U4QTQyRDUw
OUFGNDNDMzlBODg0MkRDQkZBODQzOEQ5Qzk1NDJENDdDOUQ0Mzc1OEU5MDQy
N0NCM0EzNDMxQjQ1OEM0MjMxNTJBQjQzRTRBNzkxNDIxNzdGODQ0MjY5M0Y5
QTQyQjcyQzBFNDNCMjY3OTM0MjUyMUVGRTQyRjc1MTk5NDI2QUZDMDQ0MjM4
NTk4OTQyOEE0RTQyNDI2Q0E3Nzc0MkVBMkE4NDQyNjhENTc5NDI4RDU0MzM0
MjAyRTk4NjQyQzc3RkIxNDNGOERDOTA0MkM2RkZBMTQzMDU2NjkzNDJBMkZB
QTg0Mzc2N0Q5MDQyQ0I5QkIwNDM4NkExOEM0MjI0NzQ4MjQxRTZEQzg4NDI0
OThDM0I0MkFFMzE5MzQyMUQ2MDBFNDNBNzc1OTU0MkRCNUYwODQzNTI2Nzg1
NDIzNDdFQ0Q0MjVGRUQ4MjQyNkREMzc5NDE5QTQ3OEY0MjFDMERBODQzMTU4
Mzg4NDJCMDExOUM0MUI1NDE4QTQyNzVCRjYxNDJFODJBOTc0MkNENDc1ODQz
QkNGMzhFNDI1QTdCODM0M0NFREQ4RjQyMkQ2MUFCNDMyQjJFOEY0MkQ5RTEy
ODQyOTJBNzg3NDI4OUM5NjE0MkEzNDc4QzQyNTg4NTJDNDIyQUE3QTE0MjJF
MTFGOTQyOEM3NzlCNDI5OTY2ODc0MjdDNkI5NTQyMUNCMTNCNDE0NjhBOTE0
MjEzMTBBRTQzODU1Mzk5NDIyOTNENDU0Mw==

--SBD.Boundary.605592468
PROCESS /noc/users/iridburst/exec/irid_300224010734970_upd.pl
Last Run  ----1970-01-01 00:00:00 
MONTH  5 
DATA  xxrecord 2012-03-05 11:00:05 :: $W5M5A,120305,110005,660d0028449ce246,1,DAS 2,,,8.7,56,16.7,-41.1,7.9,59.1,0.4,8.1,57.1,0.1,1024.0,0,0,28.6,109,72*62
 
INSERT
STATION sbdservice
IRID_ID 300224010734970
BODY 
Content-Type: application/x-zip-compressed; name="SBMmessage.sbd"
Content-Disposition: attachment; filename="300224010734970_002489.sbd"
Content-Transfer-Encoding: base64

JFc1TTVBLDEyMDMwNSwxMjAwMDUsNjYwZDAwMjg0NDljZTI0NiwxLERBUyAy
LDUwNTMuNTQ5Nk4sMTIzLjcxNDlXLDExLjEsNTksMTkuMiwtNDEuMSw4Ljks
NTEuOSwtMC41LDkuMCw1MC4yLC0wLjgsMTAyMy45LDAsMCwyOC42LDU3LDY4
KjQ5DQoNCiRXNU01QSwxMjAzMDUsMTIwMDA1LDY2MGQwMDI4NDQ5Y2UyNDYs
MixEQVMgMiwxMi42LDEzLjAsMC4yLDAuNCwwLjAxLDU3OSw1ODEsMTU3LDYy
OSwwLDE0OS4xLDEyLjcxLDg3Mio2RA0KDQokVzVNNUEsMTIwMzA1LDEyMDAw
NSw2NjBkMDAyODQ0OWNlMjQ2LDMsN0YwMDc0MDIzQTAwMDA1MzMyMzAzMTMy
MzAzMzMwMzUzMTMxMzQzMDMwMzA1NTVBMDAzMTMyMzAzMzMwMzUzMTMxMzQz
MDJDNTQ0MTQyMzAzMDMwMzAzMDJDMkQzMDM1MzEyRTMxMkMyQzMxMzIyRTM0
MzQyQzM0MkUzMDJDMzMzNjMwMzAyQzM2MzAyQzM2MzAyQzMxMkMzMDMwMzUz
NzMwMkMzMzJFMzQzMjJDMzEyRTMyMzYyQzM5MzYyQzMwMkMzMDJFMzEzNTMx
MkMyQjMwMzAyRTMwMEQwQUI4MTAyMDVCNzY5OTdGMDA2NzAyM0EwMDAwNTcz
MjMwMzEzMjMwMzMzMDM1MzEzMTM0MzAzMDMwRkY0RDAwMDA4MEZCNDQwMDgw
OTg0MzAwQThERTQ3MDAwMEY2NDJCN0M2NEQzQTIwNkNDRjQwM0FCNDEyM0JE
MUREQUEzQTRDNUYzMjQxMERBNERGM0ExN0NENzE0MThFNTNEOTQwNDk5MkU0
NDFCN0UzRTY0MUUyMDlERTNBOEMyNTYyNDIwNjkyODg0MjM3NDAyRTMxQTAx
RjVEMDE2NjdBN0YwNDc2MDIzQTAwMDA0QjU2NDgyMDM3MzIzMDMxMzIzMDMz
MzAzNTMxMzEzNDMwMzAzMDVCMDAwMDAwOEZDMkY1M0MwQUQ3QTMzQjg3MjU2
MjQyMDQ5Mjg4NDJGMzhBNUQ0MjIzMUQ4OTQyRUQyRTU1NDI1Mzc3ODk0MkZG
QjU4NjQyRTAwMDg1NDJFNkM2OEY0MjdDQ0M3MjQyQzE3QjZENDJDQkVCODE0
MjkzNEU3NDQyN0UyRTg1NDIyRTU2ODE0MkI2Nzg5NTQyQjIyQUE1NDNGMzJF
QTA0Mjc5NDZCNzQyM0I2OThBNDIyNTY3QjM0MjJGRUI4MTQyRDcyMjVDNDI1
MTg0OEM0Mjk5NDk4RjQyQjhFMDhDNDIwQTFCRkE0MkVCNzE4RTQyOUI2OTQy
NDM1NUNFOTU0MkVGRDFBMzQzNjBFMjk1NDJCMEVEQUU0MzU0NkI5MjQyRDk0
MDU2NDM4RjcwOUY0MkQzNTMzNTQzREJDRDkzNDJCMzkzRDY0MkY5OUY5QjQy
RDhBNUE5NDM4QTQzOTg0MjNFNjA4NzQzOThFMTg1NDI3RTg2NzE0M0VDRjU3
NTQyODNBMjQ2NDMwNUQwOTI0MjE1RDkxQjQzNUJBMTlENDI3M0U4QkM0MjlG
RTA5QzQyRjZGNjJENDFDQjI2OUE0MkQ2MDQ5QjQxQTE3MjkyNDIzMEUyOTk0
MkRERDQ4RjQyNjgzNkI3NDJFQjdFODc0MkNENjJBRDQyNkU0ODkzNDIyMTY2
NEM0MzlGNDM5RDQyNEYwRTU3NDM5QTczOTc0MjJDRkYxNDQzQ0U0NjkzNDJE
NDc3Q0Q0MjZCMDU3NjQyODU0OTQwNDI2MEY2NzA0MkZBMkYwNTQyMTA3QTc0
NDI0QjMzMDk0MjVENTc4NzQyQjI4QzY1NDIxMEUwOEY0MjEzRDUyNjQyMkEx
RDhDNDJDODJBNDE0MkVCRTI5NzQyMzIyNUM5NDI0OEE1OUM0MkYyNDdFNjQx
MjEwRjk3NDJDQTY5NTE0MTdBQTY5NTQyNjIxREE2NDFCN0ZDOTQ0MkNCODEy
MzQyMjA1NDhCNDJEQjk3MzI0MjUzMjM4RTQyN0MwRTVBNDI4N0MyOEM0MkE2
NUY5RTQyOEIyNjg0NDJFQTAzRjM0MjYyMUI4OTQyODdDMDRCNDNBQUEzOTY0
MkIzOUM4NDQzMTM2RThFNDJDNTA5OEQ0M0UzRDI4RDQyQzg0NDk3NDM1Mzgw
OUQ0MjM4Q0Y4RjQyNzM4QTkzNDJBNDVFMjQ0MjNCOUE4NjQyNzNBRjFFNDJD
ODc5ODU0MjcxMzc1MjQyMUYyQjhBNDJDRDc0N0M0MTQxRUY4NzQyQ0QzMTVC
NDBEMkUxODY0MjU5NTBFQzQxNENCOTkwNDI5MTc0NDM0MkMxREU5MDQyOERD
NkU2NDE5RjZDOTI0MkI0QjQwNzQyREJBRDhGNDJFRkYxQTQ0MTFEQUY5MDQy
N0U4QkIzNDM1MzA2ODk0MkM5MUI0QjQwMEFBODY5NDI1MkZEMDM0MkVBREY4
NjQyODU2OEQwNDJBNEM0NzE0MjhDRUVDNDQyRDEzOTc3NDIzNzMyQzE0Mjg2
QTA5MjQyNTQ2NUZENDI0MERCOTY0MkRGNg==

--SBD.Boundary.605592468
PROCESS /noc/users/iridburst/exec/irid_300224010734970_upd.pl
Last Run  ----1970-01-01 00:00:00 
MONTH  5 
DATA  xxrecord 2012-03-05 12:00:05 :: $W5M5A,120305,120005,660d0028449ce246,1,DAS 2,5053.5496N,123.7149W,11.1,59,19.2,-41.1,8.9,51.9,-0.5,9.0,50.2,-0.8,1023.9,0,0,28.6,57,68*49
 
INSERT
STATION sbdservice
IRID_ID 300224010734970
BODY 
Content-Type: application/x-zip-compressed; name="SBMmessage.sbd"
Content-Disposition: attachment; filename="300224010734970_002490.sbd"
Content-Transfer-Encoding: base64

JFc1TTVBLDEyMDMwNSwxMzAwMDUsNjYwZDAwMjg0NDljZTI0NiwxLERBUyAy
LCwsMTAuMiw1OSwxOC40LC00MS4xLDkuNiw0Ny44LC0wLjksOS43LDQ2LjQs
LTEuMywxMDIzLjYsMCwwLDI4LjYsODUsNjgqNkENCg0KJFc1TTVBLDEyMDMw
NSwxMzAwMDUsNjYwZDAwMjg0NDljZTI0NiwyLERBUyAyLDEyLjYsMTMuMSww
LjIsMC4zLDAuMDEsNTc5LDU4MSwxNTcsNjI5LDAsMTQ5LjIsMTMuODgsODcw
KjZDDQoNCiRXNU01QSwxMjAzMDUsMTMwMDA1LDY2MGQwMDI4NDQ5Y2UyNDYs
Myw3RjAwNzQwMjNBMDAwMDUzMzIzMDMxMzIzMDMzMzAzNTMxMzIzNDMwMzAz
MDU1NUEwMDMxMzIzMDMzMzAzNTMxMzIzNDMwMkM1NDQxNDIzMDMwMzAzMDMw
MkMyRDMwMzUzMTJFMzEyQzJDMzEzMjJFMzQzNTJDMzQyRTMwMkMzMzM2MzAz
MDJDMzYzMDJDMzYzMDJDMzEyQzMwMzAzNTM3MzAyQzMzMkUzNDMyMkMzMTJF
MzIzNjJDMzkzNzJDMzAyQzMwMkUzMTM1MzIyQzJCMzAzMDJFMzAwRDBBQkMx
MEE2RkE0QzFGN0YwMDY3MDIzQTAwMDA1NzMyMzAzMTMyMzAzMzMwMzUzMTMy
MzQzMDMwMzBGRjREMDAwMDgwRkI0NDAwODA5ODQzMDAzMEYyNDcwMDAwRkU0
MjU1MTM1RDNBODZFM0NCNDA4MUUxMjEzQjJENEVCNTNBMjc1NTJGNDEyNjg4
RkIzQUZDNzY4RjQxQzA2MERFNDA0OTkyRTQ0MTYyQTFFMDQxNDIzM0Y1M0E3
NTdFQTk0MkU0ODU4NzQyOEMzMjRGMzEwRjIwOTEzQzVFMzc3RjA0NzYwMjNB
MDAwMDRCNTY0ODIwMzczMjMwMzEzMjMwMzMzMDM1MzEzMjM0MzAzMDMwNUIw
MDAwMDA4RkMyRjUzQzBBRDdBMzNCNzI3RUE5NDJFNTg1ODc0MkNGMEUwNjQz
MTYwRTkxNDIwQTQ0RDE0MkFEMTg4QjQyQjFGOUEyNDIyRjA4N0E0MkM5QzM0
NzQyRjUyQzcxNDJFQTA5QkU0MUU0MkU3MzQyQTgyMzBCNDI1N0JCODU0MjQz
MzY5NTQyRkE4RDhBNDIzMTExMTY0M0I0QjY5QjQyODZBNzk0NDM1OEJBODU0
MkRCQjk5QzQzRTQxRTdENDIxRUY5QTA0MzI2Mjc5MzQyMkRFMTExNDM3RTQ5
OUE0Mjk2QTY1ODQzNjM2QTk3NDI3QUU3N0E0MzY1OTk5RDQyNjcwRjg5NDI1
MDVEOTU0MkJEQkNBMDQyN0EwMDhFNDJEQzlDQkE0MkRDQzk5MzQyODQ0Qzky
NDI2OUQ2OTI0MjlDOEU5NjQyNTk5QjhGNDIzNUQ3NUU0MjBBNjI4RjQyRkE2
MjA2NDJBM0RBOTY0MjI0RjMwNjQyMkUzMjk2NDJDNkE5NzM0MUQ4NDQ4MTQy
MjQzNkIyNDNDNjM0ODU0MjBCOUIwQzQzNTNBQzk1NDIwM0FERTQ0MjZGQUU3
QjQyOEZGQUEzNDJENzU2ODU0MjVBMDdCNDQyMDVDNjg5NDIyN0RDQ0Q0MjYz
RDc4NDQyNjE5NENBNDI3RThCODk0MjA4OUMwODQzQkQ3NTg2NDJEODk3RkQ0
MjdBNTE5MjQyQkFDNjIzNDJDNjhCOTk0Mjk4OTlGNzQyMDJEQTg4NDI1NTEw
MEM0M0U2NDM4MTQyM0Q0MEJFNDI4NEE0OEE0MkJBNkY1MTQyNTJFQzdFNDI1
ODM4MkE0MjJBN0Q4MzQyQ0U1QUFDNDE2NkU0OTA0MjgxODYxOTQyQzdEMjhG
NDI3QjA1NTM0MkVBRkY4RTQyNDRFQTBENDJFOTgyOTE0MjAyRDVCRjQxRjZC
MjkxNDI2NEFDOEE0MUYyRDc5MzQyMUYyRUIxNDNGMTA4OTc0MjcyNDlDNzQx
RkVGNzlDNDI3RTJERDU0MjBBQzM5NDQyNTg0MzAwNDNFRDA4OEM0MkY1RkUx
MTQzNUE1QjdENDJDNTE4QzU0MkZGRDY4NTQyQTlENTg1NDIxQjFGODY0MkNG
RTVCQzQyQzcyMTk1NDIyQzc2Rjc0MkUyMEU5NjQyREM3Qjg2NDIyM0RGOUQ0
MjdENTY4RDQzOEZDODk5NDJDMkVENzM0MzFDREU5RjQyRDk3MzM5NDIwNjhE
OTU0MkQ0RjEwNDQyQTY0Nzk2NDI5MTM0QUY0M0M2NUQ5MzQyNTUxMUIwNDNG
MTlEODY0MkZFRDEwMzQwRjM1QzgxNDI0MTVCNkM0MUMyNDY4NzQyMzQ4MEIx
NDMyOEM3ODI0MjAzRjZCMTQzNTc5MDhGNDJFQjdBMzE0M0Y2QkQ5OTQyOEVC
MDVGNDMyM0Q0OTc0MkFCNkZEODQxQ0MxMDg4NDI1MTkzMjA0MkYxOTc3OTQy
OUI5NzkwNDJGOTlEOTM0MkNDRTgxMjQzODZFNjhFNDJDRUM2MTY0MzNBNzA4
QTQyMUU4NjI4NDMzQTA3ODg0MjI5M0YyRg==

--SBD.Boundary.605592468
PROCESS /noc/users/iridburst/exec/irid_300224010734970_upd.pl
Last Run  ----1970-01-01 00:00:00 
MONTH  5 
DATA  xxrecord 2012-03-05 13:00:05 :: $W5M5A,120305,130005,660d0028449ce246,1,DAS 2,,,10.2,59,18.4,-41.1,9.6,47.8,-0.9,9.7,46.4,-1.3,1023.6,0,0,28.6,85,68*6A
 
INSERT
STATION sbdservice
IRID_ID 300224010734970
BODY 
Content-Type: application/x-zip-compressed; name="SBMmessage.sbd"
Content-Disposition: attachment; filename="300224010734970_002491.sbd"
Content-Transfer-Encoding: base64

JFc1TTVBLDEyMDMwNSwxNDAwMDUsNjYwZDAwMjg0NDljZTI0NiwxLERBUyAy
LDUwNTMuNTQ1Mk4sMTIzLjcxOThXLDguMSwzMDksMTcuOCwtNDEuMSwxMC4w
LDQ2LjAsLTEuMCwxMC4yLDQ0LjYsLTEuNCwxMDIzLjMsMCwwLDI4LjYsNzQs
NzAqNEUNCg0KJFc1TTVBLDEyMDMwNSwxNDAwMDUsNjYwZDAwMjg0NDljZTI0
NiwyLERBUyAyLDEyLjYsMTMuMCwwLjIsMC41LDAuMDEsNTc5LDU4MSwxNTcs
NjI5LDAsMjI4LjEsMTQuNjYsODczKjZGDQoNCiRXNU01QSwxMjAzMDUsMTQw
MDA1LDY2MGQwMDI4NDQ5Y2UyNDYsMyw3RjAwNzQwMjNBMDAwMDUzMzIzMDMx
MzIzMDMzMzAzNTMxMzMzNDMwMzAzMDU1NUEwMDMxMzIzMDMzMzAzNTMxMzMz
NDMwMkM1NDQxNDIzMDMwMzAzMDMwMkMyRDMwMzUzMTJFMzEyQzJDMzEzMjJF
MzQzMDJDMzQyRTMwMkMzMzM2MzAzMDJDMzYzMDJDMzYzMDJDMzEyQzMwMzAz
NTM3MzAyQzMzMkUzNDMyMkMzMTJFMzIzNjJDMzkzODJDMzAyQzMwMkUzMTM1
MzIyQzJCMzAzMDJFMzAwRDBBQjkxMDQ4NUFDODdEN0YwMDY3MDIzQTAwMDA1
NzMyMzAzMTMyMzAzMzMwMzUzMTMzMzQzMDMwMzBGRjREMDAwMDgwRkI0NDAw
ODA5ODQzMDBEQzAyNDgwMDAwMDA0MzFEQTY0OTNBMTI5N0M4NDA5OTQ0MEYz
QjcwNjJBMTNBMUY2MDI1NDFENEUwQ0UzQUUyODY2NjQxQUEwRkNBNDA0OTky
RTQ0MTdFMjhFNDQxNDM5MkNFM0E1MzM4OTM0MjZCODg4QzQyRUM3NjJCMzE5
NDFEQzg3QThEN0Y3RjA0OUEwMjNBMDAwMDRCNTY0ODIwMzczMjMwMzEzMjMw
MzMzMDM1MzEzMzM0MzAzMDMwNUUwMDAwMDA4RkMyRjUzQzBBRDdBMzNCNTAz
ODkzNDI2Qjg4OEM0MjhBNjhBMzQyMTM2MjkyNDJCOEE5QTE0MkY0Njc4QjQy
RUREOEFBNDIxNDEwODk0Mjk4OUI1NTQyMURCODkyNDI0MENBMTU0MjJENjA4
OTQyOEQwQzQ1NDIxNDg0ODQ0MjY0OUIzQzQyMDAyNzhDNDI1MDI5OEQ0MjM5
REE4QzQyODkxOUI5NDI2MDdCN0E0MjA0MDJDOTQyOUFGQTgxNDJCQ0ZDOUU0
MjREODI5QzQyMTdDRDkxNDNGN0Y5OTU0MjE4OTI0NjQzREQ2Qzk0NDIwQkI2
MjE0M0Q0ODY5ODQyQTMzM0MyNDI2NjMxOTU0MjIxNEY5MzQyMDdFNjhBNDJE
RDUxOUM0MjBFMDc4QTQyNjQzNkUxNDIyNTc1OEQ0MjdDRUJCNjQyMkY0Njk1
NDIwNDhBNUM0MTZCQUU4ODQyNDk1RjlBNDFBNDhFOTE0MjFBQjNBRjQyNjJC
MDk4NDI0Q0JFQTE0MzQ3RUE5RTQyQ0I3NThCNDMwRkVCOTk0MjI0MDAxOTQz
NDA1NTk5NDI1OTBEMTc0MzE0QkM5MDQyMDI4NzlFNDJBMDcxOTE0MjZCQTg5
MTQyMjg5MDg0NDJFNjNFNzQ0MjVCNUI5MDQyMzRBM0FDNDFGMUEzOTE0MjE5
REJCMTQzNTJEMzhENDJDNjFBREUzRkZFMTY5NDQyQzcyNjlFNDJEMjc3OEI0
MkRFNzc5MTQyOTNDNzhFNDJDQkNCQjg0MjI3Q0E5OTQyMkJDMEQ5NDEyOTEx
OTc0Mjc1QUQxQjQyOEZFQzkwNDJFMDdCODk0MkM4QTM5MjQyQkNDRjU4NDI5
Q0E1OEY0MkVFQTUxRjQyREQ2MDgxNDI0RTM0N0U0MjhFRUI4RDQyQUNBN0U2
NDI1NjcyOTA0MkUzMDdFRDQyRDUzQjkwNDIyNDhCQjU0MjAyMkE5NjQyRjlC
MUFCNDExRDI1ODU0MjcyRjIxQzQxQUNGOTczNDIzNzYzMjI0MTg1MTU4NTQy
N0FGNjI3NDJGRkIxOEI0MjFBMUY0QzQyQUZGNjg0NDI0QkEzODY0MjA2RDE4
OTQyQjNDQ0IyNDIyNkM1OTk0MkY3OTM5MjQzODdEMTk3NDIyQzU2MkY0Mzg2
M0M5ODQyOUEzMjJDNDNGOUZBNzA0MkQyNEMzODQzNjJDQjdGNDIyODVCNTI0
MzMxRDY5QjQyQjA0QTJCNDI0MDY5OTM0MkZCMDQ5NDQyRUVEQThGNDI4MjdD
MDA0M0YzOTU5QjQyQjA3NzcyNDMwNjg4OUI0MkM3QTc1QjQyRUFEMzlBNDJB
MTUzM0I0MjlEMDM4ODQyRUJCQjMzNDI2NTREODU0MkM0QjQ5NzQyNDY4MThB
NDJEQjFDQTc0MkNEMTU4RDQyQzRGNzU5NDI0MUNGOTM0MjVEQTNBQzQzOUND
ODk4NDI1RENGQUY0MzY2RjY4RTQyNDQ3RDBCNDE3MTY3N0M0MkREQjM4QTQx
NDVFMDdENDJCMDk2QzE0MUVBRjM4NTQyMw==

--SBD.Boundary.605592468
PROCESS /noc/users/iridburst/exec/irid_300224010734970_upd.pl
Last Run  ----1970-01-01 00:00:00 
MONTH  5 
DATA  xxrecord 2012-03-05 14:00:05 :: $W5M5A,120305,140005,660d0028449ce246,1,DAS 2,5053.5452N,123.7198W,8.1,309,17.8,-41.1,10.0,46.0,-1.0,10.2,44.6,-1.4,1023.3,0,0,28.6,74,70*4E
 
INSERT
STATION sbdservice
IRID_ID 300224010734970
BODY 
Content-Type: application/x-zip-compressed; name="SBMmessage.sbd"
Content-Disposition: attachment; filename="300224010734970_002492.sbd"
Content-Transfer-Encoding: base64

JFc1TTVBLDEyMDMwNSwxNTAwMDUsNjYwZDAwMjg0NDljZTI0NiwxLERBUyAy
LCwsOS4yLDMwMywxOC41LC00MS4xLDEwLjcsNDMuNywtMS4yLDEwLjgsNDIu
NCwtMS41LDEwMjMuMiwwLDAsMzMuMyw3OCw3MSo2NQ0KDQokVzVNNUEsMTIw
MzA1LDE1MDAwNSw2NjBkMDAyODQ0OWNlMjQ2LDIsREFTIDIsMTIuNiwxMy4x
LDAuMiwwLjQsMC4wMSw1NzksNTgxLDE1Nyw2MjksMCwyMjguNSwxNS40NCw4
NzYqNkUNCg0KJFc1TTVBLDEyMDMwNSwxNTAwMDUsNjYwZDAwMjg0NDljZTI0
NiwzLDdGMDA3NDAyM0EwMDAwNTMzMjMwMzEzMjMwMzMzMDM1MzEzNDM0MzAz
MDMwNTU1QTAwMzEzMjMwMzMzMDM1MzEzNDM0MzAyQzU0NDE0MjMwMzAzMDMw
MzAyQzJEMzAzNTMxMkUzMTJDMkMzMTMyMkUzNDMzMkMzNDJFMzAyQzMzMzYz
MDMwMkMzNjMwMkMzNjMwMkMzMTJDMzAzMDM1MzczMDJDMzMyRTM0MzIyQzMx
MkUzMjM2MkMzOTM5MkMzMDJDMzAyRTMxMzUzMTJDMkIzMDMwMkUzMDBEMEFC
RDEwQjg5QkY0N0U3RjAwNjcwMjNBMDAwMDU3MzIzMDMxMzIzMDMzMzAzNTMx
MzQzNDMwMzAzMEZGNEQwMDAwODBGQjQ0MDA4MDk4NDMwMEEwMEM0ODAwMDBD
QzQyNEU3QzZGM0FGQkJGRkE0MEJFRkUzNjNCQkIxRkM2M0E5Q0FFNjM0MTJE
Q0MwOTNCMzdGMUIzNDE2OURDQ0Q0MDU2NTUwNTQyMDYzQTA1NDI2QkMwRTgz
QThCQTE5QjQyODlDRDhFNDJERTNBM0IzMUU4MUY5MkFGQkQyNDdGMDQ4MjAy
M0EwMDAwNEI1NjQ4MjAzNzMyMzAzMTMyMzAzMzMwMzUzMTM0MzQzMDMwMzA1
QzAwMDAwMDhGQzJGNTNDMEFEN0EzM0I4QUExOUI0Mjg4Q0Q4RTQyRDkzNDk3
NDIwN0YwOEY0MkQwMTJCNTQyMUY0NTkzNDJENDhERjA0MkMwMUU5MTQyNDc1
QkY3NDIwQzcyOEI0MkFCNUFEQzQyMkRCNzhBNDJEOEM2QjY0MkFFRkM4MDQy
REYxRDdBNDJCN0FBN0M0MjlFNjQwODQyQjFENjgxNDI4MTkwQjA0MzJGQ0U4
QjQyRjk3RjZDM0ZFRThGOTk0MjM0MzRFODQyREMxNThCNDIzODJERTU0MjM0
MUM5MDQyOERGMEEwNDNBNTJFOEQ0MjE4NjBBODQzRjQxRTgyNDJBNDhGQUM0
MzM5RkY4OTQyNzM2MkIzNDNFQ0Q5OUQ0MjYyNjhBMTQyQjM0ODhENDI0M0JB
ODU0MjJDNkQ4NTQyMjM2RkE1NDI1MjM0OUM0MjFGNjc3QzQzNDg3NjkxNDI4
NjI4ODI0M0Q4MkU4QzQyMDM2NDhDNDM3RjQ2ODc0MkQ2MjU5QjQzREE1Rjgy
NDI2MkFBOUY0MzAzQTc4QTQyQjVBOTkwNDNCQThGOTg0MkQ1OUVCMDQzODU3
Nzk0NDJFNzhCQjE0MzZBMjY3RTQyNDY5QkFDNDM0Mzg3N0Q0MkRBRjZBNjQz
MzQ4MDk4NDI5NjQxNjE0MzFERjM5QzQyRDIxOUE4NDNCNTg1N0E0MkYyNzJB
RTQzRURCRjcwNDIzN0M4QkY0MTRGQkU4RTQyNTc4REJFNDIxMEU0OEU0MkIy
MkRDMTQyMTEyOThBNDI4MkZEQzg0MkU3REQ4MTQyREQwMURDNDI3N0I1Nzk0
MkM0RkZERjQyRkMwOTgzNDI2MTlDQjA0MjYyMzU5ODQyOTZDNUExNDMzRDMy
OUU0MjU5N0M5NDQyOTgzQTlENDJFQUE2RTM0MTBENDg5NTQyNTQyNjE3NDEy
RjkxOTU0MjM3QUE1MTQyQUMyQTlCNDI5MDIzQjE0Mzc3Qzc4MTQyMzJFRUIy
NDM5MjNBNUE0Mjg0MDg5MzQwNEVFNDcwNDI3ODA4QjA0MzVFM0U5MDQyNzU4
QkE3NDNCRkIwOTQ0MkEyNTFBQjQzNEE4NDk0NDI5MDEwQTk0MzY0MTM5NDQy
NTEzODY0NDBCOUIxOTM0MkVCN0RFQjQxQUQ0NTkwNDJCQ0Y5OTA0MjA1QzU5
MjQyMDQxNENDNDJFN0U5OTI0MjVBMEUwMTQzREMxODk0NDJDNzE0MkE0Mzkx
MTA4RjQyRThENzQzNDM3MzU5OTU0MkRFMDQxNDQzNkRCQTlFNDJFODcxMjE0
M0Q3NUQ5NzQyNjk4RjNGNDM0MDk4OTg0Mjg0OUM5QzQzN0EyRTk4NDIwMTQx
QTE0M0YwMTk5NzQyQTIwNkFCNDM0MzZDOTg0MjI4NDU4NDQxRjkzQzk1NDJC
RTQ0RTM0MThDMDE5MzQyRTBGQzYzNDExMTAxOUM0MjA4MDEzNjQzQTBCMzk2
NDI2QkMwMjk0MzJGMkU4NTQyODNCQzI4NDM4MkUwODk0MkU5RUM2NDQzNEVB
MDk1NDI3ODE0OTc0M0UzRkQ5ODQyRjUwNQ==

--SBD.Boundary.605592468
PROCESS /noc/users/iridburst/exec/irid_300224010734970_upd.pl
Last Run  ----1970-01-01 00:00:00 
MONTH  5 
DATA  xxrecord 2012-03-05 15:00:05 :: $W5M5A,120305,150005,660d0028449ce246,1,DAS 2,,,9.2,303,18.5,-41.1,10.7,43.7,-1.2,10.8,42.4,-1.5,1023.2,0,0,33.3,78,71*65
 
INSERT
STATION sbdservice
IRID_ID 300224010734970
BODY 
Content-Type: application/x-zip-compressed; name="SBMmessage.sbd"
Content-Disposition: attachment; filename="300224010734970_002493.sbd"
Content-Transfer-Encoding: base64

JFc1TTVBLDEyMDMwNSwxNjAwMDUsNjYwZDAwMjg0NDljZTI0NiwxLERBUyAy
LDUwNTMuNTQ1ME4sMTIzLjcxODZXLDkuMSwzMTAsMTcuMywtNDEuMSwxMC42
LDQyLjEsLTEuNywxMC44LDQwLjksLTIuMCwxMDIzLjEsMCwwLDI4LjYsNDMs
NzIqNDUNCg0KJFc1TTVBLDEyMDMwNSwxNjAwMDUsNjYwZDAwMjg0NDljZTI0
NiwyLERBUyAyLDEyLjYsMTMuMCwwLjIsMC40LDAuMDEsNTc5LDU4MSwxNTcs
NjI4LDAsMjI4LjQsMTUuNDQsODc0KjZFDQoNCiRXNU01QSwxMjAzMDUsMTYw
MDA1LDY2MGQwMDI4NDQ5Y2UyNDYsMyw3RjAwNzUwMjNBMDAwMDUzMzIzMDMx
MzIzMDMzMzAzNTMxMzUzNDMwMzAzMDU1NUIwMDMxMzIzMDMzMzAzNTMxMzUz
NDMwMkM1NDQxNDIzMDMwMzAzMDMwMkMyRDMwMzUzMTJFMzEyQzJDMzEzMjJF
MzMzOTJDMzQyRTMwMkMzMzM2MzAzMDJDMzYzMDJDMzYzMDJDMzEyQzMwMzAz
NTM3MzAyQzMzMkUzNDMyMkMzMTJFMzIzNjJDMzEzMDMwMkMzMDJDMzAyRTMx
MzUzMTJDMkIzMDMwMkUzMDBEMEFFMzEwM0FCMzZCQTY3RjAwNjcwMjNBMDAw
MDU3MzIzMDMxMzIzMDMzMzAzNTMxMzUzNDMwMzAzMEZGNEQwMDAwODBGQjQ0
MDA4MDk4NDMwMDY0MTY0ODAwMDAxMzQzMDNCNjQ1M0EyQzIzQUY0MDI0OUM0
NTNCRTZEMTlGM0E2MzRBMTM0MTk1NEFERTNBNjIzODYzNDEwNjI1QkI0MDQ5
OTJFNDQxRjlFNEU0NDFEM0U4Q0YzQTZERTQyOTQyOEM4NDhGNDJBNjE0NDYz
MUI0MURGMjA2MUM5QzdGMDRCRTAyM0EwMDAwNEI1NjQ4MjAzNzMyMzAzMTMy
MzAzMzMwMzUzMTM1MzQzMDMwMzA2MTAwMDAwMDhGQzJGNTNDMEFEN0EzM0I2
RUU0Mjk0MjhCODQ4RjQyRjk2Qjg4NDJBNTNCOTA0MjM1MkY2RTQyRUZGNzhE
NDI5RkMzM0U0MjMyNDY4ODQyRTQxMkZCNDEzNkYyODY0MkI4ODFBMTQzQzRF
ODkzNDJGMkRBN0Q0M0I0OTg4RjQyRDU2NjU4NDNFNTJDOTQ0MjkxQzI4NDQz
OERCRDk2NDJGMDg3QUI0MzhDMEI4RTQyMjE3RUIwNDNFQjQwODE0MjhDNzRC
MzQzM0I4ODc1NDJCQzNDMTU0MjZFRDg4NzQyMUE1OTlDNDJCNEI5OEE0Mjc5
MkZBMTQyMjJGNTg3NDJGMTZEQTY0MjQ2MzE4QzQyMUQ2RjBDNDIxMzFCOUU0
MjcxRDY5QzQzOUM4NDk2NDJGRDMwODU0MzlGNEY4QTQyNjc5Mjg1NDMxNUZF
ODM0MjQ3MDk4QTQzODAwNDk2NDI0NThDM0Y0MzZEMDQ5RDQyQkVBQzI3NDM2
MUI3OUM0MjlFNDlGQjQxQTAzMTk2NDJENDJBMDU0MkM5MDU4MzQyQkMzRTVG
NDJCRTMyODM0MjhGOTU1OTQyQzg5Rjg5NDJCRjE4MUE0MjAxREQ4OTQyQkZG
QzcyNDI4MzE3ODc0MjdCN0UzNTQyQUJDNTgzNDIxMDE0NTE0MjAwODg4ODQy
OTI5M0NFNDIyRTRDODc0MjJCNkFEQjQyQzFGRTg1NDI4OUNGRDQ0MkY0MUI5
ODQyNDAzNTQ4NDMxQjIzOEI0Mjg5RDUzNzQzQzY4MjhCNDIzOTQ1MTA0MzE0
RTM5QTQyQkQ2NEU2NDFFQTM5OTk0MkQxRThBQTQzQUUxQzlBNDJGQjI5RTI0
MUJFQzE5RTQyNEFBMDhGNDJENUJBOTc0MjQ0NDlBQTQzMzY2Njk2NDIxQ0Ew
QTQ0M0Q5QjM4RDQyODYwQ0EwNDNBRURFOUQ0Mjg2RDA3QzQzMkIyQTkzNDIx
QUJDNzc0M0NEQzk5MjQyNzMwRjAyNDNDNkU0OTg0MkVEOTQ4MzQyMkQxMDkz
NDIxMEY3Rjg0MUU0NEU5NjQyODlBMjExNDNFQUQ2OTE0MkE5ODkyQzQzMzBE
NjhDNDI0ODUwMjc0M0M1QUQ5QjQyMjkxRThFNDI5QzY2OTc0MjEyRDRFNzQx
MTZERjkyNDJCRUI3QUY0M0U1QUM3RTQyRTJCM0IxNDNENDcwODE0MkREOTg1
MTQxM0ZCOThGNDI2MjVBQjQ0MTY3Q0Q5ODQyMTlBNTc4NDMzMDlBOUU0MjBB
MTc1NDQzREI3OThCNDIxRjgwNEU0M0EwNUU4QTQyMTRBRDA5NDM2RTE2OTk0
MkM0MDEyNDQyMzBBNThGNDI2ODc2QTgzRjdDNUY4RjQyQjZCMDYyNDM4RkJC
OUE0MkZBQzE3NDQzRTlDOTk4NDI5RENGQjE0MzI1Njc5QTQyNzk1RjgwNDIz
RDJEOEY0MjhBQzREODQyQ0E3NTkyNDIzMTY0MTk0MzFBMDc5OTQyMkUwOTYx
NDNDODgzOUU0MjMxNzQ4NDQzRDJGMzk5NA==

--SBD.Boundary.605592468
PROCESS /noc/users/iridburst/exec/irid_300224010734970_upd.pl
Last Run  ----1970-01-01 00:00:00 
MONTH  5 
DATA  xxrecord 2012-03-05 16:00:05 :: $W5M5A,120305,160005,660d0028449ce246,1,DAS 2,5053.5450N,123.7186W,9.1,310,17.3,-41.1,10.6,42.1,-1.7,10.8,40.9,-2.0,1023.1,0,0,28.6,43,72*45
 
INSERT
STATION sbdservice
IRID_ID 300224010734970
BODY 
Content-Type: application/x-zip-compressed; name="SBMmessage.sbd"
Content-Disposition: attachment; filename="300224010734970_002494.sbd"
Content-Transfer-Encoding: base64

JFc1TTVBLDEyMDMwNSwxNzAwMDUsNjYwZDAwMjg0NDljZTI0NiwxLERBUyAy
LCwsOS4yLDMxNSwxNy4zLC00MS4xLDEwLjUsNDEuOSwtMS45LDEwLjUsNDAu
OSwtMi4yLDEwMjMuNCwwLDAsMjguNiwyNDIsNjcqNUYNCg0KJFc1TTVBLDEy
MDMwNSwxNzAwMDUsNjYwZDAwMjg0NDljZTI0NiwyLERBUyAyLDEyLjYsMTMu
MSwwLjIsMC40LDAuMDEsNTc5LDU4MSwxNTcsNjI5LDAsMjI4LjQsMTUuMDUs
ODc1KjZCDQoNCiRXNU01QSwxMjAzMDUsMTcwMDA1LDY2MGQwMDI4NDQ5Y2Uy
NDYsMyw3RjAwNzUwMjNBMDAwMDUzMzIzMDMxMzIzMDMzMzAzNTMxMzYzNDMw
MzAzMDU1NUIwMDMxMzIzMDMzMzAzNTMxMzYzNDMwMkM1NDQxNDIzMDMwMzAz
MDMwMkMyRDMwMzUzMTJFMzEyQzJDMzEzMjJFMzQzNDJDMzQyRTMwMkMzMzM2
MzAzMDJDMzYzMDJDMzYzMDJDMzEyQzMwMzAzNTM3MzAyQzMzMkUzNDMyMkMz
MTJFMzIzNjJDMzEzMDMxMkMzMDJDMzAyRTMxMzUzMTJDMkIzMDMwMkUzMDBE
MEFFMTEwMUY2MkExRTE3RjAwNjcwMjNBMDAwMDU3MzIzMDMxMzIzMDMzMzAz
NTMxMzYzNDMwMzAzMEZGNEQwMDAwODBGQjQ0MDA4MDk4NDMwMDI4MjA0ODAw
MDAwMDQzM0Q4RTQyM0EwNTEwQzc0MDUxOTkyQzNCODk2QUEwM0E3QUQxMzA0
MUFGMjJFQjNBMzk0Qzk4NDE2NDcxQzQ0MDQ5OTJFNDQxOUQ3RURFNDE3M0JG
RDczQUEwRUM3MTQzRDQ0NTg1NDIxRDE4MjczMUNEMUMxQjM1OTc3QTdGMDRC
RTAyM0EwMDAwNEI1NjQ4MjAzNzMyMzAzMTMyMzAzMzMwMzUzMTM2MzQzMDMw
MzA2MTAwMDAwMDhGQzJGNTNDMEFEN0EzM0JBNEVDNzE0M0Q1NDU4NTQyMENG
NzY5NDM3RUM0NzE0MjE0OTU2MzQzRTlCNjdCNDJCRTc0NjM0MzM1OTk4MTQy
ODExNjY1NDNDMzk4N0Q0MkZDQjA2QTQzMkNDMThENDI0QTE1ODc0MzA2OEE5
MzQyNzMwQ0E0NDNFQUFEOEY0MkIyQzY4MTQxQTBFNzg5NDI4NjVEMjM0MjNE
OEM5MzQyNTUyMDlBNDM1MkQ3OTc0MjkyRkM5MzQzRUZERTg4NDJCNkZEOTg0
MzRGQkI4MjQyMEE4Qjk3NDNCRDk0OEI0MkJFREI4MTQzQkZFNTk2NDJFRUZC
QTE0MkY5RDg5RDQyQjFFNjAwNDM5QkJCOTI0Mjc5NEMyMDQzNTM1ODlBNDJC
NjFEQUE0Mzc2NTk4RDQyQkY0OEFFNDMzQUE1ODc0MjlEOTk0MTQyRUVDRjky
NDI3Q0MzNkM0MkIwNjE4QTQyMTU4QjE2NDIyNTAzODk0Mjk3MjE4RDQyNEQ5
NzhFNDI4MjJCRjM0MkIzQTA4NDQyRUI3QUY0NDJCNzFEOTE0MkFDMThBMTQz
RDUyNjk5NDI2RkFBOUE0M0FBNTk4MzQyNkNFQkEwNDM4NENBODA0MkFFRjRB
MzQzOTE5RDg4NDJCMzkyQUM0M0YxOUVBMDQyQTlDN0MyNDJCODEzOTM0MkJF
QTMxQjQyNjRGRDk1NDIwQjVGMTY0M0NCMTg5NjQyMTgzNTBFNDNGQzVBODc0
MkNBRjBFNTQyNjg5RTg4NDJGNDUwRDc0MjRFOTE4RTQyNEFEMDU4NDIwOEM3
QTE0MjgwNDM4NzQzOTZDMzkxNDJBOUY1OEQ0M0NGNDc5NTQyODdENjg2NDNC
MzhCOUM0MjUyRUM2MjQzQkRBRDhGNDI0MDlENzI0MzY5QTU5MjQyREVGQjBD
NDE4Q0M1ODE0MjU4NEQ2RjQxQUVGNDZGNDJDNDFGM0Y0MUIyREU4RDQyNzc0
MDkwNDM1NEYwOUM0MkExMEVCMDQzNzkzMjlDNDI0OEEwOUM0MjBFMkE5QzQy
OTBDOURCNDJENTY5OUU0MjgyOTNCRDQxOTEyODk4NDJCN0NBMEI0MjQ0Mzg4
QzQyREYzQjg5NDIxN0U0OTA0MjU5RDgxMTQzMTY1Qjk0NDIxNERGOUU0MkNG
MzZBMDQyMTY2OEEzNDMyNEM4OEM0MkMyRkM5MDQzQjcwNDg5NDI0RjdDODY0
MzE4OTY5NjQyNEQxNTlGNDM0ODI3OEM0Mjc4ODc5RTQzNkI3MTgyNDJFQzE0
QTU0MzJBNTU4OTQyNDlGREFCNDM1RTM0ODE0MkMzQThCMjQzNUE3RDgzNDIy
NDIwNUI0Mjk1MTI5NjQyNkVERTBDNDNDMzE5OEM0MkFDMTIyMTQzRjJGNzky
NDIxRTYwOEI0M0Q1RTA5MTQyMjAxNzhFNDNFQjc2ODM0MkVDQzQ5MTQzNEUw
Qjc4NDIwRTIzQTM0MzkxQjY4ODQyNzY5OEZDNDFBMDRBOEI0MjE1ODk1QjQy
OTU2NTg4NDI1QUNFNTM0MjRCQkE4RTQyOQ==

--SBD.Boundary.605592468
PROCESS /noc/users/iridburst/exec/irid_300224010734970_upd.pl
Last Run  ----1970-01-01 00:00:00 
MONTH  5 
DATA  xxrecord 2012-03-05 17:00:05 :: $W5M5A,120305,170005,660d0028449ce246,1,DAS 2,,,9.2,315,17.3,-41.1,10.5,41.9,-1.9,10.5,40.9,-2.2,1023.4,0,0,28.6,242,67*5F
 
INSERT
STATION sbdservice
IRID_ID 300224010734970
BODY 
Content-Type: application/x-zip-compressed; name="SBMmessage.sbd"
Content-Disposition: attachment; filename="300224010734970_002495.sbd"
Content-Transfer-Encoding: base64

JFc1TTVBLDEyMDMwNSwxODAwMDUsNjYwZDAwMjg0NDljZTI0NiwxLERBUyAy
LDUwNTMuNTQ0MU4sMTIzLjcxODFXLDYuNywzMTQsMTEuMywtNDEuMSw5LjMs
NDYuMCwtMS44LDkuMyw0NS4wLC0yLjAsMTAyMy45LDAsMCwyOC42LDM2LDc1
KjQyDQoNCiRXNU01QSwxMjAzMDUsMTgwMDA1LDY2MGQwMDI4NDQ5Y2UyNDYs
MixEQVMgMiwxMi42LDEzLjAsMC4yLDAuNCwwLjAxLDU3OSw1ODEsMTU3LDYy
OSwwLDIyOC42LDE0LjI3LDg3NCo2Nw0KDQokVzVNNUEsMTIwMzA1LDE4MDAw
NSw2NjBkMDAyODQ0OWNlMjQ2LDMsN0YwMDc1MDIzQTAwMDA1MzMyMzAzMTMy
MzAzMzMwMzUzMTM3MzQzMDMwMzA1NTVCMDAzMTMyMzAzMzMwMzUzMTM3MzQz
MDJDNTQ0MTQyMzAzMDMwMzAzMDJDMkQzMDM1MzEyRTMxMkMyQzMxMzIyRTM0
MzEyQzM0MkUzMDJDMzMzNjMwMzAyQzM2MzAyQzM2MzAyQzMxMkMzMDMwMzUz
NzMwMkMzMzJFMzQzMjJDMzEyRTMyMzYyQzMxMzAzMjJDMzAyQzMwMkUzMTM1
MzIyQzJCMzAzMDJFMzAwRDBBRTExMEZDRDA1MzczN0YwMDY3MDIzQTAwMDA1
NzMyMzAzMTMyMzAzMzMwMzUzMTM3MzQzMDMwMzBGRjREMDAwMDgwRkI0NDAw
ODA5ODQzMDBFQzI5NDgwMDAwRjA0MjYxNjQ1MjNBQTFCREQwNDAyMTc1MjQz
QjhFMUJCMDNBQTVFQTQzNDFDMDFCRUEzQTlGRjg5MzQxQTc2NkNGNDA0OTky
RTQ0MUZEOTdFNjQxMzUyMERCM0E2MUQ4MEU0MjBCNUM5NjQyRTUzMjUyMzE1
QzIwM0I3OEJENEM3RjA0QTYwMjNBMDAwMDRCNTY0ODIwMzczMjMwMzEzMjMw
MzMzMDM1MzEzNzM0MzAzMDMwNUYwMDAwMDA4RkMyRjUzQzBBRDdBMzNCNUNE
ODBFNDIwQzVDOTY0Mjg0QkE3RjQzN0U1NzlFNDI2NDFGNzQ0MjhCNDJBMDQy
RDlGOTgzNDEzOUE4OTY0MkU4NTZBODQzMzA4QThGNDI0MTIxQUY0M0Q0MTA5
MTQyREIzMDkyNDFFRkExOTE0MkM4RUUzODQyRkUxNTkzNDJFRkE0Mjk0MjUz
NTM5MTQyQjA2NTlENDM4RkQwOTE0MkNDNjI4NzQzMDE1MDhDNDJDMEYzODY0
M0JBMUE5QTQyOUNBQzE2NDNCODcyOUM0MkZDMTE0QjQzNTU3MjlCNDJCQTRD
OEQ0M0EwQTI5MDQyRDRDQ0EwNDNBQTNFOTM0MjU3QkJBQzQzRDE3QzkxNDJE
M0I5QTg0M0Y4RjQ5MzQyOURGRTlCNDJCOUE5OTY0MkM1N0ZDRjQyQ0E2QThD
NDIxRjRGMEE0MzVEM0E5NjQyRDk5NDE0NDM3REIxOUQ0MjgzRTEwQzQxODky
ODk3NDIzMDE0QUM0MzFBQzY5MDQyM0JCRjk5NDMwQkY4OTE0MjU5MDA4QjQz
OTRDRThDNDIzOEMwOTA0Mzc3Q0E5MTQyODlDNzlGNDNGQzYxOUI0MkMxQjY4
OTQyQjA1RTk5NDI0RDFBMjQ0MzZFNTQ5RjQyNTAzRTg0NDNBRjU2OTY0Mjg0
Mzc3ODQzRDNGMTlFNDI1MEI4REM0MjhDQjA5NTQyNUZDNEVFNDJBMzI4OEM0
MkMwMEMzMjQzMTQwRDg2NDJEMjQyMEM0MzY2QjE4ODQyMjQ1N0Y2NDJBQ0I3
ODg0MjQ2N0ZFQjQyMEI2NjhGNDI2ODc2QTc0MjBGQTU5MzQyNTgxRDQwNDJF
MDU0ODY0MjhCREMyNTQyMDgxMTg5NDJEREFGOTY0MkY1NTA5MzQyMTUxNEU2
NDI2OUMwODQ0MjlCOTdGRDQyRkQ0NzdENDJGOEJBQUE0MjNFOTg4RDQyRDI3
MTYxNDIzOTIxODU0MjAyOTE5ODQyOTdFODhDNDJGOTgyRTc0MkQwODc5MDQy
MkQ1MUY0NDI3Qzc3ODU0MjYzNDUwMjQzNjk2MDdENDJBRTEwMTI0MzBEOEU4
MTQyNDMxODE2NDNBRjlFODI0MkY2OEUwRTQzQkQ2QzhBNDIxQjdFQTA0MjFC
MTA5NDQyRDk0NTlBNDI5MzdCOTc0MjA5QjAxQTQzRTUxQjg3NDI4RDVDMTg0
M0IyNEM4MjQyNjBCNzA3NDMwMEFDODk0MkVEMDZEOTQyMDcwQjkwNDIzQUFC
MDU0M0I3QzA5MDQyOUUzQjJCNDNFMjg4OEM0MkQ2MUE0MzQzOUY4NDhCNDJF
QUY0NDQ0M0I4NDg4OTQyODY2ODMyNDMyNjQ0OEM0MkQ5NUEyRTQzM0U5MDk5
NDIxRUFDOEU0MzBFREQ5ODQyMDI3Qjk0NDM4RjMwOEY0MjdGNjlBMjQzRTc2
Mjg4NDIxQTFBQUM0M0M4NDA4RDQyQzRGNDg3NDI1QThBOUE0MkEyQTdDNDQy
NzYxMDhENDI2RERGQjk0MkU1Mzc4NzQyNg==

--SBD.Boundary.605592468
PROCESS /noc/users/iridburst/exec/irid_300224010734970_upd.pl
Last Run  ----1970-01-01 00:00:00 
MONTH  5 
DATA  xxrecord 2012-03-05 18:00:05 :: $W5M5A,120305,180005,660d0028449ce246,1,DAS 2,5053.5441N,123.7181W,6.7,314,11.3,-41.1,9.3,46.0,-1.8,9.3,45.0,-2.0,1023.9,0,0,28.6,36,75*42
 
INSERT
STATION sbdservice
IRID_ID 300224010734970
BODY 
Content-Type: application/x-zip-compressed; name="SBMmessage.sbd"
Content-Disposition: attachment; filename="300224010734970_002496.sbd"
Content-Transfer-Encoding: base64

JFc1TTVBLDEyMDMwNSwxOTAwMDUsNjYwZDAwMjg0NDljZTI0NiwxLERBUyAy
LCwsNS43LDMxMCw5LjMsLTQxLjEsOC4yLDUxLjcsLTEuMSw4LjMsNTAuOCwt
MS4zLDEwMjQuNCwwLDAsMjguNiwyMjgsNzIqNjkNCg0KJFc1TTVBLDEyMDMw
NSwxOTAwMDUsNjYwZDAwMjg0NDljZTI0NiwyLERBUyAyLDEyLjcsMTMuMSww
LjIsMC40LDAuMDEsNTc5LDU4MSwxNTcsNjI4LDAsMjI4LjYsMTIuNzEsODc0
KjYyDQoNCiRXNU01QSwxMjAzMDUsMTkwMDA1LDY2MGQwMDI4NDQ5Y2UyNDYs
Myw3RjAwNzUwMjNBMDAwMDUzMzIzMDMxMzIzMDMzMzAzNTMxMzgzNDMwMzAz
MDU1NUIwMDMxMzIzMDMzMzAzNTMxMzgzNDMwMkM1NDQxNDIzMDMwMzAzMDMw
MkMyRDMwMzUzMTJFMzEyQzJDMzEzMjJFMzQzNzJDMzQyRTMwMkMzMzM2MzAz
MDJDMzYzMDJDMzYzMDJDMzEyQzMwMzAzNTM3MzAyQzMzMkUzNDMyMkMzMTJF
MzIzNjJDMzEzMDMzMkMzMDJDMzAyRTMxMzUzMTJDMkIzMDMwMkUzMDBEMEFF
ODEwMTJCN0U1NEI3RjAwNjcwMjNBMDAwMDU3MzIzMDMxMzIzMDMzMzAzNTMx
MzgzNDMwMzAzMEZGNEQwMDAwODBGQjQ0MDA4MDk4NDMwMEIwMzM0ODAwMDAw
NzQzQzIyNDRDM0FBRjQ5QkY0MEE4MDgxNDNCNTREN0E2M0E5QzkwMUI0MTgy
NDRERjNBRkU5ODVDNDEyNTYxRDY0MDQ5OTJFNDQxM0M0Q0Q5NDFCN0QyREUz
QTc2MkU2NDQzNUVGRDhGNDI5QUY3M0UzMTM4MUZFMzMyNzEyQzdGMDQ4MjAy
M0EwMDAwNEI1NjQ4MjAzNzMyMzAzMTMyMzAzMzMwMzUzMTM4MzQzMDMwMzA1
QzAwMDAwMDhGQzJGNTNDMEFEN0EzM0I3QjJFNjQ0MzVERkQ4RjQyMzY1Qzg0
NDM4REIyOEU0MjlBMEQ3MzQzNTlENjkxNDJFRTFGNjk0M0FERkQ5NDQyRTA2
NEE1NDMwRTFBOTU0MjJBQTkxNDQzRjVCNjlDNDIzNzk3MjA0MzdDRTc4MzQy
RkMyMjIwNDM3QzYxODM0MjU4RTBDRjQyRDYwMDkzNDJBRTIyNzg0MjJFNDc4
MzQyQ0Y4NDgyNDJEMEJEN0E0MkE3OThBMTQyRDk1QjgyNDJDREY5QUY0MkYy
MjU3ODQyRjdGOUFENDI3MERBN0M0MjBDOEQ1RjQyQjhGMjhDNDI3Q0FBM0E0
Mjg4MDE5NDQyNDdDNkZENDI5MDM2OTU0MkZCMjVFRjQyRjY0MzkwNDI5NkJB
RTA0MjREOEE4QTQyMUQwM0RCNDI3MTVDODQ0MkJFNzFDNDQyMzExQThENDJB
OEI0MDU0MzU2RDA5NzQyOTBEOEVFNDJFNEY0OTc0MkVDQjBBRjQyRThEMzhC
NDI0NzIxOTA0MjhGQjA4ODQyOTFGMDNGNDI5NDcwOEM0MkE0NUYzNzQyNTQx
MDk4NDI1NUY4MEE0MjAxRTM5NzQyREJGQUNENDBCRDAyOTY0MjBBMEFFMzQw
MDE2MjlDNDI3QURBQ0I0Mjc1NjA5QTQyMTdCRDYxNDI1N0ZDOTc0MjhERTJC
MzQzMkE4ODhGNDI2NDY1QTk0M0Q3NDI4MTQyMTVGRkIzNDM5MjI2ODc0MjBF
QTY4RTQxRjEyNjlDNDI5NzdCM0M0M0U0NTM5MDQyNjZFNTMyNDMwODgyN0M0
MjBFOTkyMjQzNTNDMjcwNDIwQkQ3MjI0MzA1NDQ3NTQyMzdCOTMzNDMzQkU0
ODQ0MjcxM0I1MzQzNzc2RDk3NDI1MzE0OTY0MzgwODI5NjQyNDc5MjA1NDNB
RDYyQTA0MjExNTkzMzQzQTU2QjhENDJGNTcxNDM0M0Q2Njg5OTQyM0I5NEM3
NDFFNkZEOTA0MjgwNDYyODQyOUJBODhDNDJEOUJENzY0MkFGNDY5QjQyOEVE
MDk1NDNFRDU4OTY0MkJBNjc5QjQzM0EyNTkyNDIzNTFGOTk0MzRGRDc5MDQy
OEFCOTlFNDNBQkJDOTU0MkNBMjQ3MjQxQjZFRDk0NDJGRkRFNDY0MjY3QzY5
MzQyMjBGNEFFNDI5MTk5OEY0MjQyMkNDMTQyNkU4ODg2NDJEOTI5Rjk0MkYy
NkU4MzQyMTEwNTE0NDMyMzU2ODg0MkI0Qzk0QjQzQjE1QzkyNDIxODhDNDc0
MzAzQzk4RjQyMTc1MzJENDNCM0JFOUI0Mjc1RUJGMDNGOEZGQzkxNDI2REJE
QUI0M0I3NkU5MjQyQUUxMzMxNDM4RTZGOUU0MjU0OEUyQjQzMUJGNzlFNDI4
NkNBOUM0M0VDNDU5NzQyRTQ2OTZENDM0NEU2OTY0MjM3NkMzRTQzNDQzQzg3
NDI1NTVGMzM0MzExRUY4NzQyOTQxNDBCNDNEMzBDOEM0MjIwNjdGMjQyQjdC
Mjc0NDI0RDZBRjg0MjgzRTg1MDQyREI0Ng==

--SBD.Boundary.605592468
PROCESS /noc/users/iridburst/exec/irid_300224010734970_upd.pl
Last Run  ----1970-01-01 00:00:00 
MONTH  5 
DATA  xxrecord 2012-03-05 19:00:05 :: $W5M5A,120305,190005,660d0028449ce246,1,DAS 2,,,5.7,310,9.3,-41.1,8.2,51.7,-1.1,8.3,50.8,-1.3,1024.4,0,0,28.6,228,72*69
 
INSERT
STATION sbdservice
IRID_ID 300224010734970
BODY 
Content-Type: application/x-zip-compressed; name="SBMmessage.sbd"
Content-Disposition: attachment; filename="300224010734970_002497.sbd"
Content-Transfer-Encoding: base64

JFc1TTVBLDEyMDMwNSwyMDAwMDUsNjYwZDAwMjg0NDljZTI0NiwxLERBUyAy
LDUwNTMuNTQzMk4sMTIzLjcyMTdXLDYuNCwzMTksMTIuNSwtNDEuMSw3LjUs
NTYuNCwtMC42LDcuNSw1NS41LC0wLjgsMTAyNC43LDAsMCwyOC42LDI1Niw3
Mio3NA0KDQokVzVNNUEsMTIwMzA1LDIwMDAwNSw2NjBkMDAyODQ0OWNlMjQ2
LDIsREFTIDIsMTIuNiwxMy4wLDAuMiwwLjQsMC4wMSw1NzksNTgxLDE1Nyw2
MjksMCwyMjguNiwxMS45Myw4NzUqNjcNCg0KJFc1TTVBLDEyMDMwNSwyMDAw
MDUsNjYwZDAwMjg0NDljZTI0NiwzLDdGMDA3NTAyM0EwMDAwNTMzMjMwMzEz
MjMwMzMzMDM1MzEzOTM0MzAzMDMwNTU1QjAwMzEzMjMwMzMzMDM1MzEzOTM0
MzAyQzU0NDE0MjMwMzAzMDMwMzAyQzJEMzAzNTMxMkUzMTJDMkMzMTMyMkUz
NDMzMkMzNDJFMzAyQzMzMzYzMDMwMkMzNjMwMkMzNjMwMkMzMTJDMzAzMDM1
MzczMDJDMzMyRTM0MzIyQzMxMkUzMjM2MkMzMTMwMzQyQzMwMkMzMDJFMzEz
NTMxMkMyQjMwMzAyRTMwMEQwQUU2MTAwMjk5NDI2MzdGMDA2NzAyM0EwMDAw
NTczMjMwMzEzMjMwMzMzMDM1MzEzOTM0MzAzMDMwRkY0RDAwMDA4MEZCNDQw
MDgwOTg0MzAwNzQzRDQ4MDAwMDA2NDMwRTE0NDgzQUFBMzZDMDQwREU0QjJG
M0JDMEIwQTQzQTNFQ0MxQTQxMkZDMEYwM0ExRUMyODE0MTdDQjRDRDQwNDk5
MkU0NDFBMkEwREI0MTE3OERDQjNBMkE5ODdGNDNBQ0E5OEY0MjMxNzQzMzMx
MjQxRUE1OTJBMDg3N0YwNDgyMDIzQTAwMDA0QjU2NDgyMDM3MzIzMDMxMzIz
MDMzMzAzNTMxMzkzNDMwMzAzMDVDMDAwMDAwOEZDMkY1M0MwQUQ3QTMzQjMw
OTg3RjQzQUJBOThGNDJCOTRGNkI0M0E1ODY4MzQyMEJGNDZGNDM0NzNBOEE0
MjNGMTM3QjQzNzk4Mjk1NDJDQ0Q2QTc0M0NENUU5RDQyM0Q3MDJDNDJGNDUz
OTU0MjZGQ0UzMzQyREFEQjk3NDI2ODFFOTM0Mjg0RUE5RTQyRUFCMTdGNDM1
ODE0OEQ0MjBCMDM4MzQzNkU0Mjg1NDI3Nzc2Njk0M0M0Nzk5RjQyQjRFRTgw
NDIxMjEwOUQ0MjA2MUI5QTQzRkQ1NDk3NDI2NUU5ODk0M0ZBMDU4RjQyNkND
QzczNDMxNDU0ODQ0MjdGQjA2MTQzQTQ4QzgwNDI2QzBFNTQ0M0I1OUI3QjQy
RThEMzQwNDNCM0YzODg0Mjc4NDgyNjQzOUY1NDhCNDJCRkREMkY0MzRBQzY4
QTQyNjlCODU1NDM1RUU4OEY0MjQxMEE5NDQzQUU4MzlBNDIwMzAyQzg0MTRB
RDI4RTQyRDc2QTg3NDJCMzgxOTQ0MjhFREM3NDQzOTZGNjk5NDI4MzRBODE0
MzFBRjg3NTQyQzA0Qzc2NDNGRTk1ODU0MkQ3QTc1RDQzQTU2Mjk0NDI3QTk1
NTY0M0Y0MTg5NzQyOTZBMjQ2NDNGQjU3OTk0MjVBN0Q0QjQzMzc4NTlDNDI4
MUNEQkM0Mjg3OEM5RDQyQUIxNEEyNDJENDFCOEU0MjlFNzM5MzQyNzE0NTg4
NDJBRkY2QTY0MjU3MDE4QjQyNDJEODE2NDM3N0EwOEI0MkJFREUzMTQzQ0Qx
MTgxNDJDNjRBMkM0MzdFMjY3NDQyNDMxRjE1NDM4M0REODU0MjEyNjBGQTQy
QzhGQzk1NDJCNzJFMzU0M0Q3NjA5RDQyNDFCNjZBNDMzQzI4OTg0MjIyRDk3
RDQzMjNBMDk1NDJBREJENUU0MzQ2RTU5MzQyRkUzMjM1NDM5RjY2OTY0Mjk1
QUU3ODQyRjc1RTkyNDJBQkU4OTk0Mjk3QTM5MDQyQ0M2OURGNDJDMjUyOTc0
MkQ1Q0E0RjQzOTIwRTk1NDJGNjVENkY0MzFEQTY4RTQyMzdDN0FFNDM2MUEw
ODg0MjBBNUY4ODQwMUZEMjcyNDI1MTZBQUU0MzgwQ0Y4NDQyMjkwQ0JGM0Y0
QUU4ODU0Mjk0MUNFQzQxNTQ2MzdCNDI4QkJFMzI0MjFERkE4QjQyOEQ4NzI3
NDMyRDI0OTQ0Mjk2NDU1NzQzMjlGQzkyNDIxODEyOTU0M0RFMUU4QjQyRTJD
NTkzNDNGODhDOTU0MkVERjYxMTQzNzI0RThFNDI1QUM3MEI0MzkxODE2QjQy
RkQzRjFBNDM3ODA0ODU0MkNBQTYyMTQzNTJGQTlBNDIxMjQyMTg0MzUyRUM5
QzQyMTc1MjQ0NDM0MkQzOTY0MjA2OUMyMzQzOEQ4Qzk1NDI4MTNBRUQ0MjIz
QTA4NjQyMzYyNEVBNDJCNjM4OEE0MkM5NUMzMjQzMzVCMjk5NDIwNUFFOTg0
MjA1NzM5QTQyQzRGMjI4NDIyMkE1OEM0Mg==

--SBD.Boundary.605592468
PROCESS /noc/users/iridburst/exec/irid_300224010734970_upd.pl
Last Run  ----1970-01-01 00:00:00 
MONTH  5 
DATA  xxrecord 2012-03-05 20:00:05 :: $W5M5A,120305,200005,660d0028449ce246,1,DAS 2,5053.5432N,123.7217W,6.4,319,12.5,-41.1,7.5,56.4,-0.6,7.5,55.5,-0.8,1024.7,0,0,28.6,256,72*74
 
INSERT
STATION sbdservice
IRID_ID 300224010734970
BODY 
Content-Type: application/x-zip-compressed; name="SBMmessage.sbd"
Content-Disposition: attachment; filename="300224010734970_002498.sbd"
Content-Transfer-Encoding: base64

JFc1TTVBLDEyMDMwNSwyMTAwMDUsNjYwZDAwMjg0NDljZTI0NiwxLERBUyAy
LCwsNi41LDMyNCwxMy4wLC00MS4xLDYuNiw2MC4wLC0wLjYsNi42LDU5LjEs
LTAuOCwxMDI1LjAsMCwwLDI4LjYsODgsNzUqNkUNCg0KJFc1TTVBLDEyMDMw
NSwyMTAwMDUsNjYwZDAwMjg0NDljZTI0NiwyLERBUyAyLDEyLjYsMTMuMSww
LjIsMC41LDAuMDEsNTc5LDU4MSwxNTcsNjI5LDAsMjI4LjUsMTEuMTQsODc1
KjZBDQoNCiRXNU01QSwxMjAzMDUsMjEwMDA1LDY2MGQwMDI4NDQ5Y2UyNDYs
Myw3RjAwNzUwMjNBMDAwMDUzMzIzMDMxMzIzMDMzMzAzNTMyMzAzNDMwMzAz
MDU1NUIwMDMxMzIzMDMzMzAzNTMyMzAzNDMwMkM1NDQxNDIzMDMwMzAzMDMw
MkMyRDMwMzUzMTJFMzEyQzJDMzEzMjJFMzQzOTJDMzQyRTMwMkMzMzM2MzAz
MDJDMzYzMDJDMzYzMDJDMzEyQzMwMzAzNTM3MzAyQzMzMkUzNDMyMkMzMTJF
MzIzNjJDMzEzMDM1MkMzMDJDMzAyRTMxMzUzMTJDMkIzMDMwMkUzMDBEMEFF
NTEwMTM3M0NBQUQ3RjAwNjcwMjNBMDAwMDU3MzIzMDMxMzIzMDMzMzAzNTMy
MzAzNDMwMzAzMEZGNEQwMDAwODBGQjQ0MDA4MDk4NDMwMDM4NDc0ODAwMDAw
NjQzRUMyMjJEM0FEMDQyQkE0MDY4MDkwODNCRDJEQzhDM0E1MTUzMUE0MTQ0
QzFDOTNBNzEwQTgyNDE2RUM3QzI0MDQ5OTJFNDQxRTdCN0UyNDE3MDg0Qjcz
QTAwMEVCMDQyNTE1ODk1NDJFOTQ4MTgzMTNCMUQwRDgxODZFMjdGMDRCRTAy
M0EwMDAwNEI1NjQ4MjAzNzMyMzAzMTMyMzAzMzMwMzUzMjMwMzQzMDMwMzA2
MTAwMDAwMDhGQzJGNTNDMEFEN0EzM0JGRDBEQjA0MjRENTg5NTQyNkZFNTAz
NDI4MzREOTU0Mjg2M0I4NzQyQzU2OTk2NDJFQ0FGMDk0MzQwMzE5ODQyQTgz
MzM2NDNDQjRCOEU0MkEyQkExQTQzRTIxNThDNDJFQUJDMzE0MzlDNDU5ODQy
OTJCNUFFNDMyQzJEOTg0MkY5QkJFQzQxRjdDQzkyNDI0QzFFQUY0Mzk5OUI5
QTQyMzMxRDk5NDNFOEYwOUE0MkYwNkYzOTQzNDc2QTk3NDI5QjlGM0Q0M0Q5
RkY4RDQyMzE0RDA3NDNDNTM1OUQ0MkE1MjY3NDQyQ0QyODkwNDIzQzQ5QjI0
MzYyMjU5NDQyOURBNTlENDNGM0E1OEY0MkRDM0QwQjQyMTM3NDkyNDI1QzRE
NDY0MkFBQkQ4NTQyRjlGOURBNDEyRjRCOTk0MjU1Q0E4NjQzOTc1ODlBNDJD
OTk1QTQ0M0NDMUE5RDQyQjQ2ODQyNDJCQTAxOTI0MjY1NENDMjQyMUVGNzlG
NDI0RTM3NDk0MzJBOTE4QjQyOTdENDE4NDMzRjM5OTA0MjczNTIwRTQzRDBE
Rjk0NDI2QjQ1RUY0MjQ0Q0I5OTQyQ0I3MkFDNDJCRTVBOEU0MkJDQzZFNjQy
MEY4MDk5NDJCREUxNzc0M0E2QzA5MzQyNDREMThENDMyRUEwOEY0MjZDNjc4
NjQzMjZGNThDNDI3RTUyOEU0M0U5RjI4RjQyMDUyRDlCNDM4NDQ2OTU0MjE1
N0NBRTQyRjg4MzlFNDI2QUQwNEY0Mjc2OTE5OTQyNTFGNTM5NDNCQkMzOUE0
MkU5NTAzMzQzNUM4QThCNDIwNTdGMEY0M0FGMjg4QjQyNEM3MzA5NDMzMDZD
OEU0MjREMzM2OTQzQzY4QTk4NDIyRUMwODE0MzZFRkU4QjQyMkNEMTcyNDM5
OEI2OTU0MjM5RTBBQTQzOTIwNzlENDIzNUIxMzMzRjJCQzg5NjQyMjg2OEFG
NDMyOENFOTc0MkJGNUNBRjQzOTMxNTk5NDI3REJCRkQ0MTNENTk5ODQyRDZF
MzkxNDM3NTAyOUY0MkNFRDM4MjQzNTAwQTk2NDIzM0Y5NUI0MzYyNjU5NjQy
NjIwMzAwNDMzOEE1OTM0MjdCNTBFQzQyQTFGRjhBNDI1MzhGRUY0Mjg5MjQ5
QTQyQkYyMkE4NDM0QkYwOEI0MkUxNkVBQTQzNTMwQjhDNDJDMEMyQjE0MkUz
RjE5QjQyQTc2NTgzNDI0MjU5OEY0MjY4MjQxNTQyOUFEQjhBNDIxMEJDQTg0
MzVDNTA5RjQyQUI4RTM4NDMzQkVEOTQ0MkNGMTEwODQzRTM3NDk1NDJFOTI1
MUQ0MzgxMjVBMDQyOTI1ODg5NDNBOTE3OTE0MjlDNDk4NjQzQjMwODhFNDI3
MDYzNzg0MzZGQkM4OTQyQjJCRTc1NDNERDMxODQ0MkY2M0Y4MTQzRDYzQzg5
NDI0NUVDQUE0MzkzNkI5RDQyNDk0RDRGNDI2ODExOTc0MkE0QUFDRTQwOUM1
QTlCNDI3NkVFODA0MzBCNTU5NjQyRjdERQ==

--SBD.Boundary.605592468
PROCESS /noc/users/iridburst/exec/irid_300224010734970_upd.pl
Last Run  ----1970-01-01 00:00:00 
MONTH  5 
DATA  xxrecord 2012-03-05 21:00:05 :: $W5M5A,120305,210005,660d0028449ce246,1,DAS 2,,,6.5,324,13.0,-41.1,6.6,60.0,-0.6,6.6,59.1,-0.8,1025.0,0,0,28.6,88,75*6E
 
INSERT
STATION sbdservice
IRID_ID 300224010734970
BODY 
Content-Type: application/x-zip-compressed; name="SBMmessage.sbd"
Content-Disposition: attachment; filename="300224010734970_002499.sbd"
Content-Transfer-Encoding: base64

JFc1TTVBLDEyMDMwNSwyMjAwMDUsNjYwZDAwMjg0NDljZTI0NiwxLERBUyAy
LDUwNTMuNTQzNU4sMTIzLjcxNzVXLDUuNSwzMTEsMTEuNCwtNDEuMSw2LjAs
NjMuNSwtMC40LDYuMCw2Mi42LC0wLjYsMTAyNS40LDAsMCwyOC42LDg4LDcy
KjQxDQoNCiRXNU01QSwxMjAzMDUsMjIwMDA1LDY2MGQwMDI4NDQ5Y2UyNDYs
MixEQVMgMiwxMi42LDEzLjAsMC4yLDAuNCwwLjAxLDU3OSw1ODEsMTU3LDYy
OSwwLDIyOC41LDEwLjM2LDg3NSo2OA0KDQokVzVNNUEsMTIwMzA1LDIyMDAw
NSw2NjBkMDAyODQ0OWNlMjQ2LDMsN0YwMDc1MDIzQTAwMDA1MzMyMzAzMTMy
MzAzMzMwMzUzMjMxMzQzMDMwMzA1NTVCMDAzMTMyMzAzMzMwMzUzMjMxMzQz
MDJDNTQ0MTQyMzAzMDMwMzAzMDJDMkQzMDM1MzEyRTMxMkMyQzMxMzIyRTM0
MzYyQzM0MkUzMDJDMzMzNjMwMzAyQzM2MzAyQzM2MzAyQzMxMkMzMDMwMzUz
NzMwMkMzMzJFMzQzMjJDMzEyRTMyMzYyQzMxMzAzNjJDMzAyQzMwMkUzMTM1
MzIyQzJCMzAzMDJFMzAwRDBBRTUxMDI3NDM4MTI5N0YwMDY3MDIzQTAwMDA1
NzMyMzAzMTMyMzAzMzMwMzUzMjMxMzQzMDMwMzBGRjREMDAwMDgwRkI0NDAw
ODA5ODQzMDBGQzUwNDgwMDAwRDQ0MjkxQ0Q3NjNBQjZFOEYxNDBFMkFCNTYz
QjEwMzVDRDNBRTJFRjU5NDFGQjBDMEYzQkRCOEFBQTQxNENFM0YyNDA0OTky
RTQ0MUQ0MUNFNzQxRTU5QzAxM0IyRUM2QUY0MjYzQTU4RjQyMDc1NTUyMzEz
NjIyRkU2REQwMjQ3RjA0MjIwMjNBMDAwMDRCNTY0ODIwMzczMjMwMzEzMjMw
MzMzMDM1MzIzMTM0MzAzMDMwNTQwMDAwMDA4RkMyRjUzQzBBRDdBMzNCMkND
NkFGNDI2MEE1OEY0MjI3Q0E5OTQyMDVDRDhBNDJFRDMzQTI0MjBBQzI4RTQy
QkZCREQ4NDJCRTU3OUU0Mjg4QkVBMDQyNEJCRTlGNDJBOEQ5OEQ0MjBFRkI5
MjQyQTVGNDZFNDI2QzE5OTA0MjJDN0QzOTQyNTgxRDgzNDIxODYxNUU0MkY1
RTI3MzQyRTA3NkFGNDJBQjgwN0Q0MjZGRDVGRjQyMTg5Qzc3NDIyMkIwMjQ0
MzVEMkI3RTQyOEE4RTJDNDNEMEMyN0M0MkU2OTUzMzQzQjBFMzgxNDJDQTE2
NDg0Mzk5OTk4RTQyMDlBNDYwNDM0MURDOTc0MkE2QTJDQjQyRDkyOTlFNDJF
MTlFRTM0MjA2MzA4OTQyRjc2RDE0NDM3RTlDODM0MjY0NEQxRTQzNzQ3Njg4
NDIxQ0E5RDc0MjhFMjk4ODQyQjI3RUM0NDJCNjcxNjc0MkEwMDFFQjQyMDJB
MTY1NDI5MkUyMDE0MzBFQkE4QTQyNjFCMjI1NDNCRTJCQTA0MkY3MjIyOTQz
QTgwQTkxNDIyRjZBRjU0MjlGNTk4MzQyNzA4OEI3NDJDMjdGNkE0MjhENTBB
RTQyNjk2MTZGNDJDNzdFQjE0MkEwQjA4NzQyNEQwODBCNDI4OTA1OTQ0MjQz
QTBEMjQxQzY2NDg1NDIyMUU1MkM0MjI2RjA4RDQyQTFCOTE4NDNBRDEzOTI0
MjdBRDdFNzQyOTY0ODc5NDI3NDA3QTY0MjI4NzY4NzQyRUU4Q0RBNDJGMDg4
OEI0MkY4NjMwNjQzRjcxMjg4NDIxMzk0RDM0MkQ4QUE4RDQyRjc2NzhFNDIx
RTQzODM0MjE2NDRENjQyNzk2Nzg1NDI2Q0Q0MTE0MzNBN0M4ODQyQzhEQkU1
NDJBQ0EzOEY0MjdBMjUxMTQzNDk4MTk1NDIxMUVEMzY0MzQ2Nzc5MzQyNUE3
QTJDNDIwOERFOUY0MjdFMUIwQzQxNEIxMDkwNDIwNUMwNzQ0MkM0Qjg5MjQy
ODZCNEM2NDJFOUZDODM0MkZFNjdFOTQyNUNBNDg2NDI0ODlFMEE0M0U2RDI4
OTQyNDlFOTExNDNDQ0I5ODc0MjhDRUQxRjQzNkU4RTgyNDJENUJBMzI0M0VC
ODM4RjQyREE0NTQ2NDJDRjIwOUE0MkJDQTU5NDQyNDAwMzhDNDJDNDc1RTE0
MkVCQUU4ODQyNTQ3OUY5NDIzMTBDOEE0MkFCNzhCQzQyNTZCNTk5NDIwQTIx
MEU0M0FDRDQ5QzQyOEFBQ0IxNDNGM0FBOTc0MjJDOTJBNjQzOTEzRjg2NDJC
MDIwOTU0MzFEMjQ5MDQyNEQzNTRDNDNGODE0OTA0MjI4RjMwNjQzRkRBMTg5
NDI0MUJEQ0M0MjhCRDM3NTQyMTgxQ0I4NDIzOEI3NzY0Mjg3NTJFOTQyRkY3
NThBNDI1Mjk3MDU0MzA2RTQ4RjQyRkRENTdENDIxMTMxOEE0MkVFODYwOTQy
NEY4Njg1NDJFQzkyOTk0MzNFQ0Y5OTQyNQ==

--SBD.Boundary.605592468
PROCESS /noc/users/iridburst/exec/irid_300224010734970_upd.pl
Last Run  ----1970-01-01 00:00:00 
MONTH  5 
DATA  xxrecord 2012-03-05 22:00:05 :: $W5M5A,120305,220005,660d0028449ce246,1,DAS 2,5053.5435N,123.7175W,5.5,311,11.4,-41.1,6.0,63.5,-0.4,6.0,62.6,-0.6,1025.4,0,0,28.6,88,72*41
 
INSERT
STATION sbdservice
IRID_ID 300224010734970
BODY 
Content-Type: application/x-zip-compressed; name="SBMmessage.sbd"
Content-Disposition: attachment; filename="300224010734970_002500.sbd"
Content-Transfer-Encoding: base64

JFc1TTVBLDEyMDMwNSwyMzAwMDUsNjYwZDAwMjg0NDljZTI0NiwxLERBUyAy
LCwsMy42LDMxMyw3LjMsLTQxLjEsNS4wLDY4LjAsLTAuNCw1LjEsNjcuMywt
MC41LDEwMjUuNiwwLDAsMjguNiw2Myw3Nyo1MA0KDQokVzVNNUEsMTIwMzA1
LDIzMDAwNSw2NjBkMDAyODQ0OWNlMjQ2LDIsREFTIDIsMTIuNiwxMy4xLDAu
MiwwLjQsMC4wMSw1NzksNTgxLDE1Nyw2MjksMCwyMjguNSw5LjU4LDg3Nio1
Qg0KDQokVzVNNUEsMTIwMzA1LDIzMDAwNSw2NjBkMDAyODQ0OWNlMjQ2LDMs
N0YwMDc1MDIzQTAwMDA1MzMyMzAzMTMyMzAzMzMwMzUzMjMyMzQzMDMwMzA1
NTVCMDAzMTMyMzAzMzMwMzUzMjMyMzQzMDJDNTQ0MTQyMzAzMDMwMzAzMDJD
MkQzMDM1MzEyRTMxMkMyQzMxMzIyRTM1MzAyQzM0MkUzMDJDMzMzNjMwMzAy
QzM2MzAyQzM2MzAyQzMxMkMzMDMwMzUzNzMwMkMzMzJFMzQzMjJDMzEyRTMy
MzYyQzMxMzAzNzJDMzAyQzMwMkUzMTM1MzIyQzJCMzAzMDJFMzAwRDBBRTIx
MEU2MENGOEIyN0YwMDY3MDIzQTAwMDA1NzMyMzAzMTMyMzAzMzMwMzUzMjMy
MzQzMDMwMzBGRjREMDAwMDgwRkI0NDAwODA5ODQzMDBDMDVBNDgwMDAwQzI0
MkYzQTk1NzNBREI4MTAwNDE5NEM1MTgzQjU5NjNBRDNBM0MyQzYzNDEyRDgy
RTMzQUUyNDU5OTQxMTM3N0Y5NDA0OTkyRTQ0MTg5OUFFNjQxRDM5OEUzM0Ez
MEJBN0Q0MkZEM0I5OTQyNzA2NzE2MzEyRDIwRjQzMTA2QzI3RjA0NDYwMjNB
MDAwMDRCNTY0ODIwMzczMjMwMzEzMjMwMzMzMDM1MzIzMjM0MzAzMDMwNTcw
MDAwMDA4RkMyRjUzQzBBRDdBMzNCMkFCQTdENDJGQzNCOTk0MjQ4QzFEQTQy
Q0NGODlENDI0QTZGOTk0MjA3MkI5RDQyMEYyODgxNDAyMzBDOTY0MjlCMjc5
RTQzNThGOTk1NDJBREM4QUE0MzAxQjc5QjQyQUNFREVFNDE1MzIyOTI0MjhF
OTk4ODQzQjgxMTk3NDI1NjM1ODQ0M0MxNTY4QTQyQTA0NDdBNDM1NTZDOTE0
MkFDQzc2MjQzNDYwODhCNDJCMkVBNTM0MzIyQzM4NDQyRDdFRTIwNDMxMEY1
OTU0MkMyNDI4RTQyRjRBRDkwNDIwQTUwODQ0Mjk3ODM5OTQyRkM5MjQwNDNF
M0UyOUU0MkI2MkI3NjQzOTYxMTkzNDI2QzJCN0Y0M0M1MUY5MjQyMUY2M0VD
NDAyMEY0QTA0MkY3NThDMzQyNjY1RThFNDIyRDA3QTk0MjYyNjA4QjQyQjM2
OTQxNDJDNUM4OTI0MjEwMDlBRTQzMjZENTlENDJBQkVGMkU0MzRCQTc5QTQy
Q0E0QTE5NDNEQTg4OTM0MkZDODU5QzQzNjE1MDlFNDI0NDBFQUQ0MzE3NEI4
NjQyMEJEQkVGNDFBMkZEN0Y0MkJFM0I4MzQwOUE4MDk3NDI1NkZFNzU0MzRD
RjE4NTQyQTM4RjUzNDNGQUJEODI0Mjk3OTczNjQzMjQyMjdFNDJFRjk2Mzk0
MzYxNzY4MDQyMzA0OTQ1NDMyREM3OEY0MkQ0OTA4ODQzNEM5Nzg1NDIwMTBC
NkM0MzBDQjc4MzQyRUFFNzMxNDM1NEFDOTY0Mjk1MjA4QjQyMkY4Rjk4NDI2
NTgyQTA0Mzc1NDQ5RTQyRjBBNTVCNDM5REI4OEQ0MjFGQTc5NDQzNjY3NzlB
NDIzQzREQTc0M0IyNjY4ODQyNkI0QUFCNDM4MjJEODg0MjlCQTUwRDQyQThE
Mjk2NDIzMzEwM0E0MzQwQjk5NzQyNDA1MDQ3NDNDNTIwOEY0MkEzNzk5NTQy
OTRBQTlBNDJCNEQwNUY0MUJFRjY4QjQyQTY0M0E0NDMxNDcwODg0MkFEQTg5
RjQzNUVGQjkzNDI1RjM2Q0U0MjQyMDM5QTQyRUNBNzlGNDM3RTJEQTE0MkUw
MzU5ODQzQTQ0MzhENDJEMUM4OEQ0M0ZGMkU5NDQyMkE4OTYzNDM2MjdEOTA0
MjI5NTk2RTQzQzM2QTlFNDJFOTI2OTY0MTY0MEY4QzQyOEYyOTk0NDEyNzYz
ODk0MkUxQUMzMTQyNkI3MThENDI3NTFCMjY0MjlDQzg4RjQyQzIzQjk3NDM3
ODUzOUE0Mjk0NzM5ODQzNDM2ODkyNDI3QkVBOUQ0M0FBMjI5NTQyMjIwRjg0
NDM5QTI2OUE0MkVDRUUyMjQxNzEzRDk2NDIzQjBCMUM0MkM3MDM3OTQyRDlG
MDVENDI0NENEOTA0Mjk2NzE1NDQzNTE1RDlBNDJBOTU2MzU0MzBGODQ4RDQy
OTg2QjEwNDNDRTRDODg0MjBGMTgyNDQzNkQyNzlBNDJBQjYyNzY0M0M0RUQ5
MTQyNzMzNDg2NDM3NjUyODU0MkI0N0Q4OA==

--SBD.Boundary.605592468
PROCESS /noc/users/iridburst/exec/irid_300224010734970_upd.pl
Last Run  ----1970-01-01 00:00:00 
MONTH  5 
DATA  xxrecord 2012-03-05 23:00:05 :: $W5M5A,120305,230005,660d0028449ce246,1,DAS 2,,,3.6,313,7.3,-41.1,5.0,68.0,-0.4,5.1,67.3,-0.5,1025.6,0,0,28.6,63,77*50
 
INSERT
STATION sbdservice
IRID_ID 300224010734970
BODY 
Content-Type: application/x-zip-compressed; name="SBMmessage.sbd"
Content-Disposition: attachment; filename="300224010734970_002501.sbd"
Content-Transfer-Encoding: base64

JFc1TTVBLDEyMDMwNiwwMDAwMDUsNjYwZDAwMjg0NDljZTI0NiwxLERBUyAy
LDUwNTMuNTQzNU4sMTIzLjcyMTNXLDQuMSwzMTEsNy40LC00MS4xLDQuNSw3
MS43LC0wLjEsNC41LDcxLjIsLTAuMiwxMDI1LjcsMCwwLDI4LjYsMTM1LDcw
KjQzDQoNCiRXNU01QSwxMjAzMDYsMDAwMDA1LDY2MGQwMDI4NDQ5Y2UyNDYs
MixEQVMgMiwxMi42LDEzLjAsMC4yLDAuNCwwLjAxLDU3OSw1ODEsMTU3LDYy
OSwwLDIyOC41LDkuMTksODczKjU4DQoNCiRXNU01QSwxMjAzMDYsMDAwMDA1
LDY2MGQwMDI4NDQ5Y2UyNDYsMyw3RjAwNzUwMjNBMDAwMDUzMzIzMDMxMzIz
MDMzMzAzNTMyMzMzNDMwMzAzMDU1NUIwMDMxMzIzMDMzMzAzNTMyMzMzNDMw
MkM1NDQxNDIzMDMwMzAzMDMwMkMyRDMwMzUzMTJFMzEyQzJDMzEzMjJFMzQz
NzJDMzQyRTMwMkMzMzM2MzAzMDJDMzYzMDJDMzYzMDJDMzEyQzMwMzAzNTM3
MzAyQzMzMkUzNDMyMkMzMTJFMzIzNjJDMzEzMDM4MkMzMDJDMzAyRTMxMzUz
MjJDMkIzMDMwMkUzMDBEMEFFQTEwOTdDQzAzODQ3RjAwNjcwMjNBMDAwMDU3
MzIzMDMxMzIzMDMzMzAzNTMyMzMzNDMwMzAzMEZGNEQwMDAwODBGQjQ0MDA4
MDk4NDMwMDg0NjQ0ODAwMDBGRTQyRkIxODRFM0E3ODI3QzY0MEM0RkEzNjNC
RTY1REEwM0EwNjhGMjA0MThGMDREMjNBMTIyQjcwNDFFNjgyQzg0MDQ5OTJF
NDQxN0ZBMEU0NDFDMDBGQ0IzQUQyOTQwNjQzQzE5RjhCNDI5NkQ3MzczMTFF
MjA2M0YwMDQ4MzdGMDQ4RTAyM0EwMDAwNEI1NjQ4MjAzNzMyMzAzMTMyMzAz
MzMwMzUzMjMzMzQzMDMwMzA1RDAwMDAwMDhGQzJGNTNDMEFEN0EzM0JEMDk0
MDY0M0JBOUY4QjQyQzAzRjAwNDM2NjJGOTI0MkIyRDkwMjQzRjE3OTg5NDIw
MTVGRUY0MjkzQzM3QjQyN0U0MURFNDI5MEJEODg0MkU0REUzQjQzMEQwNzhE
NDJCQTgxMjA0MzZGODk4QjQyNTk5OUQ3NDI3NUYyODI0MjRDNDNFODQyMEZC
QTkzNDJCM0FDNDA0M0QzQjg5MDQyRDQwRDQxNDMzNkI4ODQ0MkEwRjEzNDQz
QjRBMjg0NDJGQ0ExMTg0MzQyOEY4QjQyOEYzQUMzNDI3Rjk1OTg0MjU1NDdF
RTQyMDlDNjk3NDIzRjdBRTY0MkNGQzM5NDQyQTYxMDc4NDI5MzUyOTI0MjlE
NDcxMTQyRUVEQzkzNDJFMEI1MDE0MzM2OTU5RDQyMjMwMDAwNDM2NEQxOTA0
Mjg2MUJERTQyRTM0NDg0NDJDMzREQkU0MkZBRTA2RTQyMzEwNkFGNDI4Njk4
ODI0MjYzNUFFMTQyNEM5RTk4NDI5MkQyNDA0MzU3QTY4OTQyMUUzMDJBNDM5
QzYxODY0MkYzNjYwRjQzREQ4RTg0NDI4OTE2MEE0MzY2Qzc4MjQyNDRDQTA3
NDNBQTVFOEM0MjdGRjk5RTQyNkVBRDlENDI0NUU4QjE0MzkzMTE5NDQyRDQ5
OUI0NDE3REY2OUU0MjVBMUExNDQzMzVGNDg5NDI5NDMzMTM0M0U1REQ4NzQy
ODNCOTA1NDM0QjY1OEI0MjI2MzAxQTQzRUM5NTkyNDIwNUI3NTU0MzE2QjQ5
NTQyMUZDODU5NDMzQTM1OTA0MjZFNTgzOTQzOThDRTg3NDI4RUZBMkE0MzU2
QzI5MTQyQzE0QkY2NDJEREFCOUE0MjlBOTlFNTQyOEUxRjkzNDJFRUNFRkU0
MjM2QkU5MTQyNDFBMjIxNDMzRjYxOTE0MkQ2NEIwQjQzNEYyNjkyNDJENkJE
MTY0M0MzNTI5QjQyRjQzRDU5NDNENjg2OUE0MjEyQzVBQTQzRDJGMjhFNDIw
N0ZCQjE0MzM1Nzk2RDQyNzY3MTI5NDFDMzJBOEM0Mjc4QkMxQTQzRkFDQzk4
NDI3OEFBMzc0MzdGQkI5MDQyMjJGQTcyNDM3MTAzOTc0MkU4Rjc3RjQyQTQ4
MzlGNDIwMTU5QUU0MjAwNjU4QzQyRTk2NEFDNDI0RUI0OEI0MkRDQzZCQzQy
OTgzRDlENDJBQkEzMDY0MzJGNjE5QzQyODc5NkM0NDIyMEIxOTc0MjJBQThE
QzQyM0NDOThDNDI2NUQxRkM0MjcyNzE3RjQyM0FEQjA1NDM0MDRFODM0MjZD
OTkxNjQzMDA4NzhDNDIwMEY2MUE0M0RDMTM5MzQyRDdERDZENDNFQTdCOTY0
MjVBRkY5NDQzNDlFNTkzNDIyQzE2ODczRTBERjE5NjQyOUQwMjFENDI4REEy
OUY0MjY4RDFEQjQyNzU3RTlFNDIwOEQyRDI0MjU0Q0U4RTQyRUM3QkZFNDIz
OTQ1ODE0Mjk3QjNFQzQyQ0NFRjkxNDJDMQ==

--SBD.Boundary.605592468
PROCESS /noc/users/iridburst/exec/irid_300224010734970_upd.pl
Last Run  ----1970-01-01 00:00:00 
MONTH  5 
DATA  xxrecord 2012-03-06 00:00:05 :: $W5M5A,120306,000005,660d0028449ce246,1,DAS 2,5053.5435N,123.7213W,4.1,311,7.4,-41.1,4.5,71.7,-0.1,4.5,71.2,-0.2,1025.7,0,0,28.6,135,70*43
 
INSERT
STATION sbdservice
IRID_ID 300224010734970
BODY 
Content-Type: application/x-zip-compressed; name="SBMmessage.sbd"
Content-Disposition: attachment; filename="300224010734970_002502.sbd"
Content-Transfer-Encoding: base64

JFc1TTVBLDEyMDMwNiwwMTAwMDUsNjYwZDAwMjg0NDljZTI0NiwxLERBUyAy
LCwsMy45LDMxOCw3LjUsLTQxLjEsMy45LDc1LjgsMC4wLDMuOSw3NS43LDAu
MCwxMDI1LjQsMCwwLDMzLjMsMTkzLDc0KjYyDQoNCiRXNU01QSwxMjAzMDYs
MDEwMDA1LDY2MGQwMDI4NDQ5Y2UyNDYsMixEQVMgMiwxMi43LDEzLjEsMC4y
LDAuMywwLjAxLDU3OSw1ODEsMTU3LDYyOSwwLDIyOC42LDguNDEsODc3KjU1
DQoNCiRXNU01QSwxMjAzMDYsMDEwMDA1LDY2MGQwMDI4NDQ5Y2UyNDYsMyw3
RjAwNzUwMjNBMDAwMDUzMzIzMDMxMzIzMDMzMzAzNjMwMzAzNDMwMzAzMDU1
NUIwMDMxMzIzMDMzMzAzNjMwMzAzNDMwMkM1NDQxNDIzMDMwMzAzMDMwMkMy
RDMwMzUzMTJFMzEyQzJDMzEzMjJFMzUzMjJDMzQyRTMwMkMzMzM2MzAzMDJD
MzYzMDJDMzYzMDJDMzEyQzMwMzAzNTM3MzAyQzMzMkUzNDMyMkMzMTJFMzIz
NjJDMzEzMDM5MkMzMDJDMzAyRTMxMzUzMjJDMkIzMDMwMkUzMDBEMEFFMzEw
RjlBODJGRkE3RjAwNjcwMjNBMDAwMDU3MzIzMDMxMzIzMDMzMzAzNjMwMzAz
NDMwMzAzMEZGNEQwMDAwODBGQjQ0MDAwMDk5NDMwMDAwN0E0NTAwMDBGNjQy
MzA5QzREM0E5QUM4Q0Q0MEIyRTgwRDNCMzFGQ0EzM0E2ODFBMkE0MTA4RkVE
ODNBRUJGQzg5NDE3MDQ5QzY0MDU2NTUwNTQyRUYzM0Y3NDFFQTAzQzkzQTIx
NUQ0MTQzNkU0Nzk0NDIzNDVBMUMzMUE1MUQ3RDhDRjM5QzdGMDQ4RTAyM0Ew
MDAwNEI1NjQ4MjAzNzMyMzAzMTMyMzAzMzMwMzYzMDMwMzQzMDMwMzA1RDAw
MDAwMDhGQzJGNTNDMEFEN0EzM0IyNTVENDE0MzY4NDc5NDQyNjBCNTI2NDNC
NUNGOUY0MjQ4RTM0MzQzNTcxOTk4NDI3Q0VGNUY0M0ExRUU5OTQyRDQwM0RC
NDBFQ0IyOEU0MjQ1RkY5OTQxNDU5NDgwNDIzOEQxN0M0MUEzMEI4NDQyMDdG
MDgwNDE2QzA5OEY0MjVGMEI4QjQyMzc0NzkwNDJCNzQ3QzQ0MkYyMzc4RDQy
ODY3N0Q3NDJBQzg3OTY0MjlGMjQ0QzQzQzlDMjlCNDI3MjBGN0U0MzFFRjg5
MzQyRjE0Njk3NDM0NjA2OUE0Mjc0MTQ1RDQyQThDOTlBNDIzQjY3QTI0MkNF
NjE4QjQyMDE0MkRCNDJCMDE5Nzg0MkNFRDQwODQzMUY5NzY4NDIzQTY5MUY0
MzQyQTg3OTQyNzhDNTFENDNGRThCOTU0Mjk2MzY4NTQyQURFNzkzNDJEODU2
NTY0MkMzMkM5QjQyQjcwNUI1NDFFRUU0OUE0MjQwMUY2RDQyMjM4Qjk0NDIw
MDQ4Mzg0MjY1MTQ4QTQyRDEwNTIzNDJBRUM5NjU0MjcyNUMxQzQyQUU5Rjcy
NDI1QkFCMEI0MkZEQkY4RjQyRUMzREE0NDJGQjFDOTg0MjY0NzAxNjQzNzI3
NjkwNDIzMUY0MUQ0MzJFNEI4OTQyOTJBMzJGNDNBMUI2OEY0MjRFOUE2NDQz
NTBGMTk3NDIyMkEyQTA0M0Y2Nzg5NDQyMDg4QjhCNDM5MTJFNzY0MkI0REE5
MTQzQUI1QzY2NDJFN0NCOEQ0M0E0ODk4QzQyMzM2RTQ4NDM4RjkxOTQ0MkVG
NTE2RDQzRkI3OTk1NDI5OTAxODk0M0QwMzM4RjQyOTAyOTRENDMyODgzOEI0
MjVERDcyQzQzNUNDODdBNDI3OEFBMkM0MzgwMTA4NjQyNjhBRTZDNDM1M0E4
OTg0MjcwRDI3MjQzMkJERTlBNDIwREQ3RTk0Mjg2MURBMDQyQUU0MkIzNDM5
MTYyOTc0MjBCOUNBNjQzRkVBMDkyNDJGOEJGQTI0MzMyNjU5QTQyRDM5QTk4
NDIxMjVGOUI0MjFGMjUwNDQzQkQ2MjkxNDIyMkUzMTk0M0NGNjc4MTQyREJC
NzE0NDNDMTFDODA0MjQzRUEyMTQzRTEwQjg5NDJFNDQwNTY0MzYyQjg5MzQy
NTA2MUEzNDM1NEE2OTc0MjJBRDdBQTQzOUIxQzhENDI2MzUzOEQ0MzUwOTk4
RjQyNjlBRjY0NDM1QUQ2OTQ0MjM3MTExNzQzQjQyRThCNDJGMjNDMTI0MzM0
ODk3NjQyMUZBNDBDNDNGQzNCODY0MjZENzc0QzQyNDQ0QTlBNDIyQTQyQTA0
MTg2Njc5NzQyMTdCMTlENDNGNDYyOUE0MjkxOUE5NjQzNTlDRDkxNDJDNEZB
OEE0MzUyRTU5MDQyQzA1NDZENDM3QTdCOTA0MkVBQTgxQjQzQTg1RjhGNDJG
QzMyQzY0MjJERDQ5MzQyQ0U4NjU4NDI4NjQxOTk0MkFBRTJENjQyQjAyMDk2
NDI3MERDRUU0MkFDREE5NjQyQjcxMDE4NA==

--SBD.Boundary.605592468
PROCESS /noc/users/iridburst/exec/irid_300224010734970_upd.pl
Last Run  ----1970-01-01 00:00:00 
MONTH  5 
DATA  xxrecord 2012-03-06 01:00:05 :: $W5M5A,120306,010005,660d0028449ce246,1,DAS 2,,,3.9,318,7.5,-41.1,3.9,75.8,0.0,3.9,75.7,0.0,1025.4,0,0,33.3,193,74*62
 
INSERT
STATION sbdservice
IRID_ID 300224010734970
BODY 
Content-Type: application/x-zip-compressed; name="SBMmessage.sbd"
Content-Disposition: attachment; filename="300224010734970_002503.sbd"
Content-Transfer-Encoding: base64

JFc1TTVBLDEyMDMwNiwwMjAwMDUsNjYwZDAwMjg0NDljZTI0NiwxLERBUyAy
LDUwNTMuNTQ0M04sMTIzLjcxODdXLDUuNCwzMTksMTEuNywtNDEuMSwzLjQs
NzguOCwwLjEsMy40LDc4LjQsMC4xLDEwMjUuNiwwLDAsMjguNiwxNzksNzMq
NzYNCg0KJFc1TTVBLDEyMDMwNiwwMjAwMDUsNjYwZDAwMjg0NDljZTI0Niwy
LERBUyAyLDEyLjYsMTMuMCwwLjIsMC40LDAuMDEsNTc5LDU4MSwxNTcsNjI5
LDAsMjI4LjUsOC4wMiw4NzgqNUENCg0KJFc1TTVBLDEyMDMwNiwwMjAwMDUs
NjYwZDAwMjg0NDljZTI0NiwzLDdGMDA3NTAyM0EwMDAwNTMzMjMwMzEzMjMw
MzMzMDM2MzAzMTM0MzAzMDMwNTU1QjAwMzEzMjMwMzMzMDM2MzAzMTM0MzAy
QzU0NDE0MjMwMzAzMDMwMzAyQzJEMzAzNTMxMkUzMTJDMkMzMTMyMkUzNDM5
MkMzNDJFMzAyQzMzMzYzMDMwMkMzNjMwMkMzNjMwMkMzMTJDMzAzMDM1Mzcz
MDJDMzMyRTM0MzIyQzMxMkUzMjM2MkMzMTMxMzAyQzMwMkMzMDJFMzEzNTMy
MkMyQjMwMzAyRTMwMEQwQUUyMTAzQkVEOEUzNDdGMDA2NzAyM0EwMDAwNTcz
MjMwMzEzMjMwMzMzMDM2MzAzMTM0MzAzMDMwRkY0RDAwMDA4MEZCNDQwMDAw
OTk0MzAwQzA1QTQ2MDAwMEVBNDIyRjY5NEYzQTgzNkREOTQwRTQ3NzE4M0JB
NDIxQTMzQTc2OUUzQzQxRThBNURCM0E0MjQ2OEE0MTMwNkJFMDQwNDk5MkU0
NDE2Q0Y2RTQ0MThGOUREQjNBRDJEQzMyNDM3RDA3OTI0MjlBQzgwMjMxMDYy
MDAyRTIyNUIwN0YwNDUyMDIzQTAwMDA0QjU2NDgyMDM3MzIzMDMxMzIzMDMz
MzAzNjMwMzEzNDMwMzAzMDU4MDAwMDAwOEZDMkY1M0MwQUQ3QTMzQkQxREMz
MjQzN0QwNzkyNDI5N0U5MUQ0Mzc4OEU5MTQyNDM2OTE3NDNBMkRFOTI0MkUy
RDA0QjQzRDI2Nzk2NDI5MDg2N0I0MzZENjI4QzQyMkVGMzU3NDNGODlDOTc0
MjhBOTMyMjQzQzJBNjhFNDIxQzVFMjk0MzZBRTE4QzQyQkI2RTJDNDNCNDYz
OTk0MjNDODkzMjQzODkzRjkzNDJFQjY3NUU0M0NDRTc5MTQyNkU0MThCNDNE
MkM4OTM0MjNFMjkxRjQzODhFNzk5NDI0RTJCMjY0MzA0RjY4OTQyNzRDQzQy
NDMzNzdDN0M0MjE5RTEzQTQzNTVFNzZDNDI0NzUyMkE0M0IzNkM3MjQyOUU2
MjE1NDNEN0M1OEM0MjAwODkxMTQzMTM5Qzk5NDIyRUVCQTE0M0MxRDk5MzQy
QjVBNDhBNDM1RTdDOUE0MjRCNzk1NDQzNDg2MzlBNDI3OEQ5MTA0MTZCNUU5
MTQyQjBCNDQ3NDIxMDlEODI0MkUyRjJCMDQyMkI1RjhENDJEREQ4RkM0MjFB
NDY4ODQyRUY4M0UwNDJGQkRDNkY0MjkwNkFENTQyNDg1MTYyNDIyQzg5RjI0
MjkxNUY3NjQyMTU5OEVGNDIwOUIzOEY0MjI3QTE2QzQyMEVGQjkzNDI4ODYy
NzY0MjZGODM4ODQyNDlBMzk3NDI0QTEwODk0MjRFNkQxQjQzQzQ0NDkxNDJG
M0E3MjE0MzJBNkI4QjQyNUE4NzFENDMwNzNDODU0MkRGMkYyMzQzOTZCRDdD
NDJERkNBMjg0M0JDMUM4NzQyMDZDNzRFNDNCMjE3OTM0MjY0MjU1QTQzODI3
NDhCNDI1MUFENTc0Mzc0RDc4ODQyODVBMzQ2NDMwRjAzOTQ0MkQxRkMzOTQz
MUE0NEEwNDIyRUM0NUI0MzYyMDg5RTQyNUE5MTFENDNFNUUzOEY0MjE4QkIy
ODQzRjY3RThBNDI4OTkwMUE0MzQ5QkU4RjQyQjg0NEYwNDJBQjU1ODU0Mjk0
QUIwNDQzMjZDNThENDIwRTJENjk0MzFCMUE5QjQyNzQ4OTg5NDM0MTM5OUQ0
MjVFRDRFMzQyRjU1RTlBNDJDREYxMEM0M0NBQjM4RjQyMjYwMTExNDNEMkUy
OEI0MkMyMDkxNDQzODQyNThBNDIxRDA5MjY0MzQwMDA4RTQyRURCMTI1NDM1
OTMyOTA0MkZENTgxNDQzMEU2NTk0NDI5NjJBRTA0MUU1Q0M5ODQyOUExNUIw
NDM5QUFFOEM0MjU0ODBBMDQzMzdEMDg5NDI1QUI5OUI0M0Y4OUE4QzQyNkJB
MTk3NDE5Q0IzOUM0MjRDMzJCNzQyQTRFMjhDNDJFREY5RDE0MjAzQTY5NjQy
OEZBMTc3NDMzMEM5OEY0MkJDMTI4MDQzOEQ2NDhFNDIwQzRBMDQ0MUE5MjY5
NTQyM0ZENUE3NDMwMzU1OTA0MjEwREY4ODQzRTI5QTg2NDI0QzdFNzU0M0VB
NDA4RTQyMkU1Q0ZCNDJBQTIwOUM0Mjc5NQ==

--SBD.Boundary.605592468
PROCESS /noc/users/iridburst/exec/irid_300224010734970_upd.pl
Last Run  ----1970-01-01 00:00:00 
MONTH  5 
DATA  xxrecord 2012-03-06 02:00:05 :: $W5M5A,120306,020005,660d0028449ce246,1,DAS 2,5053.5443N,123.7187W,5.4,319,11.7,-41.1,3.4,78.8,0.1,3.4,78.4,0.1,1025.6,0,0,28.6,179,73*76
 
INSERT
STATION sbdservice
IRID_ID 300224010734970
BODY 
Content-Type: application/x-zip-compressed; name="SBMmessage.sbd"
Content-Disposition: attachment; filename="300224010734970_002504.sbd"
Content-Transfer-Encoding: base64

JFc1TTVBLDEyMDMwNiwwMzAwMDUsNjYwZDAwMjg0NDljZTI0NiwxLERBUyAy
LCwsNC4wLDMxMSw4LjQsLTQxLjEsMi45LDgxLjAsLTAuMSwyLjksODAuNCwt
MC4yLDEwMjUuNSwwLDAsMzMuMywyOTgsNzMqNkUNCg0KJFc1TTVBLDEyMDMw
NiwwMzAwMDUsNjYwZDAwMjg0NDljZTI0NiwyLERBUyAyLDEyLjYsMTMuMSww
LjIsMC44LDAuMDEsNTc5LDU4MSwxNTcsNjI5LDAsMjI4LjYsNy4yMyw4NzUq
NTQNCg0KJFc1TTVBLDEyMDMwNiwwMzAwMDUsNjYwZDAwMjg0NDljZTI0Niwz
LDdGMDA3NTAyM0EwMDAwNTMzMjMwMzEzMjMwMzMzMDM2MzAzMjM0MzAzMDMw
NTU1QjAwMzEzMjMwMzMzMDM2MzAzMjM0MzAyQzU0NDE0MjMwMzAzMDMwMzAy
QzJEMzAzNTMxMkUzMTJDMkMzMTMyMkUzNTMyMkMzNDJFMzAyQzMzMzYzMDMw
MkMzNjMwMkMzNjMwMkMzMTJDMzAzMDM1MzczMDJDMzMyRTM0MzIyQzMxMkUz
MjM2MkMzMTMxMzEyQzMwMkMzMDJFMzEzNTMyMkMyQjMwMzAyRTMwMEQwQURF
MTA0MTc5REFBNDdGMDA2NzAyM0EwMDAwNTczMjMwMzEzMjMwMzMzMDM2MzAz
MjM0MzAzMDMwRkY0RDAwMDA4MEZCNDQwMDAwOTk0MzAwODBCQjQ2MDAwMDA4
NDNDODNDMUQzQUJCMzdCQjQwQzBFQUU1M0EyNkJGODUzQUE0RUUxRjQxQzFF
Q0FEM0FCRDczNUI0MTY0MDRDNTQwNTY1NTA1NDI5MEU4Rjc0MTc5NzlBMTNB
NDNGMjk0NDMwMTFGOTE0MkFCNzlFOTMwRDIxRjVCOTczRjY2N0YwNDhFMDIz
QTAwMDA0QjU2NDgyMDM3MzIzMDMxMzIzMDMzMzAzNjMwMzIzNDMwMzAzMDVE
MDAwMDAwOEZDMkY1M0MwQUQ3QTMzQjQ2RjI5NDQzRkYxRTkxNDIxRTkzQTM0
MzRCNzg5NzQyREU5MUFCNDFBNEFGOTk0MjAyNTMzQjQzQkY0ODk4NDJCNTAx
NTI0M0E0M0E3ODQyN0I1RDVBNDMzOTM3ODQ0MjcwQkI4QTQzQzJCNTlENDI5
MTQ1QUE0MjdCQ0E5OTQyMjA2MkM5NDJEQzk5OTQ0MkNDRTY4RDQyQkRGNzk0
NDI1MEFEODc0MjMyNUM5MzQyQzNCOEEyNDJCNUU2OTU0MjExODI4NzQyQUJC
Qjk4NDJEOTdFNTU0MjA0NTU5NzQyQTA5ODQ2NDNDOTk1ODk0MkMyRUQ1MDQz
RDIyMjg3NDI2MjQxMDQ0M0NERUI5QjQyMDI3NzgwNDI1NTA5OTI0MkNFMUUw
QzQyMzIzRTk5NDJBNDgyNEY0M0Q0RDk5NDQyMzcyMDU0NDM4RjEwOEU0MjBE
MjM0RjQzMDk3Qjk1NDI1MzRBNTg0M0NDOTE4QjQyODA5Rjc3NDM1MENFODc0
MkQ0QTVBMDQzMEYwRDk5NDJCQjZBMTg0MzVGOEM5ODQyNDYxNDI2NDM3QUE1
OEU0MjNDQTJDMzQyOEFBMzlDNDJCQzZGQzQ0MTQ3ODk5MzQyQkFEM0EzNDA5
NjNFOTg0MkFDQzA5NzQzQjFFMzlBNDI0M0IxOUI0M0U4Nzc5OTQyQUVGNDk3
NDNDNkQ1OUM0MjA3RDI4MzQzNEMyRjlCNDI2MEYzNzU0MzBDNTE4RjQyNzk3
MDZGNDNEQzhDODM0MkI4MzQ3OTQzNzUwNTkzNDJFQjI2RjU0Mjg1QUY5NDQy
MEVBMkVGNDJFNTMwODU0Mjc3NDgyQzQzQkE0NjlBNDIzRUM5OUY0Mzc2QTk5
MjQyNzhGOEFENDNERDczODI0MjIwNEVCMjQzNzI5ODg2NDJGRkUxNDc0Mjk4
MjA4RDQyNzFCMjk3NDIyRTg3ODc0MjY0Q0IyOTQyMTJDRDhFNDI0NENCRTQ0
MEQ2OUM4RDQyRTg1NjlCNDM4REYzOTE0MkQxQTI4NTQzMEU2MDhDNDJDQzBD
ODY0MzJFQzI4NzQyMkM1ODg1NDNDRkYwOEU0MjhFQTg2QjQzQUU2ODkyNDJD
REJFM0I0MzE1QkQ4RjQyNTA5MDE4NDNBMDRGODk0MjdFNkMwQjQzREQxNjg2
NDJBQ0UxMTg0M0ZGQTQ4ODQyNDYyRDRBNDNGNEZFODY0MjE5M0I3RDQzRTc5
Njg5NDJERDcyQTM0MzY5QUY5NDQyMEQwOTFCNDI2NTBBOTI0MjVGNTlBQTQy
RTM5NDkyNDIzMEFDMTM0M0ZEMkI5NDQyRjAzNDY0NDMwMkU4OTY0MkQ5REY1
MzQzNTZFNDhGNDI1QTA2NDM0MzlCQUY3NzQyOEQzRjNENDMwMjI5NzU0MkRE
RDMxODQzMzBCRjlBNDJERUE5QTg0MzM1OTY5ODQyQjhFRTgzNDNEQkY5OTQ0
MkI2MDY1NzQzM0Q5QzkzNDJGOTRBMzE0MzRCNDA5RTQyNTFFMDhENDJCMkJG
OTY0MkFFMERCNDQyOTkzNTk5NDJFRUU0OQ==

--SBD.Boundary.605592468
PROCESS /noc/users/iridburst/exec/irid_300224010734970_upd.pl
Last Run  ----1970-01-01 00:00:00 
MONTH  5 
DATA  xxrecord 2012-03-06 03:00:05 :: $W5M5A,120306,030005,660d0028449ce246,1,DAS 2,,,4.0,311,8.4,-41.1,2.9,81.0,-0.1,2.9,80.4,-0.2,1025.5,0,0,33.3,298,73*6E
 
INSERT
STATION sbdservice
IRID_ID 300224010734970
BODY 
Content-Type: application/x-zip-compressed; name="SBMmessage.sbd"
Content-Disposition: attachment; filename="300224010734970_002505.sbd"
Content-Transfer-Encoding: base64

JFc1TTVBLDEyMDMwNiwwNDAwMDUsNjYwZDAwMjg0NDljZTI0NiwxLERBUyAy
LDUwNTMuNTQzMk4sMTIzLjcyMTlXLDQuMCwzMTAsOC4zLC00MS4xLDIuNiw4
Mi4zLC0wLjEsMi43LDgxLjYsLTAuMiwxMDI1LjUsMCwwLDMzLjMsMjYyLDc2
KjRBDQoNCiRXNU01QSwxMjAzMDYsMDQwMDA1LDY2MGQwMDI4NDQ5Y2UyNDYs
MixEQVMgMiwxMi42LDEzLjAsMC4yLDAuNCwwLjAxLDU3OSw1ODEsMTU3LDYy
OSwwLDIyOC41LDcuMjMsODc3KjVGDQoNCiRXNU01QSwxMjAzMDYsMDQwMDA1
LDY2MGQwMDI4NDQ5Y2UyNDYsMyw3RjAwNzUwMjNBMDAwMDUzMzIzMDMxMzIz
MDMzMzAzNjMwMzMzNDMwMzAzMDU1NUIwMDMxMzIzMDMzMzAzNjMwMzMzNDMw
MkM1NDQxNDIzMDMwMzAzMDMwMkMyRDMwMzUzMTJFMzEyQzJDMzEzMjJFMzUz
MDJDMzQyRTMwMkMzMzM2MzAzMDJDMzYzMDJDMzYzMDJDMzEyQzMwMzAzNTM3
MzAyQzMzMkUzNDMyMkMzMTJFMzIzNjJDMzEzMTMyMkMzMDJDMzAyRTMxMzUz
MjJDMkIzMDMwMkUzMDBEMEFERTEwNkJDMjM1MTI3RjAwNjcwMjNBMDAwMDU3
MzIzMDMxMzIzMDMzMzAzNjMwMzMzNDMwMzAzMEZGNEQwMDAwODBGQjQ0MDAw
MDk5NDMwMEQwMDQ0NzAwMDAwQTQzNzk5MDIyM0FGMTIzQkE0MEY3MzgwNTNC
MEZFNDg1M0EzMTdGMUU0MTAwQUVCNTNBMjg1ODcxNDFERkM1QkU0MDU2NTUw
NTQyNEFFNUY4NDE2NEY3QTQzQTFEMTE4MzQzNjlFRjk2NDJGNDY4QzgzMDZF
MURGQzZFQTA3QzdGMDRCRTAyM0EwMDAwNEI1NjQ4MjAzNzMyMzAzMTMyMzAz
MzMwMzYzMDMzMzQzMDMwMzA2MTAwMDAwMDhGQzJGNTNDMEFEN0EzM0IxRjEx
ODM0MzY2RUY5NjQyMzhFRTdDNDMxMUNCOUE0MjQzNDQ5NDQzNTI5ODk5NDI5
MDgyODU0MzY3RDg5OTQyMUFGODcxNDNGNzIzOTE0Mjk2NzI4MjQzOUJBMTk4
NDI0REE5MjE0MzYxMDk5QTQyMDIzMzRBNDM1M0VCOUE0MkQzMzZCMTQzRDgw
RjlENDIxREU4QjA0MkZBRTg4QzQyRkJCOEU2NDI4QUExODI0MkEwMzUwNjQz
NUE2RDg4NDJBN0NEMkU0MzI0ODY3QTQyQUYzODQ0NDM5RTZBNTQ0MkFGM0M1
MTQzMjA5QTc4NDIyQjBCMzA0MURDQjk5QzQyMzUwMTYxNDI4REFCOTE0MkQ0
RkZFQTQyOTUyODk2NDI3ODA4MzQ0MzU5N0E4ODQyQzNFMjVBNDM2OEQ4OTU0
MkQ5NTFCMDQzNjQ2ODgyNDI4M0ZBQUU0M0NGRTg4NTQyQjAyMDdFNDNDQTQy
OTQ0Mjk1NzU2QjQzMEU2NjhENDJGQzgxNUY0MzY3OUE4MjQyNkQ0NjRDNDMy
NTFGODA0MjIzMDIzMjQzRDg0Mzg1NDJGNTIwMUU0Mzc4NTI4NDQyMzMyNTA3
NDM0NEM4OTI0MjI4MTc0NTQyRTAzMTk5NDJGNzc2MzM0MDNEQUM5OTQyNTc0
N0E1NDMxMkE3OTQ0MjJGM0FBQzQzNUY1NzlCNDJCQjJFMEM0MzVBRkQ5MTQy
Q0M5NzIyNDM4RkFDODg0MkExMjIzRTQzNjJEQzgzNDJGRDUzNjE0M0QyNTI4
NzQyQ0ZDRDgzNDNBOTU3OEY0MkQ4NEI5RTQzRjgyRTlENDIyNEU5RUM0Mjk1
MEE5QjQyQTcwOTE3NDNBMEVEOTk0MjcxOEMyQzQzMkU0NDlDNDJEREVENTk0
MzNDRkU5NzQyRTdFQTc2NDM5QTk1ODY0MkMwOTQ3RDQzOTI4NThENDIwNjZF
QjA0MzFBMkE5RjQyRUVFQjVGNDNFMTFBOUY0MkMyNjI2OTQzRDRBNTkwNDJE
RDlCNTY0MzUxRTA5MzQyQ0E5QjI4NDMwQ0IzOUE0MjMxNjE5NjQzRDFFRjky
NDJCRDkzOUU0M0VERTY4MDQyMDNGODlFNDNEMTFEODA0MjhEMkY4NjQzMjhC
NTg5NDI0NTUzNUI0MzkxNUQ4NTQyNzM0MTQ1NDNENjlFOEE0MjY2MDExMjQz
NTQ4NDhCNDJENDc5RjI0MkFDOEI4QjQyRTNEODIzNDJCRjkxOTk0MjI2MTJB
MDQzOUZFOTkzNDI3RDJBQTA0MzlDRkU4QjQyOEY0QkE5NDMzM0U4ODc0Mjky
M0M5QzQzOEQzNzhDNDI2MzM5OEY0MzczOEU4MzQyRDU2MDhCNDNGNjY0OEE0
MkM3QTVCMDQzNjg1QTlENDI0MjFFMTM0MkZDMjk4RjQyRjZGQUIyNDMyMzcw
OTA0MjkzM0Y5MjQzRjlBMzk5NDI0QjRDNjA0M0MzOUQ5ODQyMzI4QTU0NDNE
QkQyOTU0MjdGQkYzRTQzQjY0QjlBNDJCRA==

--SBD.Boundary.605592468
PROCESS /noc/users/iridburst/exec/irid_300224010734970_upd.pl
Last Run  ----1970-01-01 00:00:00 
MONTH  5 
DATA  xxrecord 2012-03-06 04:00:05 :: $W5M5A,120306,040005,660d0028449ce246,1,DAS 2,5053.5432N,123.7219W,4.0,310,8.3,-41.1,2.6,82.3,-0.1,2.7,81.6,-0.2,1025.5,0,0,33.3,262,76*4A
 
INSERT
STATION sbdservice
IRID_ID 300224010734970
BODY 
Content-Type: application/x-zip-compressed; name="SBMmessage.sbd"
Content-Disposition: attachment; filename="300224010734970_002506.sbd"
Content-Transfer-Encoding: base64

JFc1TTVBLDEyMDMwNiwwNTAwMDUsNjYwZDAwMjg0NDljZTI0NiwxLERBUyAy
LCwsMS45LDMyNCw0LjQsLTQxLjEsMi40LDgzLjEsLTAuMiwyLjQsODIuOSwt
MC4yLDEwMjUuNiwwLDAsMjguNiwyMzMsNjUqNkINCg0KJFc1TTVBLDEyMDMw
NiwwNTAwMDUsNjYwZDAwMjg0NDljZTI0NiwyLERBUyAyLDEyLjYsMTMuMSww
LjIsMC4zLDAuMDEsNTc5LDU4MSwxNTcsNjI4LDAsMjI4LjUsNi44NCw4NzUq
NTcNCg0KJFc1TTVBLDEyMDMwNiwwNTAwMDUsNjYwZDAwMjg0NDljZTI0Niwz
LDdGMDA3NTAyM0EwMDAwNTMzMjMwMzEzMjMwMzMzMDM2MzAzNDM0MzAzMDMw
NTU1QjAwMzEzMjMwMzMzMDM2MzAzNDM0MzAyQzU0NDE0MjMwMzAzMDMwMzAy
QzJEMzAzNTMxMkUzMTJDMkMzMTMyMkUzNTM0MkMzNDJFMzAyQzMzMzYzMDMw
MkMzNjMwMkMzNjMwMkMzMTJDMzAzMDM1MzczMDJDMzMyRTM0MzIyQzMxMkUz
MjM2MkMzMTMxMzMyQzMwMkMzMDJFMzEzNTMyMkMyQjMwMzAyRTMwMEQwQUU0
MTA0NTZCQzFGQTdGMDA2NzAyM0EwMDAwNTczMjMwMzEzMjMwMzMzMDM2MzAz
NDM0MzAzMDMwRkY0RDAwMDA4MEZCNDQwMDAwOTk0MzAwRTAyQjQ3MDAwMEFF
NDI3RjgwNDEzQTVEQUIwRjQxRDg4QUY0M0E4NDg4QTAzQTUzMzc4NDQxMTdE
MUQwM0FERTBEQzk0MUYyOTVFOTQwNDk5MkU0NDFFRTYwRjE0MUQ5OUVCMTNB
MjJBRTY4NDNGMTJGODE0MjM5RjNCMjMwQTUyMUE1OEY3NkI2N0YwNDZBMDIz
QTAwMDA0QjU2NDgyMDM3MzIzMDMxMzIzMDMzMzAzNjMwMzQzNDMwMzAzMDVB
MDAwMDAwOEZDMkY1M0MwQUQ3QTMzQjI1QUU2ODQzRjEyRjgxNDJEQUUxNUY0
M0YwNjA2RTQyRTRCOTVCNDM2MkNGNzU0MkFCMDk2QzQzQjU3Rjg0NDJFMzk1
N0Y0Mzc5RkM4MjQyRDgwMzkyNDNFOTI0ODk0MjcwMkVBMDQzNjQ2MDg3NDI2
NDA3OEQ0MzIyNjE5NzQyODVENzhDNDM2NjEzOUE0MkI3MjBBMzQzRjc3RjhF
NDJERUIzOEE0MzM4QjM4OTQyNzczODc0NDM1N0RGODA0MjU0REM2MjQzRTNF
MDhENDJFOUMwMzE0M0VDRDM5MTQyNDYxQjE2NDNEQjVBODY0MjY4MUMxODQz
QjI1Mzg1NDI3NDI0MzY0M0JGNTY5MzQyRERGMDcwNDNGMTAwOTU0MkUwQkM3
QTQzOTkxMDhGNDJBOUI5QTI0MzFDOTU5QTQyNEQwOTUyNDA1NTBCODk0MjBB
NDUxMDQyMzFENDhFNDIwREU0N0Y0MjMxRDQ5MDQyRjg2REFENDMzRDdGOEI0
MkQwMUNBMjQzOUY5NDgxNDJDQTZEOTc0MzQxRTg4QTQyOUFGNDhBNDNBNkYz
ODI0MjEzRkM4RTQzNTI5RjZCNDJDRTk4OTM0MzMxNkQ1RTQyNjBBRDk2NDM4
MjJENkQ0MkU1NTU5NTQzQzc1Njg3NDI2QkI1ODQ0MzU5QUI5QTQyNTM1RDAy
NDNENjgxOTg0MkNFRUJFOTQyMTVEOTkzNDIzQUE4Njk0Mzg0Q0Y5QjQyNTk4
NzZGNDMxRkYxOUU0MjdDNjQwRjQzMkJDQTlFNDIwMTAyNjE0MzA3Q0I5NjQy
NEEwQTZFNDNEM0Y5ODY0MjQ5QjE4MDQzQ0E1RDk1NDI3RjVBMDA0MzMyNkQ5
QzQyREExMDM0NDMzOTA2OEQ0MjVEODg2MDQzNjBGRTg2NDI3QUIwNjg0MzEz
MzE5MDQyQTFEMzUyNDNBOEM1OUI0MkEyMjFDMjQyMkE0MDlDNDI4MjIzRTA0
MjBEREI5MzQyMzI0QzgwNDNCRTFFQTE0MkUxNTJBMzQzMzI3RjkwNDJEQjFG
QTc0MzVBNTc5MTQyMUMyMDhFNDM3NDNGOTQ0MkM4RTg5RjQzMDk3MTk5NDI5
N0RCMkY0MUE4MjE5NzQyMUZBMjdGNDMxMjlCOUE0MkM2ODA3OTQzNzJGRjhD
NDIzNzIxOTI0MzJGOTI5NzQyOUEwRDk0NDNDQ0E4OUI0MjYwMUU4MDQzMkZD
RDhFNDIyOEY5Nzk0MzE4NjI5QTQyNjRCQTlFNDJGNTA2OEY0MjkxN0E0RTQy
MUJFNDhDNDI4OEQ4MkI0MjE2ODM4ODQyMEU5MDlFNDJFRTRFODM0MjZEMDFC
ODQyQjgyOTkwNDIzNDQwMkQ0MURBODc5OTQyMDMyNjhCNDNEMDg0OTg0MkE4
NDA3MTQzOTY3NDg1NDJDQjg0NkU0M0JENTc4NTQyQkE4MzQ0NDNEOUI1ODc0
MjJFNzEzRjQzNkFDMDg4NDI5MTE4NTc0M0E2ODg5NTQyRUVGQzlBNDM4Q0Ey
OUI0MjYxMzM5QjQzM0U0RDk4NDJDQTNCOA==

--SBD.Boundary.605592468
PROCESS /noc/users/iridburst/exec/irid_300224010734970_upd.pl
Last Run  ----1970-01-01 00:00:00 
MONTH  5 
DATA  xxrecord 2012-03-06 05:00:05 :: $W5M5A,120306,050005,660d0028449ce246,1,DAS 2,,,1.9,324,4.4,-41.1,2.4,83.1,-0.2,2.4,82.9,-0.2,1025.6,0,0,28.6,233,65*6B
 
INSERT
STATION sbdservice
IRID_ID 300224010734970
BODY 
Content-Type: application/x-zip-compressed; name="SBMmessage.sbd"
Content-Disposition: attachment; filename="300224010734970_002507.sbd"
Content-Transfer-Encoding: base64

JFc1TTVBLDEyMDMwNiwwNjAwMDUsNjYwZDAwMjg0NDljZTI0NiwxLERBUyAy
LDUwNTMuNTQzOE4sMTIzLjcxODZXLDMuMiwzMDMsNS42LC00MS4xLDIuMyw4
My45LC0wLjIsMi4zLDgzLjEsLTAuMywxMDI1LjUsMCwwLDI4LjYsMTMxLDcz
KjRBDQoNCiRXNU01QSwxMjAzMDYsMDYwMDA1LDY2MGQwMDI4NDQ5Y2UyNDYs
MixEQVMgMiwxMi42LDEzLjAsMC4yLDAuOCwwLjAxLDU3OSw1ODEsMTU3LDYy
OCwwLDIyOC41LDYuODQsODc2KjVEDQoNCiRXNU01QSwxMjAzMDYsMDYwMDA1
LDY2MGQwMDI4NDQ5Y2UyNDYsMyw3RjAwNzUwMjNBMDAwMDUzMzIzMDMxMzIz
MDMzMzAzNjMwMzUzNDMwMzAzMDU1NUIwMDMxMzIzMDMzMzAzNjMwMzUzNDMw
MkM1NDQxNDIzMDMwMzAzMDMwMkMyRDMwMzUzMTJFMzEyQzJDMzEzMjJFMzUz
MTJDMzQyRTMwMkMzMzM2MzAzMDJDMzYzMDJDMzYzMDJDMzEyQzMwMzAzNTM3
MzAyQzMzMkUzNDMyMkMzMTJFMzIzNjJDMzEzMTM0MkMzMDJDMzAyRTMxMzUz
MjJDMkIzMDMwMkUzMDBEMEFFMzEwOTkxMkNFNEM3RjAwNjcwMjNBMDAwMDU3
MzIzMDMxMzIzMDMzMzAzNjMwMzUzNDMwMzAzMEZGNEQwMDAwODBGQjQ0MDAw
MDk5NDMwMEYwNTI0NzAwMDBGQTQyMEExRTI1M0E1OEJEQzc0MDg4ODhGNjNB
NjI3QTg2M0EzRTJDMzE0MTM2NDRCNDNBNTFBQzdDNDFBRTQ0Q0U0MDQ5OTJF
NDQxODU2MkU0NDE0QjM4QjAzQTlGNTIwMzQzMDUxOTkzNDJEM0U2REEzMDhG
MURBOUNENzUyNjdGMDQ4MjAyM0EwMDAwNEI1NjQ4MjAzNzMyMzAzMTMyMzAz
MzMwMzYzMDM1MzQzMDMwMzA1QzAwMDAwMDhGQzJGNTNDMEFEN0EzM0I5RDUy
MDM0MzAyMTk5MzQyRDY2NjA2NDM0QkEzOUU0MjcwRUFFQjQyNDlCQTlBNDJE
MTkxRjc0MjhCRDY4QjQyQjc0MzE1NDMyODM4ODM0MjYxNTgyRjQzQ0NBNjg3
NDIwREIxMTc0MzJBOTA4RDQyOTZERkQ2NDJCNjczOEU0MjRDNjMxNTQzOTlC
NzlCNDI2QkZENkQ0MzgxREU5NDQyNjg2MDg4NDNEODJFOTg0MkM0RDY3QTQz
QUM1RDlDNDIzMkM4OTA0M0UzODQ5RTQyN0NDMDA2NDI3MzY3OTU0MkI4ODY5
MDQyQ0UwQzhDNDIyMTgzQUE0MkExRTM5NjQyRUEzODM0NDIyRjc0OUU0MkFF
MEU2MDQyNTk2Njk0NDJDNkE4MjU0MkNGRjU5NTQyOUE3RDVFNDM3NTQ2OUE0
MkI1MEQ2RTQzMjVGRDg5NDI4RjY2ODE0MzFGQjY4NjQyOEZDMzg0NDMzNzgz
OTA0MkRBM0I0QTQzRDBBNDlFNDJGQURFMzA0MzUzOEM5NDQyOUYzQjJBNDND
NUZCOTc0MkVDQTQ1MjQyMjQ0Rjk0NDJGNjYwNTU0MkUxNTg4NDQyMzlBOEFB
NDJGRTExN0Q0MjEwRDVEMjQyMEI5MzcxNDI4NUZCREE0MkY1NEM4QTQyQ0JF
RTA2NDMxMjI2OTg0Mjk1NTBDOTQyMkNDRjk3NDJCQkZDQTk0MzkxOTk5QzQy
MkEzRDgzNDNFQkIzN0Y0MjlDNzA4MTQzMzBFNThCNDIzRTU2OUI0M0YyNTA5
ODQyMUU2NTkyNDE0Q0E2OUI0MjM4MjQwQTQzM0M3QTkwNDJGMDE1MDk0M0Mz
MEQ5MzQyM0UwREIzNDMyQkNCOUI0Mjk5MzJBMjQzQzI1Qzk1NDIxQzhDOUM0
MzJFRTU4RjQyOUZEQkEzNDMyMDNFODY0MjJDMTlBMTQzRUYyMDdDNDJFNDM2
OTM0MzkyMEM3QTQyMjQyRDhDNDM1Qzk2OEY0Mjc0QjA5MjQyM0EwNjlDNDJD
NDRGNTA0MTRGQkM5RTQyMUM2ODg4NDMxODk2OTE0MkQ3RTI5MTQzRkEwQjk5
NDJDNzJCM0E0MjQ2MTJBMTQyQTY0QjJFNDM3QUEwOUQ0MkMxNDExNzQzNDdD
MjlBNDJFN0NDREE0MkQwRUI5MTQyODUzRjg1NDJGQTVGOEU0MkI0RUE0MTQx
NDRENThENDJCQkE1OTY0MjFFQjg5NDQyMTZDM0RCNDI1QzhEODc0MkMzQjU2
QzQzQTZGODk1NDJGOTAwODQ0M0QwRDI2RjQyMTZCRDg2NDM5QThEN0I0MjBB
NTBENjQxNzkzNzlFNDJEM0FFQzg0Mjk4Njk5MjQyREE3QkI3NDI1RTM4OTQ0
MjU4NjY5RTQxRkM1Mzk0NDIwMDU1QUU0M0U0MDk5OTQyREUyRTEwNDMwNjcz
OUQ0MkVENDhCNzQyOEI5Njk3NDI2RTIxQzY0MkYwNUQ5ODQyNTkwNDNFNDMw
RDdBOEQ0MjZGNjY0QzQzNjZDNjg4NDI1NQ==

--SBD.Boundary.605592468
PROCESS /noc/users/iridburst/exec/irid_300224010734970_upd.pl
Last Run  ----1970-01-01 00:00:00 
MONTH  5 
DATA  xxrecord 2012-03-06 06:00:05 :: $W5M5A,120306,060005,660d0028449ce246,1,DAS 2,5053.5438N,123.7186W,3.2,303,5.6,-41.1,2.3,83.9,-0.2,2.3,83.1,-0.3,1025.5,0,0,28.6,131,73*4A
 
INSERT
STATION sbdservice
IRID_ID 300224010734970
BODY 
Content-Type: application/x-zip-compressed; name="SBMmessage.sbd"
Content-Disposition: attachment; filename="300224010734970_002508.sbd"
Content-Transfer-Encoding: base64

JFc1TTVBLDEyMDMwNiwwNzAwMDUsNjYwZDAwMjg0NDljZTI0NiwxLERBUyAy
LCwsMy40LDMxMyw2LjMsLTQxLjEsMi4wLDg0LjQsLTAuMywyLjAsODMuOSwt
MC40LDEwMjYuMSwwLDAsMjguNiwyMTUsNzUqNjINCg0KJFc1TTVBLDEyMDMw
NiwwNzAwMDUsNjYwZDAwMjg0NDljZTI0NiwyLERBUyAyLDEyLjYsMTMuMSww
LjIsMC40LDAuMDEsNTc5LDU4MSwxNTcsNjI5LDAsMjI4LjUsNi40NSw4Nzgq
NTMNCg0KJFc1TTVBLDEyMDMwNiwwNzAwMDUsNjYwZDAwMjg0NDljZTI0Niwz
LDdGMDA3NTAyM0EwMDAwNTMzMjMwMzEzMjMwMzMzMDM2MzAzNjM0MzAzMDMw
NTU1QjAwMzEzMjMwMzMzMDM2MzAzNjM0MzAyQzU0NDE0MjMwMzAzMDMwMzAy
QzJEMzAzNTMxMkUzMTJDMkMzMTMyMkUzNTM0MkMzNDJFMzAyQzMzMzYzMDMw
MkMzNjMwMkMzNjMwMkMzMTJDMzAzMDM1MzczMDJDMzMyRTM0MzIyQzMxMkUz
MjM2MkMzMTMxMzUyQzMwMkMzMDJFMzEzNTMyMkMyQjMwMzAyRTMwMEQwQUU4
MTBDQUZEMUVDNjdGMDA2NzAyM0EwMDAwNTczMjMwMzEzMjMwMzMzMDM2MzAz
NjM0MzAzMDMwRkY0RDAwMDA4MEZCNDQwMDAwOTk0MzAwMDA3QTQ3MDAwMEUw
NDIzM0E3MkUzQUUyRDBFMDQwNjI3MDA5M0IwMjc1OEMzQTEzNzI0MTQxM0E1
OEMwM0ExMzczOEY0MTgwN0ZDQTQwNDk5MkU0NDE0MUY3RTY0MTFCQUNBRDNB
NkJGNTU2NDMyODZEOTU0MjQ4MDJFODMwRjcxQzg0NDJERjNCN0YwNDhFMDIz
QTAwMDA0QjU2NDgyMDM3MzIzMDMxMzIzMDMzMzAzNjMwMzYzNDMwMzAzMDVE
MDAwMDAwOEZDMkY1M0MwQUQ3QTMzQjcxRjU1NjQzMjQ2RDk1NDIwRTczRjk0
MjVERkM5MTQyMDYyRDE4NDM2MkM5OTk0MjRBODA4OTQzNjU2OTlDNDJGRUUx
QUE0MzY0NkU5ODQyMkYxNzUwNDA2ODI1OUY0MjdCODk4QTQzMDNGQzkxNDIw
M0Y2OEE0MzQxMjI5MTQyODQ3MDgzNDM0Q0QwOTQ0Mjg0NzQ5NjQzN0EzRThG
NDI0RjQzOTc0M0U1QkQ5MTQyNTkxMjlDNDMxRDdFOTk0MjdGQ0RBMTQzM0Y5
OTlCNDJBODlBQTY0MzQzNzBBMDQyREEwNTY5NDJDMUJGOUE0MjJBRUFGQTQy
QzE0Nzk5NDIzQTZBNTc0MzNGOUQ5QTQyRjVENzlFNDMwODIzOUI0Mjk0NTM4
MDQyODJEODk1NDJCNDRCRDk0Mjk2MDU4QzQyNTREMTEzNDMyNEU0OTc0MjFE
RjM4RDQzMDVFNzk1NDI4MkY0OTE0Mzc2NzM4QjQyQ0FEQjkzNDNENTVBOTA0
MjcwQ0E4RDQyNTE0MjkxNDJGNjU1ODI0MkE1RkM4NzQyQ0NGQ0IxNDNFM0Ez
OTM0MjRCRUFBMjQzNzcxMDlCNDJGNjlDOTE0MTBEOTI5OTQyQjk1QkEyNDNE
MkYzOEM0MjQxNEU4QzQzOTk3OThGNDJFRDg0NDA0MzZBQzk4NjQyOTJCMjIx
NDMzREVBNkU0MkIzQTUwQTQzODJBRTgzNDI5NzdFOTY0M0U3NjE4OTQyMDJD
Mjk4NDNCMzk5NTE0MjFDQjE5NzQzNEQ3ODZGNDI0ODk2OTE0MzlGRjk4RDQy
RDU4RTdCNDE4NTFCOUQ0MkFGMUEwMTQyMjNERjk0NDI1NTk4N0I0MzQ4ODVB
MTQyNTM0ODUxNDNBRUI0OTM0MjQ1NDg4MjQzRTFGNzhCNDI3RkQ3OTU0M0I2
MUI3QjQyQzVFMDlDNDNCNjdBODU0MkMzQTcwRDQzRUJFMjkwNDIyM0E4MEU0
M0JDMTY4NzQyODFCMDNDNDM3OEMyOTM0MkRBNjI5MjQzNjlBODhDNDI4NENF
QTU0Mzg1NTc3MzQyM0QzNkE2NDM0OTA4N0Q0MjQxNDA5MzQzN0ZCODhDNDJD
MkVGODM0MzdFQkQ5NTQyOTUyQUNFNDI1NjFEOTU0MjYzMDdEQzQyQkFENDkx
NDI4NjlFMUU0MzIxMzA5ODQyQzA1RjBGNDM1MTc3OTc0MjI5OURFNDQyNUFC
NzlFNDJFNTkwNjI0M0QyRkE5RjQyNkY4OUEyNDI5MUU2OTQ0MjM4RkVBRjQy
RjMzNThGNDIzODRCRUU0MkQ3N0I4QjQyMjNBNEUyNDI2MEQxNzU0MjhGQkRD
QTQyMTgxQTY3NDJDNjFBQjU0MkZCOEM4MzQyOTU4MkEyNDMxMTI4OUU0MkY2
RTU4NjQzRDY2Mjg4NDIyMUZCODQ0M0JCQjI4QTQyOTAzNjM2NDNFQTlFOTk0
MkVBRjAwMzQzOTYyMDgxNDI2NUY3MUE0MzlCQjE4MTQyQTQ5RTU2NDNCODRG
OTM0MkZFOTM4MzQzODkxODk4NDJDNjhENQ==

--SBD.Boundary.605592468
PROCESS /noc/users/iridburst/exec/irid_300224010734970_upd.pl
Last Run  ----1970-01-01 00:00:00 
MONTH  5 
DATA  xxrecord 2012-03-06 07:00:05 :: $W5M5A,120306,070005,660d0028449ce246,1,DAS 2,,,3.4,313,6.3,-41.1,2.0,84.4,-0.3,2.0,83.9,-0.4,1026.1,0,0,28.6,215,75*62
 
INSERT
STATION sbdservice
IRID_ID 300224010734970
BODY 
Content-Type: application/x-zip-compressed; name="SBMmessage.sbd"
Content-Disposition: attachment; filename="300224010734970_002509.sbd"
Content-Transfer-Encoding: base64

JFc1TTVBLDEyMDMwNiwwODAwMDUsNjYwZDAwMjg0NDljZTI0NiwxLERBUyAy
LDUwNTMuNTQxOU4sMTIzLjcxODFXLDMuMSwzMTUsNi4xLC00MS4xLDIuMCw4
NS40LC0wLjIsMi4wLDg0LjYsLTAuMywxMDI2LjYsMCwwLDMzLjMsMTQwLDY2
KjQ2DQoNCiRXNU01QSwxMjAzMDYsMDgwMDA1LDY2MGQwMDI4NDQ5Y2UyNDYs
MixEQVMgMiwxMi42LDEzLjAsMC4yLDAuNCwwLjAxLDU3OSw1ODEsMTU3LDYy
OSwwLDIyOC42LDYuNDUsODc4KjVFDQoNCiRXNU01QSwxMjAzMDYsMDgwMDA1
LDY2MGQwMDI4NDQ5Y2UyNDYsMyw3RjAwNzUwMjNBMDAwMDUzMzIzMDMxMzIz
MDMzMzAzNjMwMzczNDMwMzAzMDU1NUIwMDMxMzIzMDMzMzAzNjMwMzczNDMw
MkM1NDQxNDIzMDMwMzAzMDMwMkMyRDMwMzUzMTJFMzEyQzJDMzEzMjJFMzUz
MTJDMzQyRTMwMkMzMzM2MzAzMDJDMzYzMDJDMzYzMDJDMzEyQzMwMzAzNTM3
MzAyQzMzMkUzNDMyMkMzMTJFMzIzNjJDMzEzMTM2MkMzMDJDMzAyRTMxMzUz
MjJDMkIzMDMwMkUzMDBEMEFFNzEwMzczNTk2OUE3RjAwNjcwMjNBMDAwMDU3
MzIzMDMxMzIzMDMzMzAzNjMwMzczNDMwMzAzMEZGNEQwMDAwODBGQjQ0MDAw
MDk5NDMwMDg4OTA0NzAwMDAwMjQzMTcxMzI5M0E5OTZGQzE0MDJBRTJGNjNB
NjQ1QThFM0EzNkNDMjc0MTQ1QThCRTNBNjdFMzdDNDE4QTM1Q0I0MDU2NTUw
NTQyNkUxM0Y2NDFFQTExQjQzQTAxNDMwQzQzQkUyRDgzNDI3RkI0MDAzMTNE
MUI4REFCOTBGNTdGMDQ2QTAyM0EwMDAwNEI1NjQ4MjAzNzMyMzAzMTMyMzAz
MzMwMzYzMDM3MzQzMDMwMzA1QTAwMDAwMDhGQzJGNTNDMEFEN0EzM0JGRTQy
MEM0M0JEMkQ4MzQyMDQ5MjI1NDNEREVENjg0MjhCQTYyMzQzNDA0Mzc0NDI3
NzFDMDA0M0EzOUM4NDQyMjE5OUM4NDI5NDMwODQ0MkM1NEFBNjQyMzM0QTkx
NDIzOUMxQzE0MDA3NjY5MjQyM0RGMEE4NDNDMzFCOEQ0MjY2MTZBQjQyQkIx
MzlBNDI5MTAxRkI0MjY3RDI4QjQyOEIxNjA1NDMxRjM2OEU0MjA5MDkzNTQw
OUU0NjlENDJCOTU2OUM0MzBBMEI4QTQyMEUyQTg2NDM3RjU1OUI0MjFCODVG
NTQyQzlDQjkxNDI3MUQ2ODU0MjNDRDI5ODQyNUNBNjgwNDIyMUNEOUI0MkM2
M0VEMTQyNjdCNTk2NDIyOTVFNzE0MkRGQkM4RjQyMDhDNzI4NDJBQTYyOTM0
MjVDN0JBNDQzQ0MwNkEwNDI4MjUzMjI0MzI1RjI5QTQyOThBREMzNDJENTAw
OTg0Mjg3NzYwQzQyMEM4RjkyNDJGM0Y5RTY0MTgzNEQ4RTQyNzBCMjE3NDIw
NjIyODQ0MkJCQjlCNjQxQzUzODgwNDIxMkFEQjE0MzI1OUQ4ODQyMTcxODYw
NDM4NENDOUE0MjdGRkMwQTQzNDg0Njk3NDIzNkU5Q0U0MUYwNTk5OTQyRUM0
N0E2NDNEQjBFOTQ0MjU4NTdBRTQzRTY1MzkwNDIzQjAxQjE0MTc1OTI5NDQy
NjVBMTBDNDMxNDMyOTQ0Mjc3REIxODQzMzk1MThGNDJBQkRCMEU0M0JDRkE5
ODQyM0RGRjRGNDJCNDc2OTg0MjZFMkI5RTQyREVDNjg3NDIwMDQwRDc0MjJF
REY3MzQyOTIzQ0UzNDIxRjZFOEU0MkM4MjY2NzQzQURGQzlCNDIwQjhFNzQ0
MzRBNDg5MDQyOUE3QzkxNDNDRTJEOTc0MjVEMDMwMDQyRDY3MDdGNDI3NTIw
QkI0MUE2M0U2NjQyQjVGM0E2NDM3NUFCNzc0MjFBMTM5NjQzREVGQzcwNDIy
NjRGOUU0MzRERjg4OTQyMUI2RDRFNDI5N0QzOUM0MjNBOTJDNTQyNDU0NTk1
NDIwRDNBNzY0MDI0NDA5QzQyN0UxMjhFNDNCQUY0OTg0MkM5MTM4MDQzODNE
RTk2NDIwNENCN0U0MzJEQ0U4QTQyMzYzODcwNDM1OTlDODA0MjkwQ0I2NzQz
RTA0NTg3NDI1NzM2NTc0MzdGNTY5RTQyNzdFQjNDNDI4RjNFOEI0MkMzQzMy
NjQyMUE3NjhFNDIxNEI1MTQ0MjFBMTE5QzQyMTFBREMwNDE4MUM3OUE0Mjg5
QzU5MTQzNkQzOTlDNDI0RDJGN0I0M0JEMUE4QjQyREM1MjhDNDM1Mjg1OTE0
Mjg2NjNBODQzMDhDRTkwNDI2REY3QTI0MzU3MTg5NTQyOUMyOTlFNDMyMTM5
OTQ0MjkyQzdCMjQzQTgyMjhENDI4QTM5M0U0MjU0OEE5MzQyMUMyNDE5NDNG
MERFOTM0MkZFQzAxQjQzRERFQzhFNDJBNA==

--SBD.Boundary.605592468
PROCESS /noc/users/iridburst/exec/irid_300224010734970_upd.pl
Last Run  ----1970-01-01 00:00:00 
MONTH  5 
DATA  xxrecord 2012-03-06 08:00:05 :: $W5M5A,120306,080005,660d0028449ce246,1,DAS 2,5053.5419N,123.7181W,3.1,315,6.1,-41.1,2.0,85.4,-0.2,2.0,84.6,-0.3,1026.6,0,0,33.3,140,66*46
 
INSERT
STATION sbdservice
IRID_ID 300224010734970
BODY 
Content-Type: application/x-zip-compressed; name="SBMmessage.sbd"
Content-Disposition: attachment; filename="300224010734970_002510.sbd"
Content-Transfer-Encoding: base64

JFc1TTVBLDEyMDMwNiwwOTAwMDUsNjYwZDAwMjg0NDljZTI0NiwxLERBUyAy
LCwsNS4wLDMxOCwxMC4zLC00MS4xLDMuNCw3OS45LDAuMiwzLjQsNzguNCww
LjAsMTAyNi44LDAsMCwzMy4zLDMwMCw2Nyo1MQ0KDQokVzVNNUEsMTIwMzA2
LDA5MDAwNSw2NjBkMDAyODQ0OWNlMjQ2LDIsREFTIDIsMTIuNiwxMy4xLDAu
MiwwLjksMC4wMSw1NzksNTgxLDE1Nyw2MjksMCwyMjguNSw2Ljg0LDg3Myo1
Ng0KDQokVzVNNUEsMTIwMzA2LDA5MDAwNSw2NjBkMDAyODQ0OWNlMjQ2LDMs
N0YwMDc1MDIzQTAwMDA1MzMyMzAzMTMyMzAzMzMwMzYzMDM4MzQzMDMwMzA1
NTVCMDAzMTMyMzAzMzMwMzYzMDM4MzQzMDJDNTQ0MTQyMzAzMDMwMzAzMDJD
MkQzMDM1MzEyRTMxMkMyQzMxMzIyRTM1MzQyQzM0MkUzMDJDMzMzNjMwMzAy
QzM2MzAyQzM2MzAyQzMxMkMzMDMwMzUzNzMwMkMzMzJFMzQzMjJDMzEyRTMy
MzYyQzMxMzEzNzJDMzAyQzMwMkUzMTM1MzIyQzJCMzAzMDJFMzAwRDBBRUMx
MDU0MzkxMDU4N0YwMDY3MDIzQTAwMDA1NzMyMzAzMTMyMzAzMzMwMzYzMDM4
MzQzMDMwMzBGRjREMDAwMDgwRkI0NDAwMDA5OTQzMDAxMEE0NDcwMDAwRTY0
MjNBOEYyQjNBMEQ2OEQ5NDAxRjJFMEIzQjlERTQ5MzNBRTI5NTQ3NDEwN0FB
QzQzQUU3M0Q5MDQxNEVDMkRFNDA1NjU1MDU0MkZCOTRGRjQxNTI4MkIxM0FD
NzIxOTY0MzRGNDQ4NjQyQjRDRkNFMzA5NTFFN0Q4QUE2QzM3RjA0NzYwMjNB
MDAwMDRCNTY0ODIwMzczMjMwMzEzMjMwMzMzMDM2MzAzODM0MzAzMDMwNUIw
MDAwMDA4RkMyRjUzQzBBRDdBMzNCQzkyMTk2NDM0OTQ0ODY0MkZBRUE4QTQz
RUU4QjcyNDIzNTg2OEI0MzM3MjM4QTQyNEI0RDlBNDFEQTExOTY0MkMxNDFB
MzQwQzE2ODgyNDI5MjNGQUU0MzgwNUY4QTQyQUNGNUEyNDFGNjg0OTY0MjVG
QkVCODQwMjA4NDhGNDJEQUVCQUY0M0NGRTE3RDQyNkE4MEIxNDM4MkYwODA0
MkM0OEFBNzQzOTAzMDk5NDI1NDEzMzc0MzdGNTE5NjQyNzhFQTcwNDNDMDEz
OTA0MjQxQTc4RDQzRTk5RTg1NDI0RDczOTQ0MzI3ODU3RjQyOTA5NDkwNDNE
MzRDODM0MkRBRjQ4NzQzMUNBODkyNDJBOEU5NDY0M0NENjI5RTQyMzBBRTFB
NDMxRUFEOTc0Mjk5NzQ0NDQzQzBFOTkwNDJFQkZDNkI0M0FDMkM5MTQyOThG
MjRENDEyOTUwOUU0MkM2RTlCRjQyMzJBNTkyNDI4MEZDRjM0MjdBMzk4RDQy
OEQ4Njc3NDI3Q0YzOTg0MkQwREQxRDQxOTIyODhDNDJCOUFBMTQ0MTgzRUE4
QzQyQ0FCMzg5NDE1MTMwOUM0MkE5RTEwODQzMTdBODhCNDJBQTUyRUM0MjA1
RTI4RTQyQ0M5RENFNDIxQjk1OTU0MjcyM0ZFRjQyMkQ3RThDNDJFOTkwRDc0
Mjc1Mjk4RTQyRDVFRjA5NDNCMzQ4OTY0MjlERkY2MTQzM0ZENTgyNDI1QzlE
N0E0M0IxQkE2ODQyMDI3RjdCNDM3ODU4ODM0MjY1Mjc4RDQzMkJFMDhFNDI2
MjkwOEI0M0REQkY5MTQyMzE4MDNENDNGNEExOTU0Mjc5MDkwMzQzNjRGNDky
NDI1QURBQTI0MUFEOEI5NTQyNThCMEE4NDMyMDcyOTA0MjkyQTgwMzQzQzlE
MzlGNDI5RDM1RTE0MjE2RkI4ODQyRjI5Q0MyNDIyMjhCNzU0MjA0NTlCMzQy
NjI5Qjc5NDIzN0I4NkU0MjU2RDU4NTQyOUUzNjVENDA2QkRBODM0MjgwQUNB
RDQzNzQ0MDdENDI5QTg2OTY0MUEyQzM4NzQyOTA2RTQ2NDJDNTk3OTQ0MjEz
NjFERTQyRjZENjlGNDI2Qjc2NDM0M0VEOUI5MTQyNUJDMDNCNDM0OENGODM0
MjE4QTc0MTQzQjZEMDk1NDJCQjhGMzk0MDYyNEI5NjQyRUIxRkI5NDBFRkVG
OTU0MjhENTUxOTQzMjg4MjhCNDJDOTgwMUU0MzIyNjM3QzQyNEQ0MDI1NDM4
Q0UzOEE0MkU4RDAwODQzODkxMzhGNDI3NDgyRjE0MjA5NEI4OTQyQkI0QzI5
NDM4REI0OTU0MkQ2MTY2QTQzRDBGOTkwNDJGMzk0NEU0MzdBQUU5RDQyQzUy
RjBBNDMwNzMwOEY0Mjk2NjcyMjQzNzNGRjhCNDI5RjIyMjc0MzM4OTY5OTQy
QjE3M0FENDMxNjU5OTk0MkVEQUNDMzQyODI5RTlFNDI1M0VEMDQ0MzI4NDA5
MjQyNDRBNjA5NDM2Rjg1OTI0MkVCNzk0Qg==

--SBD.Boundary.605592468
PROCESS /noc/users/iridburst/exec/irid_300224010734970_upd.pl
Last Run  ----1970-01-01 00:00:00 
MONTH  5 
DATA  xxrecord 2012-03-06 09:00:05 :: $W5M5A,120306,090005,660d0028449ce246,1,DAS 2,,,5.0,318,10.3,-41.1,3.4,79.9,0.2,3.4,78.4,0.0,1026.8,0,0,33.3,300,67*51
 
INSERT
STATION sbdservice
IRID_ID 300224010734970
BODY 
Content-Type: application/x-zip-compressed; name="SBMmessage.sbd"
Content-Disposition: attachment; filename="300224010734970_002511.sbd"
Content-Transfer-Encoding: base64

JFc1TTVBLDEyMDMwNiwxMDAwMDUsNjYwZDAwMjg0NDljZTI0NiwxLERBUyAy
LDUwNTMuNTQzMk4sMTIzLjcyMTJXLDUuMSwyOTIsOC41LC00MS4xLDUuNCw2
OC44LDAuMSw1LjYsNjcuMiwwLjAsMTAyNi44LDAsMCwyOC42LDI4Niw3MSo0
Nw0KDQokVzVNNUEsMTIwMzA2LDEwMDAwNSw2NjBkMDAyODQ0OWNlMjQ2LDIs
REFTIDIsMTIuNiwxMy4wLDAuMiwwLjQsMC4wMSw1NzksNTgxLDE1Nyw2Mjks
MCwyMjguOSw3LjYyLDg3NCo1MA0KDQokVzVNNUEsMTIwMzA2LDEwMDAwNSw2
NjBkMDAyODQ0OWNlMjQ2LDMsN0YwMDc1MDIzQTAwMDA1MzMyMzAzMTMyMzAz
MzMwMzYzMDM5MzQzMDMwMzA1NTVCMDAzMTMyMzAzMzMwMzYzMDM5MzQzMDJD
NTQ0MTQyMzAzMDMwMzAzMDJDMkQzMDM1MzEyRTMxMkMyQzMxMzIyRTM0Mzgy
QzM0MkUzMDJDMzMzNjMwMzAyQzM2MzAyQzM2MzAyQzMxMkMzMDMwMzUzNzMw
MkMzMzJFMzQzMjJDMzEyRTMyMzYyQzMxMzEzODJDMzAyQzMwMkUzMTM1MzIy
QzJCMzAzMDJFMzAwRDBBRjExMEQ4NUJBN0JCN0YwMDY3MDIzQTAwMDA1NzMy
MzAzMTMyMzAzMzMwMzYzMDM5MzQzMDMwMzBGRjREMDAwMDgwRkI0NDAwMDA5
OTQzMDA5OEI3NDcwMDAwMTU0MzhCQzQyRDNBRUEyQkE5NDAzMTFERTMzQUQ0
NTc4NjNBMDNEM0ZFNDA4MTVEQUUzQURDNzE0QTQxNzhDREMzNDA0OTkyRTQ0
MUVGQTFERjQxMUY4OEI4M0EwRUYxOEU0MzdFNDg4RTQyNTg0QTA2MzE2MTFG
NTE2N0NCMkI3RjA0QTYwMjNBMDAwMDRCNTY0ODIwMzczMjMwMzEzMjMwMzMz
MDM2MzAzOTM0MzAzMDMwNUYwMDAwMDA4RkMyRjUzQzBBRDdBMzNCMTBGMThF
NDM4MDQ4OEU0MjRGNTg5NjQzMjc0NjhFNDJEQjcxOTQ0M0Y4MUE4RjQyODg0
RjkwNDMyMDgwODg0MjdFMkE5MjQzQ0EzMTg0NDJCNjM1OUM0MzA5RDI5NzQy
QUZCMzYxNDM1QjY4OTc0MjA1NUU3QjQzNzdDNTk2NDJBMDgwQTc0M0YyQzc4
QTQyRTA2OTlDNDM3ODZCODM0Mjg1OUE4NDQzNjRFODdCNDJEMUE5NjA0M0JC
N0E5OTQyNTkwQUZDNDJBRkJEOEI0MkI1MEQxQTQzQ0Q2MzdFNDI0QzM3MUM0
MzMyMDE4QzQyNjkxNzBGNDI4MEMzOUM0MjlDRkU5ODQzNDU4MDkwNDIzQThD
OTU0MzU4M0Y4RTQyMjJCNUFENDM5ODg5OTY0MjQ0QThDRDQyMkI0NTk2NDI4
OTlDMUQ0MzJBRUY4NDQyMjNBRjMyNDNBMzhCOEU0MjIzNjdGODQxMDg2RjlF
NDI5QTkyMkI0MkQ3Nzk4RDQyOTUxNzQ5NDI1N0MxODI0MjY3N0RCMjQyOTZD
MThGNDIxRjY2MUQ0Mzk3NkU5MzQyRTlDQTAyNDNERjE3OUQ0MjMxNDZBQTQy
QUNEOTk2NDI3N0M2RkE0MjVBQzM5MjQyMkY2NTBENDNFMUZGOEY0MkExRDBC
MDQyNDU3QzlCNDJCMDVEOTA0M0ZBNDE4RDQyQjIyMjc1NDNBOEMwODQ0Mjk0
N0Q1RjQzODdFRThGNDJGMkUwMjU0MzRGQzI4NzQyNDU5RTEyNDMyQjc3ODQ0
MjM1RTAxMzQzRkM3NTkxNDI4QTFDNkQ0MzdGM0Y5RTQyMkY2M0RDNDI3RTlB
OUE0MjI2NEVBQTQyOTFCQjkxNDI5NUNEODg0MkYyRDU5MTQyMDI0QjJDNDNE
QUVBOTY0MjU3RDAyRDQzMzlDQTg5NDJCMDBGMTY0MzdBN0M5MjQyMUJENjFE
NDM5M0JCOTU0MkQ2RTIzODQzQjYzMThDNDIwNzJDNjE0M0YwOUE5OTQyMTg3
QUIzNDNDMjJDOTc0MjdFOEY0RjQzQTMxRTlFNDJCRTFCNjU0MzFEQzY4RjQy
OTA4QTYwNDM5MzQ2OTI0MjQwNUUxRjQzMjc4NDkxNDI5RjA2NEM0MzlDRkQ5
ODQyODNBNzhENDM4MTQ4OEQ0MkVFQzc5NDQzQ0YyMjkzNDJDQ0RGMkU0MjQ5
QkI5RDQyRDU3QTIyNDI1RTYyOUU0MkQ0NkI3NjQzOUZGODlFNDJGRENGMEI0
M0M2MjE5OTQyNEUxN0FCNDIxQTM3OTI0MkNBODI2RTQyRTIwNTg3NDI2NzQ1
NjQ0MkVDM0I4MTQyODY5QkFENDJFQkM3OEY0MjBFMkRENDQyMzJEMDkyNDI5
NjAyQjc0MkREOEI5NzQyODE2NENGNDI5MDAyOTc0MjRGODE4MTQyOTM1MDk2
NDJDOENEQUU0MzJGN0Q5NTQyMDI5NzhGNDNCODUzOUM0MkRFNDMyMDQzOTg2
QjhGNDJBNDFFMTQ0M0U1QzY5MDQyMzZFRA==

--SBD.Boundary.605592468
PROCESS /noc/users/iridburst/exec/irid_300224010734970_upd.pl
Last Run  ----1970-01-01 00:00:00 
MONTH  5 
DATA  xxrecord 2012-03-06 10:00:05 :: $W5M5A,120306,100005,660d0028449ce246,1,DAS 2,5053.5432N,123.7212W,5.1,292,8.5,-41.1,5.4,68.8,0.1,5.6,67.2,0.0,1026.8,0,0,28.6,286,71*47
 
INSERT
STATION sbdservice
IRID_ID 300224010734970
BODY 
Content-Type: application/x-zip-compressed; name="SBMmessage.sbd"
Content-Disposition: attachment; filename="300224010734970_002512.sbd"
Content-Transfer-Encoding: base64

JFc1TTVBLDEyMDMwNiwxMTAwMDUsNjYwZDAwMjg0NDljZTI0NiwxLERBUyAy
LCwsNC40LDMwMiw3LjYsLTQxLjEsNy41LDU0LjksLTEuMCw3LjYsNTMuOCwt
MS4xLDEwMjcuMCwwLDAsMjUsMjA0LDc0KjdCDQoNCiRXNU01QSwxMjAzMDYs
MTEwMDA1LDY2MGQwMDI4NDQ5Y2UyNDYsMixEQVMgMiwxMi42LDEzLjEsMC4y
LDAuNCwwLjAxLDU3OSw1ODEsMTU3LDYyOSwwLDIyOS4wLDkuNTgsODc2KjVE
DQoNCiRXNU01QSwxMjAzMDYsMTEwMDA1LDY2MGQwMDI4NDQ5Y2UyNDYsMyw3
RjAwNzUwMjNBMDAwMDUzMzIzMDMxMzIzMDMzMzAzNjMxMzAzNDMwMzAzMDU1
NUIwMDMxMzIzMDMzMzAzNjMxMzAzNDMwMkM1NDQxNDIzMDMwMzAzMDMwMkMy
RDMwMzUzMTJFMzEyQzJDMzEzMjJFMzQzNjJDMzQyRTMwMkMzMzM2MzAzMDJD
MzYzMDJDMzYzMDJDMzEyQzMwMzAzNTM3MzAyQzMzMkUzNDMyMkMzMTJFMzIz
NjJDMzEzMTM5MkMzMDJDMzAyRTMxMzUzMTJDMkIzMDMwMkUzMDBEMEFFNzEw
QjM2QjZFRDU3RjAwNjcwMjNBMDAwMDU3MzIzMDMxMzIzMDMzMzAzNjMxMzAz
NDMwMzAzMEZGNEQwMDAwODBGQjQ0MDAwMDk5NDMwMDIwQ0I0NzAwMDAxMTQz
ODMzOTM3M0EyMzg2QjE0MEMxRjcwQzNCNDQ4RDk0M0EwQjQ2MTY0MTJDMTJD
NTNBNUU3NTVDNDEwNjc0QzE0MDAwMDBDODQxMzFFMUNBNDE2OEEwQjkzQUMx
RjU0QjQzNTk0MzkzNDJCMjY5MDYzMUNBMUFEREFDQjgzMDdGMDRCRTAyM0Ew
MDAwNEI1NjQ4MjAzNzMyMzAzMTMyMzAzMzMwMzYzMTMwMzQzMDMwMzA2MTAw
MDAwMDhGQzJGNTNDMEFEN0EzM0JDNkY1NEI0MzU2NDM5MzQyMzc4MDM4NDMy
NEEwOEI0MjdGM0UzQzQzNDk1MDhGNDJCOERDNEQ0Mzg4NDQ5MjQyMjgzMzYz
NDM1QUNEOTc0MjgwOUNGMTQwMDg5QTlCNDI1NzY3MjI0MzExRDU5QjQyNjUw
ODY3NDIxMURDOTU0MkVGNEIxNzQyQzVFRThDNDI3RTRGOTI0MTkyMjU5RTQy
M0EzRTM1NDIyRDRGOUU0MjVGODM3MDQyOTA2Mjk3NDIzOEVGOUY0MzVEQzQ5
NjQyMUNCQUE5NDNFQTY2OTY0MjhEOTFCNzQxQjlDRjhGNDI2MjYzQUM0Mzgx
QzY4RjQyMDkwOEFBNDNCMzA0OTg0MjkxM0IzMjQzOTc0MzlFNDJBNUJCQTM0
MzM5Njk5QjQyREM2NTA3NDIyNkJEOEI0MkNGMDU4MDQyODA1RDk1NDI2ODdE
NUY0MzY0MTA4RjQyN0MxMTY3NDM3QjkxOEI0MkI3RjM5MTQzQkFCQjk3NDJB
MjIyQTI0MzZCQ0U4NzQyQjREMkFCNDNENTAwOTA0MkUzNUIyMzQzMEVGMjk5
NDI1RTQ5Mjc0M0YxQzQ4NzQyRjI1RTFGNDM5ODdDOTQ0MkE4NzZCNjQyMjA2
Njk4NDI2M0JEQkM0MjRBOEI4NjQyQTU5REQ5NDJBQjJGOTI0MkM0RUM1RTQz
M0Q2NjkwNDI5MDgzNjg0MzhBNDg4MzQyODgwRDhGNDM3QTA3OTI0MkE0RDFB
QzQzMkJEMjk3NDIwM0Q1QUY0MzkzRUI5RDQyQzdCN0IxNDNFN0E0OTg0MkU5
NEFCMjNGRDEzQjhENDJFMzk3QUM0MzU0NzU5NjQyODlCQThGNDNDRjhFOTM0
MkJDMERBRDQzOEQ2Mzk0NDJGMjUyMzI0MjU4RTE5NjQyODVENDQ0NDIwQzY4
OTg0MjBGMzIxNzQzQUQ1Rjk3NDI4NzE5MkU0MzUzNEE4QjQyQkVCMTIxNDNF
ODkzOTM0MkJGNTRBRTQzNkQ3N0ExNDI1MDAwOUM0MzYxQzY4QjQyMjZGNDkw
NDM3MjExOEU0MkM3Nzc5NDQzNEI4NzkzNDI0MDNBQUY0M0RGNDY4RjQyRjVE
QTZDNDIxQ0Y4OTc0Mjg1OTcxRTQzNEVCNjk4NDI1OENFODg0MzJCQkQ5NjQy
ODQ2MTkxNDNGMkEzOEY0MjFGRTY4NTQzNUU4RjhGNDJBQ0MyN0M0M0IxRjY5
RTQyNDI2MTI5NDI0QTk1OTE0MjVEMTE2QTQyMkY5ODk2NDI5NkEyMjg0MzJG
MjE5ODQyOTdEMzA4NDNEMTQ5OTc0MjBFM0QxNzQzODhEMjk0NDJGRkM2MTM0
MzREODk5OTQyQkUxQjE1NDMzQTYyOTk0MkVDNEEyNDQzMzlCRTkxNDIyN0JG
MkY0MzRCQTE5QjQyNDkxM0M1NDJBRDU1OUM0MjcyMDYwNTQzNDNBMzkwNDJE
NDZEMUE0M0JGMTE4RjQyNjRDMkM1NDI1QTU1OUE0MkE1N0M2NTQyQTI0Qjkw
NDI0RTRDQkE0MjMxNTk5NDQyQUVBQ0E0NA==

--SBD.Boundary.605592468
PROCESS /noc/users/iridburst/exec/irid_300224010734970_upd.pl
Last Run  ----1970-01-01 00:00:00 
MONTH  5 
DATA  xxrecord 2012-03-06 11:00:05 :: $W5M5A,120306,110005,660d0028449ce246,1,DAS 2,,,4.4,302,7.6,-41.1,7.5,54.9,-1.0,7.6,53.8,-1.1,1027.0,0,0,25,204,74*7B
 
INSERT
STATION sbdservice
IRID_ID 300224010734970
BODY 
Content-Type: application/x-zip-compressed; name="SBMmessage.sbd"
Content-Disposition: attachment; filename="300224010734970_002513.sbd"
Content-Transfer-Encoding: base64

JFc1TTVBLDEyMDMwNiwxMjAwMDUsNjYwZDAwMjg0NDljZTI0NiwxLERBUyAy
LDUwNTMuNTQ2OE4sMTIzLjcxNDhXLDUuMywyOTQsOC43LC00MS4xLDkuMSw0
NC43LC0yLjMsOS4zLDQ0LjIsLTIuMywxMDI2LjYsMCwwLDI4LjYsMTcxLDc0
KjQxDQoNCiRXNU01QSwxMjAzMDYsMTIwMDA1LDY2MGQwMDI4NDQ5Y2UyNDYs
MixEQVMgMiwxMi41LDEzLjAsMC4yLDAuNCwwLjAxLDU3OSw1ODEsMTU3LDYy
OCwwLDIyOC45LDExLjUzLDg3NSo2NA0KDQokVzVNNUEsMTIwMzA2LDEyMDAw
NSw2NjBkMDAyODQ0OWNlMjQ2LDMsN0YwMDc1MDIzQTAwMDA1MzMyMzAzMTMy
MzAzMzMwMzYzMTMxMzQzMDMwMzA1NTVCMDAzMTMyMzAzMzMwMzYzMTMxMzQz
MDJDNTQ0MTQyMzAzMDMwMzAzMDJDMkQzMDM1MzEyRTMxMkMyQzMxMzIyRTM0
MzEyQzM0MkUzMDJDMzMzNjMwMzAyQzM2MzAyQzM2MzAyQzMxMkMzMDMwMzUz
NzMwMkMzMzJFMzQzMjJDMzEyRTMyMzYyQzMxMzIzMDJDMzAyQzMwMkUzMTM1
MzEyQzJCMzAzMDJFMzAwRDBBREIxMDUzNUVGMkE5N0YwMDY3MDIzQTAwMDA1
NzMyMzAzMTMyMzAzMzMwMzYzMTMxMzQzMDMwMzBGRjREMDAwMDgwRkI0NDAw
MDA5OTQzMDBBOERFNDcwMDAwMDY0M0VEMEM1QjNBRjU0REJBNDBDNURCMjQz
QjcyNkJBNzNBOTIxRDBDNDFGOUE2REEzQTAxQzc2MTQxOEFCQkM4NDA0OTky
RTQ0MUNEODVFMTQxMTZDMkRFM0E0RTg4MkE0MzIwNDQ5MzQyQjVEQjY1MzFG
MDFGOTMzRTcxM0U3RjA0QTYwMjNBMDAwMDRCNTY0ODIwMzczMjMwMzEzMjMw
MzMzMDM2MzEzMTM0MzAzMDMwNUYwMDAwMDA4RkMyRjUzQzBBRDdBMzNCNEQ4
ODJBNDMxOTQ0OTM0MjZGRjEyNDQzMjI1RDlGNDJFRTVBNDM0MzRBQzc5OTQy
ODBBQzMzNDMzOTAzOTk0MkY4NkU0ODQzRDAzMDlDNDI3MkJBODM0M0ZFRjE4
ODQyRjRGRTg2NDMwNTgyOTA0MkZCQTlDMDQyQUYyNDlGNDIxODlERTg0MjQz
OEE4RDQyMDI2OUUxNDJBODkwOEU0MkU3QkFGQTQyNTQxRTlENDJFRUREMzQ0
M0JGNTI5RTQyMURCMTBFNDM2NjQ0OTM0MjY1NDFFRDQyMjgyMDhDNDI3MjdB
RDg0MkFFRjA5MzQyQ0M0MDFFNDM5NjFEOTg0MjA3QUE0RTQzMjU5RTkwNDJC
NzFENEU0MzU0NUQ4NzQyQkFENzJFNDM0RjUzODE0MkY2M0MwMjQzOTBGRDcz
NDI0NjBERDA0MjExMjc2MzQyODgwOUJFNDI1OTk5Nzg0MjRFOEU5QzQzOTA2
ODlENDJFOEM0ODY0M0I0RTQ4NjQyQ0M5QjZGNDNDNEYyN0U0MkY1OTI0QTQz
MTQ0Rjg2NDJGOEUyNDc0MzhEMDg5MDQyRTAwNjc1NDNDREVFOEU0MjFGM0Y0
MTQzMDVBNjk1NDJFNEM3MTk0MzdBQ0E5MTQyNkUxRDM5NDNFRjgwOTI0Mjgw
NzAzMzQzQjMyMTkzNDI5MzRBRUU0Mjg4NzM5NjQyQTA0MDI2NDNEQzNFOUM0
MjVGMkMzNDQxRjE3NjgxNDI3RTIyRjM0MUQ1QTczMzQyMTlCQzQ4NDI2MEY2
NUQ0MjI0NEY5MTQyQTcwRDdFNDI0RTgwRUQ0MkZBQzI3QTQyM0FFRTBCNDND
NDNGNEQ0MjFERjkxMTQzMTMxQTUzNDJFMTkzMTE0MzFGMkU3QTQyNjg0RjBC
NDNGMkM3OEQ0MkFCMkJCODQyRkZENzhDNDI5MzI1ODE0MjdDMTU5MTQyQjFB
MUEzNDFCRkUyOUI0MjMxMDQ0OTQwMjU1MDlENDJDNThGQzE0MTQyMEU5QTQy
NjNEN0VCNDE3OTVDOUU0MkVDRjJENDQyQzE2MzlCNDI3Qjg4MDk0MTFDMTA4
NjQyNzI1N0FDNDA1RTZFODY0MkE3Qjc5NzQyNEFERjlBNDI5QkY2RjI0MjE0
MTg5OTQyNTQ3REFBNDNFRkNEOTk0MjZGODk4RjQzRTgxMzlBNDIwOEYzNjA0
M0RGMDI5NTQyOEI0NDNBNDNCNTg0OUI0MkRGMEZFQTQxMEFERjk2NDJCNDc1
N0I0MTJEQjg4ODQyMTlFRUJGNDE0MDgwOEI0MkU5ODJBNzQyQzNBMjhFNDIx
QjIyRkQ0MkIzQzc3RDQyQzcxRDBGNDMzODAzNzg0MjI4NTIyQTQzNTJENzg5
NDJFQTAwNjQ0Mzk4OUM5MTQyQjc5Rjg2NDM0RTIyOEI0MkRFRDE5NTQzNjhB
MzhENDI0MUIzODk0MzQ2RkE5MjQyOTcxMTRDNDM0Q0ZBOEI0MjkwQzUyNzQz
RThDNzk1NDI4RjE4N0U0MjlDM0Q5NzQyRg==

--SBD.Boundary.605592468
PROCESS /noc/users/iridburst/exec/irid_300224010734970_upd.pl
Last Run  ----1970-01-01 00:00:00 
MONTH  5 
DATA  xxrecord 2012-03-06 12:00:05 :: $W5M5A,120306,120005,660d0028449ce246,1,DAS 2,5053.5468N,123.7148W,5.3,294,8.7,-41.1,9.1,44.7,-2.3,9.3,44.2,-2.3,1026.6,0,0,28.6,171,74*41
 
INSERT
STATION sbdservice
IRID_ID 300224010734970
BODY 
Content-Type: application/x-zip-compressed; name="SBMmessage.sbd"
Content-Disposition: attachment; filename="300224010734970_002514.sbd"
Content-Transfer-Encoding: base64

JFc1TTVBLDEyMDMwNiwxMzAwMDUsNjYwZDAwMjg0NDljZTI0NiwxLERBUyAy
LCwsMy42LDI4Miw2LjMsLTQxLjEsMTAuMSw0MS4xLC0yLjUsMTAuMSw0MC42
LC0yLjcsMTAyNi40LDAsMCwyOC42LDM1OSw3NCo2OA0KDQokVzVNNUEsMTIw
MzA2LDEzMDAwNSw2NjBkMDAyODQ0OWNlMjQ2LDIsREFTIDIsMTIuNiwxMy4x
LDAuMiwwLjQsMC4wMSw1NzksNTgxLDE1Nyw2MjksMCwyMjkuMCwxMy4xMCw4
NzcqNjkNCg0KJFc1TTVBLDEyMDMwNiwxMzAwMDUsNjYwZDAwMjg0NDljZTI0
NiwzLDdGMDA3NTAyM0EwMDAwNTMzMjMwMzEzMjMwMzMzMDM2MzEzMjM0MzAz
MDMwNTU1QjAwMzEzMjMwMzMzMDM2MzEzMjM0MzAyQzU0NDE0MjMwMzAzMDMw
MzAyQzJEMzAzNTMxMkUzMTJDMkMzMTMyMkUzNDMzMkMzNDJFMzAyQzMzMzYz
MDMwMkMzNjMwMkMzNjMwMkMzMTJDMzAzMDM1MzczMDJDMzMyRTM0MzIyQzMx
MkUzMjM2MkMzMTMyMzEyQzMwMkMzMDJFMzEzNTMxMkMyQjMwMzAyRTMwMEQw
QURGMTBEN0MyNDVDOTdGMDA2NzAyM0EwMDAwNTczMjMwMzEzMjMwMzMzMDM2
MzEzMjM0MzAzMDMwRkY0RDAwMDA4MEZCNDQwMDAwOTk0MzAwMzBGMjQ3MDAw
MEQ4NDJDRDMzNjUzQTA1NTFFRDQwNDA2NTQ4M0IzNUM4QjYzQTJEQzc0QzQx
OEQyOEY4M0E1NjgzOTE0MTgxOEFFQjQwNDk5MkU0NDE1NDAxRTY0MTFCNUNG
MzNBN0E1NUIzNDM1NzdDOTQ0MkUxMjcxQTMxQ0IxRERBNzNDMkM4N0YwNDQ2
MDIzQTAwMDA0QjU2NDgyMDM3MzIzMDMxMzIzMDMzMzAzNjMxMzIzNDMwMzAz
MDU3MDAwMDAwOEZDMkY1M0MwQUQ3QTMzQjdCNTVCMzQzNTM3Qzk0NDIxMEIx
QUE0MzA5M0Q5MTQyQzg1MEY2M0VEQzgyOTc0Mjk1RjM5RjQyRDRBQjk5NDJF
NEE4OUM0MzJGMTU5RTQyRUQ2MzgyNDNCQjNGOEY0MkZCQjU1QjQzQjY1RDg4
NDJGRDk4NDE0M0Y4QTA5MDQyMTNDNDg5NDNGNDA4OTk0MjI4QkQ5NTQzQzgw
Njg0NDIyMEFBOUQ0MzE3OUU4QzQyQ0M4MkE1NDM2N0IwOUM0MjFCQkU4NjQz
QjlGNDhDNDJEMUQyOTI0MzlEQTU5NDQyRDY1RTc0NDIwMDU1OEM0MjJGQjU4
RTQyODA3NjdGNDJBOTczODM0MTU4Mjg4RjQyNDgzNEFCNDNBOTUxOTA0MjZD
QTM4NjQzMDMwQzhFNDJDRUM0ODI0M0ZBNkQ5MTQyOTk1QzcyNDM4NkJCOUE0
MkExNjkyMDQzNTBFMzlGNDIxREIyQTE0M0ZEMzI5NTQyRjg3Qjk0NDNFQ0U0
ODU0MjIzODg4RTQzMjU2OTk1NDI0NkI2N0I0MkM1NTY5OTQyNTgwODhENDI1
NzJBOTk0MjRBRDUyNDQzQzUyRDk5NDI1RDk4M0E0M0NFQTk4QTQyQ0NBMDYx
NDMyMzM2OEI0MkMwRkU4QTQzQzA3MzlBNDJCMTY4REQ0MTM2Qjk5NzQyNkEx
Mzk3NDNEODcyOUM0MkY0NzA1MDQzRERBQjk4NDI1MDBFQzg0MkI1RTk5MDQy
QTg2NzA5NDMzNjdEODI0MkJGMEZGOTQyN0NEQzdFNDI5NjdDQTI0MjgxMjU4
MDQyRUU2NDU3NDIxOTM3ODg0MjMwQ0NBOTQzRUI0QzkxNDJCRDI0OTY0M0VG
ODA4RDQyRjA0NTg2NDNBMjkwOTE0MjdFNkM5NzQzMkE2Mjk0NDI0MTU4QjE0
M0FDOTE5NjQyQzg0RUY2NDJGQkM5OTc0MkYyNjBGQTQyRjQ1NDkyNDI2RUYy
MDA0MzAxRjQ4RTQyNEY4NEZFNDIzOEM5OEE0MjlGMjFDMjQyRjY0QThDNDI4
NzZCOTE0MjU3NTQ4NjQyMjZFQTlDNDI0QjUzOEQ0MjJGRTNCQTQyNkY1Njk4
NDJGNEI4MUQ0M0ZFNjM5OTQyN0NDRjMyNDMxQkUwOEY0MkQwMDQyNTQzMDcx
NTk0NDJFMDNDQjE0MjlBREM5RDQyQTA0MkFBNDNDQTQ4OTQ0MjM2Nzc5RjQz
NEU1RTg5NDIyNkQ1QTE0MzZCNDI5QzQyODczNEUwNDJBQUNBODc0MjE4RDJE
QzQyMzI1OTg4NDIyNkFCMEQ0M0JBOTA4RDQyNEIxQjIyNDNDOEQyOTk0MjBF
NEM0MTQyOTBBNTk2NDI3ODU1NUM0MkM3RTE4RjQyNTIzOEQwNDIzNzkxOTQ0
MjRGQkMyNTQzNDk3Rjg0NDI1M0Q3Mzg0MzEwMUY3QTQyRjM0NzNBNDM4ODhB
OEU0MjBERjYwRjQzNDU1MjkxNDI4ODU0RkU0MjkyNjI5ODQyOTIzREFBNDMy
QTk5OTg0MkJDOUQ2NjQxREM0RjkyNDI1Rg==

--SBD.Boundary.605592468
PROCESS /noc/users/iridburst/exec/irid_300224010734970_upd.pl
Last Run  ----1970-01-01 00:00:00 
MONTH  5 
DATA  xxrecord 2012-03-06 13:00:05 :: $W5M5A,120306,130005,660d0028449ce246,1,DAS 2,,,3.6,282,6.3,-41.1,10.1,41.1,-2.5,10.1,40.6,-2.7,1026.4,0,0,28.6,359,74*68
 
INSERT
STATION sbdservice
IRID_ID 300224010734970
BODY 
Content-Type: application/x-zip-compressed; name="SBMmessage.sbd"
Content-Disposition: attachment; filename="300224010734970_002515.sbd"
Content-Transfer-Encoding: base64

JFc1TTVBLDEyMDMwNiwxNDAwMDUsNjYwZDAwMjg0NDljZTI0NiwxLERBUyAy
LDUwNTMuNTQ1M04sMTIzLjcxOTBXLDIuOSwyODgsNi4yLC00MS4xLDEwLjks
MzcuOSwtMi45LDEwLjgsMzcuNiwtMy4xLDEwMjYuMiwwLDAsMjUsOTIsNzQq
NkMNCg0KJFc1TTVBLDEyMDMwNiwxNDAwMDUsNjYwZDAwMjg0NDljZTI0Niwy
LERBUyAyLDEyLjUsMTMuMCwwLjIsMC40LDAuMDEsNTc5LDU4MSwxNTcsNjI5
LDAsMjI5LjAsMTQuNjYsODc3KjZBDQoNCiRXNU01QSwxMjAzMDYsMTQwMDA1
LDY2MGQwMDI4NDQ5Y2UyNDYsMyw3RjAwNzUwMjNBMDAwMDUzMzIzMDMxMzIz
MDMzMzAzNjMxMzMzNDMwMzAzMDU1NUIwMDMxMzIzMDMzMzAzNjMxMzMzNDMw
MkM1NDQxNDIzMDMwMzAzMDMwMkMyRDMwMzUzMTJFMzEyQzJDMzEzMjJFMzMz
ODJDMzQyRTMwMkMzMzM2MzAzMDJDMzYzMDJDMzYzMDJDMzEyQzMwMzAzNTM3
MzAyQzMzMkUzNDMyMkMzMTJFMzIzNjJDMzEzMjMyMkMzMDJDMzAyRTMxMzUz
MTJDMkIzMDMwMkUzMDBEMEFFNTEwNjJCOUM2NTU3RjAwNjcwMjNBMDAwMDU3
MzIzMDMxMzIzMDMzMzAzNjMxMzMzNDMwMzAzMEZGNEQwMDAwODBGQjQ0MDAw
MDk5NDMwMERDMDI0ODAwMDAwOTQzNDAxRTRGM0E5NEU1Qjg0MDkxODcxMzNC
NEFGRUEzM0E5MTg3MTU0MUZFQTJEMzNBODJCNDVDNDE5MzgzQkM0MDAwMDBD
ODQxODY0NkQyNDFDNDE3RDEzQUJDN0ZCODQyQzMwRTk0NDI5RjcxNTczMTdF
MUVCNEI5OEQ4NjdGMDRBNjAyM0EwMDAwNEI1NjQ4MjAzNzMyMzAzMTMyMzAz
MzMwMzYzMTMzMzQzMDMwMzA1RjAwMDAwMDhGQzJGNTNDMEFEN0EzM0JCNzdG
Qjg0MkMxMEU5NDQyNjYwM0I5NDJFNzJDOUM0MjhFNkFFMjQyNjIxRTkzNDIz
NUIzMDY0MzM1MEQ5NjQyN0YxMzhCNDM2NzhCOUM0Mjk3NTMxMzQyMTVBMjkx
NDJGODUxOTI0MkI5ODg3OTQyMjJCRERGNDI4QjVBOEE0MjQ5QkUxMTQzMzY4
QjhFNDI5Q0Q3MEM0M0NBOEI4NDQyRUM4NTI0NDM1MEIyOEU0MkMyRDcyNjQz
MEFDNTkxNDI2Njk1MDc0MzgzNEY5MjQyNUVDOTZDNDFFMTlGOUQ0MjhEOEE0
RjQxRTA1RjkyNDIyRDJDOEM0MkI0Qjk4RDQyRjJGOEQ5NDIwQTU0N0M0MjVC
OTNDQTQyMUMzODg0NDI1Nzg1OUM0MjZFQkQ5MjQyOEU5Q0E1NDJFNTQxOTc0
MjIzNTQ3NjQyRUVCODg0NDJGQTg2M0E0MjhCODQ3NzQyNTNEREY4NDJBQUNE
ODk0MkIwQ0MwRjQzOTY4MTYwNDIzRDBBMEQ0MzNCMjE3RTQyNEEzRjE5NDM3
NjVDNzc0MjNDOEQxOTQzRTk4QzZCNDI1NTQ5MEE0Mzk5QTU4NzQyQzYyRUE4
NDIwOTI5OTE0MjU5QUMyMzQyNzhGQThGNDJCRDc2N0I0MTczNDI4QjQyMEE3
QkE5NDM2ODM5OTY0MjYwNjE4OTQzQTg0MjkxNDI0MjBBOTI0M0ZEQjk5MTQy
NUU4QzBBNDNDNTBDOUY0MkNCMTU2RTQzM0ZEQzlGNDJFQTAzQTE0M0E0OTg5
RDQyMEUwMTk2NDM4MkMzQTA0MkQxMkM5NTQyNzg2MUEwNDIxNkM0QTU0MUMz
MDY5ODQyNkFCMDY3NDJBNTA2OTQ0MjE5NDFCMDQyNENDQzhDNDJBNTQ4ODE0
MjBCOUE4OTQyMDMzNTQ0NDJBOTc1OEI0MkY5NzRCMjQyRUE4QTk3NDI5NEQ2
RkI0MkUxMEM5NTQyNTBBOTBBNDNCRTRCOTI0MjNFMjMxMjQzMzREMzg2NDI5
NDcxMEY0M0RCMEI4MzQyQTE3QTBGNDNFMDhCOEE0MjU1RUNCODQyMTlBMTlC
NDIyOTQwQjc0MUMxQ0Y5MjQyMzQ0MTY2NDI2RDA1OEU0MkE2NDgzNTQyQkE4
RDk1NDJGQTFFOTg0MzZDRDg5ODQyN0JCNDg4NDNGQjVBOTg0MkJBMzJBQTQz
QzY5Mzk3NDI1OTZERDY0MEVFMjM5MjQyMDNDRkFGNDNFMTg2OTc0MjI2OTBB
OTQzMDA1MTkxNDIxRjk0OTc0MUZBM0E5QzQyRTVCNTFBNDNGRTNGOEU0MkY0
NUUyMzQzQ0NCMDg5NDIzQ0E2OTc0MjdCQ0U5NzQyQUFFNUI2NDE0M0EwODk0
MjQ1RTBCMDQxRTRGMDhCNDIyQTcxNEI0MkUzQkY5NjQyQ0QwMDk3NDAwOTMz
OUY0MkE4Q0JBNzQzOEI4MDhGNDI3M0QzQjE0MzMxQkM4OTQyQkZDM0IxNDMy
MEU2ODc0MkJBMjNBNTQzQUVDNTkxNDJEOQ==

--SBD.Boundary.605592468
PROCESS /noc/users/iridburst/exec/irid_300224010734970_upd.pl
Last Run  ----1970-01-01 00:00:00 
MONTH  5 
DATA  xxrecord 2012-03-06 14:00:05 :: $W5M5A,120306,140005,660d0028449ce246,1,DAS 2,5053.5453N,123.7190W,2.9,288,6.2,-41.1,10.9,37.9,-2.9,10.8,37.6,-3.1,1026.2,0,0,25,92,74*6C
 
INSERT
STATION sbdservice
IRID_ID 300224010734970
BODY 
Content-Type: application/x-zip-compressed; name="SBMmessage.sbd"
Content-Disposition: attachment; filename="300224010734970_002516.sbd"
Content-Transfer-Encoding: base64

JFc1TTVBLDEyMDMwNiwxNTAwMDUsNjYwZDAwMjg0NDljZTI0NiwxLERBUyAy
LCwsMS42LDQ4LDQuMCwtNDEuMSwxMC43LDM2LjgsLTMuNSwxMC44LDM2LjEs
LTMuNywxMDI2LjAsMCwwLDI4LjYsNjgsNjcqNkUNCg0KJFc1TTVBLDEyMDMw
NiwxNTAwMDUsNjYwZDAwMjg0NDljZTI0NiwyLERBUyAyLDEyLjYsMTMuMSww
LjIsMC40LDAuMDEsNTc5LDU4MSwxNTcsNjI5LDAsMjI5LjAsMTUuNDQsODcz
KjZDDQoNCiRXNU01QSwxMjAzMDYsMTUwMDA1LDY2MGQwMDI4NDQ5Y2UyNDYs
Myw3RjAwNzUwMjNBMDAwMDUzMzIzMDMxMzIzMDMzMzAzNjMxMzQzNDMwMzAz
MDU1NUIwMDMxMzIzMDMzMzAzNjMxMzQzNDMwMkM1NDQxNDIzMDMwMzAzMDMw
MkMyRDMwMzUzMTJFMzEyQzJDMzEzMjJFMzQzMjJDMzQyRTMwMkMzMzM2MzAz
MDJDMzYzMDJDMzYzMDJDMzEyQzMwMzAzNTM3MzAyQzMzMkUzNDMyMkMzMTJF
MzIzNjJDMzEzMjMzMkMzMDJDMzAyRTMxMzUzMTJDMkIzMDMwMkUzMDBEMEFF
MjEwQ0M3QUIzNzU3RjAwNjcwMjNBMDAwMDU3MzIzMDMxMzIzMDMzMzAzNjMx
MzQzNDMwMzAzMEZGNEQwMDAwODBGQjQ0MDAwMDk5NDMwMEEwMEM0ODAwMDBG
NjQyOUY3RjVBM0EzMDkyRDE0MDU3NTYyODNCOTdGQkFFM0E3MzY0MzM0MTQz
MjRGODNBMzBDMTg2NDE1ODlFRDY0MDQ5OTJFNDQxRjE1QUYwNDFFNzUxRTQz
QTgyODg4ODQyN0RCODg2NDJFNzQzMjMzMUVCMUYyMjM5NDM4QzdGMDQ4RTAy
M0EwMDAwNEI1NjQ4MjAzNzMyMzAzMTMyMzAzMzMwMzYzMTM0MzQzMDMwMzA1
RDAwMDAwMDhGQzJGNTNDMEFEN0EzM0I4MTg4ODg0MjdFQjg4NjQyQTFFNEFB
NDJEMTc4ODM0MjkzRjE4RTQyRTBBNTdFNDJEMERCM0E0MjZCOEQ3ODQyRDcz
QkVFNDE1MEQxOEE0MkM3QzI4MjQzRUNDRDlENDJCRTA0NkU0MzFBMzA5NDQy
OUQ5NzkwNDNGODM2OUY0MjY5RjNBNjQyODdBQjk4NDI0QjU4OUU0MjUwRjg5
NjQyQ0VBRTc5NDJFQjVBOTI0MkU1MEI4MDQyMjZBQjg2NDI1OUE5OEQ0MjQ0
RkU4OTQyRTk2QzE1NDM4MENDOEI0MjYxMjUzMjQzQTVDMzc3NDI4RTk1M0E0
M0UzMDY4MjQyNTlBQzI1NDNBRERFOEQ0MjNGMDdFMTQyQzExRDhFNDIxNEVB
Mjk0MzU0QUM4QTQyMjQ3MTUyNDM3QzlGNUY0MjM1NTQ1NDQzOUVEQzQwNDJF
Njg2NEU0MzAxNjc1RjQyRjY1QTQxNDM2MjNEOEQ0MjhFREYxNzQzQTUwMDg0
NDI4M0ZCM0Y0M0FDNDc4NDQyRjdFRjU0NDMwREJENzY0MjQ1QTQyNzQzQkFG
Nzg2NDIxRDUzMDQ0MzQ3RDk4NzQyNDhBQzM2NDMzNTI0ODQ0MkZDMTYzMzQz
NTQ3RTc2NDIyMjIwMTk0MzVEQTc4MjQyN0I0QjA5NDM3RjkyOTA0MkFBMjNC
NjQyRTUyODkzNDIyNDFEMDc0MjhCODA4RTQyNjEzOUZDNDI3MjM0ODk0MjlC
RkJBNDQyMTZFMjgyNDJFQzczNzA0MjI4MjQ4NzQyMUY0MDU2NDI5RjUxOTM0
MjBDOUJEMTQyREQ0MjlFNDI0QUVCMTA0MjY3NzQ5NDQyODVEMDFFNDI3RDI4
ODc0MkU2MzM4NDQyMTlCRjgwNDI5ODhBODQ0MkE3OTc4MjQyMEJGODFGNDI0
QUU1OEE0MkZDNjRBQTQxRkZDNDlENDIwRUMyNDI0MzAxQzg4MjQyNkZENzND
NDNFMzlBODU0MjIwQUFGQjQyMTE5OTk1NDI5QTMzQjM0MjBBRjc4QTQyNTVE
MkNCNDI5QTdFOTE0MjM5Qzk3ODQzMjQ3QzlENDI5OTExOTM0M0RCNTE5MjQy
OUE4QzIyNDE1NUEwOTE0MjJFMDQ3NzQyRUZBMDhCNDI2OEFEQjk0MjNGREE4
RTQyNUJBQUI0NDJGNjg4OEU0MkE2NEZCRDQyMjgwQzhGNDJCQzc2RTc0Mjkw
MTM5NDQyOEU3MjAxNDNDRTk2OTE0MjQwMzRGRDQyQ0YzRDhBNDIzRDVEMTg0
MzcyNkM4QTQyQjRGQzMzNDMyQUY4ODM0Mjg5MDUzMTQzN0Q0QTk2NDJBRkE3
MzA0MjdCQUY5ODQyNzk5M0IxNDNDMzBGOTQ0MjJGOUVBNTQzQTEyNjlFNDI1
RUZEMTI0M0M0RjI4RjQyMzNBRTA5NDM3OUJEOTY0MjE1NThBQTQxMjkxRjhC
NDJBMTUwOTQ0MTA5RDk4MDQyNDQxMDhDNDJCMUI0OTA0MjgwRkRFOTQyOEQx
Njg4NDI1QTZBRjc0MjUyNzQ4RjQyQ0U5OA==

--SBD.Boundary.605592468
PROCESS /noc/users/iridburst/exec/irid_300224010734970_upd.pl
Last Run  ----1970-01-01 00:00:00 
MONTH  5 
DATA  xxrecord 2012-03-06 15:00:05 :: $W5M5A,120306,150005,660d0028449ce246,1,DAS 2,,,1.6,48,4.0,-41.1,10.7,36.8,-3.5,10.8,36.1,-3.7,1026.0,0,0,28.6,68,67*6E
 
INSERT
STATION sbdservice
IRID_ID 300224010734970
BODY 
Content-Type: application/x-zip-compressed; name="SBMmessage.sbd"
Content-Disposition: attachment; filename="300224010734970_002517.sbd"
Content-Transfer-Encoding: base64

JFc1TTVBLDEyMDMwNiwxNjAwMDUsNjYwZDAwMjg0NDljZTI0NiwxLERBUyAy
LDUwNTMuNTQ0N04sMTIzLjcyMDBXLDEuMCw1OCwzLjksLTQxLjEsMTEuMSwz
Mi41LC00LjgsMTEuMSwzMi4wLC00LjksMTAyNS42LDAsMCwyNSwxMzMsNjkq
NjgNCg0KJFc1TTVBLDEyMDMwNiwxNjAwMDUsNjYwZDAwMjg0NDljZTI0Niwy
LERBUyAyLDEyLjYsMTMuMCwwLjIsMC40LDAuMDEsNTc5LDU4MSwxNTcsNjI5
LDAsMjI5LjAsMTUuODQsODc0KjY1DQoNCiRXNU01QSwxMjAzMDYsMTYwMDA1
LDY2MGQwMDI4NDQ5Y2UyNDYsMyw3RjAwNzUwMjNBMDAwMDUzMzIzMDMxMzIz
MDMzMzAzNjMxMzUzNDMwMzAzMDU1NUIwMDMxMzIzMDMzMzAzNjMxMzUzNDMw
MkM1NDQxNDIzMDMwMzAzMDMwMkMyRDMwMzUzMTJFMzEyQzJDMzEzMjJFMzMz
ODJDMzQyRTMwMkMzMzM2MzAzMDJDMzYzMDJDMzYzMDJDMzEyQzMwMzAzNTM3
MzAyQzMzMkUzNDMyMkMzMTJFMzIzNjJDMzEzMjM0MkMzMDJDMzAyRTMxMzUz
MTJDMkIzMDMwMkUzMDBEMEFFOTEwNEJBMTI5NkU3RjAwNjcwMjNBMDAwMDU3
MzIzMDMxMzIzMDMzMzAzNjMxMzUzNDMwMzAzMEZGNEQwMDAwODBGQjQ0MDAw
MDk5NDMwMDY0MTY0ODAwMDAwRTQzQkExMTQ3M0EwQTkxQjU0MEREMjkxMDNC
M0RDRTlCM0E2MjNEMTg0MTc3OEJEMTNBOUI4MjczNDFCOEY5QkY0MDAwMDBD
ODQxOUJBOEQzNDEyQUY3QzMzQUM4NjMwNTQzOTVCRDg5NDI2MzFCMjUzMTZG
MUM1Q0Y5QjdFQjdGMDRBNjAyM0EwMDAwNEI1NjQ4MjAzNzMyMzAzMTMyMzAz
MzMwMzYzMTM1MzQzMDMwMzA1RjAwMDAwMDhGQzJGNTNDMEFEN0EzM0JDNjYz
MDU0Mzk2QkQ4OTQyOTQ5NUY0NDI3ODFDOEM0MjZGNDcwMjQzRjBFNzg4NDIw
ODdDMTU0MzIwQjE4NjQyNDc4MTJENDNDQzI4ODU0MjQwNDY1NjQzQkU3NTkz
NDI2MjY5NjI0M0ZFNjk5MjQyRkExRTUwNDM2NjU3OTE0MjNGMUU4NDQyNkNF
QzkzNDI3NkJFNkY0MkJBNDU4MDQyMkJFNzk0NDJCQzgyODc0MkZDQkNDQjQy
Q0U3RDg2NDJBMDEzQ0M0MkQ5MDY4NjQyNzFGQzk4NDI0Q0E3ODU0MjA3MTA4
MTQyNTg4MTg1NDJEQTE3QTA0MjIwM0U5MjQyMDVGQjMyNDM1OEUxOUU0MkVF
MjAyRTQyNTZCNjkwNDIwRTI3NDY0MkY4NzM4MDQyMUI0MDg3NDI1NDA0ODE0
MkM1MTBEMzQyN0Y0RDg2NDIwQzUwMTU0MzI0Qzc3NzQyNTY0MTA3NDM3NzVE
ODc0MjcyNDMxNzQyQjMxRThDNDI0MDk0NUI0MDlBNjI4NTQyMUQ4QzkyM0Y4
NTc1OTI0MjEwMEU4RTQxQTg4OTk5NDJEOEQ5OTI0MTNDQTE4NjQyOUI0N0Mz
NDE0NUQyNjg0MkIyODg0RDQyNTcxRDhBNDJGODU5MDA0MzAzQTI4RTQyMTU4
MTAwNDNBOTQ5ODg0MkM0RkZFNDQyNEUwMzgxNDI4RjgyQzU0MkRBOUU4NDQy
RTJCMDhFNDIwMDQ0NTQ0MjlGOTU3RDQyMDhEOTIyNDIxN0EyOTE0MjYyODk1
MjQyMUE4NUI1NDJGNTQ5ODA0MkExRTJCNzQyMDU5MzhFNDI0OTM4QkI0MjIy
Nzc4QjQyMEY1Q0NGNDI2RTY1ODY0MkMyMDMzRTQzOTgwRDlCNDJFRUIwODA0
MzU3Rjg4OTQyRUUyMjhENDNDQjEzOTE0MjE3QURBODQzNDIwNDk3NDI3RkNB
QUM0MzRFRDU5NjQyMDQ2NkE5NDM1QzZGOEQ0MjE2Q0NBNDQzRTZBOTg4NDI3
MzU3QUU0MzNCNDY5NjQyOEE0ODVENDI3NTYwOTU0MjhEQzQzNzQyMzRFMThB
NDJEOTE2ODg0MUVCM0Y4NjQyNzkwMUFENDNFRTZEODg0MkNBNzZBQTQzQTM5
NzkzNDI5RjBDODM0MjFCN0Y5QjQyQTU1MEE4NDIzRjlGOTU0MjQwOUIzRjQy
OEM1RDk2NDJDRUY3RTE0MEM1RTU5MjQyMzUxRDgxNDA5ODY1OTE0MjcwREJC
MzQxRkJBMjkxNDJBNENBQkY0MTA0NzQ5RjQyQTBFQjlDNDM2NkU2OUQ0MkRD
RUMwNjQxODZCRDk3NDJBMTNBRUY0MkIyRDk5QjQyQUM2MDBBNDM3RjIxODc0
MjFCODQwODQzNDMxODdCNDIyOEZGMEE0MzFENEY4NjQyNUNDMUFGNDJDNTMw
OTI0MjlCQTY4NDQyODNEMTkxNDJFNkQ3M0E0M0U3RDU4QTQyMkNBRDRCNDM2
NjlFNzk0MjlFRDEyNTQzNDFFRjkzNDI2Nw==

--SBD.Boundary.605592468
PROCESS /noc/users/iridburst/exec/irid_300224010734970_upd.pl
Last Run  ----1970-01-01 00:00:00 
MONTH  5 
DATA  xxrecord 2012-03-06 16:00:05 :: $W5M5A,120306,160005,660d0028449ce246,1,DAS 2,5053.5447N,123.7200W,1.0,58,3.9,-41.1,11.1,32.5,-4.8,11.1,32.0,-4.9,1025.6,0,0,25,133,69*68
 
INSERT
STATION sbdservice
IRID_ID 300224010734970
BODY 
Content-Type: application/x-zip-compressed; name="SBMmessage.sbd"
Content-Disposition: attachment; filename="300224010734970_002518.sbd"
Content-Transfer-Encoding: base64

JFc1TTVBLDEyMDMwNiwxNzAwMDUsNjYwZDAwMjg0NDljZTI0NiwxLERBUyAy
LCwsNS43LDkxLDEwLjMsLTQxLjEsOS4yLDU3LjEsMS4yLDkuMiw1Ni42LDEu
MSwxMDI1LjksMCwwLDI4LjYsODksNjkqNTENCg0KJFc1TTVBLDEyMDMwNiwx
NzAwMDUsNjYwZDAwMjg0NDljZTI0NiwyLERBUyAyLDEyLjYsMTMuMSwwLjIs
MC40LDAuMDEsNTc5LDU4MSwxNTcsNjI5LDAsMjI4LjksMTUuMDUsODc1KjY1
DQoNCiRXNU01QSwxMjAzMDYsMTcwMDA1LDY2MGQwMDI4NDQ5Y2UyNDYsMyw3
RjAwNzUwMjNBMDAwMDUzMzIzMDMxMzIzMDMzMzAzNjMxMzYzNDMwMzAzMDU1
NUIwMDMxMzIzMDMzMzAzNjMxMzYzNDMwMkM1NDQxNDIzMDMwMzAzMDMwMkMy
RDMwMzUzMTJFMzEyQzJDMzEzMjJFMzQzMzJDMzQyRTMwMkMzMzM2MzAzMDJD
MzYzMDJDMzYzMDJDMzEyQzMwMzAzNTM3MzAyQzMzMkUzNDMyMkMzMTJFMzIz
NjJDMzEzMjM1MkMzMDJDMzAyRTMxMzUzMTJDMkIzMDMwMkUzMDBEMEFFNzEw
OEZCQkM0RDc3RjAwNjcwMjNBMDAwMDU3MzIzMDMxMzIzMDMzMzAzNjMxMzYz
NDMwMzAzMEZGNEQwMDAwODBGQjQ0MDAwMDk5NDMwMDI4MjA0ODAwMDBGMjQy
Mjc4QzVEM0FBMTkyQ0U0MDhBOUExOTNCRUExQUI5M0FFRDBBM0Q0MTQ1NzEw
MDNCNTdDNjlDNDFDNDI2RDA0MDQ5OTJFNDQxMEE2M0UyNDEwRUYyRUIzQUU5
ODBCMjQyQzI1MTg5NDJCQjJGNDgzMTUyMUUyNTI1NkFDRTdGMDQ2QTAyM0Ew
MDAwNEI1NjQ4MjAzNzMyMzAzMTMyMzAzMzMwMzYzMTM2MzQzMDMwMzA1QTAw
MDAwMDhGQzJGNTNDMEFEN0EzM0JFNjgwQjI0MkMzNTE4OTQyNjdFOUI3NDJC
RkM2ODM0MjNBNzE5MDQyRUI3OTdENDIyMTJENDg0MjZGRUU4QzQyOUVENDhB
NDMwMkRBOUU0MjhBMzYxMDQzM0UwQTkyNDIzMTBGRUM0MjlFMTc4MjQyRTcw
NkQ2NDJFREIyOTU0MjM0ODkxMzQzNDRDNjk0NDI1RDMyMEM0M0Y4RTk4QTQy
Qzg2NzA0NDNFOEJGOTA0MjUyQTFEQzQyNkIxMThENDI4MEZGQTQ0MjRDNzU4
QzQyQjJFMjVFNDIyOUFDOTE0MkRENTFBNDQyREMxRjg5NDI1RjBBOEE0MkY1
M0U2QTQyRkE4RDcwNDI1RDUwN0U0MkVBNTdCNDQyNjVDQTkxNDIxQTIyRjE0
MjFBMEU5NzQyMThDOUI5NDIwRUVBOUY0MjhCOERDMzQyRDE2MDhENDJBNDI3
QzI0MkU4OEI4MjQyQjMwQkJBNDJCNzFEODg0Mjc3RkRBODQyQzE1OTk0NDJF
MDE4NTY0MjM0RjQ5NzQyM0RERTk3NDI1MDcxOEI0MkI4M0VCRTQyMTc4QThB
NDI3RDE4MDA0M0MxM0U5MjQyMTcwQ0FBNDJENUY1OEI0MjYxQ0U1MTQyNTQ4
NDhFNDJDNTE4RTI0MUU2QkY5RTQyMEMzMkVFNDI0QzBFOUE0MjM5Nzc5OTQy
NTIwRDkwNDI1RkNFMjM0MzlGOEY5MzQyRDlEQjUyNDNFMDI0OEE0MjA0Qjc0
QzQzODdEQjkyNDIwOEQxMEM0MzFBNTQ5MjQyM0IzMEUxNDI4QTRCODY0MjQz
NTJFQTQyMzFDMzg4NDJFN0I0RTc0MkU3MDI5NjQyN0JDMkM2NDIxNjNCOTM0
MkQ0NTFGQzQyQzRDMTg4NDIzMjA4MTE0MzNDN0I4MzQyRTMzNTM1NDNENkE3
ODM0MkUyQ0M1MTQzN0VFNjZGNDJFRkY5NTI0MzJBM0M3OTQyQzNFNjI4NDNB
ODFBOEY0MkJDMDVFNTQyMzc2Qzk0NDJEMzNGQjg0MjlEMUQ5MTQyQzIyREM5
NDJDMzA3OEY0MkUxNEVGMTQyMEI1OTlCNDIzM0Y1Qzk0MkZFOUY5MTQyMDI5
NUU5NDJDQzQwODM0MkI1RjcxQjQzNkU3QzhGNDI5MzY4NkU0M0RGMTY5ODQy
QTFGQTkwNDBDMjEwOTY0MkI5MkEzRjQyRjc0QThDNDI2NTg5QTk0MUZCNkM5
NDQyNzEzNjhENDMxN0IwOEM0MkQyOUY3RjQzRUI4RThBNDJBRTY3N0U0Mzkz
MUU5ODQyOTM3OUIxNDM4MTNFOTU0MkRERTk1OTQyOENGQzhDNDI1QzgyOUU0
MkZCQkI4MTQyQjI1RUUwNDJBODk5OTc0MjY3MTI0QjQzNEE2QjkzNDJDMkM2
MzM0M0U4QTE5MTQyQTg3ODIyNDMwRUE3ODk0Mjc2QUExODQzNURFNzg1NDIz
QkU3MDk0MzMxMDA4NTQyNzhFOUUwNDI3ODk0OEE0MkQ1Q0NCMzQyMDczMjkw
NDI4OUNBRkY0MjQ2NkQ5NjQyQTRFMDMwNA==

--SBD.Boundary.605592468
PROCESS /noc/users/iridburst/exec/irid_300224010734970_upd.pl
Last Run  ----1970-01-01 00:00:00 
MONTH  5 
DATA  xxrecord 2012-03-06 17:00:05 :: $W5M5A,120306,170005,660d0028449ce246,1,DAS 2,,,5.7,91,10.3,-41.1,9.2,57.1,1.2,9.2,56.6,1.1,1025.9,0,0,28.6,89,69*51
 
INSERT
STATION sbdservice
IRID_ID 300224010734970
BODY 
Content-Type: application/x-zip-compressed; name="SBMmessage.sbd"
Content-Disposition: attachment; filename="300224010734970_002519.sbd"
Content-Transfer-Encoding: base64

JFc1TTVBLDEyMDMwNiwxODAwMDUsNjYwZDAwMjg0NDljZTI0NiwxLERBUyAy
LDUwNTMuNTQ1Mk4sMTIzLjcxNzdXLDYuNSw4NSwxMC41LC00MS4xLDguMCw3
MC4wLDIuOSw4LjAsNjkuNCwyLjgsMTAyNi4wLDAsMCwyOC42LDEyNCw2Nio0
RA0KDQokVzVNNUEsMTIwMzA2LDE4MDAwNSw2NjBkMDAyODQ0OWNlMjQ2LDIs
REFTIDIsMTIuNSwxMy4wLDAuMiwwLjQsMC4wMSw1NzksNTgxLDE1Nyw2Mjks
MCwyMjguOCwxMy40OSw4NzMqNjENCg0KJFc1TTVBLDEyMDMwNiwxODAwMDUs
NjYwZDAwMjg0NDljZTI0NiwzLDdGMDA3NTAyM0EwMDAwNTMzMjMwMzEzMjMw
MzMzMDM2MzEzNzM0MzAzMDMwNTU1QjAwMzEzMjMwMzMzMDM2MzEzNzM0MzAy
QzU0NDE0MjMwMzAzMDMwMzAyQzJEMzAzNTMxMkUzMTJDMkMzMTMyMkUzNDMx
MkMzNDJFMzAyQzMzMzYzMDMwMkMzNjMwMkMzNjMwMkMzMTJDMzAzMDM1Mzcz
MDJDMzMyRTM0MzIyQzMxMkUzMjM2MkMzMTMyMzYyQzMwMkMzMDJFMzEzNTMy
MkMyQjMwMzAyRTMwMEQwQUU4MTBCQjdBNTFBRjdGMDA2NzAyM0EwMDAwNTcz
MjMwMzEzMjMwMzMzMDM2MzEzNzM0MzAzMDMwRkY0RDAwMDA4MEZCNDQwMDAw
OTk0MzAwRUMyOTQ4MDAwMDFDNDM1MTBBMzgzQThDMjJBMjQwNDJBMkNGM0FE
QkJGOEMzQUQwRTQwNDQxQ0EyRUE5M0E2RERCMTg0MUM2NEJCNzQwNDk5MkU0
NDFBNTY2RTM0MTMzODdDNDNBRTA2NkY4NDI2NDI5ODM0MkQzRDgyRTMxOEQx
RjNGRDVGNUExN0YwNEQ2MDIzQTAwMDA0QjU2NDgyMDM3MzIzMDMxMzIzMDMz
MzAzNjMxMzczNDMwMzAzMDYzMDAwMDAwOEZDMkY1M0MwQUQ3QTMzQkRBNjZG
ODQyNjEyOTgzNDJBNkFFRDI0MjA0RDE3MjQyMzYwNkUxNDIwOEQ5NjM0MjNG
MkJGRDQyREVGRTZCNDIxRTY2MzE0Mzk5MkY5NzQyNkU4QjgyNDNEMTRDOTg0
MjIyNkMxQjQzRDEyQTkzNDIwNUNFMTE0MzhGQzM4MTQyRDEwNzA0NDMwM0RD
N0I0MkM0RUJBRjQyRjVFRDdDNDI4Q0M4ODU0MjcxRUU4MDQyNDAwMDk3NDI2
QzVCOEI0MjQzRTM5MzQyQjU5Qjk5NDIwNDVGOUQ0MzdBMUU5ODQyMTMzQkE2
NDMzMjQ3OTk0MkM5Mzg4RjQyQzJGMjk0NDI2MzdCQUI0MkY4RjM4QzQyMEI4
MEQwNDI1QURBOEM0MkM0Q0NEQTQyMEMwMDhGNDIxMkM3Qzc0MkRCNzM4QjQy
QjRCN0NBNDI1MTUxN0Q0MjAxNUREMzQyNUE0Qjg1NDJDODc2RjY0MkVFRkM5
MzQyQ0I5RTIwNDNDRkNGOUQ0MkUzOEFBNTQzNEFENjk2NDI5QUI1QTg0MzQz
Qjk5OTQyRTc5OTExNDNERDBFOTg0MkVCMjcxNjQzNDBGQzk5NDI3QTlCNzM0
M0M4NUE5QTQyMDg0QzY5NDNGNjY3OTg0MjMzQTJCMTQzM0E3OTlDNDJDQUIy
QkY0MjI0QjI4RTQyQUQ4OEU5NDI5Qzc5ODg0MkIwMEJBQjQyQUM2RDhBNDI2
NURGRTQ0MjNGRjA5QTQyQ0NBOTI0NDMyNEVFNTY0MjUwODQxQTQzNUNFRjU1
NDJENEIzMEI0MzcyOEY3NDQyN0RDOTM4NDIwQzZGOTA0Mjg2MUNCMTQzRTVF
OTg4NDI1RTE2QUE0M0FBOTI4QjQyQjVCMzRGNDExQzdDOUQ0Mjk3NjY4NzQy
Njk2RDk1NDJCOTA1QUY0MjQ0OUI5NDQyMDE0MDJFNDNFRThCOTA0MjVGMkI0
QjQzNzBFMzg0NDI2QkExNEU0M0JGNDE4QzQyOURGNThFNDM3Rjg4OUM0MjFD
RDI0NzQzQ0Y5OUExNDI1REU5MEY0M0Y2REY5MzQyM0QwMTBENDNFODJDOTI0
MjQyOEEyQTQzRDRFQThENDI3MzUzNDA0M0YwRjQ4NzQyMTYxODNENDM2QTUy
ODY0MjQ4MUQyQzQzNEMzQTkzNDIyMUY1RDM0MTQzRTg5MTQyNTM3Q0FDNDBD
OERBOUM0MkJBNEY1RDQzNzBCMDhENDIyODk5NzM0MzBBRjk4RjQyNzc3NEEy
NDNFRTA4OUU0MjJGRDZERjQyMUYyMDhDNDI5NzY2RkU0Mjc4Rjk4NDQyMDM3
MUIyNDI5REY1ODc0MkZFN0Q2NjQyRDVBNDg2NDIxNzkyREQ0MTNGNjI4RjQy
NTQ5RUFGNDNFQzg2OUE0MkQ2NUM5NDQzQUFFNzk2NDIxQTJDOTI0M0IzOTM4
NzQyRjRDQzg5NDNDNjVGOEQ0MkQzRTFEODQyQjYxNTlENDJFOTgxQzQ0MjU3
NkY5ODQyQUNCMkFFNDE0MTZEOTk0MjhCQQ==

--SBD.Boundary.605592468
PROCESS /noc/users/iridburst/exec/irid_300224010734970_upd.pl
Last Run  ----1970-01-01 00:00:00 
MONTH  5 
DATA  xxrecord 2012-03-06 18:00:05 :: $W5M5A,120306,180005,660d0028449ce246,1,DAS 2,5053.5452N,123.7177W,6.5,85,10.5,-41.1,8.0,70.0,2.9,8.0,69.4,2.8,1026.0,0,0,28.6,124,66*4D
 
INSERT
STATION sbdservice
IRID_ID 300224010734970
BODY 
Content-Type: application/x-zip-compressed; name="SBMmessage.sbd"
Content-Disposition: attachment; filename="300224010734970_002520.sbd"
Content-Transfer-Encoding: base64

JFc1TTVBLDEyMDMwNiwxOTAwMDUsNjYwZDAwMjg0NDljZTI0NiwxLERBUyAy
LCwsNi40LDkxLDkuNiwtNDEuMSw3LjAsNzcuMCwzLjIsNy4wLDc2LjUsMy4y
LDEwMjYuMCwwLDAsMzMuMywxNjgsNzIqNTINCg0KJFc1TTVBLDEyMDMwNiwx
OTAwMDUsNjYwZDAwMjg0NDljZTI0NiwyLERBUyAyLDEyLjYsMTMuMSwwLjIs
MC40LDAuMDEsNTc5LDU4MSwxNTcsNjI5LDAsMjI4LjgsMTEuOTMsODc1KjYx
DQoNCiRXNU01QSwxMjAzMDYsMTkwMDA1LDY2MGQwMDI4NDQ5Y2UyNDYsMyw3
RjAwNzUwMjNBMDAwMDUzMzIzMDMxMzIzMDMzMzAzNjMxMzgzNDMwMzAzMDU1
NUIwMDMxMzIzMDMzMzAzNjMxMzgzNDMwMkM1NDQxNDIzMDMwMzAzMDMwMkMy
RDMwMzUzMTJFMzEyQzJDMzEzMjJFMzQzNzJDMzQyRTMwMkMzMzM2MzAzMDJD
MzYzMDJDMzYzMDJDMzEyQzMwMzAzNTM3MzAyQzMzMkUzNDMyMkMzMTJFMzIz
NjJDMzEzMjM3MkMzMDJDMzAyRTMxMzUzMTJDMkIzMDMwMkUzMDBEMEFFRjEw
Q0I5RUNBMTk3RjAwNjcwMjNBMDAwMDU3MzIzMDMxMzIzMDMzMzAzNjMxMzgz
NDMwMzAzMEZGNEQwMDAwODBGQjQ0MDAwMDk5NDMwMEIwMzM0ODAwMDAwMzQz
MDU1NDRBM0E5MjQ2QzA0MDIzNkIwOTNCNkVDRDk4M0FDMjM0MTg0MTI0REZD
MzNBMTEzQjVENDExNTM1Qzg0MDU2NTUwNTQyRUVERkZGNDE0RjRBQzkzQTEw
MEEyODQzQzg0MDhGNDIzOUU0M0IzMUY5MTk1MDE5NDM4RTdGMDQ4RTAyM0Ew
MDAwNEI1NjQ4MjAzNzMyMzAzMTMyMzAzMzMwMzYzMTM4MzQzMDMwMzA1RDAw
MDAwMDhGQzJGNTNDMEFEN0EzM0IwRTBBMjg0M0M3NDA4RjQyOThCNjg5NDMz
QUVCODg0MkRDQTM3MDQzOTRGNDhGNDIzRDc2MjY0MzgyNkE4RDQyQUQ4MUU4
NDI3QjVDOEI0MjNFRTNCQjQyODMzODkyNDIzOEEzQkM0MkMxM0I5QzQyMDhF
QjI2NDNDRTFGOUU0MkNFMDUxQTQzRjAxRTg2NDIyQURBMUY0Mzg5Qzk3QTQy
NjVERTVFNDM0RTIxODY0MjM0NkM1RDQzRjMwMDdDNDIxNDFGNDc0M0NBNDE4
NjQyM0U0OTYxNDM2M0QzOEY0MjlFRTE2QTQzMDk1MTlDNDIxNzQxQ0I0MjU5
RTI5QjQyMTIzNTY3NDJDNTIxOUU0MkZFMjU5ODQzRURBNTkxNDJBNzJDOTM0
M0FCQkU4NDQyOThBRTg5NDNFNzZGODY0MjAwRUY3NzQzQ0E1Mjg4NDI3Q0I0
NzQ0MzcxMzc4MzQyOTAwMjc5NDMxQ0NGOEE0MjQyQkM3ODQzNTFENDhCNDI4
MzBEN0Y0M0QyMDc4RTQyMjM0NDlCNDMxQkJCOUE0MkM2NjQ0NzQzRDA2NTlG
NDJGMTlEOEM0M0ExRTI5ODQyQUVFRTlFNDM0RjI5OTI0MjNCQUJBOTQzMDk3
NDg5NDJENzQ0QTc0M0ZCQzA4OTQyREU0Nzk5NDMxODNCOEM0MkQxNUQ5NTQz
MEMzNzhBNDI4ODgxODc0M0IwNTE5MzQyQjk3MjFCNDNBMkQ4OEI0MjA5NTRG
OTQyOTRBNDkxNDI5NzMwMUU0Mjg2RTA5QzQyMkRDMEIyNDNDODg5OTY0MjMz
RDNFRTQyQjFEOTlDNDIxNUMyMTI0MzA5N0U5MTQyRkQzNUQzNDJCQkZGOTU0
MjEwQzNCMjQzNDM1MzhFNDI2MzU4QTc0MzVGQzQ3RDQyNzE2M0FCNDNDMEI0
ODk0MjQ4NEM0NjQxOTQ4NTkyNDJCMjk2NTY0MkUxQzY5NTQyQ0JEMjgwNDI5
QTcxOTY0MjY2NzZFQTQyNkMwRjlDNDI2MjFGMUI0M0JBMUI5MTQyQUJFNkQ5
NDJGMjBGOUU0MjNCRjhBNzQxMEQ4NjlCNDIzQUIxQzg0MkFEMjk5MzQyOTQz
RkI2NDIyRDc2ODQ0MjA5MDE3MTQyMjQ3QTgyNDJBOEZDM0I0MkNGNjQ4NTQy
NTUwQkZBNDFCMzA3OTI0MjA0NDU3OTQzREI5OTk5NDJBRTgyNUQ0MzU4RjI4
NzQyQUI5QjNENDNFNDNGODc0MkMwRDgzMTQzQzEwMDhCNDI5RDZDNTc0MzQ3
QUE4ODQyMTNBMDVGNDMxNTZDODQ0MkFERDM0ODQzMEI2QThFNDJBRjI5MDg0
MzUxQTY4QTQyRDMxQkU3NDJCQzE3ODg0Mjg5Qjc5QzQyRTk4NzlDNDI3MUMx
QkI0MTU0Qzc5QzQyREU3QzIxNDIyOTI1OEM0MjE0NkIxRDQyRkQyMjgzNDI2
NDEzQTM0MjIyMDE4QzQyOTk0RTlFNDJGQjk3OTY0MjZDM0VBRjQzQTg4Qjk3
NDIzNjBBNTE0MkIzNzY5QjQyM0YyNjk4NA==

--SBD.Boundary.605592468
PROCESS /noc/users/iridburst/exec/irid_300224010734970_upd.pl
Last Run  ----1970-01-01 00:00:00 
MONTH  5 
DATA  xxrecord 2012-03-06 19:00:05 :: $W5M5A,120306,190005,660d0028449ce246,1,DAS 2,,,6.4,91,9.6,-41.1,7.0,77.0,3.2,7.0,76.5,3.2,1026.0,0,0,33.3,168,72*52
 
INSERT
STATION sbdservice
IRID_ID 300224010734970
BODY --

From sbdservice@sbd.iridium.com Tue Mar 6 19:04:30 2012
Return-Path: <sbdservice@sbd.iridium.com>
Received: from istbsp01.sbd.iridium.com (outbound.sbd.iridium.com [12.47.179.11])
	by mercury.noc.soton.ac.uk (8.13.1/8.12.11) with ESMTP id q26K4OOn027310
	for <iridburst@noc.soton.ac.uk>; Tue, 6 Mar 2012 20:04:24 GMT
Reply-To: <sbdservice@sbd.iridium.com>
From: sbdservice@sbd.iridium.com
To: iridburst@noc.soton.ac.uk
Subject: SBD Msg From Unit: 300224010734970
MIME-Version: 1.0
Content-Type: multipart/mixed;boundary="SBD.Boundary.605592468"
Message-Id: <19740412024625.5E8E7DE8BF2F47E8@istbsp01.sbd.iridium.com>
Date: Tue,  6 Mar 2012 20:04:24 +0000 (GMT)
X-NOCS-MailScanner-Information: Please contact the ISP for more information
X-NOCS-MailScanner-ID: q26K4OOn027310
X-NOCS-MailScanner: Found to be clean
X-NOCS-MailScanner-SpamCheck: not spam (whitelisted),
	SpamAssassin (not cached, score=-2.599, required 5,
	autolearn=not spam, BAYES_00 -2.60)
X-NOCS-MailScanner-From: sbdservice@sbd.iridium.com
X-Spam-Status: No

SBM Message
--SBD.Boundary.605592468
PROCESS /noc/users/iridburst/exec/irid_300224010734970_upd.pl
Last Run  ----1970-01-01 00:00:00 
MONTH  5 
DATA  xxrecord 2012-03-06 19:00:05 :: $W5M5A,120306,190005,660d0028449ce246,1,DAS 2,,,6.4,91,9.6,-41.1,7.0,77.0,3.2,7.0,76.5,3.2,1026.0,0,0,33.3,168,72*52
 
STATION sbdservice
IRID_ID 300224010734970
BODY --

From sbdservice@sbd.iridium.com Tue Mar 6 20:00:56 2012
Return-Path: <sbdservice@sbd.iridium.com>
Received: from istbsp02.sbd.iridium.com (outbound.sbd.iridium.com [12.47.179.11])
	by mercury.noc.soton.ac.uk (8.13.1/8.12.11) with ESMTP id q26L0oSB001691
	for <iridburst@noc.soton.ac.uk>; Tue, 6 Mar 2012 21:00:50 GMT
Reply-To: <sbdservice@sbd.iridium.com>
From: sbdservice@sbd.iridium.com
To: iridburst@noc.soton.ac.uk
Subject: SBD Msg From Unit: 300224010734970
MIME-Version: 1.0
Content-Type: multipart/mixed;boundary="SBD.Boundary.605592468"
Message-Id: <19740412024625.97335DEBF770F501@istbsp02.sbd.iridium.com>
Date: Tue,  6 Mar 2012 21:00:49 +0000 (GMT)
X-NOCS-MailScanner-Information: Please contact the ISP for more information
X-NOCS-MailScanner-ID: q26L0oSB001691
X-NOCS-MailScanner: Found to be clean
X-NOCS-MailScanner-SpamCheck: not spam (whitelisted),
	SpamAssassin (not cached, score=-2.599, required 5,
	autolearn=not spam, BAYES_00 -2.60)
X-NOCS-MailScanner-From: sbdservice@sbd.iridium.com
X-Spam-Status: No

SBM Message
--SBD.Boundary.605592468
PROCESS /noc/users/iridburst/exec/irid_300224010734970_upd.pl
Last Run  ----1970-01-01 00:00:00 
MONTH  5 
DATA  xxrecord 2012-03-06 19:00:05 :: $W5M5A,120306,190005,660d0028449ce246,1,DAS 2,,,6.4,91,9.6,-41.1,7.0,77.0,3.2,7.0,76.5,3.2,1026.0,0,0,33.3,168,72*52
 
STATION sbdservice
IRID_ID 300224010734970
BODY --

From sbdservice@sbd.iridium.com Tue Mar 6 21:00:48 2012
Return-Path: <sbdservice@sbd.iridium.com>
Received: from istbsp01.sbd.iridium.com (outbound.sbd.iridium.com [12.47.179.11])
	by mercury.noc.soton.ac.uk (8.13.1/8.12.11) with ESMTP id q26M0i43008438
	for <iridburst@noc.soton.ac.uk>; Tue, 6 Mar 2012 22:00:44 GMT
Reply-To: <sbdservice@sbd.iridium.com>
From: sbdservice@sbd.iridium.com
To: iridburst@noc.soton.ac.uk
Subject: SBD Msg From Unit: 300224010734970
MIME-Version: 1.0
Content-Type: multipart/mixed;boundary="SBD.Boundary.605592468"
Message-Id: <19740412024625.61B07EEBB33C6D99@istbsp01.sbd.iridium.com>
Date: Tue,  6 Mar 2012 22:00:44 +0000 (GMT)
X-NOCS-MailScanner-Information: Please contact the ISP for more information
X-NOCS-MailScanner-ID: q26M0i43008438
X-NOCS-MailScanner: Found to be clean
X-NOCS-MailScanner-SpamCheck: not spam (whitelisted),
	SpamAssassin (not cached, score=-2.599, required 5,
	autolearn=not spam, BAYES_00 -2.60)
X-NOCS-MailScanner-From: sbdservice@sbd.iridium.com
X-Spam-Status: No

SBM Message
--SBD.Boundary.605592468
PROCESS /noc/users/iridburst/exec/irid_300224010734970_upd.pl
Last Run  ----1970-01-01 00:00:00 
MONTH  5 
DATA  xxrecord 2012-03-06 19:00:05 :: $W5M5A,120306,190005,660d0028449ce246,1,DAS 2,,,6.4,91,9.6,-41.1,7.0,77.0,3.2,7.0,76.5,3.2,1026.0,0,0,33.3,168,72*52
 
STATION sbdservice
IRID_ID 300224010734970
BODY --

From sbdservice@sbd.iridium.com Tue Mar 6 22:00:59 2012
Return-Path: <sbdservice@sbd.iridium.com>
Received: from istbsp02.sbd.iridium.com (outbound.sbd.iridium.com [12.47.179.11])
	by mercury.noc.soton.ac.uk (8.13.1/8.12.11) with ESMTP id q26N0smO014636
	for <iridburst@noc.soton.ac.uk>; Tue, 6 Mar 2012 23:00:54 GMT
Reply-To: <sbdservice@sbd.iridium.com>
From: sbdservice@sbd.iridium.com
To: iridburst@noc.soton.ac.uk
Subject: SBD Msg From Unit: 300224010734970
MIME-Version: 1.0
Content-Type: multipart/mixed;boundary="SBD.Boundary.605592468"
Message-Id: <19740412024625.EF2E7DEAB771BEF0@istbsp02.sbd.iridium.com>
Date: Tue,  6 Mar 2012 23:00:54 +0000 (GMT)
X-NOCS-MailScanner-Information: Please contact the ISP for more information
X-NOCS-MailScanner-ID: q26N0smO014636
X-NOCS-MailScanner: Found to be clean
X-NOCS-MailScanner-SpamCheck: not spam (whitelisted),
	SpamAssassin (not cached, score=-2.599, required 5,
	autolearn=not spam, BAYES_00 -2.60)
X-NOCS-MailScanner-From: sbdservice@sbd.iridium.com
X-Spam-Status: No

SBM Message
--SBD.Boundary.605592468
PROCESS /noc/users/iridburst/exec/irid_300224010734970_upd.pl
Last Run  ----1970-01-01 00:00:00 
MONTH  5 
DATA  xxrecord 2012-03-06 19:00:05 :: $W5M5A,120306,190005,660d0028449ce246,1,DAS 2,,,6.4,91,9.6,-41.1,7.0,77.0,3.2,7.0,76.5,3.2,1026.0,0,0,33.3,168,72*52
 
STATION sbdservice
IRID_ID 300224010734970
BODY --

From sbdservice@sbd.iridium.com Tue Mar 6 23:01:06 2012
Return-Path: <sbdservice@sbd.iridium.com>
Received: from istbsp01.sbd.iridium.com (outbound.sbd.iridium.com [12.47.179.11])
	by mercury.noc.soton.ac.uk (8.13.1/8.12.11) with ESMTP id q2701054020746
	for <iridburst@noc.soton.ac.uk>; Wed, 7 Mar 2012 00:01:01 GMT
Reply-To: <sbdservice@sbd.iridium.com>
From: sbdservice@sbd.iridium.com
To: iridburst@noc.soton.ac.uk
Subject: SBD Msg From Unit: 300224010734970
MIME-Version: 1.0
Content-Type: multipart/mixed;boundary="SBD.Boundary.605592468"
Message-Id: <19740412024625.6C564CF8372E5715@istbsp01.sbd.iridium.com>
Date: Wed,  7 Mar 2012 00:01:00 +0000 (GMT)
X-NOCS-MailScanner-Information: Please contact the ISP for more information
X-NOCS-MailScanner-ID: q2701054020746
X-NOCS-MailScanner: Found to be clean
X-NOCS-MailScanner-SpamCheck: not spam (whitelisted),
	SpamAssassin (not cached, score=-2.599, required 5,
	autolearn=not spam, BAYES_00 -2.60)
X-NOCS-MailScanner-From: sbdservice@sbd.iridium.com
X-Spam-Status: No

SBM Message
--SBD.Boundary.605592468
PROCESS /noc/users/iridburst/exec/irid_300224010734970_upd.pl
Last Run  ----1970-01-01 00:00:00 
MONTH  5 
DATA  xxrecord 2012-03-06 19:00:05 :: $W5M5A,120306,190005,660d0028449ce246,1,DAS 2,,,6.4,91,9.6,-41.1,7.0,77.0,3.2,7.0,76.5,3.2,1026.0,0,0,33.3,168,72*52
 
STATION sbdservice
IRID_ID 300224010734970
BODY --

From sbdservice@sbd.iridium.com Wed Mar 7 00:00:56 2012
Return-Path: <sbdservice@sbd.iridium.com>
Received: from istbsp02.sbd.iridium.com (outbound.sbd.iridium.com [12.47.179.11])
	by mercury.noc.soton.ac.uk (8.13.1/8.12.11) with ESMTP id q2710qEH026847
	for <iridburst@noc.soton.ac.uk>; Wed, 7 Mar 2012 01:00:52 GMT
Reply-To: <sbdservice@sbd.iridium.com>
From: sbdservice@sbd.iridium.com
To: iridburst@noc.soton.ac.uk
Subject: SBD Msg From Unit: 300224010734970
MIME-Version: 1.0
Content-Type: multipart/mixed;boundary="SBD.Boundary.605592468"
Message-Id: <19740412024625.5B0D5CCBB761E944@istbsp02.sbd.iridium.com>
Date: Wed,  7 Mar 2012 01:00:51 +0000 (GMT)
X-NOCS-MailScanner-Information: Please contact the ISP for more information
X-NOCS-MailScanner-ID: q2710qEH026847
X-NOCS-MailScanner: Found to be clean
X-NOCS-MailScanner-SpamCheck: not spam (whitelisted),
	SpamAssassin (not cached, score=-2.599, required 5,
	autolearn=not spam, BAYES_00 -2.60)
X-NOCS-MailScanner-From: sbdservice@sbd.iridium.com
X-Spam-Status: No

SBM Message
--SBD.Boundary.605592468
PROCESS /noc/users/iridburst/exec/irid_300224010734970_upd.pl
Last Run  ----1970-01-01 00:00:00 
MONTH  5 
DATA  xxrecord 2012-03-06 19:00:05 :: $W5M5A,120306,190005,660d0028449ce246,1,DAS 2,,,6.4,91,9.6,-41.1,7.0,77.0,3.2,7.0,76.5,3.2,1026.0,0,0,33.3,168,72*52
 
STATION sbdservice
IRID_ID 300224010734970
BODY --

From sbdservice@sbd.iridium.com Wed Mar 7 01:00:53 2012
Return-Path: <sbdservice@sbd.iridium.com>
Received: from istbsp01.sbd.iridium.com (outbound.sbd.iridium.com [12.47.179.11])
	by mercury.noc.soton.ac.uk (8.13.1/8.12.11) with ESMTP id q2720nqg001060
	for <iridburst@noc.soton.ac.uk>; Wed, 7 Mar 2012 02:00:50 GMT
Reply-To: <sbdservice@sbd.iridium.com>
From: sbdservice@sbd.iridium.com
To: iridburst@noc.soton.ac.uk
Subject: SBD Msg From Unit: 300224010734970
MIME-Version: 1.0
Content-Type: multipart/mixed;boundary="SBD.Boundary.605592468"
Message-Id: <19740412024625.E02F5FD9333D581D@istbsp01.sbd.iridium.com>
Date: Wed,  7 Mar 2012 02:00:49 +0000 (GMT)
X-NOCS-MailScanner-Information: Please contact the ISP for more information
X-NOCS-MailScanner-ID: q2720nqg001060
X-NOCS-MailScanner: Found to be clean
X-NOCS-MailScanner-SpamCheck: not spam (whitelisted),
	SpamAssassin (not cached, score=-2.599, required 5,
	autolearn=not spam, BAYES_00 -2.60)
X-NOCS-MailScanner-From: sbdservice@sbd.iridium.com
X-Spam-Status: No

SBM Message
--SBD.Boundary.605592468
PROCESS /noc/users/iridburst/exec/irid_300224010734970_upd.pl
Last Run  ----1970-01-01 00:00:00 
MONTH  5 
DATA  xxrecord 2012-03-06 19:00:05 :: $W5M5A,120306,190005,660d0028449ce246,1,DAS 2,,,6.4,91,9.6,-41.1,7.0,77.0,3.2,7.0,76.5,3.2,1026.0,0,0,33.3,168,72*52
 
STATION sbdservice
IRID_ID 300224010734970
BODY --

From sbdservice@sbd.iridium.com Wed Mar 7 02:00:53 2012
Return-Path: <sbdservice@sbd.iridium.com>
Received: from istbsp02.sbd.iridium.com (outbound.sbd.iridium.com [12.47.179.11])
	by mercury.noc.soton.ac.uk (8.13.1/8.12.11) with ESMTP id q2730nho007665
	for <iridburst@noc.soton.ac.uk>; Wed, 7 Mar 2012 03:00:49 GMT
Reply-To: <sbdservice@sbd.iridium.com>
From: sbdservice@sbd.iridium.com
To: iridburst@noc.soton.ac.uk
Subject: SBD Msg From Unit: 300224010734970
MIME-Version: 1.0
Content-Type: multipart/mixed;boundary="SBD.Boundary.605592468"
Message-Id: <19740412024625.8B0F4CE83360FBE5@istbsp02.sbd.iridium.com>
Date: Wed,  7 Mar 2012 03:00:49 +0000 (GMT)
X-NOCS-MailScanner-Information: Please contact the ISP for more information
X-NOCS-MailScanner-ID: q2730nho007665
X-NOCS-MailScanner: Found to be clean
X-NOCS-MailScanner-SpamCheck: not spam (whitelisted),
	SpamAssassin (not cached, score=-2.599, required 5,
	autolearn=not spam, BAYES_00 -2.60)
X-NOCS-MailScanner-From: sbdservice@sbd.iridium.com
X-Spam-Status: No

SBM Message
--SBD.Boundary.605592468
PROCESS /noc/users/iridburst/exec/irid_300224010734970_upd.pl
Last Run  ----1970-01-01 00:00:00 
MONTH  5 
DATA  xxrecord 2012-03-06 19:00:05 :: $W5M5A,120306,190005,660d0028449ce246,1,DAS 2,,,6.4,91,9.6,-41.1,7.0,77.0,3.2,7.0,76.5,3.2,1026.0,0,0,33.3,168,72*52
 
STATION sbdservice
IRID_ID 300224010734970
BODY --

From sbdservice@sbd.iridium.com Wed Mar 7 03:01:04 2012
Return-Path: <sbdservice@sbd.iridium.com>
Received: from istbsp02.sbd.iridium.com (outbound.sbd.iridium.com [12.47.179.11])
	by mercury.noc.soton.ac.uk (8.13.1/8.12.11) with ESMTP id q2740rVG013481
	for <iridburst@noc.soton.ac.uk>; Wed, 7 Mar 2012 04:00:54 GMT
Reply-To: <sbdservice@sbd.iridium.com>
From: sbdservice@sbd.iridium.com
To: iridburst@noc.soton.ac.uk
Subject: SBD Msg From Unit: 300224010734970
MIME-Version: 1.0
Content-Type: multipart/mixed;boundary="SBD.Boundary.605592468"
Message-Id: <19740412024625.12085CC9337114EC@istbsp02.sbd.iridium.com>
Date: Wed,  7 Mar 2012 04:00:52 +0000 (GMT)
X-NOCS-MailScanner-Information: Please contact the ISP for more information
X-NOCS-MailScanner-ID: q2740rVG013481
X-NOCS-MailScanner: Found to be clean
X-NOCS-MailScanner-SpamCheck: not spam (whitelisted),
	SpamAssassin (not cached, score=-2.599, required 5,
	autolearn=not spam, BAYES_00 -2.60)
X-NOCS-MailScanner-From: sbdservice@sbd.iridium.com
X-Spam-Status: No

SBM Message
--SBD.Boundary.605592468
PROCESS /noc/users/iridburst/exec/irid_300224010734970_upd.pl
Last Run  ----1970-01-01 00:00:00 
MONTH  5 
DATA  xxrecord 2012-03-06 19:00:05 :: $W5M5A,120306,190005,660d0028449ce246,1,DAS 2,,,6.4,91,9.6,-41.1,7.0,77.0,3.2,7.0,76.5,3.2,1026.0,0,0,33.3,168,72*52
 
STATION sbdservice
IRID_ID 300224010734970
BODY --

From sbdservice@sbd.iridium.com Wed Mar 7 04:00:53 2012
Return-Path: <sbdservice@sbd.iridium.com>
Received: from istbsp01.sbd.iridium.com (outbound.sbd.iridium.com [12.47.179.11])
	by mercury.noc.soton.ac.uk (8.13.1/8.12.11) with ESMTP id q2750mi4020297
	for <iridburst@noc.soton.ac.uk>; Wed, 7 Mar 2012 05:00:49 GMT
Reply-To: <sbdservice@sbd.iridium.com>
From: sbdservice@sbd.iridium.com
To: iridburst@noc.soton.ac.uk
Subject: SBD Msg From Unit: 300224010734970
MIME-Version: 1.0
Content-Type: multipart/mixed;boundary="SBD.Boundary.605592468"
Message-Id: <19740412024625.A3F25DC87F0C5EB6@istbsp01.sbd.iridium.com>
Date: Wed,  7 Mar 2012 05:00:47 +0000 (GMT)
X-NOCS-MailScanner-Information: Please contact the ISP for more information
X-NOCS-MailScanner-ID: q2750mi4020297
X-NOCS-MailScanner: Found to be clean
X-NOCS-MailScanner-SpamCheck: not spam (whitelisted),
	SpamAssassin (not cached, score=-2.599, required 5,
	autolearn=not spam, BAYES_00 -2.60)
X-NOCS-MailScanner-From: sbdservice@sbd.iridium.com
X-Spam-Status: No

SBM Message
--SBD.Boundary.605592468
PROCESS /noc/users/iridburst/exec/irid_300224010734970_upd.pl
Last Run  ----1970-01-01 00:00:00 
MONTH  5 
DATA  xxrecord 2012-03-06 19:00:05 :: $W5M5A,120306,190005,660d0028449ce246,1,DAS 2,,,6.4,91,9.6,-41.1,7.0,77.0,3.2,7.0,76.5,3.2,1026.0,0,0,33.3,168,72*52
 
STATION sbdservice
IRID_ID 300224010734970
BODY --

From sbdservice@sbd.iridium.com Wed Mar 7 05:00:56 2012
Return-Path: <sbdservice@sbd.iridium.com>
Received: from istbsp02.sbd.iridium.com (outbound.sbd.iridium.com [12.47.179.11])
	by mercury.noc.soton.ac.uk (8.13.1/8.12.11) with ESMTP id q2760qP3026291
	for <iridburst@noc.soton.ac.uk>; Wed, 7 Mar 2012 06:00:53 GMT
Reply-To: <sbdservice@sbd.iridium.com>
From: sbdservice@sbd.iridium.com
To: iridburst@noc.soton.ac.uk
Subject: SBD Msg From Unit: 300224010734970
MIME-Version: 1.0
Content-Type: multipart/mixed;boundary="SBD.Boundary.605592468"
Message-Id: <19740412024625.B1C15EDA775372CD@istbsp02.sbd.iridium.com>
Date: Wed,  7 Mar 2012 06:00:51 +0000 (GMT)
X-NOCS-MailScanner-Information: Please contact the ISP for more information
X-NOCS-MailScanner-ID: q2760qP3026291
X-NOCS-MailScanner: Found to be clean
X-NOCS-MailScanner-SpamCheck: not spam (whitelisted),
	SpamAssassin (not cached, score=-2.599, required 5,
	autolearn=not spam, BAYES_00 -2.60)
X-NOCS-MailScanner-From: sbdservice@sbd.iridium.com
X-Spam-Status: No

SBM Message
--SBD.Boundary.605592468
PROCESS /noc/users/iridburst/exec/irid_300224010734970_upd.pl
Last Run  ----1970-01-01 00:00:00 
MONTH  5 
DATA  xxrecord 2012-03-06 19:00:05 :: $W5M5A,120306,190005,660d0028449ce246,1,DAS 2,,,6.4,91,9.6,-41.1,7.0,77.0,3.2,7.0,76.5,3.2,1026.0,0,0,33.3,168,72*52
 
STATION sbdservice
IRID_ID 300224010734970
BODY --

From sbdservice@sbd.iridium.com Wed Mar 7 07:00:47 2012
Return-Path: <sbdservice@sbd.iridium.com>
Received: from istbsp01.sbd.iridium.com (outbound.sbd.iridium.com [12.47.179.11])
	by mercury.noc.soton.ac.uk (8.13.1/8.12.11) with ESMTP id q2780fDA009254
	for <iridburst@noc.soton.ac.uk>; Wed, 7 Mar 2012 08:00:42 GMT
Reply-To: <sbdservice@sbd.iridium.com>
From: sbdservice@sbd.iridium.com
To: iridburst@noc.soton.ac.uk
Subject: SBD Msg From Unit: 300224010734970
MIME-Version: 1.0
Content-Type: multipart/mixed;boundary="SBD.Boundary.605592468"
Message-Id: <19740412024625.B8EA6EFA7B3DA94B@istbsp01.sbd.iridium.com>
Date: Wed,  7 Mar 2012 08:00:41 +0000 (GMT)
X-NOCS-MailScanner-Information: Please contact the ISP for more information
X-NOCS-MailScanner-ID: q2780fDA009254
X-NOCS-MailScanner: Found to be clean
X-NOCS-MailScanner-SpamCheck: not spam (whitelisted),
	SpamAssassin (not cached, score=-2.599, required 5,
	autolearn=not spam, BAYES_00 -2.60)
X-NOCS-MailScanner-From: sbdservice@sbd.iridium.com
X-Spam-Status: No

SBM Message
--SBD.Boundary.605592468
PROCESS /noc/users/iridburst/exec/irid_300224010734970_upd.pl
Last Run  ----1970-01-01 00:00:00 
MONTH  5 
DATA  xxrecord 2012-03-06 19:00:05 :: $W5M5A,120306,190005,660d0028449ce246,1,DAS 2,,,6.4,91,9.6,-41.1,7.0,77.0,3.2,7.0,76.5,3.2,1026.0,0,0,33.3,168,72*52
 
STATION sbdservice
IRID_ID 300224010734970
BODY 
Content-Type: text/plain;charset=US-ASCII
Content-Disposition: inline
Content-Transfer-Encoding: 7bit

MOMSN: 2532
MTMSN: 0
Time of Session (UTC): Wed Mar  7 08:04:07 2012
Session Status: 13 - Incomplete Transfer
Message Size (bytes): 0

Unit Location: Lat = 50.836567 Long = -3.239700
CEPradius = 147



-- 
This message has been scanned for viruses and
dangerous content by MailScanner, and is
believed to be clean.


--SBD.Boundary.605592468
PROCESS /noc/users/iridburst/exec/irid_300224010734970_upd.pl
Last Run  ----1970-01-01 00:00:00 
MONTH  5 
DATA  xxrecord 2012-03-06 19:00:05 :: $W5M5A,120306,190005,660d0028449ce246,1,DAS 2,,,6.4,91,9.6,-41.1,7.0,77.0,3.2,7.0,76.5,3.2,1026.0,0,0,33.3,168,72*52
 
STATION sbdservice
IRID_ID 300224010734970
BODY 
Content-Type: application/x-zip-compressed; name="SBMmessage.sbd"
Content-Disposition: attachment; filename="300224010734970_002532.sbd"
Content-Transfer-Encoding: base64

JFc1TTVBLDEyMDMwNywwNzAwMDUsNjYwZDAwMjg0NDljZTI0NiwxLERBUyAy
LCwsMTQuNyw4OSwyMy4yLC00MS4xLDguMiw4NC4wLDUuNyw4LjMsODMuNSw1
LjYsMTAxNy45LDAsMCwyOC42LDI3MCw3Myo1MA0KDQokVzVNNUEsMTIwMzA3
LDA3MDAwNSw2NjBkMDAyODQ0OWNlMjQ2LDIsREFTIDIsMTIuNiwxMy4xLDAu
MiwwLjQsMC4wMSw1NzksNTgxLDE1Nyw2MjksMCwyMjguNywxMS45Myw4NzQq
NjENCg0KJFc1TTVBLDEyMDMwNywwNzAwMDUsNjYwZDAwMjg0NDljZTI0Niwz
LDdGMDA3NTAyM0EwMDAwNTMzMjMwMzEzMjMwMzMzMDM3MzAzNjM0MzAzMDMw
NTU1QjAwMzEzMjMwMzMzMDM3MzAzNjM0MzAyQzU0NDE0MjMwMzAzMDMwMzAy
QzJEMzAzNTMxMkUzMTJDMkMzMTMyMkUzNDM4MkMzNDJFMzAyQzMzMzYzMDMw
MkMzNjMwMkMzNjMwMkMzMTJDMzAzMDM1MzczMDJDMzMyRTM0MzIyQzMxMkUz
MjM2MkMzMTMzMzkyQzMwMkMzMDJFMzEzNTMxMkMyQjMwMzAyRTMwMEQwQUYx
MTAwQ0Y0RjUxRDdGMDA2NzAyM0EwMDAwNTczMjMwMzEzMjMwMzMzMDM3MzAz
NjM0MzAzMDMwRkY0RDAwMDA4MEZCNDQwMDgwOTk0MzAwMDA3QTQ3MDAwMDIy
NDM5MDA2MkYzQTgxRTU5RTQwOTAwMUZBM0E2OUEwOEUzQTI0QTMwNzQxNDI0
QkJDM0E3QzM1NEY0MUIxMDNCMjQwNDk5MkU0NDFCQURGRTM0MUEwNzZCMDNB
MTNFMjg2NDM3QzY2OTE0MjNBRkMyMDMxOTYxREYxMkQxMkQ4N0YwNENBMDIz
QTAwMDA0QjU2NDgyMDM3MzIzMDMxMzIzMDMzMzAzNzMwMzYzNDMwMzAzMDYy
MDAwMDAwOEZDMkY1M0MwQUQ3QTMzQjE1RTI4NjQzNzg2NjkxNDJCMDkzN0M0
M0U5MDU5MTQyNzk5QTg1NDMwN0MyOEU0MkRERDg4ODQzMTU5RjhGNDIzOEUw
OEI0M0JENDM5ODQyMzQzNkEwNDM1M0RBOTk0MkQ3QzQ4ODQzMTkyNzk0NDJE
MDFGODg0MzhBMjg5MDQyODNGRjVDNDM4RURDOTQ0MjA1RDcyMjQzNzEzRDhF
NDIyQjAzQzI0MkUwNTI5RDQyRTQ2RjcyNDM2M0VDOUI0MjFGNTk5MDQzNDg0
NTlCNDJDNzJGOTA0MzFEQjc5NzQyRUM0RDM5NDM2RUE4OEM0MkEzM0QxQzQz
QzBCMThDNDIwRjlENUU0MjdDNkE5NTQyQTIxOEFBNDEzQ0VFOTU0MkVDNjg2
RjQzMUVBOTkzNDJCREZBMzk0MzY4NjE5NDQyQzk5REVENDIyOTFFOEQ0MjdC
QUZDQTQyRTU0RDlBNDI3NDExOTU0MzQxRDA5MzQyMzQ1NEE3NDMxODdGOTg0
MkRBMTM1RjQyRkU4QzkzNDI0QTY5N0U0MkY0QTc5NjQyOUZCOUE1NDMzOUE0
OUI0MkM5RkVBQjQzNDlCRThGNDI3MzFCMTc0MjU4NkY3QjQyM0I0NzRGNDIw
N0EzODE0MkJBNTAzNzQyMkUxRjdFNDJGNDE4MEM0MjNFQ0E4OTQyOTJDMTdG
NDI1ODA2OEM0MjNCRTQ4RjQyNjVCNjgwNDJENTk4Rjk0MkRFMDA5MTQyMDY5
MTM1NDMzRDQ0Nzg0MjM2M0UzMDQzRTAwMTg1NDJGMjA3QjA0Mjk3NkU5NDQy
Njk3RDRGNDIyNjNGODQ0MkIxQUU0NTQyOUVFODhCNDIyOEYyOTc0MkQ4OEM5
OTQyRjM5NEMxNDI2RkIwOTA0MjRBNjdFODQyOTE4QTg5NDI2QUE0MEY0MzE1
RkU3RjQyMjA5RDEyNDM5QzFGNzc0MjFGQjMwNzQzQkRGNDk3NDIwMUI3QTg0
MzIzQUE5NjQyM0NERTkxNDNCQTc1OUM0MkQzOTA1RDQzQjRCNTkwNDI3Q0FB
NjU0M0EwQjU3RDQyMzcwOTY5NDM2MDM4ODA0Mjg3OEU4MzQzNTAwNDhFNDI1
RjZDOUE0MzM0MzQ4QTQyQTc0M0E2NDNENkRCOTQ0MkIwODUxNTQxNzMyMTk3
NDI2Njc4QjA0M0M0MTM5NDQyRUJBNTMxNDI4QTExOUY0MkE2RUUzOTQzMDAy
Qjk0NDJDQkEwNEY0MzA1QkU5NDQyMzc5RjNENDNGM0M1OTQ0MjI2REY0ODQz
MjMxOTk4NDI1ODRFQTE0MzVDMTQ4QTQyRDNBMEE5NDMxRDg2N0U0Mjg3QzRB
RTQzNDQ0MDhDNDJENEREOEI0MzY0QjE5OTQyMkJBQTNENDM0RkU3OTM0MkNC
NzIxMjQzQzU4Mzg5NDIxQjg4RkU0MkUwQjY4RjQyNTg4OEE4NDI4REQwOUI0
MkVBQkE1RTQyRTlCRUEwNDI3NDRCOEI0MzU0RDU5MzQyODBCNDg3NDNFREMx
OEI0Mjc3MjU3RjQzMkNERDkzNDI2MkUwMQ==

--SBD.Boundary.605592468
PROCESS /noc/users/iridburst/exec/irid_300224010734970_upd.pl
Last Run  ----1970-01-01 00:00:00 
MONTH  5 
DATA  xxrecord 2012-03-07 07:00:05 :: $W5M5A,120307,070005,660d0028449ce246,1,DAS 2,,,14.7,89,23.2,-41.1,8.2,84.0,5.7,8.3,83.5,5.6,1017.9,0,0,28.6,270,73*50
 
INSERT
STATION sbdservice
IRID_ID 300224010734970
BODY 
Content-Type: application/x-zip-compressed; name="SBMmessage.sbd"
Content-Disposition: attachment; filename="300224010734970_002533.sbd"
Content-Transfer-Encoding: base64

JFc1TTVBLDEyMDMwNywxMDAwMDUsNjYwZDAwMjg0NDljZTI0NiwxLERBUyAy
LDUwNTMuNTQzM04sMTIzLjcyMTVXLDEzLjgsOTIsMjMuOCwtNDEuMSw5LjEs
OTQuNCw4LjMsOS4yLDk0LjQsOC4zLDEwMTQuNywwLDAsMjguNiwxMjksNzAq
NzQNCg0KJFc1TTVBLDEyMDMwNywxMDAwMDUsNjYwZDAwMjg0NDljZTI0Niwy
LERBUyAyLDEyLjYsMTMuMCwwLjIsMC40LDAuMDEsNTc5LDU4MSwxNTcsNjI5
LDAsMjI5LjAsMTEuOTMsODc1KjYxDQoNCiRXNU01QSwxMjAzMDcsMTAwMDA1
LDY2MGQwMDI4NDQ5Y2UyNDYsMyw3RjAwNzUwMjNBMDAwMDUzMzIzMDMxMzIz
MDMzMzAzNzMwMzkzNDMwMzAzMDU1NUIwMDMxMzIzMDMzMzAzNzMwMzkzNDMw
MkM1NDQxNDIzMDMwMzAzMDMwMkMyRDMwMzUzMTJFMzEyQzJDMzEzMjJFMzQz
NDJDMzQyRTMwMkMzMzM2MzAzMDJDMzYzMDJDMzYzMDJDMzEyQzMwMzAzNTM3
MzAyQzMzMkUzNDMyMkMzMTJFMzIzNjJDMzEzNDMyMkMzMDJDMzAyRTMxMzUz
MTJDMkIzMDMwMkUzMDBEMEFFQTEwNDg1NjUxMDY3RjAwNjcwMjNBMDAwMDU3
MzIzMDMxMzIzMDMzMzAzNzMwMzkzNDMwMzAzMEZGNEQwMDAwODBGQjQ0MDA4
MDk5NDMwMDk4Qjc0NzAwMDBDMjQyMzA5QjcwM0E5ODEyRkQ0MDZFRjEyOTNC
NEMyOUI4M0FBRTY0NEU0MUVCNzdFMzNBQjQzMzgzNDE0ODdBRUE0MDQ5OTJF
NDQxMkI5M0U4NDFDRjUyRjYzQTM3QkUwMDQzRkRDNzhCNDI1RkNBM0YzMUQ4
MjAxRTgwNDIwMDdGMDQ0NjAyM0EwMDAwNEI1NjQ4MjAzNzMyMzAzMTMyMzAz
MzMwMzczMDM5MzQzMDMwMzA1NzAwMDAwMDhGQzJGNTNDMEFEN0EzM0IzNUJF
MDA0M0ZBQzc4QjQyRTAyOTExNDNFNTJEOEU0MkJEQjkwNTQzNzY4QzkwNDJG
NkQ1REU0MjlDNTg4RDQyM0IwM0UzNDJCRTE1Nzg0MkQ5QjEwQzQzMjkyMjgw
NDIyOUI3NTY0MzYwOUQ4QjQyMTFFMTczNDMzMTE1OUU0MjcxNTQ5NTQyQUM1
MDk3NDI1NTg5MUU0MUU2NEE5QjQyRDQyODAyNDEwN0U4OTI0MkVFMEQxMzQy
MzEwQjkzNDI5MTk4RDU0MkZGNDk5NzQyODg4NjRENDNDMkVEOUQ0MkFFRjg5
MTQzNzI2OTk4NDIzM0RERjc0MTFBRjE5QjQyQkIzNzI5NDI3NzU0OEI0MkM0
QzBCQzQxOERDRTg3NDI2NzdGREY0MTQ3ODg4RDQyRjNFNDE4NDI4ODAzOEE0
MkEyMTlFMTQxNkRFRDkxNDJGMzI3OTg0MURFN0U5MzQyMTczRkYwNDEzRkY2
ODg0MkMxOTE4RDQyOUQwMDkwNDJFRjI4MUY0MzgyQTI4RjQyNzk4QjYzNDM5
Nzc4OTM0MjU3NDhBMzQzNTZDRDlDNDI3MzJDQTg0MjQwMkQ4NTQyOURBMkI3
NDIyRjZGODE0MkU2RDI0ODQyMjA2Qjk3NDI2MkFCQUY0Mzk2OUI4RjQyOTk1
N0E5NDMxOENFOEM0MjRFNjk5NTQwMzVEMEEwNDJCMkQ4MDA0M0Q1RUU4OTQy
NEU4QUY3NDIwNzhFNjU0MjY0MjJERjQyOTZDNTU2NDJGQ0I5Qjc0MkIxMjg2
ODQyRDU4NUEwNDI1NjU5N0Y0MkVEQjNFRjQyRDY4Mzg2NDIyQjVDMUI0M0Yy
QzI4MzQyRUFENzI5NDM1NTVEOTk0MjBCNzZCQTQxQjIzNDhENDIwMzZDMTU0
MjYxREU4MjQyNDg1OTVFNDI1NzlCOTQ0MjNGMjcwRDQzQUQ2ODkwNDI4NjM5
MDg0MzIxRTA4ODQyQUI0QTE1NDNBMDAyODE0MjBEOTcyNjQzRUY3NjY5NDJB
NTRCMkQ0MzcwODk4MTQyMDI5NDFDNDM5MDg0ODg0Mjg2MkQwRTQzREUzQjcz
NDI0RkZDMDg0Mzg2Q0E3MzQyREY1OEU1NDJFQkM5OTU0MjlBNzNBRDQzRTc4
MjkyNDI5NzUxQTg0MzAzRDg4NjQyRjgyOThDNDFFNTlBOTQ0MjQ0NTcxRTQy
RTc0MTk4NDJCRTlBQjI0M0MwNTk5NTQyQjg4NEE3NDM1MzU1OEQ0MjdFOEFB
NzQzQTlFNjg1NDI4M0FFMEM0MDI5Qjk4QTQyRkMyQUE1NDNBODUyOTY0Mjkx
NEQ4NzQzMDM3NDk4NDJEOTlCRkI0MjEyMjk5MzQyMzI2REVBNDI3NkQyOEE0
MjFGNTI4NjQyMTc0MjkzNDIyMTlDRDg0MTVDNzQ4MzQyMDdFN0I3NDEwQTM0
ODU0MjRDRkY4QTQyQThCODkwNDJEMDk4MDU0MzU1RTI5NDQyRjc3MzcwNDM5
MUM0OUY0MkE0OTZERjQyQ0U3MDkwNDI3NA==

--SBD.Boundary.605592468
PROCESS /noc/users/iridburst/exec/irid_300224010734970_upd.pl
Last Run  ----1970-01-01 00:00:00 
MONTH  5 
DATA  xxrecord 2012-03-07 10:00:05 :: $W5M5A,120307,100005,660d0028449ce246,1,DAS 2,5053.5433N,123.7215W,13.8,92,23.8,-41.1,9.1,94.4,8.3,9.2,94.4,8.3,1014.7,0,0,28.6,129,70*74
 
INSERT
STATION sbdservice
IRID_ID 300224010734970
BODY --

From sbdservice@sbd.iridium.com Wed Mar 7 11:00:54 2012
Return-Path: <sbdservice@sbd.iridium.com>
Received: from istbsp01.sbd.iridium.com (outbound.sbd.iridium.com [12.47.179.11])
	by mercury.noc.soton.ac.uk (8.13.1/8.12.11) with ESMTP id q27C0kqV023825
	for <iridburst@noc.soton.ac.uk>; Wed, 7 Mar 2012 12:00:47 GMT
Reply-To: <sbdservice@sbd.iridium.com>
From: sbdservice@sbd.iridium.com
To: iridburst@noc.soton.ac.uk
Subject: SBD Msg From Unit: 300224010734970
MIME-Version: 1.0
Content-Type: multipart/mixed;boundary="SBD.Boundary.605592468"
Message-Id: <19740412024625.4F826DD93B1D69C0@istbsp01.sbd.iridium.com>
Date: Wed,  7 Mar 2012 12:00:46 +0000 (GMT)
X-NOCS-MailScanner-Information: Please contact the ISP for more information
X-NOCS-MailScanner-ID: q27C0kqV023825
X-NOCS-MailScanner: Found to be clean
X-NOCS-MailScanner-SpamCheck: not spam (whitelisted),
	SpamAssassin (not cached, score=-2.599, required 5,
	autolearn=not spam, BAYES_00 -2.60)
X-NOCS-MailScanner-From: sbdservice@sbd.iridium.com
X-Spam-Status: No

SBM Message
--SBD.Boundary.605592468
PROCESS /noc/users/iridburst/exec/irid_300224010734970_upd.pl
Last Run  ----1970-01-01 00:00:00 
MONTH  5 
DATA  xxrecord 2012-03-07 10:00:05 :: $W5M5A,120307,100005,660d0028449ce246,1,DAS 2,5053.5433N,123.7215W,13.8,92,23.8,-41.1,9.1,94.4,8.3,9.2,94.4,8.3,1014.7,0,0,28.6,129,70*74
 
STATION sbdservice
IRID_ID 300224010734970
BODY --

From sbdservice@sbd.iridium.com Wed Mar 7 12:01:04 2012
Return-Path: <sbdservice@sbd.iridium.com>
Received: from istbsp02.sbd.iridium.com (outbound.sbd.iridium.com [12.47.179.11])
	by mercury.noc.soton.ac.uk (8.13.1/8.12.11) with ESMTP id q27D0wBM001507
	for <iridburst@noc.soton.ac.uk>; Wed, 7 Mar 2012 13:00:58 GMT
Reply-To: <sbdservice@sbd.iridium.com>
From: sbdservice@sbd.iridium.com
To: iridburst@noc.soton.ac.uk
Subject: SBD Msg From Unit: 300224010734970
MIME-Version: 1.0
Content-Type: multipart/mixed;boundary="SBD.Boundary.605592468"
Message-Id: <19740412024625.C63A7EEB7363ACDD@istbsp02.sbd.iridium.com>
Date: Wed,  7 Mar 2012 13:00:57 +0000 (GMT)
X-NOCS-MailScanner-Information: Please contact the ISP for more information
X-NOCS-MailScanner-ID: q27D0wBM001507
X-NOCS-MailScanner: Found to be clean
X-NOCS-MailScanner-SpamCheck: not spam (whitelisted),
	SpamAssassin (not cached, score=-2.599, required 5,
	autolearn=not spam, BAYES_00 -2.60)
X-NOCS-MailScanner-From: sbdservice@sbd.iridium.com
X-Spam-Status: No

SBM Message
--SBD.Boundary.605592468
PROCESS /noc/users/iridburst/exec/irid_300224010734970_upd.pl
Last Run  ----1970-01-01 00:00:00 
MONTH  5 
DATA  xxrecord 2012-03-07 10:00:05 :: $W5M5A,120307,100005,660d0028449ce246,1,DAS 2,5053.5433N,123.7215W,13.8,92,23.8,-41.1,9.1,94.4,8.3,9.2,94.4,8.3,1014.7,0,0,28.6,129,70*74
 
STATION sbdservice
IRID_ID 300224010734970
BODY --

From sbdservice@sbd.iridium.com Wed Mar 7 13:00:54 2012
Return-Path: <sbdservice@sbd.iridium.com>
Received: from istbsp02.sbd.iridium.com (outbound.sbd.iridium.com [12.47.179.11])
	by mercury.noc.soton.ac.uk (8.13.1/8.12.11) with ESMTP id q27E0laF012589
	for <iridburst@noc.soton.ac.uk>; Wed, 7 Mar 2012 14:00:49 GMT
Reply-To: <sbdservice@sbd.iridium.com>
From: sbdservice@sbd.iridium.com
To: iridburst@noc.soton.ac.uk
Subject: SBD Msg From Unit: 300224010734970
MIME-Version: 1.0
Content-Type: multipart/mixed;boundary="SBD.Boundary.605592468"
Message-Id: <19740412024625.7E2C4EC87F41502D@istbsp02.sbd.iridium.com>
Date: Wed,  7 Mar 2012 14:00:47 +0000 (GMT)
X-NOCS-MailScanner-Information: Please contact the ISP for more information
X-NOCS-MailScanner-ID: q27E0laF012589
X-NOCS-MailScanner: Found to be clean
X-NOCS-MailScanner-SpamCheck: not spam (whitelisted),
	SpamAssassin (not cached, score=-2.599, required 5,
	autolearn=not spam, BAYES_00 -2.60)
X-NOCS-MailScanner-From: sbdservice@sbd.iridium.com
X-Spam-Status: No

SBM Message
--SBD.Boundary.605592468
PROCESS /noc/users/iridburst/exec/irid_300224010734970_upd.pl
Last Run  ----1970-01-01 00:00:00 
MONTH  5 
DATA  xxrecord 2012-03-07 10:00:05 :: $W5M5A,120307,100005,660d0028449ce246,1,DAS 2,5053.5433N,123.7215W,13.8,92,23.8,-41.1,9.1,94.4,8.3,9.2,94.4,8.3,1014.7,0,0,28.6,129,70*74
 
STATION sbdservice
IRID_ID 300224010734970
BODY --

From sbdservice@sbd.iridium.com Wed Mar 7 14:01:06 2012
Return-Path: <sbdservice@sbd.iridium.com>
Received: from istbsp01.sbd.iridium.com (outbound.sbd.iridium.com [12.47.179.11])
	by mercury.noc.soton.ac.uk (8.13.1/8.12.11) with ESMTP id q27F122C023781
	for <iridburst@noc.soton.ac.uk>; Wed, 7 Mar 2012 15:01:03 GMT
Reply-To: <sbdservice@sbd.iridium.com>
From: sbdservice@sbd.iridium.com
To: iridburst@noc.soton.ac.uk
Subject: SBD Msg From Unit: 300224010734970
MIME-Version: 1.0
Content-Type: multipart/mixed;boundary="SBD.Boundary.605592468"
Message-Id: <19740412024625.93F24DE8333D0A0A@istbsp01.sbd.iridium.com>
Date: Wed,  7 Mar 2012 15:01:02 +0000 (GMT)
X-NOCS-MailScanner-Information: Please contact the ISP for more information
X-NOCS-MailScanner-ID: q27F122C023781
X-NOCS-MailScanner: Found to be clean
X-NOCS-MailScanner-SpamCheck: not spam (whitelisted),
	SpamAssassin (not cached, score=-2.599, required 5,
	autolearn=not spam, BAYES_00 -2.60)
X-NOCS-MailScanner-From: sbdservice@sbd.iridium.com
X-Spam-Status: No

SBM Message
--SBD.Boundary.605592468
PROCESS /noc/users/iridburst/exec/irid_300224010734970_upd.pl
Last Run  ----1970-01-01 00:00:00 
MONTH  5 
DATA  xxrecord 2012-03-07 10:00:05 :: $W5M5A,120307,100005,660d0028449ce246,1,DAS 2,5053.5433N,123.7215W,13.8,92,23.8,-41.1,9.1,94.4,8.3,9.2,94.4,8.3,1014.7,0,0,28.6,129,70*74
 
STATION sbdservice
IRID_ID 300224010734970
BODY --

From sbdservice@sbd.iridium.com Wed Mar 7 15:01:11 2012
Return-Path: <sbdservice@sbd.iridium.com>
Received: from istbsp01.sbd.iridium.com (outbound.sbd.iridium.com [12.47.179.11])
	by mercury.noc.soton.ac.uk (8.13.1/8.12.11) with ESMTP id q27G16ur002390
	for <iridburst@noc.soton.ac.uk>; Wed, 7 Mar 2012 16:01:07 GMT
Reply-To: <sbdservice@sbd.iridium.com>
From: sbdservice@sbd.iridium.com
To: iridburst@noc.soton.ac.uk
Subject: SBD Msg From Unit: 300224010734970
MIME-Version: 1.0
Content-Type: multipart/mixed;boundary="SBD.Boundary.605592468"
Message-Id: <19740412024625.666A6CF8731D9A40@istbsp01.sbd.iridium.com>
Date: Wed,  7 Mar 2012 16:01:06 +0000 (GMT)
X-NOCS-MailScanner-Information: Please contact the ISP for more information
X-NOCS-MailScanner-ID: q27G16ur002390
X-NOCS-MailScanner: Found to be clean
X-NOCS-MailScanner-SpamCheck: not spam (whitelisted),
	SpamAssassin (not cached, score=-2.599, required 5,
	autolearn=not spam, BAYES_00 -2.60)
X-NOCS-MailScanner-From: sbdservice@sbd.iridium.com
X-Spam-Status: No

SBM Message
--SBD.Boundary.605592468
PROCESS /noc/users/iridburst/exec/irid_300224010734970_upd.pl
Last Run  ----1970-01-01 00:00:00 
MONTH  5 
DATA  xxrecord 2012-03-07 10:00:05 :: $W5M5A,120307,100005,660d0028449ce246,1,DAS 2,5053.5433N,123.7215W,13.8,92,23.8,-41.1,9.1,94.4,8.3,9.2,94.4,8.3,1014.7,0,0,28.6,129,70*74
 
STATION sbdservice
IRID_ID 300224010734970
BODY --

From sbdservice@sbd.iridium.com Wed Mar 7 16:00:51 2012
Return-Path: <sbdservice@sbd.iridium.com>
Received: from istbsp02.sbd.iridium.com (outbound.sbd.iridium.com [12.47.179.11])
	by mercury.noc.soton.ac.uk (8.13.1/8.12.11) with ESMTP id q27H0lKe012991
	for <iridburst@noc.soton.ac.uk>; Wed, 7 Mar 2012 17:00:48 GMT
Reply-To: <sbdservice@sbd.iridium.com>
From: sbdservice@sbd.iridium.com
To: iridburst@noc.soton.ac.uk
Subject: SBD Msg From Unit: 300224010734970
MIME-Version: 1.0
Content-Type: multipart/mixed;boundary="SBD.Boundary.605592468"
Message-Id: <19740412024625.44267FE97742A289@istbsp02.sbd.iridium.com>
Date: Wed,  7 Mar 2012 17:00:47 +0000 (GMT)
X-NOCS-MailScanner-Information: Please contact the ISP for more information
X-NOCS-MailScanner-ID: q27H0lKe012991
X-NOCS-MailScanner: Found to be clean
X-NOCS-MailScanner-SpamCheck: not spam (whitelisted),
	SpamAssassin (not cached, score=-2.599, required 5,
	autolearn=not spam, BAYES_00 -2.60)
X-NOCS-MailScanner-From: sbdservice@sbd.iridium.com
X-Spam-Status: No

SBM Message
--SBD.Boundary.605592468
PROCESS /noc/users/iridburst/exec/irid_300224010734970_upd.pl
Last Run  ----1970-01-01 00:00:00 
MONTH  5 
DATA  xxrecord 2012-03-07 10:00:05 :: $W5M5A,120307,100005,660d0028449ce246,1,DAS 2,5053.5433N,123.7215W,13.8,92,23.8,-41.1,9.1,94.4,8.3,9.2,94.4,8.3,1014.7,0,0,28.6,129,70*74
 
STATION sbdservice
IRID_ID 300224010734970
BODY --

From sbdservice@sbd.iridium.com Wed Mar 7 17:01:00 2012
Return-Path: <sbdservice@sbd.iridium.com>
Received: from istbsp02.sbd.iridium.com (outbound.sbd.iridium.com [12.47.179.11])
	by mercury.noc.soton.ac.uk (8.13.1/8.12.11) with ESMTP id q27I0rxA022798
	for <iridburst@noc.soton.ac.uk>; Wed, 7 Mar 2012 18:00:54 GMT
Reply-To: <sbdservice@sbd.iridium.com>
From: sbdservice@sbd.iridium.com
To: iridburst@noc.soton.ac.uk
Subject: SBD Msg From Unit: 300224010734970
MIME-Version: 1.0
Content-Type: multipart/mixed;boundary="SBD.Boundary.605592468"
Message-Id: <19740412024625.56604DD8BB71D278@istbsp02.sbd.iridium.com>
Date: Wed,  7 Mar 2012 18:00:53 +0000 (GMT)
X-NOCS-MailScanner-Information: Please contact the ISP for more information
X-NOCS-MailScanner-ID: q27I0rxA022798
X-NOCS-MailScanner: Found to be clean
X-NOCS-MailScanner-SpamCheck: not spam (whitelisted),
	SpamAssassin (not cached, score=-2.599, required 5,
	autolearn=not spam, BAYES_00 -2.60)
X-NOCS-MailScanner-From: sbdservice@sbd.iridium.com
X-Spam-Status: No

SBM Message
--SBD.Boundary.605592468
PROCESS /noc/users/iridburst/exec/irid_300224010734970_upd.pl
Last Run  ----1970-01-01 00:00:00 
MONTH  5 
DATA  xxrecord 2012-03-07 10:00:05 :: $W5M5A,120307,100005,660d0028449ce246,1,DAS 2,5053.5433N,123.7215W,13.8,92,23.8,-41.1,9.1,94.4,8.3,9.2,94.4,8.3,1014.7,0,0,28.6,129,70*74
 
STATION sbdservice
IRID_ID 300224010734970
BODY --

From sbdservice@sbd.iridium.com Wed Mar 7 18:01:00 2012
Return-Path: <sbdservice@sbd.iridium.com>
Received: from istbsp01.sbd.iridium.com (outbound.sbd.iridium.com [12.47.179.11])
	by mercury.noc.soton.ac.uk (8.13.1/8.12.11) with ESMTP id q27J0stp032370
	for <iridburst@noc.soton.ac.uk>; Wed, 7 Mar 2012 19:00:56 GMT
Reply-To: <sbdservice@sbd.iridium.com>
From: sbdservice@sbd.iridium.com
To: iridburst@noc.soton.ac.uk
Subject: SBD Msg From Unit: 300224010734970
MIME-Version: 1.0
Content-Type: multipart/mixed;boundary="SBD.Boundary.605592468"
Message-Id: <19740412024625.78B34FEABF0FE874@istbsp01.sbd.iridium.com>
Date: Wed,  7 Mar 2012 19:00:54 +0000 (GMT)
X-NOCS-MailScanner-Information: Please contact the ISP for more information
X-NOCS-MailScanner-ID: q27J0stp032370
X-NOCS-MailScanner: Found to be clean
X-NOCS-MailScanner-SpamCheck: not spam (whitelisted),
	SpamAssassin (not cached, score=-2.599, required 5,
	autolearn=not spam, BAYES_00 -2.60)
X-NOCS-MailScanner-From: sbdservice@sbd.iridium.com
X-Spam-Status: No

SBM Message
--SBD.Boundary.605592468
PROCESS /noc/users/iridburst/exec/irid_300224010734970_upd.pl
Last Run  ----1970-01-01 00:00:00 
MONTH  5 
DATA  xxrecord 2012-03-07 10:00:05 :: $W5M5A,120307,100005,660d0028449ce246,1,DAS 2,5053.5433N,123.7215W,13.8,92,23.8,-41.1,9.1,94.4,8.3,9.2,94.4,8.3,1014.7,0,0,28.6,129,70*74
 
STATION sbdservice
IRID_ID 300224010734970
BODY --

From sbdservice@sbd.iridium.com Wed Mar 7 19:00:55 2012
Return-Path: <sbdservice@sbd.iridium.com>
Received: from istbsp02.sbd.iridium.com (outbound.sbd.iridium.com [12.47.179.11])
	by mercury.noc.soton.ac.uk (8.13.1/8.12.11) with ESMTP id q27K0oCo008171
	for <iridburst@noc.soton.ac.uk>; Wed, 7 Mar 2012 20:00:52 GMT
Reply-To: <sbdservice@sbd.iridium.com>
From: sbdservice@sbd.iridium.com
To: iridburst@noc.soton.ac.uk
Subject: SBD Msg From Unit: 300224010734970
MIME-Version: 1.0
Content-Type: multipart/mixed;boundary="SBD.Boundary.605592468"
Message-Id: <19740412024625.04485FFA3752385B@istbsp02.sbd.iridium.com>
Date: Wed,  7 Mar 2012 20:00:50 +0000 (GMT)
X-NOCS-MailScanner-Information: Please contact the ISP for more information
X-NOCS-MailScanner-ID: q27K0oCo008171
X-NOCS-MailScanner: Found to be clean
X-NOCS-MailScanner-SpamCheck: not spam (whitelisted),
	SpamAssassin (not cached, score=-2.599, required 5,
	autolearn=not spam, BAYES_00 -2.60)
X-NOCS-MailScanner-From: sbdservice@sbd.iridium.com
X-Spam-Status: No

SBM Message
--SBD.Boundary.605592468
PROCESS /noc/users/iridburst/exec/irid_300224010734970_upd.pl
Last Run  ----1970-01-01 00:00:00 
MONTH  5 
DATA  xxrecord 2012-03-07 10:00:05 :: $W5M5A,120307,100005,660d0028449ce246,1,DAS 2,5053.5433N,123.7215W,13.8,92,23.8,-41.1,9.1,94.4,8.3,9.2,94.4,8.3,1014.7,0,0,28.6,129,70*74
 
STATION sbdservice
IRID_ID 300224010734970
BODY --

From sbdservice@sbd.iridium.com Wed Mar 7 20:00:55 2012
Return-Path: <sbdservice@sbd.iridium.com>
Received: from istbsp01.sbd.iridium.com (outbound.sbd.iridium.com [12.47.179.11])
	by mercury.noc.soton.ac.uk (8.13.1/8.12.11) with ESMTP id q27L0pCB015265
	for <iridburst@noc.soton.ac.uk>; Wed, 7 Mar 2012 21:00:51 GMT
Reply-To: <sbdservice@sbd.iridium.com>
From: sbdservice@sbd.iridium.com
To: iridburst@noc.soton.ac.uk
Subject: SBD Msg From Unit: 300224010734970
MIME-Version: 1.0
Content-Type: multipart/mixed;boundary="SBD.Boundary.605592468"
Message-Id: <19740412024625.9E526CF97B2D4490@istbsp01.sbd.iridium.com>
Date: Wed,  7 Mar 2012 21:00:50 +0000 (GMT)
X-NOCS-MailScanner-Information: Please contact the ISP for more information
X-NOCS-MailScanner-ID: q27L0pCB015265
X-NOCS-MailScanner: Found to be clean
X-NOCS-MailScanner-SpamCheck: not spam (whitelisted),
	SpamAssassin (not cached, score=-2.599, required 5,
	autolearn=not spam, BAYES_00 -2.60)
X-NOCS-MailScanner-From: sbdservice@sbd.iridium.com
X-Spam-Status: No

SBM Message
--SBD.Boundary.605592468
PROCESS /noc/users/iridburst/exec/irid_300224010734970_upd.pl
Last Run  ----1970-01-01 00:00:00 
MONTH  5 
DATA  xxrecord 2012-03-07 10:00:05 :: $W5M5A,120307,100005,660d0028449ce246,1,DAS 2,5053.5433N,123.7215W,13.8,92,23.8,-41.1,9.1,94.4,8.3,9.2,94.4,8.3,1014.7,0,0,28.6,129,70*74
 
STATION sbdservice
IRID_ID 300224010734970
BODY --

From sbdservice@sbd.iridium.com Wed Mar 7 21:00:57 2012
Return-Path: <sbdservice@sbd.iridium.com>
Received: from istbsp02.sbd.iridium.com (outbound.sbd.iridium.com [12.47.179.11])
	by mercury.noc.soton.ac.uk (8.13.1/8.12.11) with ESMTP id q27M0rYt022714
	for <iridburst@noc.soton.ac.uk>; Wed, 7 Mar 2012 22:00:53 GMT
Reply-To: <sbdservice@sbd.iridium.com>
From: sbdservice@sbd.iridium.com
To: iridburst@noc.soton.ac.uk
Subject: SBD Msg From Unit: 300224010734970
MIME-Version: 1.0
Content-Type: multipart/mixed;boundary="SBD.Boundary.605592468"
Message-Id: <19740412024625.D90D5FDABF72F3B7@istbsp02.sbd.iridium.com>
Date: Wed,  7 Mar 2012 22:00:52 +0000 (GMT)
X-NOCS-MailScanner-Information: Please contact the ISP for more information
X-NOCS-MailScanner-ID: q27M0rYt022714
X-NOCS-MailScanner: Found to be clean
X-NOCS-MailScanner-SpamCheck: not spam (whitelisted),
	SpamAssassin (not cached, score=-2.599, required 5,
	autolearn=not spam, BAYES_00 -2.60)
X-NOCS-MailScanner-From: sbdservice@sbd.iridium.com
X-Spam-Status: No

SBM Message
--SBD.Boundary.605592468
PROCESS /noc/users/iridburst/exec/irid_300224010734970_upd.pl
Last Run  ----1970-01-01 00:00:00 
MONTH  5 
DATA  xxrecord 2012-03-07 10:00:05 :: $W5M5A,120307,100005,660d0028449ce246,1,DAS 2,5053.5433N,123.7215W,13.8,92,23.8,-41.1,9.1,94.4,8.3,9.2,94.4,8.3,1014.7,0,0,28.6,129,70*74
 
STATION sbdservice
IRID_ID 300224010734970
BODY --

From sbdservice@sbd.iridium.com Wed Mar 7 22:00:51 2012
Return-Path: <sbdservice@sbd.iridium.com>
Received: from istbsp01.sbd.iridium.com (outbound.sbd.iridium.com [12.47.179.11])
	by mercury.noc.soton.ac.uk (8.13.1/8.12.11) with ESMTP id q27N0ji2030054
	for <iridburst@noc.soton.ac.uk>; Wed, 7 Mar 2012 23:00:46 GMT
Reply-To: <sbdservice@sbd.iridium.com>
From: sbdservice@sbd.iridium.com
To: iridburst@noc.soton.ac.uk
Subject: SBD Msg From Unit: 300224010734970
MIME-Version: 1.0
Content-Type: multipart/mixed;boundary="SBD.Boundary.605592468"
Message-Id: <19740412024625.C5CD7EFAFB0F261D@istbsp01.sbd.iridium.com>
Date: Wed,  7 Mar 2012 23:00:45 +0000 (GMT)
X-NOCS-MailScanner-Information: Please contact the ISP for more information
X-NOCS-MailScanner-ID: q27N0ji2030054
X-NOCS-MailScanner: Found to be clean
X-NOCS-MailScanner-SpamCheck: not spam (whitelisted),
	SpamAssassin (not cached, score=-2.599, required 5,
	autolearn=not spam, BAYES_00 -2.60)
X-NOCS-MailScanner-From: sbdservice@sbd.iridium.com
X-Spam-Status: No

SBM Message
--SBD.Boundary.605592468
PROCESS /noc/users/iridburst/exec/irid_300224010734970_upd.pl
Last Run  ----1970-01-01 00:00:00 
MONTH  5 
DATA  xxrecord 2012-03-07 10:00:05 :: $W5M5A,120307,100005,660d0028449ce246,1,DAS 2,5053.5433N,123.7215W,13.8,92,23.8,-41.1,9.1,94.4,8.3,9.2,94.4,8.3,1014.7,0,0,28.6,129,70*74
 
STATION sbdservice
IRID_ID 300224010734970
BODY --

From sbdservice@sbd.iridium.com Wed Mar 7 23:00:57 2012
Return-Path: <sbdservice@sbd.iridium.com>
Received: from istbsp02.sbd.iridium.com (outbound.sbd.iridium.com [12.47.179.11])
	by mercury.noc.soton.ac.uk (8.13.1/8.12.11) with ESMTP id q2800qdr004451
	for <iridburst@noc.soton.ac.uk>; Thu, 8 Mar 2012 00:00:52 GMT
Reply-To: <sbdservice@sbd.iridium.com>
From: sbdservice@sbd.iridium.com
To: iridburst@noc.soton.ac.uk
Subject: SBD Msg From Unit: 300224010734970
MIME-Version: 1.0
Content-Type: multipart/mixed;boundary="SBD.Boundary.605592468"
Message-Id: <19740412024625.0F8D5FDBF77082E6@istbsp02.sbd.iridium.com>
Date: Thu,  8 Mar 2012 00:00:51 +0000 (GMT)
X-NOCS-MailScanner-Information: Please contact the ISP for more information
X-NOCS-MailScanner-ID: q2800qdr004451
X-NOCS-MailScanner: Found to be clean
X-NOCS-MailScanner-SpamCheck: not spam (whitelisted),
	SpamAssassin (not cached, score=-2.599, required 5,
	autolearn=not spam, BAYES_00 -2.60)
X-NOCS-MailScanner-From: sbdservice@sbd.iridium.com
X-Spam-Status: No

SBM Message
--SBD.Boundary.605592468
PROCESS /noc/users/iridburst/exec/irid_300224010734970_upd.pl
Last Run  ----1970-01-01 00:00:00 
MONTH  5 
DATA  xxrecord 2012-03-07 10:00:05 :: $W5M5A,120307,100005,660d0028449ce246,1,DAS 2,5053.5433N,123.7215W,13.8,92,23.8,-41.1,9.1,94.4,8.3,9.2,94.4,8.3,1014.7,0,0,28.6,129,70*74
 
STATION sbdservice
IRID_ID 300224010734970
BODY --

From sbdservice@sbd.iridium.com Thu Mar 8 00:00:56 2012
Return-Path: <sbdservice@sbd.iridium.com>
Received: from istbsp01.sbd.iridium.com (outbound.sbd.iridium.com [12.47.179.11])
	by mercury.noc.soton.ac.uk (8.13.1/8.12.11) with ESMTP id q2810qwf010719
	for <iridburst@noc.soton.ac.uk>; Thu, 8 Mar 2012 01:00:52 GMT
Reply-To: <sbdservice@sbd.iridium.com>
From: sbdservice@sbd.iridium.com
To: iridburst@noc.soton.ac.uk
Subject: SBD Msg From Unit: 300224010734970
MIME-Version: 1.0
Content-Type: multipart/mixed;boundary="SBD.Boundary.605592468"
Message-Id: <19740412024625.75587DCB770D82E1@istbsp01.sbd.iridium.com>
Date: Thu,  8 Mar 2012 01:00:50 +0000 (GMT)
X-NOCS-MailScanner-Information: Please contact the ISP for more information
X-NOCS-MailScanner-ID: q2810qwf010719
X-NOCS-MailScanner: Found to be clean
X-NOCS-MailScanner-SpamCheck: not spam (whitelisted),
	SpamAssassin (not cached, score=-2.599, required 5,
	autolearn=not spam, BAYES_00 -2.60)
X-NOCS-MailScanner-From: sbdservice@sbd.iridium.com
X-Spam-Status: No

SBM Message
--SBD.Boundary.605592468
PROCESS /noc/users/iridburst/exec/irid_300224010734970_upd.pl
Last Run  ----1970-01-01 00:00:00 
MONTH  5 
DATA  xxrecord 2012-03-07 10:00:05 :: $W5M5A,120307,100005,660d0028449ce246,1,DAS 2,5053.5433N,123.7215W,13.8,92,23.8,-41.1,9.1,94.4,8.3,9.2,94.4,8.3,1014.7,0,0,28.6,129,70*74
 
STATION sbdservice
IRID_ID 300224010734970
BODY --

From sbdservice@sbd.iridium.com Thu Mar 8 01:00:58 2012
Return-Path: <sbdservice@sbd.iridium.com>
Received: from istbsp02.sbd.iridium.com (outbound.sbd.iridium.com [12.47.179.11])
	by mercury.noc.soton.ac.uk (8.13.1/8.12.11) with ESMTP id q2820qqY016848
	for <iridburst@noc.soton.ac.uk>; Thu, 8 Mar 2012 02:00:53 GMT
Reply-To: <sbdservice@sbd.iridium.com>
From: sbdservice@sbd.iridium.com
To: iridburst@noc.soton.ac.uk
Subject: SBD Msg From Unit: 300224010734970
MIME-Version: 1.0
Content-Type: multipart/mixed;boundary="SBD.Boundary.605592468"
Message-Id: <19740412024625.36E74FCBB742E570@istbsp02.sbd.iridium.com>
Date: Thu,  8 Mar 2012 02:00:52 +0000 (GMT)
X-NOCS-MailScanner-Information: Please contact the ISP for more information
X-NOCS-MailScanner-ID: q2820qqY016848
X-NOCS-MailScanner: Found to be clean
X-NOCS-MailScanner-SpamCheck: not spam (whitelisted),
	SpamAssassin (not cached, score=-2.599, required 5,
	autolearn=not spam, BAYES_00 -2.60)
X-NOCS-MailScanner-From: sbdservice@sbd.iridium.com
X-Spam-Status: No

SBM Message
--SBD.Boundary.605592468
PROCESS /noc/users/iridburst/exec/irid_300224010734970_upd.pl
Last Run  ----1970-01-01 00:00:00 
MONTH  5 
DATA  xxrecord 2012-03-07 10:00:05 :: $W5M5A,120307,100005,660d0028449ce246,1,DAS 2,5053.5433N,123.7215W,13.8,92,23.8,-41.1,9.1,94.4,8.3,9.2,94.4,8.3,1014.7,0,0,28.6,129,70*74
 
STATION sbdservice
IRID_ID 300224010734970
BODY --

From sbdservice@sbd.iridium.com Thu Mar 8 02:00:56 2012
Return-Path: <sbdservice@sbd.iridium.com>
Received: from istbsp01.sbd.iridium.com (outbound.sbd.iridium.com [12.47.179.11])
	by mercury.noc.soton.ac.uk (8.13.1/8.12.11) with ESMTP id q2830oUg023119
	for <iridburst@noc.soton.ac.uk>; Thu, 8 Mar 2012 03:00:51 GMT
Reply-To: <sbdservice@sbd.iridium.com>
From: sbdservice@sbd.iridium.com
To: iridburst@noc.soton.ac.uk
Subject: SBD Msg From Unit: 300224010734970
MIME-Version: 1.0
Content-Type: multipart/mixed;boundary="SBD.Boundary.605592468"
Message-Id: <19740412024625.15984EFABF2C6F0C@istbsp01.sbd.iridium.com>
Date: Thu,  8 Mar 2012 03:00:49 +0000 (GMT)
X-NOCS-MailScanner-Information: Please contact the ISP for more information
X-NOCS-MailScanner-ID: q2830oUg023119
X-NOCS-MailScanner: Found to be clean
X-NOCS-MailScanner-SpamCheck: not spam (whitelisted),
	SpamAssassin (not cached, score=-2.599, required 5,
	autolearn=not spam, BAYES_00 -2.60)
X-NOCS-MailScanner-From: sbdservice@sbd.iridium.com
X-Spam-Status: No

SBM Message
--SBD.Boundary.605592468
PROCESS /noc/users/iridburst/exec/irid_300224010734970_upd.pl
Last Run  ----1970-01-01 00:00:00 
MONTH  5 
DATA  xxrecord 2012-03-07 10:00:05 :: $W5M5A,120307,100005,660d0028449ce246,1,DAS 2,5053.5433N,123.7215W,13.8,92,23.8,-41.1,9.1,94.4,8.3,9.2,94.4,8.3,1014.7,0,0,28.6,129,70*74
 
STATION sbdservice
IRID_ID 300224010734970
BODY --

From sbdservice@sbd.iridium.com Thu Mar 8 03:01:51 2012
Return-Path: <sbdservice@sbd.iridium.com>
Received: from istbsp02.sbd.iridium.com (outbound.sbd.iridium.com [12.47.179.11])
	by mercury.noc.soton.ac.uk (8.13.1/8.12.11) with ESMTP id q2841ku9029403
	for <iridburst@noc.soton.ac.uk>; Thu, 8 Mar 2012 04:01:47 GMT
Reply-To: <sbdservice@sbd.iridium.com>
From: sbdservice@sbd.iridium.com
To: iridburst@noc.soton.ac.uk
Subject: SBD Msg From Unit: 300224010734970
MIME-Version: 1.0
Content-Type: multipart/mixed;boundary="SBD.Boundary.605592468"
Message-Id: <19740412024625.7AB16EF8BB71F246@istbsp02.sbd.iridium.com>
Date: Thu,  8 Mar 2012 04:01:46 +0000 (GMT)
X-NOCS-MailScanner-Information: Please contact the ISP for more information
X-NOCS-MailScanner-ID: q2841ku9029403
X-NOCS-MailScanner: Found to be clean
X-NOCS-MailScanner-SpamCheck: not spam (whitelisted),
	SpamAssassin (not cached, score=-2.599, required 5,
	autolearn=not spam, BAYES_00 -2.60)
X-NOCS-MailScanner-From: sbdservice@sbd.iridium.com
X-Spam-Status: No

SBM Message
--SBD.Boundary.605592468
PROCESS /noc/users/iridburst/exec/irid_300224010734970_upd.pl
Last Run  ----1970-01-01 00:00:00 
MONTH  5 
DATA  xxrecord 2012-03-07 10:00:05 :: $W5M5A,120307,100005,660d0028449ce246,1,DAS 2,5053.5433N,123.7215W,13.8,92,23.8,-41.1,9.1,94.4,8.3,9.2,94.4,8.3,1014.7,0,0,28.6,129,70*74
 
STATION sbdservice
IRID_ID 300224010734970
BODY --

From sbdservice@sbd.iridium.com Thu Mar 8 04:00:52 2012
Return-Path: <sbdservice@sbd.iridium.com>
Received: from istbsp01.sbd.iridium.com (outbound.sbd.iridium.com [12.47.179.11])
	by mercury.noc.soton.ac.uk (8.13.1/8.12.11) with ESMTP id q2850me6003686
	for <iridburst@noc.soton.ac.uk>; Thu, 8 Mar 2012 05:00:48 GMT
Reply-To: <sbdservice@sbd.iridium.com>
From: sbdservice@sbd.iridium.com
To: iridburst@noc.soton.ac.uk
Subject: SBD Msg From Unit: 300224010734970
MIME-Version: 1.0
Content-Type: multipart/mixed;boundary="SBD.Boundary.605592468"
Message-Id: <19740412024625.74425FDA370F8BC2@istbsp01.sbd.iridium.com>
Date: Thu,  8 Mar 2012 05:00:47 +0000 (GMT)
X-NOCS-MailScanner-Information: Please contact the ISP for more information
X-NOCS-MailScanner-ID: q2850me6003686
X-NOCS-MailScanner: Found to be clean
X-NOCS-MailScanner-SpamCheck: not spam (whitelisted),
	SpamAssassin (not cached, score=-2.599, required 5,
	autolearn=not spam, BAYES_00 -2.60)
X-NOCS-MailScanner-From: sbdservice@sbd.iridium.com
X-Spam-Status: No

SBM Message
--SBD.Boundary.605592468
PROCESS /noc/users/iridburst/exec/irid_300224010734970_upd.pl
Last Run  ----1970-01-01 00:00:00 
MONTH  5 
DATA  xxrecord 2012-03-07 10:00:05 :: $W5M5A,120307,100005,660d0028449ce246,1,DAS 2,5053.5433N,123.7215W,13.8,92,23.8,-41.1,9.1,94.4,8.3,9.2,94.4,8.3,1014.7,0,0,28.6,129,70*74
 
STATION sbdservice
IRID_ID 300224010734970
BODY --

From sbdservice@sbd.iridium.com Thu Mar 8 05:00:54 2012
Return-Path: <sbdservice@sbd.iridium.com>
Received: from istbsp01.sbd.iridium.com (outbound.sbd.iridium.com [12.47.179.11])
	by mercury.noc.soton.ac.uk (8.13.1/8.12.11) with ESMTP id q2860o8p010197
	for <iridburst@noc.soton.ac.uk>; Thu, 8 Mar 2012 06:00:50 GMT
Reply-To: <sbdservice@sbd.iridium.com>
From: sbdservice@sbd.iridium.com
To: iridburst@noc.soton.ac.uk
Subject: SBD Msg From Unit: 300224010734970
MIME-Version: 1.0
Content-Type: multipart/mixed;boundary="SBD.Boundary.605592468"
Message-Id: <19740412024625.B4564DEAB32DBB76@istbsp01.sbd.iridium.com>
Date: Thu,  8 Mar 2012 06:00:50 +0000 (GMT)
X-NOCS-MailScanner-Information: Please contact the ISP for more information
X-NOCS-MailScanner-ID: q2860o8p010197
X-NOCS-MailScanner: Found to be clean
X-NOCS-MailScanner-SpamCheck: not spam (whitelisted),
	SpamAssassin (not cached, score=-2.599, required 5,
	autolearn=not spam, BAYES_00 -2.60)
X-NOCS-MailScanner-From: sbdservice@sbd.iridium.com
X-Spam-Status: No

SBM Message
--SBD.Boundary.605592468
PROCESS /noc/users/iridburst/exec/irid_300224010734970_upd.pl
Last Run  ----1970-01-01 00:00:00 
MONTH  5 
DATA  xxrecord 2012-03-07 10:00:05 :: $W5M5A,120307,100005,660d0028449ce246,1,DAS 2,5053.5433N,123.7215W,13.8,92,23.8,-41.1,9.1,94.4,8.3,9.2,94.4,8.3,1014.7,0,0,28.6,129,70*74
 
STATION sbdservice
IRID_ID 300224010734970
BODY --

From sbdservice@sbd.iridium.com Thu Mar 8 06:00:54 2012
Return-Path: <sbdservice@sbd.iridium.com>
Received: from istbsp01.sbd.iridium.com (outbound.sbd.iridium.com [12.47.179.11])
	by mercury.noc.soton.ac.uk (8.13.1/8.12.11) with ESMTP id q2870ld7019090
	for <iridburst@noc.soton.ac.uk>; Thu, 8 Mar 2012 07:00:47 GMT
Reply-To: <sbdservice@sbd.iridium.com>
From: sbdservice@sbd.iridium.com
To: iridburst@noc.soton.ac.uk
Subject: SBD Msg From Unit: 300224010734970
MIME-Version: 1.0
Content-Type: multipart/mixed;boundary="SBD.Boundary.605592468"
Message-Id: <19740412024625.6BFF5CCBF32FDAC3@istbsp01.sbd.iridium.com>
Date: Thu,  8 Mar 2012 07:00:46 +0000 (GMT)
X-NOCS-MailScanner-Information: Please contact the ISP for more information
X-NOCS-MailScanner-ID: q2870ld7019090
X-NOCS-MailScanner: Found to be clean
X-NOCS-MailScanner-SpamCheck: not spam (whitelisted),
	SpamAssassin (not cached, score=-2.599, required 5,
	autolearn=not spam, BAYES_00 -2.60)
X-NOCS-MailScanner-From: sbdservice@sbd.iridium.com
X-Spam-Status: No

SBM Message
--SBD.Boundary.605592468
PROCESS /noc/users/iridburst/exec/irid_300224010734970_upd.pl
Last Run  ----1970-01-01 00:00:00 
MONTH  5 
DATA  xxrecord 2012-03-07 10:00:05 :: $W5M5A,120307,100005,660d0028449ce246,1,DAS 2,5053.5433N,123.7215W,13.8,92,23.8,-41.1,9.1,94.4,8.3,9.2,94.4,8.3,1014.7,0,0,28.6,129,70*74
 
STATION sbdservice
IRID_ID 300224010734970
BODY --

From sbdservice@sbd.iridium.com Thu Mar 8 07:00:59 2012
Return-Path: <sbdservice@sbd.iridium.com>
Received: from istbsp01.sbd.iridium.com (outbound.sbd.iridium.com [12.47.179.11])
	by mercury.noc.soton.ac.uk (8.13.1/8.12.11) with ESMTP id q2880ssr025563
	for <iridburst@noc.soton.ac.uk>; Thu, 8 Mar 2012 08:00:55 GMT
Reply-To: <sbdservice@sbd.iridium.com>
From: sbdservice@sbd.iridium.com
To: iridburst@noc.soton.ac.uk
Subject: SBD Msg From Unit: 300224010734970
MIME-Version: 1.0
Content-Type: multipart/mixed;boundary="SBD.Boundary.605592468"
Message-Id: <19740412024625.F4256CCB330FE8C4@istbsp01.sbd.iridium.com>
Date: Thu,  8 Mar 2012 08:00:54 +0000 (GMT)
X-NOCS-MailScanner-Information: Please contact the ISP for more information
X-NOCS-MailScanner-ID: q2880ssr025563
X-NOCS-MailScanner: Found to be clean
X-NOCS-MailScanner-SpamCheck: not spam (whitelisted),
	SpamAssassin (not cached, score=-2.599, required 5,
	autolearn=not spam, BAYES_00 -2.60)
X-NOCS-MailScanner-From: sbdservice@sbd.iridium.com
X-Spam-Status: No

SBM Message
--SBD.Boundary.605592468
PROCESS /noc/users/iridburst/exec/irid_300224010734970_upd.pl
Last Run  ----1970-01-01 00:00:00 
MONTH  5 
DATA  xxrecord 2012-03-07 10:00:05 :: $W5M5A,120307,100005,660d0028449ce246,1,DAS 2,5053.5433N,123.7215W,13.8,92,23.8,-41.1,9.1,94.4,8.3,9.2,94.4,8.3,1014.7,0,0,28.6,129,70*74
 
STATION sbdservice
IRID_ID 300224010734970
BODY --

From sbdservice@sbd.iridium.com Thu Mar 8 08:00:53 2012
Return-Path: <sbdservice@sbd.iridium.com>
Received: from istbsp02.sbd.iridium.com (outbound.sbd.iridium.com [12.47.179.11])
	by mercury.noc.soton.ac.uk (8.13.1/8.12.11) with ESMTP id q2890nKK005782
	for <iridburst@noc.soton.ac.uk>; Thu, 8 Mar 2012 09:00:49 GMT
Reply-To: <sbdservice@sbd.iridium.com>
From: sbdservice@sbd.iridium.com
To: iridburst@noc.soton.ac.uk
Subject: SBD Msg From Unit: 300224010734970
MIME-Version: 1.0
Content-Type: multipart/mixed;boundary="SBD.Boundary.605592468"
Message-Id: <19740412024625.54CA4ED93F402F08@istbsp02.sbd.iridium.com>
Date: Thu,  8 Mar 2012 09:00:48 +0000 (GMT)
X-NOCS-MailScanner-Information: Please contact the ISP for more information
X-NOCS-MailScanner-ID: q2890nKK005782
X-NOCS-MailScanner: Found to be clean
X-NOCS-MailScanner-SpamCheck: not spam (whitelisted),
	SpamAssassin (not cached, score=-2.599, required 5,
	autolearn=not spam, BAYES_00 -2.60)
X-NOCS-MailScanner-From: sbdservice@sbd.iridium.com
X-Spam-Status: No

SBM Message
--SBD.Boundary.605592468
PROCESS /noc/users/iridburst/exec/irid_300224010734970_upd.pl
Last Run  ----1970-01-01 00:00:00 
MONTH  5 
DATA  xxrecord 2012-03-07 10:00:05 :: $W5M5A,120307,100005,660d0028449ce246,1,DAS 2,5053.5433N,123.7215W,13.8,92,23.8,-41.1,9.1,94.4,8.3,9.2,94.4,8.3,1014.7,0,0,28.6,129,70*74
 
STATION sbdservice
IRID_ID 300224010734970
BODY --

From sbdservice@sbd.iridium.com Thu Mar 8 09:01:08 2012
Return-Path: <sbdservice@sbd.iridium.com>
Received: from istbsp02.sbd.iridium.com (outbound.sbd.iridium.com [12.47.179.11])
	by mercury.noc.soton.ac.uk (8.13.1/8.12.11) with ESMTP id q28A0xHG015273
	for <iridburst@noc.soton.ac.uk>; Thu, 8 Mar 2012 10:01:00 GMT
Reply-To: <sbdservice@sbd.iridium.com>
From: sbdservice@sbd.iridium.com
To: iridburst@noc.soton.ac.uk
Subject: SBD Msg From Unit: 300224010734970
MIME-Version: 1.0
Content-Type: multipart/mixed;boundary="SBD.Boundary.605592468"
Message-Id: <19740412024625.7D045FFB7360A20E@istbsp02.sbd.iridium.com>
Date: Thu,  8 Mar 2012 10:00:58 +0000 (GMT)
X-NOCS-MailScanner-Information: Please contact the ISP for more information
X-NOCS-MailScanner-ID: q28A0xHG015273
X-NOCS-MailScanner: Found to be clean
X-NOCS-MailScanner-SpamCheck: not spam (whitelisted),
	SpamAssassin (not cached, score=-2.599, required 5,
	autolearn=not spam, BAYES_00 -2.60)
X-NOCS-MailScanner-From: sbdservice@sbd.iridium.com
X-Spam-Status: No

SBM Message
--SBD.Boundary.605592468
PROCESS /noc/users/iridburst/exec/irid_300224010734970_upd.pl
Last Run  ----1970-01-01 00:00:00 
MONTH  5 
DATA  xxrecord 2012-03-07 10:00:05 :: $W5M5A,120307,100005,660d0028449ce246,1,DAS 2,5053.5433N,123.7215W,13.8,92,23.8,-41.1,9.1,94.4,8.3,9.2,94.4,8.3,1014.7,0,0,28.6,129,70*74
 
STATION sbdservice
IRID_ID 300224010734970
BODY --

From sbdservice@sbd.iridium.com Thu Mar 8 10:01:07 2012
Return-Path: <sbdservice@sbd.iridium.com>
Received: from istbsp01.sbd.iridium.com (outbound.sbd.iridium.com [12.47.179.11])
	by mercury.noc.soton.ac.uk (8.13.1/8.12.11) with ESMTP id q28B13w0025768
	for <iridburst@noc.soton.ac.uk>; Thu, 8 Mar 2012 11:01:04 GMT
Reply-To: <sbdservice@sbd.iridium.com>
From: sbdservice@sbd.iridium.com
To: iridburst@noc.soton.ac.uk
Subject: SBD Msg From Unit: 300224010734970
MIME-Version: 1.0
Content-Type: multipart/mixed;boundary="SBD.Boundary.605592468"
Message-Id: <19740412024625.508D7CEBBB2E2658@istbsp01.sbd.iridium.com>
Date: Thu,  8 Mar 2012 11:01:02 +0000 (GMT)
X-NOCS-MailScanner-Information: Please contact the ISP for more information
X-NOCS-MailScanner-ID: q28B13w0025768
X-NOCS-MailScanner: Found to be clean
X-NOCS-MailScanner-SpamCheck: not spam (whitelisted),
	SpamAssassin (not cached, score=-2.599, required 5,
	autolearn=not spam, BAYES_00 -2.60)
X-NOCS-MailScanner-From: sbdservice@sbd.iridium.com
X-Spam-Status: No

SBM Message
--SBD.Boundary.605592468
PROCESS /noc/users/iridburst/exec/irid_300224010734970_upd.pl
Last Run  ----1970-01-01 00:00:00 
MONTH  5 
DATA  xxrecord 2012-03-07 10:00:05 :: $W5M5A,120307,100005,660d0028449ce246,1,DAS 2,5053.5433N,123.7215W,13.8,92,23.8,-41.1,9.1,94.4,8.3,9.2,94.4,8.3,1014.7,0,0,28.6,129,70*74
 
STATION sbdservice
IRID_ID 300224010734970
BODY --

From sbdservice@sbd.iridium.com Thu Mar 8 11:00:50 2012
Return-Path: <sbdservice@sbd.iridium.com>
Received: from istbsp02.sbd.iridium.com (outbound.sbd.iridium.com [12.47.179.11])
	by mercury.noc.soton.ac.uk (8.13.1/8.12.11) with ESMTP id q28C0k6m004378
	for <iridburst@noc.soton.ac.uk>; Thu, 8 Mar 2012 12:00:46 GMT
Reply-To: <sbdservice@sbd.iridium.com>
From: sbdservice@sbd.iridium.com
To: iridburst@noc.soton.ac.uk
Subject: SBD Msg From Unit: 300224010734970
MIME-Version: 1.0
Content-Type: multipart/mixed;boundary="SBD.Boundary.605592468"
Message-Id: <19740412024625.DD514EC97370ABC2@istbsp02.sbd.iridium.com>
Date: Thu,  8 Mar 2012 12:00:45 +0000 (GMT)
X-NOCS-MailScanner-Information: Please contact the ISP for more information
X-NOCS-MailScanner-ID: q28C0k6m004378
X-NOCS-MailScanner: Found to be clean
X-NOCS-MailScanner-SpamCheck: not spam (whitelisted),
	SpamAssassin (not cached, score=-2.599, required 5,
	autolearn=not spam, BAYES_00 -2.60)
X-NOCS-MailScanner-From: sbdservice@sbd.iridium.com
X-Spam-Status: No

SBM Message
--SBD.Boundary.605592468
PROCESS /noc/users/iridburst/exec/irid_300224010734970_upd.pl
Last Run  ----1970-01-01 00:00:00 
MONTH  5 
DATA  xxrecord 2012-03-07 10:00:05 :: $W5M5A,120307,100005,660d0028449ce246,1,DAS 2,5053.5433N,123.7215W,13.8,92,23.8,-41.1,9.1,94.4,8.3,9.2,94.4,8.3,1014.7,0,0,28.6,129,70*74
 
STATION sbdservice
IRID_ID 300224010734970
BODY --

From sbdservice@sbd.iridium.com Thu Mar 8 12:00:58 2012
Return-Path: <sbdservice@sbd.iridium.com>
Received: from istbsp01.sbd.iridium.com (outbound.sbd.iridium.com [12.47.179.11])
	by mercury.noc.soton.ac.uk (8.13.1/8.12.11) with ESMTP id q28D0rbw014921
	for <iridburst@noc.soton.ac.uk>; Thu, 8 Mar 2012 13:00:54 GMT
Reply-To: <sbdservice@sbd.iridium.com>
From: sbdservice@sbd.iridium.com
To: iridburst@noc.soton.ac.uk
Subject: SBD Msg From Unit: 300224010734970
MIME-Version: 1.0
Content-Type: multipart/mixed;boundary="SBD.Boundary.605592468"
Message-Id: <19740412024625.79386CE8FF1F8774@istbsp01.sbd.iridium.com>
Date: Thu,  8 Mar 2012 13:00:53 +0000 (GMT)
X-NOCS-MailScanner-Information: Please contact the ISP for more information
X-NOCS-MailScanner-ID: q28D0rbw014921
X-NOCS-MailScanner: Found to be clean
X-NOCS-MailScanner-SpamCheck: not spam (whitelisted),
	SpamAssassin (not cached, score=-2.599, required 5,
	autolearn=not spam, BAYES_00 -2.60)
X-NOCS-MailScanner-From: sbdservice@sbd.iridium.com
X-Spam-Status: No

SBM Message
--SBD.Boundary.605592468
PROCESS /noc/users/iridburst/exec/irid_300224010734970_upd.pl
Last Run  ----1970-01-01 00:00:00 
MONTH  5 
DATA  xxrecord 2012-03-07 10:00:05 :: $W5M5A,120307,100005,660d0028449ce246,1,DAS 2,5053.5433N,123.7215W,13.8,92,23.8,-41.1,9.1,94.4,8.3,9.2,94.4,8.3,1014.7,0,0,28.6,129,70*74
 
STATION sbdservice
IRID_ID 300224010734970
BODY --

From sbdservice@sbd.iridium.com Thu Mar 8 13:00:53 2012
Return-Path: <sbdservice@sbd.iridium.com>
Received: from istbsp02.sbd.iridium.com (outbound.sbd.iridium.com [12.47.179.11])
	by mercury.noc.soton.ac.uk (8.13.1/8.12.11) with ESMTP id q28E0njm025060
	for <iridburst@noc.soton.ac.uk>; Thu, 8 Mar 2012 14:00:50 GMT
Reply-To: <sbdservice@sbd.iridium.com>
From: sbdservice@sbd.iridium.com
To: iridburst@noc.soton.ac.uk
Subject: SBD Msg From Unit: 300224010734970
MIME-Version: 1.0
Content-Type: multipart/mixed;boundary="SBD.Boundary.605592468"
Message-Id: <19740412024625.056A6EE973615AC2@istbsp02.sbd.iridium.com>
Date: Thu,  8 Mar 2012 14:00:49 +0000 (GMT)
X-NOCS-MailScanner-Information: Please contact the ISP for more information
X-NOCS-MailScanner-ID: q28E0njm025060
X-NOCS-MailScanner: Found to be clean
X-NOCS-MailScanner-SpamCheck: not spam (whitelisted),
	SpamAssassin (not cached, score=-2.599, required 5,
	autolearn=not spam, BAYES_00 -2.60)
X-NOCS-MailScanner-From: sbdservice@sbd.iridium.com
X-Spam-Status: No

SBM Message
--SBD.Boundary.605592468
PROCESS /noc/users/iridburst/exec/irid_300224010734970_upd.pl
Last Run  ----1970-01-01 00:00:00 
MONTH  5 
DATA  xxrecord 2012-03-07 10:00:05 :: $W5M5A,120307,100005,660d0028449ce246,1,DAS 2,5053.5433N,123.7215W,13.8,92,23.8,-41.1,9.1,94.4,8.3,9.2,94.4,8.3,1014.7,0,0,28.6,129,70*74
 
STATION sbdservice
IRID_ID 300224010734970
BODY --

From sbdservice@sbd.iridium.com Thu Mar 8 14:04:22 2012
Return-Path: <sbdservice@sbd.iridium.com>
Received: from istbsp02.sbd.iridium.com (outbound.sbd.iridium.com [12.47.179.11])
	by mercury.noc.soton.ac.uk (8.13.1/8.12.11) with ESMTP id q28F4I33005501
	for <iridburst@noc.soton.ac.uk>; Thu, 8 Mar 2012 15:04:18 GMT
Reply-To: <sbdservice@sbd.iridium.com>
From: sbdservice@sbd.iridium.com
To: iridburst@noc.soton.ac.uk
Subject: SBD Msg From Unit: 300224010734970
MIME-Version: 1.0
Content-Type: multipart/mixed;boundary="SBD.Boundary.605592468"
Message-Id: <19740412024625.6D1C6FC8BF73616A@istbsp02.sbd.iridium.com>
Date: Thu,  8 Mar 2012 15:04:18 +0000 (GMT)
X-NOCS-MailScanner-Information: Please contact the ISP for more information
X-NOCS-MailScanner-ID: q28F4I33005501
X-NOCS-MailScanner: Found to be clean
X-NOCS-MailScanner-SpamCheck: not spam (whitelisted),
	SpamAssassin (not cached, score=-2.599, required 5,
	autolearn=not spam, BAYES_00 -2.60)
X-NOCS-MailScanner-From: sbdservice@sbd.iridium.com
X-Spam-Status: No

SBM Message
--SBD.Boundary.605592468
PROCESS /noc/users/iridburst/exec/irid_300224010734970_upd.pl
Last Run  ----1970-01-01 00:00:00 
MONTH  5 
DATA  xxrecord 2012-03-07 10:00:05 :: $W5M5A,120307,100005,660d0028449ce246,1,DAS 2,5053.5433N,123.7215W,13.8,92,23.8,-41.1,9.1,94.4,8.3,9.2,94.4,8.3,1014.7,0,0,28.6,129,70*74
 
STATION sbdservice
IRID_ID 300224010734970
BODY --

From sbdservice@sbd.iridium.com Thu Mar 8 15:00:37 2012
Return-Path: <sbdservice@sbd.iridium.com>
Received: from istbsp01.sbd.iridium.com (outbound.sbd.iridium.com [12.47.179.11])
	by mercury.noc.soton.ac.uk (8.13.1/8.12.11) with ESMTP id q28G0U1n017130
	for <iridburst@noc.soton.ac.uk>; Thu, 8 Mar 2012 16:00:31 GMT
Reply-To: <sbdservice@sbd.iridium.com>
From: sbdservice@sbd.iridium.com
To: iridburst@noc.soton.ac.uk
Subject: SBD Msg From Unit: 300224010734970
MIME-Version: 1.0
Content-Type: multipart/mixed;boundary="SBD.Boundary.605592468"
Message-Id: <19740412024625.E28C7CDA3F0C3786@istbsp01.sbd.iridium.com>
Date: Thu,  8 Mar 2012 16:00:29 +0000 (GMT)
X-NOCS-MailScanner-Information: Please contact the ISP for more information
X-NOCS-MailScanner-ID: q28G0U1n017130
X-NOCS-MailScanner: Found to be clean
X-NOCS-MailScanner-SpamCheck: not spam (whitelisted),
	SpamAssassin (not cached, score=-2.599, required 5,
	autolearn=not spam, BAYES_00 -2.60)
X-NOCS-MailScanner-From: sbdservice@sbd.iridium.com
X-Spam-Status: No

SBM Message
--SBD.Boundary.605592468
PROCESS /noc/users/iridburst/exec/irid_300224010734970_upd.pl
Last Run  ----1970-01-01 00:00:00 
MONTH  5 
DATA  xxrecord 2012-03-07 10:00:05 :: $W5M5A,120307,100005,660d0028449ce246,1,DAS 2,5053.5433N,123.7215W,13.8,92,23.8,-41.1,9.1,94.4,8.3,9.2,94.4,8.3,1014.7,0,0,28.6,129,70*74
 
STATION sbdservice
IRID_ID 300224010734970
BODY --

From sbdservice@sbd.iridium.com Thu Mar 8 16:00:52 2012
Return-Path: <sbdservice@sbd.iridium.com>
Received: from istbsp01.sbd.iridium.com (outbound.sbd.iridium.com [12.47.179.11])
	by mercury.noc.soton.ac.uk (8.13.1/8.12.11) with ESMTP id q28H0mvG027992
	for <iridburst@noc.soton.ac.uk>; Thu, 8 Mar 2012 17:00:48 GMT
Reply-To: <sbdservice@sbd.iridium.com>
From: sbdservice@sbd.iridium.com
To: iridburst@noc.soton.ac.uk
Subject: SBD Msg From Unit: 300224010734970
MIME-Version: 1.0
Content-Type: multipart/mixed;boundary="SBD.Boundary.605592468"
Message-Id: <19740412024625.FD6E7FC9F72C1B34@istbsp01.sbd.iridium.com>
Date: Thu,  8 Mar 2012 17:00:48 +0000 (GMT)
X-NOCS-MailScanner-Information: Please contact the ISP for more information
X-NOCS-MailScanner-ID: q28H0mvG027992
X-NOCS-MailScanner: Found to be clean
X-NOCS-MailScanner-SpamCheck: not spam (whitelisted),
	SpamAssassin (not cached, score=-2.599, required 5,
	autolearn=not spam, BAYES_00 -2.60)
X-NOCS-MailScanner-From: sbdservice@sbd.iridium.com
X-Spam-Status: No

SBM Message
--SBD.Boundary.605592468
PROCESS /noc/users/iridburst/exec/irid_300224010734970_upd.pl
Last Run  ----1970-01-01 00:00:00 
MONTH  5 
DATA  xxrecord 2012-03-07 10:00:05 :: $W5M5A,120307,100005,660d0028449ce246,1,DAS 2,5053.5433N,123.7215W,13.8,92,23.8,-41.1,9.1,94.4,8.3,9.2,94.4,8.3,1014.7,0,0,28.6,129,70*74
 
STATION sbdservice
IRID_ID 300224010734970
BODY --

From sbdservice@sbd.iridium.com Thu Mar 8 17:00:52 2012
Return-Path: <sbdservice@sbd.iridium.com>
Received: from istbsp02.sbd.iridium.com (outbound.sbd.iridium.com [12.47.179.11])
	by mercury.noc.soton.ac.uk (8.13.1/8.12.11) with ESMTP id q28I0liI005248
	for <iridburst@noc.soton.ac.uk>; Thu, 8 Mar 2012 18:00:48 GMT
Reply-To: <sbdservice@sbd.iridium.com>
From: sbdservice@sbd.iridium.com
To: iridburst@noc.soton.ac.uk
Subject: SBD Msg From Unit: 300224010734970
MIME-Version: 1.0
Content-Type: multipart/mixed;boundary="SBD.Boundary.605592468"
Message-Id: <19740412024625.BDD84CF873522D11@istbsp02.sbd.iridium.com>
Date: Thu,  8 Mar 2012 18:00:47 +0000 (GMT)
X-NOCS-MailScanner-Information: Please contact the ISP for more information
X-NOCS-MailScanner-ID: q28I0liI005248
X-NOCS-MailScanner: Found to be clean
X-NOCS-MailScanner-SpamCheck: not spam (whitelisted),
	SpamAssassin (not cached, score=-2.599, required 5,
	autolearn=not spam, BAYES_00 -2.60)
X-NOCS-MailScanner-From: sbdservice@sbd.iridium.com
X-Spam-Status: No

SBM Message
--SBD.Boundary.605592468
PROCESS /noc/users/iridburst/exec/irid_300224010734970_upd.pl
Last Run  ----1970-01-01 00:00:00 
MONTH  5 
DATA  xxrecord 2012-03-07 10:00:05 :: $W5M5A,120307,100005,660d0028449ce246,1,DAS 2,5053.5433N,123.7215W,13.8,92,23.8,-41.1,9.1,94.4,8.3,9.2,94.4,8.3,1014.7,0,0,28.6,129,70*74
 
STATION sbdservice
IRID_ID 300224010734970
BODY --

From sbdservice@sbd.iridium.com Thu Mar 8 18:01:00 2012
Return-Path: <sbdservice@sbd.iridium.com>
Received: from istbsp02.sbd.iridium.com (outbound.sbd.iridium.com [12.47.179.11])
	by mercury.noc.soton.ac.uk (8.13.1/8.12.11) with ESMTP id q28J0uRm013088
	for <iridburst@noc.soton.ac.uk>; Thu, 8 Mar 2012 19:00:57 GMT
Reply-To: <sbdservice@sbd.iridium.com>
From: sbdservice@sbd.iridium.com
To: iridburst@noc.soton.ac.uk
Subject: SBD Msg From Unit: 300224010734970
MIME-Version: 1.0
Content-Type: multipart/mixed;boundary="SBD.Boundary.605592468"
Message-Id: <19740412024625.72107CFA3743AEAA@istbsp02.sbd.iridium.com>
Date: Thu,  8 Mar 2012 19:00:56 +0000 (GMT)
X-NOCS-MailScanner-Information: Please contact the ISP for more information
X-NOCS-MailScanner-ID: q28J0uRm013088
X-NOCS-MailScanner: Found to be clean
X-NOCS-MailScanner-SpamCheck: not spam (whitelisted),
	SpamAssassin (not cached, score=-2.599, required 5,
	autolearn=not spam, BAYES_00 -2.60)
X-NOCS-MailScanner-From: sbdservice@sbd.iridium.com
X-Spam-Status: No

SBM Message
--SBD.Boundary.605592468
PROCESS /noc/users/iridburst/exec/irid_300224010734970_upd.pl
Last Run  ----1970-01-01 00:00:00 
MONTH  5 
DATA  xxrecord 2012-03-07 10:00:05 :: $W5M5A,120307,100005,660d0028449ce246,1,DAS 2,5053.5433N,123.7215W,13.8,92,23.8,-41.1,9.1,94.4,8.3,9.2,94.4,8.3,1014.7,0,0,28.6,129,70*74
 
STATION sbdservice
IRID_ID 300224010734970
BODY --

From sbdservice@sbd.iridium.com Thu Mar 8 19:00:52 2012
Return-Path: <sbdservice@sbd.iridium.com>
Received: from istbsp01.sbd.iridium.com (outbound.sbd.iridium.com [12.47.179.11])
	by mercury.noc.soton.ac.uk (8.13.1/8.12.11) with ESMTP id q28K0l1Z020525
	for <iridburst@noc.soton.ac.uk>; Thu, 8 Mar 2012 20:00:47 GMT
Reply-To: <sbdservice@sbd.iridium.com>
From: sbdservice@sbd.iridium.com
To: iridburst@noc.soton.ac.uk
Subject: SBD Msg From Unit: 300224010734970
MIME-Version: 1.0
Content-Type: multipart/mixed;boundary="SBD.Boundary.605592468"
Message-Id: <19740412024625.02D84CDABF0FB1C3@istbsp01.sbd.iridium.com>
Date: Thu,  8 Mar 2012 20:00:47 +0000 (GMT)
X-NOCS-MailScanner-Information: Please contact the ISP for more information
X-NOCS-MailScanner-ID: q28K0l1Z020525
X-NOCS-MailScanner: Found to be clean
X-NOCS-MailScanner-SpamCheck: not spam (whitelisted),
	SpamAssassin (not cached, score=-2.599, required 5,
	autolearn=not spam, BAYES_00 -2.60)
X-NOCS-MailScanner-From: sbdservice@sbd.iridium.com
X-Spam-Status: No

SBM Message
--SBD.Boundary.605592468
PROCESS /noc/users/iridburst/exec/irid_300224010734970_upd.pl
Last Run  ----1970-01-01 00:00:00 
MONTH  5 
DATA  xxrecord 2012-03-07 10:00:05 :: $W5M5A,120307,100005,660d0028449ce246,1,DAS 2,5053.5433N,123.7215W,13.8,92,23.8,-41.1,9.1,94.4,8.3,9.2,94.4,8.3,1014.7,0,0,28.6,129,70*74
 
STATION sbdservice
IRID_ID 300224010734970
BODY --

From sbdservice@sbd.iridium.com Thu Mar 8 20:00:57 2012
Return-Path: <sbdservice@sbd.iridium.com>
Received: from istbsp01.sbd.iridium.com (outbound.sbd.iridium.com [12.47.179.11])
	by mercury.noc.soton.ac.uk (8.13.1/8.12.11) with ESMTP id q28L0ruK027943
	for <iridburst@noc.soton.ac.uk>; Thu, 8 Mar 2012 21:00:53 GMT
Reply-To: <sbdservice@sbd.iridium.com>
From: sbdservice@sbd.iridium.com
To: iridburst@noc.soton.ac.uk
Subject: SBD Msg From Unit: 300224010734970
MIME-Version: 1.0
Content-Type: multipart/mixed;boundary="SBD.Boundary.605592468"
Message-Id: <19740412024625.37EF6FCA771F0518@istbsp01.sbd.iridium.com>
Date: Thu,  8 Mar 2012 21:00:52 +0000 (GMT)
X-NOCS-MailScanner-Information: Please contact the ISP for more information
X-NOCS-MailScanner-ID: q28L0ruK027943
X-NOCS-MailScanner: Found to be clean
X-NOCS-MailScanner-SpamCheck: not spam (whitelisted),
	SpamAssassin (not cached, score=-2.599, required 5,
	autolearn=not spam, BAYES_00 -2.60)
X-NOCS-MailScanner-From: sbdservice@sbd.iridium.com
X-Spam-Status: No

SBM Message
--SBD.Boundary.605592468
PROCESS /noc/users/iridburst/exec/irid_300224010734970_upd.pl
Last Run  ----1970-01-01 00:00:00 
MONTH  5 
DATA  xxrecord 2012-03-07 10:00:05 :: $W5M5A,120307,100005,660d0028449ce246,1,DAS 2,5053.5433N,123.7215W,13.8,92,23.8,-41.1,9.1,94.4,8.3,9.2,94.4,8.3,1014.7,0,0,28.6,129,70*74
 
STATION sbdservice
IRID_ID 300224010734970
BODY --

From sbdservice@sbd.iridium.com Thu Mar 8 21:00:54 2012
Return-Path: <sbdservice@sbd.iridium.com>
Received: from istbsp02.sbd.iridium.com (outbound.sbd.iridium.com [12.47.179.11])
	by mercury.noc.soton.ac.uk (8.13.1/8.12.11) with ESMTP id q28M0mRT002037
	for <iridburst@noc.soton.ac.uk>; Thu, 8 Mar 2012 22:00:49 GMT
Reply-To: <sbdservice@sbd.iridium.com>
From: sbdservice@sbd.iridium.com
To: iridburst@noc.soton.ac.uk
Subject: SBD Msg From Unit: 300224010734970
MIME-Version: 1.0
Content-Type: multipart/mixed;boundary="SBD.Boundary.605592468"
Message-Id: <19740412024625.BCB77FF8FB701ED2@istbsp02.sbd.iridium.com>
Date: Thu,  8 Mar 2012 22:00:46 +0000 (GMT)
X-NOCS-MailScanner-Information: Please contact the ISP for more information
X-NOCS-MailScanner-ID: q28M0mRT002037
X-NOCS-MailScanner: Found to be clean
X-NOCS-MailScanner-SpamCheck: not spam (whitelisted),
	SpamAssassin (not cached, score=-2.599, required 5,
	autolearn=not spam, BAYES_00 -2.60)
X-NOCS-MailScanner-From: sbdservice@sbd.iridium.com
X-Spam-Status: No

SBM Message
--SBD.Boundary.605592468
PROCESS /noc/users/iridburst/exec/irid_300224010734970_upd.pl
Last Run  ----1970-01-01 00:00:00 
MONTH  5 
DATA  xxrecord 2012-03-07 10:00:05 :: $W5M5A,120307,100005,660d0028449ce246,1,DAS 2,5053.5433N,123.7215W,13.8,92,23.8,-41.1,9.1,94.4,8.3,9.2,94.4,8.3,1014.7,0,0,28.6,129,70*74
 
STATION sbdservice
IRID_ID 300224010734970
BODY --

From sbdservice@sbd.iridium.com Thu Mar 8 22:01:00 2012
Return-Path: <sbdservice@sbd.iridium.com>
Received: from istbsp02.sbd.iridium.com (outbound.sbd.iridium.com [12.47.179.11])
	by mercury.noc.soton.ac.uk (8.13.1/8.12.11) with ESMTP id q28N0uVw008956
	for <iridburst@noc.soton.ac.uk>; Thu, 8 Mar 2012 23:00:57 GMT
Reply-To: <sbdservice@sbd.iridium.com>
From: sbdservice@sbd.iridium.com
To: iridburst@noc.soton.ac.uk
Subject: SBD Msg From Unit: 300224010734970
MIME-Version: 1.0
Content-Type: multipart/mixed;boundary="SBD.Boundary.605592468"
Message-Id: <19740412024625.3CC87EC9F742FD98@istbsp02.sbd.iridium.com>
Date: Thu,  8 Mar 2012 23:00:55 +0000 (GMT)
X-NOCS-MailScanner-Information: Please contact the ISP for more information
X-NOCS-MailScanner-ID: q28N0uVw008956
X-NOCS-MailScanner: Found to be clean
X-NOCS-MailScanner-SpamCheck: not spam (whitelisted),
	SpamAssassin (not cached, score=-2.599, required 5,
	autolearn=not spam, BAYES_00 -2.60)
X-NOCS-MailScanner-From: sbdservice@sbd.iridium.com
X-Spam-Status: No

SBM Message
--SBD.Boundary.605592468
PROCESS /noc/users/iridburst/exec/irid_300224010734970_upd.pl
Last Run  ----1970-01-01 00:00:00 
MONTH  5 
DATA  xxrecord 2012-03-07 10:00:05 :: $W5M5A,120307,100005,660d0028449ce246,1,DAS 2,5053.5433N,123.7215W,13.8,92,23.8,-41.1,9.1,94.4,8.3,9.2,94.4,8.3,1014.7,0,0,28.6,129,70*74
 
STATION sbdservice
IRID_ID 300224010734970
BODY --

From sbdservice@sbd.iridium.com Thu Mar 8 23:00:54 2012
Return-Path: <sbdservice@sbd.iridium.com>
Received: from istbsp02.sbd.iridium.com (outbound.sbd.iridium.com [12.47.179.11])
	by mercury.noc.soton.ac.uk (8.13.1/8.12.11) with ESMTP id q2900nM9014674
	for <iridburst@noc.soton.ac.uk>; Fri, 9 Mar 2012 00:00:50 GMT
Reply-To: <sbdservice@sbd.iridium.com>
From: sbdservice@sbd.iridium.com
To: iridburst@noc.soton.ac.uk
Subject: SBD Msg From Unit: 300224010734970
MIME-Version: 1.0
Content-Type: multipart/mixed;boundary="SBD.Boundary.605592468"
Message-Id: <19740412024625.DFA25DFABF40A552@istbsp02.sbd.iridium.com>
Date: Fri,  9 Mar 2012 00:00:49 +0000 (GMT)
X-NOCS-MailScanner-Information: Please contact the ISP for more information
X-NOCS-MailScanner-ID: q2900nM9014674
X-NOCS-MailScanner: Found to be clean
X-NOCS-MailScanner-SpamCheck: not spam (whitelisted),
	SpamAssassin (not cached, score=-2.599, required 5,
	autolearn=not spam, BAYES_00 -2.60)
X-NOCS-MailScanner-From: sbdservice@sbd.iridium.com
X-Spam-Status: No

SBM Message
--SBD.Boundary.605592468
PROCESS /noc/users/iridburst/exec/irid_300224010734970_upd.pl
Last Run  ----1970-01-01 00:00:00 
MONTH  5 
DATA  xxrecord 2012-03-07 10:00:05 :: $W5M5A,120307,100005,660d0028449ce246,1,DAS 2,5053.5433N,123.7215W,13.8,92,23.8,-41.1,9.1,94.4,8.3,9.2,94.4,8.3,1014.7,0,0,28.6,129,70*74
 
STATION sbdservice
IRID_ID 300224010734970
BODY --

From sbdservice@sbd.iridium.com Fri Mar 9 00:00:56 2012
Return-Path: <sbdservice@sbd.iridium.com>
Received: from istbsp01.sbd.iridium.com (outbound.sbd.iridium.com [12.47.179.11])
	by mercury.noc.soton.ac.uk (8.13.1/8.12.11) with ESMTP id q2910pY9021354
	for <iridburst@noc.soton.ac.uk>; Fri, 9 Mar 2012 01:00:52 GMT
Reply-To: <sbdservice@sbd.iridium.com>
From: sbdservice@sbd.iridium.com
To: iridburst@noc.soton.ac.uk
Subject: SBD Msg From Unit: 300224010734970
MIME-Version: 1.0
Content-Type: multipart/mixed;boundary="SBD.Boundary.605592468"
Message-Id: <19740412024625.A6877EE97F1E5BB1@istbsp01.sbd.iridium.com>
Date: Fri,  9 Mar 2012 01:00:49 +0000 (GMT)
X-NOCS-MailScanner-Information: Please contact the ISP for more information
X-NOCS-MailScanner-ID: q2910pY9021354
X-NOCS-MailScanner: Found to be clean
X-NOCS-MailScanner-SpamCheck: not spam (whitelisted),
	SpamAssassin (not cached, score=-2.599, required 5,
	autolearn=not spam, BAYES_00 -2.60)
X-NOCS-MailScanner-From: sbdservice@sbd.iridium.com
X-Spam-Status: No

SBM Message
--SBD.Boundary.605592468
PROCESS /noc/users/iridburst/exec/irid_300224010734970_upd.pl
Last Run  ----1970-01-01 00:00:00 
MONTH  5 
DATA  xxrecord 2012-03-07 10:00:05 :: $W5M5A,120307,100005,660d0028449ce246,1,DAS 2,5053.5433N,123.7215W,13.8,92,23.8,-41.1,9.1,94.4,8.3,9.2,94.4,8.3,1014.7,0,0,28.6,129,70*74
 
STATION sbdservice
IRID_ID 300224010734970
BODY --

From sbdservice@sbd.iridium.com Fri Mar 9 01:00:58 2012
Return-Path: <sbdservice@sbd.iridium.com>
Received: from istbsp02.sbd.iridium.com (outbound.sbd.iridium.com [12.47.179.11])
	by mercury.noc.soton.ac.uk (8.13.1/8.12.11) with ESMTP id q2920rcv027428
	for <iridburst@noc.soton.ac.uk>; Fri, 9 Mar 2012 02:00:53 GMT
Reply-To: <sbdservice@sbd.iridium.com>
From: sbdservice@sbd.iridium.com
To: iridburst@noc.soton.ac.uk
Subject: SBD Msg From Unit: 300224010734970
MIME-Version: 1.0
Content-Type: multipart/mixed;boundary="SBD.Boundary.605592468"
Message-Id: <19740412024625.10D37FF9FF42D189@istbsp02.sbd.iridium.com>
Date: Fri,  9 Mar 2012 02:00:52 +0000 (GMT)
X-NOCS-MailScanner-Information: Please contact the ISP for more information
X-NOCS-MailScanner-ID: q2920rcv027428
X-NOCS-MailScanner: Found to be clean
X-NOCS-MailScanner-SpamCheck: not spam (whitelisted),
	SpamAssassin (not cached, score=-2.599, required 5,
	autolearn=not spam, BAYES_00 -2.60)
X-NOCS-MailScanner-From: sbdservice@sbd.iridium.com
X-Spam-Status: No

SBM Message
--SBD.Boundary.605592468
PROCESS /noc/users/iridburst/exec/irid_300224010734970_upd.pl
Last Run  ----1970-01-01 00:00:00 
MONTH  5 
DATA  xxrecord 2012-03-07 10:00:05 :: $W5M5A,120307,100005,660d0028449ce246,1,DAS 2,5053.5433N,123.7215W,13.8,92,23.8,-41.1,9.1,94.4,8.3,9.2,94.4,8.3,1014.7,0,0,28.6,129,70*74
 
STATION sbdservice
IRID_ID 300224010734970
BODY --

From sbdservice@sbd.iridium.com Fri Mar 9 02:01:11 2012
Return-Path: <sbdservice@sbd.iridium.com>
Received: from istbsp01.sbd.iridium.com (outbound.sbd.iridium.com [12.47.179.11])
	by mercury.noc.soton.ac.uk (8.13.1/8.12.11) with ESMTP id q29317bf001821
	for <iridburst@noc.soton.ac.uk>; Fri, 9 Mar 2012 03:01:08 GMT
Reply-To: <sbdservice@sbd.iridium.com>
From: sbdservice@sbd.iridium.com
To: iridburst@noc.soton.ac.uk
Subject: SBD Msg From Unit: 300224010734970
MIME-Version: 1.0
Content-Type: multipart/mixed;boundary="SBD.Boundary.605592468"
Message-Id: <19740412024625.B2427CF93F1D4EC0@istbsp01.sbd.iridium.com>
Date: Fri,  9 Mar 2012 03:01:07 +0000 (GMT)
X-NOCS-MailScanner-Information: Please contact the ISP for more information
X-NOCS-MailScanner-ID: q29317bf001821
X-NOCS-MailScanner: Found to be clean
X-NOCS-MailScanner-SpamCheck: not spam (whitelisted),
	SpamAssassin (not cached, score=-2.599, required 5,
	autolearn=not spam, BAYES_00 -2.60)
X-NOCS-MailScanner-From: sbdservice@sbd.iridium.com
X-Spam-Status: No

SBM Message
--SBD.Boundary.605592468
PROCESS /noc/users/iridburst/exec/irid_300224010734970_upd.pl
Last Run  ----1970-01-01 00:00:00 
MONTH  5 
DATA  xxrecord 2012-03-07 10:00:05 :: $W5M5A,120307,100005,660d0028449ce246,1,DAS 2,5053.5433N,123.7215W,13.8,92,23.8,-41.1,9.1,94.4,8.3,9.2,94.4,8.3,1014.7,0,0,28.6,129,70*74
 
STATION sbdservice
IRID_ID 300224010734970
BODY --

From sbdservice@sbd.iridium.com Fri Mar 9 03:01:00 2012
Return-Path: <sbdservice@sbd.iridium.com>
Received: from istbsp02.sbd.iridium.com (outbound.sbd.iridium.com [12.47.179.11])
	by mercury.noc.soton.ac.uk (8.13.1/8.12.11) with ESMTP id q2940t1p008226
	for <iridburst@noc.soton.ac.uk>; Fri, 9 Mar 2012 04:00:55 GMT
Reply-To: <sbdservice@sbd.iridium.com>
From: sbdservice@sbd.iridium.com
To: iridburst@noc.soton.ac.uk
Subject: SBD Msg From Unit: 300224010734970
MIME-Version: 1.0
Content-Type: multipart/mixed;boundary="SBD.Boundary.605592468"
Message-Id: <19740412024625.97377EFB3342F84C@istbsp02.sbd.iridium.com>
Date: Fri,  9 Mar 2012 04:00:54 +0000 (GMT)
X-NOCS-MailScanner-Information: Please contact the ISP for more information
X-NOCS-MailScanner-ID: q2940t1p008226
X-NOCS-MailScanner: Found to be clean
X-NOCS-MailScanner-SpamCheck: not spam (whitelisted),
	SpamAssassin (not cached, score=-2.599, required 5,
	autolearn=not spam, BAYES_00 -2.60)
X-NOCS-MailScanner-From: sbdservice@sbd.iridium.com
X-Spam-Status: No

SBM Message
--SBD.Boundary.605592468
PROCESS /noc/users/iridburst/exec/irid_300224010734970_upd.pl
Last Run  ----1970-01-01 00:00:00 
MONTH  5 
DATA  xxrecord 2012-03-07 10:00:05 :: $W5M5A,120307,100005,660d0028449ce246,1,DAS 2,5053.5433N,123.7215W,13.8,92,23.8,-41.1,9.1,94.4,8.3,9.2,94.4,8.3,1014.7,0,0,28.6,129,70*74
 
STATION sbdservice
IRID_ID 300224010734970
BODY --

From sbdservice@sbd.iridium.com Fri Mar 9 04:00:55 2012
Return-Path: <sbdservice@sbd.iridium.com>
Received: from istbsp02.sbd.iridium.com (outbound.sbd.iridium.com [12.47.179.11])
	by mercury.noc.soton.ac.uk (8.13.1/8.12.11) with ESMTP id q2950mOx015056
	for <iridburst@noc.soton.ac.uk>; Fri, 9 Mar 2012 05:00:49 GMT
Reply-To: <sbdservice@sbd.iridium.com>
From: sbdservice@sbd.iridium.com
To: iridburst@noc.soton.ac.uk
Subject: SBD Msg From Unit: 300224010734970
MIME-Version: 1.0
Content-Type: multipart/mixed;boundary="SBD.Boundary.605592468"
Message-Id: <19740412024625.CDE24DFB3B531C79@istbsp02.sbd.iridium.com>
Date: Fri,  9 Mar 2012 05:00:46 +0000 (GMT)
X-NOCS-MailScanner-Information: Please contact the ISP for more information
X-NOCS-MailScanner-ID: q2950mOx015056
X-NOCS-MailScanner: Found to be clean
X-NOCS-MailScanner-SpamCheck: not spam (whitelisted),
	SpamAssassin (not cached, score=-2.599, required 5,
	autolearn=not spam, BAYES_00 -2.60)
X-NOCS-MailScanner-From: sbdservice@sbd.iridium.com
X-Spam-Status: No

SBM Message
--SBD.Boundary.605592468
PROCESS /noc/users/iridburst/exec/irid_300224010734970_upd.pl
Last Run  ----1970-01-01 00:00:00 
MONTH  5 
DATA  xxrecord 2012-03-07 10:00:05 :: $W5M5A,120307,100005,660d0028449ce246,1,DAS 2,5053.5433N,123.7215W,13.8,92,23.8,-41.1,9.1,94.4,8.3,9.2,94.4,8.3,1014.7,0,0,28.6,129,70*74
 
STATION sbdservice
IRID_ID 300224010734970
BODY --

From sbdservice@sbd.iridium.com Fri Mar 9 05:00:54 2012
Return-Path: <sbdservice@sbd.iridium.com>
Received: from istbsp02.sbd.iridium.com (outbound.sbd.iridium.com [12.47.179.11])
	by mercury.noc.soton.ac.uk (8.13.1/8.12.11) with ESMTP id q2960o0l021078
	for <iridburst@noc.soton.ac.uk>; Fri, 9 Mar 2012 06:00:51 GMT
Reply-To: <sbdservice@sbd.iridium.com>
From: sbdservice@sbd.iridium.com
To: iridburst@noc.soton.ac.uk
Subject: SBD Msg From Unit: 300224010734970
MIME-Version: 1.0
Content-Type: multipart/mixed;boundary="SBD.Boundary.605592468"
Message-Id: <19740412024625.CAE94DFAF76350BE@istbsp02.sbd.iridium.com>
Date: Fri,  9 Mar 2012 06:00:50 +0000 (GMT)
X-NOCS-MailScanner-Information: Please contact the ISP for more information
X-NOCS-MailScanner-ID: q2960o0l021078
X-NOCS-MailScanner: Found to be clean
X-NOCS-MailScanner-SpamCheck: not spam (whitelisted),
	SpamAssassin (not cached, score=-2.599, required 5,
	autolearn=not spam, BAYES_00 -2.60)
X-NOCS-MailScanner-From: sbdservice@sbd.iridium.com
X-Spam-Status: No

SBM Message
--SBD.Boundary.605592468
PROCESS /noc/users/iridburst/exec/irid_300224010734970_upd.pl
Last Run  ----1970-01-01 00:00:00 
MONTH  5 
DATA  xxrecord 2012-03-07 10:00:05 :: $W5M5A,120307,100005,660d0028449ce246,1,DAS 2,5053.5433N,123.7215W,13.8,92,23.8,-41.1,9.1,94.4,8.3,9.2,94.4,8.3,1014.7,0,0,28.6,129,70*74
 
STATION sbdservice
IRID_ID 300224010734970
BODY --

From sbdservice@sbd.iridium.com Fri Mar 9 06:00:57 2012
Return-Path: <sbdservice@sbd.iridium.com>
Received: from istbsp01.sbd.iridium.com (outbound.sbd.iridium.com [12.47.179.11])
	by mercury.noc.soton.ac.uk (8.13.1/8.12.11) with ESMTP id q2970prO030348
	for <iridburst@noc.soton.ac.uk>; Fri, 9 Mar 2012 07:00:52 GMT
Reply-To: <sbdservice@sbd.iridium.com>
From: sbdservice@sbd.iridium.com
To: iridburst@noc.soton.ac.uk
Subject: SBD Msg From Unit: 300224010734970
MIME-Version: 1.0
Content-Type: multipart/mixed;boundary="SBD.Boundary.605592468"
Message-Id: <19740412024625.89BB4CC9FF1F3F9D@istbsp01.sbd.iridium.com>
Date: Fri,  9 Mar 2012 07:00:49 +0000 (GMT)
X-NOCS-MailScanner-Information: Please contact the ISP for more information
X-NOCS-MailScanner-ID: q2970prO030348
X-NOCS-MailScanner: Found to be clean
X-NOCS-MailScanner-SpamCheck: not spam (whitelisted),
	SpamAssassin (not cached, score=-2.599, required 5,
	autolearn=not spam, BAYES_00 -2.60)
X-NOCS-MailScanner-From: sbdservice@sbd.iridium.com
X-Spam-Status: No

SBM Message
--SBD.Boundary.605592468
PROCESS /noc/users/iridburst/exec/irid_300224010734970_upd.pl
Last Run  ----1970-01-01 00:00:00 
MONTH  5 
DATA  xxrecord 2012-03-07 10:00:05 :: $W5M5A,120307,100005,660d0028449ce246,1,DAS 2,5053.5433N,123.7215W,13.8,92,23.8,-41.1,9.1,94.4,8.3,9.2,94.4,8.3,1014.7,0,0,28.6,129,70*74
 
STATION sbdservice
IRID_ID 300224010734970
BODY --

From sbdservice@sbd.iridium.com Fri Mar 9 07:01:10 2012
Return-Path: <sbdservice@sbd.iridium.com>
Received: from istbsp02.sbd.iridium.com (outbound.sbd.iridium.com [12.47.179.11])
	by mercury.noc.soton.ac.uk (8.13.1/8.12.11) with ESMTP id q29814cJ005421
	for <iridburst@noc.soton.ac.uk>; Fri, 9 Mar 2012 08:01:05 GMT
Reply-To: <sbdservice@sbd.iridium.com>
From: sbdservice@sbd.iridium.com
To: iridburst@noc.soton.ac.uk
Subject: SBD Msg From Unit: 300224010734970
MIME-Version: 1.0
Content-Type: multipart/mixed;boundary="SBD.Boundary.605592468"
Message-Id: <19740412024625.77937DEA7750984A@istbsp02.sbd.iridium.com>
Date: Fri,  9 Mar 2012 08:00:58 +0000 (GMT)
X-NOCS-MailScanner-Information: Please contact the ISP for more information
X-NOCS-MailScanner-ID: q29814cJ005421
X-NOCS-MailScanner: Found to be clean
X-NOCS-MailScanner-SpamCheck: not spam (whitelisted),
	SpamAssassin (not cached, score=-2.599, required 5,
	autolearn=not spam, BAYES_00 -2.60)
X-NOCS-MailScanner-From: sbdservice@sbd.iridium.com
X-Spam-Status: No

SBM Message
--SBD.Boundary.605592468
PROCESS /noc/users/iridburst/exec/irid_300224010734970_upd.pl
Last Run  ----1970-01-01 00:00:00 
MONTH  5 
DATA  xxrecord 2012-03-07 10:00:05 :: $W5M5A,120307,100005,660d0028449ce246,1,DAS 2,5053.5433N,123.7215W,13.8,92,23.8,-41.1,9.1,94.4,8.3,9.2,94.4,8.3,1014.7,0,0,28.6,129,70*74
 
STATION sbdservice
IRID_ID 300224010734970
BODY --

From sbdservice@sbd.iridium.com Fri Mar 9 08:01:12 2012
Return-Path: <sbdservice@sbd.iridium.com>
Received: from istbsp02.sbd.iridium.com (outbound.sbd.iridium.com [12.47.179.11])
	by mercury.noc.soton.ac.uk (8.13.1/8.12.11) with ESMTP id q29917Ea018325
	for <iridburst@noc.soton.ac.uk>; Fri, 9 Mar 2012 09:01:08 GMT
Reply-To: <sbdservice@sbd.iridium.com>
From: sbdservice@sbd.iridium.com
To: iridburst@noc.soton.ac.uk
Subject: SBD Msg From Unit: 300224010734970
MIME-Version: 1.0
Content-Type: multipart/mixed;boundary="SBD.Boundary.605592468"
Message-Id: <19740412024625.C8205DFBB7432123@istbsp02.sbd.iridium.com>
Date: Fri,  9 Mar 2012 09:01:07 +0000 (GMT)
X-NOCS-MailScanner-Information: Please contact the ISP for more information
X-NOCS-MailScanner-ID: q29917Ea018325
X-NOCS-MailScanner: Found to be clean
X-NOCS-MailScanner-SpamCheck: not spam (whitelisted),
	SpamAssassin (not cached, score=-2.599, required 5,
	autolearn=not spam, BAYES_00 -2.60)
X-NOCS-MailScanner-From: sbdservice@sbd.iridium.com
X-Spam-Status: No

SBM Message
--SBD.Boundary.605592468
PROCESS /noc/users/iridburst/exec/irid_300224010734970_upd.pl
Last Run  ----1970-01-01 00:00:00 
MONTH  5 
DATA  xxrecord 2012-03-07 10:00:05 :: $W5M5A,120307,100005,660d0028449ce246,1,DAS 2,5053.5433N,123.7215W,13.8,92,23.8,-41.1,9.1,94.4,8.3,9.2,94.4,8.3,1014.7,0,0,28.6,129,70*74
 
STATION sbdservice
IRID_ID 300224010734970
BODY --

From sbdservice@sbd.iridium.com Fri Mar 9 09:01:02 2012
Return-Path: <sbdservice@sbd.iridium.com>
Received: from istbsp02.sbd.iridium.com (outbound.sbd.iridium.com [12.47.179.11])
	by mercury.noc.soton.ac.uk (8.13.1/8.12.11) with ESMTP id q29A0w7v028171
	for <iridburst@noc.soton.ac.uk>; Fri, 9 Mar 2012 10:00:58 GMT
Reply-To: <sbdservice@sbd.iridium.com>
From: sbdservice@sbd.iridium.com
To: iridburst@noc.soton.ac.uk
Subject: SBD Msg From Unit: 300224010734970
MIME-Version: 1.0
Content-Type: multipart/mixed;boundary="SBD.Boundary.605592468"
Message-Id: <19740412024625.5A116DF8FF4074A0@istbsp02.sbd.iridium.com>
Date: Fri,  9 Mar 2012 10:00:51 +0000 (GMT)
X-NOCS-MailScanner-Information: Please contact the ISP for more information
X-NOCS-MailScanner-ID: q29A0w7v028171
X-NOCS-MailScanner: Found to be clean
X-NOCS-MailScanner-SpamCheck: not spam (whitelisted),
	SpamAssassin (not cached, score=-2.599, required 5,
	autolearn=not spam, BAYES_00 -2.60)
X-NOCS-MailScanner-From: sbdservice@sbd.iridium.com
X-Spam-Status: No

SBM Message
--SBD.Boundary.605592468
PROCESS /noc/users/iridburst/exec/irid_300224010734970_upd.pl
Last Run  ----1970-01-01 00:00:00 
MONTH  5 
DATA  xxrecord 2012-03-07 10:00:05 :: $W5M5A,120307,100005,660d0028449ce246,1,DAS 2,5053.5433N,123.7215W,13.8,92,23.8,-41.1,9.1,94.4,8.3,9.2,94.4,8.3,1014.7,0,0,28.6,129,70*74
 
STATION sbdservice
IRID_ID 300224010734970
BODY --

From sbdservice@sbd.iridium.com Fri Mar 9 10:01:02 2012
Return-Path: <sbdservice@sbd.iridium.com>
Received: from istbsp02.sbd.iridium.com (outbound.sbd.iridium.com [12.47.179.11])
	by mercury.noc.soton.ac.uk (8.13.1/8.12.11) with ESMTP id q29B0tkE006291
	for <iridburst@noc.soton.ac.uk>; Fri, 9 Mar 2012 11:00:56 GMT
Reply-To: <sbdservice@sbd.iridium.com>
From: sbdservice@sbd.iridium.com
To: iridburst@noc.soton.ac.uk
Subject: SBD Msg From Unit: 300224010734970
MIME-Version: 1.0
Content-Type: multipart/mixed;boundary="SBD.Boundary.605592468"
Message-Id: <19740412024625.A8F94FCBF7403B2C@istbsp02.sbd.iridium.com>
Date: Fri,  9 Mar 2012 11:00:54 +0000 (GMT)
X-NOCS-MailScanner-Information: Please contact the ISP for more information
X-NOCS-MailScanner-ID: q29B0tkE006291
X-NOCS-MailScanner: Found to be clean
X-NOCS-MailScanner-SpamCheck: not spam (whitelisted),
	SpamAssassin (not cached, score=-2.599, required 5,
	autolearn=not spam, BAYES_00 -2.60)
X-NOCS-MailScanner-From: sbdservice@sbd.iridium.com
X-Spam-Status: No

SBM Message
--SBD.Boundary.605592468
PROCESS /noc/users/iridburst/exec/irid_300224010734970_upd.pl
Last Run  ----1970-01-01 00:00:00 
MONTH  5 
DATA  xxrecord 2012-03-07 10:00:05 :: $W5M5A,120307,100005,660d0028449ce246,1,DAS 2,5053.5433N,123.7215W,13.8,92,23.8,-41.1,9.1,94.4,8.3,9.2,94.4,8.3,1014.7,0,0,28.6,129,70*74
 
STATION sbdservice
IRID_ID 300224010734970
BODY --

From sbdservice@sbd.iridium.com Fri Mar 9 11:00:54 2012
Return-Path: <sbdservice@sbd.iridium.com>
Received: from istbsp01.sbd.iridium.com (outbound.sbd.iridium.com [12.47.179.11])
	by mercury.noc.soton.ac.uk (8.13.1/8.12.11) with ESMTP id q29C0nXX017180
	for <iridburst@noc.soton.ac.uk>; Fri, 9 Mar 2012 12:00:50 GMT
Reply-To: <sbdservice@sbd.iridium.com>
From: sbdservice@sbd.iridium.com
To: iridburst@noc.soton.ac.uk
Subject: SBD Msg From Unit: 300224010734970
MIME-Version: 1.0
Content-Type: multipart/mixed;boundary="SBD.Boundary.605592468"
Message-Id: <19740412024625.11C84CFA732DF474@istbsp01.sbd.iridium.com>
Date: Fri,  9 Mar 2012 12:00:47 +0000 (GMT)
X-NOCS-MailScanner-Information: Please contact the ISP for more information
X-NOCS-MailScanner-ID: q29C0nXX017180
X-NOCS-MailScanner: Found to be clean
X-NOCS-MailScanner-SpamCheck: not spam (whitelisted),
	SpamAssassin (not cached, score=-2.599, required 5,
	autolearn=not spam, BAYES_00 -2.60)
X-NOCS-MailScanner-From: sbdservice@sbd.iridium.com
X-Spam-Status: No

SBM Message
--SBD.Boundary.605592468
PROCESS /noc/users/iridburst/exec/irid_300224010734970_upd.pl
Last Run  ----1970-01-01 00:00:00 
MONTH  5 
DATA  xxrecord 2012-03-07 10:00:05 :: $W5M5A,120307,100005,660d0028449ce246,1,DAS 2,5053.5433N,123.7215W,13.8,92,23.8,-41.1,9.1,94.4,8.3,9.2,94.4,8.3,1014.7,0,0,28.6,129,70*74
 
STATION sbdservice
IRID_ID 300224010734970
BODY --

From sbdservice@sbd.iridium.com Fri Mar 9 12:00:57 2012
Return-Path: <sbdservice@sbd.iridium.com>
Received: from istbsp01.sbd.iridium.com (outbound.sbd.iridium.com [12.47.179.11])
	by mercury.noc.soton.ac.uk (8.13.1/8.12.11) with ESMTP id q29D0q1l027541
	for <iridburst@noc.soton.ac.uk>; Fri, 9 Mar 2012 13:00:53 GMT
Reply-To: <sbdservice@sbd.iridium.com>
From: sbdservice@sbd.iridium.com
To: iridburst@noc.soton.ac.uk
Subject: SBD Msg From Unit: 300224010734970
MIME-Version: 1.0
Content-Type: multipart/mixed;boundary="SBD.Boundary.605592468"
Message-Id: <19740412024625.725F6EE9371EB773@istbsp01.sbd.iridium.com>
Date: Fri,  9 Mar 2012 13:00:47 +0000 (GMT)
X-NOCS-MailScanner-Information: Please contact the ISP for more information
X-NOCS-MailScanner-ID: q29D0q1l027541
X-NOCS-MailScanner: Found to be clean
X-NOCS-MailScanner-SpamCheck: not spam (whitelisted),
	SpamAssassin (not cached, score=-2.599, required 5,
	autolearn=not spam, BAYES_00 -2.60)
X-NOCS-MailScanner-From: sbdservice@sbd.iridium.com
X-Spam-Status: No

SBM Message
--SBD.Boundary.605592468
PROCESS /noc/users/iridburst/exec/irid_300224010734970_upd.pl
Last Run  ----1970-01-01 00:00:00 
MONTH  5 
DATA  xxrecord 2012-03-07 10:00:05 :: $W5M5A,120307,100005,660d0028449ce246,1,DAS 2,5053.5433N,123.7215W,13.8,92,23.8,-41.1,9.1,94.4,8.3,9.2,94.4,8.3,1014.7,0,0,28.6,129,70*74
 
STATION sbdservice
IRID_ID 300224010734970
BODY --

From sbdservice@sbd.iridium.com Fri Mar 9 13:00:51 2012
Return-Path: <sbdservice@sbd.iridium.com>
Received: from istbsp02.sbd.iridium.com (outbound.sbd.iridium.com [12.47.179.11])
	by mercury.noc.soton.ac.uk (8.13.1/8.12.11) with ESMTP id q29E0mFG006403
	for <iridburst@noc.soton.ac.uk>; Fri, 9 Mar 2012 14:00:48 GMT
Reply-To: <sbdservice@sbd.iridium.com>
From: sbdservice@sbd.iridium.com
To: iridburst@noc.soton.ac.uk
Subject: SBD Msg From Unit: 300224010734970
MIME-Version: 1.0
Content-Type: multipart/mixed;boundary="SBD.Boundary.605592468"
Message-Id: <19740412024625.58165ECA3370924F@istbsp02.sbd.iridium.com>
Date: Fri,  9 Mar 2012 14:00:44 +0000 (GMT)
X-NOCS-MailScanner-Information: Please contact the ISP for more information
X-NOCS-MailScanner-ID: q29E0mFG006403
X-NOCS-MailScanner: Found to be clean
X-NOCS-MailScanner-SpamCheck: not spam (whitelisted),
	SpamAssassin (not cached, score=-2.599, required 5,
	autolearn=not spam, BAYES_00 -2.60)
X-NOCS-MailScanner-From: sbdservice@sbd.iridium.com
X-Spam-Status: No

SBM Message
--SBD.Boundary.605592468
PROCESS /noc/users/iridburst/exec/irid_300224010734970_upd.pl
Last Run  ----1970-01-01 00:00:00 
MONTH  5 
DATA  xxrecord 2012-03-07 10:00:05 :: $W5M5A,120307,100005,660d0028449ce246,1,DAS 2,5053.5433N,123.7215W,13.8,92,23.8,-41.1,9.1,94.4,8.3,9.2,94.4,8.3,1014.7,0,0,28.6,129,70*74
 
STATION sbdservice
IRID_ID 300224010734970
BODY --

From sbdservice@sbd.iridium.com Fri Mar 9 14:00:54 2012
Return-Path: <sbdservice@sbd.iridium.com>
Received: from istbsp02.sbd.iridium.com (outbound.sbd.iridium.com [12.47.179.11])
	by mercury.noc.soton.ac.uk (8.13.1/8.12.11) with ESMTP id q29F0odq017359
	for <iridburst@noc.soton.ac.uk>; Fri, 9 Mar 2012 15:00:50 GMT
Reply-To: <sbdservice@sbd.iridium.com>
From: sbdservice@sbd.iridium.com
To: iridburst@noc.soton.ac.uk
Subject: SBD Msg From Unit: 300224010734970
MIME-Version: 1.0
Content-Type: multipart/mixed;boundary="SBD.Boundary.605592468"
Message-Id: <19740412024625.3CEE6DF8FB413540@istbsp02.sbd.iridium.com>
Date: Fri,  9 Mar 2012 15:00:49 +0000 (GMT)
X-NOCS-MailScanner-Information: Please contact the ISP for more information
X-NOCS-MailScanner-ID: q29F0odq017359
X-NOCS-MailScanner: Found to be clean
X-NOCS-MailScanner-SpamCheck: not spam (whitelisted),
	SpamAssassin (not cached, score=-2.599, required 5,
	autolearn=not spam, BAYES_00 -2.60)
X-NOCS-MailScanner-From: sbdservice@sbd.iridium.com
X-Spam-Status: No

SBM Message
--SBD.Boundary.605592468
PROCESS /noc/users/iridburst/exec/irid_300224010734970_upd.pl
Last Run  ----1970-01-01 00:00:00 
MONTH  5 
DATA  xxrecord 2012-03-07 10:00:05 :: $W5M5A,120307,100005,660d0028449ce246,1,DAS 2,5053.5433N,123.7215W,13.8,92,23.8,-41.1,9.1,94.4,8.3,9.2,94.4,8.3,1014.7,0,0,28.6,129,70*74
 
STATION sbdservice
IRID_ID 300224010734970
BODY --

From sbdservice@sbd.iridium.com Fri Mar 9 15:00:56 2012
Return-Path: <sbdservice@sbd.iridium.com>
Received: from istbsp01.sbd.iridium.com (outbound.sbd.iridium.com [12.47.179.11])
	by mercury.noc.soton.ac.uk (8.13.1/8.12.11) with ESMTP id q29G0oBg028130
	for <iridburst@noc.soton.ac.uk>; Fri, 9 Mar 2012 16:00:50 GMT
Reply-To: <sbdservice@sbd.iridium.com>
From: sbdservice@sbd.iridium.com
To: iridburst@noc.soton.ac.uk
Subject: SBD Msg From Unit: 300224010734970
MIME-Version: 1.0
Content-Type: multipart/mixed;boundary="SBD.Boundary.605592468"
Message-Id: <19740412024625.51CE7EF9BF3D1142@istbsp01.sbd.iridium.com>
Date: Fri,  9 Mar 2012 16:00:48 +0000 (GMT)
X-NOCS-MailScanner-Information: Please contact the ISP for more information
X-NOCS-MailScanner-ID: q29G0oBg028130
X-NOCS-MailScanner: Found to be clean
X-NOCS-MailScanner-SpamCheck: not spam (whitelisted),
	SpamAssassin (not cached, score=-2.599, required 5,
	autolearn=not spam, BAYES_00 -2.60)
X-NOCS-MailScanner-From: sbdservice@sbd.iridium.com
X-Spam-Status: No

SBM Message
--SBD.Boundary.605592468
PROCESS /noc/users/iridburst/exec/irid_300224010734970_upd.pl
Last Run  ----1970-01-01 00:00:00 
MONTH  5 
DATA  xxrecord 2012-03-07 10:00:05 :: $W5M5A,120307,100005,660d0028449ce246,1,DAS 2,5053.5433N,123.7215W,13.8,92,23.8,-41.1,9.1,94.4,8.3,9.2,94.4,8.3,1014.7,0,0,28.6,129,70*74
 
STATION sbdservice
IRID_ID 300224010734970
BODY --

From sbdservice@sbd.iridium.com Fri Mar 9 16:01:05 2012
Return-Path: <sbdservice@sbd.iridium.com>
Received: from istbsp01.sbd.iridium.com (outbound.sbd.iridium.com [12.47.179.11])
	by mercury.noc.soton.ac.uk (8.13.1/8.12.11) with ESMTP id q29H10mr006029
	for <iridburst@noc.soton.ac.uk>; Fri, 9 Mar 2012 17:01:00 GMT
Reply-To: <sbdservice@sbd.iridium.com>
From: sbdservice@sbd.iridium.com
To: iridburst@noc.soton.ac.uk
Subject: SBD Msg From Unit: 300224010734970
MIME-Version: 1.0
Content-Type: multipart/mixed;boundary="SBD.Boundary.605592468"
Message-Id: <19740412024625.25E65EFBF30F1E4D@istbsp01.sbd.iridium.com>
Date: Fri,  9 Mar 2012 17:00:59 +0000 (GMT)
X-NOCS-MailScanner-Information: Please contact the ISP for more information
X-NOCS-MailScanner-ID: q29H10mr006029
X-NOCS-MailScanner: Found to be clean
X-NOCS-MailScanner-SpamCheck: not spam (whitelisted),
	SpamAssassin (not cached, score=-2.599, required 5,
	autolearn=not spam, BAYES_00 -2.60)
X-NOCS-MailScanner-From: sbdservice@sbd.iridium.com
X-Spam-Status: No

SBM Message
--SBD.Boundary.605592468
PROCESS /noc/users/iridburst/exec/irid_300224010734970_upd.pl
Last Run  ----1970-01-01 00:00:00 
MONTH  5 
DATA  xxrecord 2012-03-07 10:00:05 :: $W5M5A,120307,100005,660d0028449ce246,1,DAS 2,5053.5433N,123.7215W,13.8,92,23.8,-41.1,9.1,94.4,8.3,9.2,94.4,8.3,1014.7,0,0,28.6,129,70*74
 
STATION sbdservice
IRID_ID 300224010734970
BODY --

From sbdservice@sbd.iridium.com Fri Mar 9 17:00:52 2012
Return-Path: <sbdservice@sbd.iridium.com>
Received: from istbsp01.sbd.iridium.com (outbound.sbd.iridium.com [12.47.179.11])
	by mercury.noc.soton.ac.uk (8.13.1/8.12.11) with ESMTP id q29I0m9O014986
	for <iridburst@noc.soton.ac.uk>; Fri, 9 Mar 2012 18:00:48 GMT
Reply-To: <sbdservice@sbd.iridium.com>
From: sbdservice@sbd.iridium.com
To: iridburst@noc.soton.ac.uk
Subject: SBD Msg From Unit: 300224010734970
MIME-Version: 1.0
Content-Type: multipart/mixed;boundary="SBD.Boundary.605592468"
Message-Id: <19740412024625.9FD97FEB373F9D19@istbsp01.sbd.iridium.com>
Date: Fri,  9 Mar 2012 18:00:47 +0000 (GMT)
X-NOCS-MailScanner-Information: Please contact the ISP for more information
X-NOCS-MailScanner-ID: q29I0m9O014986
X-NOCS-MailScanner: Found to be clean
X-NOCS-MailScanner-SpamCheck: not spam (whitelisted),
	SpamAssassin (not cached, score=-2.599, required 5,
	autolearn=not spam, BAYES_00 -2.60)
X-NOCS-MailScanner-From: sbdservice@sbd.iridium.com
X-Spam-Status: No

SBM Message
--SBD.Boundary.605592468
PROCESS /noc/users/iridburst/exec/irid_300224010734970_upd.pl
Last Run  ----1970-01-01 00:00:00 
MONTH  5 
DATA  xxrecord 2012-03-07 10:00:05 :: $W5M5A,120307,100005,660d0028449ce246,1,DAS 2,5053.5433N,123.7215W,13.8,92,23.8,-41.1,9.1,94.4,8.3,9.2,94.4,8.3,1014.7,0,0,28.6,129,70*74
 
STATION sbdservice
IRID_ID 300224010734970
BODY --

From sbdservice@sbd.iridium.com Fri Mar 9 18:01:09 2012
Return-Path: <sbdservice@sbd.iridium.com>
Received: from istbsp01.sbd.iridium.com (outbound.sbd.iridium.com [12.47.179.11])
	by mercury.noc.soton.ac.uk (8.13.1/8.12.11) with ESMTP id q29J13N6022603
	for <iridburst@noc.soton.ac.uk>; Fri, 9 Mar 2012 19:01:04 GMT
Reply-To: <sbdservice@sbd.iridium.com>
From: sbdservice@sbd.iridium.com
To: iridburst@noc.soton.ac.uk
Subject: SBD Msg From Unit: 300224010734970
MIME-Version: 1.0
Content-Type: multipart/mixed;boundary="SBD.Boundary.605592468"
Message-Id: <19740412024625.F95B7CC9FB1E7598@istbsp01.sbd.iridium.com>
Date: Fri,  9 Mar 2012 19:01:03 +0000 (GMT)
X-NOCS-MailScanner-Information: Please contact the ISP for more information
X-NOCS-MailScanner-ID: q29J13N6022603
X-NOCS-MailScanner: Found to be clean
X-NOCS-MailScanner-SpamCheck: not spam (whitelisted),
	SpamAssassin (not cached, score=-2.599, required 5,
	autolearn=not spam, BAYES_00 -2.60)
X-NOCS-MailScanner-From: sbdservice@sbd.iridium.com
X-Spam-Status: No

SBM Message
--SBD.Boundary.605592468
PROCESS /noc/users/iridburst/exec/irid_300224010734970_upd.pl
Last Run  ----1970-01-01 00:00:00 
MONTH  5 
DATA  xxrecord 2012-03-07 10:00:05 :: $W5M5A,120307,100005,660d0028449ce246,1,DAS 2,5053.5433N,123.7215W,13.8,92,23.8,-41.1,9.1,94.4,8.3,9.2,94.4,8.3,1014.7,0,0,28.6,129,70*74
 
STATION sbdservice
IRID_ID 300224010734970
BODY --

From sbdservice@sbd.iridium.com Fri Mar 9 19:00:59 2012
Return-Path: <sbdservice@sbd.iridium.com>
Received: from istbsp01.sbd.iridium.com (outbound.sbd.iridium.com [12.47.179.11])
	by mercury.noc.soton.ac.uk (8.13.1/8.12.11) with ESMTP id q29K0reI029701
	for <iridburst@noc.soton.ac.uk>; Fri, 9 Mar 2012 20:00:54 GMT
Reply-To: <sbdservice@sbd.iridium.com>
From: sbdservice@sbd.iridium.com
To: iridburst@noc.soton.ac.uk
Subject: SBD Msg From Unit: 300224010734970
MIME-Version: 1.0
Content-Type: multipart/mixed;boundary="SBD.Boundary.605592468"
Message-Id: <19740412024625.07EB4FDA3B1F0D1F@istbsp01.sbd.iridium.com>
Date: Fri,  9 Mar 2012 20:00:52 +0000 (GMT)
X-NOCS-MailScanner-Information: Please contact the ISP for more information
X-NOCS-MailScanner-ID: q29K0reI029701
X-NOCS-MailScanner: Found to be clean
X-NOCS-MailScanner-SpamCheck: not spam (whitelisted),
	SpamAssassin (not cached, score=-2.599, required 5,
	autolearn=not spam, BAYES_00 -2.60)
X-NOCS-MailScanner-From: sbdservice@sbd.iridium.com
X-Spam-Status: No

SBM Message
--SBD.Boundary.605592468
PROCESS /noc/users/iridburst/exec/irid_300224010734970_upd.pl
Last Run  ----1970-01-01 00:00:00 
MONTH  5 
DATA  xxrecord 2012-03-07 10:00:05 :: $W5M5A,120307,100005,660d0028449ce246,1,DAS 2,5053.5433N,123.7215W,13.8,92,23.8,-41.1,9.1,94.4,8.3,9.2,94.4,8.3,1014.7,0,0,28.6,129,70*74
 
STATION sbdservice
IRID_ID 300224010734970
BODY --

From sbdservice@sbd.iridium.com Fri Mar 9 20:00:50 2012
Return-Path: <sbdservice@sbd.iridium.com>
Received: from istbsp02.sbd.iridium.com (outbound.sbd.iridium.com [12.47.179.11])
	by mercury.noc.soton.ac.uk (8.13.1/8.12.11) with ESMTP id q29L0kAZ004438
	for <iridburst@noc.soton.ac.uk>; Fri, 9 Mar 2012 21:00:46 GMT
Reply-To: <sbdservice@sbd.iridium.com>
From: sbdservice@sbd.iridium.com
To: iridburst@noc.soton.ac.uk
Subject: SBD Msg From Unit: 300224010734970
MIME-Version: 1.0
Content-Type: multipart/mixed;boundary="SBD.Boundary.605592468"
Message-Id: <19740412024625.B8006EEB3770E5A6@istbsp02.sbd.iridium.com>
Date: Fri,  9 Mar 2012 21:00:46 +0000 (GMT)
X-NOCS-MailScanner-Information: Please contact the ISP for more information
X-NOCS-MailScanner-ID: q29L0kAZ004438
X-NOCS-MailScanner: Found to be clean
X-NOCS-MailScanner-SpamCheck: not spam (whitelisted),
	SpamAssassin (not cached, score=-2.599, required 5,
	autolearn=not spam, BAYES_00 -2.60)
X-NOCS-MailScanner-From: sbdservice@sbd.iridium.com
X-Spam-Status: No

SBM Message
--SBD.Boundary.605592468
PROCESS /noc/users/iridburst/exec/irid_300224010734970_upd.pl
Last Run  ----1970-01-01 00:00:00 
MONTH  5 
DATA  xxrecord 2012-03-07 10:00:05 :: $W5M5A,120307,100005,660d0028449ce246,1,DAS 2,5053.5433N,123.7215W,13.8,92,23.8,-41.1,9.1,94.4,8.3,9.2,94.4,8.3,1014.7,0,0,28.6,129,70*74
 
STATION sbdservice
IRID_ID 300224010734970
BODY --

From sbdservice@sbd.iridium.com Fri Mar 9 21:00:53 2012
Return-Path: <sbdservice@sbd.iridium.com>
Received: from istbsp01.sbd.iridium.com (outbound.sbd.iridium.com [12.47.179.11])
	by mercury.noc.soton.ac.uk (8.13.1/8.12.11) with ESMTP id q29M0jl4010526
	for <iridburst@noc.soton.ac.uk>; Fri, 9 Mar 2012 22:00:45 GMT
Reply-To: <sbdservice@sbd.iridium.com>
From: sbdservice@sbd.iridium.com
To: iridburst@noc.soton.ac.uk
Subject: SBD Msg From Unit: 300224010734970
MIME-Version: 1.0
Content-Type: multipart/mixed;boundary="SBD.Boundary.605592468"
Message-Id: <19740412024625.D2527FFB3F0DA214@istbsp01.sbd.iridium.com>
Date: Fri,  9 Mar 2012 22:00:44 +0000 (GMT)
X-NOCS-MailScanner-Information: Please contact the ISP for more information
X-NOCS-MailScanner-ID: q29M0jl4010526
X-NOCS-MailScanner: Found to be clean
X-NOCS-MailScanner-SpamCheck: not spam (whitelisted),
	SpamAssassin (not cached, score=-2.599, required 5,
	autolearn=not spam, BAYES_00 -2.60)
X-NOCS-MailScanner-From: sbdservice@sbd.iridium.com
X-Spam-Status: No

SBM Message
--SBD.Boundary.605592468
PROCESS /noc/users/iridburst/exec/irid_300224010734970_upd.pl
Last Run  ----1970-01-01 00:00:00 
MONTH  5 
DATA  xxrecord 2012-03-07 10:00:05 :: $W5M5A,120307,100005,660d0028449ce246,1,DAS 2,5053.5433N,123.7215W,13.8,92,23.8,-41.1,9.1,94.4,8.3,9.2,94.4,8.3,1014.7,0,0,28.6,129,70*74
 
STATION sbdservice
IRID_ID 300224010734970
BODY --

From sbdservice@sbd.iridium.com Fri Mar 9 22:00:47 2012
Return-Path: <sbdservice@sbd.iridium.com>
Received: from istbsp02.sbd.iridium.com (outbound.sbd.iridium.com [12.47.179.11])
	by mercury.noc.soton.ac.uk (8.13.1/8.12.11) with ESMTP id q29N0heN016596
	for <iridburst@noc.soton.ac.uk>; Fri, 9 Mar 2012 23:00:43 GMT
Reply-To: <sbdservice@sbd.iridium.com>
From: sbdservice@sbd.iridium.com
To: iridburst@noc.soton.ac.uk
Subject: SBD Msg From Unit: 300224010734970
MIME-Version: 1.0
Content-Type: multipart/mixed;boundary="SBD.Boundary.605592468"
Message-Id: <19740412024625.B1264EF83B60DDA1@istbsp02.sbd.iridium.com>
Date: Fri,  9 Mar 2012 23:00:42 +0000 (GMT)
X-NOCS-MailScanner-Information: Please contact the ISP for more information
X-NOCS-MailScanner-ID: q29N0heN016596
X-NOCS-MailScanner: Found to be clean
X-NOCS-MailScanner-SpamCheck: not spam (whitelisted),
	SpamAssassin (not cached, score=-2.599, required 5,
	autolearn=not spam, BAYES_00 -2.60)
X-NOCS-MailScanner-From: sbdservice@sbd.iridium.com
X-Spam-Status: No

SBM Message
--SBD.Boundary.605592468
PROCESS /noc/users/iridburst/exec/irid_300224010734970_upd.pl
Last Run  ----1970-01-01 00:00:00 
MONTH  5 
DATA  xxrecord 2012-03-07 10:00:05 :: $W5M5A,120307,100005,660d0028449ce246,1,DAS 2,5053.5433N,123.7215W,13.8,92,23.8,-41.1,9.1,94.4,8.3,9.2,94.4,8.3,1014.7,0,0,28.6,129,70*74
 
STATION sbdservice
IRID_ID 300224010734970
BODY --

From sbdservice@sbd.iridium.com Fri Mar 9 23:00:58 2012
Return-Path: <sbdservice@sbd.iridium.com>
Received: from istbsp01.sbd.iridium.com (outbound.sbd.iridium.com [12.47.179.11])
	by mercury.noc.soton.ac.uk (8.13.1/8.12.11) with ESMTP id q2A00ow8022615
	for <iridburst@noc.soton.ac.uk>; Sat, 10 Mar 2012 00:00:51 GMT
Reply-To: <sbdservice@sbd.iridium.com>
From: sbdservice@sbd.iridium.com
To: iridburst@noc.soton.ac.uk
Subject: SBD Msg From Unit: 300224010734970
MIME-Version: 1.0
Content-Type: multipart/mixed;boundary="SBD.Boundary.605592468"
Message-Id: <19740412024625.2A604FE9BB1C874E@istbsp01.sbd.iridium.com>
Date: Sat, 10 Mar 2012 00:00:48 +0000 (GMT)
X-NOCS-MailScanner-Information: Please contact the ISP for more information
X-NOCS-MailScanner-ID: q2A00ow8022615
X-NOCS-MailScanner: Found to be clean
X-NOCS-MailScanner-SpamCheck: not spam (whitelisted),
	SpamAssassin (not cached, score=-2.599, required 5,
	autolearn=not spam, BAYES_00 -2.60)
X-NOCS-MailScanner-From: sbdservice@sbd.iridium.com
X-Spam-Status: No

SBM Message
--SBD.Boundary.605592468
PROCESS /noc/users/iridburst/exec/irid_300224010734970_upd.pl
Last Run  ----1970-01-01 00:00:00 
MONTH  5 
DATA  xxrecord 2012-03-07 10:00:05 :: $W5M5A,120307,100005,660d0028449ce246,1,DAS 2,5053.5433N,123.7215W,13.8,92,23.8,-41.1,9.1,94.4,8.3,9.2,94.4,8.3,1014.7,0,0,28.6,129,70*74
 
STATION sbdservice
IRID_ID 300224010734970
BODY --

From sbdservice@sbd.iridium.com Sat Mar 10 00:00:57 2012
Return-Path: <sbdservice@sbd.iridium.com>
Received: from istbsp02.sbd.iridium.com (outbound.sbd.iridium.com [12.47.179.11])
	by mercury.noc.soton.ac.uk (8.13.1/8.12.11) with ESMTP id q2A10rVI028524
	for <iridburst@noc.soton.ac.uk>; Sat, 10 Mar 2012 01:00:53 GMT
Reply-To: <sbdservice@sbd.iridium.com>
From: sbdservice@sbd.iridium.com
To: iridburst@noc.soton.ac.uk
Subject: SBD Msg From Unit: 300224010734970
MIME-Version: 1.0
Content-Type: multipart/mixed;boundary="SBD.Boundary.605592468"
Message-Id: <19740412024625.F8F04CCBFF736B7C@istbsp02.sbd.iridium.com>
Date: Sat, 10 Mar 2012 01:00:52 +0000 (GMT)
X-NOCS-MailScanner-Information: Please contact the ISP for more information
X-NOCS-MailScanner-ID: q2A10rVI028524
X-NOCS-MailScanner: Found to be clean
X-NOCS-MailScanner-SpamCheck: not spam (whitelisted),
	SpamAssassin (not cached, score=-2.599, required 5,
	autolearn=not spam, BAYES_00 -2.60)
X-NOCS-MailScanner-From: sbdservice@sbd.iridium.com
X-Spam-Status: No

SBM Message
--SBD.Boundary.605592468
PROCESS /noc/users/iridburst/exec/irid_300224010734970_upd.pl
Last Run  ----1970-01-01 00:00:00 
MONTH  5 
DATA  xxrecord 2012-03-07 10:00:05 :: $W5M5A,120307,100005,660d0028449ce246,1,DAS 2,5053.5433N,123.7215W,13.8,92,23.8,-41.1,9.1,94.4,8.3,9.2,94.4,8.3,1014.7,0,0,28.6,129,70*74
 
STATION sbdservice
IRID_ID 300224010734970
BODY --

From sbdservice@sbd.iridium.com Sat Mar 10 01:00:57 2012
Return-Path: <sbdservice@sbd.iridium.com>
Received: from istbsp02.sbd.iridium.com (outbound.sbd.iridium.com [12.47.179.11])
	by mercury.noc.soton.ac.uk (8.13.1/8.12.11) with ESMTP id q2A20nDd001915
	for <iridburst@noc.soton.ac.uk>; Sat, 10 Mar 2012 02:00:51 GMT
Reply-To: <sbdservice@sbd.iridium.com>
From: sbdservice@sbd.iridium.com
To: iridburst@noc.soton.ac.uk
Subject: SBD Msg From Unit: 300224010734970
MIME-Version: 1.0
Content-Type: multipart/mixed;boundary="SBD.Boundary.605592468"
Message-Id: <19740412024625.C8675EFB7751EFB9@istbsp02.sbd.iridium.com>
Date: Sat, 10 Mar 2012 02:00:49 +0000 (GMT)
X-NOCS-MailScanner-Information: Please contact the ISP for more information
X-NOCS-MailScanner-ID: q2A20nDd001915
X-NOCS-MailScanner: Found to be clean
X-NOCS-MailScanner-SpamCheck: not spam (whitelisted),
	SpamAssassin (not cached, score=-2.599, required 5,
	autolearn=not spam, BAYES_00 -2.60)
X-NOCS-MailScanner-From: sbdservice@sbd.iridium.com
X-Spam-Status: No

SBM Message
--SBD.Boundary.605592468
PROCESS /noc/users/iridburst/exec/irid_300224010734970_upd.pl
Last Run  ----1970-01-01 00:00:00 
MONTH  5 
DATA  xxrecord 2012-03-07 10:00:05 :: $W5M5A,120307,100005,660d0028449ce246,1,DAS 2,5053.5433N,123.7215W,13.8,92,23.8,-41.1,9.1,94.4,8.3,9.2,94.4,8.3,1014.7,0,0,28.6,129,70*74
 
STATION sbdservice
IRID_ID 300224010734970
BODY --

From sbdservice@sbd.iridium.com Sat Mar 10 02:00:57 2012
Return-Path: <sbdservice@sbd.iridium.com>
Received: from istbsp02.sbd.iridium.com (outbound.sbd.iridium.com [12.47.179.11])
	by mercury.noc.soton.ac.uk (8.13.1/8.12.11) with ESMTP id q2A30rFG007941
	for <iridburst@noc.soton.ac.uk>; Sat, 10 Mar 2012 03:00:54 GMT
Reply-To: <sbdservice@sbd.iridium.com>
From: sbdservice@sbd.iridium.com
To: iridburst@noc.soton.ac.uk
Subject: SBD Msg From Unit: 300224010734970
MIME-Version: 1.0
Content-Type: multipart/mixed;boundary="SBD.Boundary.605592468"
Message-Id: <19740412024625.4D126CFA3B71F05E@istbsp02.sbd.iridium.com>
Date: Sat, 10 Mar 2012 03:00:53 +0000 (GMT)
X-NOCS-MailScanner-Information: Please contact the ISP for more information
X-NOCS-MailScanner-ID: q2A30rFG007941
X-NOCS-MailScanner: Found to be clean
X-NOCS-MailScanner-SpamCheck: not spam (whitelisted),
	SpamAssassin (not cached, score=-2.599, required 5,
	autolearn=not spam, BAYES_00 -2.60)
X-NOCS-MailScanner-From: sbdservice@sbd.iridium.com
X-Spam-Status: No

SBM Message
--SBD.Boundary.605592468
PROCESS /noc/users/iridburst/exec/irid_300224010734970_upd.pl
Last Run  ----1970-01-01 00:00:00 
MONTH  5 
DATA  xxrecord 2012-03-07 10:00:05 :: $W5M5A,120307,100005,660d0028449ce246,1,DAS 2,5053.5433N,123.7215W,13.8,92,23.8,-41.1,9.1,94.4,8.3,9.2,94.4,8.3,1014.7,0,0,28.6,129,70*74
 
STATION sbdservice
IRID_ID 300224010734970
BODY --

From sbdservice@sbd.iridium.com Sat Mar 10 03:00:58 2012
Return-Path: <sbdservice@sbd.iridium.com>
Received: from istbsp02.sbd.iridium.com (outbound.sbd.iridium.com [12.47.179.11])
	by mercury.noc.soton.ac.uk (8.13.1/8.12.11) with ESMTP id q2A40r0f013738
	for <iridburst@noc.soton.ac.uk>; Sat, 10 Mar 2012 04:00:53 GMT
Reply-To: <sbdservice@sbd.iridium.com>
From: sbdservice@sbd.iridium.com
To: iridburst@noc.soton.ac.uk
Subject: SBD Msg From Unit: 300224010734970
MIME-Version: 1.0
Content-Type: multipart/mixed;boundary="SBD.Boundary.605592468"
Message-Id: <19740412024625.950E6ECB3F7089EE@istbsp02.sbd.iridium.com>
Date: Sat, 10 Mar 2012 04:00:52 +0000 (GMT)
X-NOCS-MailScanner-Information: Please contact the ISP for more information
X-NOCS-MailScanner-ID: q2A40r0f013738
X-NOCS-MailScanner: Found to be clean
X-NOCS-MailScanner-SpamCheck: not spam (whitelisted),
	SpamAssassin (not cached, score=-2.599, required 5,
	autolearn=not spam, BAYES_00 -2.60)
X-NOCS-MailScanner-From: sbdservice@sbd.iridium.com
X-Spam-Status: No

SBM Message
--SBD.Boundary.605592468
PROCESS /noc/users/iridburst/exec/irid_300224010734970_upd.pl
Last Run  ----1970-01-01 00:00:00 
MONTH  5 
DATA  xxrecord 2012-03-07 10:00:05 :: $W5M5A,120307,100005,660d0028449ce246,1,DAS 2,5053.5433N,123.7215W,13.8,92,23.8,-41.1,9.1,94.4,8.3,9.2,94.4,8.3,1014.7,0,0,28.6,129,70*74
 
STATION sbdservice
IRID_ID 300224010734970
BODY --

From sbdservice@sbd.iridium.com Sat Mar 10 04:00:52 2012
Return-Path: <sbdservice@sbd.iridium.com>
Received: from istbsp01.sbd.iridium.com (outbound.sbd.iridium.com [12.47.179.11])
	by mercury.noc.soton.ac.uk (8.13.1/8.12.11) with ESMTP id q2A50ke2019739
	for <iridburst@noc.soton.ac.uk>; Sat, 10 Mar 2012 05:00:47 GMT
Reply-To: <sbdservice@sbd.iridium.com>
From: sbdservice@sbd.iridium.com
To: iridburst@noc.soton.ac.uk
Subject: SBD Msg From Unit: 300224010734970
MIME-Version: 1.0
Content-Type: multipart/mixed;boundary="SBD.Boundary.605592468"
Message-Id: <19740412024625.29D77EF87B3D4564@istbsp01.sbd.iridium.com>
Date: Sat, 10 Mar 2012 05:00:46 +0000 (GMT)
X-NOCS-MailScanner-Information: Please contact the ISP for more information
X-NOCS-MailScanner-ID: q2A50ke2019739
X-NOCS-MailScanner: Found to be clean
X-NOCS-MailScanner-SpamCheck: not spam (whitelisted),
	SpamAssassin (not cached, score=-2.599, required 5,
	autolearn=not spam, BAYES_00 -2.60)
X-NOCS-MailScanner-From: sbdservice@sbd.iridium.com
X-Spam-Status: No

SBM Message
--SBD.Boundary.605592468
PROCESS /noc/users/iridburst/exec/irid_300224010734970_upd.pl
Last Run  ----1970-01-01 00:00:00 
MONTH  5 
DATA  xxrecord 2012-03-07 10:00:05 :: $W5M5A,120307,100005,660d0028449ce246,1,DAS 2,5053.5433N,123.7215W,13.8,92,23.8,-41.1,9.1,94.4,8.3,9.2,94.4,8.3,1014.7,0,0,28.6,129,70*74
 
STATION sbdservice
IRID_ID 300224010734970
BODY --

From sbdservice@sbd.iridium.com Sat Mar 10 05:00:51 2012
Return-Path: <sbdservice@sbd.iridium.com>
Received: from istbsp01.sbd.iridium.com (outbound.sbd.iridium.com [12.47.179.11])
	by mercury.noc.soton.ac.uk (8.13.1/8.12.11) with ESMTP id q2A60l4W025238
	for <iridburst@noc.soton.ac.uk>; Sat, 10 Mar 2012 06:00:47 GMT
Reply-To: <sbdservice@sbd.iridium.com>
From: sbdservice@sbd.iridium.com
To: iridburst@noc.soton.ac.uk
Subject: SBD Msg From Unit: 300224010734970
MIME-Version: 1.0
Content-Type: multipart/mixed;boundary="SBD.Boundary.605592468"
Message-Id: <19740412024625.0ECC7DEBB30F9578@istbsp01.sbd.iridium.com>
Date: Sat, 10 Mar 2012 06:00:47 +0000 (GMT)
X-NOCS-MailScanner-Information: Please contact the ISP for more information
X-NOCS-MailScanner-ID: q2A60l4W025238
X-NOCS-MailScanner: Found to be clean
X-NOCS-MailScanner-SpamCheck: not spam (whitelisted),
	SpamAssassin (not cached, score=-2.599, required 5,
	autolearn=not spam, BAYES_00 -2.60)
X-NOCS-MailScanner-From: sbdservice@sbd.iridium.com
X-Spam-Status: No

SBM Message
--SBD.Boundary.605592468
PROCESS /noc/users/iridburst/exec/irid_300224010734970_upd.pl
Last Run  ----1970-01-01 00:00:00 
MONTH  5 
DATA  xxrecord 2012-03-07 10:00:05 :: $W5M5A,120307,100005,660d0028449ce246,1,DAS 2,5053.5433N,123.7215W,13.8,92,23.8,-41.1,9.1,94.4,8.3,9.2,94.4,8.3,1014.7,0,0,28.6,129,70*74
 
STATION sbdservice
IRID_ID 300224010734970
BODY --

From sbdservice@sbd.iridium.com Sat Mar 10 06:01:23 2012
Return-Path: <sbdservice@sbd.iridium.com>
Received: from istbsp01.sbd.iridium.com (outbound.sbd.iridium.com [12.47.179.11])
	by mercury.noc.soton.ac.uk (8.13.1/8.12.11) with ESMTP id q2A71JGs001058
	for <iridburst@noc.soton.ac.uk>; Sat, 10 Mar 2012 07:01:19 GMT
Reply-To: <sbdservice@sbd.iridium.com>
From: sbdservice@sbd.iridium.com
To: iridburst@noc.soton.ac.uk
Subject: SBD Msg From Unit: 300224010734970
MIME-Version: 1.0
Content-Type: multipart/mixed;boundary="SBD.Boundary.605592468"
Message-Id: <19740412024625.28AC6DCA3B2D2BE7@istbsp01.sbd.iridium.com>
Date: Sat, 10 Mar 2012 07:01:16 +0000 (GMT)
X-NOCS-MailScanner-Information: Please contact the ISP for more information
X-NOCS-MailScanner-ID: q2A71JGs001058
X-NOCS-MailScanner: Found to be clean
X-NOCS-MailScanner-SpamCheck: not spam (whitelisted),
	SpamAssassin (not cached, score=-2.599, required 5,
	autolearn=not spam, BAYES_00 -2.60)
X-NOCS-MailScanner-From: sbdservice@sbd.iridium.com
X-Spam-Status: No

SBM Message
--SBD.Boundary.605592468
PROCESS /noc/users/iridburst/exec/irid_300224010734970_upd.pl
Last Run  ----1970-01-01 00:00:00 
MONTH  5 
DATA  xxrecord 2012-03-07 10:00:05 :: $W5M5A,120307,100005,660d0028449ce246,1,DAS 2,5053.5433N,123.7215W,13.8,92,23.8,-41.1,9.1,94.4,8.3,9.2,94.4,8.3,1014.7,0,0,28.6,129,70*74
 
STATION sbdservice
IRID_ID 300224010734970
BODY --

From sbdservice@sbd.iridium.com Sat Mar 10 07:00:54 2012
Return-Path: <sbdservice@sbd.iridium.com>
Received: from istbsp01.sbd.iridium.com (outbound.sbd.iridium.com [12.47.179.11])
	by mercury.noc.soton.ac.uk (8.13.1/8.12.11) with ESMTP id q2A80lML007049
	for <iridburst@noc.soton.ac.uk>; Sat, 10 Mar 2012 08:00:48 GMT
Reply-To: <sbdservice@sbd.iridium.com>
From: sbdservice@sbd.iridium.com
To: iridburst@noc.soton.ac.uk
Subject: SBD Msg From Unit: 300224010734970
MIME-Version: 1.0
Content-Type: multipart/mixed;boundary="SBD.Boundary.605592468"
Message-Id: <19740412024625.276B4FDB3B3EF0A7@istbsp01.sbd.iridium.com>
Date: Sat, 10 Mar 2012 08:00:47 +0000 (GMT)
X-NOCS-MailScanner-Information: Please contact the ISP for more information
X-NOCS-MailScanner-ID: q2A80lML007049
X-NOCS-MailScanner: Found to be clean
X-NOCS-MailScanner-SpamCheck: not spam (whitelisted),
	SpamAssassin (not cached, score=-2.599, required 5,
	autolearn=not spam, BAYES_00 -2.60)
X-NOCS-MailScanner-From: sbdservice@sbd.iridium.com
X-Spam-Status: No

SBM Message
--SBD.Boundary.605592468
PROCESS /noc/users/iridburst/exec/irid_300224010734970_upd.pl
Last Run  ----1970-01-01 00:00:00 
MONTH  5 
DATA  xxrecord 2012-03-07 10:00:05 :: $W5M5A,120307,100005,660d0028449ce246,1,DAS 2,5053.5433N,123.7215W,13.8,92,23.8,-41.1,9.1,94.4,8.3,9.2,94.4,8.3,1014.7,0,0,28.6,129,70*74
 
STATION sbdservice
IRID_ID 300224010734970
BODY --

From sbdservice@sbd.iridium.com Sat Mar 10 08:00:50 2012
Return-Path: <sbdservice@sbd.iridium.com>
Received: from istbsp01.sbd.iridium.com (outbound.sbd.iridium.com [12.47.179.11])
	by mercury.noc.soton.ac.uk (8.13.1/8.12.11) with ESMTP id q2A90jB2014169
	for <iridburst@noc.soton.ac.uk>; Sat, 10 Mar 2012 09:00:45 GMT
Reply-To: <sbdservice@sbd.iridium.com>
From: sbdservice@sbd.iridium.com
To: iridburst@noc.soton.ac.uk
Subject: SBD Msg From Unit: 300224010734970
MIME-Version: 1.0
Content-Type: multipart/mixed;boundary="SBD.Boundary.605592468"
Message-Id: <19740412024625.A21A6DF8B33F7F36@istbsp01.sbd.iridium.com>
Date: Sat, 10 Mar 2012 09:00:45 +0000 (GMT)
X-NOCS-MailScanner-Information: Please contact the ISP for more information
X-NOCS-MailScanner-ID: q2A90jB2014169
X-NOCS-MailScanner: Found to be clean
X-NOCS-MailScanner-SpamCheck: not spam (whitelisted),
	SpamAssassin (not cached, score=-2.599, required 5,
	autolearn=not spam, BAYES_00 -2.60)
X-NOCS-MailScanner-From: sbdservice@sbd.iridium.com
X-Spam-Status: No

SBM Message
--SBD.Boundary.605592468
PROCESS /noc/users/iridburst/exec/irid_300224010734970_upd.pl
Last Run  ----1970-01-01 00:00:00 
MONTH  5 
DATA  xxrecord 2012-03-07 10:00:05 :: $W5M5A,120307,100005,660d0028449ce246,1,DAS 2,5053.5433N,123.7215W,13.8,92,23.8,-41.1,9.1,94.4,8.3,9.2,94.4,8.3,1014.7,0,0,28.6,129,70*74
 
STATION sbdservice
IRID_ID 300224010734970
BODY --

From sbdservice@sbd.iridium.com Sat Mar 10 09:01:01 2012
Return-Path: <sbdservice@sbd.iridium.com>
Received: from istbsp02.sbd.iridium.com (outbound.sbd.iridium.com [12.47.179.11])
	by mercury.noc.soton.ac.uk (8.13.1/8.12.11) with ESMTP id q2AA0tVM020857
	for <iridburst@noc.soton.ac.uk>; Sat, 10 Mar 2012 10:00:55 GMT
Reply-To: <sbdservice@sbd.iridium.com>
From: sbdservice@sbd.iridium.com
To: iridburst@noc.soton.ac.uk
Subject: SBD Msg From Unit: 300224010734970
MIME-Version: 1.0
Content-Type: multipart/mixed;boundary="SBD.Boundary.605592468"
Message-Id: <19740412024625.37EB5ED83F62812D@istbsp02.sbd.iridium.com>
Date: Sat, 10 Mar 2012 10:00:54 +0000 (GMT)
X-NOCS-MailScanner-Information: Please contact the ISP for more information
X-NOCS-MailScanner-ID: q2AA0tVM020857
X-NOCS-MailScanner: Found to be clean
X-NOCS-MailScanner-SpamCheck: not spam (whitelisted),
	SpamAssassin (not cached, score=-2.599, required 5,
	autolearn=not spam, BAYES_00 -2.60)
X-NOCS-MailScanner-From: sbdservice@sbd.iridium.com
X-Spam-Status: No

SBM Message
--SBD.Boundary.605592468
PROCESS /noc/users/iridburst/exec/irid_300224010734970_upd.pl
Last Run  ----1970-01-01 00:00:00 
MONTH  5 
DATA  xxrecord 2012-03-07 10:00:05 :: $W5M5A,120307,100005,660d0028449ce246,1,DAS 2,5053.5433N,123.7215W,13.8,92,23.8,-41.1,9.1,94.4,8.3,9.2,94.4,8.3,1014.7,0,0,28.6,129,70*74
 
STATION sbdservice
IRID_ID 300224010734970
BODY --

From sbdservice@sbd.iridium.com Sat Mar 10 10:01:01 2012
Return-Path: <sbdservice@sbd.iridium.com>
Received: from istbsp02.sbd.iridium.com (outbound.sbd.iridium.com [12.47.179.11])
	by mercury.noc.soton.ac.uk (8.13.1/8.12.11) with ESMTP id q2AB0uJv027503
	for <iridburst@noc.soton.ac.uk>; Sat, 10 Mar 2012 11:00:56 GMT
Reply-To: <sbdservice@sbd.iridium.com>
From: sbdservice@sbd.iridium.com
To: iridburst@noc.soton.ac.uk
Subject: SBD Msg From Unit: 300224010734970
MIME-Version: 1.0
Content-Type: multipart/mixed;boundary="SBD.Boundary.605592468"
Message-Id: <19740412024625.47017CFB3B437E5D@istbsp02.sbd.iridium.com>
Date: Sat, 10 Mar 2012 11:00:55 +0000 (GMT)
X-NOCS-MailScanner-Information: Please contact the ISP for more information
X-NOCS-MailScanner-ID: q2AB0uJv027503
X-NOCS-MailScanner: Found to be clean
X-NOCS-MailScanner-SpamCheck: not spam (whitelisted),
	SpamAssassin (not cached, score=-2.599, required 5,
	autolearn=not spam, BAYES_00 -2.60)
X-NOCS-MailScanner-From: sbdservice@sbd.iridium.com
X-Spam-Status: No

SBM Message
--SBD.Boundary.605592468
PROCESS /noc/users/iridburst/exec/irid_300224010734970_upd.pl
Last Run  ----1970-01-01 00:00:00 
MONTH  5 
DATA  xxrecord 2012-03-07 10:00:05 :: $W5M5A,120307,100005,660d0028449ce246,1,DAS 2,5053.5433N,123.7215W,13.8,92,23.8,-41.1,9.1,94.4,8.3,9.2,94.4,8.3,1014.7,0,0,28.6,129,70*74
 
STATION sbdservice
IRID_ID 300224010734970
BODY 
Content-Type: text/plain;charset=US-ASCII
Content-Disposition: inline
Content-Transfer-Encoding: 7bit

MOMSN: 2605
MTMSN: 0
Time of Session (UTC): Sat Mar 10 11:04:01 2012
Session Status: 00 - Transfer OK
Message Size (bytes): 1960

Unit Location: Lat = 50.867694 Long = -1.420735
CEPradius = 3



-- 
This message has been scanned for viruses and
dangerous content by MailScanner, and is
believed to be clean.


--SBD.Boundary.605592468
PROCESS /noc/users/iridburst/exec/irid_300224010734970_upd.pl
Last Run  ----1970-01-01 00:00:00 
MONTH  5 
DATA  xxrecord 2012-03-07 10:00:05 :: $W5M5A,120307,100005,660d0028449ce246,1,DAS 2,5053.5433N,123.7215W,13.8,92,23.8,-41.1,9.1,94.4,8.3,9.2,94.4,8.3,1014.7,0,0,28.6,129,70*74
 
STATION sbdservice
IRID_ID 300224010734970
BODY 
Content-Type: text/plain;charset=US-ASCII
Content-Disposition: inline
Content-Transfer-Encoding: 7bit

MOMSN: 2606
MTMSN: 0
Time of Session (UTC): Sat Mar 10 12:00:30 2012
Session Status: 00 - Transfer OK
Message Size (bytes): 1960

Unit Location: Lat = 50.937674 Long = -3.246134
CEPradius = 152



-- 
This message has been scanned for viruses and
dangerous content by MailScanner, and is
believed to be clean.


--SBD.Boundary.605592468
PROCESS /noc/users/iridburst/exec/irid_300224010734970_upd.pl
Last Run  ----1970-01-01 00:00:00 
MONTH  5 
DATA  xxrecord 2012-03-07 10:00:05 :: $W5M5A,120307,100005,660d0028449ce246,1,DAS 2,5053.5433N,123.7215W,13.8,92,23.8,-41.1,9.1,94.4,8.3,9.2,94.4,8.3,1014.7,0,0,28.6,129,70*74
 
STATION sbdservice
IRID_ID 300224010734970
BODY 
Content-Type: text/plain;charset=US-ASCII
Content-Disposition: inline
Content-Transfer-Encoding: 7bit

MOMSN: 2607
MTMSN: 0
Time of Session (UTC): Sat Mar 10 13:00:28 2012
Session Status: 00 - Transfer OK
Message Size (bytes): 1960

Unit Location: Lat = 50.868372 Long = -1.363928
CEPradius = 2



-- 
This message has been scanned for viruses and
dangerous content by MailScanner, and is
believed to be clean.


--SBD.Boundary.605592468
PROCESS /noc/users/iridburst/exec/irid_300224010734970_upd.pl
Last Run  ----1970-01-01 00:00:00 
MONTH  5 
DATA  xxrecord 2012-03-07 10:00:05 :: $W5M5A,120307,100005,660d0028449ce246,1,DAS 2,5053.5433N,123.7215W,13.8,92,23.8,-41.1,9.1,94.4,8.3,9.2,94.4,8.3,1014.7,0,0,28.6,129,70*74
 
STATION sbdservice
IRID_ID 300224010734970
BODY 
Content-Type: text/plain;charset=US-ASCII
Content-Disposition: inline
Content-Transfer-Encoding: 7bit

MOMSN: 2608
MTMSN: 0
Time of Session (UTC): Sat Mar 10 14:00:31 2012
Session Status: 00 - Transfer OK
Message Size (bytes): 1960

Unit Location: Lat = 50.924211 Long = -2.674896
CEPradius = 112



-- 
This message has been scanned for viruses and
dangerous content by MailScanner, and is
believed to be clean.


--SBD.Boundary.605592468
PROCESS /noc/users/iridburst/exec/irid_300224010734970_upd.pl
Last Run  ----1970-01-01 00:00:00 
MONTH  5 
DATA  xxrecord 2012-03-07 10:00:05 :: $W5M5A,120307,100005,660d0028449ce246,1,DAS 2,5053.5433N,123.7215W,13.8,92,23.8,-41.1,9.1,94.4,8.3,9.2,94.4,8.3,1014.7,0,0,28.6,129,70*74
 
STATION sbdservice
IRID_ID 300224010734970
BODY 
Content-Type: text/plain;charset=US-ASCII
Content-Disposition: inline
Content-Transfer-Encoding: 7bit

MOMSN: 2609
MTMSN: 0
Time of Session (UTC): Sat Mar 10 15:00:51 2012
Session Status: 00 - Transfer OK
Message Size (bytes): 1960

Unit Location: Lat = 50.918946 Long = -1.365281
CEPradius = 5



-- 
This message has been scanned for viruses and
dangerous content by MailScanner, and is
believed to be clean.


--SBD.Boundary.605592468
PROCESS /noc/users/iridburst/exec/irid_300224010734970_upd.pl
Last Run  ----1970-01-01 00:00:00 
MONTH  5 
DATA  xxrecord 2012-03-07 10:00:05 :: $W5M5A,120307,100005,660d0028449ce246,1,DAS 2,5053.5433N,123.7215W,13.8,92,23.8,-41.1,9.1,94.4,8.3,9.2,94.4,8.3,1014.7,0,0,28.6,129,70*74
 
STATION sbdservice
IRID_ID 300224010734970
BODY 
Content-Type: text/plain;charset=US-ASCII
Content-Disposition: inline
Content-Transfer-Encoding: 7bit

MOMSN: 2610
MTMSN: 0
Time of Session (UTC): Sat Mar 10 16:00:36 2012
Session Status: 00 - Transfer OK
Message Size (bytes): 1960

Unit Location: Lat = 50.933749 Long = -2.220096
CEPradius = 119



-- 
This message has been scanned for viruses and
dangerous content by MailScanner, and is
believed to be clean.


--SBD.Boundary.605592468
PROCESS /noc/users/iridburst/exec/irid_300224010734970_upd.pl
Last Run  ----1970-01-01 00:00:00 
MONTH  5 
DATA  xxrecord 2012-03-07 10:00:05 :: $W5M5A,120307,100005,660d0028449ce246,1,DAS 2,5053.5433N,123.7215W,13.8,92,23.8,-41.1,9.1,94.4,8.3,9.2,94.4,8.3,1014.7,0,0,28.6,129,70*74
 
STATION sbdservice
IRID_ID 300224010734970
BODY 
Content-Type: text/plain;charset=US-ASCII
Content-Disposition: inline
Content-Transfer-Encoding: 7bit

MOMSN: 2611
MTMSN: 0
Time of Session (UTC): Sat Mar 10 17:00:38 2012
Session Status: 00 - Transfer OK
Message Size (bytes): 1960

Unit Location: Lat = 50.868372 Long = -1.363928
CEPradius = 2



-- 
This message has been scanned for viruses and
dangerous content by MailScanner, and is
believed to be clean.


--SBD.Boundary.605592468
PROCESS /noc/users/iridburst/exec/irid_300224010734970_upd.pl
Last Run  ----1970-01-01 00:00:00 
MONTH  5 
DATA  xxrecord 2012-03-07 10:00:05 :: $W5M5A,120307,100005,660d0028449ce246,1,DAS 2,5053.5433N,123.7215W,13.8,92,23.8,-41.1,9.1,94.4,8.3,9.2,94.4,8.3,1014.7,0,0,28.6,129,70*74
 
STATION sbdservice
IRID_ID 300224010734970
BODY 
Content-Type: text/plain;charset=US-ASCII
Content-Disposition: inline
Content-Transfer-Encoding: 7bit

MOMSN: 2612
MTMSN: 0
Time of Session (UTC): Sat Mar 10 18:00:32 2012
Session Status: 00 - Transfer OK
Message Size (bytes): 1960

Unit Location: Lat = 50.868372 Long = -1.363928
CEPradius = 15



-- 
This message has been scanned for viruses and
dangerous content by MailScanner, and is
believed to be clean.


--SBD.Boundary.605592468
PROCESS /noc/users/iridburst/exec/irid_300224010734970_upd.pl
Last Run  ----1970-01-01 00:00:00 
MONTH  5 
DATA  xxrecord 2012-03-07 10:00:05 :: $W5M5A,120307,100005,660d0028449ce246,1,DAS 2,5053.5433N,123.7215W,13.8,92,23.8,-41.1,9.1,94.4,8.3,9.2,94.4,8.3,1014.7,0,0,28.6,129,70*74
 
STATION sbdservice
IRID_ID 300224010734970
BODY 
Content-Type: text/plain;charset=US-ASCII
Content-Disposition: inline
Content-Transfer-Encoding: 7bit

MOMSN: 2613
MTMSN: 0
Time of Session (UTC): Sat Mar 10 19:00:34 2012
Session Status: 00 - Transfer OK
Message Size (bytes): 1960

Unit Location: Lat = 50.867694 Long = -1.420735
CEPradius = 3



-- 
This message has been scanned for viruses and
dangerous content by MailScanner, and is
believed to be clean.


--SBD.Boundary.605592468
PROCESS /noc/users/iridburst/exec/irid_300224010734970_upd.pl
Last Run  ----1970-01-01 00:00:00 
MONTH  5 
DATA  xxrecord 2012-03-07 10:00:05 :: $W5M5A,120307,100005,660d0028449ce246,1,DAS 2,5053.5433N,123.7215W,13.8,92,23.8,-41.1,9.1,94.4,8.3,9.2,94.4,8.3,1014.7,0,0,28.6,129,70*74
 
STATION sbdservice
IRID_ID 300224010734970
BODY 
Content-Type: text/plain;charset=US-ASCII
Content-Disposition: inline
Content-Transfer-Encoding: 7bit

MOMSN: 2614
MTMSN: 0
Time of Session (UTC): Sat Mar 10 20:00:31 2012
Session Status: 00 - Transfer OK
Message Size (bytes): 1960

Unit Location: Lat = 50.846317 Long = 1.307117
CEPradius = 201



-- 
This message has been scanned for viruses and
dangerous content by MailScanner, and is
believed to be clean.


--SBD.Boundary.605592468
PROCESS /noc/users/iridburst/exec/irid_300224010734970_upd.pl
Last Run  ----1970-01-01 00:00:00 
MONTH  5 
DATA  xxrecord 2012-03-07 10:00:05 :: $W5M5A,120307,100005,660d0028449ce246,1,DAS 2,5053.5433N,123.7215W,13.8,92,23.8,-41.1,9.1,94.4,8.3,9.2,94.4,8.3,1014.7,0,0,28.6,129,70*74
 
STATION sbdservice
IRID_ID 300224010734970
BODY 
Content-Type: text/plain;charset=US-ASCII
Content-Disposition: inline
Content-Transfer-Encoding: 7bit

MOMSN: 2615
MTMSN: 0
Time of Session (UTC): Sat Mar 10 21:00:31 2012
Session Status: 00 - Transfer OK
Message Size (bytes): 1960

Unit Location: Lat = 50.925805 Long = -0.512064
CEPradius = 103



-- 
This message has been scanned for viruses and
dangerous content by MailScanner, and is
believed to be clean.


--SBD.Boundary.605592468
PROCESS /noc/users/iridburst/exec/irid_300224010734970_upd.pl
Last Run  ----1970-01-01 00:00:00 
MONTH  5 
DATA  xxrecord 2012-03-07 10:00:05 :: $W5M5A,120307,100005,660d0028449ce246,1,DAS 2,5053.5433N,123.7215W,13.8,92,23.8,-41.1,9.1,94.4,8.3,9.2,94.4,8.3,1014.7,0,0,28.6,129,70*74
 
STATION sbdservice
IRID_ID 300224010734970
BODY 
Content-Type: text/plain;charset=US-ASCII
Content-Disposition: inline
Content-Transfer-Encoding: 7bit

MOMSN: 2616
MTMSN: 0
Time of Session (UTC): Sat Mar 10 22:00:28 2012
Session Status: 00 - Transfer OK
Message Size (bytes): 1960

Unit Location: Lat = 50.868372 Long = -1.363928
CEPradius = 3



-- 
This message has been scanned for viruses and
dangerous content by MailScanner, and is
believed to be clean.


--SBD.Boundary.605592468
PROCESS /noc/users/iridburst/exec/irid_300224010734970_upd.pl
Last Run  ----1970-01-01 00:00:00 
MONTH  5 
DATA  xxrecord 2012-03-07 10:00:05 :: $W5M5A,120307,100005,660d0028449ce246,1,DAS 2,5053.5433N,123.7215W,13.8,92,23.8,-41.1,9.1,94.4,8.3,9.2,94.4,8.3,1014.7,0,0,28.6,129,70*74
 
STATION sbdservice
IRID_ID 300224010734970
BODY 
Content-Type: text/plain;charset=US-ASCII
Content-Disposition: inline
Content-Transfer-Encoding: 7bit

MOMSN: 2617
MTMSN: 0
Time of Session (UTC): Sat Mar 10 23:00:28 2012
Session Status: 00 - Transfer OK
Message Size (bytes): 1960

Unit Location: Lat = 50.918946 Long = -1.365281
CEPradius = 12



-- 
This message has been scanned for viruses and
dangerous content by MailScanner, and is
believed to be clean.


--SBD.Boundary.605592468
PROCESS /noc/users/iridburst/exec/irid_300224010734970_upd.pl
Last Run  ----1970-01-01 00:00:00 
MONTH  5 
DATA  xxrecord 2012-03-07 10:00:05 :: $W5M5A,120307,100005,660d0028449ce246,1,DAS 2,5053.5433N,123.7215W,13.8,92,23.8,-41.1,9.1,94.4,8.3,9.2,94.4,8.3,1014.7,0,0,28.6,129,70*74
 
STATION sbdservice
IRID_ID 300224010734970
BODY 
Content-Type: text/plain;charset=US-ASCII
Content-Disposition: inline
Content-Transfer-Encoding: 7bit

MOMSN: 2618
MTMSN: 0
Time of Session (UTC): Sun Mar 11 00:00:28 2012
Session Status: 00 - Transfer OK
Message Size (bytes): 1960

Unit Location: Lat = 50.868372 Long = -1.363928
CEPradius = 2



-- 
This message has been scanned for viruses and
dangerous content by MailScanner, and is
believed to be clean.


--SBD.Boundary.605592468
PROCESS /noc/users/iridburst/exec/irid_300224010734970_upd.pl
Last Run  ----1970-01-01 00:00:00 
MONTH  5 
DATA  xxrecord 2012-03-07 10:00:05 :: $W5M5A,120307,100005,660d0028449ce246,1,DAS 2,5053.5433N,123.7215W,13.8,92,23.8,-41.1,9.1,94.4,8.3,9.2,94.4,8.3,1014.7,0,0,28.6,129,70*74
 
STATION sbdservice
IRID_ID 300224010734970
BODY 
Content-Type: text/plain;charset=US-ASCII
Content-Disposition: inline
Content-Transfer-Encoding: 7bit

MOMSN: 2619
MTMSN: 0
Time of Session (UTC): Sun Mar 11 01:00:37 2012
Session Status: 00 - Transfer OK
Message Size (bytes): 1960

Unit Location: Lat = 50.866989 Long = -1.477540
CEPradius = 3



-- 
This message has been scanned for viruses and
dangerous content by MailScanner, and is
believed to be clean.


--SBD.Boundary.605592468
PROCESS /noc/users/iridburst/exec/irid_300224010734970_upd.pl
Last Run  ----1970-01-01 00:00:00 
MONTH  5 
DATA  xxrecord 2012-03-07 10:00:05 :: $W5M5A,120307,100005,660d0028449ce246,1,DAS 2,5053.5433N,123.7215W,13.8,92,23.8,-41.1,9.1,94.4,8.3,9.2,94.4,8.3,1014.7,0,0,28.6,129,70*74
 
STATION sbdservice
IRID_ID 300224010734970
BODY 
Content-Type: text/plain;charset=US-ASCII
Content-Disposition: inline
Content-Transfer-Encoding: 7bit

MOMSN: 2620
MTMSN: 0
Time of Session (UTC): Sun Mar 11 03:00:33 2012
Session Status: 00 - Transfer OK
Message Size (bytes): 1960

Unit Location: Lat = 50.918946 Long = -1.365281
CEPradius = 3



-- 
This message has been scanned for viruses and
dangerous content by MailScanner, and is
believed to be clean.


--SBD.Boundary.605592468
PROCESS /noc/users/iridburst/exec/irid_300224010734970_upd.pl
Last Run  ----1970-01-01 00:00:00 
MONTH  5 
DATA  xxrecord 2012-03-07 10:00:05 :: $W5M5A,120307,100005,660d0028449ce246,1,DAS 2,5053.5433N,123.7215W,13.8,92,23.8,-41.1,9.1,94.4,8.3,9.2,94.4,8.3,1014.7,0,0,28.6,129,70*74
 
STATION sbdservice
IRID_ID 300224010734970
BODY 
Content-Type: text/plain;charset=US-ASCII
Content-Disposition: inline
Content-Transfer-Encoding: 7bit

MOMSN: 2621
MTMSN: 0
Time of Session (UTC): Sun Mar 11 05:04:06 2012
Session Status: 00 - Transfer OK
Message Size (bytes): 1960

Unit Location: Lat = 50.918946 Long = -1.365281
CEPradius = 3



-- 
This message has been scanned for viruses and
dangerous content by MailScanner, and is
believed to be clean.


--SBD.Boundary.605592468
PROCESS /noc/users/iridburst/exec/irid_300224010734970_upd.pl
Last Run  ----1970-01-01 00:00:00 
MONTH  5 
DATA  xxrecord 2012-03-07 10:00:05 :: $W5M5A,120307,100005,660d0028449ce246,1,DAS 2,5053.5433N,123.7215W,13.8,92,23.8,-41.1,9.1,94.4,8.3,9.2,94.4,8.3,1014.7,0,0,28.6,129,70*74
 
STATION sbdservice
IRID_ID 300224010734970
BODY 
Content-Type: text/plain;charset=US-ASCII
Content-Disposition: inline
Content-Transfer-Encoding: 7bit

MOMSN: 2622
MTMSN: 0
Time of Session (UTC): Sun Mar 11 06:00:32 2012
Session Status: 00 - Transfer OK
Message Size (bytes): 1960

Unit Location: Lat = 50.868372 Long = -1.363928
CEPradius = 5



-- 
This message has been scanned for viruses and
dangerous content by MailScanner, and is
believed to be clean.


--SBD.Boundary.605592468
PROCESS /noc/users/iridburst/exec/irid_300224010734970_upd.pl
Last Run  ----1970-01-01 00:00:00 
MONTH  5 
DATA  xxrecord 2012-03-07 10:00:05 :: $W5M5A,120307,100005,660d0028449ce246,1,DAS 2,5053.5433N,123.7215W,13.8,92,23.8,-41.1,9.1,94.4,8.3,9.2,94.4,8.3,1014.7,0,0,28.6,129,70*74
 
STATION sbdservice
IRID_ID 300224010734970
BODY 
Content-Type: text/plain;charset=US-ASCII
Content-Disposition: inline
Content-Transfer-Encoding: 7bit

MOMSN: 2623
MTMSN: 0
Time of Session (UTC): Sun Mar 11 07:00:28 2012
Session Status: 00 - Transfer OK
Message Size (bytes): 1960

Unit Location: Lat = 50.867694 Long = -1.420735
CEPradius = 4



-- 
This message has been scanned for viruses and
dangerous content by MailScanner, and is
believed to be clean.


--SBD.Boundary.605592468
PROCESS /noc/users/iridburst/exec/irid_300224010734970_upd.pl
Last Run  ----1970-01-01 00:00:00 
MONTH  5 
DATA  xxrecord 2012-03-07 10:00:05 :: $W5M5A,120307,100005,660d0028449ce246,1,DAS 2,5053.5433N,123.7215W,13.8,92,23.8,-41.1,9.1,94.4,8.3,9.2,94.4,8.3,1014.7,0,0,28.6,129,70*74
 
STATION sbdservice
IRID_ID 300224010734970
BODY 
Content-Type: text/plain;charset=US-ASCII
Content-Disposition: inline
Content-Transfer-Encoding: 7bit

MOMSN: 2624
MTMSN: 0
Time of Session (UTC): Sun Mar 11 08:00:29 2012
Session Status: 00 - Transfer OK
Message Size (bytes): 1960

Unit Location: Lat = 50.918267 Long = -1.422145
CEPradius = 6



-- 
This message has been scanned for viruses and
dangerous content by MailScanner, and is
believed to be clean.


--SBD.Boundary.605592468
PROCESS /noc/users/iridburst/exec/irid_300224010734970_upd.pl
Last Run  ----1970-01-01 00:00:00 
MONTH  5 
DATA  xxrecord 2012-03-07 10:00:05 :: $W5M5A,120307,100005,660d0028449ce246,1,DAS 2,5053.5433N,123.7215W,13.8,92,23.8,-41.1,9.1,94.4,8.3,9.2,94.4,8.3,1014.7,0,0,28.6,129,70*74
 
STATION sbdservice
IRID_ID 300224010734970
BODY 
Content-Type: text/plain;charset=US-ASCII
Content-Disposition: inline
Content-Transfer-Encoding: 7bit

MOMSN: 2625
MTMSN: 0
Time of Session (UTC): Sun Mar 11 09:00:34 2012
Session Status: 00 - Transfer OK
Message Size (bytes): 1960

Unit Location: Lat = 50.868372 Long = -1.363928
CEPradius = 2



-- 
This message has been scanned for viruses and
dangerous content by MailScanner, and is
believed to be clean.


--SBD.Boundary.605592468
PROCESS /noc/users/iridburst/exec/irid_300224010734970_upd.pl
Last Run  ----1970-01-01 00:00:00 
MONTH  5 
DATA  xxrecord 2012-03-07 10:00:05 :: $W5M5A,120307,100005,660d0028449ce246,1,DAS 2,5053.5433N,123.7215W,13.8,92,23.8,-41.1,9.1,94.4,8.3,9.2,94.4,8.3,1014.7,0,0,28.6,129,70*74
 
STATION sbdservice
IRID_ID 300224010734970
BODY 
Content-Type: text/plain;charset=US-ASCII
Content-Disposition: inline
Content-Transfer-Encoding: 7bit

MOMSN: 2626
MTMSN: 0
Time of Session (UTC): Sun Mar 11 10:00:38 2012
Session Status: 00 - Transfer OK
Message Size (bytes): 1960

Unit Location: Lat = 50.918946 Long = -1.365281
CEPradius = 11



-- 
This message has been scanned for viruses and
dangerous content by MailScanner, and is
believed to be clean.


--SBD.Boundary.605592468
PROCESS /noc/users/iridburst/exec/irid_300224010734970_upd.pl
Last Run  ----1970-01-01 00:00:00 
MONTH  5 
DATA  xxrecord 2012-03-07 10:00:05 :: $W5M5A,120307,100005,660d0028449ce246,1,DAS 2,5053.5433N,123.7215W,13.8,92,23.8,-41.1,9.1,94.4,8.3,9.2,94.4,8.3,1014.7,0,0,28.6,129,70*74
 
STATION sbdservice
IRID_ID 300224010734970
BODY 
Content-Type: text/plain;charset=US-ASCII
Content-Disposition: inline
Content-Transfer-Encoding: 7bit

MOMSN: 2627
MTMSN: 0
Time of Session (UTC): Sun Mar 11 11:00:39 2012
Session Status: 00 - Transfer OK
Message Size (bytes): 1960

Unit Location: Lat = 50.918267 Long = -1.422145
CEPradius = 8



-- 
This message has been scanned for viruses and
dangerous content by MailScanner, and is
believed to be clean.


--SBD.Boundary.605592468
PROCESS /noc/users/iridburst/exec/irid_300224010734970_upd.pl
Last Run  ----1970-01-01 00:00:00 
MONTH  5 
DATA  xxrecord 2012-03-07 10:00:05 :: $W5M5A,120307,100005,660d0028449ce246,1,DAS 2,5053.5433N,123.7215W,13.8,92,23.8,-41.1,9.1,94.4,8.3,9.2,94.4,8.3,1014.7,0,0,28.6,129,70*74
 
STATION sbdservice
IRID_ID 300224010734970
BODY 
Content-Type: text/plain;charset=US-ASCII
Content-Disposition: inline
Content-Transfer-Encoding: 7bit

MOMSN: 2628
MTMSN: 0
Time of Session (UTC): Sun Mar 11 12:00:29 2012
Session Status: 00 - Transfer OK
Message Size (bytes): 1960

Unit Location: Lat = 50.868372 Long = -1.363928
CEPradius = 3



-- 
This message has been scanned for viruses and
dangerous content by MailScanner, and is
believed to be clean.


--SBD.Boundary.605592468
PROCESS /noc/users/iridburst/exec/irid_300224010734970_upd.pl
Last Run  ----1970-01-01 00:00:00 
MONTH  5 
DATA  xxrecord 2012-03-07 10:00:05 :: $W5M5A,120307,100005,660d0028449ce246,1,DAS 2,5053.5433N,123.7215W,13.8,92,23.8,-41.1,9.1,94.4,8.3,9.2,94.4,8.3,1014.7,0,0,28.6,129,70*74
 
STATION sbdservice
IRID_ID 300224010734970
BODY 
Content-Type: text/plain;charset=US-ASCII
Content-Disposition: inline
Content-Transfer-Encoding: 7bit

MOMSN: 2629
MTMSN: 0
Time of Session (UTC): Sun Mar 11 13:00:35 2012
Session Status: 00 - Transfer OK
Message Size (bytes): 1960

Unit Location: Lat = 50.918946 Long = -1.365281
CEPradius = 4



-- 
This message has been scanned for viruses and
dangerous content by MailScanner, and is
believed to be clean.


--SBD.Boundary.605592468
PROCESS /noc/users/iridburst/exec/irid_300224010734970_upd.pl
Last Run  ----1970-01-01 00:00:00 
MONTH  5 
DATA  xxrecord 2012-03-07 10:00:05 :: $W5M5A,120307,100005,660d0028449ce246,1,DAS 2,5053.5433N,123.7215W,13.8,92,23.8,-41.1,9.1,94.4,8.3,9.2,94.4,8.3,1014.7,0,0,28.6,129,70*74
 
STATION sbdservice
IRID_ID 300224010734970
BODY 
Content-Type: text/plain;charset=US-ASCII
Content-Disposition: inline
Content-Transfer-Encoding: 7bit

MOMSN: 2630
MTMSN: 0
Time of Session (UTC): Sun Mar 11 14:00:28 2012
Session Status: 00 - Transfer OK
Message Size (bytes): 1960

Unit Location: Lat = 51.044442 Long = -4.858463
CEPradius = 257



-- 
This message has been scanned for viruses and
dangerous content by MailScanner, and is
believed to be clean.


--SBD.Boundary.605592468
PROCESS /noc/users/iridburst/exec/irid_300224010734970_upd.pl
Last Run  ----1970-01-01 00:00:00 
MONTH  5 
DATA  xxrecord 2012-03-07 10:00:05 :: $W5M5A,120307,100005,660d0028449ce246,1,DAS 2,5053.5433N,123.7215W,13.8,92,23.8,-41.1,9.1,94.4,8.3,9.2,94.4,8.3,1014.7,0,0,28.6,129,70*74
 
STATION sbdservice
IRID_ID 300224010734970
BODY 
Content-Type: text/plain;charset=US-ASCII
Content-Disposition: inline
Content-Transfer-Encoding: 7bit

MOMSN: 2631
MTMSN: 0
Time of Session (UTC): Sun Mar 11 15:00:34 2012
Session Status: 00 - Transfer OK
Message Size (bytes): 1960

Unit Location: Lat = 50.867694 Long = -1.420735
CEPradius = 3



-- 
This message has been scanned for viruses and
dangerous content by MailScanner, and is
believed to be clean.


--SBD.Boundary.605592468
PROCESS /noc/users/iridburst/exec/irid_300224010734970_upd.pl
Last Run  ----1970-01-01 00:00:00 
MONTH  5 
DATA  xxrecord 2012-03-07 10:00:05 :: $W5M5A,120307,100005,660d0028449ce246,1,DAS 2,5053.5433N,123.7215W,13.8,92,23.8,-41.1,9.1,94.4,8.3,9.2,94.4,8.3,1014.7,0,0,28.6,129,70*74
 
STATION sbdservice
IRID_ID 300224010734970
BODY 
Content-Type: text/plain;charset=US-ASCII
Content-Disposition: inline
Content-Transfer-Encoding: 7bit

MOMSN: 2632
MTMSN: 0
Time of Session (UTC): Sun Mar 11 16:00:37 2012
Session Status: 00 - Transfer OK
Message Size (bytes): 1960

Unit Location: Lat = 50.902496 Long = -2.388311
CEPradius = 105



-- 
This message has been scanned for viruses and
dangerous content by MailScanner, and is
believed to be clean.


--SBD.Boundary.605592468
PROCESS /noc/users/iridburst/exec/irid_300224010734970_upd.pl
Last Run  ----1970-01-01 00:00:00 
MONTH  5 
DATA  xxrecord 2012-03-07 10:00:05 :: $W5M5A,120307,100005,660d0028449ce246,1,DAS 2,5053.5433N,123.7215W,13.8,92,23.8,-41.1,9.1,94.4,8.3,9.2,94.4,8.3,1014.7,0,0,28.6,129,70*74
 
STATION sbdservice
IRID_ID 300224010734970
BODY 
Content-Type: text/plain;charset=US-ASCII
Content-Disposition: inline
Content-Transfer-Encoding: 7bit

MOMSN: 2633
MTMSN: 0
Time of Session (UTC): Sun Mar 11 17:00:29 2012
Session Status: 00 - Transfer OK
Message Size (bytes): 1960

Unit Location: Lat = 50.868372 Long = -1.363928
CEPradius = 4



-- 
This message has been scanned for viruses and
dangerous content by MailScanner, and is
believed to be clean.


--SBD.Boundary.605592468
PROCESS /noc/users/iridburst/exec/irid_300224010734970_upd.pl
Last Run  ----1970-01-01 00:00:00 
MONTH  5 
DATA  xxrecord 2012-03-07 10:00:05 :: $W5M5A,120307,100005,660d0028449ce246,1,DAS 2,5053.5433N,123.7215W,13.8,92,23.8,-41.1,9.1,94.4,8.3,9.2,94.4,8.3,1014.7,0,0,28.6,129,70*74
 
STATION sbdservice
IRID_ID 300224010734970
BODY 
Content-Type: text/plain;charset=US-ASCII
Content-Disposition: inline
Content-Transfer-Encoding: 7bit

MOMSN: 2634
MTMSN: 0
Time of Session (UTC): Sun Mar 11 18:00:33 2012
Session Status: 00 - Transfer OK
Message Size (bytes): 1960

Unit Location: Lat = 50.918267 Long = -1.422145
CEPradius = 74



-- 
This message has been scanned for viruses and
dangerous content by MailScanner, and is
believed to be clean.


--SBD.Boundary.605592468
PROCESS /noc/users/iridburst/exec/irid_300224010734970_upd.pl
Last Run  ----1970-01-01 00:00:00 
MONTH  5 
DATA  xxrecord 2012-03-07 10:00:05 :: $W5M5A,120307,100005,660d0028449ce246,1,DAS 2,5053.5433N,123.7215W,13.8,92,23.8,-41.1,9.1,94.4,8.3,9.2,94.4,8.3,1014.7,0,0,28.6,129,70*74
 
STATION sbdservice
IRID_ID 300224010734970
BODY 
Content-Type: text/plain;charset=US-ASCII
Content-Disposition: inline
Content-Transfer-Encoding: 7bit

MOMSN: 2635
MTMSN: 0
Time of Session (UTC): Sun Mar 11 19:00:37 2012
Session Status: 00 - Transfer OK
Message Size (bytes): 1960

Unit Location: Lat = 50.867694 Long = -1.420735
CEPradius = 6



-- 
This message has been scanned for viruses and
dangerous content by MailScanner, and is
believed to be clean.


--SBD.Boundary.605592468
PROCESS /noc/users/iridburst/exec/irid_300224010734970_upd.pl
Last Run  ----1970-01-01 00:00:00 
MONTH  5 
DATA  xxrecord 2012-03-07 10:00:05 :: $W5M5A,120307,100005,660d0028449ce246,1,DAS 2,5053.5433N,123.7215W,13.8,92,23.8,-41.1,9.1,94.4,8.3,9.2,94.4,8.3,1014.7,0,0,28.6,129,70*74
 
STATION sbdservice
IRID_ID 300224010734970
BODY 
Content-Type: text/plain;charset=US-ASCII
Content-Disposition: inline
Content-Transfer-Encoding: 7bit

MOMSN: 2636
MTMSN: 0
Time of Session (UTC): Sun Mar 11 20:00:29 2012
Session Status: 00 - Transfer OK
Message Size (bytes): 1960

Unit Location: Lat = 50.920816 Long = -1.194674
CEPradius = 100



-- 
This message has been scanned for viruses and
dangerous content by MailScanner, and is
believed to be clean.


--SBD.Boundary.605592468
PROCESS /noc/users/iridburst/exec/irid_300224010734970_upd.pl
Last Run  ----1970-01-01 00:00:00 
MONTH  5 
DATA  xxrecord 2012-03-07 10:00:05 :: $W5M5A,120307,100005,660d0028449ce246,1,DAS 2,5053.5433N,123.7215W,13.8,92,23.8,-41.1,9.1,94.4,8.3,9.2,94.4,8.3,1014.7,0,0,28.6,129,70*74
 
STATION sbdservice
IRID_ID 300224010734970
BODY 
Content-Type: text/plain;charset=US-ASCII
Content-Disposition: inline
Content-Transfer-Encoding: 7bit

MOMSN: 2637
MTMSN: 0
Time of Session (UTC): Sun Mar 11 21:00:33 2012
Session Status: 00 - Transfer OK
Message Size (bytes): 1960

Unit Location: Lat = 50.868372 Long = -1.363928
CEPradius = 2



-- 
This message has been scanned for viruses and
dangerous content by MailScanner, and is
believed to be clean.


--SBD.Boundary.605592468
PROCESS /noc/users/iridburst/exec/irid_300224010734970_upd.pl
Last Run  ----1970-01-01 00:00:00 
MONTH  5 
DATA  xxrecord 2012-03-07 10:00:05 :: $W5M5A,120307,100005,660d0028449ce246,1,DAS 2,5053.5433N,123.7215W,13.8,92,23.8,-41.1,9.1,94.4,8.3,9.2,94.4,8.3,1014.7,0,0,28.6,129,70*74
 
STATION sbdservice
IRID_ID 300224010734970
BODY 
Content-Type: text/plain;charset=US-ASCII
Content-Disposition: inline
Content-Transfer-Encoding: 7bit

MOMSN: 2638
MTMSN: 0
Time of Session (UTC): Sun Mar 11 22:00:28 2012
Session Status: 00 - Transfer OK
Message Size (bytes): 1960

Unit Location: Lat = 50.891054 Long = -1.363928
CEPradius = 2



-- 
This message has been scanned for viruses and
dangerous content by MailScanner, and is
believed to be clean.


--SBD.Boundary.605592468
PROCESS /noc/users/iridburst/exec/irid_300224010734970_upd.pl
Last Run  ----1970-01-01 00:00:00 
MONTH  5 
DATA  xxrecord 2012-03-07 10:00:05 :: $W5M5A,120307,100005,660d0028449ce246,1,DAS 2,5053.5433N,123.7215W,13.8,92,23.8,-41.1,9.1,94.4,8.3,9.2,94.4,8.3,1014.7,0,0,28.6,129,70*74
 
STATION sbdservice
IRID_ID 300224010734970
BODY 
Content-Type: text/plain;charset=US-ASCII
Content-Disposition: inline
Content-Transfer-Encoding: 7bit

MOMSN: 2639
MTMSN: 0
Time of Session (UTC): Sun Mar 11 23:00:30 2012
Session Status: 00 - Transfer OK
Message Size (bytes): 1960

Unit Location: Lat = 50.926581 Long = -0.284485
CEPradius = 106



-- 
This message has been scanned for viruses and
dangerous content by MailScanner, and is
believed to be clean.


--SBD.Boundary.605592468
PROCESS /noc/users/iridburst/exec/irid_300224010734970_upd.pl
Last Run  ----1970-01-01 00:00:00 
MONTH  5 
DATA  xxrecord 2012-03-07 10:00:05 :: $W5M5A,120307,100005,660d0028449ce246,1,DAS 2,5053.5433N,123.7215W,13.8,92,23.8,-41.1,9.1,94.4,8.3,9.2,94.4,8.3,1014.7,0,0,28.6,129,70*74
 
STATION sbdservice
IRID_ID 300224010734970
BODY 
Content-Type: text/plain;charset=US-ASCII
Content-Disposition: inline
Content-Transfer-Encoding: 7bit

MOMSN: 2640
MTMSN: 0
Time of Session (UTC): Mon Mar 12 00:00:28 2012
Session Status: 00 - Transfer OK
Message Size (bytes): 1960

Unit Location: Lat = 50.868372 Long = -1.363928
CEPradius = 6



-- 
This message has been scanned for viruses and
dangerous content by MailScanner, and is
believed to be clean.


--SBD.Boundary.605592468
PROCESS /noc/users/iridburst/exec/irid_300224010734970_upd.pl
Last Run  ----1970-01-01 00:00:00 
MONTH  5 
DATA  xxrecord 2012-03-07 10:00:05 :: $W5M5A,120307,100005,660d0028449ce246,1,DAS 2,5053.5433N,123.7215W,13.8,92,23.8,-41.1,9.1,94.4,8.3,9.2,94.4,8.3,1014.7,0,0,28.6,129,70*74
 
STATION sbdservice
IRID_ID 300224010734970
BODY 
Content-Type: text/plain;charset=US-ASCII
Content-Disposition: inline
Content-Transfer-Encoding: 7bit

MOMSN: 2641
MTMSN: 0
Time of Session (UTC): Mon Mar 12 01:00:29 2012
Session Status: 00 - Transfer OK
Message Size (bytes): 1960

Unit Location: Lat = 50.976117 Long = 0.569522
CEPradius = 172



-- 
This message has been scanned for viruses and
dangerous content by MailScanner, and is
believed to be clean.


--SBD.Boundary.605592468
PROCESS /noc/users/iridburst/exec/irid_300224010734970_upd.pl
Last Run  ----1970-01-01 00:00:00 
MONTH  5 
DATA  xxrecord 2012-03-07 10:00:05 :: $W5M5A,120307,100005,660d0028449ce246,1,DAS 2,5053.5433N,123.7215W,13.8,92,23.8,-41.1,9.1,94.4,8.3,9.2,94.4,8.3,1014.7,0,0,28.6,129,70*74
 
STATION sbdservice
IRID_ID 300224010734970
BODY 
Content-Type: text/plain;charset=US-ASCII
Content-Disposition: inline
Content-Transfer-Encoding: 7bit

MOMSN: 2642
MTMSN: 0
Time of Session (UTC): Mon Mar 12 02:00:30 2012
Session Status: 00 - Transfer OK
Message Size (bytes): 1960

Unit Location: Lat = 50.918946 Long = -1.365281
CEPradius = 2



-- 
This message has been scanned for viruses and
dangerous content by MailScanner, and is
believed to be clean.


--SBD.Boundary.605592468
PROCESS /noc/users/iridburst/exec/irid_300224010734970_upd.pl
Last Run  ----1970-01-01 00:00:00 
MONTH  5 
DATA  xxrecord 2012-03-07 10:00:05 :: $W5M5A,120307,100005,660d0028449ce246,1,DAS 2,5053.5433N,123.7215W,13.8,92,23.8,-41.1,9.1,94.4,8.3,9.2,94.4,8.3,1014.7,0,0,28.6,129,70*74
 
STATION sbdservice
IRID_ID 300224010734970
BODY 
Content-Type: text/plain;charset=US-ASCII
Content-Disposition: inline
Content-Transfer-Encoding: 7bit

MOMSN: 2643
MTMSN: 0
Time of Session (UTC): Mon Mar 12 03:00:34 2012
Session Status: 00 - Transfer OK
Message Size (bytes): 1960

Unit Location: Lat = 50.918267 Long = -1.422145
CEPradius = 4



-- 
This message has been scanned for viruses and
dangerous content by MailScanner, and is
believed to be clean.


--SBD.Boundary.605592468
PROCESS /noc/users/iridburst/exec/irid_300224010734970_upd.pl
Last Run  ----1970-01-01 00:00:00 
MONTH  5 
DATA  xxrecord 2012-03-07 10:00:05 :: $W5M5A,120307,100005,660d0028449ce246,1,DAS 2,5053.5433N,123.7215W,13.8,92,23.8,-41.1,9.1,94.4,8.3,9.2,94.4,8.3,1014.7,0,0,28.6,129,70*74
 
STATION sbdservice
IRID_ID 300224010734970
BODY 
Content-Type: text/plain;charset=US-ASCII
Content-Disposition: inline
Content-Transfer-Encoding: 7bit

MOMSN: 2644
MTMSN: 0
Time of Session (UTC): Mon Mar 12 04:00:33 2012
Session Status: 00 - Transfer OK
Message Size (bytes): 1960

Unit Location: Lat = 50.868372 Long = -1.363928
CEPradius = 3



-- 
This message has been scanned for viruses and
dangerous content by MailScanner, and is
believed to be clean.


--SBD.Boundary.605592468
PROCESS /noc/users/iridburst/exec/irid_300224010734970_upd.pl
Last Run  ----1970-01-01 00:00:00 
MONTH  5 
DATA  xxrecord 2012-03-07 10:00:05 :: $W5M5A,120307,100005,660d0028449ce246,1,DAS 2,5053.5433N,123.7215W,13.8,92,23.8,-41.1,9.1,94.4,8.3,9.2,94.4,8.3,1014.7,0,0,28.6,129,70*74
 
STATION sbdservice
IRID_ID 300224010734970
BODY 
Content-Type: text/plain;charset=US-ASCII
Content-Disposition: inline
Content-Transfer-Encoding: 7bit

MOMSN: 2645
MTMSN: 0
Time of Session (UTC): Mon Mar 12 05:00:31 2012
Session Status: 00 - Transfer OK
Message Size (bytes): 1960

Unit Location: Lat = 50.866989 Long = -1.477540
CEPradius = 4



-- 
This message has been scanned for viruses and
dangerous content by MailScanner, and is
believed to be clean.


--SBD.Boundary.605592468
PROCESS /noc/users/iridburst/exec/irid_300224010734970_upd.pl
Last Run  ----1970-01-01 00:00:00 
MONTH  5 
DATA  xxrecord 2012-03-07 10:00:05 :: $W5M5A,120307,100005,660d0028449ce246,1,DAS 2,5053.5433N,123.7215W,13.8,92,23.8,-41.1,9.1,94.4,8.3,9.2,94.4,8.3,1014.7,0,0,28.6,129,70*74
 
STATION sbdservice
IRID_ID 300224010734970
BODY 
Content-Type: text/plain;charset=US-ASCII
Content-Disposition: inline
Content-Transfer-Encoding: 7bit

MOMSN: 2646
MTMSN: 0
Time of Session (UTC): Mon Mar 12 06:00:40 2012
Session Status: 00 - Transfer OK
Message Size (bytes): 1960

Unit Location: Lat = 50.918267 Long = -1.422145
CEPradius = 6



-- 
This message has been scanned for viruses and
dangerous content by MailScanner, and is
believed to be clean.


--SBD.Boundary.605592468
PROCESS /noc/users/iridburst/exec/irid_300224010734970_upd.pl
Last Run  ----1970-01-01 00:00:00 
MONTH  5 
DATA  xxrecord 2012-03-07 10:00:05 :: $W5M5A,120307,100005,660d0028449ce246,1,DAS 2,5053.5433N,123.7215W,13.8,92,23.8,-41.1,9.1,94.4,8.3,9.2,94.4,8.3,1014.7,0,0,28.6,129,70*74
 
STATION sbdservice
IRID_ID 300224010734970
BODY 
Content-Type: text/plain;charset=US-ASCII
Content-Disposition: inline
Content-Transfer-Encoding: 7bit

MOMSN: 2647
MTMSN: 0
Time of Session (UTC): Mon Mar 12 07:00:30 2012
Session Status: 00 - Transfer OK
Message Size (bytes): 1960

Unit Location: Lat = 50.918946 Long = -1.365281
CEPradius = 8



-- 
This message has been scanned for viruses and
dangerous content by MailScanner, and is
believed to be clean.


--SBD.Boundary.605592468
PROCESS /noc/users/iridburst/exec/irid_300224010734970_upd.pl
Last Run  ----1970-01-01 00:00:00 
MONTH  5 
DATA  xxrecord 2012-03-07 10:00:05 :: $W5M5A,120307,100005,660d0028449ce246,1,DAS 2,5053.5433N,123.7215W,13.8,92,23.8,-41.1,9.1,94.4,8.3,9.2,94.4,8.3,1014.7,0,0,28.6,129,70*74
 
STATION sbdservice
IRID_ID 300224010734970
BODY 
Content-Type: text/plain;charset=US-ASCII
Content-Disposition: inline
Content-Transfer-Encoding: 7bit

MOMSN: 2648
MTMSN: 0
Time of Session (UTC): Mon Mar 12 08:00:33 2012
Session Status: 00 - Transfer OK
Message Size (bytes): 1960

Unit Location: Lat = 50.868372 Long = -1.363928
CEPradius = 1



-- 
This message has been scanned for viruses and
dangerous content by MailScanner, and is
believed to be clean.


--SBD.Boundary.605592468
PROCESS /noc/users/iridburst/exec/irid_300224010734970_upd.pl
Last Run  ----1970-01-01 00:00:00 
MONTH  5 
DATA  xxrecord 2012-03-07 10:00:05 :: $W5M5A,120307,100005,660d0028449ce246,1,DAS 2,5053.5433N,123.7215W,13.8,92,23.8,-41.1,9.1,94.4,8.3,9.2,94.4,8.3,1014.7,0,0,28.6,129,70*74
 
STATION sbdservice
IRID_ID 300224010734970
BODY 
Content-Type: text/plain;charset=US-ASCII
Content-Disposition: inline
Content-Transfer-Encoding: 7bit

MOMSN: 2649
MTMSN: 0
Time of Session (UTC): Mon Mar 12 09:00:32 2012
Session Status: 00 - Transfer OK
Message Size (bytes): 1960

Unit Location: Lat = 50.918267 Long = -1.422145
CEPradius = 8



-- 
This message has been scanned for viruses and
dangerous content by MailScanner, and is
believed to be clean.


--SBD.Boundary.605592468
PROCESS /noc/users/iridburst/exec/irid_300224010734970_upd.pl
Last Run  ----1970-01-01 00:00:00 
MONTH  5 
DATA  xxrecord 2012-03-07 10:00:05 :: $W5M5A,120307,100005,660d0028449ce246,1,DAS 2,5053.5433N,123.7215W,13.8,92,23.8,-41.1,9.1,94.4,8.3,9.2,94.4,8.3,1014.7,0,0,28.6,129,70*74
 
STATION sbdservice
IRID_ID 300224010734970
BODY 
Content-Type: text/plain;charset=US-ASCII
Content-Disposition: inline
Content-Transfer-Encoding: 7bit

MOMSN: 2650
MTMSN: 0
Time of Session (UTC): Mon Mar 12 10:00:30 2012
Session Status: 00 - Transfer OK
Message Size (bytes): 1960

Unit Location: Lat = 50.868372 Long = -1.363928
CEPradius = 3



-- 
This message has been scanned for viruses and
dangerous content by MailScanner, and is
believed to be clean.


--SBD.Boundary.605592468
PROCESS /noc/users/iridburst/exec/irid_300224010734970_upd.pl
Last Run  ----1970-01-01 00:00:00 
MONTH  5 
DATA  xxrecord 2012-03-07 10:00:05 :: $W5M5A,120307,100005,660d0028449ce246,1,DAS 2,5053.5433N,123.7215W,13.8,92,23.8,-41.1,9.1,94.4,8.3,9.2,94.4,8.3,1014.7,0,0,28.6,129,70*74
 
STATION sbdservice
IRID_ID 300224010734970
BODY 
Content-Type: text/plain;charset=US-ASCII
Content-Disposition: inline
Content-Transfer-Encoding: 7bit

MOMSN: 2651
MTMSN: 0
Time of Session (UTC): Mon Mar 12 11:00:34 2012
Session Status: 00 - Transfer OK
Message Size (bytes): 1960

Unit Location: Lat = 50.868372 Long = -1.363928
CEPradius = 4



-- 
This message has been scanned for viruses and
dangerous content by MailScanner, and is
believed to be clean.


--SBD.Boundary.605592468
PROCESS /noc/users/iridburst/exec/irid_300224010734970_upd.pl
Last Run  ----1970-01-01 00:00:00 
MONTH  5 
DATA  xxrecord 2012-03-07 10:00:05 :: $W5M5A,120307,100005,660d0028449ce246,1,DAS 2,5053.5433N,123.7215W,13.8,92,23.8,-41.1,9.1,94.4,8.3,9.2,94.4,8.3,1014.7,0,0,28.6,129,70*74
 
STATION sbdservice
IRID_ID 300224010734970
BODY 
Content-Type: text/plain;charset=US-ASCII
Content-Disposition: inline
Content-Transfer-Encoding: 7bit

MOMSN: 2652
MTMSN: 0
Time of Session (UTC): Thu Apr 12 18:00:25 2012
Session Status: 00 - Transfer OK
Message Size (bytes): 273

Unit Location: Lat = 50.867694 Long = -1.420735
CEPradius = 71



-- 
This message has been scanned for viruses and
dangerous content by MailScanner, and is
believed to be clean.


--SBD.Boundary.605592468
PROCESS /noc/users/iridburst/exec/irid_300224010734970_upd.pl
Last Run  ----1970-01-01 00:00:00 
MONTH  5 
DATA  xxrecord 2012-03-07 10:00:05 :: $W5M5A,120307,100005,660d0028449ce246,1,DAS 2,5053.5433N,123.7215W,13.8,92,23.8,-41.1,9.1,94.4,8.3,9.2,94.4,8.3,1014.7,0,0,28.6,129,70*74
 
STATION sbdservice
IRID_ID 300224010734970
BODY 
Content-Type: text/plain;charset=US-ASCII
Content-Disposition: inline
Content-Transfer-Encoding: 7bit

MOMSN: 2653
MTMSN: 0
Time of Session (UTC): Thu Apr 12 19:00:37 2012
Session Status: 00 - Transfer OK
Message Size (bytes): 1960

Unit Location: Lat = 50.868372 Long = -1.363928
CEPradius = 3



-- 
This message has been scanned for viruses and
dangerous content by MailScanner, and is
believed to be clean.


--SBD.Boundary.605592468
PROCESS /noc/users/iridburst/exec/irid_300224010734970_upd.pl
Last Run  ----1970-01-01 00:00:00 
MONTH  5 
DATA  xxrecord 2012-03-07 10:00:05 :: $W5M5A,120307,100005,660d0028449ce246,1,DAS 2,5053.5433N,123.7215W,13.8,92,23.8,-41.1,9.1,94.4,8.3,9.2,94.4,8.3,1014.7,0,0,28.6,129,70*74
 
STATION sbdservice
IRID_ID 300224010734970
BODY 
Content-Type: text/plain;charset=US-ASCII
Content-Disposition: inline
Content-Transfer-Encoding: 7bit

MOMSN: 2654
MTMSN: 0
Time of Session (UTC): Thu Apr 12 20:00:29 2012
Session Status: 00 - Transfer OK
Message Size (bytes): 1960

Unit Location: Lat = 50.924932 Long = -0.682738
CEPradius = 147



-- 
This message has been scanned for viruses and
dangerous content by MailScanner, and is
believed to be clean.


--SBD.Boundary.605592468
PROCESS /noc/users/iridburst/exec/irid_300224010734970_upd.pl
Last Run  ----1970-01-01 00:00:00 
MONTH  5 
DATA  xxrecord 2012-03-07 10:00:05 :: $W5M5A,120307,100005,660d0028449ce246,1,DAS 2,5053.5433N,123.7215W,13.8,92,23.8,-41.1,9.1,94.4,8.3,9.2,94.4,8.3,1014.7,0,0,28.6,129,70*74
 
STATION sbdservice
IRID_ID 300224010734970
BODY 
Content-Type: text/plain;charset=US-ASCII
Content-Disposition: inline
Content-Transfer-Encoding: 7bit

MOMSN: 2655
MTMSN: 0
Time of Session (UTC): Thu Apr 12 21:00:32 2012
Session Status: 00 - Transfer OK
Message Size (bytes): 1960

Unit Location: Lat = 50.918946 Long = -1.365281
CEPradius = 2



-- 
This message has been scanned for viruses and
dangerous content by MailScanner, and is
believed to be clean.


--SBD.Boundary.605592468
PROCESS /noc/users/iridburst/exec/irid_300224010734970_upd.pl
Last Run  ----1970-01-01 00:00:00 
MONTH  5 
DATA  xxrecord 2012-03-07 10:00:05 :: $W5M5A,120307,100005,660d0028449ce246,1,DAS 2,5053.5433N,123.7215W,13.8,92,23.8,-41.1,9.1,94.4,8.3,9.2,94.4,8.3,1014.7,0,0,28.6,129,70*74
 
STATION sbdservice
IRID_ID 300224010734970
BODY 
Content-Type: text/plain;charset=US-ASCII
Content-Disposition: inline
Content-Transfer-Encoding: 7bit

MOMSN: 2656
MTMSN: 0
Time of Session (UTC): Thu Apr 12 22:00:36 2012
Session Status: 00 - Transfer OK
Message Size (bytes): 1960

Unit Location: Lat = 50.868372 Long = -1.363928
CEPradius = 4



-- 
This message has been scanned for viruses and
dangerous content by MailScanner, and is
believed to be clean.


--SBD.Boundary.605592468
PROCESS /noc/users/iridburst/exec/irid_300224010734970_upd.pl
Last Run  ----1970-01-01 00:00:00 
MONTH  5 
DATA  xxrecord 2012-03-07 10:00:05 :: $W5M5A,120307,100005,660d0028449ce246,1,DAS 2,5053.5433N,123.7215W,13.8,92,23.8,-41.1,9.1,94.4,8.3,9.2,94.4,8.3,1014.7,0,0,28.6,129,70*74
 
STATION sbdservice
IRID_ID 300224010734970
BODY 
Content-Type: text/plain;charset=US-ASCII
Content-Disposition: inline
Content-Transfer-Encoding: 7bit

MOMSN: 2657
MTMSN: 0
Time of Session (UTC): Thu Apr 12 23:00:56 2012
Session Status: 00 - Transfer OK
Message Size (bytes): 1960

Unit Location: Lat = 50.868372 Long = -1.363928
CEPradius = 3



-- 
This message has been scanned for viruses and
dangerous content by MailScanner, and is
believed to be clean.


--SBD.Boundary.605592468
PROCESS /noc/users/iridburst/exec/irid_300224010734970_upd.pl
Last Run  ----1970-01-01 00:00:00 
MONTH  5 
DATA  xxrecord 2012-03-07 10:00:05 :: $W5M5A,120307,100005,660d0028449ce246,1,DAS 2,5053.5433N,123.7215W,13.8,92,23.8,-41.1,9.1,94.4,8.3,9.2,94.4,8.3,1014.7,0,0,28.6,129,70*74
 
STATION sbdservice
IRID_ID 300224010734970
BODY 
Content-Type: text/plain;charset=US-ASCII
Content-Disposition: inline
Content-Transfer-Encoding: 7bit

MOMSN: 2658
MTMSN: 0
Time of Session (UTC): Fri Apr 13 00:00:28 2012
Session Status: 00 - Transfer OK
Message Size (bytes): 1960

Unit Location: Lat = 50.866989 Long = -1.477540
CEPradius = 7



-- 
This message has been scanned for viruses and
dangerous content by MailScanner, and is
believed to be clean.


--SBD.Boundary.605592468
PROCESS /noc/users/iridburst/exec/irid_300224010734970_upd.pl
Last Run  ----1970-01-01 00:00:00 
MONTH  5 
DATA  xxrecord 2012-03-07 10:00:05 :: $W5M5A,120307,100005,660d0028449ce246,1,DAS 2,5053.5433N,123.7215W,13.8,92,23.8,-41.1,9.1,94.4,8.3,9.2,94.4,8.3,1014.7,0,0,28.6,129,70*74
 
STATION sbdservice
IRID_ID 300224010734970
BODY 
Content-Type: text/plain;charset=US-ASCII
Content-Disposition: inline
Content-Transfer-Encoding: 7bit

MOMSN: 2659
MTMSN: 0
Time of Session (UTC): Fri Apr 13 02:00:36 2012
Session Status: 13 - Incomplete Transfer
Message Size (bytes): 0

Unit Location: Lat = 50.868372 Long = -1.363928
CEPradius = 3



-- 
This message has been scanned for viruses and
dangerous content by MailScanner, and is
believed to be clean.


--SBD.Boundary.605592468
PROCESS /noc/users/iridburst/exec/irid_300224010734970_upd.pl
Last Run  ----1970-01-01 00:00:00 
MONTH  5 
DATA  xxrecord 2012-03-07 10:00:05 :: $W5M5A,120307,100005,660d0028449ce246,1,DAS 2,5053.5433N,123.7215W,13.8,92,23.8,-41.1,9.1,94.4,8.3,9.2,94.4,8.3,1014.7,0,0,28.6,129,70*74
 
STATION sbdservice
IRID_ID 300224010734970
BODY 
Content-Type: application/x-zip-compressed; name="SBMmessage.sbd"
Content-Disposition: attachment; filename="300224010734970_002659.sbd"
Content-Transfer-Encoding: base64

JFc1TTVBLDEyMDQxMywwMTAwMDUsNjYwZDAwMjg0NDljZTI0NiwxLERBUyAy
LCwsLCwsMjEuMCwyMC43LDQ0LjksOC40LDIwLjcsNDAuNCw2LjgsMTAwNS4y
LDAsMCwyOC42LDksNjgqNzkNCg0KJFc1TTVBLDEyMDQxMywwMTAwMDUsNjYw
ZDAwMjg0NDljZTI0NiwyLERBUyAyLDEyLjYsMTIuOSwwLjIsMC40LDAuMDAs
NTg1LDU4OCwxNTcsNjMzLDAsLDI0LjQ0LDkxNio0NA0KDQokVzVNNUEsMTIw
NDEzLDAxMDAwNSw2NjBkMDAyODQ0OWNlMjQ2LDMsN0YwMDc0MDIzQTAwMDA1
MzMyMzAzMTMyMzAzNDMxMzMzMDMwMzQzMDMwMzA1NTVBMDAzMTMyMzAzNDMx
MzMzMDMwMzQzMDJDNTQ0MTQyMzAzMDMwMzAzMDJDMkQzMDM1MzEyRTMxMkMy
QzMxMzIyRTMyMzMyQzM0MkUzMDJDMzMzNjMwMzAyQzM2MzAyQzM2MzAyQzMx
MkMzMDMwMzUzNzMwMkMzMzJFMzQzMjJDMzEyRTMyMzYyQzMxMzYyQzMwMkMz
MDJFMzEzNzMzMkMyQjMwMzAyRTMwMEQwQUFGMTBDREQwMUExQjdGMDA2NzAy
M0EwMDAwNTczMjMwMzEzMjMwMzQzMTMzMzAzMDM0MzAzMDMwRkY0RDAwMDA4
MEZCNDQwMDgwQ0U0MzAwMDA3QTQ1MDAwMDFDNDNFODlBNDMzQUI3QzlBMzQw
NDI1N0RCM0FGMzBDOTYzQTJFODJGRjQwQTY3RUI5M0FFODMyMjk0MTY3NjZC
MzQwNDk5MkU0NDFDNzlBRTg0MTE4QjZDNTNBRjM3NjE2NDE3MEM0ODg0MjM0
MEQzRjMxQTkxRjgwMTkxQzBCN0YwNEJFMDIzQTAwMDA0QjU2NDgyMDM3MzIz
MDMxMzIzMDM0MzEzMzMwMzAzNDMwMzAzMDYxMDAwMDAwOEZDMkY1M0MwQUQ3
QTMzQjEyNzcxNjQxNkZDNDg4NDJFNkMyQjI0MzBFREI4NTQyMkJCRUFBNDNC
ODJCODQ0MkJFNEZBMTQzQzIxRDg3NDI0RUQyMjU0MTcxMjI5MjQyMzcwMDRE
NDJBOEFDODE0MjYzNDVCNjQxOUQyOThFNDI5Qjk2REE0MUNDQjU4QTQyMTk4
OTUxNDJGNDM3NzA0MjM3M0Y4NTQyNkU0RTg2NDI1RDE2Rjk0MjNEMUU5MjQy
MDg4OUYzNDJGRTU5OTk0MjFGRjAzQTQxRkE1MDg3NDI4RTBBQUY0M0JDODE4
MzQyNkMzMTlDNDM3MUVBODc0MkNBQ0M5QzQzNDRDNjg3NDJERTVBQTU0M0Ew
QTQ4QTQyMkY4OTBDNDIyMjAyOTE0Mjc4MThCQzQyMDUwQTg4NDI5QUFFODQ0
MjgwQTY5ODQyOUIzQ0E5NDNEMDMwOEQ0Mjk4M0NBRDQzN0Q5MDhENDJCNTM3
MTI0MUQwODg4QzQyRUVCNEQzNDFENEExOEY0Mjk0OTQ0MDQyRUU5ODhDNDIx
QTE2Q0Q0MUExQTg5MzQyOEVGMDg2NDNFNzk2OTY0MjI4Nzg2QzQzMEI4OTk1
NDI0QTJGREM0MjU1MUQ5NDQyNTNGNDhBNDI0NkE5NzU0MkVCMjIwMzQyNjgx
NTc4NDI0RTM4QUM0MzEzQzA2QzQyMUVFNEEyNDMxM0YwNjI0MjE5RjhBNzQz
MUVDQzhBNDI4RTlGOEM0M0NDMzg4NzQyMENEQjkzNDMwQ0QwNUI0Mjk2MUQ5
NjQzQzc3RTYwNDIxNTAxOTg0MzdBQzA3QjQyNUY0QkE1NDM4M0JCOEI0MjM3
RTQ1MDQyQjg1MTk2NDIwN0M3RDc0MjI0MDE4RDQyMDNDRkE0NDI2MzU0OTQ0
MkFCQTI5MjQxOTBBOThDNDI5MzFEMjI0MkFEQTQ4NTQyQjA0MTkxNDI0Q0VC
ODE0MkI1ODZCNDQyM0ZEOTk2NDJCMkY4OTE0MzFDOUE5RTQyRjQ2NEFDNDIy
NzVEOTU0MkMzNjNBRTQyRjIyQjkxNDIwN0I4QUU0M0E0QjA5QjQyM0REODlD
NDM1MEYwOUQ0MkNFNDdERDQyM0NEMDkyNDJDMjY1RUQ0MjM4NTU4QzQyMjQw
M0VDNDI1N0RFOEE0MjU0M0FDNzQyMDk1RDg3NDI0OTNDM0M0MkNCMUM5ODQy
MzdEMTg2NDNCMjMyOTI0MjU1Qjk0MDQzRUI4QzkxNDI2NDdEMUQ0MzcxREM5
MjQyNjZCMjNDNDMzNzQ0OTk0MjI4RDg4RDQyREY3MTk1NDIyQUEwNkQ0MjY0
MzA3QzQyMDkyODI4NDI0QTUzODQ0MkM0RDdCMTQzRkYzNThCNDIyMjQxRjQ0
MEYxQzg5MTQyQzQ3NzBFNDI4RUM3OTI0MkNBRDM1NTQxNjlDOTg4NDJDNzcw
RDA0MDFBQzc4NjQyMThCQ0IzNDBBN0YzOTA0MkQ1RDNBNzQzRjFCNTkzNDIy
Q0I3OEM0MTg2OTM5MzQyRkY1NTczNDIwMUYzOTA0MkZGQzA5ODQyNkI1NDk0
NDI2RjdFQTE0MjZERjM5NDQyNjE3ODlCNA==

--SBD.Boundary.605592468
PROCESS /noc/users/iridburst/exec/irid_300224010734970_upd.pl
Last Run  ----1970-01-01 00:00:00 
MONTH  5 
DATA  xxrecord 2012-04-13 01:00:05 :: $W5M5A,120413,010005,660d0028449ce246,1,DAS 2,,,,,,21.0,20.7,44.9,8.4,20.7,40.4,6.8,1005.2,0,0,28.6,9,68*79
 
INSERT
STATION sbdservice
IRID_ID 300224010734970
BODY 
Content-Type: application/x-zip-compressed; name="SBMmessage.sbd"
Content-Disposition: attachment; filename="300224010734970_002660.sbd"
Content-Transfer-Encoding: base64

JFc1TTVBLDEyMDQxMywwMzAwMDUsNjYwZDAwMjg0NDljZTI0NiwxLERBUyAy
LCwsLCwsMjAuNywyMC40LDQ0LjIsNy44LDIwLjQsMzkuNiw2LjIsMTAwNC44
LDAsMCwzMy4zLDM4LDY0KjQ5DQoNCiRXNU01QSwxMjA0MTMsMDMwMDA1LDY2
MGQwMDI4NDQ5Y2UyNDYsMixEQVMgMiwxMi42LDEyLjksMC4yLDAuNSwwLjAw
LDU4NSw1ODgsMTU3LDYzMywwLCwyNC4wNSw5MTcqNDMNCg0KJFc1TTVBLDEy
MDQxMywwMzAwMDUsNjYwZDAwMjg0NDljZTI0NiwzLDdGMDA3NDAyM0EwMDAw
NTMzMjMwMzEzMjMwMzQzMTMzMzAzMjM0MzAzMDMwNTU1QTAwMzEzMjMwMzQz
MTMzMzAzMjM0MzAyQzU0NDE0MjMwMzAzMDMwMzAyQzJEMzAzNTMxMkUzMTJD
MkMzMTMyMkUzMjM0MkMzNDJFMzAyQzMzMzYzMDMwMkMzNjMwMkMzNjMwMkMz
MTJDMzAzMDM1MzczMDJDMzMyRTM0MzIyQzMxMkUzMjM2MkMzMTM4MkMzMDJD
MzAyRTMxMzczMjJDMkIzMDMwMkUzMDBEMEFCMzEwNjRENUE0MTI3RjAwNjcw
MjNBMDAwMDU3MzIzMDMxMzIzMDM0MzEzMzMwMzIzNDMwMzAzMEZGNEQwMDAw
ODBGQjQ0MDA4MENFNDMwMDgwQkI0NjAwMDBDMjQyMEYyNzdFM0FEOUExMDI0
MTlBREI0NDNCM0I2MEQ3M0EyRTZDNkE0MUYyMzExMzNCNDBCQkFCNDFEQzc4
RUE0MDU2NTUwNTQyNUFFMDAwNDIyQjE0RkUzQUE3OTQxNjQyMzM5NDdFNDI5
OTUwNEQzMUVEMUMwMUFFNjc0ODdGMDQyRTAyM0EwMDAwNEI1NjQ4MjAzNzMy
MzAzMTMyMzAzNDMxMzMzMDMyMzQzMDMwMzA1NTAwMDAwMDhGQzJGNTNDMEFE
N0EzM0JBNzk0MTY0MjMzOTQ3RTQyODk2RDI1NDIyRjA5NUY0MjhEODUyNDQy
RTQxMjcxNDJCRTAzMDM0MkY1MzA4NTQyQ0E3OTM4NDIyQzg3OTI0MjIyM0VB
RjQyRUFBQzkwNDJCRTFDNUI0MkY3MTE5ODQyMjczRDcwNDBBRDdGOEI0MjAz
NzZBRTQzNThDRjgyNDI3OTA1QTA0M0VGREQ5NjQyQjkxQThFNDNGRkYyOEM0
MjhENTg5QTQzRTM3RjYzNDI4NDZGOUI0M0VGQzk4NDQyNURDNjFGNDEwMzhG
OUQ0MkM1RkEwNDQyM0UwQjhENDIzQjM5QjA0M0Y4QkE4MjQyRDA0NEExNDND
MEUwN0Q0MkVDQ0NBNjQzRkZGODg0NDJCM0U1QjI0MzZCNDE4QjQyQjJFODdG
NDE3QUJFNzU0MjhENTY2MjQxNDhCMDcwNDIzNUYzOUU0MUI4Qjg4QTQyQTk5
NjU2NDE4RTBEOUE0MjJENERCMzQzRjFDMzk1NDI1NDYxMzA0MDg0NTc5MDQy
MEVGRjBFNDI3ODgzOTA0MkI4NDE2NTQyMTE1QThCNDIwQTkxOTI0MjVDQzM3
RjQyMjMzRjk1NDJERTE0NkY0MkRGRUUzRDQyODgzODhBNDJGNDQxMUQ0MTEx
M0U3RjQyOTY3N0QzNDE2MzBGODE0MjJCN0Q3RDQyNEZDMzg0NDI0MkRGOTk0
MkFGMzI4MjQyRTBCRDhGNDJDMDAxNUY0MkMyOTI5MDQyQ0M3NTdFNDIzOEYy
NTI0MjI5NEQ4QzQyM0FCMDU5NDJCRTMyOEY0Mjk4REU4RTQyM0Y0Qjg2NDI5
RTIxNkE0MkM2MEE4QTQyNDkzMkY3NDA2OTE3OEM0MkVENjlBRTQzRUI4Mjg0
NDI4NUJCQUQ0MzNFREY4QjQyNjM0NUFFNDBGQzEzOEI0MkI0OEY5MzQxMEU4
MzhBNDI4MjY1ODI0MzYwMjY5RTQyNEExMzcyNDNCQTBEOTM0MjczRkZCOTQx
Nzg4NzlFNDJFMzQ0MzY0MjdENkQ4QzQyN0Y2MEE3NDM3MkI0OUE0MjFDRjY1
RDQyRDcxNDhCNDI0NjNBNjk0MjMxMTg3NjQyM0VGNjI5NDIyMTg1OEQ0MkM4
N0VBODQzQzFEODlENDI0MTBEOTg0M0FDQTM5NjQyREUzN0EyNDNCODBCODA0
MjNBNzBBQzQzQzAwNzdCNDJGRDA3QkI0MUU0RUI5MjQyMkIwNUY3NDEwQUE5
OTA0MjA3ODE4MDQxODY2Qzg2NDIzOENGNTI0MEYyQTE5MTQyM0Y5RTg0NDNC
RjJDOUQ0MkRCNzUwQTQyNjVGRjlBNDI2NTBBODM0MjQzOEQ5NjQyQjc2NkFC
NDI2QkZCOEY0MjAxNjE2NjQyNDZDMDg3NDJGOEM1QjA0MTI1OEI4QzQyMTU4
MkFGNDNEQTlEOEQ0MkJCNUNCMTQzOTVGMThBNDJEMjdGNEY0MTFGQkE4NjQy
RkVDNTg4NDE5NjY4ODc0MkMxMzc4RTQxRkM2RThCNDI4OTg2RkQ0MTFBNjI5
OTQyRDA1Mjg3NDNGQTI5OUI0MjAzQTBBNA==

--SBD.Boundary.605592468
PROCESS /noc/users/iridburst/exec/irid_300224010734970_upd.pl
Last Run  ----1970-01-01 00:00:00 
MONTH  5 
DATA  xxrecord 2012-04-13 03:00:05 :: $W5M5A,120413,030005,660d0028449ce246,1,DAS 2,,,,,,20.7,20.4,44.2,7.8,20.4,39.6,6.2,1004.8,0,0,33.3,38,64*49
 
INSERT
STATION sbdservice
IRID_ID 300224010734970
BODY --

From sbdservice@sbd.iridium.com Fri Apr 13 05:05:25 2012
Return-Path: <sbdservice@sbd.iridium.com>
Received: from istbsp02.sbd.iridium.com (outbound.sbd.iridium.com [12.47.179.11])
	by mercury.noc.soton.ac.uk (8.13.1/8.12.11) with ESMTP id q3D45K2V030567
	for <iridburst@noc.soton.ac.uk>; Fri, 13 Apr 2012 05:05:20 +0100
Reply-To: <sbdservice@sbd.iridium.com>
From: sbdservice@sbd.iridium.com
To: iridburst@noc.soton.ac.uk
Subject: SBD Msg From Unit: 300224010734970
MIME-Version: 1.0
Content-Type: multipart/mixed;boundary="SBD.Boundary.605592468"
Message-Id: <19740412024625.16817DD87B50A652@istbsp02.sbd.iridium.com>
Date: Fri, 13 Apr 2012 04:05:20 +0000 (GMT)
X-NOCS-MailScanner-Information: Please contact the ISP for more information
X-NOCS-MailScanner-ID: q3D45K2V030567
X-NOCS-MailScanner: Found to be clean
X-NOCS-MailScanner-SpamCheck: not spam (whitelisted),
	SpamAssassin (not cached, score=-2.599, required 5,
	autolearn=not spam, BAYES_00 -2.60)
X-NOCS-MailScanner-From: sbdservice@sbd.iridium.com
X-Spam-Status: No

SBM Message
--SBD.Boundary.605592468
PROCESS /noc/users/iridburst/exec/irid_300224010734970_upd.pl
Last Run  ----1970-01-01 00:00:00 
MONTH  5 
DATA  xxrecord 2012-04-13 03:00:05 :: $W5M5A,120413,030005,660d0028449ce246,1,DAS 2,,,,,,20.7,20.4,44.2,7.8,20.4,39.6,6.2,1004.8,0,0,33.3,38,64*49
 
STATION sbdservice
IRID_ID 300224010734970
BODY --

From sbdservice@sbd.iridium.com Fri Apr 13 06:00:51 2012
Return-Path: <sbdservice@sbd.iridium.com>
Received: from istbsp02.sbd.iridium.com (outbound.sbd.iridium.com [12.47.179.11])
	by mercury.noc.soton.ac.uk (8.13.1/8.12.11) with ESMTP id q3D50ksu002757
	for <iridburst@noc.soton.ac.uk>; Fri, 13 Apr 2012 06:00:47 +0100
Reply-To: <sbdservice@sbd.iridium.com>
From: sbdservice@sbd.iridium.com
To: iridburst@noc.soton.ac.uk
Subject: SBD Msg From Unit: 300224010734970
MIME-Version: 1.0
Content-Type: multipart/mixed;boundary="SBD.Boundary.605592468"
Message-Id: <19740412024625.AD3A7CEB3371C0FA@istbsp02.sbd.iridium.com>
Date: Fri, 13 Apr 2012 05:00:46 +0000 (GMT)
X-NOCS-MailScanner-Information: Please contact the ISP for more information
X-NOCS-MailScanner-ID: q3D50ksu002757
X-NOCS-MailScanner: Found to be clean
X-NOCS-MailScanner-SpamCheck: not spam (whitelisted),
	SpamAssassin (not cached, score=-2.599, required 5,
	autolearn=not spam, BAYES_00 -2.60)
X-NOCS-MailScanner-From: sbdservice@sbd.iridium.com
X-Spam-Status: No

SBM Message
--SBD.Boundary.605592468
PROCESS /noc/users/iridburst/exec/irid_300224010734970_upd.pl
Last Run  ----1970-01-01 00:00:00 
MONTH  5 
DATA  xxrecord 2012-04-13 03:00:05 :: $W5M5A,120413,030005,660d0028449ce246,1,DAS 2,,,,,,20.7,20.4,44.2,7.8,20.4,39.6,6.2,1004.8,0,0,33.3,38,64*49
 
STATION sbdservice
IRID_ID 300224010734970
BODY --

From sbdservice@sbd.iridium.com Fri Apr 13 08:01:33 2012
Return-Path: <sbdservice@sbd.iridium.com>
Received: from istbsp02.sbd.iridium.com (outbound.sbd.iridium.com [12.47.179.11])
	by mercury.noc.soton.ac.uk (8.13.1/8.12.11) with ESMTP id q3D71Q05016760
	for <iridburst@noc.soton.ac.uk>; Fri, 13 Apr 2012 08:01:27 +0100
Reply-To: <sbdservice@sbd.iridium.com>
From: sbdservice@sbd.iridium.com
To: iridburst@noc.soton.ac.uk
Subject: SBD Msg From Unit: 300224010734970
MIME-Version: 1.0
Content-Type: multipart/mixed;boundary="SBD.Boundary.605592468"
Message-Id: <19740412024625.9C6D5EC9B77064B4@istbsp02.sbd.iridium.com>
Date: Fri, 13 Apr 2012 07:01:26 +0000 (GMT)
X-NOCS-MailScanner-Information: Please contact the ISP for more information
X-NOCS-MailScanner-ID: q3D71Q05016760
X-NOCS-MailScanner: Found to be clean
X-NOCS-MailScanner-SpamCheck: not spam (whitelisted),
	SpamAssassin (not cached, score=-2.599, required 5,
	autolearn=not spam, BAYES_00 -2.60)
X-NOCS-MailScanner-From: sbdservice@sbd.iridium.com
X-Spam-Status: No

SBM Message
--SBD.Boundary.605592468
PROCESS /noc/users/iridburst/exec/irid_300224010734970_upd.pl
Last Run  ----1970-01-01 00:00:00 
MONTH  5 
DATA  xxrecord 2012-04-13 03:00:05 :: $W5M5A,120413,030005,660d0028449ce246,1,DAS 2,,,,,,20.7,20.4,44.2,7.8,20.4,39.6,6.2,1004.8,0,0,33.3,38,64*49
 
STATION sbdservice
IRID_ID 300224010734970
BODY --

From sbdservice@sbd.iridium.com Fri Apr 13 11:00:43 2012
Return-Path: <sbdservice@sbd.iridium.com>
Received: from istbsp02.sbd.iridium.com (outbound.sbd.iridium.com [12.47.179.11])
	by mercury.noc.soton.ac.uk (8.13.1/8.12.11) with ESMTP id q3DA0Zo7015099
	for <iridburst@noc.soton.ac.uk>; Fri, 13 Apr 2012 11:00:36 +0100
Reply-To: <sbdservice@sbd.iridium.com>
From: sbdservice@sbd.iridium.com
To: iridburst@noc.soton.ac.uk
Subject: SBD Msg From Unit: 300224010734970
MIME-Version: 1.0
Content-Type: multipart/mixed;boundary="SBD.Boundary.605592468"
Message-Id: <19740412024625.D9456EFAF7517369@istbsp02.sbd.iridium.com>
Date: Fri, 13 Apr 2012 10:00:35 +0000 (GMT)
X-NOCS-MailScanner-Information: Please contact the ISP for more information
X-NOCS-MailScanner-ID: q3DA0Zo7015099
X-NOCS-MailScanner: Found to be clean
X-NOCS-MailScanner-SpamCheck: not spam (whitelisted),
	SpamAssassin (not cached, score=-2.599, required 5,
	autolearn=not spam, BAYES_00 -2.60)
X-NOCS-MailScanner-From: sbdservice@sbd.iridium.com
X-Spam-Status: No

SBM Message
--SBD.Boundary.605592468
PROCESS /noc/users/iridburst/exec/irid_300224010734970_upd.pl
Last Run  ----1970-01-01 00:00:00 
MONTH  5 
DATA  xxrecord 2012-04-13 03:00:05 :: $W5M5A,120413,030005,660d0028449ce246,1,DAS 2,,,,,,20.7,20.4,44.2,7.8,20.4,39.6,6.2,1004.8,0,0,33.3,38,64*49
 
STATION sbdservice
IRID_ID 300224010734970
BODY --

From sbdservice@sbd.iridium.com Fri Apr 13 12:00:37 2012
Return-Path: <sbdservice@sbd.iridium.com>
Received: from istbsp02.sbd.iridium.com (outbound.sbd.iridium.com [12.47.179.11])
	by mercury.noc.soton.ac.uk (8.13.1/8.12.11) with ESMTP id q3DB0VtB024010
	for <iridburst@noc.soton.ac.uk>; Fri, 13 Apr 2012 12:00:32 +0100
Reply-To: <sbdservice@sbd.iridium.com>
From: sbdservice@sbd.iridium.com
To: iridburst@noc.soton.ac.uk
Subject: SBD Msg From Unit: 300224010734970
MIME-Version: 1.0
Content-Type: multipart/mixed;boundary="SBD.Boundary.605592468"
Message-Id: <19740412024625.58265DFAF77039D9@istbsp02.sbd.iridium.com>
Date: Fri, 13 Apr 2012 11:00:31 +0000 (GMT)
X-NOCS-MailScanner-Information: Please contact the ISP for more information
X-NOCS-MailScanner-ID: q3DB0VtB024010
X-NOCS-MailScanner: Found to be clean
X-NOCS-MailScanner-SpamCheck: not spam (whitelisted),
	SpamAssassin (not cached, score=-2.599, required 5,
	autolearn=not spam, BAYES_00 -2.60)
X-NOCS-MailScanner-From: sbdservice@sbd.iridium.com
X-Spam-Status: No

SBM Message
--SBD.Boundary.605592468
PROCESS /noc/users/iridburst/exec/irid_300224010734970_upd.pl
Last Run  ----1970-01-01 00:00:00 
MONTH  5 
DATA  xxrecord 2012-04-13 03:00:05 :: $W5M5A,120413,030005,660d0028449ce246,1,DAS 2,,,,,,20.7,20.4,44.2,7.8,20.4,39.6,6.2,1004.8,0,0,33.3,38,64*49
 
STATION sbdservice
IRID_ID 300224010734970
BODY --

From sbdservice@sbd.iridium.com Fri Apr 13 13:01:26 2012
Return-Path: <sbdservice@sbd.iridium.com>
Received: from istbsp02.sbd.iridium.com (outbound.sbd.iridium.com [12.47.179.11])
	by mercury.noc.soton.ac.uk (8.13.1/8.12.11) with ESMTP id q3DC1G1a000623
	for <iridburst@noc.soton.ac.uk>; Fri, 13 Apr 2012 13:01:17 +0100
Reply-To: <sbdservice@sbd.iridium.com>
From: sbdservice@sbd.iridium.com
To: iridburst@noc.soton.ac.uk
Subject: SBD Msg From Unit: 300224010734970
MIME-Version: 1.0
Content-Type: multipart/mixed;boundary="SBD.Boundary.605592468"
Message-Id: <19740412024625.D14A5EFB37617045@istbsp02.sbd.iridium.com>
Date: Fri, 13 Apr 2012 12:01:16 +0000 (GMT)
X-NOCS-MailScanner-Information: Please contact the ISP for more information
X-NOCS-MailScanner-ID: q3DC1G1a000623
X-NOCS-MailScanner: Found to be clean
X-NOCS-MailScanner-SpamCheck: not spam (whitelisted),
	SpamAssassin (not cached, score=-2.599, required 5,
	autolearn=not spam, BAYES_00 -2.60)
X-NOCS-MailScanner-From: sbdservice@sbd.iridium.com
X-Spam-Status: No

SBM Message
--SBD.Boundary.605592468
PROCESS /noc/users/iridburst/exec/irid_300224010734970_upd.pl
Last Run  ----1970-01-01 00:00:00 
MONTH  5 
DATA  xxrecord 2012-04-13 03:00:05 :: $W5M5A,120413,030005,660d0028449ce246,1,DAS 2,,,,,,20.7,20.4,44.2,7.8,20.4,39.6,6.2,1004.8,0,0,33.3,38,64*49
 
STATION sbdservice
IRID_ID 300224010734970
BODY 
Content-Type: text/plain;charset=US-ASCII
Content-Disposition: inline
Content-Transfer-Encoding: 7bit

MOMSN: 2666
MTMSN: 0
Time of Session (UTC): Fri Apr 13 12:01:25 2012
Session Status: 00 - Transfer OK
Message Size (bytes): 1960

Unit Location: Lat = 50.918946 Long = -1.365281
CEPradius = 5



-- 
This message has been scanned for viruses and
dangerous content by MailScanner, and is
believed to be clean.


--SBD.Boundary.605592468
PROCESS /noc/users/iridburst/exec/irid_300224010734970_upd.pl
Last Run  ----1970-01-01 00:00:00 
MONTH  5 
DATA  xxrecord 2012-04-13 03:00:05 :: $W5M5A,120413,030005,660d0028449ce246,1,DAS 2,,,,,,20.7,20.4,44.2,7.8,20.4,39.6,6.2,1004.8,0,0,33.3,38,64*49
 
STATION sbdservice
IRID_ID 300224010734970
BODY 
Content-Type: text/plain;charset=US-ASCII
Content-Disposition: inline
Content-Transfer-Encoding: 7bit

MOMSN: 2667
MTMSN: 0
Time of Session (UTC): Fri Apr 13 17:00:38 2012
Session Status: 00 - Transfer OK
Message Size (bytes): 1960

Unit Location: Lat = 50.935857 Long = -2.106351
CEPradius = 49



-- 
This message has been scanned for viruses and
dangerous content by MailScanner, and is
believed to be clean.


--SBD.Boundary.605592468
PROCESS /noc/users/iridburst/exec/irid_300224010734970_upd.pl
Last Run  ----1970-01-01 00:00:00 
MONTH  5 
DATA  xxrecord 2012-04-13 03:00:05 :: $W5M5A,120413,030005,660d0028449ce246,1,DAS 2,,,,,,20.7,20.4,44.2,7.8,20.4,39.6,6.2,1004.8,0,0,33.3,38,64*49
 
STATION sbdservice
IRID_ID 300224010734970
BODY 
Content-Type: text/plain;charset=US-ASCII
Content-Disposition: inline
Content-Transfer-Encoding: 7bit

MOMSN: 2668
MTMSN: 0
Time of Session (UTC): Fri Apr 13 18:00:31 2012
Session Status: 00 - Transfer OK
Message Size (bytes): 1960

Unit Location: Lat = 50.867694 Long = -1.420735
CEPradius = 3



-- 
This message has been scanned for viruses and
dangerous content by MailScanner, and is
believed to be clean.


--SBD.Boundary.605592468
PROCESS /noc/users/iridburst/exec/irid_300224010734970_upd.pl
Last Run  ----1970-01-01 00:00:00 
MONTH  5 
DATA  xxrecord 2012-04-13 03:00:05 :: $W5M5A,120413,030005,660d0028449ce246,1,DAS 2,,,,,,20.7,20.4,44.2,7.8,20.4,39.6,6.2,1004.8,0,0,33.3,38,64*49
 
STATION sbdservice
IRID_ID 300224010734970
BODY 
Content-Type: text/plain;charset=US-ASCII
Content-Disposition: inline
Content-Transfer-Encoding: 7bit

MOMSN: 2669
MTMSN: 0
Time of Session (UTC): Fri Apr 13 19:00:28 2012
Session Status: 13 - Incomplete Transfer
Message Size (bytes): 0

Unit Location: Lat = 50.918946 Long = -1.365281
CEPradius = 3



-- 
This message has been scanned for viruses and
dangerous content by MailScanner, and is
believed to be clean.


--SBD.Boundary.605592468
PROCESS /noc/users/iridburst/exec/irid_300224010734970_upd.pl
Last Run  ----1970-01-01 00:00:00 
MONTH  5 
DATA  xxrecord 2012-04-13 03:00:05 :: $W5M5A,120413,030005,660d0028449ce246,1,DAS 2,,,,,,20.7,20.4,44.2,7.8,20.4,39.6,6.2,1004.8,0,0,33.3,38,64*49
 
STATION sbdservice
IRID_ID 300224010734970
BODY 
Content-Type: application/x-zip-compressed; name="SBMmessage.sbd"
Content-Disposition: attachment; filename="300224010734970_002669.sbd"
Content-Transfer-Encoding: base64

JFc1TTVBLDEyMDQxMywxOTAwMDUsNjYwZDAwMjg0NDljZTI0NiwxLERBUyAy
LCwsMy4xLDE2Nyw0LjUsMTEuOSwxMC45LDY1LjEsNC42LDEwLjksNjMuOSw0
LjMsMTAwMy45LDAsMCwyOC42LDE3MCw3MCo0Mg0KDQokVzVNNUEsMTIwNDEz
LDE5MDAwNSw2NjBkMDAyODQ0OWNlMjQ2LDIsREFTIDIsMTMuMCwxMy4xLDAu
MiwwLjQsMC4wMSw1ODgsNTkxLDE1Nyw2MzAsMCwxNTguOCwxNS4wNSw5Mjcq
NkINCg0KJFc1TTVBLDEyMDQxMywxOTAwMDUsNjYwZDAwMjg0NDljZTI0Niwz
LDdGMDA3NDAyM0EwMDAwNTMzMjMwMzEzMjMwMzQzMTMzMzEzODM0MzAzMDMw
NTU1QTAwMzEzMjMwMzQzMTMzMzEzODM0MzAyQzU0NDE0MjMwMzAzMDMwMzAy
QzJEMzAzNTMxMkUzMTJDMkMzMTMyMkUzNTMwMkMzNDJFMzAyQzMzMzYzMDMw
MkMzNjMwMkMzNjMwMkMzMTJDMzAzMDM1MzczMDJDMzMyRTM0MzIyQzMxMkUz
MjM2MkMzMjM5MkMzMDJDMzAyRTMxMzczMjJDMkIzMDMwMkUzMDBEMEFCQjEw
MkUyMEU4NjQ3RjAwNjcwMjNBMDAwMDU3MzIzMDMxMzIzMDM0MzEzMzMxMzgz
NDMwMzAzMEZGNEQwMDAwODBGQjQ0MDA4MENFNDMwMEIwMzM0ODAwMDAwQjQz
ODFCRTRCM0E4RENCQjY0MDY3RDcwQzNCMTI4QkEzM0FDMTE0MUE0MUYyQ0VD
QzNBMDI3RDM5NDEyQ0ZEQzU0MDQ5OTJFNDQxQTAyOUUzNDExOEUxRDMzQTE3
REMyOTQzMjBCNzhCNDJGRjlBNEQzMTUwMUZCNTQzQjM4RDdGMDQ5QTAyM0Ew
MDAwNEI1NjQ4MjAzNzMyMzAzMTMyMzAzNDMxMzMzMTM4MzQzMDMwMzA1RTAw
MDAwMDhGQzJGNTNDMEFEN0EzM0IxOERDMjk0MzIyQjc4QjQyN0NCRDdFNDIx
MUNDNzE0MjBGN0Y4QTQyOENFODdFNDJDRTFBQTI0MkIxOUI5NzQyNzZGNDVG
NDNCNkFFOTU0MjAxNUQ1NzQzNTk5QTlCNDIwNkQ5OEI0M0Q0NTU5QTQyNzg4
NDg0NDNDRDg3OTE0MkJBRUY4MTQzM0Y0MzkzNDJEODNGODA0M0RBNzA5NTQy
MTc2Mzk1NDMzRkY2OUQ0MkM4RkJBNTQzQzY3NTk4NDI0ODEwOUQ0MzhGQTA5
NjQyQURDQjY0NDMwNzNEOUM0MjA0NDg1NTQzNDRDRjk3NDIxMjdBNEY0M0Iy
QUQ5MTQyRjA1MDAwNDM1QkYwOEM0Mjk4NDlFNTQyRTAxMThFNDJCOUMyODM0
MzkzNTk4RTQyM0Y0Nzg0NDMwRDFBNzM0MkZEOTY3RTQzODhDODZGNDJENEQx
Njk0M0NFOTc4NTQyOTMxNDY2NDM5MUQ1ODg0MkNDQkU2QzQzOTJFNDc5NDI0
ODJENjM0MzUyM0E4NTQyMjFGQTMzNDMyOUY2OTg0MkI3RDY3RTQyOEQ5NTlE
NDI1NzkxNjA0MzFCMTg5OTQyRDIyNzZGNDMyMjc2OTI0MkFCNzU5MDQzNzJC
MTkwNDJFRTA1NzI0MzI0Qzg5MDQyQ0M0RjYwNDMzRjk1ODQ0MjdBRkE3RDQz
Rjg0RDc2NDJBQjUwODQ0MzUwNUY2QTQyMUU4MDg1NDMwMDE0ODk0MkQ0QTI2
RTQzQ0JDQzhGNDIxRTFENjA0MzI5MUE4QTQyMEZFQTVGNDMyM0NBODU0MjQ4
MkI2NDQzOTA4NTgxNDI1ODUyNjg0MzNGNkU3NzQyNkEyMTczNDM2NkQ2NzE0
MjU1OEI3MDQzQkE2RDdFNDJEMkY3NTQ0MzlDRkU4MzQyMTA5RDQyNDMyRDU4
N0Y0MjY5QjI0MzQzODU0RDgwNDI4MkU0NUU0MzkxMjU4NzQyRDA1RTY4NDNG
NUY0ODQ0Mjg2QzQ1NzQzN0U1MDkzNDIwRDE4NEQ0MzcxMjFBMDQyRjBDMThD
NDNCNTE0OTM0MkM4MkE4QzQzRERGNThGNDJFMzVBOEU0Mzg5MDI5QjQyQTBB
NUEzNDNCNzQ5OUU0MkRDODU5MzQzMTg3NjlGNDI5NTlFODA0M0U5NTY5QzQy
MTA4QzU1NDM4N0QzOTM0MjYxMjAzNDQzQzJERTgxNDJCNDAzM0Q0Mzk5OTE4
NjQyMkU5OTcxNDNCNDI2OEE0MjVGMTE2MjQzRTZEQTg3NDI5QkQ0NDI0MzdB
MkE4ODQyQjc2MjNBNDM2RjU2OEE0MjQyOEE1ODQzNjQ5ODhCNDI4NDMyNkE0
MzZDMjg4QTQyNEFBMjY2NDNENzlGOUQ0MkI4RkUwOTQyQkZFQTk0NDI1RTAx
MTM0MzJCMTU5RDQyMkJCRDUwNDNGRERFOTI0MjJEOEY2OTQzRDYyMjkzNDJG
Mzk2ODE0M0Y2QUQ5MTQyNjdCMDhFNDM0MjBFOEE0MjA1OTg5MjQzODIyNThC
NDI4MUNDOUE0MzFGMzE5NzQyRjRGODczNA==

--SBD.Boundary.605592468
PROCESS /noc/users/iridburst/exec/irid_300224010734970_upd.pl
Last Run  ----1970-01-01 00:00:00 
MONTH  5 
DATA  xxrecord 2012-04-13 19:00:05 :: $W5M5A,120413,190005,660d0028449ce246,1,DAS 2,,,3.1,167,4.5,11.9,10.9,65.1,4.6,10.9,63.9,4.3,1003.9,0,0,28.6,170,70*42
 
INSERT
STATION sbdservice
IRID_ID 300224010734970
BODY 
Content-Type: application/x-zip-compressed; name="SBMmessage.sbd"
Content-Disposition: attachment; filename="300224010734970_002670.sbd"
Content-Transfer-Encoding: base64

JFc1TTVBLDEyMDQxMywyMTAwMDUsNjYwZDAwMjg0NDljZTI0NiwxLERBUyAy
LCwsMC41LDI4MywxLjIsOC44LDguNSw3My44LDQuMCw4LjYsNzUuNiw0LjUs
MTAwMy45LDAsMCwyOC42LDMwMSw3MSo3Qw0KDQokVzVNNUEsMTIwNDEzLDIx
MDAwNSw2NjBkMDAyODQ0OWNlMjQ2LDIsREFTIDIsMTIuOSwxMy4xLDAuMiww
LjQsMC4wMSw1ODgsNTkxLDE1Nyw2MzAsMCwxNTguOCwxMy4xMCw5MzMqNkYN
Cg0KJFc1TTVBLDEyMDQxMywyMTAwMDUsNjYwZDAwMjg0NDljZTI0NiwzLDdG
MDA3NDAyM0EwMDAwNTMzMjMwMzEzMjMwMzQzMTMzMzIzMDM0MzAzMDMwNTU1
QTAwMzEzMjMwMzQzMTMzMzIzMDM0MzAyQzU0NDE0MjMwMzAzMDMwMzAyQzJE
MzAzNTMxMkUzMTJDMkMzMTMyMkUzNDM4MkMzNDJFMzAyQzMzMzYzMDMwMkMz
NjMwMkMzNjMwMkMzMTJDMzAzMDM1MzczMDJDMzMyRTM0MzIyQzMxMkUzMjM2
MkMzMzMxMkMzMDJDMzAyRTMxMzczMjJDMkIzMDMwMkUzMDBEMEFCNDEwN0I3
MTRCQTY3RjAwNjcwMjNBMDAwMDU3MzIzMDMxMzIzMDM0MzEzMzMyMzAzNDMw
MzAzMEZGNEQwMDAwODBGQjQ0MDA4MENFNDMwMDM4NDc0ODAwMDAxQzQzNDIz
QjMyM0EzRTc0QTM0MDhDRTY0RDNCMTc1MTk2M0E0Mzg2MEM0MTEyQjFDQzNB
Mjc4MDU4NDEwQzgzQjI0MDQ5OTJFNDQxMzcwOEUyNDFEN0VDQzAzQTJEQjM5
NjQzN0VGRThENDJCQ0JEM0YzMTFFMURGNkE1RDg5QzdGMDRFMjAyM0EwMDAw
NEI1NjQ4MjAzNzMyMzAzMTMyMzAzNDMxMzMzMjMwMzQzMDMwMzA2NDAwMDAw
MDhGQzJGNTNDMEFEN0EzM0IyRkIzOTY0MzdFRkU4RDQyNDJDQkFGNDM2OUI0
N0I0MkZCMjNBNTQzQTFGMzg4NDJFQTg1NzY0MzRGOTU4OTQyQTQyRDZCNDMy
QTQzOEY0Mjg2QjJCMDQzQjczRTk3NDIxOUQzMkM0MjUwMUI5NjQyNThBRjhF
NDFDM0NDOEU0MkIzNjZCMjQzRkQxRjhDNDIwQ0I2OEY0M0EzMjM5OTQyMjgw
NTQ2NDMyRTdCOTI0MjE1Rjg2MjQzQjUxQjlFNDJFQ0EyODY0MzQwMTg5ODQy
Rjc1MDZDNDM5MkIwOTE0MkM5NTg0RDQzQjNFODkyNDIyODQ5MTc0M0E4MUE5
MjQyRjA5RjQ3NDNERkE2OTc0MkNBN0Y4QTQzQ0JDNjhGNDI1MkRGOEY0M0Q5
OTk5MzQyNTgyREFBNDM0QzU1OUQ0MkM0NEYyOTQzMDY1ODlFNDI1MDU4MUI0
MzI2RTk4RTQyODdGMTQ5NDM1RjM1OTc0MkNBMzI4QzQzRjgzOThBNDI4OEQz
OTA0MzM5NEQ5MjQyMDZFQkEzNDNGOEQ0OUM0MkJGRTI5ODQzMTVBRjk3NDI1
NEQ3OUI0MzIyMEM5QzQyMUMzM0ZDNDJFMUNCOUQ0MjY0NDc3NjQzMjkxMTk0
NDJDNjQ1ODc0MzYwMTE4OTQyRDYzNDg4NDMzNEU1OEE0MjMwNkE2MTQzNEFB
MzhDNDIxMkVBNkE0MzNGOTM5ODQyMjMyNjBDNDI0QUEzOTg0MjFENTcyQzQz
RDIyQzlDNDIwRTM1NDc0M0RBNTQ5NjQyRDk1MjU5NDNCOEI5OTQ0MkZGM0M1
MjQzMTc2NTlCNDJFN0I4Qjk0MjE4NjY5NzQyMjA4Q0QzNDI2REVFOEY0MkJE
QkUyODQzMTBFNTg2NDIwMTFFNTE0M0ExQjU4QjQyMDlBODk3NDMwMEFFODM0
Mjg1MEQ5MTQzMzc0MDc5NDIwODQyODA0MzA1RDU4MTQyODBCNzc0NDM3OEZB
OEY0MjU0ODVFODNGMUIzMzlBNDI1MDE2Q0U0MURBQjE5QTQyNEE1Q0NGNDI4
QTM0OTY0MkQ3Q0JBRDQyNkE2OTkwNDJCNDU1Rjc0MEEwRDY5NTQyRUVGRjkz
NDM1NjVGOEU0MkVBQzM4OTQzN0U0RDhFNDIwNjg2ODg0M0VCMzU5RTQyOUY3
MEFGNDJDQUZCOUE0MkFCNDVBOTQyQzY1QTkxNDIxODUyQTc0MjFCRTE5NTQy
OTk5RDlBNDMxMzZFOUE0MkI2MzM5QjQzM0I3Mzg0NDIyRkU2QTU0MzBFQUI3
QTQyNDE4MUFENDM4Rjg1ODM0MjI2NkZGMTNGMzQzQTk3NDJGODYxOUM0MzRG
OTg5ODQyMzQzRDkzNDNFREYzOEE0MjAxNkE4QTQzMjY4NTgyNDI5OTY3N0Y0
M0Q0MDQ5NDQyQTVEODA2NDMyREVBOTQ0MkYwNTQxMzQzRTcwQzkzNDIzQkUy
NDU0MzgyRkE5OTQyOUNBMDg4NDIzNjg0QTA0MjJGNzg0NDQyRDQ0OTkxNDI0
MkIxMzU0MkM0Nzg5NzQyQjA5NDg0NDM5Qg==

--SBD.Boundary.605592468
PROCESS /noc/users/iridburst/exec/irid_300224010734970_upd.pl
Last Run  ----1970-01-01 00:00:00 
MONTH  5 
DATA  xxrecord 2012-04-13 21:00:05 :: $W5M5A,120413,210005,660d0028449ce246,1,DAS 2,,,0.5,283,1.2,8.8,8.5,73.8,4.0,8.6,75.6,4.5,1003.9,0,0,28.6,301,71*7C
 
INSERT
STATION sbdservice
IRID_ID 300224010734970
BODY 
Content-Type: application/x-zip-compressed; name="SBMmessage.sbd"
Content-Disposition: attachment; filename="300224010734970_002671.sbd"
Content-Transfer-Encoding: base64

JFc1TTVBLDEyMDQxMywyMjAwMDUsNjYwZDAwMjg0NDljZTI0NiwxLERBUyAy
LDUwNTMuNTI1OU4sMTIzLjcxNDJXLDAuNSwyOTksMS4yLDguNCw4LjQsNzgu
OSw0LjksOC4zLDc5LjgsNS4xLDEwMDMuOSwwLDAsMzMuMywzMTUsNjUqNTYN
Cg0KJFc1TTVBLDEyMDQxMywyMjAwMDUsNjYwZDAwMjg0NDljZTI0NiwyLERB
UyAyLDEyLjksMTMuMSwwLjIsMC44LDAuMDEsNTg4LDU5MSwxNTcsNjMwLDAs
MTU4LjgsMTIuMzIsOTMyKjYwDQoNCiRXNU01QSwxMjA0MTMsMjIwMDA1LDY2
MGQwMDI4NDQ5Y2UyNDYsMyw3RjAwNzQwMjNBMDAwMDUzMzIzMDMxMzIzMDM0
MzEzMzMyMzEzNDMwMzAzMDU1NUEwMDMxMzIzMDM0MzEzMzMyMzEzNDMwMkM1
NDQxNDIzMDMwMzAzMDMwMkMyRDMwMzUzMTJFMzEyQzJDMzEzMjJFMzQzNzJD
MzQyRTMwMkMzMzM2MzAzMDJDMzYzMDJDMzYzMDJDMzEyQzMwMzAzNTM3MzAy
QzMzMkUzNDMyMkMzMTJFMzIzNjJDMzMzMjJDMzAyQzMwMkUzMTM3MzIyQzJC
MzAzMDJFMzAwRDBBQjUxMDlFMUZFMjQ2N0YwMDY3MDIzQTAwMDA1NzMyMzAz
MTMyMzAzNDMxMzMzMjMxMzQzMDMwMzBGRjREMDAwMDgwRkI0NDAwODBDRTQz
MDBGQzUwNDgwMDAwRjY0MjQ4NEE0QzNBOUJCMkNFNDAxM0Y2MzQzQjc2QjJB
OTNBMjBGRjQ1NDE0QkM5RjczQUYxNzg5MzQxRDdCNkQ0NDA1NjU1MDU0MjRE
MUUwNDQyMzgxRkRGM0FGNjlFOUQ0Mzk4QUE4MTQyRjk0RTIwMzE0QTIwMDQx
NUMyNkU3RjA0NzYwMjNBMDAwMDRCNTY0ODIwMzczMjMwMzEzMjMwMzQzMTMz
MzIzMTM0MzAzMDMwNUIwMDAwMDA4RkMyRjUzQzBBRDdBMzNCRjc5RTlENDM5
N0FBODE0MjVEOUI5OTQzN0Y1ODU2NDJFMjVBOTQ0M0NCRTg2ODQyQjg3QTk1
NDM1QTc2OTI0MkU4RTdCQTQxMENBOThGNDJDQUJEQTY0MzlDMEE5MjQyRjBE
MkE0NDMzNzkzOTQ0MjM0MjM2QzQyQURENzk3NDI3N0JDOUQ0MjVFRTE5QTQy
OTQzNkFBNDNBMDQxOUM0MkJGQTJBMTQzRDdFNzlENDIwQTI4NEI0M0VENDA5
NjQyOUVENTQ3NDM4MzY5OEY0MkVCOTg2MjQzMzNGODk1NDJEQjVBOTk0M0FC
RUQ5MDQyMzBBRkEyNDNDM0M4ODY0Mjc4N0RBNTQzNDZENTgxNDJERDRDOUE0
M0RGOTI4ODQyOEU3MzhBNDMyMDExOEY0MjcwRDk5MDQzNUY5QTk4NDIwMkRG
QTA0MzEzQTM5OTQyQjI3RDc4NDMyMjk3OEM0MkVCMkQ2MTQzREU4MDhBNDI3
NjdBMEQ0MzZFQ0Q5NzQyQzcyMDdDNDJDMEJCOUE0MjU2QzI3QjQyOTdDMzk0
NDI4OEIzRTk0MkZFMTM4QzQyMkIzRDFDNDNCM0YwOEU0MkJFNDNENTQyQzMz
Mjk3NDI4QTczQTk0MjkyRDU4MzQyOTI3MUIzNDJCMUQ0ODg0MjZGNTI5QzQy
Q0Q0Qzk1NDJDNERFQjg0MjM1MDU5NjQyMjJDMjFENDIwRTNBOUQ0MjBBOEE1
MzQxREQwQjhFNDJDNjhCQzM0MTAzRjM4RTQyRTY2MTE3NDJCNTk5OTM0MjFC
RjgyRTQyRUE3Njk3NDJFRUNDQTM0MzUzRDQ5NDQyNzVGQjk3NDNFRUJEOEY0
MjZDNDdBMzQzRDcwRjk0NDI1MzNBQjA0MzYxNzM5QTQyRTIxNzI4NDNFN0Y3
OTY0MkRDQzYzQjQzMEYwNjlBNDJCMEUwOUQ0MzAzMTg5QTQyRTk1M0FENDMz
OEFEOUQ0Mjg4RDZCODQxNDUwMTlENDIzNjExNEM0MUQxQzY5NTQyRjhDNDdC
NDJBRjhGOTQ0MkY1MjNCMjQzMUYyRjk5NDJGQzdGN0M0MzUxNTY5MDQyNDk5
RDRFNDMxODNCODE0MjAzMTIzQjQzNjIxRjhGNDIzQUYzM0Q0M0RFRUU5NDQy
QUREMzYzNDNFQjBEOTU0MkUxMzNBMDQzMTBFOTlCNDJERDYxOTc0MkExOUM5
QjQyOTA0OTc5NDM4MDc5OTY0Mjk4ODQ4NTQzNTgxNTg2NDJGQkIzODg0M0Y5
RUU5NTQyMTZCQjM5NDFCOUQxOTc0MkNBRDQ5OTQxMDNFNDkyNDJGOEIxOUU0
M0Y1RTI5QzQyMEQ5NDgzNDNFMTExOTA0MkQ4RDM4MTQzQkNEMDk1NDI5MkNB
ODE0M0QyNTc5QzQyQjFEMThGNDNFMzM3ODM0MjhFNDY4RTQzQ0RFRTYyNDIw
RTNEOTM0MzEzRjQ4MzQyREM3QUE0NDNGRDA1OTY0MkNGQTEzNzQzNTlFODk4
NDJFMEJCMzc0M0FCOTQ5MTQyQURBMjA5NA==

--SBD.Boundary.605592468
PROCESS /noc/users/iridburst/exec/irid_300224010734970_upd.pl
Last Run  ----1970-01-01 00:00:00 
MONTH  5 
DATA  xxrecord 2012-04-13 22:00:05 :: $W5M5A,120413,220005,660d0028449ce246,1,DAS 2,5053.5259N,123.7142W,0.5,299,1.2,8.4,8.4,78.9,4.9,8.3,79.8,5.1,1003.9,0,0,33.3,315,65*56
 
INSERT
STATION sbdservice
IRID_ID 300224010734970
BODY 
Content-Type: application/x-zip-compressed; name="SBMmessage.sbd"
Content-Disposition: attachment; filename="300224010734970_002672.sbd"
Content-Transfer-Encoding: base64

JFc1TTVBLDEyMDQxMywyMzAwMDUsNjYwZDAwMjg0NDljZTI0NiwxLERBUyAy
LCwsMC4zLDM1MywwLjYsOC4xLDguMCw3Ny41LDQuMyw4LjAsODEuMSw1LjAs
MTAwMy45LDAsMCwyOC42LDI5LDcxKjQwDQoNCiRXNU01QSwxMjA0MTMsMjMw
MDA1LDY2MGQwMDI4NDQ5Y2UyNDYsMixEQVMgMiwxMi45LDEzLjEsMC4yLDAu
NCwwLjAxLDU4OCw1OTEsMTU3LDYzMCwwLDE1OC44LDExLjkzLDkzMSo2Ng0K
DQokVzVNNUEsMTIwNDEzLDIzMDAwNSw2NjBkMDAyODQ0OWNlMjQ2LDMsN0Yw
MDc0MDIzQTAwMDA1MzMyMzAzMTMyMzAzNDMxMzMzMjMyMzQzMDMwMzA1NTVB
MDAzMTMyMzAzNDMxMzMzMjMyMzQzMDJDNTQ0MTQyMzAzMDMwMzAzMDJDMkQz
MDM1MzEyRTMxMkMyQzMxMzIyRTM0MzgyQzM0MkUzMDJDMzMzNjMwMzAyQzM2
MzAyQzM2MzAyQzMxMkMzMDMwMzUzNzMwMkMzMzJFMzQzMjJDMzEyRTMyMzYy
QzMzMzMyQzMwMkMzMDJFMzEzNzMyMkMyQjMwMzAyRTMwMEQwQUI4MTA1N0ZC
MzEyOTdGMDA2NzAyM0EwMDAwNTczMjMwMzEzMjMwMzQzMTMzMzIzMjM0MzAz
MDMwRkY0RDAwMDA4MEZCNDQwMDgwQ0U0MzAwQzA1QTQ4MDAwMEZFNDIzNUUx
NEIzQTgwRTdDNTQwMTQzNjA4M0JCM0NFOUUzQTdBRUUzMDQxNEM3Q0M3M0Ew
RjVFOEE0MTlFRTlDRTQwNDk5MkU0NDE1N0U4RUU0MTQ4QzJDRTNBNDhGOUU3
NDFGNkU3OEQ0MkNGQUUxRjMxRkMyMkFFNjlENUM4N0YwNDUyMDIzQTAwMDA0
QjU2NDgyMDM3MzIzMDMxMzIzMDM0MzEzMzMyMzIzNDMwMzAzMDU4MDAwMDAw
OEZDMkY1M0MwQUQ3QTMzQjQyRjlFNzQxRjlFNzhENDIyMzExMjI0MjM2REU5
NDQyMDlENERDNDFBMzAzOTM0MjA3NDE1OTQxMjcxQTg1NDI5NTFERDQ0MTFF
MTQ2MzQyQUVDQkYyNDFCNUExNzM0MjRGNzkwMzQyRTA0Mzk0NDJFRDI0RTE0
MjVEQUNBMDQyMDRDRTg3NDM0NUQ3OTc0MjkyNzY4ODQzRjBCRTkyNDJCOUVB
QTA0MzFFNjM4NjQyRTM1MUE3NDM3MzA2ODg0MjQ1RkJFRDQyRkMzNDlENDI2
QUIxMDk0MzJCNDk4OTQyNEI0ODA5NDMxQzNBODg0MjYwNDQwMzQzMEYwNzk3
NDIzQUU3ODA0MzQ0NEU5QzQyNTU3NzUwNDNGMTczOTM0MkNENzI2MDQzQkVF
NzkzNDJEMTQ2QUM0MzUxMDQ5QTQyNjQ2MTMzNDI3MjczOTE0MjQxODJCMzQy
MTY3QzkxNDI1QTIyMTc0MzFDQkM5MTQyMTMzOTMzNDMzMDA3OTk0MjYyRTk4
OTQzOTlDQUExNDIwNkY2MEQ0MkI1N0I5RTQyRTJCMzgwNDMzMUJDQTA0MjQ4
MTVENzQyNDZBMjhFNDI3MDA4MDM0Mzg0M0I4QzQyMEFENTFCNDNFREEyOUI0
MjgzM0JBNzQzQjJGRjlFNDJGNUUwQUE0MTkyODc5MzQyODU4NzAzNDJCMTZE
ODg0MjBCNzIwRjQyOEI0RjlBNDI2NUZCMTM0M0YyMUI4QTQyQkE4NDI5NDND
QkM1ODM0MkNBRDczRjQzREQxOThBNDJEOTQ5NjU0M0U2OEQ5NDQyMTg3RDg0
NDMzN0E5OTQ0MkJGQTc4OTQzMTUzQThCNDJGNjk2ODQ0MzYxRkU4OTQyNkEx
MzQxNDNCNjcxOEM0MkNENTIyMDQzMEM2Rjc5NDI3NDZGMUM0MzY3QjY3NDQy
NjdGNTI4NDNFMDRGODk0MjlDNjgyOTQzQjE0QzkyNDIwQjFFMEE0M0ZDQjQ4
QzQyMjNGMTEyNDM5RkNBODk0MkI2NzEzMTQzNjQ2NjhENDI4QTgzN0E0M0I0
ODE5OTQyQjBBNzc5NDM2NjFGOTM0Mjk4N0M2MDQzRDU4OTg2NDJGQTExM0Y0
MzY4OTQ5MzQyQjVCQzdCNDI0NDY0OEE0MjczRUU1QjQyM0NCNTkwNDJFMkM1
MzA0M0MzQjA5MjQyNjhEMjIwNDM3NjE2OEE0MkJCQkYzOTQzMzEyNThCNDJG
NkY5NUQ0MzBCNTY4NzQyN0I5Qjg0NDNFRkYyODg0MjU5Qjk5NzQzQkI1NjhB
NDJFRjkzQTg0M0E3MjA4OTQyMzYxN0FCNDMwRUM5Nzk0MkRGRjFBQjQzNjk3
MjYyNDIxNThGQUI0M0RBMUM1RjQyMjFEOUE3NDM2RjVBODg0MjMxMkE0MTQz
RUI5MjlBNDI0NzlGNEU0Mzc4N0M4RTQyRUVGNTc5NDNFMjNDOEQ0MjUzNTk4
NDQzMUUxNjhGNDI1MEI3Nzk0Mzg1NzE5NDQyMzZDRDRCNDM0NDQzOTY0Mjc1
OEI1QTQzNThFRjkwNDIzNEIwOEU0M0JGMQ==

--SBD.Boundary.605592468
PROCESS /noc/users/iridburst/exec/irid_300224010734970_upd.pl
Last Run  ----1970-01-01 00:00:00 
MONTH  5 
DATA  xxrecord 2012-04-13 23:00:05 :: $W5M5A,120413,230005,660d0028449ce246,1,DAS 2,,,0.3,353,0.6,8.1,8.0,77.5,4.3,8.0,81.1,5.0,1003.9,0,0,28.6,29,71*40
 
INSERT
STATION sbdservice
IRID_ID 300224010734970
BODY 
Content-Type: application/x-zip-compressed; name="SBMmessage.sbd"
Content-Disposition: attachment; filename="300224010734970_002673.sbd"
Content-Transfer-Encoding: base64

JFc1TTVBLDEyMDQxNCwwMDAwMDUsNjYwZDAwMjg0NDljZTI0NiwxLERBUyAy
LDUwNTMuNTI5M04sMTIzLjcwOTdXLDEuNSwzNDAsMy4yLDcuOCw3LjQsODEu
NCw0LjUsNy40LDgzLjQsNC44LDEwMDMuOSwwLDAsMzMuMywyOTgsNjcqNUMN
Cg0KJFc1TTVBLDEyMDQxNCwwMDAwMDUsNjYwZDAwMjg0NDljZTI0NiwyLERB
UyAyLDEyLjksMTMuMCwwLjIsMC40LDAuMDEsNTg4LDU5MSwxNTcsNjMwLDAs
MTU4LjcsMTEuNTMsOTI4KjZBDQoNCiRXNU01QSwxMjA0MTQsMDAwMDA1LDY2
MGQwMDI4NDQ5Y2UyNDYsMyw3RjAwNzQwMjNBMDAwMDUzMzIzMDMxMzIzMDM0
MzEzMzMyMzMzNDMwMzAzMDU1NUEwMDMxMzIzMDM0MzEzMzMyMzMzNDMwMkM1
NDQxNDIzMDMwMzAzMDMwMkMyRDMwMzUzMTJFMzEyQzJDMzEzMjJFMzQzNjJD
MzQyRTMwMkMzMzM2MzAzMDJDMzYzMDJDMzYzMDJDMzEyQzMwMzAzNTM3MzAy
QzMzMkUzNDMyMkMzMTJFMzIzNjJDMzMzNDJDMzAyQzMwMkUzMTM3MzMyQzJC
MzAzMDJFMzAwRDBBQjkxMEI4NzBGOUZCN0YwMDY3MDIzQTAwMDA1NzMyMzAz
MTMyMzAzNDMxMzMzMjMzMzQzMDMwMzBGRjREMDAwMDgwRkI0NDAwODBDRTQz
MDA4NDY0NDgwMDAwRTA0MjlFODY2MDNBQ0UxOEU1NDA3MjM1MjMzQjNEMDBC
NTNBM0NERjQ3NDFENDU3RUMzQTdCQUU5NjQxMjUxMUQyNDA1NjU1MDU0MkZC
MkUwMTQyRDNBMkQ5M0E1RDI2OTU0MzU1Mzk4NTQyOTlBODI1MzE1MTFERjdF
NTIxQkE3RjA0NUUwMjNBMDAwMDRCNTY0ODIwMzczMjMwMzEzMjMwMzQzMTMz
MzIzMzM0MzAzMDMwNTkwMDAwMDA4RkMyRjUzQzBBRDdBMzNCNUYyNjk1NDM1
NjM5ODU0MjAwNjBBMTQzQjVDNjZENDJGRTE1OTU0MzYyODE3NzQyMURFMDky
NDMyREM2ODU0MkE5RTlBRDQzREJFODg3NDJCOEUyOEY0MzlDQUQ5NTQyNzI3
Nzg1NDM5NDBGOTY0MkU2OEQ5NzQzNDg2MTk3NDI1Q0U1N0E0MjIzMkU5RjQy
NjEwMkM5NDIwNTI5OTQ0Mjk0NEQyOTQzMTJGMTk1NDIzQUVBMkI0MzkzRDU5
NzQyM0Y3MkRBNDE0ODEzOTY0MkZBNkY1MDQyNzUxNTkyNDJFQjA5QjE0MkMy
Nzg4ODQyODA0ODhGNDJBRDY2OTI0MjFBQ0Y5RDQzN0MwNDlBNDIxQkZEOTU0
M0YyQkE5NjQyMzg2MTg4NDMwOUFFOUI0MkYyODlBRDQzNzUzMDlFNDJCMDJF
QTY0MzI2QkI5MjQyOTQ1RDkxNDNFMUJFODk0MjkxNUM4QzQzMjgwQThDNDI4
QTYwOTM0M0JDMjU4QTQyMDQ5NThENDM3Q0QzODg0MjVBQzk1NTQzRjEzNDkw
NDIxQjkwMUM0MzAwQTM4QTQyRjFCNEIzNDNEQTAzOUY0MkQ5ODQ5NTQzNjE2
ODkxNDJEMUI3QTQ0M0JCOEE5OTQyMTkyMEIxNDBFMkNEOEM0MjIwNTI5RTNG
QjdEMTg5NDJBNUIwQUQ0MzJCOUY5MzQyNzg4QzkxNDNBOUY2OTY0MjBFMjNC
QzQyRDY2RjlFNDI3RjA3MDY0MzE1NTg5NjQyMUNBRTM1NDMzNzBFOTg0MjYw
NEI2MTQzNDI4MzkwNDJCNTQ5NTg0MzZGMDk4OTQyQjExNjNENDNGMjBGOTA0
MkJGQ0YxNDQzNTkwRTk3NDI2NEMwMkE0MzkyRDQ5ODQyMzczRjRCNDM4QURB
OTM0MjBBQTU1QTQzRUMzRjk0NDJGNzFFNzM0MzRDQTA5RDQyRjZFOUIzNDMy
OUQ4OUU0Mjk5NTE2NTQzOThCQjlBNDJGMDNCM0Y0MzRGNzQ5RTQyQkE2ODk5
NDM1RThCQTA0MjUzMUU0QTQzOTA4MDhGNDIxMjZCNDY0M0M3NkE4NTQyQkNG
RjFFNDM5REU5OEU0MjhGNDUwOTQzQzk0RDk4NDIyM0E4OEU0Mzg4MzI5MzQy
OTFBRDg5NDM5N0ExOEU0MkIzNEI4MjQzOUQ3MTg1NDJCMkVGODI0MzlCRjA4
MTQyQ0U1NjVENDNENTAwOTc0MjNDNEMyRDQzNzg1MTkzNDI4Q0M3M0Y0MzY3
M0Q5QjQyN0JBNTI4NDM2QzhGOUE0MjA3ODUwMTQzMjY1QThFNDJGNTlCRTI0
MkQ1OTY4OTQyOURGODVENDM5REFBOTk0MjkyN0E4NTQzRUY5NThFNDJGMzhB
REE0MTBBOTk5NDQyMTMzMjM3NDJGMUJCODY0MkIxODJFRDQxRjE4RjlCNDJB
MTlFNEE0MzNBQzE4RTQyNzhBQjM4NDM5MEJGOEM0MkNGNDcwOTQzNTA4QzlB
NDIwNTlBOUEzRkFGODk5QTQyRTNGNjkzNA==

--SBD.Boundary.605592468
PROCESS /noc/users/iridburst/exec/irid_300224010734970_upd.pl
Last Run  ----1970-01-01 00:00:00 
MONTH  5 
DATA  xxrecord 2012-04-14 00:00:05 :: $W5M5A,120414,000005,660d0028449ce246,1,DAS 2,5053.5293N,123.7097W,1.5,340,3.2,7.8,7.4,81.4,4.5,7.4,83.4,4.8,1003.9,0,0,33.3,298,67*5C
 
INSERT
STATION sbdservice
IRID_ID 300224010734970
BODY 
Content-Type: application/x-zip-compressed; name="SBMmessage.sbd"
Content-Disposition: attachment; filename="300224010734970_002674.sbd"
Content-Transfer-Encoding: base64

JFc1TTVBLDEyMDQxNCwwMTAwMDUsNjYwZDAwMjg0NDljZTI0NiwxLERBUyAy
LCwsMS4wLDMyMywxLjUsNy42LDYuOSw4MS43LDQuMCw2LjgsODMuOSw0LjMs
MTAwMy45LDAsMCwyOC42LDEzNCw3NSo3MA0KDQokVzVNNUEsMTIwNDE0LDAx
MDAwNSw2NjBkMDAyODQ0OWNlMjQ2LDIsREFTIDIsMTIuOSwxMy4xLDAuMiww
LjUsMC4wMSw1ODgsNTkxLDE1Nyw2MzAsMCwxNTguOCwxMS4xNCw5MjkqNjYN
Cg0KJFc1TTVBLDEyMDQxNCwwMTAwMDUsNjYwZDAwMjg0NDljZTI0NiwzLDdG
MDA3NDAyM0EwMDAwNTMzMjMwMzEzMjMwMzQzMTM0MzAzMDM0MzAzMDMwNTU1
QTAwMzEzMjMwMzQzMTM0MzAzMDM0MzAyQzU0NDE0MjMwMzAzMDMwMzAyQzJE
MzAzNTMxMkUzMTJDMkMzMTMyMkUzNDM3MkMzNDJFMzAyQzMzMzYzMDMwMkMz
NjMwMkMzNjMwMkMzMTJDMzAzMDM1MzczMDJDMzMyRTM0MzIyQzMxMkUzMjM2
MkMzMzM1MkMzMDJDMzAyRTMxMzczMjJDMkIzMDMwMkUzMDBEMEFCNjEwQkI3
OUU5N0E3RjAwNjcwMjNBMDAwMDU3MzIzMDMxMzIzMDM0MzEzNDMwMzAzNDMw
MzAzMEZGNEQwMDAwODBGQjQ0MDAwMENGNDMwMDAwN0E0NTAwMDBEMDQyNDI0
MDYzM0E3QjczRjA0MEQxMUUzNDNCMzlGQUMwM0E1MDM4NTU0MTVEMEYwNjNC
MjI2NThGNDFGNjc5RjQ0MDQ5OTJFNDQxQjkyM0Y0NDFBMDQ4RjMzQUUxRUYw
NTQzMUNDOTk1NDJFNUU3NDIzMUI0MUVFRjNDQzQ0MzdGMDQxNjAyM0EwMDAw
NEI1NjQ4MjAzNzMyMzAzMTMyMzAzNDMxMzQzMDMwMzQzMDMwMzA1MzAwMDAw
MDhGQzJGNTNDMEFEN0EzM0JERkVGMDU0MzFCQzk5NTQyMDdDMUY0NDI5NDQ3
OUY0MkI4MDJDQjQyQ0U4NDlCNDI0QzQ3MjM0MzdGRkI5QTQyMjFCRTQzNDND
RTRFOEI0MjVEREU0NzQzQjBFRDgxNDIxNEFDNjM0MzM3ODk4NTQyQkJBMTk2
NDNBNzY1OTY0MjY0RjNBOTQzMDM0MDhGNDJFMTZFQTk0MzY5MUU4QzQyNjgz
OTExNDI3QzZEOEE0MjFENEE2NjQyMEE2RThDNDI0Q0VEQ0Q0MjVGNDk5RDQy
MTcxMjMxNDM3MDYwOUQ0MjQ1MDkyMDQyRDNGRDk1NDI3QjhGMzk0MjZGQ0Y4
QTQyNTQ2NDZENDI1NEE3OTE0MjlGRjE3MzQyMzE5QjkwNDI1OUYwNEY0MkI3
RjU4QzQyNDRGNjI4NDIzRDA3ODc0MkNDQUYxRDQyRDcxNzhCNDJBRTZCRTE0
MUZEMzc4MzQyMEFCQ0I1NDEzNTEyNzQ0MkM1OTIzMTQyQUFFQzg3NDI3QzQ3
QTE0MjU2NjI3QjQyQzc1RjcyNDI3MDBGODY0MkRENTAwQzQyNEM4MzlBNDJE
MjZENDg0M0Q2QTA4RjQyMjRGNTZCNDM4QkE4N0Y0MkRDNEM3RjQzQzI3Rjgy
NDI0Q0Q5NzQ0MzE3ODk5NTQyNEU5QzgzNDNCNDM3OTg0MjA0NDM4NDQzQUJG
ODkxNDIwQ0Q3M0I0M0Y2MTg5MjQyRTVFQTNDNDMzMDI1ODY0MjA4QkMzRTQz
RUNBQjcwNDI0MzcyNUI0M0Y5RTI4MTQyRkU2MTg0NDNFODA2ODM0MjMxN0Q5
MjQzNzQ2RjkxNDIzNTdBNDQ0MkVGNDM4NTQyOEUwNjM0NDIxMzdGN0Y0MkQ2
NUJBMjQzN0EwQTk4NDIzNTlFODk0Mzc4RTM4RTQyNjkzRjg5NDNCNUVEODk0
Mjc2OEM4ODQzOTY0MThCNDIwMjkxN0Y0M0JGMzI5ODQyNjI3QzBCNDM5RTk2
OTg0MjU4OEZEQjQyNDgyMzk2NDIxNDVGNUY0M0JFRjU5OTQyNzBENDcwNDM5
QTJBOEM0MjkyMDc4RDQzRTc2Mzk3NDI0NjYzODY0MUQ2QTM4RjQyQURGNjQx
NDFDQTg3OEU0MjRDMDZCMTQzRDU0Qzk4NDI1MUQ5MTk0Mzg2QjA5OTQyMkU3
NjE0NDMwODZEOTE0MkUxOUEyNDQzMjAyNTkxNDI5Njg0Mjk0MzMyODc5QzQy
NDAwOEQ3NDFBMDdBOTY0MjEyRkU5MDQxM0UyNzkwNDI3NEJFQjI0MzZDRUI4
QzQyRTRCNjk2NDNEQ0M5OEU0MjUwMkY2QzQzMDYyMjg5NDIwMDBBNjg0M0E1
M0E4RjQyMEE1OTgzNDNDMThEOEU0MjE4RDU4MjQzNEJCODg4NDIyRkUwNzQ0
MzM3NkQ4MjQyMTg5OTgwNDNBNDFBODY0MjUyOTI4QTQzQzY3NTk2NDJDNkNC
Njc0MkM1Mzk5QTQyNjczMzlCNDIzQkNGOTM0Mjg5MEY2RDQzMjg3ODlENDJD
MkQ4ODc0MzhCOTk5RjQyMTlDRDk5NDM5Ng==

--SBD.Boundary.605592468
PROCESS /noc/users/iridburst/exec/irid_300224010734970_upd.pl
Last Run  ----1970-01-01 00:00:00 
MONTH  5 
DATA  xxrecord 2012-04-14 01:00:05 :: $W5M5A,120414,010005,660d0028449ce246,1,DAS 2,,,1.0,323,1.5,7.6,6.9,81.7,4.0,6.8,83.9,4.3,1003.9,0,0,28.6,134,75*70
 
INSERT
STATION sbdservice
IRID_ID 300224010734970
BODY 
Content-Type: application/x-zip-compressed; name="SBMmessage.sbd"
Content-Disposition: attachment; filename="300224010734970_002675.sbd"
Content-Transfer-Encoding: base64

JFc1TTVBLDEyMDQxNCwwMjAwMDUsNjYwZDAwMjg0NDljZTI0NiwxLERBUyAy
LDUwNTMuNTI1NU4sMTIzLjcxMjNXLDEuNiwzMzcsMi44LDcuNSw2LjYsODEu
OSwzLjgsNi42LDgzLjUsNC4wLDEwMDMuOSwwLDAsMjguNiw2Myw3MCo2RQ0K
DQokVzVNNUEsMTIwNDE0LDAyMDAwNSw2NjBkMDAyODQ0OWNlMjQ2LDIsREFT
IDIsMTIuOCwxMy4wLDAuMiwwLjQsMC4wMSw1ODgsNTkxLDE1Nyw2MzAsMCwx
NTguOCwxMC43NSw5MjkqNjINCg0KJFc1TTVBLDEyMDQxNCwwMjAwMDUsNjYw
ZDAwMjg0NDljZTI0NiwzLDdGMDA3NDAyM0EwMDAwNTMzMjMwMzEzMjMwMzQz
MTM0MzAzMTM0MzAzMDMwNTU1QTAwMzEzMjMwMzQzMTM0MzAzMTM0MzAyQzU0
NDE0MjMwMzAzMDMwMzAyQzJEMzAzNTMxMkUzMTJDMkMzMTMyMkUzNDM1MkMz
NDJFMzAyQzMzMzYzMDMwMkMzNjMwMkMzNjMwMkMzMTJDMzAzMDM1MzczMDJD
MzMyRTM0MzIyQzMxMkUzMjM2MkMzMzM2MkMzMDJDMzAyRTMxMzczMzJDMkIz
MDMwMkUzMDBEMEFCNzEwRkVGODdFQ0I3RjAwNjcwMjNBMDAwMDU3MzIzMDMx
MzIzMDM0MzEzNDMwMzEzNDMwMzAzMEZGNEQwMDAwODBGQjQ0MDAwMENGNDMw
MEMwNUE0NjAwMDBGMDQyNUM3MjNEM0FGQjMwRDU0MDc2QUUwQzNCQTRBRDk4
M0EzQzg4MkY0MURGRDBDNzNBQUYwRDgxNDEyQzM1RDc0MDQ5OTJFNDQxOTFF
REVDNDFFQjg4Q0QzQTYyNEM3QzQyN0RFQThCNDIyQ0U1MEEzMUFEMjBCMzFE
QjYzQjdGMDQ4MjAyM0EwMDAwNEI1NjQ4MjAzNzMyMzAzMTMyMzAzNDMxMzQz
MDMxMzQzMDMwMzA1QzAwMDAwMDhGQzJGNTNDMEFEN0EzM0I2MDRDN0M0MjdE
RUE4QjQyRjRCRDU3NDI3NEI5OEM0MjQ3OUQ0QzQyMjNFODg5NDI4ODAyNzU0
Mjc1OEE4NzQyNEI0RUFBNDJGQTBEOEI0MjAxMUNCQTQyQkI5RjhCNDJEQTcw
Qzk0MkE5QzA4NDQyMzhDMkM0NDI0NzY5ODM0MjlBMUQ2RjQyQ0MxMThBNDI4
OTA5MDQ0MTNBRTg4QzQyRTJFNTk2NDM4NjcyOTg0MjAxQ0I0NjQzRkJFMThB
NDIzMEZGNjc0Mzk4RjU4QTQyNUU4RjkyNDMyMUVCOEQ0Mjk4N0ZBMDQzNzUz
Njk2NDJDRTFDOTI0M0Y5MTg5RDQyNTA5MDhCNDNCRTk2OTI0MkJFODk5MTQz
RTA0Qzk0NDI3Mzk3RUU0MkREOTc5RDQyREYzOTA5NDMzRUREOTA0MjU1RkMz
RDQzMURENTk0NDI4REJCODM0M0JGMDg4RDQyRDE0MDg2NDMyMDgyOEI0Mjky
Qzk4MjQzNTYzQTg4NDI2Njg1OTQ0MzIzNjY5MDQyN0ZERkE2NDM5MTNGOEY0
MkZEOEJBODQzNDI1ODlDNDJCNzQ5MTg0M0ExRTM5QjQyOTk3QTM5NDNCNzY4
OTk0MkZFMzA1ODQzRTQ5NTlENDJFNjVFRUI0MkRGNjA5RDQyM0UzOTJGNDFC
MTE3OUE0MkVCMzM1MDQwNjg5QjkyNDIyOEJEQjk0MkU5Q0I5MjQyNTczMzk0
NDI5QjY4OEU0MjkxRjI2MjQyNTkwNjk2NDI1MDUxRjI0MkUxNUQ5OTQyNDE0
ODA2NDNEQ0REOTY0MkNDNTUwQTQzNDk4ODlCNDIwMDkwMzE0M0MwQjA5MzQy
NzVCOTFDNDNFN0E1OTA0MkY2Qjk4MjQyODM2MzkzNDIwOEZENTU0MjI5MzE4
QzQyRTRGMjdCNDJDODFGOEQ0MjVGQjMyMzQyM0Y5NDg3NDJBRDc3NkM0MkM5
QjU4RjQyMEQ0MzFDNDNBN0UwOEU0MjQ2MDM3MTQzMzZFQThBNDI1MUI3OEQ0
MzJDNUU3RDQyQjFFMDkwNDM3Q0NFODQ0MjYzNkE5NzQzOTQ3QjgwNDI1NDZE
OUE0MzgwMzM4MzQyQTgwMjlDNDNGN0REOTY0MkRCRjk5RDQzNzg2QjlBNDI3
QzVBOTc0MzU4OEU5OTQyRERCQzg1NDM5ODcxOTI0MkI1QzBFRDQyMUVFNzlC
NDI3OEE1REY0MjIyNzc4QTQyODIxQzBFNDNERUE3OTI0MjJERTU2QjQzOEFB
RTkxNDIxMjZCODE0MzI1NjU5NDQyMDQ4MEExNDMxMEE1OUE0MkFFQ0Y3RDQz
NkVENjlBNDIwRUI0NkQ0MzA2MUU4QzQyMUMxQjc4NDM0REVBODY0MkZBODE1
NDQzMzQ0NDk0NDI1NTAwMUE0MzdBNjU4QjQyRjAzNTJCNDNDNDgyOEU0MjVC
RUZEMzQyMUY1NDlENDIzNjZDNDE0MjBBNkQ5RjQyREY5QTJDNDNCMDBDOTU0
MjU3MzhGOTQyOTk4Qzk5NDI3OEEzMUI0MA==

--SBD.Boundary.605592468
PROCESS /noc/users/iridburst/exec/irid_300224010734970_upd.pl
Last Run  ----1970-01-01 00:00:00 
MONTH  5 
DATA  xxrecord 2012-04-14 02:00:05 :: $W5M5A,120414,020005,660d0028449ce246,1,DAS 2,5053.5255N,123.7123W,1.6,337,2.8,7.5,6.6,81.9,3.8,6.6,83.5,4.0,1003.9,0,0,28.6,63,70*6E
 
INSERT
STATION sbdservice
IRID_ID 300224010734970
BODY --

From sbdservice@sbd.iridium.com Sat Apr 14 05:01:10 2012
Return-Path: <sbdservice@sbd.iridium.com>
Received: from istbsp01.sbd.iridium.com (outbound.sbd.iridium.com [12.47.179.11])
	by mercury.noc.soton.ac.uk (8.13.1/8.12.11) with ESMTP id q3E416IX008492
	for <iridburst@noc.soton.ac.uk>; Sat, 14 Apr 2012 05:01:06 +0100
Reply-To: <sbdservice@sbd.iridium.com>
From: sbdservice@sbd.iridium.com
To: iridburst@noc.soton.ac.uk
Subject: SBD Msg From Unit: 300224010734970
MIME-Version: 1.0
Content-Type: multipart/mixed;boundary="SBD.Boundary.605592468"
Message-Id: <19740412024625.8E3F6CEAB30CB83A@istbsp01.sbd.iridium.com>
Date: Sat, 14 Apr 2012 04:01:05 +0000 (GMT)
X-NOCS-MailScanner-Information: Please contact the ISP for more information
X-NOCS-MailScanner-ID: q3E416IX008492
X-NOCS-MailScanner: Found to be clean
X-NOCS-MailScanner-SpamCheck: not spam (whitelisted),
	SpamAssassin (not cached, score=-2.599, required 5,
	autolearn=not spam, BAYES_00 -2.60)
X-NOCS-MailScanner-From: sbdservice@sbd.iridium.com
X-Spam-Status: No

SBM Message
--SBD.Boundary.605592468
PROCESS /noc/users/iridburst/exec/irid_300224010734970_upd.pl
Last Run  ----1970-01-01 00:00:00 
MONTH  5 
DATA  xxrecord 2012-04-14 02:00:05 :: $W5M5A,120414,020005,660d0028449ce246,1,DAS 2,5053.5255N,123.7123W,1.6,337,2.8,7.5,6.6,81.9,3.8,6.6,83.5,4.0,1003.9,0,0,28.6,63,70*6E
 
STATION sbdservice
IRID_ID 300224010734970
BODY --

From sbdservice@sbd.iridium.com Sat Apr 14 06:00:50 2012
Return-Path: <sbdservice@sbd.iridium.com>
Received: from istbsp01.sbd.iridium.com (outbound.sbd.iridium.com [12.47.179.11])
	by mercury.noc.soton.ac.uk (8.13.1/8.12.11) with ESMTP id q3E50jYn013307
	for <iridburst@noc.soton.ac.uk>; Sat, 14 Apr 2012 06:00:45 +0100
Reply-To: <sbdservice@sbd.iridium.com>
From: sbdservice@sbd.iridium.com
To: iridburst@noc.soton.ac.uk
Subject: SBD Msg From Unit: 300224010734970
MIME-Version: 1.0
Content-Type: multipart/mixed;boundary="SBD.Boundary.605592468"
Message-Id: <19740412024625.FDEC4DC83B0D8100@istbsp01.sbd.iridium.com>
Date: Sat, 14 Apr 2012 05:00:45 +0000 (GMT)
X-NOCS-MailScanner-Information: Please contact the ISP for more information
X-NOCS-MailScanner-ID: q3E50jYn013307
X-NOCS-MailScanner: Found to be clean
X-NOCS-MailScanner-SpamCheck: not spam (whitelisted),
	SpamAssassin (not cached, score=-2.599, required 5,
	autolearn=not spam, BAYES_00 -2.60)
X-NOCS-MailScanner-From: sbdservice@sbd.iridium.com
X-Spam-Status: No

SBM Message
--SBD.Boundary.605592468
PROCESS /noc/users/iridburst/exec/irid_300224010734970_upd.pl
Last Run  ----1970-01-01 00:00:00 
MONTH  5 
DATA  xxrecord 2012-04-14 02:00:05 :: $W5M5A,120414,020005,660d0028449ce246,1,DAS 2,5053.5255N,123.7123W,1.6,337,2.8,7.5,6.6,81.9,3.8,6.6,83.5,4.0,1003.9,0,0,28.6,63,70*6E
 
STATION sbdservice
IRID_ID 300224010734970
BODY --

From sbdservice@sbd.iridium.com Sat Apr 14 07:00:58 2012
Return-Path: <sbdservice@sbd.iridium.com>
Received: from istbsp02.sbd.iridium.com (outbound.sbd.iridium.com [12.47.179.11])
	by mercury.noc.soton.ac.uk (8.13.1/8.12.11) with ESMTP id q3E60rWt020420
	for <iridburst@noc.soton.ac.uk>; Sat, 14 Apr 2012 07:00:53 +0100
Reply-To: <sbdservice@sbd.iridium.com>
From: sbdservice@sbd.iridium.com
To: iridburst@noc.soton.ac.uk
Subject: SBD Msg From Unit: 300224010734970
MIME-Version: 1.0
Content-Type: multipart/mixed;boundary="SBD.Boundary.605592468"
Message-Id: <19740412024625.3B1D5CC8FB53971D@istbsp02.sbd.iridium.com>
Date: Sat, 14 Apr 2012 06:00:52 +0000 (GMT)
X-NOCS-MailScanner-Information: Please contact the ISP for more information
X-NOCS-MailScanner-ID: q3E60rWt020420
X-NOCS-MailScanner: Found to be clean
X-NOCS-MailScanner-SpamCheck: not spam (whitelisted),
	SpamAssassin (not cached, score=-2.599, required 5,
	autolearn=not spam, BAYES_00 -2.60)
X-NOCS-MailScanner-From: sbdservice@sbd.iridium.com
X-Spam-Status: No

SBM Message
--SBD.Boundary.605592468
PROCESS /noc/users/iridburst/exec/irid_300224010734970_upd.pl
Last Run  ----1970-01-01 00:00:00 
MONTH  5 
DATA  xxrecord 2012-04-14 02:00:05 :: $W5M5A,120414,020005,660d0028449ce246,1,DAS 2,5053.5255N,123.7123W,1.6,337,2.8,7.5,6.6,81.9,3.8,6.6,83.5,4.0,1003.9,0,0,28.6,63,70*6E
 
STATION sbdservice
IRID_ID 300224010734970
BODY --

From sbdservice@sbd.iridium.com Sat Apr 14 08:00:50 2012
Return-Path: <sbdservice@sbd.iridium.com>
Received: from istbsp01.sbd.iridium.com (outbound.sbd.iridium.com [12.47.179.11])
	by mercury.noc.soton.ac.uk (8.13.1/8.12.11) with ESMTP id q3E70k2E025597
	for <iridburst@noc.soton.ac.uk>; Sat, 14 Apr 2012 08:00:47 +0100
Reply-To: <sbdservice@sbd.iridium.com>
From: sbdservice@sbd.iridium.com
To: iridburst@noc.soton.ac.uk
Subject: SBD Msg From Unit: 300224010734970
MIME-Version: 1.0
Content-Type: multipart/mixed;boundary="SBD.Boundary.605592468"
Message-Id: <19740412024625.CA574CC8B73DE0AF@istbsp01.sbd.iridium.com>
Date: Sat, 14 Apr 2012 07:00:46 +0000 (GMT)
X-NOCS-MailScanner-Information: Please contact the ISP for more information
X-NOCS-MailScanner-ID: q3E70k2E025597
X-NOCS-MailScanner: Found to be clean
X-NOCS-MailScanner-SpamCheck: not spam (whitelisted),
	SpamAssassin (not cached, score=-2.599, required 5,
	autolearn=not spam, BAYES_00 -2.60)
X-NOCS-MailScanner-From: sbdservice@sbd.iridium.com
X-Spam-Status: No

SBM Message
--SBD.Boundary.605592468
PROCESS /noc/users/iridburst/exec/irid_300224010734970_upd.pl
Last Run  ----1970-01-01 00:00:00 
MONTH  5 
DATA  xxrecord 2012-04-14 02:00:05 :: $W5M5A,120414,020005,660d0028449ce246,1,DAS 2,5053.5255N,123.7123W,1.6,337,2.8,7.5,6.6,81.9,3.8,6.6,83.5,4.0,1003.9,0,0,28.6,63,70*6E
 
STATION sbdservice
IRID_ID 300224010734970
BODY --

From sbdservice@sbd.iridium.com Sat Apr 14 09:00:52 2012
Return-Path: <sbdservice@sbd.iridium.com>
Received: from istbsp01.sbd.iridium.com (outbound.sbd.iridium.com [12.47.179.11])
	by mercury.noc.soton.ac.uk (8.13.1/8.12.11) with ESMTP id q3E80kWM031627
	for <iridburst@noc.soton.ac.uk>; Sat, 14 Apr 2012 09:00:46 +0100
Reply-To: <sbdservice@sbd.iridium.com>
From: sbdservice@sbd.iridium.com
To: iridburst@noc.soton.ac.uk
Subject: SBD Msg From Unit: 300224010734970
MIME-Version: 1.0
Content-Type: multipart/mixed;boundary="SBD.Boundary.605592468"
Message-Id: <19740412024625.7ED84FF87F3E8185@istbsp01.sbd.iridium.com>
Date: Sat, 14 Apr 2012 08:00:46 +0000 (GMT)
X-NOCS-MailScanner-Information: Please contact the ISP for more information
X-NOCS-MailScanner-ID: q3E80kWM031627
X-NOCS-MailScanner: Found to be clean
X-NOCS-MailScanner-SpamCheck: not spam (whitelisted),
	SpamAssassin (not cached, score=-2.599, required 5,
	autolearn=not spam, BAYES_00 -2.60)
X-NOCS-MailScanner-From: sbdservice@sbd.iridium.com
X-Spam-Status: No

SBM Message
--SBD.Boundary.605592468
PROCESS /noc/users/iridburst/exec/irid_300224010734970_upd.pl
Last Run  ----1970-01-01 00:00:00 
MONTH  5 
DATA  xxrecord 2012-04-14 02:00:05 :: $W5M5A,120414,020005,660d0028449ce246,1,DAS 2,5053.5255N,123.7123W,1.6,337,2.8,7.5,6.6,81.9,3.8,6.6,83.5,4.0,1003.9,0,0,28.6,63,70*6E
 
STATION sbdservice
IRID_ID 300224010734970
BODY --

From sbdservice@sbd.iridium.com Sat Apr 14 10:00:51 2012
Return-Path: <sbdservice@sbd.iridium.com>
Received: from istbsp01.sbd.iridium.com (outbound.sbd.iridium.com [12.47.179.11])
	by mercury.noc.soton.ac.uk (8.13.1/8.12.11) with ESMTP id q3E90lS0004857
	for <iridburst@noc.soton.ac.uk>; Sat, 14 Apr 2012 10:00:47 +0100
Reply-To: <sbdservice@sbd.iridium.com>
From: sbdservice@sbd.iridium.com
To: iridburst@noc.soton.ac.uk
Subject: SBD Msg From Unit: 300224010734970
MIME-Version: 1.0
Content-Type: multipart/mixed;boundary="SBD.Boundary.605592468"
Message-Id: <19740412024625.8A6E7EC8BF3F021E@istbsp01.sbd.iridium.com>
Date: Sat, 14 Apr 2012 09:00:46 +0000 (GMT)
X-NOCS-MailScanner-Information: Please contact the ISP for more information
X-NOCS-MailScanner-ID: q3E90lS0004857
X-NOCS-MailScanner: Found to be clean
X-NOCS-MailScanner-SpamCheck: not spam (whitelisted),
	SpamAssassin (not cached, score=-2.599, required 5,
	autolearn=not spam, BAYES_00 -2.60)
X-NOCS-MailScanner-From: sbdservice@sbd.iridium.com
X-Spam-Status: No

SBM Message
--SBD.Boundary.605592468
PROCESS /noc/users/iridburst/exec/irid_300224010734970_upd.pl
Last Run  ----1970-01-01 00:00:00 
MONTH  5 
DATA  xxrecord 2012-04-14 02:00:05 :: $W5M5A,120414,020005,660d0028449ce246,1,DAS 2,5053.5255N,123.7123W,1.6,337,2.8,7.5,6.6,81.9,3.8,6.6,83.5,4.0,1003.9,0,0,28.6,63,70*6E
 
STATION sbdservice
IRID_ID 300224010734970
BODY --

From sbdservice@sbd.iridium.com Sat Apr 14 11:00:58 2012
Return-Path: <sbdservice@sbd.iridium.com>
Received: from istbsp01.sbd.iridium.com (outbound.sbd.iridium.com [12.47.179.11])
	by mercury.noc.soton.ac.uk (8.13.1/8.12.11) with ESMTP id q3EA0ssM011389
	for <iridburst@noc.soton.ac.uk>; Sat, 14 Apr 2012 11:00:54 +0100
Reply-To: <sbdservice@sbd.iridium.com>
From: sbdservice@sbd.iridium.com
To: iridburst@noc.soton.ac.uk
Subject: SBD Msg From Unit: 300224010734970
MIME-Version: 1.0
Content-Type: multipart/mixed;boundary="SBD.Boundary.605592468"
Message-Id: <19740412024625.01FF6DC9F31C350C@istbsp01.sbd.iridium.com>
Date: Sat, 14 Apr 2012 10:00:53 +0000 (GMT)
X-NOCS-MailScanner-Information: Please contact the ISP for more information
X-NOCS-MailScanner-ID: q3EA0ssM011389
X-NOCS-MailScanner: Found to be clean
X-NOCS-MailScanner-SpamCheck: not spam (whitelisted),
	SpamAssassin (not cached, score=-2.599, required 5,
	autolearn=not spam, BAYES_00 -2.60)
X-NOCS-MailScanner-From: sbdservice@sbd.iridium.com
X-Spam-Status: No

SBM Message
--SBD.Boundary.605592468
PROCESS /noc/users/iridburst/exec/irid_300224010734970_upd.pl
Last Run  ----1970-01-01 00:00:00 
MONTH  5 
DATA  xxrecord 2012-04-14 02:00:05 :: $W5M5A,120414,020005,660d0028449ce246,1,DAS 2,5053.5255N,123.7123W,1.6,337,2.8,7.5,6.6,81.9,3.8,6.6,83.5,4.0,1003.9,0,0,28.6,63,70*6E
 
STATION sbdservice
IRID_ID 300224010734970
BODY --

From sbdservice@sbd.iridium.com Sat Apr 14 12:00:54 2012
Return-Path: <sbdservice@sbd.iridium.com>
Received: from istbsp02.sbd.iridium.com (outbound.sbd.iridium.com [12.47.179.11])
	by mercury.noc.soton.ac.uk (8.13.1/8.12.11) with ESMTP id q3EB0nMu017283
	for <iridburst@noc.soton.ac.uk>; Sat, 14 Apr 2012 12:00:50 +0100
Reply-To: <sbdservice@sbd.iridium.com>
From: sbdservice@sbd.iridium.com
To: iridburst@noc.soton.ac.uk
Subject: SBD Msg From Unit: 300224010734970
MIME-Version: 1.0
Content-Type: multipart/mixed;boundary="SBD.Boundary.605592468"
Message-Id: <19740412024625.60B67FEB7B71F956@istbsp02.sbd.iridium.com>
Date: Sat, 14 Apr 2012 11:00:49 +0000 (GMT)
X-NOCS-MailScanner-Information: Please contact the ISP for more information
X-NOCS-MailScanner-ID: q3EB0nMu017283
X-NOCS-MailScanner: Found to be clean
X-NOCS-MailScanner-SpamCheck: not spam (whitelisted),
	SpamAssassin (not cached, score=-2.599, required 5,
	autolearn=not spam, BAYES_00 -2.60)
X-NOCS-MailScanner-From: sbdservice@sbd.iridium.com
X-Spam-Status: No

SBM Message
--SBD.Boundary.605592468
PROCESS /noc/users/iridburst/exec/irid_300224010734970_upd.pl
Last Run  ----1970-01-01 00:00:00 
MONTH  5 
DATA  xxrecord 2012-04-14 02:00:05 :: $W5M5A,120414,020005,660d0028449ce246,1,DAS 2,5053.5255N,123.7123W,1.6,337,2.8,7.5,6.6,81.9,3.8,6.6,83.5,4.0,1003.9,0,0,28.6,63,70*6E
 
STATION sbdservice
IRID_ID 300224010734970
BODY --

From sbdservice@sbd.iridium.com Sat Apr 14 13:00:57 2012
Return-Path: <sbdservice@sbd.iridium.com>
Received: from istbsp02.sbd.iridium.com (outbound.sbd.iridium.com [12.47.179.11])
	by mercury.noc.soton.ac.uk (8.13.1/8.12.11) with ESMTP id q3EC0sDF023165
	for <iridburst@noc.soton.ac.uk>; Sat, 14 Apr 2012 13:00:54 +0100
Reply-To: <sbdservice@sbd.iridium.com>
From: sbdservice@sbd.iridium.com
To: iridburst@noc.soton.ac.uk
Subject: SBD Msg From Unit: 300224010734970
MIME-Version: 1.0
Content-Type: multipart/mixed;boundary="SBD.Boundary.605592468"
Message-Id: <19740412024625.C49D5EEBFB6331F0@istbsp02.sbd.iridium.com>
Date: Sat, 14 Apr 2012 12:00:53 +0000 (GMT)
X-NOCS-MailScanner-Information: Please contact the ISP for more information
X-NOCS-MailScanner-ID: q3EC0sDF023165
X-NOCS-MailScanner: Found to be clean
X-NOCS-MailScanner-SpamCheck: not spam (whitelisted),
	SpamAssassin (not cached, score=-2.599, required 5,
	autolearn=not spam, BAYES_00 -2.60)
X-NOCS-MailScanner-From: sbdservice@sbd.iridium.com
X-Spam-Status: No

SBM Message
--SBD.Boundary.605592468
PROCESS /noc/users/iridburst/exec/irid_300224010734970_upd.pl
Last Run  ----1970-01-01 00:00:00 
MONTH  5 
DATA  xxrecord 2012-04-14 02:00:05 :: $W5M5A,120414,020005,660d0028449ce246,1,DAS 2,5053.5255N,123.7123W,1.6,337,2.8,7.5,6.6,81.9,3.8,6.6,83.5,4.0,1003.9,0,0,28.6,63,70*6E
 
STATION sbdservice
IRID_ID 300224010734970
BODY --

From sbdservice@sbd.iridium.com Sat Apr 14 14:00:50 2012
Return-Path: <sbdservice@sbd.iridium.com>
Received: from istbsp01.sbd.iridium.com (outbound.sbd.iridium.com [12.47.179.11])
	by mercury.noc.soton.ac.uk (8.13.1/8.12.11) with ESMTP id q3ED0kjF028704
	for <iridburst@noc.soton.ac.uk>; Sat, 14 Apr 2012 14:00:47 +0100
Reply-To: <sbdservice@sbd.iridium.com>
From: sbdservice@sbd.iridium.com
To: iridburst@noc.soton.ac.uk
Subject: SBD Msg From Unit: 300224010734970
MIME-Version: 1.0
Content-Type: multipart/mixed;boundary="SBD.Boundary.605592468"
Message-Id: <19740412024625.28E97EDB3F0D9E67@istbsp01.sbd.iridium.com>
Date: Sat, 14 Apr 2012 13:00:46 +0000 (GMT)
X-NOCS-MailScanner-Information: Please contact the ISP for more information
X-NOCS-MailScanner-ID: q3ED0kjF028704
X-NOCS-MailScanner: Found to be clean
X-NOCS-MailScanner-SpamCheck: not spam (whitelisted),
	SpamAssassin (not cached, score=-2.599, required 5,
	autolearn=not spam, BAYES_00 -2.60)
X-NOCS-MailScanner-From: sbdservice@sbd.iridium.com
X-Spam-Status: No

SBM Message
--SBD.Boundary.605592468
PROCESS /noc/users/iridburst/exec/irid_300224010734970_upd.pl
Last Run  ----1970-01-01 00:00:00 
MONTH  5 
DATA  xxrecord 2012-04-14 02:00:05 :: $W5M5A,120414,020005,660d0028449ce246,1,DAS 2,5053.5255N,123.7123W,1.6,337,2.8,7.5,6.6,81.9,3.8,6.6,83.5,4.0,1003.9,0,0,28.6,63,70*6E
 
STATION sbdservice
IRID_ID 300224010734970
BODY --

From sbdservice@sbd.iridium.com Sat Apr 14 15:00:49 2012
Return-Path: <sbdservice@sbd.iridium.com>
Received: from istbsp02.sbd.iridium.com (outbound.sbd.iridium.com [12.47.179.11])
	by mercury.noc.soton.ac.uk (8.13.1/8.12.11) with ESMTP id q3EE0hVK001517
	for <iridburst@noc.soton.ac.uk>; Sat, 14 Apr 2012 15:00:45 +0100
Reply-To: <sbdservice@sbd.iridium.com>
From: sbdservice@sbd.iridium.com
To: iridburst@noc.soton.ac.uk
Subject: SBD Msg From Unit: 300224010734970
MIME-Version: 1.0
Content-Type: multipart/mixed;boundary="SBD.Boundary.605592468"
Message-Id: <19740412024625.DA3E5FEA7F50411E@istbsp02.sbd.iridium.com>
Date: Sat, 14 Apr 2012 14:00:43 +0000 (GMT)
X-NOCS-MailScanner-Information: Please contact the ISP for more information
X-NOCS-MailScanner-ID: q3EE0hVK001517
X-NOCS-MailScanner: Found to be clean
X-NOCS-MailScanner-SpamCheck: not spam (whitelisted),
	SpamAssassin (not cached, score=-2.599, required 5,
	autolearn=not spam, BAYES_00 -2.60)
X-NOCS-MailScanner-From: sbdservice@sbd.iridium.com
X-Spam-Status: No

SBM Message
--SBD.Boundary.605592468
PROCESS /noc/users/iridburst/exec/irid_300224010734970_upd.pl
Last Run  ----1970-01-01 00:00:00 
MONTH  5 
DATA  xxrecord 2012-04-14 02:00:05 :: $W5M5A,120414,020005,660d0028449ce246,1,DAS 2,5053.5255N,123.7123W,1.6,337,2.8,7.5,6.6,81.9,3.8,6.6,83.5,4.0,1003.9,0,0,28.6,63,70*6E
 
STATION sbdservice
IRID_ID 300224010734970
BODY --

From sbdservice@sbd.iridium.com Sat Apr 14 16:00:56 2012
Return-Path: <sbdservice@sbd.iridium.com>
Received: from istbsp02.sbd.iridium.com (outbound.sbd.iridium.com [12.47.179.11])
	by mercury.noc.soton.ac.uk (8.13.1/8.12.11) with ESMTP id q3EF0pEj006938
	for <iridburst@noc.soton.ac.uk>; Sat, 14 Apr 2012 16:00:51 +0100
Reply-To: <sbdservice@sbd.iridium.com>
From: sbdservice@sbd.iridium.com
To: iridburst@noc.soton.ac.uk
Subject: SBD Msg From Unit: 300224010734970
MIME-Version: 1.0
Content-Type: multipart/mixed;boundary="SBD.Boundary.605592468"
Message-Id: <19740412024625.3EBE4EC9335036FE@istbsp02.sbd.iridium.com>
Date: Sat, 14 Apr 2012 15:00:51 +0000 (GMT)
X-NOCS-MailScanner-Information: Please contact the ISP for more information
X-NOCS-MailScanner-ID: q3EF0pEj006938
X-NOCS-MailScanner: Found to be clean
X-NOCS-MailScanner-SpamCheck: not spam (whitelisted),
	SpamAssassin (not cached, score=-2.599, required 5,
	autolearn=not spam, BAYES_00 -2.60)
X-NOCS-MailScanner-From: sbdservice@sbd.iridium.com
X-Spam-Status: No

SBM Message
--SBD.Boundary.605592468
PROCESS /noc/users/iridburst/exec/irid_300224010734970_upd.pl
Last Run  ----1970-01-01 00:00:00 
MONTH  5 
DATA  xxrecord 2012-04-14 02:00:05 :: $W5M5A,120414,020005,660d0028449ce246,1,DAS 2,5053.5255N,123.7123W,1.6,337,2.8,7.5,6.6,81.9,3.8,6.6,83.5,4.0,1003.9,0,0,28.6,63,70*6E
 
STATION sbdservice
IRID_ID 300224010734970
BODY --

From sbdservice@sbd.iridium.com Sat Apr 14 17:00:51 2012
Return-Path: <sbdservice@sbd.iridium.com>
Received: from istbsp01.sbd.iridium.com (outbound.sbd.iridium.com [12.47.179.11])
	by mercury.noc.soton.ac.uk (8.13.1/8.12.11) with ESMTP id q3EG0lGS012528
	for <iridburst@noc.soton.ac.uk>; Sat, 14 Apr 2012 17:00:48 +0100
Reply-To: <sbdservice@sbd.iridium.com>
From: sbdservice@sbd.iridium.com
To: iridburst@noc.soton.ac.uk
Subject: SBD Msg From Unit: 300224010734970
MIME-Version: 1.0
Content-Type: multipart/mixed;boundary="SBD.Boundary.605592468"
Message-Id: <19740412024625.26267DD83B0C7ED4@istbsp01.sbd.iridium.com>
Date: Sat, 14 Apr 2012 16:00:47 +0000 (GMT)
X-NOCS-MailScanner-Information: Please contact the ISP for more information
X-NOCS-MailScanner-ID: q3EG0lGS012528
X-NOCS-MailScanner: Found to be clean
X-NOCS-MailScanner-SpamCheck: not spam (whitelisted),
	SpamAssassin (not cached, score=-2.599, required 5,
	autolearn=not spam, BAYES_00 -2.60)
X-NOCS-MailScanner-From: sbdservice@sbd.iridium.com
X-Spam-Status: No

SBM Message
--SBD.Boundary.605592468
PROCESS /noc/users/iridburst/exec/irid_300224010734970_upd.pl
Last Run  ----1970-01-01 00:00:00 
MONTH  5 
DATA  xxrecord 2012-04-14 02:00:05 :: $W5M5A,120414,020005,660d0028449ce246,1,DAS 2,5053.5255N,123.7123W,1.6,337,2.8,7.5,6.6,81.9,3.8,6.6,83.5,4.0,1003.9,0,0,28.6,63,70*6E
 
STATION sbdservice
IRID_ID 300224010734970
BODY --

From sbdservice@sbd.iridium.com Sat Apr 14 18:01:04 2012
Return-Path: <sbdservice@sbd.iridium.com>
Received: from istbsp01.sbd.iridium.com (outbound.sbd.iridium.com [12.47.179.11])
	by mercury.noc.soton.ac.uk (8.13.1/8.12.11) with ESMTP id q3EH0xQv017859
	for <iridburst@noc.soton.ac.uk>; Sat, 14 Apr 2012 18:00:59 +0100
Reply-To: <sbdservice@sbd.iridium.com>
From: sbdservice@sbd.iridium.com
To: iridburst@noc.soton.ac.uk
Subject: SBD Msg From Unit: 300224010734970
MIME-Version: 1.0
Content-Type: multipart/mixed;boundary="SBD.Boundary.605592468"
Message-Id: <19740412024625.37746ECAF30CF9ED@istbsp01.sbd.iridium.com>
Date: Sat, 14 Apr 2012 17:00:58 +0000 (GMT)
X-NOCS-MailScanner-Information: Please contact the ISP for more information
X-NOCS-MailScanner-ID: q3EH0xQv017859
X-NOCS-MailScanner: Found to be clean
X-NOCS-MailScanner-SpamCheck: not spam (whitelisted),
	SpamAssassin (not cached, score=-2.599, required 5,
	autolearn=not spam, BAYES_00 -2.60)
X-NOCS-MailScanner-From: sbdservice@sbd.iridium.com
X-Spam-Status: No

SBM Message
--SBD.Boundary.605592468
PROCESS /noc/users/iridburst/exec/irid_300224010734970_upd.pl
Last Run  ----1970-01-01 00:00:00 
MONTH  5 
DATA  xxrecord 2012-04-14 02:00:05 :: $W5M5A,120414,020005,660d0028449ce246,1,DAS 2,5053.5255N,123.7123W,1.6,337,2.8,7.5,6.6,81.9,3.8,6.6,83.5,4.0,1003.9,0,0,28.6,63,70*6E
 
STATION sbdservice
IRID_ID 300224010734970
BODY --

From sbdservice@sbd.iridium.com Sat Apr 14 19:01:00 2012
Return-Path: <sbdservice@sbd.iridium.com>
Received: from istbsp01.sbd.iridium.com (outbound.sbd.iridium.com [12.47.179.11])
	by mercury.noc.soton.ac.uk (8.13.1/8.12.11) with ESMTP id q3EI0r2t022808
	for <iridburst@noc.soton.ac.uk>; Sat, 14 Apr 2012 19:00:54 +0100
Reply-To: <sbdservice@sbd.iridium.com>
From: sbdservice@sbd.iridium.com
To: iridburst@noc.soton.ac.uk
Subject: SBD Msg From Unit: 300224010734970
MIME-Version: 1.0
Content-Type: multipart/mixed;boundary="SBD.Boundary.605592468"
Message-Id: <19740412024625.EC0E6FFAF73FA741@istbsp01.sbd.iridium.com>
Date: Sat, 14 Apr 2012 18:00:53 +0000 (GMT)
X-NOCS-MailScanner-Information: Please contact the ISP for more information
X-NOCS-MailScanner-ID: q3EI0r2t022808
X-NOCS-MailScanner: Found to be clean
X-NOCS-MailScanner-SpamCheck: not spam (whitelisted),
	SpamAssassin (not cached, score=-2.599, required 5,
	autolearn=not spam, BAYES_00 -2.60)
X-NOCS-MailScanner-From: sbdservice@sbd.iridium.com
X-Spam-Status: No

SBM Message
--SBD.Boundary.605592468
PROCESS /noc/users/iridburst/exec/irid_300224010734970_upd.pl
Last Run  ----1970-01-01 00:00:00 
MONTH  5 
DATA  xxrecord 2012-04-14 02:00:05 :: $W5M5A,120414,020005,660d0028449ce246,1,DAS 2,5053.5255N,123.7123W,1.6,337,2.8,7.5,6.6,81.9,3.8,6.6,83.5,4.0,1003.9,0,0,28.6,63,70*6E
 
STATION sbdservice
IRID_ID 300224010734970
BODY --

From sbdservice@sbd.iridium.com Sat Apr 14 20:00:56 2012
Return-Path: <sbdservice@sbd.iridium.com>
Received: from istbsp02.sbd.iridium.com (outbound.sbd.iridium.com [12.47.179.11])
	by mercury.noc.soton.ac.uk (8.13.1/8.12.11) with ESMTP id q3EJ0qsC027563
	for <iridburst@noc.soton.ac.uk>; Sat, 14 Apr 2012 20:00:52 +0100
Reply-To: <sbdservice@sbd.iridium.com>
From: sbdservice@sbd.iridium.com
To: iridburst@noc.soton.ac.uk
Subject: SBD Msg From Unit: 300224010734970
MIME-Version: 1.0
Content-Type: multipart/mixed;boundary="SBD.Boundary.605592468"
Message-Id: <19740412024625.E2A44CC9B7609590@istbsp02.sbd.iridium.com>
Date: Sat, 14 Apr 2012 19:00:51 +0000 (GMT)
X-NOCS-MailScanner-Information: Please contact the ISP for more information
X-NOCS-MailScanner-ID: q3EJ0qsC027563
X-NOCS-MailScanner: Found to be clean
X-NOCS-MailScanner-SpamCheck: not spam (whitelisted),
	SpamAssassin (not cached, score=-2.599, required 5,
	autolearn=not spam, BAYES_00 -2.60)
X-NOCS-MailScanner-From: sbdservice@sbd.iridium.com
X-Spam-Status: No

SBM Message
--SBD.Boundary.605592468
PROCESS /noc/users/iridburst/exec/irid_300224010734970_upd.pl
Last Run  ----1970-01-01 00:00:00 
MONTH  5 
DATA  xxrecord 2012-04-14 02:00:05 :: $W5M5A,120414,020005,660d0028449ce246,1,DAS 2,5053.5255N,123.7123W,1.6,337,2.8,7.5,6.6,81.9,3.8,6.6,83.5,4.0,1003.9,0,0,28.6,63,70*6E
 
STATION sbdservice
IRID_ID 300224010734970
BODY --

From sbdservice@sbd.iridium.com Sat Apr 14 21:00:56 2012
Return-Path: <sbdservice@sbd.iridium.com>
Received: from istbsp01.sbd.iridium.com (outbound.sbd.iridium.com [12.47.179.11])
	by mercury.noc.soton.ac.uk (8.13.1/8.12.11) with ESMTP id q3EK0pWZ032169
	for <iridburst@noc.soton.ac.uk>; Sat, 14 Apr 2012 21:00:51 +0100
Reply-To: <sbdservice@sbd.iridium.com>
From: sbdservice@sbd.iridium.com
To: iridburst@noc.soton.ac.uk
Subject: SBD Msg From Unit: 300224010734970
MIME-Version: 1.0
Content-Type: multipart/mixed;boundary="SBD.Boundary.605592468"
Message-Id: <19740412024625.8A327DDA373D29B5@istbsp01.sbd.iridium.com>
Date: Sat, 14 Apr 2012 20:00:48 +0000 (GMT)
X-NOCS-MailScanner-Information: Please contact the ISP for more information
X-NOCS-MailScanner-ID: q3EK0pWZ032169
X-NOCS-MailScanner: Found to be clean
X-NOCS-MailScanner-SpamCheck: not spam (whitelisted),
	SpamAssassin (not cached, score=-2.599, required 5,
	autolearn=not spam, BAYES_00 -2.60)
X-NOCS-MailScanner-From: sbdservice@sbd.iridium.com
X-Spam-Status: No

SBM Message
--SBD.Boundary.605592468
PROCESS /noc/users/iridburst/exec/irid_300224010734970_upd.pl
Last Run  ----1970-01-01 00:00:00 
MONTH  5 
DATA  xxrecord 2012-04-14 02:00:05 :: $W5M5A,120414,020005,660d0028449ce246,1,DAS 2,5053.5255N,123.7123W,1.6,337,2.8,7.5,6.6,81.9,3.8,6.6,83.5,4.0,1003.9,0,0,28.6,63,70*6E
 
STATION sbdservice
IRID_ID 300224010734970
BODY --

From sbdservice@sbd.iridium.com Sat Apr 14 22:00:58 2012
Return-Path: <sbdservice@sbd.iridium.com>
Received: from istbsp01.sbd.iridium.com (outbound.sbd.iridium.com [12.47.179.11])
	by mercury.noc.soton.ac.uk (8.13.1/8.12.11) with ESMTP id q3EL0rNa004328
	for <iridburst@noc.soton.ac.uk>; Sat, 14 Apr 2012 22:00:53 +0100
Reply-To: <sbdservice@sbd.iridium.com>
From: sbdservice@sbd.iridium.com
To: iridburst@noc.soton.ac.uk
Subject: SBD Msg From Unit: 300224010734970
MIME-Version: 1.0
Content-Type: multipart/mixed;boundary="SBD.Boundary.605592468"
Message-Id: <19740412024625.AA476FEBFF0F99B0@istbsp01.sbd.iridium.com>
Date: Sat, 14 Apr 2012 21:00:52 +0000 (GMT)
X-NOCS-MailScanner-Information: Please contact the ISP for more information
X-NOCS-MailScanner-ID: q3EL0rNa004328
X-NOCS-MailScanner: Found to be clean
X-NOCS-MailScanner-SpamCheck: not spam (whitelisted),
	SpamAssassin (not cached, score=-2.599, required 5,
	autolearn=not spam, BAYES_00 -2.60)
X-NOCS-MailScanner-From: sbdservice@sbd.iridium.com
X-Spam-Status: No

SBM Message
--SBD.Boundary.605592468
PROCESS /noc/users/iridburst/exec/irid_300224010734970_upd.pl
Last Run  ----1970-01-01 00:00:00 
MONTH  5 
DATA  xxrecord 2012-04-14 02:00:05 :: $W5M5A,120414,020005,660d0028449ce246,1,DAS 2,5053.5255N,123.7123W,1.6,337,2.8,7.5,6.6,81.9,3.8,6.6,83.5,4.0,1003.9,0,0,28.6,63,70*6E
 
STATION sbdservice
IRID_ID 300224010734970
BODY --

From sbdservice@sbd.iridium.com Sat Apr 14 23:01:02 2012
Return-Path: <sbdservice@sbd.iridium.com>
Received: from istbsp02.sbd.iridium.com (outbound.sbd.iridium.com [12.47.179.11])
	by mercury.noc.soton.ac.uk (8.13.1/8.12.11) with ESMTP id q3EM0vxJ008843
	for <iridburst@noc.soton.ac.uk>; Sat, 14 Apr 2012 23:00:57 +0100
Reply-To: <sbdservice@sbd.iridium.com>
From: sbdservice@sbd.iridium.com
To: iridburst@noc.soton.ac.uk
Subject: SBD Msg From Unit: 300224010734970
MIME-Version: 1.0
Content-Type: multipart/mixed;boundary="SBD.Boundary.605592468"
Message-Id: <19740412024625.FF427DC87362F974@istbsp02.sbd.iridium.com>
Date: Sat, 14 Apr 2012 22:00:56 +0000 (GMT)
X-NOCS-MailScanner-Information: Please contact the ISP for more information
X-NOCS-MailScanner-ID: q3EM0vxJ008843
X-NOCS-MailScanner: Found to be clean
X-NOCS-MailScanner-SpamCheck: not spam (whitelisted),
	SpamAssassin (not cached, score=-2.599, required 5,
	autolearn=not spam, BAYES_00 -2.60)
X-NOCS-MailScanner-From: sbdservice@sbd.iridium.com
X-Spam-Status: No

SBM Message
--SBD.Boundary.605592468
PROCESS /noc/users/iridburst/exec/irid_300224010734970_upd.pl
Last Run  ----1970-01-01 00:00:00 
MONTH  5 
DATA  xxrecord 2012-04-14 02:00:05 :: $W5M5A,120414,020005,660d0028449ce246,1,DAS 2,5053.5255N,123.7123W,1.6,337,2.8,7.5,6.6,81.9,3.8,6.6,83.5,4.0,1003.9,0,0,28.6,63,70*6E
 
STATION sbdservice
IRID_ID 300224010734970
BODY --

From sbdservice@sbd.iridium.com Sun Apr 15 00:00:55 2012
Return-Path: <sbdservice@sbd.iridium.com>
Received: from istbsp01.sbd.iridium.com (outbound.sbd.iridium.com [12.47.179.11])
	by mercury.noc.soton.ac.uk (8.13.1/8.12.11) with ESMTP id q3EN0mMe013509
	for <iridburst@noc.soton.ac.uk>; Sun, 15 Apr 2012 00:00:48 +0100
Reply-To: <sbdservice@sbd.iridium.com>
From: sbdservice@sbd.iridium.com
To: iridburst@noc.soton.ac.uk
Subject: SBD Msg From Unit: 300224010734970
MIME-Version: 1.0
Content-Type: multipart/mixed;boundary="SBD.Boundary.605592468"
Message-Id: <19740412024625.93BA5EDA333C4A45@istbsp01.sbd.iridium.com>
Date: Sat, 14 Apr 2012 23:00:47 +0000 (GMT)
X-NOCS-MailScanner-Information: Please contact the ISP for more information
X-NOCS-MailScanner-ID: q3EN0mMe013509
X-NOCS-MailScanner: Found to be clean
X-NOCS-MailScanner-SpamCheck: not spam (whitelisted),
	SpamAssassin (not cached, score=-2.599, required 5,
	autolearn=not spam, BAYES_00 -2.60)
X-NOCS-MailScanner-From: sbdservice@sbd.iridium.com
X-Spam-Status: No

SBM Message
--SBD.Boundary.605592468
PROCESS /noc/users/iridburst/exec/irid_300224010734970_upd.pl
Last Run  ----1970-01-01 00:00:00 
MONTH  5 
DATA  xxrecord 2012-04-14 02:00:05 :: $W5M5A,120414,020005,660d0028449ce246,1,DAS 2,5053.5255N,123.7123W,1.6,337,2.8,7.5,6.6,81.9,3.8,6.6,83.5,4.0,1003.9,0,0,28.6,63,70*6E
 
STATION sbdservice
IRID_ID 300224010734970
BODY --

From sbdservice@sbd.iridium.com Sun Apr 15 01:00:55 2012
Return-Path: <sbdservice@sbd.iridium.com>
Received: from istbsp02.sbd.iridium.com (outbound.sbd.iridium.com [12.47.179.11])
	by mercury.noc.soton.ac.uk (8.13.1/8.12.11) with ESMTP id q3F00o7X018287
	for <iridburst@noc.soton.ac.uk>; Sun, 15 Apr 2012 01:00:51 +0100
Reply-To: <sbdservice@sbd.iridium.com>
From: sbdservice@sbd.iridium.com
To: iridburst@noc.soton.ac.uk
Subject: SBD Msg From Unit: 300224010734970
MIME-Version: 1.0
Content-Type: multipart/mixed;boundary="SBD.Boundary.605592468"
Message-Id: <19740412024625.432B6FC83B714DF3@istbsp02.sbd.iridium.com>
Date: Sun, 15 Apr 2012 00:00:49 +0000 (GMT)
X-NOCS-MailScanner-Information: Please contact the ISP for more information
X-NOCS-MailScanner-ID: q3F00o7X018287
X-NOCS-MailScanner: Found to be clean
X-NOCS-MailScanner-SpamCheck: not spam (whitelisted),
	SpamAssassin (not cached, score=-2.599, required 5,
	autolearn=not spam, BAYES_00 -2.60)
X-NOCS-MailScanner-From: sbdservice@sbd.iridium.com
X-Spam-Status: No

SBM Message
--SBD.Boundary.605592468
PROCESS /noc/users/iridburst/exec/irid_300224010734970_upd.pl
Last Run  ----1970-01-01 00:00:00 
MONTH  5 
DATA  xxrecord 2012-04-14 02:00:05 :: $W5M5A,120414,020005,660d0028449ce246,1,DAS 2,5053.5255N,123.7123W,1.6,337,2.8,7.5,6.6,81.9,3.8,6.6,83.5,4.0,1003.9,0,0,28.6,63,70*6E
 
STATION sbdservice
IRID_ID 300224010734970
BODY --

From sbdservice@sbd.iridium.com Sun Apr 15 02:00:54 2012
Return-Path: <sbdservice@sbd.iridium.com>
Received: from istbsp01.sbd.iridium.com (outbound.sbd.iridium.com [12.47.179.11])
	by mercury.noc.soton.ac.uk (8.13.1/8.12.11) with ESMTP id q3F10kBc023249
	for <iridburst@noc.soton.ac.uk>; Sun, 15 Apr 2012 02:00:47 +0100
Reply-To: <sbdservice@sbd.iridium.com>
From: sbdservice@sbd.iridium.com
To: iridburst@noc.soton.ac.uk
Subject: SBD Msg From Unit: 300224010734970
MIME-Version: 1.0
Content-Type: multipart/mixed;boundary="SBD.Boundary.605592468"
Message-Id: <19740412024625.371D7DCB7B0C2CF0@istbsp01.sbd.iridium.com>
Date: Sun, 15 Apr 2012 01:00:46 +0000 (GMT)
X-NOCS-MailScanner-Information: Please contact the ISP for more information
X-NOCS-MailScanner-ID: q3F10kBc023249
X-NOCS-MailScanner: Found to be clean
X-NOCS-MailScanner-SpamCheck: not spam (whitelisted),
	SpamAssassin (not cached, score=-2.599, required 5,
	autolearn=not spam, BAYES_00 -2.60)
X-NOCS-MailScanner-From: sbdservice@sbd.iridium.com
X-Spam-Status: No

SBM Message
--SBD.Boundary.605592468
PROCESS /noc/users/iridburst/exec/irid_300224010734970_upd.pl
Last Run  ----1970-01-01 00:00:00 
MONTH  5 
DATA  xxrecord 2012-04-14 02:00:05 :: $W5M5A,120414,020005,660d0028449ce246,1,DAS 2,5053.5255N,123.7123W,1.6,337,2.8,7.5,6.6,81.9,3.8,6.6,83.5,4.0,1003.9,0,0,28.6,63,70*6E
 
STATION sbdservice
IRID_ID 300224010734970
BODY --

From sbdservice@sbd.iridium.com Sun Apr 15 03:00:52 2012
Return-Path: <sbdservice@sbd.iridium.com>
Received: from istbsp01.sbd.iridium.com (outbound.sbd.iridium.com [12.47.179.11])
	by mercury.noc.soton.ac.uk (8.13.1/8.12.11) with ESMTP id q3F20jJu027711
	for <iridburst@noc.soton.ac.uk>; Sun, 15 Apr 2012 03:00:46 +0100
Reply-To: <sbdservice@sbd.iridium.com>
From: sbdservice@sbd.iridium.com
To: iridburst@noc.soton.ac.uk
Subject: SBD Msg From Unit: 300224010734970
MIME-Version: 1.0
Content-Type: multipart/mixed;boundary="SBD.Boundary.605592468"
Message-Id: <19740412024625.133E7EFB372DBA3E@istbsp01.sbd.iridium.com>
Date: Sun, 15 Apr 2012 02:00:45 +0000 (GMT)
X-NOCS-MailScanner-Information: Please contact the ISP for more information
X-NOCS-MailScanner-ID: q3F20jJu027711
X-NOCS-MailScanner: Found to be clean
X-NOCS-MailScanner-SpamCheck: not spam (whitelisted),
	SpamAssassin (not cached, score=-2.599, required 5,
	autolearn=not spam, BAYES_00 -2.60)
X-NOCS-MailScanner-From: sbdservice@sbd.iridium.com
X-Spam-Status: No

SBM Message
--SBD.Boundary.605592468
PROCESS /noc/users/iridburst/exec/irid_300224010734970_upd.pl
Last Run  ----1970-01-01 00:00:00 
MONTH  5 
DATA  xxrecord 2012-04-14 02:00:05 :: $W5M5A,120414,020005,660d0028449ce246,1,DAS 2,5053.5255N,123.7123W,1.6,337,2.8,7.5,6.6,81.9,3.8,6.6,83.5,4.0,1003.9,0,0,28.6,63,70*6E
 
STATION sbdservice
IRID_ID 300224010734970
BODY --

From sbdservice@sbd.iridium.com Sun Apr 15 04:01:34 2012
Return-Path: <sbdservice@sbd.iridium.com>
Received: from istbsp01.sbd.iridium.com (outbound.sbd.iridium.com [12.47.179.11])
	by mercury.noc.soton.ac.uk (8.13.1/8.12.11) with ESMTP id q3F31SiS032333
	for <iridburst@noc.soton.ac.uk>; Sun, 15 Apr 2012 04:01:29 +0100
Reply-To: <sbdservice@sbd.iridium.com>
From: sbdservice@sbd.iridium.com
To: iridburst@noc.soton.ac.uk
Subject: SBD Msg From Unit: 300224010734970
MIME-Version: 1.0
Content-Type: multipart/mixed;boundary="SBD.Boundary.605592468"
Message-Id: <19740412024625.22115FC8B30D64E0@istbsp01.sbd.iridium.com>
Date: Sun, 15 Apr 2012 03:01:28 +0000 (GMT)
X-NOCS-MailScanner-Information: Please contact the ISP for more information
X-NOCS-MailScanner-ID: q3F31SiS032333
X-NOCS-MailScanner: Found to be clean
X-NOCS-MailScanner-SpamCheck: not spam (whitelisted),
	SpamAssassin (not cached, score=-2.599, required 5,
	autolearn=not spam, BAYES_00 -2.60)
X-NOCS-MailScanner-From: sbdservice@sbd.iridium.com
X-Spam-Status: No

SBM Message
--SBD.Boundary.605592468
PROCESS /noc/users/iridburst/exec/irid_300224010734970_upd.pl
Last Run  ----1970-01-01 00:00:00 
MONTH  5 
DATA  xxrecord 2012-04-14 02:00:05 :: $W5M5A,120414,020005,660d0028449ce246,1,DAS 2,5053.5255N,123.7123W,1.6,337,2.8,7.5,6.6,81.9,3.8,6.6,83.5,4.0,1003.9,0,0,28.6,63,70*6E
 
STATION sbdservice
IRID_ID 300224010734970
BODY 
Content-Type: text/plain;charset=US-ASCII
Content-Disposition: inline
Content-Transfer-Encoding: 7bit

MOMSN: 2699
MTMSN: 0
Time of Session (UTC): Sun Apr 15 04:00:30 2012
Session Status: 00 - Transfer OK
Message Size (bytes): 1960

Unit Location: Lat = 50.918946 Long = -1.365281
CEPradius = 6



-- 
This message has been scanned for viruses and
dangerous content by MailScanner, and is
believed to be clean.


--SBD.Boundary.605592468
PROCESS /noc/users/iridburst/exec/irid_300224010734970_upd.pl
Last Run  ----1970-01-01 00:00:00 
MONTH  5 
DATA  xxrecord 2012-04-14 02:00:05 :: $W5M5A,120414,020005,660d0028449ce246,1,DAS 2,5053.5255N,123.7123W,1.6,337,2.8,7.5,6.6,81.9,3.8,6.6,83.5,4.0,1003.9,0,0,28.6,63,70*6E
 
STATION sbdservice
IRID_ID 300224010734970
BODY 
Content-Type: text/plain;charset=US-ASCII
Content-Disposition: inline
Content-Transfer-Encoding: 7bit

MOMSN: 2700
MTMSN: 0
Time of Session (UTC): Sun Apr 15 05:00:30 2012
Session Status: 00 - Transfer OK
Message Size (bytes): 1960

Unit Location: Lat = 50.868372 Long = -1.363928
CEPradius = 2



-- 
This message has been scanned for viruses and
dangerous content by MailScanner, and is
believed to be clean.


--SBD.Boundary.605592468
PROCESS /noc/users/iridburst/exec/irid_300224010734970_upd.pl
Last Run  ----1970-01-01 00:00:00 
MONTH  5 
DATA  xxrecord 2012-04-14 02:00:05 :: $W5M5A,120414,020005,660d0028449ce246,1,DAS 2,5053.5255N,123.7123W,1.6,337,2.8,7.5,6.6,81.9,3.8,6.6,83.5,4.0,1003.9,0,0,28.6,63,70*6E
 
STATION sbdservice
IRID_ID 300224010734970
BODY 
Content-Type: text/plain;charset=US-ASCII
Content-Disposition: inline
Content-Transfer-Encoding: 7bit

MOMSN: 2701
MTMSN: 0
Time of Session (UTC): Sun Apr 15 06:00:29 2012
Session Status: 00 - Transfer OK
Message Size (bytes): 1960

Unit Location: Lat = 50.934434 Long = 2.449967
CEPradius = 294



-- 
This message has been scanned for viruses and
dangerous content by MailScanner, and is
believed to be clean.


--SBD.Boundary.605592468
PROCESS /noc/users/iridburst/exec/irid_300224010734970_upd.pl
Last Run  ----1970-01-01 00:00:00 
MONTH  5 
DATA  xxrecord 2012-04-14 02:00:05 :: $W5M5A,120414,020005,660d0028449ce246,1,DAS 2,5053.5255N,123.7123W,1.6,337,2.8,7.5,6.6,81.9,3.8,6.6,83.5,4.0,1003.9,0,0,28.6,63,70*6E
 
STATION sbdservice
IRID_ID 300224010734970
BODY 
Content-Type: text/plain;charset=US-ASCII
Content-Disposition: inline
Content-Transfer-Encoding: 7bit

MOMSN: 2702
MTMSN: 0
Time of Session (UTC): Sun Apr 15 07:00:29 2012
Session Status: 00 - Transfer OK
Message Size (bytes): 1960

Unit Location: Lat = 50.868372 Long = -1.363928
CEPradius = 1



-- 
This message has been scanned for viruses and
dangerous content by MailScanner, and is
believed to be clean.


--SBD.Boundary.605592468
PROCESS /noc/users/iridburst/exec/irid_300224010734970_upd.pl
Last Run  ----1970-01-01 00:00:00 
MONTH  5 
DATA  xxrecord 2012-04-14 02:00:05 :: $W5M5A,120414,020005,660d0028449ce246,1,DAS 2,5053.5255N,123.7123W,1.6,337,2.8,7.5,6.6,81.9,3.8,6.6,83.5,4.0,1003.9,0,0,28.6,63,70*6E
 
STATION sbdservice
IRID_ID 300224010734970
BODY 
Content-Type: text/plain;charset=US-ASCII
Content-Disposition: inline
Content-Transfer-Encoding: 7bit

MOMSN: 2703
MTMSN: 0
Time of Session (UTC): Sun Apr 15 08:00:32 2012
Session Status: 00 - Transfer OK
Message Size (bytes): 1960

Unit Location: Lat = 50.867694 Long = -1.420735
CEPradius = 2



-- 
This message has been scanned for viruses and
dangerous content by MailScanner, and is
believed to be clean.


--SBD.Boundary.605592468
PROCESS /noc/users/iridburst/exec/irid_300224010734970_upd.pl
Last Run  ----1970-01-01 00:00:00 
MONTH  5 
DATA  xxrecord 2012-04-14 02:00:05 :: $W5M5A,120414,020005,660d0028449ce246,1,DAS 2,5053.5255N,123.7123W,1.6,337,2.8,7.5,6.6,81.9,3.8,6.6,83.5,4.0,1003.9,0,0,28.6,63,70*6E
 
STATION sbdservice
IRID_ID 300224010734970
BODY 
Content-Type: text/plain;charset=US-ASCII
Content-Disposition: inline
Content-Transfer-Encoding: 7bit

MOMSN: 2704
MTMSN: 0
Time of Session (UTC): Sun Apr 15 09:00:35 2012
Session Status: 00 - Transfer OK
Message Size (bytes): 1960

Unit Location: Lat = 50.918946 Long = -1.365281
CEPradius = 5



-- 
This message has been scanned for viruses and
dangerous content by MailScanner, and is
believed to be clean.


--SBD.Boundary.605592468
PROCESS /noc/users/iridburst/exec/irid_300224010734970_upd.pl
Last Run  ----1970-01-01 00:00:00 
MONTH  5 
DATA  xxrecord 2012-04-14 02:00:05 :: $W5M5A,120414,020005,660d0028449ce246,1,DAS 2,5053.5255N,123.7123W,1.6,337,2.8,7.5,6.6,81.9,3.8,6.6,83.5,4.0,1003.9,0,0,28.6,63,70*6E
 
STATION sbdservice
IRID_ID 300224010734970
BODY 
Content-Type: text/plain;charset=US-ASCII
Content-Disposition: inline
Content-Transfer-Encoding: 7bit

MOMSN: 2705
MTMSN: 0
Time of Session (UTC): Sun Apr 15 10:00:31 2012
Session Status: 00 - Transfer OK
Message Size (bytes): 1960

Unit Location: Lat = 50.868372 Long = -1.363928
CEPradius = 3



-- 
This message has been scanned for viruses and
dangerous content by MailScanner, and is
believed to be clean.


--SBD.Boundary.605592468
PROCESS /noc/users/iridburst/exec/irid_300224010734970_upd.pl
Last Run  ----1970-01-01 00:00:00 
MONTH  5 
DATA  xxrecord 2012-04-14 02:00:05 :: $W5M5A,120414,020005,660d0028449ce246,1,DAS 2,5053.5255N,123.7123W,1.6,337,2.8,7.5,6.6,81.9,3.8,6.6,83.5,4.0,1003.9,0,0,28.6,63,70*6E
 
STATION sbdservice
IRID_ID 300224010734970
BODY 
Content-Type: text/plain;charset=US-ASCII
Content-Disposition: inline
Content-Transfer-Encoding: 7bit

MOMSN: 2706
MTMSN: 0
Time of Session (UTC): Sun Apr 15 11:00:32 2012
Session Status: 00 - Transfer OK
Message Size (bytes): 1960

Unit Location: Lat = 50.867694 Long = -1.420735
CEPradius = 5



-- 
This message has been scanned for viruses and
dangerous content by MailScanner, and is
believed to be clean.


--SBD.Boundary.605592468
PROCESS /noc/users/iridburst/exec/irid_300224010734970_upd.pl
Last Run  ----1970-01-01 00:00:00 
MONTH  5 
DATA  xxrecord 2012-04-14 02:00:05 :: $W5M5A,120414,020005,660d0028449ce246,1,DAS 2,5053.5255N,123.7123W,1.6,337,2.8,7.5,6.6,81.9,3.8,6.6,83.5,4.0,1003.9,0,0,28.6,63,70*6E
 
STATION sbdservice
IRID_ID 300224010734970
BODY 
Content-Type: text/plain;charset=US-ASCII
Content-Disposition: inline
Content-Transfer-Encoding: 7bit

MOMSN: 2707
MTMSN: 0
Time of Session (UTC): Sun Apr 15 12:00:34 2012
Session Status: 00 - Transfer OK
Message Size (bytes): 1960

Unit Location: Lat = 50.868372 Long = -1.363928
CEPradius = 3



-- 
This message has been scanned for viruses and
dangerous content by MailScanner, and is
believed to be clean.


--SBD.Boundary.605592468
PROCESS /noc/users/iridburst/exec/irid_300224010734970_upd.pl
Last Run  ----1970-01-01 00:00:00 
MONTH  5 
DATA  xxrecord 2012-04-14 02:00:05 :: $W5M5A,120414,020005,660d0028449ce246,1,DAS 2,5053.5255N,123.7123W,1.6,337,2.8,7.5,6.6,81.9,3.8,6.6,83.5,4.0,1003.9,0,0,28.6,63,70*6E
 
STATION sbdservice
IRID_ID 300224010734970
BODY 
Content-Type: text/plain;charset=US-ASCII
Content-Disposition: inline
Content-Transfer-Encoding: 7bit

MOMSN: 2708
MTMSN: 0
Time of Session (UTC): Sun Apr 15 13:00:38 2012
Session Status: 00 - Transfer OK
Message Size (bytes): 1960

Unit Location: Lat = 51.205442 Long = -7.011250
CEPradius = 364



-- 
This message has been scanned for viruses and
dangerous content by MailScanner, and is
believed to be clean.


--SBD.Boundary.605592468
PROCESS /noc/users/iridburst/exec/irid_300224010734970_upd.pl
Last Run  ----1970-01-01 00:00:00 
MONTH  5 
DATA  xxrecord 2012-04-14 02:00:05 :: $W5M5A,120414,020005,660d0028449ce246,1,DAS 2,5053.5255N,123.7123W,1.6,337,2.8,7.5,6.6,81.9,3.8,6.6,83.5,4.0,1003.9,0,0,28.6,63,70*6E
 
STATION sbdservice
IRID_ID 300224010734970
BODY 
Content-Type: text/plain;charset=US-ASCII
Content-Disposition: inline
Content-Transfer-Encoding: 7bit

MOMSN: 2709
MTMSN: 0
Time of Session (UTC): Sun Apr 15 14:00:31 2012
Session Status: 00 - Transfer OK
Message Size (bytes): 1960

Unit Location: Lat = 50.867694 Long = -1.420735
CEPradius = 4



-- 
This message has been scanned for viruses and
dangerous content by MailScanner, and is
believed to be clean.


--SBD.Boundary.605592468
PROCESS /noc/users/iridburst/exec/irid_300224010734970_upd.pl
Last Run  ----1970-01-01 00:00:00 
MONTH  5 
DATA  xxrecord 2012-04-14 02:00:05 :: $W5M5A,120414,020005,660d0028449ce246,1,DAS 2,5053.5255N,123.7123W,1.6,337,2.8,7.5,6.6,81.9,3.8,6.6,83.5,4.0,1003.9,0,0,28.6,63,70*6E
 
STATION sbdservice
IRID_ID 300224010734970
BODY 
Content-Type: text/plain;charset=US-ASCII
Content-Disposition: inline
Content-Transfer-Encoding: 7bit

MOMSN: 2710
MTMSN: 0
Time of Session (UTC): Sun Apr 15 15:00:31 2012
Session Status: 00 - Transfer OK
Message Size (bytes): 1960

Unit Location: Lat = 51.074043 Long = -4.687766
CEPradius = 240



-- 
This message has been scanned for viruses and
dangerous content by MailScanner, and is
believed to be clean.


--SBD.Boundary.605592468
PROCESS /noc/users/iridburst/exec/irid_300224010734970_upd.pl
Last Run  ----1970-01-01 00:00:00 
MONTH  5 
DATA  xxrecord 2012-04-14 02:00:05 :: $W5M5A,120414,020005,660d0028449ce246,1,DAS 2,5053.5255N,123.7123W,1.6,337,2.8,7.5,6.6,81.9,3.8,6.6,83.5,4.0,1003.9,0,0,28.6,63,70*6E
 
STATION sbdservice
IRID_ID 300224010734970
BODY 
Content-Type: text/plain;charset=US-ASCII
Content-Disposition: inline
Content-Transfer-Encoding: 7bit

MOMSN: 2711
MTMSN: 0
Time of Session (UTC): Sun Apr 15 16:00:28 2012
Session Status: 00 - Transfer OK
Message Size (bytes): 1960

Unit Location: Lat = 50.918267 Long = -1.422145
CEPradius = 9



-- 
This message has been scanned for viruses and
dangerous content by MailScanner, and is
believed to be clean.


--SBD.Boundary.605592468
PROCESS /noc/users/iridburst/exec/irid_300224010734970_upd.pl
Last Run  ----1970-01-01 00:00:00 
MONTH  5 
DATA  xxrecord 2012-04-14 02:00:05 :: $W5M5A,120414,020005,660d0028449ce246,1,DAS 2,5053.5255N,123.7123W,1.6,337,2.8,7.5,6.6,81.9,3.8,6.6,83.5,4.0,1003.9,0,0,28.6,63,70*6E
 
STATION sbdservice
IRID_ID 300224010734970
BODY 
Content-Type: text/plain;charset=US-ASCII
Content-Disposition: inline
Content-Transfer-Encoding: 7bit

MOMSN: 2712
MTMSN: 0
Time of Session (UTC): Sun Apr 15 17:00:31 2012
Session Status: 00 - Transfer OK
Message Size (bytes): 1960

Unit Location: Lat = 50.981657 Long = -3.476844
CEPradius = 158



-- 
This message has been scanned for viruses and
dangerous content by MailScanner, and is
believed to be clean.


--SBD.Boundary.605592468
PROCESS /noc/users/iridburst/exec/irid_300224010734970_upd.pl
Last Run  ----1970-01-01 00:00:00 
MONTH  5 
DATA  xxrecord 2012-04-14 02:00:05 :: $W5M5A,120414,020005,660d0028449ce246,1,DAS 2,5053.5255N,123.7123W,1.6,337,2.8,7.5,6.6,81.9,3.8,6.6,83.5,4.0,1003.9,0,0,28.6,63,70*6E
 
STATION sbdservice
IRID_ID 300224010734970
BODY 
Content-Type: text/plain;charset=US-ASCII
Content-Disposition: inline
Content-Transfer-Encoding: 7bit

MOMSN: 2713
MTMSN: 0
Time of Session (UTC): Sun Apr 15 18:00:34 2012
Session Status: 00 - Transfer OK
Message Size (bytes): 1960

Unit Location: Lat = 50.869022 Long = -1.307117
CEPradius = 3



-- 
This message has been scanned for viruses and
dangerous content by MailScanner, and is
believed to be clean.


--SBD.Boundary.605592468
PROCESS /noc/users/iridburst/exec/irid_300224010734970_upd.pl
Last Run  ----1970-01-01 00:00:00 
MONTH  5 
DATA  xxrecord 2012-04-14 02:00:05 :: $W5M5A,120414,020005,660d0028449ce246,1,DAS 2,5053.5255N,123.7123W,1.6,337,2.8,7.5,6.6,81.9,3.8,6.6,83.5,4.0,1003.9,0,0,28.6,63,70*6E
 
STATION sbdservice
IRID_ID 300224010734970
BODY 
Content-Type: text/plain;charset=US-ASCII
Content-Disposition: inline
Content-Transfer-Encoding: 7bit

MOMSN: 2714
MTMSN: 0
Time of Session (UTC): Sun Apr 15 19:00:29 2012
Session Status: 00 - Transfer OK
Message Size (bytes): 1960

Unit Location: Lat = 50.867694 Long = -1.420735
CEPradius = 1



-- 
This message has been scanned for viruses and
dangerous content by MailScanner, and is
believed to be clean.


--SBD.Boundary.605592468
PROCESS /noc/users/iridburst/exec/irid_300224010734970_upd.pl
Last Run  ----1970-01-01 00:00:00 
MONTH  5 
DATA  xxrecord 2012-04-14 02:00:05 :: $W5M5A,120414,020005,660d0028449ce246,1,DAS 2,5053.5255N,123.7123W,1.6,337,2.8,7.5,6.6,81.9,3.8,6.6,83.5,4.0,1003.9,0,0,28.6,63,70*6E
 
STATION sbdservice
IRID_ID 300224010734970
BODY 
Content-Type: text/plain;charset=US-ASCII
Content-Disposition: inline
Content-Transfer-Encoding: 7bit

MOMSN: 2715
MTMSN: 0
Time of Session (UTC): Sun Apr 15 20:00:27 2012
Session Status: 00 - Transfer OK
Message Size (bytes): 1960

Unit Location: Lat = 50.733836 Long = -4.881340
CEPradius = 266



-- 
This message has been scanned for viruses and
dangerous content by MailScanner, and is
believed to be clean.


--SBD.Boundary.605592468
PROCESS /noc/users/iridburst/exec/irid_300224010734970_upd.pl
Last Run  ----1970-01-01 00:00:00 
MONTH  5 
DATA  xxrecord 2012-04-14 02:00:05 :: $W5M5A,120414,020005,660d0028449ce246,1,DAS 2,5053.5255N,123.7123W,1.6,337,2.8,7.5,6.6,81.9,3.8,6.6,83.5,4.0,1003.9,0,0,28.6,63,70*6E
 
STATION sbdservice
IRID_ID 300224010734970
BODY 
Content-Type: text/plain;charset=US-ASCII
Content-Disposition: inline
Content-Transfer-Encoding: 7bit

MOMSN: 2716
MTMSN: 0
Time of Session (UTC): Sun Apr 15 21:00:32 2012
Session Status: 00 - Transfer OK
Message Size (bytes): 1960

Unit Location: Lat = 50.918946 Long = -1.365281
CEPradius = 2



-- 
This message has been scanned for viruses and
dangerous content by MailScanner, and is
believed to be clean.


--SBD.Boundary.605592468
PROCESS /noc/users/iridburst/exec/irid_300224010734970_upd.pl
Last Run  ----1970-01-01 00:00:00 
MONTH  5 
DATA  xxrecord 2012-04-14 02:00:05 :: $W5M5A,120414,020005,660d0028449ce246,1,DAS 2,5053.5255N,123.7123W,1.6,337,2.8,7.5,6.6,81.9,3.8,6.6,83.5,4.0,1003.9,0,0,28.6,63,70*6E
 
STATION sbdservice
IRID_ID 300224010734970
BODY 
Content-Type: text/plain;charset=US-ASCII
Content-Disposition: inline
Content-Transfer-Encoding: 7bit

MOMSN: 2717
MTMSN: 0
Time of Session (UTC): Sun Apr 15 22:00:29 2012
Session Status: 00 - Transfer OK
Message Size (bytes): 1960

Unit Location: Lat = 50.886294 Long = -2.047438
CEPradius = 78



-- 
This message has been scanned for viruses and
dangerous content by MailScanner, and is
believed to be clean.


--SBD.Boundary.605592468
PROCESS /noc/users/iridburst/exec/irid_300224010734970_upd.pl
Last Run  ----1970-01-01 00:00:00 
MONTH  5 
DATA  xxrecord 2012-04-14 02:00:05 :: $W5M5A,120414,020005,660d0028449ce246,1,DAS 2,5053.5255N,123.7123W,1.6,337,2.8,7.5,6.6,81.9,3.8,6.6,83.5,4.0,1003.9,0,0,28.6,63,70*6E
 
STATION sbdservice
IRID_ID 300224010734970
BODY 
Content-Type: text/plain;charset=US-ASCII
Content-Disposition: inline
Content-Transfer-Encoding: 7bit

MOMSN: 2718
MTMSN: 0
Time of Session (UTC): Sun Apr 15 23:00:31 2012
Session Status: 00 - Transfer OK
Message Size (bytes): 1960

Unit Location: Lat = 50.868372 Long = -1.363928
CEPradius = 3



-- 
This message has been scanned for viruses and
dangerous content by MailScanner, and is
believed to be clean.


--SBD.Boundary.605592468
PROCESS /noc/users/iridburst/exec/irid_300224010734970_upd.pl
Last Run  ----1970-01-01 00:00:00 
MONTH  5 
DATA  xxrecord 2012-04-14 02:00:05 :: $W5M5A,120414,020005,660d0028449ce246,1,DAS 2,5053.5255N,123.7123W,1.6,337,2.8,7.5,6.6,81.9,3.8,6.6,83.5,4.0,1003.9,0,0,28.6,63,70*6E
 
STATION sbdservice
IRID_ID 300224010734970
BODY 
Content-Type: text/plain;charset=US-ASCII
Content-Disposition: inline
Content-Transfer-Encoding: 7bit

MOMSN: 2719
MTMSN: 0
Time of Session (UTC): Mon Apr 16 00:00:28 2012
Session Status: 00 - Transfer OK
Message Size (bytes): 1960

Unit Location: Lat = 50.863891 Long = -1.704728
CEPradius = 91



-- 
This message has been scanned for viruses and
dangerous content by MailScanner, and is
believed to be clean.


--SBD.Boundary.605592468
PROCESS /noc/users/iridburst/exec/irid_300224010734970_upd.pl
Last Run  ----1970-01-01 00:00:00 
MONTH  5 
DATA  xxrecord 2012-04-14 02:00:05 :: $W5M5A,120414,020005,660d0028449ce246,1,DAS 2,5053.5255N,123.7123W,1.6,337,2.8,7.5,6.6,81.9,3.8,6.6,83.5,4.0,1003.9,0,0,28.6,63,70*6E
 
STATION sbdservice
IRID_ID 300224010734970
BODY 
Content-Type: text/plain;charset=US-ASCII
Content-Disposition: inline
Content-Transfer-Encoding: 7bit

MOMSN: 2720
MTMSN: 0
Time of Session (UTC): Mon Apr 16 02:00:31 2012
Session Status: 00 - Transfer OK
Message Size (bytes): 1960

Unit Location: Lat = 50.998720 Long = 1.254036
CEPradius = 196



-- 
This message has been scanned for viruses and
dangerous content by MailScanner, and is
believed to be clean.


--SBD.Boundary.605592468
PROCESS /noc/users/iridburst/exec/irid_300224010734970_upd.pl
Last Run  ----1970-01-01 00:00:00 
MONTH  5 
DATA  xxrecord 2012-04-14 02:00:05 :: $W5M5A,120414,020005,660d0028449ce246,1,DAS 2,5053.5255N,123.7123W,1.6,337,2.8,7.5,6.6,81.9,3.8,6.6,83.5,4.0,1003.9,0,0,28.6,63,70*6E
 
STATION sbdservice
IRID_ID 300224010734970
BODY 
Content-Type: text/plain;charset=US-ASCII
Content-Disposition: inline
Content-Transfer-Encoding: 7bit

MOMSN: 2721
MTMSN: 0
Time of Session (UTC): Mon Apr 16 03:00:36 2012
Session Status: 13 - Incomplete Transfer
Message Size (bytes): 0

Unit Location: Lat = 50.918267 Long = -1.422145
CEPradius = 5



-- 
This message has been scanned for viruses and
dangerous content by MailScanner, and is
believed to be clean.


--SBD.Boundary.605592468
PROCESS /noc/users/iridburst/exec/irid_300224010734970_upd.pl
Last Run  ----1970-01-01 00:00:00 
MONTH  5 
DATA  xxrecord 2012-04-14 02:00:05 :: $W5M5A,120414,020005,660d0028449ce246,1,DAS 2,5053.5255N,123.7123W,1.6,337,2.8,7.5,6.6,81.9,3.8,6.6,83.5,4.0,1003.9,0,0,28.6,63,70*6E
 
STATION sbdservice
IRID_ID 300224010734970
BODY 
Content-Type: application/x-zip-compressed; name="SBMmessage.sbd"
Content-Disposition: attachment; filename="300224010734970_002721.sbd"
Content-Transfer-Encoding: base64

JFc1TTVBLDEyMDQxNiwwMzAwMDUsNjYwZDAwMjg0NDljZTI0NiwxLERBUyAy
LCwsMi4xLDMxOSwzLjQsLTQxLjEsMi42LDc1LjMsLTEuMywyLjYsNzcuMywt
MC45LDEwMDMuOSwwLDAsMjguNiwzMzUsNzMqNjINCg0KJFc1TTVBLDEyMDQx
NiwwMzAwMDUsNjYwZDAwMjg0NDljZTI0NiwyLERBUyAyLDEyLjksMTMuMSww
LjIsMC40LDAuMDEsNTg4LDU5MSwxNTcsNjMwLDAsMTU4LjgsNi44NCw5MzEq
NTENCg0KJFc1TTVBLDEyMDQxNiwwMzAwMDUsNjYwZDAwMjg0NDljZTI0Niwz
LDdGMDA3NDAyM0EwMDAwNTMzMjMwMzEzMjMwMzQzMTM2MzAzMjM0MzAzMDMw
NTU1QTAwMzEzMjMwMzQzMTM2MzAzMjM0MzAyQzU0NDE0MjMwMzAzMDMwMzAy
QzJEMzAzNTMxMkUzMTJDMkMzMTMyMkUzNTM0MkMzNDJFMzAyQzMzMzYzMDMw
MkMzNjMwMkMzNjMwMkMzMTJDMzAzMDM1MzczMDJDMzMyRTM0MzIyQzMxMkUz
MjM2MkMzODM1MkMzMDJDMzAyRTMxMzczMzJDMkIzMDMwMkUzMDBEMEFCRTEw
QUQ5RjVDQjY3RjAwNjcwMjNBMDAwMDU3MzIzMDMxMzIzMDM0MzEzNjMwMzIz
NDMwMzAzMEZGNEQwMDAwODBGQjQ0MDAwMEQwNDMwMDgwQkI0NjAwMDAwNzQz
QUJERDJCM0E5QkRFQkI0MDRFM0JFNzNBNDFFRDg4M0FCOTc5MUY0MTE5MkZC
MTNBQUI1NTg1NDE3QjAwQzM0MDQ5OTJFNDQxM0VENURENDE3OTA3QUIzQUQx
NjVBNzQzRDIyMzkyNDIzQkEwRkIzMDcyMUZEODBEMjQwOTdGMDQ4RTAyM0Ew
MDAwNEI1NjQ4MjAzNzMyMzAzMTMyMzAzNDMxMzYzMDMyMzQzMDMwMzA1RDAw
MDAwMDhGQzJGNTNDMEFEN0EzM0JEMjY1QTc0M0Q0MjM5MjQyQUE5MEFENDMw
N0E5OTQ0MkM3N0VBMjQxRDc2NjlCNDI5NjJGQTI0MzA4OTg5NDQyM0Q5NTlD
NDNFNDFCN0I0MkFFNEY4QjQzQzZDNTkxNDJEMTNGMkU0M0ZENUQ4RjQyQUZC
OTBBNDNGQjAyOTM0MkQzQUEwNTQzRjI2ODk4NDJDNzUzODg0M0E4QzI5RTQy
NDhERThBNDNCRUQ2OUU0MjUzNDc1NzQzMDg0Mzk5NDJFQkE3M0U0M0MzRTg5
MTQyMThGNDUyNDM4RjY2OUQ0MjU2M0Y5RTQzNUM3MjkzNDI4MjBCOTQ0M0I0
NkU5ODQyMDEwNDkxNDNGQUM5OUE0MjYwODg5RjQzNzJCRThGNDJBMzAyOTM0
MzBFRjc5ODQyMkQxQTQzNDMxNjc3OTc0Mjg3Qjk1RDQzRjFERThCNDI1RTQ5
NkY0MzI5NzY4MTQyNTMwNjNGNDM2RkY3OUE0MkJDQkNBNTQyMTE0MjkzNDI5
REFDQTg0MkQ2Qjg5QTQyNzc3NUFCNDIzRTBDOTk0MjRENjEwMTQyNTQwQThG
NDJCMTRDQUQ0MzE1M0Y4ODQyQ0I4REExNDNERTA3OTc0MkFGMTBFQTQyMjNG
Rjk0NDIwMDgwOTU0MjEyQjQ5NjQyMjkyQTlFNDNBQUYzOTY0MjQyQTg4RjQz
MzM0QzhFNDIwRkM3ODU0M0JEN0E4QjQyOEUxNjg5NDNCRTM4ODU0Mjk4QUE5
MDQzODkzNzhBNDJBNEY4NzM0MzVBNzA5NTQyRkY0MTI3NDMyMjRGOTA0MkND
OUIxRTQzNEI1NTg0NDJBMDZFMjA0M0FGRTg4RDQyNDc5NEMzNDJDMDcxOTk0
MkIxNTczQjQyRDhFRTk2NDJGRDg2QUU0MDFDREU4QzQyN0NGOTA3NDE4QTRE
ODQ0MjY5MDM3QzQxRjQ5NTkyNDJGMzgzNDg0MzhCOTA5NDQyQUI3RDNENDM5
NUYzOTA0MjUzRjFGNTQyMzUxQTk2NDIyOTYyRDI0MjE3Mzg4ODQyMjAxQ0VG
NDIxRkVCODU0MjQwMDYzQTQzMDg1ODk1NDI3M0MyNUM0MzQ0RTM5MjQyMkQ4
NzVBNDNFRTc2OTk0Mjg1N0I5QTQzNUQ3MjkzNDJEODU4QTY0MzkyMzE4MTQy
MEYxRkE5NDM1RUY1ODk0MkMwN0FBMzQzRkM3Qzk3NDI2NDI3ODQ0M0UwQzM5
NjQyRTFGRDgwNDM2MEEwODQ0MkRGOUI2NzQzNjY0QTg4NDI2RTRGNjA0M0RE
RTU5NzQyRDE2MjlFNDMxMEMyOTE0MjQyQkZBRDQzNDA1MzkzNDJCQzM2N0Y0
MjU3N0U5QjQyOTk2NjE4NDNDQUNBOUI0MkYzODlGODQxOTFDRTlDNDIwNzEy
OTc0MkVBQkQ4QzQyNTYzN0ZDNDIzRTQ2OEM0MjA0QzMzODQzMjgxNzhGNDJF
MEU5NDY0M0VFQkE5NzQyNkMxRTY5NDI0RTdCOUQ0MkYwNjk5RTQyRUU0QTk3
NDJGOTU2QUI0MjYzMzY5NTQyNTJDNkFGNA==

--SBD.Boundary.605592468
PROCESS /noc/users/iridburst/exec/irid_300224010734970_upd.pl
Last Run  ----1970-01-01 00:00:00 
MONTH  5 
DATA  xxrecord 2012-04-16 03:00:05 :: $W5M5A,120416,030005,660d0028449ce246,1,DAS 2,,,2.1,319,3.4,-41.1,2.6,75.3,-1.3,2.6,77.3,-0.9,1003.9,0,0,28.6,335,73*62
 
INSERT
STATION sbdservice
IRID_ID 300224010734970
BODY 
Content-Type: application/x-zip-compressed; name="SBMmessage.sbd"
Content-Disposition: attachment; filename="300224010734970_002722.sbd"
Content-Transfer-Encoding: base64

JFc1TTVBLDEyMDQxNiwwNDAwMDUsNjYwZDAwMjg0NDljZTI0NiwxLERBUyAy
LDUwNTMuNTI3ME4sMTIzLjcxMDdXLDIuMywzMjgsNC4yLC00MS4xLDIuMiw3
Ni43LC0xLjUsMi4yLDc5LjMsLTEuMCwxMDAzLjksMCwwLDIyLjIsNzIsNzUq
NzANCg0KJFc1TTVBLDEyMDQxNiwwNDAwMDUsNjYwZDAwMjg0NDljZTI0Niwy
LERBUyAyLDEyLjgsMTMuMCwwLjIsMC40LDAuMDEsNTg4LDU5MSwxNTcsNjMw
LDAsMTU4LjgsNi4wNiw5MzIqNUYNCg0KJFc1TTVBLDEyMDQxNiwwNDAwMDUs
NjYwZDAwMjg0NDljZTI0NiwzLDdGMDA3NDAyM0EwMDAwNTMzMjMwMzEzMjMw
MzQzMTM2MzAzMzM0MzAzMDMwNTU1QTAwMzEzMjMwMzQzMTM2MzAzMzM0MzAy
QzU0NDE0MjMwMzAzMDMwMzAyQzJEMzAzNTMxMkUzMTJDMkMzMTMyMkUzNTMx
MkMzNDJFMzAyQzMzMzYzMDMwMkMzNjMwMkMzNjMwMkMzMTJDMzAzMDM1Mzcz
MDJDMzMyRTM0MzIyQzMxMkUzMjM2MkMzODM2MkMzMDJDMzAyRTMxMzczMzJD
MkIzMDMwMkUzMDBEMEFCRDEwRjVBQzZGMzU3RjAwNjcwMjNBMDAwMDU3MzIz
MDMxMzIzMDM0MzEzNjMwMzMzNDMwMzAzMEZGNEQwMDAwODBGQjQ0MDAwMEQw
NDMwMEQwMDQ0NzAwMDBGQTQyMjMwODNBM0FGQzVGQzY0MDQ0QTIwODNCM0RE
NzkxM0E3NjgzMjA0MTg3QTdCNDNBRTYxQTVCNDFERUY0QjY0MDFEQzdCMTQx
REYwN0NBNDE4QTMzQjUzQUQ1MDU4RjQyNUQ5Mzk2NDIyODhBMTIzMTMyMUU4
NUNCRjI4MDdGMDRCMjAyM0EwMDAwNEI1NjQ4MjAzNzMyMzAzMTMyMzAzNDMx
MzYzMDMzMzQzMDMwMzA2MDAwMDAwMDhGQzJGNTNDMEFEN0EzM0JDRTA1OEY0
MjVCOTM5NjQyOTdGQTU3NDIzN0Q4OUE0MkY1NDRCQzQyRUU2OTlBNDIwNEQ2
MEI0M0ZEQ0U5QzQyQkQ2OEEyNDM5OEM1OUE0MkFBQjlCMDQzRUY0Mzk5NDI2
QUQ3QTg0Mzg5RDk5NDQyQ0E0NEFCNDMwMzVFOEY0MkIxNTYzMDQyNDEzOTlD
NDJEOTJEMDU0M0RBM0Y5RDQyMzc2OTYxNDNGRTU3OTc0MjBFRUYzQjQzN0FD
RjhBNDI3MENBMzI0M0UzOTM3RDQyOTlEQjI3NDNGNjU1ODQ0MjA0MkYxNDQz
NDEwMTkwNDIwNUYwMDM0M0YxQ0I5NjQyMkE4MTE1NDNBRkI0OTg0MkEwNDU1
NDQzMDkwNTkyNDI2RTZENUY0M0QwQkM4QTQyMEUzRTQ2NDM1MUI4ODI0MkNE
NzAyRDQzODJCRjY2NDI4RTFEMjE0MzU2REI3NTQyRDMzMTM2NDMxQzRBOEY0
Mjg4Qzc4MDQzN0QxNzlCNDJERjc5Njc0MkE1QUU5QjQyNzM1MUM3NDI1OEJD
OUE0MjEyMkYzMDQzQjY0ODk1NDJDMDFFMkQ0MzhDQTc5NzQyNjFGQzBDNDM5
OTE1QTE0MkMwNzY3ODQzQzNCMTlCNDI0MUNGQUQ0MzZEOTU5QjQyODg2OEZE
NDFDRUI3OTU0MkEyRThDRDQyREEzODk1NDJBREVBMDM0MzIyMUY5MTQyOTIy
RTkxNDM1Qjc5OTc0MkI1RkY4RDQzREJBMDhBNDJFNThEODQ0MzgzQUY5ODQy
NjQ1QTI2NDMyRTVGOEY0MjFEQTIyMzQzNTMzMjgxNDIxM0E3MjI0MzY5NEY4
NTQyM0REQjFFNDNCRDhEOTM0MjZDQkExNDQxMDE5OTlFNDJGRTZDQUI0MjQy
RkY5RTQyNkIyMDYwNDNEQ0VGOEY0Mjc4OTU3NDQzN0E2ODg4NDI2OEFCNkI0
MzJFMEE5QzQyODA5OENCNDIwMkI0OTM0MkMxMkRBQjQyODI0NThGNDI5M0Ew
QTY0MzQyQkE5MzQyMjcwRjkzNDMxRUNBODU0MjhCODY3QzQzOEFFRDg4NDI5
NzkzNjI0MzBGRTU4QzQyREM0QjVENDMyODhBOTg0MjYyMEIzQzQzMEJEQjlF
NDJBQjg4NDk0MzRBRDE5ODQyNzA4QjZBNDMwQUExOTk0MkVEMUJBNjQzMjZE
QTkyNDJEM0RGNzY0MTlEMzQ5NTQyMTNBNjlGNDI0MjE4OTE0MjlCMDBBMTQy
Njg0ODkwNDI0RUVBRjk0MjhEMDQ5ODQyNjE2QzBGNDMxMzdCOEY0MkRFNjMx
NzQzMTAxNzkwNDJERTVEM0Y0Mzg4RkM4OTQyMkY1RTU4NDNBNDgzODg0MjZB
ODU3MzQzMTVEMzkyNDI1MENENjc0MzFENjA5MjQyRDFFRDVFNDNDRjgwODk0
MkI0NEY2RjQzM0VDMThCNDI4MTI0NkM0MzkxREQ5NzQyNjNBMzBBNDJBMDI2
OUQ0MjAzNjBBOTQzMTcwMjk0NDJDNzYyOQ==

--SBD.Boundary.605592468
PROCESS /noc/users/iridburst/exec/irid_300224010734970_upd.pl
Last Run  ----1970-01-01 00:00:00 
MONTH  5 
DATA  xxrecord 2012-04-16 04:00:05 :: $W5M5A,120416,040005,660d0028449ce246,1,DAS 2,5053.5270N,123.7107W,2.3,328,4.2,-41.1,2.2,76.7,-1.5,2.2,79.3,-1.0,1003.9,0,0,22.2,72,75*70
 
INSERT
STATION sbdservice
IRID_ID 300224010734970
BODY 
Content-Type: application/x-zip-compressed; name="SBMmessage.sbd"
Content-Disposition: attachment; filename="300224010734970_002723.sbd"
Content-Transfer-Encoding: base64

JFc1TTVBLDEyMDQxNiwwNTAwMDUsNjYwZDAwMjg0NDljZTI0NiwxLERBUyAy
LCwsMi4xLDMzMiwzLjksLTQxLjEsMS44LDc3LjUsLTEuNywxLjgsODAuNywt
MS4yLDEwMDMuOSwwLDAsMjguNiwzMTMsNzQqNjUNCg0KJFc1TTVBLDEyMDQx
NiwwNTAwMDUsNjYwZDAwMjg0NDljZTI0NiwyLERBUyAyLDEyLjgsMTMuMCww
LjIsMC40LDAuMDEsNTg4LDU5MSwxNTcsNjMwLDAsMTU4LjgsNS42Nyw5MzAq
NTgNCg0KJFc1TTVBLDEyMDQxNiwwNTAwMDUsNjYwZDAwMjg0NDljZTI0Niwz
LDdGMDA3NDAyM0EwMDAwNTMzMjMwMzEzMjMwMzQzMTM2MzAzNDM0MzAzMDMw
NTU1QTAwMzEzMjMwMzQzMTM2MzAzNDM0MzAyQzU0NDE0MjMwMzAzMDMwMzAy
QzJEMzAzNTMxMkUzMTJDMkMzMTMyMkUzNTMyMkMzNDJFMzAyQzMzMzYzMDMw
MkMzNjMwMkMzNjMwMkMzMTJDMzAzMDM1MzczMDJDMzMyRTM0MzIyQzMxMkUz
MjM2MkMzODM3MkMzMDJDMzAyRTMxMzczMzJDMkIzMDMwMkUzMDBEMEFDMDEw
NjI3MkY3ODg3RjAwNjcwMjNBMDAwMDU3MzIzMDMxMzIzMDM0MzEzNjMwMzQz
NDMwMzAzMEZGNEQwMDAwODBGQjQ0MDAwMEQwNDMwMEUwMkI0NzAwMDAwMDQz
RUFDMTMwM0E4ODY3QzA0MDI2MTFGOTNBNDE5RTg5M0FFNTA2MTQ0MUQwQUZC
ODNBQ0Y5RTU1NDFEQjk1QkM0MDQ5OTJFNDQxNUREQkU1NDFDNTNGQUIzQTJG
NTk5QzQzRjNEMjk0NDI4MUFGMEMzMTk5MjAwNTEyQzNBNTdGMDQ5QTAyM0Ew
MDAwNEI1NjQ4MjAzNzMyMzAzMTMyMzAzNDMxMzYzMDM0MzQzMDMwMzA1RTAw
MDAwMDhGQzJGNTNDMEFEN0EzM0IzMDU5OUM0M0Y3RDI5NDQyQzhBNjhDNDM1
NjgwOTg0MjU4RkU5QjQzNzhDNDlBNDI2M0M3OUQ0MzZDN0M5NjQyQzM0OEFE
NDNFQ0RCOTI0MkQ1Q0Q5MjQyQkE4MjkyNDI0MTY0OUI0MkI2NTA5MjQyRjM3
OUI1NDFENTcxOTQ0MjYzM0FBODQzOUVDNzkxNDIzNDM2OEE0MzdBRDI5NzQy
RjNGMzUyNDM3MzdFOUE0MkI4MDhGQjQyMjQ5MDk4NDI2NDBCQTc0MkYzQ0M4
QzQyQzBBQjk5NDJBRjY3OTA0MjNDMDQzRTQzMUJDODk3NDJFODk5ODM0MzU1
Q0U4QjQyMURCNTlENDM3NThCODI0MjM0QjlBNzQzQjkzQjhGNDIxNzk2NDM0
MUVDODM5ODQyRDM3MDdBNDIxMDdFOTA0Mjg0RDU5QjQyQzVGNzkxNDI5NjVG
M0I0MjcwMTNBMDQyQjE3REE1NDNCNUIxOTk0MkEzRjhBMTQzOTFFQTk5NDI3
RjUyNUY0Mzk5QkI5RTQyRTkzODE5NDI4RDAwOTc0Mjg5RUJCMTQzQTNDRTkw
NDI5QTUwOTE0MzlCOTg4RTQyN0FCOTcyNDM0RDNFOEM0MjJFOTk2QTQzQzU0
QzkyNDI2ODg4OUY0M0Y5NEI5NzQyNDYxNEExNDNCOEVEOUI0MjdFQTI4ODQz
NUVDRjlENDJDMkUyOTA0M0M4Njk4QzQyRkIxRTkxNDNGQTNCOEI0MjhGOTk4
MTQzNTM4MjlCNDIzN0VENjE0MzU1QTQ4NzQyRjg3NjU1NDNDODExODU0MkZB
REEwQzQzRjY4Rjk1NDI2ODVCQTk0MjU5REU5NTQyOUFENkM1NDFDQkI3OTc0
MkM0RDVCMTQzMkRCNDkxNDJEODZGOEU0M0U1NUU5MDQyQzgwRTY5NDM2QTYx
OTA0MjQ4NDc1QTQzQTQzQjk2NDJGOTA1ODY0MzY1MEI5NzQyRjBFQTlCNDM1
OTYxOEY0MkI0MTZERjQxNDI0ODlDNDI1NjEwRTk0MjMxRjI5NDQyRTQyOTQ5
NDNDNkNBOTM0MkM2QzE0MjQzNUY0QzgyNDI5Njk0MzI0MzYzMkQ4MjQyMjJF
MDVBNDM5NUREOEY0MjNFNkE2RDQzMkZEOTkwNDJGOTVDNTE0M0FCMDI5MjQy
N0IwNzYxNDM4QUU1OEI0MjgwQkE3ODQzRjQ4QzhDNDJGMjY4OTQ0M0U2NEQ5
OTQyNTc5Q0E3NDM5Mzk2OTQ0MjQ2MzZBRjQzNTA1NjkxNDIwQzk3QUE0MzE4
M0Y4RDQyRjAzQkEzNDMzRTE0ODc0MkE0Q0I4QzQyNDJFNDlENDJDNzU4MzE0
MzIyMTY5MDQyNjZENTVBNDNGNzEwODU0MjhBRjg3NDQzQjY3Nzg4NDI3NkNC
ODI0M0E2M0Q3RDQyMjg1QTg0NDNDRDI0Njk0MjE5MEM4NDQzRTRFMDg0NDIy
QUQ3OEI0MzE5Njg5QzQyNzZGRTlCNDJCM0YwOTg0MjcwQTBENTQyRThDOTk3
NDI0RDY4ODU0MzkxMDM5QzQyMTMxRTlBNA==

--SBD.Boundary.605592468
PROCESS /noc/users/iridburst/exec/irid_300224010734970_upd.pl
Last Run  ----1970-01-01 00:00:00 
MONTH  5 
DATA  xxrecord 2012-04-16 05:00:05 :: $W5M5A,120416,050005,660d0028449ce246,1,DAS 2,,,2.1,332,3.9,-41.1,1.8,77.5,-1.7,1.8,80.7,-1.2,1003.9,0,0,28.6,313,74*65
 
INSERT
STATION sbdservice
IRID_ID 300224010734970
BODY 
Content-Type: application/x-zip-compressed; name="SBMmessage.sbd"
Content-Disposition: attachment; filename="300224010734970_002724.sbd"
Content-Transfer-Encoding: base64

JFc1TTVBLDEyMDQxNiwwNjAwMDUsNjYwZDAwMjg0NDljZTI0NiwxLERBUyAy
LDUwNTMuNTI1Mk4sMTIzLjcxNDlXLDEuNywzMTEsMi43LC00MS4xLDEuNSw3
OS4wLC0xLjgsMS41LDgyLjIsLTEuMiwxMDAzLjksMCwwLDI4LjYsMTk3LDc0
KjQxDQoNCiRXNU01QSwxMjA0MTYsMDYwMDA1LDY2MGQwMDI4NDQ5Y2UyNDYs
MixEQVMgMiwxMi44LDEzLjAsMC4yLDAuNCwwLjAxLDU4OCw1OTEsMTU3LDYz
MCwwLDE1OC43LDUuNjcsOTM0KjUwDQoNCiRXNU01QSwxMjA0MTYsMDYwMDA1
LDY2MGQwMDI4NDQ5Y2UyNDYsMyw3RjAwNzQwMjNBMDAwMDUzMzIzMDMxMzIz
MDM0MzEzNjMwMzUzNDMwMzAzMDU1NUEwMDMxMzIzMDM0MzEzNjMwMzUzNDMw
MkM1NDQxNDIzMDMwMzAzMDMwMkMyRDMwMzUzMTJFMzEyQzJDMzEzMjJFMzUz
MDJDMzQyRTMwMkMzMzM2MzAzMDJDMzYzMDJDMzYzMDJDMzEyQzMwMzAzNTM3
MzAyQzMzMkUzNDMyMkMzMTJFMzIzNjJDMzgzODJDMzAyQzMwMkUzMTM3MzQy
QzJCMzAzMDJFMzAwRDBBQzExMDJGOEZCQTFEN0YwMDY3MDIzQTAwMDA1NzMy
MzAzMTMyMzAzNDMxMzYzMDM1MzQzMDMwMzBGRjREMDAwMDgwRkI0NDAwMDBE
MDQzMDBGMDUyNDcwMDAwMDI0MzQxMjYzMDNBQUUwMkM0NDA2QzNFMTYzQjMz
QTI5NjNBM0YwRTI2NDFFQ0Q3RDIzQTgwMzc3RDQxMDFBREQxNDA0OTkyRTQ0
MUExNzhFNjQxRjgzNkM5M0FEMzJGNDU0MzhCNjU5MzQyODM4RjFEMzFFODFD
RTVBNUZGRDY3RjA0NzYwMjNBMDAwMDRCNTY0ODIwMzczMjMwMzEzMjMwMzQz
MTM2MzAzNTM0MzAzMDMwNUIwMDAwMDA4RkMyRjUzQzBBRDdBMzNCRDgyRjQ1
NDM4NzY1OTM0MjgzQjAxQzQzRTZFMTkyNDI4N0I1Mzk0M0NFMjQ5MzQyMDBG
OUE4NDNEQzAwOUY0MjNCMTQ3OTQxM0QwQThCNDI0NUJEOEY0M0NEMUI5RDQy
NTFBNTRCNDNBRTJBODk0MkYyODI0MDQzNkQzNjhFNDI5MUJBNjk0MzgwNzc5
ODQyQTU5RDY3NDM4RERCOEE0MkRGNTQ1OTQzRkFDMjhCNDJFNzFDNDE0M0Yx
QkU5MTQyRTVCNzEwNDM1MDIxOUM0MjcwQjcxMTQyRENFOTkzNDJGMDYwQjM0
MzBERDM5RDQyMUIxRTY3NDNCNUQ1OEQ0MjE0OTU3MDQzRDIxNzhFNDI5Qzg2
NzY0Mzk3OUU5NDQyQzQwNTJFNDM0ODczOEQ0MkVCNzgwRjQzRTAwQTc3NDJF
RTJCMUM0MzE0NTE4QjQyMzIxMzU0NDMzM0FGOUI0Mjc4NDExNTQzMkIwNjlC
NDI5MzdEMTc0MzM2MTI3RjQyN0I0QTBGNDMxMUU0ODg0MjJBNEQwNzQzMzg2
OTk5NDI4NTVDNDc0MzE3REU5ODQyRDRCRkY2NDI3OTNCOTU0MjYwRERFRjQy
NDYyQTkwNDIxMzlFMzQ0MzJENTk5MTQyRkY5OEYyNDI2OEFEOTM0MkZDM0Y1
OTQyNzAwMTgyNDJFRjBDN0U0MUMyNkU3NzQyNUQyNUE5NDM4RkREOEE0MjVG
OTQ3RDQzNTU5Njk2NDJEQjY2Nzc0MzFEOUQ4NzQyQjA0Nzc1NDNDRTUxOEY0
MkU3MjdBNTQzREM2MzkzNDJBMjhDQjE0MzI4NEY4ODQyOTNCODkzNDM2M0VC
OUY0MjU0MUM0RjQzMEI1QTk0NDIzMzQ4MTc0MzFCREJBMDQyNDI3OUJDNDJD
RkQ2OTc0Mjc1MjdFMzQyQTg3QTk4NDJGRTJEQjk0MjBCRjM5MjQyRjZGMUQ2
NDI5QTgxOEM0MjMwRTZFRTQyMjRGMzk1NDIyNDlGRjI0MjlCN0M5MjQyNjBB
NTBENDNCRUVBODg0MjE4MEYzMjQzREEyOThENDIxRTVBOTA0MzM5Mjg5NTQy
NzU0QTk5NDM4NTQyOTE0MkVCQzA4MzQzMDIxMjk0NDI1NTk2Njc0M0JBQzE4
NjQyNDBFNjVGNDNBRjUzNjg0MkE0RjU1RTQzM0MwNTg3NDJBRkE4REE0MkQ4
NzQ5RDQyRDU5MEEwNDIzNEFDOTQ0MjhFQTYwRTQzMjM3MzkyNDJFQUMxMTc0
MzY0NzQ4RTQyNTlBQzRENDNFMjBFOTE0MkE5OUE1QzQzMDQ2Qzg1NDJEQkMy
NzI0MzhERkM4MDQyOUE5QTgwNDM4MzlGODI0MjNFMTg3OTQzRUNBNDhGNDIy
MDc5OEU0MzcxNEQ4RTQyMEZERjlDNDM2NEE5OTU0MkE3ODEzRTQyQ0ZBNzk3
NDIzMThEM0Q0MjRDMjc5ODQyRDBGMkQ3NDFFMjZGOUU0MjU1MUM1QTQzRkE1
QTk4NDI3MUEyNUY0MzFDOUI5MzQyRUE2Qw==

--SBD.Boundary.605592468
PROCESS /noc/users/iridburst/exec/irid_300224010734970_upd.pl
Last Run  ----1970-01-01 00:00:00 
MONTH  5 
DATA  xxrecord 2012-04-16 06:00:05 :: $W5M5A,120416,060005,660d0028449ce246,1,DAS 2,5053.5252N,123.7149W,1.7,311,2.7,-41.1,1.5,79.0,-1.8,1.5,82.2,-1.2,1003.9,0,0,28.6,197,74*41
 
INSERT
STATION sbdservice
IRID_ID 300224010734970
BODY 
Content-Type: application/x-zip-compressed; name="SBMmessage.sbd"
Content-Disposition: attachment; filename="300224010734970_002725.sbd"
Content-Transfer-Encoding: base64

JFc1TTVBLDEyMDQxNiwwNzAwMDUsNjYwZDAwMjg0NDljZTI0NiwxLERBUyAy
LCwsMS4zLDMyNCwyLjksNi4xLDIuMSw3OS42LC0xLjAsMi4yLDgyLjAsLTAu
NiwxMDAzLjksMCwwLDMzLjMsMTY2LDcxKjdEDQoNCiRXNU01QSwxMjA0MTYs
MDcwMDA1LDY2MGQwMDI4NDQ5Y2UyNDYsMixEQVMgMiwxMi45LDEzLjEsMC4y
LDAuNCwwLjAxLDU4OCw1OTEsMTU3LDYzMCwwLDE1OC43LDYuMDYsOTM1KjU0
DQoNCiRXNU01QSwxMjA0MTYsMDcwMDA1LDY2MGQwMDI4NDQ5Y2UyNDYsMyw3
RjAwNzQwMjNBMDAwMDUzMzIzMDMxMzIzMDM0MzEzNjMwMzYzNDMwMzAzMDU1
NUEwMDMxMzIzMDM0MzEzNjMwMzYzNDMwMkM1NDQxNDIzMDMwMzAzMDMwMkMy
RDMwMzUzMTJFMzEyQzJDMzEzMjJFMzUzNDJDMzQyRTMwMkMzMzM2MzAzMDJD
MzYzMDJDMzYzMDJDMzEyQzMwMzAzNTM3MzAyQzMzMkUzNDMyMkMzMTJFMzIz
NjJDMzgzOTJDMzAyQzMwMkUzMTM3MzMyQzJCMzAzMDJFMzAwRDBBQzYxMDk4
RDdERjhBN0YwMDY3MDIzQTAwMDA1NzMyMzAzMTMyMzAzNDMxMzYzMDM2MzQz
MDMwMzBGRjREMDAwMDgwRkI0NDAwMDBEMDQzMDAwMDdBNDcwMDAwMDI0MzdC
M0YyNTNBM0Y4MkM0NDA1M0U4MDEzQjEwRjU4MzNBRkE2RTIxNDE5MDFCQkMz
QUM1RjY4NTQxRjVDMEJCNDA1NjU1MDU0MjQyRENGODQxN0M5MkE0M0EyMzJF
MjY0MzFBNzM4RDQyRThDMkZDMzBGODFEQkQ1MTgwNzY3RjA0Q0EwMjNBMDAw
MDRCNTY0ODIwMzczMjMwMzEzMjMwMzQzMTM2MzAzNjM0MzAzMDMwNjIwMDAw
MDA4RkMyRjUzQzBBRDdBMzNCMjAyRTI2NDMxNzczOEQ0MjU4MDYxMjQzQzUx
Njg3NDJEQkNBMTk0M0MxMkU4ODQyNjM2RDFDNDM1NEUyOEE0MjkxMkUwQjQz
OUM2OThENDI0MzU2MkU0MzhEMDE5QTQyMTYyQjk1NDNCMTJBOEM0MjBGRjA5
RjQzNUNBRDc4NDIyQjI5QTU0MzNGRDY5NTQyMzA4MDI1NDM5OTFGOEU0Mjgx
RkEzQTQzRUU0QTk1NDJEQTI1OUQ0M0QyQ0U5MzQyMTJBRUEwNDMwNkM1ODk0
MjY0NkM4QjQzOTZCMTk2NDI4QTk5MTE0Mzk2RUE5QTQyRkVEMkM0NDIyQjk4
OTk0MjFDRkVFNDQyMEE4OTlENDJFQjQwMzU0M0UyNkE5NTQyQTBGQzNDNDM5
RTg4OTU0MjE2Mzg5QjQzNTY5MDkyNDI4Mzc5QTU0MzAwNDk5MjQyRkI5NUNG
NDJDQ0EyOUU0MjNGQTE1OTQzRUZCMTk5NDJCNEQyNzU0MzZBRUI5MzQyN0Q2
MThDNDNENjMxOTQ0MkFFMEI5MjQzOUIyNTkxNDJGQ0FEODI0MzczQ0Q5NDQy
RTI3RTQzNDNCRDcxOTQ0MkE4RjcyNzQzQ0UxQzkwNDI0MTI5MUM0M0U4Qzk4
RjQyQjlDMjA4NDM5NEUyOTg0MkFCNzVBNzQyRTc1RTkxNDI2QjZDN0E0Mjcy
M0Q4RjQyNjM2NUYwNDFCRDMxOEI0MkExOUZCMDQzNjU1MThFNDI4OEZCQTY0
M0FFQzE4QjQyQ0U1M0FGNDNEODJDODk0MkM5NjhFMDQxODg3MDlBNDI5MjM5
Mjc0M0ZBOUU5NDQyQjEwMjY3NDM5N0FBOTU0MjJFNzY1RjQzRjQxQTkzNDJB
MUMyMzU0M0M3QzY4NzQyMkY3RTI2NDM5M0Y5ODE0MjU2MjAxRjQzM0Q3Rjg3
NDJFNjAzMjY0MzM4OEY5QjQyMEFFM0ExNDM2QUExOTk0MjRBOEU4MzQzMjYw
RTk4NDI0MTExNTU0MzU0RTg4NzQyOTE2QzU1NDM1MzA4ODg0MjQ4Qjc2QzQz
OTU2QzkxNDI3MjhEN0I0MzAzNjk5OTQyNjUxRjQzNDE1N0I0OUY0MjY2MDVD
QzQwQTQ2NTk3NDJFREQwQUQ0M0FCMzk5QzQyRTRFMTY2NDMzODdBOUE0Mjk3
MTk2NjQzM0FFOTkxNDIxN0ExNzU0M0UxQjU5MTQyQUIxMTlFNDNCMTIyOTg0
MjNGMDZBODQzMTcwMTkyNDI3MTI0OTM0MzgxREY4QTQyNkM5Qzg1NDNBRjVG
ODU0MkIyQkI3QTQzNjFEQzhBNDI4RDlDNTg0MzJGNDc5QTQyMEJCMkUxNDJG
QzE0OTM0MkRENTY5OTQyOERCQjk0NDJBN0VBMTc0MzE4MjNBMTQyQkVCMDQy
NDM0MkNEOEQ0MkY3OEU2QTQzQzNDNzk5NDI3QTAzQTg0MzdGQ0U5MDQyNEMx
NThENDMxQ0Y4OTY0MjYyRDE2QTQzRUZGMzkxNDIxRDIxQTE0MzU5OUI5ODQy
OTcyNUFENDMzNDRGODM0MjhEQ0NBMDQzMQ==

--SBD.Boundary.605592468
PROCESS /noc/users/iridburst/exec/irid_300224010734970_upd.pl
Last Run  ----1970-01-01 00:00:00 
MONTH  5 
DATA  xxrecord 2012-04-16 07:00:05 :: $W5M5A,120416,070005,660d0028449ce246,1,DAS 2,,,1.3,324,2.9,6.1,2.1,79.6,-1.0,2.2,82.0,-0.6,1003.9,0,0,33.3,166,71*7D
 
INSERT
STATION sbdservice
IRID_ID 300224010734970
BODY 
Content-Type: application/x-zip-compressed; name="SBMmessage.sbd"
Content-Disposition: attachment; filename="300224010734970_002726.sbd"
Content-Transfer-Encoding: base64

JFc1TTVBLDEyMDQxNywxNDAwMDUsNjYwZDAwMjg0NDljZTI0NiwxLERBUyAy
LCwsNy4zLDI0OSwyMS41LDE0LjMsMTEuNiw1Ni43LDMuMywxMS44LDU3Ljcs
My43LDk5OC42LCwsLCwqNkMNCg0KJFc1TTVBLDEyMDQxNywxNDAwMDUsNjYw
ZDAwMjg0NDljZTI0NiwyLERBUyAyLDEzLjEsMTMuMiwwLjIsMC40LDAuMDEs
NTkxLDU5NCwxMjMsNTEwLCwxMi4yLDE1LjQ0LDg5OSo2Qg0KDQokVzVNNUEs
MTIwNDE3LDE0MDAwNSw2NjBkMDAyODQ0OWNlMjQ2LDMsKjE0DQoNCg==

--SBD.Boundary.605592468
PROCESS /noc/users/iridburst/exec/irid_300224010734970_upd.pl
Last Run  ----1970-01-01 00:00:00 
MONTH  5 
DATA  xxrecord 2012-04-17 14:00:05 :: $W5M5A,120417,140005,660d0028449ce246,1,DAS 2,,,7.3,249,21.5,14.3,11.6,56.7,3.3,11.8,57.7,3.7,998.6,,,,,*6C
 
INSERT
STATION sbdservice
IRID_ID 300224010734970
BODY 
Content-Type: application/x-zip-compressed; name="SBMmessage.sbd"
Content-Disposition: attachment; filename="300224010734970_002727.sbd"
Content-Transfer-Encoding: base64

JFc1TTVBLDEyMDQxNywxNTAwMDUsNjYwZDAwMjg0NDljZTI0NiwxLERBUyAy
LCwsNS4yLDIzMSwxMi44LDE0LjIsOC44LDc1LjIsNC43LDguOSw3NS4wLDQu
Nyw5OTguMywwLDAsMjguNiwyNyw3MSo3MQ0KDQokVzVNNUEsMTIwNDE3LDE1
MDAwNSw2NjBkMDAyODQ0OWNlMjQ2LDIsREFTIDIsMTMuMywxMy41LDAuMiww
LjQsMC4wMSw1OTEsNTk0LDE1Niw2MzAsLDExLjAsMTguNTcsOTI4KjY5DQoN
CiRXNU01QSwxMjA0MTcsMTUwMDA1LDY2MGQwMDI4NDQ5Y2UyNDYsMyw3RjAw
NzQwMjNBMDAwMDUzMzIzMDMxMzIzMDM0MzEzNzMxMzQzNDMwMzAzMDU1NUEw
MDMxMzIzMDM0MzEzNzMxMzQzNDMwMkM1NDQxNDIzMDMwMzAzMDMwMkMyRDMw
MzUzMTJFMzEyQzJDMzEzMjJFMzkzMjJDMzQyRTMwMkMzMzM2MzAzMDJDMzYz
MDJDMzYzMDJDMzEyQzMwMzAzNTM3MzAyQzMzMkUzNDMyMkMzMTJFMzIzNjJD
MzkzNTJDMzAyQzMwMkUzMTM2MzgyQzJCMzAzMDJFMzAwRDBBQzkxMDhFMDg2
MTVDN0YwMDY3MDIzQTAwMDA1NzMyMzAzMTMyMzAzNDMxMzczMTM0MzQzMDMw
MzBGRjREMDAwMDgwRkI0NDAwODBEMDQzMDBBMDBDNDgwMDAwRDI0MjVGMEI2
MzNBQ0VGQ0YwNDBBMkRCM0IzQjVFNkFCQjNBODVGRDU4NDE3Nzg2MDQzQjAx
MURBMTQxQjM2Q0U3NDA0OTkyRTQ0MTc1RkZFRDQxQTkwQkY5M0E1MUQzRDU0
MUVCNzY4RDQyQ0RCNDM2MzFDRjIxM0Y1RUYyNDM3RjA0M0EwMjNBMDAwMDRC
NTY0ODIwMzczMjMwMzEzMjMwMzQzMTM3MzEzNDM0MzAzMDMwNTYwMDAwMDA4
RkMyRjUzQzBBRDdBMzNCNTdEM0Q1NDFFNzc2OEQ0MjI1NjE1MTQyMkU1NjdD
NDIxRTgzM0Y0MjE5NEM4OTQyNTg5RUEwNDNENDVFOTc0MjQzNjdBNjQzMzZG
RDk2NDI5MkM2RjQ0MTNGRDM5MjQyMTIxRjk3NDJENzFCOTg0MjExQzMwQTQz
MTFERjhGNDI0ODdENzE0M0VBRjM4RTQyODVDMjg1NDMzMDQ0ODQ0MjI2OTJC
MzQzMjY1QTlCNDIwNTlBQkE0MjQ3Rjc5RDQyQURBODgwNDNCMkFDOTM0MkYw
REM2MzQzQjAxNDlENDJFQ0VGMEQ0MzIzNkU5RTQyMzgyQ0E1NDM0MUY1OTU0
MjRGNEJBMDQzRUU0NDkxNDI0MENFQTQ0MzIwOEE5MzQyOThDNDk0NDNCMzg5
OUE0MkJDRDE4NjQzMEEyMDk5NDJBNERGNzU0M0IyMjA5QTQyREIzMjVENDMz
M0M2OTA0MjgwOEM2QzQzQjlGODkxNDI3QThCNzk0MThGQUQ4RjQyQjFBRjNE
NDIwQkVCODc0MkFFNEVCRjQyMDI0NzgzNDJGNzE0QUY0MjU5REE4OTQyRkRD
RDU0NDJERTExOEM0MkQ3QjA4MzQxRDMzMDhBNDJGNUYwQ0Y0MUI0RTE5MDQy
RUEzMEM4NDI4Nzc2OTk0MkU0NDg5MzQzMDQ3RTk0NDJCNEZFOEM0MzUzQkY4
RjQyMTc3MTYwNDMzRDA0OUI0MjkyRTdBQjQzNTI3RkEwNDIyQzdENzg0MzEw
Qjg5QTQyODkyNzhGNDM2NTc5OUI0MjQwQTY0QzQzOEEyRjlENDIwRjdBNjM0
MzExQjk5ODQyRDU3RDk5NDNEQTlEOTY0MjE3ODE2RDQyQTY1OTk1NDI5OEY4
Qzg0MkI4MDk5MjQyREYyMTU0NDNCMTg1OTg0MjBGMzk2RjQzNDRDMDlCNDI2
NjJFNUY0MjdDOUI5QzQyMzBGQjhBNDE0OENBOTg0MjAxOURCMjQzOTc0Qjkz
NDJGNjIzQTc0MzU3MTM3NTQyNDc3QUE5NDM0NEYyNkE0MkRGQkZEMTQxN0VD
ODhFNDIxQTk3Qzk0MjFENEM5MzQyMDIwRDQ2NDMzQjdEOUI0MkJBN0Y3NTQz
REJDRTlBNDJBNDkxMkI0MzQ3QUY5NTQyODc5QTFGNDM5MDAwODk0MkRCRDIx
ODQzMzE0NjkyNDI1MERFMDI0M0M2Mzg5NTQyMTM1RkQ5NDI3M0RFOTA0MkFB
MTdCRDQyNDNCMzg2NDI5M0ExRDI0MkU5OEI4ODQyOEQ1NzE2NDM5MUJCOUY0
MjlFNEU4QzQzNTIzNzhENDJENjA5NjY0Mzk4NzQ5NzQyMzc1MEIzNDM3QTA4
OUY0MkZGRDJBQzQzNTFENDg4NDI5OUZBRTM0MDAxMzE5MTQyMzc2Q0U2NDIz
QzlBOTE0MkEyRjcyNzQzQjUzOTlDNDI3REZBNzE0Mzc3M0M5NDQyRjJEMDM5
NDNCN0I3OTU0MjNENzlENzQyQUVEMDkyNDJERTQyNTM0MjdDNDI5QTQyN0NE
NjhFNDM0RUYwOUI0MjY5MDc4NTQzNENDQw==

--SBD.Boundary.605592468
PROCESS /noc/users/iridburst/exec/irid_300224010734970_upd.pl
Last Run  ----1970-01-01 00:00:00 
MONTH  5 
DATA  xxrecord 2012-04-17 15:00:05 :: $W5M5A,120417,150005,660d0028449ce246,1,DAS 2,,,5.2,231,12.8,14.2,8.8,75.2,4.7,8.9,75.0,4.7,998.3,0,0,28.6,27,71*71
 
INSERT
STATION sbdservice
IRID_ID 300224010734970
BODY --

From sbdservice@sbd.iridium.com Tue Apr 17 18:00:57 2012
Return-Path: <sbdservice@sbd.iridium.com>
Received: from istbsp02.sbd.iridium.com (outbound.sbd.iridium.com [12.47.179.11])
	by mercury.noc.soton.ac.uk (8.13.1/8.12.11) with ESMTP id q3HH0rHM026805
	for <iridburst@noc.soton.ac.uk>; Tue, 17 Apr 2012 18:00:53 +0100
Reply-To: <sbdservice@sbd.iridium.com>
From: sbdservice@sbd.iridium.com
To: iridburst@noc.soton.ac.uk
Subject: SBD Msg From Unit: 300224010734970
MIME-Version: 1.0
Content-Type: multipart/mixed;boundary="SBD.Boundary.605592468"
Message-Id: <19740412024625.FB9B5CF9BB616C70@istbsp02.sbd.iridium.com>
Date: Tue, 17 Apr 2012 17:00:52 +0000 (GMT)
X-NOCS-MailScanner-Information: Please contact the ISP for more information
X-NOCS-MailScanner-ID: q3HH0rHM026805
X-NOCS-MailScanner: Found to be clean
X-NOCS-MailScanner-SpamCheck: not spam (whitelisted),
	SpamAssassin (not cached, score=-2.599, required 5,
	autolearn=not spam, BAYES_00 -2.60)
X-NOCS-MailScanner-From: sbdservice@sbd.iridium.com
X-Spam-Status: No

SBM Message
--SBD.Boundary.605592468
PROCESS /noc/users/iridburst/exec/irid_300224010734970_upd.pl
Last Run  ----1970-01-01 00:00:00 
MONTH  5 
DATA  xxrecord 2012-04-17 15:00:05 :: $W5M5A,120417,150005,660d0028449ce246,1,DAS 2,,,5.2,231,12.8,14.2,8.8,75.2,4.7,8.9,75.0,4.7,998.3,0,0,28.6,27,71*71
 
STATION sbdservice
IRID_ID 300224010734970
BODY --

From sbdservice@sbd.iridium.com Tue Apr 17 19:01:01 2012
Return-Path: <sbdservice@sbd.iridium.com>
Received: from istbsp02.sbd.iridium.com (outbound.sbd.iridium.com [12.47.179.11])
	by mercury.noc.soton.ac.uk (8.13.1/8.12.11) with ESMTP id q3HI0kB4002725
	for <iridburst@noc.soton.ac.uk>; Tue, 17 Apr 2012 19:00:46 +0100
Reply-To: <sbdservice@sbd.iridium.com>
From: sbdservice@sbd.iridium.com
To: iridburst@noc.soton.ac.uk
Subject: SBD Msg From Unit: 300224010734970
MIME-Version: 1.0
Content-Type: multipart/mixed;boundary="SBD.Boundary.605592468"
Message-Id: <19740412024625.DD1E4DD8FB5179A7@istbsp02.sbd.iridium.com>
Date: Tue, 17 Apr 2012 18:00:46 +0000 (GMT)
X-NOCS-MailScanner-Information: Please contact the ISP for more information
X-NOCS-MailScanner-ID: q3HI0kB4002725
X-NOCS-MailScanner: Found to be clean
X-NOCS-MailScanner-SpamCheck: not spam (whitelisted),
	SpamAssassin (not cached, score=-2.599, required 5,
	autolearn=not spam, BAYES_00 -2.60)
X-NOCS-MailScanner-From: sbdservice@sbd.iridium.com
X-Spam-Status: No

SBM Message
--SBD.Boundary.605592468
PROCESS /noc/users/iridburst/exec/irid_300224010734970_upd.pl
Last Run  ----1970-01-01 00:00:00 
MONTH  5 
DATA  xxrecord 2012-04-17 15:00:05 :: $W5M5A,120417,150005,660d0028449ce246,1,DAS 2,,,5.2,231,12.8,14.2,8.8,75.2,4.7,8.9,75.0,4.7,998.3,0,0,28.6,27,71*71
 
STATION sbdservice
IRID_ID 300224010734970
BODY --

From sbdservice@sbd.iridium.com Tue Apr 17 20:01:33 2012
Return-Path: <sbdservice@sbd.iridium.com>
Received: from istbsp01.sbd.iridium.com (outbound.sbd.iridium.com [12.47.179.11])
	by mercury.noc.soton.ac.uk (8.13.1/8.12.11) with ESMTP id q3HJ1T2a010147
	for <iridburst@noc.soton.ac.uk>; Tue, 17 Apr 2012 20:01:29 +0100
Reply-To: <sbdservice@sbd.iridium.com>
From: sbdservice@sbd.iridium.com
To: iridburst@noc.soton.ac.uk
Subject: SBD Msg From Unit: 300224010734970
MIME-Version: 1.0
Content-Type: multipart/mixed;boundary="SBD.Boundary.605592468"
Message-Id: <19740412024625.AE907CD8F70E4D32@istbsp01.sbd.iridium.com>
Date: Tue, 17 Apr 2012 19:01:29 +0000 (GMT)
X-NOCS-MailScanner-Information: Please contact the ISP for more information
X-NOCS-MailScanner-ID: q3HJ1T2a010147
X-NOCS-MailScanner: Found to be clean
X-NOCS-MailScanner-SpamCheck: not spam (whitelisted),
	SpamAssassin (not cached, score=-2.599, required 5,
	autolearn=not spam, BAYES_00 -2.60)
X-NOCS-MailScanner-From: sbdservice@sbd.iridium.com
X-Spam-Status: No

SBM Message
--SBD.Boundary.605592468
PROCESS /noc/users/iridburst/exec/irid_300224010734970_upd.pl
Last Run  ----1970-01-01 00:00:00 
MONTH  5 
DATA  xxrecord 2012-04-17 15:00:05 :: $W5M5A,120417,150005,660d0028449ce246,1,DAS 2,,,5.2,231,12.8,14.2,8.8,75.2,4.7,8.9,75.0,4.7,998.3,0,0,28.6,27,71*71
 
STATION sbdservice
IRID_ID 300224010734970
BODY --

From sbdservice@sbd.iridium.com Tue Apr 17 21:00:52 2012
Return-Path: <sbdservice@sbd.iridium.com>
Received: from istbsp01.sbd.iridium.com (outbound.sbd.iridium.com [12.47.179.11])
	by mercury.noc.soton.ac.uk (8.13.1/8.12.11) with ESMTP id q3HK0m9H016658
	for <iridburst@noc.soton.ac.uk>; Tue, 17 Apr 2012 21:00:49 +0100
Reply-To: <sbdservice@sbd.iridium.com>
From: sbdservice@sbd.iridium.com
To: iridburst@noc.soton.ac.uk
Subject: SBD Msg From Unit: 300224010734970
MIME-Version: 1.0
Content-Type: multipart/mixed;boundary="SBD.Boundary.605592468"
Message-Id: <19740412024625.7E114FCBFF2E6032@istbsp01.sbd.iridium.com>
Date: Tue, 17 Apr 2012 20:00:48 +0000 (GMT)
X-NOCS-MailScanner-Information: Please contact the ISP for more information
X-NOCS-MailScanner-ID: q3HK0m9H016658
X-NOCS-MailScanner: Found to be clean
X-NOCS-MailScanner-SpamCheck: not spam (whitelisted),
	SpamAssassin (not cached, score=-2.599, required 5,
	autolearn=not spam, BAYES_00 -2.60)
X-NOCS-MailScanner-From: sbdservice@sbd.iridium.com
X-Spam-Status: No

SBM Message
--SBD.Boundary.605592468
PROCESS /noc/users/iridburst/exec/irid_300224010734970_upd.pl
Last Run  ----1970-01-01 00:00:00 
MONTH  5 
DATA  xxrecord 2012-04-17 15:00:05 :: $W5M5A,120417,150005,660d0028449ce246,1,DAS 2,,,5.2,231,12.8,14.2,8.8,75.2,4.7,8.9,75.0,4.7,998.3,0,0,28.6,27,71*71
 
STATION sbdservice
IRID_ID 300224010734970
BODY --

From sbdservice@sbd.iridium.com Tue Apr 17 22:00:55 2012
Return-Path: <sbdservice@sbd.iridium.com>
Received: from istbsp02.sbd.iridium.com (outbound.sbd.iridium.com [12.47.179.11])
	by mercury.noc.soton.ac.uk (8.13.1/8.12.11) with ESMTP id q3HL0kTK022949
	for <iridburst@noc.soton.ac.uk>; Tue, 17 Apr 2012 22:00:47 +0100
Reply-To: <sbdservice@sbd.iridium.com>
From: sbdservice@sbd.iridium.com
To: iridburst@noc.soton.ac.uk
Subject: SBD Msg From Unit: 300224010734970
MIME-Version: 1.0
Content-Type: multipart/mixed;boundary="SBD.Boundary.605592468"
Message-Id: <19740412024625.665D4EF9FF4034C5@istbsp02.sbd.iridium.com>
Date: Tue, 17 Apr 2012 21:00:46 +0000 (GMT)
X-NOCS-MailScanner-Information: Please contact the ISP for more information
X-NOCS-MailScanner-ID: q3HL0kTK022949
X-NOCS-MailScanner: Found to be clean
X-NOCS-MailScanner-SpamCheck: not spam (whitelisted),
	SpamAssassin (not cached, score=-2.599, required 5,
	autolearn=not spam, BAYES_00 -2.60)
X-NOCS-MailScanner-From: sbdservice@sbd.iridium.com
X-Spam-Status: No

SBM Message
--SBD.Boundary.605592468
PROCESS /noc/users/iridburst/exec/irid_300224010734970_upd.pl
Last Run  ----1970-01-01 00:00:00 
MONTH  5 
DATA  xxrecord 2012-04-17 15:00:05 :: $W5M5A,120417,150005,660d0028449ce246,1,DAS 2,,,5.2,231,12.8,14.2,8.8,75.2,4.7,8.9,75.0,4.7,998.3,0,0,28.6,27,71*71
 
STATION sbdservice
IRID_ID 300224010734970
BODY --

From sbdservice@sbd.iridium.com Tue Apr 17 23:01:02 2012
Return-Path: <sbdservice@sbd.iridium.com>
Received: from istbsp02.sbd.iridium.com (outbound.sbd.iridium.com [12.47.179.11])
	by mercury.noc.soton.ac.uk (8.13.1/8.12.11) with ESMTP id q3HM0uTE028617
	for <iridburst@noc.soton.ac.uk>; Tue, 17 Apr 2012 23:00:57 +0100
Reply-To: <sbdservice@sbd.iridium.com>
From: sbdservice@sbd.iridium.com
To: iridburst@noc.soton.ac.uk
Subject: SBD Msg From Unit: 300224010734970
MIME-Version: 1.0
Content-Type: multipart/mixed;boundary="SBD.Boundary.605592468"
Message-Id: <19740412024625.E3526ED9734342DB@istbsp02.sbd.iridium.com>
Date: Tue, 17 Apr 2012 22:00:55 +0000 (GMT)
X-NOCS-MailScanner-Information: Please contact the ISP for more information
X-NOCS-MailScanner-ID: q3HM0uTE028617
X-NOCS-MailScanner: Found to be clean
X-NOCS-MailScanner-SpamCheck: not spam (whitelisted),
	SpamAssassin (not cached, score=-2.599, required 5,
	autolearn=not spam, BAYES_00 -2.60)
X-NOCS-MailScanner-From: sbdservice@sbd.iridium.com
X-Spam-Status: No

SBM Message
--SBD.Boundary.605592468
PROCESS /noc/users/iridburst/exec/irid_300224010734970_upd.pl
Last Run  ----1970-01-01 00:00:00 
MONTH  5 
DATA  xxrecord 2012-04-17 15:00:05 :: $W5M5A,120417,150005,660d0028449ce246,1,DAS 2,,,5.2,231,12.8,14.2,8.8,75.2,4.7,8.9,75.0,4.7,998.3,0,0,28.6,27,71*71
 
STATION sbdservice
IRID_ID 300224010734970
BODY --

From sbdservice@sbd.iridium.com Wed Apr 18 00:00:55 2012
Return-Path: <sbdservice@sbd.iridium.com>
Received: from istbsp02.sbd.iridium.com (outbound.sbd.iridium.com [12.47.179.11])
	by mercury.noc.soton.ac.uk (8.13.1/8.12.11) with ESMTP id q3HN0nt1001593
	for <iridburst@noc.soton.ac.uk>; Wed, 18 Apr 2012 00:00:50 +0100
Reply-To: <sbdservice@sbd.iridium.com>
From: sbdservice@sbd.iridium.com
To: iridburst@noc.soton.ac.uk
Subject: SBD Msg From Unit: 300224010734970
MIME-Version: 1.0
Content-Type: multipart/mixed;boundary="SBD.Boundary.605592468"
Message-Id: <19740412024625.16195DE8FB62BB6D@istbsp02.sbd.iridium.com>
Date: Tue, 17 Apr 2012 23:00:49 +0000 (GMT)
X-NOCS-MailScanner-Information: Please contact the ISP for more information
X-NOCS-MailScanner-ID: q3HN0nt1001593
X-NOCS-MailScanner: Found to be clean
X-NOCS-MailScanner-SpamCheck: not spam (whitelisted),
	SpamAssassin (not cached, score=-2.599, required 5,
	autolearn=not spam, BAYES_00 -2.60)
X-NOCS-MailScanner-From: sbdservice@sbd.iridium.com
X-Spam-Status: No

SBM Message
--SBD.Boundary.605592468
PROCESS /noc/users/iridburst/exec/irid_300224010734970_upd.pl
Last Run  ----1970-01-01 00:00:00 
MONTH  5 
DATA  xxrecord 2012-04-17 15:00:05 :: $W5M5A,120417,150005,660d0028449ce246,1,DAS 2,,,5.2,231,12.8,14.2,8.8,75.2,4.7,8.9,75.0,4.7,998.3,0,0,28.6,27,71*71
 
STATION sbdservice
IRID_ID 300224010734970
BODY --

From sbdservice@sbd.iridium.com Wed Apr 18 01:00:58 2012
Return-Path: <sbdservice@sbd.iridium.com>
Received: from istbsp02.sbd.iridium.com (outbound.sbd.iridium.com [12.47.179.11])
	by mercury.noc.soton.ac.uk (8.13.1/8.12.11) with ESMTP id q3I00rBd006922
	for <iridburst@noc.soton.ac.uk>; Wed, 18 Apr 2012 01:00:54 +0100
Reply-To: <sbdservice@sbd.iridium.com>
From: sbdservice@sbd.iridium.com
To: iridburst@noc.soton.ac.uk
Subject: SBD Msg From Unit: 300224010734970
MIME-Version: 1.0
Content-Type: multipart/mixed;boundary="SBD.Boundary.605592468"
Message-Id: <19740412024625.0ABA7ED93B53B460@istbsp02.sbd.iridium.com>
Date: Wed, 18 Apr 2012 00:00:52 +0000 (GMT)
X-NOCS-MailScanner-Information: Please contact the ISP for more information
X-NOCS-MailScanner-ID: q3I00rBd006922
X-NOCS-MailScanner: Found to be clean
X-NOCS-MailScanner-SpamCheck: not spam (whitelisted),
	SpamAssassin (not cached, score=-2.599, required 5,
	autolearn=not spam, BAYES_00 -2.60)
X-NOCS-MailScanner-From: sbdservice@sbd.iridium.com
X-Spam-Status: No

SBM Message
--SBD.Boundary.605592468
PROCESS /noc/users/iridburst/exec/irid_300224010734970_upd.pl
Last Run  ----1970-01-01 00:00:00 
MONTH  5 
DATA  xxrecord 2012-04-17 15:00:05 :: $W5M5A,120417,150005,660d0028449ce246,1,DAS 2,,,5.2,231,12.8,14.2,8.8,75.2,4.7,8.9,75.0,4.7,998.3,0,0,28.6,27,71*71
 
STATION sbdservice
IRID_ID 300224010734970
BODY --

From sbdservice@sbd.iridium.com Wed Apr 18 02:00:57 2012
Return-Path: <sbdservice@sbd.iridium.com>
Received: from istbsp02.sbd.iridium.com (outbound.sbd.iridium.com [12.47.179.11])
	by mercury.noc.soton.ac.uk (8.13.1/8.12.11) with ESMTP id q3I10nhc012165
	for <iridburst@noc.soton.ac.uk>; Wed, 18 Apr 2012 02:00:51 +0100
Reply-To: <sbdservice@sbd.iridium.com>
From: sbdservice@sbd.iridium.com
To: iridburst@noc.soton.ac.uk
Subject: SBD Msg From Unit: 300224010734970
MIME-Version: 1.0
Content-Type: multipart/mixed;boundary="SBD.Boundary.605592468"
Message-Id: <19740412024625.16E75CC97B535F17@istbsp02.sbd.iridium.com>
Date: Wed, 18 Apr 2012 01:00:46 +0000 (GMT)
X-NOCS-MailScanner-Information: Please contact the ISP for more information
X-NOCS-MailScanner-ID: q3I10nhc012165
X-NOCS-MailScanner: Found to be clean
X-NOCS-MailScanner-SpamCheck: not spam (whitelisted),
	SpamAssassin (not cached, score=-2.599, required 5,
	autolearn=not spam, BAYES_00 -2.60)
X-NOCS-MailScanner-From: sbdservice@sbd.iridium.com
X-Spam-Status: No

SBM Message
--SBD.Boundary.605592468
PROCESS /noc/users/iridburst/exec/irid_300224010734970_upd.pl
Last Run  ----1970-01-01 00:00:00 
MONTH  5 
DATA  xxrecord 2012-04-17 15:00:05 :: $W5M5A,120417,150005,660d0028449ce246,1,DAS 2,,,5.2,231,12.8,14.2,8.8,75.2,4.7,8.9,75.0,4.7,998.3,0,0,28.6,27,71*71
 
STATION sbdservice
IRID_ID 300224010734970
BODY --

From sbdservice@sbd.iridium.com Wed Apr 18 03:00:52 2012
Return-Path: <sbdservice@sbd.iridium.com>
Received: from istbsp01.sbd.iridium.com (outbound.sbd.iridium.com [12.47.179.11])
	by mercury.noc.soton.ac.uk (8.13.1/8.12.11) with ESMTP id q3I20nb5017482
	for <iridburst@noc.soton.ac.uk>; Wed, 18 Apr 2012 03:00:49 +0100
Reply-To: <sbdservice@sbd.iridium.com>
From: sbdservice@sbd.iridium.com
To: iridburst@noc.soton.ac.uk
Subject: SBD Msg From Unit: 300224010734970
MIME-Version: 1.0
Content-Type: multipart/mixed;boundary="SBD.Boundary.605592468"
Message-Id: <19740412024625.F14F4EDA772C63C7@istbsp01.sbd.iridium.com>
Date: Wed, 18 Apr 2012 02:00:48 +0000 (GMT)
X-NOCS-MailScanner-Information: Please contact the ISP for more information
X-NOCS-MailScanner-ID: q3I20nb5017482
X-NOCS-MailScanner: Found to be clean
X-NOCS-MailScanner-SpamCheck: not spam (whitelisted),
	SpamAssassin (not cached, score=-2.599, required 5,
	autolearn=not spam, BAYES_00 -2.60)
X-NOCS-MailScanner-From: sbdservice@sbd.iridium.com
X-Spam-Status: No

SBM Message
--SBD.Boundary.605592468
PROCESS /noc/users/iridburst/exec/irid_300224010734970_upd.pl
Last Run  ----1970-01-01 00:00:00 
MONTH  5 
DATA  xxrecord 2012-04-17 15:00:05 :: $W5M5A,120417,150005,660d0028449ce246,1,DAS 2,,,5.2,231,12.8,14.2,8.8,75.2,4.7,8.9,75.0,4.7,998.3,0,0,28.6,27,71*71
 
STATION sbdservice
IRID_ID 300224010734970
BODY --

From sbdservice@sbd.iridium.com Wed Apr 18 04:00:49 2012
Return-Path: <sbdservice@sbd.iridium.com>
Received: from istbsp01.sbd.iridium.com (outbound.sbd.iridium.com [12.47.179.11])
	by mercury.noc.soton.ac.uk (8.13.1/8.12.11) with ESMTP id q3I30kxS022929
	for <iridburst@noc.soton.ac.uk>; Wed, 18 Apr 2012 04:00:46 +0100
Reply-To: <sbdservice@sbd.iridium.com>
From: sbdservice@sbd.iridium.com
To: iridburst@noc.soton.ac.uk
Subject: SBD Msg From Unit: 300224010734970
MIME-Version: 1.0
Content-Type: multipart/mixed;boundary="SBD.Boundary.605592468"
Message-Id: <19740412024625.0F7F7EFBFB3E25CD@istbsp01.sbd.iridium.com>
Date: Wed, 18 Apr 2012 03:00:45 +0000 (GMT)
X-NOCS-MailScanner-Information: Please contact the ISP for more information
X-NOCS-MailScanner-ID: q3I30kxS022929
X-NOCS-MailScanner: Found to be clean
X-NOCS-MailScanner-SpamCheck: not spam (whitelisted),
	SpamAssassin (not cached, score=-2.599, required 5,
	autolearn=not spam, BAYES_00 -2.60)
X-NOCS-MailScanner-From: sbdservice@sbd.iridium.com
X-Spam-Status: No

SBM Message
--SBD.Boundary.605592468
PROCESS /noc/users/iridburst/exec/irid_300224010734970_upd.pl
Last Run  ----1970-01-01 00:00:00 
MONTH  5 
DATA  xxrecord 2012-04-17 15:00:05 :: $W5M5A,120417,150005,660d0028449ce246,1,DAS 2,,,5.2,231,12.8,14.2,8.8,75.2,4.7,8.9,75.0,4.7,998.3,0,0,28.6,27,71*71
 
STATION sbdservice
IRID_ID 300224010734970
BODY --

From sbdservice@sbd.iridium.com Wed Apr 18 05:00:52 2012
Return-Path: <sbdservice@sbd.iridium.com>
Received: from istbsp01.sbd.iridium.com (outbound.sbd.iridium.com [12.47.179.11])
	by mercury.noc.soton.ac.uk (8.13.1/8.12.11) with ESMTP id q3I40jiD029314
	for <iridburst@noc.soton.ac.uk>; Wed, 18 Apr 2012 05:00:45 +0100
Reply-To: <sbdservice@sbd.iridium.com>
From: sbdservice@sbd.iridium.com
To: iridburst@noc.soton.ac.uk
Subject: SBD Msg From Unit: 300224010734970
MIME-Version: 1.0
Content-Type: multipart/mixed;boundary="SBD.Boundary.605592468"
Message-Id: <19740412024625.84197DDB371CDBE6@istbsp01.sbd.iridium.com>
Date: Wed, 18 Apr 2012 04:00:45 +0000 (GMT)
X-NOCS-MailScanner-Information: Please contact the ISP for more information
X-NOCS-MailScanner-ID: q3I40jiD029314
X-NOCS-MailScanner: Found to be clean
X-NOCS-MailScanner-SpamCheck: not spam (whitelisted),
	SpamAssassin (not cached, score=-2.599, required 5,
	autolearn=not spam, BAYES_00 -2.60)
X-NOCS-MailScanner-From: sbdservice@sbd.iridium.com
X-Spam-Status: No

SBM Message
--SBD.Boundary.605592468
PROCESS /noc/users/iridburst/exec/irid_300224010734970_upd.pl
Last Run  ----1970-01-01 00:00:00 
MONTH  5 
DATA  xxrecord 2012-04-17 15:00:05 :: $W5M5A,120417,150005,660d0028449ce246,1,DAS 2,,,5.2,231,12.8,14.2,8.8,75.2,4.7,8.9,75.0,4.7,998.3,0,0,28.6,27,71*71
 
STATION sbdservice
IRID_ID 300224010734970
BODY --

From sbdservice@sbd.iridium.com Wed Apr 18 06:01:05 2012
Return-Path: <sbdservice@sbd.iridium.com>
Received: from istbsp01.sbd.iridium.com (outbound.sbd.iridium.com [12.47.179.11])
	by mercury.noc.soton.ac.uk (8.13.1/8.12.11) with ESMTP id q3I511qD002344
	for <iridburst@noc.soton.ac.uk>; Wed, 18 Apr 2012 06:01:02 +0100
Reply-To: <sbdservice@sbd.iridium.com>
From: sbdservice@sbd.iridium.com
To: iridburst@noc.soton.ac.uk
Subject: SBD Msg From Unit: 300224010734970
MIME-Version: 1.0
Content-Type: multipart/mixed;boundary="SBD.Boundary.605592468"
Message-Id: <19740412024625.93F14DF87B0E2065@istbsp01.sbd.iridium.com>
Date: Wed, 18 Apr 2012 05:00:57 +0000 (GMT)
X-NOCS-MailScanner-Information: Please contact the ISP for more information
X-NOCS-MailScanner-ID: q3I511qD002344
X-NOCS-MailScanner: Found to be clean
X-NOCS-MailScanner-SpamCheck: not spam (whitelisted),
	SpamAssassin (not cached, score=-2.599, required 5,
	autolearn=not spam, BAYES_00 -2.60)
X-NOCS-MailScanner-From: sbdservice@sbd.iridium.com
X-Spam-Status: No

SBM Message
--SBD.Boundary.605592468
PROCESS /noc/users/iridburst/exec/irid_300224010734970_upd.pl
Last Run  ----1970-01-01 00:00:00 
MONTH  5 
DATA  xxrecord 2012-04-17 15:00:05 :: $W5M5A,120417,150005,660d0028449ce246,1,DAS 2,,,5.2,231,12.8,14.2,8.8,75.2,4.7,8.9,75.0,4.7,998.3,0,0,28.6,27,71*71
 
STATION sbdservice
IRID_ID 300224010734970
BODY --

From sbdservice@sbd.iridium.com Wed Apr 18 07:00:49 2012
Return-Path: <sbdservice@sbd.iridium.com>
Received: from istbsp01.sbd.iridium.com (outbound.sbd.iridium.com [12.47.179.11])
	by mercury.noc.soton.ac.uk (8.13.1/8.12.11) with ESMTP id q3I60jcJ010017
	for <iridburst@noc.soton.ac.uk>; Wed, 18 Apr 2012 07:00:45 +0100
Reply-To: <sbdservice@sbd.iridium.com>
From: sbdservice@sbd.iridium.com
To: iridburst@noc.soton.ac.uk
Subject: SBD Msg From Unit: 300224010734970
MIME-Version: 1.0
Content-Type: multipart/mixed;boundary="SBD.Boundary.605592468"
Message-Id: <19740412024625.14476FD9731ECA4C@istbsp01.sbd.iridium.com>
Date: Wed, 18 Apr 2012 06:00:44 +0000 (GMT)
X-NOCS-MailScanner-Information: Please contact the ISP for more information
X-NOCS-MailScanner-ID: q3I60jcJ010017
X-NOCS-MailScanner: Found to be clean
X-NOCS-MailScanner-SpamCheck: not spam (whitelisted),
	SpamAssassin (not cached, score=-2.599, required 5,
	autolearn=not spam, BAYES_00 -2.60)
X-NOCS-MailScanner-From: sbdservice@sbd.iridium.com
X-Spam-Status: No

SBM Message
--SBD.Boundary.605592468
PROCESS /noc/users/iridburst/exec/irid_300224010734970_upd.pl
Last Run  ----1970-01-01 00:00:00 
MONTH  5 
DATA  xxrecord 2012-04-17 15:00:05 :: $W5M5A,120417,150005,660d0028449ce246,1,DAS 2,,,5.2,231,12.8,14.2,8.8,75.2,4.7,8.9,75.0,4.7,998.3,0,0,28.6,27,71*71
 
STATION sbdservice
IRID_ID 300224010734970
BODY --

From sbdservice@sbd.iridium.com Wed Apr 18 08:00:49 2012
Return-Path: <sbdservice@sbd.iridium.com>
Received: from istbsp02.sbd.iridium.com (outbound.sbd.iridium.com [12.47.179.11])
	by mercury.noc.soton.ac.uk (8.13.1/8.12.11) with ESMTP id q3I70ioQ016157
	for <iridburst@noc.soton.ac.uk>; Wed, 18 Apr 2012 08:00:45 +0100
Reply-To: <sbdservice@sbd.iridium.com>
From: sbdservice@sbd.iridium.com
To: iridburst@noc.soton.ac.uk
Subject: SBD Msg From Unit: 300224010734970
MIME-Version: 1.0
Content-Type: multipart/mixed;boundary="SBD.Boundary.605592468"
Message-Id: <19740412024625.45855EF8735341C8@istbsp02.sbd.iridium.com>
Date: Wed, 18 Apr 2012 07:00:44 +0000 (GMT)
X-NOCS-MailScanner-Information: Please contact the ISP for more information
X-NOCS-MailScanner-ID: q3I70ioQ016157
X-NOCS-MailScanner: Found to be clean
X-NOCS-MailScanner-SpamCheck: not spam (whitelisted),
	SpamAssassin (not cached, score=-2.599, required 5,
	autolearn=not spam, BAYES_00 -2.60)
X-NOCS-MailScanner-From: sbdservice@sbd.iridium.com
X-Spam-Status: No

SBM Message
--SBD.Boundary.605592468
PROCESS /noc/users/iridburst/exec/irid_300224010734970_upd.pl
Last Run  ----1970-01-01 00:00:00 
MONTH  5 
DATA  xxrecord 2012-04-17 15:00:05 :: $W5M5A,120417,150005,660d0028449ce246,1,DAS 2,,,5.2,231,12.8,14.2,8.8,75.2,4.7,8.9,75.0,4.7,998.3,0,0,28.6,27,71*71
 
STATION sbdservice
IRID_ID 300224010734970
BODY --

From sbdservice@sbd.iridium.com Wed Apr 18 09:00:48 2012
Return-Path: <sbdservice@sbd.iridium.com>
Received: from istbsp02.sbd.iridium.com (outbound.sbd.iridium.com [12.47.179.11])
	by mercury.noc.soton.ac.uk (8.13.1/8.12.11) with ESMTP id q3I80h1A027269
	for <iridburst@noc.soton.ac.uk>; Wed, 18 Apr 2012 09:00:43 +0100
Reply-To: <sbdservice@sbd.iridium.com>
From: sbdservice@sbd.iridium.com
To: iridburst@noc.soton.ac.uk
Subject: SBD Msg From Unit: 300224010734970
MIME-Version: 1.0
Content-Type: multipart/mixed;boundary="SBD.Boundary.605592468"
Message-Id: <19740412024625.A0485FD8F3722194@istbsp02.sbd.iridium.com>
Date: Wed, 18 Apr 2012 08:00:43 +0000 (GMT)
X-NOCS-MailScanner-Information: Please contact the ISP for more information
X-NOCS-MailScanner-ID: q3I80h1A027269
X-NOCS-MailScanner: Found to be clean
X-NOCS-MailScanner-SpamCheck: not spam (whitelisted),
	SpamAssassin (not cached, score=-2.599, required 5,
	autolearn=not spam, BAYES_00 -2.60)
X-NOCS-MailScanner-From: sbdservice@sbd.iridium.com
X-Spam-Status: No

SBM Message
--SBD.Boundary.605592468
PROCESS /noc/users/iridburst/exec/irid_300224010734970_upd.pl
Last Run  ----1970-01-01 00:00:00 
MONTH  5 
DATA  xxrecord 2012-04-17 15:00:05 :: $W5M5A,120417,150005,660d0028449ce246,1,DAS 2,,,5.2,231,12.8,14.2,8.8,75.2,4.7,8.9,75.0,4.7,998.3,0,0,28.6,27,71*71
 
STATION sbdservice
IRID_ID 300224010734970
BODY --

From sbdservice@sbd.iridium.com Wed Apr 18 10:00:55 2012
Return-Path: <sbdservice@sbd.iridium.com>
Received: from istbsp01.sbd.iridium.com (outbound.sbd.iridium.com [12.47.179.11])
	by mercury.noc.soton.ac.uk (8.13.1/8.12.11) with ESMTP id q3I90pjr002973
	for <iridburst@noc.soton.ac.uk>; Wed, 18 Apr 2012 10:00:51 +0100
Reply-To: <sbdservice@sbd.iridium.com>
From: sbdservice@sbd.iridium.com
To: iridburst@noc.soton.ac.uk
Subject: SBD Msg From Unit: 300224010734970
MIME-Version: 1.0
Content-Type: multipart/mixed;boundary="SBD.Boundary.605592468"
Message-Id: <19740412024625.79BA4ECB730CFAA1@istbsp01.sbd.iridium.com>
Date: Wed, 18 Apr 2012 09:00:51 +0000 (GMT)
X-NOCS-MailScanner-Information: Please contact the ISP for more information
X-NOCS-MailScanner-ID: q3I90pjr002973
X-NOCS-MailScanner: Found to be clean
X-NOCS-MailScanner-SpamCheck: not spam (whitelisted),
	SpamAssassin (not cached, score=-2.599, required 5,
	autolearn=not spam, BAYES_00 -2.60)
X-NOCS-MailScanner-From: sbdservice@sbd.iridium.com
X-Spam-Status: No

SBM Message
--SBD.Boundary.605592468
PROCESS /noc/users/iridburst/exec/irid_300224010734970_upd.pl
Last Run  ----1970-01-01 00:00:00 
MONTH  5 
DATA  xxrecord 2012-04-17 15:00:05 :: $W5M5A,120417,150005,660d0028449ce246,1,DAS 2,,,5.2,231,12.8,14.2,8.8,75.2,4.7,8.9,75.0,4.7,998.3,0,0,28.6,27,71*71
 
STATION sbdservice
IRID_ID 300224010734970
BODY --

From sbdservice@sbd.iridium.com Wed Apr 18 11:00:59 2012
Return-Path: <sbdservice@sbd.iridium.com>
Received: from istbsp02.sbd.iridium.com (outbound.sbd.iridium.com [12.47.179.11])
	by mercury.noc.soton.ac.uk (8.13.1/8.12.11) with ESMTP id q3IA0qsg012588
	for <iridburst@noc.soton.ac.uk>; Wed, 18 Apr 2012 11:00:52 +0100
Reply-To: <sbdservice@sbd.iridium.com>
From: sbdservice@sbd.iridium.com
To: iridburst@noc.soton.ac.uk
Subject: SBD Msg From Unit: 300224010734970
MIME-Version: 1.0
Content-Type: multipart/mixed;boundary="SBD.Boundary.605592468"
Message-Id: <19740412024625.DA2D4EEBF753C64F@istbsp02.sbd.iridium.com>
Date: Wed, 18 Apr 2012 10:00:51 +0000 (GMT)
X-NOCS-MailScanner-Information: Please contact the ISP for more information
X-NOCS-MailScanner-ID: q3IA0qsg012588
X-NOCS-MailScanner: Found to be clean
X-NOCS-MailScanner-SpamCheck: not spam (whitelisted),
	SpamAssassin (not cached, score=-2.599, required 5,
	autolearn=not spam, BAYES_00 -2.60)
X-NOCS-MailScanner-From: sbdservice@sbd.iridium.com
X-Spam-Status: No

SBM Message
--SBD.Boundary.605592468
PROCESS /noc/users/iridburst/exec/irid_300224010734970_upd.pl
Last Run  ----1970-01-01 00:00:00 
MONTH  5 
DATA  xxrecord 2012-04-17 15:00:05 :: $W5M5A,120417,150005,660d0028449ce246,1,DAS 2,,,5.2,231,12.8,14.2,8.8,75.2,4.7,8.9,75.0,4.7,998.3,0,0,28.6,27,71*71
 
STATION sbdservice
IRID_ID 300224010734970
BODY --

From sbdservice@sbd.iridium.com Wed Apr 18 12:01:01 2012
Return-Path: <sbdservice@sbd.iridium.com>
Received: from istbsp02.sbd.iridium.com (outbound.sbd.iridium.com [12.47.179.11])
	by mercury.noc.soton.ac.uk (8.13.1/8.12.11) with ESMTP id q3IB0omI022814
	for <iridburst@noc.soton.ac.uk>; Wed, 18 Apr 2012 12:00:51 +0100
Reply-To: <sbdservice@sbd.iridium.com>
From: sbdservice@sbd.iridium.com
To: iridburst@noc.soton.ac.uk
Subject: SBD Msg From Unit: 300224010734970
MIME-Version: 1.0
Content-Type: multipart/mixed;boundary="SBD.Boundary.605592468"
Message-Id: <19740412024625.8B004EE97B53EFAA@istbsp02.sbd.iridium.com>
Date: Wed, 18 Apr 2012 11:00:50 +0000 (GMT)
X-NOCS-MailScanner-Information: Please contact the ISP for more information
X-NOCS-MailScanner-ID: q3IB0omI022814
X-NOCS-MailScanner: Found to be clean
X-NOCS-MailScanner-SpamCheck: not spam (whitelisted),
	SpamAssassin (not cached, score=-2.599, required 5,
	autolearn=not spam, BAYES_00 -2.60)
X-NOCS-MailScanner-From: sbdservice@sbd.iridium.com
X-Spam-Status: No

SBM Message
--SBD.Boundary.605592468
PROCESS /noc/users/iridburst/exec/irid_300224010734970_upd.pl
Last Run  ----1970-01-01 00:00:00 
MONTH  5 
DATA  xxrecord 2012-04-17 15:00:05 :: $W5M5A,120417,150005,660d0028449ce246,1,DAS 2,,,5.2,231,12.8,14.2,8.8,75.2,4.7,8.9,75.0,4.7,998.3,0,0,28.6,27,71*71
 
STATION sbdservice
IRID_ID 300224010734970
BODY --

From sbdservice@sbd.iridium.com Wed Apr 18 13:00:55 2012
Return-Path: <sbdservice@sbd.iridium.com>
Received: from istbsp01.sbd.iridium.com (outbound.sbd.iridium.com [12.47.179.11])
	by mercury.noc.soton.ac.uk (8.13.1/8.12.11) with ESMTP id q3IC0qhP032095
	for <iridburst@noc.soton.ac.uk>; Wed, 18 Apr 2012 13:00:52 +0100
Reply-To: <sbdservice@sbd.iridium.com>
From: sbdservice@sbd.iridium.com
To: iridburst@noc.soton.ac.uk
Subject: SBD Msg From Unit: 300224010734970
MIME-Version: 1.0
Content-Type: multipart/mixed;boundary="SBD.Boundary.605592468"
Message-Id: <19740412024625.FBBF6DC8F71F62F7@istbsp01.sbd.iridium.com>
Date: Wed, 18 Apr 2012 12:00:51 +0000 (GMT)
X-NOCS-MailScanner-Information: Please contact the ISP for more information
X-NOCS-MailScanner-ID: q3IC0qhP032095
X-NOCS-MailScanner: Found to be clean
X-NOCS-MailScanner-SpamCheck: not spam (whitelisted),
	SpamAssassin (not cached, score=-2.599, required 5,
	autolearn=not spam, BAYES_00 -2.60)
X-NOCS-MailScanner-From: sbdservice@sbd.iridium.com
X-Spam-Status: No

SBM Message
--SBD.Boundary.605592468
PROCESS /noc/users/iridburst/exec/irid_300224010734970_upd.pl
Last Run  ----1970-01-01 00:00:00 
MONTH  5 
DATA  xxrecord 2012-04-17 15:00:05 :: $W5M5A,120417,150005,660d0028449ce246,1,DAS 2,,,5.2,231,12.8,14.2,8.8,75.2,4.7,8.9,75.0,4.7,998.3,0,0,28.6,27,71*71
 
STATION sbdservice
IRID_ID 300224010734970
BODY --

From sbdservice@sbd.iridium.com Wed Apr 18 14:01:07 2012
Return-Path: <sbdservice@sbd.iridium.com>
Received: from istbsp02.sbd.iridium.com (outbound.sbd.iridium.com [12.47.179.11])
	by mercury.noc.soton.ac.uk (8.13.1/8.12.11) with ESMTP id q3ID0wRQ008255
	for <iridburst@noc.soton.ac.uk>; Wed, 18 Apr 2012 14:00:59 +0100
Reply-To: <sbdservice@sbd.iridium.com>
From: sbdservice@sbd.iridium.com
To: iridburst@noc.soton.ac.uk
Subject: SBD Msg From Unit: 300224010734970
MIME-Version: 1.0
Content-Type: multipart/mixed;boundary="SBD.Boundary.605592468"
Message-Id: <19740412024625.EA7F5DDBB342F2B3@istbsp02.sbd.iridium.com>
Date: Wed, 18 Apr 2012 13:00:58 +0000 (GMT)
X-NOCS-MailScanner-Information: Please contact the ISP for more information
X-NOCS-MailScanner-ID: q3ID0wRQ008255
X-NOCS-MailScanner: Found to be clean
X-NOCS-MailScanner-SpamCheck: not spam (whitelisted),
	SpamAssassin (not cached, score=-2.599, required 5,
	autolearn=not spam, BAYES_00 -2.60)
X-NOCS-MailScanner-From: sbdservice@sbd.iridium.com
X-Spam-Status: No

SBM Message
--SBD.Boundary.605592468
PROCESS /noc/users/iridburst/exec/irid_300224010734970_upd.pl
Last Run  ----1970-01-01 00:00:00 
MONTH  5 
DATA  xxrecord 2012-04-17 15:00:05 :: $W5M5A,120417,150005,660d0028449ce246,1,DAS 2,,,5.2,231,12.8,14.2,8.8,75.2,4.7,8.9,75.0,4.7,998.3,0,0,28.6,27,71*71
 
STATION sbdservice
IRID_ID 300224010734970
BODY --

From sbdservice@sbd.iridium.com Wed Apr 18 15:00:56 2012
Return-Path: <sbdservice@sbd.iridium.com>
Received: from istbsp02.sbd.iridium.com (outbound.sbd.iridium.com [12.47.179.11])
	by mercury.noc.soton.ac.uk (8.13.1/8.12.11) with ESMTP id q3IE0pUB017801
	for <iridburst@noc.soton.ac.uk>; Wed, 18 Apr 2012 15:00:52 +0100
Reply-To: <sbdservice@sbd.iridium.com>
From: sbdservice@sbd.iridium.com
To: iridburst@noc.soton.ac.uk
Subject: SBD Msg From Unit: 300224010734970
MIME-Version: 1.0
Content-Type: multipart/mixed;boundary="SBD.Boundary.605592468"
Message-Id: <19740412024625.DF4A4FD9F760947B@istbsp02.sbd.iridium.com>
Date: Wed, 18 Apr 2012 14:00:50 +0000 (GMT)
X-NOCS-MailScanner-Information: Please contact the ISP for more information
X-NOCS-MailScanner-ID: q3IE0pUB017801
X-NOCS-MailScanner: Found to be clean
X-NOCS-MailScanner-SpamCheck: not spam (whitelisted),
	SpamAssassin (not cached, score=-2.599, required 5,
	autolearn=not spam, BAYES_00 -2.60)
X-NOCS-MailScanner-From: sbdservice@sbd.iridium.com
X-Spam-Status: No

SBM Message
--SBD.Boundary.605592468
PROCESS /noc/users/iridburst/exec/irid_300224010734970_upd.pl
Last Run  ----1970-01-01 00:00:00 
MONTH  5 
DATA  xxrecord 2012-04-17 15:00:05 :: $W5M5A,120417,150005,660d0028449ce246,1,DAS 2,,,5.2,231,12.8,14.2,8.8,75.2,4.7,8.9,75.0,4.7,998.3,0,0,28.6,27,71*71
 
STATION sbdservice
IRID_ID 300224010734970
BODY --

From sbdservice@sbd.iridium.com Wed Apr 18 16:01:14 2012
Return-Path: <sbdservice@sbd.iridium.com>
Received: from istbsp01.sbd.iridium.com (outbound.sbd.iridium.com [12.47.179.11])
	by mercury.noc.soton.ac.uk (8.13.1/8.12.11) with ESMTP id q3IF19u3028964
	for <iridburst@noc.soton.ac.uk>; Wed, 18 Apr 2012 16:01:09 +0100
Reply-To: <sbdservice@sbd.iridium.com>
From: sbdservice@sbd.iridium.com
To: iridburst@noc.soton.ac.uk
Subject: SBD Msg From Unit: 300224010734970
MIME-Version: 1.0
Content-Type: multipart/mixed;boundary="SBD.Boundary.605592468"
Message-Id: <19740412024625.C6A25DC97B0F3EEB@istbsp01.sbd.iridium.com>
Date: Wed, 18 Apr 2012 15:01:09 +0000 (GMT)
X-NOCS-MailScanner-Information: Please contact the ISP for more information
X-NOCS-MailScanner-ID: q3IF19u3028964
X-NOCS-MailScanner: Found to be clean
X-NOCS-MailScanner-SpamCheck: not spam (whitelisted),
	SpamAssassin (not cached, score=-2.599, required 5,
	autolearn=not spam, BAYES_00 -2.60)
X-NOCS-MailScanner-From: sbdservice@sbd.iridium.com
X-Spam-Status: No

SBM Message
--SBD.Boundary.605592468
PROCESS /noc/users/iridburst/exec/irid_300224010734970_upd.pl
Last Run  ----1970-01-01 00:00:00 
MONTH  5 
DATA  xxrecord 2012-04-17 15:00:05 :: $W5M5A,120417,150005,660d0028449ce246,1,DAS 2,,,5.2,231,12.8,14.2,8.8,75.2,4.7,8.9,75.0,4.7,998.3,0,0,28.6,27,71*71
 
STATION sbdservice
IRID_ID 300224010734970
BODY --

From sbdservice@sbd.iridium.com Wed Apr 18 17:01:01 2012
Return-Path: <sbdservice@sbd.iridium.com>
Received: from istbsp02.sbd.iridium.com (outbound.sbd.iridium.com [12.47.179.11])
	by mercury.noc.soton.ac.uk (8.13.1/8.12.11) with ESMTP id q3IG0uLt005834
	for <iridburst@noc.soton.ac.uk>; Wed, 18 Apr 2012 17:00:57 +0100
Reply-To: <sbdservice@sbd.iridium.com>
From: sbdservice@sbd.iridium.com
To: iridburst@noc.soton.ac.uk
Subject: SBD Msg From Unit: 300224010734970
MIME-Version: 1.0
Content-Type: multipart/mixed;boundary="SBD.Boundary.605592468"
Message-Id: <19740412024625.F8075EFA735380D6@istbsp02.sbd.iridium.com>
Date: Wed, 18 Apr 2012 16:00:54 +0000 (GMT)
X-NOCS-MailScanner-Information: Please contact the ISP for more information
X-NOCS-MailScanner-ID: q3IG0uLt005834
X-NOCS-MailScanner: Found to be clean
X-NOCS-MailScanner-SpamCheck: not spam (whitelisted),
	SpamAssassin (not cached, score=-2.599, required 5,
	autolearn=not spam, BAYES_00 -2.60)
X-NOCS-MailScanner-From: sbdservice@sbd.iridium.com
X-Spam-Status: No

SBM Message
--SBD.Boundary.605592468
PROCESS /noc/users/iridburst/exec/irid_300224010734970_upd.pl
Last Run  ----1970-01-01 00:00:00 
MONTH  5 
DATA  xxrecord 2012-04-17 15:00:05 :: $W5M5A,120417,150005,660d0028449ce246,1,DAS 2,,,5.2,231,12.8,14.2,8.8,75.2,4.7,8.9,75.0,4.7,998.3,0,0,28.6,27,71*71
 
STATION sbdservice
IRID_ID 300224010734970
BODY --

From sbdservice@sbd.iridium.com Wed Apr 18 18:00:49 2012
Return-Path: <sbdservice@sbd.iridium.com>
Received: from istbsp01.sbd.iridium.com (outbound.sbd.iridium.com [12.47.179.11])
	by mercury.noc.soton.ac.uk (8.13.1/8.12.11) with ESMTP id q3IH0hS1013615
	for <iridburst@noc.soton.ac.uk>; Wed, 18 Apr 2012 18:00:43 +0100
Reply-To: <sbdservice@sbd.iridium.com>
From: sbdservice@sbd.iridium.com
To: iridburst@noc.soton.ac.uk
Subject: SBD Msg From Unit: 300224010734970
MIME-Version: 1.0
Content-Type: multipart/mixed;boundary="SBD.Boundary.605592468"
Message-Id: <19740412024625.410F6DC8FF3F700B@istbsp01.sbd.iridium.com>
Date: Wed, 18 Apr 2012 17:00:43 +0000 (GMT)
X-NOCS-MailScanner-Information: Please contact the ISP for more information
X-NOCS-MailScanner-ID: q3IH0hS1013615
X-NOCS-MailScanner: Found to be clean
X-NOCS-MailScanner-SpamCheck: not spam (whitelisted),
	SpamAssassin (not cached, score=-2.599, required 5,
	autolearn=not spam, BAYES_00 -2.60)
X-NOCS-MailScanner-From: sbdservice@sbd.iridium.com
X-Spam-Status: No

SBM Message
--SBD.Boundary.605592468
PROCESS /noc/users/iridburst/exec/irid_300224010734970_upd.pl
Last Run  ----1970-01-01 00:00:00 
MONTH  5 
DATA  xxrecord 2012-04-17 15:00:05 :: $W5M5A,120417,150005,660d0028449ce246,1,DAS 2,,,5.2,231,12.8,14.2,8.8,75.2,4.7,8.9,75.0,4.7,998.3,0,0,28.6,27,71*71
 
STATION sbdservice
IRID_ID 300224010734970
BODY --

From sbdservice@sbd.iridium.com Wed Apr 18 19:00:51 2012
Return-Path: <sbdservice@sbd.iridium.com>
Received: from istbsp01.sbd.iridium.com (outbound.sbd.iridium.com [12.47.179.11])
	by mercury.noc.soton.ac.uk (8.13.1/8.12.11) with ESMTP id q3II0lwg023223
	for <iridburst@noc.soton.ac.uk>; Wed, 18 Apr 2012 19:00:47 +0100
Reply-To: <sbdservice@sbd.iridium.com>
From: sbdservice@sbd.iridium.com
To: iridburst@noc.soton.ac.uk
Subject: SBD Msg From Unit: 300224010734970
MIME-Version: 1.0
Content-Type: multipart/mixed;boundary="SBD.Boundary.605592468"
Message-Id: <19740412024625.6BE47CEABF1D8286@istbsp01.sbd.iridium.com>
Date: Wed, 18 Apr 2012 18:00:47 +0000 (GMT)
X-NOCS-MailScanner-Information: Please contact the ISP for more information
X-NOCS-MailScanner-ID: q3II0lwg023223
X-NOCS-MailScanner: Found to be clean
X-NOCS-MailScanner-SpamCheck: not spam (whitelisted),
	SpamAssassin (not cached, score=-2.599, required 5,
	autolearn=not spam, BAYES_00 -2.60)
X-NOCS-MailScanner-From: sbdservice@sbd.iridium.com
X-Spam-Status: No

SBM Message
--SBD.Boundary.605592468
PROCESS /noc/users/iridburst/exec/irid_300224010734970_upd.pl
Last Run  ----1970-01-01 00:00:00 
MONTH  5 
DATA  xxrecord 2012-04-17 15:00:05 :: $W5M5A,120417,150005,660d0028449ce246,1,DAS 2,,,5.2,231,12.8,14.2,8.8,75.2,4.7,8.9,75.0,4.7,998.3,0,0,28.6,27,71*71
 
STATION sbdservice
IRID_ID 300224010734970
BODY --

From sbdservice@sbd.iridium.com Wed Apr 18 20:01:12 2012
Return-Path: <sbdservice@sbd.iridium.com>
Received: from istbsp02.sbd.iridium.com (outbound.sbd.iridium.com [12.47.179.11])
	by mercury.noc.soton.ac.uk (8.13.1/8.12.11) with ESMTP id q3IJ17st029599
	for <iridburst@noc.soton.ac.uk>; Wed, 18 Apr 2012 20:01:07 +0100
Reply-To: <sbdservice@sbd.iridium.com>
From: sbdservice@sbd.iridium.com
To: iridburst@noc.soton.ac.uk
Subject: SBD Msg From Unit: 300224010734970
MIME-Version: 1.0
Content-Type: multipart/mixed;boundary="SBD.Boundary.605592468"
Message-Id: <19740412024625.A4365FFAB751B43F@istbsp02.sbd.iridium.com>
Date: Wed, 18 Apr 2012 19:01:04 +0000 (GMT)
X-NOCS-MailScanner-Information: Please contact the ISP for more information
X-NOCS-MailScanner-ID: q3IJ17st029599
X-NOCS-MailScanner: Found to be clean
X-NOCS-MailScanner-SpamCheck: not spam (whitelisted),
	SpamAssassin (not cached, score=-2.599, required 5,
	autolearn=not spam, BAYES_00 -2.60)
X-NOCS-MailScanner-From: sbdservice@sbd.iridium.com
X-Spam-Status: No

SBM Message
--SBD.Boundary.605592468
PROCESS /noc/users/iridburst/exec/irid_300224010734970_upd.pl
Last Run  ----1970-01-01 00:00:00 
MONTH  5 
DATA  xxrecord 2012-04-17 15:00:05 :: $W5M5A,120417,150005,660d0028449ce246,1,DAS 2,,,5.2,231,12.8,14.2,8.8,75.2,4.7,8.9,75.0,4.7,998.3,0,0,28.6,27,71*71
 
STATION sbdservice
IRID_ID 300224010734970
BODY --

From sbdservice@sbd.iridium.com Wed Apr 18 21:00:51 2012
Return-Path: <sbdservice@sbd.iridium.com>
Received: from istbsp01.sbd.iridium.com (outbound.sbd.iridium.com [12.47.179.11])
	by mercury.noc.soton.ac.uk (8.13.1/8.12.11) with ESMTP id q3IK0lk2002879
	for <iridburst@noc.soton.ac.uk>; Wed, 18 Apr 2012 21:00:48 +0100
Reply-To: <sbdservice@sbd.iridium.com>
From: sbdservice@sbd.iridium.com
To: iridburst@noc.soton.ac.uk
Subject: SBD Msg From Unit: 300224010734970
MIME-Version: 1.0
Content-Type: multipart/mixed;boundary="SBD.Boundary.605592468"
Message-Id: <19740412024625.2B265CD9372D4871@istbsp01.sbd.iridium.com>
Date: Wed, 18 Apr 2012 20:00:47 +0000 (GMT)
X-NOCS-MailScanner-Information: Please contact the ISP for more information
X-NOCS-MailScanner-ID: q3IK0lk2002879
X-NOCS-MailScanner: Found to be clean
X-NOCS-MailScanner-SpamCheck: not spam (whitelisted),
	SpamAssassin (not cached, score=-2.599, required 5,
	autolearn=not spam, BAYES_00 -2.60)
X-NOCS-MailScanner-From: sbdservice@sbd.iridium.com
X-Spam-Status: No

SBM Message
--SBD.Boundary.605592468
PROCESS /noc/users/iridburst/exec/irid_300224010734970_upd.pl
Last Run  ----1970-01-01 00:00:00 
MONTH  5 
DATA  xxrecord 2012-04-17 15:00:05 :: $W5M5A,120417,150005,660d0028449ce246,1,DAS 2,,,5.2,231,12.8,14.2,8.8,75.2,4.7,8.9,75.0,4.7,998.3,0,0,28.6,27,71*71
 
STATION sbdservice
IRID_ID 300224010734970
BODY 
Content-Type: text/plain;charset=US-ASCII
Content-Disposition: inline
Content-Transfer-Encoding: 7bit

MOMSN: 2755
MTMSN: 0
Time of Session (UTC): Wed Apr 18 20:00:48 2012
Session Status: 13 - Incomplete Transfer
Message Size (bytes): 0

Unit Location: Lat = 50.943973 Long = -1.594302
CEPradius = 21



-- 
This message has been scanned for viruses and
dangerous content by MailScanner, and is
believed to be clean.


--SBD.Boundary.605592468
PROCESS /noc/users/iridburst/exec/irid_300224010734970_upd.pl
Last Run  ----1970-01-01 00:00:00 
MONTH  5 
DATA  xxrecord 2012-04-17 15:00:05 :: $W5M5A,120417,150005,660d0028449ce246,1,DAS 2,,,5.2,231,12.8,14.2,8.8,75.2,4.7,8.9,75.0,4.7,998.3,0,0,28.6,27,71*71
 
STATION sbdservice
IRID_ID 300224010734970
BODY 
Content-Type: application/x-zip-compressed; name="SBMmessage.sbd"
Content-Disposition: attachment; filename="300224010734970_002755.sbd"
Content-Transfer-Encoding: base64

JFc1TTVBLDEyMDQxOCwyMDAwMDUsNjYwZDAwMjg0NDljZTI0NiwxLERBUyAy
LDUwNTMuNTQyMU4sMTIzLjcyNDFXLDIuNSwzMDQsNi41LDEwLjQsOC40LDg1
LjgsNi4yLDguNSw4NS44LDYuMiw5NzguOCwwLDAsMjguNiwzNTUsNzQqNTkN
Cg0KJFc1TTVBLDEyMDQxOCwyMDAwMDUsNjYwZDAwMjg0NDljZTI0NiwyLERB
UyAyLDEzLjAsMTMuMSwwLjIsMC40LDAuMDEsNTkxLDU5NCwxNTcsNjI5LDAs
MTAuOSwxNC4yNyw5MjcqNTINCg0KJFc1TTVBLDEyMDQxOCwyMDAwMDUsNjYw
ZDAwMjg0NDljZTI0NiwzLDdGMDA3NTAyM0EwMDAwNTMzMjMwMzEzMjMwMzQz
MTM4MzEzOTM0MzAzMDMwNTU1QjAwMzEzMjMwMzQzMTM4MzEzOTM0MzAyQzU0
NDE0MjMwMzAzMDMwMzAyQzJEMzAzNTMxMkUzMTJDMkMzMTMyMkUzNTMwMkMz
NDJFMzAyQzMzMzYzMDMwMkMzNjMwMkMzNjMwMkMzMTJDMzAzMDM1MzczMDJD
MzMyRTM0MzIyQzMxMkUzMjM2MkMzMTMyMzQyQzMwMkMzMDJFMzEzNzMyMkMy
QjMwMzAyRTMwMEQwQUVFMTA5MzFEMDFGQTdGMDA2NzAyM0EwMDAwNTczMjMw
MzEzMjMwMzQzMTM4MzEzOTM0MzAzMDMwRkY0RDAwMDA4MEZCNDQwMDAwRDE0
MzAwNzQzRDQ4MDAwMDExNDMxRjY4MzYzQThFQkRCMTQwNDA5Q0ZEM0FCMjY1
OEEzQTk2RjMxMjQxODA5MEI4M0EwQjgyNTU0MUVFQTBCODQwNDk5MkU0NDE0
NEZFRDY0MTZBMTdCNzNBNUZBM0IxNDNDNjZCOTQ0MjgxRDYyMjMxODYxRjI1
NUZEMEEzN0YwNEJFMDIzQTAwMDA0QjU2NDgyMDM3MzIzMDMxMzIzMDM0MzEz
ODMxMzkzNDMwMzAzMDYxMDAwMDAwOEZDMkY1M0MwQUQ3QTMzQjYwQTNCMTQz
QzE2Qjk0NDI3QzVCOEI0MEZBNkU5NzQyNjY4Q0IzNDM3RjhEOTY0MjMzQjlB
RDQzNUE3NjlGNDJCMDA0NEE0MzM0RDQ5NzQyMTg2MzEzNDM2ODY1OUU0MjNC
Q0ZBRTQzOUEyQjk5NDIxOTY0OTk0Mzg3NzA4OTQyRUE5Mzk0NDM4NzZBODE0
MjBENDU5RTQzQzIwMTg0NDI2RjA0QTQ0M0MwOEM4MTQyM0M2MkE5NDNEODNC
N0U0MjA1NEUyOTQxQUU3RjhCNDJBNTkwOTE0MkJDRDQ4QjQyRDM5MEIzNDI2
QkRFODk0Mjk0OUU5NTQyNzA4Mzk2NDJBNzUzMDM0MzdDRDI5ODQyNEU5QTA3
NDM3MDRFOEI0Mjc3OTYwNDQzRjQwNjg1NDI4NEUzMTE0Mzg5RDI4RTQyOTBD
QzE5NDNCOTI2OTY0MkRBRkNDRTQyQzdFNDhDNDJEMjY3OUY0MjdBRkE5NjQy
NkJGMkE5NDNEMUIyOUM0Mjk1QTQwMTQyQzFFQjk3NDJCREY0M0I0MkQ3ODQ5
NzQyRDhGNDk4NDMzMzJFOUI0MjNFMUU4NTQzRjI1MzlFNDI3QzNEQjY0MjMz
QTU4QjQyNUJEMUFENDIxMDZBODE0MkQ5MEY3NjQyRkM1MjhBNDI5MjI0MTA0
MkIwNTc4NTQyNEQwQTdDNDI1MjI5N0I0Mjg4OTlDNzQyMDAyOTgxNDJDREUx
QjE0MzA5QzE4QzQyQjc3NEE0NDM0QTk5NzE0MkZDRjU5OTQzMDUzMjg0NDJB
MEM4ODE0M0VFMUI5NDQyM0ZDMzI5NDNDNkNFOUE0MkM3NDBBNzQxQjVENTk3
NDI4RUFGMTQ0MTIyRjE4ODQyMzE0OEY4NDEwM0RGOTU0MjZBODIxQTQzODgy
RTk3NDIwM0FEM0Y0MjUyMjQ4RjQyRjFDMUVBNDE2QTMyNkQ0MkNBQzdEQzQx
RTE2Njg0NDIzOEVDNjI0MjIxRUI5QTQyMTFEQUE1NDJDQjY0OUU0MkJDNTFB
RTQzODczODlBNDJGQjMyQTY0M0VBNUU5ODQyQzYwMjEwNDIyNjUyOUU0MkJD
N0E4MjQyMTAwRDk5NDIzMUQ0Qzc0MjVGNEI5QTQyQjUyQTJBNDNCRTdFOTc0
MkY5M0NFQTQyNENEODk1NDJDOTAyQjY0MjgyMzE4QjQyRUUyMUE5NDIzMzJD
OTU0MjBBQTg5NzQyNDk3MjlDNDI1QTZFQjE0MjkzNUU5QzQyMTE0Q0JGNDIy
NjNDOTQ0MjQ3RURFQjQyRkJBRjhFNDIzNjE0MTY0M0MyRDM4QjQyQzRBOTI4
NDNDMTg5OTE0MjhEMTQ3MzQzQ0YyRjhGNDIwODcxODE0M0M3MDI3RTQyQTA4
QTg3NDNGNjc2ODQ0MjhCQjg5QTQzQ0MyNTg5NDI3NjRDQjE0MzMwMTc5ODQy
OUE1Q0M1NDJDOTg4OTQ0Mjg5NjVBMzQyQTBDMjhGNDI2NzRCOTc0MjI0Nzg4
QzQyOTJCRURBNDI2OEM4OEY0MkY4MjlFOQ==

--SBD.Boundary.605592468
PROCESS /noc/users/iridburst/exec/irid_300224010734970_upd.pl
Last Run  ----1970-01-01 00:00:00 
MONTH  5 
DATA  xxrecord 2012-04-18 20:00:05 :: $W5M5A,120418,200005,660d0028449ce246,1,DAS 2,5053.5421N,123.7241W,2.5,304,6.5,10.4,8.4,85.8,6.2,8.5,85.8,6.2,978.8,0,0,28.6,355,74*59
 
INSERT
STATION sbdservice
IRID_ID 300224010734970
BODY 
Content-Type: application/x-zip-compressed; name="SBMmessage.sbd"
Content-Disposition: attachment; filename="300224010734970_002756.sbd"
Content-Transfer-Encoding: base64

JFc1TTVBLDEyMDQxOCwyMTAwMDUsNjYwZDAwMjg0NDljZTI0NiwxLERBUyAy
LCwsMi44LDI1OCw2LjMsMTAuMyw4LjIsODYuOCw2LjEsOC4yLDg2LjcsNi4x
LDk3OS41LDAsMCwyNSwzMzgsNzIqNkUNCg0KJFc1TTVBLDEyMDQxOCwyMTAw
MDUsNjYwZDAwMjg0NDljZTI0NiwyLERBUyAyLDEyLjksMTMuMSwwLjIsMC41
LDAuMDEsNTkxLDU5NCwxNTcsNjI5LDAsMTAuOSwxMy44OCw5MzAqNUUNCg0K
JFc1TTVBLDEyMDQxOCwyMTAwMDUsNjYwZDAwMjg0NDljZTI0NiwzLDdGMDA3
NTAyM0EwMDAwNTMzMjMwMzEzMjMwMzQzMTM4MzIzMDM0MzAzMDMwNTU1QjAw
MzEzMjMwMzQzMTM4MzIzMDM0MzAyQzU0NDE0MjMwMzAzMDMwMzAyQzJEMzAz
NTMxMkUzMTJDMkMzMTMyMkUzNDM5MkMzNDJFMzAyQzMzMzYzMDMwMkMzNjMw
MkMzNjMwMkMzMTJDMzAzMDM1MzczMDJDMzMyRTM0MzIyQzMxMkUzMjM2MkMz
MTMyMzUyQzMwMkMzMDJFMzEzNzMyMkMyQjMwMzAyRTMwMEQwQUVGMTA4RUQ0
MERBQjdGMDA2NzAyM0EwMDAwNTczMjMwMzEzMjMwMzQzMTM4MzIzMDM0MzAz
MDMwRkY0RDAwMDA4MEZCNDQwMDAwRDE0MzAwMzg0NzQ4MDAwMDA1NDM3MzNF
NEIzQTgwRTZCRTQwRjUyRDAxM0JGQUI5OUEzQTM3NzIxMTQxNjkzN0NEM0FG
RTIzNTQ0MUJFN0VCRDQwMDAwMEM4NDE4RTQwQjc0MUI3RUNDNDNBM0JCQ0E4
NDM0REQ3OEY0MjE2QTk1MDMxQzUxREE5MkFBMzY4N0YwNEE2MDIzQTAwMDA0
QjU2NDgyMDM3MzIzMDMxMzIzMDM0MzEzODMyMzAzNDMwMzAzMDVGMDAwMDAw
OEZDMkY1M0MwQUQ3QTMzQjM4QkNBODQzNEZENzhGNDIyODY0ODA0MzU2RkQ5
MDQyQTFBODUyNDMzMDJGODk0Mjc4ODM0RDQzRTUwODg5NDJGNEZGNjY0MDY3
OTk5RDQyODU2RTEyNDI3QzJGOEE0Mjc3ODYwMTQyQTI3NzhBNDJBRTlBRkM0
MTJBNzg5MzQyNENGRkMyNDI0NDk0OUY0MkUyRUNBQjQzMDEzNjhENDIwQ0Y5
QjI0MzgzRDk4MzQyMEMxQUFDNDFFNzg1OTc0MjM5RDIzMTQyMEY1MTlFNDJD
QjVDRkQ0MTI0M0I5NzQyQjcwNjNBNDJBQjk1OTc0MkEzRTkxMDQzRDIxRTkz
NDI5OTYyM0M0MzQ5OTE4ODQyOTIzQTYyNDMxRkEzOTM0MjIzN0NDNDQxQTI1
Qjk0NDJGOUQzNDE0MjM1QjA4NTQyRUU0ODc5NDJBMkQwOEY0Mjk5MDgxOTQz
REM0Mjk5NDJCQkJGMzQ0MzJGMjM5MDQyMUU2QTFENDM4QzE2OTE0MkE0NDkw
OTQzQUVDNTlBNDIxMEU5NDk0M0NDNzM5MjQyRTQyQzQwNDNGMkY1ODY0MkEw
ODEyMTQzMEYwRjhFNDIyRjY4MUI0MzhBMzE4RTQyOUNBMDFGNDNBRjk0ODk0
MjQ2QzEwOTQzNUQxNzlDNDI5Q0ZCQUE0M0YzRDc4RjQyNEFEN0IyNDNCODZF
OUM0MjFGM0MxODQzNUUyNTlFNDJCREQ1QUI0MUJCQjk5NTQyMTBFNkI3NDJD
MkRBODA0MkQwMDlDQjQyNEQ5MDg0NDJFQjQ0OTU0MjYyQzg5QzQyRjJDNzk3
NDNBMTE2ODc0MjY3M0M5MzQzN0ZCOTg4NDJBMkU4Nzg0MzhENTU5QTQyMDRG
RDJCNDNEMjRFOUU0MjNFNUY3NjQzQ0E5RTkzNDJGNkZENzE0MzY4RTU4NzQy
RjM5QzM5NDM2NTJDOUM0MjA3MThFNjQyMDhCMTc5NDJEMEFCMDQ0M0E1MzU3
QTQyRDIwNjJBNDMwQjVFOTc0MjM4MjU4RjQzODg0NDkyNDI1MDZDODQ0M0E2
MDA5NjQyQzJDMjc1NDMyNEU0ODg0MjBDMTM4MzQzRURFQjgxNDIyQTUyODQ0
MzAyM0M4RDQyQzVGNzZENDNBMDkxOTI0MjdBQjU2QTQzNjk3RDhCNDIwMDdF
Njg0M0VFMzc5NTQyMTkzMzBDNDMxRjk1OUU0MjE0REQ1NzQzMEVFQTkwNDIy
RUExNUU0M0U3NTQ4NDQyOERCMDY2NDM0QzgzOTI0MkQwQTY4QjQzNDlDRjlC
NDIwOEI3OEM0MjhFMzE5RTQyQUM4NUVCNDJGNkJGOTQ0MjJFRTQyMjQzM0M1
OTk2NDJEQUZDOTM0M0Y3NTY5ODQyNUZCNjlCNDMzMjc4OTI0MkNFRjg4MDQz
NzYxQjk3NDJFODUwMzU0M0U3MTY5MzQyN0M1QTM4NDNCRDM5OTA0MjlEM0Iy
QzQzNzNGNzkyNDJGOTAxRTM0MjdGMzI4RDQyOThFMjg1NDIwQzc2OEQ0Mjkw
MEY0NzQyQUJEQzkzNDJDQTM1Rjg0MkUzNw==

--SBD.Boundary.605592468
PROCESS /noc/users/iridburst/exec/irid_300224010734970_upd.pl
Last Run  ----1970-01-01 00:00:00 
MONTH  5 
DATA  xxrecord 2012-04-18 21:00:05 :: $W5M5A,120418,210005,660d0028449ce246,1,DAS 2,,,2.8,258,6.3,10.3,8.2,86.8,6.1,8.2,86.7,6.1,979.5,0,0,25,338,72*6E
 
INSERT
STATION sbdservice
IRID_ID 300224010734970
BODY 
Content-Type: application/x-zip-compressed; name="SBMmessage.sbd"
Content-Disposition: attachment; filename="300224010734970_002757.sbd"
Content-Transfer-Encoding: base64

JFc1TTVBLDEyMDQxOCwyMjAwMDUsNjYwZDAwMjg0NDljZTI0NiwxLERBUyAy
LDUwNTMuNTQyNU4sMTIzLjcxNThXLDMuNywyNTYsOC4wLDEwLjEsNy40LDg2
LjUsNS4zLDcuNSw4Ni4xLDUuMyw5ODAuMSwwLDAsMjguNiwzNDksNjkqNTQN
Cg0KJFc1TTVBLDEyMDQxOCwyMjAwMDUsNjYwZDAwMjg0NDljZTI0NiwyLERB
UyAyLDEyLjksMTMuMSwwLjIsMC40LDAuMDEsNTkxLDU5NCwxNTcsNjMwLDAs
MTAuOSwxMy44OCw5MjYqNTMNCg0KJFc1TTVBLDEyMDQxOCwyMjAwMDUsNjYw
ZDAwMjg0NDljZTI0NiwzLDdGMDA3NTAyM0EwMDAwNTMzMjMwMzEzMjMwMzQz
MTM4MzIzMTM0MzAzMDMwNTU1QjAwMzEzMjMwMzQzMTM4MzIzMTM0MzAyQzU0
NDE0MjMwMzAzMDMwMzAyQzJEMzAzNTMxMkUzMTJDMkMzMTMyMkUzNDM1MkMz
NDJFMzAyQzMzMzYzMDMwMkMzNjMwMkMzNjMwMkMzMTJDMzAzMDM1MzczMDJD
MzMyRTM0MzIyQzMxMkUzMjM2MkMzMTMyMzYyQzMwMkMzMDJFMzEzNzMzMkMy
QjMwMzAyRTMwMEQwQUVFMTBERDJDRkFENjdGMDA2NzAyM0EwMDAwNTczMjMw
MzEzMjMwMzQzMTM4MzIzMTM0MzAzMDMwRkY0RDAwMDA4MEZCNDQwMDAwRDE0
MzAwRkM1MDQ4MDAwMDA5NDM4M0U2MkUzQTM3QUJCODQwREUxNUZGM0E1NTk5
ODczQUJEQkIxRTQxNzZDQUE5M0ExQkUxNTk0MTFENjBCRDQwNDk5MkU0NDFD
NDlBRTk0MTZFQTRCMjNBNjQ1NUFFNDMyOEE4OEE0MjI2Q0ZFMzMwNjMyMDIy
QjkyQjVFN0YwNEQ2MDIzQTAwMDA0QjU2NDgyMDM3MzIzMDMxMzIzMDM0MzEz
ODMyMzEzNDMwMzAzMDYzMDAwMDAwOEZDMkY1M0MwQUQ3QTMzQjY2NTVBRTQz
MjdBODhBNDI3RUM5OTk0MzU5M0U3RDQyQkNBQkEwNDNCRjU4ODI0MkFBN0M3
NjQwMkNFQzk1NDJDQzMzMDQ0MzQ4MEI5NDQyNDU3MkVCNDIxMUJFOTQ0MjYy
QjNEMDQyQkRCNzg5NDJGMTYxREY0Mjc3QjY4MzQyOTUzNUI3NDIxQUM3ODc0
MkU5OEU4NjQyMDU1Mjk0NDJEREJFNUI0MkU2MDQ4RDQyNzUyRDk3NDJFM0E0
ODE0Mjk2MTdCRjQyOEFDNDgwNDI0NzhGMUM0MzI5Mjk5NzQyM0Q0NTY5NDM2
RjZGODU0MkYyOUM2RTQzREY5MDg3NDIzRTFDMzA0M0NEQjE5NzQyQURGNkVD
NDI4NjY2OEI0MkY3RTRCOTQyOThBMDkwNDI5Q0MzOUE0M0E2ODA5QjQyNkEw
MDg1NDNFN0NEOEE0MjA2MEJFMTQxMEYxMTlGNDJCNzA2NzA0MjFCNjA4RDQy
Mjc4NEEyNDI0MEYzODk0MkM5MTJCMDQyNzJBMThFNDIxNkIxMjg0MkY5NjI5
NzQyQkM2MUFBNDNEREZDOTA0MkFCNEU5QzQzOEIyNjkwNDI2MkExODM0MzYz
NTI5NTQyREM1NzdFNDNGQkZFOTE0MkEyQjI4MjQzRDY3MjlDNDJGQzlGOEE0
Mjk1NUQ5QjQyNkRCNTYxNDJGREZCOTM0MjEwQkE5QjQyMTEwMjhGNDI3MTJC
QjI0MzU1ODQ5QjQyODc4NDk0NDNDQjRCOEM0MjQ4NTM5MDQzMDhBODk2NDIw
RTBFOEM0MjRFQUY5NzQyMEZCQUI4NDJEQzNCOTI0MkNCQjBFQjQyODg0OTk2
NDI5NTlCOUQ0MjVBQTk5MTQyQUJBRTdDNDJGNEYyOEU0MjlCQ0Q0RTQyMTRC
Nzk0NDJEMjI5Mjg0MjMwRUM5MzQyQkQwQjhDNDJBNkI3OUI0MjFEQUQxRTQz
NURBMTk0NDJDRkFGMjc0M0ZERTc5NDQyQkI0QjgyNDMwOEY4OTM0MkEwMDQ5
MjQzQzE4QjkzNDJGOTdEMEY0MUJBQ0U5NjQyQUM2QjRFNDEwRTRGOEI0Mjc1
Mzg1NDQxNkZBMDhCNDI3QzY2QkE0MjMwMUU5QjQyNTc3MzNGNDMxQzY4OTY0
Mjg4NDI4NTQzMkQ1NTk3NDI4RThCQjE0M0ZBQTM5NzQyNkY2OTQ4NDMwOTY1
OTk0MjNCQ0MyNzQzQkU4NDkxNDI5QzI0MEI0MzFEMkM4RjQyRkIzQjg1NDNB
MDg4OUI0MkNCNTE4RjQzMUU0MzdENDIyRDhGOEM0M0NGNTM4MTQyMzgzOUE0
NDMwQTg4OTE0MkVEMjUyRDQxMzhGRDhFNDIxNUFGREY0MjA1M0M5QjQyNkRC
RjM5NDMwODc4OTE0MjMzODk1QTQzOUQ3RjkwNDIyMjYxNUE0M0YxRDc5OTQy
RTUwNDFCNDNFOEU1OTc0MkQ2N0IyRjQzREJFMzk5NDI3NUY3MTM0M0Y4Mjk5
ODQyQUZFQjAxNDNCN0FFOTE0MjBGMjdDRQ==

--SBD.Boundary.605592468
PROCESS /noc/users/iridburst/exec/irid_300224010734970_upd.pl
Last Run  ----1970-01-01 00:00:00 
MONTH  5 
DATA  xxrecord 2012-04-18 22:00:05 :: $W5M5A,120418,220005,660d0028449ce246,1,DAS 2,5053.5425N,123.7158W,3.7,256,8.0,10.1,7.4,86.5,5.3,7.5,86.1,5.3,980.1,0,0,28.6,349,69*54
 
INSERT
STATION sbdservice
IRID_ID 300224010734970
BODY 
Content-Type: application/x-zip-compressed; name="SBMmessage.sbd"
Content-Disposition: attachment; filename="300224010734970_002758.sbd"
Content-Transfer-Encoding: base64

JFc1TTVBLDEyMDQxOCwyMzAwMDUsNjYwZDAwMjg0NDljZTI0NiwxLERBUyAy
LCwsMy45LDI3NSw5LjAsOS44LDcuNiw4Ni41LDUuNSw3LjYsODYuNSw1LjUs
OTgwLjUsMCwwLDI1LDMwMSw3MCo1RA0KDQokVzVNNUEsMTIwNDE4LDIzMDAw
NSw2NjBkMDAyODQ0OWNlMjQ2LDIsREFTIDIsMTIuOSwxMy4wLDAuMiwwLjQs
MC4wMSw1OTEsNTk0LDE1Nyw2MzAsMCwxMS4xLDEzLjg4LDkyOCo1NA0KDQok
VzVNNUEsMTIwNDE4LDIzMDAwNSw2NjBkMDAyODQ0OWNlMjQ2LDMsN0YwMDc1
MDIzQTAwMDA1MzMyMzAzMTMyMzAzNDMxMzgzMjMyMzQzMDMwMzA1NTVCMDAz
MTMyMzAzNDMxMzgzMjMyMzQzMDJDNTQ0MTQyMzAzMDMwMzAzMDJDMkQzMDM1
MzEyRTMxMkMyQzMxMzIyRTM0MzUyQzM0MkUzMDJDMzMzNjMwMzAyQzM2MzAy
QzM2MzAyQzMxMkMzMDMwMzUzNzMwMkMzMzJFMzQzMjJDMzEyRTMyMzYyQzMx
MzIzNzJDMzAyQzMwMkUzMTM3MzIyQzJCMzAzMDJFMzAwRDBBRUYxMERFNjM0
MTlEN0YwMDY3MDIzQTAwMDA1NzMyMzAzMTMyMzAzNDMxMzgzMjMyMzQzMDMw
MzBGRjREMDAwMDgwRkI0NDAwMDBEMTQzMDBDMDVBNDgwMDAwRjA0MjVFMEE1
NjNBNUM4MUQ1NDAwRDAxMjAzQkNFQzNBQjNBRkFEOTJGNDEzOTlGRTUzQUEz
RUE4MDQxOEU0RUMzNDAwMDAwQzg0MTRERDREMzQxNTIzNEQ3M0E5QzVCOTY0
M0NDMEE4QzQyMjg4RTQ3MzE1QTFFQTNFMkY0RUM3RjA0OUEwMjNBMDAwMDRC
NTY0ODIwMzczMjMwMzEzMjMwMzQzMTM4MzIzMjM0MzAzMDMwNUUwMDAwMDA4
RkMyRjUzQzBBRDdBMzNCOUU1Qjk2NDNDODBBOEM0MkUyRjEyNDQyOUYxMDhD
NDIzNDhDQjI0MzIxRDE5MTQyM0YwNjk2NDNCQkI2ODQ0MkE4MzM4QTQzQjM4
QjdCNDIwODQwODE0M0YyODA5MzQyQTUwNUIzNDM4ODdCOUU0MkVCMjU1MzQz
NjM3NDlBNDI3RUUzNEI0M0JDMTE4QTQyQkNCQjVBNDM4NDg4OTM0MkUyMjg4
QzQzQkZFNzlCNDI1RDMwOTE0MzBEMzQ4ODQyMDdERThGNDM1NEM2NzQ0MjM3
MjM4RjQzRDA3NThCNDI1RDQxNjM0M0I5NDk5NjQyQzA0MDU0NDNGQTAwOEM0
MjVDNTI3NDQzOUMwOThFNDJCMEUzN0Y0M0Q1OEU5NDQyRjA1ODdBNDMzRDY5
OTc0MjgzOEQ4NTQzNzk0QThBNDI5MDM2OEU0MzM0MEY4MDQyREMyNDgzNDNC
RDAzODk0MjU4NUEzMjQzRkQ2QjkwNDJCODQwMEY0M0ZBNkM4NjQyNThFRDFG
NDNCNERDODY0MjU2Q0Y0MzQzOTdFRDg5NDIwNDVEN0E0MzU3Rjk4RjQyRjJD
Mjg2NDM3RUNGOTU0MjQ3N0NDQzQyREQxQTlFNDI1ODgwQTk0MjBGREQ5NDQy
QTlGNzRGNDNGQTA5OUY0MjkxRjE1OTQzQUNCOTkyNDIzNzI3Njc0MzE2NkY4
NjQyRkM3MTc3NDNDMEY3NzI0MjU0Nzg2RDQzMjVFMzk1NDI2NTk0MjY0M0Ew
MkU4RjQyMDA4RTM1NDNCOUVGODc0MjJDNjA1RTQzNjRBQjg5NDI2QTE1ODQ0
MzI3MTc4MTQyNjg0QThENDNFQ0IwNzI0MjZDMkQ4RjQzRDBBMDhBNDJCNEU4
N0U0MzkwMTI5MTQyOUUyMTdBNDMwMDFCOTU0MkMyNEE5MzQzNjNERjkxNDI3
Njk5OEE0MzdFRjI4NDQyRUMyNzcxNDNERDdCODA0MjY5QzI2QzQzRkQ0MTZE
NDIxNDYwNzY0M0ZFNTI3RjQyMEIzQUY3NDJFMTdFOUQ0MkI1MUQwODQzRTlD
OTk4NDIwN0VDNDM0MzM3NkI5OTQyNTAzOUEwNDI3REFDOTg0MkJEMEJCMTQy
MDg4MTg0NDI2MkJDMUE0MzY4NEY5MDQyNEVGMjcwNDM4MjQ4OEU0MkQ2Rjk4
OTQzOTUwODhDNDJBREI5OTE0MzQxNjM4QTQyNzg4OEE0NDM2NjI4OEE0MkEw
MURBQzQwQ0ExQzg1NDIzOENBMDY0MjhBRUY4QzQyRTYxN0EwNDJBMDZFOTc0
MjgyMEU5QTQzQzg1MDlCNDIwQzJENTY0MzVEQTBBMTQyNzk3OUVENDIwRDEz
OTQ0MkNCRTJERTQyMDcwNzkwNDI5OTQ4RkM0Mjk4QUY5MzQyMzEwMDQ5NDM2
Q0M5OEQ0MjlDNzE2MDQzMTcwOTg1NDI4RDkyNTE0MzRBNjY5NDQyMkFDNzM5
NDJCQzY5OTY0MjdGQTFBODQzQjBFRDhFNDIwMjU0OTE0Mzc3RjQ4MDQyRTMz
OTg2NDM4NjQ3NzE0MjEwODk2RjQzNDVFOA==

--SBD.Boundary.605592468
PROCESS /noc/users/iridburst/exec/irid_300224010734970_upd.pl
Last Run  ----1970-01-01 00:00:00 
MONTH  5 
DATA  xxrecord 2012-04-18 23:00:05 :: $W5M5A,120418,230005,660d0028449ce246,1,DAS 2,,,3.9,275,9.0,9.8,7.6,86.5,5.5,7.6,86.5,5.5,980.5,0,0,25,301,70*5D
 
INSERT
STATION sbdservice
IRID_ID 300224010734970
BODY 
Content-Type: application/x-zip-compressed; name="SBMmessage.sbd"
Content-Disposition: attachment; filename="300224010734970_002759.sbd"
Content-Transfer-Encoding: base64

JFc1TTVBLDEyMDQxOSwwMDAwMDUsNjYwZDAwMjg0NDljZTI0NiwxLERBUyAy
LDUwNTMuNTQ3NE4sMTIzLjcxMzNXLDQuMCwyNTYsOC40LDkuNyw3LjcsODQu
Niw1LjMsNy43LDg0LjgsNS4zLDk4MC44LDAsMCwyOC42LDMzMSw3MCo2Mw0K
DQokVzVNNUEsMTIwNDE5LDAwMDAwNSw2NjBkMDAyODQ0OWNlMjQ2LDIsREFT
IDIsMTIuOSwxMy4wLDAuMiwwLjQsMC4wMSw1OTEsNTk0LDE1Nyw2MjksMCwx
MC45LDEzLjg4LDkyNSo1OA0KDQokVzVNNUEsMTIwNDE5LDAwMDAwNSw2NjBk
MDAyODQ0OWNlMjQ2LDMsN0YwMDc1MDIzQTAwMDA1MzMyMzAzMTMyMzAzNDMx
MzgzMjMzMzQzMDMwMzA1NTVCMDAzMTMyMzAzNDMxMzgzMjMzMzQzMDJDNTQ0
MTQyMzAzMDMwMzAzMDJDMkQzMDM1MzEyRTMxMkMyQzMxMzIyRTM0MzIyQzM0
MkUzMDJDMzMzNjMwMzAyQzM2MzAyQzM2MzAyQzMxMkMzMDMwMzUzNzMwMkMz
MzJFMzQzMjJDMzEyRTMyMzYyQzMxMzIzODJDMzAyQzMwMkUzMTM3MzMyQzJC
MzAzMDJFMzAwRDBBRUYxMEJFNUUzRDA3N0YwMDY3MDIzQTAwMDA1NzMyMzAz
MTMyMzAzNDMxMzgzMjMzMzQzMDMwMzBGRjREMDAwMDgwRkI0NDAwMDBEMTQz
MDA4NDY0NDgwMDAwMTA0MzlBQUU0NDNBQTA2MUIxNDBFOEQ2MDMzQkEwNTg5
RDNBOUYwNDA3NDE4Njk1QzYzQUQ4QUU0MTQxN0QwNEJENDA0OTkyRTQ0MTBD
MzZFMzQxREIyNENCM0E0MzNCQTU0MzIyQzk4QzQyMUJDMjJCMzE3MzFEOTk4
MkVDRDM3RjA0OUEwMjNBMDAwMDRCNTY0ODIwMzczMjMwMzEzMjMwMzQzMTM4
MzIzMzM0MzAzMDMwNUUwMDAwMDA4RkMyRjUzQzBBRDdBMzNCNDQzQkE1NDMx
RUM5OEM0MkVBQzlBNzQzNEE4NzhBNDJCREY5QTU0MzFDODk4OTQyRUYzMEE5
NDM5QzQ1ODc0MkMwMzcwQjQxQ0NGRDg5NDI3NzcwMzk0MkM2Mjc4RjQyNDhB
QUFDNDIyNDgxOTM0MjQ2Q0REMjQxMkVFOTlBNDI3NzY3OTg0MzVCMEQ5NDQy
MjY2ODc0NDNGRTM0OEY0MjMzRjQ1MjQzNDcyMjhENDIwMzRCODc0M0RBODk5
MTQyQkU3MjlFNDMwRTVFOEQ0MkYyMENCMzQzRjAyQTk4NDI1Q0I5OUY0M0E4
RjU5OTQyNkRCOEExNDMwRUUzOTQ0MkI0NTZDMDQyRTkxOTlENDI3M0I4MDU0
MzhCRTQ4MjQyNjYxNDA3NDMxNjZCODM0MkY2OTEzODQzRDgxRDlBNDJBRTUw
OTY0Mzg2NkU5MjQyRjg5Qjk0NDM2MjZDODc0MkU0NUY4ODQzNDM1RDg0NDIy
QkM5OEI0M0ZDRjA4QTQyMDA5M0E4NDMwNzFGOTI0MkVCQ0ZBNjQzNDA3QTkz
NDIwNjMyOUE0MzE5Qzg4RDQyMkZBNjhFNDM3NDc5OTE0MjIyOUQ3NTQzODAw
ODkyNDI5NzZCNUM0MzFFMzc5ODQyOTkyNzM4NDNFNTU3OTg0Mjc1Nzc1ODQz
Rjc3OThDNDIzNEREODQ0MzAxNkQ4RDQyMEFENzU1NDM5NUVDOTI0MjRDMjYz
RjQzNEI4ODhBNDIzMjE5OUE0M0IxODE5MTQyRTY4RThBNDNGOUIxOTE0MkYw
MkY3MTQzQzlGRDkyNDJBODYzOTY0M0E2MTY5NjQyMUI5NTk2NDMzQjQxOTA0
MjZGMDM4MjQzQTE0RDhBNDIzMDQ2NjQ0MzRGQzI4QzQyMTIxOTQwNDMxMTQ2
OEM0MkM0Njc2NjQzRkZFNjkwNDJCN0NGOEU0MzQzOEQ5OTQyODBCQTEyNDI2
RkE4OUE0MkM2MEYwQjQyMURBRjlCNDJCQUZBMDI0MkQxRUQ5NDQyQURBRTcx
NDJDNEVFOEM0MkUxREI5QzQyRTk0QTg0NDJBQUFCOEQ0MjkxQUU5MDQyN0ZD
OThCNDM0QTI4QTA0MjlGMzI2RDQzRTE0NTk3NDIzRjEwODY0MzYxODE4QjQy
QkM2NDg2NDM2Rjg5ODQ0MkExQzk4QTQzMzNCOTg3NDJBMDFBOUY0MzI4QzQ4
NTQyMEEyMUEzNDNEQTVGODc0MjkyNzVBMzQzM0U0NzlBNDJBQTc4NzE0MzUw
MDQ5ODQyMjBBQzgyNDM0MzY3OEE0MjE3MDA4RDQzQjg5RTgyNDIwN0ZDODk0
Mzc1NjY4NDQyQUJDQjc4NDNGMjI4OTg0MkJFMTQ1QjQzQzgwMDlGNDIwODhD
N0E0M0FCODA5ODQyQjE2NzdENDM5MzMyOTM0MkY5NzY4NTQzM0RDMzhDNDJD
Njg3OTM0M0NBMTg4RDQyNTFEN0FDNDM5ODhBOTQ0MkI3MEY1OTQxMkMxRTk3
NDJGMUY4QTg0MzE1RTU5MzQyMjgxNkFBNA==

--SBD.Boundary.605592468
PROCESS /noc/users/iridburst/exec/irid_300224010734970_upd.pl
Last Run  ----1970-01-01 00:00:00 
MONTH  5 
DATA  xxrecord 2012-04-19 00:00:05 :: $W5M5A,120419,000005,660d0028449ce246,1,DAS 2,5053.5474N,123.7133W,4.0,256,8.4,9.7,7.7,84.6,5.3,7.7,84.8,5.3,980.8,0,0,28.6,331,70*63
 
INSERT
STATION sbdservice
IRID_ID 300224010734970
BODY 
Content-Type: application/x-zip-compressed; name="SBMmessage.sbd"
Content-Disposition: attachment; filename="300224010734970_002760.sbd"
Content-Transfer-Encoding: base64

JFc1TTVBLDEyMDQxOSwwMTAwMDUsNjYwZDAwMjg0NDljZTI0NiwxLERBUyAy
LCwsNC45LDM0MiwxMC4zLDkuNyw3LjEsODMuNCw0LjUsNy4xLDgzLjEsNC40
LDk4MS4yLDAsMCwyNSwzMTMsNjIqNjgNCg0KJFc1TTVBLDEyMDQxOSwwMTAw
MDUsNjYwZDAwMjg0NDljZTI0NiwyLERBUyAyLDEyLjksMTMuMCwwLjIsMC41
LDAuMDEsNTkxLDU5NCwxNTcsNjMwLDAsMTAuOSwxMy40OSw5MjgqNTANCg0K
JFc1TTVBLDEyMDQxOSwwMTAwMDUsNjYwZDAwMjg0NDljZTI0NiwzLDdGMDA3
NTAyM0EwMDAwNTMzMjMwMzEzMjMwMzQzMTM5MzAzMDM0MzAzMDMwNTU1QjAw
MzEzMjMwMzQzMTM5MzAzMDM0MzAyQzU0NDE0MjMwMzAzMDMwMzAyQzJEMzAz
NTMxMkUzMTJDMkMzMTMyMkUzNDMyMkMzNDJFMzAyQzMzMzYzMDMwMkMzNjMw
MkMzNjMwMkMzMTJDMzAzMDM1MzczMDJDMzMyRTM0MzIyQzMxMkUzMjM2MkMz
MTMyMzkyQzMwMkMzMDJFMzEzNzMzMkMyQjMwMzAyRTMwMEQwQUVDMTA4MENB
RjQ0RTdGMDA2NzAyM0EwMDAwNTczMjMwMzEzMjMwMzQzMTM5MzAzMDM0MzAz
MDMwRkY0RDAwMDA4MEZCNDQwMDgwRDE0MzAwMDA3QTQ1MDAwMDA3NDMwOUMw
NEQzQUEzMEJCQTQwN0U0OTExM0IxQjNBQTgzQTgzODgxRTQxQ0RFNEQ5M0FD
QkIxNTk0MTVGOTJDQzQwMDAwMEM4NDFFMTZCRTI0MTJGNTJFMDNBMjczQzlD
NDM1RDA4Nzc0MjlDNTQzNTMxRjQxQjVEMTQ5QkE5N0YwNDc2MDIzQTAwMDA0
QjU2NDgyMDM3MzIzMDMxMzIzMDM0MzEzOTMwMzAzNDMwMzAzMDVCMDAwMDAw
OEZDMkY1M0MwQUQ3QTMzQjI4M0M5QzQzNjEwODc3NDIxOEFBOUU0M0Q0NTMy
MTQyMDlGOTlGNDNCRjI4NEQ0MjAwMEVBQzQzRUFCMzhCNDI2OEI5OUU0MkZF
NzI5ODQyNkU0MTRCNDMzRTM1OEE0MjcyMzA3RTQzMjJDODdENDI1MzkwODM0
MzIwNkU4NzQyQTY1RDA3NDM5MzZBOTI0MkM3QTMxMTQzQTk5QzkzNDI3NEQx
QTQ0MzAzMzg4QjQyQkVFREE1NDNDRjU0ODc0MjVDMTRBMTQzMTVGQjkzNDIy
NDI3QTE0MzhDREI5NjQyNEJFQTk0NDM2MTE4OEE0MjY4RUE4QjQzMUZFMzgx
NDJENTkwNzE0MzgwREQ4NzQyQkYxOTJDNDM3QkM4OTM0MkNBNzlBRjQyMDRG
NDg3NDJFRDZDM0U0MjQwNjY5ODQyNUE1NzkwNDNDQkZCOTQ0Mjg2RTQ3MjQz
ODgxNjhDNDI5NjQwNjg0M0MxRjE4OTQyNDIyNjdGNDNCREYyOTI0MjdFNTc4
QTQzMjA4QzkyNDI2QUI2OEI0M0REQTE4RTQyQjdDODg5NDM5OEQwOEE0MjBE
RDg4NTQzMTBCQTkwNDI5QTY0OUQ0MzA3OUQ5RjQyMUQxNDAwNDM5Nzk0OUI0
MkU5MjMyQzQzRUVFRjk2NDI4NjAxNjQ0MzJDN0U5OTQyQjM1MDcxNDNFQThG
OTA0MkM4M0U4OTQzMTY4MDhCNDI4RTIxOTU0M0JBREI3MDQyNDFFODhFNDNB
MDRGN0M0MjFCNjE4ODQzNDk0NTdFNDJCNDYzODA0M0YzNDQ3MDQyQzY5OTdE
NDMwMDI2Njg0Mjg2RkI4QTQzOUM3NDdENDJBMEZGOUM0M0NEQzk3MDQyMDQ2
RjlFNDM4NjI2ODE0MkNENkM4OTQzNjQxQTkxNDI2NDEyNTY0MzgzODY4RDQy
NDc2RDMxNDMyRDVBN0E0Mjk0MTcyNzQzMzdEMDgyNDJDRTk0NkI0M0RGRUE4
RDQyNjdCRTgxNDNGMzAxODg0MkI0NjM2QTQzNjdDNTk4NDI0MEJDOUU0M0RG
NUI5QTQyRDU5RDlENDMxNkRFODY0MkUzNkI5OTQzODdBODg4NDIyRTQ3ODM0
MzM3NzA5MTQyOTJDRjZDNDNCN0VGOTA0MkNCOEM5NTQzOTE0OTkzNDIxMDQ1
OTU0Mzc2ODc5NDQyMDE0QjFDNDM5RkIwOTk0MjdFRTFGRDQyMTE0MDg4NDIy
OUI4MEE0MzNENjk4RjQyQkRCOTgyNDMwMDhEOTY0MkNCNTQ5QzQzRjAzQjkz
NDJGNjZBOEU0MzI0ODU4QjQyODZGNDg4NDNCRjQ2ODQ0MkJCOUI5MDQzRkNC
RThCNDJEQjEzOTY0MzQyQjA4RDQyRjgyRDkzNDMxQjNGOEU0MkU2Mjc5RTQz
MDVBQzhENDI3MUE4QTY0M0VFNkU5MDQyQjhEQkFFNDM3RDI4OTU0MkI5Q0ZB
RTQxRDkyOTk0NDJCRDUzM0I0MkVGNzA4QzQyRDk5RjEyNDJDNjU0OTc0Mjk3
RkZBRDQzNkM5Nzk4NDIyQzMwMUU0MkM4Rg==

--SBD.Boundary.605592468
PROCESS /noc/users/iridburst/exec/irid_300224010734970_upd.pl
Last Run  ----1970-01-01 00:00:00 
MONTH  5 
DATA  xxrecord 2012-04-19 01:00:05 :: $W5M5A,120419,010005,660d0028449ce246,1,DAS 2,,,4.9,342,10.3,9.7,7.1,83.4,4.5,7.1,83.1,4.4,981.2,0,0,25,313,62*68
 
INSERT
STATION sbdservice
IRID_ID 300224010734970
BODY 
Content-Type: application/x-zip-compressed; name="SBMmessage.sbd"
Content-Disposition: attachment; filename="300224010734970_002761.sbd"
Content-Transfer-Encoding: base64

JFc1TTVBLDEyMDQxOSwwMjAwMDUsNjYwZDAwMjg0NDljZTI0NiwxLERBUyAy
LDUwNTMuNTQ0M04sMTIzLjcxNDlXLDMuNCwzMjAsOC40LDkuNSw3LjMsODYu
Myw1LjIsNy40LDg2LjEsNS4yLDk4MS41LDAsMCwyOC42LDg1LDYzKjUwDQoN
CiRXNU01QSwxMjA0MTksMDIwMDA1LDY2MGQwMDI4NDQ5Y2UyNDYsMixEQVMg
MiwxMi44LDEzLjAsMC4yLDAuNCwwLjAxLDU5MSw1OTQsMTU3LDYyOSwwLDEw
LjksMTMuNDksOTI2KjU1DQoNCiRXNU01QSwxMjA0MTksMDIwMDA1LDY2MGQw
MDI4NDQ5Y2UyNDYsMyw3RjAwNzUwMjNBMDAwMDUzMzIzMDMxMzIzMDM0MzEz
OTMwMzEzNDMwMzAzMDU1NUIwMDMxMzIzMDM0MzEzOTMwMzEzNDMwMkM1NDQx
NDIzMDMwMzAzMDMwMkMyRDMwMzUzMTJFMzEyQzJDMzEzMjJFMzQzMDJDMzQy
RTMwMkMzMzM2MzAzMDJDMzYzMDJDMzYzMDJDMzEyQzMwMzAzNTM3MzAyQzMz
MkUzNDMyMkMzMTJFMzIzNjJDMzEzMzMwMkMzMDJDMzAyRTMxMzczMzJDMkIz
MDMwMkUzMDBEMEFFMzEwMzU5QjI3MDU3RjAwNjcwMjNBMDAwMDU3MzIzMDMx
MzIzMDM0MzEzOTMwMzEzNDMwMzAzMEZGNEQwMDAwODBGQjQ0MDA4MEQxNDMw
MEMwNUE0NjAwMDAwMTQzQzBBNTQ4M0FENzEzQzc0MEE2REUwQzNCMURBQ0E0
M0ExMUEzMzg0MThCNTREMzNBRjQzNzhFNDE2MjBEREM0MDQ5OTJFNDQxQzZE
MkU1NDFGMEYxRDAzQUQyNDJBQTQyMTkwNzdBNDIyRkIzMjgzMUVCMUY4MzE2
MUVERDdGMDQ1RTAyM0EwMDAwNEI1NjQ4MjAzNzMyMzAzMTMyMzAzNDMxMzkz
MDMxMzQzMDMwMzA1OTAwMDAwMDhGQzJGNTNDMEFEN0EzM0JEMDQyQUE0MjFD
MDc3QTQyQTU5RjVBNDIyRDQ1M0M0MjdFMDE3RTQyOEY3OTYyNDI4MzRDRDY0
MjUwOTc5NjQyMjA0MzZENDNEQkJCOTA0Mjk4OEU0MDQzNDVDRjg2NDI0OTQx
Mjk0Mzg0MEE1NzQyNkQxMTI2NDM5RDEzNkY0MjM5NDUxQzQzQzNDQTkzNDI0
REVDMDI0MzEzOEQ3NzQyNzdFNkZFNDIwQTIxNjg0MjczM0VEMjQyOTI3NTk0
NDJGRUZGQTg0MzNFNzQ4RDQyOEJFRkE4NDNFNDcxNzY0MjlBNTJBQjQzNUEw
MDgzNDI5MTNBOUY0MzFFMkU5QzQyRUI0ODI1NDNFMzZEOUI0MjFGMDAwMTQz
ODU3NTk2NDIzN0Q5OTE0MjY3Rjk4RjQyQzRDNzNENDIyMTU2ODg0MkM4OEFB
RDQxOTUxQThFNDI0MzFBQTA0M0UyQzM4RDQyMjU5QkEwNDNGQzUwOTI0MkRC
REZBQzQzODA4OTlDNDJBMzgwOEM0MzNFMzU5QjQyOUE5MzczNDM2QUY5OTc0
MjZDRDEyMzQzRkZDNTlBNDI4RTU5RkU0MjgyNkE4MjQyRUNCMkVFNDI4MjAw
NTc0MjdFN0JEMzQyODZBNjgwNDI1QTVCQjI0MjExODM4QTQyNjg2Q0U1NDJG
MzVBOTE0MkI5MUM0RDQzRkVGRTk5NDJERUU0OEU0M0I5NUU5NDQyOTBENEE4
NDNBOTFDODQ0Mjc4NkZCMDQzRUM3MDc1NDI0MkI0Q0Q0MDkyRjg4NjQyMzYw
NEQzNDI2RkI2OUI0MkEwRDM0MzQzNTJEMDhGNDJGNkZGNjU0MzA4NzQ5OTQy
MkEwNDk2NDE4ODEyOEY0MjVDREUwMjQxMTMzNzkyNDI3MTNGODI0MzNBMjhB
MDQyMzRDRjYzNDFGMDBEOUY0MjBFQjhBRDQzOTdFQjk3NDI3RTMyQzA0Mjc2
Q0U5RTQyMjhDMTEwNDMyMzQyOTE0MjBDQUYwMzQzNUM0QTkxNDIxMjVGMUU0
MkY5RDU4RDQyNUE4NjBENDJFRTg5OEE0MjY0NjExNjQyNzQ0Njk0NDJBOUU1
QTU0Mzc4N0U5OTQyODI4OTlCNDM4NEFBOUQ0MkQ4MTZDMTQyN0ExQzk2NDI4
MTZEQTg0MkFDM0M5NTQyNUI0NjE5NDIyMjA1OTQ0MjY4N0M4NDQxN0JFQjkw
NDJFRUFCMjE0MjhEMkQ5QjQyNUM2RDBFNDMxQjgxOTI0MjgxRUUzQTQzRTY2
ODhCNDI5OEYwNTA0MzA2MTY5NzQyNjU0RjAzNDM5ODlGOUE0MjdFNjkyNTQz
RTlEMDg3NDI1MzM3MUQ0M0ExMUM4MTQyREMxQ0VCNDIyNzk4OTE0MkM3M0E4
NTQyNzQ4MTk0NDI0QUMyQjU0MkNERjk5NDQyMEQ3QTBFNDNGQThEOUU0Mjgz
RDc2OTQzQjZDQjkyNDI1RjVCNjY0MzcxREE4NzQyQzczNDc2NDNGOUY2ODY0
MkM2N0I5MDQzMzdGQjkwNDJFNjNDQTY0Mw==

--SBD.Boundary.605592468
PROCESS /noc/users/iridburst/exec/irid_300224010734970_upd.pl
Last Run  ----1970-01-01 00:00:00 
MONTH  5 
DATA  xxrecord 2012-04-19 02:00:05 :: $W5M5A,120419,020005,660d0028449ce246,1,DAS 2,5053.5443N,123.7149W,3.4,320,8.4,9.5,7.3,86.3,5.2,7.4,86.1,5.2,981.5,0,0,28.6,85,63*50
 
INSERT
STATION sbdservice
IRID_ID 300224010734970
BODY 
Content-Type: application/x-zip-compressed; name="SBMmessage.sbd"
Content-Disposition: attachment; filename="300224010734970_002762.sbd"
Content-Transfer-Encoding: base64

JFc1TTVBLDEyMDQxOSwwMzAwMDUsNjYwZDAwMjg0NDljZTI0NiwxLERBUyAy
LCwsMy41LDI2Myw4LjgsOS40LDcuMyw4Ny4wLDUuMyw3LjMsODYuNiw1LjIs
OTgxLjcsMCwwLDI1LDI2MCw2OSo1Qg0KDQokVzVNNUEsMTIwNDE5LDAzMDAw
NSw2NjBkMDAyODQ0OWNlMjQ2LDIsREFTIDIsMTIuOCwxMy4wLDAuMiwxLjAs
MC4wMSw1OTEsNTk0LDE1Nyw2MjksMCwxMC45LDEzLjQ5LDkyOCo1Rg0KDQok
VzVNNUEsMTIwNDE5LDAzMDAwNSw2NjBkMDAyODQ0OWNlMjQ2LDMsN0YwMDc1
MDIzQTAwMDA1MzMyMzAzMTMyMzAzNDMxMzkzMDMyMzQzMDMwMzA1NTVCMDAz
MTMyMzAzNDMxMzkzMDMyMzQzMDJDNTQ0MTQyMzAzMDMwMzAzMDJDMkQzMDM1
MzEyRTMxMkMyQzMxMzIyRTM0MzAyQzM0MkUzMDJDMzMzNjMwMzAyQzM2MzAy
QzM2MzAyQzMxMkMzMDMwMzUzNzMwMkMzMzJFMzQzMjJDMzEyRTMyMzYyQzMx
MzMzMTJDMzAyQzMwMkUzMTM3MzMyQzJCMzAzMDJFMzAwRDBBRTUxMEI4MUJE
NTQ5N0YwMDY3MDIzQTAwMDA1NzMyMzAzMTMyMzAzNDMxMzkzMDMyMzQzMDMw
MzBGRjREMDAwMDgwRkI0NDAwODBEMTQzMDA4MEJCNDYwMDAwMDk0MzQ5N0Q0
QzNBQTk4RUJBNDAyMDdBMDIzQjU3M0FBOTNBOUQ2MjIyNDE5NzU1RDQzQTA5
QkM3QzQxRTkzRkMwNDAwMDAwQzg0MTU3MkFDODQxOTIyQUQxM0E3Q0NDODE0
M0Q4MTE4QTQyQUVCNzQzMzEyRTFERDAxRkNFRjY3RjA0RTIwMjNBMDAwMDRC
NTY0ODIwMzczMjMwMzEzMjMwMzQzMTM5MzAzMjM0MzAzMDMwNjQwMDAwMDA4
RkMyRjUzQzBBRDdBMzNCN0VDQzgxNDNENzExOEE0MkE4Mjk3MTQzREFDQjg4
NDIyOUIzODA0MzBGQTg4MzQyOUZGNjg4NDNFREJBODI0MjZBM0I4QTQzRDI3
MDhENDI1OUQxOEE0MzA1MDM5MDQyRDg1QTcwNDMzMTJGOTI0Mjg5NjA0ODQz
QUUwRTkxNDJCNDM2ODI0M0U0MkI4QzQyMkEwQThENDMyRTlENjQ0MkQwNUI4
MzQzMEIyRThBNDJDNjQyN0I0M0NGRDE5NzQyNUFEODhCNDM5MzUwOTU0MjhC
RkY5MDQzNkQ4QTk3NDIzQTI2OTA0MzdGQTc5NjQyODg0QjcwNDMxNDYyOTE0
MjRCMjQ3MjQzNjdGNThFNDJBNEY4N0U0MzJEQjY5NjQyOTZCNzdCNDMxMTFG
OTY0MjhFMEY4QTQzRTQ4Rjg5NDI0NTE2OUM0MzM2NTc4RDQyMEFCMkFCNDNC
MzAxODg0MkUxNEE4RDQzQTk1QTk4NDIxQzg4NjM0M0U3QTI4RjQyRjJCMDgx
NDM2OUM4ODE0MjdDRDA4RDQzRDREMTVGNDI3MkI1OTI0MzdCOUU2QjQyODU1
Mjk1NDNBRTA5OTE0MjY4MDFBMjQzMkZCNDlBNDJGRjFEODk0M0IxQUM5MTQy
M0JGQTdCNDM4NjNCODc0MjU2MzE3RjQzMTFBNDhCNDIxOEI5ODc0M0FFQTA4
QTQyMjVBNzhDNDNDREJFODQ0MjZEMkQ4MjQzNDE2RDc3NDIyM0E5NjU0MzFE
OEI3QjQyRkNDQTVENDM3NUY0OEU0MjYyMUE2MjQzMjNERDk4NDJDNDM2NkQ0
MzYzRDY5MzQyMjZGRTc3NDM3NzNDODU0MjcyNzI3QjQzQjA2OTdBNDIwRTZE
NzY0MzM0Qzc4NjQyMDQ0MTc0NDM5REFDODg0MjEyQUE2QTQzMUQ4MTkwNDJF
QjI1MEQ0MzIxNTE5NjQyMjc2OTA1NDM5OTFEOEE0MjNDMkM0QTQzNDcwMTkz
NDIwMDEyOEQ0MzZEQzA4MzQyQUJCMDk1NDMzREFBODI0MjkzRUY4NDQzNzRB
Rjk0NDIwQjQ3N0I0MzU4Mjc4RDQyRjJBMjhFNDMwQUEwODg0MjA5RTNBMDQz
RjAzMDkxNDJENkRFNTY0MTJCQzk5MTQyOERBODA2NDFDQTdBOTU0MjUzMEU5
QTQzNzI5RDkyNDIyMEJFOTQ0MzUyRDE4ODQyNTY1QjkyNDNGMTM1ODc0MkFF
NzE5MTQzQkQzQjc0NDJBNURFOTM0MzJFRkY2NDQyMDRDMThENDMyOTgwOEE0
MjVBNzI1RTQzMjJDNzkxNDI5Mzc4Nzk0M0RCMjg5QTQyRDdEQjg1NDJBMzBE
OUU0MjQ5Q0Y5MDQyRDlFMzk4NDI5RUUwQTU0MzI1MjA5QzQyMTIxMDgyNDMz
RUJEOTk0MkQyN0Y3QzQzM0RDNDk2NDI3RTE3OTQ0MzY1Rjc5QzQyNkY1MjFD
NDI1RDJEOUE0MkY0QjNGRDQxOEFDMTlBNDJDREI3MTY0MzBCMkU5ODQyNkM1
NDE1NDMxMEI5ODI0MkQxQTQxMzQzMTBBNQ==

--SBD.Boundary.605592468
PROCESS /noc/users/iridburst/exec/irid_300224010734970_upd.pl
Last Run  ----1970-01-01 00:00:00 
MONTH  5 
DATA  xxrecord 2012-04-19 03:00:05 :: $W5M5A,120419,030005,660d0028449ce246,1,DAS 2,,,3.5,263,8.8,9.4,7.3,87.0,5.3,7.3,86.6,5.2,981.7,0,0,25,260,69*5B
 
INSERT
STATION sbdservice
IRID_ID 300224010734970
BODY 
Content-Type: application/x-zip-compressed; name="SBMmessage.sbd"
Content-Disposition: attachment; filename="300224010734970_002763.sbd"
Content-Transfer-Encoding: base64

JFc1TTVBLDEyMDQxOSwwNDAwMDUsNjYwZDAwMjg0NDljZTI0NiwxLERBUyAy
LDUwNTMuNTQ0ME4sMTIzLjcxMjZXLDMuNiwyNjEsNy45LDkuNCw3LjIsODYu
OCw1LjIsNy4yLDg2LjQsNS4xLDk4MS44LDAsMCwyOC42LDM5LDcyKjU5DQoN
CiRXNU01QSwxMjA0MTksMDQwMDA1LDY2MGQwMDI4NDQ5Y2UyNDYsMixEQVMg
MiwxMi44LDEzLjAsMC4yLDAuNSwwLjAxLDU5MSw1OTQsMTU3LDYzMCwwLDEw
LjksMTMuNDksOTI2KjVBDQoNCiRXNU01QSwxMjA0MTksMDQwMDA1LDY2MGQw
MDI4NDQ5Y2UyNDYsMyw3RjAwNzUwMjNBMDAwMDUzMzIzMDMxMzIzMDM0MzEz
OTMwMzMzNDMwMzAzMDU1NUIwMDMxMzIzMDM0MzEzOTMwMzMzNDMwMkM1NDQx
NDIzMDMwMzAzMDMwMkMyRDMwMzUzMTJFMzEyQzJDMzEzMjJFMzMzODJDMzQy
RTMwMkMzMzM2MzAzMDJDMzYzMDJDMzYzMDJDMzEyQzMwMzAzNTM3MzAyQzMz
MkUzNDMyMkMzMTJFMzIzNjJDMzEzMzMyMkMzMDJDMzAyRTMxMzczMzJDMkIz
MDMwMkUzMDBEMEFFRTEwRUQ4MjY1MUU3RjAwNjcwMjNBMDAwMDU3MzIzMDMx
MzIzMDM0MzEzOTMwMzMzNDMwMzAzMEZGNEQwMDAwODBGQjQ0MDA4MEQxNDMw
MEQwMDQ0NzAwMDAwMjQzMjdGRjM2M0FFNTI3QzU0MDNDOEUwODNCNDhDMjk4
M0E5OEQwMkM0MTk5QzRDOTNBQUVDNDc3NDFBNTkyQ0E0MDQ5OTJFNDQxMDVC
MUUwNDE0QzdBQjczQTlENEUxQTQyRjVCRThGNDJEOEJFMjIzMTcxMjBFODBF
OTBDMzdGMDRBNjAyM0EwMDAwNEI1NjQ4MjAzNzMyMzAzMTMyMzAzNDMxMzkz
MDMzMzQzMDMwMzA1RjAwMDAwMDhGQzJGNTNDMEFEN0EzM0I5OTRFMUE0MkY3
QkU4RjQyRDlEMDBGNDIyNTU4ODU0MjJGNDgyODQyMTZDQTg2NDI5MTMxNzI0
MkQ1N0U4RjQyQUQxMTExNDI0MDI2OTk0Mjc5N0NBNDQzQUJCRTk2NDIzMDUy
NEU0M0I5RkNBMDQyNTEwRkM4NDJEQjZFOTQ0MjQyMzU2RjQyNTdCRDkyNDI1
NUY3RjIzRjM5N0Q4ODQyMUMwMEE2NDMyRjAzOEY0Mjc5ODY1RTQzOTZFMDk4
NDI5RjZBMTc0M0VGQkE5ODQyQTFGNkIyNDE4OTE1OTU0MjA4MzBBQzQzMjM0
QTkzNDIzREVFMDk0MjRDRDc5MDQyRjMyNDcxNDJGMzZDODc0MjRCQTYxOTQy
MkFDRTg4NDJENEI2QzE0MDlBMzM4NzQyQzIxNkUyNDE4RjU1OTA0MjEzQUI5
NzQyQTE3MDhENDJDRkUyQ0Y0MTExQjY5QTQyQjRGMDhDNDM2MjhDOTg0MjRF
RUQ4MDQzMjA3ODkwNDI1QjhEODU0MzNDMjM5MzQyMUFFNjg5NDI3RjBDOTU0
MjNEMjlBMDQyRDUwNTc3NDJGMkM1Qzk0MjMzQjY3RDQyNDEyQzA4NDMyOEIy
ODQ0MkU4MDQzQTQzQjcyRDk1NDI1QjA1RDE0MkQzRjM5QjQyMjUyN0E0NDIx
MzJGOEQ0MkNDRDQ4QzQxREZFNjkxNDI5RTAxQTI0MzA2QTM4MzQyRkU5Q0Ey
NDNCQUUyODQ0MjA2MjFBNzQzQjI3RTg0NDIyMUUwQUU0MzYwOUQ4QzQyNzBD
QUEyNDE2OUQwOUM0MjdCRUYxQTQzNzBCMzkwNDI4QzQ3NEU0MzA5NUE5MDQy
N0ZGQzg5NDNEMkI4N0Y0Mjc1QkQ5MDQzN0VFQzgzNDI5QkFCNEM0M0UzQjI5
NzQyN0YwNDBENDMxMEYyOEQ0MjRFRDhGQzQyMUYxODhGNDJDNzY2MDA0M0JF
OUE5NjQyMDYzNDZBNDNGQjY1OTg0MjFDNTE4NTQzQTlCRDg1NDI2REFGODM0
MzRGRUU5MzQyODkyREY3NDI4NEZEOUM0MkE5MUFCMTQzRUI5MzlGNDJGN0Q4
QTY0M0JDRDg5NzQyRTc2RThCNDA0MDI0OTQ0MkQ2MTQ3NTQyMjMyMzlFNDJF
MEEzODk0M0YzMkY5RTQyOEY1MDlDNDNEMTEyODQ0MkNEMkM5QzQzQ0Q4RDgz
NDIzODVBOUI0Mzg3NTM5OTQyNzVDQTA5NDMzMEZGOTc0MjU5NkUwRjQzNzlE
QjdENDIyOEE2MEU0MzcwQzY4NTQyMzA2RTBCNDNGMURDODc0MjZDRjZGODQy
REE1MTg3NDI2Q0M4OTc0MkZFNzU4ODQyNDRGRDEyNDI3Q0RBODk0MjYxOUM5
RjQyNTlBMzlGNDJFNUEyMkI0MzQzNzU5MDQyREZEMjNCNDM2OTRGOTI0Mjkz
M0Y1NTQzQzBCOThBNDI5QzQ4MzU0MzQ0NEM4OTQyMzI5MzI2NDMyNkRCOTQ0
MjEwNDlBMjQzREUwQzlENDIwRDMwOTI0MQ==

--SBD.Boundary.605592468
PROCESS /noc/users/iridburst/exec/irid_300224010734970_upd.pl
Last Run  ----1970-01-01 00:00:00 
MONTH  5 
DATA  xxrecord 2012-04-19 04:00:05 :: $W5M5A,120419,040005,660d0028449ce246,1,DAS 2,5053.5440N,123.7126W,3.6,261,7.9,9.4,7.2,86.8,5.2,7.2,86.4,5.1,981.8,0,0,28.6,39,72*59
 
INSERT
STATION sbdservice
IRID_ID 300224010734970
BODY 
Content-Type: application/x-zip-compressed; name="SBMmessage.sbd"
Content-Disposition: attachment; filename="300224010734970_002764.sbd"
Content-Transfer-Encoding: base64

JFc1TTVBLDEyMDQxOSwwNTAwMDUsNjYwZDAwMjg0NDljZTI0NiwxLERBUyAy
LCwsMy40LDI2Miw4LjEsOS4zLDcuNCw4NC4zLDQuOSw3LjQsODQuMyw0Ljks
OTgyLjAsMCwwLDMzLjMsMjUxLDczKjQyDQoNCiRXNU01QSwxMjA0MTksMDUw
MDA1LDY2MGQwMDI4NDQ5Y2UyNDYsMixEQVMgMiwxMi44LDEzLjAsMC4yLDAu
NCwwLjAxLDU5MSw1OTQsMTU3LDYzMCwwLDEwLjgsMTMuMTAsOTMwKjUwDQoN
CiRXNU01QSwxMjA0MTksMDUwMDA1LDY2MGQwMDI4NDQ5Y2UyNDYsMyw3RjAw
NzUwMjNBMDAwMDUzMzIzMDMxMzIzMDM0MzEzOTMwMzQzNDMwMzAzMDU1NUIw
MDMxMzIzMDM0MzEzOTMwMzQzNDMwMkM1NDQxNDIzMDMwMzAzMDMwMkMyRDMw
MzUzMTJFMzEyQzJDMzEzMjJFMzMzODJDMzQyRTMwMkMzMzM2MzAzMDJDMzYz
MDJDMzYzMDJDMzEyQzMwMzAzNTM3MzAyQzMzMkUzNDMyMkMzMTJFMzIzNjJD
MzEzMzMzMkMzMDJDMzAyRTMxMzczMzJDMkIzMDMwMkUzMDBEMEFGMDEwNDQ5
NzNGMEM3RjAwNjcwMjNBMDAwMDU3MzIzMDMxMzIzMDM0MzEzOTMwMzQzNDMw
MzAzMEZGNEQwMDAwODBGQjQ0MDA4MEQxNDMwMEUwMkI0NzAwMDBGNDQyNzI3
NDVDM0EzNjY1RDA0MDI2OUUyMDNCRDJFOEI0M0E1Q0VEMzE0MTEzRThGOTNB
OEI3QzZFNDFFREM0RDE0MDU2NTUwNTQyOTI4QzAxNDI5MkQyRTczQTc4MDM3
QjQzQzI2NTkxNDI2OEU4NkUzMTcwMjA2NTQwQ0I5MjdGMDQ1MjAyM0EwMDAw
NEI1NjQ4MjAzNzMyMzAzMTMyMzAzNDMxMzkzMDM0MzQzMDMwMzA1ODAwMDAw
MDhGQzJGNTNDMEFEN0EzM0I3RDAzN0I0M0JCNjU5MTQyMDA2NjQwNDIwRTRG
OUY0MjMwRkQ2RDQzNDQ3RDlBNDIzRTJDN0E0MzE1NEY4RjQyRjAzMzY0NDND
MkQ2ODk0MkI4N0U1MzQzRDNENjcyNDI2RjdGNjQ0M0ZDQ0I4MDQyREQ1NTZE
NDMwRTUwODQ0MkNFNDg2NzQzRDZGQzg0NDI5NTUwNjA0MzJFRkE4MTQyRUZC
NTVENDNFNkEyODU0MkJCQjVBRDQzODNERjk2NDIzRTU5RDE0MTYxMTg5NDQy
NUQ1QzEyNDM1NDRDOTc0MjM5MTYyODQzMjhBRDkxNDI1QzE2Njk0MjFCNTA4
RjQyOEZFQ0FDNDE3QUUxOEI0MkNBNTJBMDQzNEY3MDhCNDIwQTBFOTM0Mzcy
ODk3QzQyQ0ZEMzg5NDMyMUI1ODk0MkM0MkYxRDQzRkM1Nzk1NDJFMTJDMDA0
MzE5REQ2QzQyNjcyMDAzNDM2MjUwODE0MjI4REQwODQzMUQyODk3NDIzNjgx
ODI0MkVCMjQ5QjQyREQzMUEyNDM1ODUzOUI0MkJFNUU4QTQzNkQwRjhDNDIw
NzJEOTE0MzVFMjg4RDQyQTBBMThGNDNDQ0JDODc0Mjg5MUE4QzQzMDRGQTg0
NDJCQkE3ODU0MzYzRTA4RjQyNEM4NThDNDNCMEQyOTA0MjZCOTI4OTQzQjkx
RjhCNDJCRUM1ODE0MzQ1MUQ4NDQyRTNBQTcyNDNBOTQxOEM0MkZFOEU3RjQz
MEZCRjg2NDI3RTE4ODQ0MzZCNzY4NzQyOUYzNThENDMwN0QwODQ0MjYyNUI4
QjQzMEZDMDdGNDJFOUI4N0E0MzJGNDU4NzQyOUE3ODdGNDNENkU4OTM0MkE4
N0U5NDQzNkY4QThENDI3NEQ2OTA0M0IyRDc4MTQyMzI3QTk0NDNEMEVCODI0
MkZGQTA1QTQxMzFGMDlBNDJFNzEzRUQ0MjQ3QTM4NzQyQUE5MDQ3NDM1RkU4
OTQ0MkQ1N0E4NTQzQzkzODg1NDI2QUY1ODk0M0EwNzc4NTQyMEQ1NjY5NDMx
MDI5OTI0MjEwNTExQjQzQ0U1QTkwNDIxODczMEU0MzFGRkI4NjQyRDdCMjE5
NDM1MjE5OEM0Mjk1RDIwQjQzRDgzNDkyNDIxNzNBN0Q0MjhENjc5RDQyQTU5
MkFCNDM2OThGOTE0MkI5OEFBRTQzNzJFQTkwNDI3Rjk1QkQ0MUE1RkE5NDQy
NkU0QkEzNDJFNDJBOTI0MkE3RTkwMTQzOEFCNjk0NDI4RkUxNTE0MzhDNjE5
QzQyOTY0OTM1NDMyREFCOTc0MjczMEQxNjQzM0E2QjkzNDIyNUMxOTg0MTIz
MTU5NTQyNzI0MUQ2NDE2RUFGODg0MjY2MzFGQTQxRkIyNDg3NDJBNDUxRDg0
MUUzNjA5MTQyQ0VCRjgyNDIzREE0OTI0MjkzMUJCNTQyOTdEODkxNDJENUQ0
NDY0MzFEQTQ4RjQyQTFBMzUyNDM0RTZCOEE0MkRFNTNGRTQyQjQ0QUEwNDJF
M0U1MjY0MjUzRkU5QTQyRkE3NjZBNDNERA==

--SBD.Boundary.605592468
PROCESS /noc/users/iridburst/exec/irid_300224010734970_upd.pl
Last Run  ----1970-01-01 00:00:00 
MONTH  5 
DATA  xxrecord 2012-04-19 05:00:05 :: $W5M5A,120419,050005,660d0028449ce246,1,DAS 2,,,3.4,262,8.1,9.3,7.4,84.3,4.9,7.4,84.3,4.9,982.0,0,0,33.3,251,73*42
 
INSERT
STATION sbdservice
IRID_ID 300224010734970
BODY 
Content-Type: application/x-zip-compressed; name="SBMmessage.sbd"
Content-Disposition: attachment; filename="300224010734970_002765.sbd"
Content-Transfer-Encoding: base64

JFc1TTVBLDEyMDQxOSwwNjAwMDUsNjYwZDAwMjg0NDljZTI0NiwxLERBUyAy
LDUwNTMuNTQxNE4sMTIzLjcxODBXLDMuOCwyNjMsOC44LDkuNCw3LjYsODEu
NCw0LjYsNy42LDgxLjUsNC42LDk4Mi41LDAsMCwzMy4zLDI1Myw2Nyo2MQ0K
DQokVzVNNUEsMTIwNDE5LDA2MDAwNSw2NjBkMDAyODQ0OWNlMjQ2LDIsREFT
IDIsMTIuOCwxMy4wLDAuMiwwLjQsMC4wMSw1OTEsNTk0LDE1Nyw2MzAsMCwx
MS4xLDEzLjEwLDkyMyo1OQ0KDQokVzVNNUEsMTIwNDE5LDA2MDAwNSw2NjBk
MDAyODQ0OWNlMjQ2LDMsN0YwMDc1MDIzQTAwMDA1MzMyMzAzMTMyMzAzNDMx
MzkzMDM1MzQzMDMwMzA1NTVCMDAzMTMyMzAzNDMxMzkzMDM1MzQzMDJDNTQ0
MTQyMzAzMDMwMzAzMDJDMkQzMDM1MzEyRTMxMkMyQzMxMzIyRTMzMzYyQzM0
MkUzMDJDMzMzNjMwMzAyQzM2MzAyQzM2MzAyQzMxMkMzMDMwMzUzNzMwMkMz
MzJFMzQzMjJDMzEyRTMyMzYyQzMxMzMzNDJDMzAyQzMwMkUzMTM3MzMyQzJC
MzAzMDJFMzAwRDBBRjAxMDFEQjgwQ0JDN0YwMDY3MDIzQTAwMDA1NzMyMzAz
MTMyMzAzNDMxMzkzMDM1MzQzMDMwMzBGRjREMDAwMDgwRkI0NDAwODBEMTQz
MDBGMDUyNDcwMDAwMDI0M0ZEMDA1NzNBNTM2QUMxNDA5MDFDMjQzQkM3MjJB
OTNBMzNDODE5NDFEMTAxREEzQUVGNjQ1RDQxM0FFNUM2NDA1NjU1MDU0MjBF
MDRENzQxQ0M1RkRGM0E4MDdDN0M0M0FBM0E4NTQyOEE1MjU3MzEwQjFEOUZF
RjcwMEE3RjA0OEUwMjNBMDAwMDRCNTY0ODIwMzczMjMwMzEzMjMwMzQzMTM5
MzAzNTM0MzAzMDMwNUQwMDAwMDA4RkMyRjUzQzBBRDdBMzNCODQ3QzdDNDNB
ODNBODU0MjBBNkExNDQzODczMTVBNDJERDk1MTU0MzkwNzQ4NzQyMzJBODg1
NDMxQkU0OEU0MjJEMTg4QzQzRkUzNTgxNDJGQzZDOUI0M0JFNjA4NDQyQjZB
NkE5NDMzNUQ0OEE0MkM3NjU4MTQzODczQThENDIzNkJCOEY0MzE4RjA3RjQy
RTlERjlCNDNCQzlFNjY0MkFCQTM5ODQzNDlGNDc5NDI0ODlGOTU0M0ZFMzc4
NDQyRkNDQzkzNDM0QTRCODc0MjQxNEM4QjQzRjcyMTkwNDI2QzQ0NkQ0M0M3
NkZBMDQyMEZFMTBENDMzOTk1OTk0MjQ3QUU0NTQzQkJGRTkwNDI5NDcwNTI0
M0JCRDM5MDQyMUYxQ0JBNDI4MzEyOTg0MkZBNjFFQjQyNzg0Nzk0NDI3NTc0
NUQ0MzY2M0M5MjQyRjZFMjg4NDNCQkE5ODQ0MjdGOEM5NjQzMzYxQjgyNDI3
ODkzOTU0MzExMTA5MzQyODJBNTNFNDMzRDJBOTg0MjRBMzAzQTQzNjk5RjlG
NDI1QjkxNjI0MzFFMTk5NzQyNUNENDY3NDNCOTVBODE0MjI0QTg4MDQzREEz
QjgyNDI5RDc0QjI0Mzk5OTg5OTQyRDZGNEY1NDJERkY3OTY0MkI3NUUxQzQz
ODQ5RjkxNDIzM0FCMzU0MzdCNUM5RDQyRDIwNjg0NDMwNjhFOEY0MkE3ODE1
OTQzOTE1MzlCNDIzMkUzMzQ0MzgwRjQ5NDQyMTdEODQxNDM2RDNGOTM0MkQ4
QTU1NzQzMDk4QTk0NDJFNjZFOTM0MzgyQkQ5MzQyM0FGN0E1NDNCRTJGOEY0
MjREQzBCMzQzRUUyMDkzNDJEOTg3OTM0MUE4MTc5QTQyNDhFNUU3NDJFNDg0
OTU0MkQ4OUExMTQzQ0FDQjhDNDIzNEM2MTk0Mzc1RTI3RTQyRTA5ODBCNDM5
OEM0ODM0MjdFMUMxNzQzNEVERTg1NDIyNzVFMzY0MzMwMjE4NjQyNTNGODg1
NDNFM0Y0OTA0MkFBODhBNzQzQjdCNjk0NDJGRjY1QjQ0MUIxRDg5MjQyM0JG
RTFCNDFCRTRCOTE0MjY0MTc5RDQzQTU4MzlCNDJCMjExODA0M0E2Mjg5NTQy
QjA1MzkxNDM3RjhDOTg0MjUwQjNCMTQzREIxQTk3NDJCMkM3QUE0MzFBMDA4
QzQyMkFDQkE0NDNERUUxODg0MkU1Q0E0RjQzMTIwQjlCNDJFQTYyMkU0M0ZD
NjY3RDQyNTZBQTRBNDNGQzFBODY0Mjk4QUE4MTQzQzFGQzlENDIwMDQ5MDA0
MUM0QjA5NzQyRThCRDhFNDM3QzEyOTM0MkU2NEM4MzQzRUEzODkwNDIyNzFF
OTI0Mzk2Qjg5MDQyOTMxOTk4NDNBRERFOEE0MjY2Q0Y5MDQzOUE5Qzk4NDI3
OTAwMEE0M0U2NkQ5QzQyNEVBMTNFNDM2MjA4OTk0MjE3QUI0QjQzNzBDNjlC
NDI2OEM5MUE0MzIyOUFBMTQyRTQ0QkIyNA==

--SBD.Boundary.605592468
PROCESS /noc/users/iridburst/exec/irid_300224010734970_upd.pl
Last Run  ----1970-01-01 00:00:00 
MONTH  5 
DATA  xxrecord 2012-04-19 06:00:05 :: $W5M5A,120419,060005,660d0028449ce246,1,DAS 2,5053.5414N,123.7180W,3.8,263,8.8,9.4,7.6,81.4,4.6,7.6,81.5,4.6,982.5,0,0,33.3,253,67*61
 
INSERT
STATION sbdservice
IRID_ID 300224010734970
BODY 
Content-Type: application/x-zip-compressed; name="SBMmessage.sbd"
Content-Disposition: attachment; filename="300224010734970_002766.sbd"
Content-Transfer-Encoding: base64

JFc1TTVBLDEyMDQxOSwwNzAwMDUsNjYwZDAwMjg0NDljZTI0NiwxLERBUyAy
LCwsNS4xLDM0MiwxMi4zLDkuNSw3LjUsNzkuMiw0LjIsNy42LDc5LjQsNC4y
LDk4My4xLDAsMCwzMy4zLDE5MCw3MSo3Ng0KDQokVzVNNUEsMTIwNDE5LDA3
MDAwNSw2NjBkMDAyODQ0OWNlMjQ2LDIsREFTIDIsMTIuOCwxMy4wLDAuMiww
LjQsMC4wMSw1OTEsNTk0LDE1Nyw2MzAsMCwxMS4yLDEzLjEwLDkyNio1RQ0K
DQokVzVNNUEsMTIwNDE5LDA3MDAwNSw2NjBkMDAyODQ0OWNlMjQ2LDMsN0Yw
MDc1MDIzQTAwMDA1MzMyMzAzMTMyMzAzNDMxMzkzMDM2MzQzMDMwMzA1NTVC
MDAzMTMyMzAzNDMxMzkzMDM2MzQzMDJDNTQ0MTQyMzAzMDMwMzAzMDJDMkQz
MDM1MzEyRTMxMkMyQzMxMzIyRTMzMzcyQzM0MkUzMDJDMzMzNjMwMzAyQzM2
MzAyQzM2MzAyQzMxMkMzMDMwMzUzNzMwMkMzMzJFMzQzMjJDMzEyRTMyMzYy
QzMxMzMzNTJDMzAyQzMwMkUzMTM3MzMyQzJCMzAzMDJFMzAwRDBBRjMxMEYw
REExOTYyN0YwMDY3MDIzQTAwMDA1NzMyMzAzMTMyMzAzNDMxMzkzMDM2MzQz
MDMwMzBGRjREMDAwMDgwRkI0NDAwODBEMTQzMDAwMDdBNDcwMDAwQkM0MkUz
ODc2QjNBOUYwNjA2NDFBREU1M0IzQjBEQkVCRDNBN0VCMjZFNDE1NzM4MDkz
QkI1OEVBODQxQjYwREYzNDA1NjU1MDU0MkRFQUFGNzQxRUQ3NUU3M0EwNEQ0
M0Q0M0M0NjU4RDQyN0ZCQjFBMzEwMTFGREVGMEU4MUI3RjA0M0EwMjNBMDAw
MDRCNTY0ODIwMzczMjMwMzEzMjMwMzQzMTM5MzAzNjM0MzAzMDMwNTYwMDAw
MDA4RkMyRjUzQzBBRDdBMzNCMDZENDNENDNCRjY1OEQ0MkJFRjEyNzQzMzc0
ODg1NDI0ODUwMkU0MzQyM0Q4OTQyOEMzNjdBNDNEODdDOTc0MkYzMjc5NTQz
QkZBMzk2NDI2QThCMTg0MzBEMzc5RDQyNzQxOEY5NDIyN0JGOTI0Mjk2NDgy
NjQzQkYyMzcyNDIzMkM1M0Q0MzU3NTQ3RDQyRUNCMTg4NDM1RDM0OTI0Mjk0
NkQ4NzQzRTBBNzk3NDJDQjc4MkY0MzNFMkM4RjQyM0JDOTRCNDM4NjY5OEQ0
MkI5MjY3MjQzODY0MjhBNDI3QjIwNkU0MzE5NTE4RDQyMjZFRTZCNDNBMkUw
OUE0MjI0NjgyRjQzOTcyQzk5NDI4RkRGQTY0MjJFMDQ5RDQyRUQyQ0RBNDFB
RDM3OTI0MkFGNkQ0NTQyNTAyODk3NDI0MDc3ODY0MkU1MzE5MTQyMTRENjk0
NDIzNzg4OEM0Mjc1QjYwNDQzQ0E5ODhFNDI0QTAzMTA0MzY0QTU4QzQyNzE1
QjVBNDMyMjA4OUU0MkQzNDY5QTQzM0IwRDkxNDJDREM1OTU0MzM2N0M4NzQy
MjczNzk1NDMxNUUyODc0MjM2OTA5NTQzRDRBMTk4NDI4RTkyRjY0MUZEQzE5
QjQyRTQ2QjY4NDE5QzdDOEU0MjZDRTU0RTQyNkNGRTk1NDI3OThGREI0MkVF
MTY5NDQyQjY3RDY0NDI3MTZDOUQ0MjZBMzMxQTQxRUJFOTk3NDJDMkI4MzM0
M0E4M0I5NjQyQjZDMzc2NDNFOUMyOTk0MkZFRDE5QzQzM0JFNDkzNDI2OTcz
QTg0MzQwQkE5MzQyRkM3NjhGNDM4MkIxOTk0MkREMjM0ODQzQzZDNzkxNDI5
MDg3MUY0MzM4QTc4QTQyNjIxMTBBNDM1QzdDOEU0MjFBQUEyQjQyNzc1QzlG
NDI0ODI4QUI0M0Y5RDA5NjQyQ0E1QUIyNDMzNzc1OUI0MjQ2RTE5NTQzMUYy
MjlDNDJCMjMwODc0MzQzMzg5MjQyMTQ1RTU1NDNCMEQ3OTQ0MjVCNEYyMjQz
MDRFQzk5NDI0QjU3RDQ0MTVENDM5MDQyMTRENDEwNDJEMDM0OEQ0MjA4MkM2
RjQyNEE1QzlBNDJDMDQ1OUU0MzcwNzg5NTQyQUJGM0E0NDNFOTY0OEQ0MjRC
NTBBRjQzMzEzRTk1NDJBQjE2RkI0MkFEODc5QzQyOTc3ODBCNDM3QzlDOTA0
MjAxMjNGMjQyNDA0Rjk4NDJFQUE1QjI0M0IzMzY5MzQyNDJBMEFENDMyODY1
ODg0MkM2M0RBRTQzNjQzQjk0NDI4OUYxRkY0MjNCMDM5QjQyRDI3NDEwNDNB
QzEyOTg0MjgwOUE4MzQyMDE5RDlCNDI1NEQ3RDM0MURFNjc5MzQyOEEwNDFB
NDI5OUIyOUE0MjQ1RjQ3NDQzQUIzNzkzNDIzMDUyODY0MzRGMDU4MTQyQkI2
MDhCNDM2Q0JGN0Y0MjJDQkM5MjQzQUExMTg5NDI4RDZDQTk0MzgxMTY4QzQy
RUIxMEUzM0ZENDJBODE0MkJENkFGRTQwQw==

--SBD.Boundary.605592468
PROCESS /noc/users/iridburst/exec/irid_300224010734970_upd.pl
Last Run  ----1970-01-01 00:00:00 
MONTH  5 
DATA  xxrecord 2012-04-19 07:00:05 :: $W5M5A,120419,070005,660d0028449ce246,1,DAS 2,,,5.1,342,12.3,9.5,7.5,79.2,4.2,7.6,79.4,4.2,983.1,0,0,33.3,190,71*76
 
INSERT
STATION sbdservice
IRID_ID 300224010734970
BODY 
Content-Type: application/x-zip-compressed; name="SBMmessage.sbd"
Content-Disposition: attachment; filename="300224010734970_002767.sbd"
Content-Transfer-Encoding: base64

JFc1TTVBLDEyMDQxOSwwODAwMDUsNjYwZDAwMjg0NDljZTI0NiwxLERBUyAy
LDUwNTMuNTQzM04sMTIzLjcxMTJXLDUuOCwzNTMsMTAuNSw5LjUsNy4wLDgz
LjksNC40LDcuMCw4My43LDQuNCw5ODMuOSwwLDAsMjguNiw1Niw2OSo2NA0K
DQokVzVNNUEsMTIwNDE5LDA4MDAwNSw2NjBkMDAyODQ0OWNlMjQ2LDIsREFT
IDIsMTIuOCwxMy4wLDAuMiwwLjQsMC4wMSw1OTEsNTk0LDE1Nyw2MzAsMCwx
MC44LDEzLjEwLDkyOCo1NA0KDQokVzVNNUEsMTIwNDE5LDA4MDAwNSw2NjBk
MDAyODQ0OWNlMjQ2LDMsN0YwMDc1MDIzQTAwMDA1MzMyMzAzMTMyMzAzNDMx
MzkzMDM3MzQzMDMwMzA1NTVCMDAzMTMyMzAzNDMxMzkzMDM3MzQzMDJDNTQ0
MTQyMzAzMDMwMzAzMDJDMkQzMDM1MzEyRTMxMkMyQzMxMzIyRTMzMzYyQzM0
MkUzMDJDMzMzNjMwMzAyQzM2MzAyQzM2MzAyQzMxMkMzMDMwMzUzNzMwMkMz
MzJFMzQzMjJDMzEyRTMyMzYyQzMxMzMzNjJDMzAyQzMwMkUzMTM3MzMyQzJC
MzAzMDJFMzAwRDBBRjQxMEIzOUY1NDZBN0YwMDY3MDIzQTAwMDA1NzMyMzAz
MTMyMzAzNDMxMzkzMDM3MzQzMDMwMzBGRjREMDAwMDgwRkI0NDAwODBEMTQz
MDA4ODkwNDcwMDAwRkM0MkRCRTUzQTNBNEREN0M4NDAzNkFERjQzQUJDRjg5
MjNBQjBCRDI2NDEwNjE1QkEzQTEwMTQ3MTQxMkJEQkQyNDA0OTkyRTQ0MUQ2
RTBEMzQxQzkwM0MyM0FEODNDNUY0MkJDQ0M4QTQyMjNDNDBFMzFCRjIxNUE0
RjYyMTM3RjA0NzYwMjNBMDAwMDRCNTY0ODIwMzczMjMwMzEzMjMwMzQzMTM5
MzAzNzM0MzAzMDMwNUIwMDAwMDA4RkMyRjUzQzBBRDdBMzNCRDczQzVGNDJC
NUNDOEE0MjQ4QTRCOTQyNEVCQzhBNDI2NEM1ODE0MjlBNjU5NjQyMjQ2NjM4
NDJERjBBOEM0MkFDMDA3MDQyREUwNDVDNDIyNEFGODI0MjI0ODk2NDQyQjgy
NzlBNDJGRjFCODg0MjY0MjFBQzQyNEM2ODhDNDJBQ0NDOTk0MjREQTE5QjQy
RDQyMUExNDM2MThBOTg0MkVENUQ5MDQzRTc1RDkwNDJBQTkzN0M0MzMzMDY5
QzQyOEYyNkIwNDI3OUI1OTA0MkJDRTA1NTQyMjA4MjkwNDJERjg4MTg0MjNE
REQ4QzQyOEE1OTk1NDIwRkE3OTI0MjVFRUUxMzQzN0JDRjhENDI4NEYzMUU0
MzY1RDE4QjQyOEE5MzQxNDJCODc5OUQ0Mjk3MUFCMTQzRkY2MDkwNDJDQTNB
RDA0MTM2OTI4RjQyOUEwRjIwNDIzRTU5OTg0MkMwOUM4NzQzNTJERTk3NDIz
OTY2ODE0MzA4RDM5OTQyMDkzRDFBNDI4NTgyOUE0MkEzQTJBQTQzRDY5MDk0
NDJEN0M4QUI0MzYwQ0U5MTQyMTA4NDlGNDEwQ0E0OTM0MjZEMzYyRTQxRTZB
RDk3NDJDQzNDMjE0MDc5OUI4QzQyNkJBN0E1NDAxRjZEODY0MjlBRjAzNDNG
MTkzMzk0NDI0NjdENzA0MjM1Qjc5RTQyM0I3NUY5NDJCMTlCOUE0MjcwOUI2
ODQzQkI2RDk4NDI3MTc5NjY0MzQ2NkY4MzQyNUQ1RDcwNDMyRTY5OEI0MjM3
RDM5QzQzMjFGNTk2NDJCNTEzNjU0MTlBOTI5NjQyMjM4OEIyNDA3NDNCOTY0
MkNGMEZBRDQzMDM4QjhBNDI0RkI1QUI0MzQ3NTc5MTQyMzREM0Q4NDE2NjRD
OUM0MjUxQThBODQzNUM0Qjk0NDI2QjY0OUU0M0E5OEY4NDQyMTJDMEEwNDND
NkU2OTM0MkZFMjQ1RDQyOUZCQTlCNDJGMTdEN0M0MkIzNTI5RjQyREZCQjk0
NDIwODIxQTA0MkQ4RTJBMTQzOTE4OTk5NDJERTc2OEE0MzM0MkI5OTQyMDJB
QTAzNDM0QTYyOTM0MkJENTBFODQyODUzNzdFNDIwRjIzQUY0MjlGRjA4NTQy
RUVFMDUxNDJGN0E3OTE0MjAxODIzMTQzOEY1ODlENDI2NTI4NUQ0M0MzRjk5
MTQyRDgzNjY1NDM5RjU5OEY0MjBFQzM1OTQzQUEzMzkyNDJGMjFGODQ0MzQx
QUQ5NjQyOUExQThBNDNGREE0OTE0MjcwNDc3MjQzREEwQTk2NDI0MjQzNDE0
M0U0MTY4RjQyOEE0RjM2NDM4MEU4ODk0MkIzQjJFRDQyRTcyQzkzNDJFNzlF
ODQ0MkM1MUU4OTQyMjZBMDU1NDJEODg3ODU0MkU0QjI4NzQyMEYxMTk0NDI2
M0M3Nzc0M0NEQjA5NjQyRjQ4OThENDMyNEVBODc0MkMwNTg5MjQzQ0Q5NDhD
NDIxRDM2OUQ0M0Y3QzA5NzQyODA4NkFDNA==

--SBD.Boundary.605592468
PROCESS /noc/users/iridburst/exec/irid_300224010734970_upd.pl
Last Run  ----1970-01-01 00:00:00 
MONTH  5 
DATA  xxrecord 2012-04-19 08:00:05 :: $W5M5A,120419,080005,660d0028449ce246,1,DAS 2,5053.5433N,123.7112W,5.8,353,10.5,9.5,7.0,83.9,4.4,7.0,83.7,4.4,983.9,0,0,28.6,56,69*64
 
INSERT
STATION sbdservice
IRID_ID 300224010734970
BODY 
Content-Type: application/x-zip-compressed; name="SBMmessage.sbd"
Content-Disposition: attachment; filename="300224010734970_002768.sbd"
Content-Transfer-Encoding: base64

JFc1TTVBLDEyMDQxOSwwOTAwMDUsNjYwZDAwMjg0NDljZTI0NiwxLERBUyAy
LCwsNC4yLDMyMyw4LjMsOS40LDYuOSw4Ni4xLDQuOCw2LjksODUuNSw0Ljcs
OTg0LjUsMCwwLDMzLjMsMTY2LDc1KjQ0DQoNCiRXNU01QSwxMjA0MTksMDkw
MDA1LDY2MGQwMDI4NDQ5Y2UyNDYsMixEQVMgMiwxMi44LDEzLjAsMC4yLDAu
NCwwLjAxLDU5MSw1OTQsMTU3LDYzMCwwLDEwLjgsMTMuMTAsOTMwKjVDDQoN
CiRXNU01QSwxMjA0MTksMDkwMDA1LDY2MGQwMDI4NDQ5Y2UyNDYsMyw3RjAw
NzUwMjNBMDAwMDUzMzIzMDMxMzIzMDM0MzEzOTMwMzgzNDMwMzAzMDU1NUIw
MDMxMzIzMDM0MzEzOTMwMzgzNDMwMkM1NDQxNDIzMDMwMzAzMDMwMkMyRDMw
MzUzMTJFMzEyQzJDMzEzMjJFMzQzMDJDMzQyRTMwMkMzMzM2MzAzMDJDMzYz
MDJDMzYzMDJDMzEyQzMwMzAzNTM3MzAyQzMzMkUzNDMyMkMzMTJFMzIzNjJD
MzEzMzM3MkMzMDJDMzAyRTMxMzczMzJDMkIzMDMwMkUzMDBEMEFGMTEwMjNG
QkY0NjM3RjAwNjcwMjNBMDAwMDU3MzIzMDMxMzIzMDM0MzEzOTMwMzgzNDMw
MzAzMEZGNEQwMDAwODBGQjQ0MDA4MEQxNDMwMDEwQTQ0NzAwMDBGNDQyMzcz
MDM1M0EyOEU3RDM0MDZGM0MxRDNCRkJCQTk4M0EzMkE1NDE0MUQzNjRERjNB
Mzc2N0ExNDEyMjZDRTM0MDU2NTUwNTQyMTUyQ0Y4NDE1MzA4QzYzQTQ3MzEy
NjQzOEU2Nzk1NDI2M0ZDRkUzMDJEMUQ2OTVFMzJEQzdGMDQ1MjAyM0EwMDAw
NEI1NjQ4MjAzNzMyMzAzMTMyMzAzNDMxMzkzMDM4MzQzMDMwMzA1ODAwMDAw
MDhGQzJGNTNDMEFEN0EzM0I0MzMxMjY0MzkxNjc5NTQyM0M5NTIzNDMyNzIz
OTQ0MkMzOUMyQjQzMEI0NjlCNDIyNEUyOTk0MzJCODM5OTQyN0M1MEE1NDM0
Rjk0OTA0MkQwNEVBQjQzMzQ2MDhDNDI3NERFMEY0MjhBQzc5NjQyOEZDNDA4
NDM2Q0REOTE0MkY3MEE4NDQyQUY2Nzk2NDI1MjU1RTc0MTY3QjQ5MjQyNjBG
OTAxNDIyMjM3OTk0MjcwRTUxQjQxRDM3RTk3NDJDOTdEOUM0MDIxOTc5QjQy
NDlDNjBBNDNBQzFGOTY0MjBBN0ExMzQzMEIwODkwNDIyRTMzMTQ0MzU3RTA3
QzQyNUI0NjExNDM5RUJDNjc0MkQwOThGNzQyRjlGMjlDNDI4QTVFQjM0MzA2
NzE4QTQyNTQyRTEyNDJFOEEwOUE0MkY0MDk2QjQzQTAyQTk0NDJENEJCOUQ0
MzY4Nzg5NjQyOUVGN0QwNDExQ0ZBODg0MjM1RkVFMjQxOUYyMjk4NDIyQUU3
QzQ0MjUzMTI5RjQyN0NBMkU5NDJGQjIwOEY0MjJEMDUxQjQzOTIxNThGNDJB
MkUyNTQ0MzIwQzA4QTQyN0MwQzUxNDM5NTkwODg0MkExMTg1QjQzNEQwQjk3
NDI0M0IyQTY0MzIxMTE5MTQyMkMwNDlFNDMwRjEyODY0MjM2MjE5QzQzOEU1
QjkzNDIyNkZFQjQ0MjA4MDA5OTQyQjcwRTA3NDJGOUJBOTU0MjI4Q0M0ODQx
NUEzMjhFNDIxODQ4MEM0MjY4Qjg5MjQyREFGQTMxNDI4RURDOTg0MkUyRTAz
ODQzMjk3MDk4NDIwOEQ3NEE0MzUwMjU5MzQyMDZDODQxNDJDMjM3OUI0MkMw
RkQ5QjQyMEE2MThDNDI2NEI4ODc0MjdBRkM4ODQyODBGRkFCNDFFMUE5OEI0
MjE1NUQ5NzQzMkUxRTg5NDJCQ0IwODg0MzdFRDE4MjQyNTcwODhDNDMzODFD
ODg0MjM1MzA5QjQzQzUwMjg3NDJGNUFEQUE0MzdFNDY4QzQyMUFBMjBCNDNF
MkE1OUE0MkFCMUQxODQzQzU5QThGNDIxRDA4RTY0MjQ4MTk5RTQyNDAxQzkw
NDNDQTcwOUE0MkJCOEU4RDQzMkY0RDkzNDIxRUI2ODI0M0NCQjg5ODQyMTI1
MjZDNDM1QTJGOTY0MjkxMkI4RjQzNTNBNThGNDI1NkY2OTk0MzZBRjk5MTQy
MkU0RUE1NDNFNEI5OUU0MkRENkRBRDQzMTNDODk4NDIwMUZFQUI0M0FBMEQ4
RTQyOUREQkFBNDMxMjE3OTk0MjQ0MkM5QjQzRjYyMzlENDJBMjNFOUY0M0Uz
MjQ5NjQyMUQ4RTFCNDE0OENDOUI0MkY0QUFCODQyNjIyRDk0NDJGRUJFMEU0
MkFCMEY5MjQyRkZGMkE0NDM2MjVEOTA0MkI1MzM4MzQzNDE4QTkwNDIyQTJG
NTc0M0M2MkM5NTQyOUYzMzU2NDNDQzVCOTQ0MjcwMzA1RjQzMUJCNzhENDJB
NDRFNTY0MzlDRUM5QjQyQUQ2REY0NDAxRA==

--SBD.Boundary.605592468
PROCESS /noc/users/iridburst/exec/irid_300224010734970_upd.pl
Last Run  ----1970-01-01 00:00:00 
MONTH  5 
DATA  xxrecord 2012-04-19 09:00:05 :: $W5M5A,120419,090005,660d0028449ce246,1,DAS 2,,,4.2,323,8.3,9.4,6.9,86.1,4.8,6.9,85.5,4.7,984.5,0,0,33.3,166,75*44
 
INSERT
STATION sbdservice
IRID_ID 300224010734970
BODY 
Content-Type: application/x-zip-compressed; name="SBMmessage.sbd"
Content-Disposition: attachment; filename="300224010734970_002769.sbd"
Content-Transfer-Encoding: base64

JFc1TTVBLDEyMDQxOSwxMDAwMDUsNjYwZDAwMjg0NDljZTI0NiwxLERBUyAy
LDUwNTMuNTQzN04sMTIzLjcxNDZXLDQuMCwzMzgsOC42LDkuNSw3LjYsODMu
Niw1LjAsNy42LDgzLjMsNC45LDk4NS4wLDAsMCwyNSwyMzcsNzAqNzINCg0K
JFc1TTVBLDEyMDQxOSwxMDAwMDUsNjYwZDAwMjg0NDljZTI0NiwyLERBUyAy
LDEyLjksMTMuMSwwLjIsMC40LDAuMDEsNTkxLDU5NCwxNTcsNjMwLDAsMTAu
NywxMy4xMCw5MjgqNTINCg0KJFc1TTVBLDEyMDQxOSwxMDAwMDUsNjYwZDAw
Mjg0NDljZTI0NiwzLDdGMDA3NTAyM0EwMDAwNTMzMjMwMzEzMjMwMzQzMTM5
MzAzOTM0MzAzMDMwNTU1QjAwMzEzMjMwMzQzMTM5MzAzOTM0MzAyQzU0NDE0
MjMwMzAzMDMwMzAyQzJEMzAzNTMxMkUzMTJDMkMzMTMyMkUzNDM3MkMzNDJF
MzAyQzMzMzYzMDMwMkMzNjMwMkMzNjMwMkMzMTJDMzAzMDM1MzczMDJDMzMy
RTM0MzIyQzMxMkUzMjM2MkMzMTMzMzgyQzMwMkMzMDJFMzEzNzMyMkMyQjMw
MzAyRTMwMEQwQUY5MTA4QjFGMDJGMTdGMDA2NzAyM0EwMDAwNTczMjMwMzEz
MjMwMzQzMTM5MzAzOTM0MzAzMDMwRkY0RDAwMDA4MEZCNDQwMDgwRDE0MzAw
OThCNzQ3MDAwMDA2NDM4Q0E3MkQzQTYwNzZCRTQwQTA2NUUyM0E1RjQyOEUz
QUQ5RDAyOTQxREIyNkI3M0E3OTZDNzY0MTQxMzZDMjQwMDAwMEM4NDE1RUM1
Q0E0MTM2QUJCNjNBMzUyRjZENDNEOTUyOEM0MjVFQ0UwOTMxMEIxRUI5MkRB
N0ExN0YwNEUyMDIzQTAwMDA0QjU2NDgyMDM3MzIzMDMxMzIzMDM0MzEzOTMw
MzkzNDMwMzAzMDY0MDAwMDAwOEZDMkY1M0MwQUQ3QTMzQjNBMkY2RDQzRDk1
MjhDNDJFRDA1Njc0M0QxRTA0QTQyRThFMDVGNDNBRUYzN0Q0MjQwMDM2RTQz
MjY4MDlCNDI5MUZGODc0M0Q3QjU5NzQyM0FCRjdFNDNFOEIxOEM0MjRBQjc4
QzQzQTBDRTkzNDIxRTBGQkU0MkM3RUQ5NzQyMkUyNDAwNDNFRDBBODY0MkRB
NDQwRTQzOUE2MzhBNDI1QkIxRTc0MjA3NkU5NzQyMEJEMEIzNDNFRTc5OTc0
MkMwRUJBQTQzM0M3RThDNDI4REM4QjE0MzU5OUU5MzQyNDY1NDlCNDJEMEU0
OTk0MjU3QUExRTQzNkRFMTlBNDIxRTQxOEM0MzVEQ0Q5ODQyODBBNzlENDMw
QTZEOTM0MkFBNUQ4RDQzNzUxNDk2NDI1Q0I0Njc0MzIxNEI5ODQyRUE1RTA0
NDNGRTFDOUY0MjQ1NkY3QjQxQzZBRTk2NDI2NUI0QjM0M0U2QTE3QjQyMDM1
OUIzNDM0QUFBNzk0MkQ5NkYyRTQyMUY5NDkxNDIyRjJFM0I0MjM3QzA4RDQy
RjdFODNCNDEwRURGODU0MjYyRUVBNzQzQkY1QTg3NDI1QTg0OTA0MzI2MDc4
RjQyNTI0MDk5NDM1QUQzOTA0MjZGMThFMjQwNDUxNDkxNDI2NDlDNjU0Mjg0
QTM4RjQyRkIxOUM3NDFDOEQ4OEU0MjZENzM4RjQxMjJGNjg3NDI3MzUyOTY0
MzRDQUU5NjQyQjc4NTg2NDM3ODI1OEY0MkYyOUQ4MjQzRDAxNTlENDJFMzQ4
MjA0M0U3M0Y5NzQyNkUzQTMzNDM3RDFFOEU0MkVEMUM0NDQzQzg4ODhCNDJG
MjlDNDY0MzkzMDY4NTQyNkM1NzUxNDNFRUMzODE0MkY0MkY3MDQzNjAwMzg0
NDIwNzUyODQ0MzNGQjA4NTQyRjdERTkwNDNEQzg5OEY0MkIxQUJGRTQxNjI2
QjhGNDI2OEU0NzY0Mjg3Mzc4OTQyM0U0NUJBNDJFRDlEOTU0MkM1RjExOTQz
ODgzQTk2NDJDNkU0MDc0MzgzNTQ5NzQyMzg3Q0JENDI1Q0IwOTc0MjFGNUVE
NTQyRUNBMjkxNDJCRkJFMTE0MzlCRDk5MDQyMzRENjI5NDM1NUY1OTM0MjI3
MEI5ODQyNDRENjkyNDI4NTBFQkM0MkE0RUU5QjQyRTMwNzJENDM0QUMzOUI0
MjJFNjRDQzQxQ0I2MDlENDJCRjlEOEE0MzU0NUVBMDQyNzVERjBDNDM5MEQ3
OEY0Mjk5QjFERDQyMkFGMzg4NDJEN0Y1MEU0MjNDNDRBMDQyMjYzQzdFNDMz
NDlCOUQ0MkE4MEY0MzQyNDA4RDlBNDJCNkQwOTM0MTIzQUQ4NjQyNTc4QkFE
NDM4REYxODQ0MjAwN0FBNzQzNkEzNzhGNDI4ODRDMUM0MkZGQzc5NTQyQTI3
NjczNDI5RjlGODc0MkM0ODA3MzQyNkQxQTgwNDI4OENBOTQ0MTQyQ0Y5MDQy
QjhCNzk4NDNEQzZBOEI0MjNBNEM5MjQzOQ==

--SBD.Boundary.605592468
PROCESS /noc/users/iridburst/exec/irid_300224010734970_upd.pl
Last Run  ----1970-01-01 00:00:00 
MONTH  5 
DATA  xxrecord 2012-04-19 10:00:05 :: $W5M5A,120419,100005,660d0028449ce246,1,DAS 2,5053.5437N,123.7146W,4.0,338,8.6,9.5,7.6,83.6,5.0,7.6,83.3,4.9,985.0,0,0,25,237,70*72
 
INSERT
STATION sbdservice
IRID_ID 300224010734970
BODY 
Content-Type: application/x-zip-compressed; name="SBMmessage.sbd"
Content-Disposition: attachment; filename="300224010734970_002770.sbd"
Content-Transfer-Encoding: base64

JFc1TTVBLDEyMDQxOSwxMTAwMDUsNjYwZDAwMjg0NDljZTI0NiwxLERBUyAy
LCwsNC45LDM0Miw5LjcsMTAuMCw4LjksNzYuMiw1LjAsOC45LDc2LjYsNS4w
LDk4NS40LDAsMCwyOC42LDI4OSw3MCo3Qw0KDQokVzVNNUEsMTIwNDE5LDEx
MDAwNSw2NjBkMDAyODQ0OWNlMjQ2LDIsREFTIDIsMTMuMSwxMy4zLDAuMiww
LjUsMC4wMSw1OTEsNTk0LDE1Nyw2MzAsMCwxMC43LDEzLjEwLDkxOCo1QQ0K
DQokVzVNNUEsMTIwNDE5LDExMDAwNSw2NjBkMDAyODQ0OWNlMjQ2LDMsN0Yw
MDc1MDIzQTAwMDA1MzMyMzAzMTMyMzAzNDMxMzkzMTMwMzQzMDMwMzA1NTVC
MDAzMTMyMzAzNDMxMzkzMTMwMzQzMDJDNTQ0MTQyMzAzMDMwMzAzMDJDMkQz
MDM1MzEyRTMxMkMyQzMxMzIyRTM2MzQyQzM0MkUzMDJDMzMzNjMwMzAyQzM2
MzAyQzM2MzAyQzMxMkMzMDMwMzUzNzMwMkMzMzJFMzQzMjJDMzEyRTMyMzYy
QzMxMzMzOTJDMzAyQzMwMkUzMTM3MzEyQzJCMzAzMDJFMzAwRDBBRjAxMDlC
NDlBM0ZBN0YwMDY3MDIzQTAwMDA1NzMyMzAzMTMyMzAzNDMxMzkzMTMwMzQz
MDMwMzBGRjREMDAwMDgwRkI0NDAwODBEMTQzMDAyMENCNDcwMDAwMDM0M0Uw
N0Q0NDNBQkVGOUM0NDAzMjU0MDgzQjNGQjA5RjNBNzEwQTMxNDFGNTBBRDYz
QTFDMTc3MzQxRjM1QUM5NDA0OTkyRTQ0MUQxMkJFNzQxMzNERUNBM0E4QzhB
OTA0MzUxQ0M4QzQyQ0Y3NDNEMzEzNTFGQTVBNzlGREU3RjA0OUEwMjNBMDAw
MDRCNTY0ODIwMzczMjMwMzEzMjMwMzQzMTM5MzEzMDM0MzAzMDMwNUUwMDAw
MDA4RkMyRjUzQzBBRDdBMzNCOEU4QTkwNDM1MUNDOEM0MjBDQkNBNjQzNDUy
RTg5NDI2QTc4OUY0M0VGQ0M5MTQyNzU2NTg2NDM2RjY2OEU0Mjk5RkY5MDQz
RjRBRDg1NDIzQkMxOUU0MzBCMzE4NDQyRUE0NDg4NDMxQTY0OTc0MjFFQTk3
NzQzMzYzNjg3NDJFODQyNzI0MzM0NzY3NTQyNUNFODVENDM2MURDODY0MjRF
OTY5NzQzRUNCNjkzNDJCRjNDOTA0MzQ2MkU5NTQyRjQyMDU5NDM2NTNFODg0
MkNEN0Y1OTQzMDhGQzhGNDJCQkQ5NDc0MzQ3QzNBMDQyN0Q1NzI4NDNCRTdF
OTc0MkRDOTI2MDQzNkY1NjkyNDI0REU5ODk0M0M3QkI4ODQyNTQ2MjhFNDMx
NjI5ODY0MkVBMTU4QTQzMTI0QzkyNDIxMjg3N0M0M0U0MkQ5QjQyNDhGOTVD
NDNDQzYyOTk0MjIxOEM2QzQzMUFFOTkyNDJENkVFODU0M0FFMTE5RjQyN0RD
NDE1NDI1OTEyOTU0Mjg4NTBCMjQxODUwQzkxNDJBRTc2QTk0MzMxRTY5MDQy
QkFCNzE1NDFBQzdEOTA0MkNERTlFQzQxODRBQTc3NDJDQzAzQUQ0M0EwMjc3
ODQyMzY3Mzk5NDNERDcwNzE0MjAzQzI5NTQzNUM2MzcwNDI2QkI2OUM0M0Iw
MTA4MTQyRDNBNjBFNDJDOUM3OTc0MjVBN0E5QjQzMTg2RDg3NDIwQjREOEQ0
M0VBMDU1RjQyMDc5QTYzNDM0OTBCOEE0MjE5Qjk0ODQzRDdCNjhDNDI1NTA4
NDk0Mzg1ODY4RTQyNzJBOTI3NDNGRkFDODg0MjIyNTMyOTQzMEE3NzhDNDIz
MTgyNEM0M0EwQkI4QjQyNjc4NzJGNDM1MjVEOEU0MjE3ODMxRjQzRkY0NDg0
NDJDNjZCMjQ0M0RERTQ4MTQyNjRDMTA5NDNCQjgwOTc0Mjk2MEQ4MzQyQzVE
Qzk1NDI3MERFOTc0MkU3NkY5MjQyOTc5MjA0NDI3QjEzOEU0MjAzQzdBOTQx
NkFBQTkxNDIxRkEyOUE0MjI3Njk5QjQyQUQ0MTZGNDE5QTVDOUM0MkE0MzU4
RTQzQTIxMDlCNDJFNTM4OEE0MjMxNEE5QTQyMTVDRjkxNDJDOUZDOTE0MjQ5
NEYxQjQyREEyNDk1NDI2RjA1Qzc0MTc1NjY4QjQyRjcyNTM0NDI2NDQ0OEU0
MkU2RDNCODQyMjY3QzlCNDJFMjZGNEE0MzdENDk5RTQyQjgyMjgzNDMxQkYw
OUI0MjFGMEE4ODQzNzI1MTk2NDI4RkNFNjg0MzBCOEQ5NjQyMjBDRjNFNDM4
RUY1OEY0MkRCNTM0RTQzM0UyNDhCNDI1RTRFNjA0MzE3QkM4QzQyNjkwMUE5
NDNCMjg0OUY0MkFDMDI1RDQyOUQ5MjhDNDIzM0IzOUU0MjE1MkE4NjQyMTY3
QUQxNDIzMUMyODk0MjQ2Q0QwQTQzOUE2RDhENDJFRjU1NDU0MzVBOEE5MTQy
NUI1RThENDMyQ0E0OEI0MkFGNUVBOTQzRA==

--SBD.Boundary.605592468
PROCESS /noc/users/iridburst/exec/irid_300224010734970_upd.pl
Last Run  ----1970-01-01 00:00:00 
MONTH  5 
DATA  xxrecord 2012-04-19 11:00:05 :: $W5M5A,120419,110005,660d0028449ce246,1,DAS 2,,,4.9,342,9.7,10.0,8.9,76.2,5.0,8.9,76.6,5.0,985.4,0,0,28.6,289,70*7C
 
INSERT
STATION sbdservice
IRID_ID 300224010734970
BODY 
Content-Type: application/x-zip-compressed; name="SBMmessage.sbd"
Content-Disposition: attachment; filename="300224010734970_002771.sbd"
Content-Transfer-Encoding: base64

JFc1TTVBLDEyMDQxOSwxMjAwMDUsNjYwZDAwMjg0NDljZTI0NiwxLERBUyAy
LDUwNTMuNTQ1M04sMTIzLjcxMzdXLDMuMCwyMjIsNy44LDEwLjksOS42LDcy
LjMsNC45LDkuNiw3My4xLDUuMSw5ODUuOSwwLDAsMzMuMywyOSw3Myo2Ng0K
DQokVzVNNUEsMTIwNDE5LDEyMDAwNSw2NjBkMDAyODQ0OWNlMjQ2LDIsREFT
IDIsMTMuMCwxMy4yLDAuMiwwLjQsMC4wMSw1OTEsNTk0LDE1Nyw2MzAsMCwx
MC45LDEzLjEwLDkzMCo1Qw0KDQokVzVNNUEsMTIwNDE5LDEyMDAwNSw2NjBk
MDAyODQ0OWNlMjQ2LDMsN0YwMDc1MDIzQTAwMDA1MzMyMzAzMTMyMzAzNDMx
MzkzMTMxMzQzMDMwMzA1NTVCMDAzMTMyMzAzNDMxMzkzMTMxMzQzMDJDNTQ0
MTQyMzAzMDMwMzAzMDJDMkQzMDM1MzEyRTMxMkMyQzMxMzIyRTM1MzgyQzM0
MkUzMDJDMzMzNjMwMzAyQzM2MzAyQzM2MzAyQzMxMkMzMDMwMzUzNzMwMkMz
MzJFMzQzMjJDMzEyRTMyMzYyQzMxMzQzMDJDMzAyQzMwMkUzMTM3MzIyQzJC
MzAzMDJFMzAwRDBBRUQxMEMzMDQ3QjUwN0YwMDY3MDIzQTAwMDA1NzMyMzAz
MTMyMzAzNDMxMzkzMTMxMzQzMDMwMzBGRjREMDAwMDgwRkI0NDAwODBEMTQz
MDBBOERFNDcwMDAwRjI0MkRFNTgzQjNBRTAzMEQxNDAyOEJGM0MzQjVCN0U5
QzNBOEFDQzM5NDE0RjU3RUEzQTdEMEI5MTQxMkMyNkU1NDA1NjU1MDU0MjJE
QzRGQTQxRjNCQ0NFM0EzN0NCRUE0MTZENDg5MTQyOEU2NTFBMzFBQzFGNjg4
NDEzRDI3RjA0ODIwMjNBMDAwMDRCNTY0ODIwMzczMjMwMzEzMjMwMzQzMTM5
MzEzMTM0MzAzMDMwNUMwMDAwMDA4RkMyRjUzQzBBRDdBMzNCMkJDQkVBNDE2
OTQ4OTE0Mjc5QjU4QzQyNUUyMzk0NDJDRDI1NjM0Mjg1ODA5NTQyOTNBNjY0
M0VGNDg1OEM0MkNDNEVBMTQzREE0OTg1NDI1MzQ1ODY0Mzg5MkE5MTQyRUZD
NjVCNDM0NzNBOTA0MkI0QjQ3NzQzOTVENDhENDJFNDBFOEE0MzVEQjM4RTQy
NDA5MEEwNDM5OTVEOUQ0MkJFRTcyODQzRkI0NjlENDJGNkY4MkQ0MzdGN0E5
QjQyRDA4RUVCNDI2ODFDOTk0MjgwMzdDNDQyQTFFQjkyNDIyNTQxMDQ0M0RE
Mjc4RDQyRjNGMDE3NDMxNkUwOEM0Mjc5NjExOTQzNkY5RDkwNDJBQ0YxMTM0
MjE1QjE5QTQyMkJBOEE5NDNFMjgzOEU0MjVDRTE5MTQzRDgzQzkzNDJDQTY3
ODA0M0ZDQ0M5QTQyNzA4M0VFNDI4QjkyQTA0MkY4RjIxRDQzM0IyNDkxNDIx
OTcwMjI0MzA0NjY4MzQyNDJFMTJGNDM5NkIwODk0MjcyOTU4RjQzN0E1Rjk0
NDI4RTIwOTM0M0UyMjk5NzQyMkQzODUyNDMwMDA0OTM0MjdFNkU1RTQzMUY0
Qzk4NDJCQkVCQTE0MkM3REU5RDQyNDYxM0RDNDJFODE3OTU0MjU0OUNGNTQy
NDgzMTk1NDI4MDZFRUQ0MjgzRjQ5NDQyQ0UyMzgxNDMzQTE3OUI0MkNBNEU3
NDQyNTlDNzlDNDJCOTQwOTc0MjJBQkU4NDQyRTkwNjlCNDJGNTIwOEM0MkQ5
NzlBOTQyQUM4ODk3NDIwMjUyNUY0Mzc5Q0E5RTQyNzQ4NzY4NDNGNUJEOTQ0
MkE2ODc0RTQzMzA1Qjk5NDJEOEM4NTM0MjZFQkY5MjQyNzI4RkFDNDM1MzM4
OUE0MjE0RDg1OTQzMUY0QzhGNDJDODY2MUE0MzJFM0Q5ODQyNjM5QkFGNDMz
QjkyOUE0MjYwQjY4OTQzQjU0RTg1NDIzMEFCNzY0M0E3RkY3ODQyRTUwRTc4
NDNDM0E1N0Y0Mjc4RTM4NDQzNDQzQTgwNDJFMjlEOEQ0M0Y0MkI4ODQyOTgw
QUEzNDNBRjc3OEU0MkQwMzlBRjQzNDhGMDhENDI0QjkwQzU0MTU2REI5ODQy
MTlBMEM3NDI3MzFEOTg0MkFDOUQ5NjQzN0Q1Qjk5NDI2MjhFOEE0M0UwNUE5
MTQyN0NBMjgzNDNFMjAxOTU0MkQxRjQ1RTQzRERFNzlBNDJCQ0JEMkI0Mzky
NTg5ODQyODYzQjlFNDNDQ0Q5OUM0MkQzQkM5QzQzQzZGQzgzNDJBMUJGOUY0
M0NGQ0E4NTQyMTg1OEI3NDFDMDZCOEI0MjlBOUMxODQyRjcwMzhENDJGOEFC
QTc0MzJEQTg5QjQyNzlBMzcyNDMzMTFCOTE0Mjk3QjI2QzQzMkQxOThCNDI5
NDI0OEI0M0RGQTQ5NTQyQjJERDlDNDNFNDNGOEY0MkU5Mzg4QjQzREEzNzhB
NDI4RjhBODE0MzEyRDg4QjQyOEREMjkwNA==

--SBD.Boundary.605592468
PROCESS /noc/users/iridburst/exec/irid_300224010734970_upd.pl
Last Run  ----1970-01-01 00:00:00 
MONTH  5 
DATA  xxrecord 2012-04-19 12:00:05 :: $W5M5A,120419,120005,660d0028449ce246,1,DAS 2,5053.5453N,123.7137W,3.0,222,7.8,10.9,9.6,72.3,4.9,9.6,73.1,5.1,985.9,0,0,33.3,29,73*66
 
INSERT
STATION sbdservice
IRID_ID 300224010734970
BODY 
Content-Type: application/x-zip-compressed; name="SBMmessage.sbd"
Content-Disposition: attachment; filename="300224010734970_002772.sbd"
Content-Transfer-Encoding: base64

JFc1TTVBLDEyMDQxOSwxMzAwMDUsNjYwZDAwMjg0NDljZTI0NiwxLERBUyAy
LCwsNC4wLDIyNiw5LjMsMTEuMyw5LjgsNzIuMCw1LjAsOS44LDcyLjksNS4y
LDk4Ni4yLDAsMCwzMy4zLDI1NSw3NSo3Mw0KDQokVzVNNUEsMTIwNDE5LDEz
MDAwNSw2NjBkMDAyODQ0OWNlMjQ2LDIsREFTIDIsMTMuMSwxMy4yLDAuMiww
LjQsMC4wMSw1OTEsNTk0LDE1Nyw2MjksMCwxNC4yLDEzLjEwLDkyNyo1RA0K
DQokVzVNNUEsMTIwNDE5LDEzMDAwNSw2NjBkMDAyODQ0OWNlMjQ2LDMsN0Yw
MDc1MDIzQTAwMDA1MzMyMzAzMTMyMzAzNDMxMzkzMTMyMzQzMDMwMzA1NTVC
MDAzMTMyMzAzNDMxMzkzMTMyMzQzMDJDNTQ0MTQyMzAzMDMwMzAzMDJDMkQz
MDM1MzEyRTMxMkMyQzMxMzIyRTM2MzAyQzM0MkUzMDJDMzMzNjMwMzAyQzM2
MzAyQzM2MzAyQzMxMkMzMDMwMzUzNzMwMkMzMzJFMzQzMjJDMzEyRTMyMzYy
QzMxMzQzMTJDMzAyQzMwMkUzMTM3MzEyQzJCMzAzMDJFMzAwRDBBRTcxMEJF
ODQ0ODA1N0YwMDY3MDIzQTAwMDA1NzMyMzAzMTMyMzAzNDMxMzkzMTMyMzQz
MDMwMzBGRjREMDAwMDgwRkI0NDAwODBEMTQzMDAzMEYyNDcwMDAwMDY0Mzgz
Q0M0NDNBQTA0M0JENDA2QzYwMjgzQjc0MUE5NzNBQ0IzODFBNDE2NTUwRDMz
QTZGNDc1MDQxRTY2QUMzNDA1NjU1MDU0MjY4Q0VGOTQxNkM0QUMxM0FGQTJG
N0Y0M0YwMkE5NTQyNDk0NDIwMzExMzFERTk4MzgxOTc3RjA0OUEwMjNBMDAw
MDRCNTY0ODIwMzczMjMwMzEzMjMwMzQzMTM5MzEzMjM0MzAzMDMwNUUwMDAw
MDA4RkMyRjUzQzBBRDdBMzNCRkUyRjdGNDNFQzJBOTU0MjBBOTg5MTQzMjEy
NDk0NDIzNkNBN0U0MzlCNEI5OTQyNzFCODQxNDMzRDhBOTY0MjdGODA2NDQz
RTYxMTlCNDJFMzlGNjU0M0IxMzI5OTQyOTQxMTQ3NDNCNUVDOEE0MjE0ODM1
ODQzNEFFNDg3NDJENDE5ODQ0MzM5RTI5NTQyMjk0OThCNDM4ODlCOTA0MkEw
MDE3RDQzRjAzMjhENDJDMURDOEQ0MzgxREE5MjQyNTY4RDkzNDNBNTlEOEY0
MjZFOUY5MTQzODYxNjkyNDIxMDFGNjc0MzE3NTg5RTQyM0ZFNkUzNDJFQzU4
OTg0MjFFRjA1RTQyNThBNzk0NDI4NDBEQzE0MTQzOEM4NzQyRjgyMUFGNDNE
Mzc2OEI0MjIxQjc5OTQzNjI3MTg0NDJCMTREOUM0MzFERDc4NTQyNEI5Q0FD
NDNGRkRDODg0MjZCQUVBQzQzODJGQzhCNDJBQTE2MEY0MDcyREI5MzQyNzBB
MjI2NDJBRDY5OTI0MjY3NENFRDQyRjE1ODlCNDI1MjVEODQ0MzFBMDk5MjQy
OERERTk5NDM4NjdFODU0MjQyMEZBOTQzOTZGRThBNDJGODgyQzA0MTE5MjE4
RjQyQkE4MTI5NDI5QTAwODc0MjgzODQ5RTQyREQzRThFNDJBQjBCRUE0MjMy
QjA4RjQyMzFDOUVENDJFNjBDOEE0MjlGNUNFRDQyOThBQTdGNDI3MjE0RDI0
MkJFMTc4NTQyOUNDNjA2NDM0MUVDOUI0MjI1REI4RDQzMUVEMjhFNDI1Njcz
OTk0MzdGRTI4NzQyNDdFMkE4NDNGMTQxOEY0MjkyRjFCMTQzNEExMjk1NDIw
N0RFOUI0MzAyMEI4RTQyNDlBMzlCNDM4RDY5ODY0MjU2NUFBOTQzQjhBODkz
NDI2MTVEODk0MzQ3NTU5RjQyQTA3MDZCNDM4QjQyOUE0MkU1MTcxNzQzRTNE
RDlDNDI5OEIwMTY0MzRGODE5MjQyNTNCNEZENDJCMEJEOUI0MjBBRERBRTQz
MUVEMzk2NDIyODQ4NkU0M0JBRUQ5NDQyQTEwNTZBNDNDNUIyOEE0MjIzOUE4
RDQzRkUwQTg3NDJFOTc2OUM0MzEzNUQ4RDQyNjIzRUQyNDFFQzcwOUY0MkY1
NTBGRjQyMDUzMzk5NDIzMDhCOUM0MjQ2ODI4RTQyMUQ0QjRENDIyOTkzOEU0
MkM4RjA1MzQxMjZFQzlFNDIxMjFBQTY0M0RBODk5QjQyMjI2QjlBNDMwODk1
OEQ0MkU1NUE4OTQzNjczQzg3NDJEREVCODM0MzU5MUE4QTQyNzFFMDg2NDM0
NTg0OTI0MjMxNTYzNzQzOUY4MDlCNDI2QzI4MjE0MzYzRkU4ODQyMTU4NTQx
NDM4MkZGOEY0MjI5QzA3NzQzMDNBRTk4NDJBQjUzODU0MzkyNEVBMDQyOUYy
NEExNDM1RkE1OUI0MkI3MDEzQjQyN0E2M0EwNDI3QjczMDU0M0Q3RTI4NzQy
MDBBOTBENDM0NzlBODQ0MkM0MzUyNDQzOQ==

--SBD.Boundary.605592468
PROCESS /noc/users/iridburst/exec/irid_300224010734970_upd.pl
Last Run  ----1970-01-01 00:00:00 
MONTH  5 
DATA  xxrecord 2012-04-19 13:00:05 :: $W5M5A,120419,130005,660d0028449ce246,1,DAS 2,,,4.0,226,9.3,11.3,9.8,72.0,5.0,9.8,72.9,5.2,986.2,0,0,33.3,255,75*73
 
INSERT
STATION sbdservice
IRID_ID 300224010734970
BODY 
Content-Type: application/x-zip-compressed; name="SBMmessage.sbd"
Content-Disposition: attachment; filename="300224010734970_002773.sbd"
Content-Transfer-Encoding: base64

JFc1TTVBLDEyMDQxOSwxNDAwMDUsNjYwZDAwMjg0NDljZTI0NiwxLERBUyAy
LDUwNTMuNTQ0NE4sMTIzLjcxNDJXLDguMiwxOTMsMTQuNywxMi4xLDEwLjks
NzAuMSw1LjcsMTEuMCw3MC42LDUuOCw5ODYuMSwwLDAsMjguNiwzMyw2Nyo1
Mw0KDQokVzVNNUEsMTIwNDE5LDE0MDAwNSw2NjBkMDAyODQ0OWNlMjQ2LDIs
REFTIDIsMTMuMywxMy42LDAuMiwwLjUsMC4wMSw1OTEsNTk0LDE1Nyw2Mjks
MCwxNC40LDEzLjQ5LDkyNio1Ng0KDQokVzVNNUEsMTIwNDE5LDE0MDAwNSw2
NjBkMDAyODQ0OWNlMjQ2LDMsN0YwMDc1MDIzQTAwMDA1MzMyMzAzMTMyMzAz
NDMxMzkzMTMzMzQzMDMwMzA1NTVCMDAzMTMyMzAzNDMxMzkzMTMzMzQzMDJD
NTQ0MTQyMzAzMDMwMzAzMDJDMkQzMDM1MzEyRTMxMkMyQzMxMzMyRTMwMzAy
QzM0MkUzMDJDMzMzNjMwMzAyQzM2MzAyQzM2MzAyQzMxMkMzMDMwMzUzNzMw
MkMzMzJFMzQzMjJDMzEyRTMyMzYyQzMxMzQzMjJDMzAyQzMwMkUzMTM2Mzky
QzJCMzAzMDJFMzAwRDBBRUIxMDE4NzQ4QTkyN0YwMDY3MDIzQTAwMDA1NzMy
MzAzMTMyMzAzNDMxMzkzMTMzMzQzMDMwMzBGRjREMDAwMDgwRkI0NDAwODBE
MTQzMDBEQzAyNDgwMDAwREU0MkU3NEU2MzNBQUU2QkU0NDAyMTM0M0EzQjQ2
Q0JCQzNBNjFCQjRCNDEzNEVFMDUzQjdCREU5ODQxNEY0OEY3NDA0OTkyRTQ0
MTFCNURERDQxODkzNDAyM0I3M0Y5MDM0MkM1RDU4NjQyNjU5ODJDMzFDQzFF
RDYyOUUxOEU3RjA0MkUwMjNBMDAwMDRCNTY0ODIwMzczMjMwMzEzMjMwMzQz
MTM5MzEzMzM0MzAzMDMwNTUwMDAwMDA4RkMyRjUzQzBBRDdBMzNCNzJGOTAz
NDJDM0Q1ODY0MjAxQzJFQTQxODJBQTcyNDI0RjVGRjU0MTYxRTA4MDQyMjBC
QjMzNDIwM0I0OEI0MjNFRTk4NzQyQTI5OTkxNDJCNDMxRjA0MTU2NUU4MTQy
OUY0RTgxNDI2MzM1ODM0MjBERTRDNTQyQ0U4RDg2NDIyOTI2QjA0MjBCMjI5
NjQyMEIzMDdGNDM0MDA1OTg0MjMwQTk4QjQzQUEyNThGNDJEMkZFQTc0M0U0
NjY4NzQyNTUyOUFBNDNDRTA1N0U0MjY3RDU5NDQzRkYyNTgxNDJEQUNEOTM0
MzMxMTQ4NjQyMzY2Q0EyNDM3NzlCOTA0MkJEMDJBQTQzRDYyRDhDNDJDNDNF
QUQ0MzdDOEY4QTQyOEEyNEExNDMwQjJBOUI0MjA2Qzg1NzQzQjNFRjhBNDIy
M0FGNTE0MzNCMDQ4RDQyNEU4QzJENDNENDUxOTg0MkE0OUExMzQwRjQ5MzlB
NDIyMjc2QTI0M0NENzA4NzQyMzBGOUEyNDM1QTdBOEQ0MjMyOThBRDQzRkY3
MDg3NDJFOEQ0QTk0MzY0MjA4NzQyQ0M0OThCNDMxRURGOTk0MkI4OTUwNjQz
MTkxOEExNDI4QjlDMjc0MzNCRDk5NzQyRTIzQTNGNDM4NDdCN0Y0Mjg0NjI0
ODQzOUY0RTdBNDJGNDhBNjQ0M0Y2OUI5MzQyMTY1N0FGNDM1MzEwOTQ0MkRF
RkFBMTQzQkYyMDkyNDJDNkI1OUU0MzI0RkU4QzQyQUU1MDlFNDM0RDRBOTE0
MjhBQjU4QTQzRjBDRjlBNDI2NjAxOTE0M0YxMDE5MzQyNzBGNzk1NDNENDY4
OEU0MkE3RDc1NjQzODVDNTlBNDI4Q0I4MUY0M0IyNTI5NDQyMzE4Nzg0NDM0
NDcyOUI0MkU2N0M4RjQzNkRBODhFNDI4RkFBODQ0MzUwODk5NTQyQzYyRDQw
NDMwNzM1OUE0MjE3MzZBMjQyRDA5Njk2NDIxNzcxREM0MkEzREM5NTQyNUEx
NTVENDNBNDE4OTQ0MjMyREQ3RTQzMTVFMjczNDJDOEVDNzQ0MzZEMUU3RDQy
RTZEODkzNDM0MjU0ODg0MjU2MENBMDQzODVDQzg5NDJGQUY5ODU0M0YwNkE4
RjQyODNGQjg0NDM4OUMwODc0MjJGNjI4NjQzNjczOThGNDIxRTYwMkI0MzQ1
OTU5QTQyN0VFRDIyNDM1MDJBOEI0MkQwMjIxQTQzMDBBQzhFNDI0NDVBMDk0
M0Q0OEI5MzQyMEMxOTI5NDM1MEEwOTM0MjdGMzI0QjQzOTIwMzlCNDI4QUQw
Nzk0MzIzQzg5QTQyQ0Q1MTVFNDNGQ0E3N0Y0MjZGRkI1RjQzRjlFRTZENDIx
RTE3NkI0MzQ0QkQ4ODQyMUE3MDU4NDMwQUUyOEM0MkYwMUM0MjQzODZGQzdB
NDJERUQ3M0E0Mzk1Qzg3QjQyRTIxMTQwNDM0MTcxODM0MjNBRDc1NjQzQzMx
ODhDNDIyM0Q5NkE0M0Q2RTM5OTQyNTMyOA==

--SBD.Boundary.605592468
PROCESS /noc/users/iridburst/exec/irid_300224010734970_upd.pl
Last Run  ----1970-01-01 00:00:00 
MONTH  5 
DATA  xxrecord 2012-04-19 14:00:05 :: $W5M5A,120419,140005,660d0028449ce246,1,DAS 2,5053.5444N,123.7142W,8.2,193,14.7,12.1,10.9,70.1,5.7,11.0,70.6,5.8,986.1,0,0,28.6,33,67*53
 
INSERT
STATION sbdservice
IRID_ID 300224010734970
BODY 
Content-Type: application/x-zip-compressed; name="SBMmessage.sbd"
Content-Disposition: attachment; filename="300224010734970_002774.sbd"
Content-Transfer-Encoding: base64

JFc1TTVBLDEyMDQxOSwxNTAwMDUsNjYwZDAwMjg0NDljZTI0NiwxLERBUyAy
LCwsMy43LDIzMCwxMC40LDEyLjYsMTAuNCw3MS4xLDUuNCwxMC4zLDcyLjcs
NS42LDk4Ni40LDAsMCwzMy4zLDEwLDU5KjdCDQoNCiRXNU01QSwxMjA0MTks
MTUwMDA1LDY2MGQwMDI4NDQ5Y2UyNDYsMixEQVMgMiwxMy4zLDEzLjQsMC4y
LDAuNCwwLjAxLDU5MSw1OTQsMTU3LDYyOSwwLDEzLjgsMTMuODgsOTI5KjVE
DQoNCiRXNU01QSwxMjA0MTksMTUwMDA1LDY2MGQwMDI4NDQ5Y2UyNDYsMyw3
RjAwNzUwMjNBMDAwMDUzMzIzMDMxMzIzMDM0MzEzOTMxMzQzNDMwMzAzMDU1
NUIwMDMxMzIzMDM0MzEzOTMxMzQzNDMwMkM1NDQxNDIzMDMwMzAzMDMwMkMy
RDMwMzUzMTJFMzEyQzJDMzEzMjJFMzgzMDJDMzQyRTMwMkMzMzM2MzAzMDJD
MzYzMDJDMzYzMDJDMzEyQzMwMzAzNTM3MzAyQzMzMkUzNDMyMkMzMTJFMzIz
NjJDMzEzNDMzMkMzMDJDMzAyRTMxMzczMDJDMkIzMDMwMkUzMDBEMEFFQzEw
NjY5MzlEQTM3RjAwNjcwMjNBMDAwMDU3MzIzMDMxMzIzMDM0MzEzOTMxMzQz
NDMwMzAzMEZGNEQwMDAwODBGQjQ0MDA4MEQxNDMwMEEwMEM0ODAwMDBBNjQy
NjQ2Qjg2M0E4RTZBMTk0MTQ2REMzRjNCQjYwOUREM0E1OEQ0ODc0MUE4QTYx
OTNCM0I0REMyNDFDRUZGMDE0MTU2NTUwNTQyN0M5OUY3NDE0ODk0RkIzQTk1
NTcyODQxQjA5NDZBNDI1OThEMzIzMURDMUQ5MURFMjc5RDdGMDNGMjAyM0Ew
MDAwNEI1NjQ4MjAzNzMyMzAzMTMyMzAzNDMxMzkzMTM0MzQzMDMwMzA1MDAw
MDAwMDhGQzJGNTNDMEFEN0EzM0I5MzU3Mjg0MUIzOTQ2QTQyOTQwMjczNDE3
MTY2NTI0MjZGNkZGMjQwOEM4ODU4NDI1ODBFMEM0MEE0RkU2OTQyM0VFNUFC
NDE3Rjk3NzI0MjBEOTk2RTQxRTZFRTZDNDJGM0MxQjE0MzdCRjI3QTQyMEZF
OUM3NDBBRDA0OTE0MjRFOUEzRTQyOThEQjkxNDIzRTMyNjI0MkI3NDk5RDQy
MEMzOTgwNDM0QjgwOUQ0MjVFNDNBRjQzMkVGQjhENDI0RkFBQjM0M0UxMEI3
RDQyQzY4QUFENDNCMjBGOEU0MjVENDY4NjQzRDc2MDlBNDJCNTlDMEE0M0RC
RjdBMDQyN0IzMTEzNDMzRjI3OTk0MjYyQTcwMDQzREVCNjkzNDI5Qjg5RkM0
MjdBRkY5NTQyMzZCRjM3NDM1NEJGOTU0MjZGNjg0ODQzMTg3RDk0NDI5REEz
M0M0MzUzMDM5ODQyODgyNDE3NDMwQkE3ODA0MkVEMTIxMzQzMThEMzdENDI0
N0Y3MDg0MzJBODU4QjQyOUY4OUZDNDJGQjA0OEU0MkVBNzQwNTQzMDQ1RTk3
NDIyMUVBRTY0MjBBMkI5QTQyODNFODA1NDI4QzY2OTg0MkQ0RDdBRjQzRDE2
MjkyNDIzOUQ1OEM0MzFFMTc5QzQyMDA4QjU1NDMwMDlBOEI0MjE5Q0Y1NTQz
RjAwQTg2NDIzRUE0NTM0M0U4Rjc4MzQyQUQ0MzVENDM2RTQ0OEE0MjBFRTQ1
RDQzQzgxQjhDNDI3OTM0NTM0M0JBMzc5OTQyMTZENzNENDNDNDYwOTk0MkM2
OUU0NjQzNTYxODk2NDJEODIwNkI0MzQwQzg5QzQyNTBBQUFCNDMxNkE0OTA0
MkJEQ0NBQjQzMDAwQzc4NDJDNTgxQTk0M0IzOTg3RDQyNkZDOUIxNDNCNUE1
OEI0MjI3M0RERTQxNUEwRjlBNDI4NTA2MUY0M0Y2OEE5QTQyMDcwNjVFNDMz
NjJEOTk0Mjk0QzE4RjQzNEI5QTk1NDJCNDQyOTg0M0RCRjY5MzQyNkE2NTk2
NDM2MTYwOTY0MkY5N0M4NjQyRjQ2MTkyNDIzNkM4OTM0MkY4QUI4MzQyNjU5
NTg2NDI3RkZBN0Q0MjIwQzU1MjQyODQ3MTc5NDJENzQyNDE0MjMxQzU4MjQy
NDk1RjgzNDJCMDVEOEU0MjQ0N0U0MDQyQzUyNzkyNDIzQzNDRDM0MjA4Mjk5
NjQyMTI5MjExNDMxOUJFOEI0MjlBRkExQzQzNkQ3NDk3NDJBNUMzMzM0MzJD
N0Y5QzQyQTY4M0FFNDMzNDhDOUM0MjE4QzhBNTQzMjQ3NzhENDJBMjIyQTA0
MzAwNzg5MzQyMTNDMTRDNDJBQzdDOTg0MkUzOUQxRDQyM0E5OTg4NDIxNDYw
OTM0MThFQzI4MzQyQzRFQjVENDE4QzlEOEI0MjU5OUZBRTQzRjZBNThGNDI4
QTNGQUI0MzhDMTI4NDQyMjk0NUFFNDMxMTdGOTE0MjRBODYwNjQxNkQ5MTkz
NDI4Q0UwRjE0MTlGRUI5MTQyQTEzNTBENA==

--SBD.Boundary.605592468
PROCESS /noc/users/iridburst/exec/irid_300224010734970_upd.pl
Last Run  ----1970-01-01 00:00:00 
MONTH  5 
DATA  xxrecord 2012-04-19 15:00:05 :: $W5M5A,120419,150005,660d0028449ce246,1,DAS 2,,,3.7,230,10.4,12.6,10.4,71.1,5.4,10.3,72.7,5.6,986.4,0,0,33.3,10,59*7B
 
INSERT
STATION sbdservice
IRID_ID 300224010734970
BODY 
Content-Type: application/x-zip-compressed; name="SBMmessage.sbd"
Content-Disposition: attachment; filename="300224010734970_002775.sbd"
Content-Transfer-Encoding: base64

JFc1TTVBLDEyMDQxOSwxNjAwMDUsNjYwZDAwMjg0NDljZTI0NiwxLERBUyAy
LCwsNC44LDM1MCw5LjQsMTIuOSwxMC43LDY5LjIsNS4zLDEwLjcsNzMuNSw2
LjIsOTg2LjUsMCwwLDI4LjYsMzAwLDY1KjdEDQoNCiRXNU01QSwxMjA0MTks
MTYwMDA1LDY2MGQwMDI4NDQ5Y2UyNDYsMixEQVMgMiwxMy4yLDEzLjMsMC4y
LDAuNCwwLjAxLDU5MSw1OTQsMTU5LDYzMiwwLDEzLjksMTQuMjcsMio1Rg0K
DQokVzVNNUEsMTIwNDE5LDE2MDAwNSw2NjBkMDAyODQ0OWNlMjQ2LDMsN0Yw
MDc1MDIzQTAwMDA1MzMyMzAzMTMyMzAzNDMxMzkzMTM1MzQzMDMwMzA1NTVC
MDAzMTMyMzAzNDMxMzkzMTM1MzQzMDJDNTQ0MTQyMzAzMDMwMzAzMDJDMkQz
MDM1MzEyRTMxMkMyQzMxMzIyRTM3MzIyQzM0MkUzMDJDMzMzNjMwMzAyQzM2
MzAyQzM2MzAyQzMxMkMzMDMwMzUzNzMwMkMzMzJFMzQzMjJDMzEyRTMyMzYy
QzMxMzQzNDJDMzAyQzMwMkUzMTM3MzAyQzJCMzAzMDJFMzAwRDBBRUYxMDAw
NkY4MDI4N0YwMDY3MDIzQTAwMDA1NzMyMzAzMTMyMzAzNDMxMzkzMTM1MzQz
MDMwMzBGRjREMDAwMDgwRkI0NDAwODBEMTQzMDA2NDE2NDgwMDAwMDU0MzEy
QkM1MTNBMEQ3M0JBNDAwMENFNUEzQjg3RDBBRDNBNjVDMDI3NDFCQTA1RTYz
QTQ1MjQ2RTQxQUU5RkRGNDA0OTkyRTQ0MUMzMEJFRTQxOERCMEY0M0E4ODE1
OTY0M0Q0OTc4MTQyOUU2MjMyMzE3QzFFQjM2RDU4QkM3RjA0NkEwMjNBMDAw
MDRCNTY0ODIwMzczMjMwMzEzMjMwMzQzMTM5MzEzNTM0MzAzMDMwNUEwMDAw
MDA4RkMyRjUzQzBBRDdBMzNCOEExNTk2NDNEMTk3ODE0MjAzNzc5RDQzRDkw
NDZCNDI4RUI4OTY0M0E4QUM3RTQyQjBGRTg5NDMwQjIxOEY0MkI1RTczMzQx
OUEwQjk5NDJDNzcxMzY0MTM0QUI4QTQyOEFDN0EwNDM5MERFODk0MjM0MDA5
OTQzM0EyMDdENDIzMkQ2OEY0M0U4MTI3MDQyM0FBQTgyNDM3ODNGNkE0MkE0
NDc2QzQzOEEwMjgxNDJBMDI1NTI0M0QwNTI4NDQyNjgyODZCNDNENDZGODY0
Mjk5Mzg4RDQzRjIxQjkzNDIyMTRGOUY0M0ZERDc5NTQyNkM5RThCNDNDRUNG
OTU0MjBFM0I4MzQzMjAwODkyNDI4MkFCMzA0MzA1NzM5OTQyOEM5OTgzNDIy
MDcwOEI0MkIyRDhGODQxRTdDQzgxNDIwRTUwQUQ0MzhCOEM4QjQyREI2OTgw
NDM3ODZGOTc0Mjk5MkQ4QTQzNTE3MTk2NDIyQzhGOTE0MzQ5Mzk4QTQyRTI2
QTg0NDMxN0IxOEM0MkRBQjg4NDQzREZBRTk3NDI1ODBFOTI0MzYxMDA5NzQy
QTQ3QThCNDM2QjAxOEM0MkY0Qzg5NDQzNEM3RDgwNDJFQzE2OTM0MzA4RTc3
RTQyNTU1NDk2NDMzOEYxNkM0MkM1Q0U5RTQzMjgxOTZDNDI0QUE0OUU0MzEy
OUY4QjQyQ0MxNTZCNDNEMEY0ODg0MjRFRTY0ODQzOEI3RDdDNDIxNTBFNDA0
MzBBMDg2NjQyMjZGOTQzNDNGQzIwNkQ0MjMyNjI0QjQzQkYzRDc0NDI1NUE1
NTE0MzY1N0U3RDQyNzY2NjU1NDM5QUZFODE0MkE0MTA0OTQzRkZFMzgyNDJG
RkM0NDA0M0UwRTE4RDQyQjJFNTY5NDM5RkU5OUQ0MkI4NTY5MDQzMDUzNTlC
NDJGMkJCMUY0M0M4RkE5RDQyOThDRUY5NDIyRkY3OTc0MjJDOTVGRTQyMDFG
Njk3NDI5QjBBRjM0MkIwMjE5RDQyMzk2NzlBNDM0NDQwOEE0MkJFOUE5RjQz
OTEyMzcxNDJCNkVCQTM0M0YwQUE4MDQyRUQwQUEzNDMyNDcyOEQ0MjM2MEVB
NjQzNDVEMjk1NDJGRThCOTg0MzA4N0I5MjQyNzY2NThCNDM0NDEwN0I0MjFG
NDA4MzQzMjU3QTVFNDI1QzFCODU0M0VGMEM4MDQyMEFCRUEwNDM0RjZCOTI0
MjVCNTNCMDQzOUZGMDkxNDI2MDFCMDQ0MUNFRjY5NjQyNzBGNkEzNDFDNUQ4
OTU0MjI3RUQ5RTQzMzkzMjhENDIxNEJGOTA0MzY2NDk4NDQyNTNDRDgxNDM1
MEMyODk0MkIwRjE1QjQzNUM5QThCNDJDNDVDNUM0MzkzQTA5QzQyMTg3REI5
NDFEQUY3OUQ0MjkyNzMzRTQzMDZBNzk0NDJBQTQ2MkE0Mzc0NUY5MjQyRjRD
NTFBNDNBNEZGOEY0MjY5QjgzMzQzQzFEMjg5NDIyMTVGM0Q0M0E4MUI5MDQy
NDZDNjgzNDNCQzdCQTA0MjhBREJDMjQxNQ==

--SBD.Boundary.605592468
PROCESS /noc/users/iridburst/exec/irid_300224010734970_upd.pl
Last Run  ----1970-01-01 00:00:00 
MONTH  5 
DATA  xxrecord 2012-04-19 16:00:05 :: $W5M5A,120419,160005,660d0028449ce246,1,DAS 2,,,4.8,350,9.4,12.9,10.7,69.2,5.3,10.7,73.5,6.2,986.5,0,0,28.6,300,65*7D
 
INSERT
STATION sbdservice
IRID_ID 300224010734970
BODY 
Content-Type: application/x-zip-compressed; name="SBMmessage.sbd"
Content-Disposition: attachment; filename="300224010734970_002776.sbd"
Content-Transfer-Encoding: base64

JFc1TTVBLDEyMDQxOSwxNzAwMDUsNjYwZDAwMjg0NDljZTI0NiwxLERBUyAy
LDUwNTMuNTQ0ME4sMTIzLjcxNjdXLDUuOSwzNDAsMTMuNCwxMi45LCwsLDEw
LjYsNzMuNCw2LjEsOTg2LjUsMCwwLDI4LjYsMzMsNzMqN0ENCg0KJFc1TTVB
LDEyMDQxOSwxNzAwMDUsNjYwZDAwMjg0NDljZTI0NiwyLERBUyAyLDEzLjIs
MTMuNCwwLjIsMC40LDAuMDEsNTkxLDU5NCwxNTksNjMxLDAsMTMuNywxNC4y
NywwKjU2DQoNCiRXNU01QSwxMjA0MTksMTcwMDA1LDY2MGQwMDI4NDQ5Y2Uy
NDYsMyw3RjAwNzUwMjNBMDAwMDUzMzIzMDMxMzIzMDM0MzEzOTMxMzYzNDMw
MzAzMDU1NUIwMDMxMzIzMDM0MzEzOTMxMzYzNDMwMkM1NDQxNDIzMDMwMzAz
MDMwMkMyRDMwMzUzMTJFMzEyQzJDMzEzMjJFMzczNTJDMzQyRTMwMkMzMzM2
MzAzMDJDMzYzMDJDMzYzMDJDMzEyQzMwMzAzNTM3MzAyQzMzMkUzNDMyMkMz
MTJFMzIzNjJDMzEzNDM1MkMzMDJDMzAyRTMxMzczMDJDMkIzMDMwMkUzMDBE
MEFGNDEwMjI2ODY1NUQ3RjAwNjcwMjNBMDAwMDU3MzIzMDMxMzIzMDM0MzEz
OTMxMzYzNDMwMzAzMEZGNEQwMDAwODBGQjQ0MDA4MEQxNDMwMDI4MjA0ODAw
MDBGNjQyMzdDMzRDM0E3QUE4RDE0MDM2MUJGQTNBRDAxMkE0M0EzMzhFMzI0
MTNDMUFDOTNBNTBEMDVGNDExM0U2RDc0MDQ5OTJFNDQxMzVFREU3NDE3N0ZD
RDYzQURCOEIwMzQyN0FGMjkwNDJBRENGMUYzMTNFMjBCMzBGOEQ3RjdGMDQ4
MjAyM0EwMDAwNEI1NjQ4MjAzNzMyMzAzMTMyMzAzNDMxMzkzMTM2MzQzMDMw
MzA1QzAwMDAwMDhGQzJGNTNDMEFEN0EzM0JFMDhCMDM0MjdERjI5MDQyQjhF
N0E0NDIzQjdFOEE0MjQ5Q0I3NjQyMjIzQzkyNDIxOTUzQTU0Mzk0RTI5ODQy
Nzg4NzQzNDNFNUI3OUQ0MjM4NURCMjQzQURBRTk4NDJBNzkwQTY0M0MxMjg3
NzQyQzA1RjlGNDNERUQyNzg0Mjk5OEE4OTQzMjE2RThGNDJEM0IzQTY0Mzcy
MkY5RDQyOEI4RjEwNDI5NDNFOEI0MjU0OUI0NjQyRjM0ODlCNDI2ODk4QTg0
MkVDNjA5QTQyQjlBMkE2NDNCNzA2OUM0MkJCN0E5RjQzM0RGQzhGNDJDMEU4
QTA0MzRCRjk5OTQyNjZBOUExNDMwNzMyOUY0MjRFODhBMzQzMEJBQjkxNDI4
ODM5QTA0MzA3RjE5MjQyNjc1MjAxNDMwNDJEOUE0MjdCQjEwNzQzRkUyMzg1
NDI1ODE2MUM0MzBDQzE4RDQyNUQzMDlBNDM0NkMzOTQ0MkU4ODNBRDQzOThC
RTk0NDIzNDE3MUI0MkVGMzY5NTQyRTNGNUIxNDMzNzdBOTI0MjZDNjM5ODQz
MzlFQjkxNDIwQTU3ODY0M0NDQTc4NDQyN0FGQTdENDMzODEzODY0MjQ0MjA1
NDQzRENGQTg4NDIwMDdGNTQ0MzZCREM5MTQyMkU5MzhBNDM3MjJFOTM0MjA4
MTA4RTQzRTc2RThGNDI2RjIyOTQ0MzgzODA5QTQyN0FCQzkwNDMwNjJEOEM0
MjZGOTc4OTQzOEQ0MDhFNDI1QTNEOTI0M0JDMEU5NjQyQURFNEEyNDM2OTZB
OTU0MjBBRTlBMTQzOEMyNzkwNDIyREYyOUU0MzU3RDQ5NjQyNkNGMzcwNDND
RTU3OUU0MjdBNzc1MzQzN0UxOTlBNDIwMkQ3OUI0M0ZFMTQ5OTQyRjY2MUE0
NDNEOUE1ODg0Mjg3MzVBOTQzQTY2QzhFNDI5NDdBOUM0MzEyQkI5RDQyQkJF
NTc4NDM0RTFGOUM0MjlBRjI5QjQzNjY5NTkzNDI3NDk4OUY0MzZDMkQ5NjQy
QjIxMEI5NDJGQUQwOTc0MjY3QzhCRTQyNTE4NDg5NDJGQTkwRTM0MjA2Qjc5
MjQyMTQ5NjUzNDM3QTlBOTc0MjdCRkY4RjQzNTJEMThFNDI0RjE4OUU0MzU3
NzM4OTQyMTREQjk1NDM1NkYzOUQ0MkNDMTQyNDQzRTkwNTk1NDI1RDhEMDk0
M0FFODA5QjQyRDE2NzlFNDMyNEMxOTA0MkJGNjQ5RDQzQjFFNTc4NDIwQ0M4
OUE0M0QzM0Q5NzQyQkIwQzE5NDNEODk1OTM0MjE5OEE4NTQzRjYxMDk2NDI1
MDBGOTQ0MzU1OTk3MTQyNzREQThFNDMyODIwODA0MjFDMUI5MTQzM0NCOTg0
NDI3RUI0OUU0M0EzMzI3NTQyQUQ2Q0E1NDM5NDYxNjE0MjdEOUNBMDQzQzlD
OTczNDI4QjE4OTE0MzI1MDI4QTQyOEFBQjhFNDM4N0NBOEE0MkMyNUU5RTQz
QjdGMDg2NDI3MTU4OTk0MzFBRTc5MTQyQQ==

--SBD.Boundary.605592468
PROCESS /noc/users/iridburst/exec/irid_300224010734970_upd.pl
Last Run  ----1970-01-01 00:00:00 
MONTH  5 
DATA  xxrecord 2012-04-19 17:00:05 :: $W5M5A,120419,170005,660d0028449ce246,1,DAS 2,5053.5440N,123.7167W,5.9,340,13.4,12.9,,,,10.6,73.4,6.1,986.5,0,0,28.6,33,73*7A
 
INSERT
STATION sbdservice
IRID_ID 300224010734970
BODY 
Content-Type: application/x-zip-compressed; name="SBMmessage.sbd"
Content-Disposition: attachment; filename="300224010734970_002777.sbd"
Content-Transfer-Encoding: base64

JFc1TTVBLDEyMDQxOSwxODAwMDUsNjYwZDAwMjg0NDljZTI0NiwxLERBUyAy
LCwsMy40LDM0Myw2LjYsMTIuNSwsLCw5LjEsNzguMCw1LjQsOTg2LjUsMCww
LDI4LjYsMzMyLDc0KjZDDQoNCiRXNU01QSwxMjA0MTksMTgwMDA1LDY2MGQw
MDI4NDQ5Y2UyNDYsMixEQVMgMiwxMy4yLDEzLjMsMC4yLDAuNCwwLjAxLDU5
MSw1OTQsMTU5LDYzMiwwLDEzLjcsMTQuNjYsMCo1OA0KDQokVzVNNUEsMTIw
NDE5LDE4MDAwNSw2NjBkMDAyODQ0OWNlMjQ2LDMsN0YwMDc1MDIzQTAwMDA1
MzMyMzAzMTMyMzAzNDMxMzkzMTM3MzQzMDMwMzA1NTVCMDAzMTMyMzAzNDMx
MzkzMTM3MzQzMDJDNTQ0MTQyMzAzMDMwMzAzMDJDMkQzMDM1MzEyRTMxMkMy
QzMxMzIyRTM2MzkyQzM0MkUzMDJDMzMzNjMwMzAyQzM2MzAyQzM2MzAyQzMx
MkMzMDMwMzUzNzMwMkMzMzJFMzQzMjJDMzEyRTMyMzYyQzMxMzQzNjJDMzAy
QzMwMkUzMTM3MzEyQzJCMzAzMDJFMzAwRDBBRkExMEVFQTI1QzhCN0YwMDY3
MDIzQTAwMDA1NzMyMzAzMTMyMzAzNDMxMzkzMTM3MzQzMDMwMzBGRjREMDAw
MDgwRkI0NDAwODBEMTQzMDBFQzI5NDgwMDAwREE0MjNCOEY1QTNBNzc5OUU3
NDA2NjlBNTEzQjE4MkRCQzNBRkM0QjVCNDFFQkIwMEEzQkNERjQ5QTQxMDM2
QkZBNDA0OTkyRTQ0MTE1N0JFMzQxNUJGM0Y4M0E4RTBCQTY0M0FBNEU5NDQy
RjI3MTQyMzFENTIwMEY4NzUzQTE3RjA0MjIwMjNBMDAwMDRCNTY0ODIwMzcz
MjMwMzEzMjMwMzQzMTM5MzEzNzM0MzAzMDMwNTQwMDAwMDA4RkMyRjUzQzBB
RDdBMzNCOTAwQkE2NDNBQjRFOTQ0MjM1MTg4QjQzQkIzQjhBNDJDQ0YzOTY0
M0JDRjc5NTQyMDU5RDYyNDE2QzAzOUQ0MjMzRUZFMjQyMDhCNzlDNDIwNkM3
QTE0MkQ3ODI5MTQyMTRGNkI5NDI3QkVGOTk0MkVFMjU4OTQzRUQ1Nzk1NDJC
RkUxQUE0MzdGMDU4QjQyRjVCQkIzNDMzQUYzODY0Mjg3RkJENDQxRUU2NDhF
NDIxNzJFNjA0MjhERjE4RTQyQjk1REE0NDI0RDkxOTY0MjFFN0EwNTQzMzQ0
Njk2NDJGQ0Q1RjU0MkI0Qzg4NzQyMzg3RDBFNDM2MjMwOEQ0Mjc3NEIzRTQz
RjYwRTkyNDI0MDc5M0I0Mzc2NDU5NTQyRTQzMzU2NDMyMEZCOTU0MjcxMTM4
ODQzNkRFNDg1NDIzMThGOUM0M0M5QTc4NjQyOEI0RDk4NDEwMTM0OTU0MjEy
OUIxNzQzOTkxRTk3NDJDNkQ5M0E0MzhGMDc4QTQyQzFBRDg0NDNEMUEzOUQ0
MjUzRTlBMjQzMDQyNDlBNDJGMjM4N0E0MzY0RUU5RTQyNDlEOEMxNDFDQkIy
OUU0MkZBQTQ0MzQyRkJFRDhGNDI3ODE4ODA0MjUxNDU2RTQyNUM0Qjk3NDI2
NDRCNUY0MjE0QjhEMDQyNThFNjk5NDI2NkE4NjY0MzY2NTc4RjQyNzk4MDVG
NDMzNzY3ODU0MjQwQzQ4MTQzQUYwNDVENDI4QzU3ODY0MzhGQTQ2MjQyQzY1
OTg4NDNCRDcxODM0Mjg1RUM4QjQzMzA0MzkzNDJGMEI3OUY0Mzg4QkE5ODQy
NzExQ0EyNDM0NENEOTM0MjM5QzY5MTQzQ0JFQjhDNDJEMThGOEE0MzExQjg5
MzQyQzVBNzRBNDMwMTg1OUQ0MkE3QTlCMjQzQzZGRjk5NDIyOTlGODczRjgy
Nzc5MDQyRTFCQUE3NDNGNjE5OTk0MjQ5NDc5MzQzMjIyMDhDNDIyMzI2OUY0
MzRDRkM4NDQyRkE2ODFDNDBERkM5OEQ0MkYxRUY5QzQyNjY5QTk1NDJFREZE
RTU0MjBFNEY4QzQyNEY1QkUyNDJGNDYzOEQ0MjBDMURFODQyMkVCMTkzNDJD
OUFGMzk0M0U4QjY4RTQyRTRBRDU2NDNGMTQ4ODk0MkI2NzE3RDQzNjUxMDk0
NDIzNTkzQTU0MzMzODQ4OTQyREUyNDE4NDEwOUM2OTE0MjMyNzFDMTQyNzNC
NjkyNDJBN0M4QUU0MzAyMjQ5MzQyN0UyM0IzNDM0RDRCOEI0MkU2NjBCMDQx
OTdDRDkzNDI2NzY2NkM0MTUxNjY5RTQyMjI3MzYzNDMxRkQyOUY0MjY1OUYx
QjQzRkRGNzlBNDJDRjcyOUI0MjZFMzk5NjQyQTNGQjE0NDI1QzAxOTM0MjNF
MzNBOTQzQkJGMzk2NDJEQTgwOTI0M0M4MUI5MzQyRUUyRTgyNDNEOENBOTA0
MjlENUQ4QTQzNTQ3QTkxNDJCMzcyQTE0MzAyRDQ5MDQyODQwMDQ5NDJEQjU5
OTg0MjQ4ODZCQjQyN0RBNjg4NDJCMDg1OA==

--SBD.Boundary.605592468
PROCESS /noc/users/iridburst/exec/irid_300224010734970_upd.pl
Last Run  ----1970-01-01 00:00:00 
MONTH  5 
DATA  xxrecord 2012-04-19 18:00:05 :: $W5M5A,120419,180005,660d0028449ce246,1,DAS 2,,,3.4,343,6.6,12.5,,,,9.1,78.0,5.4,986.5,0,0,28.6,332,74*6C
 
INSERT
STATION sbdservice
IRID_ID 300224010734970
BODY 
Content-Type: application/x-zip-compressed; name="SBMmessage.sbd"
Content-Disposition: attachment; filename="300224010734970_002778.sbd"
Content-Transfer-Encoding: base64

JFc1TTVBLDEyMDQxOSwxOTAwMDUsNjYwZDAwMjg0NDljZTI0NiwxLERBUyAy
LDUwNTMuNTQ1MU4sMTIzLjcxMzRXLDIuNiwyNjUsNi41LDEyLjYsLCwsOS42
LDc3LjUsNS45LDk4Ni41LDAsMCwyNSwzMjksNzEqNUYNCg0KJFc1TTVBLDEy
MDQxOSwxOTAwMDUsNjYwZDAwMjg0NDljZTI0NiwyLERBUyAyLDEzLjEsMTMu
MiwwLjIsMC40LDAuMDEsNTkxLDU5NCwxNTksNjMxLDAsMTMuOCwxNC42Niww
KjU3DQoNCiRXNU01QSwxMjA0MTksMTkwMDA1LDY2MGQwMDI4NDQ5Y2UyNDYs
Myw3RjAwNzUwMjNBMDAwMDUzMzIzMDMxMzIzMDM0MzEzOTMxMzgzNDMwMzAz
MDU1NUIwMDMxMzIzMDM0MzEzOTMxMzgzNDMwMkM1NDQxNDIzMDMwMzAzMDMw
MkMyRDMwMzUzMTJFMzEyQzJDMzEzMjJFMzYzNDJDMzQyRTMwMkMzMzM2MzAz
MDJDMzYzMDJDMzYzMDJDMzEyQzMwMzAzNTM3MzAyQzMzMkUzNDMyMkMzMTJF
MzIzNjJDMzEzNDM3MkMzMDJDMzAyRTMxMzczMTJDMkIzMDMwMkUzMDBEMEFG
NzEwMzc1Q0UzNzc3RjAwNjcwMjNBMDAwMDU3MzIzMDMxMzIzMDM0MzEzOTMx
MzgzNDMwMzAzMEZGNEQwMDAwODBGQjQ0MDA4MEQxNDMwMEIwMzM0ODAwMDAw
QTQzOTI0MDVBM0ExQUFDQkE0MDQzNTgwNDNCNjlBM0EwM0E2REJFMDU0MTky
QzVDNTNBNTI5NTJENDE4Qjg5QzU0MDAwMDBDODQxMzJCRUNFNDE2OUJCRDIz
QUQwQTdBNDQzMTc1MjhFNDI2MDM3NDQzMTBEMURBNzcxREI1RTdGMDQ4RTAy
M0EwMDAwNEI1NjQ4MjAzNzMyMzAzMTMyMzAzNDMxMzkzMTM4MzQzMDMwMzA1
RDAwMDAwMDhGQzJGNTNDMEFEN0EzM0JEMUE3QTQ0MzE5NTI4RTQyQUM3RjVF
NDJGMENDOEQ0Mjg4MEFDRDQxQjQxMDk1NDI1MDJDQTM0MzAxMkE5MDQyM0RD
RTk3NDMxODQyODk0MjZGRDQ5NjQzNDZFQThENDI2RTAzQTc0M0Y1RDM4RjQy
MzM3MjE4NDE3MEQ5OEY0MjNBMERFMDQyQjRGQTk1NDJFN0ZGMDk0M0M4REI5
RjQyN0Q4RkE4NDMwNjk5OEQ0MkMxQkVBNzQzNjI2OTg1NDJCQzg4OTY0M0JC
MzA5MzQyM0NGQzFBNDNDOTNCOTk0MjhEOTZFRjQxQzM4MTk3NDJENzE2OUE0
MzY4MzY4NzQyMUE5NDkxNDNDRjlEN0Y0MkJENEM5MjQzQjIxMThDNDI3ODU2
OTI0M0IxRDk4RjQyMThGODhENDNDOUY5OEY0MkFDODE5QzQzNDY0QTg4NDIy
MjM5QTA0MzdGQ0M3RDQyNEVEMzlENDM2NURFODM0MkEwNzM4RTQzNzAyQTg1
NDJFMUUyODQ0MzkzRTg3RjQyRjUxODkyNDMxMjVEOEE0Mjc5N0Q4NzQzQjE2
OTk3NDJENzI2NUU0Mzg2NkE4ODQyNkZCMTYxNDNBQzA5ODQ0MjcyREQ2RDQz
NTQ2Njk4NDI5NjYzODQ0MzNCMkY5OTQyQTQ0MzY3NDMzOEQzOEU0MjFCNzg3
MDQzMDlDQTg2NDJEQ0Q0ODM0MzIxNDQ4NzQyRTRDNzJDNDM4RTU2OEE0MjlD
QTk0QTQzRjgzRDgzNDI0N0JDNjk0MzE5NTg5MDQyQzRBOTkzNDM4ODU4OTU0
Mjk1NzI5QzQzQzA5NzhDNDIyQUJCOTg0M0NEMjI4MjQyMTZDQThDNDNGMjJC
ODM0MkZFRTQ3MzQzODlDRDg2NDIyNkZFN0Y0MzU1NkI5NzQyNjZFNjlDNDM4
RDhBOEM0MjhDMjk5OTQzRjdDNzgxNDJGRTNEOUE0M0FDMzM4MjQyRjNBOUEy
NDMzQTkzOTA0MjUwNzhENzQyQjk0NTk1NDI5N0I1MUM0MzM5QjU5NTQyMkVB
NzhBNDNBODBBOTI0MjdFRDI5MDQzNjQwNzg4NDJCOTAwOTc0M0U2Mzc3RTQy
MDhGMjlBNDNCRjU5NkE0MjJDMzA5RTQzMUE0Mjc5NDIwMUI5QTI0MzA4ODM4
QjQyNkM0NkEyNDM1QjdGOEI0MjM2MkFBRDQzNjkxRDk2NDI1RkNFRDY0MjY2
QTI5MTQyMjBCNjEwNDNBNTgxOUI0MkUwNjc5MDQzMkE3NzlBNDIxRkNDRDAz
Rjg1RDU5QzQyM0FFRUIwNDNBNDhFOEQ0MkQyOUU5RDQzNDhERTZDNDI4MDM1
OEY0MzBDQTA2MjQyNTAwOTg5NDNGMzYxODI0MkU3MEY5NjQzMjQwRjg2NDIx
MzYzOUE0MzIyMkU3NzQyNkE3NzlENDMyNjc1ODg0MjcxQzY5MTQzMzA0Qzk2
NDJERUQwOUU0M0FBNjI4OTQyMEU2RkE3NDM1Q0EzNzY0MjQ4RjVBMjQzRkMz
NDZGNDIzRjQ3OUQ0MzU3M0M3MTQyMUE2Ng==

--SBD.Boundary.605592468
PROCESS /noc/users/iridburst/exec/irid_300224010734970_upd.pl
Last Run  ----1970-01-01 00:00:00 
MONTH  5 
DATA  xxrecord 2012-04-19 19:00:05 :: $W5M5A,120419,190005,660d0028449ce246,1,DAS 2,5053.5451N,123.7134W,2.6,265,6.5,12.6,,,,9.6,77.5,5.9,986.5,0,0,25,329,71*5F
 
INSERT
STATION sbdservice
IRID_ID 300224010734970
BODY 
Content-Type: application/x-zip-compressed; name="SBMmessage.sbd"
Content-Disposition: attachment; filename="300224010734970_002779.sbd"
Content-Transfer-Encoding: base64

JFc1TTVBLDEyMDQxOSwyMDAwMDUsNjYwZDAwMjg0NDljZTI0NiwxLERBUyAy
LCwsNC4wLDM0Niw2LjYsMTIuMSwsLCw5LjMsNzYuMyw1LjQsOTg2LjUsMCww
LDMzLjMsMjQ0LDcyKjYzDQoNCiRXNU01QSwxMjA0MTksMjAwMDA1LDY2MGQw
MDI4NDQ5Y2UyNDYsMixEQVMgMiwxMy4wLDEzLjIsMC4yLDAuNCwwLjAxLDU5
MSw1OTQsMTU5LDYzMSwwLDEzLjcsMTQuNjYsMCo1Mw0KDQokVzVNNUEsMTIw
NDE5LDIwMDAwNSw2NjBkMDAyODQ0OWNlMjQ2LDMsN0YwMDc1MDIzQTAwMDA1
MzMyMzAzMTMyMzAzNDMxMzkzMTM5MzQzMDMwMzA1NTVCMDAzMTMyMzAzNDMx
MzkzMTM5MzQzMDJDNTQ0MTQyMzAzMDMwMzAzMDJDMkQzMDM1MzEyRTMxMkMy
QzMxMzIyRTM1MzcyQzM0MkUzMDJDMzMzNjMwMzAyQzM2MzAyQzM2MzAyQzMx
MkMzMDMwMzUzNzMwMkMzMzJFMzQzMjJDMzEyRTMyMzYyQzMxMzQzODJDMzAy
QzMwMkUzMTM3MzIyQzJCMzAzMDJFMzAwRDBBRkMxMEIzNTJDNjE3N0YwMDY3
MDIzQTAwMDA1NzMyMzAzMTMyMzAzNDMxMzkzMTM5MzQzMDMwMzBGRjREMDAw
MDgwRkI0NDAwODBEMTQzMDA3NDNENDgwMDAwMDM0M0ZFNTg0QzNBQzU3MUM0
NDBFOEJEMDYzQjQxNDQ5RjNBQUI4ODIwNDFBOThDQ0YzQTFGNzM2RjQxMEQ1
MkNBNDA1NjU1MDU0MjU0NUVGMDQxMEE5RUNCM0EzODk4NzM0MzMyREI5MDQy
NDk2NDE4MzE5MjFDQ0JEQ0I0RDg3RjA0QTYwMjNBMDAwMDRCNTY0ODIwMzcz
MjMwMzEzMjMwMzQzMTM5MzEzOTM0MzAzMDMwNUYwMDAwMDA4RkMyRjUzQzBB
RDdBMzNCM0M5ODczNDMyRURCOTA0MjhCMUI2MzQzMzBCNzk5NDI0NEQ4N0U0
M0I2NDk5NzQyRUExNTgxNDM5NTZBOTI0MkI3RjA2MTQzNzE1NjhBNDI1NkE3
NUM0MzBFNjQ3ODQyNURBNTU3NDNGQ0FDODM0MjEwNjg1ODQzODBGMzkxNDIy
RkExODI0MzJGMEE4QzQyNDcwMzgyNDNFMURGODA0MjNCMjg4OTQzNzUwMTky
NDIyRjE0OUQ0MjYzNDM5QjQyNTFBOTNCNDNFMzY4OTQ0MjkwQUE0RjQzQjM3
NTg4NDIwMjc5N0U0MzgzMDU5NzQyMUVBOEE0NDM0MUQyOEE0MjdBODRBQTQz
QUQxNzhCNDIwNUFBQTk0MzNBOEQ3RTQyODZENjk4NDM3NDhFOEY0MjRDNDk3
MjQzNDMwRDlCNDJGREYxNjI0Mzg0NkI5QzQyREY0MjY0NDMxNUJEOTA0MkJB
OTY2RDQzM0Q2RjkyNDJBN0JDODU0M0NFMUI5NDQyOTMyRDk1NDMzMzZFOEU0
Mjg2N0Q5NzQzMjQxMThENDJFMDhFOEI0MzQ4NjE4QzQyRkNEMTg4NDM3N0Yy
OEI0MkM3NDU5NDQzNEMzRDhDNDJGOTVBOTM0M0QwNzE4QTQyMjI4N0EzNDM5
M0IxOUE0MjcwNURBNDNGNjhFNzk5NDI4OTA2OTA0MzE4RkU4RDQyRDc4Qjg0
NDMxQTMyOEM0MkMwNTgzQTQzNTlGNThBNDIwQTZDNEQ0M0M1Q0Q5MzQyM0VE
MDRBNDM2QTZGOEU0MjNGNUY0NTQzRkJFMzgxNDI5NTg2NEI0M0Q1QkE3QjQy
NUYzRDdBNDNGNUNCOTA0MjQyQ0Q5QzQzOTc0ODk2NDI4Rjc4RDQzRjk4NTA5
ODQyOTY4RkFBNDNDQ0M4OEQ0MkI0NEI5QjQzQjQxNzgwNDJCMkY5OTE0MzBF
MDQ4NDQyMDQzRjhDNDNGQjg5ODk0MjAwOTE4ODQzOTIzMTg4NDJGNDBFN0I0
MzI1Nzc4NzQyRTU1OTZDNDM2QzFCOEU0MjlDMEM4MTQzMzUzQjkwNDI2MkJC
ODU0Mzk2QTg4QjQyNjk2RDhBNDM1QkNBOEQ0MjEyREM4QTQzOEZEQzg2NDI4
OTVCODc0MzNCNkM4MzQyQjYxQzhGNDNERTgyOUM0MkU1QjdEMzQyQkJGQjk3
NDIzNDVDNDc0M0I4NzY5NzQyQjM4MTlBNDNCRUIxOEU0MkI4REFBMzQzREEw
QzhENDI2QzA0OTI0MzBDNEY4ODQyOTI0RTkxNDM5ODc5ODE0MkQzOTc5QzQz
QjgyNTkxNDJEMTkxQTM0M0Y0MTA5NDQyQjQ1M0IwNDMyQ0FGODg0MkE0RjRB
NTQzRTZFODhGNDIwQjcxOTY0M0ExRkE5MDQyQ0YwNDlGNDM1QTkyOTc0MjY1
QjMxRDQzRjlDNjkyNDIwNUQ1MkM0M0ZEOTQ4NDQyMDVDNzNENDNGOUE4OEI0
MkEyMjIyMDQzNkEyMjhDNDJFNjJFMEE0MzY4M0E4OTQyQ0IwNDA0NDNDNzNG
OEM0MjdFREIyNDQzREVCNjlENDJDQzMyOA==

--SBD.Boundary.605592468
PROCESS /noc/users/iridburst/exec/irid_300224010734970_upd.pl
Last Run  ----1970-01-01 00:00:00 
MONTH  5 
DATA  xxrecord 2012-04-19 20:00:05 :: $W5M5A,120419,200005,660d0028449ce246,1,DAS 2,,,4.0,346,6.6,12.1,,,,9.3,76.3,5.4,986.5,0,0,33.3,244,72*63
 
INSERT
STATION sbdservice
IRID_ID 300224010734970
BODY 
Content-Type: application/x-zip-compressed; name="SBMmessage.sbd"
Content-Disposition: attachment; filename="300224010734970_002780.sbd"
Content-Transfer-Encoding: base64

JFc1TTVBLDEyMDQxOSwyMTAwMDUsNjYwZDAwMjg0NDljZTI0NiwxLERBUyAy
LDUwNTMuNTQyME4sMTIzLjcxNjBXLDQuOSwzNDcsMTAuMCwxMS40LCwsLDku
MCw3NC44LDQuOCw5ODYuNSwwLDAsMzMuMywyOTYsNzMqN0QNCg0KJFc1TTVB
LDEyMDQxOSwyMTAwMDUsNjYwZDAwMjg0NDljZTI0NiwyLERBUyAyLDEzLjAs
MTMuMSwwLjIsMC40LDAuMDEsNTkxLDU5NCwxNTksNjMyLDAsMTMuNywxNC42
NiwwKjUyDQoNCiRXNU01QSwxMjA0MTksMjEwMDA1LDY2MGQwMDI4NDQ5Y2Uy
NDYsMyw3RjAwNzUwMjNBMDAwMDUzMzIzMDMxMzIzMDM0MzEzOTMyMzAzNDMw
MzAzMDU1NUIwMDMxMzIzMDM0MzEzOTMyMzAzNDMwMkM1NDQxNDIzMDMwMzAz
MDMwMkMyRDMwMzUzMTJFMzEyQzJDMzEzMjJFMzUzMTJDMzQyRTMwMkMzMzM2
MzAzMDJDMzYzMDJDMzYzMDJDMzEyQzMwMzAzNTM3MzAyQzMzMkUzNDMyMkMz
MTJFMzIzNjJDMzEzNDM5MkMzMDJDMzAyRTMxMzczMjJDMkIzMDMwMkUzMDBE
MEFFRjEwNzI4NjhENkM3RjAwNjcwMjNBMDAwMDU3MzIzMDMxMzIzMDM0MzEz
OTMyMzAzNDMwMzAzMEZGNEQwMDAwODBGQjQ0MDA4MEQxNDMwMDM4NDc0ODAw
MDBGMDQyNEU2NDU4M0E1MzJERDI0MEM0N0Y3NDNCRDBBNUI5M0FFQzZGM0Q0
MTgwQTIwRTNCNjRCN0FDNDE3RjdGRDM0MDU2NTUwNTQyMjc3NTAzNDIxQjYx
RTczQTVGRDA5MzQzNUQ3MDkyNDJDN0I2NTUzMTNFMUVCN0MzN0ZGNzdGMDQ1
MjAyM0EwMDAwNEI1NjQ4MjAzNzMyMzAzMTMyMzAzNDMxMzkzMjMwMzQzMDMw
MzA1ODAwMDAwMDhGQzJGNTNDMEFEN0EzM0I2MUQwOTM0MzVENzA5MjQyOURC
RDg2NDM4NTIwOEM0MkIxOUQ5OTQzNzg2RDkwNDJBQzBBQUQ0M0M1OTM5NjQy
Njk1RkE1NDM4N0I3OUE0MjM1QjFBNzQzNkU2NTk2NDI4ODREOEQ0MzEwMjc5
RDQyQUMxRDkyNDMwM0I2OTQ0MjBCODZBMjQzQ0JGRTg3NDI2NkIyOUY0M0VF
NUY4OTQyQjQ3RThGNDM0REVDOTE0MjU3REI2MDQzOEY1QThCNDI4Q0MxNUQ0
MzJFRUE4MzQyRjg0MDQ2NDM5NzkxOEY0MkE3RTMyQTQzREQ0RDk0NDI0RDQw
MjU0M0RDOEY5OTQyMjNCNjk4NDM5NjE0OTU0MkFBNEM5QjQzQTEwOThGNDJE
QUZCQTg0MzUwRTg5QTQyMkZCRTk4NDM4N0IwOUM0MjY2MzQ4NzQzNzQ1Qzkx
NDIxNTZDOTQ0M0VBM0I4NDQyMTk1Qjk4NDNCQjM1Nzg0MjY1NTY5MTQzREQ4
Nzk2NDIwODk2MjI0MzhGRTM5NDQyNzUwREEyNDM4NTNBOTc0MkVGQUY5QjQz
QTRCNThGNDJGRTAwN0U0M0EwOUQ4OTQyOUNENjc4NDNDNEM1NUY0MjA2ODU3
MTQzOEMyODdFNDJEQzMwNjY0M0E5MDE5NDQyOEEwMjgyNDNEOTMyOTg0MjVE
QzU2QjQzN0IzNTk3NDJFRDExNUQ0M0QxNjc4RjQyNzI3QjVFNDMzOEI3OTY0
MkNDMjQ5RDQzMjQ0MzlENDIwRDBGQTM0M0Q3MDc5NDQyQzAwQzk0NDNDNkI1
OEU0MkEyQjc3ODQzQkI0Njg4NDI1RTk3Njg0MzBEQTQ5MTQyQzhDMjdENDMw
QjM5OUM0MjIyMkE3NzQzQTEzMTk3NDJDNENBNEU0M0U0NjI5NTQyREE2QTE3
NDNEQTAyOTA0MjgwOUVGRjQyRTNDMThCNDI1NkI1RDc0MjNDNDI5ODQyODhB
MkIyNDNGMjhGOUI0MjFCNjgzMTQzNzdBOEEwNDIwQ0ZFODk0MzI2QjVBMDQy
OURFNEEyNDMxNzYwOTY0MjdFNDY5MzQzOTQ0RDk2NDIwMjdCODE0MzA1MkE5
OTQyNUQwMzNCNDMxOUMxOUY0MkY1NEUzMDQzRkIzNjlBNDI4M0YyMjQ0M0FD
NkE5MzQyMzY2OTJDNDNDRjQ0OTI0MjQ3RTY0NDQzNEY3RDk2NDJFQkVGNDI0
MTAwNzI5RDQyNUVDOUE2NDNDMjc4OTI0MkM4Njg5RTQzNTdFQjhENDIyREU0
OTc0MzVEOTE5QjQyRjQ2Njg0NDMyQzhDOTg0Mjc0OTg4NjQzMzVDQTg5NDIw
NEVDNzI0M0E3NkE3QTQyMUVBMjZCNDM3RDJCOTE0MjQ4REZDOTQxNzdCNDk2
NDI4MjBFQzMzRkMxNjM5MDQyQjVDMDg2NDMzNzJCOTE0MkMwQzI2QTQzMjRG
NTkzNDJGOEUwQTA0MTNCQjU5NTQyQTQwM0FGNDMyMDE0ODY0Mjk5NTI5OTQz
N0FCQTgxNDJCNDEwODk0M0RFMzI4NzQyNw==

--SBD.Boundary.605592468
PROCESS /noc/users/iridburst/exec/irid_300224010734970_upd.pl
Last Run  ----1970-01-01 00:00:00 
MONTH  5 
DATA  xxrecord 2012-04-19 21:00:05 :: $W5M5A,120419,210005,660d0028449ce246,1,DAS 2,5053.5420N,123.7160W,4.9,347,10.0,11.4,,,,9.0,74.8,4.8,986.5,0,0,33.3,296,73*7D
 
INSERT
STATION sbdservice
IRID_ID 300224010734970
BODY 
Content-Type: application/x-zip-compressed; name="SBMmessage.sbd"
Content-Disposition: attachment; filename="300224010734970_002781.sbd"
Content-Transfer-Encoding: base64

JFc1TTVBLDEyMDQxOSwyMjAwMDUsNjYwZDAwMjg0NDljZTI0NiwxLERBUyAy
LCwsMi4xLDI3Nyw0LjIsMTAuOSwsLCw4LjQsNzYuNyw0LjUsOTg2LjUsMCww
LDI1LDMxOSw2OSo3Mg0KDQokVzVNNUEsMTIwNDE5LDIyMDAwNSw2NjBkMDAy
ODQ0OWNlMjQ2LDIsREFTIDIsMTMuMCwxMy4xLDAuMiwwLjQsMC4wMSw1OTEs
NTk0LDE1OSw2MzIsMCwxMy43LDE0LjY2LDAqNTENCg0KJFc1TTVBLDEyMDQx
OSwyMjAwMDUsNjYwZDAwMjg0NDljZTI0NiwzLDdGMDA3NTAyM0EwMDAwNTMz
MjMwMzEzMjMwMzQzMTM5MzIzMTM0MzAzMDMwNTU1QjAwMzEzMjMwMzQzMTM5
MzIzMTM0MzAyQzU0NDE0MjMwMzAzMDMwMzAyQzJEMzAzNTMxMkUzMTJDMkMz
MTMyMkUzNDM5MkMzNDJFMzAyQzMzMzYzMDMwMkMzNjMwMkMzNjMwMkMzMTJD
MzAzMDM1MzczMDJDMzMyRTM0MzIyQzMxMkUzMjM2MkMzMTM1MzAyQzMwMkMz
MDJFMzEzNzMyMkMyQjMwMzAyRTMwMEQwQUVGMTA4RjY3Mjk5QTdGMDA2NzAy
M0EwMDAwNTczMjMwMzEzMjMwMzQzMTM5MzIzMTM0MzAzMDMwRkY0RDAwMDA4
MEZCNDQwMDgwRDE0MzAwRkM1MDQ4MDAwMDBCNDMxNTQwNDgzQTJDMUZCODQw
NEEzQjJGM0JDRDgzOUQzQUQxQUYwRDQxNzNCRkNFM0E2QTlDMzY0MUQwQkND
MjQwMDAwMEM4NDFFRDIzQ0M0MTM4N0JDQjNBOUE3QTlGNDM1NzYxOEE0MjNE
MjU0NzMxRjYxQzQ4QjM0MDM1N0YwNEE2MDIzQTAwMDA0QjU2NDgyMDM3MzIz
MDMxMzIzMDM0MzEzOTMyMzEzNDMwMzAzMDVGMDAwMDAwOEZDMkY1M0MwQUQ3
QTMzQjlDN0E5RjQzNTQ2MThBNDJERDU1MTg0MjQ5OUY3MDQyMERDOUQ4NDE0
QjJDODQ0MjI2MDVBOTQzNDREQjhBNDI0RDUwOTc0MzE1REI4QTQyRDFDNjk3
NDMyMTVDOTE0MjlDQUQ5MjQzQ0QwQjkxNDI0MDVFOTE0MzYxMjk4QTQyMTc0
MjhBNDNDOEVBOTE0Mjk2MEI3QjQzRTEzNTg5NDJENTg5NzA0MzBGOEE4MjQy
OURGODdFNDMxQzMwNzc0MkEzNDU4MTQzQzM4MzcwNDI3NzdENzc0MzU0ODg4
QzQyNDI2QTVBNDM5NjA3OUY0Mjk2OEQ1RTQzOUQwNTlGNDI3RjNDNkY0M0Q3
MzQ5MzQyODFFMzYzNDNERjY1ODc0MjEwNzE2MzQzMzdENTc1NDI3N0FDNUY0
M0EzNzg4OTQyODBCODc3NDM1OUMyOUE0MjBBN0U5NTQzNkYwQjk2NDIzRkMw
OUY0MzRCRTQ4NTQyRjk4OUEzNDNBMDlBODI0MjdBQ0VBNDQzOUJFOTlBNDI1
RENCMjc0MzhCNDA5NzQyMEFCNjc2NDM0NUU1OTU0MjgxQjg4OTQzQUEwQzg3
NDI5REJGOEM0MzVDNzI4QzQyQjZCREFBNDMxOTU2OTk0MkRFQkU5NDQzMUE2
Qzg1NDI5NEZEOEE0MzVBQjM2QzQyMjYxQzg0NDNCQTI3ODg0Mjc3OThBMjQz
RjdDNzk2NDI0NUNGOTY0MzAyNDQ5MDQyMDcwMDQwNDM1RURFOTM0MkQ0MzUx
QzQzRkQ4OThFNDI3N0RGMEQ0MzBBQzc2RDQyREIxQTBGNDMwQjgzNzQ0MjRC
MjMyNjQzQ0U4RDk4NDI1MjZDQTE0MzkxQTY5NjQyQTNGQkFFNDNBQzQ4OTk0
MkFBNkU1RjQzRjNENTk0NDIzMjY0MzI0MzMyQTk4QzQyRDhBQkUzNDJDQjUw
OEY0MkM3MDI2NzQyOENDQjk3NDI1RTc5OUM0M0U0OEQ5NTQyMUNFMjdBNDMz
OTFCOTU0MjhBN0E4NzQzMjhGQThENDI1RDQ1OTE0Mzg5Nzk4RjQyRTNGNUZE
NDI0NEUzOTk0Mjc3MUMwMzQzOTE1NjkyNDI2M0Y2NTA0M0M2NDc5MTQyMDU3
NTY3NDM3NjM4ODQ0MkI2Qjg3RTQzM0REOTdBNDJGMkYyODI0M0QwNzI4NzQy
RTE4RUVCNDIwQzFFOEM0MkEzRDNEODQyMjRFNDdBNDI3QTFFRkM0MjVGMEU4
MDQyOTk2MDI4NDM0OThFOTA0MjZFRUY1QTQzRUI1OTk0NDI4OEM4Nzk0M0Ux
ODU4RTQyRjAyODcwNDNENTA0OTE0MjhCMDMwQjQzM0UxRjlENDJBQTA3REE0
MkFBRjE5ODQyMjJFMDRDNDMxQTA3OTA0MjA0Qzg2RDQzN0I2RDg4NDIwNkIy
ODQ0MzU1QUU4NzQyMjlCNjU2NDM4RDVCOEQ0MkFFRTUzODQzMEU0NDlDNDI3
QzQ2Rjc0MDYxMzI4QjQyMDA2QzgxNDE4MEIyOUI0MjNERTQyMzQzQjM2Rjg3
NDI0RDVGMjU0MzFBRjQ4NTQyMjM4ODRGNA==

--SBD.Boundary.605592468
PROCESS /noc/users/iridburst/exec/irid_300224010734970_upd.pl
Last Run  ----1970-01-01 00:00:00 
MONTH  5 
DATA  xxrecord 2012-04-19 22:00:05 :: $W5M5A,120419,220005,660d0028449ce246,1,DAS 2,,,2.1,277,4.2,10.9,,,,8.4,76.7,4.5,986.5,0,0,25,319,69*72
 
INSERT
STATION sbdservice
IRID_ID 300224010734970
BODY 
Content-Type: application/x-zip-compressed; name="SBMmessage.sbd"
Content-Disposition: attachment; filename="300224010734970_002782.sbd"
Content-Transfer-Encoding: base64

JFc1TTVBLDEyMDQxOSwyMzAwMDUsNjYwZDAwMjg0NDljZTI0NiwxLERBUyAy
LDUwNTMuNTQyM04sMTIzLjcxMzFXLDMuMSwyNjMsNi43LDEwLjUsLCwsOC4y
LDc4LjMsNC43LDk4Ni41LDAsMCwyOC42LDMyMiw2OCo0MA0KDQokVzVNNUEs
MTIwNDE5LDIzMDAwNSw2NjBkMDAyODQ0OWNlMjQ2LDIsREFTIDIsMTIuOSwx
My4xLDAuMiwwLjMsMC4wMSw1OTEsNTk0LDE1OSw2MzEsMCwxMy43LDE0LjI3
LDAqNTkNCg0KJFc1TTVBLDEyMDQxOSwyMzAwMDUsNjYwZDAwMjg0NDljZTI0
NiwzLDdGMDA3NTAyM0EwMDAwNTMzMjMwMzEzMjMwMzQzMTM5MzIzMjM0MzAz
MDMwNTU1QjAwMzEzMjMwMzQzMTM5MzIzMjM0MzAyQzU0NDE0MjMwMzAzMDMw
MzAyQzJEMzAzNTMxMkUzMTJDMkMzMTMyMkUzNDM1MkMzNDJFMzAyQzMzMzYz
MDMwMkMzNjMwMkMzNjMwMkMzMTJDMzAzMDM1MzczMDJDMzMyRTM0MzIyQzMx
MkUzMjM2MkMzMTM1MzEyQzMwMkMzMDJFMzEzNzMzMkMyQjMwMzAyRTMwMEQw
QUVFMTAxNkQ0NDMzNTdGMDA2NzAyM0EwMDAwNTczMjMwMzEzMjMwMzQzMTM5
MzIzMjM0MzAzMDMwRkY0RDAwMDA4MEZCNDQwMDgwRDE0MzAwQzA1QTQ4MDAw
MDA2NDM3MkUxNUUzQUQ0MTBCRjQwNDk1ODI3M0IwQjgyQUUzQUVGN0ExMjQx
MTBENkU1M0EwOTQ4NjE0MTFBMTRENTQwNDk5MkU0NDE4NTlCRTg0MUVBOThG
MzNBNDIyQkExNDNDODJDODc0MkFGRDI3QzMxQkIxRTZGNjA4MDNFN0YwNDUy
MDIzQTAwMDA0QjU2NDgyMDM3MzIzMDMxMzIzMDM0MzEzOTMyMzIzNDMwMzAz
MDU4MDAwMDAwOEZDMkY1M0MwQUQ3QTMzQjQ0MkJBMTQzQzIyQzg3NDI0OUZF
QUI0MzBEOTk3NjQyNTMxM0FCNDM4Q0MwODM0MjUzMEZBODQzM0Q4Mjg4NDI5
Mzk0QTY0MzA2RUI4NTQyNDc3RjlDNDNGM0NBN0Y0MjFBQkM5NjQzOEVFRjdB
NDI0ODJEOTI0M0VBQjM4RjQyNDBBMzcxNDMwOTJBOUI0MjlDOTU5MjQzRjQz
Rjk3NDIzRTE3N0M0MzMxM0M4RjQyNzIzMTYwNDM4OEU3NzE0MjBCNDE1MDQz
QjlBNjc0NDJEOEFFN0U0MzM2NTk5NTQyMTNBMjlFNDNGRjUzOTE0MjQ4OENB
NjQzOEM1Mjk2NDI5QzE2REQ0MDg1M0M4ODQyNUExMTY3NDExMzNBODQ0MkQw
N0I4NjQxNUE1Qjk1NDJEQUUwQUM0M0FFNUU5RDQyQTQwNDdENDMxQTRFOUE0
MkZFMDU3MjQzOUQzRDk2NDIwRTI1Q0U0MjY4MUM5ODQyMzg4ODhFNDI0M0Iz
ODk0MjU3NDRCRTQxN0QzODk4NDIwQjg5Nzg0Mzk2MTc5NzQyQzhCOTgzNDND
M0MwOEY0MjdCREE5OTQzQTk5MzZENDIzNzIwOUM0MzhCREY1OTQyMEE2QzlB
NDMxQUZENzc0MkJDNTRBMTQzNDAyNzk0NDI2QUI2MEU0M0MxQTA5NTQyQzY5
MjQzNDM0QjZCOTY0MkYxNkRCMDQzNTAyMzk0NDJENEQwMzI0MUE4NEE5MDQy
QjRERkZFNDI4RTY3OUM0MjFFNUEyODQzMzMzODk4NDIxOTk1Mzg0MzhBNUU5
NTQyMDk4ODE4NDM1RDg4OUE0MkEyNTg5MDQyOEE3MkEwNDIyQjVGOEM0Mzg1
MUM5MTQyNTVENDhENDNEMEQxODg0MkNFNUE5NDQzM0QzMTc1NDIwQ0YzOTU0
MzM2QTQ2NDQyMTFENjg5NDNFMjE3ODk0MjFCQTE1NzQzOTc5QTg3NDJCRTAz
NjA0Mzc4OTc5MTQyOTBCNjdFNDNBNzgyOTY0MjU4OEU3QzQzODYyRjkwNDI2
MkVENkM0MzJEODE5NTQyMTYzQjNGNDNDN0M4OTc0MjRDOUM4MjQzQTQ5ODlB
NDI0RDdBOTY0MzRGREM5MjQyNkQwNEE3NDNCQkY4OTE0MjlBRTJEQTQxMDk3
Njk2NDI1QTBERkE0MkMzRDE4RjQyNzA5MTEwNDM5M0E3ODQ0MjQ4OEEyNDQz
REY1MDhDNDI5NjhFNTM0MzgzQzg5NTQyQjYxRTk2NDMxNjEyOTQ0MjM2M0ZB
MjQzQ0Y4Mzk3NDI4RUEzMjk0MzY1MEQ5QzQyQjExRjMxNDMwOEQwOTc0MjIy
OTUwRDQzNjcxQjlENDJEQzZFOTc0Mjk5NjU5MTQyQTQ1OTU1NDI1MUZBOEY0
MjVBM0FBNzQzQzk1Nzk3NDI4QzExNDM0MUYwNTI5QzQyNDMwM0EyNDJFMkFG
OTQ0MjEzNDMzRjQzRUEzRDk5NDJBQzJDNjQ0M0Y5NDQ4OTQyN0I2QzU2NDM3
MDc2OTE0MkFFMDcyMDQzNzE3Rjk3NDJFNg==

--SBD.Boundary.605592468
PROCESS /noc/users/iridburst/exec/irid_300224010734970_upd.pl
Last Run  ----1970-01-01 00:00:00 
MONTH  5 
DATA  xxrecord 2012-04-19 23:00:05 :: $W5M5A,120419,230005,660d0028449ce246,1,DAS 2,5053.5423N,123.7131W,3.1,263,6.7,10.5,,,,8.2,78.3,4.7,986.5,0,0,28.6,322,68*40
 
INSERT
STATION sbdservice
IRID_ID 300224010734970
BODY 
Content-Type: application/x-zip-compressed; name="SBMmessage.sbd"
Content-Disposition: attachment; filename="300224010734970_002783.sbd"
Content-Transfer-Encoding: base64

JFc1TTVBLDEyMDQyMCwwMDAwMDUsNjYwZDAwMjg0NDljZTI0NiwxLERBUyAy
LCwsMi4yLDMyNCw1LjQsMTAuMiwsLCw3LjYsODIuNiw0LjgsOTg2LjUsMCww
LDMzLjMsMjk0LDY4KjY1DQoNCiRXNU01QSwxMjA0MjAsMDAwMDA1LDY2MGQw
MDI4NDQ5Y2UyNDYsMixEQVMgMiwxMi45LDEzLjAsMC4yLDAuNCwwLjAxLDU5
MSw1OTQsMTU5LDYzMSwwLDEzLjcsMTQuMjcsMCo1NA0KDQokVzVNNUEsMTIw
NDIwLDAwMDAwNSw2NjBkMDAyODQ0OWNlMjQ2LDMsN0YwMDc1MDIzQTAwMDA1
MzMyMzAzMTMyMzAzNDMxMzkzMjMzMzQzMDMwMzA1NTVCMDAzMTMyMzAzNDMx
MzkzMjMzMzQzMDJDNTQ0MTQyMzAzMDMwMzAzMDJDMkQzMDM1MzEyRTMxMkMy
QzMxMzIyRTM0MzUyQzM0MkUzMDJDMzMzNjMwMzAyQzM2MzAyQzM2MzAyQzMx
MkMzMDMwMzUzNzMwMkMzMzJFMzQzMjJDMzEyRTMyMzYyQzMxMzUzMjJDMzAy
QzMwMkUzMTM3MzMyQzJCMzAzMDJFMzAwRDBBRjAxMEQzMDRCNEYyN0YwMDY3
MDIzQTAwMDA1NzMyMzAzMTMyMzAzNDMxMzkzMjMzMzQzMDMwMzBGRjREMDAw
MDgwRkI0NDAwODBEMTQzMDA4NDY0NDgwMDAwRjA0MjVBQzg0RTNBMjA2QUQy
NDA0QTI0MkUzQjZGMkJBNjNBQ0M2OTNDNDFFM0RDRkEzQTdCRDlBQzQxMTgy
MUMxNDA1NjU1MDU0MkVGMzZGNDQxOEVFNkQyM0E1QjA1OTM0M0UwQkY4ODQy
MUZBNTIwMzEzODFGNkMyRjRDQ0E3RjA0QkUwMjNBMDAwMDRCNTY0ODIwMzcz
MjMwMzEzMjMwMzQzMTM5MzIzMzM0MzAzMDMwNjEwMDAwMDA4RkMyRjUzQzBB
RDdBMzNCNUQwNTkzNDNFMUJGODg0MjY1MDZBRDQzREIzMDgyNDJERUJDQTQ0
M0UyOUM4OTQyNTBDNDg4NDM1NkFBOEQ0MjI4NjU3RjQzNjRBNDg3NDJDMkQ2
ODQ0MzAyNjk4MTQyRkQ3Qjg0NDMxRUZCODE0MjRFQjU3MzQzMkY0RDg5NDIw
OTAyNjc0MzI4RDY5NjQyOEFFOEExNDMyMTg2OTY0MjU0NjRBOTQzMkI3QTg5
NDJFNkY2OUI0MzRFQUI4RTQyOEZENEEwNDM2QUIwOTg0Mjk5MUNCMjQzNTA3
MDlFNDI0NDE1NTk0MzNGNTY5QjQyM0E0QzgwNDM3MjdEOTk0MkVGNzU5NTQz
N0Y3NDg0NDI1Q0I0OTA0MzlFQTc4MDQyNTA4OTk5NDNCMzgwODc0MkJEM0NB
MzQzRjNBMzg0NDJCOTI2MDM0MUM3OEQ5QTQyMjI0OEVBNDI2Q0U0OEU0MjlD
QkUxODQzNDE4RDg5NDI4OERFMTY0Mzg0QzQ4RjQyNjAyQjI1NDE5RkY1OUQ0
MjY3OEU5QzQzQkEwMzgyNDIxNzFDOTE0M0JGOTU3RDQyREU3MDZENDM1OTVF
OEI0MkI5NDU2RTQzQjE5RjgxNDJCRkVCODc0MzdENUE4NDQyNUExOUExNDM3
NjE4ODk0MkVEQjdBODQzMjA4NjgyNDI3QzRDOUE0MzY0RTQ5MjQyNUY2MjZF
NDNEQzgyOUE0MjlFMzU3MTQzRUQ5NTgxNDI4RUJFNzU0MzcyRTc3NzQyMTUy
NzgwNDM1NjdBODg0MjE1NjM0QjQzODQyMzk3NDI1MEI3MDQ0M0Q1Nzg4ODQy
ODdFOUM5NDI3RTAyOEI0MjYzM0I4NTQyQTYzRDk2NDI0NkE2QTY0M0QwNEQ5
ODQyNDA3RkExNDNDRUY3OEQ0MkIyOTQ5RjQzQkQ1Qzg4NDI2RUVGOUE0MzdC
MEY4QjQyQkI5ODdCNDM5NEVBOTU0Mjc0Rjk2QzQzNUNFQjkyNDJBQTc3QTE0
Mzk0Rjk4MzQyQjE1RUEyNDNBRTM2ODc0MjY4RjI3QjQzM0Y5RDk0NDJDMEM1
NkI0MzY1MTk4NjQyMDYzNjc5NDM4RTFFN0I0MjcwMzI2RjQzQjAxNDg2NDJF
RjFDNTM0MzVCN0M4MTQyRTlFRDU2NDNDQzNBODA0MkYwMzE1QTQzODIzRjg3
NDI0RTZENUY0M0ZEQjM4NTQyNzJCNTcwNDM2NDkzODE0MjMyNkU3MTQzMkM0
NTcxNDI3RUY0NDc0MzIyQzI4NDQyNDUxNDE4NDMxNUU0ODQ0MkEyMTIxMTQz
MzczMDk0NDJBQTQ5MjE0M0QwMEM5NzQyQjQ5MDQ2NDNBNjk5OTQ0MjM4NjM5
MjQzMjZBRjhGNDI4NTA3QTg0M0YwNjk4NzQyODE2M0E5NDMwOERBOEI0MjRC
MzdBQTQzMDlGNDhGNDI4M0IyQjQzRjM4N0E5MDQyNzM2MUFCNDNDRjU2OTY0
MkRDMDE4RTQzMkQ2MjkzNDI2QTNBMzU0M0E0ODU5NjQyNzhENEY0NDI3REND
OEU0MjI3ODEyODQyREE1QTkyNDIyNzlCQQ==

--SBD.Boundary.605592468
PROCESS /noc/users/iridburst/exec/irid_300224010734970_upd.pl
Last Run  ----1970-01-01 00:00:00 
MONTH  5 
DATA  xxrecord 2012-04-20 00:00:05 :: $W5M5A,120420,000005,660d0028449ce246,1,DAS 2,,,2.2,324,5.4,10.2,,,,7.6,82.6,4.8,986.5,0,0,33.3,294,68*65
 
INSERT
STATION sbdservice
IRID_ID 300224010734970
BODY 
Content-Type: application/x-zip-compressed; name="SBMmessage.sbd"
Content-Disposition: attachment; filename="300224010734970_002784.sbd"
Content-Transfer-Encoding: base64

JFc1TTVBLDEyMDQyMCwwMTAwMDUsNjYwZDAwMjg0NDljZTI0NiwxLERBUyAy
LDUwNTMuNTQzOE4sMTIzLjcxNTNXLDIuNCwyMjcsNC42LDkuNywsLCw3LjEs
ODQuOSw0LjcsOTg2LjUsMCwwLDMzLjMsMjkwLDc0Kjc2DQoNCiRXNU01QSwx
MjA0MjAsMDEwMDA1LDY2MGQwMDI4NDQ5Y2UyNDYsMixEQVMgMiwxMi44LDEz
LjAsMC4yLDAuMywwLjAxLDU5MSw1OTQsMTU5LDYzMiwwLDEzLjgsMTQuMjcs
MCo1Rg0KDQokVzVNNUEsMTIwNDIwLDAxMDAwNSw2NjBkMDAyODQ0OWNlMjQ2
LDMsN0YwMDc1MDIzQTAwMDA1MzMyMzAzMTMyMzAzNDMyMzAzMDMwMzQzMDMw
MzA1NTVCMDAzMTMyMzAzNDMyMzAzMDMwMzQzMDJDNTQ0MTQyMzAzMDMwMzAz
MDJDMkQzMDM1MzEyRTMxMkMyQzMxMzIyRTM0MzEyQzM0MkUzMDJDMzMzNjMw
MzAyQzM2MzAyQzM2MzAyQzMxMkMzMDMwMzUzNzMwMkMzMzJFMzQzMjJDMzEy
RTMyMzYyQzMxMzUzMzJDMzAyQzMwMkUzMTM3MzMyQzJCMzAzMDJFMzAwRDBB
RTAxMDAzQzE5N0U5N0YwMDY3MDIzQTAwMDA1NzMyMzAzMTMyMzAzNDMyMzAz
MDMwMzQzMDMwMzBGRjREMDAwMDgwRkI0NDAwMDBEMjQzMDAwMDdBNDUwMDAw
MDc0MzBCODQ1MzNBQjAzQkJGNDAxNDlFMzQzQjlBMzRBNzNBOTZCODFENDE1
MkMwREEzQTNFRTY2RDQxNzk1RUQyNDA1NjU1MDU0MjdDNUVGQzQxNTc3N0Ux
M0E3NkYyOTA0M0VGMkQ5NDQyRTYzRjQ4MzE0OTFEQzNDMDYxMTc3RjA0ODIw
MjNBMDAwMDRCNTY0ODIwMzczMjMwMzEzMjMwMzQzMjMwMzAzMDM0MzAzMDMw
NUMwMDAwMDA4RkMyRjUzQzBBRDdBMzNCNzhGMjkwNDNFQjJEOTQ0MkM2NDk4
MTQzQ0IwRDk2NDJDQTE1NzE0MzQ2QTc5OTQyQkYzQUFENDNBMDYwOUI0MjQz
Q0UwRDQxMkMyNjk3NDIzNENEQUU0M0VCNzk5NTQyODNCMzk1NDMyOThDOEE0
MjU5MDc4MTQzQTcwNTg1NDJCMzBBN0Y0M0Q1MDE5RjQyNzNBOTVENDJCQjY1
OEU0Mjg1MkU4NDQyRkYzMzlGNDIwQjkzNzM0MzBDOTY4QjQyNzAyNjg5NDMw
RkUwODI0MkZGQjc4RjQzNzhCMTgzNDJDRUY3ODM0MzFERDg3QTQyNzJGMzdC
NDMyNTE4ODk0MkU0MTc1RTQzQjI3QjhGNDI4MEU5NzA0MzdDNjg4RjQyMjY1
MjcyNDNFMTk2OTc0MkI2RjMzNzQzODRDRjk2NDIzMkZEN0I0MzRFQjg5MzQy
QTU0NDg5NDM5MzUwOEI0MjgwREQ4MjQzRTQwQjhGNDJEQUVCOEQ0MzFDOEI4
QTQyMTY3NDkzNDM1MTQ1OTA0MkI4RDQ4MjQzMzdCNDk3NDJFQzBGN0I0MzI1
NTM5NzQyNDlBOTk2NDM4RjIxOTc0MjZGRjk5QjQzRkZENTkwNDIyMTVEOEY0
MzY4QjA5NzQyQzQxMTE2NDNFODIwQTA0MjBBREVBMjQzQTRCMjhDNDI4ODUx
QTk0M0U0REI3MzQyMUE1MkE5NDMxQjU5ODk0MkU3MTFDNzQwQzYxMThENDI2
RkQ4QTU0MTY2Mjk3QTQyNkMwNzcwNDBGRUM5ODU0Mjg1N0RBNTQzRkNGQjg1
NDI3Nzc5QTU0M0FCMDU4NzQyRkM5Nzk4NDNCNjFFOEM0MjEwOTE4RjQzNkVE
MjhCNDJGOENCOEM0M0ZFOUI5MjQyMEY5ODgxNDNDNkM0ODg0MkJGRjE4NDQz
RUQ2NDg3NDJEMUI5NzI0MzFFMzY5NDQyRTEyMDI2NDM1RDc4OTQ0MkZBRTFE
QjQyMkQ1MTk3NDJEMTVCQjM0MzQ1NkU5MjQyNDdBQTE1NDIxQzRGOTc0MjVE
Q0ZFQjQyNTZERjhFNDIwQjI4MTY0MzY2QjY5OTQyRDE5QjNGNDIxNEFCOUU0
MjZDODM5ODQzNDFGRTlBNDJERkJGOEE0MzBBMUI4RDQyOEFBRTg1NDMxNjNG
OEQ0Mjc2MDU0QjQzOEQzQjk0NDJBM0ExNDc0M0FGMDA5NTQyREIwNjk0NDMy
ODg3ODU0MjMwRkM5ODQzMkZFRTY4NDIzMkM0QTE0MzhEMTE5NDQyNzE0REIz
NDI5QjMyOTQ0MkY3N0JEMTQxNEZERjlDNDI3MEU2OUE0Mzc5RkE4MDQyMzAw
QTk0NDNFNDNBN0I0MkQyNUM3NzQzMUU2RDk1NDIxMzhGNzI0MzY2OUM5OTQy
M0VDMDhGNDNDQzA4OEI0MkMxNTY4RTQzNDk5MjhFNDIwODA0NzA0MzE1NjM5
RDQyNkM1QjhCNDM0QTJEOTc0Mjg0QUM5MzQzOTJENDdDNDIyN0IwODI0MzI4
MjQ5NzQyNEFFMDIwNDNEMTUyOEQ0MjI0NA==

--SBD.Boundary.605592468
PROCESS /noc/users/iridburst/exec/irid_300224010734970_upd.pl
Last Run  ----1970-01-01 00:00:00 
MONTH  5 
DATA  xxrecord 2012-04-20 01:00:05 :: $W5M5A,120420,010005,660d0028449ce246,1,DAS 2,5053.5438N,123.7153W,2.4,227,4.6,9.7,,,,7.1,84.9,4.7,986.5,0,0,33.3,290,74*76
 
INSERT
STATION sbdservice
IRID_ID 300224010734970
BODY 
Content-Type: application/x-zip-compressed; name="SBMmessage.sbd"
Content-Disposition: attachment; filename="300224010734970_002785.sbd"
Content-Transfer-Encoding: base64

JFc1TTVBLDEyMDQyMCwwMjAwMDUsNjYwZDAwMjg0NDljZTI0NiwxLERBUyAy
LCwsMS42LDI2OSw0LjAsOS4zLCwsLDYuNCw4Ni41LDQuMyw5ODYuNSwwLDAs
MzMuMywzMDcsNjgqNTANCg0KJFc1TTVBLDEyMDQyMCwwMjAwMDUsNjYwZDAw
Mjg0NDljZTI0NiwyLERBUyAyLDEyLjksMTMuMCwwLjIsMC4zLDAuMDEsNTkx
LDU5NCwxNTksNjMyLDAsMTQuMSwxMy44OCwwKjUxDQoNCiRXNU01QSwxMjA0
MjAsMDIwMDA1LDY2MGQwMDI4NDQ5Y2UyNDYsMyw3RjAwNzUwMjNBMDAwMDUz
MzIzMDMxMzIzMDM0MzIzMDMwMzEzNDMwMzAzMDU1NUIwMDMxMzIzMDM0MzIz
MDMwMzEzNDMwMkM1NDQxNDIzMDMwMzAzMDMwMkMyRDMwMzUzMTJFMzEyQzJD
MzEzMjJFMzQzMTJDMzQyRTMwMkMzMzM2MzAzMDJDMzYzMDJDMzYzMDJDMzEy
QzMwMzAzNTM3MzAyQzMzMkUzNDMyMkMzMTJFMzIzNjJDMzEzNTM0MkMzMDJD
MzAyRTMxMzczMzJDMkIzMDMwMkUzMDBEMEFFMjEwQzkwRTMwOTE3RjAwNjcw
MjNBMDAwMDU3MzIzMDMxMzIzMDM0MzIzMDMwMzEzNDMwMzAzMEZGNEQwMDAw
ODBGQjQ0MDAwMEQyNDMwMEMwNUE0NjAwMDAwRDQzNEJFNTMwM0FCNDhDQjI0
MDAyNjAxMTNCMjFGMThDM0FDRjRDMEQ0MUYwRjVCMDNBQ0UzMTJCNDEwNjFE
Q0E0MDU2NTUwNTQyM0U1OUVBNDFFMjBCQzkzQUYwQUY5OTQzMjExMTg4NDJD
NzM4M0IzMTc4MUNBQTZENDk3OTdGMDQ4RTAyM0EwMDAwNEI1NjQ4MjAzNzMy
MzAzMTMyMzAzNDMyMzAzMDMxMzQzMDMwMzA1RDAwMDAwMDhGQzJGNTNDMEFE
N0EzM0JGMkFGOTk0MzIwMTE4ODQyMzcxODk3NDM3MjQ0NkY0MjBGOTU5QTQz
NDg2RDgxNDI5MDg0QUE0M0Q5OTk4RjQyNDE4OEE3NDNERUM2OTQ0MjJFNTg4
OTQzREFGMjg4NDI5MkJEODQ0M0EwQjk4MjQyOThBMTg4NDM1MUZFOTA0MjQ3
OEQ4ODQzRThEMDg3NDJDQzlCOTM0M0U2RjI2QjQyREFDNkExNDMxNDdDNEQ0
MjBGQjRBNDQzMDc1NzRCNDIwQTBFOUQ0MzIyNjQ3MzQyQTY5QjlFNDM0Q0ZF
ODU0MjBFMEZBMzQzRUJENjg1NDIxNDJEOTA0M0IyNTU4QzQyNjFFRTcwNDM2
OEU2OTQ0MjlCODFBQTQzNDZFRjlFNDI0QzJGMjE0MjVERDE5NTQyMEMyMjhF
NDE4QjhDOTY0MjVBQjJBODQzQzdGODhFNDJDNkQ0QjI0MzJBNDg4MDQyNjUy
REFGNDEzQjhCOEI0MkQyRjQzMjQyQjYyMjk1NDJGRDUxRDc0MEVEQzg4QjQy
RTFFOTFFNDFEMkFCOEQ0MkFFMDdCMjQyMUUzRDlDNDJGMjMzODI0MzNCREU5
RTQyMzcyQjkwNDM0MDlEOTU0MkUwRUU4NzQzRTJDNzk5NDIzMTI3MkU0MzQw
MkI4ODQyMjM4MDFGNDNDRTc0N0U0MjMyRTJGNjQyNDBGOThBNDIyNjc3ODQ0
MkZCOEQ5ODQyQkJFNEM1NDI1NEJFOTM0MjJGODcwNjQzODE1NzhCNDJDQzVC
RTI0MjEyRjA4QzQyNkI3RDg4NDIxRkMxOEU0MkZFQzNEMjQxNDdGMjkwNDI1
MzU4QUI0MzcxRjQ5NTQyNzIyNTEzNDNENEVEOTk0MjcxRDFGRDQyRThDRDg5
NDI1N0YwRDg0MkYxMkU4RDQyRjFCOUY4NDIxODAzOUY0MjQ2MkY4QTQzMzFG
RjkzNDIwRTFFN0U0M0Q2QUE5MjQyMkI4MTNFNDM4NzYzOTQ0MjZCN0UyNzQz
NERDODk2NDJGQTU2NkI0MzZBNzc5QzQyMkNDMTc3NDM4MjdDOEY0MjYxQjY0
NDQzMjlBNThBNDI3RDg1MjU0MzBBM0Y4QzQyRjhERUE5NDJGQ0M4OUQ0MjVF
Njk5NDQzOEQzOTk5NDIzMzA2Nzg0M0Y1RDQ4RjQyODQwMzM4NDNFREU3OUE0
MjY2M0M4NTQyRUM3Mzk1NDJCNUQ2OEY0MDA4MTU5NTQyOUQyOEE4NDNGM0ZB
OTY0MkRGQTRDNzQxM0M1NEExNDJBQUNEMzY0M0Y1ODM5QTQyNDgwMTNFNDNF
QTA2OEM0MjIzNzc0QzQzRjkxODg1NDI3NzM3ODA0M0FGOTM4NzQyQzdFMTlC
NDMzOUJGNkY0MjM2NDRBNDQzNDFCNzZCNDI5MTMyQUI0M0VBQzU4RjQyMTk3
MzVCNDJCNEUyOTA0MjQ4QTQ4QTQyQjFGODg1NDI3QkE3QzA0MkMyRkM5NTQy
OEQ4RDRENDM0MUNDOUE0MjcyNDZFMjQyODg3NTk3NDJDNjc4Q0Q0MjdDNUQ4
QTQyOEVDRUJFNDIyRDM5OTY0MjlGNkZBMQ==

--SBD.Boundary.605592468
PROCESS /noc/users/iridburst/exec/irid_300224010734970_upd.pl
Last Run  ----1970-01-01 00:00:00 
MONTH  5 
DATA  xxrecord 2012-04-20 02:00:05 :: $W5M5A,120420,020005,660d0028449ce246,1,DAS 2,,,1.6,269,4.0,9.3,,,,6.4,86.5,4.3,986.5,0,0,33.3,307,68*50
 
INSERT
STATION sbdservice
IRID_ID 300224010734970
BODY 
Content-Type: application/x-zip-compressed; name="SBMmessage.sbd"
Content-Disposition: attachment; filename="300224010734970_002786.sbd"
Content-Transfer-Encoding: base64

JFc1TTVBLDEyMDQyMCwwMzAwMDUsNjYwZDAwMjg0NDljZTI0NiwxLERBUyAy
LDUwNTMuNTQ2Mk4sMTIzLjcxMzVXLDEuOSwyNTcsMy43LDguOSwsLCw2LjEs
ODcuMyw0LjEsOTg2LjUsMCwwLDMzLjMsMjUwLDcyKjdGDQoNCiRXNU01QSwx
MjA0MjAsMDMwMDA1LDY2MGQwMDI4NDQ5Y2UyNDYsMixEQVMgMiwxMi44LDEz
LjAsMC4yLDAuMywwLjAxLDU5MSw1OTQsMTU5LDYzMiwwLDEzLjgsMTMuODgs
MCo1Rg0KDQokVzVNNUEsMTIwNDIwLDAzMDAwNSw2NjBkMDAyODQ0OWNlMjQ2
LDMsN0YwMDc1MDIzQTAwMDA1MzMyMzAzMTMyMzAzNDMyMzAzMDMyMzQzMDMw
MzA1NTVCMDAzMTMyMzAzNDMyMzAzMDMyMzQzMDJDNTQ0MTQyMzAzMDMwMzAz
MDJDMkQzMDM1MzEyRTMxMkMyQzMxMzIyRTMzMzgyQzM0MkUzMDJDMzMzNjMw
MzAyQzM2MzAyQzM2MzAyQzMxMkMzMDMwMzUzNzMwMkMzMzJFMzQzMjJDMzEy
RTMyMzYyQzMxMzUzNTJDMzAyQzMwMkUzMTM3MzMyQzJCMzAzMDJFMzAwRDBB
RUExMDYwNjQ1RDAwN0YwMDY3MDIzQTAwMDA1NzMyMzAzMTMyMzAzNDMyMzAz
MDMyMzQzMDMwMzBGRjREMDAwMDgwRkI0NDAwMDBEMjQzMDA4MEJCNDYwMDAw
MTc0M0ZFNTQzQjNBMjIzRUFCNDAwRDI5MDAzQjY1RDA5NzNBMTQ0MDE4NDE1
MEU3QkEzQTVCMzE2RDQxOTUyNkI3NDA1NjU1MDU0MjZDNkJGNjQxOTIzMkMy
M0FDQ0UzNzk0MzJDRjc4RTQyREEwNzM0MzFBQzFCQjUwODM3MDM3RjA0RTIw
MjNBMDAwMDRCNTY0ODIwMzczMjMwMzEzMjMwMzQzMjMwMzAzMjM0MzAzMDMw
NjQwMDAwMDA4RkMyRjUzQzBBRDdBMzNCRDBFMzc5NDMyQUY3OEU0MkZDRjA4
QjQzOUEwQTk5NDJEMkZGODE0M0Y1Njk4RDQyRDI2NjdENDMyQkI5N0Y0MkI1
MUU3QjQzM0JDOTg3NDIzMTNFNkQ0MzM5NUE4QjQyQzQzOTU2NDNBQjFGOTE0
MjU4ODI0MzQzRDZFRjk1NDJEQkQ1MDg0MzY5Mjk5RTQyNDcwNDQ0NDJDQTgx
OTM0MkJERTIyRTQyQTMyQzlGNDJGNzY1NTE0Mzk5QzQ5MjQyNEUzRjQxNDM1
QUU0OEI0MjNEOEMxMjQzODg4NjkxNDI3QjMwMDg0M0JBNTg4NjQyMUY4MjIw
NDM4QkM2ODI0MjcwMEE0MDQzMjdGQjhBNDI3MkQ0NjI0Mzc0QTE5ODQyQzFD
M0ExNDNDNUJGOEQ0MjEwMzdBOTQzNThEMTY5NDJDRkQwQTg0MzRDODQ2RTQy
NzBGNkEyNDMzQjQwNkU0MjQ5QTA4RjQzNjY3RTk4NDJGRkRBMjM0MzI0N0M5
NTQyQjI5MDk4NDNGQzkwOTM0MjhDMEQ5ODQzRTkxQzgxNDIyMkIyOTI0Mzcw
MDk3RTQyRkE5RTkxNDNDMjQxOEE0MkMyMkQ1NjQzRUY1QzlCNDIwQ0NCNDA0
MzA1RDE5RDQyMkQ4Q0ExNDNERTFBOTY0Mjg2Q0M5RjQzMUI1QTg1NDJEM0VC
OUU0M0NDNzg2RjQyN0NBMjhBNDM5Q0JCOEY0MjM0Qzk2MzQzMjc1OTg2NDIw
M0I4M0E0MzlFQzI5MzQyRUM0OTEzNDMxQzE1OTA0MjYyMzYwNjQzMjU3Mzg2
NDIxRDYyRkE0MjU1RUI4NzQyRUYwMjc1NDM3MzA1OTg0MjUyN0E4MjQzQkE1
Nzc2NDJCRTE4NUY0M0M0Mjg4MDQyMjgzQzVCNDMxQUQyODI0MjkwOUQ4QjQz
NzJEQThFNDI5MUMzQTE0MzlFNEQ4NjQyNzQ4RTk1NDMyRjQ5OTI0MkZENUM1
MTQzQjAxRjlGNDI5OUU2QTI0MTc4Q0U5OTQyRkZFNjlGNDMzNjUzOTc0MjM1
MDQ4NDQzOEQxMDk5NDJGQjVFRkY0MkU5MkE5OTQyOTQyODAzNDM5REJBN0U0
MkQ4OTIxMjQzNDM2MTgyNDI0MTU1M0M0MzJGNTI5NjQyQzA0Rjk0NDMyMEE5
OEE0MkMzOUE5QTQzQzUwNTgxNDI2NUM5OUY0M0IyOEI4RDQyRERCMEIyNDMw
OTAxODM0MjYzNjJCMDQzNUMwMzY3NDI1NzQyQTc0M0E4NTM4QTQyMkNCODZD
NDM4NDYxOUI0MjVCQkQ5NDQzMTVGQzlGNDI3Qjk4ODg0MzBEQzk4QjQyQzY0
MDg4NDM5RUZFNjU0MjIzMDk4RTQzNjI4MTZFNDI2M0EwODI0M0QwMDQ5MDQy
NTMwNzU0NDM4OENDOEU0MjFFQjgzOTQzQTk3ODk1NDI1QjREREI0MjlFQTU4
QTQyNkE4RTA2NDM1NjlDN0Q0MjdBRDczMTQzNEUwNjkzNDJEQ0Q5ODg0M0Y5
Nzk5OTQyNURCNzVCNDM5NzdDOTg0MkFERg==

--SBD.Boundary.605592468
PROCESS /noc/users/iridburst/exec/irid_300224010734970_upd.pl
Last Run  ----1970-01-01 00:00:00 
MONTH  5 
DATA  xxrecord 2012-04-20 03:00:05 :: $W5M5A,120420,030005,660d0028449ce246,1,DAS 2,5053.5462N,123.7135W,1.9,257,3.7,8.9,,,,6.1,87.3,4.1,986.5,0,0,33.3,250,72*7F
 
INSERT
STATION sbdservice
IRID_ID 300224010734970
BODY 
Content-Type: application/x-zip-compressed; name="SBMmessage.sbd"
Content-Disposition: attachment; filename="300224010734970_002787.sbd"
Content-Transfer-Encoding: base64

JFc1TTVBLDEyMDQyMCwwNTAwMDUsNjYwZDAwMjg0NDljZTI0NiwxLERBUyAy
LDUwNTMuNTQyMU4sMTIzLjcxNDVXLDMuMiwxOTEsNS43LDguMiwsLCw1LjIs
ODkuMCwzLjYsOTg2LjUsMCwwLDI4LjYsMzQ5LDYyKjdFDQoNCiRXNU01QSwx
MjA0MjAsMDUwMDA1LDY2MGQwMDI4NDQ5Y2UyNDYsMixEQVMgMiwxMi44LDEy
LjksMC4yLDAuNCwwLjAxLDU5MSw1OTQsMTU5LDYzMiwwLDEzLjgsMTMuNDks
MCo1Qg0KDQokVzVNNUEsMTIwNDIwLDA1MDAwNSw2NjBkMDAyODQ0OWNlMjQ2
LDMsN0YwMDc1MDIzQTAwMDA1MzMyMzAzMTMyMzAzNDMyMzAzMDM0MzQzMDMw
MzA1NTVCMDAzMTMyMzAzNDMyMzAzMDM0MzQzMDJDNTQ0MTQyMzAzMDMwMzAz
MDJDMkQzMDM1MzEyRTMxMkMyQzMxMzIyRTMzMzYyQzM0MkUzMDJDMzMzNjMw
MzAyQzM2MzAyQzM2MzAyQzMxMkMzMDMwMzUzNzMwMkMzMzJFMzQzMjJDMzEy
RTMyMzYyQzMxMzUzNzJDMzAyQzMwMkUzMTM3MzMyQzJCMzAzMDJFMzAwRDBB
RUMxMEZCMkRBMTE5N0YwMDY3MDIzQTAwMDA1NzMyMzAzMTMyMzAzNDMyMzAz
MDM0MzQzMDMwMzBGRjREMDAwMDgwRkI0NDAwMDBEMjQzMDBFMDJCNDcwMDAw
MTc0MzhDNDMzQjNBMkVBQUFBNDAzNkMwMzgzQkU1QkU5NjNBRkNGNzBCNDFC
Rjc3RDkzQTFBQ0I1RDQxMTVEQURGNDA0OTkyRTQ0MTU4N0JFNjQxOTNFNURE
M0FDMEFFQUU0M0YxQTE3OTQyMzA1NDM0MzFFNTIwMjVGRTJBNjI3RjA0NkEw
MjNBMDAwMDRCNTY0ODIwMzczMjMwMzEzMjMwMzQzMjMwMzAzNDM0MzAzMDMw
NUEwMDAwMDA4RkMyRjUzQzBBRDdBMzNCQzBBRUFFNDNFOUExNzk0MjQ3MkFD
MTQxMThEMzU2NDIzMkEwQjA0MTcwOEI2NDQyN0NCMEIzNDNGMzhBOEI0MjJB
MzY4QTQzNDIyQzg5NDJENjlDOEI0M0Y0NzQ3QzQyQjdFNjg1NDNFNzNFNUQ0
MjFDRTQ3QjQzQjU2MjU1NDI2RkYwNTk0MzNCREE3NjQyMDA0NTVBNDMxRTQz
ODE0MjhENzA2RjQzMkZGOTgyNDI4NjBENUY0M0Q2NzA4RjQyOEU4QjkwNDM4
NjE4OTM0MjJCQzE4NTQzNTE2Qzg3NDIxRUE4NjM0M0RGODg4MjQyM0UwOTcy
NDM1QjAyOTY0MjU3ODJBMzQzOUQ2OThBNDJFMkVGOUM0MzgzMTA4NDQyMzRF
NkEzNDNGQ0Q3ODQ0MkY1ODhBNDQzOTNCRTg2NDIxNTQ2OTY0MzQzOUY4RTQy
QUM3QTc1NDM0MTJDOEQ0MkQ4NTI1ODQzOEE0NzhCNDI1OEU4NDM0M0VGMDk5
MDQyOENEMzM1NDM4NkUxODk0MjBDNTYzMTQzODlBRTkxNDJFNjFFNkE0M0Ux
Rjc5NDQyMUYxRTg1NDNBQTJBOTY0MjRGQTA5RTQzRjYwRTlCNDJERTJGNzk0
MzYxMzc5MjQyQjJFNDZCNDNDNDM5ODM0MjM2MDM3MTQzNkEwRjg5NDI0QzYx
ODQ0M0IxQTE4QzQyMUVDQzkxNDM1RTQxN0E0MjFEQUI4NjQzNDQ2MTNFNDI0
MTJCNzM0M0YwN0EzQTQyMzcyQjZDNDMzM0JEODI0MkNBNjgyRTQzQjk5NDkx
NDIwMTE3NDY0MzU5Rjc4OTQyRjY4RDZFNDM0N0U2OTQ0MkJBRkI0NzQyQjg0
Rjk4NDJFQThCQTI0MjNGRjA4RDQyQUY3M0ExNDJBQkZGOTM0MjgzNTI4RTQx
NEZBNzlENDI1REY0NjI0MTJBQUQ5RTQyRTg0MDlBNDNBNzgzQTA0MjAxNjlF
NzQwREUyNDk0NDJERTQ0QkM0MUJDRjc4RTQyNTk4RjRFNDIwM0RBOTE0MjZC
MjI2MjQyM0I5Njg1NDI0MDk4MjM0MjhDMjY4NjQyQ0E1REFFNDM3Q0VBODk0
MkZDQkFBMzQzODUzNDg2NDI0NTAzQTQ0MzE4NjQ4NDQyQkNCNkFCNDMzOTBB
N0I0MkMwQTZBQjQzMjZEMjg2NDIxNjM3OTI0M0U1NEY4QjQyNDI1MzlENDM4
Q0E1OTE0MjU0MzBBNjQzOUJFMDlENDI2NTg4NjY0M0Y5MkQ4RjQyQ0E0NTcx
NDNFMUU1N0U0Mjk4QkM4NzQzRTcwQTdBNDI1QUE3OEY0MzFDMUI2NjQyNEU5
RDg4NDMyRjY4ODQ0MkJCQzA2NjQzMTkxMDkzNDJFOUJFMzg0Mzc0QTc5QzQy
RDk5QTUwNDJDRTFDOTQ0MjkyNDk0NTQyQThCQzk4NDI4QUI5Qjc0MjZCNTc5
QzQyMTlEMTdENDI2OTY0OEQ0MkQ1NDMyRjQyNzZGOTgxNDJDMUYxQTk0Mzk1
NTE4OTQyN0ZFNjk0NDM1NzBGODY0MjEzNA==

--SBD.Boundary.605592468
PROCESS /noc/users/iridburst/exec/irid_300224010734970_upd.pl
Last Run  ----1970-01-01 00:00:00 
MONTH  5 
DATA  xxrecord 2012-04-20 05:00:05 :: $W5M5A,120420,050005,660d0028449ce246,1,DAS 2,5053.5421N,123.7145W,3.2,191,5.7,8.2,,,,5.2,89.0,3.6,986.5,0,0,28.6,349,62*7E
 
INSERT
STATION sbdservice
IRID_ID 300224010734970
BODY 
Content-Type: application/x-zip-compressed; name="SBMmessage.sbd"
Content-Disposition: attachment; filename="300224010734970_002788.sbd"
Content-Transfer-Encoding: base64

JFc1TTVBLDEyMDQyMCwwNjAwMDUsNjYwZDAwMjg0NDljZTI0NiwxLERBUyAy
LCwsMS40LDIxMSwzLjUsNy45LCwsLDQuOSw5MC4wLDMuNCw5ODYuNSwwLDAs
MjguNiwxNSw3Nio2Mg0KDQokVzVNNUEsMTIwNDIwLDA2MDAwNSw2NjBkMDAy
ODQ0OWNlMjQ2LDIsREFTIDIsMTIuOCwxMy4wLDAuMiwwLjMsMC4wMSw1OTEs
NTk0LDE1OSw2MzIsMCwxMy42LDEzLjEwLDAqNTUNCg0KJFc1TTVBLDEyMDQy
MCwwNjAwMDUsNjYwZDAwMjg0NDljZTI0NiwzLDdGMDA3NTAyM0EwMDAwNTMz
MjMwMzEzMjMwMzQzMjMwMzAzNTM0MzAzMDMwNTU1QjAwMzEzMjMwMzQzMjMw
MzAzNTM0MzAyQzU0NDE0MjMwMzAzMDMwMzAyQzJEMzAzNTMxMkUzMTJDMkMz
MTMyMkUzMzM3MkMzNDJFMzAyQzMzMzYzMDMwMkMzNjMwMkMzNjMwMkMzMTJD
MzAzMDM1MzczMDJDMzMyRTM0MzIyQzMxMkUzMjM2MkMzMTM1MzgyQzMwMkMz
MDJFMzEzNzMzMkMyQjMwMzAyRTMwMEQwQUVGMTAzQ0NEMzk3MjdGMDA2NzAy
M0EwMDAwNTczMjMwMzEzMjMwMzQzMjMwMzAzNTM0MzAzMDMwRkY0RDAwMDA4
MEZCNDQwMDAwRDI0MzAwRjA1MjQ3MDAwMEQwNDI3Q0Q0NTIzQTVDMjZGNDQw
RjYwNjE2M0I2NDAwQjYzQUI3NTA2NjQxOEI2MUZCM0ExMThBQjY0MTM1MkRF
RTQwNDk5MkU0NDFCQ0VDRTk0MTFFNEVERDNBRUFDNzcxNDE3Nzg1OTg0MjBD
NzQwRDMxMkIxRkE4RTUzQkEwN0YwNDUyMDIzQTAwMDA0QjU2NDgyMDM3MzIz
MDMxMzIzMDM0MzIzMDMwMzUzNDMwMzAzMDU4MDAwMDAwOEZDMkY1M0MwQUQ3
QTMzQkQ0Qzc3MTQxNzU4NTk4NDJFQ0U5OEE0MTc2Mzg5QjQyNDAyNDA5NDE3
MTFBOTg0MkE2QkMxODQyNjg2MjlGNDJGOTMzM0U0MzkxRTY5ODQyQ0M2NzVB
NDM1NjJDOUI0MjNDQTU1QTQzQjlFNTkwNDJCNkZBMkM0M0Q5MTk5RTQyOUMw
NzBCNDJEREZCOEU0MkJGNzE4ODQwQjhCMjk2NDIxQzZFNzk0MzVEQzQ4RDQy
MjgwODZGNDNBNUJDODQ0MkFBMUI2NzQzMTM5MThBNDJEMTE3Nzg0MzJGN0Y4
ODQyMTE3MzdCNDNENzMxNzE0MjQ2ODc3MDQzODBDQTgwNDIyOUFGMzA0Mzcw
Rjg5OTQyRkYyNUUxNDJGQ0Q3ODU0MjY3RURFQzQyNDdGNTc5NDIxRUQxREM0
MjFBOTE4RjQyNEFGQzhDNDIyNTdDOUI0MjA4NUExMjQzRTlDNDlDNDIxQzI4
NkM0M0NDQjY5NzQyNEVFMzg1NDM1NUI1OTU0MkZFMTI5RTQzNzgxRTlDNDJF
QjU4QjA0MzUxMUM5QjQyOTM0NDEyNDI4OTYzOUU0MjA1MTUyQzQyREU3ODk3
NDIxRUJDQUI0M0NDOTQ5QTQyOTIzRTdBNDM1NTU3OEU0MkRBNkY2NzQzM0Ex
ODhENDIyQkJCMTg0M0EwOTg5QjQyQ0I0QzI5NDM4RTU1OTQ0MjA4MEIzMjQz
NTQ3ODhFNDIwMzdFQTk0MjM2MDk4NjQyMTVCOTkzNDI3NEM0ODY0MjUyREUy
MzQzQzhEMjlCNDI4OERDNTg0M0ZEMkE5MTQyN0ZBMjhBNDNCQzBGOUY0MjFG
RjJCNDQxRDc1MDhDNDIxQUVBRjE0MTAwOUM4RjQyODMxQzhFNDE3NkQ4OTg0
MjU2NEJBQjQzRDZCRDk3NDI3NTIxQjA0M0IzQkQ5NzQyNjIxNzhCNDEwOTky
OTk0MjI0NUVGRjQyMkNDQTlDNDI4QzI4Mjk0M0QzQ0E5MjQyRjdFQTQ4NDM5
QzNBOTA0MkEyOTE0RDQzNzlGNjkyNDI2QTAxQzU0MjA4ODg5QTQyQjAwOTkx
NDI5MEEzOUI0MkVDMjU3OTQzRDBCODlBNDJGQTBDOTU0M0I0OUI5NTQyNTk3
MkIyNDNENTJGOTU0MjY5QkNCMTQyNzVENDlDNDJBMEU0MDc0M0UyM0Q4QTQy
NTQ5OEZDNDIwQUVEODE0MjBBQzVFRjQyMjczQjhENDJGQTU2MDY0M0ZDQkM5
MzQyOEExNzI1NDMzQTREOEY0MjJBMzk0NTQzRENBRjlBNDJBOTFFOTc0M0M3
NEU4NjQyQTIwQjk2NDMzMUMwNzU0Mjg3Njg4OTQzNzU3MDk1NDIzOTAzMTc0
MzE3OTY5OTQyNzBEQzYxNDJFMjUxOTc0MjIzNkZBQzQzMUQ2MTk3NDIzNjA4
NzY0MzZBRjA4QzQyMEU5QTZDNDMzMkRGODY0MjI1QjA2NTQzMkQwNDk3NDJC
N0E5MTE0Mzk3QzI5MjQyODQwNDBDNDMzMTlGOEE0MjhERERGQzQyNDBEQThC
NDI3MUI5QzQ0MkJGM0I4MjQyNzg2NDk1NA==

--SBD.Boundary.605592468
PROCESS /noc/users/iridburst/exec/irid_300224010734970_upd.pl
Last Run  ----1970-01-01 00:00:00 
MONTH  5 
DATA  xxrecord 2012-04-20 06:00:05 :: $W5M5A,120420,060005,660d0028449ce246,1,DAS 2,,,1.4,211,3.5,7.9,,,,4.9,90.0,3.4,986.5,0,0,28.6,15,76*62
 
INSERT
STATION sbdservice
IRID_ID 300224010734970
BODY --

From sbdservice@sbd.iridium.com Fri Apr 20 09:04:38 2012
Return-Path: <sbdservice@sbd.iridium.com>
Received: from istbsp01.sbd.iridium.com (outbound.sbd.iridium.com [12.47.179.11])
	by mercury.noc.soton.ac.uk (8.13.1/8.12.11) with ESMTP id q3K84Wsd013624
	for <iridburst@noc.soton.ac.uk>; Fri, 20 Apr 2012 09:04:32 +0100
Reply-To: <sbdservice@sbd.iridium.com>
From: sbdservice@sbd.iridium.com
To: iridburst@noc.soton.ac.uk
Subject: SBD Msg From Unit: 300224010734970
MIME-Version: 1.0
Content-Type: multipart/mixed;boundary="SBD.Boundary.605592468"
Message-Id: <19740412024625.82DB6DEA7F0E1310@istbsp01.sbd.iridium.com>
Date: Fri, 20 Apr 2012 08:04:32 +0000 (GMT)
X-NOCS-MailScanner-Information: Please contact the ISP for more information
X-NOCS-MailScanner-ID: q3K84Wsd013624
X-NOCS-MailScanner: Found to be clean
X-NOCS-MailScanner-SpamCheck: not spam (whitelisted),
	SpamAssassin (not cached, score=-2.599, required 5,
	autolearn=not spam, BAYES_00 -2.60)
X-NOCS-MailScanner-From: sbdservice@sbd.iridium.com
X-Spam-Status: No

SBM Message
--SBD.Boundary.605592468
PROCESS /noc/users/iridburst/exec/irid_300224010734970_upd.pl
Last Run  ----1970-01-01 00:00:00 
MONTH  5 
DATA  xxrecord 2012-04-20 06:00:05 :: $W5M5A,120420,060005,660d0028449ce246,1,DAS 2,,,1.4,211,3.5,7.9,,,,4.9,90.0,3.4,986.5,0,0,28.6,15,76*62
 
STATION sbdservice
IRID_ID 300224010734970
BODY 
Content-Type: text/plain;charset=US-ASCII
Content-Disposition: inline
Content-Transfer-Encoding: 7bit

MOMSN: 2789
MTMSN: 0
Time of Session (UTC): Fri Apr 20 09:00:34 2012
Session Status: 00 - Transfer OK
Message Size (bytes): 1960

Unit Location: Lat = 50.868372 Long = -1.363928
CEPradius = 2



-- 
This message has been scanned for viruses and
dangerous content by MailScanner, and is
believed to be clean.


--SBD.Boundary.605592468
PROCESS /noc/users/iridburst/exec/irid_300224010734970_upd.pl
Last Run  ----1970-01-01 00:00:00 
MONTH  5 
DATA  xxrecord 2012-04-20 06:00:05 :: $W5M5A,120420,060005,660d0028449ce246,1,DAS 2,,,1.4,211,3.5,7.9,,,,4.9,90.0,3.4,986.5,0,0,28.6,15,76*62
 
STATION sbdservice
IRID_ID 300224010734970
BODY 
Content-Type: text/plain;charset=US-ASCII
Content-Disposition: inline
Content-Transfer-Encoding: 7bit

MOMSN: 2790
MTMSN: 0
Time of Session (UTC): Fri Apr 20 10:00:37 2012
Session Status: 00 - Transfer OK
Message Size (bytes): 1960

Unit Location: Lat = 50.825247 Long = 0.340704
CEPradius = 139



-- 
This message has been scanned for viruses and
dangerous content by MailScanner, and is
believed to be clean.


--SBD.Boundary.605592468
PROCESS /noc/users/iridburst/exec/irid_300224010734970_upd.pl
Last Run  ----1970-01-01 00:00:00 
MONTH  5 
DATA  xxrecord 2012-04-20 06:00:05 :: $W5M5A,120420,060005,660d0028449ce246,1,DAS 2,,,1.4,211,3.5,7.9,,,,4.9,90.0,3.4,986.5,0,0,28.6,15,76*62
 
STATION sbdservice
IRID_ID 300224010734970
BODY 
Content-Type: text/plain;charset=US-ASCII
Content-Disposition: inline
Content-Transfer-Encoding: 7bit

MOMSN: 2791
MTMSN: 0
Time of Session (UTC): Fri Apr 20 11:04:05 2012
Session Status: 00 - Transfer OK
Message Size (bytes): 1960

Unit Location: Lat = 50.868372 Long = -1.363928
CEPradius = 2



-- 
This message has been scanned for viruses and
dangerous content by MailScanner, and is
believed to be clean.


--SBD.Boundary.605592468
PROCESS /noc/users/iridburst/exec/irid_300224010734970_upd.pl
Last Run  ----1970-01-01 00:00:00 
MONTH  5 
DATA  xxrecord 2012-04-20 06:00:05 :: $W5M5A,120420,060005,660d0028449ce246,1,DAS 2,,,1.4,211,3.5,7.9,,,,4.9,90.0,3.4,986.5,0,0,28.6,15,76*62
 
STATION sbdservice
IRID_ID 300224010734970
BODY 
Content-Type: text/plain;charset=US-ASCII
Content-Disposition: inline
Content-Transfer-Encoding: 7bit

MOMSN: 2792
MTMSN: 0
Time of Session (UTC): Fri Apr 20 12:00:28 2012
Session Status: 00 - Transfer OK
Message Size (bytes): 1960

Unit Location: Lat = 50.868372 Long = -1.363928
CEPradius = 3



-- 
This message has been scanned for viruses and
dangerous content by MailScanner, and is
believed to be clean.


--SBD.Boundary.605592468
PROCESS /noc/users/iridburst/exec/irid_300224010734970_upd.pl
Last Run  ----1970-01-01 00:00:00 
MONTH  5 
DATA  xxrecord 2012-04-20 06:00:05 :: $W5M5A,120420,060005,660d0028449ce246,1,DAS 2,,,1.4,211,3.5,7.9,,,,4.9,90.0,3.4,986.5,0,0,28.6,15,76*62
 
STATION sbdservice
IRID_ID 300224010734970
BODY 
Content-Type: text/plain;charset=US-ASCII
Content-Disposition: inline
Content-Transfer-Encoding: 7bit

MOMSN: 2793
MTMSN: 0
Time of Session (UTC): Fri Apr 20 13:00:33 2012
Session Status: 00 - Transfer OK
Message Size (bytes): 1960

Unit Location: Lat = 50.868372 Long = -1.363928
CEPradius = 2



-- 
This message has been scanned for viruses and
dangerous content by MailScanner, and is
believed to be clean.


--SBD.Boundary.605592468
PROCESS /noc/users/iridburst/exec/irid_300224010734970_upd.pl
Last Run  ----1970-01-01 00:00:00 
MONTH  5 
DATA  xxrecord 2012-04-20 06:00:05 :: $W5M5A,120420,060005,660d0028449ce246,1,DAS 2,,,1.4,211,3.5,7.9,,,,4.9,90.0,3.4,986.5,0,0,28.6,15,76*62
 
STATION sbdservice
IRID_ID 300224010734970
BODY 
Content-Type: text/plain;charset=US-ASCII
Content-Disposition: inline
Content-Transfer-Encoding: 7bit

MOMSN: 2794
MTMSN: 0
Time of Session (UTC): Fri Apr 20 14:00:32 2012
Session Status: 00 - Transfer OK
Message Size (bytes): 1960

Unit Location: Lat = 50.867694 Long = -1.420735
CEPradius = 5



-- 
This message has been scanned for viruses and
dangerous content by MailScanner, and is
believed to be clean.


--SBD.Boundary.605592468
PROCESS /noc/users/iridburst/exec/irid_300224010734970_upd.pl
Last Run  ----1970-01-01 00:00:00 
MONTH  5 
DATA  xxrecord 2012-04-20 06:00:05 :: $W5M5A,120420,060005,660d0028449ce246,1,DAS 2,,,1.4,211,3.5,7.9,,,,4.9,90.0,3.4,986.5,0,0,28.6,15,76*62
 
STATION sbdservice
IRID_ID 300224010734970
BODY 
Content-Type: text/plain;charset=US-ASCII
Content-Disposition: inline
Content-Transfer-Encoding: 7bit

MOMSN: 2795
MTMSN: 0
Time of Session (UTC): Fri Apr 20 15:01:20 2012
Session Status: 00 - Transfer OK
Message Size (bytes): 1960

Unit Location: Lat = 50.891054 Long = -1.363928
CEPradius = 2



-- 
This message has been scanned for viruses and
dangerous content by MailScanner, and is
believed to be clean.


--SBD.Boundary.605592468
PROCESS /noc/users/iridburst/exec/irid_300224010734970_upd.pl
Last Run  ----1970-01-01 00:00:00 
MONTH  5 
DATA  xxrecord 2012-04-20 06:00:05 :: $W5M5A,120420,060005,660d0028449ce246,1,DAS 2,,,1.4,211,3.5,7.9,,,,4.9,90.0,3.4,986.5,0,0,28.6,15,76*62
 
STATION sbdservice
IRID_ID 300224010734970
BODY 
Content-Type: text/plain;charset=US-ASCII
Content-Disposition: inline
Content-Transfer-Encoding: 7bit

MOMSN: 2796
MTMSN: 0
Time of Session (UTC): Fri Apr 20 16:00:35 2012
Session Status: 13 - Incomplete Transfer
Message Size (bytes): 0




-- 
This message has been scanned for viruses and
dangerous content by MailScanner, and is
believed to be clean.


--SBD.Boundary.605592468
PROCESS /noc/users/iridburst/exec/irid_300224010734970_upd.pl
Last Run  ----1970-01-01 00:00:00 
MONTH  5 
DATA  xxrecord 2012-04-20 06:00:05 :: $W5M5A,120420,060005,660d0028449ce246,1,DAS 2,,,1.4,211,3.5,7.9,,,,4.9,90.0,3.4,986.5,0,0,28.6,15,76*62
 
STATION sbdservice
IRID_ID 300224010734970
BODY 
Content-Type: application/x-zip-compressed; name="SBMmessage.sbd"
Content-Disposition: attachment; filename="300224010734970_002796.sbd"
Content-Transfer-Encoding: base64

JFc1TTVBLDEyMDQyMCwxNjAwMDUsNjYwZDAwMjg0NDljZTI0NiwxLERBUyAy
LCwsNi41LDQsMTEuMiwxMS45LDguMCw3Mi40LDMuNCw4LjEsNzIuMSwzLjQs
OTkzLjcsMCwwLDI4LjYsMjA5LDc0KjQyDQoNCiRXNU01QSwxMjA0MjAsMTYw
MDA1LDY2MGQwMDI4NDQ5Y2UyNDYsMixEQVMgMiwxMy40LDEzLjgsMC4yLDAu
NCwwLjAxLDU5MSw1OTQsMTU3LDYyOSwwLDEzLjcsMTMuODgsOTI3KjVFDQoN
CiRXNU01QSwxMjA0MjAsMTYwMDA1LDY2MGQwMDI4NDQ5Y2UyNDYsMyw3RjAw
NzUwMjNBMDAwMDUzMzIzMDMxMzIzMDM0MzIzMDMxMzUzNDMwMzAzMDU1NUIw
MDMxMzIzMDM0MzIzMDMxMzUzNDMwMkM1NDQxNDIzMDMwMzAzMDMwMkMyRDMw
MzUzMTJFMzEyQzJDMzEzMjJFMzkzNzJDMzQyRTMwMkMzMzM2MzAzMDJDMzYz
MDJDMzYzMDJDMzEyQzMwMzAzNTM3MzAyQzMzMkUzNDMyMkMzMTJFMzIzNjJD
MzEzNjM4MkMzMDJDMzAyRTMxMzYzOTJDMkIzMDMwMkUzMDBEMEFGQzEwQzM1
NjUyN0Q3RjAwNjcwMjNBMDAwMDU3MzIzMDMxMzIzMDM0MzIzMDMxMzUzNDMw
MzAzMEZGNEQwMDAwODBGQjQ0MDAwMEQyNDMwMDY0MTY0ODAwMDBGQTQyMjYw
MzREM0E1MkU0Q0I0MDM5MzYwMDNCMkVFQjlGM0FBQzE2MzA0MURBMUVDODNB
NEFEQjZCNDFCMTc0RDc0MDQ5OTJFNDQxNTI5REU5NDFGRDk1RDgzQUYzRTE1
MDQzQjU5RTk0NDIxRDQzMkIzMUVFMUVDNERDRUQ1QzdGMDQ3NjAyM0EwMDAw
NEI1NjQ4MjAzNzMyMzAzMTMyMzAzNDMyMzAzMTM1MzQzMDMwMzA1QjAwMDAw
MDhGQzJGNTNDMEFEN0EzM0JGNkUxNTA0M0I2OUU5NDQyQURENzJGNDM2NTcx
OTI0Mjc2MTk0RjQzRkEyRjk0NDJDRjM1N0I0M0E4RUU5NTQyOURGNkEwNDMy
NTlCOTk0MjBDM0Y2NzQyNDgyQzlCNDIyNkI0OEU0MkUxM0U5NjQyODkwMDAw
NDMyMEY4OUY0MjY5QjI5NDQzNzQ0Qjk1NDI4RDlFQTg0M0I3RTc4RTQyMEJG
NDlENDM4RDBDOTQ0MjU4QjU4QTQzQUJGNjk2NDI4MDI1ODk0MzhBMTg5OTQy
NEQ5MDIxNDM1OUE3OTE0MjEwRjMwQTQzMzhBQzhENDI4QTUxMUM0MzU0OTk5
QTQyN0FGMTI1NDNDNjZCOTU0MjRDNjcwNjQzQkM4RjkxNDIzODRFQkU0MkY5
RUE5MjQyRTk5OTA3NDIwRkM0OTg0MjI0Njg4RjQzNkU1MDk2NDJGRDcwODc0
M0MzQTc4RTQyQkJBRjk2NDM3NTdEOTM0MjIwOTQ5MDQzNDJGODkwNDI4MTg3
ODI0MzNEMkY4RTQyMTYxQzgzNDMzMTBFOUI0MkEzQjhBNjQzOUZBODlFNDI5
OTEzQTc0Mzk2MDI5NzQyQzZEREFBNDNCREYwOEM0MkFGMjZBNzQzN0ZEQTk1
NDJDMzY4OTc0M0NGOEE5QjQyRDUzQzkxNDM2MzUyOEQ0MjNFMTg4MzQzODk3
OTkxNDI2OTA5MjU0MzAwM0I5RDQyQkY0MDYwNDMyQTEwOTM0MjUzMTk0QjQz
OUU4NTdFNDJGNjI4NDk0M0Q1QTE4RjQyRjE1QjIxNDNBMDdGOTk0MjMyQTYx
NTQzRTNGQzkzNDJDODk2NEI0M0I1NkE5MjQyMTk2NzVGNDNCOEVGOEE0MkZD
NTAzNzQzNjM3NDhFNDJDQTFEMEQ0MzEyRDk5MDQyODhENTAyNDM0OTRCOTc0
MkEzOTAxMDQzMUZDNjlBNDI2QzhDMEU0MzU0QUE5MjQyOTIwQzE3NDNEMDU4
OTA0MjJEQUEzQTQzODA0NjkyNDI1RUU0NDM0MzEyRDE5MTQyREExOTBFNDM2
RDYxOTg0MkRCOUMzMjQzNUFDNTk3NDIzMEI1NTQ0MzIwMkQ4RTQyRUU2RDYx
NDMzMjkwOTI0MjIxNTE4RDQzQzRDQzkwNDJCNTE3QTI0M0M3NjA4NzQyRjVD
M0FFNDM2QjEyOEU0MjM2M0NBNDQzQTAyMDlBNDI1OEIyOTA0MzM2OTM5MzQy
NTQwNjk5NDMzODAwOEI0MkVBRkM5NzQzREQ4Njg3NDJBMDMyNzA0M0JFNjY5
ODQyRDkwODU5NDM0RDNGOTI0MkNDNEI5NzQzQUM1QTg0NDIwNjRGQTQ0MzlC
NTY4MTQyOEZDNDlENDNENzlCOTE0MjY0MEU5NTQzMDkwRjk0NDJFRkQ5NzU0
M0VCMkY5RDQyMDFEQjI0NDM5QTlFOTY0MjU0MzdEMjQyRTQ3Qzk5NDI5OTRG
Njk0MjQxRjg5RTQyOUVCQzk3NDM2RjRGOTQ0Mjg1MkM5MDQzREQxNzk2NDJD
REE0Qzk0MjczNDQ5RDQyMkQ2RDk2NDI5NQ==

--SBD.Boundary.605592468
PROCESS /noc/users/iridburst/exec/irid_300224010734970_upd.pl
Last Run  ----1970-01-01 00:00:00 
MONTH  5 
DATA  xxrecord 2012-04-20 16:00:05 :: $W5M5A,120420,160005,660d0028449ce246,1,DAS 2,,,6.5,4,11.2,11.9,8.0,72.4,3.4,8.1,72.1,3.4,993.7,0,0,28.6,209,74*42
 
INSERT
STATION sbdservice
IRID_ID 300224010734970
BODY 
Content-Type: application/x-zip-compressed; name="SBMmessage.sbd"
Content-Disposition: attachment; filename="300224010734970_002797.sbd"
Content-Transfer-Encoding: base64

JFc1TTVBLDEyMDQyMCwxNzAwMDUsNjYwZDAwMjg0NDljZTI0NiwxLERBUyAy
LDUwNTMuNTQzNk4sMTIzLjcxNDNXLDIuMywyNzksNi4yLDEyLjAsOC43LDcz
LjgsNC4zLDguNyw3My45LDQuMyw5OTMuOCwwLDAsMzMuMywyNDksNzQqNUIN
Cg0KJFc1TTVBLDEyMDQyMCwxNzAwMDUsNjYwZDAwMjg0NDljZTI0NiwyLERB
UyAyLDEzLjIsMTMuNCwwLjIsMC40LDAuMDEsNTkxLDU5NCwxNTcsNjI5LDAs
MTMuNywxNC4yNyw5MjgqNTgNCg0KJFc1TTVBLDEyMDQyMCwxNzAwMDUsNjYw
ZDAwMjg0NDljZTI0NiwzLDdGMDA3NTAyM0EwMDAwNTMzMjMwMzEzMjMwMzQz
MjMwMzEzNjM0MzAzMDMwNTU1QjAwMzEzMjMwMzQzMjMwMzEzNjM0MzAyQzU0
NDE0MjMwMzAzMDMwMzAyQzJEMzAzNTMxMkUzMTJDMkMzMTMyMkUzNzM2MkMz
NDJFMzAyQzMzMzYzMDMwMkMzNjMwMkMzNjMwMkMzMTJDMzAzMDM1MzczMDJD
MzMyRTM0MzIyQzMxMkUzMjM2MkMzMTM2MzkyQzMwMkMzMDJFMzEzNzMwMkMy
QjMwMzAyRTMwMEQwQUYzMTBGNEMxMDQzRDdGMDA2NzAyM0EwMDAwNTczMjMw
MzEzMjMwMzQzMjMwMzEzNjM0MzAzMDMwRkY0RDAwMDA4MEZCNDQwMDAwRDI0
MzAwMjgyMDQ4MDAwMENDNDI3MEQ0NjgzQTI3NEZGODQwNEM2QjNGM0JFNDEz
QkEzQTkxMjk2MjQxQTVFQTAzM0JGMjk0QUI0MTQ1RjlFMDQwNTY1NTA1NDIz
Q0ZERkI0MTUwRkZFRTNBN0MwNTc5NDM5RkIzOTM0MkYxQUQ0NzMxQzAxRkRG
QzVEQTIwN0YwNDZBMDIzQTAwMDA0QjU2NDgyMDM3MzIzMDMxMzIzMDM0MzIz
MDMxMzYzNDMwMzAzMDVBMDAwMDAwOEZDMkY1M0MwQUQ3QTMzQjgwMDU3OTQz
OUJCMzkzNDJENjMwODM0M0QxQTU5MjQyODhDRDdBNDNDMkY5OTU0MkJDNzE1
QjQzMzlENjk5NDI5MEE1NkM0M0Q2QzY4QzQyMkJFQjYzNDM3NTNBOEU0MkI2
QTQ4NzQzMDA1QTlENDIyN0Q3OTk0M0Y0M0U5NTQyRkU0MDgxNDM3NjMzOUE0
MjAyMUI0RjQzQUQyQzkwNDJDNjk2NTc0M0NCQUY4QzQyMDFEMjQ4NDM1QURD
OTE0MkM3NTUyNTQzN0RDNDk4NDI1Qjg0Nzg0M0VFNDc5NjQyQjQyRThDNDMw
Qzc1NzU0MkJBOTI5NDQzREVGOTZBNDI1MDIwQUI0MzI3RDI3MTQyQkUyRUIz
NDMxQUVCODI0MkEyRDBBRjQzRjQ3MDlDNDIxQUIxOEM0M0I5MTc5RDQyMTQ5
QTkxNDNEODJBOEE0MjBFQTQ4OTQzQUY3Rjg4NDIxNTMxNUI0MzEwOTg4RDQy
Qjg4MTQ5NDNDQkNFODA0MkQ1RkQ0NzQzMTRCNDdGNDI4MzU5MzM0MzQwOTQ4
QzQyMDQ2QTI1NDMzQjZBOUY0MkZFNUE4QTQzOTlFODhFNDI1NjdGN0E0M0Y5
MjQ4NTQyRDQ1MjgwNDNEQ0YzOEE0MkQyNTI5MDQzMEJCQTg2NDIyNkNGODE0
M0VBRDU5ODQyOTg0NEVGNDJFM0FFOTE0MkNGNTEyQTQyNDZDMDkxNDIzMkM0
MTY0MjU3Mjc3QjQyNUJBQUI5NDI5Q0ZEODc0MkJFNjVENDQyQUUyNDk4NDJD
RTYxODM0M0M0REY5QjQyREEwMDVENDNEMkE3OTY0MkE1OUY0NjQzRUJDODhD
NDI1OTUwNDE0M0IwRDM4RDQyOTVGQTA2NDM4MkJBOTI0MjhENDQ1OTQyMjBG
OTlBNDI2RjFBQTg0Mzc2NjQ5NzQyQjgxMEIxNDNCMUIzOUQ0MkQ3MkRGNDQy
NkZFNjlBNDIxNDY2MjA0MzNFQ0Q4RjQyNkIwQzJFNDMyOTIzOEQ0MjFDOTk5
MjQzRDQ5RTg4NDJFMEUxOTI0MzI5QkY2RDQyMTQ4MDg5NDMxRjBCODE0MjFE
QTQ4MTQzMUQyMThDNDJFQUI2ODg0Mzc4NDM4RjQyQ0RCMTk5NDM4RkJGOTM0
MjREODI5QzQzNTZDNjk0NDJDNjVFODg0Mzg1QUU4RjQyNENCMzg0NDM4MEIx
OTY0MjEwRUVEOTQyOTBBRjlFNDJBRUYwRjc0MjM0NEI5QTQyRTA3NTc2NDMy
MTlBOUI0MkI5MTc4MDQzQ0E4OTk0NDI1OEVCNzk0MzgwQjk5MjQyQkUxQTdF
NDNCRjA2OTI0MkU0NkYyQzQzQTBEQzk0NDI2MjkxMUE0M0U5OTQ4NzQyNDgx
OTM3NDNFQTRGOEE0MjYzRDk0NTQzREI4QzgxNDI5ODQ1NTA0MzQ0ODU4NDQy
RjcyQjgxNDNFQzY0OTE0MjlBOEE4RTQzRDJDQTk2NDI1OTY3QTQ0MzVCMzI5
NTQyQzIwRUFBNDM1QkFEOEU0MjYyNDNBRA==

--SBD.Boundary.605592468
PROCESS /noc/users/iridburst/exec/irid_300224010734970_upd.pl
Last Run  ----1970-01-01 00:00:00 
MONTH  5 
DATA  xxrecord 2012-04-20 17:00:05 :: $W5M5A,120420,170005,660d0028449ce246,1,DAS 2,5053.5436N,123.7143W,2.3,279,6.2,12.0,8.7,73.8,4.3,8.7,73.9,4.3,993.8,0,0,33.3,249,74*5B
 
INSERT
STATION sbdservice
IRID_ID 300224010734970
BODY 
Content-Type: application/x-zip-compressed; name="SBMmessage.sbd"
Content-Disposition: attachment; filename="300224010734970_002798.sbd"
Content-Transfer-Encoding: base64

JFc1TTVBLDEyMDQyMCwxODAwMDUsNjYwZDAwMjg0NDljZTI0NiwxLERBUyAy
LCwsNC43LDE5NSw3LjYsMTEuNSw3LjksNzMuNCwzLjQsNy45LDczLjQsMy40
LDk5NC4xLDAsMCwzMy4zLDUsNzcqN0QNCg0KJFc1TTVBLDEyMDQyMCwxODAw
MDUsNjYwZDAwMjg0NDljZTI0NiwyLERBUyAyLDEzLjEsMTMuMywwLjIsMC40
LDAuMDEsNTkxLDU5NCwxNTcsNjI5LDAsMTMuNiwxMy44OCw5MjgqNTANCg0K
JFc1TTVBLDEyMDQyMCwxODAwMDUsNjYwZDAwMjg0NDljZTI0NiwzLDdGMDA3
NTAyM0EwMDAwNTMzMjMwMzEzMjMwMzQzMjMwMzEzNzM0MzAzMDMwNTU1QjAw
MzEzMjMwMzQzMjMwMzEzNzM0MzAyQzU0NDE0MjMwMzAzMDMwMzAyQzJEMzAz
NTMxMkUzMTJDMkMzMTMyMkUzNjM3MkMzNDJFMzAyQzMzMzYzMDMwMkMzNjMw
MkMzNjMwMkMzMTJDMzAzMDM1MzczMDJDMzMyRTM0MzIyQzMxMkUzMjM2MkMz
MTM3MzAyQzMwMkMzMDJFMzEzNzMxMkMyQjMwMzAyRTMwMEQwQUVEMTBFREQy
Q0RCQjdGMDA2NzAyM0EwMDAwNTczMjMwMzEzMjMwMzQzMjMwMzEzNzM0MzAz
MDMwRkY0RDAwMDA4MEZCNDQwMDAwRDI0MzAwRUMyOTQ4MDAwMEJFNDJGRDkx
ODAzQUNCNzAwNTQxOTlGQzZBM0I1MkU3RDQzQTcwMEQ2RTQxMUIyMDFGM0Iz
QThEQkI0MTM0ODkwQTQxNTY1NTA1NDI0OUM2Rjc0MTMzMTQwOTNCNjMzNEE1
NDBBNUZFOTk0MkUxMTQwRjMxNDYxQ0UxRkIyMzU0N0YwM0U2MDIzQTAwMDA0
QjU2NDgyMDM3MzIzMDMxMzIzMDM0MzIzMDMxMzczNDMwMzAzMDRGMDAwMDAw
OEZDMkY1M0MwQUQ3QTMzQjZCMzRBNTQwOURGRTk5NDIzNjU5MTk0MENFMjY5
OTQyN0UwRDM1NDE4OUI3OUY0MjQwMDhCMjQzRDJDQTlDNDJFMzM3NzI0MTIw
MDQ4QzQyRTMxODdENDI1QkVFOEQ0MjAyREFFNzQyOUQ5ODhENDI5NjI4QzQ0
MjZBQUM5MTQyNzRDRkFFNDNGNTlEOEY0Mjk0ODg5RDQzNUJFMzhBNDJCMEVC
OUY0M0E3QTE5NzQyREQyMjJDNDM0RTkxOUI0MkJEM0YyNzQzQUU3NzhFNDI5
Mzk2Njc0MzExQkM5MzQyQjc4Mzg5NDM0QTQ5OEM0MkYwNjBBQjQzNTNGQTk0
NDJEMDQwQUY0MTQ0MjU4RTQyOTIzQUIyNDM5M0E2OEU0MkZFN0FBRjQzMjRE
MjdDNDJEOTY0QUU0MzhDRDE3NzQyNzYwODUwNDAyNEZFOUQ0MjY4MUM0MTQz
M0VBNDhGNDIwQjIzNDE0M0U2N0U5MzQyNUUyNjA4NDNBMTQzOUE0MjcwQjU5
RDQwMDlGN0EwNDI0NDQyODE0MzQ2NzM5QzQyRDU2NjBBNDMyQThCOTk0Mjk2
NDJDMzQyOENBMDhFNDI2QTI2RTc0MkJDQjQ4QTQyMDY4NzE1NDNCRUMxODU0
MjFDOUMzNTQzMTY1NTk0NDJCMjY4OEU0M0FCRTI4MTQyMENDMDg0NDM5Rjk2
N0U0MjcxMEU2NTQzN0EwMThFNDJFODU0ODI0M0M4NEQ4MTQyMUEwNzg3NDND
MDhDODY0MkM0MDU5NjQzM0E3Qzg2NDJEMDlCOTg0MzJCRTA4MzQyQzcyRTk3
NDM4RDMzOEY0MjY0OTM2MTQyMjdFNDlBNDJDOENCQ0M0Mjc2QzU4RDQyNzEz
QjU3NDJBRkU2OUM0Mjc4M0JBQTQzRDYzNzk3NDJDNjMyNjA0MkY4REY5RTQy
MUUwRDgwNDM4QjI2OTg0MjgyNEI2RTQzOTZBNTkzNDJGNTdCNEY0MzE4QTk5
OTQyQzAxRDhGNDMwRUI4OUE0MkIxMDU1NDQzMTM0MzlFNDI5MzRCREI0MkMy
OEY4RjQyMjA2MkFFNDI2QzJGOTk0MkIyNThBQjQzN0QyQzlCNDI0MDIwOTU0
MzVFOTk5NDQyQjcxODgxNDM3NEMxOTE0MkE4MTE3QTQzOUU5QzhFNDI4OUZF
ODk0MzcyMDM4MTQyNjk3MzhBNDM2RTc4NjE0Mjc4NDc4NzQzMTE0NjY4NDJF
QTdDODM0M0M0OTM4QTQyRDc0QjY0NDNGNUUwOTg0MkI2RjVGNDQyODI1Qzk5
NDJEREUyNTQ0MjA4NkM5NTQyNUNGNEFDNDNFREI3OEM0MjkzRUVBMjQzQjRG
RjhFNDI3QUU2ODg0MzUwRDY5MzQyQzBEMDhBNDMxRTRCOEU0MjY2MzA5RTQz
MDVGRDg2NDI0QkJBQTA0MzIwREM4NjQyRTgwNjlBNDM5MUZFOTE0MjZFRkY5
NzQzNDk5QjhGNDJDRUQ0OUU0MzdGQzg5ODQyNTQ1QTU5NDNFRTQ0QTE0MjFD
MTk5MDQzOTI5MTk4NDIwQTAzOTI0Mzk2Mw==

--SBD.Boundary.605592468
PROCESS /noc/users/iridburst/exec/irid_300224010734970_upd.pl
Last Run  ----1970-01-01 00:00:00 
MONTH  5 
DATA  xxrecord 2012-04-20 18:00:05 :: $W5M5A,120420,180005,660d0028449ce246,1,DAS 2,,,4.7,195,7.6,11.5,7.9,73.4,3.4,7.9,73.4,3.4,994.1,0,0,33.3,5,77*7D
 
INSERT
STATION sbdservice
IRID_ID 300224010734970
BODY 
Content-Type: application/x-zip-compressed; name="SBMmessage.sbd"
Content-Disposition: attachment; filename="300224010734970_002799.sbd"
Content-Transfer-Encoding: base64

JFc1TTVBLDEyMDQyMCwxOTAwMDUsNjYwZDAwMjg0NDljZTI0NiwxLERBUyAy
LDUwNTMuNTQ0MU4sMTIzLjcxMTdXLDEuOSwyNTEsNS42LDEwLjYsNi45LDc5
LjksMy43LDcuMCw3OS4wLDMuNiw5OTQuNiwwLDAsMzMuMywzMTUsNzIqNTIN
Cg0KJFc1TTVBLDEyMDQyMCwxOTAwMDUsNjYwZDAwMjg0NDljZTI0NiwyLERB
UyAyLDEzLjEsMTMuMiwwLjIsMC4zLDAuMDEsNTkxLDU5NCwxNTcsNjI5LDAs
MTMuNywxMy44OCw5MjgqNTYNCg0KJFc1TTVBLDEyMDQyMCwxOTAwMDUsNjYw
ZDAwMjg0NDljZTI0NiwzLDdGMDA3NTAyM0EwMDAwNTMzMjMwMzEzMjMwMzQz
MjMwMzEzODM0MzAzMDMwNTU1QjAwMzEzMjMwMzQzMjMwMzEzODM0MzAyQzU0
NDE0MjMwMzAzMDMwMzAyQzJEMzAzNTMxMkUzMTJDMkMzMTMyMkUzNjMwMkMz
NDJFMzAyQzMzMzYzMDMwMkMzNjMwMkMzNjMwMkMzMTJDMzAzMDM1MzczMDJD
MzMyRTM0MzIyQzMxMkUzMjM2MkMzMTM3MzEyQzMwMkMzMDJFMzEzNzMyMkMy
QjMwMzAyRTMwMEQwQUU5MTBBQjhFMTYxOTdGMDA2NzAyM0EwMDAwNTczMjMw
MzEzMjMwMzQzMjMwMzEzODM0MzAzMDMwRkY0RDAwMDA4MEZCNDQwMDAwRDI0
MzAwQjAzMzQ4MDAwMEVBNDIyNTBFNTgzQTZENzNEQjQwRUExNDNFM0JFRjBC
QjMzQUNGNDI0MzQxMDE5RjA0M0JCRUNEQTc0MUFGN0FEQTQwNTY1NTA1NDJG
QTQ0RTE0MUEwMERFMTNBMjM4MDlENDM1N0ZDOEY0MjBCQjEyQjMxOTgxREYz
MjYyNzgzN0YwNDgyMDIzQTAwMDA0QjU2NDgyMDM3MzIzMDMxMzIzMDM0MzIz
MDMxMzgzNDMwMzAzMDVDMDAwMDAwOEZDMkY1M0MwQUQ3QTMzQjI0ODA5RDQz
NTVGQzhGNDI1NDAyOTQ0MzMxNTQ4NDQyRDBFOThENDNEQTFBODk0MkIwQTM4
QjQzMzNBMzlDNDIyRjZBMDg0MkRCNUY5QTQyMTU4MEIwNDNEOUVDOTQ0MjI1
RTJBOTQzM0YyNTkxNDIzNDc1OUU0M0Q3NTA4QjQyQkJGNTk4NDMyQjI1OTI0
MjEyOTk2OTQzOEE3MjlCNDI3QTEzOTM0M0M4MEM4RjQyMTZENEEwNDMxNTJB
OTE0MkMwNDMzNjQyODM0Mjk5NDIyQTNGMTQ0MkQzRTY5NzQyOUZBN0IyNDEy
RTU3OTI0MjQ1MzdEMTQxMjYxNTkyNDIzRDhGQzU0MDE4QUU5ODQyODM0QkFC
NDNEOTMxOTU0MjYxQTJCMDQzRTg4RTgzNDI2ODRFODM0MUQwMzQ3QjQyOTI1
MzYwNDJCN0U0OEY0MjBENDhFRTQyOEYyODlBNDJDMzk1NTQ0MzExNTk5NzQy
NDAzMzYxNDMzRjU0ODI0MjI0ODg0NTQzOTFDMTdCNDIwNjMwMjI0M0MzMEM4
MzQyMjJENEQxNDI3NjIxOUU0MjQ0NzJBMzQzMEQ4MTkxNDJBMUQzOTU0M0ZD
QTI4QTQyMzJFRjg3NDNCOERDODA0MjkxMkI4MDQzN0EzMTg0NDJBODExOEI0
MzQyOEY4QTQyMjA3REEwNDM5MkU4OEM0Mjc2NjZBODQzM0NEMzk0NDIyMzI4
NTk0MTg4MTk4QjQyNkQ2OTNBNDJEQTBEOEQ0MkQ5NjlBNjQzODcyQjlENDI2
MDIxOTI0M0IwMDc5MTQyQkNGMjk4NDM2QUMyODk0Mjc4Mjg5NDQzNzFFODdC
NDIxODEwOTA0M0E1MzI3MTQyOTEyMjlGNDMzOTkwOTA0MkZFNUY5MzQxQjI1
MDhENDIzRDJFMDM0MkY2Mzc5NDQyQjEzNjRFNDIxREJEOTg0MkMyMDg2QTQy
MzAyMjhFNDJFRTZGODM0MkM5M0I5MjQyNDQ5Qjg5NDNDM0JGOTk0MkMxQTE4
QjQzQjQ3Njg5NDI2OUUxOTI0MzdCMDM4RTQyOThCQ0E1NDM4QzFCODg0MkQ0
REZBNDQzNzI0ODc1NDIxNzlDQTA0M0FFNjU2QzQyQzI5MTlBNDNENUNFNzQ0
MjFEMTU5NjQzNTVBMTgwNDJDNTc1OUI0MzhGNTA4NzQyQTQ2QTlBNDNFN0JG
OTg0MkVBMzc4MDQzOEI0QzlGNDIxMkUxNkE0MzU5N0M5NzQyMzRCNzVCNDMw
ODBDOEM0MjdBMDQ3NzQzMjJFMDkxNDJCM0M4OTQ0M0M0MDA4QjQyQjdFMzhB
NDM3ODU1OEI0MkY2MTU3NTQzQkEwNTkwNDJCNjc2NUU0M0JBNDc5NzQyN0M1
NTgzNDMyQzg2OTI0MjYwMzM4QzQzNjk0OTg5NDJGQ0M0ODc0MzYyMzk4ODQy
QUMzOTcyNDNGOEMwODU0MjZCQjE1MzQzOTZFOTg5NDJGQTRCODk0MzE1RkI4
QzQyN0IyQzk5NDNBNTZGODE0MkEwNjU5OQ==

--SBD.Boundary.605592468
PROCESS /noc/users/iridburst/exec/irid_300224010734970_upd.pl
Last Run  ----1970-01-01 00:00:00 
MONTH  5 
DATA  xxrecord 2012-04-20 19:00:05 :: $W5M5A,120420,190005,660d0028449ce246,1,DAS 2,5053.5441N,123.7117W,1.9,251,5.6,10.6,6.9,79.9,3.7,7.0,79.0,3.6,994.6,0,0,33.3,315,72*52
 
INSERT
STATION sbdservice
IRID_ID 300224010734970
BODY 
Content-Type: application/x-zip-compressed; name="SBMmessage.sbd"
Content-Disposition: attachment; filename="300224010734970_002800.sbd"
Content-Transfer-Encoding: base64

JFc1TTVBLDEyMDQyMCwyMDAwMDUsNjYwZDAwMjg0NDljZTI0NiwxLERBUyAy
LCwsMy4wLDI4MCw2LjEsOS45LDYuNiw3OS44LDMuNCw2LjcsNzguOCwzLjIs
OTk0LjksMCwwLDI4LjYsMzExLDYyKjQxDQoNCiRXNU01QSwxMjA0MjAsMjAw
MDA1LDY2MGQwMDI4NDQ5Y2UyNDYsMixEQVMgMiwxMy4wLDEzLjIsMC4yLDAu
NSwwLjAxLDU5MSw1OTQsMTU3LDYyOSwwLDEzLjYsMTMuODgsOTI3KjU1DQoN
CiRXNU01QSwxMjA0MjAsMjAwMDA1LDY2MGQwMDI4NDQ5Y2UyNDYsMyw3RjAw
NzUwMjNBMDAwMDUzMzIzMDMxMzIzMDM0MzIzMDMxMzkzNDMwMzAzMDU1NUIw
MDMxMzIzMDM0MzIzMDMxMzkzNDMwMkM1NDQxNDIzMDMwMzAzMDMwMkMyRDMw
MzUzMTJFMzEyQzJDMzEzMjJFMzUzODJDMzQyRTMwMkMzMzM2MzAzMDJDMzYz
MDJDMzYzMDJDMzEyQzMwMzAzNTM3MzAyQzMzMkUzNDMyMkMzMTJFMzIzNjJD
MzEzNzMyMkMzMDJDMzAyRTMxMzczMjJDMkIzMDMwMkUzMDBEMEFGMjEwRDY3
RUZEOEY3RjAwNjcwMjNBMDAwMDU3MzIzMDMxMzIzMDM0MzIzMDMxMzkzNDMw
MzAzMEZGNEQwMDAwODBGQjQ0MDAwMEQyNDMwMDc0M0Q0ODAwMDAwMTQzQjJC
MTUxM0EwMTFFQzg0MDE1MDcwOTNCMUI2M0EyM0E0NUEzMjg0MTA5NDRDRTNB
N0I2QjVCNDEzNTI3QzE0MDQ5OTJFNDQxQzdBQUQ5NDE5RkJBQ0YzQTk4QTE5
QjQzRDczNzc5NDI5MDUyMjczMUI4MUIyQ0FEOEYwQTdGMDRBNjAyM0EwMDAw
NEI1NjQ4MjAzNzMyMzAzMTMyMzAzNDMyMzAzMTM5MzQzMDMwMzA1RjAwMDAw
MDhGQzJGNTNDMEFEN0EzM0I5QUExOUI0M0QwMzc3OTQyQTU5Rjk5NDNCMDAy
NTA0MkJGNDc5QTQzOEE3MDU3NDJGMUQ2QTA0M0MyRDM2OTQyNDIwMUE1NDNG
M0QzN0E0Mjc1ODI5OTQzQUUxRTg1NDI4MTUxOTQ0MzM5OEU4RjQyMjg3NTk5
NDMyN0M0OEQ0MjdGRDI5NDQzODAyMDczNDI4ODU3OTM0MzhDOTE3NjQyMDIz
QzlENDNEMEQ2OTk0MjMxNUM4OTQyRUMxQjk4NDJCRkI0M0U0MjAxMEI5ODQy
RUQ3M0FBNDNDNDkyOUQ0MjAxNzA1RTQzRDkzRDhFNDJGODAyNzI0MzkxMTM5
MzQyQkQzMkQyNDI5MUI1QTA0Mjk3RjRCNjQyMTlDNDkyNDIxNkRDRUY0MkYz
MkM5NTQyRjhGQTRFNDNDMTJDOEM0MkEwMUU1OTQzNjE3Mzg1NDIyRERGNEE0
MzI2NDk4QjQyMDJEQjc4NDM1QUI5OEU0MkYyQ0U5NTQzMTUyOTg0NDJBRTEz
OEU0MzI3QTM4QTQyRUU3NDg3NDMyODA5N0U0MjM0MTE4RjQzQTc3Njc0NDIw
RURFOTM0Mzc1NTk4OTQyOUFBNzhFNDM3RkYxOTE0Mjk3NDg3QzQzODUwRDhG
NDJGNjBBNjE0MzBGM0Y4RDQyQkRGOTI3NDNEMjA2OEY0MkM4MEQxMTQzRDUy
NTg3NDJCN0M3MDg0M0YxRjM5NDQyNTM2NTc0NDNERTM3NkU0MkMwMEU2QTQz
M0RDRTYyNDI3NTQzNjM0M0IzQzc4ODQyODZDQTA1NDNGNkM4OTM0MkQ3QzJF
OTQyQTNCMThBNDIyNUZBRDA0MjA1NDQ5MDQyMTMzNTczNDJCN0NDOEM0MkQ0
MEEwRjQxNTk1Nzk1NDI0OTZBOUQ0MzQzNjk5MjQyQkU4QTk3NDM2NjhEODk0
MkU3Q0E5MDQzQ0I0NTgzNDJDNjcwODk0MzI1NDA4MjQyNUUzMzg4NDM1MzlB
OEI0MjYzQzIxMjQxRDEwQTk2NDIzODI2OUQ0MTFCMDE5MjQyQUU5RTgxNDMx
NzhFOUQ0Mjk2MUIyODQzREI4RTlENDIyNUI5MTQ0MjNBQTQ5NzQyNEEwNzlB
NDM3MjBGOEI0MjdBNzI4QzQzN0IwNzg5NDI2MzkyNDU0M0NCQTg5ODQyQzZE
ODM4NDNCMjM3OTY0MkZDMDA3NjQzQTRCRjg5NDI3RTRENkQ0MzgyQjc3NDQy
QkYxRjY0NDNENDM3ODE0MjExNjkzNTQzQjZFQzkwNDJCNDlGMDA0M0YzMjU3
QjQyNzAzQUUwNDI4RDFEODc0MjgxQTRBRTQzRkQxMDk1NDIyMjFGOUI0M0RF
RUU4MzQyNzZGNjlBNDNCQzRBOEU0MjA3MTI4MzQwQjNEMjk1NDI0MUMwQTg0
M0IxRjU5QTQyNjA3QzNGNDM3QTI5OTU0MjJBOTcxRjQzQjgzOTg0NDJFNDAx
Rjg0MkE4RTY4QzQyNDk0REFENDI4Mzg2OTc0MjFGNkUzQzQzOEIxODk4NDIx
QjExMzk0M0FEQkQ4ODQyODAwRDI4NDNGMQ==

--SBD.Boundary.605592468
PROCESS /noc/users/iridburst/exec/irid_300224010734970_upd.pl
Last Run  ----1970-01-01 00:00:00 
MONTH  5 
DATA  xxrecord 2012-04-20 20:00:05 :: $W5M5A,120420,200005,660d0028449ce246,1,DAS 2,,,3.0,280,6.1,9.9,6.6,79.8,3.4,6.7,78.8,3.2,994.9,0,0,28.6,311,62*41
 
INSERT
STATION sbdservice
IRID_ID 300224010734970
BODY 
Content-Type: application/x-zip-compressed; name="SBMmessage.sbd"
Content-Disposition: attachment; filename="300224010734970_002801.sbd"
Content-Transfer-Encoding: base64

JFc1TTVBLDEyMDQyMCwyMTAwMDUsNjYwZDAwMjg0NDljZTI0NiwxLERBUyAy
LDUwNTMuNTQyME4sMTIzLjcxMzRXLDIuNyw2LDQuNiw5LjQsNi4xLDc4LjEs
Mi41LDYuMiw3Ny4wLDIuNSw5OTUuMywwLDAsMjguNiwyODcsNjUqNjMNCg0K
JFc1TTVBLDEyMDQyMCwyMTAwMDUsNjYwZDAwMjg0NDljZTI0NiwyLERBUyAy
LDEzLjAsMTMuMSwwLjIsMC41LDAuMDEsNTkxLDU5NCwxNTcsNjI5LDAsMTMu
NiwxMy40OSw5MjcqNUENCg0KJFc1TTVBLDEyMDQyMCwyMTAwMDUsNjYwZDAw
Mjg0NDljZTI0NiwzLDdGMDA3NTAyM0EwMDAwNTMzMjMwMzEzMjMwMzQzMjMw
MzIzMDM0MzAzMDMwNTU1QjAwMzEzMjMwMzQzMjMwMzIzMDM0MzAyQzU0NDE0
MjMwMzAzMDMwMzAyQzJEMzAzNTMxMkUzMTJDMkMzMTMyMkUzNTM0MkMzNDJF
MzAyQzMzMzYzMDMwMkMzNjMwMkMzNjMwMkMzMTJDMzAzMDM1MzczMDJDMzMy
RTM0MzIyQzMxMkUzMjM2MkMzMTM3MzMyQzMwMkMzMDJFMzEzNzMyMkMyQjMw
MzAyRTMwMEQwQUU3MTA5NjcyQTg2NDdGMDA2NzAyM0EwMDAwNTczMjMwMzEz
MjMwMzQzMjMwMzIzMDM0MzAzMDMwRkY0RDAwMDA4MEZCNDQwMDAwRDI0MzAw
Mzg0NzQ4MDAwMDBGNDNGNUQyNEMzQTBBMTlCMTQwNUM3NzIwM0JFOEVGQTkz
QUIxODExODQxRjcwNkVGM0E1OTVBNzk0MTk5MjlDODQwNDk5MkU0NDEzQkYz
RjE0MTdFNkREQjNBN0NCNjhGNDNCMEFEODE0MjNBREY0NTMxN0QxRjU4MjBC
NkY2N0YwNDlBMDIzQTAwMDA0QjU2NDgyMDM3MzIzMDMxMzIzMDM0MzIzMDMy
MzAzNDMwMzAzMDVFMDAwMDAwOEZDMkY1M0MwQUQ3QTMzQjdFQjY4RjQzQURB
RDgxNDIyRjg4OEQ0MzA2RUE2NzQyREQ0RjhDNDMwOUNDNkU0Mjg4NUU4OTQz
Qjk2MjhDNDI1QzI5N0I0M0I4RkY5ODQyMDk4Rjg2NDNBODhFOTA0Mjc2OTc5
NzQzQzk5RDhGNDJBRDE4OUY0MzI0NTA4QjQyRkRBRkE0NDM3RUI2ODI0MkE1
RjZBODQzNEE3MzdCNDJGNDkyQjE0MzEwNDE4OTQyRjgxRjkxNDJBOENDOTE0
MkE3Q0VBRDQyMzEwMDk4NDI2NTI5QUQ0MzVFMUU5OTQyM0Y0REIwNDNENjQz
OEE0MjUxNzVCMzQzQkM2Rjg1NDJGMjBDOTQ0Mzg1MkQ5QzQyNjY0NDc5NDMw
OUFFOTc0Mjc5MzhBQzQzQUE4ODkzNDIyRTAyQTI0M0FCNzg5MjQyQzdBRTY1
NDM0MTk3OTc0Mjk5QTIxMjQzNjIwMzkzNDI2MTRDRTA0MjZFNEQ5QjQyM0Qz
NjY2NDNGRURBOTM0Mjk3RTU2NjQzQjFFMDg0NDIyQzE4NkY0MzQ1MEQ4MDQy
MjMwRDZFNDNFRjQ4ODM0MkREQjQzQTQzQjFDQTkyNDJBRDEyRkE0Mjc5OTc4
MTQyREEyMTA0NDNEQjE2OTA0MjQ0QjU3QzQzQTkzMzlCNDI5MjMyNjE0Mzg3
MDA5MzQyQUYxODUwNDNEMzg2OEY0MjE0ODg0QTQzM0I1RjhGNDIxQTg3OEE0
MzQwQ0U5MDQyMzRGQkEwNDM2NTcwOEY0MjQwQjlBNjQzOTBERjkwNDI2NDNG
OTQ0MzMwNTA4RjQyRDBDQjhGNDMwMDY3OEY0MkUzQzI5MjQzQ0E1Mjg3NDJG
MTcwOEY0M0QzMkU3MTQyMUE1QTkzNDMwOTBGNjg0MkE1OUE5NjQzRkEzNjVC
NDI0RjBFOTc0M0VCNTc3MDQyRjRGODlENDMyMkFGODY0MjNFQkI5MDQzOUYy
Nzg5NDI5RDgzODk0MzNBNzE4ODQyQkVCNTdENDMxMkZFOTk0MkQyRDgwNjQz
NUU4QjkyNDIzREZFRTM0MjU1NTU5QTQyM0EyN0ExNDM2QjNFOTg0MjA4RjQ5
MzQzQjJFNzg0NDJBOTEwOEI0MzQ2OTk3MzQyODBBNDdCNDNCMjQzOTM0MkE5
MTIwMTQzRDg2RTlENDI3ODk3ODU0MjE2RURBMDQyMDNGM0U3NDI3NDJGOTc0
MjNFOTZERDQyM0FCMzlFNDJERTUxODU0M0I4NzA5RTQyNkU5MThBNDNBNERF
OTg0MjM4Qzc4RjQzNTVDODg4NDJBRTI2OEI0M0FCOTE4MjQyNkQ3MjkxNDNE
QkIxODI0MkVCNUU5QjQzRDk0QjhCNDI1OTVEOTA0MzA3NTI5MzQyQzJCMDgy
NDM3NEE3OEM0MjQ3NTY2NDQzOTM1QzkxNDI5M0JEQzM0MkIzRTg5QTQyNUFB
Q0RCNDEyQ0QzODk0MjE0QzBBRDQxREM2MTkxNDIyM0M4OTk0MkYwQTg5MjQy
MEQ4NEJGNDIzNDczOEU0MjdCQUNEMTQyQg==

--SBD.Boundary.605592468
PROCESS /noc/users/iridburst/exec/irid_300224010734970_upd.pl
Last Run  ----1970-01-01 00:00:00 
MONTH  5 
DATA  xxrecord 2012-04-20 21:00:05 :: $W5M5A,120420,210005,660d0028449ce246,1,DAS 2,5053.5420N,123.7134W,2.7,6,4.6,9.4,6.1,78.1,2.5,6.2,77.0,2.5,995.3,0,0,28.6,287,65*63
 
INSERT
STATION sbdservice
IRID_ID 300224010734970
BODY 
Content-Type: application/x-zip-compressed; name="SBMmessage.sbd"
Content-Disposition: attachment; filename="300224010734970_002802.sbd"
Content-Transfer-Encoding: base64

JFc1TTVBLDEyMDQyMCwyMjAwMDUsNjYwZDAwMjg0NDljZTI0NiwxLERBUyAy
LCwsMC4zLDMxOSwwLjUsOS4wLDUuOSw3Ny4zLDIuMiw2LjEsNzUuNiwyLjEs
OTk1LjIsMCwwLDI4LjYsMzA5LDY2KjQ3DQoNCiRXNU01QSwxMjA0MjAsMjIw
MDA1LDY2MGQwMDI4NDQ5Y2UyNDYsMixEQVMgMiwxMy4wLDEzLjEsMC4yLDAu
NCwwLjAxLDU5MSw1OTQsMTU3LDYyOSwwLDEzLjYsMTMuMTAsOTMwKjUyDQoN
CiRXNU01QSwxMjA0MjAsMjIwMDA1LDY2MGQwMDI4NDQ5Y2UyNDYsMyw3RjAw
NzUwMjNBMDAwMDUzMzIzMDMxMzIzMDM0MzIzMDMyMzEzNDMwMzAzMDU1NUIw
MDMxMzIzMDM0MzIzMDMyMzEzNDMwMkM1NDQxNDIzMDMwMzAzMDMwMkMyRDMw
MzUzMTJFMzEyQzJDMzEzMjJFMzUzMzJDMzQyRTMwMkMzMzM2MzAzMDJDMzYz
MDJDMzYzMDJDMzEyQzMwMzAzNTM3MzAyQzMzMkUzNDMyMkMzMTJFMzIzNjJD
MzEzNzM0MkMzMDJDMzAyRTMxMzczMjJDMkIzMDMwMkUzMDBEMEFFODEwQjlG
ODBBNzQ3RjAwNjcwMjNBMDAwMDU3MzIzMDMxMzIzMDM0MzIzMDMyMzEzNDMw
MzAzMEZGNEQwMDAwODBGQjQ0MDAwMEQyNDMwMEZDNTA0ODAwMDBGQTQyQkIw
MjUxM0FFNDU1Q0I0MDhBNkQxQjNCRDgxRkE4M0FBOTcwMzE0MTU2MzlFNzNB
RjZEQzk0NDE5QTM0QzY0MDQ5OTJFNDQxRjBEOEVGNDE0QjE1Q0YzQUEwOUY5
QTQzNjg3Qjg0NDI3QjhCMzUzMUVBMjBGQjE3MTlBRDdGMDQ4RTAyM0EwMDAw
NEI1NjQ4MjAzNzMyMzAzMTMyMzAzNDMyMzAzMjMxMzQzMDMwMzA1RDAwMDAw
MDhGQzJGNTNDMEFEN0EzM0JBMjlGOUE0MzY3N0I4NDQyMEU3RkExNDM0NzVB
NzI0MjY4NTBBMDQzOTc5QjdDNDJDRjExOTk0MzQwNDU4QTQyNjMwOTk0NDMz
NUUxODY0MkM0QUI5NDQzMEM4Mzc3NDI5NUFEQUE0MzREQTk4MzQyNUQ0QjFC
NDJGRTA5ODc0MjQyNEY4NTQxQ0NDMzk5NDI1OThGOTc0M0NGRTU5ODQyMTY3
NDU3NDAzOTc3OUY0MjQ5RTY4OTQzQjExQzlENDIzRUU4NkM0MzE2QjE5NDQy
N0U5MzQ2NDM5QzM4OUM0MjM0MEQ0MDQyODYwMjlBNDI5QUEwQjA0MzZERUE5
RDQyMzY3ODg3NDM3QzY3OUE0MjY4MTk4MzQzMzREQzhFNDJDMEREODc0M0Y2
RjU4MzQyMDYwNzg2NDM4MTNDODA0Mjg5NTU4MDQzNEIxMDgzNDIxQUJDNjU0
M0VERkY5MDQyNUM1RDNENDNGREU4OTg0MjA4NjUzRDQxMzcyNTlCNDJBRDRF
MDI0Mjk1ODI5NTQyMjhBQkZENDI1QjlCOUI0MjUxRTQzQTQzQ0FDNDk3NDI0
NzFGNTk0MzJCNDk5QjQyQ0MwQzdDNDNENjYxOTQ0MkE2N0I2MzQzRjMyQjk4
NDJERDhBNEQ0MzhGN0E5NTQyOEZBQTZGNDM0NEI1OTE0MjMwNUI4QjQzN0Q0
ODk2NDIyMDc2OTQ0M0Q2QzU5ODQyRDhFMjkxNDI1RUQ2OTE0MjIzQUREMjQx
OTVBMThENDJBRURENjg0MzBGQ0M5ODQyRjBCQTNFNDMzNTA0ODI0MkIyMDYy
QzQzMkEwNTg3NDI2N0VFMUM0M0FDN0I5QzQyMDkxQjA2NDNDQTM5OUI0MkRB
N0YxMjQzQkFDMDkwNDI3ODkyNUY0M0EwQUU5MTQyOEIzRjgyNDM2MTRDNzc0
MkNDRTQ4QzQzOTFGNDc3NDI4MDRFOUI0MzIwN0U4MDQyNjRFQUE0NDM1M0Iz
ODk0MjkwMDBCMDQzRjY0QThCNDJDQkIzOUE0MzE3Nzg3RjQyOUJENzkwNDM1
QTFDNkQ0MjI4NDE5OTQzREJEOTlBNDJGMTA0MDM0MzIxMkM4ODQyODg5QTFE
NDNGQTE0ODc0MjdDQjQ3QTQzNzA0MzkxNDIxRTEyODg0M0NENDU4RDQyMjkx
MzQ3NDMwODdCOTY0MjVFRDczRDQzRUIwMTlGNDI5NkQ0NDE0M0UwQzM5RDQy
QTVFNzFFNDNEM0Y5OEM0MjBCOTgxMzQzOEQ3RjgzNDJFOUFFMEI0MzI3MzA4
QjQyRkNEMDg1NDJGRDIxOTc0MkY3MUY5NzQzRkVBRjhFNDI2OTI5OEY0M0M2
MkI1NDQyNTBGNjk5NDM0NkQ5N0Q0MkYyQ0NBODQzODY2MjhCNDI4OUJBOTc0
MzlDQjg4ODQyMTMxMThDNDMxQjA0OEI0Mjc1MUI4MjQzQzQzRDhGNDI1QTZC
OEU0MzA4RjA4OTQyMTI2QTkxNDM5MkE3OEQ0MjRDNjM2NTQzOUYwNTlDNDI4
MTREMjQ0MzhGREQ4QjQyMTU2NzI3NDMzQg==

--SBD.Boundary.605592468
PROCESS /noc/users/iridburst/exec/irid_300224010734970_upd.pl
Last Run  ----1970-01-01 00:00:00 
MONTH  5 
DATA  xxrecord 2012-04-20 22:00:05 :: $W5M5A,120420,220005,660d0028449ce246,1,DAS 2,,,0.3,319,0.5,9.0,5.9,77.3,2.2,6.1,75.6,2.1,995.2,0,0,28.6,309,66*47
 
INSERT
STATION sbdservice
IRID_ID 300224010734970
BODY 
Content-Type: application/x-zip-compressed; name="SBMmessage.sbd"
Content-Disposition: attachment; filename="300224010734970_002803.sbd"
Content-Transfer-Encoding: base64

JFc1TTVBLDEyMDQyMCwyMzAwMDUsNjYwZDAwMjg0NDljZTI0NiwxLERBUyAy
LDUwNTMuNTQyOU4sMTIzLjcxNTBXLDQuMSwxOTYsNy42LDguNyw1LjEsODUu
NywzLjAsNS4yLDg0LjMsMi44LDk5NS40LDAsMCwzMy4zLDkyLDc2KjVEDQoN
CiRXNU01QSwxMjA0MjAsMjMwMDA1LDY2MGQwMDI4NDQ5Y2UyNDYsMixEQVMg
MiwxMi45LDEzLjEsMC4yLDAuNCwwLjAxLDU5MSw1OTQsMTU3LDYyOSwwLDEz
LjcsMTMuMTAsOTI4KjUzDQoNCiRXNU01QSwxMjA0MjAsMjMwMDA1LDY2MGQw
MDI4NDQ5Y2UyNDYsMyw3RjAwNzUwMjNBMDAwMDUzMzIzMDMxMzIzMDM0MzIz
MDMyMzIzNDMwMzAzMDU1NUIwMDMxMzIzMDM0MzIzMDMyMzIzNDMwMkM1NDQx
NDIzMDMwMzAzMDMwMkMyRDMwMzUzMTJFMzEyQzJDMzEzMjJFMzQzOTJDMzQy
RTMwMkMzMzM2MzAzMDJDMzYzMDJDMzYzMDJDMzEyQzMwMzAzNTM3MzAyQzMz
MkUzNDMyMkMzMTJFMzIzNjJDMzEzNzM1MkMzMDJDMzAyRTMxMzczMjJDMkIz
MDMwMkUzMDBEMEFFRjEwRTI0QkEyMEI3RjAwNjcwMjNBMDAwMDU3MzIzMDMx
MzIzMDM0MzIzMDMyMzIzNDMwMzAzMEZGNEQwMDAwODBGQjQ0MDAwMEQyNDMw
MEMwNUE0ODAwMDAwNjQzODU4QzNCM0E5MTg1QkQ0MDFBODMxRjNCMzYzQzlD
M0FDOTIxMjQ0MUUyMzdFMDNBOTc4NzkxNDE4ODE1QzU0MDU2NTUwNTQyMTk5
REY0NDE3RDM3QkQzQTgzNjhCODQyNDYzRTk3NDI3NEI0MjUzMUZGMUI2NUNE
REU1NjdGMDQ4RTAyM0EwMDAwNEI1NjQ4MjAzNzMyMzAzMTMyMzAzNDMyMzAz
MjMyMzQzMDMwMzA1RDAwMDAwMDhGQzJGNTNDMEFEN0EzM0I3RDY4Qjg0MjQy
M0U5NzQyRTc0OThBNDI3RjVGOTU0Mjc1NERBMzQyQTM1MzlBNDI1MkIxMTA0
MzMzNUM5QTQyNEU0MzI5NDNGMEI5OUI0MjkxQjg4QzQzRTRFNzlDNDJFNjJE
OTc0M0U2NkM5OTQyQjVCMzlBNDA1OUFCOUM0MjJGNkVBQzQyMTIyOTk3NDI2
N0IxQjQ0MkQ1ODQ4RDQyNTYzNjhDNDIyN0JGODQ0MjRFOUQ0QTQyRkMzNjg3
NDI3MzhFQUM0MzM0NTc5OTQyN0U3Mjg5NDM2ODJGOTA0MkRGQzY4MTQzRERF
RjhENDI5MjJGNTg0MzA1ODM5OTQyOUEyRjAyNDNDNDJCOUM0MkQwNDA0QjQz
NUY2Mzk2NDJEQjUwNjI0MzQ3Qzk5MzQyNjZERkFCNDI4MThEOUE0MjJGMkU3
RDQyMUZCRTk1NDJCNjQzNTQ0MjVBNjE5ODQyRTQ3NUYzNDIwMkI5OTY0MkZD
MDAwOTQzRkJGMjk2NDI0MUMxOTY0MzhGOUI5RDQyNTc3OEE4NDNBRkEzOTE0
MkNFNkUzNDQyNjYxNzlBNDJENDgzRjc0MkYyRTg4QzQyMEQzNUY1NDI1QkI0
OEY0MkNCODM5QjQxQzQwOThFNDIzRDVGNTg0MUQzNDI4OTQyOUYwMjcyNDI5
QTJBOTQ0MjBBMzFDODQyNEQ4NTg1NDJCOEUzRTk0MjQ5MEM4RjQyRkRCOEY5
NDIyNDg1OTQ0MkY2RkQ1MDQzNjk4MDlCNDIxODI4NzM0MzJCRDM5QzQyN0I3
OTg2NDM5NjYwOUU0MkVGNTA5RDQzODU1OTk2NDJFNjI5OUI0MzJERjY4QzQy
REU3Rjk0NDNCRDREOEY0MjA3NDE5QzQzQTIzNTk3NDIzODQ5OEY0MjA0NkY5
NzQyMDc5RkI2NDJGMEEwODc0MkFBQTJENzQyOEFEQzg3NDI2M0U0RTY0MkJD
M0Q4QjQyQ0Y5OERFNDI5NkNDOTc0MjM0MDRENjQyQTgzMjk4NDI1REIwQTI0
MjhCQzg5MzQyM0FFNTZGNDI2NzI4OTY0MjI4NzQzNTQzOThGMTlDNDJFOUJE
MzM0M0NDMjk5QTQyQUY3MUE0NDI1QzZBQTA0Mjk2M0U5QTQxMjA2Njk1NDJE
NkQyQUY0MUMwNzg5RTQyRjQ2MDVCNDM0RjI5OTU0MjMwQTI4MTQzMDhFOThD
NDIyMzU2NDk0M0IyODQ5NzQyRUM3RTIxNDNDMzk3ODg0MkQyMUUxQTQzRkUw
RThENDIwRjdGQzc0MkE2OEE5OTQyMTU1REIwNDAwNkU3OTM0MjIxMjc5NTQz
NUZFQTkxNDJBOUQ3NTM0MzdFNEU5MTQyRkVGNDEwNDMyNjA0OEQ0MkM5RUJE
ODQyNDg5QjhDNDIwQTc0RTg0MjE5MTk5NDQyNkUxMjQ1NDM5MjEyOTI0MjMw
OUU1QTQzMDdCNDdDNDI2REExNEQ0MzAwOTc4QzQyMkEyRUM0NDI1MjIxOUY0
Mjg2QjcyNTQyOTI5RTk1NDJBMDFEOTg0Mg==

--SBD.Boundary.605592468
PROCESS /noc/users/iridburst/exec/irid_300224010734970_upd.pl
Last Run  ----1970-01-01 00:00:00 
MONTH  5 
DATA  xxrecord 2012-04-20 23:00:05 :: $W5M5A,120420,230005,660d0028449ce246,1,DAS 2,5053.5429N,123.7150W,4.1,196,7.6,8.7,5.1,85.7,3.0,5.2,84.3,2.8,995.4,0,0,33.3,92,76*5D
 
INSERT
STATION sbdservice
IRID_ID 300224010734970
BODY 
Content-Type: application/x-zip-compressed; name="SBMmessage.sbd"
Content-Disposition: attachment; filename="300224010734970_002804.sbd"
Content-Transfer-Encoding: base64

JFc1TTVBLDEyMDQyMSwwMDAwMDUsNjYwZDAwMjg0NDljZTI0NiwxLERBUyAy
LCwsMS41LDI2MCwzLjAsOC4xLDMuOSw4Ny4zLDIuMCw0LjAsODUuMCwxLjcs
OTk1LjMsMCwwLDI4LjYsMzUxLDY3KjQxDQoNCiRXNU01QSwxMjA0MjEsMDAw
MDA1LDY2MGQwMDI4NDQ5Y2UyNDYsMixEQVMgMiwxMi45LDEzLjEsMC4yLDEu
MCwwLjAxLDU5MSw1OTQsMTU3LDYyOSwwLDEzLjYsMTIuNzEsOTI2KjVGDQoN
CiRXNU01QSwxMjA0MjEsMDAwMDA1LDY2MGQwMDI4NDQ5Y2UyNDYsMyw3RjAw
NzUwMjNBMDAwMDUzMzIzMDMxMzIzMDM0MzIzMDMyMzMzNDMwMzAzMDU1NUIw
MDMxMzIzMDM0MzIzMDMyMzMzNDMwMkM1NDQxNDIzMDMwMzAzMDMwMkMyRDMw
MzUzMTJFMzEyQzJDMzEzMjJFMzQzOTJDMzQyRTMwMkMzMzM2MzAzMDJDMzYz
MDJDMzYzMDJDMzEyQzMwMzAzNTM3MzAyQzMzMkUzNDMyMkMzMTJFMzIzNjJD
MzEzNzM2MkMzMDJDMzAyRTMxMzczMjJDMkIzMDMwMkUzMDBEMEFGMTEwMjc5
QjU1Q0M3RjAwNjcwMjNBMDAwMDU3MzIzMDMxMzIzMDM0MzIzMDMyMzMzNDMw
MzAzMEZGNEQwMDAwODBGQjQ0MDAwMEQyNDMwMDg0NjQ0ODAwMDAwMzQzQjBC
MzNBM0FERTY4QzQ0MDFFQjlGQTNBRDgwRDkzM0FCM0Q1MjA0MUM0MTBDMTNB
MzA2QzVBNDFBQjI5RDc0MDQ5OTJFNDQxOEJCOEUwNDFDNkM4QzIzQURDNEJB
RjQzREMwRjg2NDJGQUQ4MDkzMTE0MjFFQUQ5MkJGODdGMDQ1RTAyM0EwMDAw
NEI1NjQ4MjAzNzMyMzAzMTMyMzAzNDMyMzAzMjMzMzQzMDMwMzA1OTAwMDAw
MDhGQzJGNTNDMEFEN0EzM0JEQzRCQUY0M0RCMEY4NjQyRjM3Q0IyNDM1MDc3
NkQ0MjNBMzEwMDQwRjZBMjZFNDJGN0M2OEQzRUIyRTk4MzQyMDI0OEExNDNE
MTJGOTY0Mjk2NUU3NDQzQjI5NTk4NDJEOTUyODY0MzE5RTY5QTQyMERCNDk5
NDM4NDNEODc0MjY5MDk4NzQzMTVEQjhENDJFNTdCOEE0M0U2Q0Y4QjQyNjY2
ODlCNDNERUE3OEE0MkQ3Q0ZBQzQzRDVDOTkyNDIxMThDOEU0MTIwNzI4ODQy
NzUwRUU2NDFDNTFEOEE0MjBFNDZEODQyRUU1NjkxNDIwOEMxRTA0Mjk2OEQ4
QzQyRDYzQjVGNDI0MzdFOEE0MjUwQzFBMDQyQjkzNDhBNDJGRDYyMDU0MzI4
OUY4QTQyNUQ4RTQxNDM0ODYwOUI0MjM3QTA4NTQzODQ0Njk4NDIzODlGODY0
MkY4Rjc5RDQyN0ZEMTEwNDIzM0YyOTg0MjNDMzhGOTQxQzdGRTk3NDJGOTVF
OEY0Mjc2OTk5MjQyNTQ3OUQyNDI2OTQ0OTA0MkUxMkMwNzQzMDJENzkyNDJE
N0Q1QUQ0MzYxOEE5RDQyM0M1Q0FCNDM0QUQ0OTE0Mjg4RjhGNTQyQ0E5NDlC
NDIzM0Q5M0I0M0M5N0U5MzQyQjUyMjNGNDM1QzAyOTk0MkYxREJCQjQyMkNF
NzlCNDJBMkY5NkY0MzFFRjA5NDQyQTQxMDUwNDM5MURENTc0MkFDQ0Y0NjQz
MDE1RTYwNDIyOTQ3NEY0M0U0NzA4QjQyQkZDM0I0NDI3OTBBOUU0MkUzQTdD
NjQyNDI5MThBNDJGMTNGRDM0MjM5NDY3OTQyOENBQkIwNDIxOTgyN0Y0MjA5
QjNBMDQyOTM5Nzg0NDIxRkE0OTk0MkFEMUY4QTQyNEZDNjhBNDI4RTFGOTI0
MkYzMUFCRjQyNjkyOTkyNDJENkJBRjM0MjIyMEU4RDQyQzkwNDJCNDMxOTJB
OEY0MjIyRjE2OTQzQ0JFMTg0NDIzMjUyODA0M0I3NDU4NzQyM0MzNjg0NDM3
Qzg2OUE0Mjk3OUQ5NDQyRjkwMTk5NDJCNDQ3OTE0MkM2REU5MjQyRTA1MkI0
NDJDMDYzOTY0MjFBMEM4QzQzOTczRTk4NDI2OTY3ODc0MzVEQTY5MzQyNTdB
QkFFNDI0NEYwOUE0MjgxRTRERTQyMDExNDkzNDIwNjNFMEI0MzE1MEM5RDQy
N0MzMjhBNDNBM0I5OTg0MkU3Q0NCMzQzQjA5NjlFNDJFRjI1OUI0MjI3Mzk4
RjQyNjg4OUI1NDIwQTU1ODg0MjNGNkNERDQyNzMzMzk4NDI5QTA3ODY0MzQx
NDA5ODQyNzY4OUE0NDM5MTJCOTQ0MkQzRTVCMjQzMUVFMDg1NDIzRjNGMDk0
MTYyQ0Y3RTQyQTVGMDkzNDE5RENCODU0MjIzNzQ1NzQxRkJGMTkyNDIwNEJC
N0Y0MzhCQjg5QTQyQUVFMDZFNDMyRTlCOTI0Mjk2Qzg3RDQzODFBRTk0NDI2
NTNENjQ0MzQ2OEI4RTQyOEZBNDU1NDM5OQ==

--SBD.Boundary.605592468
PROCESS /noc/users/iridburst/exec/irid_300224010734970_upd.pl
Last Run  ----1970-01-01 00:00:00 
MONTH  5 
DATA  xxrecord 2012-04-21 00:00:05 :: $W5M5A,120421,000005,660d0028449ce246,1,DAS 2,,,1.5,260,3.0,8.1,3.9,87.3,2.0,4.0,85.0,1.7,995.3,0,0,28.6,351,67*41
 
INSERT
STATION sbdservice
IRID_ID 300224010734970
BODY 
Content-Type: application/x-zip-compressed; name="SBMmessage.sbd"
Content-Disposition: attachment; filename="300224010734970_002805.sbd"
Content-Transfer-Encoding: base64

JFc1TTVBLDEyMDQyMSwwMTAwMDUsNjYwZDAwMjg0NDljZTI0NiwxLERBUyAy
LDUwNTMuNTQzNE4sMTIzLjcxNjFXLDEuMSwzNTQsMi4wLDcuNSwzLjUsODgu
OCwxLjgsMy42LDg3LjgsMS44LDk5NS4wLDAsMCwzMy4zLDI4NSw3Myo2Mw0K
DQokVzVNNUEsMTIwNDIxLDAxMDAwNSw2NjBkMDAyODQ0OWNlMjQ2LDIsREFT
IDIsMTIuOSwxMy4wLDAuMiwwLjQsMC4wMSw1OTEsNTk0LDE1Nyw2MzAsMCwx
My41LDEyLjMyLDkzMCo1MQ0KDQokVzVNNUEsMTIwNDIxLDAxMDAwNSw2NjBk
MDAyODQ0OWNlMjQ2LDMsN0YwMDc1MDIzQTAwMDA1MzMyMzAzMTMyMzAzNDMy
MzEzMDMwMzQzMDMwMzA1NTVCMDAzMTMyMzAzNDMyMzEzMDMwMzQzMDJDNTQ0
MTQyMzAzMDMwMzAzMDJDMkQzMDM1MzEyRTMxMkMyQzMxMzIyRTM0MzYyQzM0
MkUzMDJDMzMzNjMwMzAyQzM2MzAyQzM2MzAyQzMxMkMzMDMwMzUzNzMwMkMz
MzJFMzQzMjJDMzEyRTMyMzYyQzMxMzczNzJDMzAyQzMwMkUzMTM3MzMyQzJC
MzAzMDJFMzAwRDBBRUMxMEIwODM5OTA3N0YwMDY3MDIzQTAwMDA1NzMyMzAz
MTMyMzAzNDMyMzEzMDMwMzQzMDMwMzBGRjREMDAwMDgwRkI0NDAwODBEMjQz
MDAwMDdBNDUwMDAwMDM0MzA5Mjc1MTNBMDVGN0M0NDA1QTVCMzAzQkYwNzhB
QTNBNjE0MzI4NDEyNTM3REQzQUM1RjE1NzQxNkI3REQ2NDA1NjU1MDU0MjY0
NTdFRDQxNTRENkRFM0FFRUEyOEU0M0U3QjE5MTQyNTlEMzZCMzE0OTFFNTRF
MTM1RTI3RjA0ODIwMjNBMDAwMDRCNTY0ODIwMzczMjMwMzEzMjMwMzQzMjMx
MzAzMDM0MzAzMDMwNUMwMDAwMDA4RkMyRjUzQzBBRDdBMzNCRjBBMjhFNDNF
N0IxOTE0MkFDQ0I4NjQzOUUxODhFNDI4MjZDOTU0MzM5MEY4RDQyMUNBN0E0
NDNCOUYxOTA0MjY1RDA3QjQzQzNCNTlFNDJERTMwOTA0M0Y4MDc5QzQyOEU0
MUE4NDM2REVGOEY0MjJFRDNBQjQzNkQwMDk1NDI3QzA4Rjk0MTI1OEE5QzQy
MTg2NzE1NDM3RUQwOTg0MkFFMTUxQzQzODUwOThDNDI2MEE2MDM0MkY5MEI5
OTQyQzI2ODFCNDNFRkFBOUE0MjcyMjU0RDQzNjE0RDhFNDI2RTgyODU0MzJG
NDY4NTQyMkU1QjhBNDM3MjZCOEQ0MjM2QTE0NDQzNTlBQTlDNDJBRDhFNDE0
MzkxMzA5ODQyM0FGMTZGNDM3RDI0OTk0MjMzOUUzQjQwMkM0NTk5NDI1MUJG
RDA0MjEwODI5NjQyOUFBNDM5NDNFRTgxOTI0MjkwRTA4NjQzQ0VERThFNDIz
OEM3NkM0M0U3MEI5ODQyRjM2NDM3NDM5MTg4OEQ0MkRBODgzNTQzRUYyNTk0
NDIyRDczMzI0M0ZGMkY4QjQyMkQ4QzQ5NDNDODZFNzQ0MjY4QTI3NjQzRjA4
MDcxNDIzQjdFODg0MzVCRTc3MzQyMTQ0NTg2NDM0OTNEOTY0MjAzRjE0MzQz
MEYyNjlENDI4NkM3N0Q0M0M0OTA5MDQyQ0YwQTg0NDNGNEQzOEY0MkJDRTY4
NDQzQUJGQjg3NDI1MkEwN0Q0M0VBQjI4NjQyNjg4OTc1NDM4MUI5OTE0MkJD
RUE5MzQzMDMwQjg3NDI2OUVDOUE0M0FGNjg2MDQyQTE3Mjk5NDMxMEEyNzU0
MjQ3MkI4RjQzNkUxMjhGNDI3MjcyMUY0MzBDMzU5NTQyRDdDRjBGNDNERUE2
ODU0MkM2QkQyRDQzQzU3OTk5NDI3MDBGNkQ0M0VDNzM5MTQyMzZEODZGNDNC
MDk2ODA0MkNEMkY4NTQzOUE0NzhFNDJFRkZCOTQ0M0Q1NjY5NjQyNjZCRDhE
NDNEMTVDODk0MkU4Rjk5MTQzQ0M2RThFNDIyQkIxMUY0MzBGNzc5NzQyNTAy
QzFFNDM4NEZCOEY0MjBEMjQ1NDQzRTRCMjk1NDIwNkU3NjM0MzI3MkQ4QzQy
NDhDOTQ1NDNEN0FDODg0MkIwRUYzQzQzOTdENThBNDIzNUExODA0M0Y4N0M5
NjQyRDBFNEE2NDMxMUYwOTI0MjgzOTFFMjQxMEZCQjkxNDI4RjE5ODM0MkZE
RTI5NDQyNkZCQzk2NDM2QTczOUE0MkQ2OTg4RTQzOEQ1NDhENDI2RTZEODk0
M0RFOTg5MTQyQUMzQTY3NDNCOUNEOEY0MjQwRjY3MjQzOTE1RDg3NDI2NjRG
NzA0MzQyQzQ4RDQyOEFCNjIyNDNEMEJEOEQ0MjM0MTkyMTQzRTc2RDkwNDIx
QzhBOEU0MzRGODQ5MzQyRDI2OTlGNDMxRTFCOTI0MjlEQjNCMDQyMjc4NzlD
NDJENEM5M0I0M0VBMTY5MDQyMEVCQzc5NA==

--SBD.Boundary.605592468
PROCESS /noc/users/iridburst/exec/irid_300224010734970_upd.pl
Last Run  ----1970-01-01 00:00:00 
MONTH  5 
DATA  xxrecord 2012-04-21 01:00:05 :: $W5M5A,120421,010005,660d0028449ce246,1,DAS 2,5053.5434N,123.7161W,1.1,354,2.0,7.5,3.5,88.8,1.8,3.6,87.8,1.8,995.0,0,0,33.3,285,73*63
 
INSERT
STATION sbdservice
IRID_ID 300224010734970
BODY 
Content-Type: application/x-zip-compressed; name="SBMmessage.sbd"
Content-Disposition: attachment; filename="300224010734970_002806.sbd"
Content-Transfer-Encoding: base64

JFc1TTVBLDEyMDQyMSwwMjAwMDUsNjYwZDAwMjg0NDljZTI0NiwxLERBUyAy
LCwsMS44LDI1NSwzLjUsNy4wLDMuNiw5MC4xLDIuMSwzLjYsODcuNSwxLjcs
OTk0LjgsMCwwLDI4LjYsNDUsNzEqNzQNCg0KJFc1TTVBLDEyMDQyMSwwMjAw
MDUsNjYwZDAwMjg0NDljZTI0NiwyLERBUyAyLDEyLjksMTMuMCwwLjIsMC40
LDAuMDEsNTkxLDU5NCwxNTcsNjI5LDAsMTMuNSwxMS45Myw5MjgqNUINCg0K
JFc1TTVBLDEyMDQyMSwwMjAwMDUsNjYwZDAwMjg0NDljZTI0NiwzLDdGMDA3
NTAyM0EwMDAwNTMzMjMwMzEzMjMwMzQzMjMxMzAzMTM0MzAzMDMwNTU1QjAw
MzEzMjMwMzQzMjMxMzAzMTM0MzAyQzU0NDE0MjMwMzAzMDMwMzAyQzJEMzAz
NTMxMkUzMTJDMkMzMTMyMkUzNDM2MkMzNDJFMzAyQzMzMzYzMDMwMkMzNjMw
MkMzNjMwMkMzMTJDMzAzMDM1MzczMDJDMzMyRTM0MzIyQzMxMkUzMjM2MkMz
MTM3MzgyQzMwMkMzMDJFMzEzNzMyMkMyQjMwMzAyRTMwMEQwQUVEMTA5OTRF
QUZGOTdGMDA2NzAyM0EwMDAwNTczMjMwMzEzMjMwMzQzMjMxMzAzMTM0MzAz
MDMwRkY0RDAwMDA4MEZCNDQwMDgwRDI0MzAwQzA1QTQ2MDAwMENBNDIwMENC
NkMzQTgxOENGOTQwODBGNzQyM0JGODNBQzYzQTg4ODc1QzQxNDA5RjBDM0JB
NjUwQjA0MTQ3RDdFQzQwNDk5MkU0NDFDNEJDRTU0MTQwRDhFODNBMUQyNDM1
NDI2RjUxOEQ0Mjc3QzgxQTMxOUQyMDU5OThEMDBCN0YwNDVFMDIzQTAwMDA0
QjU2NDgyMDM3MzIzMDMxMzIzMDM0MzIzMTMwMzEzNDMwMzAzMDU5MDAwMDAw
OEZDMkY1M0MwQUQ3QTMzQjFBMjQzNTQyNkU1MThENDIzMTgyNTA0MjY2NTk4
MTQyRjdFMTMxNDI0OURFODg0MjdEMTUxMDQyODk2Qjk3NDI5RjgxNzI0MjAw
Qjc5RTQyNEJDRkUyNDJBMTA1OTg0MkY4OTk0MDQzRDEzQzk5NDI4NjE2M0E0
M0M3RjY5NDQyNDE3MDYwNDM4RDFCOTA0MkJDN0I4NjQzM0FBRjg3NDJBREIw
OTM0MzhCQUM5QTQyNjU4MjA4NDM5QTlBOTY0Mjk5RkU0RjQzNUQxMzkwNDI5
MzlCODE0M0MwMDQ4OTQyOTU3NUExNDNGQzkxODg0MjlBODdBRjQzMjA2MDhB
NDIzQjAwODI0M0Q4MEE4RDQyRDcxMjcxNDNEMDlEODc0MjhBRTU2MzQzOTNG
RjhENDIxNjM4NDI0M0UxODQ5MTQyNDIzQzE0NDM3RUYwOEY0MkQ0MkUxOTQz
RDI5RTlDNDI1M0Y4NkM0MzQwQUI5NzQyQTQyQjU0NDMyQ0EyOEY0MkIxNjA1
NjQzN0Y3NThBNDI3MzU2NUY0MzlBNUE4ODQyNjlGQjRENDM3QzgyOTM0MkQ1
RTExMzQzQzk0RTkzNDI2RjlDMjI0M0ExMEI5ODQyMkMxQzY2NDNFNzJFOTE0
Mjg0OTQ2QzQzQTZGRDhGNDI0NDI3OTE0Mzk2MDU5NDQyMUU1Mzk0NDNBOUE3
OTM0MkM0QTU2MTQzQjI0MjlENDJENzE1NEM0MzIxRDU4NTQyRTNDODUwNDM0
QTNCOEI0MjM5ODMzQjQzNTQyRjkyNDI2OEQyMjU0M0VEMjA5MjQyNDE3RTMy
NDMxRDEzOTE0MkNBMUM3NTQzQ0VGNTk2NDJGN0YzOUI0MzdDNjk4NzQyOEM3
NkEwNDMyRjQyODY0MjY2QTk5OTQzOTlFQjhFNDIwNEQ5ODk0M0I3NTk4QjQy
NThDRTg0NDM1QTQ4ODY0MjgyQzY4OTQzN0U5NjkzNDJBRDk3ODc0M0Y1MTY5
NjQyNDdCOTkzNDMwNjk4OUQ0MjJERjM4MTQxQTA0NTk3NDI2RUU4QjA0MzVD
NjE4ODQyRjFCNUFFNDM3QzU1ODc0Mjc5NkEwNDQyOEJBOTlGNDIzRjBBMTg0
M0E2MjI5QzQyMDM2NjI4NDNEMDE3OTk0MjAwRjcyQjQzNTZGOThENDIyQzQz
NjU0MzRERUE5OTQyNDY4RTkwNDNFRUEwOTY0MjM1NkY1NzQzMUFFNDk2NDI4
ODBENkI0M0VERTg4QjQyQzlGNjg0NDNFNDgyODE0MkY4MDc5MTQzOUJDMDdG
NDI5NDVCOEQ0MzgzMjk4OTQyMEU0QjY5NDMwRDFFN0M0MkQxOTk1RjQzMUU2
MDZBNDI5N0Y1N0U0MzdCQjQ4RDQyMERGREFCNDNEQzE0OTM0MkFGQjA4QTQx
MjdERjk1NDI4RTJBRDc0MThCMEM5RTQyQ0I4QUFFNDM5NDBBOUM0MkRGQUU5
MTQzMzRBRTlCNDJEQTA0MzI0M0UwREY5QzQyODhBOTFFNDM4QjlCOTc0MjBB
QkQ2QTQzQUEwQzhENDI4MzQ1NjU0MzE0NQ==

--SBD.Boundary.605592468
PROCESS /noc/users/iridburst/exec/irid_300224010734970_upd.pl
Last Run  ----1970-01-01 00:00:00 
MONTH  5 
DATA  xxrecord 2012-04-21 02:00:05 :: $W5M5A,120421,020005,660d0028449ce246,1,DAS 2,,,1.8,255,3.5,7.0,3.6,90.1,2.1,3.6,87.5,1.7,994.8,0,0,28.6,45,71*74
 
INSERT
STATION sbdservice
IRID_ID 300224010734970
BODY 
Content-Type: application/x-zip-compressed; name="SBMmessage.sbd"
Content-Disposition: attachment; filename="300224010734970_002807.sbd"
Content-Transfer-Encoding: base64

JFc1TTVBLDEyMDQyMSwwMzAwMDUsNjYwZDAwMjg0NDljZTI0NiwxLERBUyAy
LDUwNTMuNTQ0NU4sMTIzLjcxMzhXLDEuOCwxODQsNC40LDYuNywzLjksOTEu
MywyLjYsMy45LDg5LjUsMi4zLDk5NC42LDAsMCwyOC42LDEwNyw3MSo2OQ0K
DQokVzVNNUEsMTIwNDIxLDAzMDAwNSw2NjBkMDAyODQ0OWNlMjQ2LDIsREFT
IDIsMTIuOCwxMy4wLDAuMiwwLjQsMC4wMSw1OTEsNTk0LDE1Nyw2MjksMCwx
My43LDExLjkzLDkyOSo1OA0KDQokVzVNNUEsMTIwNDIxLDAzMDAwNSw2NjBk
MDAyODQ0OWNlMjQ2LDMsN0YwMDc1MDIzQTAwMDA1MzMyMzAzMTMyMzAzNDMy
MzEzMDMyMzQzMDMwMzA1NTVCMDAzMTMyMzAzNDMyMzEzMDMyMzQzMDJDNTQ0
MTQyMzAzMDMwMzAzMDJDMkQzMDM1MzEyRTMxMkMyQzMxMzIyRTM0MzMyQzM0
MkUzMDJDMzMzNjMwMzAyQzM2MzAyQzM2MzAyQzMxMkMzMDMwMzUzNzMwMkMz
MzJFMzQzMjJDMzEyRTMyMzYyQzMxMzczOTJDMzAyQzMwMkUzMTM3MzMyQzJC
MzAzMDJFMzAwRDBBRUQxMEU4REI3OTc4N0YwMDY3MDIzQTAwMDA1NzMyMzAz
MTMyMzAzNDMyMzEzMDMyMzQzMDMwMzBGRjREMDAwMDgwRkI0NDAwODBEMjQz
MDA4MEJCNDYwMDAwRDg0MjQ2QTQ0RjNBNTdDOEVENDA1QURDMTczQkZCMDFB
QzNBRURENDU1NDE2QTUyREMzQUIzQjU5MDQxMjRFMUUyNDA0OTkyRTQ0MUI1
NTFFOTQxN0RCNkNGM0FEMkMzRDY0MjRDMTA4RDQyQTY5ODE3MzFCNzIyOThD
MUQzNDE3RjA0NkEwMjNBMDAwMDRCNTY0ODIwMzczMjMwMzEzMjMwMzQzMjMx
MzAzMjM0MzAzMDMwNUEwMDAwMDA4RkMyRjUzQzBBRDdBMzNCQ0RDM0Q2NDI0
QjEwOEQ0MjZBNUM4ODQyNEUxNjgxNDJGMjFCQ0M0Mjk0REM4RTQyNDYxNDMx
NDM5OUEzOEI0MjEwNjQ1MjQzNzA0NDkwNDI3N0RBOTM0MzQ3Qzk5NTQyN0JE
N0FENDNCQ0U0ODk0MjQ0RThBRjQzMkY3NDhDNDJGQUJDODc0MzIzMzY5OTQy
QjJBNDcwNDM0Q0FGOTI0MjU5NTY5OTQzNUQ4QTkyNDI2MUFGQTE0M0EzN0Y4
RjQyRTBCOUFBNDM3QUVCOTM0MjlEODk5RjQzNEY3MTk3NDI2OUQ0ODM0MzI1
NkY5NzQyMTRGRTE3NDM3Q0FFOTc0MkZEQzVFNzQyRTQwNzdFNDI5NjIwQ0M0
MjQ3QTA3NjQyMzBCNUQ0NDI4RjgzOEQ0MjAwRjQzMzQzMzFFNzkzNDI2OTE3
ODE0MzdGMDY5MTQyQkJCQTg5NDMyODI4N0M0MkRFRjY0MjQzNTIwMDhCNDJC
MkJGMTU0M0QzQzk2MTQyM0IzNzFDNDNCRjFDODc0MjA5Nzc2MDQzQUZBQjk4
NDIzMDJCOEU0MzRDQzI5QzQyQ0UyQ0E4NDNEOTBDOTM0MkYyNEFBMzQzN0I3
OThENDJEQjdDODc0MzgyQTI5NTQyMDA2MDFCNDMzNzdGOTI0MjlDNjUxMTQz
RDhCOTkwNDI3QjBGNEU0MzBCMzM5MDQyNTg3RDY3NDM4MjA5ODc0Mjc4RkM4
RTQzMTdCRDg0NDI5MEEyNUI0M0M4MDA5MzQyRDE1MzNFNDNBNzY5OEQ0MkM4
Q0M0NDQzMkM2ODhFNDI1Q0NCNTg0MzVEMTA4RTQyQzBENDYwNDM3RjJCOTA0
MkRFRTEwRDQzMjhGNTlFNDIyMUExQ0M0MkJCRDQ5RDQyNkNGNTZENDMzNjRC
OTg0MkE0Rjc2RDQzRTg4RDkxNDI4NjgzRjI0MjhFOTE5QjQyRUI5RkMyNDJG
REQyODU0MjQwQ0VGNTQyOTI5MzhFNDJCMjJBRjM0Mjg1NjU5RjQyODc1MUQ4
NDEwNjc5OTQ0MjMwRTcxODQzNDJBODk4NDIxODVEM0U0M0U4MTk4RDQyNTQz
OTVBNDNCQzQ0OTU0MjFFMTE5RjQzOUZERjk4NDIwMDIwMDc0MjM2Rjk5RDQy
NUU0ODM3NDM4MUU1OTI0MkQ3RUU1NjQzQURCNDgyNDI4QzFGNzM0MzE0ODE4
OTQyNDc2ODgzNDM4NjFFOUE0Mjk5NUUxNjQzNzZGRjlCNDI4RjlCM0I0M0Ex
QUQ5MzQyMjkzQzNBNDNFQUM1ODQ0MkFBN0YyRjQzREY2Nzg5NDJENEIyMDU0
MzdBNjU5QjQyODBFNDc1NDI4MDM2OTc0MjVDNkQzOTQyOEIwRTlCNDI3REYx
M0U0M0QwNjk5OTQyNkYzRDVFNDNENjIyOTU0MjBBNzA4QjQzM0Y5Mzk5NDI0
QzYwNEQ0MjAyRkQ5ODQyMzcwNTlFNDM0MTJGOUM0MjEwMkY5MTQzRjMyMjgx
NDJEMzEwOTI0M0YxNEY4NjQyQ0IwQjA3NA==

--SBD.Boundary.605592468
PROCESS /noc/users/iridburst/exec/irid_300224010734970_upd.pl
Last Run  ----1970-01-01 00:00:00 
MONTH  5 
DATA  xxrecord 2012-04-21 03:00:05 :: $W5M5A,120421,030005,660d0028449ce246,1,DAS 2,5053.5445N,123.7138W,1.8,184,4.4,6.7,3.9,91.3,2.6,3.9,89.5,2.3,994.6,0,0,28.6,107,71*69
 
INSERT
STATION sbdservice
IRID_ID 300224010734970
BODY 
Content-Type: application/x-zip-compressed; name="SBMmessage.sbd"
Content-Disposition: attachment; filename="300224010734970_002808.sbd"
Content-Transfer-Encoding: base64

JFc1TTVBLDEyMDQyMSwwNDAwMDUsNjYwZDAwMjg0NDljZTI0NiwxLERBUyAy
LCwsMC42LDIyLDEuNCw2LjYsMy41LDg5LjksMi4wLDMuNyw4OC4yLDEuOSw5
OTQuMywwLDAsMjguNiw3NSw3MSo0Ng0KDQokVzVNNUEsMTIwNDIxLDA0MDAw
NSw2NjBkMDAyODQ0OWNlMjQ2LDIsREFTIDIsMTIuOSwxMy4wLDAuMiwwLjQs
MC4wMSw1OTEsNTk0LDE1Nyw2MzAsMCwxMy45LDExLjUzLDkzMCo1Qw0KDQok
VzVNNUEsMTIwNDIxLDA0MDAwNSw2NjBkMDAyODQ0OWNlMjQ2LDMsN0YwMDc1
MDIzQTAwMDA1MzMyMzAzMTMyMzAzNDMyMzEzMDMzMzQzMDMwMzA1NTVCMDAz
MTMyMzAzNDMyMzEzMDMzMzQzMDJDNTQ0MTQyMzAzMDMwMzAzMDJDMkQzMDM1
MzEyRTMxMkMyQzMxMzIyRTM0MzMyQzM0MkUzMDJDMzMzNjMwMzAyQzM2MzAy
QzM2MzAyQzMxMkMzMDMwMzUzNzMwMkMzMzJFMzQzMjJDMzEyRTMyMzYyQzMx
MzgzMDJDMzAyQzMwMkUzMTM3MzMyQzJCMzAzMDJFMzAwRDBBRTYxMDFCMzQw
M0ZFN0YwMDY3MDIzQTAwMDA1NzMyMzAzMTMyMzAzNDMyMzEzMDMzMzQzMDMw
MzBGRjREMDAwMDgwRkI0NDAwODBEMjQzMDBEMDA0NDcwMDAwMDk0MzQ5QTUz
QTNBN0Y3QUJCNDA3NTEzMDgzQjUyM0E5NzNBNUFFNjFFNDE4ODQwRDAzQUI1
Qzg4MTQxNDk0RUMzNDA0OTkyRTQ0MTdGREJFODQxRDdFRkI1M0E2OTcxOTY0
MjcyOTk4RTQyOUQ2NDJBMzFGMDFFOTIxQzgwMzU3RjA0OEUwMjNBMDAwMDRC
NTY0ODIwMzczMjMwMzEzMjMwMzQzMjMxMzAzMzM0MzAzMDMwNUQwMDAwMDA4
RkMyRjUzQzBBRDdBMzNCNjQ3MTk2NDI2RDk5OEU0MjA1QUVENDQyMkMwMjhC
NDJFQTQxQzI0MkE4NEY4QjQyNjZDQThENDI3NzFEOEU0MkNEQkM5MDQzQjE1
MDkxNDI5NkVEOEQ0M0Q5NTE4NDQyQTJDREE5NDMzMjMwOEQ0MjYxOTZCMzQz
RTkxODhDNDJBOTM4QjM0MzU5MEU5QTQyOTBCQzJGNDMwRjM3OUU0MjJDMTIz
NjQzNTdDNzk0NDI1QzdGMkE0MzcxQTc4QTQyRkNFQTNENDMyNjY4ODk0MkIx
MkM2MDQzRTBDNzhBNDI4MEU4OEU0Mzc3MkY4RTQyQjIxNDlGNDNBOENCOEM0
MkZGNUU2NDQxMTZGRjkwNDI5MjJFN0M0MkREMjM5ODQyNTQ2QjM4NDM0NTU2
ODU0MkRDMDQyQzQzM0IxNjgxNDJDQjYzQjg0MkE0MkU5MjQyRjk1QUE4NDEx
RDZBOTE0MkZDNzk5QjQxREFDNDhCNDI4N0U3N0E0MkExMDE4QjQyRUQ1NzAy
NDMwMDdGOTQ0MkQ1NzdEOTQxRDFDNzlFNDI3RjU5ODI0M0M3Njg5QzQyMzlF
RjVFNDNDRTM5OEU0MkREQzg2NjQzOUZCMjhGNDJDQUNCNzc0M0I2MUY5NzQy
MDIzNTg0NDM3MzVBOTY0MkI1NTlBNTQzNjcxQjlBNDIxMzE4Q0Y0MDcxRjc5
ODQyQkYyQjdENDJCQjc3OTc0MkVFNDMxNjQzMUYwMDkxNDI0REFGRjk0Mjkw
RDQ4NjQyNTBFNkFFNDJGRDRBODk0MjAzREU1ODQyRDg3RDk4NDIwQURCNzI0
MzI4NjI5QTQyMUYzNjkxNDNCMDhEOTg0MkM0NjU4RjQzOUVDMTg5NDIwRDJD
OEI0M0ZBMDc5MzQyNUY3MkI2NDFENUQwOUM0MjY5NzBBNjQyMEVEQzk5NDJC
MDI0RUU0MjUzQkQ5QzQyNTUwMTBCNDJDRDFBOTM0MkNBNEVGRjQxMUVCODg1
NDJBQzNDN0M0MjU5OEM5NjQyQ0IwN0Y4NDJENDU2OUE0MjFBQzBBQTQzMTg1
MTkyNDIzMEI0QTU0M0Y1OEM4MzQyOEMzNjFGNDJFREJFOTQ0MkYzMTVFNjQy
QzA3NDg1NDJCNEU2MTY0M0EyMjU4MTQyM0JGMDI3NDM3MEZFODM0Mjc2NTY1
MDQzNUEwNjk1NDJFN0JDMTA0Mzk1RjA5RDQyRkZCREY0NDI0QkM1OTk0MkZE
REMyQzQzQUQ4QTk2NDIyMkQyMkQ0MzZGMjE5MzQyNDUwNDAxNDM3MjA1OTk0
MjAzNjhCMDQyNDRFMzk3NDIwM0Q0OTM0MjNFNUQ5OTQyNUU4NzQ5NDJFQjk3
OTI0MjE2NkIyNDQyNjRDOThBNDI2M0JCOUM0M0MwNjc5QTQyNjIwMDkxNDM3
RDExOTE0MjQ4MDdBNzQzQUQwNTk1NDJGMjVGMTY0M0YwQ0I5QTQyOTg2QzMy
NDNGRjMyOEM0MjA1Qzk4MjQzNUFDNDkzNDIxRTBBOTA0M0I1OTg4RDQyMEVF
MDU0NDNCQ0NCOUI0MjAxQ0REOTQyNEYyOQ==

--SBD.Boundary.605592468
PROCESS /noc/users/iridburst/exec/irid_300224010734970_upd.pl
Last Run  ----1970-01-01 00:00:00 
MONTH  5 
DATA  xxrecord 2012-04-21 04:00:05 :: $W5M5A,120421,040005,660d0028449ce246,1,DAS 2,,,0.6,22,1.4,6.6,3.5,89.9,2.0,3.7,88.2,1.9,994.3,0,0,28.6,75,71*46
 
INSERT
STATION sbdservice
IRID_ID 300224010734970
BODY 
Content-Type: application/x-zip-compressed; name="SBMmessage.sbd"
Content-Disposition: attachment; filename="300224010734970_002809.sbd"
Content-Transfer-Encoding: base64

JFc1TTVBLDEyMDQyMSwwNTAwMDUsNjYwZDAwMjg0NDljZTI0NiwxLERBUyAy
LDUwNTMuNTQzNU4sMTIzLjcxNTBXLDQuNCw5LDUuOSw2LjQsMy4yLDkwLjEs
MS43LDMuMyw4OC4xLDEuNSw5OTQuMywwLDAsMjguNiwxNDYsNzUqNjANCg0K
JFc1TTVBLDEyMDQyMSwwNTAwMDUsNjYwZDAwMjg0NDljZTI0NiwyLERBUyAy
LDEyLjgsMTMuMCwwLjIsMC40LDAuMDEsNTkxLDU5NCwxNTcsNjI5LDAsMTMu
NywxMS41Myw5MjcqNUMNCg0KJFc1TTVBLDEyMDQyMSwwNTAwMDUsNjYwZDAw
Mjg0NDljZTI0NiwzLDdGMDA3NTAyM0EwMDAwNTMzMjMwMzEzMjMwMzQzMjMx
MzAzNDM0MzAzMDMwNTU1QjAwMzEzMjMwMzQzMjMxMzAzNDM0MzAyQzU0NDE0
MjMwMzAzMDMwMzAyQzJEMzAzNTMxMkUzMTJDMkMzMTMyMkUzNDMxMkMzNDJF
MzAyQzMzMzYzMDMwMkMzNjMwMkMzNjMwMkMzMTJDMzAzMDM1MzczMDJDMzMy
RTM0MzIyQzMxMkUzMjM2MkMzMTM4MzEyQzMwMkMzMDJFMzEzNzMzMkMyQjMw
MzAyRTMwMEQwQUU2MTA1RDRBNDE5RDdGMDA2NzAyM0EwMDAwNTczMjMwMzEz
MjMwMzQzMjMxMzAzNDM0MzAzMDMwRkY0RDAwMDA4MEZCNDQwMDgwRDI0MzAw
RTAyQjQ3MDAwMEVDNDIxNkE3NEEzQTg5NUREMzQwMzBEMzIwM0I3NzY0QTcz
QTBCMEYzQzQxQUMxMERGM0FEODJFN0M0MTZCM0FEQTQwNDk5MkU0NDExNjhC
RTU0MUY4RjdERDNBQkZFMjExNDMzQzEzOTY0MkJDMzIxRDMxODcxRTI0NEYx
RkY0N0YwNDlBMDIzQTAwMDA0QjU2NDgyMDM3MzIzMDMxMzIzMDM0MzIzMTMw
MzQzNDMwMzAzMDVFMDAwMDAwOEZDMkY1M0MwQUQ3QTMzQkJDRTIxMTQzM0Ux
Mzk2NDIzNjdBMUU0MzJENTQ5NDQyMkNBNzFGNDNCNURFOTU0MjcxMzZENzQy
NTU1NjlGNDI5MTc3MEI0MTBBRjI5QTQyNzc1NDNCNDI5NjM3OTg0MjVBNTZF
QTQyNTZGMTk5NDI2MEVGRTQ0MjRFRjM5QjQyNDlFMzY4NDJFODFBOTc0MkQ5
RkJBOTQyREZDODkyNDI4NDQ2MzU0MzNBNTM5MDQyMkEzNDRDNDNGQkU5OEQ0
MjA3NUY0MDQzRjc4MjhCNDJFNUIyNEE0M0Q4NUE3QzQyNjBCRjRDNDM5MzYz
ODA0MkNFQjQ0RTQzMDgzNTk3NDJENzJCOEI0MzE2NDc4RTQyNjdERThENDMz
NkE2ODc0MkJCOUE3MjQzODZEMzk2NDI4OTRFMjk0M0JBQjI4QTQyRjdCODU3
NDM0OEFBOTQ0MjY1NDY4NTQzNDJDMDhDNDI1MDY1M0I0Mzk2NEU5OTQyMEIy
QTBFNDExQUYxOUU0MkU2NThBNzQzQjRCOThDNDI3QUE0QUM0M0Q0MDA5NjQy
QjRCRjdENDI5OTFFOUI0MjM5MjYwNDQyNTk3Mjk3NDJCMkI0Q0Y0MTU5RDA4
RjQyMzkyODgwNDJGOEYxOTg0MjBEM0I2MzQzNzExQTkxNDI5NzBDODU0MzE2
NUI4NDQyRjcwQThGNDMwQzVGODM0MjBGMzk4RjQzMDlEOTg4NDI0NERDMTc0
Mzk1Njg4RjQyODlFNjE4NDM4OTQ3NTk0MjNFMTkxODQzNTRFMzc2NDI5M0NC
MEY0MzU2MEU5QTQyQTZCNThGNDNCQUNFOTU0MjFFOUI4MjQzNzlFOTgyNDI3
QTFBODQ0MzA1MDU3NjQyRkQwMThFNDM3RDE3ODU0MjFBMkQ5OTQzRDEzMThG
NDJBMkI1OTI0M0ZGNTQ5NTQyNDVDMTg0NDM1MkNEOTU0MjZBM0E4QTQzMTg5
RDlFNDI2RTkyOTU0MDJFOTU5ODQyMTIyN0E2NDM1Q0EyOTQ0MkU2ODg5MjQz
OTk2NDk5NDJCQjg0ODY0MzZCMUE5NzQyNjdDMzkyNDNCOTMxOEM0MjgzRUE5
NDQzQzA0NjlDNDI4MkFEQzQ0MkM3QkQ5QjQyOEJGQTkxNDNCNzExOUQ0MjM0
QTA4MzQzMzg0NTdDNDJCMDY3ODA0MzFBRkY1NzQyQTIwMjc4NDM2MjAyNzY0
MjlFRkU2QzQzNjEzOTkwNDI2NTgyOUU0M0M2NTY5RDQyMkE5N0FBNDNGRThC
OUM0MjlFNkM0MDQzM0I1MDk1NDIzMzgxMzg0MzE4NjA4RTQyNkUxNjBDNDM3
NjMzOTA0MjcwQ0JFMzQyNTY0MjhBNDI1QkZGMTg0MzQ4NDQ5NTQyMEIzNDQ4
NDM1N0UzOTM0MkZFQjkxRTQzRDkxMDlBNDJBRkYxMDk0MzM1MUQ5QzQyNUEz
MTc3NDMzNkU5OTY0MjE2RkQ5MTQzNTEyNDhGNDJENDczOUY0M0EyNzU4OTQy
QkUxRjk4NDM5RUZGODg0MjdBQ0E3RTQzMA==

--SBD.Boundary.605592468
PROCESS /noc/users/iridburst/exec/irid_300224010734970_upd.pl
Last Run  ----1970-01-01 00:00:00 
MONTH  5 
DATA  xxrecord 2012-04-21 05:00:05 :: $W5M5A,120421,050005,660d0028449ce246,1,DAS 2,5053.5435N,123.7150W,4.4,9,5.9,6.4,3.2,90.1,1.7,3.3,88.1,1.5,994.3,0,0,28.6,146,75*60
 
INSERT
STATION sbdservice
IRID_ID 300224010734970
BODY 
Content-Type: application/x-zip-compressed; name="SBMmessage.sbd"
Content-Disposition: attachment; filename="300224010734970_002810.sbd"
Content-Transfer-Encoding: base64

JFc1TTVBLDEyMDQyMSwwNzAwMDUsNjYwZDAwMjg0NDljZTI0NiwxLERBUyAy
LDUwNTMuNTQxMU4sMTIzLjcxODdXLDEuMiwxMCwyLjUsNi4xLDMuMCw5MS45
LDEuOCwzLjEsOTEuMSwxLjgsOTk0LjksMCwwLDI4LjYsMjYxLDcxKjUwDQoN
CiRXNU01QSwxMjA0MjEsMDcwMDA1LDY2MGQwMDI4NDQ5Y2UyNDYsMixEQVMg
MiwxMi44LDEzLjAsMC4yLDAuNSwwLjAxLDU5MSw1OTQsMTU3LDYzMCwwLDEz
LjYsMTAuNzUsOTMyKjU3DQoNCiRXNU01QSwxMjA0MjEsMDcwMDA1LDY2MGQw
MDI4NDQ5Y2UyNDYsMyw3RjAwNzUwMjNBMDAwMDUzMzIzMDMxMzIzMDM0MzIz
MTMwMzYzNDMwMzAzMDU1NUIwMDMxMzIzMDM0MzIzMTMwMzYzNDMwMkM1NDQx
NDIzMDMwMzAzMDMwMkMyRDMwMzUzMTJFMzEyQzJDMzEzMjJFMzQzMDJDMzQy
RTMwMkMzMzM2MzAzMDJDMzYzMDJDMzYzMDJDMzEyQzMwMzAzNTM3MzAyQzMz
MkUzNDMyMkMzMTJFMzIzNjJDMzEzODMzMkMzMDJDMzAyRTMxMzczMzJDMkIz
MDMwMkUzMDBEMEFFOTEwMEQwQ0QzNTc3RjAwNjcwMjNBMDAwMDU3MzIzMDMx
MzIzMDM0MzIzMTMwMzYzNDMwMzAzMEZGNEQwMDAwODBGQjQ0MDA4MEQyNDMw
MDAwN0E0NzAwMDAwNTQzMTEyQjQ3M0FDNTE4QkY0MDE0RTc2QjNCQzdBOEEx
M0FFQTA5MTg0MUE3N0JFMDNBNkNEMTY5NDFDQzg2Q0E0MDQ5OTJFNDQxN0M2
MUUzNDExNjIwRDAzQTAwNEM4MjQzNDBCRThENDJCNkFFNEEzMUY2MUQxOUQy
Njc5QjdGMDRBNjAyM0EwMDAwNEI1NjQ4MjAzNzMyMzAzMTMyMzAzNDMyMzEz
MDM2MzQzMDMwMzA1RjAwMDAwMDhGQzJGNTNDMEFEN0EzM0IwMzRDODI0MzQx
QkU4RDQyOUU4NDY0NDNBRUYzODg0MjhDM0Q2OTQzMzVFRDkwNDJGRTlGQTI0
M0JCN0Y5OTQyNzgxM0EyNDNFNDEwOTc0MjUyOTk2QTQzNjIyQjgzNDJFNzNC
NjQ0MzI0RDM3NTQyMjYxNTRFNDMzMzVCOTE0MjVDQjQyNTQzQUY0QjlGNDI4
MzAzQjA0MzQxMTQ5NzQyNjAwODVEM0YzMTE3ODg0MkI3QkE4QTQxMkFDOTcw
NDIxNjU2MTQ0MTNGOTk4MzQyOTY3QTk3NDM3NzBFOEE0MjI3OTY4QjQzQTI0
MDdBNDI2MjBGODI0MzRGRjA3QjQyMzY2MjgwNDM2QUI3ODc0MkNDQTU4MDQz
NUE5MzlBNDI0NjAzRTg0MjMxNTE5MjQyRjA2NkY3NDJEMkNGOEQ0MkM4QzI2
NzQzQTJCMzhGNDI2NjMxN0U0M0YyRkI4MzQyQ0M0OTgzNDM1NDRCODQ0MkIy
MjA3RDQzNkVCMzk2NDJCMkMxRUM0MjNGNDk4RDQyQzI4RDExNDM4OEQ4OTA0
MkZBOTQ2MTQzNjFBRjk2NDI5MjMwOUI0MzAyQkI4RDQyMjNEMzlCNDNFMjJB
ODY0MjNBNkE4RjQzNjU4NzkxNDI0QTA0ODA0MzcwQzc5NzQyNUFFNTdGNDMy
NkY0OTU0MjUwOUI5RTQzMkRGMDk1NDI4NUY5QjI0Mjc5RUU5ODQyQjZBMUFD
NDI0M0MwOEI0MkE4OTU0RjQyODYyNjg5NDIwMjk5NDU0Mjc4NDY5MzQyMDc1
NzEwNDIwM0RFOTY0MkI3QkZBRjQzRkU0Qzk0NDIyMjM5QTc0MzZEMjI5MTQy
Q0U2RTlENDM2NTY4OTc0MjIyNkM4MTQzMjdBMjhGNDJEQzNGOEM0M0Y4REQ4
MzQyREYyMTk1NDNDNkNDODk0MkZCNTI4NDQzNzIyRDhGNDI1RUZBODM0MzMy
QzY4QjQyRTcwNThDNDM0NzcxOTU0MkQ2NDI2RDQzM0QzMDk2NDJCRTM4NTY0
MzRENkY4RTQyRDNDMDUxNDNGMTFBOEU0MjFCMTYzNjQzNUQyMzhGNDIzREVF
MUQ0MzA4RjY4QTQyMUM4NjJGNDNCMjE3OEY0MkI0NDk2ODQzMkM3ODk2NDJC
Q0ZFOTQ0MzlDQkY5MTQyNDRGQzg2NDMzREUyODU0MjAyOTU4MDQzN0UyNTcz
NDI0NEYwN0Q0MzZBQ0Y4QzQyQTQwRUI4NDI0QjUzOUQ0MjU3QzIxMDQzOEYz
Nzk5NDIxNDY4NDE0M0JBNTY4ODQyMjRFRjVENDM5QjI2Nzg0MjcwMEE4MDQz
NzUwNjdGNDJENjA2OTQ0MzJDQjg4MzQyQTIzODlBNDNGQzU2ODM0MjY5OUI4
NTQzMDg0MThFNDJCQUJBNUQ0M0QyOUY4RjQyQTczRjRCNDNGQTIwOEM0MjYw
MTM1RDQzMDc4MzkwNDI2MTJEODM0M0MwMjU4RDQyOEM1MjhENDM0NzJFOTA0
MjIwNkFBMzQzMDM4RjhCNDJGNkZCQTI0Mw==

--SBD.Boundary.605592468
PROCESS /noc/users/iridburst/exec/irid_300224010734970_upd.pl
Last Run  ----1970-01-01 00:00:00 
MONTH  5 
DATA  xxrecord 2012-04-21 07:00:05 :: $W5M5A,120421,070005,660d0028449ce246,1,DAS 2,5053.5411N,123.7187W,1.2,10,2.5,6.1,3.0,91.9,1.8,3.1,91.1,1.8,994.9,0,0,28.6,261,71*50
 
INSERT
STATION sbdservice
IRID_ID 300224010734970
BODY 
Content-Type: application/x-zip-compressed; name="SBMmessage.sbd"
Content-Disposition: attachment; filename="300224010734970_002811.sbd"
Content-Transfer-Encoding: base64

JFc1TTVBLDEyMDQyMSwwODAwMDUsNjYwZDAwMjg0NDljZTI0NiwxLERBUyAy
LCwsMC43LDI3MSwxLjUsNi4zLDQuNCw5Mi4zLDMuMyw0LjMsOTEuMywzLjEs
OTk1LjUsMCwwLDMzLjMsMjQ5LDc0KjRGDQoNCiRXNU01QSwxMjA0MjEsMDgw
MDA1LDY2MGQwMDI4NDQ5Y2UyNDYsMixEQVMgMiwxMi45LDEzLjAsMC4yLDAu
NCwwLjAxLDU5MSw1OTQsMTU3LDYyOSwwLDEzLjYsMTAuNzUsOTI3KjU0DQoN
CiRXNU01QSwxMjA0MjEsMDgwMDA1LDY2MGQwMDI4NDQ5Y2UyNDYsMyw3RjAw
NzUwMjNBMDAwMDUzMzIzMDMxMzIzMDM0MzIzMTMwMzczNDMwMzAzMDU1NUIw
MDMxMzIzMDM0MzIzMTMwMzczNDMwMkM1NDQxNDIzMDMwMzAzMDMwMkMyRDMw
MzUzMTJFMzEyQzJDMzEzMjJFMzQzMzJDMzQyRTMwMkMzMzM2MzAzMDJDMzYz
MDJDMzYzMDJDMzEyQzMwMzAzNTM3MzAyQzMzMkUzNDMyMkMzMTJFMzIzNjJD
MzEzODM0MkMzMDJDMzAyRTMxMzczMzJDMkIzMDMwMkUzMDBEMEFFRTEwOUMw
QkI0MTM3RjAwNjcwMjNBMDAwMDU3MzIzMDMxMzIzMDM0MzIzMTMwMzczNDMw
MzAzMEZGNEQwMDAwODBGQjQ0MDA4MEQyNDMwMDg4OTA0NzAwMDBDNjQyRDBC
MzYxM0ExOEE5MDE0MTU4NDIxRjNCNkQ2OEIwM0E4NTczNDY0MTczNTRGMzNB
RTJFMTk4NDEzOTBDREE0MDU2NTUwNTQyQjE1MEY3NDFFNkJCQ0YzQUIyRTE3
ODQzNEE5QjkzNDI2Q0YxMUUzMUQyMUYxMkVENTVDMTdGMDQ1MjAyM0EwMDAw
NEI1NjQ4MjAzNzMyMzAzMTMyMzAzNDMyMzEzMDM3MzQzMDMwMzA1ODAwMDAw
MDhGQzJGNTNDMEFEN0EzM0JCOEUxNzg0MzQyOUI5MzQyODlBMzUyNDM4NjBE
OEM0MjIyRDM2RjQzQkRFMTkyNDIxOTk1NDA0MDE5N0Q5QzQyMERBRDY3NDJD
NkZDOTc0MkZDMEVBQjQzRDQzMTk5NDI4QkNEOTI0MzIyMjg5MDQyN0M4RjU4
NDNBMjZFOTY0MkI5QjIyMTQzNDk3OTlBNDI4MkM4RTg0MkMyNENBMTQyQTA4
MTQzNDJBQ0FCOTU0MjhDM0NBMzQyODM1MzhCNDJGMjIyRDI0MjgyNUU4QTQy
QUIwMzUxNDNCQkI3OUE0MjdGMTY4ODQzNzZGODdFNDIzMkQzOEY0MzUxODM3
RDQyMkU1NUE0NDM1NDcwODQ0MjIzM0Y4OTQwMTI4RTg4NDJEMUIzMUQ0MjZD
REM5MjQyRjI0QUY5NDJGNEQ1OTQ0MkQxQzRCRTQyMDQ1NjkwNDI0QjUxNTk0
MjQ0RUU5MDQyNjYxRjg1NDNCQTlCOTk0MjdDOTQ3OTQzNkFDQTkwNDJBODRG
OUI0M0ExMzI5MzQyRUZBNEExNDNDRDZCN0Y0MjNEM0Y5MDQzMDA2QThBNDI2
QTlBNTE0MzNEMTI4QTQyOUQxNTUyNDM3QkIwOEY0MjFFOTY3NzQzM0U1NTg0
NDIyNDg5NzQ0MzNEMTY4MTQyMDQxRjQ3NDNBN0IyOTU0MkRERkFERTQyRTcw
MThFNDI4MzcwQzg0MkQ4RkQ4QTQyNkIwMTMyNDNDREMwOUE0MjFFNkM0MjQz
MzkxMjg4NDJGOTE4MkU0M0U1RTg4RTQyN0YwNUM2NDI0NTZDOUY0MkQ5MTY5
MTQzMDJERThFNDJENkRFODk0MzQ0RUU4ODQyMTEyMjlGNDM3RUMyOTY0MkFC
QzNCMTQyNUEzRUEwNDJFMjJCMkU0MzdFMUI5MjQyREFBODI5NDM1MUZDOEU0
MkQ2QzEzODQzMjkyRDkzNDJBNkQ2ODY0MzZDQzI5RDQyOTc1OUEyNDMyOUJD
OUM0MjA0MjQxQzQzN0NBNjk5NDIyOTE5RDU0MjkwQzE5QjQyRjI4RjlCNDM5
QTgwOTE0MjY0NDM4NTQzNUI4Mjg2NDJCRkMzN0I0MzFCQ0E4ODQyQkMyRDc3
NDNDRTFBOTk0MkNFQ0Y2ODQzRkMxQTk5NDI2RTdFNUE0MzZBRDQ4QzQyQ0Mx
OTFENDM1Q0YzOUE0MjMxM0Y5NDQyNUFBRTkxNDI0RDZDNEY0MkQzOEE5NzQy
RDBCRUI1NDJFRUQ2OUI0MkIxQ0YyNDQzNTExNjk0NDJDQUFGNjY0Mzg4MjU5
MzQyQjk4NEIzNDNGMjY1OEM0MjNDNDRERjQxNzY5MDg3NDIxOEI1RDA0MTFE
MjU4RjQyMjI5NzUyNDJDNEQyOUI0MjNFMDgxODQzM0RGMDk3NDI1NDFDNDA0
MkJGQ0E5QzQyQzYxNDkzNDE4RDkxOTE0MjAyMzcwOTQyODg3ODhDNDJDMzE3
ODA0MjMwNzY4ODQyM0I5QUUwNDJFNjdGOEE0MjE2MjAxOTQzMDM5ODhBNDIx
QTVDMUQ0M0ZEQ0Y4RjQyNkU1NjI5NDNCRA==

--SBD.Boundary.605592468
PROCESS /noc/users/iridburst/exec/irid_300224010734970_upd.pl
Last Run  ----1970-01-01 00:00:00 
MONTH  5 
DATA  xxrecord 2012-04-21 08:00:05 :: $W5M5A,120421,080005,660d0028449ce246,1,DAS 2,,,0.7,271,1.5,6.3,4.4,92.3,3.3,4.3,91.3,3.1,995.5,0,0,33.3,249,74*4F
 
INSERT
STATION sbdservice
IRID_ID 300224010734970
BODY 
Content-Type: application/x-zip-compressed; name="SBMmessage.sbd"
Content-Disposition: attachment; filename="300224010734970_002812.sbd"
Content-Transfer-Encoding: base64

JFc1TTVBLDEyMDQyMSwwOTAwMDUsNjYwZDAwMjg0NDljZTI0NiwxLERBUyAy
LDUwNTMuNTQ0OE4sMTIzLjcxMTFXLDIuOSwxOTEsNC41LDYuOSw2LjMsODgu
NCw0LjUsNi4xLDg5LjgsNC42LDk5NS44LDAsMCwzMy4zLDI4MSw2NCo2Mw0K
DQokVzVNNUEsMTIwNDIxLDA5MDAwNSw2NjBkMDAyODQ0OWNlMjQ2LDIsREFT
IDIsMTIuOCwxMy4wLDAuMiwwLjQsMC4wMSw1OTEsNTk0LDE1Nyw2MjksMCwx
My45LDEwLjc1LDkyOSo1NQ0KDQokVzVNNUEsMTIwNDIxLDA5MDAwNSw2NjBk
MDAyODQ0OWNlMjQ2LDMsN0YwMDc1MDIzQTAwMDA1MzMyMzAzMTMyMzAzNDMy
MzEzMDM4MzQzMDMwMzA1NTVCMDAzMTMyMzAzNDMyMzEzMDM4MzQzMDJDNTQ0
MTQyMzAzMDMwMzAzMDJDMkQzMDM1MzEyRTMxMkMyQzMxMzIyRTM0MzQyQzM0
MkUzMDJDMzMzNjMwMzAyQzM2MzAyQzM2MzAyQzMxMkMzMDMwMzUzNzMwMkMz
MzJFMzQzMjJDMzEyRTMyMzYyQzMxMzgzNTJDMzAyQzMwMkUzMTM3MzMyQzJC
MzAzMDJFMzAwRDBBRjExMEVBODNDMjJBN0YwMDY3MDIzQTAwMDA1NzMyMzAz
MTMyMzAzNDMyMzEzMDM4MzQzMDMwMzBGRjREMDAwMDgwRkI0NDAwODBEMjQz
MDAxMEE0NDcwMDAwRkM0MjJBMDg0MzNBNTdDRENBNDBDNDJFMTMzQkE1MUNB
MjNBRkJDMTQwNDE3MUZBREMzQTRCQzk5ODQxMzQ3MUM0NDA1NjU1MDU0MkVC
NzJGOTQxOUI2MkM2M0FGODc0OEM0Mzc1MjU4MDQyNThCQTMwMzE3NzFGRTBC
Q0EyNDg3RjA0QkUwMjNBMDAwMDRCNTY0ODIwMzczMjMwMzEzMjMwMzQzMjMx
MzAzODM0MzAzMDMwNjEwMDAwMDA4RkMyRjUzQzBBRDdBMzNCRkE3NDhDNDM3
NDI1ODA0MjU3NEQ5NjQzQUYwMDVFNDI4MjU1OTM0M0VGRDk2OTQyQkZFNTg5
NDMwMTY0OEI0MjAwNUQ2QzQzMTYxRDhDNDJERUMyNzQ0MzdGQkI3QzQyRjBD
RDg2NDNDMTc5N0E0Mjc1MEM5QTQzMEIwRjg5NDI1MkREOUI0MzE3RUE5NzQy
Qzk2MDkxNDMyMTczOTk0MjY4RTM5NDQzNDBBMjlCNDJEMkU0NTk0MzNFRjA5
RjQyMDc3RTE1NDM5ODJGODY0MkQ2NkQxNDQzQjMxQTgzNDJENzI0Mzk0MzA2
NzI5QjQyQjIxMzdDNDNBNTI0OTI0MjcwQzY3QjQzMEYxNTc3NDIyQUZDNzA0
M0I0NEY3QzQyQzQxNDVENDM2MTI2OEQ0MjE2Nzg1QzQzOTBCRDhENDIzNDUw
Njc0M0I1MkI4RTQyRDhCRTdDNDNFRTJFOTI0MkYxRjk1MTQzODBENjkwNDJD
NUQwMkQ0M0MxNjc3QzQyQjA0MjA1NDM5M0YyOEY0MkU2N0MyMTQyOUJBMzk3
NDJFQkY1NTE0M0YxRTc4OTQyRjA5NTNDNDNBODA4NTQ0MjgzN0ExQjQzMjI0
RTUyNDI4MjcyMDk0MzlGOEI4MjQyMTUxNkIzNDFBOEMxOUI0MjIzMzRBRTQz
OEE5NDgyNDI5QUEyQUE0M0NBNkY4QjQyNzkzMzcwNDM3OTRCOTQ0MkQzMzk2
MjQzM0MzNDkyNDJCMkZBQTQ0M0RGNjM3MzQyRDI2N0E1NDM1QzczN0Y0Mjkw
NjA5RjQzMTlEMTkxNDI0QjBCODQ0MzQxRUY5NDQyQUQ4RjgyNDNDMUZBODk0
MjNGNjA4NDQzRjk2RjgyNDIzMEE2OTA0M0NDRjY4MjQyRjM4MzkyNDNDRTZG
NzM0MjNFQzU5MjQzRTFGRTg3NDI4QTI0OTc0Mzc2NjA5MzQyMDRENTk1NDMz
MkZCODg0MkMyOTA5RTQzNzZGNjg0NDJCQTBDQUQ0M0JDQ0Q4RDQyRENBMjJC
NDNFNjg4OTU0MjcxNDkzNjQzQTNFNTgyNDJCRTBCNEY0MzVEMDU4QTQyQkM3
RDY0NDM2RTAxOEY0MjY2QTU1MTQzMUE1RDk2NDIzRTU5RjI0MjZDNTU5RDQy
RkNDNjJGNDMxN0JCOUM0MkE4QUNBMjQzRkJDQzlCNDI1RjUzQTU0MzNGOTE5
NzQyMUY5QjYwNDNEMDQyOTU0MjU3RDc1NDQzMEY5NjhBNDI3Qjg0NTI0M0E5
MEE5MTQyQTVFRkUwNDJFNzRBOTk0Mjc0NjQ5RTQyMTUxMjk3NDJERTRCMDc0
MjQzMDU5QjQyRjE5RDlFNDI5QzQwOTE0MjdBMkVGNDQyRDhBNzhBNDI3MEYy
MzI0MzU3NTU4RTQyOTdENTc2NDNFMDRGOEQ0MkY4QkI4QjQzQ0FCNTkyNDIw
MzgwODk0M0IxOEE4RDQyQkFBNzhDNDM4Rjk0ODk0Mjc3REU5QzQzOUMyRTk4
NDJBODlGMUM0Mjk1NUE5RTQyN0Q1RDFFNA==

--SBD.Boundary.605592468
PROCESS /noc/users/iridburst/exec/irid_300224010734970_upd.pl
Last Run  ----1970-01-01 00:00:00 
MONTH  5 
DATA  xxrecord 2012-04-21 09:00:05 :: $W5M5A,120421,090005,660d0028449ce246,1,DAS 2,5053.5448N,123.7111W,2.9,191,4.5,6.9,6.3,88.4,4.5,6.1,89.8,4.6,995.8,0,0,33.3,281,64*63
 
INSERT
STATION sbdservice
IRID_ID 300224010734970
BODY 
Content-Type: application/x-zip-compressed; name="SBMmessage.sbd"
Content-Disposition: attachment; filename="300224010734970_002813.sbd"
Content-Transfer-Encoding: base64

JFc1TTVBLDEyMDQyMSwxMDAwMDUsNjYwZDAwMjg0NDljZTI0NiwxLERBUyAy
LCwsMi42LDMzNiw3LjEsNy45LDguNiw3My41LDQuMSw4LjUsNzcuMSw0Ljgs
OTk2LjMsMCwwLDMzLjMsOTMsNzIqNzQNCg0KJFc1TTVBLDEyMDQyMSwxMDAw
MDUsNjYwZDAwMjg0NDljZTI0NiwyLERBUyAyLDEzLjEsMTMuMiwwLjIsMC40
LDAuMDEsNTkxLDU5NCwxNTcsNjI5LDAsMTMuNywxMC43NSw5MjgqNTgNCg0K
JFc1TTVBLDEyMDQyMSwxMDAwMDUsNjYwZDAwMjg0NDljZTI0NiwzLDdGMDA3
NTAyM0EwMDAwNTMzMjMwMzEzMjMwMzQzMjMxMzAzOTM0MzAzMDMwNTU1QjAw
MzEzMjMwMzQzMjMxMzAzOTM0MzAyQzU0NDE0MjMwMzAzMDMwMzAyQzJEMzAz
NTMxMkUzMTJDMkMzMTMyMkUzNjMyMkMzNDJFMzAyQzMzMzYzMDMwMkMzNjMw
MkMzNjMwMkMzMTJDMzAzMDM1MzczMDJDMzMyRTM0MzIyQzMxMkUzMjM2MkMz
MTM4MzYyQzMwMkMzMDJFMzEzNzMxMkMyQjMwMzAyRTMwMEQwQUYxMTBERjU1
N0ZDOTdGMDA2NzAyM0EwMDAwNTczMjMwMzEzMjMwMzQzMjMxMzAzOTM0MzAz
MDMwRkY0RDAwMDA4MEZCNDQwMDgwRDI0MzAwOThCNzQ3MDAwMEYyNDJENDBF
NTczQTIxMDVEMzQwOTJFNjFFM0I3QjM5QTkzQUY3QkEyRjQxRDU0NEVDM0FE
ODJCODI0MUI2QkFDMTQwNTY1NTA1NDIyMTQxRjI0MTVBNkJDRDNBRTU3MkJB
NDJBQjgzOEY0MjY4NDkxNzMxQjMxRjc2NEM2MzMxN0YwNEE2MDIzQTAwMDA0
QjU2NDgyMDM3MzIzMDMxMzIzMDM0MzIzMTMwMzkzNDMwMzAzMDVGMDAwMDAw
OEZDMkY1M0MwQUQ3QTMzQkUxNzJCQTQyQUI4MzhGNDJDMTJFNzg0MjI5MzE4
NDQyODgwNTcyNDJDQjQzOEY0MjBCNTIwNDQzQzIzRjlCNDIzNDc0MUU0M0Y2
OUY4RjQyMDc1M0YxNDJBMjVEOTE0MkQ2OTVFMzQyNEU4NTk0NDIyMDEwMzg0
M0U0NTM5RDQyMUE2NTk0NDNGNzMwOTk0MkU2MDNCMDQzNEYzNjk4NDJBQjc5
MEI0MjM3NTI5MDQyQ0NBM0E1NDMzRUY1OTI0MjVDNjA5NjQzMjUwQjhCNDJB
NzVGOTY0MzUxNzU5MDQyODY3Njg1NDNFQkE3OTM0MjkwRDk2NDQzMkFFMDhE
NDI1NTA3NjM0MzA4NUM5NDQyRjAxMEE2NDJEOUE1OTY0MjhEODE0QjQyRTRD
QTgzNDI1QUQxNjk0MUQ4MUQ4RTQyOTQ5QjgyNDMyODVBODY0MjQ1NTM4MjQz
NDlCRDY5NDJBQjc5OTI0M0VBMEM2QTQyMkIwREEzNDMwNEZDODk0MkMxQ0I1
QjQyQzI4QzlENDI0RTVBQTA0MjUzNDI5NjQyMDgzODk1NDE4RDM1OTE0MjJB
NTI4MTQzODVFODg5NDIxQTU1NkY0MzA0MjY3QzQyMjI1RjYxNDM4QTlDOEE0
MjcxODMyRTQzNzE3RDlENDIzRTRDQUI0M0I0REQ5RDQyQzhCMTc0NDM2RkQ5
OTU0MjRDNkM1MzQzRDU5Qjg4NDI1REEwMzU0Mzg2QTA2QzQyQ0MzODJENDNF
NEE5ODE0MkEzMTAyQjQzNjg3ODhFNDI4RDg2NUM0M0QwMEE5QjQyRjQyNzk1
NDMwNzNBOEY0MjQyRUM5RTQzNDk5NDg4NDI5MjdEQUE0MzQ5RTA5OTQyMTBC
QzNENDM1MEY2OTk0MkI5RTM2NzQzMzM3OTkwNDJFNEIzNTg0MzFFODU4OTQy
Qzk0QzVCNDNBRDE5ODA0MkU1NDI3MDQzREQ1RTg5NDI3RTdBQTE0M0RBN0Y4
NzQyMUE3N0FENDNBMThBOEU0MjI2RDgxMDQzRkI0Qjk5NDJDRUNGNEM0Mzgz
Njk5NDQyRUJDNDdFNDMzNjUyOTI0MjE5MDU2NDQzQ0Q5RDhBNDI1NDM5NEM0
MzZCRjQ3OTQyNzBBRTMyNDNCMjBEOEM0MkVERUYwNTQzNTFBQzhGNDJGMjg0
MDk0MzAzNUQ4RTQyREQxQTA3NDM4MThEOTI0MjlFNTIxNzQzRjIxMDkxNDIy
RjNGRkM0MkZBQzk5ODQyNTM1NUFGNDIyMUMxOUM0MjMyOUM5RjQzQUU1NzlD
NDJCMURDQUI0M0U0RTk5MDQyQkY2MjhENDA0MEJGOEU0MkYwNDhCMzQzQzc5
Njk0NDJEREJBQUM0MzQwMEY5MTQyQTk2ODhFM0ZGQUE4OUE0MjhFREUxMjQz
N0NGQTk2NDI3MjZEMjQ0MzU3OEM5MzQyODIwOUZENDI0NTU3OUM0MjU4MEM4
MTQxMEQ0QjlCNDI1MDk3QTU0M0EwODc5QzQyQTVFOEExNDM2REM1OTY0MkMz
M0I5NzQzRjBGMjk4NDI5RThGNDY0MzEwRQ==

--SBD.Boundary.605592468
PROCESS /noc/users/iridburst/exec/irid_300224010734970_upd.pl
Last Run  ----1970-01-01 00:00:00 
MONTH  5 
DATA  xxrecord 2012-04-21 10:00:05 :: $W5M5A,120421,100005,660d0028449ce246,1,DAS 2,,,2.6,336,7.1,7.9,8.6,73.5,4.1,8.5,77.1,4.8,996.3,0,0,33.3,93,72*74
 
INSERT
STATION sbdservice
IRID_ID 300224010734970
BODY 
Content-Type: application/x-zip-compressed; name="SBMmessage.sbd"
Content-Disposition: attachment; filename="300224010734970_002814.sbd"
Content-Transfer-Encoding: base64

JFc1TTVBLDEyMDQyMSwxMTAwMDUsNjYwZDAwMjg0NDljZTI0NiwxLERBUyAy
LDUwNTMuNTQ0NE4sMTIzLjcxODFXLDQuNiwzNTIsOS45LDkuNywxMC43LDU1
LjIsMi4xLDEwLjYsNTguMCwyLjcsOTk2LjgsMCwwLDI4LjYsNDQsNzEqNUMN
Cg0KJFc1TTVBLDEyMDQyMSwxMTAwMDUsNjYwZDAwMjg0NDljZTI0NiwyLERB
UyAyLDEzLjYsMTMuOSwwLjIsMC40LDAuMDEsNTkxLDU5NCwxNTcsNjI5LDAs
MTMuOCwxMS4xNCw5MjYqNTINCg0KJFc1TTVBLDEyMDQyMSwxMTAwMDUsNjYw
ZDAwMjg0NDljZTI0NiwzLDdGMDA3NTAyM0EwMDAwNTMzMjMwMzEzMjMwMzQz
MjMxMzEzMDM0MzAzMDMwNTU1QjAwMzEzMjMwMzQzMjMxMzEzMDM0MzAyQzU0
NDE0MjMwMzAzMDMwMzAyQzJEMzAzNTMxMkUzMTJDMkMzMTMzMkUzMTM4MkMz
NDJFMzAyQzMzMzYzMDMwMkMzNjMwMkMzNjMwMkMzMTJDMzAzMDM1MzczMDJD
MzMyRTM0MzIyQzMxMkUzMjM2MkMzMTM4MzcyQzMwMkMzMDJFMzEzNjM4MkMy
QjMwMzAyRTMwMEQwQUYyMTBBRTk2MzFDOTdGMDA2NzAyM0EwMDAwNTczMjMw
MzEzMjMwMzQzMjMxMzEzMDM0MzAzMDMwRkY0RDAwMDA4MEZCNDQwMDgwRDI0
MzAwMjBDQjQ3MDAwMEMyNDI0NjQ1NzAzQTBCNDRGRTQwMTQ4NDU2M0I0Mzg2
REYzQTc5MkU4MTQxRDVERDJCM0IxNjdGQUY0MUNEOTcwRTQxNDk5MkU0NDEy
MENFRUI0MTI3QTIxOTNCRTYyQzJGNDIwREZBOEM0MjY5MjU3MDMxMUExRDdG
OTg3ODdCN0YwM0NFMDIzQTAwMDA0QjU2NDgyMDM3MzIzMDMxMzIzMDM0MzIz
MTMxMzAzNDMwMzAzMDREMDAwMDAwOEZDMkY1M0MwQUQ3QTMzQkU2MkMyRjQy
MTNGQThDNDJENUMzN0M0MjNFMTQ4NDQyRDBENTYzNDIxRjRFOEM0MjdGMDkw
NjQyQkEwMDkzNDI5NUQ0MzY0MTUwMjc4QzQyQjJGNEIyNDNCMkQ0OEU0MjA4
QjNCMDQzNUNDMTk0NDI2NDgwM0M0MjY1RUY5NjQyNkNBMEM2NDJGRUQ4OEU0
MkZDNjNFQjQyRURGNDlFNDI5OERGODM0Mzk1NjA5NjQyOERFRDc4NDM2MDg2
OTU0MjFCRkQ1QjQzOTI0ODk2NDIyRUQxMzk0M0IwOTg5MzQyQjgzM0YzNDIx
RThCOTA0MjAzODNFMTQyNzgyMjhENDI5OTExNkM0MkI1MkY5OTQyQzIwMkE4
NDM2MDg3OEM0MkRERERBRDQzM0JGRjhFNDI0OUE1QzU0MkVGREE5ODQyODI2
MDQ1NDM3QTI0OEI0MjgzN0U1MDQzMjY0Mzg0NDI3OEMxNEY0MzE0RTI5MTQy
MkVFNDZDNDM5RDc0OTg0MjhFRUQ5MzQzNTY4Qjk2NDJBMzE1QTg0MzYzQTM4
MDQyNzA2N0E2NDMzRUMzNjY0MkJDNDlBMzQzNzNCNzdFNDIzMDY1QTY0MzJC
NjE5NTQyQzA1NUY5NDEwMTM4OUI0MjI4N0E5QzQzMjlEODlENDI3RTM4NDY0
Mzg2RDM5OTQyNEI3MTJDNDMyRTNBOUQ0MjYxQjMyQTQzODA2MjkxNDI3QUIx
MUQ0M0NCQ0U3MzQyRUM2OTEzNDMxQTE1ODk0MkY0MDcwMzQzQzNGNjlFNDJF
NDkyQTM0MzFFNzc5MzQyOTA4QTg2NDNDRTg4OUM0MjFFRDkyNTQzMDEwQzkz
NDJFOTEwMUE0MzBGOEM5NzQyODg0OUFBNDMzMjQxOTM0MkZBNDRBRDQzNzAy
Njg5NDI3RjdDNTg0MTRDNTQ5MzQyNUIzMTg5NDJEMTIxOTU0MkQzNDQyQzQy
NkU1RDk3NDJDODQ5OUM0MzFEMDk5ODQyODgwMzgwNDM3QjRBOTI0MjQ2MzI3
MzQzQTFDNzhCNDI5QjQ5NTY0MzgyRjE5MzQyNDg2RDlGNDJEREFGOTg0MjlF
M0NDQTQxMEYxQjgwNDI4NkNEQTQ0MTkwRTI4MzQyRDVCMkFFNDE5NTRGOTI0
MjVGMjNBNjQzODJGQTk3NDIwRUEwOTE0M0QyOEU5QTQyRkY4NThFNDNCNzhF
OUQ0MkRDMjU5NjQzRDlCRjk0NDI5QzNBOTc0MzI1NEE4RDQyMzU5MDk2NDM0
M0ZEOTQ0MjhDQjI5RTQzMDQ2MTk2NDIxNjEwOTg0MzQ5MDA5QjQyRkNEMjkw
NDMyMTYwOUM0MjVBQzJBMTQzMkZENzhGNDI2MEI5OUI0MzU4MzY5MTQyMzg0
ODU2NDNGOUYzOTM0MjkwQkI1NzQzMDZGRThBNDIzMTY5ODk0MzJEM0Y4MjQy
NTQzODhGNDM0QUE0NzM0MkRDNzg4QTQzQTRGQTgzNDJEMThGODU0MzkzRkQ4
ODQyRDBDRDg5NDMzQTJGOTY0MkIyNkZBMA==

--SBD.Boundary.605592468
PROCESS /noc/users/iridburst/exec/irid_300224010734970_upd.pl
Last Run  ----1970-01-01 00:00:00 
MONTH  5 
DATA  xxrecord 2012-04-21 11:00:05 :: $W5M5A,120421,110005,660d0028449ce246,1,DAS 2,5053.5444N,123.7181W,4.6,352,9.9,9.7,10.7,55.2,2.1,10.6,58.0,2.7,996.8,0,0,28.6,44,71*5C
 
INSERT
STATION sbdservice
IRID_ID 300224010734970
BODY 
Content-Type: application/x-zip-compressed; name="SBMmessage.sbd"
Content-Disposition: attachment; filename="300224010734970_002815.sbd"
Content-Transfer-Encoding: base64

JFc1TTVBLDEyMDQyMSwxMjAwMDUsNjYwZDAwMjg0NDljZTI0NiwxLERBUyAy
LCwsNS42LDI4NCwxMC45LDExLjUsMTEuMyw1NC40LDIuNCwxMS4zLDU2LjMs
Mi45LDk5Ny4zLDAsMCwyOC42LDQ3LDUyKjdCDQoNCiRXNU01QSwxMjA0MjEs
MTIwMDA1LDY2MGQwMDI4NDQ5Y2UyNDYsMixEQVMgMiwxMy41LDEzLjksMC4y
LDAuNCwwLjAxLDU5MSw1OTQsMTU3LDYyOSwwLDEzLjgsMTEuNTMsOTI1KjUy
DQoNCiRXNU01QSwxMjA0MjEsMTIwMDA1LDY2MGQwMDI4NDQ5Y2UyNDYsMyw3
RjAwNzUwMjNBMDAwMDUzMzIzMDMxMzIzMDM0MzIzMTMxMzEzNDMwMzAzMDU1
NUIwMDMxMzIzMDM0MzIzMTMxMzEzNDMwMkM1NDQxNDIzMDMwMzAzMDMwMkMy
RDMwMzUzMTJFMzEyQzJDMzEzMzJFMzMzMzJDMzQyRTMwMkMzMzM2MzAzMDJD
MzYzMDJDMzYzMDJDMzEyQzMwMzAzNTM3MzAyQzMzMkUzNDMyMkMzMTJFMzIz
NjJDMzEzODM4MkMzMDJDMzAyRTMxMzYzNzJDMkIzMDMwMkUzMDBEMEFGMDEw
MDU0MjcxRkI3RjAwNjcwMjNBMDAwMDU3MzIzMDMxMzIzMDM0MzIzMTMxMzEz
NDMwMzAzMEZGNEQwMDAwODBGQjQ0MDA4MEQyNDMwMEE4REU0NzAwMDAwMzQz
QzI2RjQxM0EyNTI4QzQ0MDk3RTc4MjNCNzYzNkExM0E0NEE0MkQ0MTRBNTRG
NTNBQ0ZDOTdFNDFFNTA2RkI0MDQ5OTJFNDQxM0U5OEU2NDFCOEVCRTQzQTEz
OUYzQzQyNzJDMDUwNDIwQkI0NTIzMTA2MjBFRENCNjY5NjdGMDNGRTAyM0Ew
MDAwNEI1NjQ4MjAzNzMyMzAzMTMyMzAzNDMyMzEzMTMxMzQzMDMwMzA1MTAw
MDAwMDhGQzJGNTNDMEFEN0EzM0IxMTlGM0M0Mjc1QzA1MDQyNDg4QzVCNDIy
NEQ5MTI0MjlGRDI1QzQyOUZGOTFGNDIyMDM5NkY0MjgyREQ1MzQyNDkzQjMz
NDI5MjNFNzY0MjA2RDVGMzQxNzgyOTY2NDIwRDY5MTU0MkVEMEY1RDQyQzMx
QTBCNDIzQTJFNTI0MkRBOThBQzQxMTBFQjYyNDI5RUM4MjA0MTEwMjk4NDQy
QTZBQzg5NDNBMzlDOTg0MkM4MzM2OTQzN0VENzhENDIwQUUzNkI0M0NDNjk4
RjQyMjFDNTgwNDM4NUZDOEM0MjI3M0Y5NDQzRjEyMDhENDJEQzRCOTY0Mzkz
OUQ5MzQyRDM2M0FGNDM1Q0EyOUI0MkYwNUIxODQyNEIzMjg1NDJBRDI3MjI0
MkRDOTA3NzQyM0MxOEQ2NDFDRTI4ODc0MjZFRjBCMTQzQkM0QzkwNDI1OUEz
QUM0M0U4QTY4RjQyRjg4M0EzNDMzODBDOTU0MkRDQjE4NzQzN0ZEQzhGNDI5
ODI1Nzk0M0YwRTY4RDQyRjc0NzUyNDM0NzAxOTM0MjM1RkI3MDQzRTdEQjkw
NDI0MDhBODk0MzM4QjE5MDQyNDZEMzQ4NDMzRjVFOTE0Mjc4RTU0NDQzRjdG
MTg3NDJCNDM0NzY0MzhGNDQ5MTQyODA2NjgxNDNEQjlCOTE0MjFBOTA0NDQz
MEY4Mjk3NDIzOEM1MTk0MzgzMTM5NzQyMjQ5NjdFNDM4QkY3N0U0MkRCQ0Yz
MzQzQTc4MzhCNDIxM0YzNDE0Mzk1NDg4RTQyNzM1ODYyNDNBMzY2OTM0MkJD
RDI5MDQzQUM4QTk0NDJEOTc1OTU0M0Q1RTU5OTQyN0FGMzY1NDMzMTFGOTQ0
MjYwQjg2ODQzMkE0NDhENDJGRTY2NjM0M0MwNkY5NjQyMzUwRDFBNDM1OUNC
OUE0MjhGRDlFNzQyMDQwMjk1NDJGN0NGMEU0MzI1ODg4QTQyRDgyOTFFNDM2
NTA3OTA0MjdGMDgzMjQzRTQ2MzlGNDJBMEE1NEY0M0Q0ODNBMDQyMzcwMTM0
NDMzQ0Q3OTQ0MkYzNUEzQTQzRUUxNDkxNDIzMTUzNzQ0M0FEMkQ5RDQyNTVG
NDlCNDNFMjJEOTM0Mjk5OTZBNDQzNzcyRDhBNDJBRjcxMjY0MDEwRTM4QjQy
QjRDNTkzNDJFNURFODQ0MkIzRkFBRjQyNjIzMThFNDJFMTE0MDI0MjA3RjU5
NDQyMkRBQUMzNDEzQjYwOEY0MjY3Mzc5RjQzMzU0RDkyNDI2ODFBODA0M0U0
NEU5NDQyMzVDNDFCNDNFQTQ4OTI0MjVGNkUxNTQzOTJFMDkyNDI2QUU0NDk0
MzJBQkU5QzQyNUMwOThGNDNCNzhFOTU0MkI1RDY5MDQzRThCQTg3NDIzOTgz
OTI0MzNDOTM4RDQyMTU0MTU4NDM0OUNBOUI0MjQ4REYxQjQzNkYwNjk5NDJE
RUREOTE0MjI2QkY5NDQyN0IyRTI2NDJDRTNCOEQ0MjYwQTExNTQxRENFODlD
NDIzMzQ5NDc0M0IyMUI5MzQyQjNENjBCNA==

--SBD.Boundary.605592468
PROCESS /noc/users/iridburst/exec/irid_300224010734970_upd.pl
Last Run  ----1970-01-01 00:00:00 
MONTH  5 
DATA  xxrecord 2012-04-21 12:00:05 :: $W5M5A,120421,120005,660d0028449ce246,1,DAS 2,,,5.6,284,10.9,11.5,11.3,54.4,2.4,11.3,56.3,2.9,997.3,0,0,28.6,47,52*7B
 
INSERT
STATION sbdservice
IRID_ID 300224010734970
BODY 
Content-Type: application/x-zip-compressed; name="SBMmessage.sbd"
Content-Disposition: attachment; filename="300224010734970_002816.sbd"
Content-Transfer-Encoding: base64

JFc1TTVBLDEyMDQyMSwxMzAwMDUsNjYwZDAwMjg0NDljZTI0NiwxLERBUyAy
LDUwNTMuNTQzM04sMTIzLjcxNjNXLDIuOCwxODksNS45LDEyLjUsMTEuMSw1
Ni41LDIuOCwxMC45LDU5LjksMy41LDk5Ny40LDAsMCwyOC42LDMzNiw3Mio1
Qw0KDQokVzVNNUEsMTIwNDIxLDEzMDAwNSw2NjBkMDAyODQ0OWNlMjQ2LDIs
REFTIDIsMTMuNiwxNC4yLDAuMiwwLjMsMC4wMSw1OTEsNTk0LDE1Nyw2Mjks
MCwxMy45LDExLjkzLDkyNSo1Ng0KDQokVzVNNUEsMTIwNDIxLDEzMDAwNSw2
NjBkMDAyODQ0OWNlMjQ2LDMsN0YwMDc1MDIzQTAwMDA1MzMyMzAzMTMyMzAz
NDMyMzEzMTMyMzQzMDMwMzA1NTVCMDAzMTMyMzAzNDMyMzEzMTMyMzQzMDJD
NTQ0MTQyMzAzMDMwMzAzMDJDMkQzMDM1MzEyRTMxMkMyQzMxMzMyRTM3Mzcy
QzM0MkUzMDJDMzMzNjMwMzAyQzM2MzAyQzM2MzAyQzMxMkMzMDMwMzUzNzMw
MkMzMzJFMzQzMjJDMzEyRTMyMzYyQzMxMzgzOTJDMzAyQzMwMkUzMTM2MzQy
QzJCMzAzMDJFMzAwRDBBRjcxMDFDQzREMjNCN0YwMDY3MDIzQTAwMDA1NzMy
MzAzMTMyMzAzNDMyMzEzMTMyMzQzMDMwMzBGRjREMDAwMDgwRkI0NDAwODBE
MjQzMDAzMEYyNDcwMDAwMEY0MzMwQTQzQzNBNjJFRkIzNDBENjg2NzAzQjRC
OEY5NDNBMjg0NTE3NDEwMUM1Q0IzQTYwRDc0QjQxRjQzMkMyNDA0OTkyRTQ0
MTgzNTlFQTQxNDk1Q0RDM0E2QjJGQTg0M0Q2NjU4RjQyMzkyRDI4MzEyNTFF
NTgzMUQxMzk3RjA0QkUwMjNBMDAwMDRCNTY0ODIwMzczMjMwMzEzMjMwMzQz
MjMxMzEzMjM0MzAzMDMwNjEwMDAwMDA4RkMyRjUzQzBBRDdBMzNCNkMyRkE4
NDNENzY1OEY0MjdFREVBMDQzNUUzQThDNDIzNDg2OTY0M0FEMkU5MDQyOUJC
MEYzNDA1M0UxOTQ0MjQxQjYyRTQyMjZFQjdGNDJFMjEzODY0MkFFRTA4NzQy
QkFDRjAyNDMwNzFFOTg0MjRDQzBBNTQzRENCMDlENDI0Q0Y4QTU0M0ZBODA4
OTQyRkFFMjkxNDM0QjgyNjQ0MjNGM0M5MDQzRUVEOTcwNDI5ODYyQTQ0MzY2
RTc4RjQyQkI4NDQzM0UxMzAwOTU0MkE2MkMzODQzNTMxRUExNDIxMDNFRTI0
MkRCMTA4QzQyQkJGMTk0NDI5MTg0NzI0MjRDQzA4MDQyNTMwOTdFNDI5QjdG
OUI0MkVFNUU5MjQyMjcxNzQyNDMzNTBFQTA0MjFDQjU4MzQzMUE2RDk0NDI2
NTVBOUU0Mzg5MDU5QjQyNkVFREE3NDM0Mzg3OUE0MjI4NkY5MDQzODhGRTlD
NDJBMTgwRkY0MkYwRDM5QjQyNEYyQjk3NDMwQjk3OUQ0MjYwNzhCMzQzNkYy
ODhFNDIzRjVEMTE0MjhCMUU4MjQyMEUyMzM3NDJFOUI2ODc0MjFGRUY2NzQy
RTc0MTlENDI3MjgyNDQ0MzBGMkY4QjQyMEYxMDQ5NDM5REE4N0E0MjNDRUY0
MTQzRTJCQjhGNDI2OTI3MTY0M0NDREI5MzQyQkZBQzA1NDMyQkZDODg0MkEy
NzAwQzQzQjAyMDY1NDJDQ0NFRjM0MjMyN0M2QzQyNDY2QUMxNDIxMjAxOEI0
MkM4NUM1NTQxRkU1QTlENDI1NzYzQUY0MjgyMTc5QTQyRTJEQUE1NDIwRjQ0
OEI0MkUxQTZCNTQyRkFFRjk3NDI3MzQxMEY0M0NCRTM5ODQyMUMzMjEwNDNG
OTgwOTQ0MjJEQzAyNjQzMEFGMTlBNDJGN0YyQkE0MTczOEY5QTQyREM3RjJE
NDJBRTBGOUE0MjAyNTRGRDQyMjgzMTk5NDJDOUY5MUQ0M0Q2Rjc5QjQyQTky
RDcwNDMwREY5OEY0MjFDQkE2RTQzNjNEQjhDNDJGQzY0NEI0MzExNTU5RDQy
Rjc0ODE1NDEyOEQ0OUM0MkQ5RTc1RDQxOENBRjlGNDJERTlCOEY0MjAwOUI5
NDQyODUwMDNENDI1OENEOEM0MjlDRkZBMDQzMDZFRjhGNDIwODhBOEI0M0E3
MUY4MzQyNUFDRjgzNDMwRUM2ODg0MjQ2NEE4MjQzQUUzNjdGNDJFNjlFODc0
MzhFRkM3NzQyODQ5Nzg1NDNBMDY3OTE0MkQ3MDE4MzQzNTFCOTkzNDJGMkND
NzU0MzczNTU4QjQyODk0QjUzNDM0MTcwOTQ0Mjk5RDdDQTQyMzlDQzk5NDJB
Mjg5RUE0MURBNkI5MjQyQUFBNEE1NDNCODE4OEQ0MjgwNkQ3QzQzMkZENTky
NDI0OTA0M0Q0MzA3NTQ4RTQyRjA1NzM3NDMwRjU1OUM0MkIyODM5QTQzNTU0
QjhBNDIzNUE1OUU0MzIzOTI2QTQyQzRGMA==

--SBD.Boundary.605592468
PROCESS /noc/users/iridburst/exec/irid_300224010734970_upd.pl
Last Run  ----1970-01-01 00:00:00 
MONTH  5 
DATA  xxrecord 2012-04-21 13:00:05 :: $W5M5A,120421,130005,660d0028449ce246,1,DAS 2,5053.5433N,123.7163W,2.8,189,5.9,12.5,11.1,56.5,2.8,10.9,59.9,3.5,997.4,0,0,28.6,336,72*5C
 
INSERT
STATION sbdservice
IRID_ID 300224010734970
BODY --

From sbdservice@sbd.iridium.com Sat Apr 21 15:01:24 2012
Return-Path: <sbdservice@sbd.iridium.com>
Received: from istbsp02.sbd.iridium.com (outbound.sbd.iridium.com [12.47.179.11])
	by mercury.noc.soton.ac.uk (8.13.1/8.12.11) with ESMTP id q3LE1Jf3024738
	for <iridburst@noc.soton.ac.uk>; Sat, 21 Apr 2012 15:01:20 +0100
Reply-To: <sbdservice@sbd.iridium.com>
From: sbdservice@sbd.iridium.com
To: iridburst@noc.soton.ac.uk
Subject: SBD Msg From Unit: 300224010734970
MIME-Version: 1.0
Content-Type: multipart/mixed;boundary="SBD.Boundary.605592468"
Message-Id: <19740412024625.82947EEAB7637042@istbsp02.sbd.iridium.com>
Date: Sat, 21 Apr 2012 14:01:19 +0000 (GMT)
X-NOCS-MailScanner-Information: Please contact the ISP for more information
X-NOCS-MailScanner-ID: q3LE1Jf3024738
X-NOCS-MailScanner: Found to be clean
X-NOCS-MailScanner-SpamCheck: not spam (whitelisted),
	SpamAssassin (not cached, score=-2.599, required 5,
	autolearn=not spam, BAYES_00 -2.60)
X-NOCS-MailScanner-From: sbdservice@sbd.iridium.com
X-Spam-Status: No

SBM Message
--SBD.Boundary.605592468
PROCESS /noc/users/iridburst/exec/irid_300224010734970_upd.pl
Last Run  ----1970-01-01 00:00:00 
MONTH  5 
DATA  xxrecord 2012-04-21 13:00:05 :: $W5M5A,120421,130005,660d0028449ce246,1,DAS 2,5053.5433N,123.7163W,2.8,189,5.9,12.5,11.1,56.5,2.8,10.9,59.9,3.5,997.4,0,0,28.6,336,72*5C
 
STATION sbdservice
IRID_ID 300224010734970
BODY --

From sbdservice@sbd.iridium.com Sat Apr 21 16:01:11 2012
Return-Path: <sbdservice@sbd.iridium.com>
Received: from istbsp02.sbd.iridium.com (outbound.sbd.iridium.com [12.47.179.11])
	by mercury.noc.soton.ac.uk (8.13.1/8.12.11) with ESMTP id q3LF17NY029975
	for <iridburst@noc.soton.ac.uk>; Sat, 21 Apr 2012 16:01:08 +0100
Reply-To: <sbdservice@sbd.iridium.com>
From: sbdservice@sbd.iridium.com
To: iridburst@noc.soton.ac.uk
Subject: SBD Msg From Unit: 300224010734970
MIME-Version: 1.0
Content-Type: multipart/mixed;boundary="SBD.Boundary.605592468"
Message-Id: <19740412024625.AC046DF83B713B24@istbsp02.sbd.iridium.com>
Date: Sat, 21 Apr 2012 15:01:07 +0000 (GMT)
X-NOCS-MailScanner-Information: Please contact the ISP for more information
X-NOCS-MailScanner-ID: q3LF17NY029975
X-NOCS-MailScanner: Found to be clean
X-NOCS-MailScanner-SpamCheck: not spam (whitelisted),
	SpamAssassin (not cached, score=-2.599, required 5,
	autolearn=not spam, BAYES_00 -2.60)
X-NOCS-MailScanner-From: sbdservice@sbd.iridium.com
X-Spam-Status: No

SBM Message
--SBD.Boundary.605592468
PROCESS /noc/users/iridburst/exec/irid_300224010734970_upd.pl
Last Run  ----1970-01-01 00:00:00 
MONTH  5 
DATA  xxrecord 2012-04-21 13:00:05 :: $W5M5A,120421,130005,660d0028449ce246,1,DAS 2,5053.5433N,123.7163W,2.8,189,5.9,12.5,11.1,56.5,2.8,10.9,59.9,3.5,997.4,0,0,28.6,336,72*5C
 
STATION sbdservice
IRID_ID 300224010734970
BODY --

From sbdservice@sbd.iridium.com Sat Apr 21 17:00:53 2012
Return-Path: <sbdservice@sbd.iridium.com>
Received: from istbsp01.sbd.iridium.com (outbound.sbd.iridium.com [12.47.179.11])
	by mercury.noc.soton.ac.uk (8.13.1/8.12.11) with ESMTP id q3LG0m6Q002702
	for <iridburst@noc.soton.ac.uk>; Sat, 21 Apr 2012 17:00:49 +0100
Reply-To: <sbdservice@sbd.iridium.com>
From: sbdservice@sbd.iridium.com
To: iridburst@noc.soton.ac.uk
Subject: SBD Msg From Unit: 300224010734970
MIME-Version: 1.0
Content-Type: multipart/mixed;boundary="SBD.Boundary.605592468"
Message-Id: <19740412024625.42A77FD9733D39D9@istbsp01.sbd.iridium.com>
Date: Sat, 21 Apr 2012 16:00:47 +0000 (GMT)
X-NOCS-MailScanner-Information: Please contact the ISP for more information
X-NOCS-MailScanner-ID: q3LG0m6Q002702
X-NOCS-MailScanner: Found to be clean
X-NOCS-MailScanner-SpamCheck: not spam (whitelisted),
	SpamAssassin (not cached, score=-2.599, required 5,
	autolearn=not spam, BAYES_00 -2.60)
X-NOCS-MailScanner-From: sbdservice@sbd.iridium.com
X-Spam-Status: No

SBM Message
--SBD.Boundary.605592468
PROCESS /noc/users/iridburst/exec/irid_300224010734970_upd.pl
Last Run  ----1970-01-01 00:00:00 
MONTH  5 
DATA  xxrecord 2012-04-21 13:00:05 :: $W5M5A,120421,130005,660d0028449ce246,1,DAS 2,5053.5433N,123.7163W,2.8,189,5.9,12.5,11.1,56.5,2.8,10.9,59.9,3.5,997.4,0,0,28.6,336,72*5C
 
STATION sbdservice
IRID_ID 300224010734970
BODY --

From sbdservice@sbd.iridium.com Sat Apr 21 18:00:52 2012
Return-Path: <sbdservice@sbd.iridium.com>
Received: from istbsp02.sbd.iridium.com (outbound.sbd.iridium.com [12.47.179.11])
	by mercury.noc.soton.ac.uk (8.13.1/8.12.11) with ESMTP id q3LH0mIw008409
	for <iridburst@noc.soton.ac.uk>; Sat, 21 Apr 2012 18:00:49 +0100
Reply-To: <sbdservice@sbd.iridium.com>
From: sbdservice@sbd.iridium.com
To: iridburst@noc.soton.ac.uk
Subject: SBD Msg From Unit: 300224010734970
MIME-Version: 1.0
Content-Type: multipart/mixed;boundary="SBD.Boundary.605592468"
Message-Id: <19740412024625.C4086CF97F6372FC@istbsp02.sbd.iridium.com>
Date: Sat, 21 Apr 2012 17:00:48 +0000 (GMT)
X-NOCS-MailScanner-Information: Please contact the ISP for more information
X-NOCS-MailScanner-ID: q3LH0mIw008409
X-NOCS-MailScanner: Found to be clean
X-NOCS-MailScanner-SpamCheck: not spam (whitelisted),
	SpamAssassin (not cached, score=-2.599, required 5,
	autolearn=not spam, BAYES_00 -2.60)
X-NOCS-MailScanner-From: sbdservice@sbd.iridium.com
X-Spam-Status: No

SBM Message
--SBD.Boundary.605592468
PROCESS /noc/users/iridburst/exec/irid_300224010734970_upd.pl
Last Run  ----1970-01-01 00:00:00 
MONTH  5 
DATA  xxrecord 2012-04-21 13:00:05 :: $W5M5A,120421,130005,660d0028449ce246,1,DAS 2,5053.5433N,123.7163W,2.8,189,5.9,12.5,11.1,56.5,2.8,10.9,59.9,3.5,997.4,0,0,28.6,336,72*5C
 
STATION sbdservice
IRID_ID 300224010734970
BODY --

From sbdservice@sbd.iridium.com Sat Apr 21 19:00:51 2012
Return-Path: <sbdservice@sbd.iridium.com>
Received: from istbsp02.sbd.iridium.com (outbound.sbd.iridium.com [12.47.179.11])
	by mercury.noc.soton.ac.uk (8.13.1/8.12.11) with ESMTP id q3LI0mAA014268
	for <iridburst@noc.soton.ac.uk>; Sat, 21 Apr 2012 19:00:48 +0100
Reply-To: <sbdservice@sbd.iridium.com>
From: sbdservice@sbd.iridium.com
To: iridburst@noc.soton.ac.uk
Subject: SBD Msg From Unit: 300224010734970
MIME-Version: 1.0
Content-Type: multipart/mixed;boundary="SBD.Boundary.605592468"
Message-Id: <19740412024625.CFBF7EF97F627474@istbsp02.sbd.iridium.com>
Date: Sat, 21 Apr 2012 18:00:47 +0000 (GMT)
X-NOCS-MailScanner-Information: Please contact the ISP for more information
X-NOCS-MailScanner-ID: q3LI0mAA014268
X-NOCS-MailScanner: Found to be clean
X-NOCS-MailScanner-SpamCheck: not spam (whitelisted),
	SpamAssassin (not cached, score=-2.599, required 5,
	autolearn=not spam, BAYES_00 -2.60)
X-NOCS-MailScanner-From: sbdservice@sbd.iridium.com
X-Spam-Status: No

SBM Message
--SBD.Boundary.605592468
PROCESS /noc/users/iridburst/exec/irid_300224010734970_upd.pl
Last Run  ----1970-01-01 00:00:00 
MONTH  5 
DATA  xxrecord 2012-04-21 13:00:05 :: $W5M5A,120421,130005,660d0028449ce246,1,DAS 2,5053.5433N,123.7163W,2.8,189,5.9,12.5,11.1,56.5,2.8,10.9,59.9,3.5,997.4,0,0,28.6,336,72*5C
 
STATION sbdservice
IRID_ID 300224010734970
BODY --

From sbdservice@sbd.iridium.com Sat Apr 21 20:00:48 2012
Return-Path: <sbdservice@sbd.iridium.com>
Received: from istbsp01.sbd.iridium.com (outbound.sbd.iridium.com [12.47.179.11])
	by mercury.noc.soton.ac.uk (8.13.1/8.12.11) with ESMTP id q3LJ0iha019276
	for <iridburst@noc.soton.ac.uk>; Sat, 21 Apr 2012 20:00:44 +0100
Reply-To: <sbdservice@sbd.iridium.com>
From: sbdservice@sbd.iridium.com
To: iridburst@noc.soton.ac.uk
Subject: SBD Msg From Unit: 300224010734970
MIME-Version: 1.0
Content-Type: multipart/mixed;boundary="SBD.Boundary.605592468"
Message-Id: <19740412024625.39574FFB772C01FB@istbsp01.sbd.iridium.com>
Date: Sat, 21 Apr 2012 19:00:44 +0000 (GMT)
X-NOCS-MailScanner-Information: Please contact the ISP for more information
X-NOCS-MailScanner-ID: q3LJ0iha019276
X-NOCS-MailScanner: Found to be clean
X-NOCS-MailScanner-SpamCheck: not spam (whitelisted),
	SpamAssassin (not cached, score=-2.599, required 5,
	autolearn=not spam, BAYES_00 -2.60)
X-NOCS-MailScanner-From: sbdservice@sbd.iridium.com
X-Spam-Status: No

SBM Message
--SBD.Boundary.605592468
PROCESS /noc/users/iridburst/exec/irid_300224010734970_upd.pl
Last Run  ----1970-01-01 00:00:00 
MONTH  5 
DATA  xxrecord 2012-04-21 13:00:05 :: $W5M5A,120421,130005,660d0028449ce246,1,DAS 2,5053.5433N,123.7163W,2.8,189,5.9,12.5,11.1,56.5,2.8,10.9,59.9,3.5,997.4,0,0,28.6,336,72*5C
 
STATION sbdservice
IRID_ID 300224010734970
BODY --

From sbdservice@sbd.iridium.com Sat Apr 21 21:01:01 2012
Return-Path: <sbdservice@sbd.iridium.com>
Received: from istbsp02.sbd.iridium.com (outbound.sbd.iridium.com [12.47.179.11])
	by mercury.noc.soton.ac.uk (8.13.1/8.12.11) with ESMTP id q3LK0uVP024479
	for <iridburst@noc.soton.ac.uk>; Sat, 21 Apr 2012 21:00:56 +0100
Reply-To: <sbdservice@sbd.iridium.com>
From: sbdservice@sbd.iridium.com
To: iridburst@noc.soton.ac.uk
Subject: SBD Msg From Unit: 300224010734970
MIME-Version: 1.0
Content-Type: multipart/mixed;boundary="SBD.Boundary.605592468"
Message-Id: <19740412024625.3A434DFA3F53CAA5@istbsp02.sbd.iridium.com>
Date: Sat, 21 Apr 2012 20:00:56 +0000 (GMT)
X-NOCS-MailScanner-Information: Please contact the ISP for more information
X-NOCS-MailScanner-ID: q3LK0uVP024479
X-NOCS-MailScanner: Found to be clean
X-NOCS-MailScanner-SpamCheck: not spam (whitelisted),
	SpamAssassin (not cached, score=-2.599, required 5,
	autolearn=not spam, BAYES_00 -2.60)
X-NOCS-MailScanner-From: sbdservice@sbd.iridium.com
X-Spam-Status: No

SBM Message
--SBD.Boundary.605592468
PROCESS /noc/users/iridburst/exec/irid_300224010734970_upd.pl
Last Run  ----1970-01-01 00:00:00 
MONTH  5 
DATA  xxrecord 2012-04-21 13:00:05 :: $W5M5A,120421,130005,660d0028449ce246,1,DAS 2,5053.5433N,123.7163W,2.8,189,5.9,12.5,11.1,56.5,2.8,10.9,59.9,3.5,997.4,0,0,28.6,336,72*5C
 
STATION sbdservice
IRID_ID 300224010734970
BODY --

From sbdservice@sbd.iridium.com Sat Apr 21 22:00:55 2012
Return-Path: <sbdservice@sbd.iridium.com>
Received: from istbsp02.sbd.iridium.com (outbound.sbd.iridium.com [12.47.179.11])
	by mercury.noc.soton.ac.uk (8.13.1/8.12.11) with ESMTP id q3LL0prP028966
	for <iridburst@noc.soton.ac.uk>; Sat, 21 Apr 2012 22:00:51 +0100
Reply-To: <sbdservice@sbd.iridium.com>
From: sbdservice@sbd.iridium.com
To: iridburst@noc.soton.ac.uk
Subject: SBD Msg From Unit: 300224010734970
MIME-Version: 1.0
Content-Type: multipart/mixed;boundary="SBD.Boundary.605592468"
Message-Id: <19740412024625.3ED46EE9F36069C1@istbsp02.sbd.iridium.com>
Date: Sat, 21 Apr 2012 21:00:50 +0000 (GMT)
X-NOCS-MailScanner-Information: Please contact the ISP for more information
X-NOCS-MailScanner-ID: q3LL0prP028966
X-NOCS-MailScanner: Found to be clean
X-NOCS-MailScanner-SpamCheck: not spam (whitelisted),
	SpamAssassin (not cached, score=-2.599, required 5,
	autolearn=not spam, BAYES_00 -2.60)
X-NOCS-MailScanner-From: sbdservice@sbd.iridium.com
X-Spam-Status: No

SBM Message
--SBD.Boundary.605592468
PROCESS /noc/users/iridburst/exec/irid_300224010734970_upd.pl
Last Run  ----1970-01-01 00:00:00 
MONTH  5 
DATA  xxrecord 2012-04-21 13:00:05 :: $W5M5A,120421,130005,660d0028449ce246,1,DAS 2,5053.5433N,123.7163W,2.8,189,5.9,12.5,11.1,56.5,2.8,10.9,59.9,3.5,997.4,0,0,28.6,336,72*5C
 
STATION sbdservice
IRID_ID 300224010734970
BODY --

From sbdservice@sbd.iridium.com Sat Apr 21 23:00:50 2012
Return-Path: <sbdservice@sbd.iridium.com>
Received: from istbsp01.sbd.iridium.com (outbound.sbd.iridium.com [12.47.179.11])
	by mercury.noc.soton.ac.uk (8.13.1/8.12.11) with ESMTP id q3LM0kCH001256
	for <iridburst@noc.soton.ac.uk>; Sat, 21 Apr 2012 23:00:47 +0100
Reply-To: <sbdservice@sbd.iridium.com>
From: sbdservice@sbd.iridium.com
To: iridburst@noc.soton.ac.uk
Subject: SBD Msg From Unit: 300224010734970
MIME-Version: 1.0
Content-Type: multipart/mixed;boundary="SBD.Boundary.605592468"
Message-Id: <19740412024625.F8297DFA731E38C1@istbsp01.sbd.iridium.com>
Date: Sat, 21 Apr 2012 22:00:46 +0000 (GMT)
X-NOCS-MailScanner-Information: Please contact the ISP for more information
X-NOCS-MailScanner-ID: q3LM0kCH001256
X-NOCS-MailScanner: Found to be clean
X-NOCS-MailScanner-SpamCheck: not spam (whitelisted),
	SpamAssassin (not cached, score=-2.599, required 5,
	autolearn=not spam, BAYES_00 -2.60)
X-NOCS-MailScanner-From: sbdservice@sbd.iridium.com
X-Spam-Status: No

SBM Message
--SBD.Boundary.605592468
PROCESS /noc/users/iridburst/exec/irid_300224010734970_upd.pl
Last Run  ----1970-01-01 00:00:00 
MONTH  5 
DATA  xxrecord 2012-04-21 13:00:05 :: $W5M5A,120421,130005,660d0028449ce246,1,DAS 2,5053.5433N,123.7163W,2.8,189,5.9,12.5,11.1,56.5,2.8,10.9,59.9,3.5,997.4,0,0,28.6,336,72*5C
 
STATION sbdservice
IRID_ID 300224010734970
BODY --

From sbdservice@sbd.iridium.com Sun Apr 22 00:00:54 2012
Return-Path: <sbdservice@sbd.iridium.com>
Received: from istbsp01.sbd.iridium.com (outbound.sbd.iridium.com [12.47.179.11])
	by mercury.noc.soton.ac.uk (8.13.1/8.12.11) with ESMTP id q3LN0nNF005814
	for <iridburst@noc.soton.ac.uk>; Sun, 22 Apr 2012 00:00:50 +0100
Reply-To: <sbdservice@sbd.iridium.com>
From: sbdservice@sbd.iridium.com
To: iridburst@noc.soton.ac.uk
Subject: SBD Msg From Unit: 300224010734970
MIME-Version: 1.0
Content-Type: multipart/mixed;boundary="SBD.Boundary.605592468"
Message-Id: <19740412024625.60DA6CEA7F3D90BA@istbsp01.sbd.iridium.com>
Date: Sat, 21 Apr 2012 23:00:49 +0000 (GMT)
X-NOCS-MailScanner-Information: Please contact the ISP for more information
X-NOCS-MailScanner-ID: q3LN0nNF005814
X-NOCS-MailScanner: Found to be clean
X-NOCS-MailScanner-SpamCheck: not spam (whitelisted),
	SpamAssassin (not cached, score=-2.599, required 5,
	autolearn=not spam, BAYES_00 -2.60)
X-NOCS-MailScanner-From: sbdservice@sbd.iridium.com
X-Spam-Status: No

SBM Message
--SBD.Boundary.605592468
PROCESS /noc/users/iridburst/exec/irid_300224010734970_upd.pl
Last Run  ----1970-01-01 00:00:00 
MONTH  5 
DATA  xxrecord 2012-04-21 13:00:05 :: $W5M5A,120421,130005,660d0028449ce246,1,DAS 2,5053.5433N,123.7163W,2.8,189,5.9,12.5,11.1,56.5,2.8,10.9,59.9,3.5,997.4,0,0,28.6,336,72*5C
 
STATION sbdservice
IRID_ID 300224010734970
BODY --

From sbdservice@sbd.iridium.com Sun Apr 22 01:00:53 2012
Return-Path: <sbdservice@sbd.iridium.com>
Received: from istbsp02.sbd.iridium.com (outbound.sbd.iridium.com [12.47.179.11])
	by mercury.noc.soton.ac.uk (8.13.1/8.12.11) with ESMTP id q3M00nxK010970
	for <iridburst@noc.soton.ac.uk>; Sun, 22 Apr 2012 01:00:49 +0100
Reply-To: <sbdservice@sbd.iridium.com>
From: sbdservice@sbd.iridium.com
To: iridburst@noc.soton.ac.uk
Subject: SBD Msg From Unit: 300224010734970
MIME-Version: 1.0
Content-Type: multipart/mixed;boundary="SBD.Boundary.605592468"
Message-Id: <19740412024625.E4AF7FC97B525943@istbsp02.sbd.iridium.com>
Date: Sun, 22 Apr 2012 00:00:48 +0000 (GMT)
X-NOCS-MailScanner-Information: Please contact the ISP for more information
X-NOCS-MailScanner-ID: q3M00nxK010970
X-NOCS-MailScanner: Found to be clean
X-NOCS-MailScanner-SpamCheck: not spam (whitelisted),
	SpamAssassin (not cached, score=-2.599, required 5,
	autolearn=not spam, BAYES_00 -2.60)
X-NOCS-MailScanner-From: sbdservice@sbd.iridium.com
X-Spam-Status: No

SBM Message
--SBD.Boundary.605592468
PROCESS /noc/users/iridburst/exec/irid_300224010734970_upd.pl
Last Run  ----1970-01-01 00:00:00 
MONTH  5 
DATA  xxrecord 2012-04-21 13:00:05 :: $W5M5A,120421,130005,660d0028449ce246,1,DAS 2,5053.5433N,123.7163W,2.8,189,5.9,12.5,11.1,56.5,2.8,10.9,59.9,3.5,997.4,0,0,28.6,336,72*5C
 
STATION sbdservice
IRID_ID 300224010734970
BODY --

From sbdservice@sbd.iridium.com Sun Apr 22 02:00:49 2012
Return-Path: <sbdservice@sbd.iridium.com>
Received: from istbsp01.sbd.iridium.com (outbound.sbd.iridium.com [12.47.179.11])
	by mercury.noc.soton.ac.uk (8.13.1/8.12.11) with ESMTP id q3M10iuO015788
	for <iridburst@noc.soton.ac.uk>; Sun, 22 Apr 2012 02:00:44 +0100
Reply-To: <sbdservice@sbd.iridium.com>
From: sbdservice@sbd.iridium.com
To: iridburst@noc.soton.ac.uk
Subject: SBD Msg From Unit: 300224010734970
MIME-Version: 1.0
Content-Type: multipart/mixed;boundary="SBD.Boundary.605592468"
Message-Id: <19740412024625.4C986DFAF30DFBAF@istbsp01.sbd.iridium.com>
Date: Sun, 22 Apr 2012 01:00:44 +0000 (GMT)
X-NOCS-MailScanner-Information: Please contact the ISP for more information
X-NOCS-MailScanner-ID: q3M10iuO015788
X-NOCS-MailScanner: Found to be clean
X-NOCS-MailScanner-SpamCheck: not spam (whitelisted),
	SpamAssassin (not cached, score=-2.599, required 5,
	autolearn=not spam, BAYES_00 -2.60)
X-NOCS-MailScanner-From: sbdservice@sbd.iridium.com
X-Spam-Status: No

SBM Message
--SBD.Boundary.605592468
PROCESS /noc/users/iridburst/exec/irid_300224010734970_upd.pl
Last Run  ----1970-01-01 00:00:00 
MONTH  5 
DATA  xxrecord 2012-04-21 13:00:05 :: $W5M5A,120421,130005,660d0028449ce246,1,DAS 2,5053.5433N,123.7163W,2.8,189,5.9,12.5,11.1,56.5,2.8,10.9,59.9,3.5,997.4,0,0,28.6,336,72*5C
 
STATION sbdservice
IRID_ID 300224010734970
BODY --

From sbdservice@sbd.iridium.com Sun Apr 22 03:01:02 2012
Return-Path: <sbdservice@sbd.iridium.com>
Received: from istbsp02.sbd.iridium.com (outbound.sbd.iridium.com [12.47.179.11])
	by mercury.noc.soton.ac.uk (8.13.1/8.12.11) with ESMTP id q3M20tRh020440
	for <iridburst@noc.soton.ac.uk>; Sun, 22 Apr 2012 03:00:55 +0100
Reply-To: <sbdservice@sbd.iridium.com>
From: sbdservice@sbd.iridium.com
To: iridburst@noc.soton.ac.uk
Subject: SBD Msg From Unit: 300224010734970
MIME-Version: 1.0
Content-Type: multipart/mixed;boundary="SBD.Boundary.605592468"
Message-Id: <19740412024625.508F7DFA3F41F380@istbsp02.sbd.iridium.com>
Date: Sun, 22 Apr 2012 02:00:55 +0000 (GMT)
X-NOCS-MailScanner-Information: Please contact the ISP for more information
X-NOCS-MailScanner-ID: q3M20tRh020440
X-NOCS-MailScanner: Found to be clean
X-NOCS-MailScanner-SpamCheck: not spam (whitelisted),
	SpamAssassin (not cached, score=-2.599, required 5,
	autolearn=not spam, BAYES_00 -2.60)
X-NOCS-MailScanner-From: sbdservice@sbd.iridium.com
X-Spam-Status: No

SBM Message
--SBD.Boundary.605592468
PROCESS /noc/users/iridburst/exec/irid_300224010734970_upd.pl
Last Run  ----1970-01-01 00:00:00 
MONTH  5 
DATA  xxrecord 2012-04-21 13:00:05 :: $W5M5A,120421,130005,660d0028449ce246,1,DAS 2,5053.5433N,123.7163W,2.8,189,5.9,12.5,11.1,56.5,2.8,10.9,59.9,3.5,997.4,0,0,28.6,336,72*5C
 
STATION sbdservice
IRID_ID 300224010734970
BODY --

From sbdservice@sbd.iridium.com Sun Apr 22 04:00:56 2012
Return-Path: <sbdservice@sbd.iridium.com>
Received: from istbsp02.sbd.iridium.com (outbound.sbd.iridium.com [12.47.179.11])
	by mercury.noc.soton.ac.uk (8.13.1/8.12.11) with ESMTP id q3M30q4X025237
	for <iridburst@noc.soton.ac.uk>; Sun, 22 Apr 2012 04:00:52 +0100
Reply-To: <sbdservice@sbd.iridium.com>
From: sbdservice@sbd.iridium.com
To: iridburst@noc.soton.ac.uk
Subject: SBD Msg From Unit: 300224010734970
MIME-Version: 1.0
Content-Type: multipart/mixed;boundary="SBD.Boundary.605592468"
Message-Id: <19740412024625.5C095CC9BF529084@istbsp02.sbd.iridium.com>
Date: Sun, 22 Apr 2012 03:00:52 +0000 (GMT)
X-NOCS-MailScanner-Information: Please contact the ISP for more information
X-NOCS-MailScanner-ID: q3M30q4X025237
X-NOCS-MailScanner: Found to be clean
X-NOCS-MailScanner-SpamCheck: not spam (whitelisted),
	SpamAssassin (not cached, score=-2.599, required 5,
	autolearn=not spam, BAYES_00 -2.60)
X-NOCS-MailScanner-From: sbdservice@sbd.iridium.com
X-Spam-Status: No

SBM Message
--SBD.Boundary.605592468
PROCESS /noc/users/iridburst/exec/irid_300224010734970_upd.pl
Last Run  ----1970-01-01 00:00:00 
MONTH  5 
DATA  xxrecord 2012-04-21 13:00:05 :: $W5M5A,120421,130005,660d0028449ce246,1,DAS 2,5053.5433N,123.7163W,2.8,189,5.9,12.5,11.1,56.5,2.8,10.9,59.9,3.5,997.4,0,0,28.6,336,72*5C
 
STATION sbdservice
IRID_ID 300224010734970
BODY --

From sbdservice@sbd.iridium.com Sun Apr 22 05:00:57 2012
Return-Path: <sbdservice@sbd.iridium.com>
Received: from istbsp02.sbd.iridium.com (outbound.sbd.iridium.com [12.47.179.11])
	by mercury.noc.soton.ac.uk (8.13.1/8.12.11) with ESMTP id q3M40rlI017002
	for <iridburst@noc.soton.ac.uk>; Sun, 22 Apr 2012 05:00:53 +0100
Reply-To: <sbdservice@sbd.iridium.com>
From: sbdservice@sbd.iridium.com
To: iridburst@noc.soton.ac.uk
Subject: SBD Msg From Unit: 300224010734970
MIME-Version: 1.0
Content-Type: multipart/mixed;boundary="SBD.Boundary.605592468"
Message-Id: <19740412024625.E5594DFBFF63263C@istbsp02.sbd.iridium.com>
Date: Sun, 22 Apr 2012 04:00:52 +0000 (GMT)
X-NOCS-MailScanner-Information: Please contact the ISP for more information
X-NOCS-MailScanner-ID: q3M40rlI017002
X-NOCS-MailScanner: Found to be clean
X-NOCS-MailScanner-SpamCheck: not spam (whitelisted),
	SpamAssassin (not cached, score=-2.599, required 5,
	autolearn=not spam, BAYES_00 -2.60)
X-NOCS-MailScanner-From: sbdservice@sbd.iridium.com
X-Spam-Status: No

SBM Message
--SBD.Boundary.605592468
PROCESS /noc/users/iridburst/exec/irid_300224010734970_upd.pl
Last Run  ----1970-01-01 00:00:00 
MONTH  5 
DATA  xxrecord 2012-04-21 13:00:05 :: $W5M5A,120421,130005,660d0028449ce246,1,DAS 2,5053.5433N,123.7163W,2.8,189,5.9,12.5,11.1,56.5,2.8,10.9,59.9,3.5,997.4,0,0,28.6,336,72*5C
 
STATION sbdservice
IRID_ID 300224010734970
BODY --

From sbdservice@sbd.iridium.com Sun Apr 22 06:00:52 2012
Return-Path: <sbdservice@sbd.iridium.com>
Received: from istbsp02.sbd.iridium.com (outbound.sbd.iridium.com [12.47.179.11])
	by mercury.noc.soton.ac.uk (8.13.1/8.12.11) with ESMTP id q3M50luI022346
	for <iridburst@noc.soton.ac.uk>; Sun, 22 Apr 2012 06:00:48 +0100
Reply-To: <sbdservice@sbd.iridium.com>
From: sbdservice@sbd.iridium.com
To: iridburst@noc.soton.ac.uk
Subject: SBD Msg From Unit: 300224010734970
MIME-Version: 1.0
Content-Type: multipart/mixed;boundary="SBD.Boundary.605592468"
Message-Id: <19740412024625.ACDF6DFA7361913F@istbsp02.sbd.iridium.com>
Date: Sun, 22 Apr 2012 05:00:47 +0000 (GMT)
X-NOCS-MailScanner-Information: Please contact the ISP for more information
X-NOCS-MailScanner-ID: q3M50luI022346
X-NOCS-MailScanner: Found to be clean
X-NOCS-MailScanner-SpamCheck: not spam (whitelisted),
	SpamAssassin (not cached, score=-2.599, required 5,
	autolearn=not spam, BAYES_00 -2.60)
X-NOCS-MailScanner-From: sbdservice@sbd.iridium.com
X-Spam-Status: No

SBM Message
--SBD.Boundary.605592468
PROCESS /noc/users/iridburst/exec/irid_300224010734970_upd.pl
Last Run  ----1970-01-01 00:00:00 
MONTH  5 
DATA  xxrecord 2012-04-21 13:00:05 :: $W5M5A,120421,130005,660d0028449ce246,1,DAS 2,5053.5433N,123.7163W,2.8,189,5.9,12.5,11.1,56.5,2.8,10.9,59.9,3.5,997.4,0,0,28.6,336,72*5C
 
STATION sbdservice
IRID_ID 300224010734970
BODY --

From sbdservice@sbd.iridium.com Sun Apr 22 07:00:50 2012
Return-Path: <sbdservice@sbd.iridium.com>
Received: from istbsp01.sbd.iridium.com (outbound.sbd.iridium.com [12.47.179.11])
	by mercury.noc.soton.ac.uk (8.13.1/8.12.11) with ESMTP id q3M60kPb029279
	for <iridburst@noc.soton.ac.uk>; Sun, 22 Apr 2012 07:00:46 +0100
Reply-To: <sbdservice@sbd.iridium.com>
From: sbdservice@sbd.iridium.com
To: iridburst@noc.soton.ac.uk
Subject: SBD Msg From Unit: 300224010734970
MIME-Version: 1.0
Content-Type: multipart/mixed;boundary="SBD.Boundary.605592468"
Message-Id: <19740412024625.1E7C6FDABB0F2BC4@istbsp01.sbd.iridium.com>
Date: Sun, 22 Apr 2012 06:00:45 +0000 (GMT)
X-NOCS-MailScanner-Information: Please contact the ISP for more information
X-NOCS-MailScanner-ID: q3M60kPb029279
X-NOCS-MailScanner: Found to be clean
X-NOCS-MailScanner-SpamCheck: not spam (whitelisted),
	SpamAssassin (not cached, score=-2.599, required 5,
	autolearn=not spam, BAYES_00 -2.60)
X-NOCS-MailScanner-From: sbdservice@sbd.iridium.com
X-Spam-Status: No

SBM Message
--SBD.Boundary.605592468
PROCESS /noc/users/iridburst/exec/irid_300224010734970_upd.pl
Last Run  ----1970-01-01 00:00:00 
MONTH  5 
DATA  xxrecord 2012-04-21 13:00:05 :: $W5M5A,120421,130005,660d0028449ce246,1,DAS 2,5053.5433N,123.7163W,2.8,189,5.9,12.5,11.1,56.5,2.8,10.9,59.9,3.5,997.4,0,0,28.6,336,72*5C
 
STATION sbdservice
IRID_ID 300224010734970
BODY --

From sbdservice@sbd.iridium.com Sun Apr 22 08:01:03 2012
Return-Path: <sbdservice@sbd.iridium.com>
Received: from istbsp01.sbd.iridium.com (outbound.sbd.iridium.com [12.47.179.11])
	by mercury.noc.soton.ac.uk (8.13.1/8.12.11) with ESMTP id q3M70ri5002059
	for <iridburst@noc.soton.ac.uk>; Sun, 22 Apr 2012 08:00:53 +0100
Reply-To: <sbdservice@sbd.iridium.com>
From: sbdservice@sbd.iridium.com
To: iridburst@noc.soton.ac.uk
Subject: SBD Msg From Unit: 300224010734970
MIME-Version: 1.0
Content-Type: multipart/mixed;boundary="SBD.Boundary.605592468"
Message-Id: <19740412024625.C3D15CE9770FFE0C@istbsp01.sbd.iridium.com>
Date: Sun, 22 Apr 2012 07:00:53 +0000 (GMT)
X-NOCS-MailScanner-Information: Please contact the ISP for more information
X-NOCS-MailScanner-ID: q3M70ri5002059
X-NOCS-MailScanner: Found to be clean
X-NOCS-MailScanner-SpamCheck: not spam (whitelisted),
	SpamAssassin (not cached, score=-2.599, required 5,
	autolearn=not spam, BAYES_00 -2.60)
X-NOCS-MailScanner-From: sbdservice@sbd.iridium.com
X-Spam-Status: No

SBM Message
--SBD.Boundary.605592468
PROCESS /noc/users/iridburst/exec/irid_300224010734970_upd.pl
Last Run  ----1970-01-01 00:00:00 
MONTH  5 
DATA  xxrecord 2012-04-21 13:00:05 :: $W5M5A,120421,130005,660d0028449ce246,1,DAS 2,5053.5433N,123.7163W,2.8,189,5.9,12.5,11.1,56.5,2.8,10.9,59.9,3.5,997.4,0,0,28.6,336,72*5C
 
STATION sbdservice
IRID_ID 300224010734970
BODY --

From sbdservice@sbd.iridium.com Sun Apr 22 09:00:57 2012
Return-Path: <sbdservice@sbd.iridium.com>
Received: from istbsp01.sbd.iridium.com (outbound.sbd.iridium.com [12.47.179.11])
	by mercury.noc.soton.ac.uk (8.13.1/8.12.11) with ESMTP id q3M80oDd007435
	for <iridburst@noc.soton.ac.uk>; Sun, 22 Apr 2012 09:00:50 +0100
Reply-To: <sbdservice@sbd.iridium.com>
From: sbdservice@sbd.iridium.com
To: iridburst@noc.soton.ac.uk
Subject: SBD Msg From Unit: 300224010734970
MIME-Version: 1.0
Content-Type: multipart/mixed;boundary="SBD.Boundary.605592468"
Message-Id: <19740412024625.39146DF87B1D921A@istbsp01.sbd.iridium.com>
Date: Sun, 22 Apr 2012 08:00:49 +0000 (GMT)
X-NOCS-MailScanner-Information: Please contact the ISP for more information
X-NOCS-MailScanner-ID: q3M80oDd007435
X-NOCS-MailScanner: Found to be clean
X-NOCS-MailScanner-SpamCheck: not spam (whitelisted),
	SpamAssassin (not cached, score=-2.599, required 5,
	autolearn=not spam, BAYES_00 -2.60)
X-NOCS-MailScanner-From: sbdservice@sbd.iridium.com
X-Spam-Status: No

SBM Message
--SBD.Boundary.605592468
PROCESS /noc/users/iridburst/exec/irid_300224010734970_upd.pl
Last Run  ----1970-01-01 00:00:00 
MONTH  5 
DATA  xxrecord 2012-04-21 13:00:05 :: $W5M5A,120421,130005,660d0028449ce246,1,DAS 2,5053.5433N,123.7163W,2.8,189,5.9,12.5,11.1,56.5,2.8,10.9,59.9,3.5,997.4,0,0,28.6,336,72*5C
 
STATION sbdservice
IRID_ID 300224010734970
BODY --

From sbdservice@sbd.iridium.com Sun Apr 22 10:00:48 2012
Return-Path: <sbdservice@sbd.iridium.com>
Received: from istbsp01.sbd.iridium.com (outbound.sbd.iridium.com [12.47.179.11])
	by mercury.noc.soton.ac.uk (8.13.1/8.12.11) with ESMTP id q3M90irV012836
	for <iridburst@noc.soton.ac.uk>; Sun, 22 Apr 2012 10:00:44 +0100
Reply-To: <sbdservice@sbd.iridium.com>
From: sbdservice@sbd.iridium.com
To: iridburst@noc.soton.ac.uk
Subject: SBD Msg From Unit: 300224010734970
MIME-Version: 1.0
Content-Type: multipart/mixed;boundary="SBD.Boundary.605592468"
Message-Id: <19740412024625.A8974CC9371D69A6@istbsp01.sbd.iridium.com>
Date: Sun, 22 Apr 2012 09:00:43 +0000 (GMT)
X-NOCS-MailScanner-Information: Please contact the ISP for more information
X-NOCS-MailScanner-ID: q3M90irV012836
X-NOCS-MailScanner: Found to be clean
X-NOCS-MailScanner-SpamCheck: not spam (whitelisted),
	SpamAssassin (not cached, score=-2.599, required 5,
	autolearn=not spam, BAYES_00 -2.60)
X-NOCS-MailScanner-From: sbdservice@sbd.iridium.com
X-Spam-Status: No

SBM Message
--SBD.Boundary.605592468
PROCESS /noc/users/iridburst/exec/irid_300224010734970_upd.pl
Last Run  ----1970-01-01 00:00:00 
MONTH  5 
DATA  xxrecord 2012-04-21 13:00:05 :: $W5M5A,120421,130005,660d0028449ce246,1,DAS 2,5053.5433N,123.7163W,2.8,189,5.9,12.5,11.1,56.5,2.8,10.9,59.9,3.5,997.4,0,0,28.6,336,72*5C
 
STATION sbdservice
IRID_ID 300224010734970
BODY --

From sbdservice@sbd.iridium.com Sun Apr 22 11:00:50 2012
Return-Path: <sbdservice@sbd.iridium.com>
Received: from istbsp01.sbd.iridium.com (outbound.sbd.iridium.com [12.47.179.11])
	by mercury.noc.soton.ac.uk (8.13.1/8.12.11) with ESMTP id q3MA0iig018431
	for <iridburst@noc.soton.ac.uk>; Sun, 22 Apr 2012 11:00:45 +0100
Reply-To: <sbdservice@sbd.iridium.com>
From: sbdservice@sbd.iridium.com
To: iridburst@noc.soton.ac.uk
Subject: SBD Msg From Unit: 300224010734970
MIME-Version: 1.0
Content-Type: multipart/mixed;boundary="SBD.Boundary.605592468"
Message-Id: <19740412024625.97604ED8B32FB1C7@istbsp01.sbd.iridium.com>
Date: Sun, 22 Apr 2012 10:00:44 +0000 (GMT)
X-NOCS-MailScanner-Information: Please contact the ISP for more information
X-NOCS-MailScanner-ID: q3MA0iig018431
X-NOCS-MailScanner: Found to be clean
X-NOCS-MailScanner-SpamCheck: not spam (whitelisted),
	SpamAssassin (not cached, score=-2.599, required 5,
	autolearn=not spam, BAYES_00 -2.60)
X-NOCS-MailScanner-From: sbdservice@sbd.iridium.com
X-Spam-Status: No

SBM Message
--SBD.Boundary.605592468
PROCESS /noc/users/iridburst/exec/irid_300224010734970_upd.pl
Last Run  ----1970-01-01 00:00:00 
MONTH  5 
DATA  xxrecord 2012-04-21 13:00:05 :: $W5M5A,120421,130005,660d0028449ce246,1,DAS 2,5053.5433N,123.7163W,2.8,189,5.9,12.5,11.1,56.5,2.8,10.9,59.9,3.5,997.4,0,0,28.6,336,72*5C
 
STATION sbdservice
IRID_ID 300224010734970
BODY --

From sbdservice@sbd.iridium.com Sun Apr 22 12:00:56 2012
Return-Path: <sbdservice@sbd.iridium.com>
Received: from istbsp02.sbd.iridium.com (outbound.sbd.iridium.com [12.47.179.11])
	by mercury.noc.soton.ac.uk (8.13.1/8.12.11) with ESMTP id q3MB0rVs023824
	for <iridburst@noc.soton.ac.uk>; Sun, 22 Apr 2012 12:00:53 +0100
Reply-To: <sbdservice@sbd.iridium.com>
From: sbdservice@sbd.iridium.com
To: iridburst@noc.soton.ac.uk
Subject: SBD Msg From Unit: 300224010734970
MIME-Version: 1.0
Content-Type: multipart/mixed;boundary="SBD.Boundary.605592468"
Message-Id: <19740412024625.72CF4CFA33720C50@istbsp02.sbd.iridium.com>
Date: Sun, 22 Apr 2012 11:00:52 +0000 (GMT)
X-NOCS-MailScanner-Information: Please contact the ISP for more information
X-NOCS-MailScanner-ID: q3MB0rVs023824
X-NOCS-MailScanner: Found to be clean
X-NOCS-MailScanner-SpamCheck: not spam (whitelisted),
	SpamAssassin (not cached, score=-2.599, required 5,
	autolearn=not spam, BAYES_00 -2.60)
X-NOCS-MailScanner-From: sbdservice@sbd.iridium.com
X-Spam-Status: No

SBM Message
--SBD.Boundary.605592468
PROCESS /noc/users/iridburst/exec/irid_300224010734970_upd.pl
Last Run  ----1970-01-01 00:00:00 
MONTH  5 
DATA  xxrecord 2012-04-21 13:00:05 :: $W5M5A,120421,130005,660d0028449ce246,1,DAS 2,5053.5433N,123.7163W,2.8,189,5.9,12.5,11.1,56.5,2.8,10.9,59.9,3.5,997.4,0,0,28.6,336,72*5C
 
STATION sbdservice
IRID_ID 300224010734970
BODY --

From sbdservice@sbd.iridium.com Sun Apr 22 13:00:53 2012
Return-Path: <sbdservice@sbd.iridium.com>
Received: from istbsp01.sbd.iridium.com (outbound.sbd.iridium.com [12.47.179.11])
	by mercury.noc.soton.ac.uk (8.13.1/8.12.11) with ESMTP id q3MC0oJ7029361
	for <iridburst@noc.soton.ac.uk>; Sun, 22 Apr 2012 13:00:50 +0100
Reply-To: <sbdservice@sbd.iridium.com>
From: sbdservice@sbd.iridium.com
To: iridburst@noc.soton.ac.uk
Subject: SBD Msg From Unit: 300224010734970
MIME-Version: 1.0
Content-Type: multipart/mixed;boundary="SBD.Boundary.605592468"
Message-Id: <19740412024625.B0D56DEAB72CA45E@istbsp01.sbd.iridium.com>
Date: Sun, 22 Apr 2012 12:00:49 +0000 (GMT)
X-NOCS-MailScanner-Information: Please contact the ISP for more information
X-NOCS-MailScanner-ID: q3MC0oJ7029361
X-NOCS-MailScanner: Found to be clean
X-NOCS-MailScanner-SpamCheck: not spam (whitelisted),
	SpamAssassin (not cached, score=-2.599, required 5,
	autolearn=not spam, BAYES_00 -2.60)
X-NOCS-MailScanner-From: sbdservice@sbd.iridium.com
X-Spam-Status: No

SBM Message
--SBD.Boundary.605592468
PROCESS /noc/users/iridburst/exec/irid_300224010734970_upd.pl
Last Run  ----1970-01-01 00:00:00 
MONTH  5 
DATA  xxrecord 2012-04-21 13:00:05 :: $W5M5A,120421,130005,660d0028449ce246,1,DAS 2,5053.5433N,123.7163W,2.8,189,5.9,12.5,11.1,56.5,2.8,10.9,59.9,3.5,997.4,0,0,28.6,336,72*5C
 
STATION sbdservice
IRID_ID 300224010734970
BODY --

From sbdservice@sbd.iridium.com Sun Apr 22 14:01:07 2012
Return-Path: <sbdservice@sbd.iridium.com>
Received: from istbsp02.sbd.iridium.com (outbound.sbd.iridium.com [12.47.179.11])
	by mercury.noc.soton.ac.uk (8.13.1/8.12.11) with ESMTP id q3MD11aR001751
	for <iridburst@noc.soton.ac.uk>; Sun, 22 Apr 2012 14:01:01 +0100
Reply-To: <sbdservice@sbd.iridium.com>
From: sbdservice@sbd.iridium.com
To: iridburst@noc.soton.ac.uk
Subject: SBD Msg From Unit: 300224010734970
MIME-Version: 1.0
Content-Type: multipart/mixed;boundary="SBD.Boundary.605592468"
Message-Id: <19740412024625.4EC44FC9FB4244D8@istbsp02.sbd.iridium.com>
Date: Sun, 22 Apr 2012 13:01:01 +0000 (GMT)
X-NOCS-MailScanner-Information: Please contact the ISP for more information
X-NOCS-MailScanner-ID: q3MD11aR001751
X-NOCS-MailScanner: Found to be clean
X-NOCS-MailScanner-SpamCheck: not spam (whitelisted),
	SpamAssassin (not cached, score=-2.599, required 5,
	autolearn=not spam, BAYES_00 -2.60)
X-NOCS-MailScanner-From: sbdservice@sbd.iridium.com
X-Spam-Status: No

SBM Message
--SBD.Boundary.605592468
PROCESS /noc/users/iridburst/exec/irid_300224010734970_upd.pl
Last Run  ----1970-01-01 00:00:00 
MONTH  5 
DATA  xxrecord 2012-04-21 13:00:05 :: $W5M5A,120421,130005,660d0028449ce246,1,DAS 2,5053.5433N,123.7163W,2.8,189,5.9,12.5,11.1,56.5,2.8,10.9,59.9,3.5,997.4,0,0,28.6,336,72*5C
 
STATION sbdservice
IRID_ID 300224010734970
BODY --

From sbdservice@sbd.iridium.com Sun Apr 22 15:00:54 2012
Return-Path: <sbdservice@sbd.iridium.com>
Received: from istbsp02.sbd.iridium.com (outbound.sbd.iridium.com [12.47.179.11])
	by mercury.noc.soton.ac.uk (8.13.1/8.12.11) with ESMTP id q3ME0pHg007136
	for <iridburst@noc.soton.ac.uk>; Sun, 22 Apr 2012 15:00:51 +0100
Reply-To: <sbdservice@sbd.iridium.com>
From: sbdservice@sbd.iridium.com
To: iridburst@noc.soton.ac.uk
Subject: SBD Msg From Unit: 300224010734970
MIME-Version: 1.0
Content-Type: multipart/mixed;boundary="SBD.Boundary.605592468"
Message-Id: <19740412024625.824A7CDABB710B1A@istbsp02.sbd.iridium.com>
Date: Sun, 22 Apr 2012 14:00:50 +0000 (GMT)
X-NOCS-MailScanner-Information: Please contact the ISP for more information
X-NOCS-MailScanner-ID: q3ME0pHg007136
X-NOCS-MailScanner: Found to be clean
X-NOCS-MailScanner-SpamCheck: not spam (whitelisted),
	SpamAssassin (not cached, score=-2.599, required 5,
	autolearn=not spam, BAYES_00 -2.60)
X-NOCS-MailScanner-From: sbdservice@sbd.iridium.com
X-Spam-Status: No

SBM Message
--SBD.Boundary.605592468
PROCESS /noc/users/iridburst/exec/irid_300224010734970_upd.pl
Last Run  ----1970-01-01 00:00:00 
MONTH  5 
DATA  xxrecord 2012-04-21 13:00:05 :: $W5M5A,120421,130005,660d0028449ce246,1,DAS 2,5053.5433N,123.7163W,2.8,189,5.9,12.5,11.1,56.5,2.8,10.9,59.9,3.5,997.4,0,0,28.6,336,72*5C
 
STATION sbdservice
IRID_ID 300224010734970
BODY --

From sbdservice@sbd.iridium.com Sun Apr 22 16:00:52 2012
Return-Path: <sbdservice@sbd.iridium.com>
Received: from istbsp01.sbd.iridium.com (outbound.sbd.iridium.com [12.47.179.11])
	by mercury.noc.soton.ac.uk (8.13.1/8.12.11) with ESMTP id q3MF0kZ1012568
	for <iridburst@noc.soton.ac.uk>; Sun, 22 Apr 2012 16:00:47 +0100
Reply-To: <sbdservice@sbd.iridium.com>
From: sbdservice@sbd.iridium.com
To: iridburst@noc.soton.ac.uk
Subject: SBD Msg From Unit: 300224010734970
MIME-Version: 1.0
Content-Type: multipart/mixed;boundary="SBD.Boundary.605592468"
Message-Id: <19740412024625.60497DC97F0C643D@istbsp01.sbd.iridium.com>
Date: Sun, 22 Apr 2012 15:00:46 +0000 (GMT)
X-NOCS-MailScanner-Information: Please contact the ISP for more information
X-NOCS-MailScanner-ID: q3MF0kZ1012568
X-NOCS-MailScanner: Found to be clean
X-NOCS-MailScanner-SpamCheck: not spam (whitelisted),
	SpamAssassin (not cached, score=-2.599, required 5,
	autolearn=not spam, BAYES_00 -2.60)
X-NOCS-MailScanner-From: sbdservice@sbd.iridium.com
X-Spam-Status: No

SBM Message
--SBD.Boundary.605592468
PROCESS /noc/users/iridburst/exec/irid_300224010734970_upd.pl
Last Run  ----1970-01-01 00:00:00 
MONTH  5 
DATA  xxrecord 2012-04-21 13:00:05 :: $W5M5A,120421,130005,660d0028449ce246,1,DAS 2,5053.5433N,123.7163W,2.8,189,5.9,12.5,11.1,56.5,2.8,10.9,59.9,3.5,997.4,0,0,28.6,336,72*5C
 
STATION sbdservice
IRID_ID 300224010734970
BODY --

From sbdservice@sbd.iridium.com Sun Apr 22 17:00:55 2012
Return-Path: <sbdservice@sbd.iridium.com>
Received: from istbsp01.sbd.iridium.com (outbound.sbd.iridium.com [12.47.179.11])
	by mercury.noc.soton.ac.uk (8.13.1/8.12.11) with ESMTP id q3MG0mg4017713
	for <iridburst@noc.soton.ac.uk>; Sun, 22 Apr 2012 17:00:48 +0100
Reply-To: <sbdservice@sbd.iridium.com>
From: sbdservice@sbd.iridium.com
To: iridburst@noc.soton.ac.uk
Subject: SBD Msg From Unit: 300224010734970
MIME-Version: 1.0
Content-Type: multipart/mixed;boundary="SBD.Boundary.605592468"
Message-Id: <19740412024625.26256FD8FB0C52E2@istbsp01.sbd.iridium.com>
Date: Sun, 22 Apr 2012 16:00:47 +0000 (GMT)
X-NOCS-MailScanner-Information: Please contact the ISP for more information
X-NOCS-MailScanner-ID: q3MG0mg4017713
X-NOCS-MailScanner: Found to be clean
X-NOCS-MailScanner-SpamCheck: not spam (whitelisted),
	SpamAssassin (not cached, score=-2.599, required 5,
	autolearn=not spam, BAYES_00 -2.60)
X-NOCS-MailScanner-From: sbdservice@sbd.iridium.com
X-Spam-Status: No

SBM Message
--SBD.Boundary.605592468
PROCESS /noc/users/iridburst/exec/irid_300224010734970_upd.pl
Last Run  ----1970-01-01 00:00:00 
MONTH  5 
DATA  xxrecord 2012-04-21 13:00:05 :: $W5M5A,120421,130005,660d0028449ce246,1,DAS 2,5053.5433N,123.7163W,2.8,189,5.9,12.5,11.1,56.5,2.8,10.9,59.9,3.5,997.4,0,0,28.6,336,72*5C
 
STATION sbdservice
IRID_ID 300224010734970
BODY --

From sbdservice@sbd.iridium.com Sun Apr 22 18:00:52 2012
Return-Path: <sbdservice@sbd.iridium.com>
Received: from istbsp02.sbd.iridium.com (outbound.sbd.iridium.com [12.47.179.11])
	by mercury.noc.soton.ac.uk (8.13.1/8.12.11) with ESMTP id q3MH0mEp022825
	for <iridburst@noc.soton.ac.uk>; Sun, 22 Apr 2012 18:00:48 +0100
Reply-To: <sbdservice@sbd.iridium.com>
From: sbdservice@sbd.iridium.com
To: iridburst@noc.soton.ac.uk
Subject: SBD Msg From Unit: 300224010734970
MIME-Version: 1.0
Content-Type: multipart/mixed;boundary="SBD.Boundary.605592468"
Message-Id: <19740412024625.37475ECA735175CD@istbsp02.sbd.iridium.com>
Date: Sun, 22 Apr 2012 17:00:47 +0000 (GMT)
X-NOCS-MailScanner-Information: Please contact the ISP for more information
X-NOCS-MailScanner-ID: q3MH0mEp022825
X-NOCS-MailScanner: Found to be clean
X-NOCS-MailScanner-SpamCheck: not spam (whitelisted),
	SpamAssassin (not cached, score=-2.599, required 5,
	autolearn=not spam, BAYES_00 -2.60)
X-NOCS-MailScanner-From: sbdservice@sbd.iridium.com
X-Spam-Status: No

SBM Message
--SBD.Boundary.605592468
PROCESS /noc/users/iridburst/exec/irid_300224010734970_upd.pl
Last Run  ----1970-01-01 00:00:00 
MONTH  5 
DATA  xxrecord 2012-04-21 13:00:05 :: $W5M5A,120421,130005,660d0028449ce246,1,DAS 2,5053.5433N,123.7163W,2.8,189,5.9,12.5,11.1,56.5,2.8,10.9,59.9,3.5,997.4,0,0,28.6,336,72*5C
 
STATION sbdservice
IRID_ID 300224010734970
BODY --

From sbdservice@sbd.iridium.com Sun Apr 22 19:00:57 2012
Return-Path: <sbdservice@sbd.iridium.com>
Received: from istbsp01.sbd.iridium.com (outbound.sbd.iridium.com [12.47.179.11])
	by mercury.noc.soton.ac.uk (8.13.1/8.12.11) with ESMTP id q3MI0qIL028833
	for <iridburst@noc.soton.ac.uk>; Sun, 22 Apr 2012 19:00:53 +0100
Reply-To: <sbdservice@sbd.iridium.com>
From: sbdservice@sbd.iridium.com
To: iridburst@noc.soton.ac.uk
Subject: SBD Msg From Unit: 300224010734970
MIME-Version: 1.0
Content-Type: multipart/mixed;boundary="SBD.Boundary.605592468"
Message-Id: <19740412024625.B3896EDA773C366B@istbsp01.sbd.iridium.com>
Date: Sun, 22 Apr 2012 18:00:52 +0000 (GMT)
X-NOCS-MailScanner-Information: Please contact the ISP for more information
X-NOCS-MailScanner-ID: q3MI0qIL028833
X-NOCS-MailScanner: Found to be clean
X-NOCS-MailScanner-SpamCheck: not spam (whitelisted),
	SpamAssassin (not cached, score=-2.599, required 5,
	autolearn=not spam, BAYES_00 -2.60)
X-NOCS-MailScanner-From: sbdservice@sbd.iridium.com
X-Spam-Status: No

SBM Message
--SBD.Boundary.605592468
PROCESS /noc/users/iridburst/exec/irid_300224010734970_upd.pl
Last Run  ----1970-01-01 00:00:00 
MONTH  5 
DATA  xxrecord 2012-04-21 13:00:05 :: $W5M5A,120421,130005,660d0028449ce246,1,DAS 2,5053.5433N,123.7163W,2.8,189,5.9,12.5,11.1,56.5,2.8,10.9,59.9,3.5,997.4,0,0,28.6,336,72*5C
 
STATION sbdservice
IRID_ID 300224010734970
BODY --

From sbdservice@sbd.iridium.com Sun Apr 22 20:00:54 2012
Return-Path: <sbdservice@sbd.iridium.com>
Received: from istbsp01.sbd.iridium.com (outbound.sbd.iridium.com [12.47.179.11])
	by mercury.noc.soton.ac.uk (8.13.1/8.12.11) with ESMTP id q3MJ0lap001207
	for <iridburst@noc.soton.ac.uk>; Sun, 22 Apr 2012 20:00:47 +0100
Reply-To: <sbdservice@sbd.iridium.com>
From: sbdservice@sbd.iridium.com
To: iridburst@noc.soton.ac.uk
Subject: SBD Msg From Unit: 300224010734970
MIME-Version: 1.0
Content-Type: multipart/mixed;boundary="SBD.Boundary.605592468"
Message-Id: <19740412024625.D6C36EFABB1F4EDB@istbsp01.sbd.iridium.com>
Date: Sun, 22 Apr 2012 19:00:46 +0000 (GMT)
X-NOCS-MailScanner-Information: Please contact the ISP for more information
X-NOCS-MailScanner-ID: q3MJ0lap001207
X-NOCS-MailScanner: Found to be clean
X-NOCS-MailScanner-SpamCheck: not spam (whitelisted),
	SpamAssassin (not cached, score=-2.599, required 5,
	autolearn=not spam, BAYES_00 -2.60)
X-NOCS-MailScanner-From: sbdservice@sbd.iridium.com
X-Spam-Status: No

SBM Message
--SBD.Boundary.605592468
PROCESS /noc/users/iridburst/exec/irid_300224010734970_upd.pl
Last Run  ----1970-01-01 00:00:00 
MONTH  5 
DATA  xxrecord 2012-04-21 13:00:05 :: $W5M5A,120421,130005,660d0028449ce246,1,DAS 2,5053.5433N,123.7163W,2.8,189,5.9,12.5,11.1,56.5,2.8,10.9,59.9,3.5,997.4,0,0,28.6,336,72*5C
 
STATION sbdservice
IRID_ID 300224010734970
BODY --

From sbdservice@sbd.iridium.com Sun Apr 22 21:00:50 2012
Return-Path: <sbdservice@sbd.iridium.com>
Received: from istbsp02.sbd.iridium.com (outbound.sbd.iridium.com [12.47.179.11])
	by mercury.noc.soton.ac.uk (8.13.1/8.12.11) with ESMTP id q3MK0lUN006619
	for <iridburst@noc.soton.ac.uk>; Sun, 22 Apr 2012 21:00:48 +0100
Reply-To: <sbdservice@sbd.iridium.com>
From: sbdservice@sbd.iridium.com
To: iridburst@noc.soton.ac.uk
Subject: SBD Msg From Unit: 300224010734970
MIME-Version: 1.0
Content-Type: multipart/mixed;boundary="SBD.Boundary.605592468"
Message-Id: <19740412024625.784D6DD8B3526419@istbsp02.sbd.iridium.com>
Date: Sun, 22 Apr 2012 20:00:47 +0000 (GMT)
X-NOCS-MailScanner-Information: Please contact the ISP for more information
X-NOCS-MailScanner-ID: q3MK0lUN006619
X-NOCS-MailScanner: Found to be clean
X-NOCS-MailScanner-SpamCheck: not spam (whitelisted),
	SpamAssassin (not cached, score=-2.599, required 5,
	autolearn=not spam, BAYES_00 -2.60)
X-NOCS-MailScanner-From: sbdservice@sbd.iridium.com
X-Spam-Status: No

SBM Message
--SBD.Boundary.605592468
PROCESS /noc/users/iridburst/exec/irid_300224010734970_upd.pl
Last Run  ----1970-01-01 00:00:00 
MONTH  5 
DATA  xxrecord 2012-04-21 13:00:05 :: $W5M5A,120421,130005,660d0028449ce246,1,DAS 2,5053.5433N,123.7163W,2.8,189,5.9,12.5,11.1,56.5,2.8,10.9,59.9,3.5,997.4,0,0,28.6,336,72*5C
 
STATION sbdservice
IRID_ID 300224010734970
BODY --

From sbdservice@sbd.iridium.com Sun Apr 22 22:01:06 2012
Return-Path: <sbdservice@sbd.iridium.com>
Received: from istbsp01.sbd.iridium.com (outbound.sbd.iridium.com [12.47.179.11])
	by mercury.noc.soton.ac.uk (8.13.1/8.12.11) with ESMTP id q3ML114w011432
	for <iridburst@noc.soton.ac.uk>; Sun, 22 Apr 2012 22:01:01 +0100
Reply-To: <sbdservice@sbd.iridium.com>
From: sbdservice@sbd.iridium.com
To: iridburst@noc.soton.ac.uk
Subject: SBD Msg From Unit: 300224010734970
MIME-Version: 1.0
Content-Type: multipart/mixed;boundary="SBD.Boundary.605592468"
Message-Id: <19740412024625.AC6E5FE9F70CB689@istbsp01.sbd.iridium.com>
Date: Sun, 22 Apr 2012 21:00:56 +0000 (GMT)
X-NOCS-MailScanner-Information: Please contact the ISP for more information
X-NOCS-MailScanner-ID: q3ML114w011432
X-NOCS-MailScanner: Found to be clean
X-NOCS-MailScanner-SpamCheck: not spam (whitelisted),
	SpamAssassin (not cached, score=-2.599, required 5,
	autolearn=not spam, BAYES_00 -2.60)
X-NOCS-MailScanner-From: sbdservice@sbd.iridium.com
X-Spam-Status: No

SBM Message
--SBD.Boundary.605592468
PROCESS /noc/users/iridburst/exec/irid_300224010734970_upd.pl
Last Run  ----1970-01-01 00:00:00 
MONTH  5 
DATA  xxrecord 2012-04-21 13:00:05 :: $W5M5A,120421,130005,660d0028449ce246,1,DAS 2,5053.5433N,123.7163W,2.8,189,5.9,12.5,11.1,56.5,2.8,10.9,59.9,3.5,997.4,0,0,28.6,336,72*5C
 
STATION sbdservice
IRID_ID 300224010734970
BODY --

From sbdservice@sbd.iridium.com Sun Apr 22 23:01:27 2012
Return-Path: <sbdservice@sbd.iridium.com>
Received: from istbsp01.sbd.iridium.com (outbound.sbd.iridium.com [12.47.179.11])
	by mercury.noc.soton.ac.uk (8.13.1/8.12.11) with ESMTP id q3MM1NKK016248
	for <iridburst@noc.soton.ac.uk>; Sun, 22 Apr 2012 23:01:24 +0100
Reply-To: <sbdservice@sbd.iridium.com>
From: sbdservice@sbd.iridium.com
To: iridburst@noc.soton.ac.uk
Subject: SBD Msg From Unit: 300224010734970
MIME-Version: 1.0
Content-Type: multipart/mixed;boundary="SBD.Boundary.605592468"
Message-Id: <19740412024625.98904DE9772F48B3@istbsp01.sbd.iridium.com>
Date: Sun, 22 Apr 2012 22:01:22 +0000 (GMT)
X-NOCS-MailScanner-Information: Please contact the ISP for more information
X-NOCS-MailScanner-ID: q3MM1NKK016248
X-NOCS-MailScanner: Found to be clean
X-NOCS-MailScanner-SpamCheck: not spam (whitelisted),
	SpamAssassin (not cached, score=-2.599, required 5,
	autolearn=not spam, BAYES_00 -2.60)
X-NOCS-MailScanner-From: sbdservice@sbd.iridium.com
X-Spam-Status: No

SBM Message
--SBD.Boundary.605592468
PROCESS /noc/users/iridburst/exec/irid_300224010734970_upd.pl
Last Run  ----1970-01-01 00:00:00 
MONTH  5 
DATA  xxrecord 2012-04-21 13:00:05 :: $W5M5A,120421,130005,660d0028449ce246,1,DAS 2,5053.5433N,123.7163W,2.8,189,5.9,12.5,11.1,56.5,2.8,10.9,59.9,3.5,997.4,0,0,28.6,336,72*5C
 
STATION sbdservice
IRID_ID 300224010734970
BODY --

From sbdservice@sbd.iridium.com Mon Apr 23 00:00:53 2012
Return-Path: <sbdservice@sbd.iridium.com>
Received: from istbsp01.sbd.iridium.com (outbound.sbd.iridium.com [12.47.179.11])
	by mercury.noc.soton.ac.uk (8.13.1/8.12.11) with ESMTP id q3MN0nEw020804
	for <iridburst@noc.soton.ac.uk>; Mon, 23 Apr 2012 00:00:49 +0100
Reply-To: <sbdservice@sbd.iridium.com>
From: sbdservice@sbd.iridium.com
To: iridburst@noc.soton.ac.uk
Subject: SBD Msg From Unit: 300224010734970
MIME-Version: 1.0
Content-Type: multipart/mixed;boundary="SBD.Boundary.605592468"
Message-Id: <19740412024625.6FD04FEA7B1E58FE@istbsp01.sbd.iridium.com>
Date: Sun, 22 Apr 2012 23:00:48 +0000 (GMT)
X-NOCS-MailScanner-Information: Please contact the ISP for more information
X-NOCS-MailScanner-ID: q3MN0nEw020804
X-NOCS-MailScanner: Found to be clean
X-NOCS-MailScanner-SpamCheck: not spam (whitelisted),
	SpamAssassin (not cached, score=-2.599, required 5,
	autolearn=not spam, BAYES_00 -2.60)
X-NOCS-MailScanner-From: sbdservice@sbd.iridium.com
X-Spam-Status: No

SBM Message
--SBD.Boundary.605592468
PROCESS /noc/users/iridburst/exec/irid_300224010734970_upd.pl
Last Run  ----1970-01-01 00:00:00 
MONTH  5 
DATA  xxrecord 2012-04-21 13:00:05 :: $W5M5A,120421,130005,660d0028449ce246,1,DAS 2,5053.5433N,123.7163W,2.8,189,5.9,12.5,11.1,56.5,2.8,10.9,59.9,3.5,997.4,0,0,28.6,336,72*5C
 
STATION sbdservice
IRID_ID 300224010734970
BODY --

From sbdservice@sbd.iridium.com Mon Apr 23 01:00:54 2012
Return-Path: <sbdservice@sbd.iridium.com>
Received: from istbsp02.sbd.iridium.com (outbound.sbd.iridium.com [12.47.179.11])
	by mercury.noc.soton.ac.uk (8.13.1/8.12.11) with ESMTP id q3N00oiE025750
	for <iridburst@noc.soton.ac.uk>; Mon, 23 Apr 2012 01:00:51 +0100
Reply-To: <sbdservice@sbd.iridium.com>
From: sbdservice@sbd.iridium.com
To: iridburst@noc.soton.ac.uk
Subject: SBD Msg From Unit: 300224010734970
MIME-Version: 1.0
Content-Type: multipart/mixed;boundary="SBD.Boundary.605592468"
Message-Id: <19740412024625.5BE04CEBBF40450E@istbsp02.sbd.iridium.com>
Date: Mon, 23 Apr 2012 00:00:50 +0000 (GMT)
X-NOCS-MailScanner-Information: Please contact the ISP for more information
X-NOCS-MailScanner-ID: q3N00oiE025750
X-NOCS-MailScanner: Found to be clean
X-NOCS-MailScanner-SpamCheck: not spam (whitelisted),
	SpamAssassin (not cached, score=-2.599, required 5,
	autolearn=not spam, BAYES_00 -2.60)
X-NOCS-MailScanner-From: sbdservice@sbd.iridium.com
X-Spam-Status: No

SBM Message
--SBD.Boundary.605592468
PROCESS /noc/users/iridburst/exec/irid_300224010734970_upd.pl
Last Run  ----1970-01-01 00:00:00 
MONTH  5 
DATA  xxrecord 2012-04-21 13:00:05 :: $W5M5A,120421,130005,660d0028449ce246,1,DAS 2,5053.5433N,123.7163W,2.8,189,5.9,12.5,11.1,56.5,2.8,10.9,59.9,3.5,997.4,0,0,28.6,336,72*5C
 
STATION sbdservice
IRID_ID 300224010734970
BODY --

From sbdservice@sbd.iridium.com Mon Apr 23 02:02:17 2012
Return-Path: <sbdservice@sbd.iridium.com>
Received: from ixe-mta-29.emailfiltering.com (ixe-mta-29-tx.emailfiltering.com [194.116.199.160])
	by mercury.noc.soton.ac.uk (8.13.1/8.12.11) with ESMTP id q3N12AKE030975
	for <iridburst@noc.soton.ac.uk>; Mon, 23 Apr 2012 02:02:10 +0100
X-CTCH-RefID: str=0001.0A0B0209.4F94A9C0.0037:SCGMA481786,ss=1,fgs=1024
X-Cloudmark-Analysis: v=1.1 cv=gjKO0pKZjWsSM4AdaWaKB5gYowHezNr2ej49mKCflOM= c=1 sm=0 a=qTeDA8_pTN8A:10 a=sFjqOyMgm8SnhUXIoa15IA==:17 a=HE_k9A8DuofLA3AHgpcA:9 a=CjuIK1q_8ugA:10 a=Rtf18lhjfE5pZBB6BNIA:9 a=ADqXiXMc7YHOvYHy0nAuHA==:117
Received: from outbound.sbd.iridium.com ([12.47.179.11])
	by ixe-mta-29.emailfiltering.com with emfmta (version 4.8.5.86) vanilla id 863269586
	;365573a3a4bc20e3; Mon, 23 Apr 2012 02:00:48 +0100
Reply-To: <sbdservice@sbd.iridium.com>
From: sbdservice@sbd.iridium.com
To: iridburst@noc.soton.ac.uk
Subject: SBD Msg From Unit: 300224010734970
MIME-Version: 1.0
Content-Type: multipart/mixed;boundary="SBD.Boundary.605592468"
Message-Id: <19740412024625.F0345DCAFF51A764@istbsp02.sbd.iridium.com>
Date: Mon, 23 Apr 2012 01:00:46 +0000 (GMT)
X-NOCS-MailScanner-Information: Please contact the ISP for more information
X-NOCS-MailScanner-ID: q3N12AKE030975
X-NOCS-MailScanner: Found to be clean
X-NOCS-MailScanner-SpamCheck: not spam (whitelisted),
	SpamAssassin (not cached, score=-3.599, required 5,
	autolearn=not spam, BAYES_00 -2.60, RCVD_IN_DNSWL_LOW -1.00)
X-NOCS-MailScanner-From: sbdservice@sbd.iridium.com
X-Spam-Status: No

SBM Message
--SBD.Boundary.605592468
PROCESS /noc/users/iridburst/exec/irid_300224010734970_upd.pl
Last Run  ----1970-01-01 00:00:00 
MONTH  5 
DATA  xxrecord 2012-04-21 13:00:05 :: $W5M5A,120421,130005,660d0028449ce246,1,DAS 2,5053.5433N,123.7163W,2.8,189,5.9,12.5,11.1,56.5,2.8,10.9,59.9,3.5,997.4,0,0,28.6,336,72*5C
 
STATION sbdservice
IRID_ID 300224010734970
BODY --

From sbdservice@sbd.iridium.com Mon Apr 23 03:00:53 2012
Return-Path: <sbdservice@sbd.iridium.com>
Received: from istbsp02.sbd.iridium.com (outbound.sbd.iridium.com [12.47.179.11])
	by mercury.noc.soton.ac.uk (8.13.1/8.12.11) with ESMTP id q3N20m7q003488
	for <iridburst@noc.soton.ac.uk>; Mon, 23 Apr 2012 03:00:49 +0100
Reply-To: <sbdservice@sbd.iridium.com>
From: sbdservice@sbd.iridium.com
To: iridburst@noc.soton.ac.uk
Subject: SBD Msg From Unit: 300224010734970
MIME-Version: 1.0
Content-Type: multipart/mixed;boundary="SBD.Boundary.605592468"
Message-Id: <19740412024625.48CB4FDA335377A1@istbsp02.sbd.iridium.com>
Date: Mon, 23 Apr 2012 02:00:48 +0000 (GMT)
X-NOCS-MailScanner-Information: Please contact the ISP for more information
X-NOCS-MailScanner-ID: q3N20m7q003488
X-NOCS-MailScanner: Found to be clean
X-NOCS-MailScanner-SpamCheck: not spam (whitelisted),
	SpamAssassin (not cached, score=-2.599, required 5,
	autolearn=not spam, BAYES_00 -2.60)
X-NOCS-MailScanner-From: sbdservice@sbd.iridium.com
X-Spam-Status: No

SBM Message
--SBD.Boundary.605592468
PROCESS /noc/users/iridburst/exec/irid_300224010734970_upd.pl
Last Run  ----1970-01-01 00:00:00 
MONTH  5 
DATA  xxrecord 2012-04-21 13:00:05 :: $W5M5A,120421,130005,660d0028449ce246,1,DAS 2,5053.5433N,123.7163W,2.8,189,5.9,12.5,11.1,56.5,2.8,10.9,59.9,3.5,997.4,0,0,28.6,336,72*5C
 
STATION sbdservice
IRID_ID 300224010734970
BODY --

From sbdservice@sbd.iridium.com Mon Apr 23 05:01:01 2012
Return-Path: <sbdservice@sbd.iridium.com>
Received: from istbsp02.sbd.iridium.com (outbound.sbd.iridium.com [12.47.179.11])
	by mercury.noc.soton.ac.uk (8.13.1/8.12.11) with ESMTP id q3N40slI014138
	for <iridburst@noc.soton.ac.uk>; Mon, 23 Apr 2012 05:00:55 +0100
Reply-To: <sbdservice@sbd.iridium.com>
From: sbdservice@sbd.iridium.com
To: iridburst@noc.soton.ac.uk
Subject: SBD Msg From Unit: 300224010734970
MIME-Version: 1.0
Content-Type: multipart/mixed;boundary="SBD.Boundary.605592468"
Message-Id: <19740412024625.B98E5FF93B726A19@istbsp02.sbd.iridium.com>
Date: Mon, 23 Apr 2012 04:00:54 +0000 (GMT)
X-NOCS-MailScanner-Information: Please contact the ISP for more information
X-NOCS-MailScanner-ID: q3N40slI014138
X-NOCS-MailScanner: Found to be clean
X-NOCS-MailScanner-SpamCheck: not spam (whitelisted),
	SpamAssassin (not cached, score=-2.599, required 5,
	autolearn=not spam, BAYES_00 -2.60)
X-NOCS-MailScanner-From: sbdservice@sbd.iridium.com
X-Spam-Status: No

SBM Message
--SBD.Boundary.605592468
PROCESS /noc/users/iridburst/exec/irid_300224010734970_upd.pl
Last Run  ----1970-01-01 00:00:00 
MONTH  5 
DATA  xxrecord 2012-04-21 13:00:05 :: $W5M5A,120421,130005,660d0028449ce246,1,DAS 2,5053.5433N,123.7163W,2.8,189,5.9,12.5,11.1,56.5,2.8,10.9,59.9,3.5,997.4,0,0,28.6,336,72*5C
 
STATION sbdservice
IRID_ID 300224010734970
BODY --

From sbdservice@sbd.iridium.com Mon Apr 23 06:00:59 2012
Return-Path: <sbdservice@sbd.iridium.com>
Received: from istbsp01.sbd.iridium.com (outbound.sbd.iridium.com [12.47.179.11])
	by mercury.noc.soton.ac.uk (8.13.1/8.12.11) with ESMTP id q3N50r44018845
	for <iridburst@noc.soton.ac.uk>; Mon, 23 Apr 2012 06:00:53 +0100
Reply-To: <sbdservice@sbd.iridium.com>
From: sbdservice@sbd.iridium.com
To: iridburst@noc.soton.ac.uk
Subject: SBD Msg From Unit: 300224010734970
MIME-Version: 1.0
Content-Type: multipart/mixed;boundary="SBD.Boundary.605592468"
Message-Id: <19740412024625.E16B4DCBFF2CB86F@istbsp01.sbd.iridium.com>
Date: Mon, 23 Apr 2012 05:00:52 +0000 (GMT)
X-NOCS-MailScanner-Information: Please contact the ISP for more information
X-NOCS-MailScanner-ID: q3N50r44018845
X-NOCS-MailScanner: Found to be clean
X-NOCS-MailScanner-SpamCheck: not spam (whitelisted),
	SpamAssassin (not cached, score=-2.599, required 5,
	autolearn=not spam, BAYES_00 -2.60)
X-NOCS-MailScanner-From: sbdservice@sbd.iridium.com
X-Spam-Status: No

SBM Message
--SBD.Boundary.605592468
PROCESS /noc/users/iridburst/exec/irid_300224010734970_upd.pl
Last Run  ----1970-01-01 00:00:00 
MONTH  5 
DATA  xxrecord 2012-04-21 13:00:05 :: $W5M5A,120421,130005,660d0028449ce246,1,DAS 2,5053.5433N,123.7163W,2.8,189,5.9,12.5,11.1,56.5,2.8,10.9,59.9,3.5,997.4,0,0,28.6,336,72*5C
 
STATION sbdservice
IRID_ID 300224010734970
BODY --

From sbdservice@sbd.iridium.com Mon Apr 23 07:00:58 2012
Return-Path: <sbdservice@sbd.iridium.com>
Received: from istbsp01.sbd.iridium.com (outbound.sbd.iridium.com [12.47.179.11])
	by mercury.noc.soton.ac.uk (8.13.1/8.12.11) with ESMTP id q3N60qP9026262
	for <iridburst@noc.soton.ac.uk>; Mon, 23 Apr 2012 07:00:52 +0100
Reply-To: <sbdservice@sbd.iridium.com>
From: sbdservice@sbd.iridium.com
To: iridburst@noc.soton.ac.uk
Subject: SBD Msg From Unit: 300224010734970
MIME-Version: 1.0
Content-Type: multipart/mixed;boundary="SBD.Boundary.605592468"
Message-Id: <19740412024625.ACB55EEBB31DBD0E@istbsp01.sbd.iridium.com>
Date: Mon, 23 Apr 2012 06:00:52 +0000 (GMT)
X-NOCS-MailScanner-Information: Please contact the ISP for more information
X-NOCS-MailScanner-ID: q3N60qP9026262
X-NOCS-MailScanner: Found to be clean
X-NOCS-MailScanner-SpamCheck: not spam (whitelisted),
	SpamAssassin (not cached, score=-2.599, required 5,
	autolearn=not spam, BAYES_00 -2.60)
X-NOCS-MailScanner-From: sbdservice@sbd.iridium.com
X-Spam-Status: No

SBM Message
--SBD.Boundary.605592468
PROCESS /noc/users/iridburst/exec/irid_300224010734970_upd.pl
Last Run  ----1970-01-01 00:00:00 
MONTH  5 
DATA  xxrecord 2012-04-21 13:00:05 :: $W5M5A,120421,130005,660d0028449ce246,1,DAS 2,5053.5433N,123.7163W,2.8,189,5.9,12.5,11.1,56.5,2.8,10.9,59.9,3.5,997.4,0,0,28.6,336,72*5C
 
STATION sbdservice
IRID_ID 300224010734970
BODY --

From sbdservice@sbd.iridium.com Mon Apr 23 09:01:54 2012
Return-Path: <sbdservice@sbd.iridium.com>
Received: from istbsp01.sbd.iridium.com (outbound.sbd.iridium.com [12.47.179.11])
	by mercury.noc.soton.ac.uk (8.13.1/8.12.11) with ESMTP id q3N81j6n011538
	for <iridburst@noc.soton.ac.uk>; Mon, 23 Apr 2012 09:01:45 +0100
Reply-To: <sbdservice@sbd.iridium.com>
From: sbdservice@sbd.iridium.com
To: iridburst@noc.soton.ac.uk
Subject: SBD Msg From Unit: 300224010734970
MIME-Version: 1.0
Content-Type: multipart/mixed;boundary="SBD.Boundary.605592468"
Message-Id: <19740412024625.F88D6CE9FF0F3C8C@istbsp01.sbd.iridium.com>
Date: Mon, 23 Apr 2012 08:01:44 +0000 (GMT)
X-NOCS-MailScanner-Information: Please contact the ISP for more information
X-NOCS-MailScanner-ID: q3N81j6n011538
X-NOCS-MailScanner: Found to be clean
X-NOCS-MailScanner-SpamCheck: not spam (whitelisted),
	SpamAssassin (not cached, score=-2.599, required 5,
	autolearn=not spam, BAYES_00 -2.60)
X-NOCS-MailScanner-From: sbdservice@sbd.iridium.com
X-Spam-Status: No

SBM Message
--SBD.Boundary.605592468
PROCESS /noc/users/iridburst/exec/irid_300224010734970_upd.pl
Last Run  ----1970-01-01 00:00:00 
MONTH  5 
DATA  xxrecord 2012-04-21 13:00:05 :: $W5M5A,120421,130005,660d0028449ce246,1,DAS 2,5053.5433N,123.7163W,2.8,189,5.9,12.5,11.1,56.5,2.8,10.9,59.9,3.5,997.4,0,0,28.6,336,72*5C
 
STATION sbdservice
IRID_ID 300224010734970
BODY 
Content-Type: text/plain;charset=US-ASCII
Content-Disposition: inline
Content-Transfer-Encoding: 7bit

MOMSN: 2857
MTMSN: 0
Time of Session (UTC): Mon Apr 23 08:05:20 2012
Session Status: 13 - Incomplete Transfer
Message Size (bytes): 0

Unit Location: Lat = 50.918946 Long = -1.365281
CEPradius = 4



-- 
This message has been scanned for viruses and
dangerous content by MailScanner, and is
believed to be clean.


--SBD.Boundary.605592468
PROCESS /noc/users/iridburst/exec/irid_300224010734970_upd.pl
Last Run  ----1970-01-01 00:00:00 
MONTH  5 
DATA  xxrecord 2012-04-21 13:00:05 :: $W5M5A,120421,130005,660d0028449ce246,1,DAS 2,5053.5433N,123.7163W,2.8,189,5.9,12.5,11.1,56.5,2.8,10.9,59.9,3.5,997.4,0,0,28.6,336,72*5C
 
STATION sbdservice
IRID_ID 300224010734970
BODY 
Content-Type: application/x-zip-compressed; name="SBMmessage.sbd"
Content-Disposition: attachment; filename="300224010734970_002857.sbd"
Content-Transfer-Encoding: base64

JFc1TTVBLDEyMDQyMywwNzAwMDUsNjYwZDAwMjg0NDljZTI0NiwxLERBUyAy
LDUwNTMuNTQxN04sMTIzLjcxODBXLDMuMCwxNjQsNi40LDEwLjEsOC43LDgy
LjAsNS44LDguNyw4Mi4wLDUuOCw5OTQuMywwLDAsMjguNiwxMSw3Mio2Ng0K
DQokVzVNNUEsMTIwNDIzLDA3MDAwNSw2NjBkMDAyODQ0OWNlMjQ2LDIsREFT
IDIsMTIuOCwxMy4wLDAuMiwwLjQsMC4wMSw1OTEsNTk1LDE1Nyw2MjksMCwx
My43LDEzLjEwLDkyOCo1Nw0KDQokVzVNNUEsMTIwNDIzLDA3MDAwNSw2NjBk
MDAyODQ0OWNlMjQ2LDMsN0YwMDc1MDIzQTAwMDA1MzMyMzAzMTMyMzAzNDMy
MzMzMDM2MzQzMDMwMzA1NTVCMDAzMTMyMzAzNDMyMzMzMDM2MzQzMDJDNTQ0
MTQyMzAzMDMwMzAzMDJDMkQzMDM1MzEyRTMxMkMyQzMxMzIyRTMzMzkyQzM0
MkUzMDJDMzMzNjMwMzAyQzM2MzAyQzM2MzAyQzMxMkMzMDMwMzUzNzMwMkMz
MzJFMzQzMjJDMzEyRTMyMzYyQzMyMzMzMjJDMzAyQzMwMkUzMTM3MzMyQzJC
MzAzMDJFMzAwRDBBRUUxMEJGREVFRDUyN0YwMDY3MDIzQTAwMDA1NzMyMzAz
MTMyMzAzNDMyMzMzMDM2MzQzMDMwMzBGRjREMDAwMDgwRkI0NDAwODBEMzQz
MDAwMDdBNDcwMDAwRjY0MkRCMUQ0QTNBNDU0Q0NFNDA0OTdBMjYzQjJDNUVB
MzNBOUEyODM3NDE1MTg0RTAzQTE5NjY5MDQxM0U0OEQyNDA0OTkyRTQ0MUNG
MDRFNzQxODJDM0QzM0FGMDUwMzc0MTIxNjE5MDQyNkQ3MDJDMzFFNDFDQjJD
ODE2QzQ3RjA0OEUwMjNBMDAwMDRCNTY0ODIwMzczMjMwMzEzMjMwMzQzMjMz
MzAzNjM0MzAzMDMwNUQwMDAwMDA4RkMyRjUzQzBBRDdBMzNCRTE1MDM3NDEy
MDYxOTA0MjRGODM3RDQyOEUyRDkyNDJDQkUyMDk0MjNBMEU5MzQyNUI4QkE2
NDMxQTdGOUM0MjhDRjQzQzQzQjQyNTg3NDJDRENCNTU0MzFFMDk4MzQyMkMz
NzgzNDMxMDhDODM0MjZEMDI5NzQzMDlDQTg0NDI5RDJGOTM0MzQxNDg4RjQy
NjRCMzhGNDM1MDUwOTI0MjU1QUI4RjQzMkU0NDlENDI1RjNFNDI0MzhGMTM4
OTQyQ0JDOTQ5NDM2NTIzNjg0MjgzNUYzNDQzOEJGRjg2NDIyNTM2MUI0MzFD
Mjg4OTQyQzU1MjRDNDNEQzNCOTQ0MkM4OTk4QTQzQjE4MTdGNDJBNjJCOEE0
M0UyMkE3MzQyQzc4QTk0NDMyODA4ODA0MjQ1NjI5OTQzMkRENDc1NDJDQjY0
OTE0M0VFQjE4ODQyNzZEMDgzNDMyQzY0OTM0Mjg5NEI1OTQzNThCODg4NDJG
REUwNTE0MzNFRjY4NjQyMTZDNzc0NDNBOTk2OEE0MjdBMkI3NjQzNzcwNjhC
NDI3QzM0NkE0M0IyM0Y4QTQyREM1NTY0NDM5NjM1OTA0MjI4MEIyRjQzQThE
NDhBNDJGOTY5MUE0M0I4RjA4QzQyMUNDRjA1NDNDNkM0OUE0MjdEQzkxQzQz
NTAzODk3NDJENkRFQUI0MzRGRTk5QTQyODUxMkExNDM2MDBBODk0MkY5ODFB
MzQzQTcwMjc1NDIyQTJCQUM0M0FDMkY2MDQyQjExNUFENDMwQTQ4ODA0Mjc3
RDlBQzQzMzUyMzk1NDI4RjQ3QUE0MzhFQkM5RDQyODY5NTczNDIwMkE5OUI0
MjY1QkRGMDQyNDg2MDkxNDI4QURFRTc0MjUwNkI5NzQyQjNCMzkxNDM4Njgx
OTk0MjBFMTU3MjQzRUY4Qjg4NDJDM0YwNkQ0MzFBQUM4NjQyRjI5MTZFNDNE
RjNGOUE0MjE1MEQzNjQzOUQ3MDlDNDIwRDA3NUE0MzI5Nzk5NTQyN0VCNDM4
NDM2RUI1OTQ0MkM4RjcwOTQzRENBMTk1NDJFNjBDOEM0MzUxRDI5MjQyMjgw
NjkxNDM5MTgxNzE0MkNBREM4RjQzNjhDOTg1NDI3NjZENjE0M0I3Njg5QTQy
NkQ2QzA0NDM2MTYzOTA0MkU2RTQ2NjQzNTU4RDlFNDI3QTVFOTI0MzU0QUI5
QTQyNTczNkE4NDM3MEM3OTg0MjI5REZBMTQzREZDRDlGNDI0RUIxMjk0M0I2
Rjk4RTQyRTBGOTFFNDM4MjQxOEI0MjAxQ0YwRTQzMjg4MjhFNDI2OTc5MEI0
MzI2Qzc5ODQyNzZENjEzNDM4MTg5OTc0MkJFM0YyODQzMEY3ODg5NDJDRUYz
MjU0MzlFRTY4OTQyOUQ1RkZDNDJDMDBBOTk0MjFFNzQ3MDQzNDU2OEEwNDJB
ODRBODg0MzYzMkE5NjQyNjM3RjhDNDM3Mzc0OUU0MjEwQUNFNjQyMTFDNTlD
NDI0NDYxODU0M0E5OTZBMDQyRDZBRTc4NA==

--SBD.Boundary.605592468
PROCESS /noc/users/iridburst/exec/irid_300224010734970_upd.pl
Last Run  ----1970-01-01 00:00:00 
MONTH  5 
DATA  xxrecord 2012-04-23 07:00:05 :: $W5M5A,120423,070005,660d0028449ce246,1,DAS 2,5053.5417N,123.7180W,3.0,164,6.4,10.1,8.7,82.0,5.8,8.7,82.0,5.8,994.3,0,0,28.6,11,72*66
 
INSERT
STATION sbdservice
IRID_ID 300224010734970
BODY 
Content-Type: application/x-zip-compressed; name="SBMmessage.sbd"
Content-Disposition: attachment; filename="300224010734970_002858.sbd"
Content-Transfer-Encoding: base64

JFc1TTVBLDEyMDQyMywxMDAwMDUsNjYwZDAwMjg0NDljZTI0NiwxLERBUyAy
LCwsMi44LDE2OCw4LjAsMTAuMiw3LjcsODUuOCw1LjUsNy43LDg1LjMsNS40
LDk5MC44LDAsMCwzMy4zLDI2Miw3NCo3NQ0KDQokVzVNNUEsMTIwNDIzLDEw
MDAwNSw2NjBkMDAyODQ0OWNlMjQ2LDIsREFTIDIsMTIuOSwxMy4wLDAuMiww
LjUsMC4wMSw1OTEsNTk1LDE1Nyw2MjksMCwxMy44LDEzLjEwLDkyOSo1Rg0K
DQokVzVNNUEsMTIwNDIzLDEwMDAwNSw2NjBkMDAyODQ0OWNlMjQ2LDMsN0Yw
MDc1MDIzQTAwMDA1MzMyMzAzMTMyMzAzNDMyMzMzMDM5MzQzMDMwMzA1NTVC
MDAzMTMyMzAzNDMyMzMzMDM5MzQzMDJDNTQ0MTQyMzAzMDMwMzAzMDJDMkQz
MDM1MzEyRTMxMkMyQzMxMzIyRTM0MzYyQzM0MkUzMDJDMzMzNjMwMzAyQzM2
MzAyQzM2MzAyQzMxMkMzMDMwMzUzNzMwMkMzMzJFMzQzMjJDMzEyRTMyMzYy
QzMyMzMzNTJDMzAyQzMwMkUzMTM3MzIyQzJCMzAzMDJFMzAwRDBBRjExMDMy
RjhFRTNDN0YwMDY3MDIzQTAwMDA1NzMyMzAzMTMyMzAzNDMyMzMzMDM5MzQz
MDMwMzBGRjREMDAwMDgwRkI0NDAwODBEMzQzMDA5OEI3NDcwMDAwMDU0M0Iz
NzQ1MzNBNEUzQUMwNDBGMjNENTczQjUyNkFCMTNBODQzRTM3NDFDNDMwMDAz
Qjk4NjI5NTQxOTZFQUUwNDA1NjU1MDU0MjBFQjVGRDQxODI3MkVDM0E4RTA3
ODM0M0NCNjU5NDQyQ0YxQTMzMzFCNzFEOEVCQkFENkE3RjA0NTIwMjNBMDAw
MDRCNTY0ODIwMzczMjMwMzEzMjMwMzQzMjMzMzAzOTM0MzAzMDMwNTgwMDAw
MDA4RkMyRjUzQzBBRDdBMzNCOTAwNzgzNDNDQjY1OTQ0MkZCMTI2OTQzQzIy
QzkyNDI0QzBGOEI0MzczOTQ5QjQyMzlBMUEyNDFCN0ZGOTY0MkYwNTFBQzQz
QTUzMTk1NDIyNUQwQUE0M0NEOUU5NjQyQjg1QUY3NDIwNzU5OTQ0MkNDQUYy
MzQzQjg2Mjk1NDI4MDk3ODQ0MzQ3NTM5MTQyRUE3MDc4NDM2RDZBODk0MkFD
M0I4ODQzNDBDRDhDNDJDNDI2OEM0Mzc3MEM5MDQyOUUzOEI4NDE1QkRFOUM0
MkQ2MkZDQjQxMEQ5MDg5NDJDNjNCQUM0MzhBMkI5MzQyMzM1MzU5NDMyNUIx
OTQ0MjQzNTY0MjQzRjQ2RTk0NDJDMTNGNTc0M0MzNzA5QjQyNjM1MTJBNDJC
ODVDOUU0MkJCOTQ1MzQyNTU3NTk4NDJCRjhEODc0M0ZGMUE5QjQyRUI2RTky
NDNEREE1ODE0MjNCMjM5NTQzMEJCOTcwNDJDRUQ2OTg0MzU4OUQ3NDQyRUM4
RDk3NDM0QjczODQ0MjNENzU2MzQzREFGMzhFNDIxMEE2NDg0MzA2QzY4QjQy
NjQwQjcwNDM3MTIyOUM0MjU0QTBBMjQzRkVBRjk4NDI0RTMwOEM0MzZBMTM5
MTQyNEU0NzgzNDM0MkFBODI0MjE0NEY4NDQzNTk5Rjk3NDJFRTg3ODU0MkZB
OEE5QTQyNjgzRDgwNDNDMUE4OTg0MkYwMEU3MTQzQjA1QThENDI5NURFNEY0
MzYyQ0M4RTQyOUExRTRENDM5MkVFODM0MjNDQTM0MzQzNjQ1QzgzNDJBOTVE
NDU0MzNFMUQ4QzQyMDYxRDVCNDM3MjlDODg0MkVBQjc1OTQzRjg0NTgxNDI4
MkNBNjQ0MzhDNjc4QzQyMEUzNTkxNDM5NTBDOEY0MjM2RDA5NDQzOTNBRThC
NDIzNEExOEM0M0U0Q0U5MTQyNERDMzgwNDMyOTlGODk0MjMzNUY4NTQzNUNE
OTgwNDIxRjQxODk0MzdFQ0Q5MDQyMkUxMThBNDM1NzlCOEM0MkI4Qzk4OTQz
NDkzRTg3NDJCQ0MwOEE0MzdBOEY5NzQyNTlDNzA5NDM1QzExOUQ0MkZENTYy
MjQzQTA5ODk3NDJGNDMyMzU0M0U4NzU5QjQyNkVDMjNENDM1NzY0OTQ0Mjgy
QkIyNDQzMTMwODk0NDJGMjJFRTY0MkM3QzQ5NTQyRkQ4NkM5NDJEMDk2OTk0
MkUwNUNFMzQyNDI5NDlCNDIzRDgyNDI0MzJDQjA4RjQyODM1MzU4NDMzNTRE
ODI0MjUwQjE3OTQzREEwODdDNDI3NEQ1ODQ0MzBEMUI4NjQyNzZFMDc4NDMz
RUQ4ODY0MkMwRjI4NTQzNEQyMTg0NDIyNzg2OEU0MzM2RTk5MzQyMzgwODE5
NDNGMkM4OTc0MjQ2NDYwMTQzMzUxNzk4NDJGOTBDOUI0MzdEMjc5MTQyNTk1
MzkzNDNDQTNGOEU0MjJGNTA5NDQzNkZCMTk3NDJBNjJEQUE0M0QwNEI5MjQy
MTU5MEE1NDNEMDMyOEQ0MkU4QTY5NjQzMA==

--SBD.Boundary.605592468
PROCESS /noc/users/iridburst/exec/irid_300224010734970_upd.pl
Last Run  ----1970-01-01 00:00:00 
MONTH  5 
DATA  xxrecord 2012-04-23 10:00:05 :: $W5M5A,120423,100005,660d0028449ce246,1,DAS 2,,,2.8,168,8.0,10.2,7.7,85.8,5.5,7.7,85.3,5.4,990.8,0,0,33.3,262,74*75
 
INSERT
STATION sbdservice
IRID_ID 300224010734970
BODY 
Content-Type: application/x-zip-compressed; name="SBMmessage.sbd"
Content-Disposition: attachment; filename="300224010734970_002859.sbd"
Content-Transfer-Encoding: base64

JFc1TTVBLDEyMDQyMywxMTAwMDUsNjYwZDAwMjg0NDljZTI0NiwxLERBUyAy
LDUwNTMuNTQ1Mk4sMTIzLjcxNzdXLDIuNywxNTQsOS4wLDEwLjEsNy42LDg2
LjYsNS41LDcuNyw4Ni4xLDUuNSw5ODkuNywwLDAsMjguNiwyODYsNjUqNTIN
Cg0KJFc1TTVBLDEyMDQyMywxMTAwMDUsNjYwZDAwMjg0NDljZTI0NiwyLERB
UyAyLDEyLjksMTMuMCwwLjIsMC40LDAuMDEsNTkxLDU5NSwxNTcsNjI5LDAs
MTMuOSwxMy4xMCw5MjUqNTINCg0KJFc1TTVBLDEyMDQyMywxMTAwMDUsNjYw
ZDAwMjg0NDljZTI0NiwzLDdGMDA3NTAyM0EwMDAwNTMzMjMwMzEzMjMwMzQz
MjMzMzEzMDM0MzAzMDMwNTU1QjAwMzEzMjMwMzQzMjMzMzEzMDM0MzAyQzU0
NDE0MjMwMzAzMDMwMzAyQzJEMzAzNTMxMkUzMTJDMkMzMTMyMkUzNDM1MkMz
NDJFMzAyQzMzMzYzMDMwMkMzNjMwMkMzNjMwMkMzMTJDMzAzMDM1MzczMDJD
MzMyRTM0MzIyQzMxMkUzMjM2MkMzMjMzMzYyQzMwMkMzMDJFMzEzNzMzMkMy
QjMwMzAyRTMwMEQwQUVBMTA0N0Q3MjQxQzdGMDA2NzAyM0EwMDAwNTczMjMw
MzEzMjMwMzQzMjMzMzEzMDM0MzAzMDMwRkY0RDAwMDA4MEZCNDQwMDgwRDM0
MzAwMjBDQjQ3MDAwMEU2NDIzMEQ5NTYzQUM1RUZEOTQwMkExNjI5M0I2NjU0
QjczQUY4MjE0MjQxNzBEMUZEM0E0OEMxOUU0MTQ2NEFFODQwNDk5MkU0NDEy
QkY2RTU0MUIzRUFFQjNBNkUyNzhGNDNEQkFGODE0Mjg4MjIzMDMxMkMyMUI3
MEFCRjY1N0YwNDNBMDIzQTAwMDA0QjU2NDgyMDM3MzIzMDMxMzIzMDM0MzIz
MzMxMzAzNDMwMzAzMDU2MDAwMDAwOEZDMkY1M0MwQUQ3QTMzQjcxMjc4RjQz
REJBRjgxNDI2ODVCOTU0MzAzRjk2QzQyMTNERThGNDNEMTM4NjU0MkRFNkI4
OTQzMEU0RjcxNDJEQjI2OUQ0MzU5NzI5ODQyMTI2RThCNDJEMzE4OTI0Mjkx
OTlCQjQyRkU1QjkwNDIxM0NDNjY0MzM0MjU5NjQyMTU4OTdDNDM5Qjg0ODk0
MjMyNzk0RDQzMEFBMjk3NDJFODQxMjc0M0FBNEU5OTQyOTg5RDk2NDMzQkYw
OUI0MjZCODI3RTQzQTFBQjkzNDJDRkRBNUQ0MzUzQjg4NDQyQTE4NTZCNDM5
MDdGOEM0MjcwMUM1QjQzQTE5RThENDI2MzI4NTI0M0VCRjM4MjQyRjUxNjYy
NDNEQTQ4ODQ0MkFEREE4NzQzRjUzODhBNDJDOTZEQTA0MzMyMUE4QjQyREVG
NTlENDM3QTdDOTI0MjFCMzU4NTQzODY2QTdDNDJFODA1Nzk0M0Q4RkY2MDQy
NUM1RTc1NDNGMTU3Njg0MjdFMjM4NjQzNUJCQzgwNDIxRkZGODc0MzA5OTM5
MDQyRURFNzg0NDMyODQ5OTM0Mjc5M0I5QzQzOTQ0MDg5NDI3MTE2QTI0M0I1
NjU4NDQyREVGMjk0NDNEMTIwOTE0MkJDMTA1MTQzNjJFOTk4NDI1MzU2MjQ0
MzdFRUI4NzQyOUUwMTMwNDNEQjhGODk0MjU1QTU1RDQzMTRCMDkyNDIwMjQ0
ODM0MzhCNEY5QTQyRkU4QjgxNDM3Qzg4OEQ0MkU3OEU4MjQzQkREQzgzNDJF
RENFODg0MzEyNDg4QTQyRUU1MUE1NDNGQkM5OTc0MjBCOTY1MzQzQ0VDQTlF
NDIyRTI0Mzg0M0VDMEE4QjQyNTBBQzRCNDNEN0FGODA0MkJDMUM1NTQzQTM1
MDhCNDI1RjFDMkI0Mzg1MkQ4NDQyMjNGMTJCNDNFMTI2ODg0MjcwMTg0MDQz
NTE1RDhGNDI0RDBFMjA0MzRCMkQ5MTQyMEU4NkQ0NDJDOEQ2OTU0MjE4MUJB
QjQzMzg2RjkyNDI3MUY4QUE0MzExRUQ5NDQyNzU0M0ExNDJDNjM5OTY0MkVE
RDQwODQzRkMxNjk3NDI0RERGMjE0MzJBMzc5OTQyNkQ4OEMyNDI1Nzg1OTg0
MjlGMTQ5RjQyRDRGOTk3NDI4RTFGOTI0M0Q5RUU5RTQyQTgyNDdCNDMzMUJD
OTM0MjBEMjM5QzQzRUU5MTlBNDI4NUU0MDk0MTNEQjc5NzQyMkY3OUNBNDEy
RDdBOTk0MjQ4NTFCMjQzNEVDNTkzNDIwM0NEQTA0M0EwQTE5NTQyRUREMjQ5
NDM3RTRCOTY0MjE5NUIxMzQzNUQzRkEwNDI1RTZCOUU0MzkzOEY4ODQyQTMz
MUExNDMzQzU5OEE0MkE0QjZCRjQxQjYxRTkzNDJDNEIyQkM0MjIyMUE5ODQy
ODUzQTNCNDNBRjk0OUQ0MjVEQzJBNDQzOTMwNjk5NDJFMjI3Mjc0MzBBOEQ5
MzQyRjg1QjJDNDM1N0Q5ODA0MjdFRkI1Mw==

--SBD.Boundary.605592468
PROCESS /noc/users/iridburst/exec/irid_300224010734970_upd.pl
Last Run  ----1970-01-01 00:00:00 
MONTH  5 
DATA  xxrecord 2012-04-23 11:00:05 :: $W5M5A,120423,110005,660d0028449ce246,1,DAS 2,5053.5452N,123.7177W,2.7,154,9.0,10.1,7.6,86.6,5.5,7.7,86.1,5.5,989.7,0,0,28.6,286,65*52
 
INSERT
STATION sbdservice
IRID_ID 300224010734970
BODY 
Content-Type: application/x-zip-compressed; name="SBMmessage.sbd"
Content-Disposition: attachment; filename="300224010734970_002860.sbd"
Content-Transfer-Encoding: base64

JFc1TTVBLDEyMDQyMywxMjAwMDUsNjYwZDAwMjg0NDljZTI0NiwxLERBUyAy
LCwsMi41LDMyMiw2LjMsMTAuMSw3LjUsODguNiw1LjgsNy42LDg3LjgsNS43
LDk4OC41LDAsMCwyOC42LDE4OCw3MSo3Ng0KDQokVzVNNUEsMTIwNDIzLDEy
MDAwNSw2NjBkMDAyODQ0OWNlMjQ2LDIsREFTIDIsMTIuOSwxMy4xLDAuMiww
LjksMC4wMSw1OTEsNTk1LDE1Nyw2MjgsMCwxMy43LDEzLjEwLDkyNyo1MA0K
DQokVzVNNUEsMTIwNDIzLDEyMDAwNSw2NjBkMDAyODQ0OWNlMjQ2LDMsN0Yw
MDc1MDIzQTAwMDA1MzMyMzAzMTMyMzAzNDMyMzMzMTMxMzQzMDMwMzA1NTVC
MDAzMTMyMzAzNDMyMzMzMTMxMzQzMDJDNTQ0MTQyMzAzMDMwMzAzMDJDMkQz
MDM1MzEyRTMxMkMyQzMxMzIyRTM1MzAyQzM0MkUzMDJDMzMzNjMwMzAyQzM2
MzAyQzM2MzAyQzMxMkMzMDMwMzUzNzMwMkMzMzJFMzQzMjJDMzEyRTMyMzYy
QzMyMzMzNzJDMzAyQzMwMkUzMTM3MzIyQzJCMzAzMDJFMzAwRDBBRTcxMDI1
QjlDNTk3N0YwMDY3MDIzQTAwMDA1NzMyMzAzMTMyMzAzNDMyMzMzMTMxMzQz
MDMwMzBGRjREMDAwMDgwRkI0NDAwODBEMzQzMDBBOERFNDcwMDAwRTg0MkNE
M0Q0QzNBMTI5N0Q5NDBBMDMyMUYzQkI5OEJCMDNBQzFEMDUxNDE2RTFEMDIz
QjBCN0ZBRDQxMjMwNkQ2NDA0OTkyRTQ0MTZGQzNFRjQxQjYyQURFM0FERDBE
M0M0M0YzNkU4RTQyOEE3RDNGMzE1MTFGNTVBRjQ4MkU3RjA0OEUwMjNBMDAw
MDRCNTY0ODIwMzczMjMwMzEzMjMwMzQzMjMzMzEzMTM0MzAzMDMwNUQwMDAw
MDA4RkMyRjUzQzBBRDdBMzNCRTAwRDNDNDNFRjZFOEU0MjMzODFGODQyQ0Ux
RjhENDI1NkREMjU0MzdGRUQ5MDQyNEQwNjVFNDNDODRCODk0MkZBQ0I3MzQz
MDlCQzhBNDI2NjI5ODY0MzRFNjk5QjQyMEQzNzQ0NDNEMkUxOTI0MjJDMEI1
NzQzRjBGQjg2NDJEMEY4Njc0MzhGNjU4MjQyMjhEQjYwNDNBMjkzNzA0MjQx
RDM1MjQzMjEwNTgyNDI0NkYwNEE0M0FBQTg5MzQyRkE5RjQwNDNENTFFOTQ0
MjA3RkQ0MzQzMjIzRTk1NDI1MjI0OUY0MDVCNkI5ODQyOTMxMkIzNDMyRkNE
OTE0MjQwNEM1NzQzNUQ5NTg4NDJENTY4NUI0MzlERTQ2RTQyN0MwOTZDNDM0
QzA5ODA0Mjc5Qjc2QjQzRDAwNjkyNDIwRTdFMDI0MzMyQjE5NTQyNURCMDA2
NDNCQjI3OEU0MkM1RTA0MDQzMkREMThGNDI4NjBEODA0M0RFMUI4RjQyMjVE
NDg4NDMwNzgyODk0MjIwMzY2RDQzQkQ5MTg4NDIxMDhFNjQ0MzcyQjM4QzQy
NEJFOTZBNDNFNEY3OUQ0MjI3NTAxMjQzN0ZDMDhDNDJCMjkwMTQ0M0FEQkY3
NDQyMDBFODQzNDM3MDZCODM0MkI1ODY2MDQzQzJCRjgyNDIzMjg5NjE0Mzg2
MkM5MTQyQ0I1RDk1NDNBQjc1OTk0MkREQTIwQTQzNEU1QTkxNDJGM0UwMTY0
M0QyRjQ1RjQyN0FCREY3NDI2ODA0OEU0MjQzRDQ4QzQyMzkyRjlGNDJFRTRC
N0E0MzJBODE5ODQyMTdFMjUzNDMxRkQzOTY0MjZCMzEyQjQzMkU3RjkxNDI5
QUM0RTE0MjQyQkM5NTQyMjEyMTJENDI2M0Q4OTI0MjFBOTZBQTQzNUM2Nzkx
NDJGMjdBQTc0MzhGNzQ4ODQyRDQwODlENDNCRjJGOTI0MkRDNjc4ODQzRDYy
NThFNDIwMjJEOTA0Mzg5MDQ4RjQyRUE5OThFNDM4NUMzODY0MjRFQTI4MTQz
NTRCQjg0NDJGODQ2Nzg0M0UxQ0Y5MDQyMDgyOUE4NDNENURCOUM0MkM5ODc5
MjQyM0MxNDk5NDI3QUQ2NDA0M0ZCREI5MjQyN0NCMjZDNDNGN0I5ODg0MjM4
NTk3QTQzQTMwMjg2NDI5RENDNTk0MzA4MzU5NDQyNDk2NDFGNDNENkJFOTI0
Mjk0MzIzMzQzMkU3RDk3NDI1QkUxQTQ0M0Q1ODc5ODQyRjcxODQzNDA5QTgz
OUI0MjExRkUxQTQzQjZBMjk2NDJBQUE0RkE0MjFFNTE4ODQyQzBENzAyNDNF
Mjc5OEY0MjE0NjM1NTQzNzNFNThFNDI1MTMwNEY0M0M1QTM4MTQyODAyODE1
NDMzNjMwODM0MkY5NzBDNDQyMDdEMjcxNDIzOUNCQzI0MkJERTc3ODQyQUQ1
MTIzNDMxNEI1OTY0MjRERjk2RTQzNzVGQjgwNDJGNjAxNjg0M0UxNDU4MjQy
NEQ1OTJCNDMwNUZFN0Y0MkMxRDYxNDQzNA==

--SBD.Boundary.605592468
PROCESS /noc/users/iridburst/exec/irid_300224010734970_upd.pl
Last Run  ----1970-01-01 00:00:00 
MONTH  5 
DATA  xxrecord 2012-04-23 12:00:05 :: $W5M5A,120423,120005,660d0028449ce246,1,DAS 2,,,2.5,322,6.3,10.1,7.5,88.6,5.8,7.6,87.8,5.7,988.5,0,0,28.6,188,71*76
 
INSERT
STATION sbdservice
IRID_ID 300224010734970
BODY 
Content-Type: application/x-zip-compressed; name="SBMmessage.sbd"
Content-Disposition: attachment; filename="300224010734970_002861.sbd"
Content-Transfer-Encoding: base64

JFc1TTVBLDEyMDQyMywxMzAwMDUsNjYwZDAwMjg0NDljZTI0NiwxLERBUyAy
LDUwNTMuNTQzM04sMTIzLjcxNTNXLDIuOCwzMzksNi41LDEwLjIsNy41LDkw
LjIsNi4wLDcuNiw4OS4yLDUuOSw5ODcuOCwwLDAsMjguNiwzMzIsNzEqNTMN
Cg0KJFc1TTVBLDEyMDQyMywxMzAwMDUsNjYwZDAwMjg0NDljZTI0NiwyLERB
UyAyLDEyLjksMTMuMSwwLjIsMC41LDAuMDEsNTkxLDU5NSwxNTcsNjI5LDAs
MTQuMCwxMy4xMCw5MjkqNTINCg0KJFc1TTVBLDEyMDQyMywxMzAwMDUsNjYw
ZDAwMjg0NDljZTI0NiwzLDdGMDA3NTAyM0EwMDAwNTMzMjMwMzEzMjMwMzQz
MjMzMzEzMjM0MzAzMDMwNTU1QjAwMzEzMjMwMzQzMjMzMzEzMjM0MzAyQzU0
NDE0MjMwMzAzMDMwMzAyQzJEMzAzNTMxMkUzMTJDMkMzMTMyMkUzNDM5MkMz
NDJFMzAyQzMzMzYzMDMwMkMzNjMwMkMzNjMwMkMzMTJDMzAzMDM1MzczMDJD
MzMyRTM0MzIyQzMxMkUzMjM2MkMzMjMzMzgyQzMwMkMzMDJFMzEzNzMyMkMy
QjMwMzAyRTMwMEQwQUYxMTA5RjExNkMxNzdGMDA2NzAyM0EwMDAwNTczMjMw
MzEzMjMwMzQzMjMzMzEzMjM0MzAzMDMwRkY0RDAwMDA4MEZCNDQwMDgwRDM0
MzAwMzBGMjQ3MDAwMERFNDI1OTc5NTIzQTNGMURFMTQwNzI3RUZBM0E0RjAx
QUEzQTdFRDUzQzQxODYzNEQ3M0FBQzFGNzE0MTU2MjBENzQwNDk5MkU0NDFD
QzU4RTk0MUNGODVERjNBRTkxMkE2NDM4RjJGOEQ0MjUxQzIxQzMxOEUxRjFF
OTU5REQ0N0YwNDZBMDIzQTAwMDA0QjU2NDgyMDM3MzIzMDMxMzIzMDM0MzIz
MzMxMzIzNDMwMzAzMDVBMDAwMDAwOEZDMkY1M0MwQUQ3QTMzQkVBMTJBNjQz
OTEyRjhENDIxQ0MxQjE0M0RBNDg4NzQyMzI1NUFENDNBNzgxOEM0MjJBODA5
QjQzNEFDRDkyNDJBOTIxOUQ0MzExRTg5NzQyRUEzREFCNDMzMjZCOTU0MkZB
QTVBNTQwMkNFNDk1NDJGMzdGODY0MkI1REY5RTQyRkEzQTQ3NDNFQzI4ODk0
MjJDMjY1MjQzMDg5Mjg2NDIzMzBFODI0MzQ1ODg4RjQyQkFDRDg2NDM3QzQ3
OEI0MkNFRDg2OTQzNTI5NTg5NDI0NDk4MDE0MzI1NEM5QjQyQjJBNDkyNDIz
MjREOEU0MjU1MDkxMjQzMDFCQjk5NDJFMUQ2Mzk0MzZDNjg4RjQyRDZBNzAy
NDNBMzhEOEY0MjQxNTU4RDQyQzcyNzhBNDIxREE2QUI0MkNCNjU5QTQyNkMz
QjY0NDMzQjFDOTI0MjAzOEY2OTQzNzVBNDg3NDI3OUQwNDk0MzAzMjM4ODQy
NUUzMDM2NDM2NkI0OTE0MjgyQkI5MjQzRkI2MTlFNDIzMkY0Njg0M0E0NkY4
RjQyQTQyQzRFNDNBMkMwODU0MkQ1ODcxMDQzRTgwQTk2NDI2N0U5RkQ0MUFE
MzY5NDQyRUI3MEIwNDNGRjA4OTQ0MjJBMEFBMDQzNDY5NjkyNDIzNEMzOUM0
M0M2RjI4QTQyODZEMDlBNDNBMjAxOTM0MkExOEUzMTQzODRBMzkxNDJDNUI5
NDk0MzcwQTA5MjQyOTAxQjYxNDNDQkFCOTM0MkI0NEQ3MDQzMjE1NThBNDI5
OERENzk0Mzg5NDA3QTQyNTQwODc1NDM5ODEyODM0MjFBQUY1NjQzQUI5RjhE
NDJBMkMwNEU0M0EzRTQ5MTQyQTlDRDZGNDNCOTUyOTk0MkEyREY3NTQzMDZE
OTkwNDI1QjQzNkE0M0RDNEU4MjQyREJEQzU1NDMwNUYyN0U0MkI3QTA0RjQz
QTMxNzg0NDIyMTU4Njk0MzFGQzU5RDQyMkVFNTE5NDJCN0M4OUI0MjRCNzAy
NjQzNjJDNDlGNDI1NEQ1Mjc0M0IyRkQ5RjQyQzRDMzQ5NDMwNTQwOTU0MkY4
RTg1QjQzQTkyQTgyNDIwNEFDNkM0MzQxMDE3OTQyMjI1MjdCNDNCODU4ODk0
MkRBMEU4NjQzREE1MTk5NDIyMUI1QUQ0M0ZGMkI5NjQyNzkwRDY0NDFBRDk4
OUU0MjM0OEM1NTQzN0JBRTk4NDJEMjRFN0U0MzI5MzA4RjQyMEY2NDg5NDND
M0Y4OTI0MjU5MTBBQjQzQUM3MjlBNDIzN0EzQUE0MzFCQjU5QzQyOTA2MTY5
NDMxQzQ3OTg0MjE1Qjc0ODQzMDJEQUEwNDI0NkFBODc0MTI5OTQ5MTQyNUE3
RkMwNDAwODlEOEE0MjlBMEJBMjQzMDI4QTlBNDI5NUYxNEQ0MzE0NEU4OTQy
Mjg5RTYzNDMyMjEyODU0MkFCRTU2QzQzNEEyRjhBNDI4RUM5NjA0MzkzMTQ5
MzQyQTA5NzY1NDM1MTc1OEM0MjFDRTg1MQ==

--SBD.Boundary.605592468
PROCESS /noc/users/iridburst/exec/irid_300224010734970_upd.pl
Last Run  ----1970-01-01 00:00:00 
MONTH  5 
DATA  xxrecord 2012-04-23 13:00:05 :: $W5M5A,120423,130005,660d0028449ce246,1,DAS 2,5053.5433N,123.7153W,2.8,339,6.5,10.2,7.5,90.2,6.0,7.6,89.2,5.9,987.8,0,0,28.6,332,71*53
 
INSERT
STATION sbdservice
IRID_ID 300224010734970
BODY 
Content-Type: application/x-zip-compressed; name="SBMmessage.sbd"
Content-Disposition: attachment; filename="300224010734970_002862.sbd"
Content-Transfer-Encoding: base64

JFc1TTVBLDEyMDQyMywxNDAwMDUsNjYwZDAwMjg0NDljZTI0NiwxLERBUyAy
LCwsNC44LDM0Nyw5LjAsMTAuMiw3LjksOTAuNCw2LjQsNy45LDg5LjcsNi40
LDk4Ny40LDAsMCwzMy4zLDI3LDcxKjQ0DQoNCiRXNU01QSwxMjA0MjMsMTQw
MDA1LDY2MGQwMDI4NDQ5Y2UyNDYsMixEQVMgMiwxMy4wLDEzLjIsMC4yLDAu
NCwwLjAxLDU5MSw1OTUsMTU3LDYyOSwwLDE0LjAsMTMuMTAsOTI3KjUxDQoN
CiRXNU01QSwxMjA0MjMsMTQwMDA1LDY2MGQwMDI4NDQ5Y2UyNDYsMyw3RjAw
NzUwMjNBMDAwMDUzMzIzMDMxMzIzMDM0MzIzMzMxMzMzNDMwMzAzMDU1NUIw
MDMxMzIzMDM0MzIzMzMxMzMzNDMwMkM1NDQxNDIzMDMwMzAzMDMwMkMyRDMw
MzUzMTJFMzEyQzJDMzEzMjJFMzUzODJDMzQyRTMwMkMzMzM2MzAzMDJDMzYz
MDJDMzYzMDJDMzEyQzMwMzAzNTM3MzAyQzMzMkUzNDMyMkMzMTJFMzIzNjJD
MzIzMzM5MkMzMDJDMzAyRTMxMzczMjJDMkIzMDMwMkUzMDBEMEFGMzEwQ0Qz
RDAxQ0Y3RjAwNjcwMjNBMDAwMDU3MzIzMDMxMzIzMDM0MzIzMzMxMzMzNDMw
MzAzMEZGNEQwMDAwODBGQjQ0MDA4MEQzNDMwMERDMDI0ODAwMDBFMjQyODBG
RTYzM0FDMjBERTE0MDNBN0IzQzNCNjJERkI2M0EwNzFDM0M0MTU0NUNFRjNB
QjkzMDhBNDExMTZGQ0Q0MDU2NTUwNTQyNzUyRTAyNDJFQjYxREIzQUExRjRE
MzQxRUFGNDhENDI0RjY4NDQzMUM5MUUzMDhBNUNBQzdGMDQ2QTAyM0EwMDAw
NEI1NjQ4MjAzNzMyMzAzMTMyMzAzNDMyMzMzMTMzMzQzMDMwMzA1QTAwMDAw
MDhGQzJGNTNDMEFEN0EzM0I5Q0Y0RDM0MUU0RjQ4RDQyOERBRjY0NDI4Q0NB
ODU0MjE0OTE1QjQyQTJGMThDNDIwMzk1QjA0MzcwMzQ5MTQyQ0MwQTlENDMz
MTc5OTI0MkQwMUI2QjQzRTQ5Qjk4NDIwOUVENTk0MzRGREQ5NzQyMkM2QTc1
NDNFMzU5OTg0Mjk3QjE5MTQzQkJERjhFNDI3NEQxOTY0MzM2MzQ5NDQyM0RE
RDM0NDMxRUI4OTU0MkI0RUU3NDQzRjEzMTlCNDJGNzc2OUY0MzkzRDc4RDQy
QzQ0OEEyNDNFQzBCOTk0MjE3RDQzRDQzNUZBNjk5NDJBMEJBMjE0M0Y4REY5
ODQyNTEzMkEzNDNDMkEzOUQ0MjUzNEI4MjQzMTM0Rjk3NDI2MkFBOEM0MzdD
Njk5ODQyMjBGN0IyNDNFNTY3OEY0MjkwM0VEQjQxM0MwNDkyNDI1RUVCNjE0
MjYxREM5QTQyNkFBMzQ5NDNENzJEOTc0MkNDMjY1MDQzRTdCMzg4NDJDQUY4
NDU0MzY2MzA4NjQyNUU4MjY3NDNGMDgzOTI0Mjk1RUM5MTQzQzhGRDhFNDI5
NUZBOTE0M0I4NjM5OTQyOTA5NzkxNDNBRDEwOUY0MkE5MEE4NzQzMTYwNDhF
NDI2NEYyODg0MzI3Nzc3MTQyNjZCOThFNDNCRTMyODc0MkIzQUY5NzQzOTE2
QzkyNDIxMEY3MUQ0MzQ1QTBBMTQyRjRBMTNBNDI4MzRFOTE0MkJFNjJBQzQz
RENBMzg2NDJFOTI4QTQ0MzVDQjI4OTQyNzM0MTk2NDMyQzRGOTY0MjY0RTI1
QzQzMEJEQTlCNDI0RTIxNEI0MzU0Q0I5ODQyNERDNzYxNDM2QTAwOEU0MjJC
QUY3NTQzNDU4QjZGNDI3NEU3Nzg0MzdDQjQ2QzQyMzZGNDVDNDM4QTFCOEY0
MkQwOEUxMDQzNEM2ODhDNDI3MjFGREQ0MkIzODI5MjQyODU3Mzk3NDNDMEZB
ODc0MjQyQ0M5MzQzQzczNTcwNDIyNTVEQTY0M0VFMUI5MzQyQUUwMTVGNDIw
QURBOUE0MjlEMkQzNTQzRDc4NzlBNDIzNkZFMjc0MzUxMzA4RTQyNEU5NTI2
NDMxNDVGOEI0MjYwMUQ3MTQzNERDODlENDI5REVDOUQ0MzczOTI5NDQyREND
MjE2NDJCMTMzOUI0MkY1Qzc4QzQyNDQ3NTk1NDJBNUI2ODc0MjMwMTU5QTQy
QjJBMUFBNDFDNTQ3OTg0MkZGQzVBOTQzMzNFRThDNDJEMjdFQUE0Mzk5MkU5
MjQyRTI2NzEzNDM4MThFOTk0MkQ1RUEyNzQzNDMwNjhDNDJDNDY1MEY0MzBF
OTc5MjQyODQ0MzFDNDNCMDZBOTY0MkJDQUY0RTQzODhEMzhGNDIwMjJENTg0
MzE4OTk4ODQyQTY5MjRGNDNGRTVGOEI0Mjc4M0Y1RjQzRkFBMDg4NDI2NTY2
NkI0MzQxQjc5MDQyQ0FEMzkwNDM4NTU3OTg0MkZBMjM5MzQzMTFFMTg0NDJB
QTkyOEY0M0I3RjM3MTQyNDY1QTkyNDM4NQ==

--SBD.Boundary.605592468
PROCESS /noc/users/iridburst/exec/irid_300224010734970_upd.pl
Last Run  ----1970-01-01 00:00:00 
MONTH  5 
DATA  xxrecord 2012-04-23 14:00:05 :: $W5M5A,120423,140005,660d0028449ce246,1,DAS 2,,,4.8,347,9.0,10.2,7.9,90.4,6.4,7.9,89.7,6.4,987.4,0,0,33.3,27,71*44
 
INSERT
STATION sbdservice
IRID_ID 300224010734970
BODY --

From sbdservice@sbd.iridium.com Mon Apr 23 16:01:39 2012
Return-Path: <sbdservice@sbd.iridium.com>
Received: from istbsp01.sbd.iridium.com (outbound.sbd.iridium.com [12.47.179.11])
	by mercury.noc.soton.ac.uk (8.13.1/8.12.11) with ESMTP id q3NF1ZQt016694
	for <iridburst@noc.soton.ac.uk>; Mon, 23 Apr 2012 16:01:35 +0100
Reply-To: <sbdservice@sbd.iridium.com>
From: sbdservice@sbd.iridium.com
To: iridburst@noc.soton.ac.uk
Subject: SBD Msg From Unit: 300224010734970
MIME-Version: 1.0
Content-Type: multipart/mixed;boundary="SBD.Boundary.605592468"
Message-Id: <19740412024625.21275FEA3B1E557A@istbsp01.sbd.iridium.com>
Date: Mon, 23 Apr 2012 15:01:35 +0000 (GMT)
X-NOCS-MailScanner-Information: Please contact the ISP for more information
X-NOCS-MailScanner-ID: q3NF1ZQt016694
X-NOCS-MailScanner: Found to be clean
X-NOCS-MailScanner-SpamCheck: not spam (whitelisted),
	SpamAssassin (not cached, score=-2.599, required 5,
	autolearn=not spam, BAYES_00 -2.60)
X-NOCS-MailScanner-From: sbdservice@sbd.iridium.com
X-Spam-Status: No

SBM Message
--SBD.Boundary.605592468
PROCESS /noc/users/iridburst/exec/irid_300224010734970_upd.pl
Last Run  ----1970-01-01 00:00:00 
MONTH  5 
DATA  xxrecord 2012-04-23 14:00:05 :: $W5M5A,120423,140005,660d0028449ce246,1,DAS 2,,,4.8,347,9.0,10.2,7.9,90.4,6.4,7.9,89.7,6.4,987.4,0,0,33.3,27,71*44
 
STATION sbdservice
IRID_ID 300224010734970
BODY --

From sbdservice@sbd.iridium.com Mon Apr 23 17:00:54 2012
Return-Path: <sbdservice@sbd.iridium.com>
Received: from istbsp01.sbd.iridium.com (outbound.sbd.iridium.com [12.47.179.11])
	by mercury.noc.soton.ac.uk (8.13.1/8.12.11) with ESMTP id q3NG0odd026937
	for <iridburst@noc.soton.ac.uk>; Mon, 23 Apr 2012 17:00:50 +0100
Reply-To: <sbdservice@sbd.iridium.com>
From: sbdservice@sbd.iridium.com
To: iridburst@noc.soton.ac.uk
Subject: SBD Msg From Unit: 300224010734970
MIME-Version: 1.0
Content-Type: multipart/mixed;boundary="SBD.Boundary.605592468"
Message-Id: <19740412024625.73E64CF97F1F1CE0@istbsp01.sbd.iridium.com>
Date: Mon, 23 Apr 2012 16:00:49 +0000 (GMT)
X-NOCS-MailScanner-Information: Please contact the ISP for more information
X-NOCS-MailScanner-ID: q3NG0odd026937
X-NOCS-MailScanner: Found to be clean
X-NOCS-MailScanner-SpamCheck: not spam (whitelisted),
	SpamAssassin (not cached, score=-2.599, required 5,
	autolearn=not spam, BAYES_00 -2.60)
X-NOCS-MailScanner-From: sbdservice@sbd.iridium.com
X-Spam-Status: No

SBM Message
--SBD.Boundary.605592468
PROCESS /noc/users/iridburst/exec/irid_300224010734970_upd.pl
Last Run  ----1970-01-01 00:00:00 
MONTH  5 
DATA  xxrecord 2012-04-23 14:00:05 :: $W5M5A,120423,140005,660d0028449ce246,1,DAS 2,,,4.8,347,9.0,10.2,7.9,90.4,6.4,7.9,89.7,6.4,987.4,0,0,33.3,27,71*44
 
STATION sbdservice
IRID_ID 300224010734970
BODY --

From sbdservice@sbd.iridium.com Mon Apr 23 18:00:56 2012
Return-Path: <sbdservice@sbd.iridium.com>
Received: from istbsp01.sbd.iridium.com (outbound.sbd.iridium.com [12.47.179.11])
	by mercury.noc.soton.ac.uk (8.13.1/8.12.11) with ESMTP id q3NH0oht003516
	for <iridburst@noc.soton.ac.uk>; Mon, 23 Apr 2012 18:00:52 +0100
Reply-To: <sbdservice@sbd.iridium.com>
From: sbdservice@sbd.iridium.com
To: iridburst@noc.soton.ac.uk
Subject: SBD Msg From Unit: 300224010734970
MIME-Version: 1.0
Content-Type: multipart/mixed;boundary="SBD.Boundary.605592468"
Message-Id: <19740412024625.F3124DCA7F0D7FA6@istbsp01.sbd.iridium.com>
Date: Mon, 23 Apr 2012 17:00:44 +0000 (GMT)
X-NOCS-MailScanner-Information: Please contact the ISP for more information
X-NOCS-MailScanner-ID: q3NH0oht003516
X-NOCS-MailScanner: Found to be clean
X-NOCS-MailScanner-SpamCheck: not spam (whitelisted),
	SpamAssassin (not cached, score=-2.599, required 5,
	autolearn=not spam, BAYES_00 -2.60)
X-NOCS-MailScanner-From: sbdservice@sbd.iridium.com
X-Spam-Status: No

SBM Message
--SBD.Boundary.605592468
PROCESS /noc/users/iridburst/exec/irid_300224010734970_upd.pl
Last Run  ----1970-01-01 00:00:00 
MONTH  5 
DATA  xxrecord 2012-04-23 14:00:05 :: $W5M5A,120423,140005,660d0028449ce246,1,DAS 2,,,4.8,347,9.0,10.2,7.9,90.4,6.4,7.9,89.7,6.4,987.4,0,0,33.3,27,71*44
 
STATION sbdservice
IRID_ID 300224010734970
BODY --

From sbdservice@sbd.iridium.com Mon Apr 23 19:00:55 2012
Return-Path: <sbdservice@sbd.iridium.com>
Received: from istbsp02.sbd.iridium.com (outbound.sbd.iridium.com [12.47.179.11])
	by mercury.noc.soton.ac.uk (8.13.1/8.12.11) with ESMTP id q3NI0oa5010511
	for <iridburst@noc.soton.ac.uk>; Mon, 23 Apr 2012 19:00:50 +0100
Reply-To: <sbdservice@sbd.iridium.com>
From: sbdservice@sbd.iridium.com
To: iridburst@noc.soton.ac.uk
Subject: SBD Msg From Unit: 300224010734970
MIME-Version: 1.0
Content-Type: multipart/mixed;boundary="SBD.Boundary.605592468"
Message-Id: <19740412024625.89044DDAF742A3EB@istbsp02.sbd.iridium.com>
Date: Mon, 23 Apr 2012 18:00:50 +0000 (GMT)
X-NOCS-MailScanner-Information: Please contact the ISP for more information
X-NOCS-MailScanner-ID: q3NI0oa5010511
X-NOCS-MailScanner: Found to be clean
X-NOCS-MailScanner-SpamCheck: not spam (whitelisted),
	SpamAssassin (not cached, score=-2.599, required 5,
	autolearn=not spam, BAYES_00 -2.60)
X-NOCS-MailScanner-From: sbdservice@sbd.iridium.com
X-Spam-Status: No

SBM Message
--SBD.Boundary.605592468
PROCESS /noc/users/iridburst/exec/irid_300224010734970_upd.pl
Last Run  ----1970-01-01 00:00:00 
MONTH  5 
DATA  xxrecord 2012-04-23 14:00:05 :: $W5M5A,120423,140005,660d0028449ce246,1,DAS 2,,,4.8,347,9.0,10.2,7.9,90.4,6.4,7.9,89.7,6.4,987.4,0,0,33.3,27,71*44
 
STATION sbdservice
IRID_ID 300224010734970
BODY --

From sbdservice@sbd.iridium.com Mon Apr 23 20:00:54 2012
Return-Path: <sbdservice@sbd.iridium.com>
Received: from istbsp02.sbd.iridium.com (outbound.sbd.iridium.com [12.47.179.11])
	by mercury.noc.soton.ac.uk (8.13.1/8.12.11) with ESMTP id q3NJ0pFp016907
	for <iridburst@noc.soton.ac.uk>; Mon, 23 Apr 2012 20:00:51 +0100
Reply-To: <sbdservice@sbd.iridium.com>
From: sbdservice@sbd.iridium.com
To: iridburst@noc.soton.ac.uk
Subject: SBD Msg From Unit: 300224010734970
MIME-Version: 1.0
Content-Type: multipart/mixed;boundary="SBD.Boundary.605592468"
Message-Id: <19740412024625.4D194FDB77511D55@istbsp02.sbd.iridium.com>
Date: Mon, 23 Apr 2012 19:00:51 +0000 (GMT)
X-NOCS-MailScanner-Information: Please contact the ISP for more information
X-NOCS-MailScanner-ID: q3NJ0pFp016907
X-NOCS-MailScanner: Found to be clean
X-NOCS-MailScanner-SpamCheck: not spam (whitelisted),
	SpamAssassin (not cached, score=-2.599, required 5,
	autolearn=not spam, BAYES_00 -2.60)
X-NOCS-MailScanner-From: sbdservice@sbd.iridium.com
X-Spam-Status: No

SBM Message
--SBD.Boundary.605592468
PROCESS /noc/users/iridburst/exec/irid_300224010734970_upd.pl
Last Run  ----1970-01-01 00:00:00 
MONTH  5 
DATA  xxrecord 2012-04-23 14:00:05 :: $W5M5A,120423,140005,660d0028449ce246,1,DAS 2,,,4.8,347,9.0,10.2,7.9,90.4,6.4,7.9,89.7,6.4,987.4,0,0,33.3,27,71*44
 
STATION sbdservice
IRID_ID 300224010734970
BODY --

From sbdservice@sbd.iridium.com Mon Apr 23 21:00:52 2012
Return-Path: <sbdservice@sbd.iridium.com>
Received: from istbsp01.sbd.iridium.com (outbound.sbd.iridium.com [12.47.179.11])
	by mercury.noc.soton.ac.uk (8.13.1/8.12.11) with ESMTP id q3NK0l9e023602
	for <iridburst@noc.soton.ac.uk>; Mon, 23 Apr 2012 21:00:48 +0100
Reply-To: <sbdservice@sbd.iridium.com>
From: sbdservice@sbd.iridium.com
To: iridburst@noc.soton.ac.uk
Subject: SBD Msg From Unit: 300224010734970
MIME-Version: 1.0
Content-Type: multipart/mixed;boundary="SBD.Boundary.605592468"
Message-Id: <19740412024625.DD5A5EC8773C752A@istbsp01.sbd.iridium.com>
Date: Mon, 23 Apr 2012 20:00:47 +0000 (GMT)
X-NOCS-MailScanner-Information: Please contact the ISP for more information
X-NOCS-MailScanner-ID: q3NK0l9e023602
X-NOCS-MailScanner: Found to be clean
X-NOCS-MailScanner-SpamCheck: not spam (whitelisted),
	SpamAssassin (not cached, score=-2.599, required 5,
	autolearn=not spam, BAYES_00 -2.60)
X-NOCS-MailScanner-From: sbdservice@sbd.iridium.com
X-Spam-Status: No

SBM Message
--SBD.Boundary.605592468
PROCESS /noc/users/iridburst/exec/irid_300224010734970_upd.pl
Last Run  ----1970-01-01 00:00:00 
MONTH  5 
DATA  xxrecord 2012-04-23 14:00:05 :: $W5M5A,120423,140005,660d0028449ce246,1,DAS 2,,,4.8,347,9.0,10.2,7.9,90.4,6.4,7.9,89.7,6.4,987.4,0,0,33.3,27,71*44
 
STATION sbdservice
IRID_ID 300224010734970
BODY --

From sbdservice@sbd.iridium.com Mon Apr 23 22:00:50 2012
Return-Path: <sbdservice@sbd.iridium.com>
Received: from istbsp01.sbd.iridium.com (outbound.sbd.iridium.com [12.47.179.11])
	by mercury.noc.soton.ac.uk (8.13.1/8.12.11) with ESMTP id q3NL0j6C029234
	for <iridburst@noc.soton.ac.uk>; Mon, 23 Apr 2012 22:00:45 +0100
Reply-To: <sbdservice@sbd.iridium.com>
From: sbdservice@sbd.iridium.com
To: iridburst@noc.soton.ac.uk
Subject: SBD Msg From Unit: 300224010734970
MIME-Version: 1.0
Content-Type: multipart/mixed;boundary="SBD.Boundary.605592468"
Message-Id: <19740412024625.DF7B6ECBBB2DF175@istbsp01.sbd.iridium.com>
Date: Mon, 23 Apr 2012 21:00:44 +0000 (GMT)
X-NOCS-MailScanner-Information: Please contact the ISP for more information
X-NOCS-MailScanner-ID: q3NL0j6C029234
X-NOCS-MailScanner: Found to be clean
X-NOCS-MailScanner-SpamCheck: not spam (whitelisted),
	SpamAssassin (not cached, score=-2.599, required 5,
	autolearn=not spam, BAYES_00 -2.60)
X-NOCS-MailScanner-From: sbdservice@sbd.iridium.com
X-Spam-Status: No

SBM Message
--SBD.Boundary.605592468
PROCESS /noc/users/iridburst/exec/irid_300224010734970_upd.pl
Last Run  ----1970-01-01 00:00:00 
MONTH  5 
DATA  xxrecord 2012-04-23 14:00:05 :: $W5M5A,120423,140005,660d0028449ce246,1,DAS 2,,,4.8,347,9.0,10.2,7.9,90.4,6.4,7.9,89.7,6.4,987.4,0,0,33.3,27,71*44
 
STATION sbdservice
IRID_ID 300224010734970
BODY --

From sbdservice@sbd.iridium.com Mon Apr 23 23:00:58 2012
Return-Path: <sbdservice@sbd.iridium.com>
Received: from istbsp01.sbd.iridium.com (outbound.sbd.iridium.com [12.47.179.11])
	by mercury.noc.soton.ac.uk (8.13.1/8.12.11) with ESMTP id q3NM0sHT003102
	for <iridburst@noc.soton.ac.uk>; Mon, 23 Apr 2012 23:00:54 +0100
Reply-To: <sbdservice@sbd.iridium.com>
From: sbdservice@sbd.iridium.com
To: iridburst@noc.soton.ac.uk
Subject: SBD Msg From Unit: 300224010734970
MIME-Version: 1.0
Content-Type: multipart/mixed;boundary="SBD.Boundary.605592468"
Message-Id: <19740412024625.68235DFB730EA5EB@istbsp01.sbd.iridium.com>
Date: Mon, 23 Apr 2012 22:00:54 +0000 (GMT)
X-NOCS-MailScanner-Information: Please contact the ISP for more information
X-NOCS-MailScanner-ID: q3NM0sHT003102
X-NOCS-MailScanner: Found to be clean
X-NOCS-MailScanner-SpamCheck: not spam (whitelisted),
	SpamAssassin (not cached, score=-2.599, required 5,
	autolearn=not spam, BAYES_00 -2.60)
X-NOCS-MailScanner-From: sbdservice@sbd.iridium.com
X-Spam-Status: No

SBM Message
--SBD.Boundary.605592468
PROCESS /noc/users/iridburst/exec/irid_300224010734970_upd.pl
Last Run  ----1970-01-01 00:00:00 
MONTH  5 
DATA  xxrecord 2012-04-23 14:00:05 :: $W5M5A,120423,140005,660d0028449ce246,1,DAS 2,,,4.8,347,9.0,10.2,7.9,90.4,6.4,7.9,89.7,6.4,987.4,0,0,33.3,27,71*44
 
STATION sbdservice
IRID_ID 300224010734970
BODY --

From sbdservice@sbd.iridium.com Tue Apr 24 00:00:49 2012
Return-Path: <sbdservice@sbd.iridium.com>
Received: from istbsp02.sbd.iridium.com (outbound.sbd.iridium.com [12.47.179.11])
	by mercury.noc.soton.ac.uk (8.13.1/8.12.11) with ESMTP id q3NN0jSI009138
	for <iridburst@noc.soton.ac.uk>; Tue, 24 Apr 2012 00:00:45 +0100
Reply-To: <sbdservice@sbd.iridium.com>
From: sbdservice@sbd.iridium.com
To: iridburst@noc.soton.ac.uk
Subject: SBD Msg From Unit: 300224010734970
MIME-Version: 1.0
Content-Type: multipart/mixed;boundary="SBD.Boundary.605592468"
Message-Id: <19740412024625.DF736CE9FF505E22@istbsp02.sbd.iridium.com>
Date: Mon, 23 Apr 2012 23:00:45 +0000 (GMT)
X-NOCS-MailScanner-Information: Please contact the ISP for more information
X-NOCS-MailScanner-ID: q3NN0jSI009138
X-NOCS-MailScanner: Found to be clean
X-NOCS-MailScanner-SpamCheck: not spam (whitelisted),
	SpamAssassin (not cached, score=-2.599, required 5,
	autolearn=not spam, BAYES_00 -2.60)
X-NOCS-MailScanner-From: sbdservice@sbd.iridium.com
X-Spam-Status: No

SBM Message
--SBD.Boundary.605592468
PROCESS /noc/users/iridburst/exec/irid_300224010734970_upd.pl
Last Run  ----1970-01-01 00:00:00 
MONTH  5 
DATA  xxrecord 2012-04-23 14:00:05 :: $W5M5A,120423,140005,660d0028449ce246,1,DAS 2,,,4.8,347,9.0,10.2,7.9,90.4,6.4,7.9,89.7,6.4,987.4,0,0,33.3,27,71*44
 
STATION sbdservice
IRID_ID 300224010734970
BODY --

From sbdservice@sbd.iridium.com Tue Apr 24 01:01:02 2012
Return-Path: <sbdservice@sbd.iridium.com>
Received: from istbsp01.sbd.iridium.com (outbound.sbd.iridium.com [12.47.179.11])
	by mercury.noc.soton.ac.uk (8.13.1/8.12.11) with ESMTP id q3O00uoM014796
	for <iridburst@noc.soton.ac.uk>; Tue, 24 Apr 2012 01:00:56 +0100
Reply-To: <sbdservice@sbd.iridium.com>
From: sbdservice@sbd.iridium.com
To: iridburst@noc.soton.ac.uk
Subject: SBD Msg From Unit: 300224010734970
MIME-Version: 1.0
Content-Type: multipart/mixed;boundary="SBD.Boundary.605592468"
Message-Id: <19740412024625.F3DC5FFABB3F82A2@istbsp01.sbd.iridium.com>
Date: Tue, 24 Apr 2012 00:00:55 +0000 (GMT)
X-NOCS-MailScanner-Information: Please contact the ISP for more information
X-NOCS-MailScanner-ID: q3O00uoM014796
X-NOCS-MailScanner: Found to be clean
X-NOCS-MailScanner-SpamCheck: not spam (whitelisted),
	SpamAssassin (not cached, score=-2.599, required 5,
	autolearn=not spam, BAYES_00 -2.60)
X-NOCS-MailScanner-From: sbdservice@sbd.iridium.com
X-Spam-Status: No

SBM Message
--SBD.Boundary.605592468
PROCESS /noc/users/iridburst/exec/irid_300224010734970_upd.pl
Last Run  ----1970-01-01 00:00:00 
MONTH  5 
DATA  xxrecord 2012-04-23 14:00:05 :: $W5M5A,120423,140005,660d0028449ce246,1,DAS 2,,,4.8,347,9.0,10.2,7.9,90.4,6.4,7.9,89.7,6.4,987.4,0,0,33.3,27,71*44
 
STATION sbdservice
IRID_ID 300224010734970
BODY --

From sbdservice@sbd.iridium.com Tue Apr 24 02:01:38 2012
Return-Path: <sbdservice@sbd.iridium.com>
Received: from istbsp02.sbd.iridium.com (outbound.sbd.iridium.com [12.47.179.11])
	by mercury.noc.soton.ac.uk (8.13.1/8.12.11) with ESMTP id q3O11FdP020747
	for <iridburst@noc.soton.ac.uk>; Tue, 24 Apr 2012 02:01:15 +0100
Reply-To: <sbdservice@sbd.iridium.com>
From: sbdservice@sbd.iridium.com
To: iridburst@noc.soton.ac.uk
Subject: SBD Msg From Unit: 300224010734970
MIME-Version: 1.0
Content-Type: multipart/mixed;boundary="SBD.Boundary.605592468"
Message-Id: <19740412024625.7EE76FEAB3628558@istbsp02.sbd.iridium.com>
Date: Tue, 24 Apr 2012 01:01:14 +0000 (GMT)
X-NOCS-MailScanner-Information: Please contact the ISP for more information
X-NOCS-MailScanner-ID: q3O11FdP020747
X-NOCS-MailScanner: Found to be clean
X-NOCS-MailScanner-SpamCheck: not spam (whitelisted),
	SpamAssassin (not cached, score=-2.599, required 5,
	autolearn=not spam, BAYES_00 -2.60)
X-NOCS-MailScanner-From: sbdservice@sbd.iridium.com
X-Spam-Status: No

SBM Message
--SBD.Boundary.605592468
PROCESS /noc/users/iridburst/exec/irid_300224010734970_upd.pl
Last Run  ----1970-01-01 00:00:00 
MONTH  5 
DATA  xxrecord 2012-04-23 14:00:05 :: $W5M5A,120423,140005,660d0028449ce246,1,DAS 2,,,4.8,347,9.0,10.2,7.9,90.4,6.4,7.9,89.7,6.4,987.4,0,0,33.3,27,71*44
 
STATION sbdservice
IRID_ID 300224010734970
BODY 
Content-Type: text/plain;charset=US-ASCII
Content-Disposition: inline
Content-Transfer-Encoding: 7bit

MOMSN: 2873
MTMSN: 0
Time of Session (UTC): Tue Apr 24 01:01:20 2012
Session Status: 00 - Transfer OK
Message Size (bytes): 1960

Unit Location: Lat = 50.918267 Long = -1.422145
CEPradius = 3



-- 
This message has been scanned for viruses and
dangerous content by MailScanner, and is
believed to be clean.


--SBD.Boundary.605592468
PROCESS /noc/users/iridburst/exec/irid_300224010734970_upd.pl
Last Run  ----1970-01-01 00:00:00 
MONTH  5 
DATA  xxrecord 2012-04-23 14:00:05 :: $W5M5A,120423,140005,660d0028449ce246,1,DAS 2,,,4.8,347,9.0,10.2,7.9,90.4,6.4,7.9,89.7,6.4,987.4,0,0,33.3,27,71*44
 
STATION sbdservice
IRID_ID 300224010734970
BODY 
Content-Type: text/plain;charset=US-ASCII
Content-Disposition: inline
Content-Transfer-Encoding: 7bit

MOMSN: 2874
MTMSN: 0
Time of Session (UTC): Tue Apr 24 03:00:29 2012
Session Status: 00 - Transfer OK
Message Size (bytes): 1960

Unit Location: Lat = 50.867694 Long = -1.420735
CEPradius = 6



-- 
This message has been scanned for viruses and
dangerous content by MailScanner, and is
believed to be clean.


--SBD.Boundary.605592468
PROCESS /noc/users/iridburst/exec/irid_300224010734970_upd.pl
Last Run  ----1970-01-01 00:00:00 
MONTH  5 
DATA  xxrecord 2012-04-23 14:00:05 :: $W5M5A,120423,140005,660d0028449ce246,1,DAS 2,,,4.8,347,9.0,10.2,7.9,90.4,6.4,7.9,89.7,6.4,987.4,0,0,33.3,27,71*44
 
STATION sbdservice
IRID_ID 300224010734970
BODY 
Content-Type: text/plain;charset=US-ASCII
Content-Disposition: inline
Content-Transfer-Encoding: 7bit

MOMSN: 2875
MTMSN: 0
Time of Session (UTC): Tue Apr 24 04:00:35 2012
Session Status: 00 - Transfer OK
Message Size (bytes): 1960

Unit Location: Lat = 50.918267 Long = -1.422145
CEPradius = 4



-- 
This message has been scanned for viruses and
dangerous content by MailScanner, and is
believed to be clean.


--SBD.Boundary.605592468
PROCESS /noc/users/iridburst/exec/irid_300224010734970_upd.pl
Last Run  ----1970-01-01 00:00:00 
MONTH  5 
DATA  xxrecord 2012-04-23 14:00:05 :: $W5M5A,120423,140005,660d0028449ce246,1,DAS 2,,,4.8,347,9.0,10.2,7.9,90.4,6.4,7.9,89.7,6.4,987.4,0,0,33.3,27,71*44
 
STATION sbdservice
IRID_ID 300224010734970
BODY 
Content-Type: text/plain;charset=US-ASCII
Content-Disposition: inline
Content-Transfer-Encoding: 7bit

MOMSN: 2876
MTMSN: 0
Time of Session (UTC): Tue Apr 24 06:00:30 2012
Session Status: 00 - Transfer OK
Message Size (bytes): 1960

Unit Location: Lat = 50.866989 Long = -1.477540
CEPradius = 11



-- 
This message has been scanned for viruses and
dangerous content by MailScanner, and is
believed to be clean.


--SBD.Boundary.605592468
PROCESS /noc/users/iridburst/exec/irid_300224010734970_upd.pl
Last Run  ----1970-01-01 00:00:00 
MONTH  5 
DATA  xxrecord 2012-04-23 14:00:05 :: $W5M5A,120423,140005,660d0028449ce246,1,DAS 2,,,4.8,347,9.0,10.2,7.9,90.4,6.4,7.9,89.7,6.4,987.4,0,0,33.3,27,71*44
 
STATION sbdservice
IRID_ID 300224010734970
BODY 
Content-Type: text/plain;charset=US-ASCII
Content-Disposition: inline
Content-Transfer-Encoding: 7bit

MOMSN: 2877
MTMSN: 0
Time of Session (UTC): Tue Apr 24 07:00:28 2012
Session Status: 13 - Incomplete Transfer
Message Size (bytes): 0

Unit Location: Lat = 50.868372 Long = -1.363928
CEPradius = 2



-- 
This message has been scanned for viruses and
dangerous content by MailScanner, and is
believed to be clean.


--SBD.Boundary.605592468
PROCESS /noc/users/iridburst/exec/irid_300224010734970_upd.pl
Last Run  ----1970-01-01 00:00:00 
MONTH  5 
DATA  xxrecord 2012-04-23 14:00:05 :: $W5M5A,120423,140005,660d0028449ce246,1,DAS 2,,,4.8,347,9.0,10.2,7.9,90.4,6.4,7.9,89.7,6.4,987.4,0,0,33.3,27,71*44
 
STATION sbdservice
IRID_ID 300224010734970
BODY --

From sbdservice@sbd.iridium.com Fri Apr 27 12:01:06 2012
Return-Path: <sbdservice@sbd.iridium.com>
Received: from istbsp02.sbd.iridium.com (outbound.sbd.iridium.com [12.47.179.11])
	by mercury.noc.soton.ac.uk (8.13.1/8.12.11) with ESMTP id q3RB10Tu025561
	for <iridburst@noc.soton.ac.uk>; Fri, 27 Apr 2012 12:01:00 +0100
Reply-To: <sbdservice@sbd.iridium.com>
From: sbdservice@sbd.iridium.com
To: iridburst@noc.soton.ac.uk
Subject: SBD Msg From Unit: 300224010734970
MIME-Version: 1.0
Content-Type: multipart/mixed;boundary="SBD.Boundary.605592468"
Message-Id: <19740412024625.80AC7FE9FF5367D8@istbsp02.sbd.iridium.com>
Date: Fri, 27 Apr 2012 11:00:59 +0000 (GMT)
X-NOCS-MailScanner-Information: Please contact the ISP for more information
X-NOCS-MailScanner-ID: q3RB10Tu025561
X-NOCS-MailScanner: Found to be clean
X-NOCS-MailScanner-SpamCheck: not spam (whitelisted),
	SpamAssassin (not cached, score=-6.599, required 5,
	autolearn=not spam, BAYES_00 -2.60, RCVD_IN_DNSWL_MED -4.00)
X-NOCS-MailScanner-From: sbdservice@sbd.iridium.com
X-Spam-Status: No

SBM Message
--SBD.Boundary.605592468
PROCESS /noc/users/iridburst/exec/irid_300224010734970_upd.pl
Last Run  ----1970-01-01 00:00:00 
MONTH  5 
DATA  xxrecord 2012-04-23 14:00:05 :: $W5M5A,120423,140005,660d0028449ce246,1,DAS 2,,,4.8,347,9.0,10.2,7.9,90.4,6.4,7.9,89.7,6.4,987.4,0,0,33.3,27,71*44
 
STATION sbdservice
IRID_ID 300224010734970
BODY --

From sbdservice@sbd.iridium.com Fri Apr 27 13:00:52 2012
Return-Path: <sbdservice@sbd.iridium.com>
Received: from istbsp01.sbd.iridium.com (outbound.sbd.iridium.com [12.47.179.11])
	by mercury.noc.soton.ac.uk (8.13.1/8.12.11) with ESMTP id q3RC0lum002859
	for <iridburst@noc.soton.ac.uk>; Fri, 27 Apr 2012 13:00:48 +0100
Reply-To: <sbdservice@sbd.iridium.com>
From: sbdservice@sbd.iridium.com
To: iridburst@noc.soton.ac.uk
Subject: SBD Msg From Unit: 300224010734970
MIME-Version: 1.0
Content-Type: multipart/mixed;boundary="SBD.Boundary.605592468"
Message-Id: <19740412024625.CE794CC97F2CCCC7@istbsp01.sbd.iridium.com>
Date: Fri, 27 Apr 2012 12:00:47 +0000 (GMT)
X-NOCS-MailScanner-Information: Please contact the ISP for more information
X-NOCS-MailScanner-ID: q3RC0lum002859
X-NOCS-MailScanner: Found to be clean
X-NOCS-MailScanner-SpamCheck: not spam (whitelisted),
	SpamAssassin (not cached, score=-6.599, required 5,
	autolearn=not spam, BAYES_00 -2.60, RCVD_IN_DNSWL_MED -4.00)
X-NOCS-MailScanner-From: sbdservice@sbd.iridium.com
X-Spam-Status: No

SBM Message
--SBD.Boundary.605592468
PROCESS /noc/users/iridburst/exec/irid_300224010734970_upd.pl
Last Run  ----1970-01-01 00:00:00 
MONTH  5 
DATA  xxrecord 2012-04-23 14:00:05 :: $W5M5A,120423,140005,660d0028449ce246,1,DAS 2,,,4.8,347,9.0,10.2,7.9,90.4,6.4,7.9,89.7,6.4,987.4,0,0,33.3,27,71*44
 
STATION sbdservice
IRID_ID 300224010734970
BODY --

From sbdservice@sbd.iridium.com Fri Apr 27 14:01:02 2012
Return-Path: <sbdservice@sbd.iridium.com>
Received: from istbsp01.sbd.iridium.com (outbound.sbd.iridium.com [12.47.179.11])
	by mercury.noc.soton.ac.uk (8.13.1/8.12.11) with ESMTP id q3RD0v7Q012967
	for <iridburst@noc.soton.ac.uk>; Fri, 27 Apr 2012 14:00:58 +0100
Reply-To: <sbdservice@sbd.iridium.com>
From: sbdservice@sbd.iridium.com
To: iridburst@noc.soton.ac.uk
Subject: SBD Msg From Unit: 300224010734970
MIME-Version: 1.0
Content-Type: multipart/mixed;boundary="SBD.Boundary.605592468"
Message-Id: <19740412024625.D0F35CEAFB3C7A44@istbsp01.sbd.iridium.com>
Date: Fri, 27 Apr 2012 13:00:57 +0000 (GMT)
X-NOCS-MailScanner-Information: Please contact the ISP for more information
X-NOCS-MailScanner-ID: q3RD0v7Q012967
X-NOCS-MailScanner: Found to be clean
X-NOCS-MailScanner-SpamCheck: not spam (whitelisted),
	SpamAssassin (not cached, score=-6.599, required 5,
	autolearn=not spam, BAYES_00 -2.60, RCVD_IN_DNSWL_MED -4.00)
X-NOCS-MailScanner-From: sbdservice@sbd.iridium.com
X-Spam-Status: No

SBM Message
--SBD.Boundary.605592468
PROCESS /noc/users/iridburst/exec/irid_300224010734970_upd.pl
Last Run  ----1970-01-01 00:00:00 
MONTH  5 
DATA  xxrecord 2012-04-23 14:00:05 :: $W5M5A,120423,140005,660d0028449ce246,1,DAS 2,,,4.8,347,9.0,10.2,7.9,90.4,6.4,7.9,89.7,6.4,987.4,0,0,33.3,27,71*44
 
STATION sbdservice
IRID_ID 300224010734970
BODY --

From sbdservice@sbd.iridium.com Fri Apr 27 15:00:55 2012
Return-Path: <sbdservice@sbd.iridium.com>
Received: from istbsp02.sbd.iridium.com (outbound.sbd.iridium.com [12.47.179.11])
	by mercury.noc.soton.ac.uk (8.13.1/8.12.11) with ESMTP id q3RE0p86023992
	for <iridburst@noc.soton.ac.uk>; Fri, 27 Apr 2012 15:00:51 +0100
Reply-To: <sbdservice@sbd.iridium.com>
From: sbdservice@sbd.iridium.com
To: iridburst@noc.soton.ac.uk
Subject: SBD Msg From Unit: 300224010734970
MIME-Version: 1.0
Content-Type: multipart/mixed;boundary="SBD.Boundary.605592468"
Message-Id: <19740412024625.FC704EC9BB428140@istbsp02.sbd.iridium.com>
Date: Fri, 27 Apr 2012 14:00:50 +0000 (GMT)
X-NOCS-MailScanner-Information: Please contact the ISP for more information
X-NOCS-MailScanner-ID: q3RE0p86023992
X-NOCS-MailScanner: Found to be clean
X-NOCS-MailScanner-SpamCheck: not spam (whitelisted),
	SpamAssassin (not cached, score=-6.599, required 5,
	autolearn=not spam, BAYES_00 -2.60, RCVD_IN_DNSWL_MED -4.00)
X-NOCS-MailScanner-From: sbdservice@sbd.iridium.com
X-Spam-Status: No

SBM Message
--SBD.Boundary.605592468
PROCESS /noc/users/iridburst/exec/irid_300224010734970_upd.pl
Last Run  ----1970-01-01 00:00:00 
MONTH  5 
DATA  xxrecord 2012-04-23 14:00:05 :: $W5M5A,120423,140005,660d0028449ce246,1,DAS 2,,,4.8,347,9.0,10.2,7.9,90.4,6.4,7.9,89.7,6.4,987.4,0,0,33.3,27,71*44
 
STATION sbdservice
IRID_ID 300224010734970
BODY --

From sbdservice@sbd.iridium.com Fri Apr 27 16:00:56 2012
Return-Path: <sbdservice@sbd.iridium.com>
Received: from istbsp02.sbd.iridium.com (outbound.sbd.iridium.com [12.47.179.11])
	by mercury.noc.soton.ac.uk (8.13.1/8.12.11) with ESMTP id q3RF0o9E001949
	for <iridburst@noc.soton.ac.uk>; Fri, 27 Apr 2012 16:00:51 +0100
Reply-To: <sbdservice@sbd.iridium.com>
From: sbdservice@sbd.iridium.com
To: iridburst@noc.soton.ac.uk
Subject: SBD Msg From Unit: 300224010734970
MIME-Version: 1.0
Content-Type: multipart/mixed;boundary="SBD.Boundary.605592468"
Message-Id: <19740412024625.D9F37CD87B601CCC@istbsp02.sbd.iridium.com>
Date: Fri, 27 Apr 2012 15:00:50 +0000 (GMT)
X-NOCS-MailScanner-Information: Please contact the ISP for more information
X-NOCS-MailScanner-ID: q3RF0o9E001949
X-NOCS-MailScanner: Found to be clean
X-NOCS-MailScanner-SpamCheck: not spam (whitelisted),
	SpamAssassin (not cached, score=-6.599, required 5,
	autolearn=not spam, BAYES_00 -2.60, RCVD_IN_DNSWL_MED -4.00)
X-NOCS-MailScanner-From: sbdservice@sbd.iridium.com
X-Spam-Status: No

SBM Message
--SBD.Boundary.605592468
PROCESS /noc/users/iridburst/exec/irid_300224010734970_upd.pl
Last Run  ----1970-01-01 00:00:00 
MONTH  5 
DATA  xxrecord 2012-04-23 14:00:05 :: $W5M5A,120423,140005,660d0028449ce246,1,DAS 2,,,4.8,347,9.0,10.2,7.9,90.4,6.4,7.9,89.7,6.4,987.4,0,0,33.3,27,71*44
 
STATION sbdservice
IRID_ID 300224010734970
BODY --

From sbdservice@sbd.iridium.com Fri Apr 27 17:01:03 2012
Return-Path: <sbdservice@sbd.iridium.com>
Received: from istbsp01.sbd.iridium.com (outbound.sbd.iridium.com [12.47.179.11])
	by mercury.noc.soton.ac.uk (8.13.1/8.12.11) with ESMTP id q3RG0vHu010525
	for <iridburst@noc.soton.ac.uk>; Fri, 27 Apr 2012 17:00:58 +0100
Reply-To: <sbdservice@sbd.iridium.com>
From: sbdservice@sbd.iridium.com
To: iridburst@noc.soton.ac.uk
Subject: SBD Msg From Unit: 300224010734970
MIME-Version: 1.0
Content-Type: multipart/mixed;boundary="SBD.Boundary.605592468"
Message-Id: <19740412024625.296E7FCB7F0CCD4D@istbsp01.sbd.iridium.com>
Date: Fri, 27 Apr 2012 16:00:57 +0000 (GMT)
X-NOCS-MailScanner-Information: Please contact the ISP for more information
X-NOCS-MailScanner-ID: q3RG0vHu010525
X-NOCS-MailScanner: Found to be clean
X-NOCS-MailScanner-SpamCheck: not spam (whitelisted),
	SpamAssassin (not cached, score=-6.599, required 5,
	autolearn=not spam, BAYES_00 -2.60, RCVD_IN_DNSWL_MED -4.00)
X-NOCS-MailScanner-From: sbdservice@sbd.iridium.com
X-Spam-Status: No

SBM Message
--SBD.Boundary.605592468
PROCESS /noc/users/iridburst/exec/irid_300224010734970_upd.pl
Last Run  ----1970-01-01 00:00:00 
MONTH  5 
DATA  xxrecord 2012-04-23 14:00:05 :: $W5M5A,120423,140005,660d0028449ce246,1,DAS 2,,,4.8,347,9.0,10.2,7.9,90.4,6.4,7.9,89.7,6.4,987.4,0,0,33.3,27,71*44
 
STATION sbdservice
IRID_ID 300224010734970
BODY --

From sbdservice@sbd.iridium.com Fri Apr 27 18:00:52 2012
Return-Path: <sbdservice@sbd.iridium.com>
Received: from istbsp02.sbd.iridium.com (outbound.sbd.iridium.com [12.47.179.11])
	by mercury.noc.soton.ac.uk (8.13.1/8.12.11) with ESMTP id q3RH0luh017972
	for <iridburst@noc.soton.ac.uk>; Fri, 27 Apr 2012 18:00:47 +0100
Reply-To: <sbdservice@sbd.iridium.com>
From: sbdservice@sbd.iridium.com
To: iridburst@noc.soton.ac.uk
Subject: SBD Msg From Unit: 300224010734970
MIME-Version: 1.0
Content-Type: multipart/mixed;boundary="SBD.Boundary.605592468"
Message-Id: <19740412024625.6F845CCA3F503EBD@istbsp02.sbd.iridium.com>
Date: Fri, 27 Apr 2012 17:00:47 +0000 (GMT)
X-NOCS-MailScanner-Information: Please contact the ISP for more information
X-NOCS-MailScanner-ID: q3RH0luh017972
X-NOCS-MailScanner: Found to be clean
X-NOCS-MailScanner-SpamCheck: not spam (whitelisted),
	SpamAssassin (not cached, score=-6.599, required 5,
	autolearn=not spam, BAYES_00 -2.60, RCVD_IN_DNSWL_MED -4.00)
X-NOCS-MailScanner-From: sbdservice@sbd.iridium.com
X-Spam-Status: No

SBM Message
--SBD.Boundary.605592468
PROCESS /noc/users/iridburst/exec/irid_300224010734970_upd.pl
Last Run  ----1970-01-01 00:00:00 
MONTH  5 
DATA  xxrecord 2012-04-23 14:00:05 :: $W5M5A,120423,140005,660d0028449ce246,1,DAS 2,,,4.8,347,9.0,10.2,7.9,90.4,6.4,7.9,89.7,6.4,987.4,0,0,33.3,27,71*44
 
STATION sbdservice
IRID_ID 300224010734970
BODY --

From sbdservice@sbd.iridium.com Fri Apr 27 19:01:00 2012
Return-Path: <sbdservice@sbd.iridium.com>
Received: from istbsp01.sbd.iridium.com (outbound.sbd.iridium.com [12.47.179.11])
	by mercury.noc.soton.ac.uk (8.13.1/8.12.11) with ESMTP id q3RI0uhb024940
	for <iridburst@noc.soton.ac.uk>; Fri, 27 Apr 2012 19:00:56 +0100
Reply-To: <sbdservice@sbd.iridium.com>
From: sbdservice@sbd.iridium.com
To: iridburst@noc.soton.ac.uk
Subject: SBD Msg From Unit: 300224010734970
MIME-Version: 1.0
Content-Type: multipart/mixed;boundary="SBD.Boundary.605592468"
Message-Id: <19740412024625.85D05EEAFB0F11BD@istbsp01.sbd.iridium.com>
Date: Fri, 27 Apr 2012 18:00:56 +0000 (GMT)
X-NOCS-MailScanner-Information: Please contact the ISP for more information
X-NOCS-MailScanner-ID: q3RI0uhb024940
X-NOCS-MailScanner: Found to be clean
X-NOCS-MailScanner-SpamCheck: not spam (whitelisted),
	SpamAssassin (not cached, score=-6.599, required 5,
	autolearn=not spam, BAYES_00 -2.60, RCVD_IN_DNSWL_MED -4.00)
X-NOCS-MailScanner-From: sbdservice@sbd.iridium.com
X-Spam-Status: No

SBM Message
--SBD.Boundary.605592468
PROCESS /noc/users/iridburst/exec/irid_300224010734970_upd.pl
Last Run  ----1970-01-01 00:00:00 
MONTH  5 
DATA  xxrecord 2012-04-23 14:00:05 :: $W5M5A,120423,140005,660d0028449ce246,1,DAS 2,,,4.8,347,9.0,10.2,7.9,90.4,6.4,7.9,89.7,6.4,987.4,0,0,33.3,27,71*44
 
STATION sbdservice
IRID_ID 300224010734970
BODY --

From sbdservice@sbd.iridium.com Fri Apr 27 20:00:58 2012
Return-Path: <sbdservice@sbd.iridium.com>
Received: from istbsp02.sbd.iridium.com (outbound.sbd.iridium.com [12.47.179.11])
	by mercury.noc.soton.ac.uk (8.13.1/8.12.11) with ESMTP id q3RJ0scv032560
	for <iridburst@noc.soton.ac.uk>; Fri, 27 Apr 2012 20:00:54 +0100
Reply-To: <sbdservice@sbd.iridium.com>
From: sbdservice@sbd.iridium.com
To: iridburst@noc.soton.ac.uk
Subject: SBD Msg From Unit: 300224010734970
MIME-Version: 1.0
Content-Type: multipart/mixed;boundary="SBD.Boundary.605592468"
Message-Id: <19740412024625.5B656DCB7B5091CD@istbsp02.sbd.iridium.com>
Date: Fri, 27 Apr 2012 19:00:53 +0000 (GMT)
X-NOCS-MailScanner-Information: Please contact the ISP for more information
X-NOCS-MailScanner-ID: q3RJ0scv032560
X-NOCS-MailScanner: Found to be clean
X-NOCS-MailScanner-SpamCheck: not spam (whitelisted),
	SpamAssassin (not cached, score=-6.599, required 5,
	autolearn=not spam, BAYES_00 -2.60, RCVD_IN_DNSWL_MED -4.00)
X-NOCS-MailScanner-From: sbdservice@sbd.iridium.com
X-Spam-Status: No

SBM Message
--SBD.Boundary.605592468
PROCESS /noc/users/iridburst/exec/irid_300224010734970_upd.pl
Last Run  ----1970-01-01 00:00:00 
MONTH  5 
DATA  xxrecord 2012-04-23 14:00:05 :: $W5M5A,120423,140005,660d0028449ce246,1,DAS 2,,,4.8,347,9.0,10.2,7.9,90.4,6.4,7.9,89.7,6.4,987.4,0,0,33.3,27,71*44
 
STATION sbdservice
IRID_ID 300224010734970
BODY --

From sbdservice@sbd.iridium.com Fri Apr 27 21:01:02 2012
Return-Path: <sbdservice@sbd.iridium.com>
Received: from istbsp02.sbd.iridium.com (outbound.sbd.iridium.com [12.47.179.11])
	by mercury.noc.soton.ac.uk (8.13.1/8.12.11) with ESMTP id q3RK0u8m006092
	for <iridburst@noc.soton.ac.uk>; Fri, 27 Apr 2012 21:00:57 +0100
Reply-To: <sbdservice@sbd.iridium.com>
From: sbdservice@sbd.iridium.com
To: iridburst@noc.soton.ac.uk
Subject: SBD Msg From Unit: 300224010734970
MIME-Version: 1.0
Content-Type: multipart/mixed;boundary="SBD.Boundary.605592468"
Message-Id: <19740412024625.A3417EFAB752A4C8@istbsp02.sbd.iridium.com>
Date: Fri, 27 Apr 2012 20:00:56 +0000 (GMT)
X-NOCS-MailScanner-Information: Please contact the ISP for more information
X-NOCS-MailScanner-ID: q3RK0u8m006092
X-NOCS-MailScanner: Found to be clean
X-NOCS-MailScanner-SpamCheck: not spam (whitelisted),
	SpamAssassin (not cached, score=-6.599, required 5,
	autolearn=not spam, BAYES_00 -2.60, RCVD_IN_DNSWL_MED -4.00)
X-NOCS-MailScanner-From: sbdservice@sbd.iridium.com
X-Spam-Status: No

SBM Message
--SBD.Boundary.605592468
PROCESS /noc/users/iridburst/exec/irid_300224010734970_upd.pl
Last Run  ----1970-01-01 00:00:00 
MONTH  5 
DATA  xxrecord 2012-04-23 14:00:05 :: $W5M5A,120423,140005,660d0028449ce246,1,DAS 2,,,4.8,347,9.0,10.2,7.9,90.4,6.4,7.9,89.7,6.4,987.4,0,0,33.3,27,71*44
 
STATION sbdservice
IRID_ID 300224010734970
BODY --

From sbdservice@sbd.iridium.com Fri Apr 27 22:01:06 2012
Return-Path: <sbdservice@sbd.iridium.com>
Received: from istbsp01.sbd.iridium.com (outbound.sbd.iridium.com [12.47.179.11])
	by mercury.noc.soton.ac.uk (8.13.1/8.12.11) with ESMTP id q3RL12Zv011718
	for <iridburst@noc.soton.ac.uk>; Fri, 27 Apr 2012 22:01:02 +0100
Reply-To: <sbdservice@sbd.iridium.com>
From: sbdservice@sbd.iridium.com
To: iridburst@noc.soton.ac.uk
Subject: SBD Msg From Unit: 300224010734970
MIME-Version: 1.0
Content-Type: multipart/mixed;boundary="SBD.Boundary.605592468"
Message-Id: <19740412024625.D17F7CEB7B2EBCBD@istbsp01.sbd.iridium.com>
Date: Fri, 27 Apr 2012 21:01:01 +0000 (GMT)
X-NOCS-MailScanner-Information: Please contact the ISP for more information
X-NOCS-MailScanner-ID: q3RL12Zv011718
X-NOCS-MailScanner: Found to be clean
X-NOCS-MailScanner-SpamCheck: not spam (whitelisted),
	SpamAssassin (not cached, score=-6.599, required 5,
	autolearn=not spam, BAYES_00 -2.60, RCVD_IN_DNSWL_MED -4.00)
X-NOCS-MailScanner-From: sbdservice@sbd.iridium.com
X-Spam-Status: No

SBM Message
--SBD.Boundary.605592468
PROCESS /noc/users/iridburst/exec/irid_300224010734970_upd.pl
Last Run  ----1970-01-01 00:00:00 
MONTH  5 
DATA  xxrecord 2012-04-23 14:00:05 :: $W5M5A,120423,140005,660d0028449ce246,1,DAS 2,,,4.8,347,9.0,10.2,7.9,90.4,6.4,7.9,89.7,6.4,987.4,0,0,33.3,27,71*44
 
STATION sbdservice
IRID_ID 300224010734970
BODY --

From sbdservice@sbd.iridium.com Fri Apr 27 23:00:57 2012
Return-Path: <sbdservice@sbd.iridium.com>
Received: from istbsp01.sbd.iridium.com (outbound.sbd.iridium.com [12.47.179.11])
	by mercury.noc.soton.ac.uk (8.13.1/8.12.11) with ESMTP id q3RM0qSQ016863
	for <iridburst@noc.soton.ac.uk>; Fri, 27 Apr 2012 23:00:53 +0100
Reply-To: <sbdservice@sbd.iridium.com>
From: sbdservice@sbd.iridium.com
To: iridburst@noc.soton.ac.uk
Subject: SBD Msg From Unit: 300224010734970
MIME-Version: 1.0
Content-Type: multipart/mixed;boundary="SBD.Boundary.605592468"
Message-Id: <19740412024625.31EF7DDB7B0C3544@istbsp01.sbd.iridium.com>
Date: Fri, 27 Apr 2012 22:00:52 +0000 (GMT)
X-NOCS-MailScanner-Information: Please contact the ISP for more information
X-NOCS-MailScanner-ID: q3RM0qSQ016863
X-NOCS-MailScanner: Found to be clean
X-NOCS-MailScanner-SpamCheck: not spam (whitelisted),
	SpamAssassin (not cached, score=-6.599, required 5,
	autolearn=not spam, BAYES_00 -2.60, RCVD_IN_DNSWL_MED -4.00)
X-NOCS-MailScanner-From: sbdservice@sbd.iridium.com
X-Spam-Status: No

SBM Message
--SBD.Boundary.605592468
PROCESS /noc/users/iridburst/exec/irid_300224010734970_upd.pl
Last Run  ----1970-01-01 00:00:00 
MONTH  5 
DATA  xxrecord 2012-04-23 14:00:05 :: $W5M5A,120423,140005,660d0028449ce246,1,DAS 2,,,4.8,347,9.0,10.2,7.9,90.4,6.4,7.9,89.7,6.4,987.4,0,0,33.3,27,71*44
 
STATION sbdservice
IRID_ID 300224010734970
BODY --

From sbdservice@sbd.iridium.com Sat Apr 28 00:00:55 2012
Return-Path: <sbdservice@sbd.iridium.com>
Received: from istbsp02.sbd.iridium.com (outbound.sbd.iridium.com [12.47.179.11])
	by mercury.noc.soton.ac.uk (8.13.1/8.12.11) with ESMTP id q3RN0pPW022559
	for <iridburst@noc.soton.ac.uk>; Sat, 28 Apr 2012 00:00:51 +0100
Reply-To: <sbdservice@sbd.iridium.com>
From: sbdservice@sbd.iridium.com
To: iridburst@noc.soton.ac.uk
Subject: SBD Msg From Unit: 300224010734970
MIME-Version: 1.0
Content-Type: multipart/mixed;boundary="SBD.Boundary.605592468"
Message-Id: <19740412024625.25D04EEA37626054@istbsp02.sbd.iridium.com>
Date: Fri, 27 Apr 2012 23:00:50 +0000 (GMT)
X-NOCS-MailScanner-Information: Please contact the ISP for more information
X-NOCS-MailScanner-ID: q3RN0pPW022559
X-NOCS-MailScanner: Found to be clean
X-NOCS-MailScanner-SpamCheck: not spam (whitelisted),
	SpamAssassin (not cached, score=-6.599, required 5,
	autolearn=not spam, BAYES_00 -2.60, RCVD_IN_DNSWL_MED -4.00)
X-NOCS-MailScanner-From: sbdservice@sbd.iridium.com
X-Spam-Status: No

SBM Message
--SBD.Boundary.605592468
PROCESS /noc/users/iridburst/exec/irid_300224010734970_upd.pl
Last Run  ----1970-01-01 00:00:00 
MONTH  5 
DATA  xxrecord 2012-04-23 14:00:05 :: $W5M5A,120423,140005,660d0028449ce246,1,DAS 2,,,4.8,347,9.0,10.2,7.9,90.4,6.4,7.9,89.7,6.4,987.4,0,0,33.3,27,71*44
 
STATION sbdservice
IRID_ID 300224010734970
BODY --

From sbdservice@sbd.iridium.com Sat Apr 28 01:00:56 2012
Return-Path: <sbdservice@sbd.iridium.com>
Received: from istbsp01.sbd.iridium.com (outbound.sbd.iridium.com [12.47.179.11])
	by mercury.noc.soton.ac.uk (8.13.1/8.12.11) with ESMTP id q3S00p7V027941
	for <iridburst@noc.soton.ac.uk>; Sat, 28 Apr 2012 01:00:52 +0100
Reply-To: <sbdservice@sbd.iridium.com>
From: sbdservice@sbd.iridium.com
To: iridburst@noc.soton.ac.uk
Subject: SBD Msg From Unit: 300224010734970
MIME-Version: 1.0
Content-Type: multipart/mixed;boundary="SBD.Boundary.605592468"
Message-Id: <19740412024625.B5A05EFBFB2E2585@istbsp01.sbd.iridium.com>
Date: Sat, 28 Apr 2012 00:00:51 +0000 (GMT)
X-NOCS-MailScanner-Information: Please contact the ISP for more information
X-NOCS-MailScanner-ID: q3S00p7V027941
X-NOCS-MailScanner: Found to be clean
X-NOCS-MailScanner-SpamCheck: not spam (whitelisted),
	SpamAssassin (not cached, score=-6.599, required 5,
	autolearn=not spam, BAYES_00 -2.60, RCVD_IN_DNSWL_MED -4.00)
X-NOCS-MailScanner-From: sbdservice@sbd.iridium.com
X-Spam-Status: No

SBM Message
--SBD.Boundary.605592468
PROCESS /noc/users/iridburst/exec/irid_300224010734970_upd.pl
Last Run  ----1970-01-01 00:00:00 
MONTH  5 
DATA  xxrecord 2012-04-23 14:00:05 :: $W5M5A,120423,140005,660d0028449ce246,1,DAS 2,,,4.8,347,9.0,10.2,7.9,90.4,6.4,7.9,89.7,6.4,987.4,0,0,33.3,27,71*44
 
STATION sbdservice
IRID_ID 300224010734970
BODY --

From sbdservice@sbd.iridium.com Sat Apr 28 02:00:51 2012
Return-Path: <sbdservice@sbd.iridium.com>
Received: from istbsp01.sbd.iridium.com (outbound.sbd.iridium.com [12.47.179.11])
	by mercury.noc.soton.ac.uk (8.13.1/8.12.11) with ESMTP id q3S10lDS000876
	for <iridburst@noc.soton.ac.uk>; Sat, 28 Apr 2012 02:00:47 +0100
Reply-To: <sbdservice@sbd.iridium.com>
From: sbdservice@sbd.iridium.com
To: iridburst@noc.soton.ac.uk
Subject: SBD Msg From Unit: 300224010734970
MIME-Version: 1.0
Content-Type: multipart/mixed;boundary="SBD.Boundary.605592468"
Message-Id: <19740412024625.176B5ED8B30DDC85@istbsp01.sbd.iridium.com>
Date: Sat, 28 Apr 2012 01:00:47 +0000 (GMT)
X-NOCS-MailScanner-Information: Please contact the ISP for more information
X-NOCS-MailScanner-ID: q3S10lDS000876
X-NOCS-MailScanner: Found to be clean
X-NOCS-MailScanner-SpamCheck: not spam (whitelisted),
	SpamAssassin (not cached, score=-6.599, required 5,
	autolearn=not spam, BAYES_00 -2.60, RCVD_IN_DNSWL_MED -4.00)
X-NOCS-MailScanner-From: sbdservice@sbd.iridium.com
X-Spam-Status: No

SBM Message
--SBD.Boundary.605592468
PROCESS /noc/users/iridburst/exec/irid_300224010734970_upd.pl
Last Run  ----1970-01-01 00:00:00 
MONTH  5 
DATA  xxrecord 2012-04-23 14:00:05 :: $W5M5A,120423,140005,660d0028449ce246,1,DAS 2,,,4.8,347,9.0,10.2,7.9,90.4,6.4,7.9,89.7,6.4,987.4,0,0,33.3,27,71*44
 
STATION sbdservice
IRID_ID 300224010734970
BODY --

From sbdservice@sbd.iridium.com Sat Apr 28 03:01:02 2012
Return-Path: <sbdservice@sbd.iridium.com>
Received: from istbsp01.sbd.iridium.com (outbound.sbd.iridium.com [12.47.179.11])
	by mercury.noc.soton.ac.uk (8.13.1/8.12.11) with ESMTP id q3S20wbR005662
	for <iridburst@noc.soton.ac.uk>; Sat, 28 Apr 2012 03:00:58 +0100
Reply-To: <sbdservice@sbd.iridium.com>
From: sbdservice@sbd.iridium.com
To: iridburst@noc.soton.ac.uk
Subject: SBD Msg From Unit: 300224010734970
MIME-Version: 1.0
Content-Type: multipart/mixed;boundary="SBD.Boundary.605592468"
Message-Id: <19740412024625.6EAF5EE8772F7F45@istbsp01.sbd.iridium.com>
Date: Sat, 28 Apr 2012 02:00:57 +0000 (GMT)
X-NOCS-MailScanner-Information: Please contact the ISP for more information
X-NOCS-MailScanner-ID: q3S20wbR005662
X-NOCS-MailScanner: Found to be clean
X-NOCS-MailScanner-SpamCheck: not spam (whitelisted),
	SpamAssassin (not cached, score=-6.599, required 5,
	autolearn=not spam, BAYES_00 -2.60, RCVD_IN_DNSWL_MED -4.00)
X-NOCS-MailScanner-From: sbdservice@sbd.iridium.com
X-Spam-Status: No

SBM Message
--SBD.Boundary.605592468
PROCESS /noc/users/iridburst/exec/irid_300224010734970_upd.pl
Last Run  ----1970-01-01 00:00:00 
MONTH  5 
DATA  xxrecord 2012-04-23 14:00:05 :: $W5M5A,120423,140005,660d0028449ce246,1,DAS 2,,,4.8,347,9.0,10.2,7.9,90.4,6.4,7.9,89.7,6.4,987.4,0,0,33.3,27,71*44
 
STATION sbdservice
IRID_ID 300224010734970
BODY --

From sbdservice@sbd.iridium.com Sat Apr 28 04:01:00 2012
Return-Path: <sbdservice@sbd.iridium.com>
Received: from istbsp01.sbd.iridium.com (outbound.sbd.iridium.com [12.47.179.11])
	by mercury.noc.soton.ac.uk (8.13.1/8.12.11) with ESMTP id q3S30ssY010215
	for <iridburst@noc.soton.ac.uk>; Sat, 28 Apr 2012 04:00:55 +0100
Reply-To: <sbdservice@sbd.iridium.com>
From: sbdservice@sbd.iridium.com
To: iridburst@noc.soton.ac.uk
Subject: SBD Msg From Unit: 300224010734970
MIME-Version: 1.0
Content-Type: multipart/mixed;boundary="SBD.Boundary.605592468"
Message-Id: <19740412024625.1E757CEA731C476A@istbsp01.sbd.iridium.com>
Date: Sat, 28 Apr 2012 03:00:54 +0000 (GMT)
X-NOCS-MailScanner-Information: Please contact the ISP for more information
X-NOCS-MailScanner-ID: q3S30ssY010215
X-NOCS-MailScanner: Found to be clean
X-NOCS-MailScanner-SpamCheck: not spam (whitelisted),
	SpamAssassin (not cached, score=-6.599, required 5,
	autolearn=not spam, BAYES_00 -2.60, RCVD_IN_DNSWL_MED -4.00)
X-NOCS-MailScanner-From: sbdservice@sbd.iridium.com
X-Spam-Status: No

SBM Message
--SBD.Boundary.605592468
PROCESS /noc/users/iridburst/exec/irid_300224010734970_upd.pl
Last Run  ----1970-01-01 00:00:00 
MONTH  5 
DATA  xxrecord 2012-04-23 14:00:05 :: $W5M5A,120423,140005,660d0028449ce246,1,DAS 2,,,4.8,347,9.0,10.2,7.9,90.4,6.4,7.9,89.7,6.4,987.4,0,0,33.3,27,71*44
 
STATION sbdservice
IRID_ID 300224010734970
BODY --

From sbdservice@sbd.iridium.com Sat Apr 28 05:00:57 2012
Return-Path: <sbdservice@sbd.iridium.com>
Received: from istbsp02.sbd.iridium.com (outbound.sbd.iridium.com [12.47.179.11])
	by mercury.noc.soton.ac.uk (8.13.1/8.12.11) with ESMTP id q3S40rqC016080
	for <iridburst@noc.soton.ac.uk>; Sat, 28 Apr 2012 05:00:53 +0100
Reply-To: <sbdservice@sbd.iridium.com>
From: sbdservice@sbd.iridium.com
To: iridburst@noc.soton.ac.uk
Subject: SBD Msg From Unit: 300224010734970
MIME-Version: 1.0
Content-Type: multipart/mixed;boundary="SBD.Boundary.605592468"
Message-Id: <19740412024625.965C7CCAF363CC77@istbsp02.sbd.iridium.com>
Date: Sat, 28 Apr 2012 04:00:53 +0000 (GMT)
X-NOCS-MailScanner-Information: Please contact the ISP for more information
X-NOCS-MailScanner-ID: q3S40rqC016080
X-NOCS-MailScanner: Found to be clean
X-NOCS-MailScanner-SpamCheck: not spam (whitelisted),
	SpamAssassin (not cached, score=-6.599, required 5,
	autolearn=not spam, BAYES_00 -2.60, RCVD_IN_DNSWL_MED -4.00)
X-NOCS-MailScanner-From: sbdservice@sbd.iridium.com
X-Spam-Status: No

SBM Message
--SBD.Boundary.605592468
PROCESS /noc/users/iridburst/exec/irid_300224010734970_upd.pl
Last Run  ----1970-01-01 00:00:00 
MONTH  5 
DATA  xxrecord 2012-04-23 14:00:05 :: $W5M5A,120423,140005,660d0028449ce246,1,DAS 2,,,4.8,347,9.0,10.2,7.9,90.4,6.4,7.9,89.7,6.4,987.4,0,0,33.3,27,71*44
 
STATION sbdservice
IRID_ID 300224010734970
BODY --

From sbdservice@sbd.iridium.com Sat Apr 28 06:01:07 2012
Return-Path: <sbdservice@sbd.iridium.com>
Received: from istbsp02.sbd.iridium.com (outbound.sbd.iridium.com [12.47.179.11])
	by mercury.noc.soton.ac.uk (8.13.1/8.12.11) with ESMTP id q3S5101m021120
	for <iridburst@noc.soton.ac.uk>; Sat, 28 Apr 2012 06:01:01 +0100
Reply-To: <sbdservice@sbd.iridium.com>
From: sbdservice@sbd.iridium.com
To: iridburst@noc.soton.ac.uk
Subject: SBD Msg From Unit: 300224010734970
MIME-Version: 1.0
Content-Type: multipart/mixed;boundary="SBD.Boundary.605592468"
Message-Id: <19740412024625.4D496EC977704661@istbsp02.sbd.iridium.com>
Date: Sat, 28 Apr 2012 05:01:00 +0000 (GMT)
X-NOCS-MailScanner-Information: Please contact the ISP for more information
X-NOCS-MailScanner-ID: q3S5101m021120
X-NOCS-MailScanner: Found to be clean
X-NOCS-MailScanner-SpamCheck: not spam (whitelisted),
	SpamAssassin (not cached, score=-6.599, required 5,
	autolearn=not spam, BAYES_00 -2.60, RCVD_IN_DNSWL_MED -4.00)
X-NOCS-MailScanner-From: sbdservice@sbd.iridium.com
X-Spam-Status: No

SBM Message
--SBD.Boundary.605592468
PROCESS /noc/users/iridburst/exec/irid_300224010734970_upd.pl
Last Run  ----1970-01-01 00:00:00 
MONTH  5 
DATA  xxrecord 2012-04-23 14:00:05 :: $W5M5A,120423,140005,660d0028449ce246,1,DAS 2,,,4.8,347,9.0,10.2,7.9,90.4,6.4,7.9,89.7,6.4,987.4,0,0,33.3,27,71*44
 
STATION sbdservice
IRID_ID 300224010734970
BODY --

From sbdservice@sbd.iridium.com Sat Apr 28 07:01:07 2012
Return-Path: <sbdservice@sbd.iridium.com>
Received: from istbsp02.sbd.iridium.com (outbound.sbd.iridium.com [12.47.179.11])
	by mercury.noc.soton.ac.uk (8.13.1/8.12.11) with ESMTP id q3S611nr028770
	for <iridburst@noc.soton.ac.uk>; Sat, 28 Apr 2012 07:01:01 +0100
Reply-To: <sbdservice@sbd.iridium.com>
From: sbdservice@sbd.iridium.com
To: iridburst@noc.soton.ac.uk
Subject: SBD Msg From Unit: 300224010734970
MIME-Version: 1.0
Content-Type: multipart/mixed;boundary="SBD.Boundary.605592468"
Message-Id: <19740412024625.AA027EEA7B52EE34@istbsp02.sbd.iridium.com>
Date: Sat, 28 Apr 2012 06:01:01 +0000 (GMT)
X-NOCS-MailScanner-Information: Please contact the ISP for more information
X-NOCS-MailScanner-ID: q3S611nr028770
X-NOCS-MailScanner: Found to be clean
X-NOCS-MailScanner-SpamCheck: not spam (whitelisted),
	SpamAssassin (not cached, score=-6.599, required 5,
	autolearn=not spam, BAYES_00 -2.60, RCVD_IN_DNSWL_MED -4.00)
X-NOCS-MailScanner-From: sbdservice@sbd.iridium.com
X-Spam-Status: No

SBM Message
--SBD.Boundary.605592468
PROCESS /noc/users/iridburst/exec/irid_300224010734970_upd.pl
Last Run  ----1970-01-01 00:00:00 
MONTH  5 
DATA  xxrecord 2012-04-23 14:00:05 :: $W5M5A,120423,140005,660d0028449ce246,1,DAS 2,,,4.8,347,9.0,10.2,7.9,90.4,6.4,7.9,89.7,6.4,987.4,0,0,33.3,27,71*44
 
STATION sbdservice
IRID_ID 300224010734970
BODY --

From sbdservice@sbd.iridium.com Sat Apr 28 08:00:54 2012
Return-Path: <sbdservice@sbd.iridium.com>
Received: from istbsp01.sbd.iridium.com (outbound.sbd.iridium.com [12.47.179.11])
	by mercury.noc.soton.ac.uk (8.13.1/8.12.11) with ESMTP id q3S70oTj001701
	for <iridburst@noc.soton.ac.uk>; Sat, 28 Apr 2012 08:00:50 +0100
Reply-To: <sbdservice@sbd.iridium.com>
From: sbdservice@sbd.iridium.com
To: iridburst@noc.soton.ac.uk
Subject: SBD Msg From Unit: 300224010734970
MIME-Version: 1.0
Content-Type: multipart/mixed;boundary="SBD.Boundary.605592468"
Message-Id: <19740412024625.B65B6CC8372FC33A@istbsp01.sbd.iridium.com>
Date: Sat, 28 Apr 2012 07:00:49 +0000 (GMT)
X-NOCS-MailScanner-Information: Please contact the ISP for more information
X-NOCS-MailScanner-ID: q3S70oTj001701
X-NOCS-MailScanner: Found to be clean
X-NOCS-MailScanner-SpamCheck: not spam (whitelisted),
	SpamAssassin (not cached, score=-6.599, required 5,
	autolearn=not spam, BAYES_00 -2.60, RCVD_IN_DNSWL_MED -4.00)
X-NOCS-MailScanner-From: sbdservice@sbd.iridium.com
X-Spam-Status: No

SBM Message
--SBD.Boundary.605592468
PROCESS /noc/users/iridburst/exec/irid_300224010734970_upd.pl
Last Run  ----1970-01-01 00:00:00 
MONTH  5 
DATA  xxrecord 2012-04-23 14:00:05 :: $W5M5A,120423,140005,660d0028449ce246,1,DAS 2,,,4.8,347,9.0,10.2,7.9,90.4,6.4,7.9,89.7,6.4,987.4,0,0,33.3,27,71*44
 
STATION sbdservice
IRID_ID 300224010734970
BODY --

From sbdservice@sbd.iridium.com Sat Apr 28 09:01:16 2012
Return-Path: <sbdservice@sbd.iridium.com>
Received: from istbsp01.sbd.iridium.com (outbound.sbd.iridium.com [12.47.179.11])
	by mercury.noc.soton.ac.uk (8.13.1/8.12.11) with ESMTP id q3S81BSn007384
	for <iridburst@noc.soton.ac.uk>; Sat, 28 Apr 2012 09:01:12 +0100
Reply-To: <sbdservice@sbd.iridium.com>
From: sbdservice@sbd.iridium.com
To: iridburst@noc.soton.ac.uk
Subject: SBD Msg From Unit: 300224010734970
MIME-Version: 1.0
Content-Type: multipart/mixed;boundary="SBD.Boundary.605592468"
Message-Id: <19740412024625.2C2D4EEBF73C0744@istbsp01.sbd.iridium.com>
Date: Sat, 28 Apr 2012 08:01:11 +0000 (GMT)
X-NOCS-MailScanner-Information: Please contact the ISP for more information
X-NOCS-MailScanner-ID: q3S81BSn007384
X-NOCS-MailScanner: Found to be clean
X-NOCS-MailScanner-SpamCheck: not spam (whitelisted),
	SpamAssassin (not cached, score=-6.599, required 5,
	autolearn=not spam, BAYES_00 -2.60, RCVD_IN_DNSWL_MED -4.00)
X-NOCS-MailScanner-From: sbdservice@sbd.iridium.com
X-Spam-Status: No

SBM Message
--SBD.Boundary.605592468
PROCESS /noc/users/iridburst/exec/irid_300224010734970_upd.pl
Last Run  ----1970-01-01 00:00:00 
MONTH  5 
DATA  xxrecord 2012-04-23 14:00:05 :: $W5M5A,120423,140005,660d0028449ce246,1,DAS 2,,,4.8,347,9.0,10.2,7.9,90.4,6.4,7.9,89.7,6.4,987.4,0,0,33.3,27,71*44
 
STATION sbdservice
IRID_ID 300224010734970
BODY 
Content-Type: text/plain;charset=US-ASCII
Content-Disposition: inline
Content-Transfer-Encoding: 7bit

MOMSN: 2898
MTMSN: 0
Time of Session (UTC): Sat Apr 28 08:03:59 2012
Session Status: 00 - Transfer OK
Message Size (bytes): 1960

Unit Location: Lat = 51.486671 Long = -2.649625
CEPradius = 1



-- 
This message has been scanned for viruses and
dangerous content by MailScanner, and is
believed to be clean.


--SBD.Boundary.605592468
PROCESS /noc/users/iridburst/exec/irid_300224010734970_upd.pl
Last Run  ----1970-01-01 00:00:00 
MONTH  5 
DATA  xxrecord 2012-04-23 14:00:05 :: $W5M5A,120423,140005,660d0028449ce246,1,DAS 2,,,4.8,347,9.0,10.2,7.9,90.4,6.4,7.9,89.7,6.4,987.4,0,0,33.3,27,71*44
 
STATION sbdservice
IRID_ID 300224010734970
BODY 
Content-Type: text/plain;charset=US-ASCII
Content-Disposition: inline
Content-Transfer-Encoding: 7bit

MOMSN: 2899
MTMSN: 0
Time of Session (UTC): Sat Apr 28 09:00:33 2012
Session Status: 00 - Transfer OK
Message Size (bytes): 1960

Unit Location: Lat = 51.485357 Long = -2.707140
CEPradius = 3



-- 
This message has been scanned for viruses and
dangerous content by MailScanner, and is
believed to be clean.


--SBD.Boundary.605592468
PROCESS /noc/users/iridburst/exec/irid_300224010734970_upd.pl
Last Run  ----1970-01-01 00:00:00 
MONTH  5 
DATA  xxrecord 2012-04-23 14:00:05 :: $W5M5A,120423,140005,660d0028449ce246,1,DAS 2,,,4.8,347,9.0,10.2,7.9,90.4,6.4,7.9,89.7,6.4,987.4,0,0,33.3,27,71*44
 
STATION sbdservice
IRID_ID 300224010734970
BODY 
Content-Type: text/plain;charset=US-ASCII
Content-Disposition: inline
Content-Transfer-Encoding: 7bit

MOMSN: 2900
MTMSN: 0
Time of Session (UTC): Sat Apr 28 10:00:29 2012
Session Status: 00 - Transfer OK
Message Size (bytes): 1960

Unit Location: Lat = 51.512119 Long = -2.767430
CEPradius = 3



-- 
This message has been scanned for viruses and
dangerous content by MailScanner, and is
believed to be clean.


--SBD.Boundary.605592468
PROCESS /noc/users/iridburst/exec/irid_300224010734970_upd.pl
Last Run  ----1970-01-01 00:00:00 
MONTH  5 
DATA  xxrecord 2012-04-23 14:00:05 :: $W5M5A,120423,140005,660d0028449ce246,1,DAS 2,,,4.8,347,9.0,10.2,7.9,90.4,6.4,7.9,89.7,6.4,987.4,0,0,33.3,27,71*44
 
STATION sbdservice
IRID_ID 300224010734970
BODY 
Content-Type: text/plain;charset=US-ASCII
Content-Disposition: inline
Content-Transfer-Encoding: 7bit

MOMSN: 2901
MTMSN: 0
Time of Session (UTC): Sat Apr 28 11:00:33 2012
Session Status: 00 - Transfer OK
Message Size (bytes): 1960

Unit Location: Lat = 51.462961 Long = -2.707140
CEPradius = 6



-- 
This message has been scanned for viruses and
dangerous content by MailScanner, and is
believed to be clean.


--SBD.Boundary.605592468
PROCESS /noc/users/iridburst/exec/irid_300224010734970_upd.pl
Last Run  ----1970-01-01 00:00:00 
MONTH  5 
DATA  xxrecord 2012-04-23 14:00:05 :: $W5M5A,120423,140005,660d0028449ce246,1,DAS 2,,,4.8,347,9.0,10.2,7.9,90.4,6.4,7.9,89.7,6.4,987.4,0,0,33.3,27,71*44
 
STATION sbdservice
IRID_ID 300224010734970
BODY 
Content-Type: text/plain;charset=US-ASCII
Content-Disposition: inline
Content-Transfer-Encoding: 7bit

MOMSN: 2902
MTMSN: 0
Time of Session (UTC): Sat Apr 28 12:00:35 2012
Session Status: 00 - Transfer OK
Message Size (bytes): 285

Unit Location: Lat = 51.485357 Long = -2.707140
CEPradius = 4



-- 
This message has been scanned for viruses and
dangerous content by MailScanner, and is
believed to be clean.


--SBD.Boundary.605592468
PROCESS /noc/users/iridburst/exec/irid_300224010734970_upd.pl
Last Run  ----1970-01-01 00:00:00 
MONTH  5 
DATA  xxrecord 2012-04-23 14:00:05 :: $W5M5A,120423,140005,660d0028449ce246,1,DAS 2,,,4.8,347,9.0,10.2,7.9,90.4,6.4,7.9,89.7,6.4,987.4,0,0,33.3,27,71*44
 
STATION sbdservice
IRID_ID 300224010734970
BODY 
Content-Type: text/plain;charset=US-ASCII
Content-Disposition: inline
Content-Transfer-Encoding: 7bit

MOMSN: 2903
MTMSN: 0
Time of Session (UTC): Sat Apr 28 13:00:35 2012
Session Status: 00 - Transfer OK
Message Size (bytes): 1960

Unit Location: Lat = 51.461618 Long = -2.764651
CEPradius = 5



-- 
This message has been scanned for viruses and
dangerous content by MailScanner, and is
believed to be clean.


--SBD.Boundary.605592468
PROCESS /noc/users/iridburst/exec/irid_300224010734970_upd.pl
Last Run  ----1970-01-01 00:00:00 
MONTH  5 
DATA  xxrecord 2012-04-23 14:00:05 :: $W5M5A,120423,140005,660d0028449ce246,1,DAS 2,,,4.8,347,9.0,10.2,7.9,90.4,6.4,7.9,89.7,6.4,987.4,0,0,33.3,27,71*44
 
STATION sbdservice
IRID_ID 300224010734970
BODY 
Content-Type: text/plain;charset=US-ASCII
Content-Disposition: inline
Content-Transfer-Encoding: 7bit

MOMSN: 2904
MTMSN: 0
Time of Session (UTC): Sat Apr 28 14:00:30 2012
Session Status: 00 - Transfer OK
Message Size (bytes): 1104

Unit Location: Lat = 51.535833 Long = -2.709862
CEPradius = 13



-- 
This message has been scanned for viruses and
dangerous content by MailScanner, and is
believed to be clean.


--SBD.Boundary.605592468
PROCESS /noc/users/iridburst/exec/irid_300224010734970_upd.pl
Last Run  ----1970-01-01 00:00:00 
MONTH  5 
DATA  xxrecord 2012-04-23 14:00:05 :: $W5M5A,120423,140005,660d0028449ce246,1,DAS 2,,,4.8,347,9.0,10.2,7.9,90.4,6.4,7.9,89.7,6.4,987.4,0,0,33.3,27,71*44
 
STATION sbdservice
IRID_ID 300224010734970
BODY 
Content-Type: text/plain;charset=US-ASCII
Content-Disposition: inline
Content-Transfer-Encoding: 7bit

MOMSN: 2905
MTMSN: 0
Time of Session (UTC): Sat Apr 28 15:00:58 2012
Session Status: 00 - Transfer OK
Message Size (bytes): 1960

Unit Location: Lat = 51.436183 Long = -2.646965
CEPradius = 11



-- 
This message has been scanned for viruses and
dangerous content by MailScanner, and is
believed to be clean.


--SBD.Boundary.605592468
PROCESS /noc/users/iridburst/exec/irid_300224010734970_upd.pl
Last Run  ----1970-01-01 00:00:00 
MONTH  5 
DATA  xxrecord 2012-04-23 14:00:05 :: $W5M5A,120423,140005,660d0028449ce246,1,DAS 2,,,4.8,347,9.0,10.2,7.9,90.4,6.4,7.9,89.7,6.4,987.4,0,0,33.3,27,71*44
 
STATION sbdservice
IRID_ID 300224010734970
BODY 
Content-Type: text/plain;charset=US-ASCII
Content-Disposition: inline
Content-Transfer-Encoding: 7bit

MOMSN: 2906
MTMSN: 0
Time of Session (UTC): Sat Apr 28 16:00:32 2012
Session Status: 00 - Transfer OK
Message Size (bytes): 1960

Unit Location: Lat = 51.486671 Long = -2.649625
CEPradius = 3



-- 
This message has been scanned for viruses and
dangerous content by MailScanner, and is
believed to be clean.


--SBD.Boundary.605592468
PROCESS /noc/users/iridburst/exec/irid_300224010734970_upd.pl
Last Run  ----1970-01-01 00:00:00 
MONTH  5 
DATA  xxrecord 2012-04-23 14:00:05 :: $W5M5A,120423,140005,660d0028449ce246,1,DAS 2,,,4.8,347,9.0,10.2,7.9,90.4,6.4,7.9,89.7,6.4,987.4,0,0,33.3,27,71*44
 
STATION sbdservice
IRID_ID 300224010734970
BODY 
Content-Type: text/plain;charset=US-ASCII
Content-Disposition: inline
Content-Transfer-Encoding: 7bit

MOMSN: 2907
MTMSN: 0
Time of Session (UTC): Sat Apr 28 17:00:31 2012
Session Status: 00 - Transfer OK
Message Size (bytes): 1960

Unit Location: Lat = 51.486671 Long = -2.649625
CEPradius = 2



-- 
This message has been scanned for viruses and
dangerous content by MailScanner, and is
believed to be clean.


--SBD.Boundary.605592468
PROCESS /noc/users/iridburst/exec/irid_300224010734970_upd.pl
Last Run  ----1970-01-01 00:00:00 
MONTH  5 
DATA  xxrecord 2012-04-23 14:00:05 :: $W5M5A,120423,140005,660d0028449ce246,1,DAS 2,,,4.8,347,9.0,10.2,7.9,90.4,6.4,7.9,89.7,6.4,987.4,0,0,33.3,27,71*44
 
STATION sbdservice
IRID_ID 300224010734970
BODY 
Content-Type: text/plain;charset=US-ASCII
Content-Disposition: inline
Content-Transfer-Encoding: 7bit

MOMSN: 2908
MTMSN: 0
Time of Session (UTC): Sat Apr 28 18:00:35 2012
Session Status: 00 - Transfer OK
Message Size (bytes): 1960

Unit Location: Lat = 51.512119 Long = -2.767430
CEPradius = 2



-- 
This message has been scanned for viruses and
dangerous content by MailScanner, and is
believed to be clean.


--SBD.Boundary.605592468
PROCESS /noc/users/iridburst/exec/irid_300224010734970_upd.pl
Last Run  ----1970-01-01 00:00:00 
MONTH  5 
DATA  xxrecord 2012-04-23 14:00:05 :: $W5M5A,120423,140005,660d0028449ce246,1,DAS 2,,,4.8,347,9.0,10.2,7.9,90.4,6.4,7.9,89.7,6.4,987.4,0,0,33.3,27,71*44
 
STATION sbdservice
IRID_ID 300224010734970
BODY 
Content-Type: text/plain;charset=US-ASCII
Content-Disposition: inline
Content-Transfer-Encoding: 7bit

MOMSN: 2909
MTMSN: 0
Time of Session (UTC): Sat Apr 28 19:00:34 2012
Session Status: 00 - Transfer OK
Message Size (bytes): 1960

Unit Location: Lat = 51.323383 Long = -8.073205
CEPradius = 384



-- 
This message has been scanned for viruses and
dangerous content by MailScanner, and is
believed to be clean.


--SBD.Boundary.605592468
PROCESS /noc/users/iridburst/exec/irid_300224010734970_upd.pl
Last Run  ----1970-01-01 00:00:00 
MONTH  5 
DATA  xxrecord 2012-04-23 14:00:05 :: $W5M5A,120423,140005,660d0028449ce246,1,DAS 2,,,4.8,347,9.0,10.2,7.9,90.4,6.4,7.9,89.7,6.4,987.4,0,0,33.3,27,71*44
 
STATION sbdservice
IRID_ID 300224010734970
BODY 
Content-Type: text/plain;charset=US-ASCII
Content-Disposition: inline
Content-Transfer-Encoding: 7bit

MOMSN: 2910
MTMSN: 0
Time of Session (UTC): Sat Apr 28 20:00:33 2012
Session Status: 00 - Transfer OK
Message Size (bytes): 1960

Unit Location: Lat = 51.537149 Long = -2.652289
CEPradius = 3



-- 
This message has been scanned for viruses and
dangerous content by MailScanner, and is
believed to be clean.


--SBD.Boundary.605592468
PROCESS /noc/users/iridburst/exec/irid_300224010734970_upd.pl
Last Run  ----1970-01-01 00:00:00 
MONTH  5 
DATA  xxrecord 2012-04-23 14:00:05 :: $W5M5A,120423,140005,660d0028449ce246,1,DAS 2,,,4.8,347,9.0,10.2,7.9,90.4,6.4,7.9,89.7,6.4,987.4,0,0,33.3,27,71*44
 
STATION sbdservice
IRID_ID 300224010734970
BODY 
Content-Type: text/plain;charset=US-ASCII
Content-Disposition: inline
Content-Transfer-Encoding: 7bit

MOMSN: 2911
MTMSN: 0
Time of Session (UTC): Sat Apr 28 21:00:34 2012
Session Status: 14 - SBD Protocol Error
Message Size (bytes): 0

Unit Location: Lat = 51.498633 Long = -4.902372
CEPradius = 167



-- 
This message has been scanned for viruses and
dangerous content by MailScanner, and is
believed to be clean.


--SBD.Boundary.605592468
PROCESS /noc/users/iridburst/exec/irid_300224010734970_upd.pl
Last Run  ----1970-01-01 00:00:00 
MONTH  5 
DATA  xxrecord 2012-04-23 14:00:05 :: $W5M5A,120423,140005,660d0028449ce246,1,DAS 2,,,4.8,347,9.0,10.2,7.9,90.4,6.4,7.9,89.7,6.4,987.4,0,0,33.3,27,71*44
 
STATION sbdservice
IRID_ID 300224010734970
BODY 
Content-Type: application/x-zip-compressed; name="SBMmessage.sbd"
Content-Disposition: attachment; filename="300224010734970_002911.sbd"
Content-Transfer-Encoding: base64

JFc1TTVBLDEyMDQyOCwyMTAwMDUsNjYwZDAwMjg0NDljZTI0NiwxLERBUyAy
LDUxMzAuMjE5OE4sMjQyLjUyODBXLDE5LjQsNTYsMjYuMCwxMC4zLDcuOSw2
OS43LDIuNyw3LjksNjkuNiwyLjcsMTAxMy42LDAuMDQsMC4wNiwxNC4zLDEy
Myw3Nio1OQ0KDQokVzVNNUEsMTIwNDI4LDIxMDAwNSw2NjBkMDAyODQ0OWNl
MjQ2LDIsREFTIDIsMTIuOCwxMy4wLDAuMiwwLjUsMC4wMSw2MjcsNjMyLDE1
Niw2MjgsMCwzMzQuOCwxMS45Myw5MjUqNjQNCg0KJFc1TTVBLDEyMDQyOCwy
MTAwMDUsNjYwZDAwMjg0NDljZTI0NiwzLDdGMDA3NDAyM0EwMDAwNTMzMjMw
MzEzMjMwMzQzMjM4MzIzMDM0MzAzMDMwNTU1QTAwMzEzMjMwMzQzMjM4MzIz
MDM0MzAyQzU0NDE0MjMwMzAzMDMwMzAyQzJEMzAzNTMxMkUzMTJDMkMzMTMy
MkUzNDMwMkMzNDJFMzAyQzMzMzYzMDMwMkMzNjMwMkMzNjMwMkMzMTJDMzAz
MDM1MzczMDJDMzMyRTM0MzIyQzMxMkUzMjM2MkMzMzM1MkMzMDJDMzAyRTMx
MzczNDJDMkIzMDMwMkUzMDBEMEFCODEwNTA0MzY0RUI3RjAwNjcwMjNBMDAw
MDU3MzIzMDMxMzIzMDM0MzIzODMyMzAzNDMwMzAzMEZGNEQwMDAwODBGQjQ0
MDAwMEQ2NDMwMDM4NDc0ODAwMDA3ODQyNzlBMkIzM0M2RURCNEM0MTg3MUQ3
MDNEQkY0QjE1M0RBRjlCNjA0MTUxNzE0QzNERDAzNTYzNDE5MEM0NEE0MTQ5
OTI2NDQxQzE2RDY3NDEwMUMzMTMzRERBMDdGNTQyQkIwQjk3NDJEMTBDNDkz
NzZFMUM4OUVCNDQ0QTdGMDBEQTAyM0EwMDAwNEI1NjQ4MjAzNzMyMzAzMTMy
MzAzNDMyMzgzMjMwMzQzMDMwMzAwRTAwMDAwMDhGQzI3NTNEMEFEN0EzM0JE
NjA3RjU0MkI4MEI5NzQyMUEwRTRENDNENUUzOTg0MjhFMjcxRjQzRTIwQjlC
NDIzNTZBMDM0M0UxNzk5QjQyMzA5NDhDNDI3QTlCOTU0Mjc2MTE1QTQyQzI0
QzdENDI5RTdGNTk0MkZFRUQ1OTQyNkUzODYxNDI2NzBENzA0MjY1MUQ2RDQy
MzQxMjgyNDI3RUQyODA0MkUwM0M4QjQyMjk0QzgyNDJDRUYyOEQ0MjM3NkQ1
QjQyM0Y2QThGNDIyNUJBNDQ0MkQxMTU4OTQyRkRFRDc1NDIzMEM5ODE0MkMx
OUE4NDQyOEMzRTg0NDIzMzg4QTYzOTBGNUU5OTNCQUY0M0QxM0I2Mjk3RTEz
QUQxRDkwNTNBNjAwQkUwMzcxRDBFNTMzNkFFMkVDNTM1MjVEQzA3MzhBNUE0
Q0EzOTZGMkM0RDNBREYwNDMyM0E5MjlDREYzOUQ0NEMyNzM5QTQ5NENEMEQq
MUINCg0K

--SBD.Boundary.605592468
PROCESS /noc/users/iridburst/exec/irid_300224010734970_upd.pl
Last Run  ----1970-01-01 00:00:00 
MONTH  5 
DATA  xxrecord 2012-04-28 21:00:05 :: $W5M5A,120428,210005,660d0028449ce246,1,DAS 2,5130.2198N,242.5280W,19.4,56,26.0,10.3,7.9,69.7,2.7,7.9,69.6,2.7,1013.6,0.04,0.06,14.3,123,76*59
 
INSERT
STATION sbdservice
IRID_ID 300224010734970
BODY 
Content-Type: application/x-zip-compressed; name="SBMmessage.sbd"
Content-Disposition: attachment; filename="300224010734970_002912.sbd"
Content-Transfer-Encoding: base64

JFc1TTVBLDEyMDQyOCwyMjAwMDUsNjYwZDAwMjg0NDljZTI0NiwxLERBUyAy
LDUxMzAuMjIxM04sMjQyLjUyODVXLDE4LjksNTYsMjkuMiwxMC4wLDcuNSw3
Ni43LDMuNyw3LjUsNzYuNywzLjcsMTAxMi4zLDAuMDQsMC4wNiwxNC4zLDE5
Nyw3OCo1OQ0KDQokVzVNNUEsMTIwNDI4LDIyMDAwNSw2NjBkMDAyODQ0OWNl
MjQ2LDIsREFTIDIsMTIuOCwxMy4wLDAuMiwwLjQsMC4wMSw2MjgsNjMzLDE1
Niw2MjgsMCwzMzQuOCwxMS45Myw5MjYqNkINCg0KJFc1TTVBLDEyMDQyOCwy
MjAwMDUsNjYwZDAwMjg0NDljZTI0NiwzLDdGMDA3NDAyM0EwMDAwNTMzMjMw
MzEzMjMwMzQzMjM4MzIzMTM0MzAzMDMwNTU1QTAwMzEzMjMwMzQzMjM4MzIz
MTM0MzAyQzU0NDE0MjMwMzAzMDMwMzAyQzJEMzAzNTMxMkUzMTJDMkMzMTMy
MkUzMzM4MkMzNDJFMzAyQzMzMzYzMDMwMkMzNjMwMkMzNjMwMkMzMTJDMzAz
MDM1MzczMDJDMzMyRTM0MzIyQzMxMkUzMjM2MkMzMzM2MkMzMDJDMzAyRTMx
MzczNDJDMkIzMDMwMkUzMDBEMEFDMTEwRUMyQTVDQTA3RjAwNjcwMjNBMDAw
MDU3MzIzMDMxMzIzMDM0MzIzODMyMzEzNDMwMzAzMEZGNEQwMDAwODBGQjQ0
MDAwMEQ2NDMwMEZDNTA0ODAwMDA3ODQyRDhEMURBM0NGNzUzNEQ0MTY4RjY4
MTNEMTE0MzI1M0Q4OTM1NUY0MTYwNUU0RTNERTVDQjU3NDE1RUIyM0M0MTQ5
OTI2NDQxNjgzNzZCNDE5RjNEMjkzREE3MjM0NTQzOUY0RDlDNDJFRUQ1MTMz
NzhEMUQwRTExNzM0MDdGMDE1RTAyM0EwMDAwNEI1NjQ4MjAzNzMyMzAzMTMy
MzAzNDMyMzgzMjMxMzQzMDMwMzAxOTAwMDAwMEFFNDc2MTNEMEFEN0EzM0JB
RDIzNDU0MzlCNEQ5QzQyRDkxMTM5NDM0RkQzOTU0MjAwQzQ2QjQzMEI1Rjk3
NDIzQzU3NkI0MzNEMEQ5RjQyOEQwQkU5NDI5QzRCQTA0MkRDMEMwODQzOTBD
RTlFNDJCN0U1NDk0MzMwRTQ5RDQyNjU5NzJGNDM2QTU3OUM0MkU3Q0I0NzQz
MDUyMzk3NDIyNjhBNTE0MzA3Njk5MTQyNUFCMjZGNDM4REUxOTM0MkIyQzQ4
NTQzOTJFNjk4NDJDNjlGOEY0MzE3NkM5NzQyMEUxQzkzNDNCMENGOEY0MkY1
QTZCMTQzRUFERDk1NDJBMzZENjY0MkU0RUY4ODQyMkY1NjZGNDJGQkJEOEI0
Mjg1M0M4NTQyRTY5RThENDIwQUEyNEI0MjAzNjk5MDQyQkQwMjdENDE0NUVG
ODg0MkRFQUFGNDQxMDI3RjdFNDIwODZCQ0E0MUMxMjU5MzQyRDM0Rjg5NDMw
RDFBQTE0MkZGMTAyRDQzMEY0MzlFNDI4MzQ3MDU0MzU2NTI5QzQyRDFGRTA4
NDM3QkREOTc0MjMyNUFBMzM4MzFDRkNBM0EwMURFQzUzQkVBREJENjNCODNB
RDc3M0E1OUJENzczQTY0MkFBRjM3MTEyRkU3MzY1MTQ4QjAzNzFDMURCOTM5
MjAwMkJDM0EwN0M3QTMzQThCOTlCODM5QjRERTcyMzkwMkY3NkUzOTlCNEI2
NjM5MkIwQUIzMzk3Mzc4NTAzOTVFOEE4NDM4ODBDQTEyMzgxQUMyOEQzODQ0
N0Y0RjM4M0IwM0EzMzVFOUY3MjAzOEExODZBNTM4RjM1NURCMTYqMUINCg0K

--SBD.Boundary.605592468
PROCESS /noc/users/iridburst/exec/irid_300224010734970_upd.pl
Last Run  ----1970-01-01 00:00:00 
MONTH  5 
DATA  xxrecord 2012-04-28 22:00:05 :: $W5M5A,120428,220005,660d0028449ce246,1,DAS 2,5130.2213N,242.5285W,18.9,56,29.2,10.0,7.5,76.7,3.7,7.5,76.7,3.7,1012.3,0.04,0.06,14.3,197,78*59
 
INSERT
STATION sbdservice
IRID_ID 300224010734970
BODY 
Content-Type: application/x-zip-compressed; name="SBMmessage.sbd"
Content-Disposition: attachment; filename="300224010734970_002913.sbd"
Content-Transfer-Encoding: base64

JFc1TTVBLDEyMDQyOCwyMzAwMDUsNjYwZDAwMjg0NDljZTI0NiwxLERBUyAy
LDUxMzAuMjE5NU4sMjQyLjUyNTFXLDE4LjcsNTcsMjYuNSw5LjYsNi43LDgx
LjAsMy43LDYuNyw4MC40LDMuNiwxMDEwLjcsMC4wNCwwLjA2LDE1LjQsNDIs
NzIqNTINCg0KJFc1TTVBLDEyMDQyOCwyMzAwMDUsNjYwZDAwMjg0NDljZTI0
NiwyLERBUyAyLDEyLjgsMTMuMCwwLjIsMC40LDAuMDEsNjI5LDYzNCwxNTYs
NjI4LDAsMzM0LjgsMTEuNTMsOTI0KjYyDQoNCiRXNU01QSwxMjA0MjgsMjMw
MDA1LDY2MGQwMDI4NDQ5Y2UyNDYsMyw3RjAwNzQwMjNBMDAwMDUzMzIzMDMx
MzIzMDM0MzIzODMyMzIzNDMwMzAzMDU1NUEwMDMxMzIzMDM0MzIzODMyMzIz
NDMwMkM1NDQxNDIzMDMwMzAzMDMwMkMyRDMwMzUzMTJFMzEyQzJDMzEzMjJF
MzMzNzJDMzQyRTMwMkMzMzM2MzAzMDJDMzYzMDJDMzYzMDJDMzEyQzMwMzAz
NTM3MzAyQzMzMkUzNDMyMkMzMTJFMzIzNjJDMzMzNzJDMzAyQzMwMkUzMTM3
MzQyQzJCMzAzMDJFMzAwRDBBQzIxMEJCNERBMjQxN0YwMDY3MDIzQTAwMDA1
NzMyMzAzMTMyMzAzNDMyMzgzMjMyMzQzMDMwMzBGRjREMDAwMDgwRkI0NDAw
MDBENjQzMDBDMDVBNDgwMDAwNzA0MkNDN0NEQTNDOEJGQzUxNDE3QTlGNzQz
RDVFNDUyRDNEM0FENDcxNDFFODc5NTUzREQ1NUE3MjQxOTVDMDRCNDE2MzI3
NzY0MTBCRTM3QTQxNEZFRjJDM0Q2RTEwMjg0MjlBMEI4RjQyQzk2QzFCMzc3
MjFERTYxMTVCQjA3RjAxNTIwMjNBMDAwMDRCNTY0ODIwMzczMjMwMzEzMjMw
MzQzMjM4MzIzMjM0MzAzMDMwMTgwMDAwMDBBRTQ3NjEzRDBBRDdBMzNCNkIx
MDI4NDI5ODBCOEY0MjUxRDkyMDQwQTFFODk5NDJDMTA5RDI0MUZFMkY5MzQy
MTI4NDI3NDI4ODFBOEQ0MjkxODg3MTQyNkE4Mjg2NDI3RDU2OUM0MjE1QkU4
QjQyOUFDMzI3NDIwMjVFOEU0MjdDRjQ4QzQxMDlCRTlDNDJFMUJENjI0M0VE
ODY5NTQyNUU5NTVENDNFMjg5ODM0MjQ4MUY1OTQzMTZGQjhDNDI3QTBGMzM0
Mzg2NjM5RTQyQkE5NzEzNDJDRDFEOTM0MjFGRTlBRjQzNDMyRTg3NDI2RTc1
QTc0MzBFMUI4ODQyODRDMDZBNDI5RjJCOTg0MkQ5QjFDNjQyNDExQTkyNDIw
ODI1MzE0MzA3NDg5RTQyRTY1OTdDNDM5QjY2OTY0MkZGREY4MTQzNzY0RTky
NDI5QzRBODQ0MzQ5MjU4RTQyQjVFNjg1NDMzRkMxODk0MjM1MEI4NzQzN0Iy
ODg1NDJGMUU0ODc0MzhBNUI4MDQyMEU4RDg4NDNDN0FGNzY0MjIxN0I5ODM5
MEM5M0NDM0JCRjg1RkUzQjBERTEzNzNCODlBMjk1M0E4NTM3MDkzOEYyNjdG
RDM2NkQ2NENBMzYzNkJDODYzOEE1NkYzNzNBNTMwODJCM0EyNTc3MTYzQTND
MDdBNzM5QzA2RTlDMzkwMTlBMEQzQTg2Njg3MjM5RDk2NjM3Mzk2NzkyODMz
OEVEOEEwMzM2Q0NERDNBMzUwNjk3MTIzNTA3NTk0OTM1QUVBMDlBMzU5MURD
MEQzOEMyMjA3NTdGKjYyDQoNCg==

--SBD.Boundary.605592468
PROCESS /noc/users/iridburst/exec/irid_300224010734970_upd.pl
Last Run  ----1970-01-01 00:00:00 
MONTH  5 
DATA  xxrecord 2012-04-28 23:00:05 :: $W5M5A,120428,230005,660d0028449ce246,1,DAS 2,5130.2195N,242.5251W,18.7,57,26.5,9.6,6.7,81.0,3.7,6.7,80.4,3.6,1010.7,0.04,0.06,15.4,42,72*52
 
INSERT
STATION sbdservice
IRID_ID 300224010734970
BODY 
Content-Type: application/x-zip-compressed; name="SBMmessage.sbd"
Content-Disposition: attachment; filename="300224010734970_002914.sbd"
Content-Transfer-Encoding: base64

JFc1TTVBLDEyMDQyOSwwMDAwMDUsNjYwZDAwMjg0NDljZTI0NiwxLERBUyAy
LDUxMzAuMjIwMk4sMjQyLjUyNTFXLDIyLjcsNjMsMjkuMCw5LjIsNi41LDc3
LjAsMi44LDYuNSw3Ni43LDIuNywxMDEwLjIsMC4wNCwwLjEsMTUuNCw0Niw3
OCo2RQ0KDQokVzVNNUEsMTIwNDI5LDAwMDAwNSw2NjBkMDAyODQ0OWNlMjQ2
LDIsREFTIDIsMTIuOCwxMi45LDAuMiwwLjQsMC4wMSw2MzAsNjM1LDE1Niw2
MjcsMCwzMzQuOCwxMS41Myw5MjcqNkYNCg0KJFc1TTVBLDEyMDQyOSwwMDAw
MDUsNjYwZDAwMjg0NDljZTI0NiwzLDdGMDA3NDAyM0EwMDAwNTMzMjMwMzEz
MjMwMzQzMjM4MzIzMzM0MzAzMDMwNTU1QTAwMzEzMjMwMzQzMjM4MzIzMzM0
MzAyQzU0NDE0MjMwMzAzMDMwMzAyQzJEMzAzNTMxMkUzMTJDMkMzMTMyMkUz
MzM2MkMzNDJFMzAyQzMzMzYzMDMwMkMzNjMwMkMzNjMwMkMzMTJDMzAzMDM1
MzczMDJDMzMyRTM0MzIyQzMxMkUzMjM2MkMzMzM4MkMzMDJDMzAyRTMxMzcz
NDJDMkIzMDMwMkUzMDBEMEFDMzEwQjk4RjJGNjc3RjAwNjcwMjNBMDAwMDU3
MzIzMDMxMzIzMDM0MzIzODMyMzMzNDMwMzAzMEZGNEQwMDAwODBGQjQ0MDAw
MEQ2NDMwMDg0NjQ0ODAwMDA4NjQyNDk3QUQ2M0NFMDQzNDA0MUJDMDdDMzNE
QzZDNzM2M0QwN0JDNUM0MTM5MTI4QjNEQ0EwNTcxNDExMTkyNEI0MTYzMjc3
NjQxNTRCNDc2NDFFRDI3NDMzRDZCQ0UzNTQyNThCMDlCNDJEREE3NEYzN0FF
MUMyRURDNUQ0MjdGMDE0NjAyM0EwMDAwNEI1NjQ4MjAzNzMyMzAzMTMyMzAz
NDMyMzgzMjMzMzQzMDMwMzAxNzAwMDAwMEFFNDc2MTNEMEFEN0EzM0I2OENF
MzU0MjU3QjA5QjQyRDg2OTg3NDM2QTM4OUQ0MjNGRUNCMDQxRkEwRUExNDI0
MzUzNkU0MkJEMjM5QzQyNzg2RTgyNDI2NEE4OTg0MjNBNkVCRTQyMEQxQzk4
NDIwRDc5RkM0MjY4MjM4RDQyQjJGNDBDNDNGQzlGOTg0MkU2M0U4ODQzNDJB
RjlBNDJDRTQ1OTA0M0MyQ0Y4QjQyQTI2MzgzNDM3RDFGOEU0MjQ5QkQ4ODQz
MTg5RTk4NDJCOEJGQTU0M0E1RTc5QTQyQTdFQUEzNDNCOUJCOUM0MkJDQzRB
NTQzMjQ4MEEwNDI3NDBGOUE0M0I0Njc5QzQyNEJGMjk5NDNCREJDOTA0MjhF
MTM5QjQzOUQyNTkwNDIzMkE5MjY0M0NBNjE5QTQyREM1QUIwNDNBMTkxOUM0
MjkxMUNEMzQxRUFGMjkxNDJCQkMyODI0MjBEQkI4NzQyOTFGOEM0NDIwNThB
OEE0MkQ4NTAyNDQzQjQ4Qzk4NDJGNUFDNUYzQTk2MjFDMjNCRTczNjJCM0M2
OTAwQTYzQkI5MDVFQTNBQkM0OTNGMzkyRjc1MDYzNzkxN0NDRTM2Qzg1QjM5
MzhGNkQyQUQzOTY2NEExRjNBMDQ5QjA1M0E3MEE2MDEzQUMwM0FDQTM5OUJD
MzAxM0E5OEFBOEUzOUVGNDE1RDM4N0FDMjhBMzc4MDJERkYzODE4QzQ1MjM5
NUM4QkRCMzhBQjZDNTczOEY5NEM5OTM4NjNCNkYyQkQqMTYNCg0K

--SBD.Boundary.605592468
PROCESS /noc/users/iridburst/exec/irid_300224010734970_upd.pl
Last Run  ----1970-01-01 00:00:00 
MONTH  5 
DATA  xxrecord 2012-04-29 00:00:05 :: $W5M5A,120429,000005,660d0028449ce246,1,DAS 2,5130.2202N,242.5251W,22.7,63,29.0,9.2,6.5,77.0,2.8,6.5,76.7,2.7,1010.2,0.04,0.1,15.4,46,78*6E
 
INSERT
STATION sbdservice
IRID_ID 300224010734970
BODY 
Content-Type: application/x-zip-compressed; name="SBMmessage.sbd"
Content-Disposition: attachment; filename="300224010734970_002915.sbd"
Content-Transfer-Encoding: base64

JFc1TTVBLDEyMDQyOSwwMTAwMDUsNjYwZDAwMjg0NDljZTI0NiwxLERBUyAy
LDUxMzAuMjE5Nk4sMjQyLjUyNTZXLDE4LjUsNTIsMjguNyw4LjksNi4yLDgy
LjYsMy40LDYuMiw4Mi4xLDMuNCwxMDA5LjIsMC4wNCwwLjA2LDE1LjQsMzks
NzUqNTcNCg0KJFc1TTVBLDEyMDQyOSwwMTAwMDUsNjYwZDAwMjg0NDljZTI0
NiwyLERBUyAyLDEyLjgsMTIuOSwwLjIsMC41LDAuMDEsNjMxLDYzNiwxNTYs
NjI4LDAsMzM0LjgsMTEuMTQsOTI0KjYyDQoNCiRXNU01QSwxMjA0MjksMDEw
MDA1LDY2MGQwMDI4NDQ5Y2UyNDYsMyw3RjAwNzQwMjNBMDAwMDUzMzIzMDMx
MzIzMDM0MzIzOTMwMzAzNDMwMzAzMDU1NUEwMDMxMzIzMDM0MzIzOTMwMzAz
NDMwMkM1NDQxNDIzMDMwMzAzMDMwMkMyRDMwMzUzMTJFMzEyQzJDMzEzMjJF
MzMzNTJDMzQyRTMwMkMzMzM2MzAzMDJDMzYzMDJDMzYzMDJDMzEyQzMwMzAz
NTM3MzAyQzMzMkUzNDMyMkMzMTJFMzIzNjJDMzMzOTJDMzAyQzMwMkUzMTM3
MzQyQzJCMzAzMDJFMzAwRDBBQkYxMDA3MDYzOTQ5N0YwMDY3MDIzQTAwMDA1
NzMyMzAzMTMyMzAzNDMyMzkzMDMwMzQzMDMwMzBGRjREMDAwMDgwRkI0NDAw
ODBENjQzMDAwMDdBNDUwMDAwNzg0MjA0MTJDNzNDQTUyQjRENDFDMDYyODMz
RDRGMTMxRDNEMDNGRTVFNDEwMDU4NDYzRDUxRkI1MjQxQzhBQTNENDE2MzI3
NzY0MTk3REY3NDQxMjhCQzFDM0Q4NDEzMUI0MjQ2MTI5NjQyQTlBMjA3MzdE
MjE5NDI5MjlFMTE3RjAxNDYwMjNBMDAwMDRCNTY0ODIwMzczMjMwMzEzMjMw
MzQzMjM5MzAzMDM0MzAzMDMwMTcwMDAwMDBBRTQ3NjEzRDBBRDdBMzNCN0Yx
MzFCNDI0NjEyOTY0MjAxQTdBRDQzNzdCRTkzNDI3QkM5QUE0MzYzQzM5NTQy
QjU3N0RCNDFDOTA0OUI0MkVBNjRCNDQyNjY2NDk3NDJCMEY3QTQ0MkRGMkQ5
MTQyRjAyRDNENDIyN0JFOEI0MjU0QUI0MzQyOTJENThCNDJGMzU0QTg0Mzgw
RkQ5QTQyMjEwOTg5NDM4RDkzOTQ0MjEyRDE2RDQzOUZFOThGNDI1MzczNUQ0
MzFFQUY5MzQyMDdCMTA1NDMwQ0Q3OTg0MkRBNzdBNTQyMDVDQzkzNDJCREZB
REQ0MUE0RUE5ODQyMzVBM0Q2NDE0NzdEOUI0MjUwNEFDNjQxM0EwNDlFNDI2
RUVCODI0MTkwN0JBMDQyNUEwQjY4NDM0QTBEQTE0MjE4NzY1ODQzN0U5RTlF
NDI1MkQyNTU0MzkwMUE5QzQyQ0U2NTg3NDM5Qzc1OTE0MjAwODM4OTQzREQ1
NzhDNDJCRDU2OEE0M0Q0NDQ4QjQyNkQ0NEE0MzgxMThDMDgzQkQyNTNDMjNC
RDBBNTUxM0JDMkVENjIzQUFFMjg5RDNBQkZBRjFFMzg4NTVCMUQzN0Y1NUVE
QTM4NkYxMzlEM0ExNDk2RkEzQTdGRjMwODNBMkE3NDk2Mzk5QTQxNzEzODUw
QkY0MTM2MDYzREMyMzUxNDM5MUQzNjMwODVDMjM1NEVBMjkwMzU1NUUxNTgz
Nzc0MDFEMTM4M0ZBRjlDMzkwQTQ3MEEzOTRENzE4QkFEKjY2DQoNCg==

--SBD.Boundary.605592468
PROCESS /noc/users/iridburst/exec/irid_300224010734970_upd.pl
Last Run  ----1970-01-01 00:00:00 
MONTH  5 
DATA  xxrecord 2012-04-29 01:00:05 :: $W5M5A,120429,010005,660d0028449ce246,1,DAS 2,5130.2196N,242.5256W,18.5,52,28.7,8.9,6.2,82.6,3.4,6.2,82.1,3.4,1009.2,0.04,0.06,15.4,39,75*57
 
INSERT
STATION sbdservice
IRID_ID 300224010734970
BODY 
Content-Type: application/x-zip-compressed; name="SBMmessage.sbd"
Content-Disposition: attachment; filename="300224010734970_002916.sbd"
Content-Transfer-Encoding: base64

JFc1TTVBLDEyMDQyOSwwMjAwMDUsNjYwZDAwMjg0NDljZTI0NiwxLERBUyAy
LDUxMzAuMjIyNE4sMjQyLjUyNjdXLDIxLjEsNTksMzIuMCw4LjcsNi4xLDgy
LjgsMy40LDYuMSw4Mi40LDMuMywxMDA4LjUsMC4wMywwLjA0LDE1LjQsMjQ2
LDc3KjZDDQoNCiRXNU01QSwxMjA0MjksMDIwMDA1LDY2MGQwMDI4NDQ5Y2Uy
NDYsMixEQVMgMiwxMi44LDEyLjksMC4yLDAuNCwwLjAxLDYzMiw2MzcsMTU2
LDYyOCwwLDMzNC44LDExLjE0LDkyNyo2MQ0KDQokVzVNNUEsMTIwNDI5LDAy
MDAwNSw2NjBkMDAyODQ0OWNlMjQ2LDMsN0YwMDc0MDIzQTAwMDA1MzMyMzAz
MTMyMzAzNDMyMzkzMDMxMzQzMDMwMzA1NTVBMDAzMTMyMzAzNDMyMzkzMDMx
MzQzMDJDNTQ0MTQyMzAzMDMwMzAzMDJDMkQzMDM1MzEyRTMxMkMyQzMxMzIy
RTMzMzQyQzM0MkUzMDJDMzMzNjMwMzAyQzM2MzAyQzM2MzAyQzMxMkMzMDMw
MzUzNzMwMkMzMzJFMzQzMjJDMzEyRTMyMzYyQzM0MzAyQzMwMkMzMDJFMzEz
NzM0MkMyQjMwMzAyRTMwMEQwQUI3MTBBODlFQTJBNjdGMDA2NzAyM0EwMDAw
NTczMjMwMzEzMjMwMzQzMjM5MzAzMTM0MzAzMDMwRkY0RDAwMDA4MEZCNDQw
MDgwRDY0MzAwQzA1QTQ2MDAwMDkwNDJFOTc0OUUzQzE4NEUzMTQxODhGNDE5
M0RBMENDRUMzQzQ4ODE0QjQxNDk2RjBEM0Q2NzQ3NTc0MThGRDcyNjQxNjMy
Nzc2NDEwQkYwNzA0MTE3MzlGQjNDMzY5QTc1NDM1M0UxOUE0MjBERTE2QjM2
NTAxRDkwMjU1NDlBN0YwMUNBMDIzQTAwMDA0QjU2NDgyMDM3MzIzMDMxMzIz
MDM0MzIzOTMwMzEzNDMwMzAzMDIyMDAwMDAwQUU0NzYxM0QwQUQ3QTMzQjNB
OUE3NTQzNTNFMTlBNDI5MUI4OTI0MjM2MEM5NDQyRTVGNjJFNDNENTdCOUM0
MjgwQkU3RTQzNjk3MjlCNDI4NEQzOEU0MzQ0QzE5OTQyQjE2RjJDNDFCNTcx
OUU0MkEzRTlCMTQyREM1NzhBNDIwOUU2QkY0MjBFMkI4RTQyNjA3NEM5NDIz
NDRFNzU0MjRDQkVFQzQyNDc3NDkxNDJCRjdEMzM0MzM2OTg5OTQyNTAwQjUw
NDM1MzIxOTg0Mjg4QzIyMDQzOTY5QjlENDI4QjQ4NUI0MkNDRTA5RTQyNTU1
NDA3NDE3RDczOUI0MjcwMTcyNDQyODhBQzk5NDIwMEIyNDg0MjcyMjM5QjQy
OTJGQzk0NDNBMDQ3OUU0Mjk0QjI0NjQzMjU5QkEwNDI4OTM0MjA0MzI5MDQ5
RDQyN0VCMTY3NDMxMjk5OUE0MkY4OUY3QzQzMDI5NDk4NDIyQzBBOTc0M0Uy
RDU5RTQyQUY4RjlBNDMyQzYxQTA0Mjc2Mjg3NjQxMEZBMUExNDJBNDIwQzU0
MkRDODJBMDQyNEYxNkQ1NDJEM0Y4OUU0MkVFNkFEQTQyQjE2NTlENDI2RjEy
REQ0MjJDQ0Q5QjQyRDRBOERFNDJFNjJGOUE0MjFEQjdERjQyRkM4RDk4NDIy
NDVDOEI0Mjc0RkY5RjQyQkFCQzcxNDM4MEY1OTQ0MjkzMDU1RTQzRjVEMThG
NDJGNjFENEQ0MzMyRDY4RjQyNDkwMjdGMzhDRjYyNEQzQTQxOTY1QTNCNzQ3
MDMxM0JCRDcxNzkzOTBDRUUwNzM3N0E1RkMxMzZGNzY3QUEzNjJFQjJDNjM4
NkNDNTY0M0ExODUyODIzQUQ0MzcyNTNBOTUyOEVCMzlCRTFBODkzOTE0QTZB
QTM5RTkyOTM3Mzk2NjQzMzgzOTg4RkIxRjM5NzJFMkFEMzhGMTE1RDUzODg4
NUM1QTM4ODNENzI3MzY4NEJBMzQzNTNCNDA0MDM1NzJDRTM4MzUyRUMxMTQz
NTE1MThCQTM0NDFBODdFMzQ0RDU1OUYzNDE3NTkxNDM3RUQ4MTNEMzc4RUQ4
NjIzNzc0NUE0QzM3QjFGREUwMzYyQ0YxQURBMCoxRg0KDQo=

--SBD.Boundary.605592468
PROCESS /noc/users/iridburst/exec/irid_300224010734970_upd.pl
Last Run  ----1970-01-01 00:00:00 
MONTH  5 
DATA  xxrecord 2012-04-29 02:00:05 :: $W5M5A,120429,020005,660d0028449ce246,1,DAS 2,5130.2224N,242.5267W,21.1,59,32.0,8.7,6.1,82.8,3.4,6.1,82.4,3.3,1008.5,0.03,0.04,15.4,246,77*6C
 
INSERT
STATION sbdservice
IRID_ID 300224010734970
BODY 
Content-Type: application/x-zip-compressed; name="SBMmessage.sbd"
Content-Disposition: attachment; filename="300224010734970_002917.sbd"
Content-Transfer-Encoding: base64

JFc1TTVBLDEyMDQyOSwwMzAwMDUsNjYwZDAwMjg0NDljZTI0NiwxLERBUyAy
LDUxMzAuMjE5OU4sMjQyLjUyMzVXLDIwLjIsNTAsMjguOSw4LjQsNS40LDg4
LjAsMy41LDUuNCw4Ny4yLDMuNSwxMDA3LjMsMC4wNCwwLjA4LDE2LjcsNzYs
NzgqNUYNCg0KJFc1TTVBLDEyMDQyOSwwMzAwMDUsNjYwZDAwMjg0NDljZTI0
NiwyLERBUyAyLDEyLjgsMTIuOSwwLjIsMC41LDAuMDEsNjMzLDYzOCwxNTYs
NjI3LDAsMzM0LjgsMTEuMTQsOTI4KjZGDQoNCiRXNU01QSwxMjA0MjksMDMw
MDA1LDY2MGQwMDI4NDQ5Y2UyNDYsMyw3RjAwNzQwMjNBMDAwMDUzMzIzMDMx
MzIzMDM0MzIzOTMwMzIzNDMwMzAzMDU1NUEwMDMxMzIzMDM0MzIzOTMwMzIz
NDMwMkM1NDQxNDIzMDMwMzAzMDMwMkMyRDMwMzUzMTJFMzEyQzJDMzEzMjJF
MzMzNDJDMzQyRTMwMkMzMzM2MzAzMDJDMzYzMDJDMzYzMDJDMzEyQzMwMzAz
NTM3MzAyQzMzMkUzNDMyMkMzMTJFMzIzNjJDMzQzMTJDMzAyQzMwMkUzMTM3
MzQyQzJCMzAzMDJFMzAwRDBBQjkxMDZGMzFBNUJCN0YwMDY3MDIzQTAwMDA1
NzMyMzAzMTMyMzAzNDMyMzkzMDMyMzQzMDMwMzBGRjREMDAwMDgwRkI0NDAw
ODBENjQzMDA4MEJCNDYwMDAwOEU0MjBCRkFDMDNDODQ3NzMxNDFFNDY4QTEz
RDZGRjgyQzNENEYwMDZCNDE2QzAxOEYzRDk3QTY3RjQxNTY2NDRGNDE1NjU1
ODU0MUVGOUQ4MTQxNUFDMDNCM0Q5MDE4OTc0MkNBNzY5QjQyNTg3NzYwMzcy
RDFFQUFBQUMwQTE3RjAxMTYwMjNBMDAwMDRCNTY0ODIwMzczMjMwMzEzMjMw
MzQzMjM5MzAzMjM0MzAzMDMwMTMwMDAwMDBBRTQ3NjEzRDBBRDdBMzNCOEUx
ODk3NDJDOTc2OUI0MjRFRUQyRTQzNkI4ODlCNDJEMzgxQ0E0MjNERTY5QzQy
OTgyNjYzNDI3RDNGOUM0MkE2OTZEMjQxODZDNDlCNDJBRjIzQUE0Mjc2RjI5
NTQyQjFCREEyNDIwRjk0OTE0MkZDQ0JBMjQyQ0VDQjk3NDJEMjAwQTM0MkRE
QzQ5RDQyMjY2NzgyNDM5NTkzQTA0MkNCODAzRDQxNjJGNTlBNDIzNjI2MEQ0
MkM4OUM4QjQyNDU2MDM1NDI0NTc5OTA0MjAyNzZFRjQyNDIzMjlDNDJBRUI3
MzY0MjZGOEZBMDQyREQ2N0YxM0ZCNUFGOUI0MkM2QzkzRTQyNEM2Njk3NDIz
NzlCOTI0MjVBMjI5QjQyNUU4NjkzNDNGQkY0OTc0MjI4MDE5MzQzMEVFNjhD
NDJCQUU4RTIzQTc2MkEyMDNDOUZCRjBDM0NERDFFMDAzQjY1NzlDNDM5OEFE
NzhGMzczQzRDQTkzNjczMjY2QjM2RkM1OUEyMzY5NTQyMTEzOTg0NzMzMjNB
MjQ4OTIwM0FFNzZBOTEzOTU3NTMwNjNBMzc3MEZDMzk2RTZBRDMzOENBMkEy
NTM5NzhDMTlBMzlDODdFNUUzOTBCNzcwMTcyKjE0DQoNCg==

--SBD.Boundary.605592468
PROCESS /noc/users/iridburst/exec/irid_300224010734970_upd.pl
Last Run  ----1970-01-01 00:00:00 
MONTH  5 
DATA  xxrecord 2012-04-29 03:00:05 :: $W5M5A,120429,030005,660d0028449ce246,1,DAS 2,5130.2199N,242.5235W,20.2,50,28.9,8.4,5.4,88.0,3.5,5.4,87.2,3.5,1007.3,0.04,0.08,16.7,76,78*5F
 
INSERT
STATION sbdservice
IRID_ID 300224010734970
BODY 
Content-Type: application/x-zip-compressed; name="SBMmessage.sbd"
Content-Disposition: attachment; filename="300224010734970_002918.sbd"
Content-Transfer-Encoding: base64

JFc1TTVBLDEyMDQyOSwwNDAwMDUsNjYwZDAwMjg0NDljZTI0NiwxLERBUyAy
LDUxMzAuMjE1OE4sMjQyLjUyNjdXLDIyLjQsNTIsMzAuMCw4LjAsNS4xLDkw
LjcsMy43LDUuMSw4OS44LDMuNiwxMDA1LjYsMC4wNSwwLjA5LDE1LjQsMjUs
NzYqNTQNCg0KJFc1TTVBLDEyMDQyOSwwNDAwMDUsNjYwZDAwMjg0NDljZTI0
NiwyLERBUyAyLDEyLjgsMTIuOSwwLjIsMC41LDAuMDEsNjM0LDYzOSwxNTYs
NjI4LDAsMzM0LjgsMTAuNzUsOTI0KjZCDQoNCiRXNU01QSwxMjA0MjksMDQw
MDA1LDY2MGQwMDI4NDQ5Y2UyNDYsMyw3RjAwNzQwMjNBMDAwMDUzMzIzMDMx
MzIzMDM0MzIzOTMwMzMzNDMwMzAzMDU1NUEwMDMxMzIzMDM0MzIzOTMwMzMz
NDMwMkM1NDQxNDIzMDMwMzAzMDMwMkMyRDMwMzUzMTJFMzEyQzJDMzEzMjJF
MzMzNDJDMzQyRTMwMkMzMzM2MzAzMDJDMzYzMDJDMzYzMDJDMzEyQzMwMzAz
NTM3MzAyQzMzMkUzNDMyMkMzMTJFMzIzNjJDMzQzMjJDMzAyQzMwMkUzMTM3
MzQyQzJCMzAzMDJFMzAwRDBBQkIxMDg0MTREODI5N0YwMDY3MDIzQTAwMDA1
NzMyMzAzMTMyMzAzNDMyMzkzMDMzMzQzMDMwMzBGRjREMDAwMDgwRkI0NDAw
ODBENjQzMDBEMDA0NDcwMDAwOEU0Mjk3M0VFQjNDQ0IwNjMzNDE2RjJFQUUz
RDRDRjk0QTNEQTUyMTYxNDE0QTEyOEMzREY1RDM2NjQxMTA1NjNGNDE2MzI3
NzY0MTVFOTY3MDQxRUUyMzUwM0Q5QkZEQzY0MTNBODg5ODQyMkZCNjUyMzcz
MzFERTY1QzEyNTk3RjAxNkEwMjNBMDAwMDRCNTY0ODIwMzczMjMwMzEzMjMw
MzQzMjM5MzAzMzM0MzAzMDMwMUEwMDAwMDBBRTQ3NjEzRDBBRDdBMzNCOURG
REM2NDEzODg4OTg0MkQyRTIxNjQyQjZBNTg3NDIzQTQzMjA0MkEwQkI5MzQy
RTlGMzJGNDI2NDIzOUE0MjkwMTFFNjQxRTI0QjlENDJCNTAyQjA0MzUyMTI5
OTQyOTZEOTE1M0Y0MEZBOEU0MkEyOUM5MzQxMUU2NDhDNDJDRTk5QTc0Mzcy
Qjk5MDQyMkZBMzlDNDMyQzU0OEU0MkFFOTY5QjQzQUM4RDkzNDI1MDdGQTU0
MDlEMjY5QTQyREQ2ODEwNDIzM0IzOTk0MkVFMzA5MTQzRTYxMjk1NDIyQjNC
QTI0MzdEOTA5MzQyM0IzQjdDNDA5MUFFOEU0MjYwNkE0QjQxNkM5RTkwNDI1
QkE5Mzk0MjAzMEU5NTQyNjVBNzlDNDMzNDZCOTM0MjVDNjQ4RTQzOEQ4Nzgy
NDI5MTdCODU0M0Y4Rjg4RDQyMUU5MDdGNDM4NzYwOTY0MkQxNEM4QTQzMUQ4
ODk4NDI0OUE5Njk0MzE2N0U5QjQyQjU1N0YwNDJERUEzOTk0Mjg4NUJCQzQy
MTM0Qzk0NDIzMkQ4RDM0MkY2Qzg5NjQyNjc0MzAzM0E2NUUxNUMzQkEwQTMy
NjNDQjBFODBDM0M2RUEyNDEzQkFFOUM0NDNBMzNBOEQ2MzhDQjFCNkQzN0Qw
NzI3RjM5OUE2ODQ0M0ExQTgwNzMzQTA3MEU2MjM5RkYzQ0VGMzlCRkQ4NTUz
QTBDRUY2RjNBRjBDNDUyMzk3RTg3QkMzODdGRjZFODM3QjVFMEZDMzhEOTY5
MTczOUJERjlEMzM4QjdFMENCMzhCOTBFOUYzODZERkE5NDM4MzcwQkJFMzg1
RjE3OTkzOEQxOThCMTc1KjExDQoNCg==

--SBD.Boundary.605592468
PROCESS /noc/users/iridburst/exec/irid_300224010734970_upd.pl
Last Run  ----1970-01-01 00:00:00 
MONTH  5 
DATA  xxrecord 2012-04-29 04:00:05 :: $W5M5A,120429,040005,660d0028449ce246,1,DAS 2,5130.2158N,242.5267W,22.4,52,30.0,8.0,5.1,90.7,3.7,5.1,89.8,3.6,1005.6,0.05,0.09,15.4,25,76*54
 
INSERT
STATION sbdservice
IRID_ID 300224010734970
BODY 
Content-Type: application/x-zip-compressed; name="SBMmessage.sbd"
Content-Disposition: attachment; filename="300224010734970_002919.sbd"
Content-Transfer-Encoding: base64

JFc1TTVBLDEyMDQyOSwwNTAwMDUsNjYwZDAwMjg0NDljZTI0NiwxLERBUyAy
LDUxMzAuMjE4Mk4sMjQyLjUyNjhXLDI0LjgsNTYsMzUuMCw3LjcsNS4wLDkx
LjAsMy43LDUuMSw4OS45LDMuNiwxMDA0LjgsMC4wNCwwLjA2LDE0LjMsNTYs
NzUqNTgNCg0KJFc1TTVBLDEyMDQyOSwwNTAwMDUsNjYwZDAwMjg0NDljZTI0
NiwyLERBUyAyLDEyLjcsMTIuOSwwLjIsMC40LDAuMDEsNjM1LDY0MCwxNTYs
NjI4LDAsMzM0LjgsMTAuMzYsOTI2KjZFDQoNCiRXNU01QSwxMjA0MjksMDUw
MDA1LDY2MGQwMDI4NDQ5Y2UyNDYsMyw3RjAwNzQwMjNBMDAwMDUzMzIzMDMx
MzIzMDM0MzIzOTMwMzQzNDMwMzAzMDU1NUEwMDMxMzIzMDM0MzIzOTMwMzQz
NDMwMkM1NDQxNDIzMDMwMzAzMDMwMkMyRDMwMzUzMTJFMzEyQzJDMzEzMjJF
MzMzMzJDMzQyRTMwMkMzMzM2MzAzMDJDMzYzMDJDMzYzMDJDMzEyQzMwMzAz
NTM3MzAyQzMzMkUzNDMyMkMzMTJFMzIzNjJDMzQzMzJDMzAyQzMwMkUzMTM3
MzQyQzJCMzAzMDJFMzAwRDBBQkMxMDRFMTQxREE4N0YwMDY3MDIzQTAwMDA1
NzMyMzAzMTMyMzAzNDMyMzkzMDM0MzQzMDMwMzBGRjREMDAwMDgwRkI0NDAw
ODBENjQzMDBFMDJCNDcwMDAwOEU0MkQ3NDdEQzNDODc5NDMzNDFBNEJCNkQz
REUxRTkyMzNENUM1RTUzNDFFMEVFNEUzREYyNUU0RTQxNTdFQTJDNDE0OTky
NjQ0MTBEOTY2NzQxMTFGMTJDM0RDOTQ3NjA0MjI3RkI5NTQyMDZBQTE3MzdE
MTFFQjM3RUE0MzQ3RjAxNUUwMjNBMDAwMDRCNTY0ODIwMzczMjMwMzEzMjMw
MzQzMjM5MzAzNDM0MzAzMDMwMTkwMDAwMDBBRTQ3NjEzRDBBRDdBMzNCQkU0
NzYwNDIyM0ZCOTU0MjUzN0I4QTQzMzlBQTgyNDJCNjI4N0U0MzAxQjA5NTQy
NjhCQTQyNDM4NEZCOUY0Mjk2Qjc3ODQyNkRERjk5NDJDMzc0NkM0MjEzOTY4
RjQyREQ3NjhENDI4N0EwN0Y0MjYxMUQ4MDQyRTVFMjg2NDI5MUQ3OUE0MzEz
Mjc5QTQyRTJFRTcxNDI4QzNBOTk0MjIwQzU0QjQyNEI3NTlBNDJFM0REM0Y0
MkFERUY5NTQyNUZDREUwNDFEMDU1OTY0Mjc2ODhBQjQzRDlDMDk2NDIyMDM2
MEQ0Mjc4MjY5NzQyQjI4MEIzNDFFOTQ1OTg0MkQ4OUM5RTQzRjY3MzhBNDJE
OERFOTc0MzAyRkM3MzQyNTg0NTk3NDM2Q0M5NTc0MjhCQkY5NzQzN0ZENTY4
NDIwREQzQTM0MzBDQTU5MzQyODQ2Mjk4NDI1MTJFOTU0MkE3MTdBQzQyNjVE
NzkxNDJFQTJEQjc0MjlBQjA5NzQyN0Y0MzhGNDNCQzQ2OUU0MjY5QjM4NzQz
NUFERTk4NDJEMjBFOEUzODc0MDgwOTNCNkM2NjgxM0I3QjZDQTMzQjlFODcz
MjNCM0NBRTYwM0FDRjJFOTgzODg5MzkxMzM3RTg4N0U4MzhFMEFGNzAzQUU1
RjREQTNBMzRBMTk5M0ExQUMwMjYzQTg3MzYxNTNBQTRFQkM1Mzk5NUJBOTUz
OUJBOTQ0MzM5OUQ4NjgwMzlBQ0M3NzEzOTJFMEFFRjM4NUYxNERCMzg4NkUx
NUEzOUNCQ0YwQzM5NEMzQkVEMzgyQkY0QzkzOEE0NkVCMThFKjZBDQoNCg==

--SBD.Boundary.605592468
PROCESS /noc/users/iridburst/exec/irid_300224010734970_upd.pl
Last Run  ----1970-01-01 00:00:00 
MONTH  5 
DATA  xxrecord 2012-04-29 05:00:05 :: $W5M5A,120429,050005,660d0028449ce246,1,DAS 2,5130.2182N,242.5268W,24.8,56,35.0,7.7,5.0,91.0,3.7,5.1,89.9,3.6,1004.8,0.04,0.06,14.3,56,75*58
 
INSERT
STATION sbdservice
IRID_ID 300224010734970
BODY 
Content-Type: application/x-zip-compressed; name="SBMmessage.sbd"
Content-Disposition: attachment; filename="300224010734970_002920.sbd"
Content-Transfer-Encoding: base64

JFc1TTVBLDEyMDQyOSwwNjAwMDUsNjYwZDAwMjg0NDljZTI0NiwxLERBUyAy
LDUxMzAuMjIwN04sMjQyLjUzMTBXLDIxLjEsNTcsMzAuNSw3LjYsNS4wLDkx
LjYsMy44LDUuMSw5MC42LDMuNywxMDA0LjUsMC4wNSwwLjEsMTUuNCw4Nyw3
Nio2QQ0KDQokVzVNNUEsMTIwNDI5LDA2MDAwNSw2NjBkMDAyODQ0OWNlMjQ2
LDIsREFTIDIsMTIuNywxMi45LDAuMiwwLjQsMC4wMSw2MzYsNjQxLDE1Niw2
MjcsMCwzMzQuOSwxMC4zNiw5MjgqNkYNCg0KJFc1TTVBLDEyMDQyOSwwNjAw
MDUsNjYwZDAwMjg0NDljZTI0NiwzLDdGMDA3NDAyM0EwMDAwNTMzMjMwMzEz
MjMwMzQzMjM5MzAzNTM0MzAzMDMwNTU1QTAwMzEzMjMwMzQzMjM5MzAzNTM0
MzAyQzU0NDE0MjMwMzAzMDMwMzAyQzJEMzAzNTMxMkUzMTJDMkMzMTMyMkUz
MzMzMkMzNDJFMzAyQzMzMzYzMDMwMkMzNjMwMkMzNjMwMkMzMTJDMzAzMDM1
MzczMDJDMzMyRTM0MzIyQzMxMkUzMjM2MkMzNDM0MkMzMDJDMzAyRTMxMzcz
NDJDMkIzMDMwMkUzMDBEMEFCRTEwNEM1OTZERDg3RjAwNjcwMjNBMDAwMDU3
MzIzMDMxMzIzMDM0MzIzOTMwMzUzNDMwMzAzMEZGNEQwMDAwODBGQjQ0MDA4
MEQ2NDMwMEYwNTI0NzAwMDA4NDQyNDhEN0QyM0M4QzMxNDM0MTcxNDRENjNE
RDY4QzQyM0Q1REE5NUQ0MTk2MEQ5QjNEMEVGMjZENDE2OEQzNTM0MTYzMjc3
NjQxMDM3QzZGNDE0MzVCNDkzREM5NjlBRDQyQjUzMzk3NDJEQjUxODgzNzA3
MUVBNkUxNDI5MzdGMDExNjAyM0EwMDAwNEI1NjQ4MjAzNzMyMzAzMTMyMzAz
NDMyMzkzMDM1MzQzMDMwMzAxMzAwMDAwMEFFNDc2MTNEMEFEN0EzM0JDNjY5
QUQ0MkIyMzM5NzQyMDhCQkVDNDJDQkI3OTk0MjQ5REFERTQyMzEwQTlCNDJE
ODREQTk0MjQ2NjM5QTQyMUVENzk0NDI5OTIwOTc0MkJFQ0JCRTQyODZEMjk1
NDJEMjI2NDk0MzM3NDM5NTQyQ0NENjcxNDM1N0Q3OTM0MjI0Q0E3MjQzQURG
RjhBNDIzQzNCNzM0M0ZDOEM4MTQyOTA3QzczNDMyQ0I2NkU0MkU4QTM3NjQz
Mzg5MDdBNDJGNDIwODU0M0UwMjk4QzQyQTY4N0EyNDM2NUQwOTQ0MkY5Njgz
NjQyMjAxNDhENDJCQUVBOTU0Mjc3QjA1NzQyQURFRTlBNDIwNUZCNTM0MjY1
MDc4QjQyMjQxNjg2NDI4NzIyQjM0M0FFNDY5QjQyQkIzRjNGNDJGNDNEOUY0
MjU4MDExMTM5OTQ4NjlBM0I1OTc3MjgzQ0VCQTAxODNDMkIxMUU0M0E0Q0JE
MTAzQTNEMDlCMjM3RDhBNTc0MzYwQTc0NEIzNjEwNzk4MDM5NTlFODQ4M0E3
NEREM0IzQTA4OTlDMTM5MUU3NURCMzg3OERGRTYzN0FGMEYyMzM5M0I1MjVE
Mzk1RjQyN0QzOUZFQ0E0NTM5MDYxN0ZDNzAqMTcNCg0K

--SBD.Boundary.605592468
PROCESS /noc/users/iridburst/exec/irid_300224010734970_upd.pl
Last Run  ----1970-01-01 00:00:00 
MONTH  5 
DATA  xxrecord 2012-04-29 06:00:05 :: $W5M5A,120429,060005,660d0028449ce246,1,DAS 2,5130.2207N,242.5310W,21.1,57,30.5,7.6,5.0,91.6,3.8,5.1,90.6,3.7,1004.5,0.05,0.1,15.4,87,76*6A
 
INSERT
STATION sbdservice
IRID_ID 300224010734970
BODY 
Content-Type: application/x-zip-compressed; name="SBMmessage.sbd"
Content-Disposition: attachment; filename="300224010734970_002921.sbd"
Content-Transfer-Encoding: base64

JFc1TTVBLDEyMDQyOSwwNzAwMDUsNjYwZDAwMjg0NDljZTI0NiwxLERBUyAy
LDUxMzAuMjE5NU4sMjQyLjUyNTRXLDI1LjAsNTUsMzMuMyw3LjUsNS4wLDky
LjQsMy44LDUuMCw5MS4xLDMuNywxMDAzLjEsMC4wNywwLjA4LDE1LjQsMzI0
LDc0KjY1DQoNCiRXNU01QSwxMjA0MjksMDcwMDA1LDY2MGQwMDI4NDQ5Y2Uy
NDYsMixEQVMgMiwxMi43LDEyLjksMC4yLDAuNCwwLjAxLDYzNyw2NDIsMTU2
LDYyNywwLDMzNC44LDkuOTcsOTI1KjUzDQoNCiRXNU01QSwxMjA0MjksMDcw
MDA1LDY2MGQwMDI4NDQ5Y2UyNDYsMyw3RjAwNzQwMjNBMDAwMDUzMzIzMDMx
MzIzMDM0MzIzOTMwMzYzNDMwMzAzMDU1NUEwMDMxMzIzMDM0MzIzOTMwMzYz
NDMwMkM1NDQxNDIzMDMwMzAzMDMwMkMyRDMwMzUzMTJFMzEyQzJDMzEzMjJF
MzMzMzJDMzQyRTMwMkMzMzM2MzAzMDJDMzYzMDJDMzYzMDJDMzEyQzMwMzAz
NTM3MzAyQzMzMkUzNDMyMkMzMTJFMzIzNjJDMzQzNTJDMzAyQzMwMkUzMTM3
MzQyQzJCMzAzMDJFMzAwRDBBQzAxMEE0QzkxMzMzN0YwMDY3MDIzQTAwMDA1
NzMyMzAzMTMyMzAzNDMyMzkzMDM2MzQzMDMwMzBGRjREMDAwMDgwRkI0NDAw
ODBENjQzMDAwMDdBNDcwMDAwNjg0MjYxNUQzMDNEOTRBRjVBNDE0Q0I3OUIz
RDRDMjk4NjNENThCMzczNDFDN0RGOTMzRDQzRkY2MjQxNDNGNzRBNDE2MzI3
NzY0MURDODc3RjQxQkFDQjg2M0RBQjQxQTI0MzYwRjE5NDQyRUI4QUMzMzcx
RDIwMDUyMTlBMEY3RjAxNDYwMjNBMDAwMDRCNTY0ODIwMzczMjMwMzEzMjMw
MzQzMjM5MzAzNjM0MzAzMDMwMTcwMDAwMDBBRTQ3NjEzRDBBRDdBMzNCQUQ0
MUEyNDM2MkYxOTQ0MjJCMEU5RDQzNTU2RTkwNDI5Qzg2OUY0MzA1ODk5MzQy
QkYwQkEyNDNGNDQ3OTg0MjRCOTA5RjQzNzRFQjlBNDJDNkM5Nzc0MzJBMEM5
RDQyRDA4QzJENDNFOEM1OTI0MkFFMTUyMzQzMTIyRjhGNDI5MThDMEM0MzZC
M0Q4RDQyNTY2RUU1NDIxNTRBN0Y0MjYzOURDRjQyMjM1MTg1NDJGRjBCQTU0
MkFGRUY4RTQyODFFRTY5NDI0QUNCOEU0MkU0ODc2QjQyMTFCODhDNDIxNEI3
MjY0MjVENDM5NDQyMUUyMTU4NDAwMThDOTI0MjNDNDZBNjQzQjBEOTkyNDIw
QkZFOTg0MzE2Q0Y5MDQyRTNEODk3NDM4OTk4OEY0MjE0MjJBNTQzNTcxRjk0
NDIxMDg0RUQ0MUJCNzI5MTQyQ0NGNTE5NDIzRTQ5OTk0MjJBNEY4NzQzMDI0
Rjk1NDJBQUFCOTU0MzFFNzI5MjQyMUNFNzk4M0JDMkNGNkMzQzQwNzI2RjND
QThFRkNEM0IzQkM0MzMzQjFGRDVENTNBREI0QjcwMzlDQzgzNTMzOERFMzZB
NDM5QTQ2NEE1M0FEMTQzRTIzQUUzQTVENTNBMDgzQkFGM0ExRjI3MzMzQTdD
Njc5RDM5Q0RBOTg1MzkyMzkwMDUzOTgxMTczRTM5NEVFNjk0Mzk5NUVGN0Ez
OTU5MEVCMDM4MzJGRkNGMzhENEY3RTYzODZGMEFENEM5KjY3DQoNCg==

--SBD.Boundary.605592468
PROCESS /noc/users/iridburst/exec/irid_300224010734970_upd.pl
Last Run  ----1970-01-01 00:00:00 
MONTH  5 
DATA  xxrecord 2012-04-29 07:00:05 :: $W5M5A,120429,070005,660d0028449ce246,1,DAS 2,5130.2195N,242.5254W,25.0,55,33.3,7.5,5.0,92.4,3.8,5.0,91.1,3.7,1003.1,0.07,0.08,15.4,324,74*65
 
INSERT
STATION sbdservice
IRID_ID 300224010734970
BODY 
Content-Type: application/x-zip-compressed; name="SBMmessage.sbd"
Content-Disposition: attachment; filename="300224010734970_002922.sbd"
Content-Transfer-Encoding: base64

JFc1TTVBLDEyMDQyOSwwODAwMDUsNjYwZDAwMjg0NDljZTI0NiwxLERBUyAy
LDUxMzAuMjIwM04sMjQyLjUyNTVXLDI2LjYsNTcsNDAuOSw3LjUsNS4xLDky
LjIsNC4wLDUuMiw5MS4wLDMuOCwxMDAyLjAsMC4wNCwwLjA1LDE0LjMsMjk4
LDczKjYzDQoNCiRXNU01QSwxMjA0MjksMDgwMDA1LDY2MGQwMDI4NDQ5Y2Uy
NDYsMixEQVMgMiwxMi43LDEyLjksMC4yLDAuNSwwLjAxLDYzOCw2NDMsMTU2
LDYyOCwwLDMzNC43LDkuOTcsOTIzKjU1DQoNCiRXNU01QSwxMjA0MjksMDgw
MDA1LDY2MGQwMDI4NDQ5Y2UyNDYsMyw3RjAwNzQwMjNBMDAwMDUzMzIzMDMx
MzIzMDM0MzIzOTMwMzczNDMwMzAzMDU1NUEwMDMxMzIzMDM0MzIzOTMwMzcz
NDMwMkM1NDQxNDIzMDMwMzAzMDMwMkMyRDMwMzUzMTJFMzEyQzJDMzEzMjJF
MzMzMzJDMzQyRTMwMkMzMzM2MzAzMDJDMzYzMDJDMzYzMDJDMzEyQzMwMzAz
NTM3MzAyQzMzMkUzNDMyMkMzMTJFMzIzNjJDMzQzNjJDMzAyQzMwMkUzMTM3
MzQyQzJCMzAzMDJFMzAwRDBBQzIxMDRGRUM2RUExN0YwMDY3MDIzQTAwMDA1
NzMyMzAzMTMyMzAzNDMyMzkzMDM3MzQzMDMwMzBGRjREMDAwMDgwRkI0NDAw
ODBENjQzMDA4ODkwNDcwMDAwOTY0MjQ3MTVEQTNDODNGRTI5NDFFRUZDNjAz
REI0QTEyNTNERDFDRDQ4NDE1NjE0NDkzRDgyNkM1MTQxNTY0MDIwNDE0OTky
NjQ0MUQ4OEY2MjQxNjYxRjJDM0Q2MzBDOTU0MzlGM0Q5MjQyNTM1QUY2MzY0
QzFEOUEyN0M1QkY3RjAxOUEwMjNBMDAwMDRCNTY0ODIwMzczMjMwMzEzMjMw
MzQzMjM5MzAzNzM0MzAzMDMwMUUwMDAwMDA4RkMyNzUzRDBBRDdBMzNCNjYw
Qzk1NDM5RTNEOTI0Mjc0RTI3NDQzM0UxQTY3NDIzNkI2ODQ0MzA1QUI4NTQy
OUNGNjhENDMyOEM3OEU0MjNGOEQ5MjQzNDhFQzkzNDIzRjkxQTM0MzkwNDY5
QzQyMjI0NzgwNDIzRkMwOEE0MjFFQjA1NzQzRjYwRjhDNDIwNEIxNEE0M0VB
RUE4QzQyNThGNjEwNDM5NjYxOUQ0MjJDRUM2NjQyQ0MzNTlCNDJDMjY4NEY0
MjY4Q0E5MDQyNEY0QjZGNDIxQzdFOEM0MkFDOTA5ODQyRTdGMjlBNDI1NTRG
RkQ0MjIxNzg5NjQyN0FGMkQxNDI1QkFDN0U0MjQxMjlFNjQyMzNBNTlGNDJF
MEI3ODk0M0VENzM5MjQyRkM5QkEwNDM2OTg3OUY0Mjg3OUFCOTQyMUNEQThC
NDI2ODlBRDE0MkQxQjU4QTQyRkFDRENBNDJEN0M4OEE0MjcyRkRDMzQyMEFD
NThBNDIxNTM1QkQ0Mjc1QUE4QTQyRDg4MEI2NDI0Rjc5OEE0MkY5M0U5MjQy
QTZERTlBNDJGNEM2OEM0M0IyMTk5NjQyNURFQzg2NDM0QTFGOEI0MkZFOTM4
NjQzQkU3Qzg2NDJDQzk5ODg0M0RERjQ3QTQyRThCNThBNDM5MjRDNzE0MjI3
M0Q4NTM5MzIyNjAwM0JDNDYxQzUzQjk0MTM3OTNCRkQ0NzkxM0FDODg1NUQz
OTA3NzZDQzM3QjlFRjkxMzlCMjU5QTIzQTEyNTEwQTNCOENCQTNCM0FGMzZG
MTYzQTZDMkQxRDNBMTgwQkRBMzkzQjg4ODAzOTM3QTVFNzM5QzQwQjdBM0Ez
QTIwQTAzOUEzMzAyODM5RDQzRjkyMzhBRTE1NjczNjc3MTI0QjM1NkQ5MUE5
MzUzQjA3OEYzNzRDREQ2QzM4MUQxOUEwMzgwNjU0NkIzODI1N0FBQzM3RUY4
RkJDMzZBQUY2MzgzNzIxNzM5QjBDKjFCDQoNCg==

--SBD.Boundary.605592468
PROCESS /noc/users/iridburst/exec/irid_300224010734970_upd.pl
Last Run  ----1970-01-01 00:00:00 
MONTH  5 
DATA  xxrecord 2012-04-29 08:00:05 :: $W5M5A,120429,080005,660d0028449ce246,1,DAS 2,5130.2203N,242.5255W,26.6,57,40.9,7.5,5.1,92.2,4.0,5.2,91.0,3.8,1002.0,0.04,0.05,14.3,298,73*63
 
INSERT
STATION sbdservice
IRID_ID 300224010734970
BODY 
Content-Type: application/x-zip-compressed; name="SBMmessage.sbd"
Content-Disposition: attachment; filename="300224010734970_002923.sbd"
Content-Transfer-Encoding: base64

JFc1TTVBLDEyMDQyOSwwOTAwMDUsNjYwZDAwMjg0NDljZTI0NiwxLERBUyAy
LDUxMzAuMjI0MU4sMjQyLjUyOTBXLDI2LjcsNTcsMzcuOSw3LjcsNS40LDkx
LjgsNC4yLDUuNSw5MC43LDQuMSwxMDAwLjMsMC4wNSwwLjA4LDE1LjQsMjcy
LDc1KjY2DQoNCiRXNU01QSwxMjA0MjksMDkwMDA1LDY2MGQwMDI4NDQ5Y2Uy
NDYsMixEQVMgMiwxMi43LDEyLjksMC4yLDAuNCwwLjAxLDYzOSw2NDQsMTU1
LDYyOCwwLDMzNC43LDkuNTgsOTIzKjUzDQoNCiRXNU01QSwxMjA0MjksMDkw
MDA1LDY2MGQwMDI4NDQ5Y2UyNDYsMyw3RjAwNzQwMjNBMDAwMDUzMzIzMDMx
MzIzMDM0MzIzOTMwMzgzNDMwMzAzMDU1NUEwMDMxMzIzMDM0MzIzOTMwMzgz
NDMwMkM1NDQxNDIzMDMwMzAzMDMwMkMyRDMwMzUzMTJFMzEyQzJDMzEzMjJF
MzMzNDJDMzQyRTMwMkMzMzM2MzAzMDJDMzYzMDJDMzYzMDJDMzEyQzMwMzAz
NTM3MzAyQzMzMkUzNDMyMkMzMTJFMzIzNjJDMzQzNzJDMzAyQzMwMkUzMTM3
MzQyQzJCMzAzMDJFMzAwRDBBQzUxMEUxMjI2QTZBN0YwMDY3MDIzQTAwMDA1
NzMyMzAzMTMyMzAzNDMyMzkzMDM4MzQzMDMwMzBGRjREMDAwMDgwRkI0NDAw
ODBENjQzMDAxMEE0NDcwMDAwOEU0MkYzOEEwQTNEQzc2MjMzNDFEQjlFQTQz
REVDN0I1MjNERDU2RDU1NDFFMTdDN0YzREMwN0M1ODQxQ0NGMzI4NDE2MzI3
NzY0MTcyNzc2RDQxRUU1ODVFM0QxQ0Q3ODc0M0I0NUI5NTQyOTk5NzUwMzcy
MTIwRUZEMTQ2M0Y3RjAxOEUwMjNBMDAwMDRCNTY0ODIwMzczMjMwMzEzMjMw
MzQzMjM5MzAzODM0MzAzMDMwMUQwMDAwMDBBRTQ3NjEzRDBBRDdBMzNCMUZE
Nzg3NDNCNzVCOTU0MjcxODU4QjQzMTdBOThCNDI4OEI1ODU0MzY5MzE4RDQy
M0I1MjdFNDMzNUNFOTc0MjJGN0Q3NjQzQjBGMzlGNDJBQjY5RkU0MUVEMzA5
ODQyNURCMTUwNDIxRDJBOEU0MjlCNzRCOTQyNDRENThENDI0RjY2MTk0Mzkz
OTM5QTQyQTJDMDg0NDM3MDlCOEY0MkVFNkE4RjQzOUQzODkwNDI2MDM2OTY0
MzRFMDY5OTQyQzFFNENBNDI5NzhGOUU0MjJBRjMwMjQzQzg0OTlCNDJDNEQw
RjI0MjFGREI5NTQyQkZCOUFBNDI2QjlBODg0MkEyNUM4RjQyMTY2QTg5NDIx
ODVCOTg0MjdFMjE4ODQyMjVFNDhBNDJGNEE5ODY0MkIzQTUzRDQyQ0FFOTg5
NDI5MEVDQkU0MUM4QjE4RTQyQkU3Q0IyNDNFOTRDOUM0MjcyNjY4MjQzODE2
NDk0NDIxMzZCODU0MzU1MUM4NDQyQjg2QTg1NDNCMTMxOEE0MkQwOEY2RjQz
QjU3OTkzNDIwNzlCNTE0M0I5QkE5NjQyQjFBRjI2NDNCNTUzOUQ0MjI2NTdG
NDQyQUE3QTlENDI0QUMyRDM0MjhBOUU5QzQyRTAyQTI5M0EwN0RCNzMzQjhC
MTZDRjNCMzlFQ0MxM0JCM0Q3N0QzQkI0NUI0MTNCMkJFNDlFM0FDQzBGOTgz
QTdBRjg5NTNBQzQ1RDhCM0EyNkE4OUUzQTkwRDFDOTNBRDI5NjgwM0E2OTQ1
REEzOTRCMThDNzM5RTY4NDRDM0FFOEIxMkIzQUEzN0IxQjNBMjI0RjcwMzk2
RTZERjEzODFEOTMyQjM5NjM0MzhCMzlBQjAxOEQzOUQ4ODQ2MDM5OEQ5OTY4
MzlDREE3MEQzOTlEQ0UxMjM4QzlDQjZCMzZERDlFRkEzNzE1QTk5NkM0KjY3
DQoNCg==

--SBD.Boundary.605592468
PROCESS /noc/users/iridburst/exec/irid_300224010734970_upd.pl
Last Run  ----1970-01-01 00:00:00 
MONTH  5 
DATA  xxrecord 2012-04-29 09:00:05 :: $W5M5A,120429,090005,660d0028449ce246,1,DAS 2,5130.2241N,242.5290W,26.7,57,37.9,7.7,5.4,91.8,4.2,5.5,90.7,4.1,1000.3,0.05,0.08,15.4,272,75*66
 
INSERT
STATION sbdservice
IRID_ID 300224010734970
BODY 
Content-Type: application/x-zip-compressed; name="SBMmessage.sbd"
Content-Disposition: attachment; filename="300224010734970_002924.sbd"
Content-Transfer-Encoding: base64

JFc1TTVBLDEyMDQyOSwxMDAwMDUsNjYwZDAwMjg0NDljZTI0NiwxLERBUyAy
LDUxMzAuMjIwNE4sMjQyLjUyNDdXLDI1LjIsNTgsMzUuNiw3LjksNS44LDkx
LjgsNC42LDUuOCw5MS4wLDQuNSw5OTkuNywwLjA2LDAuMDksMTQuMywzNDYs
NzgqNUINCg0KJFc1TTVBLDEyMDQyOSwxMDAwMDUsNjYwZDAwMjg0NDljZTI0
NiwyLERBUyAyLDEyLjcsMTIuOSwwLjIsMC40LDAuMDEsNjQwLDY0NSwxNTYs
NjI4LDAsMzM0LjcsOS41OCw5MjEqNTUNCg0KJFc1TTVBLDEyMDQyOSwxMDAw
MDUsNjYwZDAwMjg0NDljZTI0NiwzLDdGMDA3NDAyM0EwMDAwNTMzMjMwMzEz
MjMwMzQzMjM5MzAzOTM0MzAzMDMwNTU1QTAwMzEzMjMwMzQzMjM5MzAzOTM0
MzAyQzU0NDE0MjMwMzAzMDMwMzAyQzJEMzAzNTMxMkUzMTJDMkMzMTMyMkUz
MzM0MkMzNDJFMzAyQzMzMzYzMDMwMkMzNjMwMkMzNjMwMkMzMTJDMzAzMDM1
MzczMDJDMzMyRTM0MzIyQzMxMkUzMjM2MkMzNDM4MkMzMDJDMzAyRTMxMzcz
NDJDMkIzMDMwMkUzMDBEMEFDNzEwRUFDRTA3OUY3RjAwNjcwMjNBMDAwMDU3
MzIzMDMxMzIzMDM0MzIzOTMwMzkzNDMwMzAzMEZGNEQwMDAwODBGQjQ0MDA4
MEQ2NDMwMDk4Qjc0NzAwMDA3NDQyNkQzNzI4M0Q3M0JCNTA0MUQ4N0VDMTNE
NjNFQTc5M0RGMzI0NjM0MTUwMUQ5QjNERjUyMjYxNDExN0ZFNDU0MTQ5OTI2
NDQxMzg1NzY5NDFFQjNBODEzREQ3RThBQzQzQ0ExOTlCNDI0MDUzQjIzN0U5
MUUzNDQ2MUM5QzdGMDE1MjAyM0EwMDAwNEI1NjQ4MjAzNzMyMzAzMTMyMzAz
NDMyMzkzMDM5MzQzMDMwMzAxODAwMDAwMEFFNDc2MTNEMEFEN0EzM0JEOEU4
QUM0M0M4MTk5QjQyRDk4NDA3NDM2RkFFOUU0MkVEMjE3NDQzNkQxN0ExNDJC
MThBOUQ0MzMwQUY5RTQyOUM1MEZBNDAzOEQyOUM0MkIzNUY1MjQyNTVFNjkw
NDJEMkZEOEQ0MjlDMDM4RjQyRDQyRkRCNDJDODAwOTY0Mjk4MUJCQjQyNTI3
OTkwNDI0NjUzQzQ0MjU1Mzk5NjQyMEIwMzMyNDMyQzM2OUM0MjAwQzk2NDQz
NTI3NTkyNDJBQTVDNDQ0MzlCQ0U5QjQyRjMwM0FFNDIzNEYwOEQ0MkM2MkQ5
MDQyQTkyNzdENDI4RjNBNDg0MjI1QTI4RjQyOERFMDg2NDMzNzgxOTI0MjUz
OUI3MDQzRENDNjkxNDI0OTZGM0I0M0VERUU5NzQyNDI4MkU3NDIwNUQzOTQ0
MjgxOUM5QzQyMjcyRTg5NDI4OUI2NDk0MTg4N0I5MzQyMUY3Qzk0NDM0RkJE
ODI0MkE4MzM4QzQzRDczRjY4NDI3NEYzODg0MzMxRjE4MDQyQkRGMTk3M0Ew
QTBEQkYzQjRCOEI2MDNDOTFBQzg3M0NGQ0NFMjYzQjFERkQ4MDNBMTE3RTM2
M0FCRjNCOTMzQTk0OUQ3RjNBRkE4MzQyM0E0RTIwMDAzQUNCQUMxRjNBMjZF
OTIyM0EzQjkwMzEzQTNFOTdFQzM5Q0VCN0M4Mzk5RjNDOEQzOTgxRDJGNDM5
QzE0MUFEMzlCNUMwQUIzODQ3RTlGNzM4OUQzNTFGMzk1MERCMDgzOTg4MDhD
MzM4MEUwMEFCODEqMTINCg0K

--SBD.Boundary.605592468
PROCESS /noc/users/iridburst/exec/irid_300224010734970_upd.pl
Last Run  ----1970-01-01 00:00:00 
MONTH  5 
DATA  xxrecord 2012-04-29 10:00:05 :: $W5M5A,120429,100005,660d0028449ce246,1,DAS 2,5130.2204N,242.5247W,25.2,58,35.6,7.9,5.8,91.8,4.6,5.8,91.0,4.5,999.7,0.06,0.09,14.3,346,78*5B
 
INSERT
STATION sbdservice
IRID_ID 300224010734970
BODY 
Content-Type: application/x-zip-compressed; name="SBMmessage.sbd"
Content-Disposition: attachment; filename="300224010734970_002925.sbd"
Content-Transfer-Encoding: base64

JFc1TTVBLDEyMDQyOSwxMTAwMDUsNjYwZDAwMjg0NDljZTI0NiwxLERBUyAy
LDUxMzAuMjIxMU4sMjQyLjUyNDVXLDI0LjgsNjAsMzMuMyw4LjEsNi4wLDky
LjUsNC45LDYuMSw5MS44LDQuOCw5OTguOSwwLjA1LDAuMDYsMTQuMywxMiw3
Nio2Mg0KDQokVzVNNUEsMTIwNDI5LDExMDAwNSw2NjBkMDAyODQ0OWNlMjQ2
LDIsREFTIDIsMTIuOCwxMi45LDAuMiwwLjQsMC4wMSw2NDEsNjQ2LDE1Niw2
MjgsMCwzMzQuOCw5LjU4LDkyOCo1Rg0KDQokVzVNNUEsMTIwNDI5LDExMDAw
NSw2NjBkMDAyODQ0OWNlMjQ2LDMsN0YwMDc0MDIzQTAwMDA1MzMyMzAzMTMy
MzAzNDMyMzkzMTMwMzQzMDMwMzA1NTVBMDAzMTMyMzAzNDMyMzkzMTMwMzQz
MDJDNTQ0MTQyMzAzMDMwMzAzMDJDMkQzMDM1MzEyRTMxMkMyQzMxMzIyRTMz
MzUyQzM0MkUzMDJDMzMzNjMwMzAyQzM2MzAyQzM2MzAyQzMxMkMzMDMwMzUz
NzMwMkMzMzJFMzQzMjJDMzEyRTMyMzYyQzM0MzkyQzMwMkMzMDJFMzEzNzM0
MkMyQjMwMzAyRTMwMEQwQUMxMTBFNTM5ODUxMzdGMDA2NzAyM0EwMDAwNTcz
MjMwMzEzMjMwMzQzMjM5MzEzMDM0MzAzMDMwRkY0RDAwMDA4MEZCNDQwMDgw
RDY0MzAwMjBDQjQ3MDAwMDhFNDJBMUZBMDMzREJEQjAzMTQxNkQxQzgyM0RF
OUJDNTEzRDI3NzA1NjQxQjY3NjdBM0Q4NzlBNTg0MUJERDIyRjQxNDk5MjY0
NDFERjdFNjY0MURFRTc1NDNEODc3RDNCNDEzMEVGOTc0MkJEOEQ2RjM3RTcx
RjdBNzkyNzkyN0YwMTUyMDIzQTAwMDA0QjU2NDgyMDM3MzIzMDMxMzIzMDM0
MzIzOTMxMzAzNDMwMzAzMDE4MDAwMDAwQUU0NzYxM0QwQUQ3QTMzQjk5N0Qz
QjQxMzBFRjk3NDIzNURCODI0MzBBNkE4OTQyN0EwMTkyNDM1RTUwOTg0MjdF
QjlEQzQwNzUyQjlBNDI5RTE0MDc0MEUwNzE5OTQyQzMyOEE3NDM0OTVBOTc0
MjZGRkVCMjQzRDhCQTk0NDI5NjJGREQ0MUVEMjg5NjQyOEE3NEY3NDJBOEI2
OUQ0MjNBQjkyMjQzOTREMDlCNDI5QjdDRDI0MjUzQzA5QjQyRDJFNjIwNDM5
QjNDOUE0MkNGRDYyNTQzMTc0QTk4NDJEMTJERTU0MkRBOUQ5NjQyOUMzQ0JC
NDJFNjAxOEU0MkZCODRDOTQyQ0VEQThFNDIzQ0IyRDM0MjNGRDU5NzQyMDEx
QUFGNDNDMzJBOUQ0MkVGNEE4MTQzMkY4QzlENDJGMDkxNEM0MjU0MTk5RTQy
QTQ1N0U1NDE3QjM4OTY0MjlCMDE3NzQyMTBENzk4NDI3RTBFM0I0MjVFREU4
RjQyNkM4MEFENDFGRDJGOTE0MjRFNEM5NDQzQzRDNTlENDIzNjA4OUUzODk5
RDRDODNBRTRBNkI5M0IwNjhBRjkzQjg5OUE4OTNCODRBMDM2M0JDQjhCRjkz
QTBDMDhDRDM5MjlGODg0Mzk2OERBQ0EzOTdBN0RFRjNBODVBN0RCM0ExMkE5
ODMzQTNCOTQ4NTNBNzU5Mjg2M0FFRDQ1MDYzQTRGMzM4QzM5RDQ1QzhGMzkw
NTYzODYzOUNBNUUyMjM5MkNCREIxMzhCNTE2MEYzOUU0OTI1MzM5MDFERkJC
MzhBMTE3ODk1MCo2Mw0KDQo=

--SBD.Boundary.605592468
PROCESS /noc/users/iridburst/exec/irid_300224010734970_upd.pl
Last Run  ----1970-01-01 00:00:00 
MONTH  5 
DATA  xxrecord 2012-04-29 11:00:05 :: $W5M5A,120429,110005,660d0028449ce246,1,DAS 2,5130.2211N,242.5245W,24.8,60,33.3,8.1,6.0,92.5,4.9,6.1,91.8,4.8,998.9,0.05,0.06,14.3,12,76*62
 
INSERT
STATION sbdservice
IRID_ID 300224010734970
BODY 
Content-Type: application/x-zip-compressed; name="SBMmessage.sbd"
Content-Disposition: attachment; filename="300224010734970_002926.sbd"
Content-Transfer-Encoding: base64

JFc1TTVBLDEyMDQyOSwxMjAwMDUsNjYwZDAwMjg0NDljZTI0NiwxLERBUyAy
LDUxMzAuMjQ1OE4sMjQyLjUwNzhXLDE2LjMsMjUsMjguMiw4LjMsNi4zLDky
LjcsNS4yLDYuMyw5Mi4xLDUuMSw5OTguNCwwLjA5LDAuMTIsMTUuNCwzNDMs
NzUqNTkNCg0KJFc1TTVBLDEyMDQyOSwxMjAwMDUsNjYwZDAwMjg0NDljZTI0
NiwyLERBUyAyLDEyLjgsMTIuOSwwLjIsMC40LDAuMDEsNjQyLDY0NywxNTYs
NjI4LDAsMTI4LjcsOS41OCw5MjUqNTMNCg0KJFc1TTVBLDEyMDQyOSwxMjAw
MDUsNjYwZDAwMjg0NDljZTI0NiwzLDdGMDA3NDAyM0EwMDAwNTMzMjMwMzEz
MjMwMzQzMjM5MzEzMTM0MzAzMDMwNTU1QTAwMzEzMjMwMzQzMjM5MzEzMTM0
MzAyQzU0NDE0MjMwMzAzMDMwMzAyQzJEMzAzNTMxMkUzMTJDMkMzMTMyMkUz
MzM3MkMzNDJFMzAyQzMzMzYzMDMwMkMzNjMwMkMzNjMwMkMzMTJDMzAzMDM1
MzczMDJDMzMyRTM0MzIyQzMxMkUzMjM2MkMzNTMwMkMzMDJDMzAyRTMxMzcz
MzJDMkIzMDMwMkUzMDBEMEFCQjEwOUNCNDU4RUU3RjAwNjcwMjNBMDAwMDU3
MzIzMDMxMzIzMDM0MzIzOTMxMzEzNDMwMzAzMEZGNEQwMDAwODBGQjQ0MDA4
MEQ2NDMwMEE4REU0NzAwMDA1MDQyQTI5NzVEM0RBMTk2NzM0MUNGN0JGRjNE
QjhEMEJBM0RGRUFBN0Q0MUFCNkJFNjNENDY0RTgyNDFBMzZBNkM0MTYzMjc3
NjQxQjQ3OTdBNDFDQjc0QjQzRDlCOUJBQjQzQ0I5Qzk1NDI1QjdDMkEzODZB
MjI3NTk5QzlDMzdGMDE1RTAyM0EwMDAwNEI1NjQ4MjAzNzMyMzAzMTMyMzAz
NDMyMzkzMTMxMzQzMDMwMzAxOTAwMDAwMENDQ0M0QzNEMEFEN0EzM0I5QTlC
QUI0M0M5OUM5NTQyQTEwN0QxNDE0NzVDODU0MjEzODYxNTQyNUI2RDhCNDI2
RkYzQ0M0MTU5QUQ5NTQyMzA4RUEwNDM3NUNFOTk0MkQxODM4NjQzRUVFQjkz
NDI5MUQwNUM0MzU1MTg4RDQyMkFDQTM2NDM1Q0JBOTE0MjcyM0UyMzQzQzAz
MzhBNDI5RkY2MkQ0M0NGNjU4RTQyOTExMzNENDM4MzcwOTE0MkIzNkY1MDQz
RjNEMDkyNDIxQUFENjQ0M0UyMkI5MjQyODY4Nzc1NDMzQkFGOEY0MjYwRTE4
MDQzM0NERDhCNDI2MDI4ODU0MzQ4MjM4NzQyNzZGRjg1NDNBMDU2OEE0MjMy
Rjc1QzQzRUJGODlBNDJBNkE1MUM0M0IxQUM5NjQyNjk3RDRFNDM5MTI5OUI0
MjU0Mzc0OTQzMEZCQzk4NDIxN0Q5NDE0MzA1OTg5NTQyMEM2QjNENDNDQzQw
OTI0MjVFN0UzQTQzNTFDNDhFNDJBRjZEMzg0Mzg5Mjc4QjQyRDU1NTM3NDNG
NTlDODg0MjZFOEIwNzNCNzczMzBCM0M5MzdCRjkzQzAzNzYxRjNERUYzMDQ5
M0M0NDQwQzUzQUI1M0Y0OTNBOEFGQzFEMzlEMjgyMkIzNzE5QTRDNjM2QkIx
QkM3MzY4RTgzRDgzNjBFQ0QzNjM2QjZFRTM0MzY1NjZDRTEzOEZENTREODM5
Q0VGMjREMzkzNzY5OTYzOTEyREYxMjM5MjE3NjhGMzc0MDlEOTQzNTUxMDVB
QjM1MkNFQjc3MzcxQkJFMjYzODgzMUQyOTM5RDExODI3MDUqMTgNCg0K

--SBD.Boundary.605592468
PROCESS /noc/users/iridburst/exec/irid_300224010734970_upd.pl
Last Run  ----1970-01-01 00:00:00 
MONTH  5 
DATA  xxrecord 2012-04-29 12:00:05 :: $W5M5A,120429,120005,660d0028449ce246,1,DAS 2,5130.2458N,242.5078W,16.3,25,28.2,8.3,6.3,92.7,5.2,6.3,92.1,5.1,998.4,0.09,0.12,15.4,343,75*59
 
INSERT
STATION sbdservice
IRID_ID 300224010734970
BODY 
Content-Type: application/x-zip-compressed; name="SBMmessage.sbd"
Content-Disposition: attachment; filename="300224010734970_002927.sbd"
Content-Transfer-Encoding: base64

JFc1TTVBLDEyMDQyOSwxMzAwMDUsNjYwZDAwMjg0NDljZTI0NiwxLERBUyAy
LDUxMjguNzE2MU4sMjQ5Ljk1OTVXLDE1LjUsMTUsMjUuMyw4LjQsNi44LDk0
LjEsNi4wLDYuOCw5NC4wLDUuOSw5OTkuMSwwLjMxLDAuNSwxNS40LDMyMCw2
NCo2NQ0KDQokVzVNNUEsMTIwNDI5LDEzMDAwNSw2NjBkMDAyODQ0OWNlMjQ2
LDIsREFTIDIsMTIuOCwxMy4wLDAuMiwwLjQsMC4wMSw2NDMsNjQ4LDE1Niw2
MjgsMCw4MC4xLDkuNTgsOTIyKjY2DQoNCiRXNU01QSwxMjA0MjksMTMwMDA1
LDY2MGQwMDI4NDQ5Y2UyNDYsMyw3RjAwNzQwMjNBMDAwMDUzMzIzMDMxMzIz
MDM0MzIzOTMxMzIzNDMwMzAzMDU1NUEwMDMxMzIzMDM0MzIzOTMxMzIzNDMw
MkM1NDQxNDIzMDMwMzAzMDMwMkMyRDMwMzUzMTJFMzEyQzJDMzEzMjJFMzQz
MDJDMzQyRTMwMkMzMzM2MzAzMDJDMzYzMDJDMzYzMDJDMzEyQzMwMzAzNTM3
MzAyQzMzMkUzNDMyMkMzMTJFMzIzNjJDMzUzMTJDMzAyQzMwMkUzMTM3MzMy
QzJCMzAzMDJFMzAwRDBBQjcxMEQ3Q0M1RjI0N0YwMDY3MDIzQTAwMDA1NzMy
MzAzMTMyMzAzNDMyMzkzMTMyMzQzMDMwMzBGRjREMDAwMDgwRkI0NDAwODBE
NjQzMDAzMEYyNDcwMDAwNkM0MkE4Njk0NTNFNDVGMzU3NDFCMkRERkQzRUE0
MkI5RTNFNTMzMjZGNDE5RDY2QzczRTIwMzc1ODQxMjA1QTQ4NDE2MzI3NzY0
MTBDMEM3MjQxODMzNzlEM0UwMEU5OUY0MzU4NUY3RTQyREMwQ0REMzlBNTFD
OEFFOTYwQTU3RjAxODIwMjNBMDAwMDRCNTY0ODIwMzczMjMwMzEzMjMwMzQz
MjM5MzEzMjM0MzAzMDMwMUMwMDAwMDAwQUQ3MjMzRDBBRDdBMzNCMDJFOTlG
NDM1ODVGN0U0MkJEMTMxQzQzNEVGNjc5NDJGQ0M3MUQ0MzQ3REE4NDQyMjVC
MDIzNDNEMzAwOTM0MjYzNkU0QzQzMTEyQTlFNDIyOUJDOUU0MzNFMUE5MTQy
MTk0MEEzNDM0MjEwODI0MjFGRTFBNTQzN0UxQTdGNDIzQUM1QTk0MzQ0REY1
NjQyMTVGN0FBNDMyRDBCMkM0MkJBMEFBQjQzQkVGRTQ4NDJEQTM0QTg0MzQ1
QTE2RDQyOTRGREEyNDMzRDZFN0I0MjA3RjFBMzQzRDlGMzcyNDIyNkVDQTQ0
MzkwNEM3MTQyRjI1MzlFNDM3Q0VEODY0MjE4OUY5NjQzNDEwRDkxNDJBNjVG
QTU0MzdERkM3NjQyNTU5MkE5NDM2RDRDMzQ0MjJFNERBQjQzQTcwQjIyNDI2
RjcwQTk0M0I0NEI1RTQyNzRGNkE1NDMxOTlGNkE0MjIxQzdBODQzNENFNjU4
NDIxNDQ2QUE0MzE3Rjk1MzQyRjE4M0E3NDM4QjMyNTg0MjI3NDRBNTQzN0Uw
QjU0NDI4QzVEQTc0M0M1MzIzODQyMTU5MkE4NDM0QTMxMkE0MjE5MjZBODQz
OUZFMTJDNDI3RDdEQzIzQzNDQjc3RTNERjE1OERFM0RBMzQxRDczRDQzMUU2
QjNENEYyRDdDM0VCQ0VCNTAzRTNCMkE3QjNEQjkxMzhDM0Q0NjE5MDMzREYw
RTdFQjNDNjQ5RjQyM0NGQjk2MkMzQ0Y0NkU4QTNDRDAwMzVBM0NFNzg5NTgz
QzY5NzU3QjNDRTFCMEJEM0M2QTFEMTUzQ0JFRjREMzNCNjlDQzE2M0MwOTM5
RjEzQjg1Nzc4NjNCREY5RTAwM0NERERGQzIzQkFCOUM1QTNCNTU0NTlGM0I3
RDVEOUUzQkVGRDg4MTVEKjFCDQoNCg==

--SBD.Boundary.605592468
PROCESS /noc/users/iridburst/exec/irid_300224010734970_upd.pl
Last Run  ----1970-01-01 00:00:00 
MONTH  5 
DATA  xxrecord 2012-04-29 13:00:05 :: $W5M5A,120429,130005,660d0028449ce246,1,DAS 2,5128.7161N,249.9595W,15.5,15,25.3,8.4,6.8,94.1,6.0,6.8,94.0,5.9,999.1,0.31,0.5,15.4,320,64*65
 
INSERT
STATION sbdservice
IRID_ID 300224010734970
BODY 
Content-Type: application/x-zip-compressed; name="SBMmessage.sbd"
Content-Disposition: attachment; filename="300224010734970_002928.sbd"
Content-Transfer-Encoding: base64

JFc1TTVBLDEyMDQyOSwxNDAwMDUsNjYwZDAwMjg0NDljZTI0NiwxLERBUyAy
LDUxMjEuODUxME4sMzA3LjI0MzRXLDIwLjQsNCwzMi41LDguOSw3LjUsOTEu
Myw2LjEsNy40LDkyLjYsNi4yLDk5Ny42LDAuMzcsMC41NywxNS40LDcyLDY5
KjU4DQoNCiRXNU01QSwxMjA0MjksMTQwMDA1LDY2MGQwMDI4NDQ5Y2UyNDYs
MixEQVMgMiwxMi44LDEyLjksMC4yLDAuNCwwLjAxLDY0NCw2NDksMTU2LDYy
OCwwLDk5LjksOS41OCw5MTcqNjkNCg0KJFc1TTVBLDEyMDQyOSwxNDAwMDUs
NjYwZDAwMjg0NDljZTI0NiwzLDdGMDA3NDAyM0EwMDAwNTMzMjMwMzEzMjMw
MzQzMjM5MzEzMzM0MzAzMDMwNTU1QTAwMzEzMjMwMzQzMjM5MzEzMzM0MzAy
QzU0NDE0MjMwMzAzMDMwMzAyQzJEMzAzNTMxMkUzMTJDMkMzMTMyMkUzMzM4
MkMzNDJFMzAyQzMzMzYzMDMwMkMzNjMwMkMzNjMwMkMzMTJDMzAzMDM1Mzcz
MDJDMzMyRTM0MzIyQzMxMkUzMjM2MkMzNTMyMkMzMDJDMzAyRTMxMzczMzJD
MkIzMDMwMkUzMDBEMEFDMDEwRjUyNjRBRTE3RjAwNjcwMjNBMDAwMDU3MzIz
MDMxMzIzMDM0MzIzOTMxMzMzNDMwMzAzMEZGNEQwMDAwODBGQjQ0MDA4MEQ2
NDMwMERDMDI0ODAwMDA4NjQyRTU5RjY1M0VFOUREM0Y0MTY2NzExMjNGRTk4
NkJFM0UxRDQzNjE0MTAyRUNFRDNFNDIyQzRENDE3Qjg4MzU0MTYzMjc3NjQx
NDc2Njc1NDE2NUUwQkEzRTdCQjc4RjQyMzEyMjhBNDI4MkQ5RTMzOTlDMUUy
MzlDQUZFQjdGMDFFMjAyM0EwMDAwNEI1NjQ4MjAzNzMyMzAzMTMyMzAzNDMy
MzkzMTMzMzQzMDMwMzAyNDAwMDAwMDBBRDcyMzNEMEFEN0EzM0I3QUI3OEY0
MjMyMjI4QTQyMjMzRDFFNDM3Mzg5OEE0Mjc3RUUyMjQzNDFFQjgxNDIyNjJG
Mjg0MzVBOEI4MDQyMzFENzFBNDNCMTg5OTk0MkMxMDlGODQxM0M5ODkxNDIz
RTRDMDE0MkYxRTI4QzQyRjFFQTU5NDJGRDA4OTU0MjFCRUZCNDQyOUQwOTkz
NDI2NTREQzQ0MkQyNjk4RDQyN0JCREVBNDJCQkZEOEU0MjY4QzVGMzQyMDBF
RDhBNDIzNjU1Njc0MjcyMTE5RDQyQUU2NUE1NDM2QzVGODk0MjNEREVBODQz
NzQxQzkxNDIzMjAzMDU0MzY5NTc4QjQyNEZERTBBNDNCQ0EwNUY0MjVFRTQw
QjQzOTMyODYyNDI0QzI1MEY0MzZENTM0OTQyRDNGMTEwNDM1RDE4MkE0MkIy
MTAwRTQzQUNBNTVFNDI3NjQ4RkU0MDQzNDY5NDQyM0EyRkFGNDM2M0E1NjU0
MjlBODhBRTQzRTkyRDJDNDJCMEUxQUM0MzFFMTkwRDQyMENFNkFBNDNDRTUx
NDg0MkVEMzJBOTQzMTcxMzg3NDI2M0MzQTk0M0Y2MkM4NjQyNDFEREE3NDMw
NUY4NzE0MkIwRjJBNTQzQkUyQjc1NDIxNThEOUY0Mzg5QjA4QzQyREVCQkEx
NDMyOTczN0Q0MkYxM0VBNDQzNjUxNTVGNDI5NEE4QTM0MzFCMEI2MjQyMUE4
Q0EwNDMyOURCNzI0MjUzRDc5NjQzQTIyMDg5NDJCOEI3N0Q0MzBGQzM5MDQy
OTJFNkExM0Q0NTA0RjUzREE4QUQzNTNEN0MwOTgxM0QyRjI5NTEzRTA3MzU4
NzNFRDM3QzVDM0VDOEJGMDgzRTU1M0U5MTNEOTRFMDMwM0RDM0QzNUYzREFB
NDgxMDNENzE4RDI2M0RENTI4MjQzRDM2MjhCRjNDMzU0MkI1M0MzNDMwQkMz
Q0ExMjhBNzNDN0FEN0I1M0M5NjI5MjEzQzUyM0FCMzNCQkM0N0Y1M0I3MDhB
OTEzQzJFREY5OTNDMzE4RjM3M0NFQUJDOTgzQjMyOTRCNjNCODhDN0U1M0Iw
MjY1OEIzQjMyQTkyQzNCQkQwNEFGM0JEOTQwRjUzQjNCM0NFODNCQTBCODhG
M0IzMUJEM0UzQjE1NkQ1OTNCQjU4RDM3MzAqMTINCg0K

--SBD.Boundary.605592468
PROCESS /noc/users/iridburst/exec/irid_300224010734970_upd.pl
Last Run  ----1970-01-01 00:00:00 
MONTH  5 
DATA  xxrecord 2012-04-29 14:00:05 :: $W5M5A,120429,140005,660d0028449ce246,1,DAS 2,5121.8510N,307.2434W,20.4,4,32.5,8.9,7.5,91.3,6.1,7.4,92.6,6.2,997.6,0.37,0.57,15.4,72,69*58
 
INSERT
STATION sbdservice
IRID_ID 300224010734970
BODY 
Content-Type: application/x-zip-compressed; name="SBMmessage.sbd"
Content-Disposition: attachment; filename="300224010734970_002929.sbd"
Content-Transfer-Encoding: base64

JFc1TTVBLDEyMDQyOSwxNTAwMDUsNjYwZDAwMjg0NDljZTI0NiwxLERBUyAy
LDUxMjAuMTE2Mk4sMzIzLjUyNzRXLDIyLjAsOSwzMC4yLDkuMiw3LjgsOTAu
NCw2LjMsNy43LDkwLjksNi4zLDk5Ny4xLDAuMzIsMC40OSwxNC4zLDExMSw3
Myo2NQ0KDQokVzVNNUEsMTIwNDI5LDE1MDAwNSw2NjBkMDAyODQ0OWNlMjQ2
LDIsREFTIDIsMTIuOCwxMi45LDAuMiwwLjQsMC4wMSw2NDUsNjUwLDE1Niw2
MjksMCwxMDMuMCw5LjU4LDkyNCo1Qg0KDQokVzVNNUEsMTIwNDI5LDE1MDAw
NSw2NjBkMDAyODQ0OWNlMjQ2LDMsN0YwMDc0MDIzQTAwMDA1MzMyMzAzMTMy
MzAzNDMyMzkzMTM0MzQzMDMwMzA1NTVBMDAzMTMyMzAzNDMyMzkzMTM0MzQz
MDJDNTQ0MTQyMzAzMDMwMzAzMDJDMkQzMDM1MzEyRTMxMkMyQzMxMzIyRTMz
MzgyQzM0MkUzMDJDMzMzNjMwMzAyQzM2MzAyQzM2MzAyQzMxMkMzMDMwMzUz
NzMwMkMzMzJFMzQzMjJDMzEyRTMyMzYyQzM1MzMyQzMwMkMzMDJFMzEzNzM0
MkMyQjMwMzAyRTMwMEQwQUMzMTA5QzdCNDY5NzdGMDA2NzAyM0EwMDAwNTcz
MjMwMzEzMjMwMzQzMjM5MzEzNDM0MzAzMDMwRkY0RDAwMDA4MEZCNDQwMDgw
RDY0MzAwQTAwQzQ4MDAwMDcwNDIyM0FDNTAzRTZBQjE1NTQxQjhERUY5M0U4
REUzQTIzRUJBNzM3MzQxNDdBRkM4M0VGNUU2NkU0MUYzOEE0NTQxNDk5MjY0
NDE2MzFGNkI0MUIxQkVBMTNFOEJBRURENDI2MzE3OTI0MjM1RjNENTM5Qjcy
MTI3RkY3RjFDN0YwMUE2MDIzQTAwMDA0QjU2NDgyMDM3MzIzMDMxMzIzMDM0
MzIzOTMxMzQzNDMwMzAzMDFGMDAwMDAwRUI1MTM4M0QwQUQ3QTMzQjg0QUVE
RDQyNjMxNzkyNDI4ODZBM0E0MzM3OTI3NDQyOTk1RjQ3NDNBMUMzNkU0Mjkz
QzY0RjQzOEExNDg0NDIxNjI3MzU0M0IwOEM4RjQyQ0QzMTA2NDM4QjFEOTY0
MjdCQ0M4MDQyOEQwRTlCNDI2MTQ3QUQ0M0ZGQTE5NjQyQjYzMkE3NDMyMDM3
OUY0MkUyOTRFODQyQTdBMzk5NDI2MzBDQkU0MkI3MTU5RDQyMEYyRDMzNDNE
NzZDOUU0MkVDQjc4QzQzQjQ3Qzk5NDIyNjRDQTQ0Mzg2Qjc5NDQyMEZBNUFF
NDMwMDNDOTQ0MkE2RTA5QzQzMEU0OEEwNDIzQzMyMUE0MzQ1RUI5RTQyOEZF
OURDNDBEN0U4ODU0MkRFQUVCMzQzNjE1RDcwNDJEQjMzQTY0MzNGQjE4NzQy
RjRDNUEwNDM1REZFODQ0MjFGQzZBQjQzREREQjdENDIyODgzOTc0MDRENTU3
MDQyMkIzMjA4NDE4NUNCNkE0MjM4Nzg4NDQwQjI5OTZENDIyQTdDQjM0M0ZC
NzU2MzQyMDNDODg3NDAwM0JBNjQ0MkExMkU3NzQwRjc0MDY5NDI2NEU5QkM0
MDhCODQ0QTQyMjVDODNGNDEwREM5NEI0MjEyNjlCNDQxNEYwQTc3NDIzRTIy
MDI0MjQ2NDE4MTQyNUVGNDkxM0M2MzhDNDUzREVDOTVDODNEQzBCRjJGM0U3
MDkwODQzRTk3ODI5OTNFMUI3OEVCM0Q4NTA0NEUzREVERDJFQzNDMTdGMkY5
M0JBQzBFQTEzQjFGQzIwRTNDQzFGQzQyM0NEMkIyMjMzQzFFMTgyNTNDRTkw
NjBBM0M4MzI3RkQzQkREOTkwMzNDQTgzMzQ3M0IxOEVDQ0YzQjE5NzhBODNC
MkY4QjdEM0JDQUYzMDYzQzA0OTUwNzNDMjhDRjk5M0JFMzYxNUQzQjM4Mzg4
MDNCQ0VEM0MyM0IxQzU2RTIzQjhGNUQzRDNCNTg3Q0ZGM0FGNkZEMUEzMyox
Ng0KDQo=

--SBD.Boundary.605592468
PROCESS /noc/users/iridburst/exec/irid_300224010734970_upd.pl
Last Run  ----1970-01-01 00:00:00 
MONTH  5 
DATA  xxrecord 2012-04-29 15:00:05 :: $W5M5A,120429,150005,660d0028449ce246,1,DAS 2,5120.1162N,323.5274W,22.0,9,30.2,9.2,7.8,90.4,6.3,7.7,90.9,6.3,997.1,0.32,0.49,14.3,111,73*65
 
INSERT
STATION sbdservice
IRID_ID 300224010734970
BODY 
Content-Type: application/x-zip-compressed; name="SBMmessage.sbd"
Content-Disposition: attachment; filename="300224010734970_002930.sbd"
Content-Transfer-Encoding: base64

JFc1TTVBLDEyMDQyOSwxNjAwMDUsNjYwZDAwMjg0NDljZTI0NiwxLERBUyAy
LDUxMTkuOTU5Mk4sMzQ1LjAyMDlXLDE0LjcsMzEsMjUuMSw5LjYsOC41LDg4
LjUsNi44LDguNSw4OC45LDYuOCw5OTYuNywwLjQ3LDAuNjksMTUuNCw3MSw3
MSo2MA0KDQokVzVNNUEsMTIwNDI5LDE2MDAwNSw2NjBkMDAyODQ0OWNlMjQ2
LDIsREFTIDIsMTMuMCwxMy4yLDAuMiwwLjQsMC4wMSw2NDYsNjUxLDE1Niw2
MjgsMCw5My43LDkuOTcsOTI0KjY0DQoNCiRXNU01QSwxMjA0MjksMTYwMDA1
LDY2MGQwMDI4NDQ5Y2UyNDYsMyw3RjAwNzQwMjNBMDAwMDUzMzIzMDMxMzIz
MDM0MzIzOTMxMzUzNDMwMzAzMDU1NUEwMDMxMzIzMDM0MzIzOTMxMzUzNDMw
MkM1NDQxNDIzMDMwMzAzMDMwMkMyRDMwMzUzMTJFMzEyQzJDMzEzMjJFMzUz
NzJDMzQyRTMwMkMzMzM2MzAzMDJDMzYzMDJDMzYzMDJDMzEyQzMwMzAzNTM3
MzAyQzMzMkUzNDMyMkMzMTJFMzIzNjJDMzUzNDJDMzAyQzMwMkUzMTM3MzIy
QzJCMzAzMDJFMzAwRDBBQzQxMDYzRUNFN0EyN0YwMDY3MDIzQTAwMDA1NzMy
MzAzMTMyMzAzNDMyMzkzMTM1MzQzMDMwMzBGRjREMDAwMDgwRkI0NDAwODBE
NjQzMDA2NDE2NDgwMDAwQUE0MjQ4Q0Q5MTNFMzE4QzE2NDEzQTcwMzAzRjMy
OUJFRTNFNUEzODRBNDE0NzJDMTQzRkU0MjY2MzQxMzVDQzFENDE2MzI3NzY0
MTc4MDQ2RDQxMDU5REZDM0U0MUMxOEU0MjFFMUQ4RDQyQ0U0OTc0M0EzNDFB
MTU5OEVEM0I3RjAxQkUwMjNBMDAwMDRCNTY0ODIwMzczMjMwMzEzMjMwMzQz
MjM5MzEzNTM0MzAzMDMwMjEwMDAwMDBDQ0NDNEMzRDBBRDdBMzNCM0ZDMThF
NDIxRDFEOEQ0MkZFNkEyRTQzMkM4RTQ4NDIzNzNGMTA0MzkzRjc4RTQyMTY4
QTY3NDJBQjdEOEE0MkU2NTlDNDQyRjlBRDhCNDIxQjg3Q0U0MjE5MDI4QjQy
RDdGNEJDNDIzREVGOTM0MkQzRTMyMjQzOUM2Rjk2NDI1MzFCMkE0MzMyQjI5
NjQyQTAxREIwNDNDMDNCOTE0MjlBMzJBQzQzODY3QjgyNDI4QjVBQUE0MzI3
NjM4NzQyNkQ1Mjk3NDNEQjMyOUQ0MjJGMjg0NjQzQzI2ODlBNDI2QjVENDU0
M0UwODg5QjQyQUYzQ0FDNDNENTRFOTk0MkE3RTFBRjQzQzJCNTg2NDI5RTY2
QUY0M0Q3RUI4MzQyOERBRkFDNDM5N0Y2ODg0MkVERDdBRTQzQ0ZDQTgwNDIw
NzhGQUU0MzQxNDU4QTQyRDg3QkEyNDMwODNCOUM0MjYzQjVBRDQzMEQ4MkEw
NDIzMzU4QTA0MUYwNUM5MjQyNzIwQzdENDE1Rjk0Njk0MjdBN0I4OTQxRUQ2
RTZDNDI3MDY2OTY0MTYyMTE4MjQyOEJENzQyNDE4RUE4ODE0Mjg2MEE0ODQx
RkMzRjhFNDJDQkFENUU0MUM0MEU4RTQyRUU1QkJBNDAyREQ1ODk0MkQzNkRC
MDQzQjUxOTkyNDJEQ0ZCNDE0MEY3QTE5NzQyMDRDMzRDNDI1M0M2OTk0MjdB
QzE5NDNEQ0Q0QkRBM0Q4NTBEOTUzRTBEMThGRjNFMjAzRUUxM0U5NUI4QkIz
RTA5MjBCMzNEMzMxMTg1M0M0QkNDRTEzQ0ZDNUM2QTNEQ0NBNzRFM0RDN0Uy
QzUzRENFQjRBMDNEN0Y2MTQ0M0QwMjczQjMzREJFQ0NFMDNEMzY1RTkxM0RD
RTVBRkYzQ0UxRUExMzNEQUU1NDFFM0Q5RTU5ODgzRDlGNUY3MTNEODBCOTI2
M0Q2MENDMkEzREFCOTcxQjNEMzcxRjE3M0QzOEIzOTkzQzc4N0NCQzNCQzND
MDY3M0NGNzNBODgzQzEyQjg3MDNDMzUyNDkxM0NGNDlBREQzQjlEQ0U1NEFG
KjY4DQoNCg==

--SBD.Boundary.605592468
PROCESS /noc/users/iridburst/exec/irid_300224010734970_upd.pl
Last Run  ----1970-01-01 00:00:00 
MONTH  5 
DATA  xxrecord 2012-04-29 16:00:05 :: $W5M5A,120429,160005,660d0028449ce246,1,DAS 2,5119.9592N,345.0209W,14.7,31,25.1,9.6,8.5,88.5,6.8,8.5,88.9,6.8,996.7,0.47,0.69,15.4,71,71*60
 
INSERT
STATION sbdservice
IRID_ID 300224010734970
BODY 
Content-Type: application/x-zip-compressed; name="SBMmessage.sbd"
Content-Disposition: attachment; filename="300224010734970_002931.sbd"
Content-Transfer-Encoding: base64

JFc1TTVBLDEyMDQyOSwxNzAwMDUsNjYwZDAwMjg0NDljZTI0NiwxLERBUyAy
LDUxMTkuMTk5NE4sNDA1Ljc1NDFXLDE1LjgsMjksMjkuMCwxMC4zLDkuMyw4
Ni4yLDcuMSw5LjMsODYuNyw3LjIsOTk2LjEsMC42NiwwLjk3LDE1LjQsMjUs
NjIqNTYNCg0KJFc1TTVBLDEyMDQyOSwxNzAwMDUsNjYwZDAwMjg0NDljZTI0
NiwyLERBUyAyLDEzLjIsMTMuMywwLjIsMC40LDAuMDEsNjQ3LDY1MiwxNTUs
NjI4LDAsOTUuOCw5Ljk3LDkxNio2Rg0KDQokVzVNNUEsMTIwNDI5LDE3MDAw
NSw2NjBkMDAyODQ0OWNlMjQ2LDMsN0YwMDc0MDIzQTAwMDA1MzMyMzAzMTMy
MzAzNDMyMzkzMTM2MzQzMDMwMzA1NTVBMDAzMTMyMzAzNDMyMzkzMTM2MzQz
MDJDNTQ0MTQyMzAzMDMwMzAzMDJDMkQzMDM1MzEyRTMxMkMyQzMxMzIyRTM3
MzYyQzM0MkUzMDJDMzMzNjMwMzAyQzM2MzAyQzM2MzAyQzMxMkMzMDMwMzUz
NzMwMkMzMzJFMzQzMjJDMzEyRTMyMzYyQzM1MzUyQzMwMkMzMDJFMzEzNzMx
MkMyQjMwMzAyRTMwMEQwQUM2MTA4ODNENUQwQzdGMDA2NzAyM0EwMDAwNTcz
MjMwMzEzMjMwMzQzMjM5MzEzNjM0MzAzMDMwRkY0RDAwMDA4MEZCNDQwMDgw
RDY0MzAwMjgyMDQ4MDAwMEI4NDI5QTYwREMzRTM4RkEwQjQxOUFFOTc3M0Y3
ODc5MjkzRjgwMTgyOTQxMkM0RTRGM0Y1NDlDM0E0MTRCN0QwRDQxNjMyNzc2
NDEyNUM0NzM0MTBCQzczNDNGQ0QyNENCNDE1NzEwNzg0MkNBRTdGMTNBRkEx
QjQxMTYzRjU4N0YwMUNBMDIzQTAwMDA0QjU2NDgyMDM3MzIzMDMxMzIzMDM0
MzIzOTMxMzYzNDMwMzAzMDIyMDAwMDAwQUU0NzYxM0QwQUQ3QTMzQkQ3MjRD
QjQxNTQxMDc4NDJBRENCMjI0M0UzRkE2RjQyNDJBNzA1NDMwQTI5ODk0Mjg3
RERDMjQyODFFOTkzNDJBRDg2QzQ0MTVGNkI5NTQyOUZBNkEwNDE2NTlEOTc0
MjBENDY1MDQzREE4NzlDNDIyOTk1OEE0MzY4NzI5NzQyRDlFQzk1NDM1NjE4
OTU0MjAxQ0ZBQjQzNEVFODhCNDIwNDlCQUU0MzlENjU4MzQyNDY3MkIwNDMz
QTUzNzI0Mjg4MjFBQTQzNjk5RjgzNDI2OTZGQTg0M0FGMDY4MTQyODdFNUFE
NDNFNjhDNjE0MkMyRjNCMTQzQjRFMDNCNDIyQjhCQjM0M0JEQTcyMzQyMkFC
M0IzNDNCNzA5MTg0MjcyQTZCMzQzRjY3MzE3NDJENEY3QjM0MzYyRDUyRDQy
MjFFMjRDNDAwNEFDNDQ0MjI5MEI5RjQwRUI2ODUyNDJENEMwMjA0MDc5QzY3
NjQyQTg0RTc5M0ZEMDBDODI0MjdEMkRFMjNGQjEwMDg0NDJBMjBDM0Q0MDI4
RTc4RDQyRURFRTcwNDFEM0Y3ODQ0Mjc2Qzg5NDQxMTJFOTc2NDI1QkQ2QjQ0
MTM3ODM5MDQyNDAzQjk4NDEyQjE3OUY0MjU4QkY2ODQzMTFEQTlFNDI4QTlF
NEQ0MzgyMDU5NzQyREQ0NUIxNDIzRjVEOUY0MkFDMUUwNjQyNTQzNDkzNDJG
NDlBMEI0MjU0QzE5MDQyNTA1NjMyM0UxQ0U1NDIzRjNGNjA3MjNGRDZFMUY3
M0U4MjI5NzEzRTM4QTFBQTNERTU2QTM0M0U3MjFBMDczRTFFQ0EwMTNFQzE0
MkNFM0QzRkQ1MUEzRDM2ODlCNDNEOTFFMTI0M0U0NEIyNjQzRUZBQkI5RjNF
NkREN0U5M0VDQjAxOEYzRTEzODQ4ODNFRUQyRTc4M0UyMTk0M0YzRTNFNkUw
OTNFMjI2MDZDM0RGMzlFNTUzREEwQThBMTNEQzhGODNEM0Q5MUIwMDQzREUz
N0U1QTNEQjkxQzlGM0Q2RDIxOEUzREQ0RUJBRDNDQzVDQjQ5M0M4RTEyODgz
QzZCRTE1NDNDRkQ0NzA2M0M3NzFFMkEyQSo2RQ0KDQo=

--SBD.Boundary.605592468
PROCESS /noc/users/iridburst/exec/irid_300224010734970_upd.pl
Last Run  ----1970-01-01 00:00:00 
MONTH  5 
DATA  xxrecord 2012-04-29 17:00:05 :: $W5M5A,120429,170005,660d0028449ce246,1,DAS 2,5119.1994N,405.7541W,15.8,29,29.0,10.3,9.3,86.2,7.1,9.3,86.7,7.2,996.1,0.66,0.97,15.4,25,62*56
 
INSERT
STATION sbdservice
IRID_ID 300224010734970
BODY 
Content-Type: application/x-zip-compressed; name="SBMmessage.sbd"
Content-Disposition: attachment; filename="300224010734970_002932.sbd"
Content-Transfer-Encoding: base64

JFc1TTVBLDEyMDQyOSwxODAwMDUsNjYwZDAwMjg0NDljZTI0NiwxLERBUyAy
LCwsMTAuOSwxOCwxNi44LDEwLjksOS45LDg2LjksNy44LDkuOCw4Ny4yLDcu
OCw5OTYuMywwLjczLDAuOTMsMTQuMywzNDcsNjAqNEINCg0KJFc1TTVBLDEy
MDQyOSwxODAwMDUsNjYwZDAwMjg0NDljZTI0NiwyLERBUyAyLDEzLjAsMTMu
MSwwLjIsMC40LDAuMDEsNjQ3LDY1MiwxNTcsNjI5LDAsOTYuNCwxMS41Myw5
MjUqNUQNCg0KJFc1TTVBLDEyMDQyOSwxODAwMDUsNjYwZDAwMjg0NDljZTI0
NiwzLDdGMDA3NDAyM0EwMDAwNTMzMjMwMzEzMjMwMzQzMjM5MzEzNzM0MzAz
MDMwNTU1QTAwMzEzMjMwMzQzMjM5MzEzNzM0MzAyQzU0NDE0MjMwMzAzMDMw
MzAyQzJEMzAzNTMxMkUzMTJDMkMzMTMyMkUzNTMzMkMzNDJFMzAyQzMzMzYz
MDMwMkMzNjMwMkMzNjMwMkMzMTJDMzAzMDM1MzczMDJDMzMyRTM0MzIyQzMx
MkUzMjM2MkMzNTM2MkMzMDJDMzAyRTMxMzczMjJDMkIzMDMwMkUzMDBEMEFD
NDEwNkJERDFFNjE3RjAwNjcwMjNBMDAwMDU3MzIzMDMxMzIzMDM0MzIzOTMx
MzczNDMwMzAzMEZGNEQwMDAwODBGQjQ0MDA4MEQ2NDMwMEVDMjk0ODAwMDBD
NjQyRDUyMkY5M0UwMTkyMDE0MTgxMUQ2RjNGRkM2RjNBM0ZFQjU2MjM0MTFC
QzY1QTNGQUE1RjM0NDE0OEEyRjc0MDQ5OTI2NDQxQzBFMjUwNDE5RjZFNEMz
Rjc3NzZBRDQzOTlFQjZGNDI5QUMzMDUzQkY0MUU2OERGRDQ4MTdGMDIwNjAy
M0EwMDAwNEI1NjQ4MjAzNzMyMzAzMTMyMzAzNDMyMzkzMTM3MzQzMDMwMzAy
NzAwMDAwMEFFNDc2MTNEMEFEN0EzM0I3ODc2QUQ0Mzk5RUI2RjQyQURGQzND
NDM4MUJEOTc0MkIyMEM0NTQzMkQyODhFNDIwRjY2NjM0M0ZCMUU5MDQyNzY5
Nzg1NDNGQkY2OTM0MkUwRkQ5NzQzQ0Q0RTkzNDJDNkNEOTI0MzY4NEE5NjQy
QjdDOUFENDMwQzk4OEI0Mjg4QkFBRDQzQTIzNDgzNDI3QzgwQUM0M0NFQ0U4
NDQyOUU4NEE1NDM2NjRGOTI0MkExQzNBOTQzQTlDODk0NDIxQkMzOTEzRTBE
Mzg3RTQyMzNGNkIxNDNEM0NBNkI0MkYyODFCMTQzRkU5QjYyNDJEQTY1QjE0
MzhBODM3NjQyNzExNDEwM0VBQjc3NkU0MkREODk0RDQxNTg0MjI0NDI4NzFE
OTU0MUNFODIwQTQyQUZEMURCNDE1MkUwMjk0Mjk4NDgzMTQyNEFDQTMxNDI1
NEJFMzA0MkM4RjEyMjQyRDkzNTFENDI5RUJDMkU0MjkzNTgxMTQyN0VCRjI3
NDI4RTMwMzI0MkMyMDUyRTQyNUEzNjdGNDIwRENCNDY0MjlCRjE4NTQyMzg2
NjZCNDI3NUJDNDE0MjY3RjE3NjQyOEI0QTQ3NDJBN0M0OEI0MjFCMTgzMDQy
MDY5ODkyNDI2ODEzRDY0MTE4QUU4ODQyNEEzNzYxNDFENzQyODU0MjI0RTJE
QTQwRDc5NjgzNDI3RTJDQjM0M0VFRUY4MzQyOTc3MUIxNDM4N0E5OEM0Mjk3
NTI3ODQyNDJBMTkwNDJEREQ2QkU0Mjg4ODU4ODQyMTBENERFNDIzRTFFOEU0
MjIwMTFDMzQyNjY3RDk0NDJBNzBGRDk0MjY3NDE4RjQyMTk5QkM5M0REOTM3
NjYzRTZENDM3NjNGRDQ4NDg0M0ZFNTI0RTYzRTRDMTRGRTNENjA3M0I4M0Q1
ODlFMTYzRTQ2MjgwQjNFMEY4QTk0M0Q5NUEyQzAzRDk4N0NCNzNEOUJDNEZC
M0RFQzM2NTEzRTMyQjM1MzNFOUI3MEIxM0U3OERBRUMzRTcxQjgzRjNGNEEz
RkNCM0U5OTczQTEzRUMzNzQ2ODNFMDU2OEVCM0QyMkI0ODIzRENDODREMDNE
Mzg0MkFCM0RENzlEQzYzREY0MDEwMDNFOTk2QjhDM0RCNjEyNjEzRDg2RTgz
MTNEODMxOUI5M0QzNkZCOUMzREI2MjI4ODNERTE0QTZDM0RFRjY5NDczRDAw
NDU3MDNEREMwNkI2M0RCNjUzMEIzRDk3RDU5MDNDRUFEMTFDOUMqMTMNCg0K

--SBD.Boundary.605592468
PROCESS /noc/users/iridburst/exec/irid_300224010734970_upd.pl
Last Run  ----1970-01-01 00:00:00 
MONTH  5 
DATA  xxrecord 2012-04-29 18:00:05 :: $W5M5A,120429,180005,660d0028449ce246,1,DAS 2,,,10.9,18,16.8,10.9,9.9,86.9,7.8,9.8,87.2,7.8,996.3,0.73,0.93,14.3,347,60*4B
 
INSERT
STATION sbdservice
IRID_ID 300224010734970
BODY 
Content-Type: application/x-zip-compressed; name="SBMmessage.sbd"
Content-Disposition: attachment; filename="300224010734970_002933.sbd"
Content-Transfer-Encoding: base64

JFc1TTVBLDEyMDQyOSwxOTAwMDUsNjYwZDAwMjg0NDljZTI0NiwxLERBUyAy
LDUxMTYuNDMzNU4sNDQyLjI1MDJXLDEwLjUsMjcsMTYuOSwxMS4wLDkuOCw4
Ny4wLDcuOCw5LjgsODcuMCw3LjgsOTk2LjcsMC45OCwxLjU0LDE0LjMsMzQ0
LDU1KjZBDQoNCiRXNU01QSwxMjA0MjksMTkwMDA1LDY2MGQwMDI4NDQ5Y2Uy
NDYsMixEQVMgMiwxMi44LDEzLjAsMC4yLDAuNCwwLjAxLDY0Nyw2NTIsMTU3
LDYyOSwwLDgxLjcsMTEuOTMsOTI4KjUwDQoNCiRXNU01QSwxMjA0MjksMTkw
MDA1LDY2MGQwMDI4NDQ5Y2UyNDYsMyw3RjAwNzQwMjNBMDAwMDUzMzIzMDMx
MzIzMDM0MzIzOTMxMzgzNDMwMzAzMDU1NUEwMDMxMzIzMDM0MzIzOTMxMzgz
NDMwMkM1NDQxNDIzMDMwMzAzMDMwMkMyRDMwMzUzMTJFMzEyQzJDMzEzMjJF
MzQzMzJDMzQyRTMwMkMzMzM2MzAzMDJDMzYzMDJDMzYzMDJDMzEyQzMwMzAz
NTM3MzAyQzMzMkUzNDMyMkMzMTJFMzIzNjJDMzUzNzJDMzAyQzMwMkUzMTM3
MzMyQzJCMzAzMDJFMzAwRDBBQzYxMDhBNzUzQjg4N0YwMDY3MDIzQTAwMDA1
NzMyMzAzMTMyMzAzNDMyMzkzMTM4MzQzMDMwMzBGRjREMDAwMDgwRkI0NDAw
ODBENjQzMDBCMDMzNDgwMDAwRDY0Mjg2RTIyNzNGNDIyM0VENDA0OEJEQzUz
RjMyRkU3QjNGMjYwMDBFNDExNzIzOUYzRjMxMUIxNDQxNUJBQkVFNDA0OTky
NjQ0MTdFMjUyMjQxRjNDMDg5M0ZDOTE2QUM0MzMzQzU1QzQyRDg5RTgwM0Iz
MjFERUI0NTg5MTY3RjAxRUUwMjNBMDAwMDRCNTY0ODIwMzczMjMwMzEzMjMw
MzQzMjM5MzEzODM0MzAzMDMwMjUwMDAwMDBBRTQ3NjEzRDBBRDdBMzNCQ0Ex
NkFDNDMzMkM1NUM0MkJCMDYzOTQxQkIxRDk4NDI3Q0ZEQjA0Mzc3QjU4MjQy
NTlFQ0E3NDMzRTg3OEU0MjE2MjI2QzQzRUMzNjk5NDJGNDVBM0E0M0YwMEE5
MjQyRjNDRTFGNDNENTZEODk0MjczMUYyQjQzNTYwMDg2NDJBNDAyNjI0Mzg1
MEM5QTQyRUIyRkE4NDNGNTYxODI0MjhENDlBQjQzRjcxMjc4NDI4NEE4QTc0
M0QyODc3OTQyQkEzMkE1NDM1RjdCNjY0Mjc3NkZBNTQzNzhBMDZGNDJGNUU3
QTY0MzVBQ0U3NzQyNTYxMUFCNDNBODA1NTM0MjU3RTVBRDQzQjBFQTBDNDIx
Q0Q4QUU0MzRBOTJFODQxQzBFOEFGNDNGNjQ5MEY0MkU5MDVCMjQzOTY0ODI3
NDI2QTA5QjE0MzUwRjQyMzQyOEVENUFGNDMyRkQzMjI0MkM2QUFCMjQzODQw
MzQ0NDIxQjVFMDU0MTMwRTU1QjQyMUE2MTA0NDEzOUU4NTc0MkFCMUE0ODQw
QTAzMjQ4NDJCQ0IyNzA0MTI5NkM0MzQyM0M3REFENDE0RjA2NDY0MjZBNDNC
MjQxRjQwMDQ2NDJGODVFQkI0MTIzMUE1MzQyMDk2N0I2NDEwNENDNjE0MkU4
M0JDNDQxRURDOTVGNDIxQzQzMUU0MjMxRTk3OTQyMUU1RkIwNDIzQ0I1ODI0
Mjk0RDRCNzQyRUQwQjgyNDJDRjlFODU0MjE3ODM4NTQyRjgwRjk2NDI4QzdG
ODU0MjdEMEM5RjQyRTJFODg2NDJBNDMzQ0MzREQ5MjJBRTNFNzYwRjNCM0ZD
ODNDQTYzRkU1NDcyMTNGQkZCRTNBM0U5RDVCNEUzRTdFNzAxNzNFOUUyMjQ4
M0U3REIzMjEzRTJFQTI2QjNFQjg5NDk2M0VDNjAzNjYzRjJEMjc4RDNGMTU4
MDYwM0Y1MDY5NjYzRjJDRUU2RjNGQUJBQTI1M0ZDNkI4MDYzRjE1NkZFODNF
MjgzOEEwM0U3RkE3ODUzRTI1NDlDODNFNzg0QTg5M0UzOTYwRTkzRDFFOEIz
ODNFRUQ4OERFM0VCM0JERjczRTEwN0RBQzNFQ0U4NTA2M0U5MTAxMzkzRTE4
NUFDMzNERkRFNDM5M0RGRjlFMDAzRDREN0Y3NTNENzhEODQwM0RFMjMzMTQz
REU4MDA1MjFDRUY2OTQ3M0QwMDQ1NzAzRERDMDZCNjNEQjY1MzBCM0Q5N0Q1
OTAzQ0VBRDExQzlDKjE1DQoNCg==

--SBD.Boundary.605592468
PROCESS /noc/users/iridburst/exec/irid_300224010734970_upd.pl
Last Run  ----1970-01-01 00:00:00 
MONTH  5 
DATA  xxrecord 2012-04-29 19:00:05 :: $W5M5A,120429,190005,660d0028449ce246,1,DAS 2,5116.4335N,442.2502W,10.5,27,16.9,11.0,9.8,87.0,7.8,9.8,87.0,7.8,996.7,0.98,1.54,14.3,344,55*6A
 
INSERT
STATION sbdservice
IRID_ID 300224010734970
BODY 
Content-Type: application/x-zip-compressed; name="SBMmessage.sbd"
Content-Disposition: attachment; filename="300224010734970_002934.sbd"
Content-Transfer-Encoding: base64

JFc1TTVBLDEyMDQyOSwyMDAwMDUsNjYwZDAwMjg0NDljZTI0NiwxLERBUyAy
LDUxMTMuMjkzME4sNDU4LjY4ODRXLDEwLjEsNywxNS4zLDEwLjksOS42LDkw
LjIsOC4wLDkuNSw5MC4yLDguMCw5OTYuOSwxLjI1LDIuMTMsMTQuMywzNDEs
NTIqNUYNCg0KJFc1TTVBLDEyMDQyOSwyMDAwMDUsNjYwZDAwMjg0NDljZTI0
NiwyLERBUyAyLDEyLjgsMTMuMCwwLjIsMC44LDAuMDEsNjQ4LDY1MywxNTYs
NjI4LDAsODMuMSwxMS4xNCw5MTYqNUUNCg0KJFc1TTVBLDEyMDQyOSwyMDAw
MDUsNjYwZDAwMjg0NDljZTI0NiwzLDdGMDA3NDAyM0EwMDAwNTMzMjMwMzEz
MjMwMzQzMjM5MzEzOTM0MzAzMDMwNTU1QTAwMzEzMjMwMzQzMjM5MzEzOTM0
MzAyQzU0NDE0MjMwMzAzMDMwMzAyQzJEMzAzNTMxMkUzMTJDMkMzMTMyMkUz
NDMxMkMzNDJFMzAyQzMzMzYzMDMwMkMzNjMwMkMzNjMwMkMzMTJDMzAzMDM1
MzczMDJDMzMyRTM0MzIyQzMxMkUzMjM2MkMzNTM4MkMzMDJDMzAyRTMxMzcz
MzJDMkIzMDMwMkUzMDBEMEFDNjEwRjdBODUyREY3RjAwNjcwMjNBMDAwMDU3
MzIzMDMxMzIzMDM0MzIzOTMxMzkzNDMwMzAzMEZGNEQwMDAwODBGQjQ0MDA4
MEQ2NDMwMDc0M0Q0ODAwMDBGMjQyOTE1RjRFM0YwNzFDRDM0MDMxMzcwODQw
MzY0NUEwM0Y3NjlERjk0MEUwRURDNzNGNjM3OUQ3NDA1QzRERDc0MDQ5OTI2
NDQxRjc2RUZCNDA2NUJBQTkzRjY1OTBBQTQzRTVBMTUwNDI4MkNEQ0MzQkQ3
MjBGMjBDNDRFNjdGMDFENjAyM0EwMDAwNEI1NjQ4MjAzNzMyMzAzMTMyMzAz
NDMyMzkzMTM5MzQzMDMwMzAyMzAwMDAwMEI4MUU4NTNEMEFEN0EzM0I2Njkw
QUE0M0UxQTE1MDQyRkFDNTMyNDM4QUJCOTE0MjU3RUIzRDQzQ0FGQjg1NDJC
MEFENDU0MzJEQTM4ODQyQ0Q2OTgzNDNEQUQ1OTc0MjIxMDA3NDQzM0E1QTk4
NDJFREUyNUM0Mzk1N0I5NTQyODM5RjlCNDM4RDBFOTQ0MjVDOEFBNDQzQjgz
MTgzNDI3NDVGQTc0MzFCQUU1MzQyMjE5REE4NDNDMzk5NDI0MkQwMTJBOTQz
MDY2RTNCNDIwMjcyQTk0M0E2NUUyMzQyRjI4QUFBNDM4NkQyMUI0MkYwNEJB
QjQzMTU1ODM4NDJCMkRGQUI0MzMyRTE0NTQyMDU1OUIwNDMyMTIzMzk0MjU1
RjlDRjNEODhFQTJENDJFQjVEQjE0MzJGNEIyQjQyNjE2M0FDNDM2QjBCMTY0
MjJCNDNBQzQzNjYyMjA5NDJCREZFQUY0MzU2NDYwODQyMjIzQUIyNDNCNEEx
MUQ0MkIxQzBCMTQzRTU5NzNDNDJFNzI4QUM0M0IwOEE1MDQyNTU5MUFDNDM4
NkMxNDg0MjMzOENCMDQzRTZBOTQyNDIyQTQyNDQ0MDhFMUU0NTQyMzU1MjEw
NDEwREM2NTU0MjUwMUEwRDQxRUFDMTYwNDI0NzZDODk0MThFNTk3NDQyRDgx
Q0ZFNDFEQkUxNzg0MkFBRTEwMDQyOENFODdGNDJFQ0ZBMTI0MjZDNDM4NDQy
QzVENzUyNDI2M0I4ODM0MkE1NjQ2RDQyMTVCNjgzNDI2QTk2MUEzRjFBNDlD
QTNGRUJBQTc2M0YxMDM2QjMzRTRDMTRBNjNFMDM0RkFGM0UxRjJFNDMzRjND
RDkwNDNGRkNEQkU4M0UxNDhEMUUzRkRFQzNGMjNFMDMzNzI3M0ZDMTAzNkUz
RkMzNzZGRTNFOTdCQUNEM0UwMjdGMDMzRkMxNjg4MDNGNEM0QzZGM0YwMDdD
QUMzRkZGNzE4NjNGMUQ4QUNFM0VCQUE3NEEzRjcxNzZCNTNFOUIyNTA5M0Yx
N0Q1QTkzRjlGRDY5QTNGMURFREY1M0U4QzREMDgzRkU2QTYxQjNGREY1NDhD
M0VDNUQ4MUQzRTkzMzg4NDNFMjY5MzJFM0U0NjAyMEMzRTI4OEU5NzNEOTAw
Q0I4QTkqMUUNCg0K

--SBD.Boundary.605592468
PROCESS /noc/users/iridburst/exec/irid_300224010734970_upd.pl
Last Run  ----1970-01-01 00:00:00 
MONTH  5 
DATA  xxrecord 2012-04-29 20:00:05 :: $W5M5A,120429,200005,660d0028449ce246,1,DAS 2,5113.2930N,458.6884W,10.1,7,15.3,10.9,9.6,90.2,8.0,9.5,90.2,8.0,996.9,1.25,2.13,14.3,341,52*5F
 
INSERT
STATION sbdservice
IRID_ID 300224010734970
BODY 
Content-Type: application/x-zip-compressed; name="SBMmessage.sbd"
Content-Disposition: attachment; filename="300224010734970_002935.sbd"
Content-Transfer-Encoding: base64

JFc1TTVBLDEyMDQyOSwyMTAwMDUsNjYwZDAwMjg0NDljZTI0NiwxLERBUyAy
LDUxMTAuNDQzM04sNTE0LjU5MDhXLDEwLjgsMzcsMTUuMSwxMC44LDkuNCw5
Mi44LDguMyw5LjQsOTIuMyw4LjIsOTk3LjIsMS43OCwzLjAzLDYuOSwzNDEs
MzgqNUQNCg0KJFc1TTVBLDEyMDQyOSwyMTAwMDUsNjYwZDAwMjg0NDljZTI0
NiwyLERBUyAyLDEyLjgsMTMuMCwwLjIsMC40LDAuMDEsNjQ5LDY1NCwxNTYs
NjI4LDAsODUuOSwxMS4xNCw5MjEqNUYNCg0KJFc1TTVBLDEyMDQyOSwyMTAw
MDUsNjYwZDAwMjg0NDljZTI0NiwzLDdGMDA3NDAyM0EwMDAwNTMzMjMwMzEz
MjMwMzQzMjM5MzIzMDM0MzAzMDMwNTU1QTAwMzEzMjMwMzQzMjM5MzIzMDM0
MzAyQzU0NDE0MjMwMzAzMDMwMzAyQzJEMzAzNTMxMkUzMTJDMkMzMTMyMkUz
MzM4MkMzNDJFMzAyQzMzMzYzMDMwMkMzNjMwMkMzNjMwMkMzMTJDMzAzMDM1
MzczMDJDMzMyRTM0MzIyQzMxMkUzMjM2MkMzNTM5MkMzMDJDMzAyRTMxMzcz
MzJDMkIzMDMwMkUzMDBEMEFDNTEwQTA1MDVBRDE3RjAwNjcwMjNBMDAwMDU3
MzIzMDMxMzIzMDM0MzIzOTMyMzAzNDMwMzAzMEZGNEQwMDAwODBGQjQ0MDA4
MEQ2NDMwMDM4NDc0ODAwMDBFNDQyNDRDQjk2M0YzRUIyRTA0MEIwRkQ0MTQw
NkM1MkU0M0YyRjM5RjM0MDNCRUUxMDQwOTE4RUY4NDBGNjZGRTI0MDhFQjBE
QzQwRDNBMEUxNDA1MjE2RjEzRjJEOTJBQTQzMTcwMTE5NDI3QTU4NkQzQ0E2
MjBEMDc5Njc2RDdGMDFBNjAyM0EwMDAwNEI1NjQ4MjAzNzMyMzAzMTMyMzAz
NDMyMzkzMjMwMzQzMDMwMzAxRjAwMDAwMEI4MUU4NTNEMEFEN0EzM0IyRTky
QUE0MzE0MDExOTQyNTdEOEE2NDM2NjI3OUM0Mjc0MTg4QjQzQTM4OTlCNDI5
OERCODI0MzNBQzg5QjQyMTA0RDg5NDFGODQ5OUQ0MkU3MTlGRTNGRTE4ODhC
NDIxOTc3QUY0MzNBMUQ4OTQyOEI2RUFCNDMyNjU1ODc0MkFDMDlBQzQzNjkz
NjM1NDIzODA0QUM0Mzk0ODVGQjQxQUNENEFBNDNCNDZDRUM0MUM1QjRBQTQz
RDRGQkU4NDEyNjgzQUI0M0VDQTVGRjQxNDJENUFCNDMxRDdFMEM0MjFDN0ZB
QzQzQkIxMUZFNDE5QzFGQUQ0Mzg3RDNEMTQxRTYxQkFDNDM2QjE0Qzg0MTFE
QUFBQjQzRTI3RkM4NDE5QjcwQUI0MzcxOUNDRTQxQzQxNkFCNDM0Njk5RTA0
MTZFNURBQjQzOThGMTAyNDI5OEQyQTk0MzY4MDMxNDQyRkY2NUFBNDNGNTVF
MjY0MjAzOTlBRTQzNDA3QzQzNDI5RTNFQUY0MzYzNTY0NjQyNTNDMEFCNDM3
MTdCNDA0MjhBMzFBODQzNkVGNzVENDJBQkRDQUQ0M0E4REU3NjQyNEI3OEIw
NDM4RTI5N0U0MjQ1NkIyMjQxMTI2RTgxNDJBMEMzQkM0MUZGQjI4NTQyMDNB
REY2NDEwNzI0ODk0MjUyNDhFRjNFQUE3QUI5M0YyNzIzODYzRjczNkVDQTNF
QTY4Mzk2M0UxRUMzQzIzRTI1RjEwOTNGOTk4NjZEM0ZGRTA5QzUzRkI0Nzcw
QzQwQTNCOTUxNDBFRjJBMjI0MDQ2NDFFMTNGNDIzQ0VDM0ZFMzA3RkIzRjE3
NUEwRjQwRTk0NDlENDBFNUFGMUU0MERBODVEQTNGRUYyMUJBM0YzMjlBMjQ0
MDJENTMxRDQwRDZEMEJFM0YwQUREQjIzRjEwNzhFODNFNEE5QTdCM0U1MTUy
MzEzRjhFRDIwNzNGREZCQjMyM0UzQ0M1NjIzRTJBMDAxQjNFOTJCNDY3Q0Mq
NjQNCg0K

--SBD.Boundary.605592468
PROCESS /noc/users/iridburst/exec/irid_300224010734970_upd.pl
Last Run  ----1970-01-01 00:00:00 
MONTH  5 
DATA  xxrecord 2012-04-29 21:00:05 :: $W5M5A,120429,210005,660d0028449ce246,1,DAS 2,5110.4433N,514.5908W,10.8,37,15.1,10.8,9.4,92.8,8.3,9.4,92.3,8.2,997.2,1.78,3.03,6.9,341,38*5D
 
INSERT
STATION sbdservice
IRID_ID 300224010734970
BODY 
Content-Type: application/x-zip-compressed; name="SBMmessage.sbd"
Content-Disposition: attachment; filename="300224010734970_002936.sbd"
Content-Transfer-Encoding: base64

JFc1TTVBLDEyMDQyOSwyMjAwMDUsNjYwZDAwMjg0NDljZTI0NiwxLERBUyAy
LDUxMDcuNTUwM04sNTMwLjc0NzlXLDEyLjksNDIsMTguNSwxMC43LDkuNSw4
Ni4zLDcuMyw5LjUsODYuNSw3LjMsOTk2LjksMi4xNiwzLjQ4LDguMywzNDks
MjcqNTMNCg0KJFc1TTVBLDEyMDQyOSwyMjAwMDUsNjYwZDAwMjg0NDljZTI0
NiwyLERBUyAyLDEyLjgsMTIuOSwwLjIsMC40LDAuMDEsNjUwLDY1NSwxNTYs
NjI5LDAsODQuNCwxMS4xNCw5MjMqNTINCg0KJFc1TTVBLDEyMDQyOSwyMjAw
MDUsNjYwZDAwMjg0NDljZTI0NiwzLDdGMDA3NDAyM0EwMDAwNTMzMjMwMzEz
MjMwMzQzMjM5MzIzMTM0MzAzMDMwNTU1QTAwMzEzMjMwMzQzMjM5MzIzMTM0
MzAyQzU0NDE0MjMwMzAzMDMwMzAyQzJEMzAzNTMxMkUzMTJDMkMzMTMyMkUz
MzM1MkMzNDJFMzAyQzMzMzYzMDMwMkMzNjMwMkMzNjMwMkMzMTJDMzAzMDM1
MzczMDJDMzMyRTM0MzIyQzMxMkUzMjM2MkMzNjMwMkMzMDJDMzAyRTMxMzcz
NDJDMkIzMDMwMkUzMDBEMEFCQzEwMUQ1ODI1RDI3RjAwNjcwMjNBMDAwMDU3
MzIzMDMxMzIzMDM0MzIzOTMyMzEzNDMwMzAzMEZGNEQwMDAwODBGQjQ0MDA4
MEQ2NDMwMEZDNTA0ODAwMDBDQTQyRTlBQkI5M0ZEMDI5RkY0MDM2RUM1RTQw
OUEyNDBBNDA4Q0UxMDQ0MTBBQTUyOTQwQTY0MjA3NDFCNEUwRkU0MDU2NTUw
NTQxODc0RjA4NDE2Q0IxMTI0MDhBOENBRTQzRUM3N0Q0NDExNjNEQzAzQ0U5
MUUzMzY4MEVCODdGMDE4MjAyM0EwMDAwNEI1NjQ4MjAzNzMyMzAzMTMyMzAz
NDMyMzkzMjMxMzQzMDMwMzAxQzAwMDAwMEI4MUU4NTNEMEFEN0EzM0I4QzhD
QUU0M0U4NzdENDQxMDQ4Q0FENDMwQjFFNkU0MkUxRkVBODQzNkE3MjgwNDIx
M0M0QTU0MzkzMDI4NzQyNEVEMEE5NDNERkY2ODI0MjhFNTdCMjQzNEYwMzJC
NDI4MEUxQjM0M0M1RTZFMjQxQ0IzOUIzNDNGOTE4REQ0MTI1RjhCMDQzQTZG
MENCNDE5MERBQUY0M0VFNERCODQxQzFGNEFFNDMxQ0FFQjg0MUZCRERBRTQz
NzJFOUE1NDExMUNBQUU0MzdDOEJBNjQxNjg1M0FFNDNGOTExQzc0MTNGNEFB
RTQzNUExOUQ3NDE1MzdFQUQ0MzI2MTBCMzQxNjIwQUFENDM4MDFGOEE0MURC
QzRBQzQzOTgyNjk1NDFERjA0QUE0MzlEQkRENDQxMTQzNUE5NDM1OTkyREU0
MUQ5NThBQTQzODAwQkM0NDExMDM0QTg0M0YwNDNFNjQxM0FBQUE1NDM4MTdB
MTE0MjhERkJBNjQzODZFMDJBNDI2NTlEQUI0Mzk5QzczMDQyOUI5RUIxNDMy
QTc4NEM0MkY4M0ZCMzQzQkQ0MzcwNDIzMDNGMUQ0MDAxNjc2QTQyNDE4OUU2
NDBBNjg4NjI0MjcwQ0MyMjNGMUQxRjQ0M0Y2NDY1RDYzRTUyODREMjNFQUM1
N0EyM0ZGOTI0ODI0MENBOTY1RDQwMTEwMTg1NDAzMDY2OTg0MDFGNEE3RTQw
NUIyQUM0NDA4MUZFRDI0MDAyM0Q4NTQwQUIxNjgyNDA2QkU5Njk0MDcwNTM5
NTQwRkY3RDI0NDAzMkQwQkIzRkRGQ0U4OTNGRkQ4Rjk5M0ZFMEE1OUIzRkZC
MzY5MTNGOTk2MjY5M0ZGNzE0MjYzRjgyMDNBQTNFNEJERTk5M0U1NTk5Qzcz
RTJBMEE5NzNFREJEQTQzMEYqNjENCg0K

--SBD.Boundary.605592468
PROCESS /noc/users/iridburst/exec/irid_300224010734970_upd.pl
Last Run  ----1970-01-01 00:00:00 
MONTH  5 
DATA  xxrecord 2012-04-29 22:00:05 :: $W5M5A,120429,220005,660d0028449ce246,1,DAS 2,5107.5503N,530.7479W,12.9,42,18.5,10.7,9.5,86.3,7.3,9.5,86.5,7.3,996.9,2.16,3.48,8.3,349,27*53
 
INSERT
STATION sbdservice
IRID_ID 300224010734970
BODY 
Content-Type: application/x-zip-compressed; name="SBMmessage.sbd"
Content-Disposition: attachment; filename="300224010734970_002937.sbd"
Content-Transfer-Encoding: base64

JFc1TTVBLDEyMDQyOSwyMzAwMDUsNjYwZDAwMjg0NDljZTI0NiwxLERBUyAy
LDUxMDQuMTczOE4sNTQ3LjA4MzVXLDEyLjEsMjksMTguNCwxMC44LDkuNCw4
NC4wLDYuOCw5LjQsODQuMiw2LjgsOTk3LjAsMi4wOSw0LjQ5LDEwLjUsMzU0
LDM0KjYyDQoNCiRXNU01QSwxMjA0MjksMjMwMDA1LDY2MGQwMDI4NDQ5Y2Uy
NDYsMixEQVMgMiwxMi43LDEyLjksMC4yLDAuNCwwLjAxLDY1MSw2NTYsMTU2
LDYyOCwwLDgwLjMsMTEuMTQsOTIxKjVFDQoNCiRXNU01QSwxMjA0MjksMjMw
MDA1LDY2MGQwMDI4NDQ5Y2UyNDYsMyw3RjAwNzQwMjNBMDAwMDUzMzIzMDMx
MzIzMDM0MzIzOTMyMzIzNDMwMzAzMDU1NUEwMDMxMzIzMDM0MzIzOTMyMzIz
NDMwMkM1NDQxNDIzMDMwMzAzMDMwMkMyRDMwMzUzMTJFMzEyQzJDMzEzMjJF
MzMzMzJDMzQyRTMwMkMzMzM2MzAzMDJDMzYzMDJDMzYzMDJDMzEyQzMwMzAz
NTM3MzAyQzMzMkUzNDMyMkMzMTJFMzIzNjJDMzYzMTJDMzAyQzMwMkUzMTM3
MzQyQzJCMzAzMDJFMzAwRDBBQkMxMDg4N0RBNTIxN0YwMDY3MDIzQTAwMDA1
NzMyMzAzMTMyMzAzNDMyMzkzMjMyMzQzMDMwMzBGRjREMDAwMDgwRkI0NDAw
ODBENjQzMDBDMDVBNDgwMDAwQjI0MjA1NDBBQTNGQ0RENDBGNDEzRUQxOEY0
MDMzNzMwNTQwMzY0MzFENDEwRUVCMzU0MERDMDQyMDQxQUJGMzBENDFDQTZC
Mjg0MTA3RjkyOTQxNjczMDBBNDBBM0M4QjA0MzY5Q0IwODQyRTU2OUE5M0M0
QzFDMkRFRjlCN0E3RjAxOEUwMjNBMDAwMDRCNTY0ODIwMzczMjMwMzEzMjMw
MzQzMjM5MzIzMjM0MzAzMDMwMUQwMDAwMDBCODFFODUzRDBBRDdBMzNCQTRD
OEIwNDM2NUNCMDg0Mjc3MDQ5QjQyQ0MwMzk2NDI3RTlDM0Y0MkU4NzM4QzQy
NDAyNDE5NDE2QTZFMkU0MkNCRDBCMzQzOTJCOUU1NDFCNEFCQjI0M0MxN0FF
ODQxODk1N0IzNDMyQTAzRjQ0MTREMjVCMzQzNjg2RUY0NDExNjUzQjE0Mzc3
QTMxNDQyQjk2REFFNDNDQjQzM0Y0MjVEMkZBRDQzRkNDNTNGNDJBNEJGQUQ0
MzhDQjYyMTQyNEY0MEFFNDMyMkRBMEE0MkFBOUFBRTQzNDMyREU1NDE5MTI5
QUU0M0IwMDFCNjQxRkFEQUFDNDNBQzQ0QTk0MTc2RDhBQjQzRUYxRkE5NDE2
MDI3QUE0MzY4QzI5RDQxOUZGQkE4NDNFQkVDOTI0MTI0OUNBOTQzODdDQ0I4
NDEyQjk3QTk0MzFCQ0YwNTQyMThGOUE1NDNDMDQxMEM0MjI0N0VBNDQzRTA2
ODFBNDJFQzQyQTk0M0VGNUY1MzQyOUUxN0IwNDM5MzlGNTk0MkQ3NjdCMDQz
RjY0ODNFNDIxMTBEQjA0M0JFNjgzRjQyMDVDNUIwNDM5MDNDNTk0MkZDMUNC
MzQzMjkyQTY3NDIzQjQyMjA0MDQ2RjU2NjQyMTAwMTFCM0ZENjg1NTQzRkRD
REVBNzNGQjlGRDhGNDBFNjI2QjY0MDMyQzc5RjQwM0I0RUZBNDA2NEE2OTg0
MDY5QTIzNzQwMkEzMzRDNDA3OEY4OEY0MEMwOTgyQzQwNzU1Q0UzM0Y2ODU0
MEM0MDE0NDFGNTNGNDNFOEJDM0ZENDMwNDMzRkM0NkZCNTNGQUM0RTY3M0Yw
QjlEMEMzRjc5Rjg2MzNGMTQwMEZFM0VDMEQwNDQzRUM4RkQzMjNFN0ExNDdD
M0VGMDg0NUEzRTIxOUY2NjNFRkZFQzgwM0VBOURGMjczRUIzQkNBNzEyKjYy
DQoNCg==

--SBD.Boundary.605592468
PROCESS /noc/users/iridburst/exec/irid_300224010734970_upd.pl
Last Run  ----1970-01-01 00:00:00 
MONTH  5 
DATA  xxrecord 2012-04-29 23:00:05 :: $W5M5A,120429,230005,660d0028449ce246,1,DAS 2,5104.1738N,547.0835W,12.1,29,18.4,10.8,9.4,84.0,6.8,9.4,84.2,6.8,997.0,2.09,4.49,10.5,354,34*62
 
INSERT
STATION sbdservice
IRID_ID 300224010734970
BODY 
Content-Type: application/x-zip-compressed; name="SBMmessage.sbd"
Content-Disposition: attachment; filename="300224010734970_002938.sbd"
Content-Transfer-Encoding: base64

JFc1TTVBLDEyMDQzMCwwMDAwMDUsNjYwZDAwMjg0NDljZTI0NiwxLERBUyAy
LDUxMDAuNjY3M04sNjAzLjYwMzhXLDEyLjcsMjQsMjEuMCwxMC43LDkuMiw4
NS4xLDYuOCw5LjIsODQuOSw2LjgsOTk2LjcsMi42OSwzLjY5LDExLjgsMzU2
LDMwKjY4DQoNCiRXNU01QSwxMjA0MzAsMDAwMDA1LDY2MGQwMDI4NDQ5Y2Uy
NDYsMixEQVMgMiwxMi43LDEyLjksMC4yLDAuNSwwLjAxLDY1Miw2NTcsMTU2
LDYyOCwwLDgyLjIsMTEuMTQsOTI0KjUyDQoNCiRXNU01QSwxMjA0MzAsMDAw
MDA1LDY2MGQwMDI4NDQ5Y2UyNDYsMyw3RjAwNzQwMjNBMDAwMDUzMzIzMDMx
MzIzMDM0MzIzOTMyMzMzNDMwMzAzMDU1NUEwMDMxMzIzMDM0MzIzOTMyMzMz
NDMwMkM1NDQxNDIzMDMwMzAzMDMwMkMyRDMwMzUzMTJFMzEyQzJDMzEzMjJF
MzMzMjJDMzQyRTMwMkMzMzM2MzAzMDJDMzYzMDJDMzYzMDJDMzEyQzMwMzAz
NTM3MzAyQzMzMkUzNDMyMkMzMTJFMzIzNjJDMzYzMjJDMzAyQzMwMkUzMTM3
MzQyQzJCMzAzMDJFMzAwRDBBQkQxMDZBNzYzODYwN0YwMDY3MDIzQTAwMDA1
NzMyMzAzMTMyMzAzNDMyMzkzMjMzMzQzMDMwMzBGRjREMDAwMDgwRkI0NDAw
ODBENjQzMDA4NDY0NDgwMDAwQTA0MjA2QTJERDNGMTU0NzIxNDFDMjRFNkM0
MDNGMDYyQzQwODIzRDMwNDFGNjU0NTI0MDFCQUEyODQxNENBNDFCNDEzQzND
M0M0MTlDMTczRTQxRkYzRDMwNDAzMTA5QjI0MzY2NjJFQzQxMDNCNTE0M0Qy
QjE5RjY1MkM2NEQ3RjAxNzYwMjNBMDAwMDRCNTY0ODIwMzczMjMwMzEzMjMw
MzQzMjM5MzIzMzM0MzAzMDMwMUIwMDAwMDBCODFFODUzRDBBRDdBMzNCMzIw
OUIyNDM2MTYyRUM0MUY4NjgxMTQxMENBRTYwNDJBQjZDREI0MDM1OTEzMjQy
MzczNjMwNDA4Qjc3RjU0MTQzNkUzNTNEQjJBN0MyNDE1OTVDQjM0MzAxNjhE
MzQxNjE1RkIzNDNFM0Q3MDQ0MjdGRjlCMjQzMDk1NTEzNDI0MUJEQjA0MzQ2
QzkwODQyQ0Q4M0IwNDMwMUFGRUU0MTU0NDhCMDQzNUVEMkY2NDFBMjZDQUU0
MzY1MTdGNjQxODNBNEFFNDNCRkM4RDg0MTI0OEVBRTQzNUM0MkJENDE3MDk0
QUQ0MzYyNzlBMTQxNENFREFDNDNCMTU1ODk0MUU0RDBBQzQzNDZFMTgxNDE0
MjA2QUM0M0Y1MUJBNzQxQ0ZENUE5NDNFNjE0RjA0MTY5QjRBOTQzRjA2QzAy
NDI2MjVGQUI0MzA4MjhEQjQxRkFEN0FCNDNFNDc1REY0MTZGNzZBQzQzMjY3
NjE0NDIwMjZFQUM0M0ZDRjUzRDQyRjk4NUFDNDM4NzY5NDA0MjE4MjhBRDQz
Mzc1MzQzNDJCQTMyQUQ0MzVBQkQ1QTQyNzc3RkFDNDMwMkExNjY0MjcwNzgz
NjNGQTVEQ0YyM0YwQjFBNUY0MDIxNUE4MzQxQjQxRUE2NDFGQjBDNDE0MUIx
OTBEQjQwNUIyM0FENDBDMjJEODg0MEQ2Qzk0NzQwM0Q5MzFDNDBFOTJDMEE0
MEMwMDAxQjQwNkM4MEM5M0Y2M0JCQTczRjhGQTNBOTNGNjA4NTgwM0ZCRUND
MUMzRkZGQjlFQjNFOUI1QzlGM0Y3NDBGQTQzRjA1MDIwRDNGMDBFQUQ2M0U0
QUQ5QUIzRTk3Q0JGOTNFRjkyQjJDM0ZGRkE4N0UzRTEzQjZCMjQ2KjEwDQoN
Cg==

--SBD.Boundary.605592468
PROCESS /noc/users/iridburst/exec/irid_300224010734970_upd.pl
Last Run  ----1970-01-01 00:00:00 
MONTH  5 
DATA  xxrecord 2012-04-30 00:00:05 :: $W5M5A,120430,000005,660d0028449ce246,1,DAS 2,5100.6673N,603.6038W,12.7,24,21.0,10.7,9.2,85.1,6.8,9.2,84.9,6.8,996.7,2.69,3.69,11.8,356,30*68
 
INSERT
STATION sbdservice
IRID_ID 300224010734970
BODY 
Content-Type: application/x-zip-compressed; name="SBMmessage.sbd"
Content-Disposition: attachment; filename="300224010734970_002939.sbd"
Content-Transfer-Encoding: base64

JFc1TTVBLDEyMDQzMCwwMTAwMDUsNjYwZDAwMjg0NDljZTI0NiwxLERBUyAy
LDUwNTcuNDgyMU4sNjIwLjMxOTRXLDEzLjAsNiwyNC42LDEwLjUsOS4wLDg2
LjEsNi44LDkuMSw4NS43LDYuOCw5OTYuNywyLjczLDUuNjEsMTEuMSwzNTks
MjYqNUMNCg0KJFc1TTVBLDEyMDQzMCwwMTAwMDUsNjYwZDAwMjg0NDljZTI0
NiwyLERBUyAyLDEyLjcsMTIuOSwwLjIsMC40LDAuMDEsNjUzLDY1OCwxNTYs
NjI5LDAsODIuOSwxMS41Myw5MjYqNTcNCg0KJFc1TTVBLDEyMDQzMCwwMTAw
MDUsNjYwZDAwMjg0NDljZTI0NiwzLDdGMDA3NDAyM0EwMDAwNTMzMjMwMzEz
MjMwMzQzMzMwMzAzMDM0MzAzMDMwNTU1QTAwMzEzMjMwMzQzMzMwMzAzMDM0
MzAyQzU0NDE0MjMwMzAzMDMwMzAyQzJEMzAzNTMxMkUzMTJDMkMzMTMyMkUz
MzMxMkMzNDJFMzAyQzMzMzYzMDMwMkMzNjMwMkMzNjMwMkMzMTJDMzAzMDM1
MzczMDJDMzMyRTM0MzIyQzMxMkUzMjM2MkMzNjMzMkMzMDJDMzAyRTMxMzcz
NDJDMkIzMDMwMkUzMDBEMEFCMDEwNjg5NDE2Mzc3RjAwNjcwMjNBMDAwMDU3
MzIzMDMxMzIzMDM0MzMzMDMwMzAzNDMwMzAzMEZGNEQwMDAwODBGQjQ0MDAw
MEQ3NDMwMDAwN0E0NTAwMDBBNjQyNThGN0RBM0Y4MjlCMTg0MTE3NjBCMzQw
NkI2QTJFNDA5RTk0MkI0MThFM0Y2ODQwMTBCMTMwNDE2MzJFMUU0MTFEQzcz
MTQxMjU1NzM3NDE1Qzg0MzU0MDhGQjRCMzQzQzQ4NkQyNDFBNjg4MjMzRDRG
MUIzRTg1MTE5MTdGMDE1RTAyM0EwMDAwNEI1NjQ4MjAzNzMyMzAzMTMyMzAz
NDMzMzAzMDMwMzQzMDMwMzAxOTAwMDAwMEI4MUU4NTNEMEFEN0EzM0I5MEI0
QjM0M0MyODZEMjQxMTI4QjhCNDE4MTFGMzM0MjMxMzA3MDQxQjQzQjFBNDI3
NDc2MzE0MUEwOTJEQTQxRTJCNEVCNDA3QzM0QkY0MTlGNzU4MDQwOUFFQkMz
NDFGOTU5NTIzRjA0MDFCRjQxNTg4RUIyNDNERUIzQjY0MTNCOTFCMDQzMDFF
N0RENDE4NzNFQjA0M0ZBRDgwRjQyQTE0OUFGNDNCMjg5MEI0MjNBNjhBRTQz
MThCNUU3NDFGOThGQUU0MzVFRDNENzQxMkYxN0FGNDNCNTg0RDc0MTY3RjNB
RDQzQzhGM0MzNDE5MDg0QUM0MzJDMThBQjQxNDgwMkFDNDMwQkI0OTU0MTBE
MDRBQzQzMzMzOUEyNDE2QzE0QUI0M0UzNzlDQzQxN0Y5RkE5NDNCMjI5REU0
MTE2ODVBODQzMDRFNUY5NDE1Mzk0QTY0M0VFOUUyOTQyODNBNUFBNDNEQUVC
NDM0MjM0OTBBRjQzMDA3QjNENDIzNTk0QUM0M0U3NzEzMDQyOENBRkE5NDMw
MUI4M0M0MkM3Mzg5MjNGQ0M5NzMxNDAyMzIyQkE0MDY1NTc2NzQxQzMxMzg4
NDEzNUVEOTg0MTk4RkQyNDQxMjE4QzdBNDA3NDQ5MzE0MEM0RUY1QjQwOEZE
QzQzNDA4NzlDREQzRkY0MjQxMDQwRUM0MkVEM0YwODIxODYzRjFCNkNDODNG
RTEyNUQ5M0ZDNzM5NEQzRkQ1RTRBMzNGRDQzNjc0M0Y0OUIwRjkzRUU1MUND
MjNFQUE5MjhBM0VBNDY4MDYzRjUxMzBDRjNFMTFCQkY1NDcqNkYNCg0K

--SBD.Boundary.605592468
PROCESS /noc/users/iridburst/exec/irid_300224010734970_upd.pl
Last Run  ----1970-01-01 00:00:00 
MONTH  5 
DATA  xxrecord 2012-04-30 01:00:05 :: $W5M5A,120430,010005,660d0028449ce246,1,DAS 2,5057.4821N,620.3194W,13.0,6,24.6,10.5,9.0,86.1,6.8,9.1,85.7,6.8,996.7,2.73,5.61,11.1,359,26*5C
 
INSERT
STATION sbdservice
IRID_ID 300224010734970
BODY 
Content-Type: application/x-zip-compressed; name="SBMmessage.sbd"
Content-Disposition: attachment; filename="300224010734970_002940.sbd"
Content-Transfer-Encoding: base64

JFc1TTVBLDEyMDQzMCwwMjAwMDUsNjYwZDAwMjg0NDljZTI0NiwxLERBUyAy
LDUwNTQuMTM0Mk4sNjM3LjA5ODlXLDE3LjYsMzU3LDI1LjQsMTAuNSw5LjEs
ODMuMSw2LjQsOS4yLDgzLjAsNi41LDk5Ni42LDIuNDYsNi4wOSwxMS44LDEs
MzUqNTgNCg0KJFc1TTVBLDEyMDQzMCwwMjAwMDUsNjYwZDAwMjg0NDljZTI0
NiwyLERBUyAyLDEyLjcsMTIuOSwwLjIsMC41LDAuMDEsNjU0LDY1OSwxNTYs
NjI4LDAsNzIuMiwxMS41Myw5MjQqNTQNCg0KJFc1TTVBLDEyMDQzMCwwMjAw
MDUsNjYwZDAwMjg0NDljZTI0NiwzLDdGMDA3NDAyM0EwMDAwNTMzMjMwMzEz
MjMwMzQzMzMwMzAzMTM0MzAzMDMwNTU1QTAwMzEzMjMwMzQzMzMwMzAzMTM0
MzAyQzU0NDE0MjMwMzAzMDMwMzAyQzJEMzAzNTMxMkUzMTJDMkMzMTMyMkUz
MzMxMkMzNDJFMzAyQzMzMzYzMDMwMkMzNjMwMkMzNjMwMkMzMTJDMzAzMDM1
MzczMDJDMzMyRTM0MzIyQzMxMkUzMjM2MkMzNjM0MkMzMDJDMzAyRTMxMzcz
NDJDMkIzMDMwMkUzMDBEMEFCMjEwNkFEOTY2NDc3RjAwNjcwMjNBMDAwMDU3
MzIzMDMxMzIzMDM0MzMzMDMwMzEzNDMwMzAzMEZGNEQwMDAwODBGQjQ0MDAw
MEQ3NDMwMEMwNUE0NjAwMDBBNjQyQjU5M0MwM0Y3QTMxMUE0MTlBRURDMjQw
NzA1RDFENDA2MkE0MzE0MUM2MjU1QTQwNzQ1QTJDNDEwRkVEMUQ0MTNDM0Mz
QzQxQkFERTQ0NDFDOEUyMjI0MEM2MzU4NTNGOEE3MzBBNDJBOTQ3RjUzQzQ2
MUQwQkYwQUNBRjdGMDE3NjAyM0EwMDAwNEI1NjQ4MjAzNzMyMzAzMTMyMzAz
NDMzMzAzMDMxMzQzMDMwMzAxQjAwMDAwMEI4MUU4NTNEMEFEN0EzM0IzNDM2
ODUzRjg3NzMwQTQyRUUwMTdDNDFDMTY1MzM0MjdCQTUyNDQxREVGRDIzNDJB
M0NDRDY0MDhBNjgxRDQyMjg5MjdFNDBGNkVBMEI0MjkyQzE2RjQwQTRBQkY3
NDFCQkIzMDQ0MENBOTAwMzQyMEQ3NkIzNDM2QzVEMTY0MkRGOTlCMTQzNkIw
QTBFNDI5M0FEQjE0MzdGM0VFQTQxMkY0QUIyNDNBRTIwRjA0MUI4QjJCMTQz
QzNBNkQ3NDFENUYzQjA0MzhEQ0FDRDQxOUI2QkIwNDM3RjdCRkE0MTdENzVB
RjQzMkU2QzBBNDJBQkREQUU0M0Q1MDJFNTQxQTc3MEFFNDNDOEIyRTg0MUJD
RkRBRDQzOTQ1MzE1NDJGRjlEQUQ0M0M4OTAxRDQyOTRDQUFENDMyQjA4MDU0
MkYyMUJBRDQzQzlFRkYyNDEzRTdCQUI0Mzk1RUMwNDQyRDYyQ0FGNDM1Mzg3
MkQ0MjAxNkRCMjQzNUFBNDQxNDIyOUE3QjE0MzREODg0MTQyNTZFQzE3NDAx
RDYyMzc0MjU0QzhBMzQwM0NCMjQxNDI2QjBENzkzRTI1NkI1RTQyMDMxQTFC
NDA4NzAwMTA0MUExQkUxOTQxRkY5NzlENDBBNUJEMjc0MTgxMDEwRjQxREVC
QkJGNDA1RDU3NTc0MEYxMEE4RjQwMDAxQzQyNDAwNDBDNzQ0MDQ0QUI2NDQw
ODRDMDhEM0Y3QTE4OEMzRkIyQTRBQTNGQUFCQkE0M0Y3NzQ3RDgzRTg4OUEw
NzNGOTAxQUE5M0Y4NUJBNzEzRjkwRjlDMDNFRUY4QTY4M0UxQkUzQzAzRTlG
OERENjNFNUJDMUE3M0U1MTE5ODIzRTgxOTcxQjNFMkQ4QjVDNTIqMUQNCg0K

--SBD.Boundary.605592468
PROCESS /noc/users/iridburst/exec/irid_300224010734970_upd.pl
Last Run  ----1970-01-01 00:00:00 
MONTH  5 
DATA  xxrecord 2012-04-30 02:00:05 :: $W5M5A,120430,020005,660d0028449ce246,1,DAS 2,5054.1342N,637.0989W,17.6,357,25.4,10.5,9.1,83.1,6.4,9.2,83.0,6.5,996.6,2.46,6.09,11.8,1,35*58
 
INSERT
STATION sbdservice
IRID_ID 300224010734970
BODY 
Content-Type: application/x-zip-compressed; name="SBMmessage.sbd"
Content-Disposition: attachment; filename="300224010734970_002941.sbd"
Content-Transfer-Encoding: base64

JFc1TTVBLDEyMDQzMCwwMzAwMDUsNjYwZDAwMjg0NDljZTI0NiwxLERBUyAy
LDUwNTQuMTMwNk4sNjUzLjkxNDlXLDE1LjAsMzU4LDIyLjIsMTAuNSw5LjIs
ODIuMCw2LjMsOS4zLDgxLjksNi4zLDk5Ni45LDIuMjgsMy43NywxMi41LDUs
MzgqNTgNCg0KJFc1TTVBLDEyMDQzMCwwMzAwMDUsNjYwZDAwMjg0NDljZTI0
NiwyLERBUyAyLDEyLjcsMTIuOSwwLjIsMC40LDAuMDEsNjU1LDY2MCwxNTYs
NjI4LDAsNjQuNiwxMS4xNCw5MTkqNTENCg0KJFc1TTVBLDEyMDQzMCwwMzAw
MDUsNjYwZDAwMjg0NDljZTI0NiwzLDdGMDA3NDAyM0EwMDAwNTMzMjMwMzEz
MjMwMzQzMzMwMzAzMjM0MzAzMDMwNTU1QTAwMzEzMjMwMzQzMzMwMzAzMjM0
MzAyQzU0NDE0MjMwMzAzMDMwMzAyQzJEMzAzNTMxMkUzMTJDMkMzMTMyMkUz
MzMwMkMzNDJFMzAyQzMzMzYzMDMwMkMzNjMwMkMzNjMwMkMzMTJDMzAzMDM1
MzczMDJDMzMyRTM0MzIyQzMxMkUzMjM2MkMzNjM1MkMzMDJDMzAyRTMxMzcz
NDJDMkIzMDMwMkUzMDBEMEFCMzEwMDhFRENFODU3RjAwNjcwMjNBMDAwMDU3
MzIzMDMxMzIzMDM0MzMzMDMwMzIzNDMwMzAzMEZGNEQwMDAwODBGQjQ0MDAw
MEQ3NDMwMDgwQkI0NjAwMDBBNjQyM0Q1REJDM0ZCQTg3MTk0MTJBNkY3MTQw
ODUwQjEyNDAwRDNBMkU0MTA1MEI0NDQwRDBBMDM3NDFFOTM3MTc0MTAwMDA0
ODQxMTI5NDQ0NDFERUEzMTg0MEVCMzVBQTQwMzREMjE5NDIxREVBQ0MzQzlC
MTlDNTI3OERDODdGMDE4MjAyM0EwMDAwNEI1NjQ4MjAzNzMyMzAzMTMyMzAz
NDMzMzAzMDMyMzQzMDMwMzAxQzAwMDAwMEI4MUU4NTNEMEFEN0EzM0JGRTM1
QUE0MDMzRDIxOTQyMzg4OTU2NDIwNDE0ODY0Mjc2OTJFQTQxMDEwRDY0NDI2
RTRGODM0MTQ5NzIzMjQyMEUxQTEyNDE5NEY5MjQ0MjQ3RTQ3OTQwRUFDNjFE
NDJCQ0REQUE0MDBDRkUwQjQyNzQ1NUU4NDAyNDNFMTM0MjNDQTJCMzQzRjVE
MTE3NDIwOTREQjI0M0E0RkUxMDQyN0JBNDE5NDA0RkJEMEU0MkU1MDFCMDQw
RjlCNjA0NDIwMDk5MDM0MEUzMTJGMDQxRjEyMUIzNDNGQzBERDk0MTg1RDFC
MTQzRUIzQUNDNDE0MjUzQjE0MzI3NTBCQzQxNkFCNEIwNDNENzJDQ0I0MUI3
MUVCMTQzMUY5MUUwNDFDODM5QjE0MzZEQzZENDQxRjZENEIwNDNDMzdFRkU0
MUYxNjRBRDQzRUFEOTI3NDJCQUExQUM0MzI0RTEyMzQyMUE3OUFGNDM1QkUy
MjY0MjY2OTdCMDQzNDFEMTM1NDI5NUNDQUQ0MzExOTI1QzQyMTgwRUFENDM0
Qjk4NkI0MjA4MERCMDQzMkFEODRDNDI3REY0MTI0MDgxNTY1QTQyN0YxNUI4
NDFCOThFNzE0Mjc0NEQyQTNGMDkxOTE5NDAyNDE0REM0MDE1QzQ0NTQxMEE3
NjIzNDEyREFBQUQ0MEY3QjU3NTQwQzNDOTdCNDA3NUUwMjE0MDQ4QjM0MDQw
Mzg4MzU0NDAyMzk1MjY0MDE3RjFGOTNGMTkxQUEyM0Y0M0FDQzEzRjc0OTk0
RTNGMzIxQjdFM0ZGNzk2QjIzRjM5MzQxNjNGMjNDRkMzM0VFNTkzNUEzRjdB
RkU1RjNGNUE4RTQwM0YyMUUxODkzRTg3RDdERjNEQ0ZEM0E0M0UxQUMzQUEz
RTI2RkM1OTNFRkEzQzc4RDEqNkUNCg0K

--SBD.Boundary.605592468
PROCESS /noc/users/iridburst/exec/irid_300224010734970_upd.pl
Last Run  ----1970-01-01 00:00:00 
MONTH  5 
DATA  xxrecord 2012-04-30 03:00:05 :: $W5M5A,120430,030005,660d0028449ce246,1,DAS 2,5054.1306N,653.9149W,15.0,358,22.2,10.5,9.2,82.0,6.3,9.3,81.9,6.3,996.9,2.28,3.77,12.5,5,38*58
 
INSERT
STATION sbdservice
IRID_ID 300224010734970
BODY 
Content-Type: application/x-zip-compressed; name="SBMmessage.sbd"
Content-Disposition: attachment; filename="300224010734970_002942.sbd"
Content-Transfer-Encoding: base64

JFc1TTVBLDEyMDQzMCwwNDAwMDUsNjYwZDAwMjg0NDljZTI0NiwxLERBUyAy
LDUwNDkuMDUxMU4sNzEwLjE4MTBXLDE3LjEsMzQ5LDI0LjAsMTAuNiw5LjMs
ODIuMyw2LjUsOS4zLDgyLjQsNi41LDk5Ny4wLDIuMDIsMi45NCwxMy4zLDM1
NCwzOSo1Qw0KDQokVzVNNUEsMTIwNDMwLDA0MDAwNSw2NjBkMDAyODQ0OWNl
MjQ2LDIsREFTIDIsMTIuNywxMi45LDAuMiwwLjQsMC4wMSw2NTYsNjYxLDE1
Niw2MjgsMCw2My42LDExLjUzLDkxOSo1MA0KDQokVzVNNUEsMTIwNDMwLDA0
MDAwNSw2NjBkMDAyODQ0OWNlMjQ2LDMsN0YwMDc0MDIzQTAwMDA1MzMyMzAz
MTMyMzAzNDMzMzAzMDMzMzQzMDMwMzA1NTVBMDAzMTMyMzAzNDMzMzAzMDMz
MzQzMDJDNTQ0MTQyMzAzMDMwMzAzMDJDMkQzMDM1MzEyRTMxMkMyQzMxMzIy
RTMzMzAyQzM0MkUzMDJDMzMzNjMwMzAyQzM2MzAyQzM2MzAyQzMxMkMzMDMw
MzUzNzMwMkMzMzJFMzQzMjJDMzEyRTMyMzYyQzM2MzYyQzMwMkMzMDJFMzEz
NzM0MkMyQjMwMzAyRTMwMEQwQUI1MTA4N0E0NzYxMzdGMDA2NzAyM0EwMDAw
NTczMjMwMzEzMjMwMzQzMzMwMzAzMzM0MzAzMDMwRkY0RDAwMDA4MEZCNDQw
MDAwRDc0MzAwRDAwNDQ3MDAwMEE0NDJDRjBCQTYzRjI3QkQxQTQxNTc2RjND
NDBDMTVBMDE0MDg1RDQzODQxNTJFOTFFNDAzQzhCM0Q0MTUzMjcyMDQxNTY1
NTU1NDE2ODkwNEY0MTJBNjEwODQwOTREOEIwNDNBQzU0MUI0MjZCN0NBQjND
NzMxQURDRTE3QTI5N0YwMTc2MDIzQTAwMDA0QjU2NDgyMDM3MzIzMDMxMzIz
MDM0MzMzMDMwMzMzNDMwMzAzMDFCMDAwMDAwQjgxRTg1M0QwQUQ3QTMzQjk1
RDhCMDQzQUE1NDFCNDJBOTU3NDQ0MUI2NEMyMTQyRDBGMjg2NDA0Njk3MEY0
MjhGNjZCMzQzRUEyRDBFNDJEMDFEQjI0MzQ4RTQxMDQyRDhFQ0IxNDM0NzQ2
MUQ0MjY5NjFCMTQzQ0VBMDM3NDI2QjQ2QUY0Mzc0OUM1NDQyMzY5NkE5NDNC
OUQyNTc0MjI0MzdBQTQzQjEwMjNGNDIwQ0FEQUI0MzAyRDkyOTQyNkNFQ0FC
NDMyNTM0MTk0MkQ4MURBQzQzNzE3QTIwNDI2RTZBQUI0M0VGMkMxMDQyQzNC
QUFBNDNGODgwMDA0MkE3NkVBQTQzRDE4QzA2NDIyNjgwQUE0Mzk3NTIwNDQy
NjcyQ0FCNDNCNzY0MDk0MjdDNTVBQjQzMkJGODI2NDI3NDZBQUI0M0FCRUYy
MzQyQTA4MUFBNDNDQ0NCMDk0MjMxMTZBNzQzMDIxOTI1NDI5RTlGQUE0MzE1
OEYzNjQyRjQxRUFENDNCODlENUE0MjRBOEJBOTQzQkM0RDZBNDI3QzY4QUU0
MzcyMkU1ODQyREJFRjQ4NDBEODE5NUQ0MjI5OTExRjQxMDA1QTZENDI1Nzg0
RkUzRjZCN0NFQTQwRDNGNDE2NDEyMDFDMTY0MTZEODdDRTQwNEU3NTIyNDA4
MTlDNDQzRjdBMDVENzNGRjBGQkZDM0Y2OTI1RDYzRjFCNDZCMTNGQ0IyNzk2
M0Y4RTlGOTMzRkI5MjEwMDQwQ0JBNTk4M0YwQ0Q2MjQzRjBGNTY2RTNGQUZD
QjI1M0ZEOTYyODQzRjZFQUQzRjNGMTc5NjkwM0U3OTAzODgzRTVBNDJBRDNF
QzhBOTM3M0U3Njc5MkIzRUIwQzg1QTNFOEEzMjYxM0VCMjNEMkZCNyoxMg0K
DQo=

--SBD.Boundary.605592468
PROCESS /noc/users/iridburst/exec/irid_300224010734970_upd.pl
Last Run  ----1970-01-01 00:00:00 
MONTH  5 
DATA  xxrecord 2012-04-30 04:00:05 :: $W5M5A,120430,040005,660d0028449ce246,1,DAS 2,5049.0511N,710.1810W,17.1,349,24.0,10.6,9.3,82.3,6.5,9.3,82.4,6.5,997.0,2.02,2.94,13.3,354,39*5C
 
INSERT
STATION sbdservice
IRID_ID 300224010734970
BODY 
Content-Type: application/x-zip-compressed; name="SBMmessage.sbd"
Content-Disposition: attachment; filename="300224010734970_002943.sbd"
Content-Transfer-Encoding: base64

JFc1TTVBLDEyMDQzMCwwNTAwMDUsNjYwZDAwMjg0NDljZTI0NiwxLERBUyAy
LDUwNDQuODU5Nk4sNzI2Ljc2MDhXLDIwLjYsMzUyLDI3LjcsMTAuNyw5LjUs
ODEuNSw2LjUsOS41LDgxLjYsNi42LDk5Ny4xLDIuNTQsMy40OSwxMS44LDM1
OSw0Mio1Mw0KDQokVzVNNUEsMTIwNDMwLDA1MDAwNSw2NjBkMDAyODQ0OWNl
MjQ2LDIsREFTIDIsMTIuNywxMi45LDAuMiwwLjQsMC4wMSw2NTcsNjYyLDE1
Niw2MjgsMCw3My44LDExLjUzLDkyNSo1Mw0KDQokVzVNNUEsMTIwNDMwLDA1
MDAwNSw2NjBkMDAyODQ0OWNlMjQ2LDMsN0YwMDc0MDIzQTAwMDA1MzMyMzAz
MTMyMzAzNDMzMzAzMDM0MzQzMDMwMzA1NTVBMDAzMTMyMzAzNDMzMzAzMDM0
MzQzMDJDNTQ0MTQyMzAzMDMwMzAzMDJDMkQzMDM1MzEyRTMxMkMyQzMxMzIy
RTMzMzAyQzM0MkUzMDJDMzMzNjMwMzAyQzM2MzAyQzM2MzAyQzMxMkMzMDMw
MzUzNzMwMkMzMzJFMzQzMjJDMzEyRTMyMzYyQzM2MzcyQzMwMkMzMDJFMzEz
NzM0MkMyQjMwMzAyRTMwMEQwQUI3MTBERUQ5NUVBNzdGMDA2NzAyM0EwMDAw
NTczMjMwMzEzMjMwMzQzMzMwMzAzNDM0MzAzMDMwRkY0RDAwMDA4MEZCNDQw
MDAwRDc0MzAwRTAyQjQ3MDAwMEE4NDIxRTE5RDAzRjYxQzYxOTQxNEE4RjVG
NDBBNkNEMjI0MDc3RTEzMTQxOTNGRTQ0NDA1MDcwMjg0MTc0OEMxNTQxM0Mz
QzNDNDFBNUNGMzY0MURFNzcyNjQwOEI3N0IzNDMyMzA3Mjg0MkY4N0ZGMjND
OUYxQzg3NzVCODI0N0YwMThFMDIzQTAwMDA0QjU2NDgyMDM3MzIzMDMxMzIz
MDM0MzMzMDMwMzQzNDMwMzAzMDFEMDAwMDAwQjgxRTg1M0QwQUQ3QTMzQjhD
NzdCMzQzMjEwNzI4NDJDN0FBQjQ0MUJFRjY2RDQyN0RGMTg2NDE4RTYzNTE0
MkI5OEU0NDQxQzcyOTNENDJEQUQ1NkQ0MDQ0NzEzNTQyRjk3MkIzNDMzQzNE
MkQ0MjBCOUZCMzQzQUZCMjIxNDI0NzRDQjI0M0Q2RUEyMTQyMDYzRUIwNDM1
OUQ2MjM0MjMwQzZBRTQzRjUyMTJFNDJGQkYxQUQ0MzFGRjEzNDQyMTQ2QkFG
NDNFOUVBMDg0MjA2QThCMDQzQUE0MkQ3NDEzMTgyQjA0MzRGRTJENzQxNzI0
MkFGNDMyMzAwRDM0MTgzQzFBRTQzMDAyRTAwNDJCQzU3QUY0MzJEOUYyQjQy
QzA4RUFGNDNGOTg4MEQ0MkI3OEFBRTQzNEY2Q0U0NDEzMDQzQUY0Mzg3NzYx
MDQyRjJFOUIzNDNGNDI3MkU0MjNDQkYwNjQwNkEyMTM1NDIxMDE4QjM0MzUw
QTczQTQyOUZDQ0ZFM0UxNUExM0U0MkM0NTZDRTQwM0YyQTQ3NDI2Q0NDQUY0
MEZBRTc1QjQyMkY3QTNBM0Y0NjM0NzI0MkEzRjk2MTQwNzc4OTcwNDIyODM3
MDI0MTdFMzg2ODQyOTA3NjJENDE3MDgyNjU0MkZEMUY4MzNGMUIwOTgxNDBD
RjIxRUI0MEU5RDVGMDQwQzdCNzQ3NDEzQTUwRjM0MEFENDNFQjQwQzc2ODE4
NDFDMUIyNzM0MDA1NjcxNDQwMDM3QzA1NDBCODEyNEQ0MEU5MTRGRTNGNUQ3
MUExM0Y5RjUzQzQzRkYwRkIzRjNGRjYzNjhGM0Y2NDAxRDgzRjI0OTE2NzNG
MUMzRjlDM0Y3OURCOEQzRjM1RTkxQTNGMkIzMTE2M0ZBRkIzMjUzRkM0QzRB
QTNFMjI1NkI4M0U3NDdGRUUzRTlDRTM4NTNFMDM2NDgxM0UyRDA2OTczQyo2
QQ0KDQo=

--SBD.Boundary.605592468
PROCESS /noc/users/iridburst/exec/irid_300224010734970_upd.pl
Last Run  ----1970-01-01 00:00:00 
MONTH  5 
DATA  xxrecord 2012-04-30 05:00:05 :: $W5M5A,120430,050005,660d0028449ce246,1,DAS 2,5044.8596N,726.7608W,20.6,352,27.7,10.7,9.5,81.5,6.5,9.5,81.6,6.6,997.1,2.54,3.49,11.8,359,42*53
 
INSERT
STATION sbdservice
IRID_ID 300224010734970
BODY 
Content-Type: application/x-zip-compressed; name="SBMmessage.sbd"
Content-Disposition: attachment; filename="300224010734970_002944.sbd"
Content-Transfer-Encoding: base64

JFc1TTVBLDEyMDQzMCwwNjAwMDUsNjYwZDAwMjg0NDljZTI0NiwxLERBUyAy
LDUwNDEuNTg1NU4sNzQzLjYyNjdXLDIxLjEsMzUyLDI4LjIsMTAuOCw5LjYs
ODEuMSw2LjUsOS42LDgxLjIsNi41LDk5Ny40LDIuNTEsNC4yNywxMi41LDUs
NDAqNUMNCg0KJFc1TTVBLDEyMDQzMCwwNjAwMDUsNjYwZDAwMjg0NDljZTI0
NiwyLERBUyAyLDEyLjcsMTIuOSwwLjIsMC40LDAuMDEsNjU4LDY2MywxNTYs
NjI4LDAsNzcuMiwxMS41Myw5MjUqNTANCg0KJFc1TTVBLDEyMDQzMCwwNjAw
MDUsNjYwZDAwMjg0NDljZTI0NiwzLDdGMDA3NDAyM0EwMDAwNTMzMjMwMzEz
MjMwMzQzMzMwMzAzNTM0MzAzMDMwNTU1QTAwMzEzMjMwMzQzMzMwMzAzNTM0
MzAyQzU0NDE0MjMwMzAzMDMwMzAyQzJEMzAzNTMxMkUzMTJDMkMzMTMyMkUz
MjM5MkMzNDJFMzAyQzMzMzYzMDMwMkMzNjMwMkMzNjMwMkMzMTJDMzAzMDM1
MzczMDJDMzMyRTM0MzIyQzMxMkUzMjM2MkMzNjM4MkMzMDJDMzAyRTMxMzcz
NTJDMkIzMDMwMkUzMDBEMEFDMjEwODAzRjNEQTU3RjAwNjcwMjNBMDAwMDU3
MzIzMDMxMzIzMDM0MzMzMDMwMzUzNDMwMzAzMEZGNEQwMDAwODBGQjQ0MDAw
MEQ3NDMwMEYwNTI0NzAwMDBBQTQyREFGNkM1M0YwNkZDMTY0MUE2QTE4ODQw
RUFFQTIwNDA1REQ4MkY0MTA3NjI1MDQwMjQyQTM1NDE4OUNEMTc0MTAwMDA0
ODQxNkVCMDQ3NDFGNDQxMjQ0MEZBNzRBNTQwNDUzQzIwNDJDNEQ5RTkzQ0RB
MUQ5QjQ5NDkyRDdGMDE4RTAyM0EwMDAwNEI1NjQ4MjAzNzMyMzAzMTMyMzAz
NDMzMzAzMDM1MzQzMDMwMzAxRDAwMDAwMEI4MUU4NTNEMEFEN0EzM0IxOTc1
QTU0MDQxM0MyMDQyQ0Q3ODY4NDE1RkFFMzA0MjNCQjE4MDQxNjM3NDMxNDJF
RjE3ODA0MUNEN0UyNzQyQTU2MTY3NDExQUJDMjk0MjE3NzcyODQxMzEzOTJB
NDJGQTNFNUU0MDAxMTAxRjQyMjEyNUIzNDNGMjE2MjE0MjkwMDVCMjQzRTZC
QTMyNDJBOUEyQjE0M0VFNUQyNzQyRDBCOUIxNDM5OTZDMTM0MkI2QjBCMTQz
RjRGNTBCNDIxRDA5QjI0M0I4M0FGNzQxMDAwRkIyNDM0RjNCRDY0MTkzODdC
MTQzNjJFOERCNDE3ODVEQjE0Mzk3QTJERjQxRDI1NEIxNDM5MENERDI0MTY5
MTBCMTQzNzEzNUYxNDFEQjM3QjE0MzE2NjNGRjQxNTUyRkIwNDNCRUFFMDE0
MkVERjZBRTQzODE4RjIwNDI1NUVCQUY0M0MyNzUyRTQyMjdEOEFGNDNCMUQx
MjY0MjNBQ0NCMjQzNkE2RTI5NDJBNTI5RDc0MDI3MDAzQzQyODlDMDk0NDBE
RTlGNjQ0MjBDMTI4NDQwQjI4MDdENDJFNzNERDc0MDlEQkE2RTQyQjBGQUIz
NDMyODU2NkE0MjIyNEVCMTQzRTVCRDgyNDI0RDNENkEzRjdBMUE4MDQwMzU2
RDExNDE3QTNCODI0MUU1MzAwODQxRDMyM0M2NDA4QTFDQTE0MDM3OEM4MDQw
MzBDQkEwNDAzMTkyM0E0MEFCNENFMTNGMjMwRDAyNDAxRUM5MDQ0MDVEODIw
NzQwOUVFQ0ExM0YzM0NCQjMzRkMwRUQ3NDNGODY5MkREM0Y1ODY0QkQzRjQ3
QkQ0NjNGRTNCQjNCM0Y5NUUyMjAzRkQ0QkJFRjNFMzhDMzAxM0Y0RkFDMjgz
RTBGQ0M4RTNFOUU0QUU1M0VGNDM5ODgzRTdFNTA0NzNFQTNCMjQ0QTUqNjYN
Cg0K

--SBD.Boundary.605592468
PROCESS /noc/users/iridburst/exec/irid_300224010734970_upd.pl
Last Run  ----1970-01-01 00:00:00 
MONTH  5 
DATA  xxrecord 2012-04-30 06:00:05 :: $W5M5A,120430,060005,660d0028449ce246,1,DAS 2,5041.5855N,743.6267W,21.1,352,28.2,10.8,9.6,81.1,6.5,9.6,81.2,6.5,997.4,2.51,4.27,12.5,5,40*5C
 
INSERT
STATION sbdservice
IRID_ID 300224010734970
BODY 
Content-Type: application/x-zip-compressed; name="SBMmessage.sbd"
Content-Disposition: attachment; filename="300224010734970_002945.sbd"
Content-Transfer-Encoding: base64

JFc1TTVBLDEyMDQzMCwwNzAwMDUsNjYwZDAwMjg0NDljZTI0NiwxLERBUyAy
LDUwMzguMjM4Mk4sODAwLjExNDNXLDIyLjgsMzQ0LDMwLjAsMTAuOCw5LjMs
ODMuNyw2LjYsOS4zLDgzLjQsNi42LDk5Ny45LDIuNTUsMy41MywxMi41LDcs
NDIqNTQNCg0KJFc1TTVBLDEyMDQzMCwwNzAwMDUsNjYwZDAwMjg0NDljZTI0
NiwyLERBUyAyLDEyLjcsMTIuOSwwLjIsMC4zLDAuMDEsNjU5LDY2NCwxNTYs
NjI4LDAsNzguOSwxMS41Myw5MjAqNTENCg0KJFc1TTVBLDEyMDQzMCwwNzAw
MDUsNjYwZDAwMjg0NDljZTI0NiwzLDdGMDA3NDAyM0EwMDAwNTMzMjMwMzEz
MjMwMzQzMzMwMzAzNjM0MzAzMDMwNTU1QTAwMzEzMjMwMzQzMzMwMzAzNjM0
MzAyQzU0NDE0MjMwMzAzMDMwMzAyQzJEMzAzNTMxMkUzMTJDMkMzMTMyMkUz
MzMwMkMzNDJFMzAyQzMzMzYzMDMwMkMzNjMwMkMzNjMwMkMzMTJDMzAzMDM1
MzczMDJDMzMyRTM0MzIyQzMxMkUzMjM2MkMzNjM5MkMzMDJDMzAyRTMxMzcz
NTJDMkIzMDMwMkUzMDBEMEFCQzEwOUM1NTdENDg3RjAwNjcwMjNBMDAwMDU3
MzIzMDMxMzIzMDM0MzMzMDMwMzYzNDMwMzAzMEZGNEQwMDAwODBGQjQ0MDAw
MEQ3NDMwMDAwN0E0NzAwMDBBRTQyRTgwOENDM0Y3N0UyMTM0MUI0MDY2MjQw
ODc0RjIzNDA2OUMzMkY0MUJDQkM0OTQwNDA5NDJFNDFFM0IxMTY0MTAwMDA0
ODQxMEQ4MDQzNDEzOEZGMjY0MDE1OUFEMzQwOEZCNjI3NDJGM0U0RjIzQzhB
MUM4OEEyNDdERDdGMDE4RTAyM0EwMDAwNEI1NjQ4MjAzNzMyMzAzMTMyMzAz
NDMzMzAzMDM2MzQzMDMwMzAxRDAwMDAwMEI4MUU4NTNEMEFEN0EzM0IyQzlB
RDM0MDhEQjYyNzQyREE1MzBDNDJDQTdENkI0MjYwRDVBRDQxNTJFQTUxNDI4
RDRDNzY0MTg5QjQzRTQyRkMzQjM0NDFCNkQyMzA0MkQwQkVGQzQwQkQzRjI1
NDI3MkI4QUQ0MDlFOUYxQTQyMDhGODdGNDA5MzI4MTY0MkU3OTdCMzQzNEU3
NjJFNDI1OUUzQjE0Mzk2MTIzRDQyQzFCNEIyNDMyRDE3MkQ0MjJCNkZCMzQz
RUY4MTBENDI3OTc0QjM0Mzc0MjdGRjQxRUQwRkIzNDM5QUU3MDY0MkE3MDVC
MjQzQTJCRUY0NDFBOTU1QjE0M0Q5NjVDQjQxNkE3NUIxNDMxRUY3RjE0MTBC
RUJCMzQzNjRDODE5NDIzQzAzODc0MDRDMDgxRTQyNzkyQjJCNDAzMTFCMzI0
MkZDNUZCMjQzMUE2QTJGNDIwNDlBQjE0MzU4RjUwODQyMjFENEIyNDM3RjJD
MTE0MkI0RTU0RjQwRkZGMjM0NDI2QjQ0ODk0MDhDRDE0NDQyQTI4QjFENDFF
OUFBNTI0MkNBOENBMjQxRTRBMDY4NDJCRkVGRkE0MTdDRUU3QzQyNzFGQkJF
NDEwRkVGODI0MkYwOUQ2MjQxQ0Y5MDg2NDJGRkJDOUQzRjdBQjk1NjQwQjVD
NTI0NDE4NURCNDk0MTlGNEU0OTQxOENDRUZBNDA3RjBCQzI0MDM5Njc4MDQw
OTZCQjQ5NDAwQkZDMEE0MEE2QTNEOTNGQTA2NTA5NDA3M0MyMEY0MDQwQzUy
NjQwNUQzQ0ZCM0ZFMUUyNEEzRkQ0RDI2MzNGNzg5Q0E0M0ZDMjZDMzgzRjBE
QzkwQzNGNDdENkM0M0YzNUUxQjEzRjlDNDAzRjNGRjJGQTFEM0ZBRDZCRkYz
RTJEQTg5MzNFMTQxOUFDM0U1M0UyOTQzRUY4OTIwRDNFRkNEMTFBQzUqNkEN
Cg0K

--SBD.Boundary.605592468
PROCESS /noc/users/iridburst/exec/irid_300224010734970_upd.pl
Last Run  ----1970-01-01 00:00:00 
MONTH  5 
DATA  xxrecord 2012-04-30 07:00:05 :: $W5M5A,120430,070005,660d0028449ce246,1,DAS 2,5038.2382N,800.1143W,22.8,344,30.0,10.8,9.3,83.7,6.6,9.3,83.4,6.6,997.9,2.55,3.53,12.5,7,42*54
 
INSERT
STATION sbdservice
IRID_ID 300224010734970
BODY 
Content-Type: application/x-zip-compressed; name="SBMmessage.sbd"
Content-Disposition: attachment; filename="300224010734970_002946.sbd"
Content-Transfer-Encoding: base64

JFc1TTVBLDEyMDQzMCwwODAwMDUsNjYwZDAwMjg0NDljZTI0NiwxLERBUyAy
LDUwMzUuNTUzM04sODE1Ljg2ODdXLDIxLjEsMzM0LDMwLjUsMTAuNyw5LjYs
ODQuMiw3LjEsOS42LDg0LjIsNy4xLDk5OC4yLDIuMjQsMy40OCwxMi41LDQs
NDMqNTENCg0KJFc1TTVBLDEyMDQzMCwwODAwMDUsNjYwZDAwMjg0NDljZTI0
NiwyLERBUyAyLDEyLjcsMTIuOSwwLjIsMC40LDAuMDEsNjYwLDY2NSwxNTYs
NjI5LDAsNzQuMCwxMS41Myw5MTcqNTINCg0KJFc1TTVBLDEyMDQzMCwwODAw
MDUsNjYwZDAwMjg0NDljZTI0NiwzLDdGMDA3NDAyM0EwMDAwNTMzMjMwMzEz
MjMwMzQzMzMwMzAzNzM0MzAzMDMwNTU1QTAwMzEzMjMwMzQzMzMwMzAzNzM0
MzAyQzU0NDE0MjMwMzAzMDMwMzAyQzJEMzAzNTMxMkUzMTJDMkMzMTMyMkUz
MzMxMkMzNDJFMzAyQzMzMzYzMDMwMkMzNjMwMkMzNjMwMkMzMTJDMzAzMDM1
MzczMDJDMzMyRTM0MzIyQzMxMkUzMjM2MkMzNzMwMkMzMDJDMzAyRTMxMzcz
NDJDMkIzMDMwMkUzMDBEMEFCNTEwNkY3Qjk1RjM3RjAwNjcwMjNBMDAwMDU3
MzIzMDMxMzIzMDM0MzMzMDMwMzczNDMwMzAzMEZGNEQwMDAwODBGQjQ0MDAw
MEQ3NDMwMDg4OTA0NzAwMDBCNjQyQkI0NkJDM0Y4RkY5MEQ0MTgwMDc1RjQw
ODMyRDBGNDA0Mzc3Mjk0MTg0MUIyQzQwMjlBMjM0NDFGNUQwMEI0MTAwMDA0
ODQxNEY2QTQ3NDFCMkNDMTU0MEYxOEI1RDQwQkVERDJBNDI3QkY1QjczQzEz
MUM3MTEzQ0VGNzdGMDE5QTAyM0EwMDAwNEI1NjQ4MjAzNzMyMzAzMTMyMzAz
NDMzMzAzMDM3MzQzMDMwMzAxRTAwMDAwMEI4MUU4NTNEMEFEN0EzM0IzNThD
NUQ0MEI4REQyQTQyN0NCRURFNDEzRUEyNTg0MkZCOUM5MTQxMkJFNjUxNDJB
MzM5NjE0MTE5QzIzODQyMzExRjRENDE3QjBBMjU0MjRCRTYyOTQxNzI2QjMw
NDJGOEZEMEY0MDVFNTg1MzQyNUQ0OEIxNDM2N0U1NEQ0MjEzNzBBRjQzNTI5
QjNENDI0MDAzQUU0MzQwRUYzNDQyRUM5QkFFNDM5QUI1MjA0MjVFMTNBRjQz
ODUyOTBDNDIzOEI3QUU0MzVDMzgwNzQyNUI0QkFGNDMxMkIzMEU0MkQ3REZB
RjQzRTA0MTJENDI2QkVDQUY0M0RCRkMyOTQyRTFFMUFFNDM1RjFDRDQ0MTc0
ODRBRTQzOTM3NUMxNDE2QjAwQjA0MzI1REJFOTQxNUNEMkIzNDM4MjMyMDE0
MkJEQTJCMTQzNzMyREY1NDEyOEM4QUY0M0ExMEJERjQxRDAyQ0IzNDNFNTc5
MEM0MkVBMUNBRTQwNDhBNTIwNDJFMDc0RDM0MDAxNzUyOTQyQzU4NDM2NDEw
MEIzNTA0MkIyMkZFNzQxQ0JCNzdBNDJDNzAxRUI0MUJCNjY2ODQyQ0M0MURE
NDFGMDU1NUU0MjU5RDkzRDQyRDQzRjc2NDI2NkVCNEY0MjExQzE3RjQyREZB
N0U2M0ZFMzhDOTM0MEY0MzBENjQwNTVFQzE0NDE5RjRGQzQ0MEEyQjIyMTQw
OEUyODgxNDA2Mjk4NUE0MEEyOTU2QjQwQUMzNTM2NDBGMEE4MDc0MDU0ODVE
MDNGQzJFOUEzM0ZFODFDNDczRkYzRDk0RDNGNTc4MTJENDAwMzFFMTk0MEE0
MzM4MjNGMDMwNjg1M0YwOUM4RUEzRkExNjdCNDNGMDZBMTQzM0ZCODVDQTEz
Rjg3MjE0MjNGN0ZCRkRBM0UxNzk2RjQzRTExMDNFMjNFMUMzMjA4M0YwQTFD
RTIzRTY0NTk5OTNFMzUzOTRGRDkqMUENCg0K

--SBD.Boundary.605592468
PROCESS /noc/users/iridburst/exec/irid_300224010734970_upd.pl
Last Run  ----1970-01-01 00:00:00 
MONTH  5 
DATA  xxrecord 2012-04-30 08:00:05 :: $W5M5A,120430,080005,660d0028449ce246,1,DAS 2,5035.5533N,815.8687W,21.1,334,30.5,10.7,9.6,84.2,7.1,9.6,84.2,7.1,998.2,2.24,3.48,12.5,4,43*51
 
INSERT
STATION sbdservice
IRID_ID 300224010734970
BODY 
Content-Type: application/x-zip-compressed; name="SBMmessage.sbd"
Content-Disposition: attachment; filename="300224010734970_002947.sbd"
Content-Transfer-Encoding: base64

JFc1TTVBLDEyMDQzMCwwOTAwMDUsNjYwZDAwMjg0NDljZTI0NiwxLERBUyAy
LDUwMzIuNTQ0ME4sODMwLjc1MjZXLDIxLjQsMzMxLDMzLjIsMTAuNyw5LjIs
ODguMiw3LjQsOS4yLDg3LjksNy4zLDk5OC4xLDIuNTEsMy45LDEyLjUsNiw0
MCo2MA0KDQokVzVNNUEsMTIwNDMwLDA5MDAwNSw2NjBkMDAyODQ0OWNlMjQ2
LDIsREFTIDIsMTIuNywxMi45LDAuMiwwLjQsMC4wMSw2NjEsNjY2LDE1Niw2
MjgsMCw3Ny4xLDExLjUzLDkyNCo1Mg0KDQokVzVNNUEsMTIwNDMwLDA5MDAw
NSw2NjBkMDAyODQ0OWNlMjQ2LDMsN0YwMDc0MDIzQTAwMDA1MzMyMzAzMTMy
MzAzNDMzMzAzMDM4MzQzMDMwMzA1NTVBMDAzMTMyMzAzNDMzMzAzMDM4MzQz
MDJDNTQ0MTQyMzAzMDMwMzAzMDJDMkQzMDM1MzEyRTMxMkMyQzMxMzIyRTMz
MzIyQzM0MkUzMDJDMzMzNjMwMzAyQzM2MzAyQzM2MzAyQzMxMkMzMDMwMzUz
NzMwMkMzMzJFMzQzMjJDMzEyRTMyMzYyQzM3MzEyQzMwMkMzMDJFMzEzNzM1
MkMyQjMwMzAyRTMwMEQwQUI5MTA2QkMxNUI3MzdGMDA2NzAyM0EwMDAwNTcz
MjMwMzEzMjMwMzQzMzMwMzAzODM0MzAzMDMwRkY0RDAwMDA4MEZCNDQwMDAw
RDc0MzAwMTBBNDQ3MDAwMEJBNDI0RUMyRDMzRjJGNEQwOTQxRjVDMzc5NDBB
QjlBMjA0MDVCM0YxRTQxRENDQjRDNDA2QzVCMUM0MTYzNTMwNTQxMDAwMDQ4
NDE5NTk5NDI0MTJFOUUyQzQwNEFFMEMzNDBFN0Q0MjA0MjIzMzhGOTNDQjIx
QjcyQzU1MzAwN0YwMTlBMDIzQTAwMDA0QjU2NDgyMDM3MzIzMDMxMzIzMDM0
MzMzMDMwMzgzNDMwMzAzMDFFMDAwMDAwQjgxRTg1M0QwQUQ3QTMzQjYzRTBD
MzQwRTZENDIwNDIxNzRERTQ0MUQ5M0Q2MTQyNUQzQ0M3NDFEQjYyNUU0MkU2
OTg4RTQxMTlENDQ5NDJCRUJDNjA0MUY2OUYzRjQyNEQ4NUZCNDAwREUwNDE0
Mjk4OThGODNGODFGMTM1NDJCRjkzNEEzRkE5N0ExODQyRDNCRTIyM0Y3RDdG
MDU0MjdEMTNCMzQzN0UwNDBDNDJFQTAwQjI0M0EzQjkwQzQyMUFGMkIxNDM1
NEM0REY0MUU1QUVCMTQzMDIzOEJBNDE5N0E3QjE0MzdGNkRCRTQxMkYxMEIx
NDMyMkExQTk0MTJCMkJCMDQzQUY3REEwNDFENkNGQUY0M0Q1MjVEMzQxRDdB
NUFGNDNBMDZEMDE0Mjc0RjdCMDQzMUEzQTA5NDIyNURGQjM0MzJBMkIxNzQy
NDJEMzNGNDBEMTYyMUQ0MkY5NDBDRTQwQTNGNjFENDJFMkFDQjM0MDZBMjkx
OTQyRTUzNzg4NDBDNDAxMjU0MkYzMTk0MjQxNTUxMjNBNDJBNTE3Q0M0MTA1
RTk0OTQyMDFDNTI1NDIxNDE5NjE0MjJBOTUyQTQyRkEzMDZENDI4ODEyRjg0
MUZBMkU2RjQyREUyQzBCNDI5ODVDNkM0MjFFNDg1MzQyMTRBNzZBNDJERjc0
OUUzRjQ2Rjk4RjQwMDc1REZDNDBFQUQ3MjI0MTAxOEFDQTQwOUZFNUVENDA4
QThCQUI0MDhERDA2NTQwQTBDMUZCM0ZFMEVFRDczRjlBMEQyQzQwREI0Mzc0
NDBFQzYzOEE0MEJENkZEQTNGNDlDNDcyNDA4QTJFNkM0MDY4MDNERjNGQTVF
MjlEM0ZDNTE0REUzRkE3NTYzNDQwMTIyQkY0M0Y5NTM5MTQ0MDVEMkEwRTQw
MzM1Q0QzM0Y2NzFEODEzRkM5RjUzNTNGNTQwRDUxM0Y0REQ4MTQzRkE1Rjk5
NTNFQzhEN0ZGM0UyQUFFMzFBQio2Rg0KDQo=

--SBD.Boundary.605592468
PROCESS /noc/users/iridburst/exec/irid_300224010734970_upd.pl
Last Run  ----1970-01-01 00:00:00 
MONTH  5 
DATA  xxrecord 2012-04-30 09:00:05 :: $W5M5A,120430,090005,660d0028449ce246,1,DAS 2,5032.5440N,830.7526W,21.4,331,33.2,10.7,9.2,88.2,7.4,9.2,87.9,7.3,998.1,2.51,3.9,12.5,6,40*60
 
INSERT
STATION sbdservice
IRID_ID 300224010734970
BODY 
Content-Type: application/x-zip-compressed; name="SBMmessage.sbd"
Content-Disposition: attachment; filename="300224010734970_002948.sbd"
Content-Transfer-Encoding: base64

JFc1TTVBLDEyMDQzMCwxMDAwMDUsNjYwZDAwMjg0NDljZTI0NiwxLERBUyAy
LDUwMjkuNDk1ME4sODQ1LjYzODNXLDI3LjMsMzQyLDM4LjMsMTAuNyw5LjIs
ODcuNyw3LjMsOS4zLDg3LjQsNy4zLDk5OC4yLDIuNTksNC4wNCwxMi41LDcs
NDQqNUYNCg0KJFc1TTVBLDEyMDQzMCwxMDAwMDUsNjYwZDAwMjg0NDljZTI0
NiwyLERBUyAyLDEyLjgsMTMuMCwwLjIsMC40LDAuMDEsNjYyLDY2NywxNTYs
NjI4LDAsNzguMywxMS41Myw5MjUqNTMNCg0KJFc1TTVBLDEyMDQzMCwxMDAw
MDUsNjYwZDAwMjg0NDljZTI0NiwzLDdGMDA3NDAyM0EwMDAwNTMzMjMwMzEz
MjMwMzQzMzMwMzAzOTM0MzAzMDMwNTU1QTAwMzEzMjMwMzQzMzMwMzAzOTM0
MzAyQzU0NDE0MjMwMzAzMDMwMzAyQzJEMzAzNTMxMkUzMTJDMkMzMTMyMkUz
NDMwMkMzNDJFMzAyQzMzMzYzMDMwMkMzNjMwMkMzNjMwMkMzMTJDMzAzMDM1
MzczMDJDMzMyRTM0MzIyQzMxMkUzMjM2MkMzNzMyMkMzMDJDMzAyRTMxMzcz
MzJDMkIzMDMwMkUzMDBEMEFCODEwNTc5MEEyNjQ3RjAwNjcwMjNBMDAwMDU3
MzIzMDMxMzIzMDM0MzMzMDMwMzkzNDMwMzAzMEZGNEQwMDAwODBGQjQ0MDAw
MEQ3NDMwMDk4Qjc0NzAwMDBCMDQyODAwQ0UyM0Y0Qzc4MTA0MTkzNUM4MTQw
MkVGNTI1NDBFRDY4MUU0MTAwQTY0RTQwODc5MjIwNDFDNjlCMEE0MTAwMDA0
ODQxMUM2NzQ2NDE5RUQxMzE0MDI5QTFEMDQwOUIyMjMwNDJDRTg1MDczREM4
MUFCRTMyNjc4ODdGMDE4RTAyM0EwMDAwNEI1NjQ4MjAzNzMyMzAzMTMyMzAz
NDMzMzAzMDM5MzQzMDMwMzAxRDAwMDAwMEI4MUU4NTNEMEFEN0EzM0I0MkEx
RDA0MDk5MjIzMDQyNjFDMkZBNDE4NjJGNTQ0MkUxQzZENTQxMjAyMDVDNDJF
REVEOTI0MTk5QkQ1QjQyNkQ3QjE4NDFERTBDNTI0MjI3QUU4OTQwOUQ0ODQ5
NDJFMzg1ODgzRjczNTAzQTQyQ0FCOEIzNDNCMTAyMkE0MjVEOTlCMzQzODVF
QzIzNDIzOTgyQjI0MzEyMzcyNTQyNUQ0NkIyNDM1RDNFMTU0MjRFMThCMjQz
NUM1MUY3NDE0NDQ4QjI0M0MyQkFCOTQxNEIyREIyNDNFNDUwQUI0MUNFNjBC
MTQzMkY0RUMzNDE4RTk5QjA0MzlENDNEQzQxQkY5MkIxNDM5OEVBRDk0MUNF
NkVCMjQzQkFDRkYxNDEyNUMyQjE0M0E0RDEwOTQyRjBENUIyNDNCRTA4MjY0
MkY5MEEyMzQwRTZGRjIxNDIwREJCMjQ0MDBGRDYyMDQyRjgzRDgwNDAwNDVE
MzQ0MjkyQTAyRTQxMTVGRjQ2NDJFNDA3ODQ0MUNFNEE0RDQyODMyNUI4NDE1
MjE0NTQ0MjNBQTUwQTQyMzQwNTU2NDJGMkNGMUU0MkY2QUI1RTQyMEQ2MjA1
NDJGNjE0Njg0MjQ0NUYyQzQyQ0Y5MjY2NDJFNDg0RUQzRjhCQzhBQjQwRDQ2
MjFDNDEwQzc0NjU0MTU5QzAzMTQxMjM4RTg5NDBCQzAwNEU0MDY3MUIyQTQw
NzE0MjEzNDBBODlGNzg0MEFFOUM2NjQwMERDRjQ5NDA5ODVDODA0MDNCRUIw
MDQwRTlDNjMwNDA4MkUxODAzRjU1Mjk2MjQwQjUzODEwNDA3NUZGQUIzRjI2
RDIwODQwRDU1MDQyNDA2M0Q5OUEzRjc4OTI5RDNGNjczQzk2M0Y4RUU1OUYz
RjA4NTA4NjNGNEY3NjM4M0YyOEFGMEYzRjU0MURCRjNFRTZCNTI2QzcqMUMN
Cg0K

--SBD.Boundary.605592468
PROCESS /noc/users/iridburst/exec/irid_300224010734970_upd.pl
Last Run  ----1970-01-01 00:00:00 
MONTH  5 
DATA  xxrecord 2012-04-30 10:00:05 :: $W5M5A,120430,100005,660d0028449ce246,1,DAS 2,5029.4950N,845.6383W,27.3,342,38.3,10.7,9.2,87.7,7.3,9.3,87.4,7.3,998.2,2.59,4.04,12.5,7,44*5F
 
INSERT
STATION sbdservice
IRID_ID 300224010734970
BODY 
Content-Type: application/x-zip-compressed; name="SBMmessage.sbd"
Content-Disposition: attachment; filename="300224010734970_002949.sbd"
Content-Transfer-Encoding: base64

JFc1TTVBLDEyMDQzMCwxMTAwMDUsNjYwZDAwMjg0NDljZTI0NiwxLERBUyAy
LDUwMjYuNTUzNE4sOTAwLjQyMThXLDI2LjQsMzQ1LDM2LjUsMTAuNyw5LjIs
OTIuNiw4LjAsOS4yLDkxLjksNy45LDk5OC4zLDMsNC4wOSwxMy4zLDEyLDM5
KjQ4DQoNCiRXNU01QSwxMjA0MzAsMTEwMDA1LDY2MGQwMDI4NDQ5Y2UyNDYs
MixEQVMgMiwxMi44LDEzLjAsMC4yLDAuNCwwLjAxLDY2Myw2NjgsMTU2LDYy
OCwwLDc5LjMsMTEuNTMsOTIzKjVCDQoNCiRXNU01QSwxMjA0MzAsMTEwMDA1
LDY2MGQwMDI4NDQ5Y2UyNDYsMyw3RjAwNzQwMjNBMDAwMDUzMzIzMDMxMzIz
MDM0MzMzMDMxMzAzNDMwMzAzMDU1NUEwMDMxMzIzMDM0MzMzMDMxMzAzNDMw
MkM1NDQxNDIzMDMwMzAzMDMwMkMyRDMwMzUzMTJFMzEyQzJDMzEzMjJFMzQz
MjJDMzQyRTMwMkMzMzM2MzAzMDJDMzYzMDJDMzYzMDJDMzEyQzMwMzAzNTM3
MzAyQzMzMkUzNDMyMkMzMTJFMzIzNjJDMzczMzJDMzAyQzMwMkUzMTM3MzMy
QzJCMzAzMDJFMzAwRDBBQjMxMDhCQ0Q4Qjk1N0YwMDY3MDIzQTAwMDA1NzMy
MzAzMTMyMzAzNDMzMzAzMTMwMzQzMDMwMzBGRjREMDAwMDgwRkI0NDAwMDBE
NzQzMDAyMENCNDcwMDAwQkE0MkJGQkFGMzNGNkQzRjA5NDE1MkY4ODI0MDRG
RjAzRjQwMzMwNzI2NDE5MkMzNjM0MEU1MjQyRTQxNzhBNjA2NDE1NjU1NTU0
MUMxQTM0NTQxOUM4RjQ3NDBDMEQwNDA0MTg4QUQxQzQyMjE3MTJEM0RCMTFD
RTI5RERFNDE3RjAxOEUwMjNBMDAwMDRCNTY0ODIwMzczMjMwMzEzMjMwMzQz
MzMwMzEzMDM0MzAzMDMwMUQwMDAwMDBCODFFODUzRDBBRDdBMzNCQzdEMDQw
NDE4NkFEMUM0MkU4NTQyMzQyOTgzMTUyNDJBNzg4RkU0MUY1MzI0OTQyQ0Y2
QUI1NDE1Qzg2M0Y0MkFCRkQ2RDQxRDA1ODMzNDIyRjcxMUY0MUEyQjgyQjQy
QUFDM0QxNDA3OUE3Mjc0MkEyRTQzODQwNkQzRDI2NDJEOUQ5RDEzRUQ2QkIy
RDQyRkFCMkIzNDM4QTAzMzc0MjZFQUFCMzQzNEJGMTM2NDJFMzkwQjI0MzEy
MjAxMjQyNDk1REIyNDNDOTFEQkM0MTg0QjhCMjQzRDY0Q0EwNDFGRTBCQjI0
MzU0MTlBNDQxRkUzOUIxNDNFOUYwQkE0MTRGNzZCMTQzRkQyNEUyNDE1MUUy
OEMzRjI5MzVENTQxQjVBNjhENDA1RTRCRDM0MUNCREYxMDQxNkFCODA2NDI4
OUNGQTE0MTY5OUQyNjQyRTNCMERENDE5MEUxMjY0MjYzOUJFQzQxRjVGODFF
NDJGRjZERDY0MTYxNTMyNDQyMTc4MjA3NDIyRjAyNDU0MjkxMTUwQjQyRjQy
NDQ5NDJDNzQ4RDY0MUNBMUY0NjQyNTkzMDA3NDJBNzE3NUM0Mjk4NDgzOTQy
NEYwMDcxNDI4OTkxM0Q0MjRDNEQ2QTQyQjVFMTM3NDBENzA4MDQ0MUFDNzM2
MTQxOTEwNzM5NDFBOThBMEM0MUNENDY3MjQwMkNEOUFGNDAzMTlDODI0MEFE
NzlEMzNGQkU0NjNCNDBBMEVGOUE0MDA4NDREMTQwQzYwNzkwNDAwMzlGMzY0
MEE3NDEzNjQwNkQ0RDEwNDA5OUVBOTM0MDY2OEIwMjQxMTU1NDU3NDBCQ0M4
ODE0MEZDMzQ5NDQwNzE4MDNDNDAzRDNFNUMzRjY3N0M3RDNGNzdDMTQ1M0Y5
MkE0MkEzRjQzNUIwQTNGNDVBNzI0M0ZFMTY5RUUzRTUyREUxRTAzKjFCDQoN
Cg==

--SBD.Boundary.605592468
PROCESS /noc/users/iridburst/exec/irid_300224010734970_upd.pl
Last Run  ----1970-01-01 00:00:00 
MONTH  5 
DATA  xxrecord 2012-04-30 11:00:05 :: $W5M5A,120430,110005,660d0028449ce246,1,DAS 2,5026.5534N,900.4218W,26.4,345,36.5,10.7,9.2,92.6,8.0,9.2,91.9,7.9,998.3,3,4.09,13.3,12,39*48
 
INSERT
STATION sbdservice
IRID_ID 300224010734970
BODY 
Content-Type: application/x-zip-compressed; name="SBMmessage.sbd"
Content-Disposition: attachment; filename="300224010734970_002950.sbd"
Content-Transfer-Encoding: base64

JFc1TTVBLDEyMDQzMCwxMjAwMDUsNjYwZDAwMjg0NDljZTI0NiwxLERBUyAy
LDUwMjMuODMyNU4sOTE1LjMwOTBXLDI1LjMsMzQ4LDM0LjIsMTAuOSw5LjYs
ODkuMiw3LjksOS42LDg5LjEsNy45LDk5OC43LDMuMjQsNS4xNywxMy4zLDEy
LDQxKjYyDQoNCiRXNU01QSwxMjA0MzAsMTIwMDA1LDY2MGQwMDI4NDQ5Y2Uy
NDYsMixEQVMgMiwxMy4wLDEzLjIsMC4yLDAuNCwwLjAxLDY2NCw2NjksMTU2
LDYyNywwLDgwLjEsMTEuNTMsOTE5KjU3DQoNCiRXNU01QSwxMjA0MzAsMTIw
MDA1LDY2MGQwMDI4NDQ5Y2UyNDYsMyw3RjAwNzQwMjNBMDAwMDUzMzIzMDMx
MzIzMDM0MzMzMDMxMzEzNDMwMzAzMDU1NUEwMDMxMzIzMDM0MzMzMDMxMzEz
NDMwMkM1NDQxNDIzMDMwMzAzMDMwMkMyRDMwMzUzMTJFMzEyQzJDMzEzMjJF
MzUzODJDMzQyRTMwMkMzMzM2MzAzMDJDMzYzMDJDMzYzMDJDMzEyQzMwMzAz
NTM3MzAyQzMzMkUzNDMyMkMzMTJFMzIzNjJDMzczNDJDMzAyQzMwMkUzMTM3
MzIyQzJCMzAzMDJFMzAwRDBBQkIxMDIwMUYyNzk5N0YwMDY3MDIzQTAwMDA1
NzMyMzAzMTMyMzAzNDMzMzAzMTMxMzQzMDMwMzBGRjREMDAwMDgwRkI0NDAw
MDBENzQzMDBBOERFNDcwMDAwQTI0MjM0Q0MwNjQwMTNCRjFENDE3MDgyQTU0
MEFCMjQ0RjQwMzQwRjMzNDExRTdCN0U0MDc4MzQzRTQxNThDMTEzNDE1NjU1
NTU0MTk5NUQ1NDQxRTUxMDUyNDAxMzVDNDA0MUZCQjkyMzQyRDQyMjQxM0RG
NzE5NTFCODg1MzQ3RjAxODIwMjNBMDAwMDRCNTY0ODIwMzczMjMwMzEzMjMw
MzQzMzMwMzEzMTM0MzAzMDMwMUMwMDAwMDBCODFFODUzRDBBRDdBMzNCMTg1
QzQwNDFGOEI5MjM0MkQyQzkwQjQyMzdBRjU4NDI4RTg0QkY0MTIzRTc0NjQy
MjJBQTkzNDE0MDA3Mzk0MjZFRDc3MzQxMzI5NzI4NDIyNzRBNTM0MTdDQTMx
RjQyMzk2QTIxNDEwREY0MUI0MkM3RkJDQzQwQUUyNzI4NDIyNDdDQjAzRjM3
RkYyMzQyMEJEQ0IyNDM4MzA0MUQ0MjkyMDNCMzQzQUY0MTFCNDIxMkE3QjM0
MzJBMjcwRjQyMTI1QUIyNDNFRjE5RjU0MTA3MjBCMTQzQkI2RkJCNDFGNjE5
QjE0MzcyQURBQzQxNTNBNkIyNDM4NUY2RDE0MTFEMEE3NjQwMjFDOTBDNDJE
MURGQTg0MDdBOEExMzQyOEM3OEE2NDBBOEYyMTI0MjVGM0RDMDQwQTk4RTBG
NDJCMTUwREY0MDcxRTIxMTQyMUYyQkUxNDBBQ0JDMTg0MjBCMkQyNjQxNkMw
MDFDNDJGNzVDOTc0MUZDNDUyNDQyRDRDN0E4NDE1QTAwMkQ0MkZFRTBDMjQx
M0IxRDNGNDIwRTVGRjM0MUVBMzA0QTQyMkQ1Q0U4NDE0RkZFNDc0MjY0NDFG
QzQxNUIzNzYwNDI0QkE1NjY0MDMxMDc4ODQxNTEyQTlDNDEyQzMxNkM0MUUw
NzI1NjQxN0EzNTA3NDEyMUZBNzU0MEU2MkQxOTQwNTExOUFGNDBBMjg4ODA0
MENDNTkxMTQwQkVFOTY1NDAxMzAzNDU0MDcyOERBMjQwOTU3ODUzNDA4QjlC
MUQ0MEY5MDAwNzQwNjdGMjAxNDAyN0JFMjY0MDc4QjUxNDQwMUI0NUIzM0Y4
MjlCQ0EzRjIyRkJGMjNGNUI1MjIwNDA5OUIyQUMzRkY5MjI1NzNGOTYzMTA1
M0ZCN0NBRUUzRUFBQTIxQTI2KjFEDQoNCg==

--SBD.Boundary.605592468
PROCESS /noc/users/iridburst/exec/irid_300224010734970_upd.pl
Last Run  ----1970-01-01 00:00:00 
MONTH  5 
DATA  xxrecord 2012-04-30 12:00:05 :: $W5M5A,120430,120005,660d0028449ce246,1,DAS 2,5023.8325N,915.3090W,25.3,348,34.2,10.9,9.6,89.2,7.9,9.6,89.1,7.9,998.7,3.24,5.17,13.3,12,41*62
 
INSERT
STATION sbdservice
IRID_ID 300224010734970
BODY 
Content-Type: application/x-zip-compressed; name="SBMmessage.sbd"
Content-Disposition: attachment; filename="300224010734970_002951.sbd"
Content-Transfer-Encoding: base64

JFc1TTVBLDEyMDQzMCwxMzAwMDUsNjYwZDAwMjg0NDljZTI0NiwxLERBUyAy
LDUwMjEuMDMyOE4sOTMwLjY3NjdXLDE2LjQsMjAsMjQuMywxMS4zLDkuNSw4
Ni4yLDcuMyw5LjcsODUuNCw3LjQsOTk5LjUsMy4wNyw0LjYxLDEzLjMsMTIs
NDMqNUINCg0KJFc1TTVBLDEyMDQzMCwxMzAwMDUsNjYwZDAwMjg0NDljZTI0
NiwyLERBUyAyLDEzLjMsMTMuNSwwLjIsMC42LDAuMDEsNjY1LDY3MCwxNTYs
NjI5LDAsNzcuMiwxMS45Myw5MjMqNTkNCg0KJFc1TTVBLDEyMDQzMCwxMzAw
MDUsNjYwZDAwMjg0NDljZTI0NiwzLDdGMDA3NDAyM0EwMDAwNTMzMjMwMzEz
MjMwMzQzMzMwMzEzMjM0MzAzMDMwNTU1QTAwMzEzMjMwMzQzMzMwMzEzMjM0
MzAyQzU0NDE0MjMwMzAzMDMwMzAyQzJEMzAzNTMxMkUzMTJDMkMzMTMyMkUz
OTMwMkMzNDJFMzAyQzMzMzYzMDMwMkMzNjMwMkMzNjMwMkMzMTJDMzAzMDM1
MzczMDJDMzMyRTM0MzIyQzMxMkUzMjM2MkMzNzM1MkMzMDJDMzAyRTMxMzcz
MDJDMkIzMDMwMkUzMDBEMEFCNzEwREM3QUI0RTI3RjAwNjcwMjNBMDAwMDU3
MzIzMDMxMzIzMDM0MzMzMDMxMzIzNDMwMzAzMEZGNEQwMDAwODBGQjQ0MDAw
MEQ3NDMwMDMwRjI0NzAwMDBCMDQyOEE5M0Y2M0Y5RUJEMTE0MTQ2OTM5MzQw
RTYzRjQ0NDAzODBDMzc0MUY1NkE3NDQwNDcyMzQ5NDE5QTlFMTM0MTU2NTU1
NTQxNEE0RDU3NDE0RTA0NEM0MDBDNzczOTQxMzAzNTJENDJCNTlBNDAzRDBF
MUFENkM3QjQwMjdGMDE3NjAyM0EwMDAwNEI1NjQ4MjAzNzMyMzAzMTMyMzAz
NDMzMzAzMTMyMzQzMDMwMzAxQjAwMDAwMEI4MUU4NTNEMEFEN0EzM0IwRTc3
Mzk0MTJDMzUyRDQyODMyQTAzNDJEMzMzNjA0MkYwN0U5ODQxREVBRTRFNDIw
MzI4NUI0MTc1M0MzNjQyRDBBMDMxNDE2NTMxMkQ0MjYzNDAxNDQxREQ1RTM0
NDI5RjNFMkE0MTlDOUEzMzQyRDFGRUZCNDAxRUQ0MkU0MjQwMTY4RTNGNEQz
OTM2NDI2NUY1QjM0MzNFOTUzMTQyNjI2QUIzNDMzNUZFMzI0MkM5NzVCMjQz
NDA1QzIxNDI5RTNBQjE0MzM2M0MwRTQyNTkzOUFGNDM4RDhFMDg0MjQ2MTlB
RTQzMTE3QzAxNDI5MEE2QjA0M0Y5QTNFQjQxRjRBMkIyNDM0RjlEQzY0MTY2
RUFCMzQzNTFCREQyNDE1OEZBQUU0MDRCNTJGQjQxNTQ3QTBGNDE2RUE2MDA0
MkE3OTgyRjQxM0I3RTBCNDIxOTNBN0M0MTZEMTgyNTQyNjUzMDNGNDEzMzlE
MzA0MjYwM0QwRTQxNzNERDJENDI2RjhENTY0MUEyQkEzOTQyNTczREE5NDE0
MDJCNDc0MjI1N0FERDQxRjc4NDUyNDI3NkRCRTM0MTY2MDY1OTQyQjhCMzI3
NDFBQjIzOEY0MUREMkFBRTQxMzVERTc1NDE5RkRCRTM0MEJCRkM4QzQwNkZF
RUQzM0ZBQTA3Q0IzRjc1MjYxMDQwRDgyMEFBM0Y5NDU2QzgzRkE2MzkyQzQw
ODk3NUYyM0ZFREMyQjQzRkYzNzEwOTQwM0FEMzk2NDBGNTA1OUE0MDFFNUY0
NDQwNDc1NzhDNDA0NEU1ODg0MEQ5QjUxRTQwRTlFN0M5M0ZFRkQ2MUI0MDU5
MkRDNTNGQTU0RjM1M0Y1OEJFRjAzRUEzOUIxQzNGMENBMDhGQUQqMTANCg0K

--SBD.Boundary.605592468
PROCESS /noc/users/iridburst/exec/irid_300224010734970_upd.pl
Last Run  ----1970-01-01 00:00:00 
MONTH  5 
DATA  xxrecord 2012-04-30 13:00:05 :: $W5M5A,120430,130005,660d0028449ce246,1,DAS 2,5021.0328N,930.6767W,16.4,20,24.3,11.3,9.5,86.2,7.3,9.7,85.4,7.4,999.5,3.07,4.61,13.3,12,43*5B
 
INSERT
STATION sbdservice
IRID_ID 300224010734970
BODY 
Content-Type: application/x-zip-compressed; name="SBMmessage.sbd"
Content-Disposition: attachment; filename="300224010734970_002952.sbd"
Content-Transfer-Encoding: base64

JFc1TTVBLDEyMDQzMCwxNDAwMDUsNjYwZDAwMjg0NDljZTI0NiwxLERBUyAy
LDUwMTcuODA0Mk4sOTQ2LjUzMTlXLDE2LjksNCwyNC4yLDExLjUsMTAuMyw4
My4zLDcuNiwxMC40LDgzLjEsNy43LDEwMDAuMiwyLjU4LDMuNDksMTQuMywx
MCw0Myo1NQ0KDQokVzVNNUEsMTIwNDMwLDE0MDAwNSw2NjBkMDAyODQ0OWNl
MjQ2LDIsREFTIDIsMTMuNSwxMy43LDAuMiwwLjQsMC4wMSw2NjYsNjcxLDE1
Niw2MjgsMCw3Ni4yLDExLjkzLDkyNyo1RQ0KDQokVzVNNUEsMTIwNDMwLDE0
MDAwNSw2NjBkMDAyODQ0OWNlMjQ2LDMsN0YwMDc0MDIzQTAwMDA1MzMyMzAz
MTMyMzAzNDMzMzAzMTMzMzQzMDMwMzA1NTVBMDAzMTMyMzAzNDMzMzAzMTMz
MzQzMDJDNTQ0MTQyMzAzMDMwMzAzMDJDMkQzMDM1MzEyRTMxMkMyQzMxMzMy
RTMwMzQyQzM0MkUzMDJDMzMzNjMwMzAyQzM2MzAyQzM2MzAyQzMxMkMzMDMw
MzUzNzMwMkMzMzJFMzQzMjJDMzEyRTMyMzYyQzM3MzYyQzMwMkMzMDJFMzEz
NjM5MkMyQjMwMzAyRTMwMEQwQUJEMTAyQzlBN0YyRTdGMDA2NzAyM0EwMDAw
NTczMjMwMzEzMjMwMzQzMzMwMzEzMzM0MzAzMDMwRkY0RDAwMDA4MEZCNDQw
MDAwRDc0MzAwREMwMjQ4MDAwMEIwNDJCOTQ5RDgzRjI0NTkxMTQxRDFBMDVG
NDBEMTVEMjU0MDZEMjMyQjQxQ0I5NDQ5NDBFMDg2MkY0MTJBQUMwQTQxNDk5
MjY0NDFFNDY3NUU0MTNBRTMyQzQwNEJGNDI0NDEwMTAxMkQ0MjMwQkNGNzND
Q0ExQkQ0ODM3RDZCN0YwMTlBMDIzQTAwMDA0QjU2NDgyMDM3MzIzMDMxMzIz
MDM0MzMzMDMxMzMzNDMwMzAzMDFFMDAwMDAwOEZDMjc1M0QwQUQ3QTMzQjU2
RjQyNDQxRkQwMDJENDJBQ0RDNjI0MjkyOTA2NjQyMzMyMzMzNDI4QjI4Njk0
MjU1NjhFMTQxNzZFQzYxNDI1Rjc4NTE0MTc0MDY1NTQyRjQyMEJDNDAyMzk0
NEI0MjZEQkJCRjQwREMzOTQ5NDIyRjgwQzI0MEQ4RTk0NzQyMjE5QjhCNDA2
RTA3MzY0MjlDMDQ5RjNGRDc4NTM2NDI3Q0REQjE0MzJCNTgzQjQyQ0NDQUIw
NDNDQUU5MUQ0MjhEQjBCMTQzMDEyQUZDNDE0MEE4QUY0MzI0RTVERDQxODgw
OUFENDNBRDI1Q0E0MUVERDlBQzQzOEZDNEQ2NDEyNDJGQUU0Mzc0QTBEQTQx
RDgwMkFGNDNDNENERTk0MTMzMUNCMTQzQUYxRERENDE1RDdGQjM0MzFEQjVC
OTQxOTdBMTEyM0UwMTJDQjk0MTMxRjhCMzQzRThCNkVBNDEwMzEwODQ0MDRD
MDQxMDQyMzRGRkI2NDA3RDFGMTY0MkQ3MjBGNTQwQkI0QjI4NDIxQzJBNjM0
MUI2RUE0MzQyMzU2RUFENDE4RUZENUU0MkU5RThGMjQxRTE3RjYyNDI0OUEx
MTM0MkU0MjU1NzQyMjEyNzJDNDI0MzUxNjI0MjNFNDgxRDQyMzNCMTY2NDJG
RkQyMEY0MDlFM0YwMTQxRkY3ODQ5NDFFM0E4MUE0MUYxNTZDNDQwMjAxRTc5
NDBGMTc1MTA0MDVBMjA5NTNGMTdDQTA0NDAxOTI0OEIzRkEwRTlEODNGMjJG
QjMzNDBDNjg1NTg0MEUwQ0Y1RDQwMTg2NzU1NDBCOUZEMkE0MDY5NkY4RTNG
NTYxN0VBM0YyMzg3OUM0MEM0QTM5NTQwMjA0MDA3NDBDODFDMTg0MDI1NzYx
MDQwNTY3QjlDM0Y2MzhGQTYzRkJCRUQwNTNGOEEzNTYxM0U4MDQ0REEzRUYy
NTBDMzNFOEYxRDhDM0U2MDI5OTE3OCo2Nw0KDQo=

--SBD.Boundary.605592468
PROCESS /noc/users/iridburst/exec/irid_300224010734970_upd.pl
Last Run  ----1970-01-01 00:00:00 
MONTH  5 
DATA  xxrecord 2012-04-30 14:00:05 :: $W5M5A,120430,140005,660d0028449ce246,1,DAS 2,5017.8042N,946.5319W,16.9,4,24.2,11.5,10.3,83.3,7.6,10.4,83.1,7.7,1000.2,2.58,3.49,14.3,10,43*55
 
INSERT
STATION sbdservice
IRID_ID 300224010734970
BODY 
Content-Type: application/x-zip-compressed; name="SBMmessage.sbd"
Content-Disposition: attachment; filename="300224010734970_002953.sbd"
Content-Transfer-Encoding: base64

JFc1TTVBLDEyMDQzMCwxNTAwMDUsNjYwZDAwMjg0NDljZTI0NiwxLERBUyAy
LDUwMTQuNTU0OE4sMTAwMi41NzM3VywxNy45LDM2MCwyNS43LDEyLjEsMTAu
NCw4Ni4xLDguMiwxMC41LDg1LjksOC4zLDEwMDAuNiwzLDQuMTYsMTQuMywx
OCw0Nio0Rg0KDQokVzVNNUEsMTIwNDMwLDE1MDAwNSw2NjBkMDAyODQ0OWNl
MjQ2LDIsREFTIDIsMTMuMywxMy41LDAuMiwwLjQsMC4wMSw2NjcsNjcyLDE1
Niw2MjgsMCw3NS4wLDEyLjMyLDkyNSo1Mg0KDQokVzVNNUEsMTIwNDMwLDE1
MDAwNSw2NjBkMDAyODQ0OWNlMjQ2LDMsN0YwMDc0MDIzQTAwMDA1MzMyMzAz
MTMyMzAzNDMzMzAzMTM0MzQzMDMwMzA1NTVBMDAzMTMyMzAzNDMzMzAzMTM0
MzQzMDJDNTQ0MTQyMzAzMDMwMzAzMDJDMkQzMDM1MzEyRTMxMkMyQzMxMzIy
RTM5MzAyQzM0MkUzMDJDMzMzNjMwMzAyQzM2MzAyQzM2MzAyQzMxMkMzMDMw
MzUzNzMwMkMzMzJFMzQzMjJDMzEyRTMyMzYyQzM3MzcyQzMwMkMzMDJFMzEz
NzMwMkMyQjMwMzAyRTMwMEQwQUJCMTBDMjk3QUVDODdGMDA2NzAyM0EwMDAw
NTczMjMwMzEzMjMwMzQzMzMwMzEzNDM0MzAzMDMwRkY0RDAwMDA4MEZCNDQw
MDAwRDc0MzAwQTAwQzQ4MDAwMEEyNDJBQUVEMDI0MDlCMTExRTQxQzgwODg1
NDA0NUU0M0Y0MEVCNDczQzQxODkwMjY5NDBFOUM1M0Y0MTk3NDAxRjQxNDk5
MjY0NDEwRUQ5NjU0MTgyOUI0RjQwRjE5OThGNDExMjFDMzk0MkNDRjUzRTNE
NUUxQ0Q5MkUxOTk1N0YwMTgyMDIzQTAwMDA0QjU2NDgyMDM3MzIzMDMxMzIz
MDM0MzMzMDMxMzQzNDMwMzAzMDFDMDAwMDAwOEZDMjc1M0QwQUQ3QTMzQkY0
OTk4RjQxMEMxQzM5NDI5QjQzNTM0MjI5MjM0QzQyRjg2MDNGNDI4QTFENUY0
MjZCOTgxQTQyRDlGNTZBNDJDRjEzQjU0MTUyNDM2MTQyQjlDNUUxNDA5MURC
NDE0MkQyNTg3RTNGNDJCQjM3NDJFNzIxQjEzRkQ0OTIyQTQyMzNDNzdBM0Yy
NkQxMjQ0MkIyRTlCMTQzNDE5NTM1NDJDNzJBQjA0M0I3NDEzRDQyRTQxMEIw
NDMyMUM4MUM0Mjk3MkZBRTQzRjA0OUUzNDEzNEVCQUM0M0FFRENCNjQxRENE
MEFDNDM2M0YyQjA0MUQ4RkJBQzQzRjE3NkE2NDFCNDE4QUU0MzY1RTJBODQx
RUY0NkFGNDMzNzhEOUM0MTVEN0VBRjQzMkY2Q0JDNDFGRUJDQUU0MzM1NzFF
NjQxOTE5OUFENDM4MzU0REU0MUI0NDJBRjQzQzI4MEYzNDFCM0Y3QjI0Mzg1
NzkwNDQyN0IxNUYwM0ZDNTI1MEQ0MkQ1RkYzMTQwRTdGQzFFNDJEMjdFRjA0
MEE2NTAzMjQyNzA5RjU2NDFGMEZDNDY0MkVBQzU1OTQxQ0I1RDUyNDIyRjVD
MEU0MTU5RDk1NDQyRkFGNTNCNDAyQURFQTE0MTVCQkVGNTQxQjNFRDcyNDEw
MjA4QkM0MEJEQkJEMjQwNzVGNTg1NDA4RDFGRTUzRkQ5QzFFRjNGNTJGMERG
M0YxNEY2MDc0MDEzNDg5NDQwNkNGNzk0NDA4RkY1M0U0MDVGQjE4MzQwMEU2
QTM4NDAxNjAwNkE0MEQzNDNCQjNGNzVFQkJBM0ZDM0U2MUE0MDgwMDgxMjQw
MzNCREYxM0Y4NjIzOEEzRjlDOEUyRDNGQTBDMzVDM0YyREU4MDkzRjQ5Mjkw
RjNGOTdCQUQzM0VFM0IwMzlCOCo2NQ0KDQo=

--SBD.Boundary.605592468
PROCESS /noc/users/iridburst/exec/irid_300224010734970_upd.pl
Last Run  ----1970-01-01 00:00:00 
MONTH  5 
DATA  xxrecord 2012-04-30 15:00:05 :: $W5M5A,120430,150005,660d0028449ce246,1,DAS 2,5014.5548N,1002.5737W,17.9,360,25.7,12.1,10.4,86.1,8.2,10.5,85.9,8.3,1000.6,3,4.16,14.3,18,46*4F
 
INSERT
STATION sbdservice
IRID_ID 300224010734970
BODY 
Content-Type: application/x-zip-compressed; name="SBMmessage.sbd"
Content-Disposition: attachment; filename="300224010734970_002954.sbd"
Content-Transfer-Encoding: base64

JFc1TTVBLDEyMDQzMCwxNjAwMDUsNjYwZDAwMjg0NDljZTI0NiwxLERBUyAy
LDUwMTEuMTY2Nk4sMTAxOC42NzQ1VywxNy45LDAsMjQuMiwxMi4xLDEwLjUs
ODUuOSw4LjIsMTAuNiw4NS44LDguMywxMDAxLjAsMi44Nyw0LjEyLDE0LjMs
MTIsNDMqNkENCg0KJFc1TTVBLDEyMDQzMCwxNjAwMDUsNjYwZDAwMjg0NDlj
ZTI0NiwyLERBUyAyLDEzLjUsMTMuOCwwLjIsMC40LDAuMDEsNjY4LDY3Mywx
NTYsNjI4LDAsNzYuOSwxMi43MSw5MjQqNTgNCg0KJFc1TTVBLDEyMDQzMCwx
NjAwMDUsNjYwZDAwMjg0NDljZTI0NiwzLDdGMDA3NDAyM0EwMDAwNTMzMjMw
MzEzMjMwMzQzMzMwMzEzNTM0MzAzMDMwNTU1QTAwMzEzMjMwMzQzMzMwMzEz
NTM0MzAyQzU0NDE0MjMwMzAzMDMwMzAyQzJEMzAzNTMxMkUzMTJDMkMzMTMz
MkUzMTM4MkMzNDJFMzAyQzMzMzYzMDMwMkMzNjMwMkMzNjMwMkMzMTJDMzAz
MDM1MzczMDJDMzMyRTM0MzIyQzMxMkUzMjM2MkMzNzM4MkMzMDJDMzAyRTMx
MzYzODJDMkIzMDMwMkUzMDBEMEFDNTEwMDY5NDU3MDc3RjAwNjcwMjNBMDAw
MDU3MzIzMDMxMzIzMDM0MzMzMDMxMzUzNDMwMzAzMEZGNEQwMDAwODBGQjQ0
MDAwMEQ3NDMwMDY0MTY0ODAwMDBBNjQyNjAyREZBM0YxRjVCMUI0MThGQkE4
MzQwNzM3MTM3NDAxODgwM0U0MURCQjA2NDQwMTIxMjI5NDE3MEVGMTU0MTQ5
OTI2NDQxNjIxNjY1NDEyRjVDNDc0MDBDNEYzQjQxNDUwMzJBNDIyMENFMzUz
REY2MTcxNDlDRDM2MDdGMDE4MjAyM0EwMDAwNEI1NjQ4MjAzNzMyMzAzMTMy
MzAzNDMzMzAzMTM1MzQzMDMwMzAxQzAwMDAwMDhGQzI3NTNEMEFEN0EzM0Ix
NzRGM0I0MTQzMDMyQTQyODIxNzY0NDJBOTMxNkE0MkYzNjIzNzQyODdGQjY1
NDIzRDZGMEE0MkE0MUQ2NDQyOERCODhGNDE1MjYyNUQ0MjRBRkZBNTQwRjBG
NzRBNDJFMjAzNjAzRjdFMjczMDQyNTkyMkIzNDMyM0Y1MTk0MjgzRjdCMTQz
Mzc1RjBGNDI1ODc3QjA0MzBBODEyRDQyNDJGNEFFNDMxQzdCM0Q0MkNDOTdB
RjQzQkM5RjFFNDI3QUQ0QUY0MzJEODUwMzQyMDU1REFFNDMyMTY4RTc0MTJG
OTVBRDQzNTRBREI5NDE5NjA1QUU0MzBERENBNTQxNDU4N0FFNDMzNzQyOUI0
MUY5MjdBRjQzQzZDRjlCNDE3QzJDQjA0M0I1OUJCODQxRTJBNUIwNDM1OUQy
Q0I0MUE4Q0ZBRjQzMTVFQ0FFNDE4M0YyQUU0MzE3QkNEMDQxMkYyNUFFNDMy
NDQyMTc0Mjg0QTVCMDQzOTVFQjI2NDJGNEJFNTc0MDIxMkIzODQyOUUyMTgz
NDFGM0Q1NEI0MjJENDY3MzQxOTc3ODRDNDJFNTNEMjk0MTVGNUU2NzQyM0NG
NTc3NDFFNUNEN0U0MjA2RjhEODNGRkFDRDgxNDFCQ0EzQzM0MUQ0NUUyRDQx
MDZFOURDNDAzQzdFMjY0MEY0RjkyNjQwRTdDNjFBNDA4RTgxRTkzRjkwNTZE
NTNGMjI3QTFBNDAxQTIwMzk0MEMxMzE4OTQwQzRBREE2NDAzM0Y4QzM0MDVD
N0ZDNDQwMzFGQkYwNDAxQUI0Mzk0MDg2NERDOTNGREY0NzQ1NDA2RjQ5MTg0
MEI5MTA4NjNGNEFDQzIwM0YwMTI2MkQzRjUyQzYwMzNGODkxMzA3M0YyNTJD
QUUzRURERjJCQzNFOUMwNjJCMzUqMUUNCg0K

--SBD.Boundary.605592468
PROCESS /noc/users/iridburst/exec/irid_300224010734970_upd.pl
Last Run  ----1970-01-01 00:00:00 
MONTH  5 
DATA  xxrecord 2012-04-30 16:00:05 :: $W5M5A,120430,160005,660d0028449ce246,1,DAS 2,5011.1666N,1018.6745W,17.9,0,24.2,12.1,10.5,85.9,8.2,10.6,85.8,8.3,1001.0,2.87,4.12,14.3,12,43*6A
 
INSERT
STATION sbdservice
IRID_ID 300224010734970
BODY 
Content-Type: application/x-zip-compressed; name="SBMmessage.sbd"
Content-Disposition: attachment; filename="300224010734970_002955.sbd"
Content-Transfer-Encoding: base64

JFc1TTVBLDEyMDQzMCwxNzAwMDUsNjYwZDAwMjg0NDljZTI0NiwxLERBUyAy
LDUwMDguMjE5NE4sMTAzNS4xMDYyVywxNS41LDExLDIzLjIsMTIuMiwxMC43
LDg0LjEsOC4xLDEwLjgsODQuMiw4LjIsMTAwMS42LDIuNjIsMy44MiwxNC4z
LDgsNDEqNkMNCg0KJFc1TTVBLDEyMDQzMCwxNzAwMDUsNjYwZDAwMjg0NDlj
ZTI0NiwyLERBUyAyLDEzLjYsMTMuOSwwLjIsMC41LDAuMDEsNjY5LDY3NCwx
NTYsNjI4LDAsNzcuOSwxMi43MSw5MjQqNUQNCg0KJFc1TTVBLDEyMDQzMCwx
NzAwMDUsNjYwZDAwMjg0NDljZTI0NiwzLDdGMDA3NDAyM0EwMDAwNTMzMjMw
MzEzMjMwMzQzMzMwMzEzNjM0MzAzMDMwNTU1QTAwMzEzMjMwMzQzMzMwMzEz
NjM0MzAyQzU0NDE0MjMwMzAzMDMwMzAyQzJEMzAzNTMxMkUzMTJDMkMzMTMz
MkUzMjM3MkMzNDJFMzAyQzMzMzYzMDMwMkMzNjMwMkMzNjMwMkMzMTJDMzAz
MDM1MzczMDJDMzMyRTM0MzIyQzMxMkUzMjM2MkMzNzM5MkMzMDJDMzAyRTMx
MzYzNzJDMkIzMDMwMkUzMDBEMEFDNjEwRTRCNDY5NTk3RjAwNjcwMjNBMDAw
MDU3MzIzMDMxMzIzMDM0MzMzMDMxMzYzNDMwMzAzMEZGNEQwMDAwODBGQjQ0
MDAwMEQ3NDMwMDI4MjA0ODAwMDBCMjQyOEU1QkUzM0YwNTdEMTA0MUI1QTk3
NDQwMjFEQjI3NDA4RTAyMjM0MURGRTM1MzQwRTQ1OTM1NDFBNTJFMTE0MTQ5
OTI2NDQxOTYxMDY0NDE4QzREMzk0MERCNTMwNDQxQkUwNjIyNDJGRUYyMTQz
RDE2MUI3Nzc5QjgyNzdGMDE4MjAyM0EwMDAwNEI1NjQ4MjAzNzMyMzAzMTMy
MzAzNDMzMzAzMTM2MzQzMDMwMzAxQzAwMDAwMDhGQzI3NTNEMEFEN0EzM0JF
QzUzMDQ0MUJDMDYyMjQyRDRFMzQ2NDI0RTVDNTg0MjE2NzAxQjQyOTY1QjU1
NDJDODE3QUY0MTlDN0M1OTQyOTFBN0YxNDBEMTU2NTk0MkVGRDdFRTNGNEU4
QzUwNDI3MDEyQTgzRTI0RkIzODQyMzBBOEIzNDM2Q0M2MzU0MkE3RUZCMzQz
N0Y2ODNDNDJDOUQ2QjI0MzFCRUIxQTQyMDcxM0IxNDM4RTMxRUM0MUYxNzhC
MDQzQ0QwM0RDNDE3NDIwQjA0MzkyOTVEMjQxMUU0RUFGNDNFMTFDQTk0MTRE
QzZBRTQzNEFGMDhGNDExQjA2QUY0MzRFQjJBMTQxQUE5RkFGNDMzOTM4Qjk0
MTMyODhCMDQzRDIzRkI0NDE1MkYzQjI0MzQ5MDZDODQxOTM5RkFGM0YyRTA4
RTU0MTVFQzhCMzQzRjc3MkVFNDFCMUI2MUM0MDYxNzUwQzQyNjk4RTQxNDEx
QkJEMjU0MjI3QjY0NDQxQkIyMDM0NDJBODgwOUI0MDQyMEU0NzQyMTRENDhD
NDFFNTAyNTA0MjkwQkNDMDQxQkQ1RjU2NDIyQTc4OTM0MTA0Rjg2MjQyM0Iy
NUIwNDE2QjM4NUM0MkMzNjU2ODQwMjI3QTQxNDEzM0VFNzg0MTFGNzIyNjQx
RTM4MTc3NDAxNDE0Mjc0MDAzNzMzODQwQkUwNERGM0Y4NTM1QzkzRjg2ODQw
RDQwODFGNjZBNDA5NjdCQTg0MDM4Mjg2RDQwMTYyMkExNDBCQTM3QTc0MEQ0
N0E2QTQwRENFOThGNDBCNjA2NTY0MDcwNDMzMDQwRjE5M0ZBM0ZDNzE1QTkz
RkJENzRFQTNGMDFFMEFDM0ZEMDRCNTYzRjM1QjBFNjNFQUUyQUMyM0VGRUMz
MkUzRjBDMDI0NTNGMzMxODA2QzAqMTUNCg0K

--SBD.Boundary.605592468
PROCESS /noc/users/iridburst/exec/irid_300224010734970_upd.pl
Last Run  ----1970-01-01 00:00:00 
MONTH  5 
DATA  xxrecord 2012-04-30 17:00:05 :: $W5M5A,120430,170005,660d0028449ce246,1,DAS 2,5008.2194N,1035.1062W,15.5,11,23.2,12.2,10.7,84.1,8.1,10.8,84.2,8.2,1001.6,2.62,3.82,14.3,8,41*6C
 
INSERT
STATION sbdservice
IRID_ID 300224010734970
BODY 
Content-Type: application/x-zip-compressed; name="SBMmessage.sbd"
Content-Disposition: attachment; filename="300224010734970_002956.sbd"
Content-Transfer-Encoding: base64

JFc1TTVBLDEyMDQzMCwxODAwMDUsNjYwZDAwMjg0NDljZTI0NiwxLERBUyAy
LDUwMDQuOTQ2NE4sMTA1MS4zODExVywxNC43LDIxLDIxLjcsMTIuNCwxMC44
LDg0LjUsOC4zLDEwLjksODQuNCw4LjMsMTAwMi4xLDIuOTQsNC41NCwxNS40
LDEyLDQwKjUxDQoNCiRXNU01QSwxMjA0MzAsMTgwMDA1LDY2MGQwMDI4NDQ5
Y2UyNDYsMixEQVMgMiwxMy4yLDEzLjQsMC4yLDAuNCwwLjAxLDY3MCw2NzUs
MTU2LDYyOSwwLDc2LjgsMTIuNzEsOTI0KjUyDQoNCiRXNU01QSwxMjA0MzAs
MTgwMDA1LDY2MGQwMDI4NDQ5Y2UyNDYsMyw3RjAwNzQwMjNBMDAwMDUzMzIz
MDMxMzIzMDM0MzMzMDMxMzczNDMwMzAzMDU1NUEwMDMxMzIzMDM0MzMzMDMx
MzczNDMwMkM1NDQxNDIzMDMwMzAzMDMwMkMyRDMwMzUzMTJFMzEyQzJDMzEz
MjJFMzgzMDJDMzQyRTMwMkMzMzM2MzAzMDJDMzYzMDJDMzYzMDJDMzEyQzMw
MzAzNTM3MzAyQzMzMkUzNDMyMkMzMTJFMzIzNjJDMzgzMDJDMzAyQzMwMkUz
MTM3MzEyQzJCMzAzMDJFMzAwRDBBQjgxMDhEQ0U2MEJEN0YwMDY3MDIzQTAw
MDA1NzMyMzAzMTMyMzAzNDMzMzAzMTM3MzQzMDMwMzBGRjREMDAwMDgwRkI0
NDAwMDBENzQzMDBFQzI5NDgwMDAwQTI0MjA1RDgwMTQwODIzNTFFNDFBMjNG
OTE0MDFBNjgzQzQwMzNERjMwNDFENDE1NkM0MEI1QjgzMzQxQjk3RDE5NDE2
MzI3NzY0MTFFRDk2RTQxNkJCRTQ4NDAwRTFFNDM0MTY1NkYxRTQyNzhEQjM4
M0QxNzFBMzc3REZENUI3RjAxODIwMjNBMDAwMDRCNTY0ODIwMzczMjMwMzEz
MjMwMzQzMzMwMzEzNzM0MzAzMDMwMUMwMDAwMDBBRTQ3NjEzRDBBRDdBMzNC
MUMxRTQzNDE2MjZGMUU0MjEwQUU4QTQyQTg5NDY5NDJFMTQ1NjE0MjVCMEQ2
OTQyQThDNDIwNDIxMjEyNjQ0MjEzQzVFQzQxNEY5MTYwNDI5NEEwNDg0MTVG
RkI1QTQyQTcyRDhGNDBEOUNDNEY0MkE2ODc0QzQwNUU1NjRDNDJBQzhCQjQz
RjAxMTUzMDQyQTkzMDM5M0Y4MEZDMTc0MkNGOTZCMjQzQTJFNTE4NDJDQzg2
QjA0MzI2MzYwQTQyMEVGRUFFNDMzRkE2QzI0MUMzQkRBRDQzOEUxMzcxNDFG
NjAyQUQ0MzExMUE0RDQxRkFBQkFENDM4QkI1NjM0MTA5NjhBRTQzNDcwMTU4
NDE0Q0VDQUU0MzE1Mzk3MzQxMjdBMEFGNDNBOUE1OUY0MTVGQ0RCMDQzM0Yw
QUUyNDFFMDdFQjM0M0FBMzQxMzQyOTM3NjRGNDA4MkMzMTU0Mjc4MkRCNTNG
NEVDNzBDNDI0NTU4OUIzRjA0QzExOTQyMDJDQkEyNDBCMzdCMkE0MjY1REQx
OTQxNjU1MjJBNDJFMjI0OEE0MUE3NTUzNDQyN0NCMEZBNDEzMEUxNUM0MjUx
QTNGNzQxNEFDQTUyNDJEOTY0QTgzRTZBODlGNTQwQUMzRUI3NDE2OUY4OEQ0
MUEwQTY4MTQwNTVFMjVFNDBBNTk1MjY0MDc5NDEzNjQwQjk3MzBBNDBFMjM2
NDM0MEFCMzc0RTQwNDE3NUQ5NDA1QkMwMjU0MUE3OTZDRDQwODA0QjkwNDBE
QkI2ODI0MDA1MDY5MzQwQ0NDMzhDNDA1QzUxRjAzRkVCOTc5RjNGNjI5RUFC
M0YzOUJEOEYzRjQ1MTE0NTNGOUU4MzhEM0ZEMjI5REMzRjE1RjI1MDNGRjZG
NjY5M0U1OEE4NTUzRTdCOUE5NzcxKjY3DQoNCg==

--SBD.Boundary.605592468
PROCESS /noc/users/iridburst/exec/irid_300224010734970_upd.pl
Last Run  ----1970-01-01 00:00:00 
MONTH  5 
DATA  xxrecord 2012-04-30 18:00:05 :: $W5M5A,120430,180005,660d0028449ce246,1,DAS 2,5004.9464N,1051.3811W,14.7,21,21.7,12.4,10.8,84.5,8.3,10.9,84.4,8.3,1002.1,2.94,4.54,15.4,12,40*51
 
INSERT
STATION sbdservice
IRID_ID 300224010734970
BODY 
Content-Type: application/x-zip-compressed; name="SBMmessage.sbd"
Content-Disposition: attachment; filename="300224010734970_002957.sbd"
Content-Transfer-Encoding: base64

JFc1TTVBLDEyMDQzMCwxOTAwMDUsNjYwZDAwMjg0NDljZTI0NiwxLERBUyAy
LDUwMDEuODU0OU4sMTEwNy41NTg5VywxNS4zLDMwLDIyLjAsMTIuMywxMC44
LDgzLjIsOC4wLDEwLjgsODMuMyw4LjEsMTAwMi43LDMuMjcsNC4yLDE0LjMs
MTcsNDUqNkUNCg0KJFc1TTVBLDEyMDQzMCwxOTAwMDUsNjYwZDAwMjg0NDlj
ZTI0NiwyLERBUyAyLDEzLjIsMTMuMywwLjIsMC41LDAuMDEsNjcxLDY3Niwx
NTYsNjI4LDAsNzUuOSwxMy4xMCw5MjYqNTANCg0KJFc1TTVBLDEyMDQzMCwx
OTAwMDUsNjYwZDAwMjg0NDljZTI0NiwzLDdGMDA3NDAyM0EwMDAwNTMzMjMw
MzEzMjMwMzQzMzMwMzEzODM0MzAzMDMwNTU1QTAwMzEzMjMwMzQzMzMwMzEz
ODM0MzAyQzU0NDE0MjMwMzAzMDMwMzAyQzJEMzAzNTMxMkUzMTJDMkMzMTMy
MkUzNzMzMkMzNDJFMzAyQzMzMzYzMDMwMkMzNjMwMkMzNjMwMkMzMTJDMzAz
MDM1MzczMDJDMzMyRTM0MzIyQzMxMkUzMjM2MkMzODMxMkMzMDJDMzAyRTMx
MzczMTJDMkIzMDMwMkUzMDBEMEFCQzEwM0M2MDFFNjg3RjAwNjcwMjNBMDAw
MDU3MzIzMDMxMzIzMDM0MzMzMDMxMzgzNDMwMzAzMEZGNEQwMDAwODBGQjQ0
MDAwMEQ3NDMwMEIwMzM0ODAwMDA5NDQyRUI4QzBCNDAwNzExMkU0MUJDOEQ4
NjQwRjJGQzUwNDBFMERGNTE0MTcwMzA3MTQwREZCQzQwNDE4MTIwMjQ0MTQ5
OTI2NDQxMThGNTY1NDExMzg4NUI0MDAyRTk4ODQxREQ0NTMzNDI4RUI3NjYz
RDVDMUQxNUEyQzI0RTdGMDE2QTAyM0EwMDAwNEI1NjQ4MjAzNzMyMzAzMTMy
MzAzNDMzMzAzMTM4MzQzMDMwMzAxQTAwMDAwMDhGQzI3NTNEMEFEN0EzM0Iw
OEU5ODg0MURCNDUzMzQyNTYzNjhFNDI1RkM3Nzg0MkFBRDcyQzQyREY4RDc1
NDJGOTE0MDA0Mjc4RTI2QzQyMjVDQ0FDNDEyRjU1NUQ0Mjg4Q0E0RjQxQUUx
QzRDNDI2QkZGMDI0MTA4QzIzOTQyNTBCODUyNDBGMTcxMTk0MjE3RDlCMzQz
MjI0Q0Q5NDE5NDVEQjI0M0RFRjRCNjQxQUQ4MUIwNDNDQjlCQzg0MUVCNjdB
RjQzMjBFQUM5NDFGMkRDQUY0MzI0NTdBQzQxOThCQUFGNDNGODUzOUI0MTVB
MDhBRjQzNTZCMDk1NDExQjZFQUU0M0Y2OEM3NTQxMTkwQUFFNDM0N0JFODk0
MTM2NDNBRDQzMUYzRkIwNDE3RTc0QUQ0MzU4MDlBRjQxRkQzNEFFNDMyRDY4
QkE0MTZGRENBRTQzMEQxMERCNDE2QjJDQjI0M0Q0MDAxQzQyRTI3ODE2M0ZC
NDcyMkQ0MjQyREIwODQwN0I4MzM4NDJEQkY4ODI0MUU2NjY1MDQyQ0E1NUQy
NDEwQzNBNTk0Mjk1RkZDMzQxOTI5NTVCNDIzRTBBMzk0MDQ2QThDNTQxRjdC
NDFBNDIzQkRDNDI0MTE5Qjg5ODQwQUNGQ0EzM0YyOURERTIzRkE0M0NBODQw
NjIyNUUxNDA5MjgzMUE0MUNCRjdDNzQwMkY1QzcwNDA4MjM5N0Y0MDFFRUUz
NzQwNzBDRTdENDBFM0JFMTc0MEI4QTRGOTNGMzk3RDAwNDA4NDEzMTg0MEUw
OEJGMTNGQjBBRTY4M0Y2RjM2OTUzRjk0ODA4RjNGMjM2MTU4M0ZCRTUyNzkz
RkJGOTkxNjNGQTAwRjlDQ0QqMTYNCg0K

--SBD.Boundary.605592468
PROCESS /noc/users/iridburst/exec/irid_300224010734970_upd.pl
Last Run  ----1970-01-01 00:00:00 
MONTH  5 
DATA  xxrecord 2012-04-30 19:00:05 :: $W5M5A,120430,190005,660d0028449ce246,1,DAS 2,5001.8549N,1107.5589W,15.3,30,22.0,12.3,10.8,83.2,8.0,10.8,83.3,8.1,1002.7,3.27,4.2,14.3,17,45*6E
 
INSERT
STATION sbdservice
IRID_ID 300224010734970
BODY 
Content-Type: application/x-zip-compressed; name="SBMmessage.sbd"
Content-Disposition: attachment; filename="300224010734970_002958.sbd"
Content-Transfer-Encoding: base64

JFc1TTVBLDEyMDQzMCwyMDAwMDUsNjYwZDAwMjg0NDljZTI0NiwxLERBUyAy
LDQ5NTguNzEzNU4sMTEyMy4zMDMxVywxNS4yLDE3LDI2LjEsMTIuMiwxMC44
LDgyLjMsOC4wLDEwLjksODIuNSw4LjAsMTAwMy4yLDIuNjEsMy44MSwxNC4z
LDE0LDQ5KjU1DQoNCiRXNU01QSwxMjA0MzAsMjAwMDA1LDY2MGQwMDI4NDQ5
Y2UyNDYsMixEQVMgMiwxMy4xLDEzLjMsMC4yLDAuNCwwLjAxLDY3Miw2Nzcs
MTU2LDYyOCwwLDc3LjksMTMuMTAsOTIzKjVEDQoNCiRXNU01QSwxMjA0MzAs
MjAwMDA1LDY2MGQwMDI4NDQ5Y2UyNDYsMyw3RjAwNzQwMjNBMDAwMDUzMzIz
MDMxMzIzMDM0MzMzMDMxMzkzNDMwMzAzMDU1NUEwMDMxMzIzMDM0MzMzMDMx
MzkzNDMwMkM1NDQxNDIzMDMwMzAzMDMwMkMyRDMwMzUzMTJFMzEyQzJDMzEz
MjJFMzYzNDJDMzQyRTMwMkMzMzM2MzAzMDJDMzYzMDJDMzYzMDJDMzEyQzMw
MzAzNTM3MzAyQzMzMkUzNDMyMkMzMTJFMzIzNjJDMzgzMjJDMzAyQzMwMkUz
MTM3MzIyQzJCMzAzMDJFMzAwRDBBQkYxMEE0MjMzRTFEN0YwMDY3MDIzQTAw
MDA1NzMyMzAzMTMyMzAzNDMzMzAzMTM5MzQzMDMwMzBGRjREMDAwMDgwRkI0
NDAwMDBENzQzMDA3NDNENDgwMDAwQTY0MjI3NzZERDNGNkIzMzE4NDE5MjIz
NzQ0MDlFQzUyNjQwQUEzMDNCNDFEMkY0NEI0MDJEOTUzRDQxMTM1NjFCNDE0
OTkyNjQ0MUY3MEU2NzQxQTM5MTMyNDA1MUI3NTk0MTYxNTY0MjQyNEYxQTBE
M0RGNzE5NjRGODk2ODk3RjAxODIwMjNBMDAwMDRCNTY0ODIwMzczMjMwMzEz
MjMwMzQzMzMwMzEzOTM0MzAzMDMwMUMwMDAwMDA4RkMyNzUzRDBBRDdBMzNC
NTlCNzU5NDE1QzU2NDI0MjIzOEY1QzQyN0ZCNDU4NDI5MUMxNEQ0MkU5QUE4
NjQyM0YxQjEwNDI4QzdGOTE0MjgwMThFMzQwNTkyMzgxNDJGOTA0OUY0MDBF
Q0I0NTQyMzREN0EyNDA5NTlDMzU0MjhENkU3RTNFRTNCMjMzNDIwMzE3QjE0
Mzk4NTYyQjQyMjI4NkIwNDNFOEMzMDY0MjYzNTRCMDQzNDgwQkVCNDE4RjND
QjA0M0E4QzlFQzQxRjlEOEIwNDM3NzgyRDQ0MTg3MkJCMTQzMzZGNjlCNDEw
NTA5QjE0M0ZCRTc4RjQxQTIyOEIwNDNFQTAxQTk0MTM3NkFBRjQzQ0E4QkI1
NDE5QzExQjA0M0FDQzhCRDQxRDFENEIwNDNGNTY5Qzc0MUQ5QkVCMDQzQ0I3
M0U5NDE3QjMyQjI0M0M5NzkwODQyMUUwM0FDM0Y2NzRDMUE0MkFCRDhCMjQz
NDQzRTM5NDJFQTlBQUQ0MzgzNkI0MDQyQzk2Q0IxNDNDMzkzMzY0MjA4ODZF
MTQwQzAwRTRCNDI4RTExNjg0MTgzRjg3MzQyNjVDNDg1NDFBRUM1NzY0MkJG
MEM5QjQxNDE0QjYwNDJDNTVENjI0MEQzOEU1MDQxNkM0Mjg3NDEwQzIyQzk0
MEMzQTBGODQwMEYzMDlDNDBBMzFEMUM0MDEzNzMxQzQwM0E5Nzg3NDAzRkRB
NjU0MDVBQzc2MTQwMDQ1NTYzNDAzREZDMjY0MEJDMUIzOTQwNkVEQkU2M0Y4
OEM0MTk0MDEwQ0YyMjQwMEIzNzFBNDAwODdDQjYzRjdERUNGMTNGMTQ2QURG
M0YyNzIyQTgzRkY0RkI2RTNGOEExRTE0M0ZERTkzRTgzRTlEOTU5MTNFNEEw
Mzg0M0VGRTk5ODQzRTUxQTZCNDQyKjY0DQoNCg==

--SBD.Boundary.605592468
PROCESS /noc/users/iridburst/exec/irid_300224010734970_upd.pl
Last Run  ----1970-01-01 00:00:00 
MONTH  5 
DATA  xxrecord 2012-04-30 20:00:05 :: $W5M5A,120430,200005,660d0028449ce246,1,DAS 2,4958.7135N,1123.3031W,15.2,17,26.1,12.2,10.8,82.3,8.0,10.9,82.5,8.0,1003.2,2.61,3.81,14.3,14,49*55
 
INSERT
STATION sbdservice
IRID_ID 300224010734970
BODY 
Content-Type: application/x-zip-compressed; name="SBMmessage.sbd"
Content-Disposition: attachment; filename="300224010734970_002959.sbd"
Content-Transfer-Encoding: base64

JFc1TTVBLDEyMDQzMCwyMTAwMDUsNjYwZDAwMjg0NDljZTI0NiwxLERBUyAy
LDQ5NTUuNzE1N04sMTEzOS4zOTA1VywxNC45LDE2LDIxLjksMTIuMSwxMC45
LDgyLjMsOC4wLDEwLjksODIuNSw4LjAsMTAwMy45LDMuMDgsNC42MSwxNS40
LDE1LDQzKjVGDQoNCiRXNU01QSwxMjA0MzAsMjEwMDA1LDY2MGQwMDI4NDQ5
Y2UyNDYsMixEQVMgMiwxMy4wLDEzLjIsMC4yLDAuNCwwLjAxLDY3Myw2Nzgs
MTU2LDYyOSwwLDc1LjMsMTMuMTAsOTI0KjVDDQoNCiRXNU01QSwxMjA0MzAs
MjEwMDA1LDY2MGQwMDI4NDQ5Y2UyNDYsMyw3RjAwNzQwMjNBMDAwMDUzMzIz
MDMxMzIzMDM0MzMzMDMyMzAzNDMwMzAzMDU1NUEwMDMxMzIzMDM0MzMzMDMy
MzAzNDMwMkM1NDQxNDIzMDMwMzAzMDMwMkMyRDMwMzUzMTJFMzEyQzJDMzEz
MjJFMzYzMDJDMzQyRTMwMkMzMzM2MzAzMDJDMzYzMDJDMzYzMDJDMzEyQzMw
MzAzNTM3MzAyQzMzMkUzNDMyMkMzMTJFMzIzNjJDMzgzMzJDMzAyQzMwMkUz
MTM3MzIyQzJCMzAzMDJFMzAwRDBBQjQxMDBBODgyNkFGN0YwMDY3MDIzQTAw
MDA1NzMyMzAzMTMyMzAzNDMzMzAzMjMwMzQzMDMwMzBGRjREMDAwMDgwRkI0
NDAwMDBENzQzMDAzODQ3NDgwMDAwQTY0MjAwOENGMjNGRjgyNDE5NDEzQzZC
OTM0MDI3NUU0NTQwMTZFMjNCNDE0RDgwODY0MDFDRkE0NzQxNTA4NzIxNDE2
MzI3NzY0MTJDRjQ3MTQxQzczMDUxNDBDMTNCNkY0MTEzRjkyQTQyNDM2MTQ4
M0Q1MTFBMkEyOTlFMTM3RjAxODIwMjNBMDAwMDRCNTY0ODIwMzczMjMwMzEz
MjMwMzQzMzMwMzIzMDM0MzAzMDMwMUMwMDAwMDA4RkMyNzUzRDBBRDdBMzNC
Q0IzQjZGNDExMUY5MkE0MkI3QzYzMTQyQzM3ODU4NDI4MUU0MTU0MkJEQ0E1
QTQyMjQ3MDAzNDJGQUM0NUU0MjREM0FCNjQxRENFQzZENDI4QjU5MTI0MTVE
NDA2MTQyQjZBNDEzNDA3MzUzMzA0Mjc4OENCMzQzQjQ5QjA3NDI3RjVFNEMz
RUZFRjFGOTQxNUY3MkIzNDNDNTFFRjA0MTE4NzlCMDQzNTYwNzAwNDIxRjFB
QUY0MzBGRTFGMzQxRThEOUFFNDMzMUQ3QzM0MTcyMkZBRjQzRkIwN0EyNDE5
NEU5QUY0MzRBNjlBMjQxREUwNkIwNDMwMzE0QUI0MUFBRTdBRjQzNUUxREEw
NDE5QTI2QjA0MzEyNUU5NTQxN0M3RUIwNDM0QjIyQTY0MTI4MEJCMDQzRkM1
NkE3NDE0NERCQUY0MzIxNjRDMzQxRDNDMkFFNDM3NUE0MEE0Mjc1NDlBRTQz
OEFGMTIzNDIwN0EyQjM0Mzg3MDM0NjQyMTA4OTY5NDFGNTUwNTc0MjEwRTQ5
MDQxOEIwRjRDNDI1RTlFOEQ0MTMwQzk0ODQyNzVENjZFNDE4MTJFNUE0MjBE
MzQ2QzQxMEVGRTY4NDJDMTU4ODQ0MDJCNjJGNzQxOUNDMUJGNDFBNzQ2QUQ0
MEEyRkI2RjQwMUZCMThDNDA2RURGQjg0MDc5MUJEODQwQUExNDg2NDBFQTNG
OTE0MDhGNjM4RDQwNTcxM0EzNDA4QUNDOUQ0MDRBQTUyOTQwRDNFNjUzNDBC
NUQ2N0U0MDg2QjMyNDQwMkQ4QjAzNDBDMDQ3RTgzRjFDQjJDNjNGNjg0OEVD
M0ZBQTlFOUIzRkEyNEYxRDNGMDhDQTIwM0ZDMEFBMjYzRkZGMkMwRDNGRjZF
RDREM0VCQzZBOTAzRUNCMERDNEQ0KjZGDQoNCg==

--SBD.Boundary.605592468
PROCESS /noc/users/iridburst/exec/irid_300224010734970_upd.pl
Last Run  ----1970-01-01 00:00:00 
MONTH  5 
DATA  xxrecord 2012-04-30 21:00:05 :: $W5M5A,120430,210005,660d0028449ce246,1,DAS 2,4955.7157N,1139.3905W,14.9,16,21.9,12.1,10.9,82.3,8.0,10.9,82.5,8.0,1003.9,3.08,4.61,15.4,15,43*5F
 
INSERT
STATION sbdservice
IRID_ID 300224010734970
BODY 
Content-Type: application/x-zip-compressed; name="SBMmessage.sbd"
Content-Disposition: attachment; filename="300224010734970_002960.sbd"
Content-Transfer-Encoding: base64

JFc1TTVBLDEyMDQzMCwyMjAwMDUsNjYwZDAwMjg0NDljZTI0NiwxLERBUyAy
LDQ5NTIuNTQwOE4sMTE1NS41MTkxVywxMy40LDM2LDIwLjEsMTIuMCwxMC4z
LDg1LjUsOC4wLDEwLjQsODUuNSw4LjAsMTAwNC44LDMuMSw0LjYxLDE1LjQs
MTksMzkqNjANCg0KJFc1TTVBLDEyMDQzMCwyMjAwMDUsNjYwZDAwMjg0NDlj
ZTI0NiwyLERBUyAyLDEzLjAsMTMuMiwwLjIsMC40LDAuMDEsNjc0LDY3OSwx
NTYsNjI5LDAsNzUuNiwxMy4xMCw5MjIqNUENCg0KJFc1TTVBLDEyMDQzMCwy
MjAwMDUsNjYwZDAwMjg0NDljZTI0NiwzLDdGMDA3NDAyM0EwMDAwNTMzMjMw
MzEzMjMwMzQzMzMwMzIzMTM0MzAzMDMwNTU1QTAwMzEzMjMwMzQzMzMwMzIz
MTM0MzAyQzU0NDE0MjMwMzAzMDMwMzAyQzJEMzAzNTMxMkUzMTJDMkMzMTMy
MkUzNTM3MkMzNDJFMzAyQzMzMzYzMDMwMkMzNjMwMkMzNjMwMkMzMTJDMzAz
MDM1MzczMDJDMzMyRTM0MzIyQzMxMkUzMjM2MkMzODM0MkMzMDJDMzAyRTMx
MzczMjJDMkIzMDMwMkUzMDBEMEFCQzEwM0E5RjkzNUM3RjAwNjcwMjNBMDAw
MDU3MzIzMDMxMzIzMDM0MzMzMDMyMzEzNDMwMzAzMEZGNEQwMDAwODBGQjQ0
MDAwMEQ3NDMwMEZDNTA0ODAwMDA5NDQyREZENzA1NDA2MkE4MkI0MUEwQTI5
MzQwRDY3MDQ2NDBEQjI1M0U0MTIyQ0M2RDQwM0JFMTNFNDFFQjY3MjE0MTYz
Mjc3NjQxM0U1QTZGNDFBNDIxNEY0MDc0OUQ5NTQxRjQyRDFDNDIxMEQ4NEMz
REZFMUMwQkY2Q0VBNjdGMDE2QTAyM0EwMDAwNEI1NjQ4MjAzNzMyMzAzMTMy
MzAzNDMzMzAzMjMxMzQzMDMwMzAxQTAwMDAwMDhGQzI3NTNEMEFEN0EzM0I3
QTlEOTU0MUYyMkQxQzQyMUI5NTg2NDIyRENENTY0MkYwOTA3QTQyNTNGOTVG
NDIwODAwNTE0MjU3ODU2RTQyMUJFNEI4NDE5MkU0NkY0MkIwRkNFNTQwMURB
RTI5NDI0QUEyOUM0MDE3MEZGNDQxRDI5NDQzNDBGQkQ5REM0MTcyOURCMzQz
QTZEOUMzNDFBMzQ1QjI0M0Q1NTRDNjQxQjM1OUIwNDMxNkJCRUM0MTkzQjJB
RjQzQTUzNUU4NDFEM0MzQUY0M0JGM0FEODQxQjk0OEFGNDM2OTM5RDA0MTE1
MjBBRjQzRTJDMkE1NDFFMUJFQUU0MzE1NDFBQTQxOTYxQ0FFNDM5MTBBQUM0
MTNBNDJBRTQzMzdBRDk5NDEzOUU3QUU0M0Y4RjdBNzQxMTczN0FFNDMxOEQ5
RDA0MTJGMjhBRDQzMUYwQjA2NDI3RTJCQjE0MzlGOTkxMTQyM0I5NUY0M0ZD
MjE1MDk0MkFDRkVCMjNGQUJBRjJGNDJGMTY1QjM0M0RBOTE2RjQyODM2OEQ0
NDA1RkU1ODI0MkU4OTgxNTQxQjEwOTZFNDIwMDU2Qzg0MDZBMDVDMjQxNTNG
QTUyNDE2REIwQTU0MDhFNjY0RDQwMkU5MjNCNDE0NDk5Mjg0MTFFQzAzNTQx
RDE0RTBDNDEwRDZDNDQ0MDZDQkY5NjQwREY4NzQ3NDBBMjI2RkUzRkY1MjA1
NTQwQzgyNDAzNDAzNjVCNTQ0MDZDNkJFQjNGQUM3MjEyNDBBN0U5MkQ0MDZG
NUY4RjNGOUZBOUM2M0Y1RUY1QjEzRkYzRDEzODNGRjczNTQxM0Y4MDg4RjAz
RTUyM0QwOTNGMjg1Rjg4QkYqMTANCg0K

--SBD.Boundary.605592468
PROCESS /noc/users/iridburst/exec/irid_300224010734970_upd.pl
Last Run  ----1970-01-01 00:00:00 
MONTH  5 
DATA  xxrecord 2012-04-30 22:00:05 :: $W5M5A,120430,220005,660d0028449ce246,1,DAS 2,4952.5408N,1155.5191W,13.4,36,20.1,12.0,10.3,85.5,8.0,10.4,85.5,8.0,1004.8,3.1,4.61,15.4,19,39*60
 
INSERT
STATION sbdservice
IRID_ID 300224010734970
BODY 
Content-Type: application/x-zip-compressed; name="SBMmessage.sbd"
Content-Disposition: attachment; filename="300224010734970_002961.sbd"
Content-Transfer-Encoding: base64

JFc1TTVBLDEyMDQzMCwyMzAwMDUsNjYwZDAwMjg0NDljZTI0NiwxLERBUyAy
LDQ5NDkuNTYxME4sMTIxMS43MzY2VywxNi4yLDQyLDI0LjQsMTEuNiwxMC42
LDgyLjUsNy44LDEwLjcsODIuNiw3LjgsMTAwNC44LDIuNzcsMy43MywxNC4z
LDcsNDIqNkINCg0KJFc1TTVBLDEyMDQzMCwyMzAwMDUsNjYwZDAwMjg0NDlj
ZTI0NiwyLERBUyAyLDEzLjAsMTMuMSwwLjIsMC40LDAuMDEsNjc1LDY4MCwx
NTYsNjI4LDAsNzUuNiwxMy4xMCw5MjMqNUYNCg0KJFc1TTVBLDEyMDQzMCwy
MzAwMDUsNjYwZDAwMjg0NDljZTI0NiwzLDdGMDA3NDAyM0EwMDAwNTMzMjMw
MzEzMjMwMzQzMzMwMzIzMjM0MzAzMDMwNTU1QTAwMzEzMjMwMzQzMzMwMzIz
MjM0MzAyQzU0NDE0MjMwMzAzMDMwMzAyQzJEMzAzNTMxMkUzMTJDMkMzMTMy
MkUzNTM0MkMzNDJFMzAyQzMzMzYzMDMwMkMzNjMwMkMzNjMwMkMzMTJDMzAz
MDM1MzczMDJDMzMyRTM0MzIyQzMxMkUzMjM2MkMzODM1MkMzMDJDMzAyRTMx
MzczMjJDMkIzMDMwMkUzMDBEMEFCQjEwNEFGNkZBMzg3RjAwNjcwMjNBMDAw
MDU3MzIzMDMxMzIzMDM0MzMzMDMyMzIzNDMwMzAzMEZGNEQwMDAwODBGQjQ0
MDAwMEQ3NDMwMEMwNUE0ODAwMDA5NjQyNjgyOEYwM0ZENTdEMkE0MUFFODM2
RTQwQTU3RDMxNDA0M0JBMzk0MUZGMjU1MDQwQUIxNzM0NDFBMEE5MUU0MTQ5
OTI2NDQxNzFGRjQxNDFGQTEwMzY0MEQwNkVFMDQwMDcyMDI4NDI3REUzMTgz
REVEMUMyRkE0RjJGNDdGMDE3NjAyM0EwMDAwNEI1NjQ4MjAzNzMyMzAzMTMy
MzAzNDMzMzAzMjMyMzQzMDMwMzAxQjAwMDAwMEI4MUU4NTNEMEFEN0EzM0JG
NzZFRTA0MDA1MjAyODQyMkM0MDI4NDJGQjY2OEQ0MjQ3OERGNzQxMEI3Mjg3
NDI4Q0I5OUQ0MUEzMDY3MDQyNzhCMDRENDE0RkUzMzk0MkIzNEMxNzQxNEVF
QTAzNDI1OEU3Qzc0MDExNjJGRDQxQkJBN0IzNDM0QUQ5RUY0MTQ1MERCMjQz
MkE2N0NENDEyQjk4QjE0M0U1QzZCRDQxNjkzMEIwNDM2QkQxQ0U0MTlFMEVB
RDQzMkM4RTA4NDI1NzZFQUI0M0JFMkIxODQyOTAyRkFDNDM2RDFGMUQ0MjZE
NDlBRDQzQzJGRTBENDJCRjBDQUU0M0M3RTRDQjQxMzg1QUFGNDMwMkMxREQ0
MTExNThCMTQzMjgxMzBDNDIzQzY0QUY0Mzk4QzAxRDQyQjkxMkFDNDNFMDlF
M0U0MkI1OUFCMTQzNkUxNDUzNDI4MkUwQjI0MzEwOUI0RTQyMjkxRkFGNDNC
QTAwNTc0MjQ5ODVBQjQzMkNDRTcxNDIyMjlGQUI0MzU2MTU4NTQyMzlCQ0FB
NDM2NDRBOEE0MjY2NzJBRjQzNkZDMTg4NDI3RDA2QjM0Mzg5OTg4NTQyMDFF
NEJCNDAwQUU2Mzk0MUFFMzUxNzQxNUUzMEFGNDBDQzc0Mjc0MUU5RUMyNjQx
OEVBNzEyNDEwNDk0MTM0MUJGOEVBODQwMUJCNzNGNDAzMTBBMEE0MEZCNUYy
ODQwQTgxQTA3NDBFNjFEOUYzRjk3RkQxODQwREUyQkQxM0ZCMkFEQjAzRjc4
NDg4MDNGQjBBRUYyM0VEQzQzMDczRjRGM0Y5NzNGM0NFNzhFM0YwRjgxMDEz
RjUwMUZBOTNFMUFDMDgxM0U5NjgyMDUzRUZCOTkyQjNFODhCM0ZCRUUqNkEN
Cg0K

--SBD.Boundary.605592468
PROCESS /noc/users/iridburst/exec/irid_300224010734970_upd.pl
Last Run  ----1970-01-01 00:00:00 
MONTH  5 
DATA  xxrecord 2012-04-30 23:00:05 :: $W5M5A,120430,230005,660d0028449ce246,1,DAS 2,4949.5610N,1211.7366W,16.2,42,24.4,11.6,10.6,82.5,7.8,10.7,82.6,7.8,1004.8,2.77,3.73,14.3,7,42*6B
 
INSERT
STATION sbdservice
IRID_ID 300224010734970
BODY 
Content-Type: application/x-zip-compressed; name="SBMmessage.sbd"
Content-Disposition: attachment; filename="300224010734970_002962.sbd"
Content-Transfer-Encoding: base64

JFc1TTVBLDEyMDUwMSwwMDAwMDUsNjYwZDAwMjg0NDljZTI0NiwxLERBUyAy
LDQ5NDYuNTExMk4sMTIyNy45ODYyVywxNS4yLDM3LDIzLjIsMTEuNiwxMC44
LDgxLjQsNy43LDEwLjgsODEuNiw3LjgsMTAwNS4yLDMsMy45LDE0LjMsMTUs
NDMqNDMNCg0KJFc1TTVBLDEyMDUwMSwwMDAwMDUsNjYwZDAwMjg0NDljZTI0
NiwyLERBUyAyLDEzLjAsMTMuMSwwLjIsMC40LDAuMDEsNjc2LDY4MSwxNTYs
NjI5LDAsNzMuOSwxMy4xMCw5MjQqNTANCg0KJFc1TTVBLDEyMDUwMSwwMDAw
MDUsNjYwZDAwMjg0NDljZTI0NiwzLDdGMDA3NDAyM0EwMDAwNTMzMjMwMzEz
MjMwMzQzMzMwMzIzMzM0MzAzMDMwNTU1QTAwMzEzMjMwMzQzMzMwMzIzMzM0
MzAyQzU0NDE0MjMwMzAzMDMwMzAyQzJEMzAzNTMxMkUzMTJDMkMzMTMyMkUz
NTMyMkMzNDJFMzAyQzMzMzYzMDMwMkMzNjMwMkMzNjMwMkMzMTJDMzAzMDM1
MzczMDJDMzMyRTM0MzIyQzMxMkUzMjM2MkMzODM2MkMzMDJDMzAyRTMxMzcz
MjJDMkIzMDMwMkUzMDBEMEFCQjEwNUZFQzRGNDg3RjAwNjcwMjNBMDAwMDU3
MzIzMDMxMzIzMDM0MzMzMDMyMzMzNDMwMzAzMEZGNEQwMDAwODBGQjQ0MDAw
MEQ3NDMwMDg0NjQ0ODAwMDBBMDQyNEIzRUVDM0ZDNUZCMUY0MTFFREI3OTQw
NUYzNjQwNDBENEQwM0M0MTlFNUQ2QTQwQkIzRDM4NDE4NTY1MjQ0MTQ5OTI2
NDQxMzk2RDVBNDE1RjBCNDU0MDhFQzc2RDQxOTI1QzJENDJDQzExMzUzREI3
MUI4NURBMTlBRjdGMDE3NjAyM0EwMDAwNEI1NjQ4MjAzNzMyMzAzMTMyMzAz
NDMzMzAzMjMzMzQzMDMwMzAxQjAwMDAwMDhGQzI3NTNEMEFEN0EzM0I5NUM3
NkQ0MTkyNUMyRDQyODM1MDY2NDJFQzBFNjk0MjkzOUI0NTQyMDdEQjc1NDJD
M0E1MEU0MkUzQzU2RTQyQTJDMTlBNDEzRDUxNTU0MjRCNTMyMTQxMDNERjNB
NDIxRjgyQzM0MDVGRjQwRTQyMjRENDEyNDAxODVBREI0MUNDMjRBMTNFREM3
Q0MwNDE1MjBCQjM0MzM5MzYwOTQyRDE5MkIxNDNCODI1MUI0MjZGMzdCMTQz
QTkxQjAzNDI5QjhDQjE0MzA5MDNFNzQxMjNDM0IxNDMxRTUzMEM0MkI3MURB
RjQzQURFMzMxNDI3Q0QyQUQ0M0JBODgwRjQyOEYwMEFGNDNBNERGRDM0MTIz
NzFBRjQzQUE3N0UwNDEyN0VCQUQ0MzJFNkVFQTQxMkVGREFDNDMzOTQ0RUE0
MTk4RjlBRDQzQjZGNTAwNDI4ODlBQUM0M0E5MzgxODQyNTE3M0FDNDMyRTA4
M0I0MjE3Q0JCQjNGNDQ1MjUzNDJBMTg0NUI0MTMwOUM0RjQyQjMzRUY3NDA4
RUIxNUE0MjU4QkRCMzQzRjNBMTU5NDIzQkZEQjM0MzRFQUU1NTQyNTdFNjk3
NDBGQUIzN0Q0MUU4NkY5MDQxQ0EzOTAzNDE3NzJBQjI0MEE5QTdFODQwNTY5
MjcwNDFEQjU0MEM0MTA5N0IzMzQwRTc3RjJGNDBGMEFBOUE0MDkyRjk4MDQw
MDBBMTFDNDA4NDQ4OTQzRjBCMzhFRjNGRDAzQzZCNDA0RTBCRjgzRjZCM0ZC
MjNGQ0RDNjg4M0ZFQkQ4NjgzRjg5RkY1QjNGQzQ4MjgyM0ZGREQ2NDMzRkEx
NTcyNzNGOTM2QUZCM0VEMjdGREIzRTJDNjBCQzNFRTYwODBBMjEqNkUNCg0K

--SBD.Boundary.605592468
PROCESS /noc/users/iridburst/exec/irid_300224010734970_upd.pl
Last Run  ----1970-01-01 00:00:00 
MONTH  5 
DATA  xxrecord 2012-05-01 00:00:05 :: $W5M5A,120501,000005,660d0028449ce246,1,DAS 2,4946.5112N,1227.9862W,15.2,37,23.2,11.6,10.8,81.4,7.7,10.8,81.6,7.8,1005.2,3,3.9,14.3,15,43*43
 
INSERT
STATION sbdservice
IRID_ID 300224010734970
BODY 
Content-Type: application/x-zip-compressed; name="SBMmessage.sbd"
Content-Disposition: attachment; filename="300224010734970_002963.sbd"
Content-Transfer-Encoding: base64

JFc1TTVBLDEyMDUwMSwwMTAwMDUsNjYwZDAwMjg0NDljZTI0NiwxLERBUyAy
LDQ5NDMuMTkzOE4sMTI0NC4zMjEyVywxNy4wLDM5LDIyLjcsMTEuNywxMC43
LDgyLjIsNy44LDEwLjcsODIuMyw3LjgsMTAwNS4yLDIuNzIsNC4wOCwxNS40
LDMwLDQ3KjVGDQoNCiRXNU01QSwxMjA1MDEsMDEwMDA1LDY2MGQwMDI4NDQ5
Y2UyNDYsMixEQVMgMiwxMi45LDEzLjEsMC4yLDAuNSwwLjAxLDY3Nyw2ODIs
MTU2LDYyOSwwLDc0LjAsMTIuNzEsOTI0KjUyDQoNCiRXNU01QSwxMjA1MDEs
MDEwMDA1LDY2MGQwMDI4NDQ5Y2UyNDYsMyw3RjAwNzQwMjNBMDAwMDUzMzIz
MDMxMzIzMDM1MzAzMTMwMzAzNDMwMzAzMDU1NUEwMDMxMzIzMDM1MzAzMTMw
MzAzNDMwMkM1NDQxNDIzMDMwMzAzMDMwMkMyRDMwMzUzMTJFMzEyQzJDMzEz
MjJFMzUzMDJDMzQyRTMwMkMzMzM2MzAzMDJDMzYzMDJDMzYzMDJDMzEyQzMw
MzAzNTM3MzAyQzMzMkUzNDMyMkMzMTJFMzIzNjJDMzgzNzJDMzAyQzMwMkUz
MTM3MzIyQzJCMzAzMDJFMzAwRDBBQjQxMERERENBM0I1N0YwMDY3MDIzQTAw
MDA1NzMyMzAzMTMyMzAzNTMwMzEzMDMwMzQzMDMwMzBGRjREMDAwMDgwRkI0
NDAwODBGQTQzMDAwMDdBNDUwMDAwOTA0MkI5NzZFMTNGMTI2MDMxNDE4MDcx
ODI0MDQzRDEyRDQwMDEyNTRCNDFEREI0NTM0MDY3QUQ0QjQxRTAzODI3NDE2
MzI3NzY0MTBDNzM3NTQxQTE5QTMwNDA3NTQ0RUU0MTAzQ0YzOTQyRkYwNjA4
M0Q1NjFCOURBOTNCQzg3RjAxOEUwMjNBMDAwMDRCNTY0ODIwMzczMjMwMzEz
MjMwMzUzMDMxMzAzMDM0MzAzMDMwMUQwMDAwMDBBRTQ3NjEzRDBBRDdBMzNC
Nzg0NEVFNDEwMENGMzk0MjQ3ODI1NzQyRUY4RjVDNDJENEQyODQ0MjgxQjU2
ODQyRTgzMzk0NDI2MUQ1NzU0MkI0REY5MzQyOTdGRTg1NDIwQ0Y1QTc0MURE
MUM3NzQyRTVENjNENDE1ODc5NDA0MjA2RTVDRDQwQzE0MjIwNDI1NDVFMjc0
MEFFMEJEMzQxODk3QURBM0Y3MjY4QjQ0MTc0MzJCMjQzNEYwQUUyNDE0OEYx
QUY0MzM3MzFGODQxQUQ1OUFGNDNDNzkwMDI0MkU1NEZBRTQzMzI4NURFNDE5
NEYyQUU0M0M2NzdBODQxODM4MkFGNDM4OTAyQkI0MThFNERBRjQzMzI4MEVC
NDEwQUFEQUY0M0YzNjNGMzQxNDE0REIwNDNBQUIzRUM0MThFRjNBRjQzMzNC
M0Y0NDFFMTU4QUU0M0Q0QjgwNDQyNzkxMkFFNDM1NUY0MjE0MjI1RTRCMzQz
NEVDNDJFNDI2MTg2RjA0MEU0OTYxQjQyMDYwRjI0NDA1OEYxMkI0MjFENUVC
MzQzRTU4MDM4NDI3RjJDQjI0MzQ3NDIzNDQyQTVEOEIxNDM4NDQ5NUI0Mjk5
RUFGNDQwQzA0Rjg2NDI0RUNBMDA0MkE1QTY3RTQyM0QzNjcwM0U1Mzk3RTY0
MEFCMzZCNzQxNkRFMzAwNDEwOTFDQTc0MDExOERGRDQwNzI4RTgzNDA4ODQ0
RDk0MDMzNzdCQTQwOThGNjJFNDA2RjEzMzU0MDNCQzgxNTQwNzUxNTA0NDBE
MjNFMkY0MEYwQjhGODNGMDk0NUI2M0YyMkJFQzIzRjM5MDhFRTNGMDJBRDgx
M0Y5REZCMkIzRjVDNTgwRjNGMzAxMzA1M0YyMjNBNDgzRjI4MzEzNjNGNzRB
MDUzM0ZENDMwMTUzRjQ2M0M3RDNFMUYzMjZCM0U2MEQ0NjEzRUMwNTdBNzMx
KjEyDQoNCg==

--SBD.Boundary.605592468
PROCESS /noc/users/iridburst/exec/irid_300224010734970_upd.pl
Last Run  ----1970-01-01 00:00:00 
MONTH  5 
DATA  xxrecord 2012-05-01 01:00:05 :: $W5M5A,120501,010005,660d0028449ce246,1,DAS 2,4943.1938N,1244.3212W,17.0,39,22.7,11.7,10.7,82.2,7.8,10.7,82.3,7.8,1005.2,2.72,4.08,15.4,30,47*5F
 
INSERT
STATION sbdservice
IRID_ID 300224010734970
BODY 
Content-Type: application/x-zip-compressed; name="SBMmessage.sbd"
Content-Disposition: attachment; filename="300224010734970_002964.sbd"
Content-Transfer-Encoding: base64

JFc1TTVBLDEyMDUwMSwwMjAwMDUsNjYwZDAwMjg0NDljZTI0NiwxLERBUyAy
LDQ5MzkuNjM4NE4sMTMwMC45MjU2VywxNi43LDM2LDIzLjAsMTEuOCwxMC43
LDgzLjQsOC4wLDEwLjgsODMuNyw4LjEsMTAwNS4xLDMuMjksNS4zLDE1LjQs
MjcsNDgqNjMNCg0KJFc1TTVBLDEyMDUwMSwwMjAwMDUsNjYwZDAwMjg0NDlj
ZTI0NiwyLERBUyAyLDEyLjksMTMuMSwwLjIsMC40LDAuMDEsNjc4LDY4Mywx
NTYsNjI4LDAsNzQuMywxMy4xMCw5MjIqNUMNCg0KJFc1TTVBLDEyMDUwMSww
MjAwMDUsNjYwZDAwMjg0NDljZTI0NiwzLDdGMDA3NDAyM0EwMDAwNTMzMjMw
MzEzMjMwMzUzMDMxMzAzMTM0MzAzMDMwNTU1QTAwMzEzMjMwMzUzMDMxMzAz
MTM0MzAyQzU0NDE0MjMwMzAzMDMwMzAyQzJEMzAzNTMxMkUzMTJDMkMzMTMy
MkUzNDM4MkMzNDJFMzAyQzMzMzYzMDMwMkMzNjMwMkMzNjMwMkMzMTJDMzAz
MDM1MzczMDJDMzMyRTM0MzIyQzMxMkUzMjM2MkMzODM4MkMzMDJDMzAyRTMx
MzczMzJDMkIzMDMwMkUzMDBEMEFCRTEwMDk5RTE2OUU3RjAwNjcwMjNBMDAw
MDU3MzIzMDMxMzIzMDM1MzAzMTMwMzEzNDMwMzAzMEZGNEQwMDAwODBGQjQ0
MDA4MEZBNDMwMEMwNUE0NjAwMDA4RTQyMEUyMTA2NDBCMTc1MzE0MUEyQUNB
OTQwMTE0QjUyNDBEOTgyNEY0MUUwMzY3QzQwOTU1MjVDNDFGQzQ2MkM0MTYz
Mjc3NjQxNjhGNDc0NDExQjI4NUM0MEE1NUZEOTQxMENBRjQxNDIwOUJBNUYz
RDA2MUNEMkY5RUY0ODdGMDE4MjAyM0EwMDAwNEI1NjQ4MjAzNzMyMzAzMTMy
MzAzNTMwMzEzMDMxMzQzMDMwMzAxQzAwMDAwMEFFNDc2MTNEMEFEN0EzM0JB
NzVGRDk0MTBCQUY0MTQyNkE3RDk4NDIzRTJBNUY0MjM4RTU4NDQyOTE2QzY0
NDJEOTIzNkU0MkE1RDk2NTQyMzhDNTQzNDJFMTBENkI0MjVEMjM5NTQxRjkw
QjZDNDJDNDdGQjM0MzU0NUU1NjQyNzc3MEIzNDNENkU5M0Y0MjBGOUYzNTQw
RkE1QTE0NDI0QkNEMkU0MEVFMjdDRDQxREU0MUIxNDM3MjYzRkM0MTM4RjVB
RDQzNDY0Q0ZDNDExNjQ2QUU0MzY2QjFENjQxMkVERUFFNDNFODFFREQ0MTIy
QkFBRDQzQUQ5Q0VDNDE4NzJCQUQ0MzA1NjJDQzQxNDcyQkFFNDMyMEY2RDk0
MTQ3NjhBRTQzNTQyMTBFNDJBMEIxQUY0MzM4NUExMjQyQkZFRUIwNDM1MDNB
MDc0MjkwNDNBRjQzNEVFM0VBNDEyQTExQUU0M0JCNEJDODQxNEU5NEFGNDMw
MjY2RkE0MUVDMThCMzQzRTdGODE4NDI5ODUzODQzRkFBODAyOTQyMjBBOUIz
NDNGMTBEM0M0MkIwQjVFQTQwQUMyQzQ3NDI1MUUxNkI0MTFFRTY0NzQyMzM4
Nzc3NDE4MzM4NTI0MjZBMjgxRDNGQjcyRjE3NDEwRkIxMUI0MkM5NTlCMjQx
RDcxQTExNDEzQzMyMTE0MUU5RTJGQzQwQjA2N0U4NDBCNDM4Qzg0MEE3NjY1
MDQwQzJDQzg3NDBBOTQ4ODg0MDFBNzYyNTQwOUM5ODBGNDA3N0Y2MzA0MDdF
MzhCRDNGQzM3MUNFM0Y1MUJCMDQ0MEUwMzJFODNGMjI1MkMyM0Y5QzYyQzgz
RjU2MTE5MDNGMjE1MUFEM0Y1RUNEOUYzRjA5N0MyQTNGMERBNjFDM0Y1MjYz
MzIzRkIyRDMwRTNGODcxRjkzNUYqMTINCg0K

--SBD.Boundary.605592468
PROCESS /noc/users/iridburst/exec/irid_300224010734970_upd.pl
Last Run  ----1970-01-01 00:00:00 
MONTH  5 
DATA  xxrecord 2012-05-01 02:00:05 :: $W5M5A,120501,020005,660d0028449ce246,1,DAS 2,4939.6384N,1300.9256W,16.7,36,23.0,11.8,10.7,83.4,8.0,10.8,83.7,8.1,1005.1,3.29,5.3,15.4,27,48*63
 
INSERT
STATION sbdservice
IRID_ID 300224010734970
BODY --

From sbdservice@sbd.iridium.com Tue May 1 04:01:19 2012
Return-Path: <sbdservice@sbd.iridium.com>
Received: from istbsp02.sbd.iridium.com (outbound.sbd.iridium.com [12.47.179.11])
	by mercury.noc.soton.ac.uk (8.13.1/8.12.11) with ESMTP id q4131Eq8030891
	for <iridburst@noc.soton.ac.uk>; Tue, 1 May 2012 04:01:14 +0100
Reply-To: <sbdservice@sbd.iridium.com>
From: sbdservice@sbd.iridium.com
To: iridburst@noc.soton.ac.uk
Subject: SBD Msg From Unit: 300224010734970
MIME-Version: 1.0
Content-Type: multipart/mixed;boundary="SBD.Boundary.605592468"
Message-Id: <19740412024625.AA5D6CFA3B520B17@istbsp02.sbd.iridium.com>
Date: Tue,  1 May 2012 03:01:14 +0000 (GMT)
X-NOCS-MailScanner-Information: Please contact the ISP for more information
X-NOCS-MailScanner-ID: q4131Eq8030891
X-NOCS-MailScanner: Found to be clean
X-NOCS-MailScanner-SpamCheck: not spam (whitelisted),
	SpamAssassin (not cached, score=-6.599, required 5,
	autolearn=not spam, BAYES_00 -2.60, RCVD_IN_DNSWL_MED -4.00)
X-NOCS-MailScanner-From: sbdservice@sbd.iridium.com
X-Spam-Status: No

SBM Message
--SBD.Boundary.605592468
PROCESS /noc/users/iridburst/exec/irid_300224010734970_upd.pl
Last Run  ----1970-01-01 00:00:00 
MONTH  5 
DATA  xxrecord 2012-05-01 02:00:05 :: $W5M5A,120501,020005,660d0028449ce246,1,DAS 2,4939.6384N,1300.9256W,16.7,36,23.0,11.8,10.7,83.4,8.0,10.8,83.7,8.1,1005.1,3.29,5.3,15.4,27,48*63
 
STATION sbdservice
IRID_ID 300224010734970
BODY --

From sbdservice@sbd.iridium.com Tue May 1 05:00:50 2012
Return-Path: <sbdservice@sbd.iridium.com>
Received: from istbsp02.sbd.iridium.com (outbound.sbd.iridium.com [12.47.179.11])
	by mercury.noc.soton.ac.uk (8.13.1/8.12.11) with ESMTP id q4140iDL004333
	for <iridburst@noc.soton.ac.uk>; Tue, 1 May 2012 05:00:45 +0100
Reply-To: <sbdservice@sbd.iridium.com>
From: sbdservice@sbd.iridium.com
To: iridburst@noc.soton.ac.uk
Subject: SBD Msg From Unit: 300224010734970
MIME-Version: 1.0
Content-Type: multipart/mixed;boundary="SBD.Boundary.605592468"
Message-Id: <19740412024625.5FBC4EDBFB539A00@istbsp02.sbd.iridium.com>
Date: Tue,  1 May 2012 04:00:43 +0000 (GMT)
X-NOCS-MailScanner-Information: Please contact the ISP for more information
X-NOCS-MailScanner-ID: q4140iDL004333
X-NOCS-MailScanner: Found to be clean
X-NOCS-MailScanner-SpamCheck: not spam (whitelisted),
	SpamAssassin (not cached, score=-6.599, required 5,
	autolearn=not spam, BAYES_00 -2.60, RCVD_IN_DNSWL_MED -4.00)
X-NOCS-MailScanner-From: sbdservice@sbd.iridium.com
X-Spam-Status: No

SBM Message
--SBD.Boundary.605592468
PROCESS /noc/users/iridburst/exec/irid_300224010734970_upd.pl
Last Run  ----1970-01-01 00:00:00 
MONTH  5 
DATA  xxrecord 2012-05-01 02:00:05 :: $W5M5A,120501,020005,660d0028449ce246,1,DAS 2,4939.6384N,1300.9256W,16.7,36,23.0,11.8,10.7,83.4,8.0,10.8,83.7,8.1,1005.1,3.29,5.3,15.4,27,48*63
 
STATION sbdservice
IRID_ID 300224010734970
BODY --

From sbdservice@sbd.iridium.com Tue May 1 06:00:53 2012
Return-Path: <sbdservice@sbd.iridium.com>
Received: from istbsp01.sbd.iridium.com (outbound.sbd.iridium.com [12.47.179.11])
	by mercury.noc.soton.ac.uk (8.13.1/8.12.11) with ESMTP id q4150m9s009335
	for <iridburst@noc.soton.ac.uk>; Tue, 1 May 2012 06:00:48 +0100
Reply-To: <sbdservice@sbd.iridium.com>
From: sbdservice@sbd.iridium.com
To: iridburst@noc.soton.ac.uk
Subject: SBD Msg From Unit: 300224010734970
MIME-Version: 1.0
Content-Type: multipart/mixed;boundary="SBD.Boundary.605592468"
Message-Id: <19740412024625.F6387CCA770F1DDC@istbsp01.sbd.iridium.com>
Date: Tue,  1 May 2012 05:00:47 +0000 (GMT)
X-NOCS-MailScanner-Information: Please contact the ISP for more information
X-NOCS-MailScanner-ID: q4150m9s009335
X-NOCS-MailScanner: Found to be clean
X-NOCS-MailScanner-SpamCheck: not spam (whitelisted),
	SpamAssassin (not cached, score=-6.599, required 5,
	autolearn=not spam, BAYES_00 -2.60, RCVD_IN_DNSWL_MED -4.00)
X-NOCS-MailScanner-From: sbdservice@sbd.iridium.com
X-Spam-Status: No

SBM Message
--SBD.Boundary.605592468
PROCESS /noc/users/iridburst/exec/irid_300224010734970_upd.pl
Last Run  ----1970-01-01 00:00:00 
MONTH  5 
DATA  xxrecord 2012-05-01 02:00:05 :: $W5M5A,120501,020005,660d0028449ce246,1,DAS 2,4939.6384N,1300.9256W,16.7,36,23.0,11.8,10.7,83.4,8.0,10.8,83.7,8.1,1005.1,3.29,5.3,15.4,27,48*63
 
STATION sbdservice
IRID_ID 300224010734970
BODY --

From sbdservice@sbd.iridium.com Tue May 1 07:00:49 2012
Return-Path: <sbdservice@sbd.iridium.com>
Received: from istbsp01.sbd.iridium.com (outbound.sbd.iridium.com [12.47.179.11])
	by mercury.noc.soton.ac.uk (8.13.1/8.12.11) with ESMTP id q4160i4D016954
	for <iridburst@noc.soton.ac.uk>; Tue, 1 May 2012 07:00:44 +0100
Reply-To: <sbdservice@sbd.iridium.com>
From: sbdservice@sbd.iridium.com
To: iridburst@noc.soton.ac.uk
Subject: SBD Msg From Unit: 300224010734970
MIME-Version: 1.0
Content-Type: multipart/mixed;boundary="SBD.Boundary.605592468"
Message-Id: <19740412024625.C6255FD8772FB993@istbsp01.sbd.iridium.com>
Date: Tue,  1 May 2012 06:00:44 +0000 (GMT)
X-NOCS-MailScanner-Information: Please contact the ISP for more information
X-NOCS-MailScanner-ID: q4160i4D016954
X-NOCS-MailScanner: Found to be clean
X-NOCS-MailScanner-SpamCheck: not spam (whitelisted),
	SpamAssassin (not cached, score=-6.599, required 5,
	autolearn=not spam, BAYES_00 -2.60, RCVD_IN_DNSWL_MED -4.00)
X-NOCS-MailScanner-From: sbdservice@sbd.iridium.com
X-Spam-Status: No

SBM Message
--SBD.Boundary.605592468
PROCESS /noc/users/iridburst/exec/irid_300224010734970_upd.pl
Last Run  ----1970-01-01 00:00:00 
MONTH  5 
DATA  xxrecord 2012-05-01 02:00:05 :: $W5M5A,120501,020005,660d0028449ce246,1,DAS 2,4939.6384N,1300.9256W,16.7,36,23.0,11.8,10.7,83.4,8.0,10.8,83.7,8.1,1005.1,3.29,5.3,15.4,27,48*63
 
STATION sbdservice
IRID_ID 300224010734970
BODY --

From sbdservice@sbd.iridium.com Tue May 1 08:00:59 2012
Return-Path: <sbdservice@sbd.iridium.com>
Received: from istbsp02.sbd.iridium.com (outbound.sbd.iridium.com [12.47.179.11])
	by mercury.noc.soton.ac.uk (8.13.1/8.12.11) with ESMTP id q4170r0j023136
	for <iridburst@noc.soton.ac.uk>; Tue, 1 May 2012 08:00:53 +0100
Reply-To: <sbdservice@sbd.iridium.com>
From: sbdservice@sbd.iridium.com
To: iridburst@noc.soton.ac.uk
Subject: SBD Msg From Unit: 300224010734970
MIME-Version: 1.0
Content-Type: multipart/mixed;boundary="SBD.Boundary.605592468"
Message-Id: <19740412024625.CC236FEBF360541E@istbsp02.sbd.iridium.com>
Date: Tue,  1 May 2012 07:00:52 +0000 (GMT)
X-NOCS-MailScanner-Information: Please contact the ISP for more information
X-NOCS-MailScanner-ID: q4170r0j023136
X-NOCS-MailScanner: Found to be clean
X-NOCS-MailScanner-SpamCheck: not spam (whitelisted),
	SpamAssassin (not cached, score=-6.599, required 5,
	autolearn=not spam, BAYES_00 -2.60, RCVD_IN_DNSWL_MED -4.00)
X-NOCS-MailScanner-From: sbdservice@sbd.iridium.com
X-Spam-Status: No

SBM Message
--SBD.Boundary.605592468
PROCESS /noc/users/iridburst/exec/irid_300224010734970_upd.pl
Last Run  ----1970-01-01 00:00:00 
MONTH  5 
DATA  xxrecord 2012-05-01 02:00:05 :: $W5M5A,120501,020005,660d0028449ce246,1,DAS 2,4939.6384N,1300.9256W,16.7,36,23.0,11.8,10.7,83.4,8.0,10.8,83.7,8.1,1005.1,3.29,5.3,15.4,27,48*63
 
STATION sbdservice
IRID_ID 300224010734970
BODY --

From sbdservice@sbd.iridium.com Tue May 1 09:00:53 2012
Return-Path: <sbdservice@sbd.iridium.com>
Received: from istbsp02.sbd.iridium.com (outbound.sbd.iridium.com [12.47.179.11])
	by mercury.noc.soton.ac.uk (8.13.1/8.12.11) with ESMTP id q4180kke001515
	for <iridburst@noc.soton.ac.uk>; Tue, 1 May 2012 09:00:46 +0100
Reply-To: <sbdservice@sbd.iridium.com>
From: sbdservice@sbd.iridium.com
To: iridburst@noc.soton.ac.uk
Subject: SBD Msg From Unit: 300224010734970
MIME-Version: 1.0
Content-Type: multipart/mixed;boundary="SBD.Boundary.605592468"
Message-Id: <19740412024625.FE527FEA7F62F490@istbsp02.sbd.iridium.com>
Date: Tue,  1 May 2012 08:00:45 +0000 (GMT)
X-NOCS-MailScanner-Information: Please contact the ISP for more information
X-NOCS-MailScanner-ID: q4180kke001515
X-NOCS-MailScanner: Found to be clean
X-NOCS-MailScanner-SpamCheck: not spam (whitelisted),
	SpamAssassin (not cached, score=-6.599, required 5,
	autolearn=not spam, BAYES_00 -2.60, RCVD_IN_DNSWL_MED -4.00)
X-NOCS-MailScanner-From: sbdservice@sbd.iridium.com
X-Spam-Status: No

SBM Message
--SBD.Boundary.605592468
PROCESS /noc/users/iridburst/exec/irid_300224010734970_upd.pl
Last Run  ----1970-01-01 00:00:00 
MONTH  5 
DATA  xxrecord 2012-05-01 02:00:05 :: $W5M5A,120501,020005,660d0028449ce246,1,DAS 2,4939.6384N,1300.9256W,16.7,36,23.0,11.8,10.7,83.4,8.0,10.8,83.7,8.1,1005.1,3.29,5.3,15.4,27,48*63
 
STATION sbdservice
IRID_ID 300224010734970
BODY --

From sbdservice@sbd.iridium.com Tue May 1 10:00:56 2012
Return-Path: <sbdservice@sbd.iridium.com>
Received: from istbsp02.sbd.iridium.com (outbound.sbd.iridium.com [12.47.179.11])
	by mercury.noc.soton.ac.uk (8.13.1/8.12.11) with ESMTP id q4190jwC010576
	for <iridburst@noc.soton.ac.uk>; Tue, 1 May 2012 10:00:45 +0100
Reply-To: <sbdservice@sbd.iridium.com>
From: sbdservice@sbd.iridium.com
To: iridburst@noc.soton.ac.uk
Subject: SBD Msg From Unit: 300224010734970
MIME-Version: 1.0
Content-Type: multipart/mixed;boundary="SBD.Boundary.605592468"
Message-Id: <19740412024625.CE224DE8F77332A9@istbsp02.sbd.iridium.com>
Date: Tue,  1 May 2012 09:00:44 +0000 (GMT)
X-NOCS-MailScanner-Information: Please contact the ISP for more information
X-NOCS-MailScanner-ID: q4190jwC010576
X-NOCS-MailScanner: Found to be clean
X-NOCS-MailScanner-SpamCheck: not spam (whitelisted),
	SpamAssassin (not cached, score=-6.599, required 5,
	autolearn=not spam, BAYES_00 -2.60, RCVD_IN_DNSWL_MED -4.00)
X-NOCS-MailScanner-From: sbdservice@sbd.iridium.com
X-Spam-Status: No

SBM Message
--SBD.Boundary.605592468
PROCESS /noc/users/iridburst/exec/irid_300224010734970_upd.pl
Last Run  ----1970-01-01 00:00:00 
MONTH  5 
DATA  xxrecord 2012-05-01 02:00:05 :: $W5M5A,120501,020005,660d0028449ce246,1,DAS 2,4939.6384N,1300.9256W,16.7,36,23.0,11.8,10.7,83.4,8.0,10.8,83.7,8.1,1005.1,3.29,5.3,15.4,27,48*63
 
STATION sbdservice
IRID_ID 300224010734970
BODY --

From sbdservice@sbd.iridium.com Tue May 1 11:02:10 2012
Return-Path: <sbdservice@sbd.iridium.com>
Received: from istbsp02.sbd.iridium.com (outbound.sbd.iridium.com [12.47.179.11])
	by mercury.noc.soton.ac.uk (8.13.1/8.12.11) with ESMTP id q41A23RO020837
	for <iridburst@noc.soton.ac.uk>; Tue, 1 May 2012 11:02:04 +0100
Reply-To: <sbdservice@sbd.iridium.com>
From: sbdservice@sbd.iridium.com
To: iridburst@noc.soton.ac.uk
Subject: SBD Msg From Unit: 300224010734970
MIME-Version: 1.0
Content-Type: multipart/mixed;boundary="SBD.Boundary.605592468"
Message-Id: <19740412024625.A7745EE87771272A@istbsp02.sbd.iridium.com>
Date: Tue,  1 May 2012 10:00:46 +0000 (GMT)
X-NOCS-MailScanner-Information: Please contact the ISP for more information
X-NOCS-MailScanner-ID: q41A23RO020837
X-NOCS-MailScanner: Found to be clean
X-NOCS-MailScanner-SpamCheck: not spam (whitelisted),
	SpamAssassin (not cached, score=-6.599, required 5,
	autolearn=not spam, BAYES_00 -2.60, RCVD_IN_DNSWL_MED -4.00)
X-NOCS-MailScanner-From: sbdservice@sbd.iridium.com
X-Spam-Status: No

SBM Message
--SBD.Boundary.605592468
PROCESS /noc/users/iridburst/exec/irid_300224010734970_upd.pl
Last Run  ----1970-01-01 00:00:00 
MONTH  5 
DATA  xxrecord 2012-05-01 02:00:05 :: $W5M5A,120501,020005,660d0028449ce246,1,DAS 2,4939.6384N,1300.9256W,16.7,36,23.0,11.8,10.7,83.4,8.0,10.8,83.7,8.1,1005.1,3.29,5.3,15.4,27,48*63
 
STATION sbdservice
IRID_ID 300224010734970
BODY --

From sbdservice@sbd.iridium.com Tue May 1 12:01:12 2012
Return-Path: <sbdservice@sbd.iridium.com>
Received: from istbsp02.sbd.iridium.com (outbound.sbd.iridium.com [12.47.179.11])
	by mercury.noc.soton.ac.uk (8.13.1/8.12.11) with ESMTP id q41B150v030459
	for <iridburst@noc.soton.ac.uk>; Tue, 1 May 2012 12:01:05 +0100
Reply-To: <sbdservice@sbd.iridium.com>
From: sbdservice@sbd.iridium.com
To: iridburst@noc.soton.ac.uk
Subject: SBD Msg From Unit: 300224010734970
MIME-Version: 1.0
Content-Type: multipart/mixed;boundary="SBD.Boundary.605592468"
Message-Id: <19740412024625.B0D04CCA7F63EF3D@istbsp02.sbd.iridium.com>
Date: Tue,  1 May 2012 11:00:41 +0000 (GMT)
X-NOCS-MailScanner-Information: Please contact the ISP for more information
X-NOCS-MailScanner-ID: q41B150v030459
X-NOCS-MailScanner: Found to be clean
X-NOCS-MailScanner-SpamCheck: not spam (whitelisted),
	SpamAssassin (not cached, score=-6.599, required 5,
	autolearn=not spam, BAYES_00 -2.60, RCVD_IN_DNSWL_MED -4.00)
X-NOCS-MailScanner-From: sbdservice@sbd.iridium.com
X-Spam-Status: No

SBM Message
--SBD.Boundary.605592468
PROCESS /noc/users/iridburst/exec/irid_300224010734970_upd.pl
Last Run  ----1970-01-01 00:00:00 
MONTH  5 
DATA  xxrecord 2012-05-01 02:00:05 :: $W5M5A,120501,020005,660d0028449ce246,1,DAS 2,4939.6384N,1300.9256W,16.7,36,23.0,11.8,10.7,83.4,8.0,10.8,83.7,8.1,1005.1,3.29,5.3,15.4,27,48*63
 
STATION sbdservice
IRID_ID 300224010734970
BODY --

From sbdservice@sbd.iridium.com Tue May 1 13:01:00 2012
Return-Path: <sbdservice@sbd.iridium.com>
Received: from istbsp02.sbd.iridium.com (outbound.sbd.iridium.com [12.47.179.11])
	by mercury.noc.soton.ac.uk (8.13.1/8.12.11) with ESMTP id q41C0ro6007080
	for <iridburst@noc.soton.ac.uk>; Tue, 1 May 2012 13:00:53 +0100
Reply-To: <sbdservice@sbd.iridium.com>
From: sbdservice@sbd.iridium.com
To: iridburst@noc.soton.ac.uk
Subject: SBD Msg From Unit: 300224010734970
MIME-Version: 1.0
Content-Type: multipart/mixed;boundary="SBD.Boundary.605592468"
Message-Id: <19740412024625.0DE54DE9BB509620@istbsp02.sbd.iridium.com>
Date: Tue,  1 May 2012 12:00:46 +0000 (GMT)
X-NOCS-MailScanner-Information: Please contact the ISP for more information
X-NOCS-MailScanner-ID: q41C0ro6007080
X-NOCS-MailScanner: Found to be clean
X-NOCS-MailScanner-SpamCheck: not spam (whitelisted),
	SpamAssassin (not cached, score=-6.599, required 5,
	autolearn=not spam, BAYES_00 -2.60, RCVD_IN_DNSWL_MED -4.00)
X-NOCS-MailScanner-From: sbdservice@sbd.iridium.com
X-Spam-Status: No

SBM Message
--SBD.Boundary.605592468
PROCESS /noc/users/iridburst/exec/irid_300224010734970_upd.pl
Last Run  ----1970-01-01 00:00:00 
MONTH  5 
DATA  xxrecord 2012-05-01 02:00:05 :: $W5M5A,120501,020005,660d0028449ce246,1,DAS 2,4939.6384N,1300.9256W,16.7,36,23.0,11.8,10.7,83.4,8.0,10.8,83.7,8.1,1005.1,3.29,5.3,15.4,27,48*63
 
STATION sbdservice
IRID_ID 300224010734970
BODY --

From sbdservice@sbd.iridium.com Tue May 1 14:01:01 2012
Return-Path: <sbdservice@sbd.iridium.com>
Received: from istbsp02.sbd.iridium.com (outbound.sbd.iridium.com [12.47.179.11])
	by mercury.noc.soton.ac.uk (8.13.1/8.12.11) with ESMTP id q41D0tUd015478
	for <iridburst@noc.soton.ac.uk>; Tue, 1 May 2012 14:00:55 +0100
Reply-To: <sbdservice@sbd.iridium.com>
From: sbdservice@sbd.iridium.com
To: iridburst@noc.soton.ac.uk
Subject: SBD Msg From Unit: 300224010734970
MIME-Version: 1.0
Content-Type: multipart/mixed;boundary="SBD.Boundary.605592468"
Message-Id: <19740412024625.CFF96FF9BB40D4BC@istbsp02.sbd.iridium.com>
Date: Tue,  1 May 2012 13:00:51 +0000 (GMT)
X-NOCS-MailScanner-Information: Please contact the ISP for more information
X-NOCS-MailScanner-ID: q41D0tUd015478
X-NOCS-MailScanner: Found to be clean
X-NOCS-MailScanner-SpamCheck: not spam (whitelisted),
	SpamAssassin (not cached, score=-6.599, required 5,
	autolearn=not spam, BAYES_00 -2.60, RCVD_IN_DNSWL_MED -4.00)
X-NOCS-MailScanner-From: sbdservice@sbd.iridium.com
X-Spam-Status: No

SBM Message
--SBD.Boundary.605592468
PROCESS /noc/users/iridburst/exec/irid_300224010734970_upd.pl
Last Run  ----1970-01-01 00:00:00 
MONTH  5 
DATA  xxrecord 2012-05-01 02:00:05 :: $W5M5A,120501,020005,660d0028449ce246,1,DAS 2,4939.6384N,1300.9256W,16.7,36,23.0,11.8,10.7,83.4,8.0,10.8,83.7,8.1,1005.1,3.29,5.3,15.4,27,48*63
 
STATION sbdservice
IRID_ID 300224010734970
BODY --

From sbdservice@sbd.iridium.com Tue May 1 15:01:11 2012
Return-Path: <sbdservice@sbd.iridium.com>
Received: from istbsp01.sbd.iridium.com (outbound.sbd.iridium.com [12.47.179.11])
	by mercury.noc.soton.ac.uk (8.13.1/8.12.11) with ESMTP id q41E15f2025665
	for <iridburst@noc.soton.ac.uk>; Tue, 1 May 2012 15:01:05 +0100
Reply-To: <sbdservice@sbd.iridium.com>
From: sbdservice@sbd.iridium.com
To: iridburst@noc.soton.ac.uk
Subject: SBD Msg From Unit: 300224010734970
MIME-Version: 1.0
Content-Type: multipart/mixed;boundary="SBD.Boundary.605592468"
Message-Id: <19740412024625.F3957CFBFF3D8B7F@istbsp01.sbd.iridium.com>
Date: Tue,  1 May 2012 14:00:53 +0000 (GMT)
X-NOCS-MailScanner-Information: Please contact the ISP for more information
X-NOCS-MailScanner-ID: q41E15f2025665
X-NOCS-MailScanner: Found to be clean
X-NOCS-MailScanner-SpamCheck: not spam (whitelisted),
	SpamAssassin (not cached, score=-6.599, required 5,
	autolearn=not spam, BAYES_00 -2.60, RCVD_IN_DNSWL_MED -4.00)
X-NOCS-MailScanner-From: sbdservice@sbd.iridium.com
X-Spam-Status: No

SBM Message
--SBD.Boundary.605592468
PROCESS /noc/users/iridburst/exec/irid_300224010734970_upd.pl
Last Run  ----1970-01-01 00:00:00 
MONTH  5 
DATA  xxrecord 2012-05-01 02:00:05 :: $W5M5A,120501,020005,660d0028449ce246,1,DAS 2,4939.6384N,1300.9256W,16.7,36,23.0,11.8,10.7,83.4,8.0,10.8,83.7,8.1,1005.1,3.29,5.3,15.4,27,48*63
 
STATION sbdservice
IRID_ID 300224010734970
BODY --

From sbdservice@sbd.iridium.com Tue May 1 16:00:49 2012
Return-Path: <sbdservice@sbd.iridium.com>
Received: from istbsp02.sbd.iridium.com (outbound.sbd.iridium.com [12.47.179.11])
	by mercury.noc.soton.ac.uk (8.13.1/8.12.11) with ESMTP id q41F0hiX002207
	for <iridburst@noc.soton.ac.uk>; Tue, 1 May 2012 16:00:44 +0100
Reply-To: <sbdservice@sbd.iridium.com>
From: sbdservice@sbd.iridium.com
To: iridburst@noc.soton.ac.uk
Subject: SBD Msg From Unit: 300224010734970
MIME-Version: 1.0
Content-Type: multipart/mixed;boundary="SBD.Boundary.605592468"
Message-Id: <19740412024625.78CF5DE9BB72F548@istbsp02.sbd.iridium.com>
Date: Tue,  1 May 2012 15:00:43 +0000 (GMT)
X-NOCS-MailScanner-Information: Please contact the ISP for more information
X-NOCS-MailScanner-ID: q41F0hiX002207
X-NOCS-MailScanner: Found to be clean
X-NOCS-MailScanner-SpamCheck: not spam (whitelisted),
	SpamAssassin (not cached, score=-6.599, required 5,
	autolearn=not spam, BAYES_00 -2.60, RCVD_IN_DNSWL_MED -4.00)
X-NOCS-MailScanner-From: sbdservice@sbd.iridium.com
X-Spam-Status: No

SBM Message
--SBD.Boundary.605592468
PROCESS /noc/users/iridburst/exec/irid_300224010734970_upd.pl
Last Run  ----1970-01-01 00:00:00 
MONTH  5 
DATA  xxrecord 2012-05-01 02:00:05 :: $W5M5A,120501,020005,660d0028449ce246,1,DAS 2,4939.6384N,1300.9256W,16.7,36,23.0,11.8,10.7,83.4,8.0,10.8,83.7,8.1,1005.1,3.29,5.3,15.4,27,48*63
 
STATION sbdservice
IRID_ID 300224010734970
BODY --

From sbdservice@sbd.iridium.com Tue May 1 17:00:51 2012
Return-Path: <sbdservice@sbd.iridium.com>
Received: from istbsp02.sbd.iridium.com (outbound.sbd.iridium.com [12.47.179.11])
	by mercury.noc.soton.ac.uk (8.13.1/8.12.11) with ESMTP id q41G0hOP011459
	for <iridburst@noc.soton.ac.uk>; Tue, 1 May 2012 17:00:44 +0100
Reply-To: <sbdservice@sbd.iridium.com>
From: sbdservice@sbd.iridium.com
To: iridburst@noc.soton.ac.uk
Subject: SBD Msg From Unit: 300224010734970
MIME-Version: 1.0
Content-Type: multipart/mixed;boundary="SBD.Boundary.605592468"
Message-Id: <19740412024625.A9CD4FFA7343F70D@istbsp02.sbd.iridium.com>
Date: Tue,  1 May 2012 16:00:42 +0000 (GMT)
X-NOCS-MailScanner-Information: Please contact the ISP for more information
X-NOCS-MailScanner-ID: q41G0hOP011459
X-NOCS-MailScanner: Found to be clean
X-NOCS-MailScanner-SpamCheck: not spam (whitelisted),
	SpamAssassin (not cached, score=-6.599, required 5,
	autolearn=not spam, BAYES_00 -2.60, RCVD_IN_DNSWL_MED -4.00)
X-NOCS-MailScanner-From: sbdservice@sbd.iridium.com
X-Spam-Status: No

SBM Message
--SBD.Boundary.605592468
PROCESS /noc/users/iridburst/exec/irid_300224010734970_upd.pl
Last Run  ----1970-01-01 00:00:00 
MONTH  5 
DATA  xxrecord 2012-05-01 02:00:05 :: $W5M5A,120501,020005,660d0028449ce246,1,DAS 2,4939.6384N,1300.9256W,16.7,36,23.0,11.8,10.7,83.4,8.0,10.8,83.7,8.1,1005.1,3.29,5.3,15.4,27,48*63
 
STATION sbdservice
IRID_ID 300224010734970
BODY --

From sbdservice@sbd.iridium.com Tue May 1 18:00:53 2012
Return-Path: <sbdservice@sbd.iridium.com>
Received: from istbsp02.sbd.iridium.com (outbound.sbd.iridium.com [12.47.179.11])
	by mercury.noc.soton.ac.uk (8.13.1/8.12.11) with ESMTP id q41H0j27019472
	for <iridburst@noc.soton.ac.uk>; Tue, 1 May 2012 18:00:46 +0100
Reply-To: <sbdservice@sbd.iridium.com>
From: sbdservice@sbd.iridium.com
To: iridburst@noc.soton.ac.uk
Subject: SBD Msg From Unit: 300224010734970
MIME-Version: 1.0
Content-Type: multipart/mixed;boundary="SBD.Boundary.605592468"
Message-Id: <19740412024625.07334FC837600B89@istbsp02.sbd.iridium.com>
Date: Tue,  1 May 2012 17:00:44 +0000 (GMT)
X-NOCS-MailScanner-Information: Please contact the ISP for more information
X-NOCS-MailScanner-ID: q41H0j27019472
X-NOCS-MailScanner: Found to be clean
X-NOCS-MailScanner-SpamCheck: not spam (whitelisted),
	SpamAssassin (not cached, score=-6.599, required 5,
	autolearn=not spam, BAYES_00 -2.60, RCVD_IN_DNSWL_MED -4.00)
X-NOCS-MailScanner-From: sbdservice@sbd.iridium.com
X-Spam-Status: No

SBM Message
--SBD.Boundary.605592468
PROCESS /noc/users/iridburst/exec/irid_300224010734970_upd.pl
Last Run  ----1970-01-01 00:00:00 
MONTH  5 
DATA  xxrecord 2012-05-01 02:00:05 :: $W5M5A,120501,020005,660d0028449ce246,1,DAS 2,4939.6384N,1300.9256W,16.7,36,23.0,11.8,10.7,83.4,8.0,10.8,83.7,8.1,1005.1,3.29,5.3,15.4,27,48*63
 
STATION sbdservice
IRID_ID 300224010734970
BODY --

From sbdservice@sbd.iridium.com Tue May 1 19:00:51 2012
Return-Path: <sbdservice@sbd.iridium.com>
Received: from istbsp02.sbd.iridium.com (outbound.sbd.iridium.com [12.47.179.11])
	by mercury.noc.soton.ac.uk (8.13.1/8.12.11) with ESMTP id q41I0g8E026856
	for <iridburst@noc.soton.ac.uk>; Tue, 1 May 2012 19:00:44 +0100
Reply-To: <sbdservice@sbd.iridium.com>
From: sbdservice@sbd.iridium.com
To: iridburst@noc.soton.ac.uk
Subject: SBD Msg From Unit: 300224010734970
MIME-Version: 1.0
Content-Type: multipart/mixed;boundary="SBD.Boundary.605592468"
Message-Id: <19740412024625.C1CF7FE83370B293@istbsp02.sbd.iridium.com>
Date: Tue,  1 May 2012 18:00:40 +0000 (GMT)
X-NOCS-MailScanner-Information: Please contact the ISP for more information
X-NOCS-MailScanner-ID: q41I0g8E026856
X-NOCS-MailScanner: Found to be clean
X-NOCS-MailScanner-SpamCheck: not spam (whitelisted),
	SpamAssassin (not cached, score=-6.599, required 5,
	autolearn=not spam, BAYES_00 -2.60, RCVD_IN_DNSWL_MED -4.00)
X-NOCS-MailScanner-From: sbdservice@sbd.iridium.com
X-Spam-Status: No

SBM Message
--SBD.Boundary.605592468
PROCESS /noc/users/iridburst/exec/irid_300224010734970_upd.pl
Last Run  ----1970-01-01 00:00:00 
MONTH  5 
DATA  xxrecord 2012-05-01 02:00:05 :: $W5M5A,120501,020005,660d0028449ce246,1,DAS 2,4939.6384N,1300.9256W,16.7,36,23.0,11.8,10.7,83.4,8.0,10.8,83.7,8.1,1005.1,3.29,5.3,15.4,27,48*63
 
STATION sbdservice
IRID_ID 300224010734970
BODY --

From sbdservice@sbd.iridium.com Tue May 1 20:00:54 2012
Return-Path: <sbdservice@sbd.iridium.com>
Received: from istbsp01.sbd.iridium.com (outbound.sbd.iridium.com [12.47.179.11])
	by mercury.noc.soton.ac.uk (8.13.1/8.12.11) with ESMTP id q41J0nUC000508
	for <iridburst@noc.soton.ac.uk>; Tue, 1 May 2012 20:00:49 +0100
Reply-To: <sbdservice@sbd.iridium.com>
From: sbdservice@sbd.iridium.com
To: iridburst@noc.soton.ac.uk
Subject: SBD Msg From Unit: 300224010734970
MIME-Version: 1.0
Content-Type: multipart/mixed;boundary="SBD.Boundary.605592468"
Message-Id: <19740412024625.5DD37DFAF30D9A8B@istbsp01.sbd.iridium.com>
Date: Tue,  1 May 2012 19:00:49 +0000 (GMT)
X-NOCS-MailScanner-Information: Please contact the ISP for more information
X-NOCS-MailScanner-ID: q41J0nUC000508
X-NOCS-MailScanner: Found to be clean
X-NOCS-MailScanner-SpamCheck: not spam (whitelisted),
	SpamAssassin (not cached, score=-6.599, required 5,
	autolearn=not spam, BAYES_00 -2.60, RCVD_IN_DNSWL_MED -4.00)
X-NOCS-MailScanner-From: sbdservice@sbd.iridium.com
X-Spam-Status: No

SBM Message
--SBD.Boundary.605592468
PROCESS /noc/users/iridburst/exec/irid_300224010734970_upd.pl
Last Run  ----1970-01-01 00:00:00 
MONTH  5 
DATA  xxrecord 2012-05-01 02:00:05 :: $W5M5A,120501,020005,660d0028449ce246,1,DAS 2,4939.6384N,1300.9256W,16.7,36,23.0,11.8,10.7,83.4,8.0,10.8,83.7,8.1,1005.1,3.29,5.3,15.4,27,48*63
 
STATION sbdservice
IRID_ID 300224010734970
BODY --

From sbdservice@sbd.iridium.com Tue May 1 21:00:52 2012
Return-Path: <sbdservice@sbd.iridium.com>
Received: from istbsp02.sbd.iridium.com (outbound.sbd.iridium.com [12.47.179.11])
	by mercury.noc.soton.ac.uk (8.13.1/8.12.11) with ESMTP id q41K0lmf006450
	for <iridburst@noc.soton.ac.uk>; Tue, 1 May 2012 21:00:47 +0100
Reply-To: <sbdservice@sbd.iridium.com>
From: sbdservice@sbd.iridium.com
To: iridburst@noc.soton.ac.uk
Subject: SBD Msg From Unit: 300224010734970
MIME-Version: 1.0
Content-Type: multipart/mixed;boundary="SBD.Boundary.605592468"
Message-Id: <19740412024625.AFCE6FE87B50A972@istbsp02.sbd.iridium.com>
Date: Tue,  1 May 2012 20:00:46 +0000 (GMT)
X-NOCS-MailScanner-Information: Please contact the ISP for more information
X-NOCS-MailScanner-ID: q41K0lmf006450
X-NOCS-MailScanner: Found to be clean
X-NOCS-MailScanner-SpamCheck: not spam (whitelisted),
	SpamAssassin (not cached, score=-6.599, required 5,
	autolearn=not spam, BAYES_00 -2.60, RCVD_IN_DNSWL_MED -4.00)
X-NOCS-MailScanner-From: sbdservice@sbd.iridium.com
X-Spam-Status: No

SBM Message
--SBD.Boundary.605592468
PROCESS /noc/users/iridburst/exec/irid_300224010734970_upd.pl
Last Run  ----1970-01-01 00:00:00 
MONTH  5 
DATA  xxrecord 2012-05-01 02:00:05 :: $W5M5A,120501,020005,660d0028449ce246,1,DAS 2,4939.6384N,1300.9256W,16.7,36,23.0,11.8,10.7,83.4,8.0,10.8,83.7,8.1,1005.1,3.29,5.3,15.4,27,48*63
 
STATION sbdservice
IRID_ID 300224010734970
BODY --

From sbdservice@sbd.iridium.com Tue May 1 22:00:52 2012
Return-Path: <sbdservice@sbd.iridium.com>
Received: from istbsp01.sbd.iridium.com (outbound.sbd.iridium.com [12.47.179.11])
	by mercury.noc.soton.ac.uk (8.13.1/8.12.11) with ESMTP id q41L0l1l012620
	for <iridburst@noc.soton.ac.uk>; Tue, 1 May 2012 22:00:47 +0100
Reply-To: <sbdservice@sbd.iridium.com>
From: sbdservice@sbd.iridium.com
To: iridburst@noc.soton.ac.uk
Subject: SBD Msg From Unit: 300224010734970
MIME-Version: 1.0
Content-Type: multipart/mixed;boundary="SBD.Boundary.605592468"
Message-Id: <19740412024625.7B1D7FEB3F2C0DC5@istbsp01.sbd.iridium.com>
Date: Tue,  1 May 2012 21:00:46 +0000 (GMT)
X-NOCS-MailScanner-Information: Please contact the ISP for more information
X-NOCS-MailScanner-ID: q41L0l1l012620
X-NOCS-MailScanner: Found to be clean
X-NOCS-MailScanner-SpamCheck: not spam (whitelisted),
	SpamAssassin (not cached, score=-6.599, required 5,
	autolearn=not spam, BAYES_00 -2.60, RCVD_IN_DNSWL_MED -4.00)
X-NOCS-MailScanner-From: sbdservice@sbd.iridium.com
X-Spam-Status: No

SBM Message
--SBD.Boundary.605592468
PROCESS /noc/users/iridburst/exec/irid_300224010734970_upd.pl
Last Run  ----1970-01-01 00:00:00 
MONTH  5 
DATA  xxrecord 2012-05-01 02:00:05 :: $W5M5A,120501,020005,660d0028449ce246,1,DAS 2,4939.6384N,1300.9256W,16.7,36,23.0,11.8,10.7,83.4,8.0,10.8,83.7,8.1,1005.1,3.29,5.3,15.4,27,48*63
 
STATION sbdservice
IRID_ID 300224010734970
BODY --

From sbdservice@sbd.iridium.com Tue May 1 23:01:02 2012
Return-Path: <sbdservice@sbd.iridium.com>
Received: from istbsp02.sbd.iridium.com (outbound.sbd.iridium.com [12.47.179.11])
	by mercury.noc.soton.ac.uk (8.13.1/8.12.11) with ESMTP id q41M0uu5018321
	for <iridburst@noc.soton.ac.uk>; Tue, 1 May 2012 23:00:56 +0100
Reply-To: <sbdservice@sbd.iridium.com>
From: sbdservice@sbd.iridium.com
To: iridburst@noc.soton.ac.uk
Subject: SBD Msg From Unit: 300224010734970
MIME-Version: 1.0
Content-Type: multipart/mixed;boundary="SBD.Boundary.605592468"
Message-Id: <19740412024625.604F5CCB7F40894B@istbsp02.sbd.iridium.com>
Date: Tue,  1 May 2012 22:00:55 +0000 (GMT)
X-NOCS-MailScanner-Information: Please contact the ISP for more information
X-NOCS-MailScanner-ID: q41M0uu5018321
X-NOCS-MailScanner: Found to be clean
X-NOCS-MailScanner-SpamCheck: not spam (whitelisted),
	SpamAssassin (not cached, score=-6.599, required 5,
	autolearn=not spam, BAYES_00 -2.60, RCVD_IN_DNSWL_MED -4.00)
X-NOCS-MailScanner-From: sbdservice@sbd.iridium.com
X-Spam-Status: No

SBM Message
--SBD.Boundary.605592468
PROCESS /noc/users/iridburst/exec/irid_300224010734970_upd.pl
Last Run  ----1970-01-01 00:00:00 
MONTH  5 
DATA  xxrecord 2012-05-01 02:00:05 :: $W5M5A,120501,020005,660d0028449ce246,1,DAS 2,4939.6384N,1300.9256W,16.7,36,23.0,11.8,10.7,83.4,8.0,10.8,83.7,8.1,1005.1,3.29,5.3,15.4,27,48*63
 
STATION sbdservice
IRID_ID 300224010734970
BODY --

From sbdservice@sbd.iridium.com Wed May 2 00:00:54 2012
Return-Path: <sbdservice@sbd.iridium.com>
Received: from istbsp01.sbd.iridium.com (outbound.sbd.iridium.com [12.47.179.11])
	by mercury.noc.soton.ac.uk (8.13.1/8.12.11) with ESMTP id q41N0m61024466
	for <iridburst@noc.soton.ac.uk>; Wed, 2 May 2012 00:00:49 +0100
Reply-To: <sbdservice@sbd.iridium.com>
From: sbdservice@sbd.iridium.com
To: iridburst@noc.soton.ac.uk
Subject: SBD Msg From Unit: 300224010734970
MIME-Version: 1.0
Content-Type: multipart/mixed;boundary="SBD.Boundary.605592468"
Message-Id: <19740412024625.92FF4CFA7B0D954C@istbsp01.sbd.iridium.com>
Date: Tue,  1 May 2012 23:00:47 +0000 (GMT)
X-NOCS-MailScanner-Information: Please contact the ISP for more information
X-NOCS-MailScanner-ID: q41N0m61024466
X-NOCS-MailScanner: Found to be clean
X-NOCS-MailScanner-SpamCheck: not spam (whitelisted),
	SpamAssassin (not cached, score=-6.599, required 5,
	autolearn=not spam, BAYES_00 -2.60, RCVD_IN_DNSWL_MED -4.00)
X-NOCS-MailScanner-From: sbdservice@sbd.iridium.com
X-Spam-Status: No

SBM Message
--SBD.Boundary.605592468
PROCESS /noc/users/iridburst/exec/irid_300224010734970_upd.pl
Last Run  ----1970-01-01 00:00:00 
MONTH  5 
DATA  xxrecord 2012-05-01 02:00:05 :: $W5M5A,120501,020005,660d0028449ce246,1,DAS 2,4939.6384N,1300.9256W,16.7,36,23.0,11.8,10.7,83.4,8.0,10.8,83.7,8.1,1005.1,3.29,5.3,15.4,27,48*63
 
STATION sbdservice
IRID_ID 300224010734970
BODY --

From sbdservice@sbd.iridium.com Wed May 2 01:00:49 2012
Return-Path: <sbdservice@sbd.iridium.com>
Received: from istbsp02.sbd.iridium.com (outbound.sbd.iridium.com [12.47.179.11])
	by mercury.noc.soton.ac.uk (8.13.1/8.12.11) with ESMTP id q4200iwI029254
	for <iridburst@noc.soton.ac.uk>; Wed, 2 May 2012 01:00:45 +0100
Reply-To: <sbdservice@sbd.iridium.com>
From: sbdservice@sbd.iridium.com
To: iridburst@noc.soton.ac.uk
Subject: SBD Msg From Unit: 300224010734970
MIME-Version: 1.0
Content-Type: multipart/mixed;boundary="SBD.Boundary.605592468"
Message-Id: <19740412024625.103F6DD83F61F960@istbsp02.sbd.iridium.com>
Date: Wed,  2 May 2012 00:00:43 +0000 (GMT)
X-NOCS-MailScanner-Information: Please contact the ISP for more information
X-NOCS-MailScanner-ID: q4200iwI029254
X-NOCS-MailScanner: Found to be clean
X-NOCS-MailScanner-SpamCheck: not spam (whitelisted),
	SpamAssassin (not cached, score=-6.599, required 5,
	autolearn=not spam, BAYES_00 -2.60, RCVD_IN_DNSWL_MED -4.00)
X-NOCS-MailScanner-From: sbdservice@sbd.iridium.com
X-Spam-Status: No

SBM Message
--SBD.Boundary.605592468
PROCESS /noc/users/iridburst/exec/irid_300224010734970_upd.pl
Last Run  ----1970-01-01 00:00:00 
MONTH  5 
DATA  xxrecord 2012-05-01 02:00:05 :: $W5M5A,120501,020005,660d0028449ce246,1,DAS 2,4939.6384N,1300.9256W,16.7,36,23.0,11.8,10.7,83.4,8.0,10.8,83.7,8.1,1005.1,3.29,5.3,15.4,27,48*63
 
STATION sbdservice
IRID_ID 300224010734970
BODY --

From sbdservice@sbd.iridium.com Wed May 2 02:00:47 2012
Return-Path: <sbdservice@sbd.iridium.com>
Received: from istbsp02.sbd.iridium.com (outbound.sbd.iridium.com [12.47.179.11])
	by mercury.noc.soton.ac.uk (8.13.1/8.12.11) with ESMTP id q4210grD002086
	for <iridburst@noc.soton.ac.uk>; Wed, 2 May 2012 02:00:42 +0100
Reply-To: <sbdservice@sbd.iridium.com>
From: sbdservice@sbd.iridium.com
To: iridburst@noc.soton.ac.uk
Subject: SBD Msg From Unit: 300224010734970
MIME-Version: 1.0
Content-Type: multipart/mixed;boundary="SBD.Boundary.605592468"
Message-Id: <19740412024625.6AE35DEB3F73B6AC@istbsp02.sbd.iridium.com>
Date: Wed,  2 May 2012 01:00:40 +0000 (GMT)
X-NOCS-MailScanner-Information: Please contact the ISP for more information
X-NOCS-MailScanner-ID: q4210grD002086
X-NOCS-MailScanner: Found to be clean
X-NOCS-MailScanner-SpamCheck: not spam (whitelisted),
	SpamAssassin (not cached, score=-6.599, required 5,
	autolearn=not spam, BAYES_00 -2.60, RCVD_IN_DNSWL_MED -4.00)
X-NOCS-MailScanner-From: sbdservice@sbd.iridium.com
X-Spam-Status: No

SBM Message
--SBD.Boundary.605592468
PROCESS /noc/users/iridburst/exec/irid_300224010734970_upd.pl
Last Run  ----1970-01-01 00:00:00 
MONTH  5 
DATA  xxrecord 2012-05-01 02:00:05 :: $W5M5A,120501,020005,660d0028449ce246,1,DAS 2,4939.6384N,1300.9256W,16.7,36,23.0,11.8,10.7,83.4,8.0,10.8,83.7,8.1,1005.1,3.29,5.3,15.4,27,48*63
 
STATION sbdservice
IRID_ID 300224010734970
BODY --

From sbdservice@sbd.iridium.com Wed May 2 03:00:55 2012
Return-Path: <sbdservice@sbd.iridium.com>
Received: from istbsp02.sbd.iridium.com (outbound.sbd.iridium.com [12.47.179.11])
	by mercury.noc.soton.ac.uk (8.13.1/8.12.11) with ESMTP id q4220mSN007432
	for <iridburst@noc.soton.ac.uk>; Wed, 2 May 2012 03:00:48 +0100
Reply-To: <sbdservice@sbd.iridium.com>
From: sbdservice@sbd.iridium.com
To: iridburst@noc.soton.ac.uk
Subject: SBD Msg From Unit: 300224010734970
MIME-Version: 1.0
Content-Type: multipart/mixed;boundary="SBD.Boundary.605592468"
Message-Id: <19740412024625.2CB65DC87B53132E@istbsp02.sbd.iridium.com>
Date: Wed,  2 May 2012 02:00:46 +0000 (GMT)
X-NOCS-MailScanner-Information: Please contact the ISP for more information
X-NOCS-MailScanner-ID: q4220mSN007432
X-NOCS-MailScanner: Found to be clean
X-NOCS-MailScanner-SpamCheck: not spam (whitelisted),
	SpamAssassin (not cached, score=-6.599, required 5,
	autolearn=not spam, BAYES_00 -2.60, RCVD_IN_DNSWL_MED -4.00)
X-NOCS-MailScanner-From: sbdservice@sbd.iridium.com
X-Spam-Status: No

SBM Message
--SBD.Boundary.605592468
PROCESS /noc/users/iridburst/exec/irid_300224010734970_upd.pl
Last Run  ----1970-01-01 00:00:00 
MONTH  5 
DATA  xxrecord 2012-05-01 02:00:05 :: $W5M5A,120501,020005,660d0028449ce246,1,DAS 2,4939.6384N,1300.9256W,16.7,36,23.0,11.8,10.7,83.4,8.0,10.8,83.7,8.1,1005.1,3.29,5.3,15.4,27,48*63
 
STATION sbdservice
IRID_ID 300224010734970
BODY --

From sbdservice@sbd.iridium.com Wed May 2 04:00:50 2012
Return-Path: <sbdservice@sbd.iridium.com>
Received: from istbsp01.sbd.iridium.com (outbound.sbd.iridium.com [12.47.179.11])
	by mercury.noc.soton.ac.uk (8.13.1/8.12.11) with ESMTP id q4230jGq012454
	for <iridburst@noc.soton.ac.uk>; Wed, 2 May 2012 04:00:45 +0100
Reply-To: <sbdservice@sbd.iridium.com>
From: sbdservice@sbd.iridium.com
To: iridburst@noc.soton.ac.uk
Subject: SBD Msg From Unit: 300224010734970
MIME-Version: 1.0
Content-Type: multipart/mixed;boundary="SBD.Boundary.605592468"
Message-Id: <19740412024625.05017FE8B33C3CB8@istbsp01.sbd.iridium.com>
Date: Wed,  2 May 2012 03:00:45 +0000 (GMT)
X-NOCS-MailScanner-Information: Please contact the ISP for more information
X-NOCS-MailScanner-ID: q4230jGq012454
X-NOCS-MailScanner: Found to be clean
X-NOCS-MailScanner-SpamCheck: not spam (whitelisted),
	SpamAssassin (not cached, score=-6.599, required 5,
	autolearn=not spam, BAYES_00 -2.60, RCVD_IN_DNSWL_MED -4.00)
X-NOCS-MailScanner-From: sbdservice@sbd.iridium.com
X-Spam-Status: No

SBM Message
--SBD.Boundary.605592468
PROCESS /noc/users/iridburst/exec/irid_300224010734970_upd.pl
Last Run  ----1970-01-01 00:00:00 
MONTH  5 
DATA  xxrecord 2012-05-01 02:00:05 :: $W5M5A,120501,020005,660d0028449ce246,1,DAS 2,4939.6384N,1300.9256W,16.7,36,23.0,11.8,10.7,83.4,8.0,10.8,83.7,8.1,1005.1,3.29,5.3,15.4,27,48*63
 
STATION sbdservice
IRID_ID 300224010734970
BODY --

From sbdservice@sbd.iridium.com Wed May 2 05:00:55 2012
Return-Path: <sbdservice@sbd.iridium.com>
Received: from istbsp01.sbd.iridium.com (outbound.sbd.iridium.com [12.47.179.11])
	by mercury.noc.soton.ac.uk (8.13.1/8.12.11) with ESMTP id q4240og4018273
	for <iridburst@noc.soton.ac.uk>; Wed, 2 May 2012 05:00:51 +0100
Reply-To: <sbdservice@sbd.iridium.com>
From: sbdservice@sbd.iridium.com
To: iridburst@noc.soton.ac.uk
Subject: SBD Msg From Unit: 300224010734970
MIME-Version: 1.0
Content-Type: multipart/mixed;boundary="SBD.Boundary.605592468"
Message-Id: <19740412024625.3C674CE93B1EAD99@istbsp01.sbd.iridium.com>
Date: Wed,  2 May 2012 04:00:49 +0000 (GMT)
X-NOCS-MailScanner-Information: Please contact the ISP for more information
X-NOCS-MailScanner-ID: q4240og4018273
X-NOCS-MailScanner: Found to be clean
X-NOCS-MailScanner-SpamCheck: not spam (whitelisted),
	SpamAssassin (not cached, score=-6.599, required 5,
	autolearn=not spam, BAYES_00 -2.60, RCVD_IN_DNSWL_MED -4.00)
X-NOCS-MailScanner-From: sbdservice@sbd.iridium.com
X-Spam-Status: No

SBM Message
--SBD.Boundary.605592468
PROCESS /noc/users/iridburst/exec/irid_300224010734970_upd.pl
Last Run  ----1970-01-01 00:00:00 
MONTH  5 
DATA  xxrecord 2012-05-01 02:00:05 :: $W5M5A,120501,020005,660d0028449ce246,1,DAS 2,4939.6384N,1300.9256W,16.7,36,23.0,11.8,10.7,83.4,8.0,10.8,83.7,8.1,1005.1,3.29,5.3,15.4,27,48*63
 
STATION sbdservice
IRID_ID 300224010734970
BODY --

From sbdservice@sbd.iridium.com Wed May 2 06:00:59 2012
Return-Path: <sbdservice@sbd.iridium.com>
Received: from istbsp01.sbd.iridium.com (outbound.sbd.iridium.com [12.47.179.11])
	by mercury.noc.soton.ac.uk (8.13.1/8.12.11) with ESMTP id q4250owM023458
	for <iridburst@noc.soton.ac.uk>; Wed, 2 May 2012 06:00:51 +0100
Reply-To: <sbdservice@sbd.iridium.com>
From: sbdservice@sbd.iridium.com
To: iridburst@noc.soton.ac.uk
Subject: SBD Msg From Unit: 300224010734970
MIME-Version: 1.0
Content-Type: multipart/mixed;boundary="SBD.Boundary.605592468"
Message-Id: <19740412024625.0B0D4FEA772E4F12@istbsp01.sbd.iridium.com>
Date: Wed,  2 May 2012 05:00:50 +0000 (GMT)
X-NOCS-MailScanner-Information: Please contact the ISP for more information
X-NOCS-MailScanner-ID: q4250owM023458
X-NOCS-MailScanner: Found to be clean
X-NOCS-MailScanner-SpamCheck: not spam (whitelisted),
	SpamAssassin (not cached, score=-6.599, required 5,
	autolearn=not spam, BAYES_00 -2.60, RCVD_IN_DNSWL_MED -4.00)
X-NOCS-MailScanner-From: sbdservice@sbd.iridium.com
X-Spam-Status: No

SBM Message
--SBD.Boundary.605592468
PROCESS /noc/users/iridburst/exec/irid_300224010734970_upd.pl
Last Run  ----1970-01-01 00:00:00 
MONTH  5 
DATA  xxrecord 2012-05-01 02:00:05 :: $W5M5A,120501,020005,660d0028449ce246,1,DAS 2,4939.6384N,1300.9256W,16.7,36,23.0,11.8,10.7,83.4,8.0,10.8,83.7,8.1,1005.1,3.29,5.3,15.4,27,48*63
 
STATION sbdservice
IRID_ID 300224010734970
BODY --

From sbdservice@sbd.iridium.com Wed May 2 07:00:51 2012
Return-Path: <sbdservice@sbd.iridium.com>
Received: from istbsp02.sbd.iridium.com (outbound.sbd.iridium.com [12.47.179.11])
	by mercury.noc.soton.ac.uk (8.13.1/8.12.11) with ESMTP id q4260i6Z030918
	for <iridburst@noc.soton.ac.uk>; Wed, 2 May 2012 07:00:45 +0100
Reply-To: <sbdservice@sbd.iridium.com>
From: sbdservice@sbd.iridium.com
To: iridburst@noc.soton.ac.uk
Subject: SBD Msg From Unit: 300224010734970
MIME-Version: 1.0
Content-Type: multipart/mixed;boundary="SBD.Boundary.605592468"
Message-Id: <19740412024625.079B6EFB7763B273@istbsp02.sbd.iridium.com>
Date: Wed,  2 May 2012 06:00:44 +0000 (GMT)
X-NOCS-MailScanner-Information: Please contact the ISP for more information
X-NOCS-MailScanner-ID: q4260i6Z030918
X-NOCS-MailScanner: Found to be clean
X-NOCS-MailScanner-SpamCheck: not spam (whitelisted),
	SpamAssassin (not cached, score=-6.599, required 5,
	autolearn=not spam, BAYES_00 -2.60, RCVD_IN_DNSWL_MED -4.00)
X-NOCS-MailScanner-From: sbdservice@sbd.iridium.com
X-Spam-Status: No

SBM Message
--SBD.Boundary.605592468
PROCESS /noc/users/iridburst/exec/irid_300224010734970_upd.pl
Last Run  ----1970-01-01 00:00:00 
MONTH  5 
DATA  xxrecord 2012-05-01 02:00:05 :: $W5M5A,120501,020005,660d0028449ce246,1,DAS 2,4939.6384N,1300.9256W,16.7,36,23.0,11.8,10.7,83.4,8.0,10.8,83.7,8.1,1005.1,3.29,5.3,15.4,27,48*63
 
STATION sbdservice
IRID_ID 300224010734970
BODY --

From sbdservice@sbd.iridium.com Wed May 2 08:00:52 2012
Return-Path: <sbdservice@sbd.iridium.com>
Received: from istbsp02.sbd.iridium.com (outbound.sbd.iridium.com [12.47.179.11])
	by mercury.noc.soton.ac.uk (8.13.1/8.12.11) with ESMTP id q4270l17003966
	for <iridburst@noc.soton.ac.uk>; Wed, 2 May 2012 08:00:47 +0100
Reply-To: <sbdservice@sbd.iridium.com>
From: sbdservice@sbd.iridium.com
To: iridburst@noc.soton.ac.uk
Subject: SBD Msg From Unit: 300224010734970
MIME-Version: 1.0
Content-Type: multipart/mixed;boundary="SBD.Boundary.605592468"
Message-Id: <19740412024625.5F525FFAF371B61B@istbsp02.sbd.iridium.com>
Date: Wed,  2 May 2012 07:00:46 +0000 (GMT)
X-NOCS-MailScanner-Information: Please contact the ISP for more information
X-NOCS-MailScanner-ID: q4270l17003966
X-NOCS-MailScanner: Found to be clean
X-NOCS-MailScanner-SpamCheck: not spam (whitelisted),
	SpamAssassin (not cached, score=-6.599, required 5,
	autolearn=not spam, BAYES_00 -2.60, RCVD_IN_DNSWL_MED -4.00)
X-NOCS-MailScanner-From: sbdservice@sbd.iridium.com
X-Spam-Status: No

SBM Message
--SBD.Boundary.605592468
PROCESS /noc/users/iridburst/exec/irid_300224010734970_upd.pl
Last Run  ----1970-01-01 00:00:00 
MONTH  5 
DATA  xxrecord 2012-05-01 02:00:05 :: $W5M5A,120501,020005,660d0028449ce246,1,DAS 2,4939.6384N,1300.9256W,16.7,36,23.0,11.8,10.7,83.4,8.0,10.8,83.7,8.1,1005.1,3.29,5.3,15.4,27,48*63
 
STATION sbdservice
IRID_ID 300224010734970
BODY --

From sbdservice@sbd.iridium.com Wed May 2 09:00:57 2012
Return-Path: <sbdservice@sbd.iridium.com>
Received: from istbsp01.sbd.iridium.com (outbound.sbd.iridium.com [12.47.179.11])
	by mercury.noc.soton.ac.uk (8.13.1/8.12.11) with ESMTP id q4280qSX015492
	for <iridburst@noc.soton.ac.uk>; Wed, 2 May 2012 09:00:53 +0100
Reply-To: <sbdservice@sbd.iridium.com>
From: sbdservice@sbd.iridium.com
To: iridburst@noc.soton.ac.uk
Subject: SBD Msg From Unit: 300224010734970
MIME-Version: 1.0
Content-Type: multipart/mixed;boundary="SBD.Boundary.605592468"
Message-Id: <19740412024625.84177EEA7B1ED819@istbsp01.sbd.iridium.com>
Date: Wed,  2 May 2012 08:00:51 +0000 (GMT)
X-NOCS-MailScanner-Information: Please contact the ISP for more information
X-NOCS-MailScanner-ID: q4280qSX015492
X-NOCS-MailScanner: Found to be clean
X-NOCS-MailScanner-SpamCheck: not spam (whitelisted),
	SpamAssassin (not cached, score=-6.599, required 5,
	autolearn=not spam, BAYES_00 -2.60, RCVD_IN_DNSWL_MED -4.00)
X-NOCS-MailScanner-From: sbdservice@sbd.iridium.com
X-Spam-Status: No

SBM Message
--SBD.Boundary.605592468
PROCESS /noc/users/iridburst/exec/irid_300224010734970_upd.pl
Last Run  ----1970-01-01 00:00:00 
MONTH  5 
DATA  xxrecord 2012-05-01 02:00:05 :: $W5M5A,120501,020005,660d0028449ce246,1,DAS 2,4939.6384N,1300.9256W,16.7,36,23.0,11.8,10.7,83.4,8.0,10.8,83.7,8.1,1005.1,3.29,5.3,15.4,27,48*63
 
STATION sbdservice
IRID_ID 300224010734970
BODY --

From sbdservice@sbd.iridium.com Wed May 2 10:00:49 2012
Return-Path: <sbdservice@sbd.iridium.com>
Received: from istbsp01.sbd.iridium.com (outbound.sbd.iridium.com [12.47.179.11])
	by mercury.noc.soton.ac.uk (8.13.1/8.12.11) with ESMTP id q4290jD4025842
	for <iridburst@noc.soton.ac.uk>; Wed, 2 May 2012 10:00:45 +0100
Reply-To: <sbdservice@sbd.iridium.com>
From: sbdservice@sbd.iridium.com
To: iridburst@noc.soton.ac.uk
Subject: SBD Msg From Unit: 300224010734970
MIME-Version: 1.0
Content-Type: multipart/mixed;boundary="SBD.Boundary.605592468"
Message-Id: <19740412024625.A4EA4FD8B73F2E6E@istbsp01.sbd.iridium.com>
Date: Wed,  2 May 2012 09:00:44 +0000 (GMT)
X-NOCS-MailScanner-Information: Please contact the ISP for more information
X-NOCS-MailScanner-ID: q4290jD4025842
X-NOCS-MailScanner: Found to be clean
X-NOCS-MailScanner-SpamCheck: not spam (whitelisted),
	SpamAssassin (not cached, score=-6.599, required 5,
	autolearn=not spam, BAYES_00 -2.60, RCVD_IN_DNSWL_MED -4.00)
X-NOCS-MailScanner-From: sbdservice@sbd.iridium.com
X-Spam-Status: No

SBM Message
--SBD.Boundary.605592468
PROCESS /noc/users/iridburst/exec/irid_300224010734970_upd.pl
Last Run  ----1970-01-01 00:00:00 
MONTH  5 
DATA  xxrecord 2012-05-01 02:00:05 :: $W5M5A,120501,020005,660d0028449ce246,1,DAS 2,4939.6384N,1300.9256W,16.7,36,23.0,11.8,10.7,83.4,8.0,10.8,83.7,8.1,1005.1,3.29,5.3,15.4,27,48*63
 
STATION sbdservice
IRID_ID 300224010734970
BODY --

From sbdservice@sbd.iridium.com Wed May 2 11:00:56 2012
Return-Path: <sbdservice@sbd.iridium.com>
Received: from istbsp01.sbd.iridium.com (outbound.sbd.iridium.com [12.47.179.11])
	by mercury.noc.soton.ac.uk (8.13.1/8.12.11) with ESMTP id q42A0nsQ003400
	for <iridburst@noc.soton.ac.uk>; Wed, 2 May 2012 11:00:49 +0100
Reply-To: <sbdservice@sbd.iridium.com>
From: sbdservice@sbd.iridium.com
To: iridburst@noc.soton.ac.uk
Subject: SBD Msg From Unit: 300224010734970
MIME-Version: 1.0
Content-Type: multipart/mixed;boundary="SBD.Boundary.605592468"
Message-Id: <19740412024625.1B2D5DF8FF0E273B@istbsp01.sbd.iridium.com>
Date: Wed,  2 May 2012 10:00:48 +0000 (GMT)
X-NOCS-MailScanner-Information: Please contact the ISP for more information
X-NOCS-MailScanner-ID: q42A0nsQ003400
X-NOCS-MailScanner: Found to be clean
X-NOCS-MailScanner-SpamCheck: not spam (whitelisted),
	SpamAssassin (not cached, score=-6.599, required 5,
	autolearn=not spam, BAYES_00 -2.60, RCVD_IN_DNSWL_MED -4.00)
X-NOCS-MailScanner-From: sbdservice@sbd.iridium.com
X-Spam-Status: No

SBM Message
--SBD.Boundary.605592468
PROCESS /noc/users/iridburst/exec/irid_300224010734970_upd.pl
Last Run  ----1970-01-01 00:00:00 
MONTH  5 
DATA  xxrecord 2012-05-01 02:00:05 :: $W5M5A,120501,020005,660d0028449ce246,1,DAS 2,4939.6384N,1300.9256W,16.7,36,23.0,11.8,10.7,83.4,8.0,10.8,83.7,8.1,1005.1,3.29,5.3,15.4,27,48*63
 
STATION sbdservice
IRID_ID 300224010734970
BODY --

From sbdservice@sbd.iridium.com Wed May 2 12:00:53 2012
Return-Path: <sbdservice@sbd.iridium.com>
Received: from istbsp02.sbd.iridium.com (outbound.sbd.iridium.com [12.47.179.11])
	by mercury.noc.soton.ac.uk (8.13.1/8.12.11) with ESMTP id q42B0kDb013936
	for <iridburst@noc.soton.ac.uk>; Wed, 2 May 2012 12:00:47 +0100
Reply-To: <sbdservice@sbd.iridium.com>
From: sbdservice@sbd.iridium.com
To: iridburst@noc.soton.ac.uk
Subject: SBD Msg From Unit: 300224010734970
MIME-Version: 1.0
Content-Type: multipart/mixed;boundary="SBD.Boundary.605592468"
Message-Id: <19740412024625.8C066FE9F75377F8@istbsp02.sbd.iridium.com>
Date: Wed,  2 May 2012 11:00:45 +0000 (GMT)
X-NOCS-MailScanner-Information: Please contact the ISP for more information
X-NOCS-MailScanner-ID: q42B0kDb013936
X-NOCS-MailScanner: Found to be clean
X-NOCS-MailScanner-SpamCheck: not spam (whitelisted),
	SpamAssassin (not cached, score=-6.599, required 5,
	autolearn=not spam, BAYES_00 -2.60, RCVD_IN_DNSWL_MED -4.00)
X-NOCS-MailScanner-From: sbdservice@sbd.iridium.com
X-Spam-Status: No

SBM Message
--SBD.Boundary.605592468
PROCESS /noc/users/iridburst/exec/irid_300224010734970_upd.pl
Last Run  ----1970-01-01 00:00:00 
MONTH  5 
DATA  xxrecord 2012-05-01 02:00:05 :: $W5M5A,120501,020005,660d0028449ce246,1,DAS 2,4939.6384N,1300.9256W,16.7,36,23.0,11.8,10.7,83.4,8.0,10.8,83.7,8.1,1005.1,3.29,5.3,15.4,27,48*63
 
STATION sbdservice
IRID_ID 300224010734970
BODY --

From sbdservice@sbd.iridium.com Wed May 2 13:00:52 2012
Return-Path: <sbdservice@sbd.iridium.com>
Received: from istbsp02.sbd.iridium.com (outbound.sbd.iridium.com [12.47.179.11])
	by mercury.noc.soton.ac.uk (8.13.1/8.12.11) with ESMTP id q42C0m1u023143
	for <iridburst@noc.soton.ac.uk>; Wed, 2 May 2012 13:00:49 +0100
Reply-To: <sbdservice@sbd.iridium.com>
From: sbdservice@sbd.iridium.com
To: iridburst@noc.soton.ac.uk
Subject: SBD Msg From Unit: 300224010734970
MIME-Version: 1.0
Content-Type: multipart/mixed;boundary="SBD.Boundary.605592468"
Message-Id: <19740412024625.7F845EEA7B638439@istbsp02.sbd.iridium.com>
Date: Wed,  2 May 2012 12:00:48 +0000 (GMT)
X-NOCS-MailScanner-Information: Please contact the ISP for more information
X-NOCS-MailScanner-ID: q42C0m1u023143
X-NOCS-MailScanner: Found to be clean
X-NOCS-MailScanner-SpamCheck: not spam (whitelisted),
	SpamAssassin (not cached, score=-6.599, required 5,
	autolearn=not spam, BAYES_00 -2.60, RCVD_IN_DNSWL_MED -4.00)
X-NOCS-MailScanner-From: sbdservice@sbd.iridium.com
X-Spam-Status: No

SBM Message
--SBD.Boundary.605592468
PROCESS /noc/users/iridburst/exec/irid_300224010734970_upd.pl
Last Run  ----1970-01-01 00:00:00 
MONTH  5 
DATA  xxrecord 2012-05-01 02:00:05 :: $W5M5A,120501,020005,660d0028449ce246,1,DAS 2,4939.6384N,1300.9256W,16.7,36,23.0,11.8,10.7,83.4,8.0,10.8,83.7,8.1,1005.1,3.29,5.3,15.4,27,48*63
 
STATION sbdservice
IRID_ID 300224010734970
BODY --

From sbdservice@sbd.iridium.com Wed May 2 14:00:54 2012
Return-Path: <sbdservice@sbd.iridium.com>
Received: from istbsp01.sbd.iridium.com (outbound.sbd.iridium.com [12.47.179.11])
	by mercury.noc.soton.ac.uk (8.13.1/8.12.11) with ESMTP id q42D0mIn032304
	for <iridburst@noc.soton.ac.uk>; Wed, 2 May 2012 14:00:48 +0100
Reply-To: <sbdservice@sbd.iridium.com>
From: sbdservice@sbd.iridium.com
To: iridburst@noc.soton.ac.uk
Subject: SBD Msg From Unit: 300224010734970
MIME-Version: 1.0
Content-Type: multipart/mixed;boundary="SBD.Boundary.605592468"
Message-Id: <19740412024625.23E74DF93F3EA85B@istbsp01.sbd.iridium.com>
Date: Wed,  2 May 2012 13:00:47 +0000 (GMT)
X-NOCS-MailScanner-Information: Please contact the ISP for more information
X-NOCS-MailScanner-ID: q42D0mIn032304
X-NOCS-MailScanner: Found to be clean
X-NOCS-MailScanner-SpamCheck: not spam (whitelisted),
	SpamAssassin (not cached, score=-6.599, required 5,
	autolearn=not spam, BAYES_00 -2.60, RCVD_IN_DNSWL_MED -4.00)
X-NOCS-MailScanner-From: sbdservice@sbd.iridium.com
X-Spam-Status: No

SBM Message
--SBD.Boundary.605592468
PROCESS /noc/users/iridburst/exec/irid_300224010734970_upd.pl
Last Run  ----1970-01-01 00:00:00 
MONTH  5 
DATA  xxrecord 2012-05-01 02:00:05 :: $W5M5A,120501,020005,660d0028449ce246,1,DAS 2,4939.6384N,1300.9256W,16.7,36,23.0,11.8,10.7,83.4,8.0,10.8,83.7,8.1,1005.1,3.29,5.3,15.4,27,48*63
 
STATION sbdservice
IRID_ID 300224010734970
BODY --

From sbdservice@sbd.iridium.com Wed May 2 15:00:50 2012
Return-Path: <sbdservice@sbd.iridium.com>
Received: from istbsp02.sbd.iridium.com (outbound.sbd.iridium.com [12.47.179.11])
	by mercury.noc.soton.ac.uk (8.13.1/8.12.11) with ESMTP id q42E0iZ9009756
	for <iridburst@noc.soton.ac.uk>; Wed, 2 May 2012 15:00:45 +0100
Reply-To: <sbdservice@sbd.iridium.com>
From: sbdservice@sbd.iridium.com
To: iridburst@noc.soton.ac.uk
Subject: SBD Msg From Unit: 300224010734970
MIME-Version: 1.0
Content-Type: multipart/mixed;boundary="SBD.Boundary.605592468"
Message-Id: <19740412024625.D78B4DCA774185F1@istbsp02.sbd.iridium.com>
Date: Wed,  2 May 2012 14:00:44 +0000 (GMT)
X-NOCS-MailScanner-Information: Please contact the ISP for more information
X-NOCS-MailScanner-ID: q42E0iZ9009756
X-NOCS-MailScanner: Found to be clean
X-NOCS-MailScanner-SpamCheck: not spam (whitelisted),
	SpamAssassin (not cached, score=-6.599, required 5,
	autolearn=not spam, BAYES_00 -2.60, RCVD_IN_DNSWL_MED -4.00)
X-NOCS-MailScanner-From: sbdservice@sbd.iridium.com
X-Spam-Status: No

SBM Message
--SBD.Boundary.605592468
PROCESS /noc/users/iridburst/exec/irid_300224010734970_upd.pl
Last Run  ----1970-01-01 00:00:00 
MONTH  5 
DATA  xxrecord 2012-05-01 02:00:05 :: $W5M5A,120501,020005,660d0028449ce246,1,DAS 2,4939.6384N,1300.9256W,16.7,36,23.0,11.8,10.7,83.4,8.0,10.8,83.7,8.1,1005.1,3.29,5.3,15.4,27,48*63
 
STATION sbdservice
IRID_ID 300224010734970
BODY --

From sbdservice@sbd.iridium.com Wed May 2 16:00:54 2012
Return-Path: <sbdservice@sbd.iridium.com>
Received: from istbsp02.sbd.iridium.com (outbound.sbd.iridium.com [12.47.179.11])
	by mercury.noc.soton.ac.uk (8.13.1/8.12.11) with ESMTP id q42F0mFl020949
	for <iridburst@noc.soton.ac.uk>; Wed, 2 May 2012 16:00:48 +0100
Reply-To: <sbdservice@sbd.iridium.com>
From: sbdservice@sbd.iridium.com
To: iridburst@noc.soton.ac.uk
Subject: SBD Msg From Unit: 300224010734970
MIME-Version: 1.0
Content-Type: multipart/mixed;boundary="SBD.Boundary.605592468"
Message-Id: <19740412024625.FC6A5EEBFF502007@istbsp02.sbd.iridium.com>
Date: Wed,  2 May 2012 15:00:47 +0000 (GMT)
X-NOCS-MailScanner-Information: Please contact the ISP for more information
X-NOCS-MailScanner-ID: q42F0mFl020949
X-NOCS-MailScanner: Found to be clean
X-NOCS-MailScanner-SpamCheck: not spam (whitelisted),
	SpamAssassin (not cached, score=-6.599, required 5,
	autolearn=not spam, BAYES_00 -2.60, RCVD_IN_DNSWL_MED -4.00)
X-NOCS-MailScanner-From: sbdservice@sbd.iridium.com
X-Spam-Status: No

SBM Message
--SBD.Boundary.605592468
PROCESS /noc/users/iridburst/exec/irid_300224010734970_upd.pl
Last Run  ----1970-01-01 00:00:00 
MONTH  5 
DATA  xxrecord 2012-05-01 02:00:05 :: $W5M5A,120501,020005,660d0028449ce246,1,DAS 2,4939.6384N,1300.9256W,16.7,36,23.0,11.8,10.7,83.4,8.0,10.8,83.7,8.1,1005.1,3.29,5.3,15.4,27,48*63
 
STATION sbdservice
IRID_ID 300224010734970
BODY --

From sbdservice@sbd.iridium.com Wed May 2 17:00:48 2012
Return-Path: <sbdservice@sbd.iridium.com>
Received: from istbsp01.sbd.iridium.com (outbound.sbd.iridium.com [12.47.179.11])
	by mercury.noc.soton.ac.uk (8.13.1/8.12.11) with ESMTP id q42G0gA4030811
	for <iridburst@noc.soton.ac.uk>; Wed, 2 May 2012 17:00:43 +0100
Reply-To: <sbdservice@sbd.iridium.com>
From: sbdservice@sbd.iridium.com
To: iridburst@noc.soton.ac.uk
Subject: SBD Msg From Unit: 300224010734970
MIME-Version: 1.0
Content-Type: multipart/mixed;boundary="SBD.Boundary.605592468"
Message-Id: <19740412024625.0AAA5CFABB2FCC2F@istbsp01.sbd.iridium.com>
Date: Wed,  2 May 2012 16:00:41 +0000 (GMT)
X-NOCS-MailScanner-Information: Please contact the ISP for more information
X-NOCS-MailScanner-ID: q42G0gA4030811
X-NOCS-MailScanner: Found to be clean
X-NOCS-MailScanner-SpamCheck: not spam (whitelisted),
	SpamAssassin (not cached, score=-6.599, required 5,
	autolearn=not spam, BAYES_00 -2.60, RCVD_IN_DNSWL_MED -4.00)
X-NOCS-MailScanner-From: sbdservice@sbd.iridium.com
X-Spam-Status: No

SBM Message
--SBD.Boundary.605592468
PROCESS /noc/users/iridburst/exec/irid_300224010734970_upd.pl
Last Run  ----1970-01-01 00:00:00 
MONTH  5 
DATA  xxrecord 2012-05-01 02:00:05 :: $W5M5A,120501,020005,660d0028449ce246,1,DAS 2,4939.6384N,1300.9256W,16.7,36,23.0,11.8,10.7,83.4,8.0,10.8,83.7,8.1,1005.1,3.29,5.3,15.4,27,48*63
 
STATION sbdservice
IRID_ID 300224010734970
BODY --

From sbdservice@sbd.iridium.com Wed May 2 18:00:49 2012
Return-Path: <sbdservice@sbd.iridium.com>
Received: from istbsp02.sbd.iridium.com (outbound.sbd.iridium.com [12.47.179.11])
	by mercury.noc.soton.ac.uk (8.13.1/8.12.11) with ESMTP id q42H0fEu011562
	for <iridburst@noc.soton.ac.uk>; Wed, 2 May 2012 18:00:41 +0100
Reply-To: <sbdservice@sbd.iridium.com>
From: sbdservice@sbd.iridium.com
To: iridburst@noc.soton.ac.uk
Subject: SBD Msg From Unit: 300224010734970
MIME-Version: 1.0
Content-Type: multipart/mixed;boundary="SBD.Boundary.605592468"
Message-Id: <19740412024625.CB977FE9734234B0@istbsp02.sbd.iridium.com>
Date: Wed,  2 May 2012 17:00:40 +0000 (GMT)
X-NOCS-MailScanner-Information: Please contact the ISP for more information
X-NOCS-MailScanner-ID: q42H0fEu011562
X-NOCS-MailScanner: Found to be clean
X-NOCS-MailScanner-SpamCheck: not spam (whitelisted),
	SpamAssassin (not cached, score=-6.599, required 5,
	autolearn=not spam, BAYES_00 -2.60, RCVD_IN_DNSWL_MED -4.00)
X-NOCS-MailScanner-From: sbdservice@sbd.iridium.com
X-Spam-Status: No

SBM Message
--SBD.Boundary.605592468
PROCESS /noc/users/iridburst/exec/irid_300224010734970_upd.pl
Last Run  ----1970-01-01 00:00:00 
MONTH  5 
DATA  xxrecord 2012-05-01 02:00:05 :: $W5M5A,120501,020005,660d0028449ce246,1,DAS 2,4939.6384N,1300.9256W,16.7,36,23.0,11.8,10.7,83.4,8.0,10.8,83.7,8.1,1005.1,3.29,5.3,15.4,27,48*63
 
STATION sbdservice
IRID_ID 300224010734970
BODY --

From sbdservice@sbd.iridium.com Wed May 2 19:01:01 2012
Return-Path: <sbdservice@sbd.iridium.com>
Received: from istbsp01.sbd.iridium.com (outbound.sbd.iridium.com [12.47.179.11])
	by mercury.noc.soton.ac.uk (8.13.1/8.12.11) with ESMTP id q42I0oVK018662
	for <iridburst@noc.soton.ac.uk>; Wed, 2 May 2012 19:00:51 +0100
Reply-To: <sbdservice@sbd.iridium.com>
From: sbdservice@sbd.iridium.com
To: iridburst@noc.soton.ac.uk
Subject: SBD Msg From Unit: 300224010734970
MIME-Version: 1.0
Content-Type: multipart/mixed;boundary="SBD.Boundary.605592468"
Message-Id: <19740412024625.B3784FC8771DBD9E@istbsp01.sbd.iridium.com>
Date: Wed,  2 May 2012 18:00:50 +0000 (GMT)
X-NOCS-MailScanner-Information: Please contact the ISP for more information
X-NOCS-MailScanner-ID: q42I0oVK018662
X-NOCS-MailScanner: Found to be clean
X-NOCS-MailScanner-SpamCheck: not spam (whitelisted),
	SpamAssassin (not cached, score=-6.599, required 5,
	autolearn=not spam, BAYES_00 -2.60, RCVD_IN_DNSWL_MED -4.00)
X-NOCS-MailScanner-From: sbdservice@sbd.iridium.com
X-Spam-Status: No

SBM Message
--SBD.Boundary.605592468
PROCESS /noc/users/iridburst/exec/irid_300224010734970_upd.pl
Last Run  ----1970-01-01 00:00:00 
MONTH  5 
DATA  xxrecord 2012-05-01 02:00:05 :: $W5M5A,120501,020005,660d0028449ce246,1,DAS 2,4939.6384N,1300.9256W,16.7,36,23.0,11.8,10.7,83.4,8.0,10.8,83.7,8.1,1005.1,3.29,5.3,15.4,27,48*63
 
STATION sbdservice
IRID_ID 300224010734970
BODY --

From sbdservice@sbd.iridium.com Wed May 2 20:00:44 2012
Return-Path: <sbdservice@sbd.iridium.com>
Received: from istbsp01.sbd.iridium.com (outbound.sbd.iridium.com [12.47.179.11])
	by mercury.noc.soton.ac.uk (8.13.1/8.12.11) with ESMTP id q42J0doq024932
	for <iridburst@noc.soton.ac.uk>; Wed, 2 May 2012 20:00:39 +0100
Reply-To: <sbdservice@sbd.iridium.com>
From: sbdservice@sbd.iridium.com
To: iridburst@noc.soton.ac.uk
Subject: SBD Msg From Unit: 300224010734970
MIME-Version: 1.0
Content-Type: multipart/mixed;boundary="SBD.Boundary.605592468"
Message-Id: <19740412024625.0D517DFA3B3FE503@istbsp01.sbd.iridium.com>
Date: Wed,  2 May 2012 19:00:39 +0000 (GMT)
X-NOCS-MailScanner-Information: Please contact the ISP for more information
X-NOCS-MailScanner-ID: q42J0doq024932
X-NOCS-MailScanner: Found to be clean
X-NOCS-MailScanner-SpamCheck: not spam (whitelisted),
	SpamAssassin (not cached, score=-6.599, required 5,
	autolearn=not spam, BAYES_00 -2.60, RCVD_IN_DNSWL_MED -4.00)
X-NOCS-MailScanner-From: sbdservice@sbd.iridium.com
X-Spam-Status: No

SBM Message
--SBD.Boundary.605592468
PROCESS /noc/users/iridburst/exec/irid_300224010734970_upd.pl
Last Run  ----1970-01-01 00:00:00 
MONTH  5 
DATA  xxrecord 2012-05-01 02:00:05 :: $W5M5A,120501,020005,660d0028449ce246,1,DAS 2,4939.6384N,1300.9256W,16.7,36,23.0,11.8,10.7,83.4,8.0,10.8,83.7,8.1,1005.1,3.29,5.3,15.4,27,48*63
 
STATION sbdservice
IRID_ID 300224010734970
BODY --

From sbdservice@sbd.iridium.com Wed May 2 21:00:51 2012
Return-Path: <sbdservice@sbd.iridium.com>
Received: from istbsp02.sbd.iridium.com (outbound.sbd.iridium.com [12.47.179.11])
	by mercury.noc.soton.ac.uk (8.13.1/8.12.11) with ESMTP id q42K0jTP031156
	for <iridburst@noc.soton.ac.uk>; Wed, 2 May 2012 21:00:45 +0100
Reply-To: <sbdservice@sbd.iridium.com>
From: sbdservice@sbd.iridium.com
To: iridburst@noc.soton.ac.uk
Subject: SBD Msg From Unit: 300224010734970
MIME-Version: 1.0
Content-Type: multipart/mixed;boundary="SBD.Boundary.605592468"
Message-Id: <19740412024625.80A55ED8F373875B@istbsp02.sbd.iridium.com>
Date: Wed,  2 May 2012 20:00:43 +0000 (GMT)
X-NOCS-MailScanner-Information: Please contact the ISP for more information
X-NOCS-MailScanner-ID: q42K0jTP031156
X-NOCS-MailScanner: Found to be clean
X-NOCS-MailScanner-SpamCheck: not spam (whitelisted),
	SpamAssassin (not cached, score=-6.599, required 5,
	autolearn=not spam, BAYES_00 -2.60, RCVD_IN_DNSWL_MED -4.00)
X-NOCS-MailScanner-From: sbdservice@sbd.iridium.com
X-Spam-Status: No

SBM Message
--SBD.Boundary.605592468
PROCESS /noc/users/iridburst/exec/irid_300224010734970_upd.pl
Last Run  ----1970-01-01 00:00:00 
MONTH  5 
DATA  xxrecord 2012-05-01 02:00:05 :: $W5M5A,120501,020005,660d0028449ce246,1,DAS 2,4939.6384N,1300.9256W,16.7,36,23.0,11.8,10.7,83.4,8.0,10.8,83.7,8.1,1005.1,3.29,5.3,15.4,27,48*63
 
STATION sbdservice
IRID_ID 300224010734970
BODY --

From sbdservice@sbd.iridium.com Wed May 2 22:00:47 2012
Return-Path: <sbdservice@sbd.iridium.com>
Received: from istbsp02.sbd.iridium.com (outbound.sbd.iridium.com [12.47.179.11])
	by mercury.noc.soton.ac.uk (8.13.1/8.12.11) with ESMTP id q42L0gvh004434
	for <iridburst@noc.soton.ac.uk>; Wed, 2 May 2012 22:00:42 +0100
Reply-To: <sbdservice@sbd.iridium.com>
From: sbdservice@sbd.iridium.com
To: iridburst@noc.soton.ac.uk
Subject: SBD Msg From Unit: 300224010734970
MIME-Version: 1.0
Content-Type: multipart/mixed;boundary="SBD.Boundary.605592468"
Message-Id: <19740412024625.D4086EEB7B4056D6@istbsp02.sbd.iridium.com>
Date: Wed,  2 May 2012 21:00:42 +0000 (GMT)
X-NOCS-MailScanner-Information: Please contact the ISP for more information
X-NOCS-MailScanner-ID: q42L0gvh004434
X-NOCS-MailScanner: Found to be clean
X-NOCS-MailScanner-SpamCheck: not spam (whitelisted),
	SpamAssassin (not cached, score=-6.599, required 5,
	autolearn=not spam, BAYES_00 -2.60, RCVD_IN_DNSWL_MED -4.00)
X-NOCS-MailScanner-From: sbdservice@sbd.iridium.com
X-Spam-Status: No

SBM Message
--SBD.Boundary.605592468
PROCESS /noc/users/iridburst/exec/irid_300224010734970_upd.pl
Last Run  ----1970-01-01 00:00:00 
MONTH  5 
DATA  xxrecord 2012-05-01 02:00:05 :: $W5M5A,120501,020005,660d0028449ce246,1,DAS 2,4939.6384N,1300.9256W,16.7,36,23.0,11.8,10.7,83.4,8.0,10.8,83.7,8.1,1005.1,3.29,5.3,15.4,27,48*63
 
STATION sbdservice
IRID_ID 300224010734970
BODY --

From sbdservice@sbd.iridium.com Wed May 2 23:01:11 2012
Return-Path: <sbdservice@sbd.iridium.com>
Received: from istbsp02.sbd.iridium.com (outbound.sbd.iridium.com [12.47.179.11])
	by mercury.noc.soton.ac.uk (8.13.1/8.12.11) with ESMTP id q42M14LZ010028
	for <iridburst@noc.soton.ac.uk>; Wed, 2 May 2012 23:01:04 +0100
Reply-To: <sbdservice@sbd.iridium.com>
From: sbdservice@sbd.iridium.com
To: iridburst@noc.soton.ac.uk
Subject: SBD Msg From Unit: 300224010734970
MIME-Version: 1.0
Content-Type: multipart/mixed;boundary="SBD.Boundary.605592468"
Message-Id: <19740412024625.3D895DDB3F502003@istbsp02.sbd.iridium.com>
Date: Wed,  2 May 2012 22:01:02 +0000 (GMT)
X-NOCS-MailScanner-Information: Please contact the ISP for more information
X-NOCS-MailScanner-ID: q42M14LZ010028
X-NOCS-MailScanner: Found to be clean
X-NOCS-MailScanner-SpamCheck: not spam (whitelisted),
	SpamAssassin (not cached, score=-6.599, required 5,
	autolearn=not spam, BAYES_00 -2.60, RCVD_IN_DNSWL_MED -4.00)
X-NOCS-MailScanner-From: sbdservice@sbd.iridium.com
X-Spam-Status: No

SBM Message
--SBD.Boundary.605592468
PROCESS /noc/users/iridburst/exec/irid_300224010734970_upd.pl
Last Run  ----1970-01-01 00:00:00 
MONTH  5 
DATA  xxrecord 2012-05-01 02:00:05 :: $W5M5A,120501,020005,660d0028449ce246,1,DAS 2,4939.6384N,1300.9256W,16.7,36,23.0,11.8,10.7,83.4,8.0,10.8,83.7,8.1,1005.1,3.29,5.3,15.4,27,48*63
 
STATION sbdservice
IRID_ID 300224010734970
BODY --

From sbdservice@sbd.iridium.com Thu May 3 00:00:37 2012
Return-Path: <sbdservice@sbd.iridium.com>
Received: from istbsp01.sbd.iridium.com (outbound.sbd.iridium.com [12.47.179.11])
	by mercury.noc.soton.ac.uk (8.13.1/8.12.11) with ESMTP id q42N0USm014996
	for <iridburst@noc.soton.ac.uk>; Thu, 3 May 2012 00:00:30 +0100
Reply-To: <sbdservice@sbd.iridium.com>
From: sbdservice@sbd.iridium.com
To: iridburst@noc.soton.ac.uk
Subject: SBD Msg From Unit: 300224010734970
MIME-Version: 1.0
Content-Type: multipart/mixed;boundary="SBD.Boundary.605592468"
Message-Id: <19740412024625.46BF7EF9F70E6833@istbsp01.sbd.iridium.com>
Date: Wed,  2 May 2012 23:00:29 +0000 (GMT)
X-NOCS-MailScanner-Information: Please contact the ISP for more information
X-NOCS-MailScanner-ID: q42N0USm014996
X-NOCS-MailScanner: Found to be clean
X-NOCS-MailScanner-SpamCheck: not spam (whitelisted),
	SpamAssassin (not cached, score=-6.599, required 5,
	autolearn=not spam, BAYES_00 -2.60, RCVD_IN_DNSWL_MED -4.00)
X-NOCS-MailScanner-From: sbdservice@sbd.iridium.com
X-Spam-Status: No

SBM Message
--SBD.Boundary.605592468
PROCESS /noc/users/iridburst/exec/irid_300224010734970_upd.pl
Last Run  ----1970-01-01 00:00:00 
MONTH  5 
DATA  xxrecord 2012-05-01 02:00:05 :: $W5M5A,120501,020005,660d0028449ce246,1,DAS 2,4939.6384N,1300.9256W,16.7,36,23.0,11.8,10.7,83.4,8.0,10.8,83.7,8.1,1005.1,3.29,5.3,15.4,27,48*63
 
STATION sbdservice
IRID_ID 300224010734970
BODY --

From sbdservice@sbd.iridium.com Thu May 3 01:00:52 2012
Return-Path: <sbdservice@sbd.iridium.com>
Received: from istbsp02.sbd.iridium.com (outbound.sbd.iridium.com [12.47.179.11])
	by mercury.noc.soton.ac.uk (8.13.1/8.12.11) with ESMTP id q4300mD0019802
	for <iridburst@noc.soton.ac.uk>; Thu, 3 May 2012 01:00:48 +0100
Reply-To: <sbdservice@sbd.iridium.com>
From: sbdservice@sbd.iridium.com
To: iridburst@noc.soton.ac.uk
Subject: SBD Msg From Unit: 300224010734970
MIME-Version: 1.0
Content-Type: multipart/mixed;boundary="SBD.Boundary.605592468"
Message-Id: <19740412024625.3E5A5CF8BB625D83@istbsp02.sbd.iridium.com>
Date: Thu,  3 May 2012 00:00:47 +0000 (GMT)
X-NOCS-MailScanner-Information: Please contact the ISP for more information
X-NOCS-MailScanner-ID: q4300mD0019802
X-NOCS-MailScanner: Found to be clean
X-NOCS-MailScanner-SpamCheck: not spam (whitelisted),
	SpamAssassin (not cached, score=-6.599, required 5,
	autolearn=not spam, BAYES_00 -2.60, RCVD_IN_DNSWL_MED -4.00)
X-NOCS-MailScanner-From: sbdservice@sbd.iridium.com
X-Spam-Status: No

SBM Message
--SBD.Boundary.605592468
PROCESS /noc/users/iridburst/exec/irid_300224010734970_upd.pl
Last Run  ----1970-01-01 00:00:00 
MONTH  5 
DATA  xxrecord 2012-05-01 02:00:05 :: $W5M5A,120501,020005,660d0028449ce246,1,DAS 2,4939.6384N,1300.9256W,16.7,36,23.0,11.8,10.7,83.4,8.0,10.8,83.7,8.1,1005.1,3.29,5.3,15.4,27,48*63
 
STATION sbdservice
IRID_ID 300224010734970
BODY --

From sbdservice@sbd.iridium.com Thu May 3 02:00:45 2012
Return-Path: <sbdservice@sbd.iridium.com>
Received: from istbsp02.sbd.iridium.com (outbound.sbd.iridium.com [12.47.179.11])
	by mercury.noc.soton.ac.uk (8.13.1/8.12.11) with ESMTP id q4310en3025089
	for <iridburst@noc.soton.ac.uk>; Thu, 3 May 2012 02:00:40 +0100
Reply-To: <sbdservice@sbd.iridium.com>
From: sbdservice@sbd.iridium.com
To: iridburst@noc.soton.ac.uk
Subject: SBD Msg From Unit: 300224010734970
MIME-Version: 1.0
Content-Type: multipart/mixed;boundary="SBD.Boundary.605592468"
Message-Id: <19740412024625.76307FFA33616D68@istbsp02.sbd.iridium.com>
Date: Thu,  3 May 2012 01:00:39 +0000 (GMT)
X-NOCS-MailScanner-Information: Please contact the ISP for more information
X-NOCS-MailScanner-ID: q4310en3025089
X-NOCS-MailScanner: Found to be clean
X-NOCS-MailScanner-SpamCheck: not spam (whitelisted),
	SpamAssassin (not cached, score=-6.599, required 5,
	autolearn=not spam, BAYES_00 -2.60, RCVD_IN_DNSWL_MED -4.00)
X-NOCS-MailScanner-From: sbdservice@sbd.iridium.com
X-Spam-Status: No

SBM Message
--SBD.Boundary.605592468
PROCESS /noc/users/iridburst/exec/irid_300224010734970_upd.pl
Last Run  ----1970-01-01 00:00:00 
MONTH  5 
DATA  xxrecord 2012-05-01 02:00:05 :: $W5M5A,120501,020005,660d0028449ce246,1,DAS 2,4939.6384N,1300.9256W,16.7,36,23.0,11.8,10.7,83.4,8.0,10.8,83.7,8.1,1005.1,3.29,5.3,15.4,27,48*63
 
STATION sbdservice
IRID_ID 300224010734970
BODY --

From sbdservice@sbd.iridium.com Thu May 3 03:00:50 2012
Return-Path: <sbdservice@sbd.iridium.com>
Received: from istbsp01.sbd.iridium.com (outbound.sbd.iridium.com [12.47.179.11])
	by mercury.noc.soton.ac.uk (8.13.1/8.12.11) with ESMTP id q4320iws030365
	for <iridburst@noc.soton.ac.uk>; Thu, 3 May 2012 03:00:45 +0100
Reply-To: <sbdservice@sbd.iridium.com>
From: sbdservice@sbd.iridium.com
To: iridburst@noc.soton.ac.uk
Subject: SBD Msg From Unit: 300224010734970
MIME-Version: 1.0
Content-Type: multipart/mixed;boundary="SBD.Boundary.605592468"
Message-Id: <19740412024625.EC626CC97F2D35A6@istbsp01.sbd.iridium.com>
Date: Thu,  3 May 2012 02:00:43 +0000 (GMT)
X-NOCS-MailScanner-Information: Please contact the ISP for more information
X-NOCS-MailScanner-ID: q4320iws030365
X-NOCS-MailScanner: Found to be clean
X-NOCS-MailScanner-SpamCheck: not spam (whitelisted),
	SpamAssassin (not cached, score=-6.599, required 5,
	autolearn=not spam, BAYES_00 -2.60, RCVD_IN_DNSWL_MED -4.00)
X-NOCS-MailScanner-From: sbdservice@sbd.iridium.com
X-Spam-Status: No

SBM Message
--SBD.Boundary.605592468
PROCESS /noc/users/iridburst/exec/irid_300224010734970_upd.pl
Last Run  ----1970-01-01 00:00:00 
MONTH  5 
DATA  xxrecord 2012-05-01 02:00:05 :: $W5M5A,120501,020005,660d0028449ce246,1,DAS 2,4939.6384N,1300.9256W,16.7,36,23.0,11.8,10.7,83.4,8.0,10.8,83.7,8.1,1005.1,3.29,5.3,15.4,27,48*63
 
STATION sbdservice
IRID_ID 300224010734970
BODY --

From sbdservice@sbd.iridium.com Thu May 3 04:00:42 2012
Return-Path: <sbdservice@sbd.iridium.com>
Received: from istbsp02.sbd.iridium.com (outbound.sbd.iridium.com [12.47.179.11])
	by mercury.noc.soton.ac.uk (8.13.1/8.12.11) with ESMTP id q4330bE5003576
	for <iridburst@noc.soton.ac.uk>; Thu, 3 May 2012 04:00:37 +0100
Reply-To: <sbdservice@sbd.iridium.com>
From: sbdservice@sbd.iridium.com
To: iridburst@noc.soton.ac.uk
Subject: SBD Msg From Unit: 300224010734970
MIME-Version: 1.0
Content-Type: multipart/mixed;boundary="SBD.Boundary.605592468"
Message-Id: <19740412024625.9D826EEABF5330E0@istbsp02.sbd.iridium.com>
Date: Thu,  3 May 2012 03:00:37 +0000 (GMT)
X-NOCS-MailScanner-Information: Please contact the ISP for more information
X-NOCS-MailScanner-ID: q4330bE5003576
X-NOCS-MailScanner: Found to be clean
X-NOCS-MailScanner-SpamCheck: not spam (whitelisted),
	SpamAssassin (not cached, score=-6.599, required 5,
	autolearn=not spam, BAYES_00 -2.60, RCVD_IN_DNSWL_MED -4.00)
X-NOCS-MailScanner-From: sbdservice@sbd.iridium.com
X-Spam-Status: No

SBM Message
--SBD.Boundary.605592468
PROCESS /noc/users/iridburst/exec/irid_300224010734970_upd.pl
Last Run  ----1970-01-01 00:00:00 
MONTH  5 
DATA  xxrecord 2012-05-01 02:00:05 :: $W5M5A,120501,020005,660d0028449ce246,1,DAS 2,4939.6384N,1300.9256W,16.7,36,23.0,11.8,10.7,83.4,8.0,10.8,83.7,8.1,1005.1,3.29,5.3,15.4,27,48*63
 
STATION sbdservice
IRID_ID 300224010734970
BODY --

From sbdservice@sbd.iridium.com Thu May 3 05:00:49 2012
Return-Path: <sbdservice@sbd.iridium.com>
Received: from istbsp02.sbd.iridium.com (outbound.sbd.iridium.com [12.47.179.11])
	by mercury.noc.soton.ac.uk (8.13.1/8.12.11) with ESMTP id q4340fcG011613
	for <iridburst@noc.soton.ac.uk>; Thu, 3 May 2012 05:00:42 +0100
Reply-To: <sbdservice@sbd.iridium.com>
From: sbdservice@sbd.iridium.com
To: iridburst@noc.soton.ac.uk
Subject: SBD Msg From Unit: 300224010734970
MIME-Version: 1.0
Content-Type: multipart/mixed;boundary="SBD.Boundary.605592468"
Message-Id: <19740412024625.A18E7CF8B3522C80@istbsp02.sbd.iridium.com>
Date: Thu,  3 May 2012 04:00:41 +0000 (GMT)
X-NOCS-MailScanner-Information: Please contact the ISP for more information
X-NOCS-MailScanner-ID: q4340fcG011613
X-NOCS-MailScanner: Found to be clean
X-NOCS-MailScanner-SpamCheck: not spam (whitelisted),
	SpamAssassin (not cached, score=-6.599, required 5,
	autolearn=not spam, BAYES_00 -2.60, RCVD_IN_DNSWL_MED -4.00)
X-NOCS-MailScanner-From: sbdservice@sbd.iridium.com
X-Spam-Status: No

SBM Message
--SBD.Boundary.605592468
PROCESS /noc/users/iridburst/exec/irid_300224010734970_upd.pl
Last Run  ----1970-01-01 00:00:00 
MONTH  5 
DATA  xxrecord 2012-05-01 02:00:05 :: $W5M5A,120501,020005,660d0028449ce246,1,DAS 2,4939.6384N,1300.9256W,16.7,36,23.0,11.8,10.7,83.4,8.0,10.8,83.7,8.1,1005.1,3.29,5.3,15.4,27,48*63
 
STATION sbdservice
IRID_ID 300224010734970
BODY --

From sbdservice@sbd.iridium.com Thu May 3 06:00:44 2012
Return-Path: <sbdservice@sbd.iridium.com>
Received: from istbsp02.sbd.iridium.com (outbound.sbd.iridium.com [12.47.179.11])
	by mercury.noc.soton.ac.uk (8.13.1/8.12.11) with ESMTP id q4350dHq016841
	for <iridburst@noc.soton.ac.uk>; Thu, 3 May 2012 06:00:40 +0100
Reply-To: <sbdservice@sbd.iridium.com>
From: sbdservice@sbd.iridium.com
To: iridburst@noc.soton.ac.uk
Subject: SBD Msg From Unit: 300224010734970
MIME-Version: 1.0
Content-Type: multipart/mixed;boundary="SBD.Boundary.605592468"
Message-Id: <19740412024625.FC145EDAB7703AF8@istbsp02.sbd.iridium.com>
Date: Thu,  3 May 2012 05:00:38 +0000 (GMT)
X-NOCS-MailScanner-Information: Please contact the ISP for more information
X-NOCS-MailScanner-ID: q4350dHq016841
X-NOCS-MailScanner: Found to be clean
X-NOCS-MailScanner-SpamCheck: not spam (whitelisted),
	SpamAssassin (not cached, score=-6.599, required 5,
	autolearn=not spam, BAYES_00 -2.60, RCVD_IN_DNSWL_MED -4.00)
X-NOCS-MailScanner-From: sbdservice@sbd.iridium.com
X-Spam-Status: No

SBM Message
--SBD.Boundary.605592468
PROCESS /noc/users/iridburst/exec/irid_300224010734970_upd.pl
Last Run  ----1970-01-01 00:00:00 
MONTH  5 
DATA  xxrecord 2012-05-01 02:00:05 :: $W5M5A,120501,020005,660d0028449ce246,1,DAS 2,4939.6384N,1300.9256W,16.7,36,23.0,11.8,10.7,83.4,8.0,10.8,83.7,8.1,1005.1,3.29,5.3,15.4,27,48*63
 
STATION sbdservice
IRID_ID 300224010734970
BODY --

From sbdservice@sbd.iridium.com Thu May 3 07:00:56 2012
Return-Path: <sbdservice@sbd.iridium.com>
Received: from istbsp02.sbd.iridium.com (outbound.sbd.iridium.com [12.47.179.11])
	by mercury.noc.soton.ac.uk (8.13.1/8.12.11) with ESMTP id q4360nFd024393
	for <iridburst@noc.soton.ac.uk>; Thu, 3 May 2012 07:00:50 +0100
Reply-To: <sbdservice@sbd.iridium.com>
From: sbdservice@sbd.iridium.com
To: iridburst@noc.soton.ac.uk
Subject: SBD Msg From Unit: 300224010734970
MIME-Version: 1.0
Content-Type: multipart/mixed;boundary="SBD.Boundary.605592468"
Message-Id: <19740412024625.7B315DDA3371664E@istbsp02.sbd.iridium.com>
Date: Thu,  3 May 2012 06:00:49 +0000 (GMT)
X-NOCS-MailScanner-Information: Please contact the ISP for more information
X-NOCS-MailScanner-ID: q4360nFd024393
X-NOCS-MailScanner: Found to be clean
X-NOCS-MailScanner-SpamCheck: not spam (whitelisted),
	SpamAssassin (not cached, score=-6.599, required 5,
	autolearn=not spam, BAYES_00 -2.60, RCVD_IN_DNSWL_MED -4.00)
X-NOCS-MailScanner-From: sbdservice@sbd.iridium.com
X-Spam-Status: No

SBM Message
--SBD.Boundary.605592468
PROCESS /noc/users/iridburst/exec/irid_300224010734970_upd.pl
Last Run  ----1970-01-01 00:00:00 
MONTH  5 
DATA  xxrecord 2012-05-01 02:00:05 :: $W5M5A,120501,020005,660d0028449ce246,1,DAS 2,4939.6384N,1300.9256W,16.7,36,23.0,11.8,10.7,83.4,8.0,10.8,83.7,8.1,1005.1,3.29,5.3,15.4,27,48*63
 
STATION sbdservice
IRID_ID 300224010734970
BODY --

From sbdservice@sbd.iridium.com Thu May 3 08:00:53 2012
Return-Path: <sbdservice@sbd.iridium.com>
Received: from istbsp01.sbd.iridium.com (outbound.sbd.iridium.com [12.47.179.11])
	by mercury.noc.soton.ac.uk (8.13.1/8.12.11) with ESMTP id q4370lCg030333
	for <iridburst@noc.soton.ac.uk>; Thu, 3 May 2012 08:00:48 +0100
Reply-To: <sbdservice@sbd.iridium.com>
From: sbdservice@sbd.iridium.com
To: iridburst@noc.soton.ac.uk
Subject: SBD Msg From Unit: 300224010734970
MIME-Version: 1.0
Content-Type: multipart/mixed;boundary="SBD.Boundary.605592468"
Message-Id: <19740412024625.723C7EFB370CC108@istbsp01.sbd.iridium.com>
Date: Thu,  3 May 2012 07:00:46 +0000 (GMT)
X-NOCS-MailScanner-Information: Please contact the ISP for more information
X-NOCS-MailScanner-ID: q4370lCg030333
X-NOCS-MailScanner: Found to be clean
X-NOCS-MailScanner-SpamCheck: not spam (whitelisted),
	SpamAssassin (not cached, score=-6.599, required 5,
	autolearn=not spam, BAYES_00 -2.60, RCVD_IN_DNSWL_MED -4.00)
X-NOCS-MailScanner-From: sbdservice@sbd.iridium.com
X-Spam-Status: No

SBM Message
--SBD.Boundary.605592468
PROCESS /noc/users/iridburst/exec/irid_300224010734970_upd.pl
Last Run  ----1970-01-01 00:00:00 
MONTH  5 
DATA  xxrecord 2012-05-01 02:00:05 :: $W5M5A,120501,020005,660d0028449ce246,1,DAS 2,4939.6384N,1300.9256W,16.7,36,23.0,11.8,10.7,83.4,8.0,10.8,83.7,8.1,1005.1,3.29,5.3,15.4,27,48*63
 
STATION sbdservice
IRID_ID 300224010734970
BODY --

From sbdservice@sbd.iridium.com Thu May 3 09:00:55 2012
Return-Path: <sbdservice@sbd.iridium.com>
Received: from istbsp02.sbd.iridium.com (outbound.sbd.iridium.com [12.47.179.11])
	by mercury.noc.soton.ac.uk (8.13.1/8.12.11) with ESMTP id q4380j1a009872
	for <iridburst@noc.soton.ac.uk>; Thu, 3 May 2012 09:00:45 +0100
Reply-To: <sbdservice@sbd.iridium.com>
From: sbdservice@sbd.iridium.com
To: iridburst@noc.soton.ac.uk
Subject: SBD Msg From Unit: 300224010734970
MIME-Version: 1.0
Content-Type: multipart/mixed;boundary="SBD.Boundary.605592468"
Message-Id: <19740412024625.2FBB4FE93F5312FF@istbsp02.sbd.iridium.com>
Date: Thu,  3 May 2012 08:00:43 +0000 (GMT)
X-NOCS-MailScanner-Information: Please contact the ISP for more information
X-NOCS-MailScanner-ID: q4380j1a009872
X-NOCS-MailScanner: Found to be clean
X-NOCS-MailScanner-SpamCheck: not spam (whitelisted),
	SpamAssassin (not cached, score=-6.599, required 5,
	autolearn=not spam, BAYES_00 -2.60, RCVD_IN_DNSWL_MED -4.00)
X-NOCS-MailScanner-From: sbdservice@sbd.iridium.com
X-Spam-Status: No

SBM Message
--SBD.Boundary.605592468
PROCESS /noc/users/iridburst/exec/irid_300224010734970_upd.pl
Last Run  ----1970-01-01 00:00:00 
MONTH  5 
DATA  xxrecord 2012-05-01 02:00:05 :: $W5M5A,120501,020005,660d0028449ce246,1,DAS 2,4939.6384N,1300.9256W,16.7,36,23.0,11.8,10.7,83.4,8.0,10.8,83.7,8.1,1005.1,3.29,5.3,15.4,27,48*63
 
STATION sbdservice
IRID_ID 300224010734970
BODY --

From sbdservice@sbd.iridium.com Thu May 3 10:00:43 2012
Return-Path: <sbdservice@sbd.iridium.com>
Received: from istbsp02.sbd.iridium.com (outbound.sbd.iridium.com [12.47.179.11])
	by mercury.noc.soton.ac.uk (8.13.1/8.12.11) with ESMTP id q4390cms019628
	for <iridburst@noc.soton.ac.uk>; Thu, 3 May 2012 10:00:38 +0100
Reply-To: <sbdservice@sbd.iridium.com>
From: sbdservice@sbd.iridium.com
To: iridburst@noc.soton.ac.uk
Subject: SBD Msg From Unit: 300224010734970
MIME-Version: 1.0
Content-Type: multipart/mixed;boundary="SBD.Boundary.605592468"
Message-Id: <19740412024625.EEFA7DC8F3512345@istbsp02.sbd.iridium.com>
Date: Thu,  3 May 2012 09:00:37 +0000 (GMT)
X-NOCS-MailScanner-Information: Please contact the ISP for more information
X-NOCS-MailScanner-ID: q4390cms019628
X-NOCS-MailScanner: Found to be clean
X-NOCS-MailScanner-SpamCheck: not spam (whitelisted),
	SpamAssassin (not cached, score=-6.599, required 5,
	autolearn=not spam, BAYES_00 -2.60, RCVD_IN_DNSWL_MED -4.00)
X-NOCS-MailScanner-From: sbdservice@sbd.iridium.com
X-Spam-Status: No

SBM Message
--SBD.Boundary.605592468
PROCESS /noc/users/iridburst/exec/irid_300224010734970_upd.pl
Last Run  ----1970-01-01 00:00:00 
MONTH  5 
DATA  xxrecord 2012-05-01 02:00:05 :: $W5M5A,120501,020005,660d0028449ce246,1,DAS 2,4939.6384N,1300.9256W,16.7,36,23.0,11.8,10.7,83.4,8.0,10.8,83.7,8.1,1005.1,3.29,5.3,15.4,27,48*63
 
STATION sbdservice
IRID_ID 300224010734970
BODY --

From sbdservice@sbd.iridium.com Thu May 3 11:00:46 2012
Return-Path: <sbdservice@sbd.iridium.com>
Received: from istbsp02.sbd.iridium.com (outbound.sbd.iridium.com [12.47.179.11])
	by mercury.noc.soton.ac.uk (8.13.1/8.12.11) with ESMTP id q43A0gFI030530
	for <iridburst@noc.soton.ac.uk>; Thu, 3 May 2012 11:00:42 +0100
Reply-To: <sbdservice@sbd.iridium.com>
From: sbdservice@sbd.iridium.com
To: iridburst@noc.soton.ac.uk
Subject: SBD Msg From Unit: 300224010734970
MIME-Version: 1.0
Content-Type: multipart/mixed;boundary="SBD.Boundary.605592468"
Message-Id: <19740412024625.EF907DC93B61FE79@istbsp02.sbd.iridium.com>
Date: Thu,  3 May 2012 10:00:41 +0000 (GMT)
X-NOCS-MailScanner-Information: Please contact the ISP for more information
X-NOCS-MailScanner-ID: q43A0gFI030530
X-NOCS-MailScanner: Found to be clean
X-NOCS-MailScanner-SpamCheck: not spam (whitelisted),
	SpamAssassin (not cached, score=-6.599, required 5,
	autolearn=not spam, BAYES_00 -2.60, RCVD_IN_DNSWL_MED -4.00)
X-NOCS-MailScanner-From: sbdservice@sbd.iridium.com
X-Spam-Status: No

SBM Message
--SBD.Boundary.605592468
PROCESS /noc/users/iridburst/exec/irid_300224010734970_upd.pl
Last Run  ----1970-01-01 00:00:00 
MONTH  5 
DATA  xxrecord 2012-05-01 02:00:05 :: $W5M5A,120501,020005,660d0028449ce246,1,DAS 2,4939.6384N,1300.9256W,16.7,36,23.0,11.8,10.7,83.4,8.0,10.8,83.7,8.1,1005.1,3.29,5.3,15.4,27,48*63
 
STATION sbdservice
IRID_ID 300224010734970
BODY --

From sbdservice@sbd.iridium.com Thu May 3 12:00:53 2012
Return-Path: <sbdservice@sbd.iridium.com>
Received: from istbsp01.sbd.iridium.com (outbound.sbd.iridium.com [12.47.179.11])
	by mercury.noc.soton.ac.uk (8.13.1/8.12.11) with ESMTP id q43B0m8c009034
	for <iridburst@noc.soton.ac.uk>; Thu, 3 May 2012 12:00:48 +0100
Reply-To: <sbdservice@sbd.iridium.com>
From: sbdservice@sbd.iridium.com
To: iridburst@noc.soton.ac.uk
Subject: SBD Msg From Unit: 300224010734970
MIME-Version: 1.0
Content-Type: multipart/mixed;boundary="SBD.Boundary.605592468"
Message-Id: <19740412024625.98DF4EFB371E5B27@istbsp01.sbd.iridium.com>
Date: Thu,  3 May 2012 11:00:46 +0000 (GMT)
X-NOCS-MailScanner-Information: Please contact the ISP for more information
X-NOCS-MailScanner-ID: q43B0m8c009034
X-NOCS-MailScanner: Found to be clean
X-NOCS-MailScanner-SpamCheck: not spam (whitelisted),
	SpamAssassin (not cached, score=-6.599, required 5,
	autolearn=not spam, BAYES_00 -2.60, RCVD_IN_DNSWL_MED -4.00)
X-NOCS-MailScanner-From: sbdservice@sbd.iridium.com
X-Spam-Status: No

SBM Message
--SBD.Boundary.605592468
PROCESS /noc/users/iridburst/exec/irid_300224010734970_upd.pl
Last Run  ----1970-01-01 00:00:00 
MONTH  5 
DATA  xxrecord 2012-05-01 02:00:05 :: $W5M5A,120501,020005,660d0028449ce246,1,DAS 2,4939.6384N,1300.9256W,16.7,36,23.0,11.8,10.7,83.4,8.0,10.8,83.7,8.1,1005.1,3.29,5.3,15.4,27,48*63
 
STATION sbdservice
IRID_ID 300224010734970
BODY --

From sbdservice@sbd.iridium.com Thu May 3 13:00:58 2012
Return-Path: <sbdservice@sbd.iridium.com>
Received: from istbsp02.sbd.iridium.com (outbound.sbd.iridium.com [12.47.179.11])
	by mercury.noc.soton.ac.uk (8.13.1/8.12.11) with ESMTP id q43C0s4J019021
	for <iridburst@noc.soton.ac.uk>; Thu, 3 May 2012 13:00:54 +0100
Reply-To: <sbdservice@sbd.iridium.com>
From: sbdservice@sbd.iridium.com
To: iridburst@noc.soton.ac.uk
Subject: SBD Msg From Unit: 300224010734970
MIME-Version: 1.0
Content-Type: multipart/mixed;boundary="SBD.Boundary.605592468"
Message-Id: <19740412024625.6B2E6CF87742EB14@istbsp02.sbd.iridium.com>
Date: Thu,  3 May 2012 12:00:50 +0000 (GMT)
X-NOCS-MailScanner-Information: Please contact the ISP for more information
X-NOCS-MailScanner-ID: q43C0s4J019021
X-NOCS-MailScanner: Found to be clean
X-NOCS-MailScanner-SpamCheck: not spam (whitelisted),
	SpamAssassin (not cached, score=-6.599, required 5,
	autolearn=not spam, BAYES_00 -2.60, RCVD_IN_DNSWL_MED -4.00)
X-NOCS-MailScanner-From: sbdservice@sbd.iridium.com
X-Spam-Status: No

SBM Message
--SBD.Boundary.605592468
PROCESS /noc/users/iridburst/exec/irid_300224010734970_upd.pl
Last Run  ----1970-01-01 00:00:00 
MONTH  5 
DATA  xxrecord 2012-05-01 02:00:05 :: $W5M5A,120501,020005,660d0028449ce246,1,DAS 2,4939.6384N,1300.9256W,16.7,36,23.0,11.8,10.7,83.4,8.0,10.8,83.7,8.1,1005.1,3.29,5.3,15.4,27,48*63
 
STATION sbdservice
IRID_ID 300224010734970
BODY --

From sbdservice@sbd.iridium.com Thu May 3 14:00:58 2012
Return-Path: <sbdservice@sbd.iridium.com>
Received: from istbsp01.sbd.iridium.com (outbound.sbd.iridium.com [12.47.179.11])
	by mercury.noc.soton.ac.uk (8.13.1/8.12.11) with ESMTP id q43D0qaj029339
	for <iridburst@noc.soton.ac.uk>; Thu, 3 May 2012 14:00:53 +0100
Reply-To: <sbdservice@sbd.iridium.com>
From: sbdservice@sbd.iridium.com
To: iridburst@noc.soton.ac.uk
Subject: SBD Msg From Unit: 300224010734970
MIME-Version: 1.0
Content-Type: multipart/mixed;boundary="SBD.Boundary.605592468"
Message-Id: <19740412024625.9D504DC83F2EC2A0@istbsp01.sbd.iridium.com>
Date: Thu,  3 May 2012 13:00:52 +0000 (GMT)
X-NOCS-MailScanner-Information: Please contact the ISP for more information
X-NOCS-MailScanner-ID: q43D0qaj029339
X-NOCS-MailScanner: Found to be clean
X-NOCS-MailScanner-SpamCheck: not spam (whitelisted),
	SpamAssassin (not cached, score=-6.599, required 5,
	autolearn=not spam, BAYES_00 -2.60, RCVD_IN_DNSWL_MED -4.00)
X-NOCS-MailScanner-From: sbdservice@sbd.iridium.com
X-Spam-Status: No

SBM Message
--SBD.Boundary.605592468
PROCESS /noc/users/iridburst/exec/irid_300224010734970_upd.pl
Last Run  ----1970-01-01 00:00:00 
MONTH  5 
DATA  xxrecord 2012-05-01 02:00:05 :: $W5M5A,120501,020005,660d0028449ce246,1,DAS 2,4939.6384N,1300.9256W,16.7,36,23.0,11.8,10.7,83.4,8.0,10.8,83.7,8.1,1005.1,3.29,5.3,15.4,27,48*63
 
STATION sbdservice
IRID_ID 300224010734970
BODY --

From sbdservice@sbd.iridium.com Thu May 3 15:01:09 2012
Return-Path: <sbdservice@sbd.iridium.com>
Received: from istbsp01.sbd.iridium.com (outbound.sbd.iridium.com [12.47.179.11])
	by mercury.noc.soton.ac.uk (8.13.1/8.12.11) with ESMTP id q43E0qwb007178
	for <iridburst@noc.soton.ac.uk>; Thu, 3 May 2012 15:00:52 +0100
Reply-To: <sbdservice@sbd.iridium.com>
From: sbdservice@sbd.iridium.com
To: iridburst@noc.soton.ac.uk
Subject: SBD Msg From Unit: 300224010734970
MIME-Version: 1.0
Content-Type: multipart/mixed;boundary="SBD.Boundary.605592468"
Message-Id: <19740412024625.3FFC7CE97F0D240B@istbsp01.sbd.iridium.com>
Date: Thu,  3 May 2012 14:00:48 +0000 (GMT)
X-NOCS-MailScanner-Information: Please contact the ISP for more information
X-NOCS-MailScanner-ID: q43E0qwb007178
X-NOCS-MailScanner: Found to be clean
X-NOCS-MailScanner-SpamCheck: not spam (whitelisted),
	SpamAssassin (not cached, score=-6.599, required 5,
	autolearn=not spam, BAYES_00 -2.60, RCVD_IN_DNSWL_MED -4.00)
X-NOCS-MailScanner-From: sbdservice@sbd.iridium.com
X-Spam-Status: No

SBM Message
--SBD.Boundary.605592468
PROCESS /noc/users/iridburst/exec/irid_300224010734970_upd.pl
Last Run  ----1970-01-01 00:00:00 
MONTH  5 
DATA  xxrecord 2012-05-01 02:00:05 :: $W5M5A,120501,020005,660d0028449ce246,1,DAS 2,4939.6384N,1300.9256W,16.7,36,23.0,11.8,10.7,83.4,8.0,10.8,83.7,8.1,1005.1,3.29,5.3,15.4,27,48*63
 
STATION sbdservice
IRID_ID 300224010734970
BODY --

From sbdservice@sbd.iridium.com Thu May 3 16:00:57 2012
Return-Path: <sbdservice@sbd.iridium.com>
Received: from istbsp01.sbd.iridium.com (outbound.sbd.iridium.com [12.47.179.11])
	by mercury.noc.soton.ac.uk (8.13.1/8.12.11) with ESMTP id q43F0pSY017006
	for <iridburst@noc.soton.ac.uk>; Thu, 3 May 2012 16:00:52 +0100
Reply-To: <sbdservice@sbd.iridium.com>
From: sbdservice@sbd.iridium.com
To: iridburst@noc.soton.ac.uk
Subject: SBD Msg From Unit: 300224010734970
MIME-Version: 1.0
Content-Type: multipart/mixed;boundary="SBD.Boundary.605592468"
Message-Id: <19740412024625.3E475EFA3F3E6E75@istbsp01.sbd.iridium.com>
Date: Thu,  3 May 2012 15:00:48 +0000 (GMT)
X-NOCS-MailScanner-Information: Please contact the ISP for more information
X-NOCS-MailScanner-ID: q43F0pSY017006
X-NOCS-MailScanner: Found to be clean
X-NOCS-MailScanner-SpamCheck: not spam (whitelisted),
	SpamAssassin (not cached, score=-6.599, required 5,
	autolearn=not spam, BAYES_00 -2.60, RCVD_IN_DNSWL_MED -4.00)
X-NOCS-MailScanner-From: sbdservice@sbd.iridium.com
X-Spam-Status: No

SBM Message
--SBD.Boundary.605592468
PROCESS /noc/users/iridburst/exec/irid_300224010734970_upd.pl
Last Run  ----1970-01-01 00:00:00 
MONTH  5 
DATA  xxrecord 2012-05-01 02:00:05 :: $W5M5A,120501,020005,660d0028449ce246,1,DAS 2,4939.6384N,1300.9256W,16.7,36,23.0,11.8,10.7,83.4,8.0,10.8,83.7,8.1,1005.1,3.29,5.3,15.4,27,48*63
 
STATION sbdservice
IRID_ID 300224010734970
BODY --

From sbdservice@sbd.iridium.com Thu May 3 17:00:49 2012
Return-Path: <sbdservice@sbd.iridium.com>
Received: from istbsp02.sbd.iridium.com (outbound.sbd.iridium.com [12.47.179.11])
	by mercury.noc.soton.ac.uk (8.13.1/8.12.11) with ESMTP id q43G0iLX026625
	for <iridburst@noc.soton.ac.uk>; Thu, 3 May 2012 17:00:45 +0100
Reply-To: <sbdservice@sbd.iridium.com>
From: sbdservice@sbd.iridium.com
To: iridburst@noc.soton.ac.uk
Subject: SBD Msg From Unit: 300224010734970
MIME-Version: 1.0
Content-Type: multipart/mixed;boundary="SBD.Boundary.605592468"
Message-Id: <19740412024625.B3DE7CEB7371CDB2@istbsp02.sbd.iridium.com>
Date: Thu,  3 May 2012 16:00:44 +0000 (GMT)
X-NOCS-MailScanner-Information: Please contact the ISP for more information
X-NOCS-MailScanner-ID: q43G0iLX026625
X-NOCS-MailScanner: Found to be clean
X-NOCS-MailScanner-SpamCheck: not spam (whitelisted),
	SpamAssassin (not cached, score=-6.599, required 5,
	autolearn=not spam, BAYES_00 -2.60, RCVD_IN_DNSWL_MED -4.00)
X-NOCS-MailScanner-From: sbdservice@sbd.iridium.com
X-Spam-Status: No

SBM Message
--SBD.Boundary.605592468
PROCESS /noc/users/iridburst/exec/irid_300224010734970_upd.pl
Last Run  ----1970-01-01 00:00:00 
MONTH  5 
DATA  xxrecord 2012-05-01 02:00:05 :: $W5M5A,120501,020005,660d0028449ce246,1,DAS 2,4939.6384N,1300.9256W,16.7,36,23.0,11.8,10.7,83.4,8.0,10.8,83.7,8.1,1005.1,3.29,5.3,15.4,27,48*63
 
STATION sbdservice
IRID_ID 300224010734970
BODY --

From sbdservice@sbd.iridium.com Thu May 3 18:00:46 2012
Return-Path: <sbdservice@sbd.iridium.com>
Received: from istbsp01.sbd.iridium.com (outbound.sbd.iridium.com [12.47.179.11])
	by mercury.noc.soton.ac.uk (8.13.1/8.12.11) with ESMTP id q43H0gQl002556
	for <iridburst@noc.soton.ac.uk>; Thu, 3 May 2012 18:00:42 +0100
Reply-To: <sbdservice@sbd.iridium.com>
From: sbdservice@sbd.iridium.com
To: iridburst@noc.soton.ac.uk
Subject: SBD Msg From Unit: 300224010734970
MIME-Version: 1.0
Content-Type: multipart/mixed;boundary="SBD.Boundary.605592468"
Message-Id: <19740412024625.36257FEAFB1F223A@istbsp01.sbd.iridium.com>
Date: Thu,  3 May 2012 17:00:41 +0000 (GMT)
X-NOCS-MailScanner-Information: Please contact the ISP for more information
X-NOCS-MailScanner-ID: q43H0gQl002556
X-NOCS-MailScanner: Found to be clean
X-NOCS-MailScanner-SpamCheck: not spam (whitelisted),
	SpamAssassin (not cached, score=-6.599, required 5,
	autolearn=not spam, BAYES_00 -2.60, RCVD_IN_DNSWL_MED -4.00)
X-NOCS-MailScanner-From: sbdservice@sbd.iridium.com
X-Spam-Status: No

SBM Message
--SBD.Boundary.605592468
PROCESS /noc/users/iridburst/exec/irid_300224010734970_upd.pl
Last Run  ----1970-01-01 00:00:00 
MONTH  5 
DATA  xxrecord 2012-05-01 02:00:05 :: $W5M5A,120501,020005,660d0028449ce246,1,DAS 2,4939.6384N,1300.9256W,16.7,36,23.0,11.8,10.7,83.4,8.0,10.8,83.7,8.1,1005.1,3.29,5.3,15.4,27,48*63
 
STATION sbdservice
IRID_ID 300224010734970
BODY --

From sbdservice@sbd.iridium.com Thu May 3 19:00:48 2012
Return-Path: <sbdservice@sbd.iridium.com>
Received: from istbsp02.sbd.iridium.com (outbound.sbd.iridium.com [12.47.179.11])
	by mercury.noc.soton.ac.uk (8.13.1/8.12.11) with ESMTP id q43I0iCo010141
	for <iridburst@noc.soton.ac.uk>; Thu, 3 May 2012 19:00:45 +0100
Reply-To: <sbdservice@sbd.iridium.com>
From: sbdservice@sbd.iridium.com
To: iridburst@noc.soton.ac.uk
Subject: SBD Msg From Unit: 300224010734970
MIME-Version: 1.0
Content-Type: multipart/mixed;boundary="SBD.Boundary.605592468"
Message-Id: <19740412024625.80035FEAFB736B2E@istbsp02.sbd.iridium.com>
Date: Thu,  3 May 2012 18:00:44 +0000 (GMT)
X-NOCS-MailScanner-Information: Please contact the ISP for more information
X-NOCS-MailScanner-ID: q43I0iCo010141
X-NOCS-MailScanner: Found to be clean
X-NOCS-MailScanner-SpamCheck: not spam (whitelisted),
	SpamAssassin (not cached, score=-6.599, required 5,
	autolearn=not spam, BAYES_00 -2.60, RCVD_IN_DNSWL_MED -4.00)
X-NOCS-MailScanner-From: sbdservice@sbd.iridium.com
X-Spam-Status: No

SBM Message
--SBD.Boundary.605592468
PROCESS /noc/users/iridburst/exec/irid_300224010734970_upd.pl
Last Run  ----1970-01-01 00:00:00 
MONTH  5 
DATA  xxrecord 2012-05-01 02:00:05 :: $W5M5A,120501,020005,660d0028449ce246,1,DAS 2,4939.6384N,1300.9256W,16.7,36,23.0,11.8,10.7,83.4,8.0,10.8,83.7,8.1,1005.1,3.29,5.3,15.4,27,48*63
 
STATION sbdservice
IRID_ID 300224010734970
BODY --

From sbdservice@sbd.iridium.com Thu May 3 20:00:45 2012
Return-Path: <sbdservice@sbd.iridium.com>
Received: from istbsp02.sbd.iridium.com (outbound.sbd.iridium.com [12.47.179.11])
	by mercury.noc.soton.ac.uk (8.13.1/8.12.11) with ESMTP id q43J0fwU016665
	for <iridburst@noc.soton.ac.uk>; Thu, 3 May 2012 20:00:41 +0100
Reply-To: <sbdservice@sbd.iridium.com>
From: sbdservice@sbd.iridium.com
To: iridburst@noc.soton.ac.uk
Subject: SBD Msg From Unit: 300224010734970
MIME-Version: 1.0
Content-Type: multipart/mixed;boundary="SBD.Boundary.605592468"
Message-Id: <19740412024625.1CBE7DC8B7615ABD@istbsp02.sbd.iridium.com>
Date: Thu,  3 May 2012 19:00:40 +0000 (GMT)
X-NOCS-MailScanner-Information: Please contact the ISP for more information
X-NOCS-MailScanner-ID: q43J0fwU016665
X-NOCS-MailScanner: Found to be clean
X-NOCS-MailScanner-SpamCheck: not spam (whitelisted),
	SpamAssassin (not cached, score=-6.599, required 5,
	autolearn=not spam, BAYES_00 -2.60, RCVD_IN_DNSWL_MED -4.00)
X-NOCS-MailScanner-From: sbdservice@sbd.iridium.com
X-Spam-Status: No

SBM Message
--SBD.Boundary.605592468
PROCESS /noc/users/iridburst/exec/irid_300224010734970_upd.pl
Last Run  ----1970-01-01 00:00:00 
MONTH  5 
DATA  xxrecord 2012-05-01 02:00:05 :: $W5M5A,120501,020005,660d0028449ce246,1,DAS 2,4939.6384N,1300.9256W,16.7,36,23.0,11.8,10.7,83.4,8.0,10.8,83.7,8.1,1005.1,3.29,5.3,15.4,27,48*63
 
STATION sbdservice
IRID_ID 300224010734970
BODY --

From sbdservice@sbd.iridium.com Thu May 3 21:00:50 2012
Return-Path: <sbdservice@sbd.iridium.com>
Received: from istbsp01.sbd.iridium.com (outbound.sbd.iridium.com [12.47.179.11])
	by mercury.noc.soton.ac.uk (8.13.1/8.12.11) with ESMTP id q43K0imr023147
	for <iridburst@noc.soton.ac.uk>; Thu, 3 May 2012 21:00:45 +0100
Reply-To: <sbdservice@sbd.iridium.com>
From: sbdservice@sbd.iridium.com
To: iridburst@noc.soton.ac.uk
Subject: SBD Msg From Unit: 300224010734970
MIME-Version: 1.0
Content-Type: multipart/mixed;boundary="SBD.Boundary.605592468"
Message-Id: <19740412024625.E5F94FC8BB2CEDDB@istbsp01.sbd.iridium.com>
Date: Thu,  3 May 2012 20:00:43 +0000 (GMT)
X-NOCS-MailScanner-Information: Please contact the ISP for more information
X-NOCS-MailScanner-ID: q43K0imr023147
X-NOCS-MailScanner: Found to be clean
X-NOCS-MailScanner-SpamCheck: not spam (whitelisted),
	SpamAssassin (not cached, score=-6.599, required 5,
	autolearn=not spam, BAYES_00 -2.60, RCVD_IN_DNSWL_MED -4.00)
X-NOCS-MailScanner-From: sbdservice@sbd.iridium.com
X-Spam-Status: No

SBM Message
--SBD.Boundary.605592468
PROCESS /noc/users/iridburst/exec/irid_300224010734970_upd.pl
Last Run  ----1970-01-01 00:00:00 
MONTH  5 
DATA  xxrecord 2012-05-01 02:00:05 :: $W5M5A,120501,020005,660d0028449ce246,1,DAS 2,4939.6384N,1300.9256W,16.7,36,23.0,11.8,10.7,83.4,8.0,10.8,83.7,8.1,1005.1,3.29,5.3,15.4,27,48*63
 
STATION sbdservice
IRID_ID 300224010734970
BODY --

From sbdservice@sbd.iridium.com Thu May 3 22:00:52 2012
Return-Path: <sbdservice@sbd.iridium.com>
Received: from istbsp02.sbd.iridium.com (outbound.sbd.iridium.com [12.47.179.11])
	by mercury.noc.soton.ac.uk (8.13.1/8.12.11) with ESMTP id q43L0lLC028755
	for <iridburst@noc.soton.ac.uk>; Thu, 3 May 2012 22:00:48 +0100
Reply-To: <sbdservice@sbd.iridium.com>
From: sbdservice@sbd.iridium.com
To: iridburst@noc.soton.ac.uk
Subject: SBD Msg From Unit: 300224010734970
MIME-Version: 1.0
Content-Type: multipart/mixed;boundary="SBD.Boundary.605592468"
Message-Id: <19740412024625.F1DE4EDA77620C5D@istbsp02.sbd.iridium.com>
Date: Thu,  3 May 2012 21:00:46 +0000 (GMT)
X-NOCS-MailScanner-Information: Please contact the ISP for more information
X-NOCS-MailScanner-ID: q43L0lLC028755
X-NOCS-MailScanner: Found to be clean
X-NOCS-MailScanner-SpamCheck: not spam (whitelisted),
	SpamAssassin (not cached, score=-6.599, required 5,
	autolearn=not spam, BAYES_00 -2.60, RCVD_IN_DNSWL_MED -4.00)
X-NOCS-MailScanner-From: sbdservice@sbd.iridium.com
X-Spam-Status: No

SBM Message
--SBD.Boundary.605592468
PROCESS /noc/users/iridburst/exec/irid_300224010734970_upd.pl
Last Run  ----1970-01-01 00:00:00 
MONTH  5 
DATA  xxrecord 2012-05-01 02:00:05 :: $W5M5A,120501,020005,660d0028449ce246,1,DAS 2,4939.6384N,1300.9256W,16.7,36,23.0,11.8,10.7,83.4,8.0,10.8,83.7,8.1,1005.1,3.29,5.3,15.4,27,48*63
 
STATION sbdservice
IRID_ID 300224010734970
BODY --

From sbdservice@sbd.iridium.com Thu May 3 23:00:46 2012
Return-Path: <sbdservice@sbd.iridium.com>
Received: from istbsp02.sbd.iridium.com (outbound.sbd.iridium.com [12.47.179.11])
	by mercury.noc.soton.ac.uk (8.13.1/8.12.11) with ESMTP id q43M0fWH002688
	for <iridburst@noc.soton.ac.uk>; Thu, 3 May 2012 23:00:41 +0100
Reply-To: <sbdservice@sbd.iridium.com>
From: sbdservice@sbd.iridium.com
To: iridburst@noc.soton.ac.uk
Subject: SBD Msg From Unit: 300224010734970
MIME-Version: 1.0
Content-Type: multipart/mixed;boundary="SBD.Boundary.605592468"
Message-Id: <19740412024625.49386DE93340E6C0@istbsp02.sbd.iridium.com>
Date: Thu,  3 May 2012 22:00:40 +0000 (GMT)
X-NOCS-MailScanner-Information: Please contact the ISP for more information
X-NOCS-MailScanner-ID: q43M0fWH002688
X-NOCS-MailScanner: Found to be clean
X-NOCS-MailScanner-SpamCheck: not spam (whitelisted),
	SpamAssassin (not cached, score=-6.599, required 5,
	autolearn=not spam, BAYES_00 -2.60, RCVD_IN_DNSWL_MED -4.00)
X-NOCS-MailScanner-From: sbdservice@sbd.iridium.com
X-Spam-Status: No

SBM Message
--SBD.Boundary.605592468
PROCESS /noc/users/iridburst/exec/irid_300224010734970_upd.pl
Last Run  ----1970-01-01 00:00:00 
MONTH  5 
DATA  xxrecord 2012-05-01 02:00:05 :: $W5M5A,120501,020005,660d0028449ce246,1,DAS 2,4939.6384N,1300.9256W,16.7,36,23.0,11.8,10.7,83.4,8.0,10.8,83.7,8.1,1005.1,3.29,5.3,15.4,27,48*63
 
STATION sbdservice
IRID_ID 300224010734970
BODY --

From sbdservice@sbd.iridium.com Fri May 4 00:00:48 2012
Return-Path: <sbdservice@sbd.iridium.com>
Received: from istbsp02.sbd.iridium.com (outbound.sbd.iridium.com [12.47.179.11])
	by mercury.noc.soton.ac.uk (8.13.1/8.12.11) with ESMTP id q43N0irx007834
	for <iridburst@noc.soton.ac.uk>; Fri, 4 May 2012 00:00:44 +0100
Reply-To: <sbdservice@sbd.iridium.com>
From: sbdservice@sbd.iridium.com
To: iridburst@noc.soton.ac.uk
Subject: SBD Msg From Unit: 300224010734970
MIME-Version: 1.0
Content-Type: multipart/mixed;boundary="SBD.Boundary.605592468"
Message-Id: <19740412024625.1F244FF8B3638F29@istbsp02.sbd.iridium.com>
Date: Thu,  3 May 2012 23:00:43 +0000 (GMT)
X-NOCS-MailScanner-Information: Please contact the ISP for more information
X-NOCS-MailScanner-ID: q43N0irx007834
X-NOCS-MailScanner: Found to be clean
X-NOCS-MailScanner-SpamCheck: not spam (whitelisted),
	SpamAssassin (not cached, score=-6.599, required 5,
	autolearn=not spam, BAYES_00 -2.60, RCVD_IN_DNSWL_MED -4.00)
X-NOCS-MailScanner-From: sbdservice@sbd.iridium.com
X-Spam-Status: No

SBM Message
--SBD.Boundary.605592468
PROCESS /noc/users/iridburst/exec/irid_300224010734970_upd.pl
Last Run  ----1970-01-01 00:00:00 
MONTH  5 
DATA  xxrecord 2012-05-01 02:00:05 :: $W5M5A,120501,020005,660d0028449ce246,1,DAS 2,4939.6384N,1300.9256W,16.7,36,23.0,11.8,10.7,83.4,8.0,10.8,83.7,8.1,1005.1,3.29,5.3,15.4,27,48*63
 
STATION sbdservice
IRID_ID 300224010734970
BODY --

From sbdservice@sbd.iridium.com Fri May 4 01:00:48 2012
Return-Path: <sbdservice@sbd.iridium.com>
Received: from istbsp01.sbd.iridium.com (outbound.sbd.iridium.com [12.47.179.11])
	by mercury.noc.soton.ac.uk (8.13.1/8.12.11) with ESMTP id q4400grB013205
	for <iridburst@noc.soton.ac.uk>; Fri, 4 May 2012 01:00:42 +0100
Reply-To: <sbdservice@sbd.iridium.com>
From: sbdservice@sbd.iridium.com
To: iridburst@noc.soton.ac.uk
Subject: SBD Msg From Unit: 300224010734970
MIME-Version: 1.0
Content-Type: multipart/mixed;boundary="SBD.Boundary.605592468"
Message-Id: <19740412024625.B1C54EEBFB2C5924@istbsp01.sbd.iridium.com>
Date: Fri,  4 May 2012 00:00:42 +0000 (GMT)
X-NOCS-MailScanner-Information: Please contact the ISP for more information
X-NOCS-MailScanner-ID: q4400grB013205
X-NOCS-MailScanner: Found to be clean
X-NOCS-MailScanner-SpamCheck: not spam (whitelisted),
	SpamAssassin (not cached, score=-6.599, required 5,
	autolearn=not spam, BAYES_00 -2.60, RCVD_IN_DNSWL_MED -4.00)
X-NOCS-MailScanner-From: sbdservice@sbd.iridium.com
X-Spam-Status: No

SBM Message
--SBD.Boundary.605592468
PROCESS /noc/users/iridburst/exec/irid_300224010734970_upd.pl
Last Run  ----1970-01-01 00:00:00 
MONTH  5 
DATA  xxrecord 2012-05-01 02:00:05 :: $W5M5A,120501,020005,660d0028449ce246,1,DAS 2,4939.6384N,1300.9256W,16.7,36,23.0,11.8,10.7,83.4,8.0,10.8,83.7,8.1,1005.1,3.29,5.3,15.4,27,48*63
 
STATION sbdservice
IRID_ID 300224010734970
BODY --

From sbdservice@sbd.iridium.com Fri May 4 02:00:49 2012
Return-Path: <sbdservice@sbd.iridium.com>
Received: from istbsp02.sbd.iridium.com (outbound.sbd.iridium.com [12.47.179.11])
	by mercury.noc.soton.ac.uk (8.13.1/8.12.11) with ESMTP id q4410jtn018643
	for <iridburst@noc.soton.ac.uk>; Fri, 4 May 2012 02:00:46 +0100
Reply-To: <sbdservice@sbd.iridium.com>
From: sbdservice@sbd.iridium.com
To: iridburst@noc.soton.ac.uk
Subject: SBD Msg From Unit: 300224010734970
MIME-Version: 1.0
Content-Type: multipart/mixed;boundary="SBD.Boundary.605592468"
Message-Id: <19740412024625.43C05FE93B6132CC@istbsp02.sbd.iridium.com>
Date: Fri,  4 May 2012 01:00:45 +0000 (GMT)
X-NOCS-MailScanner-Information: Please contact the ISP for more information
X-NOCS-MailScanner-ID: q4410jtn018643
X-NOCS-MailScanner: Found to be clean
X-NOCS-MailScanner-SpamCheck: not spam (whitelisted),
	SpamAssassin (not cached, score=-6.599, required 5,
	autolearn=not spam, BAYES_00 -2.60, RCVD_IN_DNSWL_MED -4.00)
X-NOCS-MailScanner-From: sbdservice@sbd.iridium.com
X-Spam-Status: No

SBM Message
--SBD.Boundary.605592468
PROCESS /noc/users/iridburst/exec/irid_300224010734970_upd.pl
Last Run  ----1970-01-01 00:00:00 
MONTH  5 
DATA  xxrecord 2012-05-01 02:00:05 :: $W5M5A,120501,020005,660d0028449ce246,1,DAS 2,4939.6384N,1300.9256W,16.7,36,23.0,11.8,10.7,83.4,8.0,10.8,83.7,8.1,1005.1,3.29,5.3,15.4,27,48*63
 
STATION sbdservice
IRID_ID 300224010734970
BODY --

From sbdservice@sbd.iridium.com Fri May 4 03:00:49 2012
Return-Path: <sbdservice@sbd.iridium.com>
Received: from istbsp02.sbd.iridium.com (outbound.sbd.iridium.com [12.47.179.11])
	by mercury.noc.soton.ac.uk (8.13.1/8.12.11) with ESMTP id q4420jwp023919
	for <iridburst@noc.soton.ac.uk>; Fri, 4 May 2012 03:00:45 +0100
Reply-To: <sbdservice@sbd.iridium.com>
From: sbdservice@sbd.iridium.com
To: iridburst@noc.soton.ac.uk
Subject: SBD Msg From Unit: 300224010734970
MIME-Version: 1.0
Content-Type: multipart/mixed;boundary="SBD.Boundary.605592468"
Message-Id: <19740412024625.432C7EEA3343E97D@istbsp02.sbd.iridium.com>
Date: Fri,  4 May 2012 02:00:44 +0000 (GMT)
X-NOCS-MailScanner-Information: Please contact the ISP for more information
X-NOCS-MailScanner-ID: q4420jwp023919
X-NOCS-MailScanner: Found to be clean
X-NOCS-MailScanner-SpamCheck: not spam (whitelisted),
	SpamAssassin (not cached, score=-6.599, required 5,
	autolearn=not spam, BAYES_00 -2.60, RCVD_IN_DNSWL_MED -4.00)
X-NOCS-MailScanner-From: sbdservice@sbd.iridium.com
X-Spam-Status: No

SBM Message
--SBD.Boundary.605592468
PROCESS /noc/users/iridburst/exec/irid_300224010734970_upd.pl
Last Run  ----1970-01-01 00:00:00 
MONTH  5 
DATA  xxrecord 2012-05-01 02:00:05 :: $W5M5A,120501,020005,660d0028449ce246,1,DAS 2,4939.6384N,1300.9256W,16.7,36,23.0,11.8,10.7,83.4,8.0,10.8,83.7,8.1,1005.1,3.29,5.3,15.4,27,48*63
 
STATION sbdservice
IRID_ID 300224010734970
BODY --

From sbdservice@sbd.iridium.com Fri May 4 04:00:52 2012
Return-Path: <sbdservice@sbd.iridium.com>
Received: from istbsp01.sbd.iridium.com (outbound.sbd.iridium.com [12.47.179.11])
	by mercury.noc.soton.ac.uk (8.13.1/8.12.11) with ESMTP id q4430lKE029239
	for <iridburst@noc.soton.ac.uk>; Fri, 4 May 2012 04:00:47 +0100
Reply-To: <sbdservice@sbd.iridium.com>
From: sbdservice@sbd.iridium.com
To: iridburst@noc.soton.ac.uk
Subject: SBD Msg From Unit: 300224010734970
MIME-Version: 1.0
Content-Type: multipart/mixed;boundary="SBD.Boundary.605592468"
Message-Id: <19740412024625.9C745DCAF30FB760@istbsp01.sbd.iridium.com>
Date: Fri,  4 May 2012 03:00:47 +0000 (GMT)
X-NOCS-MailScanner-Information: Please contact the ISP for more information
X-NOCS-MailScanner-ID: q4430lKE029239
X-NOCS-MailScanner: Found to be clean
X-NOCS-MailScanner-SpamCheck: not spam (whitelisted),
	SpamAssassin (not cached, score=-6.599, required 5,
	autolearn=not spam, BAYES_00 -2.60, RCVD_IN_DNSWL_MED -4.00)
X-NOCS-MailScanner-From: sbdservice@sbd.iridium.com
X-Spam-Status: No

SBM Message
--SBD.Boundary.605592468
PROCESS /noc/users/iridburst/exec/irid_300224010734970_upd.pl
Last Run  ----1970-01-01 00:00:00 
MONTH  5 
DATA  xxrecord 2012-05-01 02:00:05 :: $W5M5A,120501,020005,660d0028449ce246,1,DAS 2,4939.6384N,1300.9256W,16.7,36,23.0,11.8,10.7,83.4,8.0,10.8,83.7,8.1,1005.1,3.29,5.3,15.4,27,48*63
 
STATION sbdservice
IRID_ID 300224010734970
BODY --

From sbdservice@sbd.iridium.com Fri May 4 05:00:50 2012
Return-Path: <sbdservice@sbd.iridium.com>
Received: from istbsp01.sbd.iridium.com (outbound.sbd.iridium.com [12.47.179.11])
	by mercury.noc.soton.ac.uk (8.13.1/8.12.11) with ESMTP id q4440kS0002231
	for <iridburst@noc.soton.ac.uk>; Fri, 4 May 2012 05:00:46 +0100
Reply-To: <sbdservice@sbd.iridium.com>
From: sbdservice@sbd.iridium.com
To: iridburst@noc.soton.ac.uk
Subject: SBD Msg From Unit: 300224010734970
MIME-Version: 1.0
Content-Type: multipart/mixed;boundary="SBD.Boundary.605592468"
Message-Id: <19740412024625.416A4EF9FF0EAF6E@istbsp01.sbd.iridium.com>
Date: Fri,  4 May 2012 04:00:45 +0000 (GMT)
X-NOCS-MailScanner-Information: Please contact the ISP for more information
X-NOCS-MailScanner-ID: q4440kS0002231
X-NOCS-MailScanner: Found to be clean
X-NOCS-MailScanner-SpamCheck: not spam (whitelisted),
	SpamAssassin (not cached, score=-6.599, required 5,
	autolearn=not spam, BAYES_00 -2.60, RCVD_IN_DNSWL_MED -4.00)
X-NOCS-MailScanner-From: sbdservice@sbd.iridium.com
X-Spam-Status: No

SBM Message
--SBD.Boundary.605592468
PROCESS /noc/users/iridburst/exec/irid_300224010734970_upd.pl
Last Run  ----1970-01-01 00:00:00 
MONTH  5 
DATA  xxrecord 2012-05-01 02:00:05 :: $W5M5A,120501,020005,660d0028449ce246,1,DAS 2,4939.6384N,1300.9256W,16.7,36,23.0,11.8,10.7,83.4,8.0,10.8,83.7,8.1,1005.1,3.29,5.3,15.4,27,48*63
 
STATION sbdservice
IRID_ID 300224010734970
BODY --

From sbdservice@sbd.iridium.com Fri May 4 06:00:50 2012
Return-Path: <sbdservice@sbd.iridium.com>
Received: from istbsp01.sbd.iridium.com (outbound.sbd.iridium.com [12.47.179.11])
	by mercury.noc.soton.ac.uk (8.13.1/8.12.11) with ESMTP id q4450i9S007260
	for <iridburst@noc.soton.ac.uk>; Fri, 4 May 2012 06:00:44 +0100
Reply-To: <sbdservice@sbd.iridium.com>
From: sbdservice@sbd.iridium.com
To: iridburst@noc.soton.ac.uk
Subject: SBD Msg From Unit: 300224010734970
MIME-Version: 1.0
Content-Type: multipart/mixed;boundary="SBD.Boundary.605592468"
Message-Id: <19740412024625.22525EC8371E72B5@istbsp01.sbd.iridium.com>
Date: Fri,  4 May 2012 05:00:43 +0000 (GMT)
X-NOCS-MailScanner-Information: Please contact the ISP for more information
X-NOCS-MailScanner-ID: q4450i9S007260
X-NOCS-MailScanner: Found to be clean
X-NOCS-MailScanner-SpamCheck: not spam (whitelisted),
	SpamAssassin (not cached, score=-6.599, required 5,
	autolearn=not spam, BAYES_00 -2.60, RCVD_IN_DNSWL_MED -4.00)
X-NOCS-MailScanner-From: sbdservice@sbd.iridium.com
X-Spam-Status: No

SBM Message
--SBD.Boundary.605592468
PROCESS /noc/users/iridburst/exec/irid_300224010734970_upd.pl
Last Run  ----1970-01-01 00:00:00 
MONTH  5 
DATA  xxrecord 2012-05-01 02:00:05 :: $W5M5A,120501,020005,660d0028449ce246,1,DAS 2,4939.6384N,1300.9256W,16.7,36,23.0,11.8,10.7,83.4,8.0,10.8,83.7,8.1,1005.1,3.29,5.3,15.4,27,48*63
 
STATION sbdservice
IRID_ID 300224010734970
BODY --

From sbdservice@sbd.iridium.com Fri May 4 07:00:51 2012
Return-Path: <sbdservice@sbd.iridium.com>
Received: from istbsp01.sbd.iridium.com (outbound.sbd.iridium.com [12.47.179.11])
	by mercury.noc.soton.ac.uk (8.13.1/8.12.11) with ESMTP id q4460iqR014809
	for <iridburst@noc.soton.ac.uk>; Fri, 4 May 2012 07:00:45 +0100
Reply-To: <sbdservice@sbd.iridium.com>
From: sbdservice@sbd.iridium.com
To: iridburst@noc.soton.ac.uk
Subject: SBD Msg From Unit: 300224010734970
MIME-Version: 1.0
Content-Type: multipart/mixed;boundary="SBD.Boundary.605592468"
Message-Id: <19740412024625.FDBE6DC9F73C961E@istbsp01.sbd.iridium.com>
Date: Fri,  4 May 2012 06:00:44 +0000 (GMT)
X-NOCS-MailScanner-Information: Please contact the ISP for more information
X-NOCS-MailScanner-ID: q4460iqR014809
X-NOCS-MailScanner: Found to be clean
X-NOCS-MailScanner-SpamCheck: not spam (whitelisted),
	SpamAssassin (not cached, score=-6.599, required 5,
	autolearn=not spam, BAYES_00 -2.60, RCVD_IN_DNSWL_MED -4.00)
X-NOCS-MailScanner-From: sbdservice@sbd.iridium.com
X-Spam-Status: No

SBM Message
--SBD.Boundary.605592468
PROCESS /noc/users/iridburst/exec/irid_300224010734970_upd.pl
Last Run  ----1970-01-01 00:00:00 
MONTH  5 
DATA  xxrecord 2012-05-01 02:00:05 :: $W5M5A,120501,020005,660d0028449ce246,1,DAS 2,4939.6384N,1300.9256W,16.7,36,23.0,11.8,10.7,83.4,8.0,10.8,83.7,8.1,1005.1,3.29,5.3,15.4,27,48*63
 
STATION sbdservice
IRID_ID 300224010734970
BODY --

From sbdservice@sbd.iridium.com Fri May 4 08:00:47 2012
Return-Path: <sbdservice@sbd.iridium.com>
Received: from istbsp01.sbd.iridium.com (outbound.sbd.iridium.com [12.47.179.11])
	by mercury.noc.soton.ac.uk (8.13.1/8.12.11) with ESMTP id q4470grV020683
	for <iridburst@noc.soton.ac.uk>; Fri, 4 May 2012 08:00:43 +0100
Reply-To: <sbdservice@sbd.iridium.com>
From: sbdservice@sbd.iridium.com
To: iridburst@noc.soton.ac.uk
Subject: SBD Msg From Unit: 300224010734970
MIME-Version: 1.0
Content-Type: multipart/mixed;boundary="SBD.Boundary.605592468"
Message-Id: <19740412024625.69325DE87B0E49D7@istbsp01.sbd.iridium.com>
Date: Fri,  4 May 2012 07:00:41 +0000 (GMT)
X-NOCS-MailScanner-Information: Please contact the ISP for more information
X-NOCS-MailScanner-ID: q4470grV020683
X-NOCS-MailScanner: Found to be clean
X-NOCS-MailScanner-SpamCheck: not spam (whitelisted),
	SpamAssassin (not cached, score=-6.599, required 5,
	autolearn=not spam, BAYES_00 -2.60, RCVD_IN_DNSWL_MED -4.00)
X-NOCS-MailScanner-From: sbdservice@sbd.iridium.com
X-Spam-Status: No

SBM Message
--SBD.Boundary.605592468
PROCESS /noc/users/iridburst/exec/irid_300224010734970_upd.pl
Last Run  ----1970-01-01 00:00:00 
MONTH  5 
DATA  xxrecord 2012-05-01 02:00:05 :: $W5M5A,120501,020005,660d0028449ce246,1,DAS 2,4939.6384N,1300.9256W,16.7,36,23.0,11.8,10.7,83.4,8.0,10.8,83.7,8.1,1005.1,3.29,5.3,15.4,27,48*63
 
STATION sbdservice
IRID_ID 300224010734970
BODY --

From sbdservice@sbd.iridium.com Fri May 4 09:00:49 2012
Return-Path: <sbdservice@sbd.iridium.com>
Received: from istbsp01.sbd.iridium.com (outbound.sbd.iridium.com [12.47.179.11])
	by mercury.noc.soton.ac.uk (8.13.1/8.12.11) with ESMTP id q4480jOl031764
	for <iridburst@noc.soton.ac.uk>; Fri, 4 May 2012 09:00:45 +0100
Reply-To: <sbdservice@sbd.iridium.com>
From: sbdservice@sbd.iridium.com
To: iridburst@noc.soton.ac.uk
Subject: SBD Msg From Unit: 300224010734970
MIME-Version: 1.0
Content-Type: multipart/mixed;boundary="SBD.Boundary.605592468"
Message-Id: <19740412024625.11A44CFAB30F171C@istbsp01.sbd.iridium.com>
Date: Fri,  4 May 2012 08:00:44 +0000 (GMT)
X-NOCS-MailScanner-Information: Please contact the ISP for more information
X-NOCS-MailScanner-ID: q4480jOl031764
X-NOCS-MailScanner: Found to be clean
X-NOCS-MailScanner-SpamCheck: not spam (whitelisted),
	SpamAssassin (not cached, score=-6.599, required 5,
	autolearn=not spam, BAYES_00 -2.60, RCVD_IN_DNSWL_MED -4.00)
X-NOCS-MailScanner-From: sbdservice@sbd.iridium.com
X-Spam-Status: No

SBM Message
--SBD.Boundary.605592468
PROCESS /noc/users/iridburst/exec/irid_300224010734970_upd.pl
Last Run  ----1970-01-01 00:00:00 
MONTH  5 
DATA  xxrecord 2012-05-01 02:00:05 :: $W5M5A,120501,020005,660d0028449ce246,1,DAS 2,4939.6384N,1300.9256W,16.7,36,23.0,11.8,10.7,83.4,8.0,10.8,83.7,8.1,1005.1,3.29,5.3,15.4,27,48*63
 
STATION sbdservice
IRID_ID 300224010734970
BODY --

From sbdservice@sbd.iridium.com Fri May 4 10:00:49 2012
Return-Path: <sbdservice@sbd.iridium.com>
Received: from istbsp02.sbd.iridium.com (outbound.sbd.iridium.com [12.47.179.11])
	by mercury.noc.soton.ac.uk (8.13.1/8.12.11) with ESMTP id q4490j9E008251
	for <iridburst@noc.soton.ac.uk>; Fri, 4 May 2012 10:00:46 +0100
Reply-To: <sbdservice@sbd.iridium.com>
From: sbdservice@sbd.iridium.com
To: iridburst@noc.soton.ac.uk
Subject: SBD Msg From Unit: 300224010734970
MIME-Version: 1.0
Content-Type: multipart/mixed;boundary="SBD.Boundary.605592468"
Message-Id: <19740412024625.64B35DC8BB62672D@istbsp02.sbd.iridium.com>
Date: Fri,  4 May 2012 09:00:45 +0000 (GMT)
X-NOCS-MailScanner-Information: Please contact the ISP for more information
X-NOCS-MailScanner-ID: q4490j9E008251
X-NOCS-MailScanner: Found to be clean
X-NOCS-MailScanner-SpamCheck: not spam (whitelisted),
	SpamAssassin (not cached, score=-6.599, required 5,
	autolearn=not spam, BAYES_00 -2.60, RCVD_IN_DNSWL_MED -4.00)
X-NOCS-MailScanner-From: sbdservice@sbd.iridium.com
X-Spam-Status: No

SBM Message
--SBD.Boundary.605592468
PROCESS /noc/users/iridburst/exec/irid_300224010734970_upd.pl
Last Run  ----1970-01-01 00:00:00 
MONTH  5 
DATA  xxrecord 2012-05-01 02:00:05 :: $W5M5A,120501,020005,660d0028449ce246,1,DAS 2,4939.6384N,1300.9256W,16.7,36,23.0,11.8,10.7,83.4,8.0,10.8,83.7,8.1,1005.1,3.29,5.3,15.4,27,48*63
 
STATION sbdservice
IRID_ID 300224010734970
BODY --

From sbdservice@sbd.iridium.com Fri May 4 11:00:53 2012
Return-Path: <sbdservice@sbd.iridium.com>
Received: from istbsp02.sbd.iridium.com (outbound.sbd.iridium.com [12.47.179.11])
	by mercury.noc.soton.ac.uk (8.13.1/8.12.11) with ESMTP id q44A0mqn017845
	for <iridburst@noc.soton.ac.uk>; Fri, 4 May 2012 11:00:48 +0100
Reply-To: <sbdservice@sbd.iridium.com>
From: sbdservice@sbd.iridium.com
To: iridburst@noc.soton.ac.uk
Subject: SBD Msg From Unit: 300224010734970
MIME-Version: 1.0
Content-Type: multipart/mixed;boundary="SBD.Boundary.605592468"
Message-Id: <19740412024625.0C467DFABB623938@istbsp02.sbd.iridium.com>
Date: Fri,  4 May 2012 10:00:46 +0000 (GMT)
X-NOCS-MailScanner-Information: Please contact the ISP for more information
X-NOCS-MailScanner-ID: q44A0mqn017845
X-NOCS-MailScanner: Found to be clean
X-NOCS-MailScanner-SpamCheck: not spam (whitelisted),
	SpamAssassin (not cached, score=-6.599, required 5,
	autolearn=not spam, BAYES_00 -2.60, RCVD_IN_DNSWL_MED -4.00)
X-NOCS-MailScanner-From: sbdservice@sbd.iridium.com
X-Spam-Status: No

SBM Message
--SBD.Boundary.605592468
PROCESS /noc/users/iridburst/exec/irid_300224010734970_upd.pl
Last Run  ----1970-01-01 00:00:00 
MONTH  5 
DATA  xxrecord 2012-05-01 02:00:05 :: $W5M5A,120501,020005,660d0028449ce246,1,DAS 2,4939.6384N,1300.9256W,16.7,36,23.0,11.8,10.7,83.4,8.0,10.8,83.7,8.1,1005.1,3.29,5.3,15.4,27,48*63
 
STATION sbdservice
IRID_ID 300224010734970
BODY --

From sbdservice@sbd.iridium.com Fri May 4 12:00:51 2012
Return-Path: <sbdservice@sbd.iridium.com>
Received: from istbsp02.sbd.iridium.com (outbound.sbd.iridium.com [12.47.179.11])
	by mercury.noc.soton.ac.uk (8.13.1/8.12.11) with ESMTP id q44B0jbG026897
	for <iridburst@noc.soton.ac.uk>; Fri, 4 May 2012 12:00:45 +0100
Reply-To: <sbdservice@sbd.iridium.com>
From: sbdservice@sbd.iridium.com
To: iridburst@noc.soton.ac.uk
Subject: SBD Msg From Unit: 300224010734970
MIME-Version: 1.0
Content-Type: multipart/mixed;boundary="SBD.Boundary.605592468"
Message-Id: <19740412024625.95D45DC8F771C8FD@istbsp02.sbd.iridium.com>
Date: Fri,  4 May 2012 11:00:45 +0000 (GMT)
X-NOCS-MailScanner-Information: Please contact the ISP for more information
X-NOCS-MailScanner-ID: q44B0jbG026897
X-NOCS-MailScanner: Found to be clean
X-NOCS-MailScanner-SpamCheck: not spam (whitelisted),
	SpamAssassin (not cached, score=-6.599, required 5,
	autolearn=not spam, BAYES_00 -2.60, RCVD_IN_DNSWL_MED -4.00)
X-NOCS-MailScanner-From: sbdservice@sbd.iridium.com
X-Spam-Status: No

SBM Message
--SBD.Boundary.605592468
PROCESS /noc/users/iridburst/exec/irid_300224010734970_upd.pl
Last Run  ----1970-01-01 00:00:00 
MONTH  5 
DATA  xxrecord 2012-05-01 02:00:05 :: $W5M5A,120501,020005,660d0028449ce246,1,DAS 2,4939.6384N,1300.9256W,16.7,36,23.0,11.8,10.7,83.4,8.0,10.8,83.7,8.1,1005.1,3.29,5.3,15.4,27,48*63
 
STATION sbdservice
IRID_ID 300224010734970
BODY --

From sbdservice@sbd.iridium.com Fri May 4 13:00:55 2012
Return-Path: <sbdservice@sbd.iridium.com>
Received: from istbsp02.sbd.iridium.com (outbound.sbd.iridium.com [12.47.179.11])
	by mercury.noc.soton.ac.uk (8.13.1/8.12.11) with ESMTP id q44C0n04003051
	for <iridburst@noc.soton.ac.uk>; Fri, 4 May 2012 13:00:49 +0100
Reply-To: <sbdservice@sbd.iridium.com>
From: sbdservice@sbd.iridium.com
To: iridburst@noc.soton.ac.uk
Subject: SBD Msg From Unit: 300224010734970
MIME-Version: 1.0
Content-Type: multipart/mixed;boundary="SBD.Boundary.605592468"
Message-Id: <19740412024625.B3977DEABF410997@istbsp02.sbd.iridium.com>
Date: Fri,  4 May 2012 12:00:48 +0000 (GMT)
X-NOCS-MailScanner-Information: Please contact the ISP for more information
X-NOCS-MailScanner-ID: q44C0n04003051
X-NOCS-MailScanner: Found to be clean
X-NOCS-MailScanner-SpamCheck: not spam (whitelisted),
	SpamAssassin (not cached, score=-6.599, required 5,
	autolearn=not spam, BAYES_00 -2.60, RCVD_IN_DNSWL_MED -4.00)
X-NOCS-MailScanner-From: sbdservice@sbd.iridium.com
X-Spam-Status: No

SBM Message
--SBD.Boundary.605592468
PROCESS /noc/users/iridburst/exec/irid_300224010734970_upd.pl
Last Run  ----1970-01-01 00:00:00 
MONTH  5 
DATA  xxrecord 2012-05-01 02:00:05 :: $W5M5A,120501,020005,660d0028449ce246,1,DAS 2,4939.6384N,1300.9256W,16.7,36,23.0,11.8,10.7,83.4,8.0,10.8,83.7,8.1,1005.1,3.29,5.3,15.4,27,48*63
 
STATION sbdservice
IRID_ID 300224010734970
BODY --

From sbdservice@sbd.iridium.com Fri May 4 14:00:53 2012
Return-Path: <sbdservice@sbd.iridium.com>
Received: from istbsp01.sbd.iridium.com (outbound.sbd.iridium.com [12.47.179.11])
	by mercury.noc.soton.ac.uk (8.13.1/8.12.11) with ESMTP id q44D0nr7011538
	for <iridburst@noc.soton.ac.uk>; Fri, 4 May 2012 14:00:50 +0100
Reply-To: <sbdservice@sbd.iridium.com>
From: sbdservice@sbd.iridium.com
To: iridburst@noc.soton.ac.uk
Subject: SBD Msg From Unit: 300224010734970
MIME-Version: 1.0
Content-Type: multipart/mixed;boundary="SBD.Boundary.605592468"
Message-Id: <19740412024625.6EDE7FD9BB0F845A@istbsp01.sbd.iridium.com>
Date: Fri,  4 May 2012 13:00:47 +0000 (GMT)
X-NOCS-MailScanner-Information: Please contact the ISP for more information
X-NOCS-MailScanner-ID: q44D0nr7011538
X-NOCS-MailScanner: Found to be clean
X-NOCS-MailScanner-SpamCheck: not spam (whitelisted),
	SpamAssassin (not cached, score=-6.599, required 5,
	autolearn=not spam, BAYES_00 -2.60, RCVD_IN_DNSWL_MED -4.00)
X-NOCS-MailScanner-From: sbdservice@sbd.iridium.com
X-Spam-Status: No

SBM Message
--SBD.Boundary.605592468
PROCESS /noc/users/iridburst/exec/irid_300224010734970_upd.pl
Last Run  ----1970-01-01 00:00:00 
MONTH  5 
DATA  xxrecord 2012-05-01 02:00:05 :: $W5M5A,120501,020005,660d0028449ce246,1,DAS 2,4939.6384N,1300.9256W,16.7,36,23.0,11.8,10.7,83.4,8.0,10.8,83.7,8.1,1005.1,3.29,5.3,15.4,27,48*63
 
STATION sbdservice
IRID_ID 300224010734970
BODY --

From sbdservice@sbd.iridium.com Fri May 4 15:00:53 2012
Return-Path: <sbdservice@sbd.iridium.com>
Received: from istbsp02.sbd.iridium.com (outbound.sbd.iridium.com [12.47.179.11])
	by mercury.noc.soton.ac.uk (8.13.1/8.12.11) with ESMTP id q44E0nmG020902
	for <iridburst@noc.soton.ac.uk>; Fri, 4 May 2012 15:00:49 +0100
Reply-To: <sbdservice@sbd.iridium.com>
From: sbdservice@sbd.iridium.com
To: iridburst@noc.soton.ac.uk
Subject: SBD Msg From Unit: 300224010734970
MIME-Version: 1.0
Content-Type: multipart/mixed;boundary="SBD.Boundary.605592468"
Message-Id: <19740412024625.20264CEBF760140A@istbsp02.sbd.iridium.com>
Date: Fri,  4 May 2012 14:00:47 +0000 (GMT)
X-NOCS-MailScanner-Information: Please contact the ISP for more information
X-NOCS-MailScanner-ID: q44E0nmG020902
X-NOCS-MailScanner: Found to be clean
X-NOCS-MailScanner-SpamCheck: not spam (whitelisted),
	SpamAssassin (not cached, score=-6.599, required 5,
	autolearn=not spam, BAYES_00 -2.60, RCVD_IN_DNSWL_MED -4.00)
X-NOCS-MailScanner-From: sbdservice@sbd.iridium.com
X-Spam-Status: No

SBM Message
--SBD.Boundary.605592468
PROCESS /noc/users/iridburst/exec/irid_300224010734970_upd.pl
Last Run  ----1970-01-01 00:00:00 
MONTH  5 
DATA  xxrecord 2012-05-01 02:00:05 :: $W5M5A,120501,020005,660d0028449ce246,1,DAS 2,4939.6384N,1300.9256W,16.7,36,23.0,11.8,10.7,83.4,8.0,10.8,83.7,8.1,1005.1,3.29,5.3,15.4,27,48*63
 
STATION sbdservice
IRID_ID 300224010734970
BODY --

From sbdservice@sbd.iridium.com Fri May 4 16:00:54 2012
Return-Path: <sbdservice@sbd.iridium.com>
Received: from istbsp01.sbd.iridium.com (outbound.sbd.iridium.com [12.47.179.11])
	by mercury.noc.soton.ac.uk (8.13.1/8.12.11) with ESMTP id q44F0lSM029540
	for <iridburst@noc.soton.ac.uk>; Fri, 4 May 2012 16:00:48 +0100
Reply-To: <sbdservice@sbd.iridium.com>
From: sbdservice@sbd.iridium.com
To: iridburst@noc.soton.ac.uk
Subject: SBD Msg From Unit: 300224010734970
MIME-Version: 1.0
Content-Type: multipart/mixed;boundary="SBD.Boundary.605592468"
Message-Id: <19740412024625.95F77ECAFB0D2C4D@istbsp01.sbd.iridium.com>
Date: Fri,  4 May 2012 15:00:46 +0000 (GMT)
X-NOCS-MailScanner-Information: Please contact the ISP for more information
X-NOCS-MailScanner-ID: q44F0lSM029540
X-NOCS-MailScanner: Found to be clean
X-NOCS-MailScanner-SpamCheck: not spam (whitelisted),
	SpamAssassin (not cached, score=-6.599, required 5,
	autolearn=not spam, BAYES_00 -2.60, RCVD_IN_DNSWL_MED -4.00)
X-NOCS-MailScanner-From: sbdservice@sbd.iridium.com
X-Spam-Status: No

SBM Message
--SBD.Boundary.605592468
PROCESS /noc/users/iridburst/exec/irid_300224010734970_upd.pl
Last Run  ----1970-01-01 00:00:00 
MONTH  5 
DATA  xxrecord 2012-05-01 02:00:05 :: $W5M5A,120501,020005,660d0028449ce246,1,DAS 2,4939.6384N,1300.9256W,16.7,36,23.0,11.8,10.7,83.4,8.0,10.8,83.7,8.1,1005.1,3.29,5.3,15.4,27,48*63
 
STATION sbdservice
IRID_ID 300224010734970
BODY --

From sbdservice@sbd.iridium.com Fri May 4 17:00:51 2012
Return-Path: <sbdservice@sbd.iridium.com>
Received: from istbsp02.sbd.iridium.com (outbound.sbd.iridium.com [12.47.179.11])
	by mercury.noc.soton.ac.uk (8.13.1/8.12.11) with ESMTP id q44G0jSn006125
	for <iridburst@noc.soton.ac.uk>; Fri, 4 May 2012 17:00:46 +0100
Reply-To: <sbdservice@sbd.iridium.com>
From: sbdservice@sbd.iridium.com
To: iridburst@noc.soton.ac.uk
Subject: SBD Msg From Unit: 300224010734970
MIME-Version: 1.0
Content-Type: multipart/mixed;boundary="SBD.Boundary.605592468"
Message-Id: <19740412024625.0D0F4DF8BB7136B1@istbsp02.sbd.iridium.com>
Date: Fri,  4 May 2012 16:00:44 +0000 (GMT)
X-NOCS-MailScanner-Information: Please contact the ISP for more information
X-NOCS-MailScanner-ID: q44G0jSn006125
X-NOCS-MailScanner: Found to be clean
X-NOCS-MailScanner-SpamCheck: not spam (whitelisted),
	SpamAssassin (not cached, score=-6.599, required 5,
	autolearn=not spam, BAYES_00 -2.60, RCVD_IN_DNSWL_MED -4.00)
X-NOCS-MailScanner-From: sbdservice@sbd.iridium.com
X-Spam-Status: No

SBM Message
--SBD.Boundary.605592468
PROCESS /noc/users/iridburst/exec/irid_300224010734970_upd.pl
Last Run  ----1970-01-01 00:00:00 
MONTH  5 
DATA  xxrecord 2012-05-01 02:00:05 :: $W5M5A,120501,020005,660d0028449ce246,1,DAS 2,4939.6384N,1300.9256W,16.7,36,23.0,11.8,10.7,83.4,8.0,10.8,83.7,8.1,1005.1,3.29,5.3,15.4,27,48*63
 
STATION sbdservice
IRID_ID 300224010734970
BODY --

From sbdservice@sbd.iridium.com Fri May 4 18:00:49 2012
Return-Path: <sbdservice@sbd.iridium.com>
Received: from istbsp01.sbd.iridium.com (outbound.sbd.iridium.com [12.47.179.11])
	by mercury.noc.soton.ac.uk (8.13.1/8.12.11) with ESMTP id q44H0iSD013846
	for <iridburst@noc.soton.ac.uk>; Fri, 4 May 2012 18:00:44 +0100
Reply-To: <sbdservice@sbd.iridium.com>
From: sbdservice@sbd.iridium.com
To: iridburst@noc.soton.ac.uk
Subject: SBD Msg From Unit: 300224010734970
MIME-Version: 1.0
Content-Type: multipart/mixed;boundary="SBD.Boundary.605592468"
Message-Id: <19740412024625.11037FDA3F2ED59D@istbsp01.sbd.iridium.com>
Date: Fri,  4 May 2012 17:00:43 +0000 (GMT)
X-NOCS-MailScanner-Information: Please contact the ISP for more information
X-NOCS-MailScanner-ID: q44H0iSD013846
X-NOCS-MailScanner: Found to be clean
X-NOCS-MailScanner-SpamCheck: not spam (whitelisted),
	SpamAssassin (not cached, score=-6.599, required 5,
	autolearn=not spam, BAYES_00 -2.60, RCVD_IN_DNSWL_MED -4.00)
X-NOCS-MailScanner-From: sbdservice@sbd.iridium.com
X-Spam-Status: No

SBM Message
--SBD.Boundary.605592468
PROCESS /noc/users/iridburst/exec/irid_300224010734970_upd.pl
Last Run  ----1970-01-01 00:00:00 
MONTH  5 
DATA  xxrecord 2012-05-01 02:00:05 :: $W5M5A,120501,020005,660d0028449ce246,1,DAS 2,4939.6384N,1300.9256W,16.7,36,23.0,11.8,10.7,83.4,8.0,10.8,83.7,8.1,1005.1,3.29,5.3,15.4,27,48*63
 
STATION sbdservice
IRID_ID 300224010734970
BODY --

From sbdservice@sbd.iridium.com Fri May 4 19:00:48 2012
Return-Path: <sbdservice@sbd.iridium.com>
Received: from istbsp02.sbd.iridium.com (outbound.sbd.iridium.com [12.47.179.11])
	by mercury.noc.soton.ac.uk (8.13.1/8.12.11) with ESMTP id q44I0iwi021276
	for <iridburst@noc.soton.ac.uk>; Fri, 4 May 2012 19:00:44 +0100
Reply-To: <sbdservice@sbd.iridium.com>
From: sbdservice@sbd.iridium.com
To: iridburst@noc.soton.ac.uk
Subject: SBD Msg From Unit: 300224010734970
MIME-Version: 1.0
Content-Type: multipart/mixed;boundary="SBD.Boundary.605592468"
Message-Id: <19740412024625.ADD25DEA3B72CAB3@istbsp02.sbd.iridium.com>
Date: Fri,  4 May 2012 18:00:44 +0000 (GMT)
X-NOCS-MailScanner-Information: Please contact the ISP for more information
X-NOCS-MailScanner-ID: q44I0iwi021276
X-NOCS-MailScanner: Found to be clean
X-NOCS-MailScanner-SpamCheck: not spam (whitelisted),
	SpamAssassin (not cached, score=-6.599, required 5,
	autolearn=not spam, BAYES_00 -2.60, RCVD_IN_DNSWL_MED -4.00)
X-NOCS-MailScanner-From: sbdservice@sbd.iridium.com
X-Spam-Status: No

SBM Message
--SBD.Boundary.605592468
PROCESS /noc/users/iridburst/exec/irid_300224010734970_upd.pl
Last Run  ----1970-01-01 00:00:00 
MONTH  5 
DATA  xxrecord 2012-05-01 02:00:05 :: $W5M5A,120501,020005,660d0028449ce246,1,DAS 2,4939.6384N,1300.9256W,16.7,36,23.0,11.8,10.7,83.4,8.0,10.8,83.7,8.1,1005.1,3.29,5.3,15.4,27,48*63
 
STATION sbdservice
IRID_ID 300224010734970
BODY --

From sbdservice@sbd.iridium.com Fri May 4 20:00:56 2012
Return-Path: <sbdservice@sbd.iridium.com>
Received: from istbsp02.sbd.iridium.com (outbound.sbd.iridium.com [12.47.179.11])
	by mercury.noc.soton.ac.uk (8.13.1/8.12.11) with ESMTP id q44J0m5D026970
	for <iridburst@noc.soton.ac.uk>; Fri, 4 May 2012 20:00:48 +0100
Reply-To: <sbdservice@sbd.iridium.com>
From: sbdservice@sbd.iridium.com
To: iridburst@noc.soton.ac.uk
Subject: SBD Msg From Unit: 300224010734970
MIME-Version: 1.0
Content-Type: multipart/mixed;boundary="SBD.Boundary.605592468"
Message-Id: <19740412024625.DAAF4DE87F42646B@istbsp02.sbd.iridium.com>
Date: Fri,  4 May 2012 19:00:47 +0000 (GMT)
X-NOCS-MailScanner-Information: Please contact the ISP for more information
X-NOCS-MailScanner-ID: q44J0m5D026970
X-NOCS-MailScanner: Found to be clean
X-NOCS-MailScanner-SpamCheck: not spam (whitelisted),
	SpamAssassin (not cached, score=-6.599, required 5,
	autolearn=not spam, BAYES_00 -2.60, RCVD_IN_DNSWL_MED -4.00)
X-NOCS-MailScanner-From: sbdservice@sbd.iridium.com
X-Spam-Status: No

SBM Message
--SBD.Boundary.605592468
PROCESS /noc/users/iridburst/exec/irid_300224010734970_upd.pl
Last Run  ----1970-01-01 00:00:00 
MONTH  5 
DATA  xxrecord 2012-05-01 02:00:05 :: $W5M5A,120501,020005,660d0028449ce246,1,DAS 2,4939.6384N,1300.9256W,16.7,36,23.0,11.8,10.7,83.4,8.0,10.8,83.7,8.1,1005.1,3.29,5.3,15.4,27,48*63
 
STATION sbdservice
IRID_ID 300224010734970
BODY --

From sbdservice@sbd.iridium.com Fri May 4 21:00:54 2012
Return-Path: <sbdservice@sbd.iridium.com>
Received: from istbsp01.sbd.iridium.com (outbound.sbd.iridium.com [12.47.179.11])
	by mercury.noc.soton.ac.uk (8.13.1/8.12.11) with ESMTP id q44K0poR000443
	for <iridburst@noc.soton.ac.uk>; Fri, 4 May 2012 21:00:51 +0100
Reply-To: <sbdservice@sbd.iridium.com>
From: sbdservice@sbd.iridium.com
To: iridburst@noc.soton.ac.uk
Subject: SBD Msg From Unit: 300224010734970
MIME-Version: 1.0
Content-Type: multipart/mixed;boundary="SBD.Boundary.605592468"
Message-Id: <19740412024625.44686CEBB70C843E@istbsp01.sbd.iridium.com>
Date: Fri,  4 May 2012 20:00:50 +0000 (GMT)
X-NOCS-MailScanner-Information: Please contact the ISP for more information
X-NOCS-MailScanner-ID: q44K0poR000443
X-NOCS-MailScanner: Found to be clean
X-NOCS-MailScanner-SpamCheck: not spam (whitelisted),
	SpamAssassin (not cached, score=-6.599, required 5,
	autolearn=not spam, BAYES_00 -2.60, RCVD_IN_DNSWL_MED -4.00)
X-NOCS-MailScanner-From: sbdservice@sbd.iridium.com
X-Spam-Status: No

SBM Message
--SBD.Boundary.605592468
PROCESS /noc/users/iridburst/exec/irid_300224010734970_upd.pl
Last Run  ----1970-01-01 00:00:00 
MONTH  5 
DATA  xxrecord 2012-05-01 02:00:05 :: $W5M5A,120501,020005,660d0028449ce246,1,DAS 2,4939.6384N,1300.9256W,16.7,36,23.0,11.8,10.7,83.4,8.0,10.8,83.7,8.1,1005.1,3.29,5.3,15.4,27,48*63
 
STATION sbdservice
IRID_ID 300224010734970
BODY --

From sbdservice@sbd.iridium.com Fri May 4 22:00:46 2012
Return-Path: <sbdservice@sbd.iridium.com>
Received: from istbsp02.sbd.iridium.com (outbound.sbd.iridium.com [12.47.179.11])
	by mercury.noc.soton.ac.uk (8.13.1/8.12.11) with ESMTP id q44L0gXx005753
	for <iridburst@noc.soton.ac.uk>; Fri, 4 May 2012 22:00:43 +0100
Reply-To: <sbdservice@sbd.iridium.com>
From: sbdservice@sbd.iridium.com
To: iridburst@noc.soton.ac.uk
Subject: SBD Msg From Unit: 300224010734970
MIME-Version: 1.0
Content-Type: multipart/mixed;boundary="SBD.Boundary.605592468"
Message-Id: <19740412024625.234C6FF9B7618B24@istbsp02.sbd.iridium.com>
Date: Fri,  4 May 2012 21:00:42 +0000 (GMT)
X-NOCS-MailScanner-Information: Please contact the ISP for more information
X-NOCS-MailScanner-ID: q44L0gXx005753
X-NOCS-MailScanner: Found to be clean
X-NOCS-MailScanner-SpamCheck: not spam (whitelisted),
	SpamAssassin (not cached, score=-6.599, required 5,
	autolearn=not spam, BAYES_00 -2.60, RCVD_IN_DNSWL_MED -4.00)
X-NOCS-MailScanner-From: sbdservice@sbd.iridium.com
X-Spam-Status: No

SBM Message
--SBD.Boundary.605592468
PROCESS /noc/users/iridburst/exec/irid_300224010734970_upd.pl
Last Run  ----1970-01-01 00:00:00 
MONTH  5 
DATA  xxrecord 2012-05-01 02:00:05 :: $W5M5A,120501,020005,660d0028449ce246,1,DAS 2,4939.6384N,1300.9256W,16.7,36,23.0,11.8,10.7,83.4,8.0,10.8,83.7,8.1,1005.1,3.29,5.3,15.4,27,48*63
 
STATION sbdservice
IRID_ID 300224010734970
BODY --

From sbdservice@sbd.iridium.com Fri May 4 23:00:53 2012
Return-Path: <sbdservice@sbd.iridium.com>
Received: from istbsp01.sbd.iridium.com (outbound.sbd.iridium.com [12.47.179.11])
	by mercury.noc.soton.ac.uk (8.13.1/8.12.11) with ESMTP id q44M0m1m010740
	for <iridburst@noc.soton.ac.uk>; Fri, 4 May 2012 23:00:49 +0100
Reply-To: <sbdservice@sbd.iridium.com>
From: sbdservice@sbd.iridium.com
To: iridburst@noc.soton.ac.uk
Subject: SBD Msg From Unit: 300224010734970
MIME-Version: 1.0
Content-Type: multipart/mixed;boundary="SBD.Boundary.605592468"
Message-Id: <19740412024625.31C05CEA7B3D3D82@istbsp01.sbd.iridium.com>
Date: Fri,  4 May 2012 22:00:47 +0000 (GMT)
X-NOCS-MailScanner-Information: Please contact the ISP for more information
X-NOCS-MailScanner-ID: q44M0m1m010740
X-NOCS-MailScanner: Found to be clean
X-NOCS-MailScanner-SpamCheck: not spam (whitelisted),
	SpamAssassin (not cached, score=-6.599, required 5,
	autolearn=not spam, BAYES_00 -2.60, RCVD_IN_DNSWL_MED -4.00)
X-NOCS-MailScanner-From: sbdservice@sbd.iridium.com
X-Spam-Status: No

SBM Message
--SBD.Boundary.605592468
PROCESS /noc/users/iridburst/exec/irid_300224010734970_upd.pl
Last Run  ----1970-01-01 00:00:00 
MONTH  5 
DATA  xxrecord 2012-05-01 02:00:05 :: $W5M5A,120501,020005,660d0028449ce246,1,DAS 2,4939.6384N,1300.9256W,16.7,36,23.0,11.8,10.7,83.4,8.0,10.8,83.7,8.1,1005.1,3.29,5.3,15.4,27,48*63
 
STATION sbdservice
IRID_ID 300224010734970
BODY --

From sbdservice@sbd.iridium.com Sat May 5 00:00:51 2012
Return-Path: <sbdservice@sbd.iridium.com>
Received: from istbsp01.sbd.iridium.com (outbound.sbd.iridium.com [12.47.179.11])
	by mercury.noc.soton.ac.uk (8.13.1/8.12.11) with ESMTP id q44N0iLh016244
	for <iridburst@noc.soton.ac.uk>; Sat, 5 May 2012 00:00:44 +0100
Reply-To: <sbdservice@sbd.iridium.com>
From: sbdservice@sbd.iridium.com
To: iridburst@noc.soton.ac.uk
Subject: SBD Msg From Unit: 300224010734970
MIME-Version: 1.0
Content-Type: multipart/mixed;boundary="SBD.Boundary.605592468"
Message-Id: <19740412024625.E9C85FDABF0D3755@istbsp01.sbd.iridium.com>
Date: Fri,  4 May 2012 23:00:43 +0000 (GMT)
X-NOCS-MailScanner-Information: Please contact the ISP for more information
X-NOCS-MailScanner-ID: q44N0iLh016244
X-NOCS-MailScanner: Found to be clean
X-NOCS-MailScanner-SpamCheck: not spam (whitelisted),
	SpamAssassin (not cached, score=-6.599, required 5,
	autolearn=not spam, BAYES_00 -2.60, RCVD_IN_DNSWL_MED -4.00)
X-NOCS-MailScanner-From: sbdservice@sbd.iridium.com
X-Spam-Status: No

SBM Message
--SBD.Boundary.605592468
PROCESS /noc/users/iridburst/exec/irid_300224010734970_upd.pl
Last Run  ----1970-01-01 00:00:00 
MONTH  5 
DATA  xxrecord 2012-05-01 02:00:05 :: $W5M5A,120501,020005,660d0028449ce246,1,DAS 2,4939.6384N,1300.9256W,16.7,36,23.0,11.8,10.7,83.4,8.0,10.8,83.7,8.1,1005.1,3.29,5.3,15.4,27,48*63
 
STATION sbdservice
IRID_ID 300224010734970
BODY --

From sbdservice@sbd.iridium.com Sat May 5 01:00:54 2012
Return-Path: <sbdservice@sbd.iridium.com>
Received: from istbsp02.sbd.iridium.com (outbound.sbd.iridium.com [12.47.179.11])
	by mercury.noc.soton.ac.uk (8.13.1/8.12.11) with ESMTP id q4500nN9021238
	for <iridburst@noc.soton.ac.uk>; Sat, 5 May 2012 01:00:49 +0100
Reply-To: <sbdservice@sbd.iridium.com>
From: sbdservice@sbd.iridium.com
To: iridburst@noc.soton.ac.uk
Subject: SBD Msg From Unit: 300224010734970
MIME-Version: 1.0
Content-Type: multipart/mixed;boundary="SBD.Boundary.605592468"
Message-Id: <19740412024625.B6686FF8F75248B4@istbsp02.sbd.iridium.com>
Date: Sat,  5 May 2012 00:00:48 +0000 (GMT)
X-NOCS-MailScanner-Information: Please contact the ISP for more information
X-NOCS-MailScanner-ID: q4500nN9021238
X-NOCS-MailScanner: Found to be clean
X-NOCS-MailScanner-SpamCheck: not spam (whitelisted),
	SpamAssassin (not cached, score=-6.599, required 5,
	autolearn=not spam, BAYES_00 -2.60, RCVD_IN_DNSWL_MED -4.00)
X-NOCS-MailScanner-From: sbdservice@sbd.iridium.com
X-Spam-Status: No

SBM Message
--SBD.Boundary.605592468
PROCESS /noc/users/iridburst/exec/irid_300224010734970_upd.pl
Last Run  ----1970-01-01 00:00:00 
MONTH  5 
DATA  xxrecord 2012-05-01 02:00:05 :: $W5M5A,120501,020005,660d0028449ce246,1,DAS 2,4939.6384N,1300.9256W,16.7,36,23.0,11.8,10.7,83.4,8.0,10.8,83.7,8.1,1005.1,3.29,5.3,15.4,27,48*63
 
STATION sbdservice
IRID_ID 300224010734970
BODY --

From sbdservice@sbd.iridium.com Sat May 5 02:00:50 2012
Return-Path: <sbdservice@sbd.iridium.com>
Received: from istbsp01.sbd.iridium.com (outbound.sbd.iridium.com [12.47.179.11])
	by mercury.noc.soton.ac.uk (8.13.1/8.12.11) with ESMTP id q4510kmq025935
	for <iridburst@noc.soton.ac.uk>; Sat, 5 May 2012 02:00:47 +0100
Reply-To: <sbdservice@sbd.iridium.com>
From: sbdservice@sbd.iridium.com
To: iridburst@noc.soton.ac.uk
Subject: SBD Msg From Unit: 300224010734970
MIME-Version: 1.0
Content-Type: multipart/mixed;boundary="SBD.Boundary.605592468"
Message-Id: <19740412024625.63714DF9BF0F3370@istbsp01.sbd.iridium.com>
Date: Sat,  5 May 2012 01:00:45 +0000 (GMT)
X-NOCS-MailScanner-Information: Please contact the ISP for more information
X-NOCS-MailScanner-ID: q4510kmq025935
X-NOCS-MailScanner: Found to be clean
X-NOCS-MailScanner-SpamCheck: not spam (whitelisted),
	SpamAssassin (not cached, score=-6.599, required 5,
	autolearn=not spam, BAYES_00 -2.60, RCVD_IN_DNSWL_MED -4.00)
X-NOCS-MailScanner-From: sbdservice@sbd.iridium.com
X-Spam-Status: No

SBM Message
--SBD.Boundary.605592468
PROCESS /noc/users/iridburst/exec/irid_300224010734970_upd.pl
Last Run  ----1970-01-01 00:00:00 
MONTH  5 
DATA  xxrecord 2012-05-01 02:00:05 :: $W5M5A,120501,020005,660d0028449ce246,1,DAS 2,4939.6384N,1300.9256W,16.7,36,23.0,11.8,10.7,83.4,8.0,10.8,83.7,8.1,1005.1,3.29,5.3,15.4,27,48*63
 
STATION sbdservice
IRID_ID 300224010734970
BODY --

From sbdservice@sbd.iridium.com Sat May 5 03:00:49 2012
Return-Path: <sbdservice@sbd.iridium.com>
Received: from istbsp02.sbd.iridium.com (outbound.sbd.iridium.com [12.47.179.11])
	by mercury.noc.soton.ac.uk (8.13.1/8.12.11) with ESMTP id q4520hPq030951
	for <iridburst@noc.soton.ac.uk>; Sat, 5 May 2012 03:00:43 +0100
Reply-To: <sbdservice@sbd.iridium.com>
From: sbdservice@sbd.iridium.com
To: iridburst@noc.soton.ac.uk
Subject: SBD Msg From Unit: 300224010734970
MIME-Version: 1.0
Content-Type: multipart/mixed;boundary="SBD.Boundary.605592468"
Message-Id: <19740412024625.67465DD93F620408@istbsp02.sbd.iridium.com>
Date: Sat,  5 May 2012 02:00:42 +0000 (GMT)
X-NOCS-MailScanner-Information: Please contact the ISP for more information
X-NOCS-MailScanner-ID: q4520hPq030951
X-NOCS-MailScanner: Found to be clean
X-NOCS-MailScanner-SpamCheck: not spam (whitelisted),
	SpamAssassin (not cached, score=-6.599, required 5,
	autolearn=not spam, BAYES_00 -2.60, RCVD_IN_DNSWL_MED -4.00)
X-NOCS-MailScanner-From: sbdservice@sbd.iridium.com
X-Spam-Status: No

SBM Message
--SBD.Boundary.605592468
PROCESS /noc/users/iridburst/exec/irid_300224010734970_upd.pl
Last Run  ----1970-01-01 00:00:00 
MONTH  5 
DATA  xxrecord 2012-05-01 02:00:05 :: $W5M5A,120501,020005,660d0028449ce246,1,DAS 2,4939.6384N,1300.9256W,16.7,36,23.0,11.8,10.7,83.4,8.0,10.8,83.7,8.1,1005.1,3.29,5.3,15.4,27,48*63
 
STATION sbdservice
IRID_ID 300224010734970
BODY --

From sbdservice@sbd.iridium.com Sat May 5 04:00:49 2012
Return-Path: <sbdservice@sbd.iridium.com>
Received: from istbsp01.sbd.iridium.com (outbound.sbd.iridium.com [12.47.179.11])
	by mercury.noc.soton.ac.uk (8.13.1/8.12.11) with ESMTP id q4530jaA002866
	for <iridburst@noc.soton.ac.uk>; Sat, 5 May 2012 04:00:46 +0100
Reply-To: <sbdservice@sbd.iridium.com>
From: sbdservice@sbd.iridium.com
To: iridburst@noc.soton.ac.uk
Subject: SBD Msg From Unit: 300224010734970
MIME-Version: 1.0
Content-Type: multipart/mixed;boundary="SBD.Boundary.605592468"
Message-Id: <19740412024625.C4466DF8731CEA57@istbsp01.sbd.iridium.com>
Date: Sat,  5 May 2012 03:00:45 +0000 (GMT)
X-NOCS-MailScanner-Information: Please contact the ISP for more information
X-NOCS-MailScanner-ID: q4530jaA002866
X-NOCS-MailScanner: Found to be clean
X-NOCS-MailScanner-SpamCheck: not spam (whitelisted),
	SpamAssassin (not cached, score=-6.599, required 5,
	autolearn=not spam, BAYES_00 -2.60, RCVD_IN_DNSWL_MED -4.00)
X-NOCS-MailScanner-From: sbdservice@sbd.iridium.com
X-Spam-Status: No

SBM Message
--SBD.Boundary.605592468
PROCESS /noc/users/iridburst/exec/irid_300224010734970_upd.pl
Last Run  ----1970-01-01 00:00:00 
MONTH  5 
DATA  xxrecord 2012-05-01 02:00:05 :: $W5M5A,120501,020005,660d0028449ce246,1,DAS 2,4939.6384N,1300.9256W,16.7,36,23.0,11.8,10.7,83.4,8.0,10.8,83.7,8.1,1005.1,3.29,5.3,15.4,27,48*63
 
STATION sbdservice
IRID_ID 300224010734970
BODY --

From sbdservice@sbd.iridium.com Sat May 5 05:00:52 2012
Return-Path: <sbdservice@sbd.iridium.com>
Received: from istbsp01.sbd.iridium.com (outbound.sbd.iridium.com [12.47.179.11])
	by mercury.noc.soton.ac.uk (8.13.1/8.12.11) with ESMTP id q4540kij008054
	for <iridburst@noc.soton.ac.uk>; Sat, 5 May 2012 05:00:47 +0100
Reply-To: <sbdservice@sbd.iridium.com>
From: sbdservice@sbd.iridium.com
To: iridburst@noc.soton.ac.uk
Subject: SBD Msg From Unit: 300224010734970
MIME-Version: 1.0
Content-Type: multipart/mixed;boundary="SBD.Boundary.605592468"
Message-Id: <19740412024625.4CBB5EF9770EA138@istbsp01.sbd.iridium.com>
Date: Sat,  5 May 2012 04:00:45 +0000 (GMT)
X-NOCS-MailScanner-Information: Please contact the ISP for more information
X-NOCS-MailScanner-ID: q4540kij008054
X-NOCS-MailScanner: Found to be clean
X-NOCS-MailScanner-SpamCheck: not spam (whitelisted),
	SpamAssassin (not cached, score=-6.599, required 5,
	autolearn=not spam, BAYES_00 -2.60, RCVD_IN_DNSWL_MED -4.00)
X-NOCS-MailScanner-From: sbdservice@sbd.iridium.com
X-Spam-Status: No

SBM Message
--SBD.Boundary.605592468
PROCESS /noc/users/iridburst/exec/irid_300224010734970_upd.pl
Last Run  ----1970-01-01 00:00:00 
MONTH  5 
DATA  xxrecord 2012-05-01 02:00:05 :: $W5M5A,120501,020005,660d0028449ce246,1,DAS 2,4939.6384N,1300.9256W,16.7,36,23.0,11.8,10.7,83.4,8.0,10.8,83.7,8.1,1005.1,3.29,5.3,15.4,27,48*63
 
STATION sbdservice
IRID_ID 300224010734970
BODY --

From sbdservice@sbd.iridium.com Sat May 5 06:00:51 2012
Return-Path: <sbdservice@sbd.iridium.com>
Received: from istbsp01.sbd.iridium.com (outbound.sbd.iridium.com [12.47.179.11])
	by mercury.noc.soton.ac.uk (8.13.1/8.12.11) with ESMTP id q4550jba012967
	for <iridburst@noc.soton.ac.uk>; Sat, 5 May 2012 06:00:45 +0100
Reply-To: <sbdservice@sbd.iridium.com>
From: sbdservice@sbd.iridium.com
To: iridburst@noc.soton.ac.uk
Subject: SBD Msg From Unit: 300224010734970
MIME-Version: 1.0
Content-Type: multipart/mixed;boundary="SBD.Boundary.605592468"
Message-Id: <19740412024625.FCEB4FE8373CD543@istbsp01.sbd.iridium.com>
Date: Sat,  5 May 2012 05:00:43 +0000 (GMT)
X-NOCS-MailScanner-Information: Please contact the ISP for more information
X-NOCS-MailScanner-ID: q4550jba012967
X-NOCS-MailScanner: Found to be clean
X-NOCS-MailScanner-SpamCheck: not spam (whitelisted),
	SpamAssassin (not cached, score=-6.599, required 5,
	autolearn=not spam, BAYES_00 -2.60, RCVD_IN_DNSWL_MED -4.00)
X-NOCS-MailScanner-From: sbdservice@sbd.iridium.com
X-Spam-Status: No

SBM Message
--SBD.Boundary.605592468
PROCESS /noc/users/iridburst/exec/irid_300224010734970_upd.pl
Last Run  ----1970-01-01 00:00:00 
MONTH  5 
DATA  xxrecord 2012-05-01 02:00:05 :: $W5M5A,120501,020005,660d0028449ce246,1,DAS 2,4939.6384N,1300.9256W,16.7,36,23.0,11.8,10.7,83.4,8.0,10.8,83.7,8.1,1005.1,3.29,5.3,15.4,27,48*63
 
STATION sbdservice
IRID_ID 300224010734970
BODY --

From sbdservice@sbd.iridium.com Sat May 5 07:00:46 2012
Return-Path: <sbdservice@sbd.iridium.com>
Received: from istbsp02.sbd.iridium.com (outbound.sbd.iridium.com [12.47.179.11])
	by mercury.noc.soton.ac.uk (8.13.1/8.12.11) with ESMTP id q4560hGM020323
	for <iridburst@noc.soton.ac.uk>; Sat, 5 May 2012 07:00:43 +0100
Reply-To: <sbdservice@sbd.iridium.com>
From: sbdservice@sbd.iridium.com
To: iridburst@noc.soton.ac.uk
Subject: SBD Msg From Unit: 300224010734970
MIME-Version: 1.0
Content-Type: multipart/mixed;boundary="SBD.Boundary.605592468"
Message-Id: <19740412024625.DF6F7FDB7F520F21@istbsp02.sbd.iridium.com>
Date: Sat,  5 May 2012 06:00:42 +0000 (GMT)
X-NOCS-MailScanner-Information: Please contact the ISP for more information
X-NOCS-MailScanner-ID: q4560hGM020323
X-NOCS-MailScanner: Found to be clean
X-NOCS-MailScanner-SpamCheck: not spam (whitelisted),
	SpamAssassin (not cached, score=-6.599, required 5,
	autolearn=not spam, BAYES_00 -2.60, RCVD_IN_DNSWL_MED -4.00)
X-NOCS-MailScanner-From: sbdservice@sbd.iridium.com
X-Spam-Status: No

SBM Message
--SBD.Boundary.605592468
PROCESS /noc/users/iridburst/exec/irid_300224010734970_upd.pl
Last Run  ----1970-01-01 00:00:00 
MONTH  5 
DATA  xxrecord 2012-05-01 02:00:05 :: $W5M5A,120501,020005,660d0028449ce246,1,DAS 2,4939.6384N,1300.9256W,16.7,36,23.0,11.8,10.7,83.4,8.0,10.8,83.7,8.1,1005.1,3.29,5.3,15.4,27,48*63
 
STATION sbdservice
IRID_ID 300224010734970
BODY --

From sbdservice@sbd.iridium.com Sat May 5 08:00:51 2012
Return-Path: <sbdservice@sbd.iridium.com>
Received: from istbsp02.sbd.iridium.com (outbound.sbd.iridium.com [12.47.179.11])
	by mercury.noc.soton.ac.uk (8.13.1/8.12.11) with ESMTP id q4570j7v025432
	for <iridburst@noc.soton.ac.uk>; Sat, 5 May 2012 08:00:45 +0100
Reply-To: <sbdservice@sbd.iridium.com>
From: sbdservice@sbd.iridium.com
To: iridburst@noc.soton.ac.uk
Subject: SBD Msg From Unit: 300224010734970
MIME-Version: 1.0
Content-Type: multipart/mixed;boundary="SBD.Boundary.605592468"
Message-Id: <19740412024625.657C7EEA7742C0E1@istbsp02.sbd.iridium.com>
Date: Sat,  5 May 2012 07:00:44 +0000 (GMT)
X-NOCS-MailScanner-Information: Please contact the ISP for more information
X-NOCS-MailScanner-ID: q4570j7v025432
X-NOCS-MailScanner: Found to be clean
X-NOCS-MailScanner-SpamCheck: not spam (whitelisted),
	SpamAssassin (not cached, score=-6.599, required 5,
	autolearn=not spam, BAYES_00 -2.60, RCVD_IN_DNSWL_MED -4.00)
X-NOCS-MailScanner-From: sbdservice@sbd.iridium.com
X-Spam-Status: No

SBM Message
--SBD.Boundary.605592468
PROCESS /noc/users/iridburst/exec/irid_300224010734970_upd.pl
Last Run  ----1970-01-01 00:00:00 
MONTH  5 
DATA  xxrecord 2012-05-01 02:00:05 :: $W5M5A,120501,020005,660d0028449ce246,1,DAS 2,4939.6384N,1300.9256W,16.7,36,23.0,11.8,10.7,83.4,8.0,10.8,83.7,8.1,1005.1,3.29,5.3,15.4,27,48*63
 
STATION sbdservice
IRID_ID 300224010734970
BODY --

From sbdservice@sbd.iridium.com Sat May 5 09:00:47 2012
Return-Path: <sbdservice@sbd.iridium.com>
Received: from istbsp01.sbd.iridium.com (outbound.sbd.iridium.com [12.47.179.11])
	by mercury.noc.soton.ac.uk (8.13.1/8.12.11) with ESMTP id q4580gEY031084
	for <iridburst@noc.soton.ac.uk>; Sat, 5 May 2012 09:00:43 +0100
Reply-To: <sbdservice@sbd.iridium.com>
From: sbdservice@sbd.iridium.com
To: iridburst@noc.soton.ac.uk
Subject: SBD Msg From Unit: 300224010734970
MIME-Version: 1.0
Content-Type: multipart/mixed;boundary="SBD.Boundary.605592468"
Message-Id: <19740412024625.D1C27ECB372D27B6@istbsp01.sbd.iridium.com>
Date: Sat,  5 May 2012 08:00:41 +0000 (GMT)
X-NOCS-MailScanner-Information: Please contact the ISP for more information
X-NOCS-MailScanner-ID: q4580gEY031084
X-NOCS-MailScanner: Found to be clean
X-NOCS-MailScanner-SpamCheck: not spam (whitelisted),
	SpamAssassin (not cached, score=-6.599, required 5,
	autolearn=not spam, BAYES_00 -2.60, RCVD_IN_DNSWL_MED -4.00)
X-NOCS-MailScanner-From: sbdservice@sbd.iridium.com
X-Spam-Status: No

SBM Message
--SBD.Boundary.605592468
PROCESS /noc/users/iridburst/exec/irid_300224010734970_upd.pl
Last Run  ----1970-01-01 00:00:00 
MONTH  5 
DATA  xxrecord 2012-05-01 02:00:05 :: $W5M5A,120501,020005,660d0028449ce246,1,DAS 2,4939.6384N,1300.9256W,16.7,36,23.0,11.8,10.7,83.4,8.0,10.8,83.7,8.1,1005.1,3.29,5.3,15.4,27,48*63
 
STATION sbdservice
IRID_ID 300224010734970
BODY --

From sbdservice@sbd.iridium.com Sat May 5 10:01:21 2012
Return-Path: <sbdservice@sbd.iridium.com>
Received: from istbsp01.sbd.iridium.com (outbound.sbd.iridium.com [12.47.179.11])
	by mercury.noc.soton.ac.uk (8.13.1/8.12.11) with ESMTP id q4591IAO005282
	for <iridburst@noc.soton.ac.uk>; Sat, 5 May 2012 10:01:18 +0100
Reply-To: <sbdservice@sbd.iridium.com>
From: sbdservice@sbd.iridium.com
To: iridburst@noc.soton.ac.uk
Subject: SBD Msg From Unit: 300224010734970
MIME-Version: 1.0
Content-Type: multipart/mixed;boundary="SBD.Boundary.605592468"
Message-Id: <19740412024625.3BF77CE8B31F20B9@istbsp01.sbd.iridium.com>
Date: Sat,  5 May 2012 09:01:17 +0000 (GMT)
X-NOCS-MailScanner-Information: Please contact the ISP for more information
X-NOCS-MailScanner-ID: q4591IAO005282
X-NOCS-MailScanner: Found to be clean
X-NOCS-MailScanner-SpamCheck: not spam (whitelisted),
	SpamAssassin (not cached, score=-6.599, required 5,
	autolearn=not spam, BAYES_00 -2.60, RCVD_IN_DNSWL_MED -4.00)
X-NOCS-MailScanner-From: sbdservice@sbd.iridium.com
X-Spam-Status: No

SBM Message
--SBD.Boundary.605592468
PROCESS /noc/users/iridburst/exec/irid_300224010734970_upd.pl
Last Run  ----1970-01-01 00:00:00 
MONTH  5 
DATA  xxrecord 2012-05-01 02:00:05 :: $W5M5A,120501,020005,660d0028449ce246,1,DAS 2,4939.6384N,1300.9256W,16.7,36,23.0,11.8,10.7,83.4,8.0,10.8,83.7,8.1,1005.1,3.29,5.3,15.4,27,48*63
 
STATION sbdservice
IRID_ID 300224010734970
BODY --

From sbdservice@sbd.iridium.com Sat May 5 11:00:47 2012
Return-Path: <sbdservice@sbd.iridium.com>
Received: from istbsp02.sbd.iridium.com (outbound.sbd.iridium.com [12.47.179.11])
	by mercury.noc.soton.ac.uk (8.13.1/8.12.11) with ESMTP id q45A0hxs010958
	for <iridburst@noc.soton.ac.uk>; Sat, 5 May 2012 11:00:43 +0100
Reply-To: <sbdservice@sbd.iridium.com>
From: sbdservice@sbd.iridium.com
To: iridburst@noc.soton.ac.uk
Subject: SBD Msg From Unit: 300224010734970
MIME-Version: 1.0
Content-Type: multipart/mixed;boundary="SBD.Boundary.605592468"
Message-Id: <19740412024625.2E454DDA7361501A@istbsp02.sbd.iridium.com>
Date: Sat,  5 May 2012 10:00:42 +0000 (GMT)
X-NOCS-MailScanner-Information: Please contact the ISP for more information
X-NOCS-MailScanner-ID: q45A0hxs010958
X-NOCS-MailScanner: Found to be clean
X-NOCS-MailScanner-SpamCheck: not spam (whitelisted),
	SpamAssassin (not cached, score=-6.599, required 5,
	autolearn=not spam, BAYES_00 -2.60, RCVD_IN_DNSWL_MED -4.00)
X-NOCS-MailScanner-From: sbdservice@sbd.iridium.com
X-Spam-Status: No

SBM Message
--SBD.Boundary.605592468
PROCESS /noc/users/iridburst/exec/irid_300224010734970_upd.pl
Last Run  ----1970-01-01 00:00:00 
MONTH  5 
DATA  xxrecord 2012-05-01 02:00:05 :: $W5M5A,120501,020005,660d0028449ce246,1,DAS 2,4939.6384N,1300.9256W,16.7,36,23.0,11.8,10.7,83.4,8.0,10.8,83.7,8.1,1005.1,3.29,5.3,15.4,27,48*63
 
STATION sbdservice
IRID_ID 300224010734970
BODY --

From sbdservice@sbd.iridium.com Sat May 5 12:00:50 2012
Return-Path: <sbdservice@sbd.iridium.com>
Received: from istbsp01.sbd.iridium.com (outbound.sbd.iridium.com [12.47.179.11])
	by mercury.noc.soton.ac.uk (8.13.1/8.12.11) with ESMTP id q45B0iRr017019
	for <iridburst@noc.soton.ac.uk>; Sat, 5 May 2012 12:00:45 +0100
Reply-To: <sbdservice@sbd.iridium.com>
From: sbdservice@sbd.iridium.com
To: iridburst@noc.soton.ac.uk
Subject: SBD Msg From Unit: 300224010734970
MIME-Version: 1.0
Content-Type: multipart/mixed;boundary="SBD.Boundary.605592468"
Message-Id: <19740412024625.73CB4ED8733F5C0F@istbsp01.sbd.iridium.com>
Date: Sat,  5 May 2012 11:00:43 +0000 (GMT)
X-NOCS-MailScanner-Information: Please contact the ISP for more information
X-NOCS-MailScanner-ID: q45B0iRr017019
X-NOCS-MailScanner: Found to be clean
X-NOCS-MailScanner-SpamCheck: not spam (whitelisted),
	SpamAssassin (not cached, score=-6.599, required 5,
	autolearn=not spam, BAYES_00 -2.60, RCVD_IN_DNSWL_MED -4.00)
X-NOCS-MailScanner-From: sbdservice@sbd.iridium.com
X-Spam-Status: No

SBM Message
--SBD.Boundary.605592468
PROCESS /noc/users/iridburst/exec/irid_300224010734970_upd.pl
Last Run  ----1970-01-01 00:00:00 
MONTH  5 
DATA  xxrecord 2012-05-01 02:00:05 :: $W5M5A,120501,020005,660d0028449ce246,1,DAS 2,4939.6384N,1300.9256W,16.7,36,23.0,11.8,10.7,83.4,8.0,10.8,83.7,8.1,1005.1,3.29,5.3,15.4,27,48*63
 
STATION sbdservice
IRID_ID 300224010734970
BODY --

From sbdservice@sbd.iridium.com Sat May 5 13:00:52 2012
Return-Path: <sbdservice@sbd.iridium.com>
Received: from istbsp01.sbd.iridium.com (outbound.sbd.iridium.com [12.47.179.11])
	by mercury.noc.soton.ac.uk (8.13.1/8.12.11) with ESMTP id q45C0ksp022270
	for <iridburst@noc.soton.ac.uk>; Sat, 5 May 2012 13:00:47 +0100
Reply-To: <sbdservice@sbd.iridium.com>
From: sbdservice@sbd.iridium.com
To: iridburst@noc.soton.ac.uk
Subject: SBD Msg From Unit: 300224010734970
MIME-Version: 1.0
Content-Type: multipart/mixed;boundary="SBD.Boundary.605592468"
Message-Id: <19740412024625.6A524CC8FF2E8EBE@istbsp01.sbd.iridium.com>
Date: Sat,  5 May 2012 12:00:46 +0000 (GMT)
X-NOCS-MailScanner-Information: Please contact the ISP for more information
X-NOCS-MailScanner-ID: q45C0ksp022270
X-NOCS-MailScanner: Found to be clean
X-NOCS-MailScanner-SpamCheck: not spam (whitelisted),
	SpamAssassin (not cached, score=-6.599, required 5,
	autolearn=not spam, BAYES_00 -2.60, RCVD_IN_DNSWL_MED -4.00)
X-NOCS-MailScanner-From: sbdservice@sbd.iridium.com
X-Spam-Status: No

SBM Message
--SBD.Boundary.605592468
PROCESS /noc/users/iridburst/exec/irid_300224010734970_upd.pl
Last Run  ----1970-01-01 00:00:00 
MONTH  5 
DATA  xxrecord 2012-05-01 02:00:05 :: $W5M5A,120501,020005,660d0028449ce246,1,DAS 2,4939.6384N,1300.9256W,16.7,36,23.0,11.8,10.7,83.4,8.0,10.8,83.7,8.1,1005.1,3.29,5.3,15.4,27,48*63
 
STATION sbdservice
IRID_ID 300224010734970
BODY --

From sbdservice@sbd.iridium.com Sat May 5 14:00:51 2012
Return-Path: <sbdservice@sbd.iridium.com>
Received: from istbsp01.sbd.iridium.com (outbound.sbd.iridium.com [12.47.179.11])
	by mercury.noc.soton.ac.uk (8.13.1/8.12.11) with ESMTP id q45D0k7c027360
	for <iridburst@noc.soton.ac.uk>; Sat, 5 May 2012 14:00:46 +0100
Reply-To: <sbdservice@sbd.iridium.com>
From: sbdservice@sbd.iridium.com
To: iridburst@noc.soton.ac.uk
Subject: SBD Msg From Unit: 300224010734970
MIME-Version: 1.0
Content-Type: multipart/mixed;boundary="SBD.Boundary.605592468"
Message-Id: <19740412024625.4B5F4DEAFB1E2DDE@istbsp01.sbd.iridium.com>
Date: Sat,  5 May 2012 13:00:45 +0000 (GMT)
X-NOCS-MailScanner-Information: Please contact the ISP for more information
X-NOCS-MailScanner-ID: q45D0k7c027360
X-NOCS-MailScanner: Found to be clean
X-NOCS-MailScanner-SpamCheck: not spam (whitelisted),
	SpamAssassin (not cached, score=-6.599, required 5,
	autolearn=not spam, BAYES_00 -2.60, RCVD_IN_DNSWL_MED -4.00)
X-NOCS-MailScanner-From: sbdservice@sbd.iridium.com
X-Spam-Status: No

SBM Message
--SBD.Boundary.605592468
PROCESS /noc/users/iridburst/exec/irid_300224010734970_upd.pl
Last Run  ----1970-01-01 00:00:00 
MONTH  5 
DATA  xxrecord 2012-05-01 02:00:05 :: $W5M5A,120501,020005,660d0028449ce246,1,DAS 2,4939.6384N,1300.9256W,16.7,36,23.0,11.8,10.7,83.4,8.0,10.8,83.7,8.1,1005.1,3.29,5.3,15.4,27,48*63
 
STATION sbdservice
IRID_ID 300224010734970
BODY --

From sbdservice@sbd.iridium.com Sat May 5 15:00:50 2012
Return-Path: <sbdservice@sbd.iridium.com>
Received: from istbsp01.sbd.iridium.com (outbound.sbd.iridium.com [12.47.179.11])
	by mercury.noc.soton.ac.uk (8.13.1/8.12.11) with ESMTP id q45E0k9O000960
	for <iridburst@noc.soton.ac.uk>; Sat, 5 May 2012 15:00:46 +0100
Reply-To: <sbdservice@sbd.iridium.com>
From: sbdservice@sbd.iridium.com
To: iridburst@noc.soton.ac.uk
Subject: SBD Msg From Unit: 300224010734970
MIME-Version: 1.0
Content-Type: multipart/mixed;boundary="SBD.Boundary.605592468"
Message-Id: <19740412024625.20A04FFB7F2EA125@istbsp01.sbd.iridium.com>
Date: Sat,  5 May 2012 14:00:45 +0000 (GMT)
X-NOCS-MailScanner-Information: Please contact the ISP for more information
X-NOCS-MailScanner-ID: q45E0k9O000960
X-NOCS-MailScanner: Found to be clean
X-NOCS-MailScanner-SpamCheck: not spam (whitelisted),
	SpamAssassin (not cached, score=-6.599, required 5,
	autolearn=not spam, BAYES_00 -2.60, RCVD_IN_DNSWL_MED -4.00)
X-NOCS-MailScanner-From: sbdservice@sbd.iridium.com
X-Spam-Status: No

SBM Message
--SBD.Boundary.605592468
PROCESS /noc/users/iridburst/exec/irid_300224010734970_upd.pl
Last Run  ----1970-01-01 00:00:00 
MONTH  5 
DATA  xxrecord 2012-05-01 02:00:05 :: $W5M5A,120501,020005,660d0028449ce246,1,DAS 2,4939.6384N,1300.9256W,16.7,36,23.0,11.8,10.7,83.4,8.0,10.8,83.7,8.1,1005.1,3.29,5.3,15.4,27,48*63
 
STATION sbdservice
IRID_ID 300224010734970
BODY --

From sbdservice@sbd.iridium.com Sat May 5 16:00:51 2012
Return-Path: <sbdservice@sbd.iridium.com>
Received: from istbsp02.sbd.iridium.com (outbound.sbd.iridium.com [12.47.179.11])
	by mercury.noc.soton.ac.uk (8.13.1/8.12.11) with ESMTP id q45F0jAd006785
	for <iridburst@noc.soton.ac.uk>; Sat, 5 May 2012 16:00:45 +0100
Reply-To: <sbdservice@sbd.iridium.com>
From: sbdservice@sbd.iridium.com
To: iridburst@noc.soton.ac.uk
Subject: SBD Msg From Unit: 300224010734970
MIME-Version: 1.0
Content-Type: multipart/mixed;boundary="SBD.Boundary.605592468"
Message-Id: <19740412024625.AC205CD87B50128E@istbsp02.sbd.iridium.com>
Date: Sat,  5 May 2012 15:00:45 +0000 (GMT)
X-NOCS-MailScanner-Information: Please contact the ISP for more information
X-NOCS-MailScanner-ID: q45F0jAd006785
X-NOCS-MailScanner: Found to be clean
X-NOCS-MailScanner-SpamCheck: not spam (whitelisted),
	SpamAssassin (not cached, score=-6.599, required 5,
	autolearn=not spam, BAYES_00 -2.60, RCVD_IN_DNSWL_MED -4.00)
X-NOCS-MailScanner-From: sbdservice@sbd.iridium.com
X-Spam-Status: No

SBM Message
--SBD.Boundary.605592468
PROCESS /noc/users/iridburst/exec/irid_300224010734970_upd.pl
Last Run  ----1970-01-01 00:00:00 
MONTH  5 
DATA  xxrecord 2012-05-01 02:00:05 :: $W5M5A,120501,020005,660d0028449ce246,1,DAS 2,4939.6384N,1300.9256W,16.7,36,23.0,11.8,10.7,83.4,8.0,10.8,83.7,8.1,1005.1,3.29,5.3,15.4,27,48*63
 
STATION sbdservice
IRID_ID 300224010734970
BODY --

From sbdservice@sbd.iridium.com Sat May 5 17:00:45 2012
Return-Path: <sbdservice@sbd.iridium.com>
Received: from istbsp02.sbd.iridium.com (outbound.sbd.iridium.com [12.47.179.11])
	by mercury.noc.soton.ac.uk (8.13.1/8.12.11) with ESMTP id q45G0fb5012269
	for <iridburst@noc.soton.ac.uk>; Sat, 5 May 2012 17:00:41 +0100
Reply-To: <sbdservice@sbd.iridium.com>
From: sbdservice@sbd.iridium.com
To: iridburst@noc.soton.ac.uk
Subject: SBD Msg From Unit: 300224010734970
MIME-Version: 1.0
Content-Type: multipart/mixed;boundary="SBD.Boundary.605592468"
Message-Id: <19740412024625.C9A74FEBF7705F00@istbsp02.sbd.iridium.com>
Date: Sat,  5 May 2012 16:00:40 +0000 (GMT)
X-NOCS-MailScanner-Information: Please contact the ISP for more information
X-NOCS-MailScanner-ID: q45G0fb5012269
X-NOCS-MailScanner: Found to be clean
X-NOCS-MailScanner-SpamCheck: not spam (whitelisted),
	SpamAssassin (not cached, score=-6.599, required 5,
	autolearn=not spam, BAYES_00 -2.60, RCVD_IN_DNSWL_MED -4.00)
X-NOCS-MailScanner-From: sbdservice@sbd.iridium.com
X-Spam-Status: No

SBM Message
--SBD.Boundary.605592468
PROCESS /noc/users/iridburst/exec/irid_300224010734970_upd.pl
Last Run  ----1970-01-01 00:00:00 
MONTH  5 
DATA  xxrecord 2012-05-01 02:00:05 :: $W5M5A,120501,020005,660d0028449ce246,1,DAS 2,4939.6384N,1300.9256W,16.7,36,23.0,11.8,10.7,83.4,8.0,10.8,83.7,8.1,1005.1,3.29,5.3,15.4,27,48*63
 
STATION sbdservice
IRID_ID 300224010734970
BODY --

From sbdservice@sbd.iridium.com Sat May 5 18:00:47 2012
Return-Path: <sbdservice@sbd.iridium.com>
Received: from istbsp01.sbd.iridium.com (outbound.sbd.iridium.com [12.47.179.11])
	by mercury.noc.soton.ac.uk (8.13.1/8.12.11) with ESMTP id q45H0g32017201
	for <iridburst@noc.soton.ac.uk>; Sat, 5 May 2012 18:00:42 +0100
Reply-To: <sbdservice@sbd.iridium.com>
From: sbdservice@sbd.iridium.com
To: iridburst@noc.soton.ac.uk
Subject: SBD Msg From Unit: 300224010734970
MIME-Version: 1.0
Content-Type: multipart/mixed;boundary="SBD.Boundary.605592468"
Message-Id: <19740412024625.D9606DFABF1EF975@istbsp01.sbd.iridium.com>
Date: Sat,  5 May 2012 17:00:41 +0000 (GMT)
X-NOCS-MailScanner-Information: Please contact the ISP for more information
X-NOCS-MailScanner-ID: q45H0g32017201
X-NOCS-MailScanner: Found to be clean
X-NOCS-MailScanner-SpamCheck: not spam (whitelisted),
	SpamAssassin (not cached, score=-6.599, required 5,
	autolearn=not spam, BAYES_00 -2.60, RCVD_IN_DNSWL_MED -4.00)
X-NOCS-MailScanner-From: sbdservice@sbd.iridium.com
X-Spam-Status: No

SBM Message
--SBD.Boundary.605592468
PROCESS /noc/users/iridburst/exec/irid_300224010734970_upd.pl
Last Run  ----1970-01-01 00:00:00 
MONTH  5 
DATA  xxrecord 2012-05-01 02:00:05 :: $W5M5A,120501,020005,660d0028449ce246,1,DAS 2,4939.6384N,1300.9256W,16.7,36,23.0,11.8,10.7,83.4,8.0,10.8,83.7,8.1,1005.1,3.29,5.3,15.4,27,48*63
 
STATION sbdservice
IRID_ID 300224010734970
BODY --

From sbdservice@sbd.iridium.com Sat May 5 19:00:46 2012
Return-Path: <sbdservice@sbd.iridium.com>
Received: from istbsp01.sbd.iridium.com (outbound.sbd.iridium.com [12.47.179.11])
	by mercury.noc.soton.ac.uk (8.13.1/8.12.11) with ESMTP id q45I0g80022391
	for <iridburst@noc.soton.ac.uk>; Sat, 5 May 2012 19:00:43 +0100
Reply-To: <sbdservice@sbd.iridium.com>
From: sbdservice@sbd.iridium.com
To: iridburst@noc.soton.ac.uk
Subject: SBD Msg From Unit: 300224010734970
MIME-Version: 1.0
Content-Type: multipart/mixed;boundary="SBD.Boundary.605592468"
Message-Id: <19740412024625.5EF75EFABB2EECCA@istbsp01.sbd.iridium.com>
Date: Sat,  5 May 2012 18:00:42 +0000 (GMT)
X-NOCS-MailScanner-Information: Please contact the ISP for more information
X-NOCS-MailScanner-ID: q45I0g80022391
X-NOCS-MailScanner: Found to be clean
X-NOCS-MailScanner-SpamCheck: not spam (whitelisted),
	SpamAssassin (not cached, score=-6.599, required 5,
	autolearn=not spam, BAYES_00 -2.60, RCVD_IN_DNSWL_MED -4.00)
X-NOCS-MailScanner-From: sbdservice@sbd.iridium.com
X-Spam-Status: No

SBM Message
--SBD.Boundary.605592468
PROCESS /noc/users/iridburst/exec/irid_300224010734970_upd.pl
Last Run  ----1970-01-01 00:00:00 
MONTH  5 
DATA  xxrecord 2012-05-01 02:00:05 :: $W5M5A,120501,020005,660d0028449ce246,1,DAS 2,4939.6384N,1300.9256W,16.7,36,23.0,11.8,10.7,83.4,8.0,10.8,83.7,8.1,1005.1,3.29,5.3,15.4,27,48*63
 
STATION sbdservice
IRID_ID 300224010734970
BODY --

From sbdservice@sbd.iridium.com Sat May 5 20:00:55 2012
Return-Path: <sbdservice@sbd.iridium.com>
Received: from istbsp01.sbd.iridium.com (outbound.sbd.iridium.com [12.47.179.11])
	by mercury.noc.soton.ac.uk (8.13.1/8.12.11) with ESMTP id q45J0orw026709
	for <iridburst@noc.soton.ac.uk>; Sat, 5 May 2012 20:00:50 +0100
Reply-To: <sbdservice@sbd.iridium.com>
From: sbdservice@sbd.iridium.com
To: iridburst@noc.soton.ac.uk
Subject: SBD Msg From Unit: 300224010734970
MIME-Version: 1.0
Content-Type: multipart/mixed;boundary="SBD.Boundary.605592468"
Message-Id: <19740412024625.50C86FE8FF0F7FD5@istbsp01.sbd.iridium.com>
Date: Sat,  5 May 2012 19:00:50 +0000 (GMT)
X-NOCS-MailScanner-Information: Please contact the ISP for more information
X-NOCS-MailScanner-ID: q45J0orw026709
X-NOCS-MailScanner: Found to be clean
X-NOCS-MailScanner-SpamCheck: not spam (whitelisted),
	SpamAssassin (not cached, score=-6.599, required 5,
	autolearn=not spam, BAYES_00 -2.60, RCVD_IN_DNSWL_MED -4.00)
X-NOCS-MailScanner-From: sbdservice@sbd.iridium.com
X-Spam-Status: No

SBM Message
--SBD.Boundary.605592468
PROCESS /noc/users/iridburst/exec/irid_300224010734970_upd.pl
Last Run  ----1970-01-01 00:00:00 
MONTH  5 
DATA  xxrecord 2012-05-01 02:00:05 :: $W5M5A,120501,020005,660d0028449ce246,1,DAS 2,4939.6384N,1300.9256W,16.7,36,23.0,11.8,10.7,83.4,8.0,10.8,83.7,8.1,1005.1,3.29,5.3,15.4,27,48*63
 
STATION sbdservice
IRID_ID 300224010734970
BODY --

From sbdservice@sbd.iridium.com Sat May 5 21:00:47 2012
Return-Path: <sbdservice@sbd.iridium.com>
Received: from istbsp01.sbd.iridium.com (outbound.sbd.iridium.com [12.47.179.11])
	by mercury.noc.soton.ac.uk (8.13.1/8.12.11) with ESMTP id q45K0hKR031551
	for <iridburst@noc.soton.ac.uk>; Sat, 5 May 2012 21:00:44 +0100
Reply-To: <sbdservice@sbd.iridium.com>
From: sbdservice@sbd.iridium.com
To: iridburst@noc.soton.ac.uk
Subject: SBD Msg From Unit: 300224010734970
MIME-Version: 1.0
Content-Type: multipart/mixed;boundary="SBD.Boundary.605592468"
Message-Id: <19740412024625.3BE56FF9B33F326E@istbsp01.sbd.iridium.com>
Date: Sat,  5 May 2012 20:00:42 +0000 (GMT)
X-NOCS-MailScanner-Information: Please contact the ISP for more information
X-NOCS-MailScanner-ID: q45K0hKR031551
X-NOCS-MailScanner: Found to be clean
X-NOCS-MailScanner-SpamCheck: not spam (whitelisted),
	SpamAssassin (not cached, score=-6.599, required 5,
	autolearn=not spam, BAYES_00 -2.60, RCVD_IN_DNSWL_MED -4.00)
X-NOCS-MailScanner-From: sbdservice@sbd.iridium.com
X-Spam-Status: No

SBM Message
--SBD.Boundary.605592468
PROCESS /noc/users/iridburst/exec/irid_300224010734970_upd.pl
Last Run  ----1970-01-01 00:00:00 
MONTH  5 
DATA  xxrecord 2012-05-01 02:00:05 :: $W5M5A,120501,020005,660d0028449ce246,1,DAS 2,4939.6384N,1300.9256W,16.7,36,23.0,11.8,10.7,83.4,8.0,10.8,83.7,8.1,1005.1,3.29,5.3,15.4,27,48*63
 
STATION sbdservice
IRID_ID 300224010734970
BODY --

From sbdservice@sbd.iridium.com Sat May 5 22:00:47 2012
Return-Path: <sbdservice@sbd.iridium.com>
Received: from istbsp02.sbd.iridium.com (outbound.sbd.iridium.com [12.47.179.11])
	by mercury.noc.soton.ac.uk (8.13.1/8.12.11) with ESMTP id q45L0hV5003539
	for <iridburst@noc.soton.ac.uk>; Sat, 5 May 2012 22:00:43 +0100
Reply-To: <sbdservice@sbd.iridium.com>
From: sbdservice@sbd.iridium.com
To: iridburst@noc.soton.ac.uk
Subject: SBD Msg From Unit: 300224010734970
MIME-Version: 1.0
Content-Type: multipart/mixed;boundary="SBD.Boundary.605592468"
Message-Id: <19740412024625.B4E26ECBF750388F@istbsp02.sbd.iridium.com>
Date: Sat,  5 May 2012 21:00:42 +0000 (GMT)
X-NOCS-MailScanner-Information: Please contact the ISP for more information
X-NOCS-MailScanner-ID: q45L0hV5003539
X-NOCS-MailScanner: Found to be clean
X-NOCS-MailScanner-SpamCheck: not spam (whitelisted),
	SpamAssassin (not cached, score=-6.599, required 5,
	autolearn=not spam, BAYES_00 -2.60, RCVD_IN_DNSWL_MED -4.00)
X-NOCS-MailScanner-From: sbdservice@sbd.iridium.com
X-Spam-Status: No

SBM Message
--SBD.Boundary.605592468
PROCESS /noc/users/iridburst/exec/irid_300224010734970_upd.pl
Last Run  ----1970-01-01 00:00:00 
MONTH  5 
DATA  xxrecord 2012-05-01 02:00:05 :: $W5M5A,120501,020005,660d0028449ce246,1,DAS 2,4939.6384N,1300.9256W,16.7,36,23.0,11.8,10.7,83.4,8.0,10.8,83.7,8.1,1005.1,3.29,5.3,15.4,27,48*63
 
STATION sbdservice
IRID_ID 300224010734970
BODY --

From sbdservice@sbd.iridium.com Sat May 5 23:01:27 2012
Return-Path: <sbdservice@sbd.iridium.com>
Received: from istbsp01.sbd.iridium.com (outbound.sbd.iridium.com [12.47.179.11])
	by mercury.noc.soton.ac.uk (8.13.1/8.12.11) with ESMTP id q45M1NsB007876
	for <iridburst@noc.soton.ac.uk>; Sat, 5 May 2012 23:01:24 +0100
Reply-To: <sbdservice@sbd.iridium.com>
From: sbdservice@sbd.iridium.com
To: iridburst@noc.soton.ac.uk
Subject: SBD Msg From Unit: 300224010734970
MIME-Version: 1.0
Content-Type: multipart/mixed;boundary="SBD.Boundary.605592468"
Message-Id: <19740412024625.BD087CC87F2ECF36@istbsp01.sbd.iridium.com>
Date: Sat,  5 May 2012 22:01:23 +0000 (GMT)
X-NOCS-MailScanner-Information: Please contact the ISP for more information
X-NOCS-MailScanner-ID: q45M1NsB007876
X-NOCS-MailScanner: Found to be clean
X-NOCS-MailScanner-SpamCheck: not spam (whitelisted),
	SpamAssassin (not cached, score=-6.599, required 5,
	autolearn=not spam, BAYES_00 -2.60, RCVD_IN_DNSWL_MED -4.00)
X-NOCS-MailScanner-From: sbdservice@sbd.iridium.com
X-Spam-Status: No

SBM Message
--SBD.Boundary.605592468
PROCESS /noc/users/iridburst/exec/irid_300224010734970_upd.pl
Last Run  ----1970-01-01 00:00:00 
MONTH  5 
DATA  xxrecord 2012-05-01 02:00:05 :: $W5M5A,120501,020005,660d0028449ce246,1,DAS 2,4939.6384N,1300.9256W,16.7,36,23.0,11.8,10.7,83.4,8.0,10.8,83.7,8.1,1005.1,3.29,5.3,15.4,27,48*63
 
STATION sbdservice
IRID_ID 300224010734970
BODY --

From sbdservice@sbd.iridium.com Sat May 5 23:04:14 2012
Return-Path: <sbdservice@sbd.iridium.com>
Received: from istbsp01.sbd.iridium.com (outbound.sbd.iridium.com [12.47.179.11])
	by mercury.noc.soton.ac.uk (8.13.1/8.12.11) with ESMTP id q45M49Hu008116
	for <iridburst@noc.soton.ac.uk>; Sat, 5 May 2012 23:04:09 +0100
Reply-To: <sbdservice@sbd.iridium.com>
From: sbdservice@sbd.iridium.com
To: iridburst@noc.soton.ac.uk
Subject: SBD Msg From Unit: 300224010734970
MIME-Version: 1.0
Content-Type: multipart/mixed;boundary="SBD.Boundary.605592468"
Message-Id: <19740412024625.C0FC5CC9BF3F3C17@istbsp01.sbd.iridium.com>
Date: Sat,  5 May 2012 22:04:09 +0000 (GMT)
X-NOCS-MailScanner-Information: Please contact the ISP for more information
X-NOCS-MailScanner-ID: q45M49Hu008116
X-NOCS-MailScanner: Found to be clean
X-NOCS-MailScanner-SpamCheck: not spam (whitelisted),
	SpamAssassin (not cached, score=-6.599, required 5,
	autolearn=not spam, BAYES_00 -2.60, RCVD_IN_DNSWL_MED -4.00)
X-NOCS-MailScanner-From: sbdservice@sbd.iridium.com
X-Spam-Status: No

SBM Message
--SBD.Boundary.605592468
PROCESS /noc/users/iridburst/exec/irid_300224010734970_upd.pl
Last Run  ----1970-01-01 00:00:00 
MONTH  5 
DATA  xxrecord 2012-05-01 02:00:05 :: $W5M5A,120501,020005,660d0028449ce246,1,DAS 2,4939.6384N,1300.9256W,16.7,36,23.0,11.8,10.7,83.4,8.0,10.8,83.7,8.1,1005.1,3.29,5.3,15.4,27,48*63
 
STATION sbdservice
IRID_ID 300224010734970
BODY --

From sbdservice@sbd.iridium.com Sun May 6 00:00:52 2012
Return-Path: <sbdservice@sbd.iridium.com>
Received: from istbsp02.sbd.iridium.com (outbound.sbd.iridium.com [12.47.179.11])
	by mercury.noc.soton.ac.uk (8.13.1/8.12.11) with ESMTP id q45N0kGx012645
	for <iridburst@noc.soton.ac.uk>; Sun, 6 May 2012 00:00:48 +0100
Reply-To: <sbdservice@sbd.iridium.com>
From: sbdservice@sbd.iridium.com
To: iridburst@noc.soton.ac.uk
Subject: SBD Msg From Unit: 300224010734970
MIME-Version: 1.0
Content-Type: multipart/mixed;boundary="SBD.Boundary.605592468"
Message-Id: <19740412024625.02CC5CF977430D45@istbsp02.sbd.iridium.com>
Date: Sat,  5 May 2012 23:00:45 +0000 (GMT)
X-NOCS-MailScanner-Information: Please contact the ISP for more information
X-NOCS-MailScanner-ID: q45N0kGx012645
X-NOCS-MailScanner: Found to be clean
X-NOCS-MailScanner-SpamCheck: not spam (whitelisted),
	SpamAssassin (not cached, score=-6.599, required 5,
	autolearn=not spam, BAYES_00 -2.60, RCVD_IN_DNSWL_MED -4.00)
X-NOCS-MailScanner-From: sbdservice@sbd.iridium.com
X-Spam-Status: No

SBM Message
--SBD.Boundary.605592468
PROCESS /noc/users/iridburst/exec/irid_300224010734970_upd.pl
Last Run  ----1970-01-01 00:00:00 
MONTH  5 
DATA  xxrecord 2012-05-01 02:00:05 :: $W5M5A,120501,020005,660d0028449ce246,1,DAS 2,4939.6384N,1300.9256W,16.7,36,23.0,11.8,10.7,83.4,8.0,10.8,83.7,8.1,1005.1,3.29,5.3,15.4,27,48*63
 
STATION sbdservice
IRID_ID 300224010734970
BODY --

From sbdservice@sbd.iridium.com Sun May 6 01:00:48 2012
Return-Path: <sbdservice@sbd.iridium.com>
Received: from istbsp02.sbd.iridium.com (outbound.sbd.iridium.com [12.47.179.11])
	by mercury.noc.soton.ac.uk (8.13.1/8.12.11) with ESMTP id q4600iC1017303
	for <iridburst@noc.soton.ac.uk>; Sun, 6 May 2012 01:00:45 +0100
Reply-To: <sbdservice@sbd.iridium.com>
From: sbdservice@sbd.iridium.com
To: iridburst@noc.soton.ac.uk
Subject: SBD Msg From Unit: 300224010734970
MIME-Version: 1.0
Content-Type: multipart/mixed;boundary="SBD.Boundary.605592468"
Message-Id: <19740412024625.905C6FFBB763A0BE@istbsp02.sbd.iridium.com>
Date: Sun,  6 May 2012 00:00:43 +0000 (GMT)
X-NOCS-MailScanner-Information: Please contact the ISP for more information
X-NOCS-MailScanner-ID: q4600iC1017303
X-NOCS-MailScanner: Found to be clean
X-NOCS-MailScanner-SpamCheck: not spam (whitelisted),
	SpamAssassin (not cached, score=-6.599, required 5,
	autolearn=not spam, BAYES_00 -2.60, RCVD_IN_DNSWL_MED -4.00)
X-NOCS-MailScanner-From: sbdservice@sbd.iridium.com
X-Spam-Status: No

SBM Message
--SBD.Boundary.605592468
PROCESS /noc/users/iridburst/exec/irid_300224010734970_upd.pl
Last Run  ----1970-01-01 00:00:00 
MONTH  5 
DATA  xxrecord 2012-05-01 02:00:05 :: $W5M5A,120501,020005,660d0028449ce246,1,DAS 2,4939.6384N,1300.9256W,16.7,36,23.0,11.8,10.7,83.4,8.0,10.8,83.7,8.1,1005.1,3.29,5.3,15.4,27,48*63
 
STATION sbdservice
IRID_ID 300224010734970
BODY --

From sbdservice@sbd.iridium.com Sun May 6 02:00:58 2012
Return-Path: <sbdservice@sbd.iridium.com>
Received: from istbsp01.sbd.iridium.com (outbound.sbd.iridium.com [12.47.179.11])
	by mercury.noc.soton.ac.uk (8.13.1/8.12.11) with ESMTP id q4610pRT021840
	for <iridburst@noc.soton.ac.uk>; Sun, 6 May 2012 02:00:51 +0100
Reply-To: <sbdservice@sbd.iridium.com>
From: sbdservice@sbd.iridium.com
To: iridburst@noc.soton.ac.uk
Subject: SBD Msg From Unit: 300224010734970
MIME-Version: 1.0
Content-Type: multipart/mixed;boundary="SBD.Boundary.605592468"
Message-Id: <19740412024625.960C6DE8BF3F8063@istbsp01.sbd.iridium.com>
Date: Sun,  6 May 2012 01:00:50 +0000 (GMT)
X-NOCS-MailScanner-Information: Please contact the ISP for more information
X-NOCS-MailScanner-ID: q4610pRT021840
X-NOCS-MailScanner: Found to be clean
X-NOCS-MailScanner-SpamCheck: not spam (whitelisted),
	SpamAssassin (not cached, score=-6.599, required 5,
	autolearn=not spam, BAYES_00 -2.60, RCVD_IN_DNSWL_MED -4.00)
X-NOCS-MailScanner-From: sbdservice@sbd.iridium.com
X-Spam-Status: No

SBM Message
--SBD.Boundary.605592468
PROCESS /noc/users/iridburst/exec/irid_300224010734970_upd.pl
Last Run  ----1970-01-01 00:00:00 
MONTH  5 
DATA  xxrecord 2012-05-01 02:00:05 :: $W5M5A,120501,020005,660d0028449ce246,1,DAS 2,4939.6384N,1300.9256W,16.7,36,23.0,11.8,10.7,83.4,8.0,10.8,83.7,8.1,1005.1,3.29,5.3,15.4,27,48*63
 
STATION sbdservice
IRID_ID 300224010734970
BODY --

From sbdservice@sbd.iridium.com Sun May 6 03:01:09 2012
Return-Path: <sbdservice@sbd.iridium.com>
Received: from istbsp02.sbd.iridium.com (outbound.sbd.iridium.com [12.47.179.11])
	by mercury.noc.soton.ac.uk (8.13.1/8.12.11) with ESMTP id q46214Pt026628
	for <iridburst@noc.soton.ac.uk>; Sun, 6 May 2012 03:01:05 +0100
Reply-To: <sbdservice@sbd.iridium.com>
From: sbdservice@sbd.iridium.com
To: iridburst@noc.soton.ac.uk
Subject: SBD Msg From Unit: 300224010734970
MIME-Version: 1.0
Content-Type: multipart/mixed;boundary="SBD.Boundary.605592468"
Message-Id: <19740412024625.93807EE93763C63D@istbsp02.sbd.iridium.com>
Date: Sun,  6 May 2012 02:01:03 +0000 (GMT)
X-NOCS-MailScanner-Information: Please contact the ISP for more information
X-NOCS-MailScanner-ID: q46214Pt026628
X-NOCS-MailScanner: Found to be clean
X-NOCS-MailScanner-SpamCheck: not spam (whitelisted),
	SpamAssassin (not cached, score=-6.599, required 5,
	autolearn=not spam, BAYES_00 -2.60, RCVD_IN_DNSWL_MED -4.00)
X-NOCS-MailScanner-From: sbdservice@sbd.iridium.com
X-Spam-Status: No

SBM Message
--SBD.Boundary.605592468
PROCESS /noc/users/iridburst/exec/irid_300224010734970_upd.pl
Last Run  ----1970-01-01 00:00:00 
MONTH  5 
DATA  xxrecord 2012-05-01 02:00:05 :: $W5M5A,120501,020005,660d0028449ce246,1,DAS 2,4939.6384N,1300.9256W,16.7,36,23.0,11.8,10.7,83.4,8.0,10.8,83.7,8.1,1005.1,3.29,5.3,15.4,27,48*63
 
STATION sbdservice
IRID_ID 300224010734970
BODY --

From sbdservice@sbd.iridium.com Sun May 6 04:00:45 2012
Return-Path: <sbdservice@sbd.iridium.com>
Received: from istbsp01.sbd.iridium.com (outbound.sbd.iridium.com [12.47.179.11])
	by mercury.noc.soton.ac.uk (8.13.1/8.12.11) with ESMTP id q4630fxW030780
	for <iridburst@noc.soton.ac.uk>; Sun, 6 May 2012 04:00:41 +0100
Reply-To: <sbdservice@sbd.iridium.com>
From: sbdservice@sbd.iridium.com
To: iridburst@noc.soton.ac.uk
Subject: SBD Msg From Unit: 300224010734970
MIME-Version: 1.0
Content-Type: multipart/mixed;boundary="SBD.Boundary.605592468"
Message-Id: <19740412024625.753C6CFB333E175E@istbsp01.sbd.iridium.com>
Date: Sun,  6 May 2012 03:00:40 +0000 (GMT)
X-NOCS-MailScanner-Information: Please contact the ISP for more information
X-NOCS-MailScanner-ID: q4630fxW030780
X-NOCS-MailScanner: Found to be clean
X-NOCS-MailScanner-SpamCheck: not spam (whitelisted),
	SpamAssassin (not cached, score=-6.599, required 5,
	autolearn=not spam, BAYES_00 -2.60, RCVD_IN_DNSWL_MED -4.00)
X-NOCS-MailScanner-From: sbdservice@sbd.iridium.com
X-Spam-Status: No

SBM Message
--SBD.Boundary.605592468
PROCESS /noc/users/iridburst/exec/irid_300224010734970_upd.pl
Last Run  ----1970-01-01 00:00:00 
MONTH  5 
DATA  xxrecord 2012-05-01 02:00:05 :: $W5M5A,120501,020005,660d0028449ce246,1,DAS 2,4939.6384N,1300.9256W,16.7,36,23.0,11.8,10.7,83.4,8.0,10.8,83.7,8.1,1005.1,3.29,5.3,15.4,27,48*63
 
STATION sbdservice
IRID_ID 300224010734970
BODY --

From sbdservice@sbd.iridium.com Sun May 6 05:00:46 2012
Return-Path: <sbdservice@sbd.iridium.com>
Received: from istbsp02.sbd.iridium.com (outbound.sbd.iridium.com [12.47.179.11])
	by mercury.noc.soton.ac.uk (8.13.1/8.12.11) with ESMTP id q4640hIq022267
	for <iridburst@noc.soton.ac.uk>; Sun, 6 May 2012 05:00:43 +0100
Reply-To: <sbdservice@sbd.iridium.com>
From: sbdservice@sbd.iridium.com
To: iridburst@noc.soton.ac.uk
Subject: SBD Msg From Unit: 300224010734970
MIME-Version: 1.0
Content-Type: multipart/mixed;boundary="SBD.Boundary.605592468"
Message-Id: <19740412024625.C3B86EE9BB71A417@istbsp02.sbd.iridium.com>
Date: Sun,  6 May 2012 04:00:42 +0000 (GMT)
X-NOCS-MailScanner-Information: Please contact the ISP for more information
X-NOCS-MailScanner-ID: q4640hIq022267
X-NOCS-MailScanner: Found to be clean
X-NOCS-MailScanner-SpamCheck: not spam (whitelisted),
	SpamAssassin (not cached, score=-6.599, required 5,
	autolearn=not spam, BAYES_00 -2.60, RCVD_IN_DNSWL_MED -4.00)
X-NOCS-MailScanner-From: sbdservice@sbd.iridium.com
X-Spam-Status: No

SBM Message
--SBD.Boundary.605592468
PROCESS /noc/users/iridburst/exec/irid_300224010734970_upd.pl
Last Run  ----1970-01-01 00:00:00 
MONTH  5 
DATA  xxrecord 2012-05-01 02:00:05 :: $W5M5A,120501,020005,660d0028449ce246,1,DAS 2,4939.6384N,1300.9256W,16.7,36,23.0,11.8,10.7,83.4,8.0,10.8,83.7,8.1,1005.1,3.29,5.3,15.4,27,48*63
 
STATION sbdservice
IRID_ID 300224010734970
BODY --

From sbdservice@sbd.iridium.com Sun May 6 06:00:54 2012
Return-Path: <sbdservice@sbd.iridium.com>
Received: from istbsp01.sbd.iridium.com (outbound.sbd.iridium.com [12.47.179.11])
	by mercury.noc.soton.ac.uk (8.13.1/8.12.11) with ESMTP id q4650nJE026951
	for <iridburst@noc.soton.ac.uk>; Sun, 6 May 2012 06:00:50 +0100
Reply-To: <sbdservice@sbd.iridium.com>
From: sbdservice@sbd.iridium.com
To: iridburst@noc.soton.ac.uk
Subject: SBD Msg From Unit: 300224010734970
MIME-Version: 1.0
Content-Type: multipart/mixed;boundary="SBD.Boundary.605592468"
Message-Id: <19740412024625.C9F35EFA330EDA56@istbsp01.sbd.iridium.com>
Date: Sun,  6 May 2012 05:00:47 +0000 (GMT)
X-NOCS-MailScanner-Information: Please contact the ISP for more information
X-NOCS-MailScanner-ID: q4650nJE026951
X-NOCS-MailScanner: Found to be clean
X-NOCS-MailScanner-SpamCheck: not spam (whitelisted),
	SpamAssassin (not cached, score=-6.599, required 5,
	autolearn=not spam, BAYES_00 -2.60, RCVD_IN_DNSWL_MED -4.00)
X-NOCS-MailScanner-From: sbdservice@sbd.iridium.com
X-Spam-Status: No

SBM Message
--SBD.Boundary.605592468
PROCESS /noc/users/iridburst/exec/irid_300224010734970_upd.pl
Last Run  ----1970-01-01 00:00:00 
MONTH  5 
DATA  xxrecord 2012-05-01 02:00:05 :: $W5M5A,120501,020005,660d0028449ce246,1,DAS 2,4939.6384N,1300.9256W,16.7,36,23.0,11.8,10.7,83.4,8.0,10.8,83.7,8.1,1005.1,3.29,5.3,15.4,27,48*63
 
STATION sbdservice
IRID_ID 300224010734970
BODY --

From sbdservice@sbd.iridium.com Sun May 6 07:00:50 2012
Return-Path: <sbdservice@sbd.iridium.com>
Received: from istbsp02.sbd.iridium.com (outbound.sbd.iridium.com [12.47.179.11])
	by mercury.noc.soton.ac.uk (8.13.1/8.12.11) with ESMTP id q4660jM5001232
	for <iridburst@noc.soton.ac.uk>; Sun, 6 May 2012 07:00:46 +0100
Reply-To: <sbdservice@sbd.iridium.com>
From: sbdservice@sbd.iridium.com
To: iridburst@noc.soton.ac.uk
Subject: SBD Msg From Unit: 300224010734970
MIME-Version: 1.0
Content-Type: multipart/mixed;boundary="SBD.Boundary.605592468"
Message-Id: <19740412024625.34816FCA3F61C5B0@istbsp02.sbd.iridium.com>
Date: Sun,  6 May 2012 06:00:45 +0000 (GMT)
X-NOCS-MailScanner-Information: Please contact the ISP for more information
X-NOCS-MailScanner-ID: q4660jM5001232
X-NOCS-MailScanner: Found to be clean
X-NOCS-MailScanner-SpamCheck: not spam (whitelisted),
	SpamAssassin (not cached, score=-6.599, required 5,
	autolearn=not spam, BAYES_00 -2.60, RCVD_IN_DNSWL_MED -4.00)
X-NOCS-MailScanner-From: sbdservice@sbd.iridium.com
X-Spam-Status: No

SBM Message
--SBD.Boundary.605592468
PROCESS /noc/users/iridburst/exec/irid_300224010734970_upd.pl
Last Run  ----1970-01-01 00:00:00 
MONTH  5 
DATA  xxrecord 2012-05-01 02:00:05 :: $W5M5A,120501,020005,660d0028449ce246,1,DAS 2,4939.6384N,1300.9256W,16.7,36,23.0,11.8,10.7,83.4,8.0,10.8,83.7,8.1,1005.1,3.29,5.3,15.4,27,48*63
 
STATION sbdservice
IRID_ID 300224010734970
BODY --

From sbdservice@sbd.iridium.com Sun May 6 08:00:54 2012
Return-Path: <sbdservice@sbd.iridium.com>
Received: from istbsp02.sbd.iridium.com (outbound.sbd.iridium.com [12.47.179.11])
	by mercury.noc.soton.ac.uk (8.13.1/8.12.11) with ESMTP id q4670mVe006287
	for <iridburst@noc.soton.ac.uk>; Sun, 6 May 2012 08:00:49 +0100
Reply-To: <sbdservice@sbd.iridium.com>
From: sbdservice@sbd.iridium.com
To: iridburst@noc.soton.ac.uk
Subject: SBD Msg From Unit: 300224010734970
MIME-Version: 1.0
Content-Type: multipart/mixed;boundary="SBD.Boundary.605592468"
Message-Id: <19740412024625.DE0C7DD87B502CA2@istbsp02.sbd.iridium.com>
Date: Sun,  6 May 2012 07:00:48 +0000 (GMT)
X-NOCS-MailScanner-Information: Please contact the ISP for more information
X-NOCS-MailScanner-ID: q4670mVe006287
X-NOCS-MailScanner: Found to be clean
X-NOCS-MailScanner-SpamCheck: not spam (whitelisted),
	SpamAssassin (not cached, score=-6.599, required 5,
	autolearn=not spam, BAYES_00 -2.60, RCVD_IN_DNSWL_MED -4.00)
X-NOCS-MailScanner-From: sbdservice@sbd.iridium.com
X-Spam-Status: No

SBM Message
--SBD.Boundary.605592468
PROCESS /noc/users/iridburst/exec/irid_300224010734970_upd.pl
Last Run  ----1970-01-01 00:00:00 
MONTH  5 
DATA  xxrecord 2012-05-01 02:00:05 :: $W5M5A,120501,020005,660d0028449ce246,1,DAS 2,4939.6384N,1300.9256W,16.7,36,23.0,11.8,10.7,83.4,8.0,10.8,83.7,8.1,1005.1,3.29,5.3,15.4,27,48*63
 
STATION sbdservice
IRID_ID 300224010734970
BODY --

From sbdservice@sbd.iridium.com Sun May 6 09:00:57 2012
Return-Path: <sbdservice@sbd.iridium.com>
Received: from istbsp01.sbd.iridium.com (outbound.sbd.iridium.com [12.47.179.11])
	by mercury.noc.soton.ac.uk (8.13.1/8.12.11) with ESMTP id q4680sZd011796
	for <iridburst@noc.soton.ac.uk>; Sun, 6 May 2012 09:00:54 +0100
Reply-To: <sbdservice@sbd.iridium.com>
From: sbdservice@sbd.iridium.com
To: iridburst@noc.soton.ac.uk
Subject: SBD Msg From Unit: 300224010734970
MIME-Version: 1.0
Content-Type: multipart/mixed;boundary="SBD.Boundary.605592468"
Message-Id: <19740412024625.EC415CCB7B0D46AD@istbsp01.sbd.iridium.com>
Date: Sun,  6 May 2012 08:00:53 +0000 (GMT)
X-NOCS-MailScanner-Information: Please contact the ISP for more information
X-NOCS-MailScanner-ID: q4680sZd011796
X-NOCS-MailScanner: Found to be clean
X-NOCS-MailScanner-SpamCheck: not spam (whitelisted),
	SpamAssassin (not cached, score=-6.599, required 5,
	autolearn=not spam, BAYES_00 -2.60, RCVD_IN_DNSWL_MED -4.00)
X-NOCS-MailScanner-From: sbdservice@sbd.iridium.com
X-Spam-Status: No

SBM Message
--SBD.Boundary.605592468
PROCESS /noc/users/iridburst/exec/irid_300224010734970_upd.pl
Last Run  ----1970-01-01 00:00:00 
MONTH  5 
DATA  xxrecord 2012-05-01 02:00:05 :: $W5M5A,120501,020005,660d0028449ce246,1,DAS 2,4939.6384N,1300.9256W,16.7,36,23.0,11.8,10.7,83.4,8.0,10.8,83.7,8.1,1005.1,3.29,5.3,15.4,27,48*63
 
STATION sbdservice
IRID_ID 300224010734970
BODY --

From sbdservice@sbd.iridium.com Sun May 6 10:00:50 2012
Return-Path: <sbdservice@sbd.iridium.com>
Received: from istbsp01.sbd.iridium.com (outbound.sbd.iridium.com [12.47.179.11])
	by mercury.noc.soton.ac.uk (8.13.1/8.12.11) with ESMTP id q4690imd017081
	for <iridburst@noc.soton.ac.uk>; Sun, 6 May 2012 10:00:45 +0100
Reply-To: <sbdservice@sbd.iridium.com>
From: sbdservice@sbd.iridium.com
To: iridburst@noc.soton.ac.uk
Subject: SBD Msg From Unit: 300224010734970
MIME-Version: 1.0
Content-Type: multipart/mixed;boundary="SBD.Boundary.605592468"
Message-Id: <19740412024625.5BC05EDB373D8E40@istbsp01.sbd.iridium.com>
Date: Sun,  6 May 2012 09:00:44 +0000 (GMT)
X-NOCS-MailScanner-Information: Please contact the ISP for more information
X-NOCS-MailScanner-ID: q4690imd017081
X-NOCS-MailScanner: Found to be clean
X-NOCS-MailScanner-SpamCheck: not spam (whitelisted),
	SpamAssassin (not cached, score=-6.599, required 5,
	autolearn=not spam, BAYES_00 -2.60, RCVD_IN_DNSWL_MED -4.00)
X-NOCS-MailScanner-From: sbdservice@sbd.iridium.com
X-Spam-Status: No

SBM Message
--SBD.Boundary.605592468
PROCESS /noc/users/iridburst/exec/irid_300224010734970_upd.pl
Last Run  ----1970-01-01 00:00:00 
MONTH  5 
DATA  xxrecord 2012-05-01 02:00:05 :: $W5M5A,120501,020005,660d0028449ce246,1,DAS 2,4939.6384N,1300.9256W,16.7,36,23.0,11.8,10.7,83.4,8.0,10.8,83.7,8.1,1005.1,3.29,5.3,15.4,27,48*63
 
STATION sbdservice
IRID_ID 300224010734970
BODY --

From sbdservice@sbd.iridium.com Sun May 6 11:00:57 2012
Return-Path: <sbdservice@sbd.iridium.com>
Received: from istbsp02.sbd.iridium.com (outbound.sbd.iridium.com [12.47.179.11])
	by mercury.noc.soton.ac.uk (8.13.1/8.12.11) with ESMTP id q46A0nda022082
	for <iridburst@noc.soton.ac.uk>; Sun, 6 May 2012 11:00:50 +0100
Reply-To: <sbdservice@sbd.iridium.com>
From: sbdservice@sbd.iridium.com
To: iridburst@noc.soton.ac.uk
Subject: SBD Msg From Unit: 300224010734970
MIME-Version: 1.0
Content-Type: multipart/mixed;boundary="SBD.Boundary.605592468"
Message-Id: <19740412024625.2CA14DE8B77378A5@istbsp02.sbd.iridium.com>
Date: Sun,  6 May 2012 10:00:48 +0000 (GMT)
X-NOCS-MailScanner-Information: Please contact the ISP for more information
X-NOCS-MailScanner-ID: q46A0nda022082
X-NOCS-MailScanner: Found to be clean
X-NOCS-MailScanner-SpamCheck: not spam (whitelisted),
	SpamAssassin (not cached, score=-6.599, required 5,
	autolearn=not spam, BAYES_00 -2.60, RCVD_IN_DNSWL_MED -4.00)
X-NOCS-MailScanner-From: sbdservice@sbd.iridium.com
X-Spam-Status: No

SBM Message
--SBD.Boundary.605592468
PROCESS /noc/users/iridburst/exec/irid_300224010734970_upd.pl
Last Run  ----1970-01-01 00:00:00 
MONTH  5 
DATA  xxrecord 2012-05-01 02:00:05 :: $W5M5A,120501,020005,660d0028449ce246,1,DAS 2,4939.6384N,1300.9256W,16.7,36,23.0,11.8,10.7,83.4,8.0,10.8,83.7,8.1,1005.1,3.29,5.3,15.4,27,48*63
 
STATION sbdservice
IRID_ID 300224010734970
BODY --

From sbdservice@sbd.iridium.com Sun May 6 12:00:54 2012
Return-Path: <sbdservice@sbd.iridium.com>
Received: from istbsp02.sbd.iridium.com (outbound.sbd.iridium.com [12.47.179.11])
	by mercury.noc.soton.ac.uk (8.13.1/8.12.11) with ESMTP id q46B0jqw026881
	for <iridburst@noc.soton.ac.uk>; Sun, 6 May 2012 12:00:45 +0100
Reply-To: <sbdservice@sbd.iridium.com>
From: sbdservice@sbd.iridium.com
To: iridburst@noc.soton.ac.uk
Subject: SBD Msg From Unit: 300224010734970
MIME-Version: 1.0
Content-Type: multipart/mixed;boundary="SBD.Boundary.605592468"
Message-Id: <19740412024625.0EAC5FFB33438E5D@istbsp02.sbd.iridium.com>
Date: Sun,  6 May 2012 11:00:43 +0000 (GMT)
X-NOCS-MailScanner-Information: Please contact the ISP for more information
X-NOCS-MailScanner-ID: q46B0jqw026881
X-NOCS-MailScanner: Found to be clean
X-NOCS-MailScanner-SpamCheck: not spam (whitelisted),
	SpamAssassin (not cached, score=-6.599, required 5,
	autolearn=not spam, BAYES_00 -2.60, RCVD_IN_DNSWL_MED -4.00)
X-NOCS-MailScanner-From: sbdservice@sbd.iridium.com
X-Spam-Status: No

SBM Message
--SBD.Boundary.605592468
PROCESS /noc/users/iridburst/exec/irid_300224010734970_upd.pl
Last Run  ----1970-01-01 00:00:00 
MONTH  5 
DATA  xxrecord 2012-05-01 02:00:05 :: $W5M5A,120501,020005,660d0028449ce246,1,DAS 2,4939.6384N,1300.9256W,16.7,36,23.0,11.8,10.7,83.4,8.0,10.8,83.7,8.1,1005.1,3.29,5.3,15.4,27,48*63
 
STATION sbdservice
IRID_ID 300224010734970
BODY --

From sbdservice@sbd.iridium.com Sun May 6 13:00:51 2012
Return-Path: <sbdservice@sbd.iridium.com>
Received: from istbsp01.sbd.iridium.com (outbound.sbd.iridium.com [12.47.179.11])
	by mercury.noc.soton.ac.uk (8.13.1/8.12.11) with ESMTP id q46C0lKj031559
	for <iridburst@noc.soton.ac.uk>; Sun, 6 May 2012 13:00:48 +0100
Reply-To: <sbdservice@sbd.iridium.com>
From: sbdservice@sbd.iridium.com
To: iridburst@noc.soton.ac.uk
Subject: SBD Msg From Unit: 300224010734970
MIME-Version: 1.0
Content-Type: multipart/mixed;boundary="SBD.Boundary.605592468"
Message-Id: <19740412024625.D79A7CDBFB3C08F5@istbsp01.sbd.iridium.com>
Date: Sun,  6 May 2012 12:00:47 +0000 (GMT)
X-NOCS-MailScanner-Information: Please contact the ISP for more information
X-NOCS-MailScanner-ID: q46C0lKj031559
X-NOCS-MailScanner: Found to be clean
X-NOCS-MailScanner-SpamCheck: not spam (whitelisted),
	SpamAssassin (not cached, score=-6.599, required 5,
	autolearn=not spam, BAYES_00 -2.60, RCVD_IN_DNSWL_MED -4.00)
X-NOCS-MailScanner-From: sbdservice@sbd.iridium.com
X-Spam-Status: No

SBM Message
--SBD.Boundary.605592468
PROCESS /noc/users/iridburst/exec/irid_300224010734970_upd.pl
Last Run  ----1970-01-01 00:00:00 
MONTH  5 
DATA  xxrecord 2012-05-01 02:00:05 :: $W5M5A,120501,020005,660d0028449ce246,1,DAS 2,4939.6384N,1300.9256W,16.7,36,23.0,11.8,10.7,83.4,8.0,10.8,83.7,8.1,1005.1,3.29,5.3,15.4,27,48*63
 
STATION sbdservice
IRID_ID 300224010734970
BODY --

From sbdservice@sbd.iridium.com Sun May 6 14:01:05 2012
Return-Path: <sbdservice@sbd.iridium.com>
Received: from istbsp01.sbd.iridium.com (outbound.sbd.iridium.com [12.47.179.11])
	by mercury.noc.soton.ac.uk (8.13.1/8.12.11) with ESMTP id q46D0wKF004039
	for <iridburst@noc.soton.ac.uk>; Sun, 6 May 2012 14:00:59 +0100
Reply-To: <sbdservice@sbd.iridium.com>
From: sbdservice@sbd.iridium.com
To: iridburst@noc.soton.ac.uk
Subject: SBD Msg From Unit: 300224010734970
MIME-Version: 1.0
Content-Type: multipart/mixed;boundary="SBD.Boundary.605592468"
Message-Id: <19740412024625.076C7ED9BB1E09A3@istbsp01.sbd.iridium.com>
Date: Sun,  6 May 2012 13:00:57 +0000 (GMT)
X-NOCS-MailScanner-Information: Please contact the ISP for more information
X-NOCS-MailScanner-ID: q46D0wKF004039
X-NOCS-MailScanner: Found to be clean
X-NOCS-MailScanner-SpamCheck: not spam (whitelisted),
	SpamAssassin (not cached, score=-6.599, required 5,
	autolearn=not spam, BAYES_00 -2.60, RCVD_IN_DNSWL_MED -4.00)
X-NOCS-MailScanner-From: sbdservice@sbd.iridium.com
X-Spam-Status: No

SBM Message
--SBD.Boundary.605592468
PROCESS /noc/users/iridburst/exec/irid_300224010734970_upd.pl
Last Run  ----1970-01-01 00:00:00 
MONTH  5 
DATA  xxrecord 2012-05-01 02:00:05 :: $W5M5A,120501,020005,660d0028449ce246,1,DAS 2,4939.6384N,1300.9256W,16.7,36,23.0,11.8,10.7,83.4,8.0,10.8,83.7,8.1,1005.1,3.29,5.3,15.4,27,48*63
 
STATION sbdservice
IRID_ID 300224010734970
BODY --

From sbdservice@sbd.iridium.com Sun May 6 15:00:52 2012
Return-Path: <sbdservice@sbd.iridium.com>
Received: from istbsp02.sbd.iridium.com (outbound.sbd.iridium.com [12.47.179.11])
	by mercury.noc.soton.ac.uk (8.13.1/8.12.11) with ESMTP id q46E0lxd008975
	for <iridburst@noc.soton.ac.uk>; Sun, 6 May 2012 15:00:47 +0100
Reply-To: <sbdservice@sbd.iridium.com>
From: sbdservice@sbd.iridium.com
To: iridburst@noc.soton.ac.uk
Subject: SBD Msg From Unit: 300224010734970
MIME-Version: 1.0
Content-Type: multipart/mixed;boundary="SBD.Boundary.605592468"
Message-Id: <19740412024625.CEFF6ECBB341D814@istbsp02.sbd.iridium.com>
Date: Sun,  6 May 2012 14:00:46 +0000 (GMT)
X-NOCS-MailScanner-Information: Please contact the ISP for more information
X-NOCS-MailScanner-ID: q46E0lxd008975
X-NOCS-MailScanner: Found to be clean
X-NOCS-MailScanner-SpamCheck: not spam (whitelisted),
	SpamAssassin (not cached, score=-6.599, required 5,
	autolearn=not spam, BAYES_00 -2.60, RCVD_IN_DNSWL_MED -4.00)
X-NOCS-MailScanner-From: sbdservice@sbd.iridium.com
X-Spam-Status: No

SBM Message
--SBD.Boundary.605592468
PROCESS /noc/users/iridburst/exec/irid_300224010734970_upd.pl
Last Run  ----1970-01-01 00:00:00 
MONTH  5 
DATA  xxrecord 2012-05-01 02:00:05 :: $W5M5A,120501,020005,660d0028449ce246,1,DAS 2,4939.6384N,1300.9256W,16.7,36,23.0,11.8,10.7,83.4,8.0,10.8,83.7,8.1,1005.1,3.29,5.3,15.4,27,48*63
 
STATION sbdservice
IRID_ID 300224010734970
BODY --

From sbdservice@sbd.iridium.com Sun May 6 16:00:51 2012
Return-Path: <sbdservice@sbd.iridium.com>
Received: from istbsp02.sbd.iridium.com (outbound.sbd.iridium.com [12.47.179.11])
	by mercury.noc.soton.ac.uk (8.13.1/8.12.11) with ESMTP id q46F0kq8015192
	for <iridburst@noc.soton.ac.uk>; Sun, 6 May 2012 16:00:47 +0100
Reply-To: <sbdservice@sbd.iridium.com>
From: sbdservice@sbd.iridium.com
To: iridburst@noc.soton.ac.uk
Subject: SBD Msg From Unit: 300224010734970
MIME-Version: 1.0
Content-Type: multipart/mixed;boundary="SBD.Boundary.605592468"
Message-Id: <19740412024625.A9E14DE97363EAEA@istbsp02.sbd.iridium.com>
Date: Sun,  6 May 2012 15:00:46 +0000 (GMT)
X-NOCS-MailScanner-Information: Please contact the ISP for more information
X-NOCS-MailScanner-ID: q46F0kq8015192
X-NOCS-MailScanner: Found to be clean
X-NOCS-MailScanner-SpamCheck: not spam (whitelisted),
	SpamAssassin (not cached, score=-6.599, required 5,
	autolearn=not spam, BAYES_00 -2.60, RCVD_IN_DNSWL_MED -4.00)
X-NOCS-MailScanner-From: sbdservice@sbd.iridium.com
X-Spam-Status: No

SBM Message
--SBD.Boundary.605592468
PROCESS /noc/users/iridburst/exec/irid_300224010734970_upd.pl
Last Run  ----1970-01-01 00:00:00 
MONTH  5 
DATA  xxrecord 2012-05-01 02:00:05 :: $W5M5A,120501,020005,660d0028449ce246,1,DAS 2,4939.6384N,1300.9256W,16.7,36,23.0,11.8,10.7,83.4,8.0,10.8,83.7,8.1,1005.1,3.29,5.3,15.4,27,48*63
 
STATION sbdservice
IRID_ID 300224010734970
BODY --

From sbdservice@sbd.iridium.com Sun May 6 17:00:57 2012
Return-Path: <sbdservice@sbd.iridium.com>
Received: from istbsp02.sbd.iridium.com (outbound.sbd.iridium.com [12.47.179.11])
	by mercury.noc.soton.ac.uk (8.13.1/8.12.11) with ESMTP id q46G0qpF019672
	for <iridburst@noc.soton.ac.uk>; Sun, 6 May 2012 17:00:53 +0100
Reply-To: <sbdservice@sbd.iridium.com>
From: sbdservice@sbd.iridium.com
To: iridburst@noc.soton.ac.uk
Subject: SBD Msg From Unit: 300224010734970
MIME-Version: 1.0
Content-Type: multipart/mixed;boundary="SBD.Boundary.605592468"
Message-Id: <19740412024625.A3B25CCABF73DEB7@istbsp02.sbd.iridium.com>
Date: Sun,  6 May 2012 16:00:52 +0000 (GMT)
X-NOCS-MailScanner-Information: Please contact the ISP for more information
X-NOCS-MailScanner-ID: q46G0qpF019672
X-NOCS-MailScanner: Found to be clean
X-NOCS-MailScanner-SpamCheck: not spam (whitelisted),
	SpamAssassin (not cached, score=-6.599, required 5,
	autolearn=not spam, BAYES_00 -2.60, RCVD_IN_DNSWL_MED -4.00)
X-NOCS-MailScanner-From: sbdservice@sbd.iridium.com
X-Spam-Status: No

SBM Message
--SBD.Boundary.605592468
PROCESS /noc/users/iridburst/exec/irid_300224010734970_upd.pl
Last Run  ----1970-01-01 00:00:00 
MONTH  5 
DATA  xxrecord 2012-05-01 02:00:05 :: $W5M5A,120501,020005,660d0028449ce246,1,DAS 2,4939.6384N,1300.9256W,16.7,36,23.0,11.8,10.7,83.4,8.0,10.8,83.7,8.1,1005.1,3.29,5.3,15.4,27,48*63
 
STATION sbdservice
IRID_ID 300224010734970
BODY --

From sbdservice@sbd.iridium.com Sun May 6 18:00:56 2012
Return-Path: <sbdservice@sbd.iridium.com>
Received: from istbsp02.sbd.iridium.com (outbound.sbd.iridium.com [12.47.179.11])
	by mercury.noc.soton.ac.uk (8.13.1/8.12.11) with ESMTP id q46H0pcC024388
	for <iridburst@noc.soton.ac.uk>; Sun, 6 May 2012 18:00:52 +0100
Reply-To: <sbdservice@sbd.iridium.com>
From: sbdservice@sbd.iridium.com
To: iridburst@noc.soton.ac.uk
Subject: SBD Msg From Unit: 300224010734970
MIME-Version: 1.0
Content-Type: multipart/mixed;boundary="SBD.Boundary.605592468"
Message-Id: <19740412024625.88744CD9BB40C0C9@istbsp02.sbd.iridium.com>
Date: Sun,  6 May 2012 17:00:50 +0000 (GMT)
X-NOCS-MailScanner-Information: Please contact the ISP for more information
X-NOCS-MailScanner-ID: q46H0pcC024388
X-NOCS-MailScanner: Found to be clean
X-NOCS-MailScanner-SpamCheck: not spam (whitelisted),
	SpamAssassin (not cached, score=-6.599, required 5,
	autolearn=not spam, BAYES_00 -2.60, RCVD_IN_DNSWL_MED -4.00)
X-NOCS-MailScanner-From: sbdservice@sbd.iridium.com
X-Spam-Status: No

SBM Message
--SBD.Boundary.605592468
PROCESS /noc/users/iridburst/exec/irid_300224010734970_upd.pl
Last Run  ----1970-01-01 00:00:00 
MONTH  5 
DATA  xxrecord 2012-05-01 02:00:05 :: $W5M5A,120501,020005,660d0028449ce246,1,DAS 2,4939.6384N,1300.9256W,16.7,36,23.0,11.8,10.7,83.4,8.0,10.8,83.7,8.1,1005.1,3.29,5.3,15.4,27,48*63
 
STATION sbdservice
IRID_ID 300224010734970
BODY --

From sbdservice@sbd.iridium.com Sun May 6 19:01:05 2012
Return-Path: <sbdservice@sbd.iridium.com>
Received: from istbsp02.sbd.iridium.com (outbound.sbd.iridium.com [12.47.179.11])
	by mercury.noc.soton.ac.uk (8.13.1/8.12.11) with ESMTP id q46I11dQ028915
	for <iridburst@noc.soton.ac.uk>; Sun, 6 May 2012 19:01:02 +0100
Reply-To: <sbdservice@sbd.iridium.com>
From: sbdservice@sbd.iridium.com
To: iridburst@noc.soton.ac.uk
Subject: SBD Msg From Unit: 300224010734970
MIME-Version: 1.0
Content-Type: multipart/mixed;boundary="SBD.Boundary.605592468"
Message-Id: <19740412024625.7B195FF93B71C925@istbsp02.sbd.iridium.com>
Date: Sun,  6 May 2012 18:01:01 +0000 (GMT)
X-NOCS-MailScanner-Information: Please contact the ISP for more information
X-NOCS-MailScanner-ID: q46I11dQ028915
X-NOCS-MailScanner: Found to be clean
X-NOCS-MailScanner-SpamCheck: not spam (whitelisted),
	SpamAssassin (not cached, score=-6.599, required 5,
	autolearn=not spam, BAYES_00 -2.60, RCVD_IN_DNSWL_MED -4.00)
X-NOCS-MailScanner-From: sbdservice@sbd.iridium.com
X-Spam-Status: No

SBM Message
--SBD.Boundary.605592468
PROCESS /noc/users/iridburst/exec/irid_300224010734970_upd.pl
Last Run  ----1970-01-01 00:00:00 
MONTH  5 
DATA  xxrecord 2012-05-01 02:00:05 :: $W5M5A,120501,020005,660d0028449ce246,1,DAS 2,4939.6384N,1300.9256W,16.7,36,23.0,11.8,10.7,83.4,8.0,10.8,83.7,8.1,1005.1,3.29,5.3,15.4,27,48*63
 
STATION sbdservice
IRID_ID 300224010734970
BODY --

From sbdservice@sbd.iridium.com Sun May 6 20:00:54 2012
Return-Path: <sbdservice@sbd.iridium.com>
Received: from istbsp02.sbd.iridium.com (outbound.sbd.iridium.com [12.47.179.11])
	by mercury.noc.soton.ac.uk (8.13.1/8.12.11) with ESMTP id q46J0oiT001453
	for <iridburst@noc.soton.ac.uk>; Sun, 6 May 2012 20:00:50 +0100
Reply-To: <sbdservice@sbd.iridium.com>
From: sbdservice@sbd.iridium.com
To: iridburst@noc.soton.ac.uk
Subject: SBD Msg From Unit: 300224010734970
MIME-Version: 1.0
Content-Type: multipart/mixed;boundary="SBD.Boundary.605592468"
Message-Id: <19740412024625.04156FFB7372C3A0@istbsp02.sbd.iridium.com>
Date: Sun,  6 May 2012 19:00:49 +0000 (GMT)
X-NOCS-MailScanner-Information: Please contact the ISP for more information
X-NOCS-MailScanner-ID: q46J0oiT001453
X-NOCS-MailScanner: Found to be clean
X-NOCS-MailScanner-SpamCheck: not spam (whitelisted),
	SpamAssassin (not cached, score=-6.599, required 5,
	autolearn=not spam, BAYES_00 -2.60, RCVD_IN_DNSWL_MED -4.00)
X-NOCS-MailScanner-From: sbdservice@sbd.iridium.com
X-Spam-Status: No

SBM Message
--SBD.Boundary.605592468
PROCESS /noc/users/iridburst/exec/irid_300224010734970_upd.pl
Last Run  ----1970-01-01 00:00:00 
MONTH  5 
DATA  xxrecord 2012-05-01 02:00:05 :: $W5M5A,120501,020005,660d0028449ce246,1,DAS 2,4939.6384N,1300.9256W,16.7,36,23.0,11.8,10.7,83.4,8.0,10.8,83.7,8.1,1005.1,3.29,5.3,15.4,27,48*63
 
STATION sbdservice
IRID_ID 300224010734970
BODY --

From sbdservice@sbd.iridium.com Sun May 6 21:01:04 2012
Return-Path: <sbdservice@sbd.iridium.com>
Received: from istbsp01.sbd.iridium.com (outbound.sbd.iridium.com [12.47.179.11])
	by mercury.noc.soton.ac.uk (8.13.1/8.12.11) with ESMTP id q46K10Eq006220
	for <iridburst@noc.soton.ac.uk>; Sun, 6 May 2012 21:01:00 +0100
Reply-To: <sbdservice@sbd.iridium.com>
From: sbdservice@sbd.iridium.com
To: iridburst@noc.soton.ac.uk
Subject: SBD Msg From Unit: 300224010734970
MIME-Version: 1.0
Content-Type: multipart/mixed;boundary="SBD.Boundary.605592468"
Message-Id: <19740412024625.C48A7CC9373FC5D6@istbsp01.sbd.iridium.com>
Date: Sun,  6 May 2012 20:00:58 +0000 (GMT)
X-NOCS-MailScanner-Information: Please contact the ISP for more information
X-NOCS-MailScanner-ID: q46K10Eq006220
X-NOCS-MailScanner: Found to be clean
X-NOCS-MailScanner-SpamCheck: not spam (whitelisted),
	SpamAssassin (not cached, score=-6.599, required 5,
	autolearn=not spam, BAYES_00 -2.60, RCVD_IN_DNSWL_MED -4.00)
X-NOCS-MailScanner-From: sbdservice@sbd.iridium.com
X-Spam-Status: No

SBM Message
--SBD.Boundary.605592468
PROCESS /noc/users/iridburst/exec/irid_300224010734970_upd.pl
Last Run  ----1970-01-01 00:00:00 
MONTH  5 
DATA  xxrecord 2012-05-01 02:00:05 :: $W5M5A,120501,020005,660d0028449ce246,1,DAS 2,4939.6384N,1300.9256W,16.7,36,23.0,11.8,10.7,83.4,8.0,10.8,83.7,8.1,1005.1,3.29,5.3,15.4,27,48*63
 
STATION sbdservice
IRID_ID 300224010734970
BODY --

From sbdservice@sbd.iridium.com Sun May 6 22:01:00 2012
Return-Path: <sbdservice@sbd.iridium.com>
Received: from istbsp01.sbd.iridium.com (outbound.sbd.iridium.com [12.47.179.11])
	by mercury.noc.soton.ac.uk (8.13.1/8.12.11) with ESMTP id q46L0tNq010768
	for <iridburst@noc.soton.ac.uk>; Sun, 6 May 2012 22:00:55 +0100
Reply-To: <sbdservice@sbd.iridium.com>
From: sbdservice@sbd.iridium.com
To: iridburst@noc.soton.ac.uk
Subject: SBD Msg From Unit: 300224010734970
MIME-Version: 1.0
Content-Type: multipart/mixed;boundary="SBD.Boundary.605592468"
Message-Id: <19740412024625.EDBD6FEBFB2E6291@istbsp01.sbd.iridium.com>
Date: Sun,  6 May 2012 21:00:54 +0000 (GMT)
X-NOCS-MailScanner-Information: Please contact the ISP for more information
X-NOCS-MailScanner-ID: q46L0tNq010768
X-NOCS-MailScanner: Found to be clean
X-NOCS-MailScanner-SpamCheck: not spam (whitelisted),
	SpamAssassin (not cached, score=-6.599, required 5,
	autolearn=not spam, BAYES_00 -2.60, RCVD_IN_DNSWL_MED -4.00)
X-NOCS-MailScanner-From: sbdservice@sbd.iridium.com
X-Spam-Status: No

SBM Message
--SBD.Boundary.605592468
PROCESS /noc/users/iridburst/exec/irid_300224010734970_upd.pl
Last Run  ----1970-01-01 00:00:00 
MONTH  5 
DATA  xxrecord 2012-05-01 02:00:05 :: $W5M5A,120501,020005,660d0028449ce246,1,DAS 2,4939.6384N,1300.9256W,16.7,36,23.0,11.8,10.7,83.4,8.0,10.8,83.7,8.1,1005.1,3.29,5.3,15.4,27,48*63
 
STATION sbdservice
IRID_ID 300224010734970
BODY --

From sbdservice@sbd.iridium.com Sun May 6 23:00:57 2012
Return-Path: <sbdservice@sbd.iridium.com>
Received: from istbsp01.sbd.iridium.com (outbound.sbd.iridium.com [12.47.179.11])
	by mercury.noc.soton.ac.uk (8.13.1/8.12.11) with ESMTP id q46M0rbS015325
	for <iridburst@noc.soton.ac.uk>; Sun, 6 May 2012 23:00:54 +0100
Reply-To: <sbdservice@sbd.iridium.com>
From: sbdservice@sbd.iridium.com
To: iridburst@noc.soton.ac.uk
Subject: SBD Msg From Unit: 300224010734970
MIME-Version: 1.0
Content-Type: multipart/mixed;boundary="SBD.Boundary.605592468"
Message-Id: <19740412024625.005F5DD87B0D9805@istbsp01.sbd.iridium.com>
Date: Sun,  6 May 2012 22:00:53 +0000 (GMT)
X-NOCS-MailScanner-Information: Please contact the ISP for more information
X-NOCS-MailScanner-ID: q46M0rbS015325
X-NOCS-MailScanner: Found to be clean
X-NOCS-MailScanner-SpamCheck: not spam (whitelisted),
	SpamAssassin (not cached, score=-6.599, required 5,
	autolearn=not spam, BAYES_00 -2.60, RCVD_IN_DNSWL_MED -4.00)
X-NOCS-MailScanner-From: sbdservice@sbd.iridium.com
X-Spam-Status: No

SBM Message
--SBD.Boundary.605592468
PROCESS /noc/users/iridburst/exec/irid_300224010734970_upd.pl
Last Run  ----1970-01-01 00:00:00 
MONTH  5 
DATA  xxrecord 2012-05-01 02:00:05 :: $W5M5A,120501,020005,660d0028449ce246,1,DAS 2,4939.6384N,1300.9256W,16.7,36,23.0,11.8,10.7,83.4,8.0,10.8,83.7,8.1,1005.1,3.29,5.3,15.4,27,48*63
 
STATION sbdservice
IRID_ID 300224010734970
BODY --

From sbdservice@sbd.iridium.com Mon May 7 00:01:16 2012
Return-Path: <sbdservice@sbd.iridium.com>
Received: from istbsp01.sbd.iridium.com (outbound.sbd.iridium.com [12.47.179.11])
	by mercury.noc.soton.ac.uk (8.13.1/8.12.11) with ESMTP id q46N19k4020118
	for <iridburst@noc.soton.ac.uk>; Mon, 7 May 2012 00:01:09 +0100
Reply-To: <sbdservice@sbd.iridium.com>
From: sbdservice@sbd.iridium.com
To: iridburst@noc.soton.ac.uk
Subject: SBD Msg From Unit: 300224010734970
MIME-Version: 1.0
Content-Type: multipart/mixed;boundary="SBD.Boundary.605592468"
Message-Id: <19740412024625.C2667DE8FB0CB6A1@istbsp01.sbd.iridium.com>
Date: Sun,  6 May 2012 23:01:08 +0000 (GMT)
X-NOCS-MailScanner-Information: Please contact the ISP for more information
X-NOCS-MailScanner-ID: q46N19k4020118
X-NOCS-MailScanner: Found to be clean
X-NOCS-MailScanner-SpamCheck: not spam (whitelisted),
	SpamAssassin (not cached, score=-6.599, required 5,
	autolearn=not spam, BAYES_00 -2.60, RCVD_IN_DNSWL_MED -4.00)
X-NOCS-MailScanner-From: sbdservice@sbd.iridium.com
X-Spam-Status: No

SBM Message
--SBD.Boundary.605592468
PROCESS /noc/users/iridburst/exec/irid_300224010734970_upd.pl
Last Run  ----1970-01-01 00:00:00 
MONTH  5 
DATA  xxrecord 2012-05-01 02:00:05 :: $W5M5A,120501,020005,660d0028449ce246,1,DAS 2,4939.6384N,1300.9256W,16.7,36,23.0,11.8,10.7,83.4,8.0,10.8,83.7,8.1,1005.1,3.29,5.3,15.4,27,48*63
 
STATION sbdservice
IRID_ID 300224010734970
BODY --

From sbdservice@sbd.iridium.com Mon May 7 01:00:54 2012
Return-Path: <sbdservice@sbd.iridium.com>
Received: from istbsp02.sbd.iridium.com (outbound.sbd.iridium.com [12.47.179.11])
	by mercury.noc.soton.ac.uk (8.13.1/8.12.11) with ESMTP id q4700ouZ024766
	for <iridburst@noc.soton.ac.uk>; Mon, 7 May 2012 01:00:50 +0100
Reply-To: <sbdservice@sbd.iridium.com>
From: sbdservice@sbd.iridium.com
To: iridburst@noc.soton.ac.uk
Subject: SBD Msg From Unit: 300224010734970
MIME-Version: 1.0
Content-Type: multipart/mixed;boundary="SBD.Boundary.605592468"
Message-Id: <19740412024625.3D3B6DEAF371BCF7@istbsp02.sbd.iridium.com>
Date: Mon,  7 May 2012 00:00:50 +0000 (GMT)
X-NOCS-MailScanner-Information: Please contact the ISP for more information
X-NOCS-MailScanner-ID: q4700ouZ024766
X-NOCS-MailScanner: Found to be clean
X-NOCS-MailScanner-SpamCheck: not spam (whitelisted),
	SpamAssassin (not cached, score=-6.599, required 5,
	autolearn=not spam, BAYES_00 -2.60, RCVD_IN_DNSWL_MED -4.00)
X-NOCS-MailScanner-From: sbdservice@sbd.iridium.com
X-Spam-Status: No

SBM Message
--SBD.Boundary.605592468
PROCESS /noc/users/iridburst/exec/irid_300224010734970_upd.pl
Last Run  ----1970-01-01 00:00:00 
MONTH  5 
DATA  xxrecord 2012-05-01 02:00:05 :: $W5M5A,120501,020005,660d0028449ce246,1,DAS 2,4939.6384N,1300.9256W,16.7,36,23.0,11.8,10.7,83.4,8.0,10.8,83.7,8.1,1005.1,3.29,5.3,15.4,27,48*63
 
STATION sbdservice
IRID_ID 300224010734970
BODY --

From sbdservice@sbd.iridium.com Mon May 7 02:02:55 2012
Return-Path: <sbdservice@sbd.iridium.com>
Received: from ixe-mta-29.emailfiltering.com (ixe-mta-29-tx.emailfiltering.com [194.116.199.160])
	by mercury.noc.soton.ac.uk (8.13.1/8.12.11) with ESMTP id q4712p5t029912
	for <iridburst@noc.soton.ac.uk>; Mon, 7 May 2012 02:02:51 +0100
X-CTCH-RefID: str=0001.0A0B020D.4FA71ECC.005A:SCGMA481786,ss=1,fgs=1024
X-Cloudmark-Analysis: v=1.1 cv=M/L063fDDa/hBP3wWf4oYQ//AIuJHHJlH6pHO9PwnPk= c=1 sm=0 a=qTeDA8_pTN8A:10 a=sFjqOyMgm8SnhUXIoa15IA==:17 a=u9xnfjWKuVdO_0CjwbgA:9 a=CjuIK1q_8ugA:10 a=tdbj7r49aTmB91ylPIkA:9 a=ADqXiXMc7YHOvYHy0nAuHA==:117
Received: from outbound.sbd.iridium.com ([12.47.179.11])
	by ixe-mta-29.emailfiltering.com with emfmta (version 4.8.5.86) vanilla id 881499598
	;ca06f7046402f477; Mon, 07 May 2012 02:01:00 +0100
Reply-To: <sbdservice@sbd.iridium.com>
From: sbdservice@sbd.iridium.com
To: iridburst@noc.soton.ac.uk
Subject: SBD Msg From Unit: 300224010734970
MIME-Version: 1.0
Content-Type: multipart/mixed;boundary="SBD.Boundary.605592468"
Message-Id: <19740412024625.3FFF5CFB7F41089F@istbsp02.sbd.iridium.com>
Date: Mon,  7 May 2012 01:00:58 +0000 (GMT)
X-NOCS-MailScanner-Information: Please contact the ISP for more information
X-NOCS-MailScanner-ID: q4712p5t029912
X-NOCS-MailScanner: Found to be clean
X-NOCS-MailScanner-SpamCheck: not spam (whitelisted),
	SpamAssassin (not cached, score=-3.599, required 5,
	autolearn=not spam, BAYES_00 -2.60, RCVD_IN_DNSWL_LOW -1.00)
X-NOCS-MailScanner-From: sbdservice@sbd.iridium.com
X-Spam-Status: No

SBM Message
--SBD.Boundary.605592468
PROCESS /noc/users/iridburst/exec/irid_300224010734970_upd.pl
Last Run  ----1970-01-01 00:00:00 
MONTH  5 
DATA  xxrecord 2012-05-01 02:00:05 :: $W5M5A,120501,020005,660d0028449ce246,1,DAS 2,4939.6384N,1300.9256W,16.7,36,23.0,11.8,10.7,83.4,8.0,10.8,83.7,8.1,1005.1,3.29,5.3,15.4,27,48*63
 
STATION sbdservice
IRID_ID 300224010734970
BODY --

From sbdservice@sbd.iridium.com Mon May 7 03:01:00 2012
Return-Path: <sbdservice@sbd.iridium.com>
Received: from istbsp02.sbd.iridium.com (outbound.sbd.iridium.com [12.47.179.11])
	by mercury.noc.soton.ac.uk (8.13.1/8.12.11) with ESMTP id q4720uP5002436
	for <iridburst@noc.soton.ac.uk>; Mon, 7 May 2012 03:00:56 +0100
Reply-To: <sbdservice@sbd.iridium.com>
From: sbdservice@sbd.iridium.com
To: iridburst@noc.soton.ac.uk
Subject: SBD Msg From Unit: 300224010734970
MIME-Version: 1.0
Content-Type: multipart/mixed;boundary="SBD.Boundary.605592468"
Message-Id: <19740412024625.6E816DE93B60049C@istbsp02.sbd.iridium.com>
Date: Mon,  7 May 2012 02:00:55 +0000 (GMT)
X-NOCS-MailScanner-Information: Please contact the ISP for more information
X-NOCS-MailScanner-ID: q4720uP5002436
X-NOCS-MailScanner: Found to be clean
X-NOCS-MailScanner-SpamCheck: not spam (whitelisted),
	SpamAssassin (not cached, score=-6.599, required 5,
	autolearn=not spam, BAYES_00 -2.60, RCVD_IN_DNSWL_MED -4.00)
X-NOCS-MailScanner-From: sbdservice@sbd.iridium.com
X-Spam-Status: No

SBM Message
--SBD.Boundary.605592468
PROCESS /noc/users/iridburst/exec/irid_300224010734970_upd.pl
Last Run  ----1970-01-01 00:00:00 
MONTH  5 
DATA  xxrecord 2012-05-01 02:00:05 :: $W5M5A,120501,020005,660d0028449ce246,1,DAS 2,4939.6384N,1300.9256W,16.7,36,23.0,11.8,10.7,83.4,8.0,10.8,83.7,8.1,1005.1,3.29,5.3,15.4,27,48*63
 
STATION sbdservice
IRID_ID 300224010734970
BODY --

From sbdservice@sbd.iridium.com Mon May 7 04:00:58 2012
Return-Path: <sbdservice@sbd.iridium.com>
Received: from istbsp01.sbd.iridium.com (outbound.sbd.iridium.com [12.47.179.11])
	by mercury.noc.soton.ac.uk (8.13.1/8.12.11) with ESMTP id q4730rut007418
	for <iridburst@noc.soton.ac.uk>; Mon, 7 May 2012 04:00:53 +0100
Reply-To: <sbdservice@sbd.iridium.com>
From: sbdservice@sbd.iridium.com
To: iridburst@noc.soton.ac.uk
Subject: SBD Msg From Unit: 300224010734970
MIME-Version: 1.0
Content-Type: multipart/mixed;boundary="SBD.Boundary.605592468"
Message-Id: <19740412024625.2F835EFAB31FD814@istbsp01.sbd.iridium.com>
Date: Mon,  7 May 2012 03:00:52 +0000 (GMT)
X-NOCS-MailScanner-Information: Please contact the ISP for more information
X-NOCS-MailScanner-ID: q4730rut007418
X-NOCS-MailScanner: Found to be clean
X-NOCS-MailScanner-SpamCheck: not spam (whitelisted),
	SpamAssassin (not cached, score=-6.599, required 5,
	autolearn=not spam, BAYES_00 -2.60, RCVD_IN_DNSWL_MED -4.00)
X-NOCS-MailScanner-From: sbdservice@sbd.iridium.com
X-Spam-Status: No

SBM Message
--SBD.Boundary.605592468
PROCESS /noc/users/iridburst/exec/irid_300224010734970_upd.pl
Last Run  ----1970-01-01 00:00:00 
MONTH  5 
DATA  xxrecord 2012-05-01 02:00:05 :: $W5M5A,120501,020005,660d0028449ce246,1,DAS 2,4939.6384N,1300.9256W,16.7,36,23.0,11.8,10.7,83.4,8.0,10.8,83.7,8.1,1005.1,3.29,5.3,15.4,27,48*63
 
STATION sbdservice
IRID_ID 300224010734970
BODY --

From sbdservice@sbd.iridium.com Mon May 7 05:00:52 2012
Return-Path: <sbdservice@sbd.iridium.com>
Received: from istbsp02.sbd.iridium.com (outbound.sbd.iridium.com [12.47.179.11])
	by mercury.noc.soton.ac.uk (8.13.1/8.12.11) with ESMTP id q4740m0d012835
	for <iridburst@noc.soton.ac.uk>; Mon, 7 May 2012 05:00:48 +0100
Reply-To: <sbdservice@sbd.iridium.com>
From: sbdservice@sbd.iridium.com
To: iridburst@noc.soton.ac.uk
Subject: SBD Msg From Unit: 300224010734970
MIME-Version: 1.0
Content-Type: multipart/mixed;boundary="SBD.Boundary.605592468"
Message-Id: <19740412024625.81D17DF8F360BC27@istbsp02.sbd.iridium.com>
Date: Mon,  7 May 2012 04:00:47 +0000 (GMT)
X-NOCS-MailScanner-Information: Please contact the ISP for more information
X-NOCS-MailScanner-ID: q4740m0d012835
X-NOCS-MailScanner: Found to be clean
X-NOCS-MailScanner-SpamCheck: not spam (whitelisted),
	SpamAssassin (not cached, score=-6.599, required 5,
	autolearn=not spam, BAYES_00 -2.60, RCVD_IN_DNSWL_MED -4.00)
X-NOCS-MailScanner-From: sbdservice@sbd.iridium.com
X-Spam-Status: No

SBM Message
--SBD.Boundary.605592468
PROCESS /noc/users/iridburst/exec/irid_300224010734970_upd.pl
Last Run  ----1970-01-01 00:00:00 
MONTH  5 
DATA  xxrecord 2012-05-01 02:00:05 :: $W5M5A,120501,020005,660d0028449ce246,1,DAS 2,4939.6384N,1300.9256W,16.7,36,23.0,11.8,10.7,83.4,8.0,10.8,83.7,8.1,1005.1,3.29,5.3,15.4,27,48*63
 
STATION sbdservice
IRID_ID 300224010734970
BODY --

From sbdservice@sbd.iridium.com Mon May 7 06:01:07 2012
Return-Path: <sbdservice@sbd.iridium.com>
Received: from istbsp02.sbd.iridium.com (outbound.sbd.iridium.com [12.47.179.11])
	by mercury.noc.soton.ac.uk (8.13.1/8.12.11) with ESMTP id q47513I1017587
	for <iridburst@noc.soton.ac.uk>; Mon, 7 May 2012 06:01:03 +0100
Reply-To: <sbdservice@sbd.iridium.com>
From: sbdservice@sbd.iridium.com
To: iridburst@noc.soton.ac.uk
Subject: SBD Msg From Unit: 300224010734970
MIME-Version: 1.0
Content-Type: multipart/mixed;boundary="SBD.Boundary.605592468"
Message-Id: <19740412024625.0CBD4CEB3B7063D5@istbsp02.sbd.iridium.com>
Date: Mon,  7 May 2012 05:01:02 +0000 (GMT)
X-NOCS-MailScanner-Information: Please contact the ISP for more information
X-NOCS-MailScanner-ID: q47513I1017587
X-NOCS-MailScanner: Found to be clean
X-NOCS-MailScanner-SpamCheck: not spam (whitelisted),
	SpamAssassin (not cached, score=-6.599, required 5,
	autolearn=not spam, BAYES_00 -2.60, RCVD_IN_DNSWL_MED -4.00)
X-NOCS-MailScanner-From: sbdservice@sbd.iridium.com
X-Spam-Status: No

SBM Message
--SBD.Boundary.605592468
PROCESS /noc/users/iridburst/exec/irid_300224010734970_upd.pl
Last Run  ----1970-01-01 00:00:00 
MONTH  5 
DATA  xxrecord 2012-05-01 02:00:05 :: $W5M5A,120501,020005,660d0028449ce246,1,DAS 2,4939.6384N,1300.9256W,16.7,36,23.0,11.8,10.7,83.4,8.0,10.8,83.7,8.1,1005.1,3.29,5.3,15.4,27,48*63
 
STATION sbdservice
IRID_ID 300224010734970
BODY --

From sbdservice@sbd.iridium.com Mon May 7 07:00:59 2012
Return-Path: <sbdservice@sbd.iridium.com>
Received: from istbsp02.sbd.iridium.com (outbound.sbd.iridium.com [12.47.179.11])
	by mercury.noc.soton.ac.uk (8.13.1/8.12.11) with ESMTP id q4760txs024762
	for <iridburst@noc.soton.ac.uk>; Mon, 7 May 2012 07:00:56 +0100
Reply-To: <sbdservice@sbd.iridium.com>
From: sbdservice@sbd.iridium.com
To: iridburst@noc.soton.ac.uk
Subject: SBD Msg From Unit: 300224010734970
MIME-Version: 1.0
Content-Type: multipart/mixed;boundary="SBD.Boundary.605592468"
Message-Id: <19740412024625.D9325CDBFB52067E@istbsp02.sbd.iridium.com>
Date: Mon,  7 May 2012 06:00:55 +0000 (GMT)
X-NOCS-MailScanner-Information: Please contact the ISP for more information
X-NOCS-MailScanner-ID: q4760txs024762
X-NOCS-MailScanner: Found to be clean
X-NOCS-MailScanner-SpamCheck: not spam (whitelisted),
	SpamAssassin (not cached, score=-6.599, required 5,
	autolearn=not spam, BAYES_00 -2.60, RCVD_IN_DNSWL_MED -4.00)
X-NOCS-MailScanner-From: sbdservice@sbd.iridium.com
X-Spam-Status: No

SBM Message
--SBD.Boundary.605592468
PROCESS /noc/users/iridburst/exec/irid_300224010734970_upd.pl
Last Run  ----1970-01-01 00:00:00 
MONTH  5 
DATA  xxrecord 2012-05-01 02:00:05 :: $W5M5A,120501,020005,660d0028449ce246,1,DAS 2,4939.6384N,1300.9256W,16.7,36,23.0,11.8,10.7,83.4,8.0,10.8,83.7,8.1,1005.1,3.29,5.3,15.4,27,48*63
 
STATION sbdservice
IRID_ID 300224010734970
BODY --

From sbdservice@sbd.iridium.com Mon May 7 08:01:02 2012
Return-Path: <sbdservice@sbd.iridium.com>
Received: from istbsp02.sbd.iridium.com (outbound.sbd.iridium.com [12.47.179.11])
	by mercury.noc.soton.ac.uk (8.13.1/8.12.11) with ESMTP id q4770wi8029904
	for <iridburst@noc.soton.ac.uk>; Mon, 7 May 2012 08:00:58 +0100
Reply-To: <sbdservice@sbd.iridium.com>
From: sbdservice@sbd.iridium.com
To: iridburst@noc.soton.ac.uk
Subject: SBD Msg From Unit: 300224010734970
MIME-Version: 1.0
Content-Type: multipart/mixed;boundary="SBD.Boundary.605592468"
Message-Id: <19740412024625.FD634CFA7B625E28@istbsp02.sbd.iridium.com>
Date: Mon,  7 May 2012 07:00:57 +0000 (GMT)
X-NOCS-MailScanner-Information: Please contact the ISP for more information
X-NOCS-MailScanner-ID: q4770wi8029904
X-NOCS-MailScanner: Found to be clean
X-NOCS-MailScanner-SpamCheck: not spam (whitelisted),
	SpamAssassin (not cached, score=-6.599, required 5,
	autolearn=not spam, BAYES_00 -2.60, RCVD_IN_DNSWL_MED -4.00)
X-NOCS-MailScanner-From: sbdservice@sbd.iridium.com
X-Spam-Status: No

SBM Message
--SBD.Boundary.605592468
PROCESS /noc/users/iridburst/exec/irid_300224010734970_upd.pl
Last Run  ----1970-01-01 00:00:00 
MONTH  5 
DATA  xxrecord 2012-05-01 02:00:05 :: $W5M5A,120501,020005,660d0028449ce246,1,DAS 2,4939.6384N,1300.9256W,16.7,36,23.0,11.8,10.7,83.4,8.0,10.8,83.7,8.1,1005.1,3.29,5.3,15.4,27,48*63
 
STATION sbdservice
IRID_ID 300224010734970
BODY --

From sbdservice@sbd.iridium.com Mon May 7 09:01:02 2012
Return-Path: <sbdservice@sbd.iridium.com>
Received: from istbsp01.sbd.iridium.com (outbound.sbd.iridium.com [12.47.179.11])
	by mercury.noc.soton.ac.uk (8.13.1/8.12.11) with ESMTP id q4780w3Y007163
	for <iridburst@noc.soton.ac.uk>; Mon, 7 May 2012 09:00:58 +0100
Reply-To: <sbdservice@sbd.iridium.com>
From: sbdservice@sbd.iridium.com
To: iridburst@noc.soton.ac.uk
Subject: SBD Msg From Unit: 300224010734970
MIME-Version: 1.0
Content-Type: multipart/mixed;boundary="SBD.Boundary.605592468"
Message-Id: <19740412024625.54DF4CEA3B2E9AAC@istbsp01.sbd.iridium.com>
Date: Mon,  7 May 2012 08:00:57 +0000 (GMT)
X-NOCS-MailScanner-Information: Please contact the ISP for more information
X-NOCS-MailScanner-ID: q4780w3Y007163
X-NOCS-MailScanner: Found to be clean
X-NOCS-MailScanner-SpamCheck: not spam (whitelisted),
	SpamAssassin (not cached, score=-6.599, required 5,
	autolearn=not spam, BAYES_00 -2.60, RCVD_IN_DNSWL_MED -4.00)
X-NOCS-MailScanner-From: sbdservice@sbd.iridium.com
X-Spam-Status: No

SBM Message
--SBD.Boundary.605592468
PROCESS /noc/users/iridburst/exec/irid_300224010734970_upd.pl
Last Run  ----1970-01-01 00:00:00 
MONTH  5 
DATA  xxrecord 2012-05-01 02:00:05 :: $W5M5A,120501,020005,660d0028449ce246,1,DAS 2,4939.6384N,1300.9256W,16.7,36,23.0,11.8,10.7,83.4,8.0,10.8,83.7,8.1,1005.1,3.29,5.3,15.4,27,48*63
 
STATION sbdservice
IRID_ID 300224010734970
BODY --

From sbdservice@sbd.iridium.com Mon May 7 10:00:57 2012
Return-Path: <sbdservice@sbd.iridium.com>
Received: from istbsp02.sbd.iridium.com (outbound.sbd.iridium.com [12.47.179.11])
	by mercury.noc.soton.ac.uk (8.13.1/8.12.11) with ESMTP id q4790rxw014002
	for <iridburst@noc.soton.ac.uk>; Mon, 7 May 2012 10:00:53 +0100
Reply-To: <sbdservice@sbd.iridium.com>
From: sbdservice@sbd.iridium.com
To: iridburst@noc.soton.ac.uk
Subject: SBD Msg From Unit: 300224010734970
MIME-Version: 1.0
Content-Type: multipart/mixed;boundary="SBD.Boundary.605592468"
Message-Id: <19740412024625.06B27DFB3342C29C@istbsp02.sbd.iridium.com>
Date: Mon,  7 May 2012 09:00:53 +0000 (GMT)
X-NOCS-MailScanner-Information: Please contact the ISP for more information
X-NOCS-MailScanner-ID: q4790rxw014002
X-NOCS-MailScanner: Found to be clean
X-NOCS-MailScanner-SpamCheck: not spam (whitelisted),
	SpamAssassin (not cached, score=-6.599, required 5,
	autolearn=not spam, BAYES_00 -2.60, RCVD_IN_DNSWL_MED -4.00)
X-NOCS-MailScanner-From: sbdservice@sbd.iridium.com
X-Spam-Status: No

SBM Message
--SBD.Boundary.605592468
PROCESS /noc/users/iridburst/exec/irid_300224010734970_upd.pl
Last Run  ----1970-01-01 00:00:00 
MONTH  5 
DATA  xxrecord 2012-05-01 02:00:05 :: $W5M5A,120501,020005,660d0028449ce246,1,DAS 2,4939.6384N,1300.9256W,16.7,36,23.0,11.8,10.7,83.4,8.0,10.8,83.7,8.1,1005.1,3.29,5.3,15.4,27,48*63
 
STATION sbdservice
IRID_ID 300224010734970
BODY --

From sbdservice@sbd.iridium.com Mon May 7 11:00:52 2012
Return-Path: <sbdservice@sbd.iridium.com>
Received: from istbsp02.sbd.iridium.com (outbound.sbd.iridium.com [12.47.179.11])
	by mercury.noc.soton.ac.uk (8.13.1/8.12.11) with ESMTP id q47A0l65021126
	for <iridburst@noc.soton.ac.uk>; Mon, 7 May 2012 11:00:48 +0100
Reply-To: <sbdservice@sbd.iridium.com>
From: sbdservice@sbd.iridium.com
To: iridburst@noc.soton.ac.uk
Subject: SBD Msg From Unit: 300224010734970
MIME-Version: 1.0
Content-Type: multipart/mixed;boundary="SBD.Boundary.605592468"
Message-Id: <19740412024625.580A5EDAF3537EAB@istbsp02.sbd.iridium.com>
Date: Mon,  7 May 2012 10:00:47 +0000 (GMT)
X-NOCS-MailScanner-Information: Please contact the ISP for more information
X-NOCS-MailScanner-ID: q47A0l65021126
X-NOCS-MailScanner: Found to be clean
X-NOCS-MailScanner-SpamCheck: not spam (whitelisted),
	SpamAssassin (not cached, score=-6.599, required 5,
	autolearn=not spam, BAYES_00 -2.60, RCVD_IN_DNSWL_MED -4.00)
X-NOCS-MailScanner-From: sbdservice@sbd.iridium.com
X-Spam-Status: No

SBM Message
--SBD.Boundary.605592468
PROCESS /noc/users/iridburst/exec/irid_300224010734970_upd.pl
Last Run  ----1970-01-01 00:00:00 
MONTH  5 
DATA  xxrecord 2012-05-01 02:00:05 :: $W5M5A,120501,020005,660d0028449ce246,1,DAS 2,4939.6384N,1300.9256W,16.7,36,23.0,11.8,10.7,83.4,8.0,10.8,83.7,8.1,1005.1,3.29,5.3,15.4,27,48*63
 
STATION sbdservice
IRID_ID 300224010734970
BODY --

From sbdservice@sbd.iridium.com Mon May 7 12:00:59 2012
Return-Path: <sbdservice@sbd.iridium.com>
Received: from istbsp02.sbd.iridium.com (outbound.sbd.iridium.com [12.47.179.11])
	by mercury.noc.soton.ac.uk (8.13.1/8.12.11) with ESMTP id q47B0urL028037
	for <iridburst@noc.soton.ac.uk>; Mon, 7 May 2012 12:00:56 +0100
Reply-To: <sbdservice@sbd.iridium.com>
From: sbdservice@sbd.iridium.com
To: iridburst@noc.soton.ac.uk
Subject: SBD Msg From Unit: 300224010734970
MIME-Version: 1.0
Content-Type: multipart/mixed;boundary="SBD.Boundary.605592468"
Message-Id: <19740412024625.89794EEBB3728044@istbsp02.sbd.iridium.com>
Date: Mon,  7 May 2012 11:00:55 +0000 (GMT)
X-NOCS-MailScanner-Information: Please contact the ISP for more information
X-NOCS-MailScanner-ID: q47B0urL028037
X-NOCS-MailScanner: Found to be clean
X-NOCS-MailScanner-SpamCheck: not spam (whitelisted),
	SpamAssassin (not cached, score=-6.599, required 5,
	autolearn=not spam, BAYES_00 -2.60, RCVD_IN_DNSWL_MED -4.00)
X-NOCS-MailScanner-From: sbdservice@sbd.iridium.com
X-Spam-Status: No

SBM Message
--SBD.Boundary.605592468
PROCESS /noc/users/iridburst/exec/irid_300224010734970_upd.pl
Last Run  ----1970-01-01 00:00:00 
MONTH  5 
DATA  xxrecord 2012-05-01 02:00:05 :: $W5M5A,120501,020005,660d0028449ce246,1,DAS 2,4939.6384N,1300.9256W,16.7,36,23.0,11.8,10.7,83.4,8.0,10.8,83.7,8.1,1005.1,3.29,5.3,15.4,27,48*63
 
STATION sbdservice
IRID_ID 300224010734970
BODY --

From sbdservice@sbd.iridium.com Mon May 7 13:01:08 2012
Return-Path: <sbdservice@sbd.iridium.com>
Received: from istbsp01.sbd.iridium.com (outbound.sbd.iridium.com [12.47.179.11])
	by mercury.noc.soton.ac.uk (8.13.1/8.12.11) with ESMTP id q47C12Co001710
	for <iridburst@noc.soton.ac.uk>; Mon, 7 May 2012 13:01:03 +0100
Reply-To: <sbdservice@sbd.iridium.com>
From: sbdservice@sbd.iridium.com
To: iridburst@noc.soton.ac.uk
Subject: SBD Msg From Unit: 300224010734970
MIME-Version: 1.0
Content-Type: multipart/mixed;boundary="SBD.Boundary.605592468"
Message-Id: <19740412024625.57B45CF93F3CB5BD@istbsp01.sbd.iridium.com>
Date: Mon,  7 May 2012 12:01:02 +0000 (GMT)
X-NOCS-MailScanner-Information: Please contact the ISP for more information
X-NOCS-MailScanner-ID: q47C12Co001710
X-NOCS-MailScanner: Found to be clean
X-NOCS-MailScanner-SpamCheck: not spam (whitelisted),
	SpamAssassin (not cached, score=-6.599, required 5,
	autolearn=not spam, BAYES_00 -2.60, RCVD_IN_DNSWL_MED -4.00)
X-NOCS-MailScanner-From: sbdservice@sbd.iridium.com
X-Spam-Status: No

SBM Message
--SBD.Boundary.605592468
PROCESS /noc/users/iridburst/exec/irid_300224010734970_upd.pl
Last Run  ----1970-01-01 00:00:00 
MONTH  5 
DATA  xxrecord 2012-05-01 02:00:05 :: $W5M5A,120501,020005,660d0028449ce246,1,DAS 2,4939.6384N,1300.9256W,16.7,36,23.0,11.8,10.7,83.4,8.0,10.8,83.7,8.1,1005.1,3.29,5.3,15.4,27,48*63
 
STATION sbdservice
IRID_ID 300224010734970
BODY 
Content-Type: text/plain;charset=US-ASCII
Content-Disposition: inline
Content-Transfer-Encoding: 7bit

MOMSN: 3119
MTMSN: 0
Time of Session (UTC): Mon May  7 12:04:02 2012
Session Status: 13 - Incomplete Transfer
Message Size (bytes): 0

Unit Location: Lat = 49.009277 Long = -16.290818
CEPradius = 5



-- 
This message has been scanned for viruses and
dangerous content by MailScanner, and is
believed to be clean.


--SBD.Boundary.605592468
PROCESS /noc/users/iridburst/exec/irid_300224010734970_upd.pl
Last Run  ----1970-01-01 00:00:00 
MONTH  5 
DATA  xxrecord 2012-05-01 02:00:05 :: $W5M5A,120501,020005,660d0028449ce246,1,DAS 2,4939.6384N,1300.9256W,16.7,36,23.0,11.8,10.7,83.4,8.0,10.8,83.7,8.1,1005.1,3.29,5.3,15.4,27,48*63
 
STATION sbdservice
IRID_ID 300224010734970
BODY 
Content-Type: application/x-zip-compressed; name="SBMmessage.sbd"
Content-Disposition: attachment; filename="300224010734970_003119.sbd"
Content-Transfer-Encoding: base64

JFc1TTVBLDEyMDUwNywxMjAwMDUsNjYwZDAwMjg0NDljZTI0NiwxLERBUyAy
LDQ5MDEuMDAxME4sMTYyMS4xNjQxVywxNi42LDI4NiwyMC4xLDE0LjEsMTEu
MSw3Mi4xLDYuMiwxMS4xLDcyLjUsNi40LDEwMDcuMywyLjExLDMuNSw2Ljks
MzM2LDM1KjVFDQoNCiRXNU01QSwxMjA1MDcsMTIwMDA1LDY2MGQwMDI4NDQ5
Y2UyNDYsMixEQVMgMiwxMy43LDEzLjksMC4yLDAuNCwwLjAxLDgyNCw4MzAs
MTU2LDYyNywwLDEzNS41LDE1LjA1LDkyNSo2NQ0KDQokVzVNNUEsMTIwNTA3
LDEyMDAwNSw2NjBkMDAyODQ0OWNlMjQ2LDMsN0YwMDc1MDIzQTAwMDA1MzMy
MzAzMTMyMzAzNTMwMzczMTMxMzQzMDMwMzA1NTVCMDAzMTMyMzAzNTMwMzcz
MTMxMzQzMDJDNTQ0MTQyMzAzMDMwMzAzMDJDMkQzMDM1MzEyRTMxMkMyQzMx
MzMyRTMyMzUyQzM0MkUzMDJDMzMzNjMwMzAyQzM2MzAyQzM2MzAyQzMxMkMz
MDMwMzUzNzMwMkMzMzJFMzQzMjJDMzEyRTMyMzYyQzMyMzQzMjJDMzAyQzMw
MkUzMTM2MzYyQzJCMzAzMDJFMzAwRDBBRUMxMEU5MUMzMDdDN0YwMDY3MDIz
QTAwMDA1NzMyMzAzMTMyMzAzNTMwMzczMTMxMzQzMDMwMzBGRjREMDAwMDgw
RkI0NDAwODBGRDQzMDBBOERFNDcwMDAwMEI0MzBFRUFBQjNGRUExQkI4NDA1
QzE2NjA0MDJCMDUwNzQwQkE5M0RENDA4QTA0MkU0MDFCNzlEODQwMERDOUIy
NDA4RUIwREM0MEMyRjREQjQwOUQ1MzBBNDA3QUMxQTc0MzE3N0IwQjQyMzEw
NzUwM0M1NTFENkE4NUIyMzc3RjAyQUUwMjNBMDAwMDRCNTY0ODIwMzczMjMw
MzEzMjMwMzUzMDM3MzEzMTM0MzAzMDMwMzUwMDAwMDAwQUQ3QTMzRDBBRDdB
MzNCN0JDMUE3NDMxNjdCMEI0MkIwRUI4QjQwMjAzQjJFNDI2NDExQjM0M0VC
NEMwNzQyMDgyNEIzNDNBODRGRDY0MTgwRURCMzQzNzY4MkQ2NDE2RkUzQjI0
MzlGMjBGMTQxREMyN0IyNDM2M0I4MEM0MjZDQThCMzQzMkU2Q0YwNDFCMDNC
QjM0MzVDQUVFNDQxNzIzOUIyNDNEQTFBRkU0MUI0RDJBRTQzMENBQjA2NDJF
QTRCQUM0MzAyMDlGMTQxQjZDOUFBNDMyQzQwRDY0MTkzNDVBOTQzNzE5RkNB
NDFCOUNGQTk0M0Q3RDRCODQxMjg1OUFBNDMzMjY1QkI0MUM5MDZBQjQzNkRG
MkRFNDFCMjVDQUQ0M0Y3ODFFQzQxRDJGOUFCNDNBOUE0MDE0MjYwM0JBODQz
RkVDNDA1NDI5QzA0QTk0Mzc2NEQxMjQyNTFDMEFCNDM2QjAyMUQ0MkJCRjZB
NzQzNTlBQzE1NDJFMkVFQTQ0MzA3MkEwRDQyQzU0NkEzNDM5NUREMTQ0MkFE
NzFBMDQzNjRDMjI3NDI4RTdDQTE0M0M0QjEzNTQyMjhEREEzNDMwNjIwM0I0
MjU1MDVBMDQzMTU1MTQwNDIwQzQ5OUU0Mzc0NjEzMDQyNzI0OUEwNDNEMkQz
Mjk0MjcyMzhBMDQzRjY4RjJGNDI4QUQ2OUM0MzUxNjAzRTQyREJGQzk3NDND
NUQxNTA0MkI5NTk5OTQzREM4QTYxNDI3RkQxOUI0MzZBNDk2MDQyOEZDQzlC
NDNGOEM2NTY0MjRFMEM5RjQzNzkyRDY2NDJBOTAyOTY0M0E3QzQ3QTQyREMx
MTk1NDNGMDQyNkE0MjRDMzY5QjQzMUUzQTc5NDJDRjAxOEU0M0FCMkY4NjQy
NThDNTgzNDNFNTI4ODM0MjREODU4NTQzMkUzMjg2NDIwOEVCODM0M0VCRDA4
MjQyRjYxRTg4NDNBM0ZBODk0MjZDOUU4ODQzQ0ZENzkwNDI3RDNEODA0MzUw
MUM5MTQyNzQ2NTc2NDMwRTlBOTA0MjhCNTA4OTQzRjBGOTkxNDIzMjUyQTE0
M0NERUQ5NDQyNUE5NkExNDM0Mjk3OUQ0MkZEQkI0NjQzRUQ2Mjk4NDJEQjFC
NDM0M0EwMTQ5NzQyQzVCRUE0M0UzMEJFMTkzRkFDQjY3QjNGOUUwQ0M3M0Y4
Q0VCNzAzRkNEQTcxMjNGMUIyNzUwM0Y3OEQzMDQ0MEVDMkI5RjNGNzc0NDhB
M0YyMDM0MDA0MDdEMjQ4ODQwQ0UxMjdBNDA1MjEyQkM0MEFBREJCMDQwRERE
NjE3NDA5MTdGRkQzRjJBQjdEMjNGQUMyNEM5M0ZDRkI5M0MzRkQzMUUyNjNG
MkU5QzY0M0YzNDc0NUEzRjAwMkUyNjNGNzRGRjBBM0ZDOEUwM0IzRjcyNkQ0
RjNGRjczNzRFM0ZDNEY2N0UzRjU2ODU2MTNGQkIyQzI5M0Y2QkM2MzYzRjY2
QzkzOTNGQTI5RTFGM0YwQUM2NEYzRjcxMQ==

--SBD.Boundary.605592468
PROCESS /noc/users/iridburst/exec/irid_300224010734970_upd.pl
Last Run  ----1970-01-01 00:00:00 
MONTH  5 
DATA  xxrecord 2012-05-07 12:00:05 :: $W5M5A,120507,120005,660d0028449ce246,1,DAS 2,4901.0010N,1621.1641W,16.6,286,20.1,14.1,11.1,72.1,6.2,11.1,72.5,6.4,1007.3,2.11,3.5,6.9,336,35*5E
 
INSERT
STATION sbdservice
IRID_ID 300224010734970
BODY 
Content-Type: application/x-zip-compressed; name="SBMmessage.sbd"
Content-Disposition: attachment; filename="300224010734970_003120.sbd"
Content-Transfer-Encoding: base64

JFc1TTVBLDEyMDUwNywxMzAwMDUsNjYwZDAwMjg0NDljZTI0NiwxLERBUyAy
LDQ5MDEuMDAyMk4sMTYyMS4wMzY1VywxNy42LDI4OCwyMS43LDE0LjEsMTEu
Miw3MC45LDYuMiwxMS4zLDcxLjYsNi40LDEwMDcuNSwyLjAyLDIuOTcsNy43
LDMzNywzMyo2OQ0KDQokVzVNNUEsMTIwNTA3LDEzMDAwNSw2NjBkMDAyODQ0
OWNlMjQ2LDIsREFTIDIsMTMuNywxMy45LDAuMiwwLjQsMC4wMSw4MjUsODMx
LDE1Niw2MjgsMCwxNTMuNCwxNS4wNSw5MjQqNkINCg0KJFc1TTVBLDEyMDUw
NywxMzAwMDUsNjYwZDAwMjg0NDljZTI0NiwzLDdGMDA3NTAyM0EwMDAwNTMz
MjMwMzEzMjMwMzUzMDM3MzEzMjM0MzAzMDMwNTU1QjAwMzEzMjMwMzUzMDM3
MzEzMjM0MzAyQzU0NDE0MjMwMzAzMDMwMzAyQzJEMzAzNTMxMkUzMTJDMkMz
MTMzMkUzMjM1MkMzNDJFMzAyQzMzMzYzMDMwMkMzNjMwMkMzNjMwMkMzMTJD
MzAzMDM1MzczMDJDMzMyRTM0MzIyQzMxMkUzMjM2MkMzMjM0MzMyQzMwMkMz
MDJFMzEzNjM3MkMyQjMwMzAyRTMwMEQwQUVGMTBEODY1RTlCNTdGMDA2NzAy
M0EwMDAwNTczMjMwMzEzMjMwMzUzMDM3MzEzMjM0MzAzMDMwRkY0RDAwMDA4
MEZCNDQwMDgwRkQ0MzAwMzBGMjQ3MDAwMDBDNDNBMEY2QTgzRjJGNUJCNzQw
MDRDRjNENDA0MjRDMDE0MDMxRkNFOTQwRTM2NjFCNDAyNUIwRjY0MEQ3MjRC
NzQwNjMyN0Y2NDBBMzVDRUM0MDkzOTYwODQwMERCN0E4NDMwQzhDMDU0MjBF
RDQ0NTNDRTQxREREOEZDNDgzN0YwMkFFMDIzQTAwMDA0QjU2NDgyMDM3MzIz
MDMxMzIzMDM1MzAzNzMxMzIzNDMwMzAzMDM1MDAwMDAwOTk5OTk5M0QwQUQ3
QTMzQjBFQjdBODQzMEI4QzA1NDI2OUY2OUQ0MzA1NDQ2QTQyOTgxQ0E3NDMy
QkYyNTM0MjI1MDVCMTQzMEVEMDNBNDI1NjAwQjM0Mzg1MkUxNDQyMEMxMUIz
NDM1MThFRjU0MURDNzhCMzQzRDA3QUVGNDEyQzhEQjM0MzVDRDgwNDQyRTRE
QkIyNDM3OERFMDQ0MjJGNENCMTQzRTRBNEVFNDFGNTZDQUQ0M0E5RkNEQzQx
RTQzN0FBNDNFN0Y3RDg0MUU3M0VBQTQzMDQ0M0Q5NDEyMEVEQUE0Mzg4MThD
RjQxMzc4QkE4NDNBQjY4QTQ0MUY5NjhBNzQzN0IwNTlCNDE1RUEwQUE0MzRD
N0VGODQxM0RGRUFENDM0OUJEMTY0MjVEMENBOTQzNEFGQzA3NDJDODIzQTU0
MzE5QTRFRjQxOUYyRkE0NDM5MjhFRjg0MTc5MjRBNjQzNDAzNTBENDIyMjA1
QTY0M0NFQTgwOTQyMDNGNEEzNDM4NzJCRTA0MTA2MjBBNDQzNTlDOEVGNDFF
MzU4QTQ0MzdDMEMxMDQyQkMxNEE0NDNCMUEyMTg0MjExRTdBMjQzNDI5NjA3
NDIxQzM3QTI0M0UyODUwMjQyM0JENkExNDM4QTU3MTI0MkVDN0Y5RjQzOUNG
RjIwNDJGRTM3OUU0MzBBQkYyMjQyREM0NDlFNDNGNDc1MkY0MkE3MjY5RDQz
RTIwQzQzNDI3NTUyOUY0M0M1N0U0QjQyRDkyRUExNDMzN0U1NEE0MjJDQTU5
QzQzQjA3MjUxNDJGNTJGQTA0MzBFQTM1QTQyQzIwREFCNDNGMDkxNEE0MjI5
ODBBRDQzQjlGRDU2NDIyREREQUM0M0QzRjQ2NjQyODc3REFFNDNGQUY2N0E0
MjQ0OTBBQTQzOERGNThBNDI5RTJDOTM0M0E0ODM4ODQyNjYzNjkyNDMyODlF
ODA0MkNCOTg5RTQzOTAxMjgzNDI0RkM2OTY0MzY4NkY4ODQyRDNCRTgwNDMx
QjU5ODU0MkI2MzE3QjQzRDEyMThGNDIxNjhFREM0MEM2RDg4RTQyRjc4QjM1
NDFBMTg0ODU0MkFDNUE3QTQwRjEyRThBNDIzODhBNDk0MEJENDY4QzQyOEQ1
NTlENDFBMzc4OEU0MjY3NDQyNjNFMTIwRDQxM0VFNUM3QkQzRTZGQUM0MDNG
RkNGMjBENDA2MjY4QTczRjFCNTg1ODNGN0FCMjlEM0Y5QjI1RDYzRjc3Q0Ew
NzQwQzlDOTJCNDBEQUJCOTY0MEU3RjU4MTQwNTM5MzYwNDBGQTlEODI0MDI1
MTM5MDNGN0FDM0UxM0ZCRTA2MEY0MEEzMjIwOTQwMzUxMEM5M0ZCRjQ5MjEz
RjVERUQxMTNGMUE1NDgyM0Y4RjZFQzAzRkRDNjI0NDNGMjg2N0NBM0U1OEQz
MjQzRjM2NTY5MTNGRUI1QjcyM0ZENjNDM0EzRkE4OTc4NjNGRTUyRDUzM0ZF
RUMwNDkzRjhEQjkzODNGMjM5NjEwM0Y2Ng==

--SBD.Boundary.605592468
PROCESS /noc/users/iridburst/exec/irid_300224010734970_upd.pl
Last Run  ----1970-01-01 00:00:00 
MONTH  5 
DATA  xxrecord 2012-05-07 13:00:05 :: $W5M5A,120507,130005,660d0028449ce246,1,DAS 2,4901.0022N,1621.0365W,17.6,288,21.7,14.1,11.2,70.9,6.2,11.3,71.6,6.4,1007.5,2.02,2.97,7.7,337,33*69
 
INSERT
STATION sbdservice
IRID_ID 300224010734970
BODY 
Content-Type: application/x-zip-compressed; name="SBMmessage.sbd"
Content-Disposition: attachment; filename="300224010734970_003121.sbd"
Content-Transfer-Encoding: base64

JFc1TTVBLDEyMDUwNywxNDAwMDUsNjYwZDAwMjg0NDljZTI0NiwxLERBUyAy
LDQ5MDEuMDIwM04sMTYyMC45NTcyVywxOC4zLDI5NiwyMS44LDE0LjEsMTEu
Myw3My4xLDYuNywxMS40LDczLjYsNi44LDEwMDcuMiwyLjM4LDQuMTcsNy43
LDMzNywzMSo2OQ0KDQokVzVNNUEsMTIwNTA3LDE0MDAwNSw2NjBkMDAyODQ0
OWNlMjQ2LDIsREFTIDIsMTMuNywxMy45LDAuMiwwLjQsMC4wMSw4MjYsODMy
LDE1Niw2MjgsMCw4Mi43LDE1LjA1LDkyMio1NA0KDQokVzVNNUEsMTIwNTA3
LDE0MDAwNSw2NjBkMDAyODQ0OWNlMjQ2LDMsN0YwMDc1MDIzQTAwMDA1MzMy
MzAzMTMyMzAzNTMwMzczMTMzMzQzMDMwMzA1NTVCMDAzMTMyMzAzNTMwMzcz
MTMzMzQzMDJDNTQ0MTQyMzAzMDMwMzAzMDJDMkQzMDM1MzEyRTMxMkMyQzMx
MzMyRTMyMzcyQzM0MkUzMDJDMzMzNjMwMzAyQzM2MzAyQzM2MzAyQzMxMkMz
MDMwMzUzNzMwMkMzMzJFMzQzMjJDMzEyRTMyMzYyQzMyMzQzNDJDMzAyQzMw
MkUzMTM2MzcyQzJCMzAzMDJFMzAwRDBBRjMxMEZEQzE1NkJDN0YwMDY3MDIz
QTAwMDA1NzMyMzAzMTMyMzAzNTMwMzczMTMzMzQzMDMwMzBGRjREMDAwMDgw
RkI0NDAwODBGRDQzMDBEQzAyNDgwMDAwMDU0MzAwQzFDMDNGODAzMUMxNDA0
RjYzODU0MDVEODAxODQwNTA4MUYxNDA2NjAwNDQ0MDlFRjJGNDQwN0I0NEMx
NDA2MzI3RjY0MDhGRDZGODQwQUY0QzIwNDA5MEFBQTg0MzhCNkJGOTQxMDM4
NDhBM0MyMTFGNzU5QzUxMzA3RjAyQTIwMjNBMDAwMDRCNTY0ODIwMzczMjMw
MzEzMjMwMzUzMDM3MzEzMzM0MzAzMDMwMzQwMDAwMDA5OTk5OTkzRDBBRDdB
MzNCOTJBQUE4NDM4QjZCRjk0MTJBNkY3QTQwMTJDODhCNDJEODRCNDE0MEQy
RTM1QTQyMEE3Q0IxNDMyNDQwMUE0MjlFN0JBRTQzODU4MUY1NDFBNEYwQUY0
MzJERTBEMTQxMzEwOEIwNDM0Mzk5Qzc0MTRDNzBBQjQzRTUwOEI2NDFBODVE
QTk0Mzg3Q0M5QTQxMDk0N0FBNDMyMzMxQzE0MTBFQjNBQzQzQTgxRUU2NDE4
Qzc0QUM0M0VBRUJCQjQxMEI5MkFDNDM1MzI0QzE0MUM0NjBBRDQzOTNCNUVD
NDEyREY2QUQ0M0VFNEFFQTQxODFDN0FCNDM2RUM2QzM0MUM4QzJBODQzNzgy
MkExNDFBQTUzQTg0MzRFQTVCRTQxMDIxM0E5NDMzMUUzRUI0MTAyQjFBODQz
NzBGQkZDNDFEQTAzQTg0MzBGQUYwMjQyMDFBQkE2NDM5MzRERUE0MTNGRkRB
NDQzMEVCQUQ5NDEyQjhEQTQ0Mzg4RjVFRTQxNThBQUE1NDNBQjhEMTU0MkEz
MjNBNTQzMjUxMTJFNDI1N0U1QTE0MzA4MEUzMTQyQkY4RkExNDM0MDk5Mjk0
MjY2MkFBMzQzNTgyODQ0NDI2RTA1OUY0M0VBOTQ0RDQyQUYwMTlCNDMxRTY5
Mzk0MjMxMzk5OTQzMTcxMTQ0NDIyRjk4OTc0M0NEOUU0ODQyMDcwQTlENDNE
NDIzNDc0MjhDQUE5RDQzQjMwQTUyNDIxRTMyOTk0M0JDNjY1MzQyRkE5RTk4
NDMzRjgzNTg0Mjc5NDU5QTQzNjlCNjY5NDI5QTY4OTc0MzI5REE3MTQyQjhG
RDkxNDNDOTAxN0U0MjA5RTA5NTQzNjlFNDgyNDI3RTJFOUY0MzA1MUI3RDQy
RkYwRTlDNDMxMDU1ODU0MkVDNjc5OTQzNjEyNThCNDJFOUZBOUM0M0VFRDE4
ODQyRjYwOEEzNDNCOUEwODI0MjE1NjZBNDQzRjlBQjg2NDI2OTA4OTg0MzhD
NjA5MTQyMUJENDk1NDM3OEMzOTQ0MjYxNkNBMDQzQzMzQjk4NDI3RUFCQTQ0
MzI2RjQ5QTQyM0YwOTZENDM1MjFCOUM0MkZFNUY0QjQzNjc5Rjk5NDJGOTk3
MEEzRUQzN0RCMDNFOTg3MzA5M0ZFRjAwNzczRkE3NEZEMzNGNDJFNjBCNDA1
ODZERjUzRkY3MUU4NDQwMjg2ODY3NDA0NEIwRDUzRjQyOUYwODQxRUJDNjFE
NDEzQ0MyM0I0MDAxMTk0QzQwMEVEMDczNDBCODE4ODI0MDgyQjcyMjQwREYx
QzY0NDAwMjIzREUzRkJGMTU2MzNGRDMwQkQyM0YyNDRBRjczRkUwNjQ4ODNG
Njc0MzgxM0ZDQzk2NDMzRkQ1QTFGQjNFMzUwQzM0M0YyRDc4MDgzRkM1RDZF
RTNFNDg3NjAzM0YyRDQ4QjUzRTRGMUJFQjNFQjI4ODJEM0ZDQkQxM0IzRjcx
MkM3MDNGMjNFQzJDM0YzMTk0RTMzRUMyRQ==

--SBD.Boundary.605592468
PROCESS /noc/users/iridburst/exec/irid_300224010734970_upd.pl
Last Run  ----1970-01-01 00:00:00 
MONTH  5 
DATA  xxrecord 2012-05-07 14:00:05 :: $W5M5A,120507,140005,660d0028449ce246,1,DAS 2,4901.0203N,1620.9572W,18.3,296,21.8,14.1,11.3,73.1,6.7,11.4,73.6,6.8,1007.2,2.38,4.17,7.7,337,31*69
 
INSERT
STATION sbdservice
IRID_ID 300224010734970
BODY 
Content-Type: application/x-zip-compressed; name="SBMmessage.sbd"
Content-Disposition: attachment; filename="300224010734970_003122.sbd"
Content-Transfer-Encoding: base64

JFc1TTVBLDEyMDUwNywxNTAwMDUsNjYwZDAwMjg0NDljZTI0NiwxLERBUyAy
LDQ5MDEuMDIyMk4sMTYyMC45NDgzVywxNC45LDMwMSwxOC4yLDE0LjEsMTEu
Myw3NS41LDcuMiwxMS40LDc2LjAsNy4zLDEwMDcuMSwyLjIyLDMuMzEsNy43
LDMzNywzMSo2OQ0KDQokVzVNNUEsMTIwNTA3LDE1MDAwNSw2NjBkMDAyODQ0
OWNlMjQ2LDIsREFTIDIsMTMuNSwxMy45LDAuMiwwLjQsMC4wMSw4MjcsODMz
LDE1Niw2MjgsMCwxNDguNCwxNS4wNSw5MjIqNjMNCg0KJFc1TTVBLDEyMDUw
NywxNTAwMDUsNjYwZDAwMjg0NDljZTI0NiwzLDdGMDA3NTAyM0EwMDAwNTMz
MjMwMzEzMjMwMzUzMDM3MzEzNDM0MzAzMDMwNTU1QjAwMzEzMjMwMzUzMDM3
MzEzNDM0MzAyQzU0NDE0MjMwMzAzMDMwMzAyQzJEMzAzNTMxMkUzMTJDMkMz
MTMzMkUzMjM2MkMzNDJFMzAyQzMzMzYzMDMwMkMzNjMwMkMzNjMwMkMzMTJD
MzAzMDM1MzczMDJDMzMyRTM0MzIyQzMxMkUzMjM2MkMzMjM0MzUyQzMwMkMz
MDJFMzEzNjM3MkMyQjMwMzAyRTMwMEQwQUY0MTBEMjQxQjY2MTdGMDA2NzAy
M0EwMDAwNTczMjMwMzEzMjMwMzUzMDM3MzEzNDM0MzAzMDMwRkY0RDAwMDA4
MEZCNDQwMDgwRkQ0MzAwQTAwQzQ4MDAwMDA4NDM0MDFEQUQzRjJGMERCQzQw
NENCNTUzNDA1MDU3MEU0MENEQ0NFOTQwNzg0ODMxNDA3MUI4RUY0MEU1MUZC
RTQwNjMyN0Y2NDBDNkRDRjg0MEI3QjExMTQwQ0Y4M0E4NDM3Qjg4RjY0MTJG
OTQ2ODNDOTIxRjlDMjc4RkUyN0YwMkEyMDIzQTAwMDA0QjU2NDgyMDM3MzIz
MDMxMzIzMDM1MzAzNzMxMzQzNDMwMzAzMDM0MDAwMDAwN0IxNEFFM0QwQUQ3
QTMzQkQwODNBODQzNzU4OEY2NDFBODhBQjM0M0VGQzYyMzQyMDFENUIyNDNG
NzU0MTU0MjREN0NCMTQzRDZEMkZGNDE3NDFGQjE0MzJCNjBEODQxNTFDOUIx
NDMwRkU5QkM0MTA1QjBCMDQzOUVCNUIzNDFCNTAyQUI0MzBGMUNBQzQxNTBC
QUE5NDMxQUIzOTQ0MTk5OTNBQTQzMzlCNDhCNDFGRUQ4QTk0MzA3M0FBMjQx
QzIwNUE5NDNEMUYwQ0Q0MUNGMzdBOTQzNkI4REU0NDEzRDI5QUE0M0FGRDRE
RTQxMDgxNEFBNDM1QUM5RUQ0MUJBODlBQTQzQjRFRkVCNDEzRDU5QUI0MzYy
NDZGMTQxMjE3M0E5NDMzQzkxMDk0MkQ2RjJBODQzNUU2NEZGNDFEM0Y5QTc0
MzA4MjJGMjQxREQ0MkE1NDM2NTMwMDE0MjY0NkRBMzQzMENGQTFDNDI1N0FB
QTM0MzZFQzcyQTQyMUU3QkEyNDNBRkJDMjQ0MkU2MzM5RjQzMTcxRTMxNDI0
QzM1QTQ0M0E3OTExRDQyOTI0M0E2NDM1OUREMDk0MjA4OTlBMjQzNkNGNDI0
NDJCRDFDQTA0M0E3RDAzRTQyNkZFMTlGNDM1ODYwM0Y0MjU2MDE5QzQzRUJG
NjM2NDI1MjBGOUE0MzNGMzkzRTQyOTQ1NDk3NDNCODE0NUM0MjU5NjY5MTQz
RDU3MjYxNDJGQTk1OTE0MzRDRjQ1MzQyNDJEMzk2NDNFMkJENTk0MjNBMTM5
QzQzODJBODY3NDI2OTIzOUY0MzBCNDk3NDQyNTkxQkE0NDNDRTlENjU0MjQ0
N0NBNTQzQjZBMDVCNDIxNkM4QTI0M0I5MkU3NDQyMjBBNTlCNDNBOTlCOEI0
Mjg1Q0VBMDQzREZDQzhGNDIyRDYwOUI0Mzg5RUE4QzQyQkUzRTk0NDNCNTc3
OEQ0MkZCQzA4RDQzQTgyMjk3NDJEMkJDODQ0MzM2MzE5QjQyODZGQTg0NDNB
NTVCOTc0MjBGRjE4NjQzMEI2Mjk4NDI4QzU4N0E0MzQyQjA5QzQyRkQ3RDE0
NDM1RDg5OUY0MjlGMzE4NzQyMThDNzlCNDJBMjNEMzA0MjY5RjE5NTQyRDgy
RjUxM0YzQzYyMkQzRjYyQjQ0NTNGNjZERTFCNDA0M0FBQ0EzRjgxNkIyOTQw
NERGRTQ1NDBFMkI2QTc0MDk5QkNBMDQwOTREQUZBNDA1QkI1NkE0MDlFN0Iw
QjQwNzkxNjMwNDBFODQyRjAzRkMwN0MyNTQwQzQ1QUQ1M0Y4MjA0NEQzRjMz
MUZBODNGMUQzNkJFM0YzNTRFOTYzRjNDMUZDRjNFODEyMEZDM0UyMTQ2MkYz
Rjk0MDUxQjNGRDA4RjQyM0ZGOTVEQUMzRkRCQzcwRDNGNTdGQTExM0Y4RkFB
MkUzRkEwRjMzMjNGNDU5NTEzM0ZEOEUzQzIzRTI0OTc5NDNFODFGNzhDM0VD
Rjk3Q0YzRTBENjNBODNFQ0ZFN0NDM0U4Mw==

--SBD.Boundary.605592468
PROCESS /noc/users/iridburst/exec/irid_300224010734970_upd.pl
Last Run  ----1970-01-01 00:00:00 
MONTH  5 
DATA  xxrecord 2012-05-07 15:00:05 :: $W5M5A,120507,150005,660d0028449ce246,1,DAS 2,4901.0222N,1620.9483W,14.9,301,18.2,14.1,11.3,75.5,7.2,11.4,76.0,7.3,1007.1,2.22,3.31,7.7,337,31*69
 
INSERT
STATION sbdservice
IRID_ID 300224010734970
BODY 
Content-Type: application/x-zip-compressed; name="SBMmessage.sbd"
Content-Disposition: attachment; filename="300224010734970_003123.sbd"
Content-Transfer-Encoding: base64

JFc1TTVBLDEyMDUwNywxNjAwMDUsNjYwZDAwMjg0NDljZTI0NiwxLERBUyAy
LDQ5MDEuMDIzNk4sMTYyMS4wMzk3VywxMi45LDMyMiwxNi4xLDE0LjEsMTEu
Myw3Ni45LDcuNCwxMS4zLDc3LjEsNy41LDEwMDcuMSwxLjkyLDMuMDQsOCwz
MzQsMzUqNzgNCg0KJFc1TTVBLDEyMDUwNywxNjAwMDUsNjYwZDAwMjg0NDlj
ZTI0NiwyLERBUyAyLDEzLjMsMTMuOCwwLjIsMC40LDAuMDEsODI4LDgzNCwx
NTYsNjI4LDAsMTEwLjQsMTUuMDUsOTIxKjYxDQoNCiRXNU01QSwxMjA1MDcs
MTYwMDA1LDY2MGQwMDI4NDQ5Y2UyNDYsMyw3RjAwNzUwMjNBMDAwMDUzMzIz
MDMxMzIzMDM1MzAzNzMxMzUzNDMwMzAzMDU1NUIwMDMxMzIzMDM1MzAzNzMx
MzUzNDMwMkM1NDQxNDIzMDMwMzAzMDMwMkMyRDMwMzUzMTJFMzEyQzJDMzEz
MzJFMzIzNTJDMzQyRTMwMkMzMzM2MzAzMDJDMzYzMDJDMzYzMDJDMzEyQzMw
MzAzNTM3MzAyQzMzMkUzNDMyMkMzMTJFMzIzNjJDMzIzNDM2MkMzMDJDMzAy
RTMxMzYzNzJDMkIzMDMwMkUzMDBEMEFGNTEwRkM3NDdCNDE3RjAwNjcwMjNB
MDAwMDU3MzIzMDMxMzIzMDM1MzAzNzMxMzUzNDMwMzAzMEZGNEQwMDAwODBG
QjQ0MDA4MEZENDMwMDY0MTY0ODAwMDAxMDQzQ0E1NDlDM0Y3NDU4QjI0MDZC
Q0Q0MjQwRDE2RUY1M0ZDOTQ1RTA0MDlGRjQxMjQwN0UyNUYzNDA1RTYyQjc0
MDAwMDAwMDQxMjgyRjAwNDExOEE1MDE0MENBREZBNjQzRTVCMDBENDIzMUEz
MzEzQ0YyMUM3NjVDMTg0RjdGMDJCQTAyM0EwMDAwNEI1NjQ4MjAzNzMyMzAz
MTMyMzAzNTMwMzczMTM1MzQzMDMwMzAzNjAwMDAwMDk5OTk5OTNEMEFEN0Ez
M0JDQkRGQTY0M0UzQjAwRDQyQ0NERDQ1NDM0QkMwOTg0MjNEOTVBRjQzQzZG
QTk0NDIxRDJCQjM0M0I5NjA1RjQyMkZBRkIxNDM3MzUyMEY0MjVDRDhCMTQz
NEQ2MUQwNDFCMEE2QjA0M0JCNThFRTQxQ0JFOEFBNDMxRkVDMDc0MjExNzFB
NjQzMTgzMUVDNDFBNzMwQTY0M0E1MkZDQzQxMkFGNUE5NDNDRDZEQjY0MTNF
NjBBQjQzQkJCMUFDNDExOTg0QUI0MzA0OEJDMzQxOEVGRkE5NDM4Nzc3MTg0
MjlDRjhBQTQzRTRBQjJGNDIxNkIyQUQ0Mzg1QjYyNjQyRkEwMkFDNDM4MDdD
MTM0MjE3RkZBNzQzNTA5OEY1NDFDRDY5QTY0MzgxREJEQTQxMkFEREE3NDM5
RTc2RTU0MTVERDdBODQzNzdBN0UyNDExQzUwQTc0M0YwRUZGNzQxRDc1NkE2
NDMwNDhGMTI0Mjk1NjJBMjQzODNEQTEwNDJFN0VGOUY0MzgxOEUwMTQyMUI0
MkEzNDNBRUNCMEQ0MjI1RTBBNjQzNjdCMTBDNDIxQjExQTc0MzAyQkUxMzQy
MjY2MEE1NDMxN0ExMjk0MjcxOTlBMTQzNkRDNzQwNDI2ODQxQTA0M0IzMDkz
NDQyM0NCMDlFNDM1OEE4MjE0MjdFQTk5RTQzQjJGRTJENDI4RTM5QTI0M0VE
NTk0RTQyMjdBMzlGNDMzOTdDNTA0MkJENTI5QjQzQTFGQjNGNDJBMEI2OTY0
MzM2MzM0ODQyN0EzODk2NDMxMzdDNjA0MkM3Qjc5QzQzRUFCRDdFNDIwMDg2
QTM0MzFFNUQ4ODQyN0I4MjlCNDNGMzJDODc0MjE5MTM5ODQzN0I1MTc1NDI4
OTlBOUQ0MzcyNzQ3MTQyREEwRkExNDM3RDQyN0E0MjM4QkY5MDQzNENENTgw
NDI4MUI0ODk0MzUwQzc4MDQyRjg4MzhFNDNFQTk5ODQ0MkQ4MDM4RDQzMUI0
Qjg0NDI2M0IxOEQ0MzM3MTg4QTQyNTRFRjkxNDM2RjZCOEI0MkQwNzc4RDQz
MTk1NzhCNDJCRjJEOTY0MzQ1M0M5NTQyQTI0MUE4NDNDRDkyOTg0MkMzMkY5
MDQzQTM3MzlBNDI5NDEyOEU0M0Q5NTI5ODQyNDM1ODgyM0VGRDI5NUEzRTAy
NEFBNTNFMDM0MDVEM0ZDOEQ5MDY0MEE5RDhEQzNGMjQzN0QxM0Y4NTRDMUI0
MDNFRUMwMDQwNkZDMTRENDBGQjEwQkY0MDJBQUIzNTQwQjgwRTgwM0Y4RkQ4
OEIzRjMzMUJCOTNGOUY0MDlFM0ZBM0NCMDc0MDRFOEVEQzNGNjc5RTU4M0Y2
REJDMUMzRjU2RjY4RTNGNDk0RjQyM0ZFNzA0MzIzRkUzNzM2QjNGQ0U1QjdC
M0YyNUM3QTEzRjdDODg4QTNGNzE4NTQzM0ZFODQ1QjYzRTcxQjIwNTNGRUFB
OTAyM0Y5NkNBMDUzRjYxMDc3NDNFMkY2Qw==

--SBD.Boundary.605592468
PROCESS /noc/users/iridburst/exec/irid_300224010734970_upd.pl
Last Run  ----1970-01-01 00:00:00 
MONTH  5 
DATA  xxrecord 2012-05-07 16:00:05 :: $W5M5A,120507,160005,660d0028449ce246,1,DAS 2,4901.0236N,1621.0397W,12.9,322,16.1,14.1,11.3,76.9,7.4,11.3,77.1,7.5,1007.1,1.92,3.04,8,334,35*78
 
INSERT
STATION sbdservice
IRID_ID 300224010734970
BODY 
Content-Type: application/x-zip-compressed; name="SBMmessage.sbd"
Content-Disposition: attachment; filename="300224010734970_003124.sbd"
Content-Transfer-Encoding: base64

JFc1TTVBLDEyMDUwNywxNzAwMDUsNjYwZDAwMjg0NDljZTI0NiwxLERBUyAy
LDQ5MDEuMDYwNU4sMTYyMS4xOTg4VywxMC45LDMyOSwxMy42LDE0LjEsMTEu
NCw3MS4xLDYuMywxMS41LDcxLjYsNi41LDEwMDcuMSwxLjg2LDIuODgsNy43
LDMzNiwzNCo2RQ0KDQokVzVNNUEsMTIwNTA3LDE3MDAwNSw2NjBkMDAyODQ0
OWNlMjQ2LDIsREFTIDIsMTMuOCwxNC40LDAuMiwwLjMsMC4wMSw4MjksODM1
LDE1Niw2MjcsMCwxODguMywxNS4wNSw5MjQqNkINCg0KJFc1TTVBLDEyMDUw
NywxNzAwMDUsNjYwZDAwMjg0NDljZTI0NiwzLDdGMDA3NTAyM0EwMDAwNTMz
MjMwMzEzMjMwMzUzMDM3MzEzNjM0MzAzMDMwNTU1QjAwMzEzMjMwMzUzMDM3
MzEzNjM0MzAyQzU0NDE0MjMwMzAzMDMwMzAyQzJEMzAzNTMxMkUzMTJDMkMz
MTMzMkUzNjM5MkMzNDJFMzAyQzMzMzYzMDMwMkMzNjMwMkMzNjMwMkMzMTJD
MzAzMDM1MzczMDJDMzMyRTM0MzIyQzMxMkUzMjM2MkMzMjM0MzcyQzMwMkMz
MDJFMzEzNjMzMkMyQjMwMzAyRTMwMEQwQUZCMTBGMUEzRThGMzdGMDA2NzAy
M0EwMDAwNTczMjMwMzEzMjMwMzUzMDM3MzEzNjM0MzAzMDMwRkY0RDAwMDA4
MEZCNDQwMDgwRkQ0MzAwMjgyMDQ4MDAwMDBCNDM0RjVDOUIzRjg2NzdCOTQw
MkVBMzM4NDBGMTk5RUQzRjlBOTVFNjQwQ0IxQTE1NDA3MzdEREU0MDgzMjVC
QTQwNjMyN0Y2NDAwMjhFRjA0MDM2NjNGQzNGNkFGMEE3NDMwRjM3MDY0MjE5
NEIyRDNDNTUxRDNCRTlGOUM4N0YwMkFFMDIzQTAwMDA0QjU2NDgyMDM3MzIz
MDMxMzIzMDM1MzAzNzMxMzYzNDMwMzAzMDM1MDAwMDAwMEFEN0EzM0QwQUQ3
QTMzQjZDRjBBNzQzMTAzNzA2NDI2MkQzQTQ0MzkyMTY2NzQyQjFEMUIyNDM3
NzEwMTU0MjAxRjhCMjQzQ0NGM0U2NDE4QzQyQjE0MzczMjFEMTQxNDkzQ0FG
NDMyQjY2RTM0MUY4MzhBRDQzMUIwNDA3NDJDMjNGQUY0MzVFQThGNzQxRDEy
M0FGNDM5QUZDRTE0MTlBN0ZBRDQzMEQzOUU4NDFCMTA3QUI0Mzc1Q0ZDOTQx
NTA0NkE5NDNEMDY5QkQ0MUZEQTFBOTQzRkIzMUVDNDEzRTdBQTk0MzY5QjIw
MzQyOTRCOUE1NDNGQjIxRDk0MTY2MDFBNTQzRDUwOURGNDEwREE3QTY0M0Q3
RTdFOTQxQjdCREE3NDMxNjU1RDI0MUQ4OTNBODQzQjZEQkYxNDFCNzEwQTk0
MzIzQjExRTQyREMyQ0E3NDMwNkRGMDg0MjJERTdBNTQzMUI2MUQ5NDEwQUND
QTI0MzhFNjRDQjQxMEI2M0EyNDM0RDIyRjQ0MTcyRDdBNzQzRkU4RjE2NDIw
Njk5QUE0MzE1MjUwQzQyODg0REE2NDMwMDJDMEU0MjlDQTdBMzQzMTgyOTE5
NDI5MEY2QTA0MzJGMkQyNTQyM0Y5NjlGNDM2M0I1MkU0MkQxRDI5RjQzREI1
RDNENDJFNkU3OUM0MzhBM0E1ODQyRjE2MTk4NDM4RDAxNzY0MkVDQzE5OTQz
RjA3QzU0NDI1NDlEOTY0MzgyNkQ0NTQyRTY1Mjk5NDM3NDVGNTU0MkM4RUFB
NjQzNjMwQzY2NDI4NTc0QjI0M0IzRjU2NDQyNjc0RUExNDNFMDREODY0Mjcx
NUM4QzQzOUJBQTgyNDI3NDVBOTQ0MzBBOTg4MzQyMjlCNDlFNDM5RjBCODE0
MjU2RDU5RTQzMTNDNzgxNDJGRTdBQTA0M0ZDMUE4RTQyMDFGQUIwNDNFRkU3
OEY0MkQ2ODRFRjQwMzg1NzgwNDIxRENGRDIzRjYzQjE4MzQyRTQyNkE2NDMx
RjVEOTM0MkNDQkFCMTQzNTkzNjk2NDI0NkE2OEQ0MTcwQjU5MDQyNUE4MEE2
NDM3RkUwOTU0MjNFNkI4RTQzRkE0Mjk2NDI5NkExNjY0MzI3RTE5OTQyNzcy
QTU0NDM0QzVDOTI0MkMzQUU4QjNFMTRFRkNCM0U2MUJDMjgzRjNGNTI5RDNG
NjFEOUM4M0YzQjQ4NzEzRjM5MDVDMTNGOTQ0MDIwNDA0RTE1QjUzRjlFMTUz
NjQwMTg5NDc3NDAyMkI4NEU0MEJBNDVEQjNGRkE4QkVCM0ZBRTlBMTQ0MDYx
QjUxRDQwODBDM0YzM0ZFQkI1OUIzRkE4NkRDMDNFQTRERjRCM0Y3MDlDODMz
RjczQTVEQTNGRUM0Q0Q0M0Y5QkQyMUEzRkQzNkIxNzNGNjhFOTIxM0Y5OEJF
MjUzRjU2QjgzNzNGN0E1RTQwM0ZFNkRFRkUzRTdEQkZBMjNFOTRCMjJDM0U0
QkE2QkMzRUJCRjUyQzNGQjIyQjI5M0YyNg==

--SBD.Boundary.605592468
PROCESS /noc/users/iridburst/exec/irid_300224010734970_upd.pl
Last Run  ----1970-01-01 00:00:00 
MONTH  5 
DATA  xxrecord 2012-05-07 17:00:05 :: $W5M5A,120507,170005,660d0028449ce246,1,DAS 2,4901.0605N,1621.1988W,10.9,329,13.6,14.1,11.4,71.1,6.3,11.5,71.6,6.5,1007.1,1.86,2.88,7.7,336,34*6E
 
INSERT
STATION sbdservice
IRID_ID 300224010734970
BODY 
Content-Type: application/x-zip-compressed; name="SBMmessage.sbd"
Content-Disposition: attachment; filename="300224010734970_003125.sbd"
Content-Transfer-Encoding: base64

JFc1TTVBLDEyMDUwNywxODAwMDUsNjYwZDAwMjg0NDljZTI0NiwxLERBUyAy
LDQ5MDEuMTEyNk4sMTYyMS4zODM3VywxMC4zLDM0NiwxMi44LDE0LjIsMTEu
NSw3NC40LDcuMSwxMS42LDc1LjAsNy4zLDEwMDcuMiwxLjY3LDIuMTEsNy4x
LDMzNywzMyo2Ng0KDQokVzVNNUEsMTIwNTA3LDE4MDAwNSw2NjBkMDAyODQ0
OWNlMjQ2LDIsREFTIDIsMTMuNCwxMy45LDAuMiwwLjUsMC4wMSw4MzAsODM2
LDE1Niw2MjgsMCw5Mi4xLDE1LjQ0LDkyMyo1QQ0KDQokVzVNNUEsMTIwNTA3
LDE4MDAwNSw2NjBkMDAyODQ0OWNlMjQ2LDMsN0YwMDc1MDIzQTAwMDA1MzMy
MzAzMTMyMzAzNTMwMzczMTM3MzQzMDMwMzA1NTVCMDAzMTMyMzAzNTMwMzcz
MTM3MzQzMDJDNTQ0MTQyMzAzMDMwMzAzMDJDMkQzMDM1MzEyRTMxMkMyQzMx
MzMyRTMzMzYyQzM0MkUzMDJDMzMzNjMwMzAyQzM2MzAyQzM2MzAyQzMxMkMz
MDMwMzUzNzMwMkMzMzJFMzQzMjJDMzEyRTMyMzYyQzMyMzQzODJDMzAyQzMw
MkUzMTM2MzYyQzJCMzAzMDJFMzAwRDBBRkExMEFFRjVEM0U2N0YwMDY3MDIz
QTAwMDA1NzMyMzAzMTMyMzAzNTMwMzczMTM3MzQzMDMwMzBGRjREMDAwMDgw
RkI0NDAwODBGRDQzMDBFQzI5NDgwMDAwMEE0MzExNDU5MTNGNDIzQ0I5NDBG
MEUzMDY0MDQzMEFENjNGREZDOUQ2NDA2QTFDRjMzRjlEMDhDRDQwRjQzOEI2
NDA0OTkyRTQ0MEZGMEFFNjQwQTYxNUU2M0Y0OTY2QTg0MzI1MzQwNTQyMkFD
MjBFM0M1NTFFQUM3NDVCQTk3RjAyQTIwMjNBMDAwMDRCNTY0ODIwMzczMjMw
MzEzMjMwMzUzMDM3MzEzNzM0MzAzMDMwMzQwMDAwMDAwQUQ3QTMzRDBBRDdB
MzNCNEI2NkE4NDMyMjM0MDU0Mjk0OERBMjQzNEMyMzcyNDIwNDJCQjI0M0Ew
NTM0NjQyRTMwOTc4NDA4RDdDMkM0MjE3NTVDMTNGRUE0MTM5NDIyRkE2QUY0
MzBCNzM0NTQyNjM1RkFDNDMxQTI2MTk0MjRFMTVBRDQzMkMxMUY1NDFFRkUx
QUM0MzU1MjZENzQxOTVERUFCNDNEMkIxQkY0MUQ5M0VBQjQzMDlEOEI2NDE2
QkUyQUI0M0NFQzREMzQxODVENkFENDMwNkQ0RTU0MUFEMkRBRTQzNDBGM0Q3
NDFGN0YzQUM0M0E5MENEQzQxMzU2RUFCNDM1MkU4RTY0MTcxMjlBQjQzMjkw
RUMyNDE5ODRDQUI0MzkwMzlCRjQxQUYyNkE5NDNBM0FDRDY0MTQ1OUZBNzQz
MjA4QkNENDFDMkVEQTc0MzFBMTFDQTQxNjFGMkE2NDM3QTZDQzk0MUJFOTdB
NTQzMzQyMkNBNDEyNkE2QTQ0Mzk5QUJEQzQxODJBQUEyNDNGRjYyMEU0MkMx
MDdBMTQzODdBNjI0NDI0OTMwOUU0MzlDMjgyMDQyRTYzQjlFNDM0MkQ1MjA0
MjAxMjFBMzQzNTcxODNCNDIwNzE1QTE0MzdEQ0QzNTQyREJFNjlCNDNGNzQ3
MUQ0MkNGRTA5OTQzRUQ2NjJENDI4MjRDOUU0MzBGMzg0OTQyODg5Q0EwNDM0
ODg1NTA0MjBFRkI5QjQzRjU4NTU0NDI2RERDOUI0MzZENjg1RjQyMzk1N0Ew
NDNBOEIwN0I0MjlBQTA5RDQzNzk4MDdDNDJEMUVFOTc0MzYzRjI3MzQyODg2
RDk1NDNBNDEyNzU0MjIyRjA5NjQzQjUyQzg0NDI5MkM0OTY0MzE3NDk5MTQy
MUIwQzk5NDNCQTlDOEI0MjBCRUQ5RTQzMDcwRjgxNDI3MjIzOTg0MzBDMjM4
ODQyMDM5QzhBNDNDMjU4OEQ0MkUzMkY5NjQzRDBGMjhGNDJEMDYzOTY0M0E0
RUE4RjQyOTI2MTlDNDM2OUNBOTI0MkNCQThBNjQzRjA0NTk2NDJCQjM4OTY0
M0RENjM5OTQyREEwM0E3NDMxNEQ0OTk0MjJERkNBNTQxMTIyNzkxNDI4ODVC
QjUzREJDMTA4RjNFMjdGMjAzM0ZDMTA3Q0UzRUNFN0M4QjNFOTQ1RDA2M0ZE
ODk2QTUzRkZFRjdCRTNGNzhFQzBDNDBDRTcwRDQzRkFEMDUyQTQwNzYxQUY0
M0Y4OTIzNUY0MDY5MUIzNjQwMTUwRUJDM0Y3RTk5QzEzRjY3REQ5MDNGQjEx
MzlEM0YxOTkzODIzRjkxMDY1MzNGNDBDNjcxM0Y5OTMzREIzRjk1MDI4NTNG
RTdGMkQ4M0UxOENCMjgzRkU0QkE0QzNGNkUwQjU0M0YyNEY1QUYzRTFERTNF
QjNFMTJENDE5M0YwODMzRkYzRTQwQkJEMTNFMkRDRUNEM0VGMzQwOTkzRTJG
NTMzNTNFRTA2ODFFM0UzREEwMzQzRUU3Qw==

--SBD.Boundary.605592468
PROCESS /noc/users/iridburst/exec/irid_300224010734970_upd.pl
Last Run  ----1970-01-01 00:00:00 
MONTH  5 
DATA  xxrecord 2012-05-07 18:00:05 :: $W5M5A,120507,180005,660d0028449ce246,1,DAS 2,4901.1126N,1621.3837W,10.3,346,12.8,14.2,11.5,74.4,7.1,11.6,75.0,7.3,1007.2,1.67,2.11,7.1,337,33*66
 
INSERT
STATION sbdservice
IRID_ID 300224010734970
BODY 
Content-Type: application/x-zip-compressed; name="SBMmessage.sbd"
Content-Disposition: attachment; filename="300224010734970_003126.sbd"
Content-Transfer-Encoding: base64

JFc1TTVBLDEyMDUwNywxOTAwMDUsNjYwZDAwMjg0NDljZTI0NiwxLERBUyAy
LDQ5MDEuMTY3N04sMTYyMS41Njg4Vyw5LjcsNywxMy42LDE0LjEsMTEuNCw3
NC40LDcuMCwxMS41LDc0LjksNy4yLDEwMDcuNiwxLjUsMi4zOCw2LjksMzQy
LDM2KjYxDQoNCiRXNU01QSwxMjA1MDcsMTkwMDA1LDY2MGQwMDI4NDQ5Y2Uy
NDYsMixEQVMgMiwxMy40LDEzLjcsMC4yLDAuNCwwLjAxLDgzMSw4MzcsMTU2
LDYyOCwwLDkzLjIsMTUuNDQsOTIzKjU2DQoNCiRXNU01QSwxMjA1MDcsMTkw
MDA1LDY2MGQwMDI4NDQ5Y2UyNDYsMyw3RjAwNzUwMjNBMDAwMDUzMzIzMDMx
MzIzMDM1MzAzNzMxMzgzNDMwMzAzMDU1NUIwMDMxMzIzMDM1MzAzNzMxMzgz
NDMwMkM1NDQxNDIzMDMwMzAzMDMwMkMyRDMwMzUzMTJFMzEyQzJDMzEzMjJF
MzkzMDJDMzQyRTMwMkMzMzM2MzAzMDJDMzYzMDJDMzYzMDJDMzEyQzMwMzAz
NTM3MzAyQzMzMkUzNDMyMkMzMTJFMzIzNjJDMzIzNDM5MkMzMDJDMzAyRTMx
MzYzOTJDMkIzMDMwMkUzMDBEMEFGRTEwNjI2OUJCNEQ3RjAwNjcwMjNBMDAw
MDU3MzIzMDMxMzIzMDM1MzAzNzMxMzgzNDMwMzAzMEZGNEQwMDAwODBGQjQ0
MDA4MEZENDMwMEIwMzM0ODAwMDAwRTQzN0U0OTdCM0ZEODgyQjU0MEM3NEQx
ODQwREY2MkJGM0ZBNjc0RDM0MEUzQjhFQzNGNzhCREVFNDA1RkNFQkE0MDhF
QjBEQzQwNjNDMEVCNDAyNjZDQ0QzRjIyRTlBQTQzMDczMDBGNDIxNzE5RTQz
QjU0MjFCMEQ5NjI3NzdGMDJBRTAyM0EwMDAwNEI1NjQ4MjAzNzMyMzAzMTMy
MzAzNTMwMzczMTM4MzQzMDMwMzAzNTAwMDAwMDBBRDdBMzNEMEFEN0EzM0Iy
M0U5QUE0MzA1MzAwRjQyMzREOEFGNDM2MDYwNTM0MjU4QzU5MDQwQzEyRTFG
NDJEQUIwMjE0MURCOTZENTQxMjYxMzQ2NDFGMEE1REE0MTAyMUVGOTQwNDhF
RDA4NDI0MEQyQjI0M0Y0NEMxODQyQTI5RkFENDNCOTRGMEU0MkEwRUZBOTQz
OUY0QkZFNDFEQUQzQTk0M0Q3NjZFRDQxQzY2MkFCNDM1QjE0RUE0MTA5RjNB
QjQzRDNCQUZENDFGMDk2QUI0M0Y1OERFRTQxNTg0RkFDNDNGMzY0Qzk0MTkx
NzZBQTQzMjY2QUM2NDFGRkFCQTY0M0RCQzJDNjQxNDVENEE1NDMzRDg4RUI0
MTYxQTBBODQzMkU1RTEzNDJCMTcxQUI0M0UwQUIxNDQyQTlEM0FFNDMwQzBE
MDY0MjRCMTVBRTQzMkY5M0YyNDFEOUVDQUE0M0NENzYwNTQyOTgyQUE3NDND
QTZGMEM0Mjk4OTJBNDQzNkMyQjBBNDJGQjIxQTM0MzBENUMwQjQyMTNFMkEz
NDNDNDRBMTM0MjNGMTBBNzQzQTlDOTFBNDI1NjI4QTU0M0NGODMyRTQyNjhF
MEExNDMzNjkzMzU0MjZCRUNBNDQzRTQ0QjI5NDJDRjU2QUE0MzZFQ0EzMzQy
NzJBQ0E4NDNFRTk2NTE0MkMzM0ZBMDQzQTA1MTYyNDIyNUUyOUQ0MzhDNTE1
ODQyOTI3M0EzNDM0MEZGNjI0MjMyRjBBODQzRDNGNjcwNDIyNEY2OUU0Mzc3
QkM4MTQyREIyMjkyNDNCM0I5ODg0MkYzQkNBMzQzQzY4MDg3NDI2QkFEQUQ0
M0ZGQzc3QTQyMkJEOUIzNDM4NzMwNzA0MjVBRjVCMTQzRTVGODg1NDI0RERF
QTg0M0U0MEE4ODQyRDVGRUExNDMyRjIyODE0MkM0REE5NjQzMjI5RTg4NDJB
REMxOTM0Mzg5RDA5NDQyNUMyQUEyNDM1M0FCOTQ0MjNGMTQ5RTQzRjY3Mzk1
NDJGNDI5OTE0M0U3NDM5NjQyQ0E1QjhCNDMxOTBDOTQ0MkEwN0Y4QjQzREM2
NTk4NDJCQTU3NjM0M0ZEMEE5QjQyQjgxMTY0NDMwQUNDOTQ0Mjg4MzM4QTQz
MzIyOTlBNDI4RjQ5RUQzRERFNUQ4QzNFMjJDMTYyM0YwNEVBRTMzRjA4QjJB
NzNGNUUzMEMwM0YyRjc1ODkzRjM4RkVBNTNGNDU1QzhBM0Y4RDRDQUYzRjJE
MTQ4OTNGQjFGRTdEM0Y2NENBMTQ0MEU5QjUxNTQwNTk0NkVEM0Y2OEVCNEYz
RjFGRTEyNTNGOUI0QzQ5M0YxMTY5MzUzRjVCRjk0MjNGNzdGRTAyM0YyNTg3
MUEzRjQwNkY0MTNGOUIxNzQzM0YxRDVCRTAzRUQ3NTZDRDNFRTU0QUIwM0VE
NzMwQTIzRTE1MDM4NTNFQkMzMzdGM0UyMTA5ODczRTMyN0UyRTNFOUVBMDc5
M0U0NjkzMTAzRTI0MkE2NjNFNTk5NDg1Mw==

--SBD.Boundary.605592468
PROCESS /noc/users/iridburst/exec/irid_300224010734970_upd.pl
Last Run  ----1970-01-01 00:00:00 
MONTH  5 
DATA  xxrecord 2012-05-07 19:00:05 :: $W5M5A,120507,190005,660d0028449ce246,1,DAS 2,4901.1677N,1621.5688W,9.7,7,13.6,14.1,11.4,74.4,7.0,11.5,74.9,7.2,1007.6,1.5,2.38,6.9,342,36*61
 
INSERT
STATION sbdservice
IRID_ID 300224010734970
BODY 
Content-Type: application/x-zip-compressed; name="SBMmessage.sbd"
Content-Disposition: attachment; filename="300224010734970_003127.sbd"
Content-Transfer-Encoding: base64

JFc1TTVBLDEyMDUwNywyMDAwMDUsNjYwZDAwMjg0NDljZTI0NiwxLERBUyAy
LDQ5MDEuMjI4NE4sMTYyMS43Mjg2VywxMS41LDEzLDE0LjAsMTQuMSwxMS4y
LDcyLjQsNi41LDExLjMsNzMuMCw2LjYsMTAwOC4wLDEuNTksMi4yNSw2Ljks
MzM4LDM0KjVEDQoNCiRXNU01QSwxMjA1MDcsMjAwMDA1LDY2MGQwMDI4NDQ5
Y2UyNDYsMixEQVMgMiwxMy4yLDEzLjMsMC4yLDAuNSwwLjAxLDgzMiw4Mzgs
MTU2LDYyNywwLDExOC40LDE1LjQ0LDkyMyo2OA0KDQokVzVNNUEsMTIwNTA3
LDIwMDAwNSw2NjBkMDAyODQ0OWNlMjQ2LDMsN0YwMDc1MDIzQTAwMDA1MzMy
MzAzMTMyMzAzNTMwMzczMTM5MzQzMDMwMzA1NTVCMDAzMTMyMzAzNTMwMzcz
MTM5MzQzMDJDNTQ0MTQyMzAzMDMwMzAzMDJDMkQzMDM1MzEyRTMxMkMyQzMx
MzIyRTM3MzIyQzM0MkUzMDJDMzMzNjMwMzAyQzM2MzAyQzM2MzAyQzMxMkMz
MDMwMzUzNzMwMkMzMzJFMzQzMjJDMzEyRTMyMzYyQzMyMzUzMDJDMzAyQzMw
MkUzMTM3MzAyQzJCMzAzMDJFMzAwRDBBRUYxMDc1Mzk1QjRCN0YwMDY3MDIz
QTAwMDA1NzMyMzAzMTMyMzAzNTMwMzczMTM5MzQzMDMwMzBGRjREMDAwMDgw
RkI0NDAwODBGRDQzMDA3NDNENDgwMDAwMDY0Mzg2Rjk4OTNGRTVFQ0JGNDBD
MjQ3MTA0MDg0RDFDQjNGNDBBQUU4NDA0N0U3RkIzRkEwMkRFRDQwRTIyRkJD
NDA4RUIwREM0MDEyRTJFQTQwMzZDOURBM0Y1NEM4QTg0MzI5MDAwOTQyNzYx
ODAzM0MzNTIxMzU4RENBRTE3RjAyQkEwMjNBMDAwMDRCNTY0ODIwMzczMjMw
MzEzMjMwMzUzMDM3MzEzOTM0MzAzMDMwMzYwMDAwMDAwQUQ3QTMzRDBBRDdB
MzNCNTZDOEE4NDMyODAwMDk0MkZGQ0ZBRDQzQjg2QzYyNDIwQzkzQjE0MzBG
M0MxRDQyOTNBOEFFNDMwOUI0MEY0MkNBQ0RBRTQzMURERkZGNDFGRTREQUY0
Mzg3QzhFQzQxM0YwMEFDNDM0RkIzRUQ0MTc1RUFBQTQzMEUyRURDNDEzNkYy
QUI0M0E1NTdFNDQxNEUwNEFBNDM0RjY4Rjc0MTNDOUZBODQzM0YzMDA1NDIw
NEE1QUU0MzJDREMwODQyMjVDM0FFNDM1Q0M1RTc0MUIyNkRBQjQzMUUwNkM5
NDE0OEE1QUE0MzkwNDlEMzQxODlGQ0E5NDM5REQ0RTg0MUY4OUJBNzQzNURG
MzA0NDI1QzJEQTQ0MzYxQzAwNTQyQTQ1N0EyNDNDNzQwRTA0MUQyMkJBNTQz
RUU2QUYzNDE0N0Y1QTY0MzA1RUEwOTQyRjkyQUE3NDM3NTYzMTg0MjEwNkFB
NjQzQjE4NjIzNDI4QTQyQTI0M0E1QzExNzQyNUM1QkEzNDM5QUU3MTM0MkJB
MkRBNzQzNkJFRTFDNDIyQzU5QUE0M0E3MEIwMzQyOEVGM0E3NDNDRTVFQ0U0
MUU2MDlBODQzRjhBQ0RGNDE1RTMyQUM0M0YzNkIwNjQyOTBDNkFBNDMyODdB
MjY0MjQ2NjI5RjQzREFBNDMxNDJDMzlEOUQ0MzcwMzcyOTQyQkM5NzlENDNF
RkQ2M0M0MjI1OUI5QjQzNEU2QjYzNDI1MTQwQTA0MzA2OEE4MjQyMTM5Q0FF
NDM2ODU4N0Y0MjM1M0VCMTQzOEYyRDY3NDJBRUJFQjE0M0MxRkQ2ODQyMzI2
M0E3NDM5RDdDOEQ0MjgzRDQ5NzQzRkZCMThENDIzOUU2QTA0MzgwOTE4NTQy
MkJBN0E2NDM1RTU3ODU0MkVDMUVBNTQzNDNBNThENDI2Qzk2OUE0M0VFNTI5
NTQyNjBERDgyNDMwOUJGOTU0MjUwMTk3NTQzNTZCRDhFNDI5RjQwODY0MzE4
NDE4RTQyOEFBNTlDNDNEMkVCOEU0MjZGNTFBOTQzMjhDRThCNDIxMTk0QUM0
M0RDQTc4RTQyMzY3RUE4NDM2QkQ0OUM0MjdCMDg2NTQzMEVEMDkxNDJEMjg0
NzA0Mzk3QUI5MzQyNzhBNzc1NDMwQzdEOUQ0MkQwNDdDMTNEMkEzMDlFM0U1
QUM4MTIzRkI2QTI4NTNGODI1QTZFM0ZEMjgyOTMzRjc4QzcwMDQwM0Y4N0Yz
M0Y4OERBREQzRkY5N0RGQTNGMzBBODJCM0Y4QjJDRkQzRkRGQzUxMTQwQzM1
RjI3NDA2MEU3MDA0MDEyRkVCMDNGNjU3MDVDM0YwMEVBQTAzRjkyQkQ4QzNG
MzMyOTk4M0Y3QUZGMjMzRjgwQkJFNzNFQUQ0N0M1M0VCOTgwOTIzRTNERjk1
RDNFRTUxQkJGM0VDQTZBNDczRjE5RkEyQjNGODYxQjAyM0Y3RkI2MTUzRTIy
NjBBRDNFMkVDNjE4M0Y0MUYwQUIzRTYwRg==

--SBD.Boundary.605592468
PROCESS /noc/users/iridburst/exec/irid_300224010734970_upd.pl
Last Run  ----1970-01-01 00:00:00 
MONTH  5 
DATA  xxrecord 2012-05-07 20:00:05 :: $W5M5A,120507,200005,660d0028449ce246,1,DAS 2,4901.2284N,1621.7286W,11.5,13,14.0,14.1,11.2,72.4,6.5,11.3,73.0,6.6,1008.0,1.59,2.25,6.9,338,34*5D
 
INSERT
STATION sbdservice
IRID_ID 300224010734970
BODY 
Content-Type: application/x-zip-compressed; name="SBMmessage.sbd"
Content-Disposition: attachment; filename="300224010734970_003128.sbd"
Content-Transfer-Encoding: base64

JFc1TTVBLDEyMDUwNywyMTAwMDUsNjYwZDAwMjg0NDljZTI0NiwxLERBUyAy
LDQ5MDEuMjQ5M04sMTYyMS44MzUyVywxMy4xLDI4LDE2LjUsMTQuMSwxMS4y
LDczLjUsNi43LDExLjMsNzQuMCw2LjgsMTAwOC43LDEuNTQsMi41OSw3Ljcs
MzQyLDM1KjVCDQoNCiRXNU01QSwxMjA1MDcsMjEwMDA1LDY2MGQwMDI4NDQ5
Y2UyNDYsMixEQVMgMiwxMy4xLDEzLjMsMC4yLDAuNSwwLjAxLDgzMyw4Mzks
MTU2LDYyOSwwLDgzLjcsMTUuMDUsOTIwKjUyDQoNCiRXNU01QSwxMjA1MDcs
MjEwMDA1LDY2MGQwMDI4NDQ5Y2UyNDYsMyw3RjAwNzUwMjNBMDAwMDUzMzIz
MDMxMzIzMDM1MzAzNzMyMzAzNDMwMzAzMDU1NUIwMDMxMzIzMDM1MzAzNzMy
MzAzNDMwMkM1NDQxNDIzMDMwMzAzMDMwMkMyRDMwMzUzMTJFMzEyQzJDMzEz
MjJFMzYzNzJDMzQyRTMwMkMzMzM2MzAzMDJDMzYzMDJDMzYzMDJDMzEyQzMw
MzAzNTM3MzAyQzMzMkUzNDMyMkMzMTJFMzIzNjJDMzIzNTMxMkMzMDJDMzAy
RTMxMzczMTJDMkIzMDMwMkUzMDBEMEFFRDEwMThBRjBBRkQ3RjAwNjcwMjNB
MDAwMDU3MzIzMDMxMzIzMDM1MzAzNzMyMzAzNDMwMzAzMEZGNEQwMDAwODBG
QjQ0MDA4MEZENDMwMDM4NDc0ODAwMDAwNjQzNkExMjgzM0YxRTE1QkY0MEU2
MEYyNjQwQ0Q1QkM1M0ZCNTVGRjE0MDQ0RDdFOTNGODI5NEVGNDA2NDdCQzE0
MDYzMjdGNjQwQUZDRkZFNDA0MTM5RDYzRjdBMzZBQjQzQTRDRjBCNDI1Qzgw
RjkzQkY4MUYxOTU3QTg2NTdGMDJBRTAyM0EwMDAwNEI1NjQ4MjAzNzMyMzAz
MTMyMzAzNTMwMzczMjMwMzQzMDMwMzAzNTAwMDAwMDBBRDdBMzNEMEFEN0Ez
M0I3QjM2QUI0MzlFQ0YwQjQyRURERDRENDA2QTE3M0Q0MkVEM0Y4ODQxQkI1
M0Y4NDEyMEU2NkE0MTFBMzgwNTQyOTk5RUZGNDBENkVFMEM0MjFEQTRCRTNG
NEI1MTEyNDJDRTIwQjI0MzZDNUYxNTQyOTM0MEFENDM0MDVDMDU0MjkzMkZB
QTQzMjE1NEM1NDEzQkREQTk0MzVCNDdEMjQxRkE0QUFBNDNBNkM5RUY0MTQw
NUZBQTQzNTFGQUQ5NDE0MzBDQUE0MzgxM0QwMDQyQ0MwMUE4NDNDQTkyMEI0
MkM3QjJBNzQzMzUxQUU3NDE0NTM0QTc0MzFDQzVFNDQxMjQ1QkE3NDNDNDYy
RUE0MTE2NjRBODQzOUMzNkQyNDFBNjdCQTY0M0RFNUNDRjQxMjAxQ0E3NDM1
OEYxRTA0MUM5MzlBQzQzNDE2MkZGNDFGQUNDQUQ0MzI0OTUwQzQyNkIxMkE2
NDMwNjAxMkM0MjQyN0U5RTQzMTU5RDNCNDIyRUVFOUU0MzZCMEMzQzQyNzEz
QkE1NDNFNjQyMzQ0MkVDMEZBQTQzMTNBRDMzNDI4NzFCQUE0M0QzOEIyMTQy
QUVGQ0E5NDNCMDM2MTQ0MjBGMTZBNzQzRTYyNjIxNDJGQ0Y0QTM0MzM5QkMy
QjQyN0UxMkEzNDNDOUIxM0E0MjcwNDRBODQzNzQyQTQ3NDIwRTk4QUU0MzQ2
MTc1MzQyNkRGQUIxNDMzNkFCNUI0MjQzMzhBRjQzOTJBMDZDNDJDNzhGQUI0
M0I2MEM4MDQyRTQ2RkFCNDM2QUUzODU0MjYzMkVCMzQzNDcyRTg3NDI5MzRC
OTQ0MTgwQTM4MTQyQjQxNkIzNDBCNjlBODU0MkVBNkNBQzQzQjFDRDg5NDIz
QzRBQUY0MzYzNjU4QjQyNkJDQUFGNDNDMDNDOEQ0MjM1QTNCMTQzNDNGMTkz
NDJGN0M2QTk0MzA2QzE5MzQyNzY4OTk1NDM4MkY2OTE0MjkwRTM5NTQzMUQx
MDk2NDI4N0FFQUI0M0Y0QkI4RTQyNzQ5M0NDNDA5OEMyODc0MjUyRDRGMDQx
MDc5QzkwNDJDQ0QxOUQ0MzcwNzc5NjQyODRDMzk5NDMzQjlBOEE0MjUwRTBB
MTQzOURCNjhGNDIzNzM1RDAzRTc4RTcxODNGMTY5NjcwM0ZENjVFOEMzRjQ2
MzQ3MzNGNDA4ODU1M0ZGNTc1MTYzRjlBMjEyQjQwRkM1MTM1NDA5NEMwQUMz
RjYzQTUzNzQwM0M4NkJDM0Y0N0YwQTIzRjgwRjJFQzNGNzEwQzAzNDA2QTI0
QjgzRkU1MjE4ODNGQTQ5Njg2M0YzQTJFMTkzRjA4RDAwNTNGQkU5RURDM0VD
RUE0MDQzRjMzNTFGRTNFODM4Njc1M0VDNTY5ODYzRTA0Q0ZBRjNFMDk5QjEx
M0ZGQUQ1REQzRUUwNzhDNTNFNkQyREVCM0U5QUFGOTMzRTAwQTZCODNFNTYw
MTYzM0VFRUU3MDczRTY0Q0FFMjNEN0RDRg==

--SBD.Boundary.605592468
PROCESS /noc/users/iridburst/exec/irid_300224010734970_upd.pl
Last Run  ----1970-01-01 00:00:00 
MONTH  5 
DATA  xxrecord 2012-05-07 21:00:05 :: $W5M5A,120507,210005,660d0028449ce246,1,DAS 2,4901.2493N,1621.8352W,13.1,28,16.5,14.1,11.2,73.5,6.7,11.3,74.0,6.8,1008.7,1.54,2.59,7.7,342,35*5B
 
INSERT
STATION sbdservice
IRID_ID 300224010734970
BODY 
Content-Type: application/x-zip-compressed; name="SBMmessage.sbd"
Content-Disposition: attachment; filename="300224010734970_003129.sbd"
Content-Transfer-Encoding: base64

JFc1TTVBLDEyMDUwNywyMjAwMDUsNjYwZDAwMjg0NDljZTI0NiwxLERBUyAy
LDQ5MDEuMjA0ME4sMTYyMS44NjM4VywxMy41LDQzLDE2LjMsMTQuMCwxMS4y
LDc0LjksNy4wLDExLjMsNzUuNCw3LjEsMTAwOS4wLDEuNTEsMi41Niw4LjMs
MzUzLDM2KjUxDQoNCiRXNU01QSwxMjA1MDcsMjIwMDA1LDY2MGQwMDI4NDQ5
Y2UyNDYsMixEQVMgMiwxMy4xLDEzLjMsMC4yLDAuNCwwLjAxLDgzNCw4NDAs
MTU2LDYyOCwwLDgzLjcsMTQuNjYsOTI2KjVBDQoNCiRXNU01QSwxMjA1MDcs
MjIwMDA1LDY2MGQwMDI4NDQ5Y2UyNDYsMyw3RjAwNzUwMjNBMDAwMDUzMzIz
MDMxMzIzMDM1MzAzNzMyMzEzNDMwMzAzMDU1NUIwMDMxMzIzMDM1MzAzNzMy
MzEzNDMwMkM1NDQxNDIzMDMwMzAzMDMwMkMyRDMwMzUzMTJFMzEyQzJDMzEz
MjJFMzYzNDJDMzQyRTMwMkMzMzM2MzAzMDJDMzYzMDJDMzYzMDJDMzEyQzMw
MzAzNTM3MzAyQzMzMkUzNDMyMkMzMTJFMzIzNjJDMzIzNTMyMkMzMDJDMzAy
RTMxMzczMTJDMkIzMDMwMkUzMDBEMEFFQzEwMzY5QUM3REQ3RjAwNjcwMjNB
MDAwMDU3MzIzMDMxMzIzMDM1MzAzNzMyMzEzNDMwMzAzMEZGNEQwMDAwODBG
QjQ0MDA4MEZENDMwMEZDNTA0ODAwMDAxMjQzQjM1NzZFM0ZGRjYzQUU0MDE3
RUYyMzQwMkI3N0MxM0ZGMEUwRTM0MDE5QUFGMDNGM0ZBQkVCNDBBNjY0QkI0
MDU2NTUwNTQxRjE5OTAyNDFDMUE1Q0YzRjc1NkRCMDQzRjY3MjBGNDIxNTJG
RTQzQkU4MjBGRDFCMDU1NjdGMDJDNjAyM0EwMDAwNEI1NjQ4MjAzNzMyMzAz
MTMyMzAzNTMwMzczMjMxMzQzMDMwMzAzNzAwMDAwMDk5OTk5OTNEMEFEN0Ez
M0I3NjZEQjA0M0Y2NzIwRjQyRTQ0QkFDNDM5NjUwOTM0MjE4NTIwQzQxNjQw
ODQ5NDJFRDk0MUU0MTVDM0VGMjQxNjAyMDY3NDFFMDRFRjU0MUZGODE5NzQx
NkNDOEZGNDFBMUZBOUM0MTAzQjNFRjQxMTYzNjE4NDEwN0NGRjU0MTRGMzJC
MjQzRUE3N0U4NDFFNTM2QjI0MzY2ODZBNTQxQUNDNEIyNDMyQURCOTk0MTkx
RjNBRTQzNEFCRkM1NDE4MkJGQUI0MzBEQUZDRDQxOTUzM0FDNDM5NUMzMDE0
MjgxQUVBQjQzMUYwNTFDNDJBNTI0QTg0MzcyMjIyOTQyNTA5M0E4NDMwMjc4
Mjc0MkNBRjRBOTQzMUZBRUVFNDE1MjM0QTk0MzM2OERDQTQxQzc2MEE5NDNE
NTA2RkM0MTc3MUVBQzQzM0YwMDBDNDI2QUQ0QUQ0MzYwRjUwMDQyRkJCM0FF
NDNGNjI1MEE0MjEyMTdBRTQzMzEzMDIzNDJGNDEzQUQ0M0ZFOTIzODQyQUYx
MEFENDM4N0MyMzQ0MkE5OURBRTQzQzYwMzM5NDJEQTcyQjE0M0FBMzkzRTQy
Qjg5OUIxNDNCRDIxMzg0MjE4NDhBQzQzRUNFRTJENDI4RDFCQTc0M0U3ODEz
NTQyMDlGNUE1NDM5OUFCNDc0MjEzODNBODQzNTIzQTU4NDI4QkVEQTA0M0Uy
QTc2NTQyM0UyNUEyNDNGNjQwNTU0MkVFNkRBNTQzMDk2NTQ4NDJFQjhCQTA0
MzQ4REI1MjQyMkEyNEExNDMxNjAyN0Y0MkI3NkVCMzQzQjdDODg3NDI5NUU5
QkU0MTg2ODM4MTQyQzVCNUExNDFDRTE4OEY0MkM1OTVBNDQzNjkzMjk0NDJG
OUIxQTc0MzZBQjU5NDQyMUFDQ0FCNDE0OTg5OEU0MjBCMUUwNzQyRjQ2ODhB
NDJFMDVEQ0Q0MTY2MkE4NTQyMTQ1MjAzNDA2MUQ5ODQ0MkNDRjNBNDQzOUQ4
QzhCNDIzMjVGQTE0Mzg1Q0I4RjQyNDY0NUE1NDNENkU3ODk0MjBGMkRBNTQz
NzAzNDhBNDJFMjBGNUI0MUMzNzM5MjQyOEQwRUQwNDFBOUNCOTg0MjZDQjVB
RTQzRDkwMDk4NDI5NTdCRUY0MUZCRTc4RjQyODBBRjNGNDI2ODNEOEE0MjI2
NUIxRjNFQkJCNUUxM0RCQkJGMDUzRjZDMEE5OTNGNDUxQUQ4M0ZBRUNFQkEz
RjdDNTFCOTNGNTc4MUExM0ZGQjIwRjMzRkI3QzQwMjQwNUQ0QkZFM0Y2ODBB
RTQzRkMzNTk4RjNGMTQ5Qjg4M0YzNDU5QkYzRTc5QTJFMjNFQjNFMzgyM0Y4
QTc4REYzRjNGNUEyNzNGRUVGQzgwM0ZERUQ2ODIzRjg5MUUyNDNGNTlCNkMy
M0VCRkU5ODczRUM3OTQ5QzNFMTA4RDhCM0U5QTNDNTQzRTZDQTA3NzNFRkFF
NEQyM0U3Q0YxRjgzRTk0NEMwMjNGNzIyMQ==

--SBD.Boundary.605592468
PROCESS /noc/users/iridburst/exec/irid_300224010734970_upd.pl
Last Run  ----1970-01-01 00:00:00 
MONTH  5 
DATA  xxrecord 2012-05-07 22:00:05 :: $W5M5A,120507,220005,660d0028449ce246,1,DAS 2,4901.2040N,1621.8638W,13.5,43,16.3,14.0,11.2,74.9,7.0,11.3,75.4,7.1,1009.0,1.51,2.56,8.3,353,36*51
 
INSERT
STATION sbdservice
IRID_ID 300224010734970
BODY 
Content-Type: application/x-zip-compressed; name="SBMmessage.sbd"
Content-Disposition: attachment; filename="300224010734970_003130.sbd"
Content-Transfer-Encoding: base64

JFc1TTVBLDEyMDUwNywyMzAwMDUsNjYwZDAwMjg0NDljZTI0NiwxLERBUyAy
LDQ5MDEuMTIyM04sMTYyMS44NjIxVywxNC4xLDM2LDE4LjIsMTQuMCwxMS4x
LDcxLjAsNi4wLDExLjEsNzEuNyw2LjIsMTAwOS4xLDEuNjcsMi45OCw5LjUs
MzU3LDM0KjVDDQoNCiRXNU01QSwxMjA1MDcsMjMwMDA1LDY2MGQwMDI4NDQ5
Y2UyNDYsMixEQVMgMiwxMy4xLDEzLjIsMC4yLDAuMywwLjAxLDgzNSw4NDEs
MTU2LDYyNywwLDEzNy42LDE0LjY2LDkyMio2OQ0KDQokVzVNNUEsMTIwNTA3
LDIzMDAwNSw2NjBkMDAyODQ0OWNlMjQ2LDMsN0YwMDc1MDIzQTAwMDA1MzMy
MzAzMTMyMzAzNTMwMzczMjMyMzQzMDMwMzA1NTVCMDAzMTMyMzAzNTMwMzcz
MjMyMzQzMDJDNTQ0MTQyMzAzMDMwMzAzMDJDMkQzMDM1MzEyRTMxMkMyQzMx
MzIyRTM2MzEyQzM0MkUzMDJDMzMzNjMwMzAyQzM2MzAyQzM2MzAyQzMxMkMz
MDMwMzUzNzMwMkMzMzJFMzQzMjJDMzEyRTMyMzYyQzMyMzUzMzJDMzAyQzMw
MkUzMTM3MzEyQzJCMzAzMDJFMzAwRDBBRUIxMEM5QzA1ODVCN0YwMDY3MDIz
QTAwMDA1NzMyMzAzMTMyMzAzNTMwMzczMjMyMzQzMDMwMzBGRjREMDAwMDgw
RkI0NDAwODBGRDQzMDBDMDVBNDgwMDAwMEM0MzkwOEQ4NzNGNDlBNEI3NDAx
NUY4M0U0MDFERTRENTNGMjZEOUVDNDAzQjcyMDY0MEQ5MUFGMzQwN0QwQUI5
NDA4NjYxMTg0MUY2QTcwQzQxQjUwREUwM0ZDMTZCQjI0M0MxMUUwNzQyMjU5
ODBBM0NGRTFERjg4MUZFQUQ3RjAyQTIwMjNBMDAwMDRCNTY0ODIwMzczMjMw
MzEzMjMwMzUzMDM3MzIzMjM0MzAzMDMwMzQwMDAwMDA3QjE0QUUzRDBBRDdB
MzNCQzI2QkIyNDNCRjFFMDc0MkY0M0Y0NjQxNTI0QjI3NDI2NjRCNDQ0MTEx
RUFCNzQxREIxQzZENDFFNjNCOTc0MURCNkI4RjQxNUI4RTlCNDE0MDFGNjI0
MTc2RTFBQTQxMUEzQUExNDBBNThDQkU0MTBDOTJCMzQzOUNDN0JGNDExOUMy
QjM0Mzg2MDFEMTQxNzk2MUIzNDM2RjY0REE0MTBFMzBCMzQzRkI3RUQ0NDE2
N0IyQjM0M0M0ODNGMjQxMzk3RUIzNDM0Nzg3MEE0MjVCMUFCMDQzQjhBMUZG
NDE1RTgxQUQ0M0IxNjhGMjQxNDU5NUFCNDMzMEJBMEM0Mjc1NDJBQzQzQzQ4
MjI2NDJENDVCQUY0MzdDQ0MwRjQyM0ZBM0FDNDNBQUJEMDU0MjlDQkFBODQz
NUY2RTA4NDI4MjIxQTk0MzU0NEMwNDQyMzA0MUFCNDNENUNDMDc0MjdBQjRB
QTQzNEJGMjFCNDI3NTIxQUQ0M0Q0MTYyRTQyRThENjczNDAxM0VGMzI0MjRG
RkRCMjQzOTRGQjI4NDI4RDlGQTg0M0ZENzMyRDQyQ0ZGOEE3NDMwOEFGMkU0
MkVEODRBODQzODM4ODIxNDI0ODI5QTY0MzQwNEExRjQyNTYzNEE4NDM2NTQy
MjI0Mjc5ODRBRDQzRDE3OTIwNDI4NkRBQjA0M0E0QkIyRTQyQzFBMUIzNDM4
N0Y0M0U0MjczMkE5QzNFMzlGRjYxNDI0MzM0QUM0MzcyOUE4NjQyRTE1REIw
NDM5MEVCODU0MjQxRjVCMzQzREJBQjdENDJGNkVGQUM0MzQ1OEE3QzQyNENC
NkEzNDNCMzcwODE0MkNBMkRBNjQzRDYzQzg3NDI3NDQ4M0I0MTMyNkY4NTQy
QzNBMTA5NDI2NUMyN0E0MkFGM0IwNDQyQjVFNzg5NDIwMzkzOUU0MTQ0NEY5
OTQyNDcyNzQ2NDJCMTU4OEQ0MjFCNkYwNTQyOTcyRTg0NDI3RjE0REU0MEY5
QUU4QzQyNTg4QjkwNDNEREQwOTQ0MjgyNTI4MjQzRTU3QTg3NDI3RDMyODM0
MzZFODM4NzQyM0M3QjhGNDNEQTdDOTE0MkZEN0ZBNTQzRkUyNjkwNDJEMzk4
QTQzRTg0MUY5MjNGM0MzRjBGNDAzMTZCQ0MzRjA3MjcxQTQwQjNCMUVEM0Yx
NjA4MTc0MDYyMzUxNTQwQUVDM0JFM0YyMEI5MDE0MDlBN0U5QjNGNDUxRjIy
M0Y3RURBQTUzRjU1MjlEMjNGQjMyNTU0M0Y2N0M2Q0QzRTVCQUJDRTNFRjRC
QTgyM0ZCMjJCNDEzRjIwQjU1QjNGRTZCNDEyM0ZGQ0YyRDYzRTcwN0VCNTNF
OEM2OTlDM0U2MzAwQjQzRTEwOTA4RTNFQzc0RURGM0VDMzNEM0MzRjlDN0Y2
NTNGMjIzQjBBM0ZCOTM1MzczRkY4OUExMzNGRUNFREYyM0VEREM5NTAzRUIz
QURBNzNFNDM4NUY3M0UyQTNENzMzRTg5RQ==

--SBD.Boundary.605592468
PROCESS /noc/users/iridburst/exec/irid_300224010734970_upd.pl
Last Run  ----1970-01-01 00:00:00 
MONTH  5 
DATA  xxrecord 2012-05-07 23:00:05 :: $W5M5A,120507,230005,660d0028449ce246,1,DAS 2,4901.1223N,1621.8621W,14.1,36,18.2,14.0,11.1,71.0,6.0,11.1,71.7,6.2,1009.1,1.67,2.98,9.5,357,34*5C
 
INSERT
STATION sbdservice
IRID_ID 300224010734970
BODY 
Content-Type: application/x-zip-compressed; name="SBMmessage.sbd"
Content-Disposition: attachment; filename="300224010734970_003131.sbd"
Content-Transfer-Encoding: base64

JFc1TTVBLDEyMDUwOCwwMDAwMDUsNjYwZDAwMjg0NDljZTI0NiwxLERBUyAy
LDQ5MDEuMDIzNk4sMTYyMS44MDQ0VywxNC4wLDU5LDE3LjUsMTQuMCwxMS4w
LDY5LjQsNS43LDExLjEsNzAuMSw1LjgsMTAwOC43LDEuNzgsMi42NCwxMCwz
NTYsMzIqN0ENCg0KJFc1TTVBLDEyMDUwOCwwMDAwMDUsNjYwZDAwMjg0NDlj
ZTI0NiwyLERBUyAyLDEzLjEsMTMuMiwwLjIsMC41LDAuMDEsODM2LDg0Miwx
NTYsNjI4LDAsOTIuMywxNC42Niw5MjEqNTYNCg0KJFc1TTVBLDEyMDUwOCww
MDAwMDUsNjYwZDAwMjg0NDljZTI0NiwzLDdGMDA3NTAyM0EwMDAwNTMzMjMw
MzEzMjMwMzUzMDM3MzIzMzM0MzAzMDMwNTU1QjAwMzEzMjMwMzUzMDM3MzIz
MzM0MzAyQzU0NDE0MjMwMzAzMDMwMzAyQzJEMzAzNTMxMkUzMTJDMkMzMTMy
MkUzNTM5MkMzNDJFMzAyQzMzMzYzMDMwMkMzNjMwMkMzNjMwMkMzMTJDMzAz
MDM1MzczMDJDMzMyRTM0MzIyQzMxMkUzMjM2MkMzMjM1MzQyQzMwMkMzMDJF
MzEzNzMyMkMyQjMwMzAyRTMwMEQwQUY1MTBCOUNEMkM2QjdGMDA2NzAyM0Ew
MDAwNTczMjMwMzEzMjMwMzUzMDM3MzIzMzM0MzAzMDMwRkY0RDAwMDA4MEZC
NDQwMDgwRkQ0MzAwODQ2NDQ4MDAwMDA0NDNFODA3OTEzRjgzOTVDMDQwMUU0
MzI5NDA0MTU3RTMzRkFGMjhGMTQwRDkzNTEwNDA0RjRDRjA0MDJDRDRDMzQw
MDEwMDIwNDExMkYxMTM0MUU5MjNGNDNGMERGM0IxNDMyQzcyRkY0MTgzQ0My
NDNDNEExRDFGNDA1MzdFN0YwMjk2MDIzQTAwMDA0QjU2NDgyMDM3MzIzMDMx
MzIzMDM1MzAzNzMyMzMzNDMwMzAzMDMzMDAwMDAwN0IxNEFFM0QwQUQ3QTMz
QjBFRjNCMTQzMjY3MkZGNDFDMDhDMjU0MTQwNkFGRDQxNkM1MDBDNDFCQUJG
QzY0MTQ1N0U5RTQwMzQ0NkJCNDFEMUY0QTQzRkRFQkVBRDQxNzUwRkIzNDM1
Nzk0QjE0MTc1ODZCMjQzQjg0Q0YwNDFBOEFCQjI0MzYzRTgwOTQyREZFREIx
NDNDMTY4REQ0MUNERjFCMTQzNjFCM0MzNDExQTdBQjE0M0MxRUZEOTQxMDkw
OEFGNDM5N0FGMDg0MjYxMThBRDQzNzIxMzBBNDI4Q0Y4QUI0MzM3NDFEMzQx
QUE5N0FCNDNDNjQxQUQ0MTJENTVBQjQzRjMwQkQ4NDE3RUYxQUY0M0FDNEFE
OTQxMTI3REIzNDMzQTVEQkY0MUUyRDJCMzQzOERENkU4NDEzOEY5QjE0M0Y1
MzcxNjQyNjVGMEFFNDNDNjI1MEU0MkVFMjlBRTQzOTQ3RDBGNDI1MkU1QUM0
MzNBOTEyNzQyRjRFQ0FFNDNBNjRGMTk0MjExRjhCMDQzREZDQkZCNDE2QUE4
QUQ0MzdBQzMxQzQyOEIwMEE3NDM3MUNBNTM0MjBBQTRBMTQzOThEODcyNDIw
NDFBQTU0MzZGREU1RTQyOUY3REFENDM5NTQ3M0I0MjNBN0NCMjQzQkIyQjM0
NDI1ODAxQUY0MzZGMUY2MDQyQzZDMUE4NDM4NzNFNzI0MkI0RTJBNTQzNzAw
RTc4NDI5RUE2QUQ0M0QzRjM3ODQyMjRCQUIyNDM2RjE1NzI0Mjc3NEJCMTQz
OUI5NzdENDI1QzQ4QjM0M0JGQTc4NzQyN0U4MDY2NDExRUFGOEI0MkUwNDNE
RDQxNkUwNzgxNDJFQ0Q4Njg0MUJCQjc3OTQyRDg0NUIzNDMwRDIyN0U0MkY0
NDlGQjQwQUI0MzgzNDJCODRCMDk0Mjk4MzY4NDQyOTZGQUYxNDE3MzU2ODQ0
MjJDMzkwMDQyREYyQjgzNDJCQjY3MjE0MjRBNTU4NDQyMUQ1MTg0NDEzNTA1
OEY0MjhCQTYyQjQyOTFCMjkxNDIyQURGOTY0MjY1NjM4RjQyNzZBRDdBNDJC
MjlDOUI0MjRBRDRBMDQzQjIxQjkyNDJBMzk2QzIzRTI5MzE5QjNGRDgxMEY3
M0YwNzc1ODg0MEQ2NzM3ODQwQTZDRTAwNDBDN0Q3OTMzRkVCRTkwRTQwRUVB
NjQ5NDAzMEQxRDMzRjMxRUI2QzNGQkZCODU1M0Y2QzQxRDIzRjE1NDdBNTNG
QkQ5QTYyM0YwMEJGOTIzRjJCNjIyMDQwQzIwM0Y5M0YwRDdBMEUzRjREODY4
QzNGNUIxMjhBM0Y5QjM1QjczRTFBMjczMDNGMDAzQTc2M0Y2MUU2MUQzRjE5
NDM4QTNFMDcyOTY4M0VGQjFFRDMzRTNBRkNFNDNFNjM2NEFCM0UzQzVENEEz
RUZFQjM2QjNFNTIyQ0FCM0U2QTczRDMzRUUyQTNEQzNFNTQ4MEVBM0UwQ0RD
QzczRURFNDgxRjNFMEJEQTBGM0VDNzRFNw==

--SBD.Boundary.605592468
PROCESS /noc/users/iridburst/exec/irid_300224010734970_upd.pl
Last Run  ----1970-01-01 00:00:00 
MONTH  5 
DATA  xxrecord 2012-05-08 00:00:05 :: $W5M5A,120508,000005,660d0028449ce246,1,DAS 2,4901.0236N,1621.8044W,14.0,59,17.5,14.0,11.0,69.4,5.7,11.1,70.1,5.8,1008.7,1.78,2.64,10,356,32*7A
 
INSERT
STATION sbdservice
IRID_ID 300224010734970
BODY 
Content-Type: application/x-zip-compressed; name="SBMmessage.sbd"
Content-Disposition: attachment; filename="300224010734970_003132.sbd"
Content-Transfer-Encoding: base64

JFc1TTVBLDEyMDUwOCwwMTAwMDUsNjYwZDAwMjg0NDljZTI0NiwxLERBUyAy
LDQ5MDAuOTYwME4sMTYyMS42OTM5VywxNi4yLDYzLDE5LjYsMTQuMCwxMS4x
LDY4LjEsNS40LDExLjEsNjguNiw1LjYsMTAwOC4zLDEuNjYsMi42MSwxMCwx
LDM3Kjc3DQoNCiRXNU01QSwxMjA1MDgsMDEwMDA1LDY2MGQwMDI4NDQ5Y2Uy
NDYsMixEQVMgMiwxMy4wLDEzLjIsMC4yLDAuNCwwLjAxLDgzNyw4NDMsMTU2
LDYyOCwwLDk0LjUsMTQuMjcsOTI0KjU3DQoNCiRXNU01QSwxMjA1MDgsMDEw
MDA1LDY2MGQwMDI4NDQ5Y2UyNDYsMyw3RjAwNzUwMjNBMDAwMDUzMzIzMDMx
MzIzMDM1MzAzODMwMzAzNDMwMzAzMDU1NUIwMDMxMzIzMDM1MzAzODMwMzAz
NDMwMkM1NDQxNDIzMDMwMzAzMDMwMkMyRDMwMzUzMTJFMzEyQzJDMzEzMjJF
MzUzODJDMzQyRTMwMkMzMzM2MzAzMDJDMzYzMDJDMzYzMDJDMzEyQzMwMzAz
NTM3MzAyQzMzMkUzNDMyMkMzMTJFMzIzNjJDMzIzNTM1MkMzMDJDMzAyRTMx
MzczMjJDMkIzMDMwMkUzMDBEMEFGMTEwQjY1MUUyNEY3RjAwNjcwMjNBMDAw
MDU3MzIzMDMxMzIzMDM1MzAzODMwMzAzNDMwMzAzMEZGNEQwMDAwODBGQjQ0
MDAwMEZFNDMwMDAwN0E0NTAwMDAwOTQzMzgwODhDM0Y2RTYxQkI0MDUyMzAy
NzQwRUVGOUQzM0Y4MEVCRTQ0MEMxQ0YwMjQwMTU2NkYyNDAyRDkyQjk0MDAx
MDAyMDQxMzcxMTBCNDEyNDlDRTQzRjcyQjA0NjNGNzJFMjExNDIwMjc5MEEz
Q0JDMUE1N0ZCMDlBOTdGMDJDNjAyM0EwMDAwNEI1NjQ4MjAzNzMyMzAzMTMy
MzAzNTMwMzgzMDMwMzQzMDMwMzAzNzAwMDAwMDk5OTk5OTNEMEFEN0EzM0I0
M0IxNDYzRjZFRTIxMTQyNjc2NDc2NDNERjcxODI0MjJDMjU5RDQzMDc1Qzg4
NDJCQUU4NDc0MEZEODcyMTQyOTM0QkUxNDAzQjE5QjE0MUY1OTBBMjQwRTA2
NDdGNDE4RUNDOTI0MDcxQTU5RjQxNjU4N0Y4NDA0NDc3RDU0MUM5REExOTQx
NTlGRDAzNDI1REY0NkY0MEY2RDIxMzQyNTU1M0RDM0ZEOTc4MUI0MkM4RTc1
ODNEMjk2QjA4NDJFNkUwQjE0MzQ4MDVFMTQxMUZCQkIwNDNDNDVGRTA0MTM4
NDRCMTQzMzMwOEQyNDFGOTM2QjA0M0I1MTRFNTQxODc1MkFFNDMyRkUzMDA0
MjIyRDRBRTQzNkE4REZGNDE5QzkzQjI0MzZBQkQwMTQyQUNGRTM2NDAzM0M1
MEM0MjhCNzczNDQwOEZCNjE0NDI1MjU0QjI0M0U2REEyNDQyNDg2RUFFNDNB
NUExMUI0MjEzM0NBRTQzOEUyQTA3NDI4NEY3QUU0M0U2NzMxNDQyMTAyRUIy
NDM1RkMzMjY0MkE0NUIyNDNGRDJEOTI1NDI2MkVGRDUzRTI3RUYyOTQyNDA1
NUU3M0ZENjY4MjY0Mjc5NzA3RTQwMEUyNTM3NDI2RDlEQUU0Mzk2QzU0RDQy
NUNENkE5NDM2NkY1NDM0MjAxRkVCMDQzQzBGRTUxNDI5RTU5MTg0MDY0MzU2
MTQyMkRFMEIxNDNBM0UzNTM0MkRFNzgzNDNGOTI1RjU0NDIyQjZEOTg0MTZB
RUE2MDQyMTlEMkQ0NDFDNjdENjA0MkVDNDc4ODQxRTQwMTY3NDI3RDQ1QzU0
MDNEMDE3NTQyQTk5ODk1NDFGOUVBODQ0MkY3RTk0QjQyRjZCQTg2NDIwODQy
NEE0MkVGNUE4ODQyQjQ1NEIyNDMwRDcyOEU0MjIzN0RCMzQzNzc1NThDNDI2
NDc3MkQ0MjE4NkQ3NzQyNTlBMzA3NDI4MzQ3ODE0MjAxNUI2MzQxMjZBMTg1
NDJFQTBGODY0MUQ3RDY4NDQyNDA3NzlFNDE4QjVEODk0MjE5ODBCMjQzQTY3
Qzg1NDJERjM3QjM0MzBDNEI4MDQyOTZBODU5NDEyODgxODM0MjRBQjU2MzQx
MUYyRjk2NDIyRkU5MTU0M0FFNkE5RjQyNDgzM0NFNDI3Mjc3OUM0MkJGMTI1
RTNFRTU2NkE0M0UzMUU2M0UzRkRGMkJEMTNGMjIyRkZBM0YzNkMwMjA0MDBE
NjRFRjNGQzAzQjkyM0YxRTg0QjIzRjgxMzdCOTNGNTZGQkE1M0Y1NDM4MDU0
MDRDNTNCMjNGOUM2REM3M0Y1MzIwRTAzRkYxQzJFMjNGQkEyQkMzM0YyODg3
ODMzRjFFNjc2NDNGN0VERDMxM0ZCQkJBMjczRkMzNkIyRTNGQ0YzOTYzM0ZG
MzI1ODEzRTFBQ0RCODNFRjNCM0M4M0VFODI2RTIzRTkwMTIwRTNGRjdGQzE2
M0YxMkZFQjAzRUYxMDkwNjNGNzkzQ0M2Mw==

--SBD.Boundary.605592468
PROCESS /noc/users/iridburst/exec/irid_300224010734970_upd.pl
Last Run  ----1970-01-01 00:00:00 
MONTH  5 
DATA  xxrecord 2012-05-08 01:00:05 :: $W5M5A,120508,010005,660d0028449ce246,1,DAS 2,4900.9600N,1621.6939W,16.2,63,19.6,14.0,11.1,68.1,5.4,11.1,68.6,5.6,1008.3,1.66,2.61,10,1,37*77
 
INSERT
STATION sbdservice
IRID_ID 300224010734970
BODY 
Content-Type: application/x-zip-compressed; name="SBMmessage.sbd"
Content-Disposition: attachment; filename="300224010734970_003133.sbd"
Content-Transfer-Encoding: base64

JFc1TTVBLDEyMDUwOCwwMjAwMDUsNjYwZDAwMjg0NDljZTI0NiwxLERBUyAy
LDQ5MDAuOTQ0NU4sMTYyMS42MjI0VywxNi43LDY2LDE5LjUsMTQuMCwxMC45
LDY3LjYsNS4yLDExLjAsNjguMyw1LjQsMTAwNy41LDEuODIsMi43OCw5LjEs
MTIsMzQqNkYNCg0KJFc1TTVBLDEyMDUwOCwwMjAwMDUsNjYwZDAwMjg0NDlj
ZTI0NiwyLERBUyAyLDEzLjAsMTMuMiwwLjIsMC41LDAuMDEsODM4LDg0NCwx
NTYsNjI3LDAsODkuMiwxNC4yNyw5MjIqNUYNCg0KJFc1TTVBLDEyMDUwOCww
MjAwMDUsNjYwZDAwMjg0NDljZTI0NiwzLDdGMDA3MzAyM0EwMDAwNTMzMjMw
MzEzMjMwMzUzMDM4MzAzMTM0MzAzMDMwNTU1OTAwMzEzMjMwMzUzMDM4MzAz
MTM0MzAyQzU0NDE0MjMwMzAzMDMwMzAyQzJEMzAzNTMxMkUzMTJDMkMzMTMy
MkUzNTM2MkMzNDJFMzAyQzMzMzYzMDMwMkMzNjMwMkMzNjMwMkMzMTJDMzAz
MDM1MzczMDJDMzMyRTM0MzIyQzMxMkUzMjM2MkMzMDJDMzAyQzMwMkUzMTM3
MzIyQzJCMzAzMDJFMzAwRDBBODIxMDE4QTZCNzI1N0YwMDY3MDIzQTAwMDA1
NzMyMzAzMTMyMzAzNTMwMzgzMDMxMzQzMDMwMzBGRjREMDAwMDgwRkI0NDAw
MDBGRTQzMDBDMDVBNDYwMDAwMEI0MzhFMEM5QjNGNEY3OUI5NDA0QTM3MzI0
MERGMDRFOTNGNjA4MEU0NDA0MzY4MTA0MDYyQjVEQzQwMkVGOUIzNDA1RDc0
MTE0MTA0RUMwNjQxREI2OUY3M0Y2RkMwNDQ0MTI3QjIwODQyMEVEMTI3M0M2
NjFDMUNFMjkzRDI3RjAyQTIwMjNBMDAwMDRCNTY0ODIwMzczMjMwMzEzMjMw
MzUzMDM4MzAzMTM0MzAzMDMwMzQwMDAwMDA3QjE0QUUzRDBBRDdBMzNCNzhD
MDQ0NDEyOEIyMDg0MjRGQzNCMjQzREQ0QjMyNDI3MjlFMkU0MEQ1MDUxOTQy
MTVFNzIyNDE2RkRBRTM0MURCQ0QzQzQxMTlBQkI5NDExN0MwMTE0MUY2MENC
NDQxRTlFQThFNDA0ODI0QkY0MTU3NEM4NTQwM0FGQ0NFNDE0QjcyM0M0MTE1
MzlDQjQxNzMyNzM2NDEyNEM0REY0MUE5MkRCMzQzRDk3Q0YzNDE3RERDQjI0
MzJDRUVFQzQxQjJEQkU2NDBDNkZBRUQ0MTI0RUQxOTQxQTBDNkQ0NDFFRkU2
OUI0MEU5OUNDNzQxMTdCQ0IzNDM0NjU5QkY0MTQ0QjhCMzQzOTZENkJFNDE4
NEYzQjI0MzhGNkFEMjQxNjNENEIzNDMxNzgyMDE0MkUzMjQyODQxMDZCRDBD
NDJGNzJENUU0MURCNkIwNTQyODI4NDBGNDE2MkRBRjM0MTI5OUQ3NTQwNkZG
OEUzNDE3RUI1QjI0MzBGQTRFRTQxQTk4NEIyNDNGODY1MDk0Mjk4RDc3RTQw
MkU0RTI3NDI2OEQ5NkI0MTQzREEzQTQyMTRBQ0ZENDE1QzI3NDU0MjRDNTFF
MTQxMzc5RTRFNDI5NzI2ODM0MTY1NUY1NTQyNzNGRDg3NDFBREY0NEU0Mjgx
RjRBRjQxMTBDNTQ3NDJEMDczRjc0MTVERDE0QzQyMEMxMDBBNDJDRkM0NEY0
MkM2NTAxMDQyREU5RTRGNDIwMUJDMjU0MjNCRjM1QzQyNTg5MTYzNDJCMzA5
NkQ0MkEzMTc5NTQyQ0YxNDY1NDI0RDlCOTg0MjZGNDc2MTQyQkFCODg2NDJE
NUM2NjU0MjJGMkM2NzQyM0UzQzY3NDIzNEMxN0M0MjRDNTM1QjQyRDVDNzg2
NDIwNTcwNTc0MkQ2QTk4NzQyOEFGOTZFNDI1NkM2Nzg0MjU2RTg4MjQyMDlB
MDM1NDI0RjVGOEU0Mjg0NDc4QTQyNEFFMjhGNDJCRkFEQTk0MjgxNzg4QzQy
NjE4MEI3NDIzQjk4OEM0MjYxRjBBMzQyNDA2Qzg3NDJEQjE1N0M0MkYyNEM4
OTQyN0IzRUFFNDE1NkIyOTg0Mjk0MDU5MTQzMUVGNTlDNDIyRDZEM0EzRjMw
QTE0NTNGMUM5NDhCM0Y3MUM1MDc0MDg4NDUxNjQwOEZCQjMxNDA2QkVBRjMz
RjZDNDExNTQwRkI4Q0M2M0ZBMjU4RDMzRkExQjlDMzNGMzFCRjY3M0ZBNjFB
QzAzRjc5OTBDMTNGNjIyOEI5M0ZBQkI5RDUzRkY0QTlEQjNGMDYzOTkxM0Yy
OUI2NkQzRkJBNjIwNzNGN0M0QjZEM0Y4OTQyOTgzRkIwNTk4ODNGMTM3RTk5
M0ZGMkU1NjEzRkZCRTQ3MzNGMDcyOTA2M0ZBQTI0MTQzRkI3MDBEQTNFNUY2
NkNDM0U1MkI1MTEzRjk2OEYyRTNGODMyODcwM0Y5RUUzMjczRkEyMzMzQzNG
ODUwRDAwM0Y5Q0E3NkIzRUY1N0ExNjNGMw==

--SBD.Boundary.605592468
PROCESS /noc/users/iridburst/exec/irid_300224010734970_upd.pl
Last Run  ----1970-01-01 00:00:00 
MONTH  5 
DATA  xxrecord 2012-05-08 02:00:05 :: $W5M5A,120508,020005,660d0028449ce246,1,DAS 2,4900.9445N,1621.6224W,16.7,66,19.5,14.0,10.9,67.6,5.2,11.0,68.3,5.4,1007.5,1.82,2.78,9.1,12,34*6F
 
INSERT
STATION sbdservice
IRID_ID 300224010734970
BODY 
Content-Type: application/x-zip-compressed; name="SBMmessage.sbd"
Content-Disposition: attachment; filename="300224010734970_003134.sbd"
Content-Transfer-Encoding: base64

JFc1TTVBLDEyMDUwOCwwMzAwMDUsNjYwZDAwMjg0NDljZTI0NiwxLERBUyAy
LDQ5MDAuOTY2MU4sMTYyMS41OTU3VywxNy4yLDcxLDIxLjcsMTQuMCwxMC45
LDcwLjUsNS44LDExLjAsNzEuMSw2LjAsMTAwNy4xLDIuMTYsMy4xLDEwLDEw
LDMwKjdCDQoNCiRXNU01QSwxMjA1MDgsMDMwMDA1LDY2MGQwMDI4NDQ5Y2Uy
NDYsMixEQVMgMiwxMy4wLDEzLjIsMC4yLDAuNCwwLjAxLDgzOSw4NDUsMTU2
LDYyOCwwLDkyLjUsMTQuMjcsOTIyKjVEDQoNCiRXNU01QSwxMjA1MDgsMDMw
MDA1LDY2MGQwMDI4NDQ5Y2UyNDYsMyw3RjAwNzMwMjNBMDAwMDUzMzIzMDMx
MzIzMDM1MzAzODMwMzIzNDMwMzAzMDU1NTkwMDMxMzIzMDM1MzAzODMwMzIz
NDMwMkM1NDQxNDIzMDMwMzAzMDMwMkMyRDMwMzUzMTJFMzEyQzJDMzEzMjJF
MzUzNTJDMzQyRTMwMkMzMzM2MzAzMDJDMzYzMDJDMzYzMDJDMzEyQzMwMzAz
NTM3MzAyQzMzMkUzNDMyMkMzMTJFMzIzNjJDMzEyQzMwMkMzMDJFMzEzNzMy
MkMyQjMwMzAyRTMwMEQwQTgzMTBBNEY0Q0U3QjdGMDA2NzAyM0EwMDAwNTcz
MjMwMzEzMjMwMzUzMDM4MzAzMjM0MzAzMDMwRkY0RDAwMDA4MEZCNDQwMDAw
RkU0MzAwODBCQjQ2MDAwMEVBNDI3REEyQkEzRjcyQ0ZEQTQwNEE1RDQ2NDA0
NTZCMEE0MDQ1MjBGQTQwNDNBNjI2NDAyQ0Y2MDI0MTRDNDJDQjQwMDEwMDIw
NDFDQzM2MUQ0MURGOUUxMTQwNEE3NDI0NDExNUZDRUI0MTM5MTg2RDNDNjkx
QkUxQzEyQ0RGN0YwMjdFMDIzQTAwMDA0QjU2NDgyMDM3MzIzMDMxMzIzMDM1
MzAzODMwMzIzNDMwMzAzMDMxMDAwMDAwN0IxNEFFM0QwQUQ3QTMzQjUxNzQy
NDQxMEZGQ0VCNDFEQjBDNzA0MDJBMUEyQzQyM0U4MDAxNDE0RDdGRTY0MTY5
NzU0MjQxREQxNDkwNDFEMTA4NEQ0MTYyODM5NDQxMkJEMDRENDE3RjRFOTk0
MUFGNzMzNTQxQTEyMDk3NDE3QUI5MUU0MUU2MEQ5QjQxMkM0MTE2NDFBRTRE
QTM0MUVBNTlCMzQwRTkxNkNFNDE3QjJGQjM0Mzg0M0VGODQxMjI3OUIyNDMw
ODFDRTk0MTRGMjlCMjQzMkQ0MEMyNDE1ODY2QUY0MzNBQTFDMzQxNjRFQ0FE
NDNCNEE3MEE0MjJFNUYwOTQwNDAwNDM3NDIxQjFFQUM0MEYzMTgyNzQyREVG
RUFFNDM5ODU1MUM0MkVDNkNBQjQzQkIzNzBFNDI3OTZDQUQ0M0QxRkMwNTQy
OEQ4REIzNDNGQUEyMDg0MjRCNTJCNTQwQzUxQzBFNDJBMjlGQjM0M0MxRDAy
RDQyRUNBM0IxNDNEN0M4M0E0MjkyRkM4OTNGOEQ2QTM3NDI4MjUyQ0I0MENC
OTQ0ODQyRkJBMjhDNDE4QTg1NDI0MjQxRjM5MjQxMTAxNjJBNDJDMkIyM0M0
MUI0MkUzNzQyRTlCQTE4NDFGM0Q4NDY0MjYwRTVFNTQxNDQyNTQ0NDJCNUQ2
RTQ0MUY1RkE0RjQyOTcxQ0U1NDE5NURENUM0MjkzREIxQTQyRjc3MjVBNDIz
RkYxMjU0Mjg2OTg1NjQyMDVCMDE4NDIwQjQ2NkE0MkMxQkI0QzQyQ0U4Qzgw
NDI0NjZFOTM0MkRBQTI3OTQyMjVFNDhBNDIxOUI4NzY0MjBENUI3QTQyMjcx
RjY2NDI0Mzk3NzU0MjgyMUM1QTQyQ0M2RDU0NDJERkRFODA0MkZCNDIzMTQy
MkFGQTkwNDI3NDYwODA0MjBGODc4QjQyQzgzNDQ4NDI0Mzg4OEI0MjA0REEx
OTQyRDdEMjkyNDI2QTU5ODU0MTEzMzQ4RjQyN0RFNUIyNDMzQUI4OEU0MjA4
M0IzMzQyQjQ3OTk5NDIyQjQwQTU0MkMwOEQ4ODQyMDk4NUNFM0UxNEU0N0Ez
RkYyNDZCMTQwNjQwMTAxNDFDODkwOTY0MDA2ODE4RTQwMkQ0ODgyNDBFOTM3
OUM0MDZFMjEzMjQwNzA0M0RFM0Y2RjczRjYzRjE5QTFGMzNGQTNBMEVCM0Y3
RDM0NDEzRjgwNDYzMjNGRjg3RDUyM0ZBNEU4QTIzRkMyOUVCMTNGN0REQjcx
M0Y3NkFBOTUzRjY1RTE4MjNGMzlEM0ZDM0U4NEE5QUEzRUVDRTcyRjNGMzFG
MEM4M0VDRUY2Q0EzRTEwRTU4QjNGNUQ0ODNCM0ZDODBFMDczRjc4OUVGRTNF
N0JGODFCM0Y3Nzc1OEMzRkJCQjE0OTNGMTU4ODFBM0Y1NTJBMjMzRkYyQUMz
OTNFMEYwQjBGM0U3OUVDOUIzRTk5ODVCRjNFRDQxNEQ3M0UxRjU3RkMzRTI2
MDk4QzNFOTM1NDMzM0VDRERGMDgzRTNGMQ==

--SBD.Boundary.605592468
PROCESS /noc/users/iridburst/exec/irid_300224010734970_upd.pl
Last Run  ----1970-01-01 00:00:00 
MONTH  5 
DATA  xxrecord 2012-05-08 03:00:05 :: $W5M5A,120508,030005,660d0028449ce246,1,DAS 2,4900.9661N,1621.5957W,17.2,71,21.7,14.0,10.9,70.5,5.8,11.0,71.1,6.0,1007.1,2.16,3.1,10,10,30*7B
 
INSERT
STATION sbdservice
IRID_ID 300224010734970
BODY 
Content-Type: application/x-zip-compressed; name="SBMmessage.sbd"
Content-Disposition: attachment; filename="300224010734970_003135.sbd"
Content-Transfer-Encoding: base64

JFc1TTVBLDEyMDUwOCwwNDAwMDUsNjYwZDAwMjg0NDljZTI0NiwxLERBUyAy
LDQ5MDAuOTkzOE4sMTYyMS42MjE5VywxNy44LDYyLDIyLjIsMTQuMCwxMC45
LDcwLjQsNS44LDExLjAsNzEuMCw1LjksMTAwNy4xLDEuOTksMi43Myw4LDE4
LDMyKjdBDQoNCiRXNU01QSwxMjA1MDgsMDQwMDA1LDY2MGQwMDI4NDQ5Y2Uy
NDYsMixEQVMgMiwxMy4wLDEzLjIsMC4yLDAuNCwwLjAxLDg0MCw4NDYsMTU2
LDYyOCwwLDk2LjUsMTQuMjcsOTI0KjU1DQoNCiRXNU01QSwxMjA1MDgsMDQw
MDA1LDY2MGQwMDI4NDQ5Y2UyNDYsMyw3RjAwNzMwMjNBMDAwMDUzMzIzMDMx
MzIzMDM1MzAzODMwMzMzNDMwMzAzMDU1NTkwMDMxMzIzMDM1MzAzODMwMzMz
NDMwMkM1NDQxNDIzMDMwMzAzMDMwMkMyRDMwMzUzMTJFMzEyQzJDMzEzMjJF
MzUzNDJDMzQyRTMwMkMzMzM2MzAzMDJDMzYzMDJDMzYzMDJDMzEyQzMwMzAz
NTM3MzAyQzMzMkUzNDMyMkMzMTJFMzIzNjJDMzIyQzMwMkMzMDJFMzEzNzMy
MkMyQjMwMzAyRTMwMEQwQTg0MTA2Njg1NjYyODdGMDA2NzAyM0EwMDAwNTcz
MjMwMzEzMjMwMzUzMDM4MzAzMzM0MzAzMDMwRkY0RDAwMDA4MEZCNDQwMDAw
RkU0MzAwRDAwNDQ3MDAwMDA4NDM0ODMyOUYzRjMxQ0VCQzQwREMwODJGNDAx
QkIxRkUzRkRFNkZFQzQwODdGNzE2NDAwOTAyRjc0MDcyNTVDMTQwMDAwMDAw
NDEzRUI4MDE0MThBNDUwNDQwNDYwQTkzNDFDOTYyRkU0MTIzOTQ0MTNDMDYx
QkQyQzVDMkU2N0YwMjk2MDIzQTAwMDA0QjU2NDgyMDM3MzIzMDMxMzIzMDM1
MzAzODMwMzMzNDMwMzAzMDMzMDAwMDAwMEFEN0EzM0QwQUQ3QTMzQjQ0MEE5
MzQxQkY2MkZFNDEzOUFBOTM0MzVCMDU1QTQyQTdBQTQ4NDBDN0RCMzU0MjY0
NjI4ODQxODVBNkUzNDFCQ0ZBQTc0MUI4NEZCQjQxNjA4Q0E5NDFFQTZFRDA0
MUU4MkI5RjQxNTY5OURFNDFDRTkxNjM0MTg4OUVEMTQxOEZGRUY0NDA0QkM2
QTg0MTA1NzNCNTQwMjM3Mjg5NDFDRThDMEM0MTU1Qjg5NjQxQjgwMDRCNDEz
MjZEQzI0MUZCNEI1RDQxMkNGMUVCNDFBQUNGN0Q0MUFEOUZEODQxQTA2QzhF
NDExMTI2RjI0MTE5Q0MzOTQxQTlDMDBGNDJGRDlGNjE0MDQxNDEwQzQyMzI5
NTI5M0ZBNkUwMTM0Mjk2NzVBRTQzRTVGNDFENDJDNzExQUU0MzM4OUYwMzQy
NkMzNjA0M0MzNTZERTY0MTdDMTBGQzQwODQ1NUU5NDEwQzA3NDE0MUY5QzBF
OTQxQkVFNDgwNDE3Mzc2RjQ0MUNENEVDNTQxMkRGRDE2NDI0MTUxMTc0MjlD
NkQyMzQyQTkxNzIyNDJFODMxMjQ0MkZFQzcyQTQyRUMwNDFFNDIzODhENDE0
MjBBNEMyRTQyQzQ2ODQzNDI2OEYzNEY0MjYwNkQxODQyNTRDOTYyNDJCRTRB
MDQ0MkJBMUM0QjQyNDhGODBDNDJDMkZBM0Y0MjBFQTM3MTQyNDk3QTYwNDJB
NDRCQjQ0MjcyQUU1NzQyNjQ0RUI2NDIxRjNDNUY0MjA4MUI4MzQyNzdFNDc1
NDJCNTUwMUY0MjA0RDM3RDQyNkEzOEM3NDFGMEUzODA0MjU5MkQyMzQyMTNF
Qjg0NDI4QTZEQjE0MkFDRDk4MDQyMTU0NUI4NDI2M0Q4NkI0MjZCQjNBRjQy
QjA3QjZFNDI4NjcxOTk0MkY1MjI3RTQyQTE4QTgzNDJGOTlCNzc0MkMwNjc4
RDQyOEZFQjcyNDIxNDhBOTM0MjIxQ0U3RjQyODc2NTNENDIxNDIyOEI0MjRE
QUM3NDQyNzU3NDk4NDI0MjVFMDU0M0E1QUY5NTQyNUFGNzhCNDI2OERGOTc0
MjRCOUQxQzQxNzg3OTg1NDI1OTBDQkIzRTBCRUI1NjNGNThBRDA1NDBDOUMw
MEU0MEQ4MDdGMzNGNkVGNkI5M0ZCNjJDQUUzRjJBNTUzRjQwMjFGMTk3NDAz
MTNDQjA0MDk2RkE1RDQwMjY5NUVEM0ZCRkYxRDgzRkZGRUFBOTNGNDE2NThF
M0YwMkM2N0MzRjU3MzE4NTNGQUM3RDBEM0YxNDZGNTkzRjQ4MkQzMDNGODU3
QzlFM0YxOUUyQzYzRjAwOTBBOTNGMjMxQTRGM0Y0NjYwMkQzRkI5OEJFMTNF
QTJFQTJBM0Y4NzU0NjMzRkZCNkMyMTNGRDhEMDExM0YxMDJFNzUzRjI0N0I1
MjNGMkE4QkFCM0U4NDk1MDQzRjFCQ0UwMzNGRjE4NEM5M0VEQkRDMDYzRjU2
NjVDMDNFMTgyNjRFM0U2MTlCRUYzREJFOQ==

--SBD.Boundary.605592468
PROCESS /noc/users/iridburst/exec/irid_300224010734970_upd.pl
Last Run  ----1970-01-01 00:00:00 
MONTH  5 
DATA  xxrecord 2012-05-08 04:00:05 :: $W5M5A,120508,040005,660d0028449ce246,1,DAS 2,4900.9938N,1621.6219W,17.8,62,22.2,14.0,10.9,70.4,5.8,11.0,71.0,5.9,1007.1,1.99,2.73,8,18,32*7A
 
INSERT
STATION sbdservice
IRID_ID 300224010734970
BODY 
Content-Type: application/x-zip-compressed; name="SBMmessage.sbd"
Content-Disposition: attachment; filename="300224010734970_003136.sbd"
Content-Transfer-Encoding: base64

JFc1TTVBLDEyMDUwOCwwNTAwMDUsNjYwZDAwMjg0NDljZTI0NiwxLERBUyAy
LDQ5MDEuMDU1NE4sMTYyMS43Mzc5VywxOC4xLDcxLDIyLjAsMTQuMCwxMC45
LDcyLjgsNi4zLDExLjAsNzMuMyw2LjQsMTAwNi40LDIuNDQsMy43MywxMCwy
MiwyNyo0RQ0KDQokVzVNNUEsMTIwNTA4LDA1MDAwNSw2NjBkMDAyODQ0OWNl
MjQ2LDIsREFTIDIsMTMuMCwxMy4xLDAuMiwwLjUsMC4wMSw4NDEsODQ3LDE1
Niw2MjgsMCw3Mi4wLDE0LjI3LDkyNCo1OQ0KDQokVzVNNUEsMTIwNTA4LDA1
MDAwNSw2NjBkMDAyODQ0OWNlMjQ2LDMsN0YwMDczMDIzQTAwMDA1MzMyMzAz
MTMyMzAzNTMwMzgzMDM0MzQzMDMwMzA1NTU5MDAzMTMyMzAzNTMwMzgzMDM0
MzQzMDJDNTQ0MTQyMzAzMDMwMzAzMDJDMkQzMDM1MzEyRTMxMkMyQzMxMzIy
RTM1MzMyQzM0MkUzMDJDMzMzNjMwMzAyQzM2MzAyQzM2MzAyQzMxMkMzMDMw
MzUzNzMwMkMzMzJFMzQzMjJDMzEyRTMyMzYyQzMzMkMzMDJDMzAyRTMxMzcz
MjJDMkIzMDMwMkUzMDBEMEE4NTEwNjM0REZGODI3RjAwNjcwMjNBMDAwMDU3
MzIzMDMxMzIzMDM1MzAzODMwMzQzNDMwMzAzMEZGNEQwMDAwODBGQjQ0MDAw
MEZFNDMwMEUwMkI0NzAwMDBFRTQyMUI0RUNCM0YwRTk2RDg0MDM0OTY2RTQw
RUExRjFDNDA4ODc0RkI0MDg3OTM0NDQwNkYwNDAwNDFFMUUzQ0Q0MDAxMDAy
MDQxMEU0NjEwNDE4MDQzMjE0MDJEQjFBQzQxMTM4RURBNDE5RUU2OTQzQzNB
MUM0QkZFNDMxMzdGMDI3MjAyM0EwMDAwNEI1NjQ4MjAzNzMyMzAzMTMyMzAz
NTMwMzgzMDM0MzQzMDMwMzAzMDAwMDAwMEVCNTFCODNEMEFEN0EzM0IyQ0Ix
QUM0MTBFOEVEQTQxM0FBN0E2NDFFNkUxRkM0MTU5Mjk3QzQxODM4RkI2NDE5
NjBFOEY0MUY5RTk4QjQxNTY2QzhENDFCMTA4ODE0MUM5Rjc2NTQxRDhCQzg2
NDEwRjg1NTA0MUMzNDk4NTQxMzY4QzgxNDFGN0EzOTc0MTkyOURBODQxRjcx
Qjk5NDE3QjQwOUE0MTRENTY5MjQxRUVDRjVENDE1MDJDQjY0MTVDMDVBRTNG
OTEyNkU2NDE4MDJCODM0MEE1OURFODQxMTBGMjA1NDE0ODlFRjc0MUQ0ODBE
ODQwQjM5NkY4NDE3QTAzNDU0MTE1NDkwQzQyRDVEOURENDFBMDhBMTc0MjUw
Q0VBNTQxNjk2QjIyNDIzNjI5NjY0MTREMTIxMzQyQ0RDRjY4NDE0Q0JGRkU0
MURCNzk2RjQxMzBGMDA0NDJBMjg4OEU0MTYwOTExNDQyRkUwMUQ5NDFBNjZB
MkI0MkQyRTJGMDQxQTYwODQ3NDIxNDI2OUU0MUIyRTY0QTQyODQ2NTBGNDJB
NEY2NDc0MkY0RTA2NjQyRjNBRjM4NDJGRDQ1NUU0MkVCNjEzRDQyMzA2NDRB
NDIwMkM3NDc0MkQwNjM1QTQyOENDMjQ5NDI5MjlGN0E0MjE2NTM1QjQyMzRB
Mzg2NDIxODc4NkQ0MkY4RTQ3MDQyREE4MzYzNDIwODBENjc0MjM0RjQ1MzQy
NjE5RTk1NDIwMjdFNUM0MjQ0RDdBMjQyNjQ4QTY5NDIwNjMxNzk0MjRBOTQ4
MDQyQjJFQjBGNDJCRjhCODM0MjBGRUUyMDQyNkQ3RDg1NDI5MkU2MjA0MjU5
NDk4NTQyODcxMEEzNDJENDlBODk0MjExNDJFNDQyMjhFQzc1NDJCRDk2OTg0
MkEyODk4NjQyNjEwMjBDNDJDRTFDN0Q0MkQwNjM0ODQyQzY4Mzc4NDIzRjND
ODI0MjFERkU3ODQyQjkxQ0IyNDIyMjY2N0M0Mjc1QzNDRjQyRDUwNzc2NDIw
RjE5QzE0MjlFQTk3RTQyRjUxMzg4M0YyOUQwODk0MDUxQkEwNjQxQ0RENEVG
NDBEMUNCOTA0MDlBRjFBMzQwQ0E2MzgyNDA4NkYzOEI0MDM1NjlGQTQwNUQ2
NzYyNDBFMDE1OTkzRjA0MTk5RTNGOENEM0MwM0Y3NDE3MDE0MDA2NEU3OTNG
QkRBMzNBM0ZEQzlFMzAzRjRBNjE1RTNGQjdEQkIyM0ZCMTE5QkMzRjFDODBE
OTNGQUUzQkNFM0YyQjkzNDMzRjgxMjczOTNGQjdEODM4M0Y0MjgyMDUzRkY1
OUM2NDNGQ0NDMTI0M0Y3RkI1MEEzRkVBQTU0NDNGNjlGNTExM0Y3QTI1MjUz
RkI3QjgyODNGQ0I3MTFFM0Y5MkU1MkQzRjc4MTZGMTNFQTQ0NEY4M0UxRDdC
RDIzRTVDN0E3NDNFNTE2QjJFM0U5QTIzNUMzRTJFRjUyQTNFMDJFNDc3M0Uz
Mzc3MTczRUVDODcwOTNFREFEQTI2M0U2Qw==

--SBD.Boundary.605592468
PROCESS /noc/users/iridburst/exec/irid_300224010734970_upd.pl
Last Run  ----1970-01-01 00:00:00 
MONTH  5 
DATA  xxrecord 2012-05-08 05:00:05 :: $W5M5A,120508,050005,660d0028449ce246,1,DAS 2,4901.0554N,1621.7379W,18.1,71,22.0,14.0,10.9,72.8,6.3,11.0,73.3,6.4,1006.4,2.44,3.73,10,22,27*4E
 
INSERT
STATION sbdservice
IRID_ID 300224010734970
BODY 
Content-Type: application/x-zip-compressed; name="SBMmessage.sbd"
Content-Disposition: attachment; filename="300224010734970_003137.sbd"
Content-Transfer-Encoding: base64

JFc1TTVBLDEyMDUwOCwwNjAwMDUsNjYwZDAwMjg0NDljZTI0NiwxLERBUyAy
LDQ5MDEuMTU1N04sMTYyMS45NTA2VywxNy45LDc5LDIxLjYsMTQuMCwxMS4w
LDcxLjQsNi4wLDExLjAsNzIuMCw2LjEsMTAwNi40LDIuNDEsMy42NCw4Ljcs
MjQsMjcqNjMNCg0KJFc1TTVBLDEyMDUwOCwwNjAwMDUsNjYwZDAwMjg0NDlj
ZTI0NiwyLERBUyAyLDEzLjAsMTMuMSwwLjIsMC40LDAuMDEsODQyLDg0OCwx
NTYsNjI3LDAsMjg0LjEsMTMuODgsOTI1KjYxDQoNCiRXNU01QSwxMjA1MDgs
MDYwMDA1LDY2MGQwMDI4NDQ5Y2UyNDYsMyw3RjAwNzMwMjNBMDAwMDUzMzIz
MDMxMzIzMDM1MzAzODMwMzUzNDMwMzAzMDU1NTkwMDMxMzIzMDM1MzAzODMw
MzUzNDMwMkM1NDQxNDIzMDMwMzAzMDMwMkMyRDMwMzUzMTJFMzEyQzJDMzEz
MjJFMzUzMjJDMzQyRTMwMkMzMzM2MzAzMDJDMzYzMDJDMzYzMDJDMzEyQzMw
MzAzNTM3MzAyQzMzMkUzNDMyMkMzMTJFMzIzNjJDMzQyQzMwMkMzMDJFMzEz
NzMyMkMyQjMwMzAyRTMwMEQwQTg2MTAyQzM4OUYzNzdGMDA2NzAyM0EwMDAw
NTczMjMwMzEzMjMwMzUzMDM4MzAzNTM0MzAzMDMwRkY0RDAwMDA4MEZCNDQw
MDAwRkU0MzAwRjA1MjQ3MDAwMEY2NDJFMzREQzgzRkM0NDBEMDQwMDZFMTY4
NDA2RDMzMUE0MDAyOEQwMDQxODAwNTM5NDBFQjgxMDg0MTMwRTFDODQwNjUy
MTBCNDE3NDNDMEE0MTEzMjcyMDQwQUM2NEMzNDE5QkY2REE0MTE2QTk4RjND
MkUxQzI2MzhBOTRBN0YwMjhBMDIzQTAwMDA0QjU2NDgyMDM3MzIzMDMxMzIz
MDM1MzAzODMwMzUzNDMwMzAzMDMyMDAwMDAwN0IxNEFFM0QwQUQ3QTMzQkE5
NjRDMzQxOThGNkRBNDE4RjQxMTY0MUMyNEMzRTQyMjZDNDk3NDFCRjE2RTQ0
MTJDMDNDMDQxMDNBM0E3NDEyNDRGRDk0MUM4ODk5MzQxNkI1M0Q1NDE2QTFE
ODY0MTQwMjFBQTQxNjBGODc5NDEzMTUxOTY0MUYyMEI2QzQxQTZFMzg4NDEz
M0M3NkQ0MUJDQzE1NDQxMjU3Njg4NDEyQUE1MTE0MUQ3NjNCMTQxQkFBRDg3
NDFDMDM1RjE0MThCMzRBMjQxODdCRDA0NDI1OUIxNkQ0MUE0QTUwQjQyRkZF
RUExNDA2REU4RjY0MTk4NUJDMzQwQ0VGOUU0NDFBM0M1NkQ0MUMyOTZGQTQx
NDJCNThFNDE4RDVFRkI0MTQ4QjQ1RDQxMzNBNkY2NDEwNzAyNTc0MTRCNzgw
NzQyQTYwNDkzNDEwREYzMEQ0MjVDMkZBMDQxRUI4NzAxNDJCOTM5OTc0MTk0
MjdGRjQxM0EzMEJDNDFFREUxMDM0MjlERjMxNTQyOENBMzA0NDIwRDhGMUU0
MkExN0UxODQyNjlGRTAzNDI3MTIwMzM0MjhBRDBEMzQxQUE2MjQyNDI1OTIz
Mjc0Mjg0MzM0NzQyMzZGQTYzNDI5OEM3NEQ0MkFFQzk4NzQyOTNCOTcyNDI1
NDA1NjE0MjZEQTI2NzQyRTJGMzRBNDJEQTBDNjI0MjkzMjEwRTQyNTQ0Mjgz
NDJCQkI5QjA0MUJERTI4MDQyMUEzNjM3NDI3QjQ1NzY0Mjk1NUM5MjQyRDJE
ODZCNDIwRjI4QTk0MkYzREU2MzQyNTAzQTkxNDJDNTBGNkQ0MkUxMUU1QTQy
NjVEMzcyNDIwQTU1Nzc0MjRDNDc3MjQyNTQwMUE1NDI1QkI5NUY0MkVCRThC
NzQyMDE0NjQxNDIyQkNDQzI0MkM3QjEzQzQyQTlEQ0RBNDJERkE5NzY0MkM3
OTJGMTQyN0U2NTkyNDIwMUVGRDc0MjM4RTY4RDQyRDZFM0Q1NDI2RUEzNkM0
MkYyMjlENDQyRkY3NjY5NDJEMTBBQzE0MjNENzQ4MDQyOURGMUEyNDJCMERB
ODY0MkQwMjY3MjNGQUFCRjI1NDBCRUEyNjI0MERERjlCNjQwOUEwODlDNDBB
QkUyOEY0MDc1MjkwRTQxREM0QTA1NDE4OEEzNTM0MDk3Q0FCRTNGNjRBQTdB
M0ZEREM4REUzRjMwRjM4MjNGMzcxOEJFM0YwQzQ4MDE0MDlERDg3NTNGRjE2
MDcwM0YzQ0YwQzMzRjBGQjg4RjNGNjE4NDhGM0YwQjM1RTgzRjhCRjUyQzQw
MEZEQ0MyM0YyODk5QUMzRjk5MEFDQTNGQzNDQTUyM0Y5MDdDNjQzRjk4RUM5
RTNGMjA0OUFCM0ZGRDZEQjIzRUM3MzdGNTNFOUUzRjNBM0Y0N0JFREYzRTUw
NEJCOTNFRjIzQzBGM0YzREUyRTgzRUY3Nzg5RjNFQjhEQTU2M0VGQUY4QjAz
RTZBREQ3MTNFQzZGRUQ1M0UzNzlGMDAzRg==

--SBD.Boundary.605592468
PROCESS /noc/users/iridburst/exec/irid_300224010734970_upd.pl
Last Run  ----1970-01-01 00:00:00 
MONTH  5 
DATA  xxrecord 2012-05-08 06:00:05 :: $W5M5A,120508,060005,660d0028449ce246,1,DAS 2,4901.1557N,1621.9506W,17.9,79,21.6,14.0,11.0,71.4,6.0,11.0,72.0,6.1,1006.4,2.41,3.64,8.7,24,27*63
 
INSERT
STATION sbdservice
IRID_ID 300224010734970
BODY 
Content-Type: application/x-zip-compressed; name="SBMmessage.sbd"
Content-Disposition: attachment; filename="300224010734970_003138.sbd"
Content-Transfer-Encoding: base64

JFc1TTVBLDEyMDUwOCwwNzAwMDUsNjYwZDAwMjg0NDljZTI0NiwxLERBUyAy
LDQ5MDEuMjk5ME4sMTYyMi4yNDUwVywxOC40LDg5LDIyLjcsMTQuMCwxMC44
LDc1LjksNi43LDEwLjgsNzYuMyw2LjgsMTAwNi4xLDIuNTEsMy40OSw5LjUs
MjYsMjkqNjcNCg0KJFc1TTVBLDEyMDUwOCwwNzAwMDUsNjYwZDAwMjg0NDlj
ZTI0NiwyLERBUyAyLDEzLjAsMTMuMSwwLjIsMC40LDAuMDEsODQzLDg0OSwx
NTYsNjI4LDAsMzI4LjYsMTMuODgsOTIxKjZCDQoNCiRXNU01QSwxMjA1MDgs
MDcwMDA1LDY2MGQwMDI4NDQ5Y2UyNDYsMyw3RjAwNzMwMjNBMDAwMDUzMzIz
MDMxMzIzMDM1MzAzODMwMzYzNDMwMzAzMDU1NTkwMDMxMzIzMDM1MzAzODMw
MzYzNDMwMkM1NDQxNDIzMDMwMzAzMDMwMkMyRDMwMzUzMTJFMzEyQzJDMzEz
MjJFMzUzMjJDMzQyRTMwMkMzMzM2MzAzMDJDMzYzMDJDMzYzMDJDMzEyQzMw
MzAzNTM3MzAyQzMzMkUzNDMyMkMzMTJFMzIzNjJDMzUyQzMwMkMzMDJFMzEz
NzMyMkMyQjMwMzAyRTMwMEQwQTg4MTAxNTFDMDA3QzdGMDA2NzAyM0EwMDAw
NTczMjMwMzEzMjMwMzUzMDM4MzAzNjM0MzAzMDMwRkY0RDAwMDA4MEZCNDQw
MDAwRkU0MzAwMDA3QTQ3MDAwMDAzNDMwQTRFQ0UzRjY4QkNDNDQwMkU0RTVG
NDAyREFDMjA0MEQ5OUVFRDQwRUVFNjQzNDBGOUVFRkE0MDI5OTRDOTQwODY2
MTE4NDE2MkRGMEY0MTZEOUIyODQwNjJCM0NFNDEzOUU5RTk0MUMwOThBMDND
RkIxRkExNjMzRDQwN0YwMjcyMDIzQTAwMDA0QjU2NDgyMDM3MzIzMDMxMzIz
MDM1MzAzODMwMzYzNDMwMzAzMDMwMDAwMDAwRUI1MUI4M0QwQUQ3QTMzQjVD
QjNDRTQxMzNFOUU5NDE5NUM1QTc0MUFENTVENTQxQ0I4M0FCNDE5NkQ4QjE0
MUY3QkU5RDQxQzFDQ0FDNDFGOUUzQTI0MUYyODk5MjQxRDc0NUE0NDEyMDIy
ODg0MTRCMEFBMDQxOUM3QzkxNDE5QzREOTY0MTk1MTdBMDQxNzU0MjVCNDEx
MkZGQzQ0MUZCNzc1NTQxQUEwMkU5NDFGMDY2QTU0MTY5OEFEMDQxN0FDNUFB
NDE0RUNGQjg0MTdBNjI4ODQxODIyNkQxNDE5RTdENjU0MUY0REZFNDQxQjIy
QkIwNDEyOTdGRUQ0MTYxODNCMDQxQThCQTAyNDJDRTUxNjE0MTNFQjFGQjQx
NjMxQjkxNDFGNEQ3RkM0MUQyRTdEODQxQjY3OEZFNDFEMTg3MDI0MjhCMzIw
NzQyMDE2MjAyNDIwNkRFMjM0MjgxNjUzRTQxNTRFQjIyNDIyOUM3RUY0MDJB
NkMxMTQyMTZFNzM0NDEwRTUxMUU0MjBDQUI5QzQxNzJCMTQyNDI4QTVEMzQ0
MjU2NTM2NzQyNTVFNDgxNDI5QkVENTI0MkJEQkQ5ODQyQURBMTNCNDJBMDZF
QTQ0MjE1NDI0NjQyNTk3NThBNDI0OEFENUQ0MjBDRTQ3MzQyOUVCNzYxNDJG
Q0FBOTc0MjlEQTM2MTQyRjY2NjlCNDI5QUUzNzE0MkRCMzA4MjQyRTlCNzgw
NDI0RjFENUE0MkQzMTI3RTQyQkFCODlDNDI4NzI1ODM0MkM0N0ZERjQyQzgz
NTc5NDJCMjhEREE0MjgwNTI3NzQyNUNGNUQ3NDIyRjlDNzY0MkUxN0FFMDQy
QzRBQjc3NDJCOUNDQUE0MjZCNDQ4NjQyRTE1RTBBNDI0Q0IxNzk0MjEwQkVD
NzQxQTIyQTZGNDJCQzcxMjQ0MjM0NUU4RDQyQThDOTFGNDJDMTY4OTA0MkI0
Q0Y3RjQxMTI4QTgwNDJEQTIzNDM0MTA5RDc4MDQyNkFEQTlGNDJCRjkwOTg0
MjFGNDJFNDQyQzYwNTkyNDJCRTkyOUEzRjdGMUQyOTQwNjc2Njg5NDAwODAx
MDU0MTUwQjlFNzQwQTI5MkVDNDA1MUE0RDY0MDg0MTAzRDQwOTQxODEzNDBG
RUREMzg0MDc4QTY4OTQwNzVBMTM1NDA2NzA3MjU0MENGMTUyNTQwNTM4QzA5
NDBCNkVFREIzRjUzODA1RjNGODM5RUQzM0ZCRUJDMzc0MDA1QkE5MTNGQjEw
QjkxM0ZFREUwQUEzRjU4OTY1RTNGODVCMzYxM0YxNzhCMDYzRjAwMDY3MDNG
RkZDNzkyM0YyRjJGODUzRjk3MDM2ODNGODc2NzIwM0YyMzgzNjEzRjUwNTc4
NTNGQjkwNjcwM0YyRTlCQkMzRUE4MzI3NDNFRDUyRTg3M0VDOEM2QTkzRTZE
RENDQzNFNzkzRDg5M0VGNTdGNUEzRUM1Mjg3ODNFMUQxRDRBM0VDNERDN0Iz
RUVGMzk1QTNFMDZCQkE1M0VDNTQ4MUQzRQ==

--SBD.Boundary.605592468
PROCESS /noc/users/iridburst/exec/irid_300224010734970_upd.pl
Last Run  ----1970-01-01 00:00:00 
MONTH  5 
DATA  xxrecord 2012-05-08 07:00:05 :: $W5M5A,120508,070005,660d0028449ce246,1,DAS 2,4901.2990N,1622.2450W,18.4,89,22.7,14.0,10.8,75.9,6.7,10.8,76.3,6.8,1006.1,2.51,3.49,9.5,26,29*67
 
INSERT
STATION sbdservice
IRID_ID 300224010734970
BODY 
Content-Type: application/x-zip-compressed; name="SBMmessage.sbd"
Content-Disposition: attachment; filename="300224010734970_003139.sbd"
Content-Transfer-Encoding: base64

JFc1TTVBLDEyMDUwOCwwODAwMDUsNjYwZDAwMjg0NDljZTI0NiwxLERBUyAy
LDQ5MDEuNDQxOU4sMTYyMi41NTU2VywyMC4zLDk1LDI0LjMsMTQuMCwxMC4z
LDc3LjcsNi42LDEwLjQsNzcuOSw2LjcsMTAwNS45LDIuMzksNC43OSw5LjEs
MjcsMzIqNjENCg0KJFc1TTVBLDEyMDUwOCwwODAwMDUsNjYwZDAwMjg0NDlj
ZTI0NiwyLERBUyAyLDEzLjAsMTMuMSwwLjIsMC41LDAuMDEsODQ0LDg1MCwx
NTYsNjI3LDAsMTg2LjEsMTQuMjcsOTI1KjYyDQoNCiRXNU01QSwxMjA1MDgs
MDgwMDA1LDY2MGQwMDI4NDQ5Y2UyNDYsMyw3RjAwNzMwMjNBMDAwMDUzMzIz
MDMxMzIzMDM1MzAzODMwMzczNDMwMzAzMDU1NTkwMDMxMzIzMDM1MzAzODMw
MzczNDMwMkM1NDQxNDIzMDMwMzAzMDMwMkMyRDMwMzUzMTJFMzEyQzJDMzEz
MjJFMzUzMjJDMzQyRTMwMkMzMzM2MzAzMDJDMzYzMDJDMzYzMDJDMzEyQzMw
MzAzNTM3MzAyQzMzMkUzNDMyMkMzMTJFMzIzNjJDMzYyQzMwMkMzMDJFMzEz
NzMyMkMyQjMwMzAyRTMwMEQwQThBMTBBQkJGRjVEQzdGMDA2NzAyM0EwMDAw
NTczMjMwMzEzMjMwMzUzMDM4MzAzNzM0MzAzMDMwRkY0RDAwMDA4MEZCNDQw
MDAwRkU0MzAwODg5MDQ3MDAwMDAzNDNEQzkwQzYzRjE5RTBDMzQwM0Y0MTk5
NDAzOEYzMTg0MDU3OTdFRTQwOTA1NDQ0NDAzNkI0RkI0MEM4RUZDMDQwNUQ3
NDExNDE0RDAxMDY0MTkzMDgyMzQwNDQ3MERBNDEyNDQ0RkM0MUI1N0E5MjND
QzExRDVGRTYwQkRGN0YwMjhBMDIzQTAwMDA0QjU2NDgyMDM3MzIzMDMxMzIz
MDM1MzAzODMwMzczNDMwMzAzMDMyMDAwMDAwMEFEN0EzM0QwQUQ3QTMzQjNF
NzBEQTQxMUU0NEZDNDFEQzg4QUE0M0FERjU4MjQyRDhGNjExNDEwQjJDMzQ0
MjQwMTI3MzQxMjlDQUVFNDE0RTREODQ0MUE4QkZDMDQxNzJBRDhCNDFBNTJF
QTI0MTI3RUE4RDQxQTE1NDhGNDEyNzhCOEQ0MTczQTI5MTQxM0NDQjcyNDEw
MkFGOUE0MTZCMTExOTQxQzVDRUFFNDFFMEM1MDk0MUY2MjdDOTQxMURBMjgx
NDEzNDFBQTI0MTI0QUE4OTQxMDIxQkE0NDE1OTM5N0Q0MTBCMDdENTQxQ0Y0
NDdGNDFBMjkwQ0M0MTE2MDc4NjQxRjM4N0M2NDEzRjU3OUI0MTAyRDRGOTQx
OEJGRjkxNDE3MEVFMDM0MjI3MkM4QjQxRUFEMDBGNDIyNTBBODY0MThDQUEw
RDQyNEJEQTc3NDE2NzM2RjU0MTk3Qjc5OTQxMTgzMUYzNDE0QkQ1Q0M0MUUy
Q0EwRjQyQzg0QUYxNDEyODdEMkE0MjUyMTYyMjQyNEJEMTQxNDIzQUVGN0E0
MjlDNzUzQTQyNzlERTkwNDJCNUIwMjM0MkY5Nzc4QjQyMzYwNTI4NDI1MEFD
NzE0MjY1RjI0MzQyQzcyNDVBNDI2QzUwNTk0MkRDMUY2NTQyNDgwOTVCNDIy
NkFDNkU0MjFDRjc3MDQyM0JERDdFNDJCNDY0NzU0Mjc2OTA4NjQyOTlCRDY0
NDI2MTJFOEI0MjY4Q0Q3MDQyNEIzRkE0NDJEQzdEODc0MkYyM0JDOTQyMTc1
MDdBNDIyQzNBREU0MkI2OEU2NjQyMDAzOUYxNDJFODFBN0I0MkQ0RTJFNTQy
RDA4Njg3NDI2N0I3QjE0Mjk3N0I5MDQyQUNEMDU4NDI1Qjc2OTI0MjhBNkM5
RDQyNDBCNTg3NDJBMkY4QjQ0MjdDOTE3RTQyNUEwRUI5NDIzN0E5OEY0MjAx
MzUwNjQzNDlEOTg3NDIxNEYwMDY0Mzc2MTg2QTQyNzU3NkZDNDI5M0QxNzM0
Mjc4RDZGRTQyNDBENDdBNDIzREREMEE0MzdBQUQ3MDQyN0MwRDBGNDNDQzI0
NzA0MjIwODU1RDNFRjRBQzQ1M0ZENjFBRUIzRjQ4NDZDRDNGOTgzMjQ3NDBE
QzkwOTY0MEMyNTFCNzQwMDkzNUIxNDA0OEY1QTQ0MEQ5OUQwNTQwNzMwNTk5
NDA1NzA3QUI0MDI4OUJGQzNGNDNEMDMwNDBCNTg0QkIzRjBENjlERTNGNTU4
MEZFM0ZGNjgyQjQzRjhFNUJFNzNGNDc0QTE5NDBDQzUwRkIzRjI5M0QxNTQw
RjQwM0Y4M0ZDRUMzNTUzRjBBMkI2OTNGRjg3MUIxM0YxRTRERTMzRjQ2NDBB
NjNGMURFRThFM0YyODIwMkEzRjUzMDAzNTNGOTg3NzdGM0YwOUIzODkzRjg0
QzEyNTNGRjhFMjQ1M0YxMzYyNDYzRjc2ODQzNTNGM0E4MkM5M0VCRUZEQjIz
RTI3QjA5RTNFQkZCNEE2M0U3NDhGQjYzRQ==

--SBD.Boundary.605592468
PROCESS /noc/users/iridburst/exec/irid_300224010734970_upd.pl
Last Run  ----1970-01-01 00:00:00 
MONTH  5 
DATA  xxrecord 2012-05-08 08:00:05 :: $W5M5A,120508,080005,660d0028449ce246,1,DAS 2,4901.4419N,1622.5556W,20.3,95,24.3,14.0,10.3,77.7,6.6,10.4,77.9,6.7,1005.9,2.39,4.79,9.1,27,32*61
 
INSERT
STATION sbdservice
IRID_ID 300224010734970
BODY --

From sbdservice@sbd.iridium.com Tue May 8 10:01:43 2012
Return-Path: <sbdservice@sbd.iridium.com>
Received: from istbsp02.sbd.iridium.com (outbound.sbd.iridium.com [12.47.179.11])
	by mercury.noc.soton.ac.uk (8.13.1/8.12.11) with ESMTP id q4891dIQ003384
	for <iridburst@noc.soton.ac.uk>; Tue, 8 May 2012 10:01:39 +0100
Reply-To: <sbdservice@sbd.iridium.com>
From: sbdservice@sbd.iridium.com
To: iridburst@noc.soton.ac.uk
Subject: SBD Msg From Unit: 300224010734970
MIME-Version: 1.0
Content-Type: multipart/mixed;boundary="SBD.Boundary.605592468"
Message-Id: <19740412024625.8F9E7CDB7343E838@istbsp02.sbd.iridium.com>
Date: Tue,  8 May 2012 09:01:39 +0000 (GMT)
X-NOCS-MailScanner-Information: Please contact the ISP for more information
X-NOCS-MailScanner-ID: q4891dIQ003384
X-NOCS-MailScanner: Found to be clean
X-NOCS-MailScanner-SpamCheck: not spam (whitelisted),
	SpamAssassin (not cached, score=-6.599, required 5,
	autolearn=not spam, BAYES_00 -2.60, RCVD_IN_DNSWL_MED -4.00)
X-NOCS-MailScanner-From: sbdservice@sbd.iridium.com
X-Spam-Status: No

SBM Message
--SBD.Boundary.605592468
PROCESS /noc/users/iridburst/exec/irid_300224010734970_upd.pl
Last Run  ----1970-01-01 00:00:00 
MONTH  5 
DATA  xxrecord 2012-05-08 08:00:05 :: $W5M5A,120508,080005,660d0028449ce246,1,DAS 2,4901.4419N,1622.5556W,20.3,95,24.3,14.0,10.3,77.7,6.6,10.4,77.9,6.7,1005.9,2.39,4.79,9.1,27,32*61
 
STATION sbdservice
IRID_ID 300224010734970
BODY --

From sbdservice@sbd.iridium.com Tue May 8 11:01:01 2012
Return-Path: <sbdservice@sbd.iridium.com>
Received: from istbsp02.sbd.iridium.com (outbound.sbd.iridium.com [12.47.179.11])
	by mercury.noc.soton.ac.uk (8.13.1/8.12.11) with ESMTP id q48A0u61013045
	for <iridburst@noc.soton.ac.uk>; Tue, 8 May 2012 11:00:56 +0100
Reply-To: <sbdservice@sbd.iridium.com>
From: sbdservice@sbd.iridium.com
To: iridburst@noc.soton.ac.uk
Subject: SBD Msg From Unit: 300224010734970
MIME-Version: 1.0
Content-Type: multipart/mixed;boundary="SBD.Boundary.605592468"
Message-Id: <19740412024625.7DF15DF9F3435DD3@istbsp02.sbd.iridium.com>
Date: Tue,  8 May 2012 10:00:55 +0000 (GMT)
X-NOCS-MailScanner-Information: Please contact the ISP for more information
X-NOCS-MailScanner-ID: q48A0u61013045
X-NOCS-MailScanner: Found to be clean
X-NOCS-MailScanner-SpamCheck: not spam (whitelisted),
	SpamAssassin (not cached, score=-6.599, required 5,
	autolearn=not spam, BAYES_00 -2.60, RCVD_IN_DNSWL_MED -4.00)
X-NOCS-MailScanner-From: sbdservice@sbd.iridium.com
X-Spam-Status: No

SBM Message
--SBD.Boundary.605592468
PROCESS /noc/users/iridburst/exec/irid_300224010734970_upd.pl
Last Run  ----1970-01-01 00:00:00 
MONTH  5 
DATA  xxrecord 2012-05-08 08:00:05 :: $W5M5A,120508,080005,660d0028449ce246,1,DAS 2,4901.4419N,1622.5556W,20.3,95,24.3,14.0,10.3,77.7,6.6,10.4,77.9,6.7,1005.9,2.39,4.79,9.1,27,32*61
 
STATION sbdservice
IRID_ID 300224010734970
BODY --

From sbdservice@sbd.iridium.com Tue May 8 12:01:02 2012
Return-Path: <sbdservice@sbd.iridium.com>
Received: from istbsp02.sbd.iridium.com (outbound.sbd.iridium.com [12.47.179.11])
	by mercury.noc.soton.ac.uk (8.13.1/8.12.11) with ESMTP id q48B0vJC023405
	for <iridburst@noc.soton.ac.uk>; Tue, 8 May 2012 12:00:57 +0100
Reply-To: <sbdservice@sbd.iridium.com>
From: sbdservice@sbd.iridium.com
To: iridburst@noc.soton.ac.uk
Subject: SBD Msg From Unit: 300224010734970
MIME-Version: 1.0
Content-Type: multipart/mixed;boundary="SBD.Boundary.605592468"
Message-Id: <19740412024625.1E847CDB7B40A56A@istbsp02.sbd.iridium.com>
Date: Tue,  8 May 2012 11:00:56 +0000 (GMT)
X-NOCS-MailScanner-Information: Please contact the ISP for more information
X-NOCS-MailScanner-ID: q48B0vJC023405
X-NOCS-MailScanner: Found to be clean
X-NOCS-MailScanner-SpamCheck: not spam (whitelisted),
	SpamAssassin (not cached, score=-6.599, required 5,
	autolearn=not spam, BAYES_00 -2.60, RCVD_IN_DNSWL_MED -4.00)
X-NOCS-MailScanner-From: sbdservice@sbd.iridium.com
X-Spam-Status: No

SBM Message
--SBD.Boundary.605592468
PROCESS /noc/users/iridburst/exec/irid_300224010734970_upd.pl
Last Run  ----1970-01-01 00:00:00 
MONTH  5 
DATA  xxrecord 2012-05-08 08:00:05 :: $W5M5A,120508,080005,660d0028449ce246,1,DAS 2,4901.4419N,1622.5556W,20.3,95,24.3,14.0,10.3,77.7,6.6,10.4,77.9,6.7,1005.9,2.39,4.79,9.1,27,32*61
 
STATION sbdservice
IRID_ID 300224010734970
BODY --

From sbdservice@sbd.iridium.com Tue May 8 13:01:07 2012
Return-Path: <sbdservice@sbd.iridium.com>
Received: from istbsp02.sbd.iridium.com (outbound.sbd.iridium.com [12.47.179.11])
	by mercury.noc.soton.ac.uk (8.13.1/8.12.11) with ESMTP id q48C11oZ032534
	for <iridburst@noc.soton.ac.uk>; Tue, 8 May 2012 13:01:02 +0100
Reply-To: <sbdservice@sbd.iridium.com>
From: sbdservice@sbd.iridium.com
To: iridburst@noc.soton.ac.uk
Subject: SBD Msg From Unit: 300224010734970
MIME-Version: 1.0
Content-Type: multipart/mixed;boundary="SBD.Boundary.605592468"
Message-Id: <19740412024625.ABD65CDB7763ABA0@istbsp02.sbd.iridium.com>
Date: Tue,  8 May 2012 12:01:01 +0000 (GMT)
X-NOCS-MailScanner-Information: Please contact the ISP for more information
X-NOCS-MailScanner-ID: q48C11oZ032534
X-NOCS-MailScanner: Found to be clean
X-NOCS-MailScanner-SpamCheck: not spam (whitelisted),
	SpamAssassin (not cached, score=-6.599, required 5,
	autolearn=not spam, BAYES_00 -2.60, RCVD_IN_DNSWL_MED -4.00)
X-NOCS-MailScanner-From: sbdservice@sbd.iridium.com
X-Spam-Status: No

SBM Message
--SBD.Boundary.605592468
PROCESS /noc/users/iridburst/exec/irid_300224010734970_upd.pl
Last Run  ----1970-01-01 00:00:00 
MONTH  5 
DATA  xxrecord 2012-05-08 08:00:05 :: $W5M5A,120508,080005,660d0028449ce246,1,DAS 2,4901.4419N,1622.5556W,20.3,95,24.3,14.0,10.3,77.7,6.6,10.4,77.9,6.7,1005.9,2.39,4.79,9.1,27,32*61
 
STATION sbdservice
IRID_ID 300224010734970
BODY --

From sbdservice@sbd.iridium.com Tue May 8 14:00:58 2012
Return-Path: <sbdservice@sbd.iridium.com>
Received: from istbsp01.sbd.iridium.com (outbound.sbd.iridium.com [12.47.179.11])
	by mercury.noc.soton.ac.uk (8.13.1/8.12.11) with ESMTP id q48D0s3P009132
	for <iridburst@noc.soton.ac.uk>; Tue, 8 May 2012 14:00:54 +0100
Reply-To: <sbdservice@sbd.iridium.com>
From: sbdservice@sbd.iridium.com
To: iridburst@noc.soton.ac.uk
Subject: SBD Msg From Unit: 300224010734970
MIME-Version: 1.0
Content-Type: multipart/mixed;boundary="SBD.Boundary.605592468"
Message-Id: <19740412024625.60125CCB333FED84@istbsp01.sbd.iridium.com>
Date: Tue,  8 May 2012 13:00:53 +0000 (GMT)
X-NOCS-MailScanner-Information: Please contact the ISP for more information
X-NOCS-MailScanner-ID: q48D0s3P009132
X-NOCS-MailScanner: Found to be clean
X-NOCS-MailScanner-SpamCheck: not spam (whitelisted),
	SpamAssassin (not cached, score=-6.599, required 5,
	autolearn=not spam, BAYES_00 -2.60, RCVD_IN_DNSWL_MED -4.00)
X-NOCS-MailScanner-From: sbdservice@sbd.iridium.com
X-Spam-Status: No

SBM Message
--SBD.Boundary.605592468
PROCESS /noc/users/iridburst/exec/irid_300224010734970_upd.pl
Last Run  ----1970-01-01 00:00:00 
MONTH  5 
DATA  xxrecord 2012-05-08 08:00:05 :: $W5M5A,120508,080005,660d0028449ce246,1,DAS 2,4901.4419N,1622.5556W,20.3,95,24.3,14.0,10.3,77.7,6.6,10.4,77.9,6.7,1005.9,2.39,4.79,9.1,27,32*61
 
STATION sbdservice
IRID_ID 300224010734970
BODY --

From sbdservice@sbd.iridium.com Tue May 8 15:00:58 2012
Return-Path: <sbdservice@sbd.iridium.com>
Received: from istbsp01.sbd.iridium.com (outbound.sbd.iridium.com [12.47.179.11])
	by mercury.noc.soton.ac.uk (8.13.1/8.12.11) with ESMTP id q48E0r08020049
	for <iridburst@noc.soton.ac.uk>; Tue, 8 May 2012 15:00:53 +0100
Reply-To: <sbdservice@sbd.iridium.com>
From: sbdservice@sbd.iridium.com
To: iridburst@noc.soton.ac.uk
Subject: SBD Msg From Unit: 300224010734970
MIME-Version: 1.0
Content-Type: multipart/mixed;boundary="SBD.Boundary.605592468"
Message-Id: <19740412024625.F7484EEABF0CFD22@istbsp01.sbd.iridium.com>
Date: Tue,  8 May 2012 14:00:51 +0000 (GMT)
X-NOCS-MailScanner-Information: Please contact the ISP for more information
X-NOCS-MailScanner-ID: q48E0r08020049
X-NOCS-MailScanner: Found to be clean
X-NOCS-MailScanner-SpamCheck: not spam (whitelisted),
	SpamAssassin (not cached, score=-6.599, required 5,
	autolearn=not spam, BAYES_00 -2.60, RCVD_IN_DNSWL_MED -4.00)
X-NOCS-MailScanner-From: sbdservice@sbd.iridium.com
X-Spam-Status: No

SBM Message
--SBD.Boundary.605592468
PROCESS /noc/users/iridburst/exec/irid_300224010734970_upd.pl
Last Run  ----1970-01-01 00:00:00 
MONTH  5 
DATA  xxrecord 2012-05-08 08:00:05 :: $W5M5A,120508,080005,660d0028449ce246,1,DAS 2,4901.4419N,1622.5556W,20.3,95,24.3,14.0,10.3,77.7,6.6,10.4,77.9,6.7,1005.9,2.39,4.79,9.1,27,32*61
 
STATION sbdservice
IRID_ID 300224010734970
BODY --

From sbdservice@sbd.iridium.com Tue May 8 16:00:59 2012
Return-Path: <sbdservice@sbd.iridium.com>
Received: from istbsp02.sbd.iridium.com (outbound.sbd.iridium.com [12.47.179.11])
	by mercury.noc.soton.ac.uk (8.13.1/8.12.11) with ESMTP id q48F0rvL030584
	for <iridburst@noc.soton.ac.uk>; Tue, 8 May 2012 16:00:54 +0100
Reply-To: <sbdservice@sbd.iridium.com>
From: sbdservice@sbd.iridium.com
To: iridburst@noc.soton.ac.uk
Subject: SBD Msg From Unit: 300224010734970
MIME-Version: 1.0
Content-Type: multipart/mixed;boundary="SBD.Boundary.605592468"
Message-Id: <19740412024625.75B05CC8BF61CAD1@istbsp02.sbd.iridium.com>
Date: Tue,  8 May 2012 15:00:51 +0000 (GMT)
X-NOCS-MailScanner-Information: Please contact the ISP for more information
X-NOCS-MailScanner-ID: q48F0rvL030584
X-NOCS-MailScanner: Found to be clean
X-NOCS-MailScanner-SpamCheck: not spam (whitelisted),
	SpamAssassin (not cached, score=-6.599, required 5,
	autolearn=not spam, BAYES_00 -2.60, RCVD_IN_DNSWL_MED -4.00)
X-NOCS-MailScanner-From: sbdservice@sbd.iridium.com
X-Spam-Status: No

SBM Message
--SBD.Boundary.605592468
PROCESS /noc/users/iridburst/exec/irid_300224010734970_upd.pl
Last Run  ----1970-01-01 00:00:00 
MONTH  5 
DATA  xxrecord 2012-05-08 08:00:05 :: $W5M5A,120508,080005,660d0028449ce246,1,DAS 2,4901.4419N,1622.5556W,20.3,95,24.3,14.0,10.3,77.7,6.6,10.4,77.9,6.7,1005.9,2.39,4.79,9.1,27,32*61
 
STATION sbdservice
IRID_ID 300224010734970
BODY --

From sbdservice@sbd.iridium.com Tue May 8 17:00:59 2012
Return-Path: <sbdservice@sbd.iridium.com>
Received: from istbsp01.sbd.iridium.com (outbound.sbd.iridium.com [12.47.179.11])
	by mercury.noc.soton.ac.uk (8.13.1/8.12.11) with ESMTP id q48G0s9P008730
	for <iridburst@noc.soton.ac.uk>; Tue, 8 May 2012 17:00:55 +0100
Reply-To: <sbdservice@sbd.iridium.com>
From: sbdservice@sbd.iridium.com
To: iridburst@noc.soton.ac.uk
Subject: SBD Msg From Unit: 300224010734970
MIME-Version: 1.0
Content-Type: multipart/mixed;boundary="SBD.Boundary.605592468"
Message-Id: <19740412024625.9AFB7EC9BF0E55C9@istbsp01.sbd.iridium.com>
Date: Tue,  8 May 2012 16:00:51 +0000 (GMT)
X-NOCS-MailScanner-Information: Please contact the ISP for more information
X-NOCS-MailScanner-ID: q48G0s9P008730
X-NOCS-MailScanner: Found to be clean
X-NOCS-MailScanner-SpamCheck: not spam (whitelisted),
	SpamAssassin (not cached, score=-6.599, required 5,
	autolearn=not spam, BAYES_00 -2.60, RCVD_IN_DNSWL_MED -4.00)
X-NOCS-MailScanner-From: sbdservice@sbd.iridium.com
X-Spam-Status: No

SBM Message
--SBD.Boundary.605592468
PROCESS /noc/users/iridburst/exec/irid_300224010734970_upd.pl
Last Run  ----1970-01-01 00:00:00 
MONTH  5 
DATA  xxrecord 2012-05-08 08:00:05 :: $W5M5A,120508,080005,660d0028449ce246,1,DAS 2,4901.4419N,1622.5556W,20.3,95,24.3,14.0,10.3,77.7,6.6,10.4,77.9,6.7,1005.9,2.39,4.79,9.1,27,32*61
 
STATION sbdservice
IRID_ID 300224010734970
BODY --

From sbdservice@sbd.iridium.com Tue May 8 18:01:01 2012
Return-Path: <sbdservice@sbd.iridium.com>
Received: from istbsp01.sbd.iridium.com (outbound.sbd.iridium.com [12.47.179.11])
	by mercury.noc.soton.ac.uk (8.13.1/8.12.11) with ESMTP id q48H0sZT017789
	for <iridburst@noc.soton.ac.uk>; Tue, 8 May 2012 18:00:55 +0100
Reply-To: <sbdservice@sbd.iridium.com>
From: sbdservice@sbd.iridium.com
To: iridburst@noc.soton.ac.uk
Subject: SBD Msg From Unit: 300224010734970
MIME-Version: 1.0
Content-Type: multipart/mixed;boundary="SBD.Boundary.605592468"
Message-Id: <19740412024625.995B6EC9730F960E@istbsp01.sbd.iridium.com>
Date: Tue,  8 May 2012 17:00:51 +0000 (GMT)
X-NOCS-MailScanner-Information: Please contact the ISP for more information
X-NOCS-MailScanner-ID: q48H0sZT017789
X-NOCS-MailScanner: Found to be clean
X-NOCS-MailScanner-SpamCheck: not spam (whitelisted),
	SpamAssassin (not cached, score=-6.599, required 5,
	autolearn=not spam, BAYES_00 -2.60, RCVD_IN_DNSWL_MED -4.00)
X-NOCS-MailScanner-From: sbdservice@sbd.iridium.com
X-Spam-Status: No

SBM Message
--SBD.Boundary.605592468
PROCESS /noc/users/iridburst/exec/irid_300224010734970_upd.pl
Last Run  ----1970-01-01 00:00:00 
MONTH  5 
DATA  xxrecord 2012-05-08 08:00:05 :: $W5M5A,120508,080005,660d0028449ce246,1,DAS 2,4901.4419N,1622.5556W,20.3,95,24.3,14.0,10.3,77.7,6.6,10.4,77.9,6.7,1005.9,2.39,4.79,9.1,27,32*61
 
STATION sbdservice
IRID_ID 300224010734970
BODY --

From sbdservice@sbd.iridium.com Tue May 8 19:01:01 2012
Return-Path: <sbdservice@sbd.iridium.com>
Received: from istbsp01.sbd.iridium.com (outbound.sbd.iridium.com [12.47.179.11])
	by mercury.noc.soton.ac.uk (8.13.1/8.12.11) with ESMTP id q48I0usk025015
	for <iridburst@noc.soton.ac.uk>; Tue, 8 May 2012 19:00:57 +0100
Reply-To: <sbdservice@sbd.iridium.com>
From: sbdservice@sbd.iridium.com
To: iridburst@noc.soton.ac.uk
Subject: SBD Msg From Unit: 300224010734970
MIME-Version: 1.0
Content-Type: multipart/mixed;boundary="SBD.Boundary.605592468"
Message-Id: <19740412024625.2A697CDB371FA8E9@istbsp01.sbd.iridium.com>
Date: Tue,  8 May 2012 18:00:54 +0000 (GMT)
X-NOCS-MailScanner-Information: Please contact the ISP for more information
X-NOCS-MailScanner-ID: q48I0usk025015
X-NOCS-MailScanner: Found to be clean
X-NOCS-MailScanner-SpamCheck: not spam (whitelisted),
	SpamAssassin (not cached, score=-6.599, required 5,
	autolearn=not spam, BAYES_00 -2.60, RCVD_IN_DNSWL_MED -4.00)
X-NOCS-MailScanner-From: sbdservice@sbd.iridium.com
X-Spam-Status: No

SBM Message
--SBD.Boundary.605592468
PROCESS /noc/users/iridburst/exec/irid_300224010734970_upd.pl
Last Run  ----1970-01-01 00:00:00 
MONTH  5 
DATA  xxrecord 2012-05-08 08:00:05 :: $W5M5A,120508,080005,660d0028449ce246,1,DAS 2,4901.4419N,1622.5556W,20.3,95,24.3,14.0,10.3,77.7,6.6,10.4,77.9,6.7,1005.9,2.39,4.79,9.1,27,32*61
 
STATION sbdservice
IRID_ID 300224010734970
BODY --

From sbdservice@sbd.iridium.com Tue May 8 20:01:02 2012
Return-Path: <sbdservice@sbd.iridium.com>
Received: from istbsp01.sbd.iridium.com (outbound.sbd.iridium.com [12.47.179.11])
	by mercury.noc.soton.ac.uk (8.13.1/8.12.11) with ESMTP id q48J0udG031553
	for <iridburst@noc.soton.ac.uk>; Tue, 8 May 2012 20:00:56 +0100
Reply-To: <sbdservice@sbd.iridium.com>
From: sbdservice@sbd.iridium.com
To: iridburst@noc.soton.ac.uk
Subject: SBD Msg From Unit: 300224010734970
MIME-Version: 1.0
Content-Type: multipart/mixed;boundary="SBD.Boundary.605592468"
Message-Id: <19740412024625.EF3D5DCBB31C0BAB@istbsp01.sbd.iridium.com>
Date: Tue,  8 May 2012 19:00:55 +0000 (GMT)
X-NOCS-MailScanner-Information: Please contact the ISP for more information
X-NOCS-MailScanner-ID: q48J0udG031553
X-NOCS-MailScanner: Found to be clean
X-NOCS-MailScanner-SpamCheck: not spam (whitelisted),
	SpamAssassin (not cached, score=-6.599, required 5,
	autolearn=not spam, BAYES_00 -2.60, RCVD_IN_DNSWL_MED -4.00)
X-NOCS-MailScanner-From: sbdservice@sbd.iridium.com
X-Spam-Status: No

SBM Message
--SBD.Boundary.605592468
PROCESS /noc/users/iridburst/exec/irid_300224010734970_upd.pl
Last Run  ----1970-01-01 00:00:00 
MONTH  5 
DATA  xxrecord 2012-05-08 08:00:05 :: $W5M5A,120508,080005,660d0028449ce246,1,DAS 2,4901.4419N,1622.5556W,20.3,95,24.3,14.0,10.3,77.7,6.6,10.4,77.9,6.7,1005.9,2.39,4.79,9.1,27,32*61
 
STATION sbdservice
IRID_ID 300224010734970
BODY --

From sbdservice@sbd.iridium.com Tue May 8 21:00:56 2012
Return-Path: <sbdservice@sbd.iridium.com>
Received: from istbsp01.sbd.iridium.com (outbound.sbd.iridium.com [12.47.179.11])
	by mercury.noc.soton.ac.uk (8.13.1/8.12.11) with ESMTP id q48K0oE8005704
	for <iridburst@noc.soton.ac.uk>; Tue, 8 May 2012 21:00:50 +0100
Reply-To: <sbdservice@sbd.iridium.com>
From: sbdservice@sbd.iridium.com
To: iridburst@noc.soton.ac.uk
Subject: SBD Msg From Unit: 300224010734970
MIME-Version: 1.0
Content-Type: multipart/mixed;boundary="SBD.Boundary.605592468"
Message-Id: <19740412024625.D8C86FF9BB2DF694@istbsp01.sbd.iridium.com>
Date: Tue,  8 May 2012 20:00:49 +0000 (GMT)
X-NOCS-MailScanner-Information: Please contact the ISP for more information
X-NOCS-MailScanner-ID: q48K0oE8005704
X-NOCS-MailScanner: Found to be clean
X-NOCS-MailScanner-SpamCheck: not spam (whitelisted),
	SpamAssassin (not cached, score=-6.599, required 5,
	autolearn=not spam, BAYES_00 -2.60, RCVD_IN_DNSWL_MED -4.00)
X-NOCS-MailScanner-From: sbdservice@sbd.iridium.com
X-Spam-Status: No

SBM Message
--SBD.Boundary.605592468
PROCESS /noc/users/iridburst/exec/irid_300224010734970_upd.pl
Last Run  ----1970-01-01 00:00:00 
MONTH  5 
DATA  xxrecord 2012-05-08 08:00:05 :: $W5M5A,120508,080005,660d0028449ce246,1,DAS 2,4901.4419N,1622.5556W,20.3,95,24.3,14.0,10.3,77.7,6.6,10.4,77.9,6.7,1005.9,2.39,4.79,9.1,27,32*61
 
STATION sbdservice
IRID_ID 300224010734970
BODY --

From sbdservice@sbd.iridium.com Tue May 8 22:00:52 2012
Return-Path: <sbdservice@sbd.iridium.com>
Received: from istbsp01.sbd.iridium.com (outbound.sbd.iridium.com [12.47.179.11])
	by mercury.noc.soton.ac.uk (8.13.1/8.12.11) with ESMTP id q48L0mh4012172
	for <iridburst@noc.soton.ac.uk>; Tue, 8 May 2012 22:00:49 +0100
Reply-To: <sbdservice@sbd.iridium.com>
From: sbdservice@sbd.iridium.com
To: iridburst@noc.soton.ac.uk
Subject: SBD Msg From Unit: 300224010734970
MIME-Version: 1.0
Content-Type: multipart/mixed;boundary="SBD.Boundary.605592468"
Message-Id: <19740412024625.F88E4CF8FB1F3556@istbsp01.sbd.iridium.com>
Date: Tue,  8 May 2012 21:00:48 +0000 (GMT)
X-NOCS-MailScanner-Information: Please contact the ISP for more information
X-NOCS-MailScanner-ID: q48L0mh4012172
X-NOCS-MailScanner: Found to be clean
X-NOCS-MailScanner-SpamCheck: not spam (whitelisted),
	SpamAssassin (not cached, score=-6.599, required 5,
	autolearn=not spam, BAYES_00 -2.60, RCVD_IN_DNSWL_MED -4.00)
X-NOCS-MailScanner-From: sbdservice@sbd.iridium.com
X-Spam-Status: No

SBM Message
--SBD.Boundary.605592468
PROCESS /noc/users/iridburst/exec/irid_300224010734970_upd.pl
Last Run  ----1970-01-01 00:00:00 
MONTH  5 
DATA  xxrecord 2012-05-08 08:00:05 :: $W5M5A,120508,080005,660d0028449ce246,1,DAS 2,4901.4419N,1622.5556W,20.3,95,24.3,14.0,10.3,77.7,6.6,10.4,77.9,6.7,1005.9,2.39,4.79,9.1,27,32*61
 
STATION sbdservice
IRID_ID 300224010734970
BODY --

From sbdservice@sbd.iridium.com Tue May 8 23:01:09 2012
Return-Path: <sbdservice@sbd.iridium.com>
Received: from istbsp01.sbd.iridium.com (outbound.sbd.iridium.com [12.47.179.11])
	by mercury.noc.soton.ac.uk (8.13.1/8.12.11) with ESMTP id q48M13tl019236
	for <iridburst@noc.soton.ac.uk>; Tue, 8 May 2012 23:01:03 +0100
Reply-To: <sbdservice@sbd.iridium.com>
From: sbdservice@sbd.iridium.com
To: iridburst@noc.soton.ac.uk
Subject: SBD Msg From Unit: 300224010734970
MIME-Version: 1.0
Content-Type: multipart/mixed;boundary="SBD.Boundary.605592468"
Message-Id: <19740412024625.F2BD7DD9F70F76B0@istbsp01.sbd.iridium.com>
Date: Tue,  8 May 2012 22:01:02 +0000 (GMT)
X-NOCS-MailScanner-Information: Please contact the ISP for more information
X-NOCS-MailScanner-ID: q48M13tl019236
X-NOCS-MailScanner: Found to be clean
X-NOCS-MailScanner-SpamCheck: not spam (whitelisted),
	SpamAssassin (not cached, score=-6.599, required 5,
	autolearn=not spam, BAYES_00 -2.60, RCVD_IN_DNSWL_MED -4.00)
X-NOCS-MailScanner-From: sbdservice@sbd.iridium.com
X-Spam-Status: No

SBM Message
--SBD.Boundary.605592468
PROCESS /noc/users/iridburst/exec/irid_300224010734970_upd.pl
Last Run  ----1970-01-01 00:00:00 
MONTH  5 
DATA  xxrecord 2012-05-08 08:00:05 :: $W5M5A,120508,080005,660d0028449ce246,1,DAS 2,4901.4419N,1622.5556W,20.3,95,24.3,14.0,10.3,77.7,6.6,10.4,77.9,6.7,1005.9,2.39,4.79,9.1,27,32*61
 
STATION sbdservice
IRID_ID 300224010734970
BODY --

From sbdservice@sbd.iridium.com Wed May 9 00:00:56 2012
Return-Path: <sbdservice@sbd.iridium.com>
Received: from istbsp02.sbd.iridium.com (outbound.sbd.iridium.com [12.47.179.11])
	by mercury.noc.soton.ac.uk (8.13.1/8.12.11) with ESMTP id q48N0qSb026181
	for <iridburst@noc.soton.ac.uk>; Wed, 9 May 2012 00:00:52 +0100
Reply-To: <sbdservice@sbd.iridium.com>
From: sbdservice@sbd.iridium.com
To: iridburst@noc.soton.ac.uk
Subject: SBD Msg From Unit: 300224010734970
MIME-Version: 1.0
Content-Type: multipart/mixed;boundary="SBD.Boundary.605592468"
Message-Id: <19740412024625.90FB4FDA7350A52D@istbsp02.sbd.iridium.com>
Date: Tue,  8 May 2012 23:00:49 +0000 (GMT)
X-NOCS-MailScanner-Information: Please contact the ISP for more information
X-NOCS-MailScanner-ID: q48N0qSb026181
X-NOCS-MailScanner: Found to be clean
X-NOCS-MailScanner-SpamCheck: not spam (whitelisted),
	SpamAssassin (not cached, score=-6.599, required 5,
	autolearn=not spam, BAYES_00 -2.60, RCVD_IN_DNSWL_MED -4.00)
X-NOCS-MailScanner-From: sbdservice@sbd.iridium.com
X-Spam-Status: No

SBM Message
--SBD.Boundary.605592468
PROCESS /noc/users/iridburst/exec/irid_300224010734970_upd.pl
Last Run  ----1970-01-01 00:00:00 
MONTH  5 
DATA  xxrecord 2012-05-08 08:00:05 :: $W5M5A,120508,080005,660d0028449ce246,1,DAS 2,4901.4419N,1622.5556W,20.3,95,24.3,14.0,10.3,77.7,6.6,10.4,77.9,6.7,1005.9,2.39,4.79,9.1,27,32*61
 
STATION sbdservice
IRID_ID 300224010734970
BODY --

From sbdservice@sbd.iridium.com Wed May 9 01:00:55 2012
Return-Path: <sbdservice@sbd.iridium.com>
Received: from istbsp01.sbd.iridium.com (outbound.sbd.iridium.com [12.47.179.11])
	by mercury.noc.soton.ac.uk (8.13.1/8.12.11) with ESMTP id q4900oPh031334
	for <iridburst@noc.soton.ac.uk>; Wed, 9 May 2012 01:00:50 +0100
Reply-To: <sbdservice@sbd.iridium.com>
From: sbdservice@sbd.iridium.com
To: iridburst@noc.soton.ac.uk
Subject: SBD Msg From Unit: 300224010734970
MIME-Version: 1.0
Content-Type: multipart/mixed;boundary="SBD.Boundary.605592468"
Message-Id: <19740412024625.4AFD7EF9773C849E@istbsp01.sbd.iridium.com>
Date: Wed,  9 May 2012 00:00:50 +0000 (GMT)
X-NOCS-MailScanner-Information: Please contact the ISP for more information
X-NOCS-MailScanner-ID: q4900oPh031334
X-NOCS-MailScanner: Found to be clean
X-NOCS-MailScanner-SpamCheck: not spam (whitelisted),
	SpamAssassin (not cached, score=-6.599, required 5,
	autolearn=not spam, BAYES_00 -2.60, RCVD_IN_DNSWL_MED -4.00)
X-NOCS-MailScanner-From: sbdservice@sbd.iridium.com
X-Spam-Status: No

SBM Message
--SBD.Boundary.605592468
PROCESS /noc/users/iridburst/exec/irid_300224010734970_upd.pl
Last Run  ----1970-01-01 00:00:00 
MONTH  5 
DATA  xxrecord 2012-05-08 08:00:05 :: $W5M5A,120508,080005,660d0028449ce246,1,DAS 2,4901.4419N,1622.5556W,20.3,95,24.3,14.0,10.3,77.7,6.6,10.4,77.9,6.7,1005.9,2.39,4.79,9.1,27,32*61
 
STATION sbdservice
IRID_ID 300224010734970
BODY --

From sbdservice@sbd.iridium.com Wed May 9 02:00:59 2012
Return-Path: <sbdservice@sbd.iridium.com>
Received: from istbsp01.sbd.iridium.com (outbound.sbd.iridium.com [12.47.179.11])
	by mercury.noc.soton.ac.uk (8.13.1/8.12.11) with ESMTP id q4910t0G004382
	for <iridburst@noc.soton.ac.uk>; Wed, 9 May 2012 02:00:55 +0100
Reply-To: <sbdservice@sbd.iridium.com>
From: sbdservice@sbd.iridium.com
To: iridburst@noc.soton.ac.uk
Subject: SBD Msg From Unit: 300224010734970
MIME-Version: 1.0
Content-Type: multipart/mixed;boundary="SBD.Boundary.605592468"
Message-Id: <19740412024625.60FE4FCBFB1D9740@istbsp01.sbd.iridium.com>
Date: Wed,  9 May 2012 01:00:54 +0000 (GMT)
X-NOCS-MailScanner-Information: Please contact the ISP for more information
X-NOCS-MailScanner-ID: q4910t0G004382
X-NOCS-MailScanner: Found to be clean
X-NOCS-MailScanner-SpamCheck: not spam (whitelisted),
	SpamAssassin (not cached, score=-6.599, required 5,
	autolearn=not spam, BAYES_00 -2.60, RCVD_IN_DNSWL_MED -4.00)
X-NOCS-MailScanner-From: sbdservice@sbd.iridium.com
X-Spam-Status: No

SBM Message
--SBD.Boundary.605592468
PROCESS /noc/users/iridburst/exec/irid_300224010734970_upd.pl
Last Run  ----1970-01-01 00:00:00 
MONTH  5 
DATA  xxrecord 2012-05-08 08:00:05 :: $W5M5A,120508,080005,660d0028449ce246,1,DAS 2,4901.4419N,1622.5556W,20.3,95,24.3,14.0,10.3,77.7,6.6,10.4,77.9,6.7,1005.9,2.39,4.79,9.1,27,32*61
 
STATION sbdservice
IRID_ID 300224010734970
BODY --

From sbdservice@sbd.iridium.com Wed May 9 03:01:01 2012
Return-Path: <sbdservice@sbd.iridium.com>
Received: from istbsp02.sbd.iridium.com (outbound.sbd.iridium.com [12.47.179.11])
	by mercury.noc.soton.ac.uk (8.13.1/8.12.11) with ESMTP id q4920v85009573
	for <iridburst@noc.soton.ac.uk>; Wed, 9 May 2012 03:00:57 +0100
Reply-To: <sbdservice@sbd.iridium.com>
From: sbdservice@sbd.iridium.com
To: iridburst@noc.soton.ac.uk
Subject: SBD Msg From Unit: 300224010734970
MIME-Version: 1.0
Content-Type: multipart/mixed;boundary="SBD.Boundary.605592468"
Message-Id: <19740412024625.D9C36FDA775061A1@istbsp02.sbd.iridium.com>
Date: Wed,  9 May 2012 02:00:56 +0000 (GMT)
X-NOCS-MailScanner-Information: Please contact the ISP for more information
X-NOCS-MailScanner-ID: q4920v85009573
X-NOCS-MailScanner: Found to be clean
X-NOCS-MailScanner-SpamCheck: not spam (whitelisted),
	SpamAssassin (not cached, score=-6.599, required 5,
	autolearn=not spam, BAYES_00 -2.60, RCVD_IN_DNSWL_MED -4.00)
X-NOCS-MailScanner-From: sbdservice@sbd.iridium.com
X-Spam-Status: No

SBM Message
--SBD.Boundary.605592468
PROCESS /noc/users/iridburst/exec/irid_300224010734970_upd.pl
Last Run  ----1970-01-01 00:00:00 
MONTH  5 
DATA  xxrecord 2012-05-08 08:00:05 :: $W5M5A,120508,080005,660d0028449ce246,1,DAS 2,4901.4419N,1622.5556W,20.3,95,24.3,14.0,10.3,77.7,6.6,10.4,77.9,6.7,1005.9,2.39,4.79,9.1,27,32*61
 
STATION sbdservice
IRID_ID 300224010734970
BODY --

From sbdservice@sbd.iridium.com Wed May 9 04:00:53 2012
Return-Path: <sbdservice@sbd.iridium.com>
Received: from istbsp01.sbd.iridium.com (outbound.sbd.iridium.com [12.47.179.11])
	by mercury.noc.soton.ac.uk (8.13.1/8.12.11) with ESMTP id q4930lb8014671
	for <iridburst@noc.soton.ac.uk>; Wed, 9 May 2012 04:00:48 +0100
Reply-To: <sbdservice@sbd.iridium.com>
From: sbdservice@sbd.iridium.com
To: iridburst@noc.soton.ac.uk
Subject: SBD Msg From Unit: 300224010734970
MIME-Version: 1.0
Content-Type: multipart/mixed;boundary="SBD.Boundary.605592468"
Message-Id: <19740412024625.3EF76DCA370C15C7@istbsp01.sbd.iridium.com>
Date: Wed,  9 May 2012 03:00:47 +0000 (GMT)
X-NOCS-MailScanner-Information: Please contact the ISP for more information
X-NOCS-MailScanner-ID: q4930lb8014671
X-NOCS-MailScanner: Found to be clean
X-NOCS-MailScanner-SpamCheck: not spam (whitelisted),
	SpamAssassin (not cached, score=-6.599, required 5,
	autolearn=not spam, BAYES_00 -2.60, RCVD_IN_DNSWL_MED -4.00)
X-NOCS-MailScanner-From: sbdservice@sbd.iridium.com
X-Spam-Status: No

SBM Message
--SBD.Boundary.605592468
PROCESS /noc/users/iridburst/exec/irid_300224010734970_upd.pl
Last Run  ----1970-01-01 00:00:00 
MONTH  5 
DATA  xxrecord 2012-05-08 08:00:05 :: $W5M5A,120508,080005,660d0028449ce246,1,DAS 2,4901.4419N,1622.5556W,20.3,95,24.3,14.0,10.3,77.7,6.6,10.4,77.9,6.7,1005.9,2.39,4.79,9.1,27,32*61
 
STATION sbdservice
IRID_ID 300224010734970
BODY --

From sbdservice@sbd.iridium.com Wed May 9 05:00:58 2012
Return-Path: <sbdservice@sbd.iridium.com>
Received: from istbsp02.sbd.iridium.com (outbound.sbd.iridium.com [12.47.179.11])
	by mercury.noc.soton.ac.uk (8.13.1/8.12.11) with ESMTP id q4940p7O020504
	for <iridburst@noc.soton.ac.uk>; Wed, 9 May 2012 05:00:51 +0100
Reply-To: <sbdservice@sbd.iridium.com>
From: sbdservice@sbd.iridium.com
To: iridburst@noc.soton.ac.uk
Subject: SBD Msg From Unit: 300224010734970
MIME-Version: 1.0
Content-Type: multipart/mixed;boundary="SBD.Boundary.605592468"
Message-Id: <19740412024625.DF9C6FD837624C51@istbsp02.sbd.iridium.com>
Date: Wed,  9 May 2012 04:00:50 +0000 (GMT)
X-NOCS-MailScanner-Information: Please contact the ISP for more information
X-NOCS-MailScanner-ID: q4940p7O020504
X-NOCS-MailScanner: Found to be clean
X-NOCS-MailScanner-SpamCheck: not spam (whitelisted),
	SpamAssassin (not cached, score=-6.599, required 5,
	autolearn=not spam, BAYES_00 -2.60, RCVD_IN_DNSWL_MED -4.00)
X-NOCS-MailScanner-From: sbdservice@sbd.iridium.com
X-Spam-Status: No

SBM Message
--SBD.Boundary.605592468
PROCESS /noc/users/iridburst/exec/irid_300224010734970_upd.pl
Last Run  ----1970-01-01 00:00:00 
MONTH  5 
DATA  xxrecord 2012-05-08 08:00:05 :: $W5M5A,120508,080005,660d0028449ce246,1,DAS 2,4901.4419N,1622.5556W,20.3,95,24.3,14.0,10.3,77.7,6.6,10.4,77.9,6.7,1005.9,2.39,4.79,9.1,27,32*61
 
STATION sbdservice
IRID_ID 300224010734970
BODY --

From sbdservice@sbd.iridium.com Wed May 9 06:00:55 2012
Return-Path: <sbdservice@sbd.iridium.com>
Received: from istbsp01.sbd.iridium.com (outbound.sbd.iridium.com [12.47.179.11])
	by mercury.noc.soton.ac.uk (8.13.1/8.12.11) with ESMTP id q4950oZU026017
	for <iridburst@noc.soton.ac.uk>; Wed, 9 May 2012 06:00:51 +0100
Reply-To: <sbdservice@sbd.iridium.com>
From: sbdservice@sbd.iridium.com
To: iridburst@noc.soton.ac.uk
Subject: SBD Msg From Unit: 300224010734970
MIME-Version: 1.0
Content-Type: multipart/mixed;boundary="SBD.Boundary.605592468"
Message-Id: <19740412024625.F7956EF83F2F890F@istbsp01.sbd.iridium.com>
Date: Wed,  9 May 2012 05:00:49 +0000 (GMT)
X-NOCS-MailScanner-Information: Please contact the ISP for more information
X-NOCS-MailScanner-ID: q4950oZU026017
X-NOCS-MailScanner: Found to be clean
X-NOCS-MailScanner-SpamCheck: not spam (whitelisted),
	SpamAssassin (not cached, score=-6.599, required 5,
	autolearn=not spam, BAYES_00 -2.60, RCVD_IN_DNSWL_MED -4.00)
X-NOCS-MailScanner-From: sbdservice@sbd.iridium.com
X-Spam-Status: No

SBM Message
--SBD.Boundary.605592468
PROCESS /noc/users/iridburst/exec/irid_300224010734970_upd.pl
Last Run  ----1970-01-01 00:00:00 
MONTH  5 
DATA  xxrecord 2012-05-08 08:00:05 :: $W5M5A,120508,080005,660d0028449ce246,1,DAS 2,4901.4419N,1622.5556W,20.3,95,24.3,14.0,10.3,77.7,6.6,10.4,77.9,6.7,1005.9,2.39,4.79,9.1,27,32*61
 
STATION sbdservice
IRID_ID 300224010734970
BODY --

From sbdservice@sbd.iridium.com Wed May 9 07:00:56 2012
Return-Path: <sbdservice@sbd.iridium.com>
Received: from istbsp02.sbd.iridium.com (outbound.sbd.iridium.com [12.47.179.11])
	by mercury.noc.soton.ac.uk (8.13.1/8.12.11) with ESMTP id q4960nSZ001054
	for <iridburst@noc.soton.ac.uk>; Wed, 9 May 2012 07:00:50 +0100
Reply-To: <sbdservice@sbd.iridium.com>
From: sbdservice@sbd.iridium.com
To: iridburst@noc.soton.ac.uk
Subject: SBD Msg From Unit: 300224010734970
MIME-Version: 1.0
Content-Type: multipart/mixed;boundary="SBD.Boundary.605592468"
Message-Id: <19740412024625.0C547FFB3B737A01@istbsp02.sbd.iridium.com>
Date: Wed,  9 May 2012 06:00:49 +0000 (GMT)
X-NOCS-MailScanner-Information: Please contact the ISP for more information
X-NOCS-MailScanner-ID: q4960nSZ001054
X-NOCS-MailScanner: Found to be clean
X-NOCS-MailScanner-SpamCheck: not spam (whitelisted),
	SpamAssassin (not cached, score=-6.599, required 5,
	autolearn=not spam, BAYES_00 -2.60, RCVD_IN_DNSWL_MED -4.00)
X-NOCS-MailScanner-From: sbdservice@sbd.iridium.com
X-Spam-Status: No

SBM Message
--SBD.Boundary.605592468
PROCESS /noc/users/iridburst/exec/irid_300224010734970_upd.pl
Last Run  ----1970-01-01 00:00:00 
MONTH  5 
DATA  xxrecord 2012-05-08 08:00:05 :: $W5M5A,120508,080005,660d0028449ce246,1,DAS 2,4901.4419N,1622.5556W,20.3,95,24.3,14.0,10.3,77.7,6.6,10.4,77.9,6.7,1005.9,2.39,4.79,9.1,27,32*61
 
STATION sbdservice
IRID_ID 300224010734970
BODY --

From sbdservice@sbd.iridium.com Wed May 9 08:01:07 2012
Return-Path: <sbdservice@sbd.iridium.com>
Received: from istbsp01.sbd.iridium.com (outbound.sbd.iridium.com [12.47.179.11])
	by mercury.noc.soton.ac.uk (8.13.1/8.12.11) with ESMTP id q49710WH006860
	for <iridburst@noc.soton.ac.uk>; Wed, 9 May 2012 08:01:01 +0100
Reply-To: <sbdservice@sbd.iridium.com>
From: sbdservice@sbd.iridium.com
To: iridburst@noc.soton.ac.uk
Subject: SBD Msg From Unit: 300224010734970
MIME-Version: 1.0
Content-Type: multipart/mixed;boundary="SBD.Boundary.605592468"
Message-Id: <19740412024625.F2A96FEBB32F0028@istbsp01.sbd.iridium.com>
Date: Wed,  9 May 2012 07:00:59 +0000 (GMT)
X-NOCS-MailScanner-Information: Please contact the ISP for more information
X-NOCS-MailScanner-ID: q49710WH006860
X-NOCS-MailScanner: Found to be clean
X-NOCS-MailScanner-SpamCheck: not spam (whitelisted),
	SpamAssassin (not cached, score=-6.599, required 5,
	autolearn=not spam, BAYES_00 -2.60, RCVD_IN_DNSWL_MED -4.00)
X-NOCS-MailScanner-From: sbdservice@sbd.iridium.com
X-Spam-Status: No

SBM Message
--SBD.Boundary.605592468
PROCESS /noc/users/iridburst/exec/irid_300224010734970_upd.pl
Last Run  ----1970-01-01 00:00:00 
MONTH  5 
DATA  xxrecord 2012-05-08 08:00:05 :: $W5M5A,120508,080005,660d0028449ce246,1,DAS 2,4901.4419N,1622.5556W,20.3,95,24.3,14.0,10.3,77.7,6.6,10.4,77.9,6.7,1005.9,2.39,4.79,9.1,27,32*61
 
STATION sbdservice
IRID_ID 300224010734970
BODY --

From sbdservice@sbd.iridium.com Wed May 9 09:01:06 2012
Return-Path: <sbdservice@sbd.iridium.com>
Received: from istbsp02.sbd.iridium.com (outbound.sbd.iridium.com [12.47.179.11])
	by mercury.noc.soton.ac.uk (8.13.1/8.12.11) with ESMTP id q4980tnt018812
	for <iridburst@noc.soton.ac.uk>; Wed, 9 May 2012 09:00:55 +0100
Reply-To: <sbdservice@sbd.iridium.com>
From: sbdservice@sbd.iridium.com
To: iridburst@noc.soton.ac.uk
Subject: SBD Msg From Unit: 300224010734970
MIME-Version: 1.0
Content-Type: multipart/mixed;boundary="SBD.Boundary.605592468"
Message-Id: <19740412024625.7A2C7FCA33421279@istbsp02.sbd.iridium.com>
Date: Wed,  9 May 2012 08:00:51 +0000 (GMT)
X-NOCS-MailScanner-Information: Please contact the ISP for more information
X-NOCS-MailScanner-ID: q4980tnt018812
X-NOCS-MailScanner: Found to be clean
X-NOCS-MailScanner-SpamCheck: not spam (whitelisted),
	SpamAssassin (not cached, score=-6.599, required 5,
	autolearn=not spam, BAYES_00 -2.60, RCVD_IN_DNSWL_MED -4.00)
X-NOCS-MailScanner-From: sbdservice@sbd.iridium.com
X-Spam-Status: No

SBM Message
--SBD.Boundary.605592468
PROCESS /noc/users/iridburst/exec/irid_300224010734970_upd.pl
Last Run  ----1970-01-01 00:00:00 
MONTH  5 
DATA  xxrecord 2012-05-08 08:00:05 :: $W5M5A,120508,080005,660d0028449ce246,1,DAS 2,4901.4419N,1622.5556W,20.3,95,24.3,14.0,10.3,77.7,6.6,10.4,77.9,6.7,1005.9,2.39,4.79,9.1,27,32*61
 
STATION sbdservice
IRID_ID 300224010734970
BODY --

From sbdservice@sbd.iridium.com Wed May 9 10:00:58 2012
Return-Path: <sbdservice@sbd.iridium.com>
Received: from istbsp02.sbd.iridium.com (outbound.sbd.iridium.com [12.47.179.11])
	by mercury.noc.soton.ac.uk (8.13.1/8.12.11) with ESMTP id q4990qU6029161
	for <iridburst@noc.soton.ac.uk>; Wed, 9 May 2012 10:00:53 +0100
Reply-To: <sbdservice@sbd.iridium.com>
From: sbdservice@sbd.iridium.com
To: iridburst@noc.soton.ac.uk
Subject: SBD Msg From Unit: 300224010734970
MIME-Version: 1.0
Content-Type: multipart/mixed;boundary="SBD.Boundary.605592468"
Message-Id: <19740412024625.DCDE7CD87370B63A@istbsp02.sbd.iridium.com>
Date: Wed,  9 May 2012 09:00:52 +0000 (GMT)
X-NOCS-MailScanner-Information: Please contact the ISP for more information
X-NOCS-MailScanner-ID: q4990qU6029161
X-NOCS-MailScanner: Found to be clean
X-NOCS-MailScanner-SpamCheck: not spam (whitelisted),
	SpamAssassin (not cached, score=-6.599, required 5,
	autolearn=not spam, BAYES_00 -2.60, RCVD_IN_DNSWL_MED -4.00)
X-NOCS-MailScanner-From: sbdservice@sbd.iridium.com
X-Spam-Status: No

SBM Message
--SBD.Boundary.605592468
PROCESS /noc/users/iridburst/exec/irid_300224010734970_upd.pl
Last Run  ----1970-01-01 00:00:00 
MONTH  5 
DATA  xxrecord 2012-05-08 08:00:05 :: $W5M5A,120508,080005,660d0028449ce246,1,DAS 2,4901.4419N,1622.5556W,20.3,95,24.3,14.0,10.3,77.7,6.6,10.4,77.9,6.7,1005.9,2.39,4.79,9.1,27,32*61
 
STATION sbdservice
IRID_ID 300224010734970
BODY --

From sbdservice@sbd.iridium.com Wed May 9 11:01:17 2012
Return-Path: <sbdservice@sbd.iridium.com>
Received: from istbsp01.sbd.iridium.com (outbound.sbd.iridium.com [12.47.179.11])
	by mercury.noc.soton.ac.uk (8.13.1/8.12.11) with ESMTP id q49A0udI010889
	for <iridburst@noc.soton.ac.uk>; Wed, 9 May 2012 11:00:57 +0100
Reply-To: <sbdservice@sbd.iridium.com>
From: sbdservice@sbd.iridium.com
To: iridburst@noc.soton.ac.uk
Subject: SBD Msg From Unit: 300224010734970
MIME-Version: 1.0
Content-Type: multipart/mixed;boundary="SBD.Boundary.605592468"
Message-Id: <19740412024625.0BE44DD87F0D66D9@istbsp01.sbd.iridium.com>
Date: Wed,  9 May 2012 10:00:55 +0000 (GMT)
X-NOCS-MailScanner-Information: Please contact the ISP for more information
X-NOCS-MailScanner-ID: q49A0udI010889
X-NOCS-MailScanner: Found to be clean
X-NOCS-MailScanner-SpamCheck: not spam (whitelisted),
	SpamAssassin (not cached, score=-6.599, required 5,
	autolearn=not spam, BAYES_00 -2.60, RCVD_IN_DNSWL_MED -4.00)
X-NOCS-MailScanner-From: sbdservice@sbd.iridium.com
X-Spam-Status: No

SBM Message
--SBD.Boundary.605592468
PROCESS /noc/users/iridburst/exec/irid_300224010734970_upd.pl
Last Run  ----1970-01-01 00:00:00 
MONTH  5 
DATA  xxrecord 2012-05-08 08:00:05 :: $W5M5A,120508,080005,660d0028449ce246,1,DAS 2,4901.4419N,1622.5556W,20.3,95,24.3,14.0,10.3,77.7,6.6,10.4,77.9,6.7,1005.9,2.39,4.79,9.1,27,32*61
 
STATION sbdservice
IRID_ID 300224010734970
BODY --

From sbdservice@sbd.iridium.com Wed May 9 12:01:12 2012
Return-Path: <sbdservice@sbd.iridium.com>
Received: from istbsp01.sbd.iridium.com (outbound.sbd.iridium.com [12.47.179.11])
	by mercury.noc.soton.ac.uk (8.13.1/8.12.11) with ESMTP id q49B16YI020941
	for <iridburst@noc.soton.ac.uk>; Wed, 9 May 2012 12:01:06 +0100
Reply-To: <sbdservice@sbd.iridium.com>
From: sbdservice@sbd.iridium.com
To: iridburst@noc.soton.ac.uk
Subject: SBD Msg From Unit: 300224010734970
MIME-Version: 1.0
Content-Type: multipart/mixed;boundary="SBD.Boundary.605592468"
Message-Id: <19740412024625.116E5CCBFF2E59C4@istbsp01.sbd.iridium.com>
Date: Wed,  9 May 2012 11:01:05 +0000 (GMT)
X-NOCS-MailScanner-Information: Please contact the ISP for more information
X-NOCS-MailScanner-ID: q49B16YI020941
X-NOCS-MailScanner: Found to be clean
X-NOCS-MailScanner-SpamCheck: not spam (whitelisted),
	SpamAssassin (not cached, score=-6.599, required 5,
	autolearn=not spam, BAYES_00 -2.60, RCVD_IN_DNSWL_MED -4.00)
X-NOCS-MailScanner-From: sbdservice@sbd.iridium.com
X-Spam-Status: No

SBM Message
--SBD.Boundary.605592468
PROCESS /noc/users/iridburst/exec/irid_300224010734970_upd.pl
Last Run  ----1970-01-01 00:00:00 
MONTH  5 
DATA  xxrecord 2012-05-08 08:00:05 :: $W5M5A,120508,080005,660d0028449ce246,1,DAS 2,4901.4419N,1622.5556W,20.3,95,24.3,14.0,10.3,77.7,6.6,10.4,77.9,6.7,1005.9,2.39,4.79,9.1,27,32*61
 
STATION sbdservice
IRID_ID 300224010734970
BODY --

From sbdservice@sbd.iridium.com Wed May 9 13:00:58 2012
Return-Path: <sbdservice@sbd.iridium.com>
Received: from istbsp01.sbd.iridium.com (outbound.sbd.iridium.com [12.47.179.11])
	by mercury.noc.soton.ac.uk (8.13.1/8.12.11) with ESMTP id q49C0ris029925
	for <iridburst@noc.soton.ac.uk>; Wed, 9 May 2012 13:00:54 +0100
Reply-To: <sbdservice@sbd.iridium.com>
From: sbdservice@sbd.iridium.com
To: iridburst@noc.soton.ac.uk
Subject: SBD Msg From Unit: 300224010734970
MIME-Version: 1.0
Content-Type: multipart/mixed;boundary="SBD.Boundary.605592468"
Message-Id: <19740412024625.E7367DFAFF3D4870@istbsp01.sbd.iridium.com>
Date: Wed,  9 May 2012 12:00:53 +0000 (GMT)
X-NOCS-MailScanner-Information: Please contact the ISP for more information
X-NOCS-MailScanner-ID: q49C0ris029925
X-NOCS-MailScanner: Found to be clean
X-NOCS-MailScanner-SpamCheck: not spam (whitelisted),
	SpamAssassin (not cached, score=-6.599, required 5,
	autolearn=not spam, BAYES_00 -2.60, RCVD_IN_DNSWL_MED -4.00)
X-NOCS-MailScanner-From: sbdservice@sbd.iridium.com
X-Spam-Status: No

SBM Message
--SBD.Boundary.605592468
PROCESS /noc/users/iridburst/exec/irid_300224010734970_upd.pl
Last Run  ----1970-01-01 00:00:00 
MONTH  5 
DATA  xxrecord 2012-05-08 08:00:05 :: $W5M5A,120508,080005,660d0028449ce246,1,DAS 2,4901.4419N,1622.5556W,20.3,95,24.3,14.0,10.3,77.7,6.6,10.4,77.9,6.7,1005.9,2.39,4.79,9.1,27,32*61
 
STATION sbdservice
IRID_ID 300224010734970
BODY --

From sbdservice@sbd.iridium.com Wed May 9 14:01:01 2012
Return-Path: <sbdservice@sbd.iridium.com>
Received: from istbsp01.sbd.iridium.com (outbound.sbd.iridium.com [12.47.179.11])
	by mercury.noc.soton.ac.uk (8.13.1/8.12.11) with ESMTP id q49D0v1s006444
	for <iridburst@noc.soton.ac.uk>; Wed, 9 May 2012 14:00:58 +0100
Reply-To: <sbdservice@sbd.iridium.com>
From: sbdservice@sbd.iridium.com
To: iridburst@noc.soton.ac.uk
Subject: SBD Msg From Unit: 300224010734970
MIME-Version: 1.0
Content-Type: multipart/mixed;boundary="SBD.Boundary.605592468"
Message-Id: <19740412024625.F5F26CFB3F0C1888@istbsp01.sbd.iridium.com>
Date: Wed,  9 May 2012 13:00:56 +0000 (GMT)
X-NOCS-MailScanner-Information: Please contact the ISP for more information
X-NOCS-MailScanner-ID: q49D0v1s006444
X-NOCS-MailScanner: Found to be clean
X-NOCS-MailScanner-SpamCheck: not spam (whitelisted),
	SpamAssassin (not cached, score=-6.599, required 5,
	autolearn=not spam, BAYES_00 -2.60, RCVD_IN_DNSWL_MED -4.00)
X-NOCS-MailScanner-From: sbdservice@sbd.iridium.com
X-Spam-Status: No

SBM Message
--SBD.Boundary.605592468
PROCESS /noc/users/iridburst/exec/irid_300224010734970_upd.pl
Last Run  ----1970-01-01 00:00:00 
MONTH  5 
DATA  xxrecord 2012-05-08 08:00:05 :: $W5M5A,120508,080005,660d0028449ce246,1,DAS 2,4901.4419N,1622.5556W,20.3,95,24.3,14.0,10.3,77.7,6.6,10.4,77.9,6.7,1005.9,2.39,4.79,9.1,27,32*61
 
STATION sbdservice
IRID_ID 300224010734970
BODY --

From sbdservice@sbd.iridium.com Wed May 9 15:01:09 2012
Return-Path: <sbdservice@sbd.iridium.com>
Received: from istbsp02.sbd.iridium.com (outbound.sbd.iridium.com [12.47.179.11])
	by mercury.noc.soton.ac.uk (8.13.1/8.12.11) with ESMTP id q49E108l017169
	for <iridburst@noc.soton.ac.uk>; Wed, 9 May 2012 15:01:01 +0100
Reply-To: <sbdservice@sbd.iridium.com>
From: sbdservice@sbd.iridium.com
To: iridburst@noc.soton.ac.uk
Subject: SBD Msg From Unit: 300224010734970
MIME-Version: 1.0
Content-Type: multipart/mixed;boundary="SBD.Boundary.605592468"
Message-Id: <19740412024625.962E6DFAB3736572@istbsp02.sbd.iridium.com>
Date: Wed,  9 May 2012 14:00:59 +0000 (GMT)
X-NOCS-MailScanner-Information: Please contact the ISP for more information
X-NOCS-MailScanner-ID: q49E108l017169
X-NOCS-MailScanner: Found to be clean
X-NOCS-MailScanner-SpamCheck: not spam (whitelisted),
	SpamAssassin (not cached, score=-6.599, required 5,
	autolearn=not spam, BAYES_00 -2.60, RCVD_IN_DNSWL_MED -4.00)
X-NOCS-MailScanner-From: sbdservice@sbd.iridium.com
X-Spam-Status: No

SBM Message
--SBD.Boundary.605592468
PROCESS /noc/users/iridburst/exec/irid_300224010734970_upd.pl
Last Run  ----1970-01-01 00:00:00 
MONTH  5 
DATA  xxrecord 2012-05-08 08:00:05 :: $W5M5A,120508,080005,660d0028449ce246,1,DAS 2,4901.4419N,1622.5556W,20.3,95,24.3,14.0,10.3,77.7,6.6,10.4,77.9,6.7,1005.9,2.39,4.79,9.1,27,32*61
 
STATION sbdservice
IRID_ID 300224010734970
BODY --

From sbdservice@sbd.iridium.com Wed May 9 16:00:56 2012
Return-Path: <sbdservice@sbd.iridium.com>
Received: from istbsp01.sbd.iridium.com (outbound.sbd.iridium.com [12.47.179.11])
	by mercury.noc.soton.ac.uk (8.13.1/8.12.11) with ESMTP id q49F0q7h026770
	for <iridburst@noc.soton.ac.uk>; Wed, 9 May 2012 16:00:52 +0100
Reply-To: <sbdservice@sbd.iridium.com>
From: sbdservice@sbd.iridium.com
To: iridburst@noc.soton.ac.uk
Subject: SBD Msg From Unit: 300224010734970
MIME-Version: 1.0
Content-Type: multipart/mixed;boundary="SBD.Boundary.605592468"
Message-Id: <19740412024625.547C4DC9F71C08A5@istbsp01.sbd.iridium.com>
Date: Wed,  9 May 2012 15:00:51 +0000 (GMT)
X-NOCS-MailScanner-Information: Please contact the ISP for more information
X-NOCS-MailScanner-ID: q49F0q7h026770
X-NOCS-MailScanner: Found to be clean
X-NOCS-MailScanner-SpamCheck: not spam (whitelisted),
	SpamAssassin (not cached, score=-6.599, required 5,
	autolearn=not spam, BAYES_00 -2.60, RCVD_IN_DNSWL_MED -4.00)
X-NOCS-MailScanner-From: sbdservice@sbd.iridium.com
X-Spam-Status: No

SBM Message
--SBD.Boundary.605592468
PROCESS /noc/users/iridburst/exec/irid_300224010734970_upd.pl
Last Run  ----1970-01-01 00:00:00 
MONTH  5 
DATA  xxrecord 2012-05-08 08:00:05 :: $W5M5A,120508,080005,660d0028449ce246,1,DAS 2,4901.4419N,1622.5556W,20.3,95,24.3,14.0,10.3,77.7,6.6,10.4,77.9,6.7,1005.9,2.39,4.79,9.1,27,32*61
 
STATION sbdservice
IRID_ID 300224010734970
BODY --

From sbdservice@sbd.iridium.com Wed May 9 17:01:02 2012
Return-Path: <sbdservice@sbd.iridium.com>
Received: from istbsp02.sbd.iridium.com (outbound.sbd.iridium.com [12.47.179.11])
	by mercury.noc.soton.ac.uk (8.13.1/8.12.11) with ESMTP id q49G0wTD004535
	for <iridburst@noc.soton.ac.uk>; Wed, 9 May 2012 17:00:59 +0100
Reply-To: <sbdservice@sbd.iridium.com>
From: sbdservice@sbd.iridium.com
To: iridburst@noc.soton.ac.uk
Subject: SBD Msg From Unit: 300224010734970
MIME-Version: 1.0
Content-Type: multipart/mixed;boundary="SBD.Boundary.605592468"
Message-Id: <19740412024625.DAA65CCA3F61832B@istbsp02.sbd.iridium.com>
Date: Wed,  9 May 2012 16:00:56 +0000 (GMT)
X-NOCS-MailScanner-Information: Please contact the ISP for more information
X-NOCS-MailScanner-ID: q49G0wTD004535
X-NOCS-MailScanner: Found to be clean
X-NOCS-MailScanner-SpamCheck: not spam (whitelisted),
	SpamAssassin (not cached, score=-6.599, required 5,
	autolearn=not spam, BAYES_00 -2.60, RCVD_IN_DNSWL_MED -4.00)
X-NOCS-MailScanner-From: sbdservice@sbd.iridium.com
X-Spam-Status: No

SBM Message
--SBD.Boundary.605592468
PROCESS /noc/users/iridburst/exec/irid_300224010734970_upd.pl
Last Run  ----1970-01-01 00:00:00 
MONTH  5 
DATA  xxrecord 2012-05-08 08:00:05 :: $W5M5A,120508,080005,660d0028449ce246,1,DAS 2,4901.4419N,1622.5556W,20.3,95,24.3,14.0,10.3,77.7,6.6,10.4,77.9,6.7,1005.9,2.39,4.79,9.1,27,32*61
 
STATION sbdservice
IRID_ID 300224010734970
BODY --

From sbdservice@sbd.iridium.com Wed May 9 18:00:56 2012
Return-Path: <sbdservice@sbd.iridium.com>
Received: from istbsp01.sbd.iridium.com (outbound.sbd.iridium.com [12.47.179.11])
	by mercury.noc.soton.ac.uk (8.13.1/8.12.11) with ESMTP id q49H0qro012211
	for <iridburst@noc.soton.ac.uk>; Wed, 9 May 2012 18:00:53 +0100
Reply-To: <sbdservice@sbd.iridium.com>
From: sbdservice@sbd.iridium.com
To: iridburst@noc.soton.ac.uk
Subject: SBD Msg From Unit: 300224010734970
MIME-Version: 1.0
Content-Type: multipart/mixed;boundary="SBD.Boundary.605592468"
Message-Id: <19740412024625.D5376FF8330E10BE@istbsp01.sbd.iridium.com>
Date: Wed,  9 May 2012 17:00:51 +0000 (GMT)
X-NOCS-MailScanner-Information: Please contact the ISP for more information
X-NOCS-MailScanner-ID: q49H0qro012211
X-NOCS-MailScanner: Found to be clean
X-NOCS-MailScanner-SpamCheck: not spam (whitelisted),
	SpamAssassin (not cached, score=-6.599, required 5,
	autolearn=not spam, BAYES_00 -2.60, RCVD_IN_DNSWL_MED -4.00)
X-NOCS-MailScanner-From: sbdservice@sbd.iridium.com
X-Spam-Status: No

SBM Message
--SBD.Boundary.605592468
PROCESS /noc/users/iridburst/exec/irid_300224010734970_upd.pl
Last Run  ----1970-01-01 00:00:00 
MONTH  5 
DATA  xxrecord 2012-05-08 08:00:05 :: $W5M5A,120508,080005,660d0028449ce246,1,DAS 2,4901.4419N,1622.5556W,20.3,95,24.3,14.0,10.3,77.7,6.6,10.4,77.9,6.7,1005.9,2.39,4.79,9.1,27,32*61
 
STATION sbdservice
IRID_ID 300224010734970
BODY --

From sbdservice@sbd.iridium.com Wed May 9 19:01:04 2012
Return-Path: <sbdservice@sbd.iridium.com>
Received: from istbsp02.sbd.iridium.com (outbound.sbd.iridium.com [12.47.179.11])
	by mercury.noc.soton.ac.uk (8.13.1/8.12.11) with ESMTP id q49I0wRl020360
	for <iridburst@noc.soton.ac.uk>; Wed, 9 May 2012 19:00:58 +0100
Reply-To: <sbdservice@sbd.iridium.com>
From: sbdservice@sbd.iridium.com
To: iridburst@noc.soton.ac.uk
Subject: SBD Msg From Unit: 300224010734970
MIME-Version: 1.0
Content-Type: multipart/mixed;boundary="SBD.Boundary.605592468"
Message-Id: <19740412024625.077C5DDB7B710B0A@istbsp02.sbd.iridium.com>
Date: Wed,  9 May 2012 18:00:57 +0000 (GMT)
X-NOCS-MailScanner-Information: Please contact the ISP for more information
X-NOCS-MailScanner-ID: q49I0wRl020360
X-NOCS-MailScanner: Found to be clean
X-NOCS-MailScanner-SpamCheck: not spam (whitelisted),
	SpamAssassin (not cached, score=-6.599, required 5,
	autolearn=not spam, BAYES_00 -2.60, RCVD_IN_DNSWL_MED -4.00)
X-NOCS-MailScanner-From: sbdservice@sbd.iridium.com
X-Spam-Status: No

SBM Message
--SBD.Boundary.605592468
PROCESS /noc/users/iridburst/exec/irid_300224010734970_upd.pl
Last Run  ----1970-01-01 00:00:00 
MONTH  5 
DATA  xxrecord 2012-05-08 08:00:05 :: $W5M5A,120508,080005,660d0028449ce246,1,DAS 2,4901.4419N,1622.5556W,20.3,95,24.3,14.0,10.3,77.7,6.6,10.4,77.9,6.7,1005.9,2.39,4.79,9.1,27,32*61
 
STATION sbdservice
IRID_ID 300224010734970
BODY --

From sbdservice@sbd.iridium.com Wed May 9 20:00:53 2012
Return-Path: <sbdservice@sbd.iridium.com>
Received: from istbsp01.sbd.iridium.com (outbound.sbd.iridium.com [12.47.179.11])
	by mercury.noc.soton.ac.uk (8.13.1/8.12.11) with ESMTP id q49J0nnK026512
	for <iridburst@noc.soton.ac.uk>; Wed, 9 May 2012 20:00:50 +0100
Reply-To: <sbdservice@sbd.iridium.com>
From: sbdservice@sbd.iridium.com
To: iridburst@noc.soton.ac.uk
Subject: SBD Msg From Unit: 300224010734970
MIME-Version: 1.0
Content-Type: multipart/mixed;boundary="SBD.Boundary.605592468"
Message-Id: <19740412024625.5E976EDA370FAD6B@istbsp01.sbd.iridium.com>
Date: Wed,  9 May 2012 19:00:49 +0000 (GMT)
X-NOCS-MailScanner-Information: Please contact the ISP for more information
X-NOCS-MailScanner-ID: q49J0nnK026512
X-NOCS-MailScanner: Found to be clean
X-NOCS-MailScanner-SpamCheck: not spam (whitelisted),
	SpamAssassin (not cached, score=-6.599, required 5,
	autolearn=not spam, BAYES_00 -2.60, RCVD_IN_DNSWL_MED -4.00)
X-NOCS-MailScanner-From: sbdservice@sbd.iridium.com
X-Spam-Status: No

SBM Message
--SBD.Boundary.605592468
PROCESS /noc/users/iridburst/exec/irid_300224010734970_upd.pl
Last Run  ----1970-01-01 00:00:00 
MONTH  5 
DATA  xxrecord 2012-05-08 08:00:05 :: $W5M5A,120508,080005,660d0028449ce246,1,DAS 2,4901.4419N,1622.5556W,20.3,95,24.3,14.0,10.3,77.7,6.6,10.4,77.9,6.7,1005.9,2.39,4.79,9.1,27,32*61
 
STATION sbdservice
IRID_ID 300224010734970
BODY --

From sbdservice@sbd.iridium.com Wed May 9 21:00:56 2012
Return-Path: <sbdservice@sbd.iridium.com>
Received: from istbsp01.sbd.iridium.com (outbound.sbd.iridium.com [12.47.179.11])
	by mercury.noc.soton.ac.uk (8.13.1/8.12.11) with ESMTP id q49K0qkL032245
	for <iridburst@noc.soton.ac.uk>; Wed, 9 May 2012 21:00:52 +0100
Reply-To: <sbdservice@sbd.iridium.com>
From: sbdservice@sbd.iridium.com
To: iridburst@noc.soton.ac.uk
Subject: SBD Msg From Unit: 300224010734970
MIME-Version: 1.0
Content-Type: multipart/mixed;boundary="SBD.Boundary.605592468"
Message-Id: <19740412024625.A3556EEB3B1EF1D1@istbsp01.sbd.iridium.com>
Date: Wed,  9 May 2012 20:00:50 +0000 (GMT)
X-NOCS-MailScanner-Information: Please contact the ISP for more information
X-NOCS-MailScanner-ID: q49K0qkL032245
X-NOCS-MailScanner: Found to be clean
X-NOCS-MailScanner-SpamCheck: not spam (whitelisted),
	SpamAssassin (not cached, score=-6.599, required 5,
	autolearn=not spam, BAYES_00 -2.60, RCVD_IN_DNSWL_MED -4.00)
X-NOCS-MailScanner-From: sbdservice@sbd.iridium.com
X-Spam-Status: No

SBM Message
--SBD.Boundary.605592468
PROCESS /noc/users/iridburst/exec/irid_300224010734970_upd.pl
Last Run  ----1970-01-01 00:00:00 
MONTH  5 
DATA  xxrecord 2012-05-08 08:00:05 :: $W5M5A,120508,080005,660d0028449ce246,1,DAS 2,4901.4419N,1622.5556W,20.3,95,24.3,14.0,10.3,77.7,6.6,10.4,77.9,6.7,1005.9,2.39,4.79,9.1,27,32*61
 
STATION sbdservice
IRID_ID 300224010734970
BODY --

From sbdservice@sbd.iridium.com Wed May 9 22:00:58 2012
Return-Path: <sbdservice@sbd.iridium.com>
Received: from istbsp02.sbd.iridium.com (outbound.sbd.iridium.com [12.47.179.11])
	by mercury.noc.soton.ac.uk (8.13.1/8.12.11) with ESMTP id q49L0o8Z005332
	for <iridburst@noc.soton.ac.uk>; Wed, 9 May 2012 22:00:50 +0100
Reply-To: <sbdservice@sbd.iridium.com>
From: sbdservice@sbd.iridium.com
To: iridburst@noc.soton.ac.uk
Subject: SBD Msg From Unit: 300224010734970
MIME-Version: 1.0
Content-Type: multipart/mixed;boundary="SBD.Boundary.605592468"
Message-Id: <19740412024625.8BA76ED9FF62D51C@istbsp02.sbd.iridium.com>
Date: Wed,  9 May 2012 21:00:49 +0000 (GMT)
X-NOCS-MailScanner-Information: Please contact the ISP for more information
X-NOCS-MailScanner-ID: q49L0o8Z005332
X-NOCS-MailScanner: Found to be clean
X-NOCS-MailScanner-SpamCheck: not spam (whitelisted),
	SpamAssassin (not cached, score=-6.599, required 5,
	autolearn=not spam, BAYES_00 -2.60, RCVD_IN_DNSWL_MED -4.00)
X-NOCS-MailScanner-From: sbdservice@sbd.iridium.com
X-Spam-Status: No

SBM Message
--SBD.Boundary.605592468
PROCESS /noc/users/iridburst/exec/irid_300224010734970_upd.pl
Last Run  ----1970-01-01 00:00:00 
MONTH  5 
DATA  xxrecord 2012-05-08 08:00:05 :: $W5M5A,120508,080005,660d0028449ce246,1,DAS 2,4901.4419N,1622.5556W,20.3,95,24.3,14.0,10.3,77.7,6.6,10.4,77.9,6.7,1005.9,2.39,4.79,9.1,27,32*61
 
STATION sbdservice
IRID_ID 300224010734970
BODY --

From sbdservice@sbd.iridium.com Wed May 9 23:00:55 2012
Return-Path: <sbdservice@sbd.iridium.com>
Received: from istbsp02.sbd.iridium.com (outbound.sbd.iridium.com [12.47.179.11])
	by mercury.noc.soton.ac.uk (8.13.1/8.12.11) with ESMTP id q49M0oGM010500
	for <iridburst@noc.soton.ac.uk>; Wed, 9 May 2012 23:00:50 +0100
Reply-To: <sbdservice@sbd.iridium.com>
From: sbdservice@sbd.iridium.com
To: iridburst@noc.soton.ac.uk
Subject: SBD Msg From Unit: 300224010734970
MIME-Version: 1.0
Content-Type: multipart/mixed;boundary="SBD.Boundary.605592468"
Message-Id: <19740412024625.475B6FCB3B41EABD@istbsp02.sbd.iridium.com>
Date: Wed,  9 May 2012 22:00:49 +0000 (GMT)
X-NOCS-MailScanner-Information: Please contact the ISP for more information
X-NOCS-MailScanner-ID: q49M0oGM010500
X-NOCS-MailScanner: Found to be clean
X-NOCS-MailScanner-SpamCheck: not spam (whitelisted),
	SpamAssassin (not cached, score=-6.599, required 5,
	autolearn=not spam, BAYES_00 -2.60, RCVD_IN_DNSWL_MED -4.00)
X-NOCS-MailScanner-From: sbdservice@sbd.iridium.com
X-Spam-Status: No

SBM Message
--SBD.Boundary.605592468
PROCESS /noc/users/iridburst/exec/irid_300224010734970_upd.pl
Last Run  ----1970-01-01 00:00:00 
MONTH  5 
DATA  xxrecord 2012-05-08 08:00:05 :: $W5M5A,120508,080005,660d0028449ce246,1,DAS 2,4901.4419N,1622.5556W,20.3,95,24.3,14.0,10.3,77.7,6.6,10.4,77.9,6.7,1005.9,2.39,4.79,9.1,27,32*61
 
STATION sbdservice
IRID_ID 300224010734970
BODY --

From sbdservice@sbd.iridium.com Thu May 10 00:00:56 2012
Return-Path: <sbdservice@sbd.iridium.com>
Received: from istbsp01.sbd.iridium.com (outbound.sbd.iridium.com [12.47.179.11])
	by mercury.noc.soton.ac.uk (8.13.1/8.12.11) with ESMTP id q49N0qW0015567
	for <iridburst@noc.soton.ac.uk>; Thu, 10 May 2012 00:00:52 +0100
Reply-To: <sbdservice@sbd.iridium.com>
From: sbdservice@sbd.iridium.com
To: iridburst@noc.soton.ac.uk
Subject: SBD Msg From Unit: 300224010734970
MIME-Version: 1.0
Content-Type: multipart/mixed;boundary="SBD.Boundary.605592468"
Message-Id: <19740412024625.D9744DF93F2E6A56@istbsp01.sbd.iridium.com>
Date: Wed,  9 May 2012 23:00:50 +0000 (GMT)
X-NOCS-MailScanner-Information: Please contact the ISP for more information
X-NOCS-MailScanner-ID: q49N0qW0015567
X-NOCS-MailScanner: Found to be clean
X-NOCS-MailScanner-SpamCheck: not spam (whitelisted),
	SpamAssassin (not cached, score=-6.599, required 5,
	autolearn=not spam, BAYES_00 -2.60, RCVD_IN_DNSWL_MED -4.00)
X-NOCS-MailScanner-From: sbdservice@sbd.iridium.com
X-Spam-Status: No

SBM Message
--SBD.Boundary.605592468
PROCESS /noc/users/iridburst/exec/irid_300224010734970_upd.pl
Last Run  ----1970-01-01 00:00:00 
MONTH  5 
DATA  xxrecord 2012-05-08 08:00:05 :: $W5M5A,120508,080005,660d0028449ce246,1,DAS 2,4901.4419N,1622.5556W,20.3,95,24.3,14.0,10.3,77.7,6.6,10.4,77.9,6.7,1005.9,2.39,4.79,9.1,27,32*61
 
STATION sbdservice
IRID_ID 300224010734970
BODY --

From sbdservice@sbd.iridium.com Thu May 10 01:00:56 2012
Return-Path: <sbdservice@sbd.iridium.com>
Received: from istbsp01.sbd.iridium.com (outbound.sbd.iridium.com [12.47.179.11])
	by mercury.noc.soton.ac.uk (8.13.1/8.12.11) with ESMTP id q4A00pSM020886
	for <iridburst@noc.soton.ac.uk>; Thu, 10 May 2012 01:00:51 +0100
Reply-To: <sbdservice@sbd.iridium.com>
From: sbdservice@sbd.iridium.com
To: iridburst@noc.soton.ac.uk
Subject: SBD Msg From Unit: 300224010734970
MIME-Version: 1.0
Content-Type: multipart/mixed;boundary="SBD.Boundary.605592468"
Message-Id: <19740412024625.15C15EDBBF0E9BDF@istbsp01.sbd.iridium.com>
Date: Thu, 10 May 2012 00:00:50 +0000 (GMT)
X-NOCS-MailScanner-Information: Please contact the ISP for more information
X-NOCS-MailScanner-ID: q4A00pSM020886
X-NOCS-MailScanner: Found to be clean
X-NOCS-MailScanner-SpamCheck: not spam (whitelisted),
	SpamAssassin (not cached, score=-6.599, required 5,
	autolearn=not spam, BAYES_00 -2.60, RCVD_IN_DNSWL_MED -4.00)
X-NOCS-MailScanner-From: sbdservice@sbd.iridium.com
X-Spam-Status: No

SBM Message
--SBD.Boundary.605592468
PROCESS /noc/users/iridburst/exec/irid_300224010734970_upd.pl
Last Run  ----1970-01-01 00:00:00 
MONTH  5 
DATA  xxrecord 2012-05-08 08:00:05 :: $W5M5A,120508,080005,660d0028449ce246,1,DAS 2,4901.4419N,1622.5556W,20.3,95,24.3,14.0,10.3,77.7,6.6,10.4,77.9,6.7,1005.9,2.39,4.79,9.1,27,32*61
 
STATION sbdservice
IRID_ID 300224010734970
BODY --

From sbdservice@sbd.iridium.com Thu May 10 02:00:55 2012
Return-Path: <sbdservice@sbd.iridium.com>
Received: from istbsp02.sbd.iridium.com (outbound.sbd.iridium.com [12.47.179.11])
	by mercury.noc.soton.ac.uk (8.13.1/8.12.11) with ESMTP id q4A10pda026118
	for <iridburst@noc.soton.ac.uk>; Thu, 10 May 2012 02:00:52 +0100
Reply-To: <sbdservice@sbd.iridium.com>
From: sbdservice@sbd.iridium.com
To: iridburst@noc.soton.ac.uk
Subject: SBD Msg From Unit: 300224010734970
MIME-Version: 1.0
Content-Type: multipart/mixed;boundary="SBD.Boundary.605592468"
Message-Id: <19740412024625.FF095EC93F5242A5@istbsp02.sbd.iridium.com>
Date: Thu, 10 May 2012 01:00:50 +0000 (GMT)
X-NOCS-MailScanner-Information: Please contact the ISP for more information
X-NOCS-MailScanner-ID: q4A10pda026118
X-NOCS-MailScanner: Found to be clean
X-NOCS-MailScanner-SpamCheck: not spam (whitelisted),
	SpamAssassin (not cached, score=-6.599, required 5,
	autolearn=not spam, BAYES_00 -2.60, RCVD_IN_DNSWL_MED -4.00)
X-NOCS-MailScanner-From: sbdservice@sbd.iridium.com
X-Spam-Status: No

SBM Message
--SBD.Boundary.605592468
PROCESS /noc/users/iridburst/exec/irid_300224010734970_upd.pl
Last Run  ----1970-01-01 00:00:00 
MONTH  5 
DATA  xxrecord 2012-05-08 08:00:05 :: $W5M5A,120508,080005,660d0028449ce246,1,DAS 2,4901.4419N,1622.5556W,20.3,95,24.3,14.0,10.3,77.7,6.6,10.4,77.9,6.7,1005.9,2.39,4.79,9.1,27,32*61
 
STATION sbdservice
IRID_ID 300224010734970
BODY --

From sbdservice@sbd.iridium.com Thu May 10 03:00:56 2012
Return-Path: <sbdservice@sbd.iridium.com>
Received: from istbsp02.sbd.iridium.com (outbound.sbd.iridium.com [12.47.179.11])
	by mercury.noc.soton.ac.uk (8.13.1/8.12.11) with ESMTP id q4A20qiM031221
	for <iridburst@noc.soton.ac.uk>; Thu, 10 May 2012 03:00:52 +0100
Reply-To: <sbdservice@sbd.iridium.com>
From: sbdservice@sbd.iridium.com
To: iridburst@noc.soton.ac.uk
Subject: SBD Msg From Unit: 300224010734970
MIME-Version: 1.0
Content-Type: multipart/mixed;boundary="SBD.Boundary.605592468"
Message-Id: <19740412024625.D5FB7DE87B42C8D5@istbsp02.sbd.iridium.com>
Date: Thu, 10 May 2012 02:00:50 +0000 (GMT)
X-NOCS-MailScanner-Information: Please contact the ISP for more information
X-NOCS-MailScanner-ID: q4A20qiM031221
X-NOCS-MailScanner: Found to be clean
X-NOCS-MailScanner-SpamCheck: not spam (whitelisted),
	SpamAssassin (not cached, score=-6.599, required 5,
	autolearn=not spam, BAYES_00 -2.60, RCVD_IN_DNSWL_MED -4.00)
X-NOCS-MailScanner-From: sbdservice@sbd.iridium.com
X-Spam-Status: No

SBM Message
--SBD.Boundary.605592468
PROCESS /noc/users/iridburst/exec/irid_300224010734970_upd.pl
Last Run  ----1970-01-01 00:00:00 
MONTH  5 
DATA  xxrecord 2012-05-08 08:00:05 :: $W5M5A,120508,080005,660d0028449ce246,1,DAS 2,4901.4419N,1622.5556W,20.3,95,24.3,14.0,10.3,77.7,6.6,10.4,77.9,6.7,1005.9,2.39,4.79,9.1,27,32*61
 
STATION sbdservice
IRID_ID 300224010734970
BODY --

From sbdservice@sbd.iridium.com Thu May 10 04:00:55 2012
Return-Path: <sbdservice@sbd.iridium.com>
Received: from istbsp01.sbd.iridium.com (outbound.sbd.iridium.com [12.47.179.11])
	by mercury.noc.soton.ac.uk (8.13.1/8.12.11) with ESMTP id q4A30pLm004242
	for <iridburst@noc.soton.ac.uk>; Thu, 10 May 2012 04:00:51 +0100
Reply-To: <sbdservice@sbd.iridium.com>
From: sbdservice@sbd.iridium.com
To: iridburst@noc.soton.ac.uk
Subject: SBD Msg From Unit: 300224010734970
MIME-Version: 1.0
Content-Type: multipart/mixed;boundary="SBD.Boundary.605592468"
Message-Id: <19740412024625.DDE06CE97B0CF791@istbsp01.sbd.iridium.com>
Date: Thu, 10 May 2012 03:00:51 +0000 (GMT)
X-NOCS-MailScanner-Information: Please contact the ISP for more information
X-NOCS-MailScanner-ID: q4A30pLm004242
X-NOCS-MailScanner: Found to be clean
X-NOCS-MailScanner-SpamCheck: not spam (whitelisted),
	SpamAssassin (not cached, score=-6.599, required 5,
	autolearn=not spam, BAYES_00 -2.60, RCVD_IN_DNSWL_MED -4.00)
X-NOCS-MailScanner-From: sbdservice@sbd.iridium.com
X-Spam-Status: No

SBM Message
--SBD.Boundary.605592468
PROCESS /noc/users/iridburst/exec/irid_300224010734970_upd.pl
Last Run  ----1970-01-01 00:00:00 
MONTH  5 
DATA  xxrecord 2012-05-08 08:00:05 :: $W5M5A,120508,080005,660d0028449ce246,1,DAS 2,4901.4419N,1622.5556W,20.3,95,24.3,14.0,10.3,77.7,6.6,10.4,77.9,6.7,1005.9,2.39,4.79,9.1,27,32*61
 
STATION sbdservice
IRID_ID 300224010734970
BODY --

From sbdservice@sbd.iridium.com Thu May 10 05:00:56 2012
Return-Path: <sbdservice@sbd.iridium.com>
Received: from istbsp02.sbd.iridium.com (outbound.sbd.iridium.com [12.47.179.11])
	by mercury.noc.soton.ac.uk (8.13.1/8.12.11) with ESMTP id q4A40pDA010183
	for <iridburst@noc.soton.ac.uk>; Thu, 10 May 2012 05:00:51 +0100
Reply-To: <sbdservice@sbd.iridium.com>
From: sbdservice@sbd.iridium.com
To: iridburst@noc.soton.ac.uk
Subject: SBD Msg From Unit: 300224010734970
MIME-Version: 1.0
Content-Type: multipart/mixed;boundary="SBD.Boundary.605592468"
Message-Id: <19740412024625.83914DF83B7257E0@istbsp02.sbd.iridium.com>
Date: Thu, 10 May 2012 04:00:50 +0000 (GMT)
X-NOCS-MailScanner-Information: Please contact the ISP for more information
X-NOCS-MailScanner-ID: q4A40pDA010183
X-NOCS-MailScanner: Found to be clean
X-NOCS-MailScanner-SpamCheck: not spam (whitelisted),
	SpamAssassin (not cached, score=-6.599, required 5,
	autolearn=not spam, BAYES_00 -2.60, RCVD_IN_DNSWL_MED -4.00)
X-NOCS-MailScanner-From: sbdservice@sbd.iridium.com
X-Spam-Status: No

SBM Message
--SBD.Boundary.605592468
PROCESS /noc/users/iridburst/exec/irid_300224010734970_upd.pl
Last Run  ----1970-01-01 00:00:00 
MONTH  5 
DATA  xxrecord 2012-05-08 08:00:05 :: $W5M5A,120508,080005,660d0028449ce246,1,DAS 2,4901.4419N,1622.5556W,20.3,95,24.3,14.0,10.3,77.7,6.6,10.4,77.9,6.7,1005.9,2.39,4.79,9.1,27,32*61
 
STATION sbdservice
IRID_ID 300224010734970
BODY --

From sbdservice@sbd.iridium.com Thu May 10 06:01:03 2012
Return-Path: <sbdservice@sbd.iridium.com>
Received: from istbsp01.sbd.iridium.com (outbound.sbd.iridium.com [12.47.179.11])
	by mercury.noc.soton.ac.uk (8.13.1/8.12.11) with ESMTP id q4A50uxI015210
	for <iridburst@noc.soton.ac.uk>; Thu, 10 May 2012 06:00:56 +0100
Reply-To: <sbdservice@sbd.iridium.com>
From: sbdservice@sbd.iridium.com
To: iridburst@noc.soton.ac.uk
Subject: SBD Msg From Unit: 300224010734970
MIME-Version: 1.0
Content-Type: multipart/mixed;boundary="SBD.Boundary.605592468"
Message-Id: <19740412024625.90B94FC9331D7CE7@istbsp01.sbd.iridium.com>
Date: Thu, 10 May 2012 05:00:55 +0000 (GMT)
X-NOCS-MailScanner-Information: Please contact the ISP for more information
X-NOCS-MailScanner-ID: q4A50uxI015210
X-NOCS-MailScanner: Found to be clean
X-NOCS-MailScanner-SpamCheck: not spam (whitelisted),
	SpamAssassin (not cached, score=-6.599, required 5,
	autolearn=not spam, BAYES_00 -2.60, RCVD_IN_DNSWL_MED -4.00)
X-NOCS-MailScanner-From: sbdservice@sbd.iridium.com
X-Spam-Status: No

SBM Message
--SBD.Boundary.605592468
PROCESS /noc/users/iridburst/exec/irid_300224010734970_upd.pl
Last Run  ----1970-01-01 00:00:00 
MONTH  5 
DATA  xxrecord 2012-05-08 08:00:05 :: $W5M5A,120508,080005,660d0028449ce246,1,DAS 2,4901.4419N,1622.5556W,20.3,95,24.3,14.0,10.3,77.7,6.6,10.4,77.9,6.7,1005.9,2.39,4.79,9.1,27,32*61
 
STATION sbdservice
IRID_ID 300224010734970
BODY --

From sbdservice@sbd.iridium.com Thu May 10 07:00:57 2012
Return-Path: <sbdservice@sbd.iridium.com>
Received: from istbsp02.sbd.iridium.com (outbound.sbd.iridium.com [12.47.179.11])
	by mercury.noc.soton.ac.uk (8.13.1/8.12.11) with ESMTP id q4A60p9q022679
	for <iridburst@noc.soton.ac.uk>; Thu, 10 May 2012 07:00:51 +0100
Reply-To: <sbdservice@sbd.iridium.com>
From: sbdservice@sbd.iridium.com
To: iridburst@noc.soton.ac.uk
Subject: SBD Msg From Unit: 300224010734970
MIME-Version: 1.0
Content-Type: multipart/mixed;boundary="SBD.Boundary.605592468"
Message-Id: <19740412024625.18E64ED8FF438E62@istbsp02.sbd.iridium.com>
Date: Thu, 10 May 2012 06:00:50 +0000 (GMT)
X-NOCS-MailScanner-Information: Please contact the ISP for more information
X-NOCS-MailScanner-ID: q4A60p9q022679
X-NOCS-MailScanner: Found to be clean
X-NOCS-MailScanner-SpamCheck: not spam (whitelisted),
	SpamAssassin (not cached, score=-6.599, required 5,
	autolearn=not spam, BAYES_00 -2.60, RCVD_IN_DNSWL_MED -4.00)
X-NOCS-MailScanner-From: sbdservice@sbd.iridium.com
X-Spam-Status: No

SBM Message
--SBD.Boundary.605592468
PROCESS /noc/users/iridburst/exec/irid_300224010734970_upd.pl
Last Run  ----1970-01-01 00:00:00 
MONTH  5 
DATA  xxrecord 2012-05-08 08:00:05 :: $W5M5A,120508,080005,660d0028449ce246,1,DAS 2,4901.4419N,1622.5556W,20.3,95,24.3,14.0,10.3,77.7,6.6,10.4,77.9,6.7,1005.9,2.39,4.79,9.1,27,32*61
 
STATION sbdservice
IRID_ID 300224010734970
BODY --

From sbdservice@sbd.iridium.com Thu May 10 08:00:56 2012
Return-Path: <sbdservice@sbd.iridium.com>
Received: from istbsp02.sbd.iridium.com (outbound.sbd.iridium.com [12.47.179.11])
	by mercury.noc.soton.ac.uk (8.13.1/8.12.11) with ESMTP id q4A70qiR028595
	for <iridburst@noc.soton.ac.uk>; Thu, 10 May 2012 08:00:52 +0100
Reply-To: <sbdservice@sbd.iridium.com>
From: sbdservice@sbd.iridium.com
To: iridburst@noc.soton.ac.uk
Subject: SBD Msg From Unit: 300224010734970
MIME-Version: 1.0
Content-Type: multipart/mixed;boundary="SBD.Boundary.605592468"
Message-Id: <19740412024625.6D206CFBBB7315ED@istbsp02.sbd.iridium.com>
Date: Thu, 10 May 2012 07:00:52 +0000 (GMT)
X-NOCS-MailScanner-Information: Please contact the ISP for more information
X-NOCS-MailScanner-ID: q4A70qiR028595
X-NOCS-MailScanner: Found to be clean
X-NOCS-MailScanner-SpamCheck: not spam (whitelisted),
	SpamAssassin (not cached, score=-6.599, required 5,
	autolearn=not spam, BAYES_00 -2.60, RCVD_IN_DNSWL_MED -4.00)
X-NOCS-MailScanner-From: sbdservice@sbd.iridium.com
X-Spam-Status: No

SBM Message
--SBD.Boundary.605592468
PROCESS /noc/users/iridburst/exec/irid_300224010734970_upd.pl
Last Run  ----1970-01-01 00:00:00 
MONTH  5 
DATA  xxrecord 2012-05-08 08:00:05 :: $W5M5A,120508,080005,660d0028449ce246,1,DAS 2,4901.4419N,1622.5556W,20.3,95,24.3,14.0,10.3,77.7,6.6,10.4,77.9,6.7,1005.9,2.39,4.79,9.1,27,32*61
 
STATION sbdservice
IRID_ID 300224010734970
BODY --

From sbdservice@sbd.iridium.com Thu May 10 09:01:00 2012
Return-Path: <sbdservice@sbd.iridium.com>
Received: from istbsp01.sbd.iridium.com (outbound.sbd.iridium.com [12.47.179.11])
	by mercury.noc.soton.ac.uk (8.13.1/8.12.11) with ESMTP id q4A80q6G007837
	for <iridburst@noc.soton.ac.uk>; Thu, 10 May 2012 09:00:53 +0100
Reply-To: <sbdservice@sbd.iridium.com>
From: sbdservice@sbd.iridium.com
To: iridburst@noc.soton.ac.uk
Subject: SBD Msg From Unit: 300224010734970
MIME-Version: 1.0
Content-Type: multipart/mixed;boundary="SBD.Boundary.605592468"
Message-Id: <19740412024625.F3FC6DE8BF2F70FD@istbsp01.sbd.iridium.com>
Date: Thu, 10 May 2012 08:00:52 +0000 (GMT)
X-NOCS-MailScanner-Information: Please contact the ISP for more information
X-NOCS-MailScanner-ID: q4A80q6G007837
X-NOCS-MailScanner: Found to be clean
X-NOCS-MailScanner-SpamCheck: not spam (whitelisted),
	SpamAssassin (not cached, score=-6.599, required 5,
	autolearn=not spam, BAYES_00 -2.60, RCVD_IN_DNSWL_MED -4.00)
X-NOCS-MailScanner-From: sbdservice@sbd.iridium.com
X-Spam-Status: No

SBM Message
--SBD.Boundary.605592468
PROCESS /noc/users/iridburst/exec/irid_300224010734970_upd.pl
Last Run  ----1970-01-01 00:00:00 
MONTH  5 
DATA  xxrecord 2012-05-08 08:00:05 :: $W5M5A,120508,080005,660d0028449ce246,1,DAS 2,4901.4419N,1622.5556W,20.3,95,24.3,14.0,10.3,77.7,6.6,10.4,77.9,6.7,1005.9,2.39,4.79,9.1,27,32*61
 
STATION sbdservice
IRID_ID 300224010734970
BODY --

From sbdservice@sbd.iridium.com Thu May 10 10:00:56 2012
Return-Path: <sbdservice@sbd.iridium.com>
Received: from istbsp02.sbd.iridium.com (outbound.sbd.iridium.com [12.47.179.11])
	by mercury.noc.soton.ac.uk (8.13.1/8.12.11) with ESMTP id q4A90qIC018011
	for <iridburst@noc.soton.ac.uk>; Thu, 10 May 2012 10:00:53 +0100
Reply-To: <sbdservice@sbd.iridium.com>
From: sbdservice@sbd.iridium.com
To: iridburst@noc.soton.ac.uk
Subject: SBD Msg From Unit: 300224010734970
MIME-Version: 1.0
Content-Type: multipart/mixed;boundary="SBD.Boundary.605592468"
Message-Id: <19740412024625.44597ECB3773AB19@istbsp02.sbd.iridium.com>
Date: Thu, 10 May 2012 09:00:52 +0000 (GMT)
X-NOCS-MailScanner-Information: Please contact the ISP for more information
X-NOCS-MailScanner-ID: q4A90qIC018011
X-NOCS-MailScanner: Found to be clean
X-NOCS-MailScanner-SpamCheck: not spam (whitelisted),
	SpamAssassin (not cached, score=-6.599, required 5,
	autolearn=not spam, BAYES_00 -2.60, RCVD_IN_DNSWL_MED -4.00)
X-NOCS-MailScanner-From: sbdservice@sbd.iridium.com
X-Spam-Status: No

SBM Message
--SBD.Boundary.605592468
PROCESS /noc/users/iridburst/exec/irid_300224010734970_upd.pl
Last Run  ----1970-01-01 00:00:00 
MONTH  5 
DATA  xxrecord 2012-05-08 08:00:05 :: $W5M5A,120508,080005,660d0028449ce246,1,DAS 2,4901.4419N,1622.5556W,20.3,95,24.3,14.0,10.3,77.7,6.6,10.4,77.9,6.7,1005.9,2.39,4.79,9.1,27,32*61
 
STATION sbdservice
IRID_ID 300224010734970
BODY --

From sbdservice@sbd.iridium.com Thu May 10 11:00:57 2012
Return-Path: <sbdservice@sbd.iridium.com>
Received: from istbsp02.sbd.iridium.com (outbound.sbd.iridium.com [12.47.179.11])
	by mercury.noc.soton.ac.uk (8.13.1/8.12.11) with ESMTP id q4AA0pff028738
	for <iridburst@noc.soton.ac.uk>; Thu, 10 May 2012 11:00:52 +0100
Reply-To: <sbdservice@sbd.iridium.com>
From: sbdservice@sbd.iridium.com
To: iridburst@noc.soton.ac.uk
Subject: SBD Msg From Unit: 300224010734970
MIME-Version: 1.0
Content-Type: multipart/mixed;boundary="SBD.Boundary.605592468"
Message-Id: <19740412024625.C5AC7CCA7B429CC1@istbsp02.sbd.iridium.com>
Date: Thu, 10 May 2012 10:00:51 +0000 (GMT)
X-NOCS-MailScanner-Information: Please contact the ISP for more information
X-NOCS-MailScanner-ID: q4AA0pff028738
X-NOCS-MailScanner: Found to be clean
X-NOCS-MailScanner-SpamCheck: not spam (whitelisted),
	SpamAssassin (not cached, score=-6.599, required 5,
	autolearn=not spam, BAYES_00 -2.60, RCVD_IN_DNSWL_MED -4.00)
X-NOCS-MailScanner-From: sbdservice@sbd.iridium.com
X-Spam-Status: No

SBM Message
--SBD.Boundary.605592468
PROCESS /noc/users/iridburst/exec/irid_300224010734970_upd.pl
Last Run  ----1970-01-01 00:00:00 
MONTH  5 
DATA  xxrecord 2012-05-08 08:00:05 :: $W5M5A,120508,080005,660d0028449ce246,1,DAS 2,4901.4419N,1622.5556W,20.3,95,24.3,14.0,10.3,77.7,6.6,10.4,77.9,6.7,1005.9,2.39,4.79,9.1,27,32*61
 
STATION sbdservice
IRID_ID 300224010734970
BODY --

From sbdservice@sbd.iridium.com Thu May 10 12:00:57 2012
Return-Path: <sbdservice@sbd.iridium.com>
Received: from istbsp01.sbd.iridium.com (outbound.sbd.iridium.com [12.47.179.11])
	by mercury.noc.soton.ac.uk (8.13.1/8.12.11) with ESMTP id q4AB0rMT006636
	for <iridburst@noc.soton.ac.uk>; Thu, 10 May 2012 12:00:53 +0100
Reply-To: <sbdservice@sbd.iridium.com>
From: sbdservice@sbd.iridium.com
To: iridburst@noc.soton.ac.uk
Subject: SBD Msg From Unit: 300224010734970
MIME-Version: 1.0
Content-Type: multipart/mixed;boundary="SBD.Boundary.605592468"
Message-Id: <19740412024625.AD145FFBB70CFEAB@istbsp01.sbd.iridium.com>
Date: Thu, 10 May 2012 11:00:51 +0000 (GMT)
X-NOCS-MailScanner-Information: Please contact the ISP for more information
X-NOCS-MailScanner-ID: q4AB0rMT006636
X-NOCS-MailScanner: Found to be clean
X-NOCS-MailScanner-SpamCheck: not spam (whitelisted),
	SpamAssassin (not cached, score=-6.599, required 5,
	autolearn=not spam, BAYES_00 -2.60, RCVD_IN_DNSWL_MED -4.00)
X-NOCS-MailScanner-From: sbdservice@sbd.iridium.com
X-Spam-Status: No

SBM Message
--SBD.Boundary.605592468
PROCESS /noc/users/iridburst/exec/irid_300224010734970_upd.pl
Last Run  ----1970-01-01 00:00:00 
MONTH  5 
DATA  xxrecord 2012-05-08 08:00:05 :: $W5M5A,120508,080005,660d0028449ce246,1,DAS 2,4901.4419N,1622.5556W,20.3,95,24.3,14.0,10.3,77.7,6.6,10.4,77.9,6.7,1005.9,2.39,4.79,9.1,27,32*61
 
STATION sbdservice
IRID_ID 300224010734970
BODY --

From sbdservice@sbd.iridium.com Thu May 10 13:01:02 2012
Return-Path: <sbdservice@sbd.iridium.com>
Received: from istbsp01.sbd.iridium.com (outbound.sbd.iridium.com [12.47.179.11])
	by mercury.noc.soton.ac.uk (8.13.1/8.12.11) with ESMTP id q4AC0tZQ016728
	for <iridburst@noc.soton.ac.uk>; Thu, 10 May 2012 13:00:56 +0100
Reply-To: <sbdservice@sbd.iridium.com>
From: sbdservice@sbd.iridium.com
To: iridburst@noc.soton.ac.uk
Subject: SBD Msg From Unit: 300224010734970
MIME-Version: 1.0
Content-Type: multipart/mixed;boundary="SBD.Boundary.605592468"
Message-Id: <19740412024625.7B574FEA330FB3EF@istbsp01.sbd.iridium.com>
Date: Thu, 10 May 2012 12:00:55 +0000 (GMT)
X-NOCS-MailScanner-Information: Please contact the ISP for more information
X-NOCS-MailScanner-ID: q4AC0tZQ016728
X-NOCS-MailScanner: Found to be clean
X-NOCS-MailScanner-SpamCheck: not spam (whitelisted),
	SpamAssassin (not cached, score=-6.599, required 5,
	autolearn=not spam, BAYES_00 -2.60, RCVD_IN_DNSWL_MED -4.00)
X-NOCS-MailScanner-From: sbdservice@sbd.iridium.com
X-Spam-Status: No

SBM Message
--SBD.Boundary.605592468
PROCESS /noc/users/iridburst/exec/irid_300224010734970_upd.pl
Last Run  ----1970-01-01 00:00:00 
MONTH  5 
DATA  xxrecord 2012-05-08 08:00:05 :: $W5M5A,120508,080005,660d0028449ce246,1,DAS 2,4901.4419N,1622.5556W,20.3,95,24.3,14.0,10.3,77.7,6.6,10.4,77.9,6.7,1005.9,2.39,4.79,9.1,27,32*61
 
STATION sbdservice
IRID_ID 300224010734970
BODY --

From sbdservice@sbd.iridium.com Thu May 10 14:00:50 2012
Return-Path: <sbdservice@sbd.iridium.com>
Received: from istbsp02.sbd.iridium.com (outbound.sbd.iridium.com [12.47.179.11])
	by mercury.noc.soton.ac.uk (8.13.1/8.12.11) with ESMTP id q4AD0kIY025720
	for <iridburst@noc.soton.ac.uk>; Thu, 10 May 2012 14:00:47 +0100
Reply-To: <sbdservice@sbd.iridium.com>
From: sbdservice@sbd.iridium.com
To: iridburst@noc.soton.ac.uk
Subject: SBD Msg From Unit: 300224010734970
MIME-Version: 1.0
Content-Type: multipart/mixed;boundary="SBD.Boundary.605592468"
Message-Id: <19740412024625.D7F95FFAB763ED2B@istbsp02.sbd.iridium.com>
Date: Thu, 10 May 2012 13:00:45 +0000 (GMT)
X-NOCS-MailScanner-Information: Please contact the ISP for more information
X-NOCS-MailScanner-ID: q4AD0kIY025720
X-NOCS-MailScanner: Found to be clean
X-NOCS-MailScanner-SpamCheck: not spam (whitelisted),
	SpamAssassin (not cached, score=-6.599, required 5,
	autolearn=not spam, BAYES_00 -2.60, RCVD_IN_DNSWL_MED -4.00)
X-NOCS-MailScanner-From: sbdservice@sbd.iridium.com
X-Spam-Status: No

SBM Message
--SBD.Boundary.605592468
PROCESS /noc/users/iridburst/exec/irid_300224010734970_upd.pl
Last Run  ----1970-01-01 00:00:00 
MONTH  5 
DATA  xxrecord 2012-05-08 08:00:05 :: $W5M5A,120508,080005,660d0028449ce246,1,DAS 2,4901.4419N,1622.5556W,20.3,95,24.3,14.0,10.3,77.7,6.6,10.4,77.9,6.7,1005.9,2.39,4.79,9.1,27,32*61
 
STATION sbdservice
IRID_ID 300224010734970
BODY --

From sbdservice@sbd.iridium.com Thu May 10 15:00:59 2012
Return-Path: <sbdservice@sbd.iridium.com>
Received: from istbsp02.sbd.iridium.com (outbound.sbd.iridium.com [12.47.179.11])
	by mercury.noc.soton.ac.uk (8.13.1/8.12.11) with ESMTP id q4AE0tT5003460
	for <iridburst@noc.soton.ac.uk>; Thu, 10 May 2012 15:00:55 +0100
Reply-To: <sbdservice@sbd.iridium.com>
From: sbdservice@sbd.iridium.com
To: iridburst@noc.soton.ac.uk
Subject: SBD Msg From Unit: 300224010734970
MIME-Version: 1.0
Content-Type: multipart/mixed;boundary="SBD.Boundary.605592468"
Message-Id: <19740412024625.BB276DFAF3506EEA@istbsp02.sbd.iridium.com>
Date: Thu, 10 May 2012 14:00:54 +0000 (GMT)
X-NOCS-MailScanner-Information: Please contact the ISP for more information
X-NOCS-MailScanner-ID: q4AE0tT5003460
X-NOCS-MailScanner: Found to be clean
X-NOCS-MailScanner-SpamCheck: not spam (whitelisted),
	SpamAssassin (not cached, score=-6.599, required 5,
	autolearn=not spam, BAYES_00 -2.60, RCVD_IN_DNSWL_MED -4.00)
X-NOCS-MailScanner-From: sbdservice@sbd.iridium.com
X-Spam-Status: No

SBM Message
--SBD.Boundary.605592468
PROCESS /noc/users/iridburst/exec/irid_300224010734970_upd.pl
Last Run  ----1970-01-01 00:00:00 
MONTH  5 
DATA  xxrecord 2012-05-08 08:00:05 :: $W5M5A,120508,080005,660d0028449ce246,1,DAS 2,4901.4419N,1622.5556W,20.3,95,24.3,14.0,10.3,77.7,6.6,10.4,77.9,6.7,1005.9,2.39,4.79,9.1,27,32*61
 
STATION sbdservice
IRID_ID 300224010734970
BODY --

From sbdservice@sbd.iridium.com Thu May 10 16:00:53 2012
Return-Path: <sbdservice@sbd.iridium.com>
Received: from istbsp02.sbd.iridium.com (outbound.sbd.iridium.com [12.47.179.11])
	by mercury.noc.soton.ac.uk (8.13.1/8.12.11) with ESMTP id q4AF0k9w013849
	for <iridburst@noc.soton.ac.uk>; Thu, 10 May 2012 16:00:47 +0100
Reply-To: <sbdservice@sbd.iridium.com>
From: sbdservice@sbd.iridium.com
To: iridburst@noc.soton.ac.uk
Subject: SBD Msg From Unit: 300224010734970
MIME-Version: 1.0
Content-Type: multipart/mixed;boundary="SBD.Boundary.605592468"
Message-Id: <19740412024625.B9F16FEBB352C2D1@istbsp02.sbd.iridium.com>
Date: Thu, 10 May 2012 15:00:46 +0000 (GMT)
X-NOCS-MailScanner-Information: Please contact the ISP for more information
X-NOCS-MailScanner-ID: q4AF0k9w013849
X-NOCS-MailScanner: Found to be clean
X-NOCS-MailScanner-SpamCheck: not spam (whitelisted),
	SpamAssassin (not cached, score=-6.599, required 5,
	autolearn=not spam, BAYES_00 -2.60, RCVD_IN_DNSWL_MED -4.00)
X-NOCS-MailScanner-From: sbdservice@sbd.iridium.com
X-Spam-Status: No

SBM Message
--SBD.Boundary.605592468
PROCESS /noc/users/iridburst/exec/irid_300224010734970_upd.pl
Last Run  ----1970-01-01 00:00:00 
MONTH  5 
DATA  xxrecord 2012-05-08 08:00:05 :: $W5M5A,120508,080005,660d0028449ce246,1,DAS 2,4901.4419N,1622.5556W,20.3,95,24.3,14.0,10.3,77.7,6.6,10.4,77.9,6.7,1005.9,2.39,4.79,9.1,27,32*61
 
STATION sbdservice
IRID_ID 300224010734970
BODY --

From sbdservice@sbd.iridium.com Thu May 10 17:00:57 2012
Return-Path: <sbdservice@sbd.iridium.com>
Received: from istbsp02.sbd.iridium.com (outbound.sbd.iridium.com [12.47.179.11])
	by mercury.noc.soton.ac.uk (8.13.1/8.12.11) with ESMTP id q4AG0ra0023743
	for <iridburst@noc.soton.ac.uk>; Thu, 10 May 2012 17:00:53 +0100
Reply-To: <sbdservice@sbd.iridium.com>
From: sbdservice@sbd.iridium.com
To: iridburst@noc.soton.ac.uk
Subject: SBD Msg From Unit: 300224010734970
MIME-Version: 1.0
Content-Type: multipart/mixed;boundary="SBD.Boundary.605592468"
Message-Id: <19740412024625.9D054CFBBB52BA83@istbsp02.sbd.iridium.com>
Date: Thu, 10 May 2012 16:00:51 +0000 (GMT)
X-NOCS-MailScanner-Information: Please contact the ISP for more information
X-NOCS-MailScanner-ID: q4AG0ra0023743
X-NOCS-MailScanner: Found to be clean
X-NOCS-MailScanner-SpamCheck: not spam (whitelisted),
	SpamAssassin (not cached, score=-6.599, required 5,
	autolearn=not spam, BAYES_00 -2.60, RCVD_IN_DNSWL_MED -4.00)
X-NOCS-MailScanner-From: sbdservice@sbd.iridium.com
X-Spam-Status: No

SBM Message
--SBD.Boundary.605592468
PROCESS /noc/users/iridburst/exec/irid_300224010734970_upd.pl
Last Run  ----1970-01-01 00:00:00 
MONTH  5 
DATA  xxrecord 2012-05-08 08:00:05 :: $W5M5A,120508,080005,660d0028449ce246,1,DAS 2,4901.4419N,1622.5556W,20.3,95,24.3,14.0,10.3,77.7,6.6,10.4,77.9,6.7,1005.9,2.39,4.79,9.1,27,32*61
 
STATION sbdservice
IRID_ID 300224010734970
BODY --

From sbdservice@sbd.iridium.com Thu May 10 18:01:02 2012
Return-Path: <sbdservice@sbd.iridium.com>
Received: from istbsp02.sbd.iridium.com (outbound.sbd.iridium.com [12.47.179.11])
	by mercury.noc.soton.ac.uk (8.13.1/8.12.11) with ESMTP id q4AH0w5o001320
	for <iridburst@noc.soton.ac.uk>; Thu, 10 May 2012 18:00:58 +0100
Reply-To: <sbdservice@sbd.iridium.com>
From: sbdservice@sbd.iridium.com
To: iridburst@noc.soton.ac.uk
Subject: SBD Msg From Unit: 300224010734970
MIME-Version: 1.0
Content-Type: multipart/mixed;boundary="SBD.Boundary.605592468"
Message-Id: <19740412024625.AED36DDBB743B7A6@istbsp02.sbd.iridium.com>
Date: Thu, 10 May 2012 17:00:57 +0000 (GMT)
X-NOCS-MailScanner-Information: Please contact the ISP for more information
X-NOCS-MailScanner-ID: q4AH0w5o001320
X-NOCS-MailScanner: Found to be clean
X-NOCS-MailScanner-SpamCheck: not spam (whitelisted),
	SpamAssassin (not cached, score=-6.599, required 5,
	autolearn=not spam, BAYES_00 -2.60, RCVD_IN_DNSWL_MED -4.00)
X-NOCS-MailScanner-From: sbdservice@sbd.iridium.com
X-Spam-Status: No

SBM Message
--SBD.Boundary.605592468
PROCESS /noc/users/iridburst/exec/irid_300224010734970_upd.pl
Last Run  ----1970-01-01 00:00:00 
MONTH  5 
DATA  xxrecord 2012-05-08 08:00:05 :: $W5M5A,120508,080005,660d0028449ce246,1,DAS 2,4901.4419N,1622.5556W,20.3,95,24.3,14.0,10.3,77.7,6.6,10.4,77.9,6.7,1005.9,2.39,4.79,9.1,27,32*61
 
STATION sbdservice
IRID_ID 300224010734970
BODY --

From sbdservice@sbd.iridium.com Thu May 10 19:00:55 2012
Return-Path: <sbdservice@sbd.iridium.com>
Received: from istbsp02.sbd.iridium.com (outbound.sbd.iridium.com [12.47.179.11])
	by mercury.noc.soton.ac.uk (8.13.1/8.12.11) with ESMTP id q4AI0p4N009433
	for <iridburst@noc.soton.ac.uk>; Thu, 10 May 2012 19:00:52 +0100
Reply-To: <sbdservice@sbd.iridium.com>
From: sbdservice@sbd.iridium.com
To: iridburst@noc.soton.ac.uk
Subject: SBD Msg From Unit: 300224010734970
MIME-Version: 1.0
Content-Type: multipart/mixed;boundary="SBD.Boundary.605592468"
Message-Id: <19740412024625.C0075DE83371302E@istbsp02.sbd.iridium.com>
Date: Thu, 10 May 2012 18:00:51 +0000 (GMT)
X-NOCS-MailScanner-Information: Please contact the ISP for more information
X-NOCS-MailScanner-ID: q4AI0p4N009433
X-NOCS-MailScanner: Found to be clean
X-NOCS-MailScanner-SpamCheck: not spam (whitelisted),
	SpamAssassin (not cached, score=-6.599, required 5,
	autolearn=not spam, BAYES_00 -2.60, RCVD_IN_DNSWL_MED -4.00)
X-NOCS-MailScanner-From: sbdservice@sbd.iridium.com
X-Spam-Status: No

SBM Message
--SBD.Boundary.605592468
PROCESS /noc/users/iridburst/exec/irid_300224010734970_upd.pl
Last Run  ----1970-01-01 00:00:00 
MONTH  5 
DATA  xxrecord 2012-05-08 08:00:05 :: $W5M5A,120508,080005,660d0028449ce246,1,DAS 2,4901.4419N,1622.5556W,20.3,95,24.3,14.0,10.3,77.7,6.6,10.4,77.9,6.7,1005.9,2.39,4.79,9.1,27,32*61
 
STATION sbdservice
IRID_ID 300224010734970
BODY --

From sbdservice@sbd.iridium.com Thu May 10 20:01:10 2012
Return-Path: <sbdservice@sbd.iridium.com>
Received: from istbsp02.sbd.iridium.com (outbound.sbd.iridium.com [12.47.179.11])
	by mercury.noc.soton.ac.uk (8.13.1/8.12.11) with ESMTP id q4AJ12Wj016775
	for <iridburst@noc.soton.ac.uk>; Thu, 10 May 2012 20:01:02 +0100
Reply-To: <sbdservice@sbd.iridium.com>
From: sbdservice@sbd.iridium.com
To: iridburst@noc.soton.ac.uk
Subject: SBD Msg From Unit: 300224010734970
MIME-Version: 1.0
Content-Type: multipart/mixed;boundary="SBD.Boundary.605592468"
Message-Id: <19740412024625.6FE06CDB7371558F@istbsp02.sbd.iridium.com>
Date: Thu, 10 May 2012 19:01:00 +0000 (GMT)
X-NOCS-MailScanner-Information: Please contact the ISP for more information
X-NOCS-MailScanner-ID: q4AJ12Wj016775
X-NOCS-MailScanner: Found to be clean
X-NOCS-MailScanner-SpamCheck: not spam (whitelisted),
	SpamAssassin (not cached, score=-6.599, required 5,
	autolearn=not spam, BAYES_00 -2.60, RCVD_IN_DNSWL_MED -4.00)
X-NOCS-MailScanner-From: sbdservice@sbd.iridium.com
X-Spam-Status: No

SBM Message
--SBD.Boundary.605592468
PROCESS /noc/users/iridburst/exec/irid_300224010734970_upd.pl
Last Run  ----1970-01-01 00:00:00 
MONTH  5 
DATA  xxrecord 2012-05-08 08:00:05 :: $W5M5A,120508,080005,660d0028449ce246,1,DAS 2,4901.4419N,1622.5556W,20.3,95,24.3,14.0,10.3,77.7,6.6,10.4,77.9,6.7,1005.9,2.39,4.79,9.1,27,32*61
 
STATION sbdservice
IRID_ID 300224010734970
BODY 
Content-Type: text/plain;charset=US-ASCII
Content-Disposition: inline
Content-Transfer-Encoding: 7bit

MOMSN: 3198
MTMSN: 0
Time of Session (UTC): Thu May 10 19:01:10 2012
Session Status: 00 - Transfer OK
Message Size (bytes): 1960

Unit Location: Lat = 48.994004 Long = -16.395707
CEPradius = 7



-- 
This message has been scanned for viruses and
dangerous content by MailScanner, and is
believed to be clean.


--SBD.Boundary.605592468
PROCESS /noc/users/iridburst/exec/irid_300224010734970_upd.pl
Last Run  ----1970-01-01 00:00:00 
MONTH  5 
DATA  xxrecord 2012-05-08 08:00:05 :: $W5M5A,120508,080005,660d0028449ce246,1,DAS 2,4901.4419N,1622.5556W,20.3,95,24.3,14.0,10.3,77.7,6.6,10.4,77.9,6.7,1005.9,2.39,4.79,9.1,27,32*61
 
STATION sbdservice
IRID_ID 300224010734970
BODY 
Content-Type: text/plain;charset=US-ASCII
Content-Disposition: inline
Content-Transfer-Encoding: 7bit

MOMSN: 3199
MTMSN: 0
Time of Session (UTC): Thu May 10 20:00:35 2012
Session Status: 00 - Transfer OK
Message Size (bytes): 1960

Unit Location: Lat = 49.027703 Long = -16.358670
CEPradius = 3



-- 
This message has been scanned for viruses and
dangerous content by MailScanner, and is
believed to be clean.


--SBD.Boundary.605592468
PROCESS /noc/users/iridburst/exec/irid_300224010734970_upd.pl
Last Run  ----1970-01-01 00:00:00 
MONTH  5 
DATA  xxrecord 2012-05-08 08:00:05 :: $W5M5A,120508,080005,660d0028449ce246,1,DAS 2,4901.4419N,1622.5556W,20.3,95,24.3,14.0,10.3,77.7,6.6,10.4,77.9,6.7,1005.9,2.39,4.79,9.1,27,32*61
 
STATION sbdservice
IRID_ID 300224010734970
BODY 
Content-Type: text/plain;charset=US-ASCII
Content-Disposition: inline
Content-Transfer-Encoding: 7bit

MOMSN: 3200
MTMSN: 0
Time of Session (UTC): Thu May 10 21:00:35 2012
Session Status: 00 - Transfer OK
Message Size (bytes): 1960

Unit Location: Lat = 49.027703 Long = -16.358670
CEPradius = 3



-- 
This message has been scanned for viruses and
dangerous content by MailScanner, and is
believed to be clean.


--SBD.Boundary.605592468
PROCESS /noc/users/iridburst/exec/irid_300224010734970_upd.pl
Last Run  ----1970-01-01 00:00:00 
MONTH  5 
DATA  xxrecord 2012-05-08 08:00:05 :: $W5M5A,120508,080005,660d0028449ce246,1,DAS 2,4901.4419N,1622.5556W,20.3,95,24.3,14.0,10.3,77.7,6.6,10.4,77.9,6.7,1005.9,2.39,4.79,9.1,27,32*61
 
STATION sbdservice
IRID_ID 300224010734970
BODY 
Content-Type: text/plain;charset=US-ASCII
Content-Disposition: inline
Content-Transfer-Encoding: 7bit

MOMSN: 3201
MTMSN: 0
Time of Session (UTC): Thu May 10 22:00:38 2012
Session Status: 00 - Transfer OK
Message Size (bytes): 1960

Unit Location: Lat = 49.020042 Long = -16.411144
CEPradius = 2



-- 
This message has been scanned for viruses and
dangerous content by MailScanner, and is
believed to be clean.


--SBD.Boundary.605592468
PROCESS /noc/users/iridburst/exec/irid_300224010734970_upd.pl
Last Run  ----1970-01-01 00:00:00 
MONTH  5 
DATA  xxrecord 2012-05-08 08:00:05 :: $W5M5A,120508,080005,660d0028449ce246,1,DAS 2,4901.4419N,1622.5556W,20.3,95,24.3,14.0,10.3,77.7,6.6,10.4,77.9,6.7,1005.9,2.39,4.79,9.1,27,32*61
 
STATION sbdservice
IRID_ID 300224010734970
BODY 
Content-Type: text/plain;charset=US-ASCII
Content-Disposition: inline
Content-Transfer-Encoding: 7bit

MOMSN: 3202
MTMSN: 0
Time of Session (UTC): Thu May 10 23:00:39 2012
Session Status: 00 - Transfer OK
Message Size (bytes): 1960

Unit Location: Lat = 49.001651 Long = -16.343277
CEPradius = 6



-- 
This message has been scanned for viruses and
dangerous content by MailScanner, and is
believed to be clean.


--SBD.Boundary.605592468
PROCESS /noc/users/iridburst/exec/irid_300224010734970_upd.pl
Last Run  ----1970-01-01 00:00:00 
MONTH  5 
DATA  xxrecord 2012-05-08 08:00:05 :: $W5M5A,120508,080005,660d0028449ce246,1,DAS 2,4901.4419N,1622.5556W,20.3,95,24.3,14.0,10.3,77.7,6.6,10.4,77.9,6.7,1005.9,2.39,4.79,9.1,27,32*61
 
STATION sbdservice
IRID_ID 300224010734970
BODY 
Content-Type: text/plain;charset=US-ASCII
Content-Disposition: inline
Content-Transfer-Encoding: 7bit

MOMSN: 3203
MTMSN: 0
Time of Session (UTC): Fri May 11 00:00:36 2012
Session Status: 00 - Transfer OK
Message Size (bytes): 1960

Unit Location: Lat = 49.020042 Long = -16.411144
CEPradius = 3



-- 
This message has been scanned for viruses and
dangerous content by MailScanner, and is
believed to be clean.


--SBD.Boundary.605592468
PROCESS /noc/users/iridburst/exec/irid_300224010734970_upd.pl
Last Run  ----1970-01-01 00:00:00 
MONTH  5 
DATA  xxrecord 2012-05-08 08:00:05 :: $W5M5A,120508,080005,660d0028449ce246,1,DAS 2,4901.4419N,1622.5556W,20.3,95,24.3,14.0,10.3,77.7,6.6,10.4,77.9,6.7,1005.9,2.39,4.79,9.1,27,32*61
 
STATION sbdservice
IRID_ID 300224010734970
BODY 
Content-Type: text/plain;charset=US-ASCII
Content-Disposition: inline
Content-Transfer-Encoding: 7bit

MOMSN: 3204
MTMSN: 0
Time of Session (UTC): Fri May 11 01:00:33 2012
Session Status: 00 - Transfer OK
Message Size (bytes): 1960

Unit Location: Lat = 49.012359 Long = -16.463590
CEPradius = 3



-- 
This message has been scanned for viruses and
dangerous content by MailScanner, and is
believed to be clean.


--SBD.Boundary.605592468
PROCESS /noc/users/iridburst/exec/irid_300224010734970_upd.pl
Last Run  ----1970-01-01 00:00:00 
MONTH  5 
DATA  xxrecord 2012-05-08 08:00:05 :: $W5M5A,120508,080005,660d0028449ce246,1,DAS 2,4901.4419N,1622.5556W,20.3,95,24.3,14.0,10.3,77.7,6.6,10.4,77.9,6.7,1005.9,2.39,4.79,9.1,27,32*61
 
STATION sbdservice
IRID_ID 300224010734970
BODY 
Content-Type: text/plain;charset=US-ASCII
Content-Disposition: inline
Content-Transfer-Encoding: 7bit

MOMSN: 3205
MTMSN: 0
Time of Session (UTC): Fri May 11 02:00:33 2012
Session Status: 00 - Transfer OK
Message Size (bytes): 1960

Unit Location: Lat = 49.069672 Long = -16.426609
CEPradius = 5



-- 
This message has been scanned for viruses and
dangerous content by MailScanner, and is
believed to be clean.


--SBD.Boundary.605592468
PROCESS /noc/users/iridburst/exec/irid_300224010734970_upd.pl
Last Run  ----1970-01-01 00:00:00 
MONTH  5 
DATA  xxrecord 2012-05-08 08:00:05 :: $W5M5A,120508,080005,660d0028449ce246,1,DAS 2,4901.4419N,1622.5556W,20.3,95,24.3,14.0,10.3,77.7,6.6,10.4,77.9,6.7,1005.9,2.39,4.79,9.1,27,32*61
 
STATION sbdservice
IRID_ID 300224010734970
BODY 
Content-Type: text/plain;charset=US-ASCII
Content-Disposition: inline
Content-Transfer-Encoding: 7bit

MOMSN: 3206
MTMSN: 0
Time of Session (UTC): Fri May 11 03:00:36 2012
Session Status: 00 - Transfer OK
Message Size (bytes): 1960

Unit Location: Lat = 48.970635 Long = -18.054826
CEPradius = 141



-- 
This message has been scanned for viruses and
dangerous content by MailScanner, and is
believed to be clean.


--SBD.Boundary.605592468
PROCESS /noc/users/iridburst/exec/irid_300224010734970_upd.pl
Last Run  ----1970-01-01 00:00:00 
MONTH  5 
DATA  xxrecord 2012-05-08 08:00:05 :: $W5M5A,120508,080005,660d0028449ce246,1,DAS 2,4901.4419N,1622.5556W,20.3,95,24.3,14.0,10.3,77.7,6.6,10.4,77.9,6.7,1005.9,2.39,4.79,9.1,27,32*61
 
STATION sbdservice
IRID_ID 300224010734970
BODY 
Content-Type: text/plain;charset=US-ASCII
Content-Disposition: inline
Content-Transfer-Encoding: 7bit

MOMSN: 3207
MTMSN: 0
Time of Session (UTC): Fri May 11 04:00:37 2012
Session Status: 00 - Transfer OK
Message Size (bytes): 1960

Unit Location: Lat = 49.020042 Long = -16.411144
CEPradius = 4



-- 
This message has been scanned for viruses and
dangerous content by MailScanner, and is
believed to be clean.


--SBD.Boundary.605592468
PROCESS /noc/users/iridburst/exec/irid_300224010734970_upd.pl
Last Run  ----1970-01-01 00:00:00 
MONTH  5 
DATA  xxrecord 2012-05-08 08:00:05 :: $W5M5A,120508,080005,660d0028449ce246,1,DAS 2,4901.4419N,1622.5556W,20.3,95,24.3,14.0,10.3,77.7,6.6,10.4,77.9,6.7,1005.9,2.39,4.79,9.1,27,32*61
 
STATION sbdservice
IRID_ID 300224010734970
BODY 
Content-Type: text/plain;charset=US-ASCII
Content-Disposition: inline
Content-Transfer-Encoding: 7bit

MOMSN: 3208
MTMSN: 0
Time of Session (UTC): Fri May 11 05:00:34 2012
Session Status: 00 - Transfer OK
Message Size (bytes): 1960

Unit Location: Lat = 49.078332 Long = -18.209853
CEPradius = 28



-- 
This message has been scanned for viruses and
dangerous content by MailScanner, and is
believed to be clean.


--SBD.Boundary.605592468
PROCESS /noc/users/iridburst/exec/irid_300224010734970_upd.pl
Last Run  ----1970-01-01 00:00:00 
MONTH  5 
DATA  xxrecord 2012-05-08 08:00:05 :: $W5M5A,120508,080005,660d0028449ce246,1,DAS 2,4901.4419N,1622.5556W,20.3,95,24.3,14.0,10.3,77.7,6.6,10.4,77.9,6.7,1005.9,2.39,4.79,9.1,27,32*61
 
STATION sbdservice
IRID_ID 300224010734970
BODY 
Content-Type: text/plain;charset=US-ASCII
Content-Disposition: inline
Content-Transfer-Encoding: 7bit

MOMSN: 3209
MTMSN: 0
Time of Session (UTC): Fri May 11 06:00:36 2012
Session Status: 00 - Transfer OK
Message Size (bytes): 1960

Unit Location: Lat = 49.027703 Long = -16.358670
CEPradius = 3



-- 
This message has been scanned for viruses and
dangerous content by MailScanner, and is
believed to be clean.


--SBD.Boundary.605592468
PROCESS /noc/users/iridburst/exec/irid_300224010734970_upd.pl
Last Run  ----1970-01-01 00:00:00 
MONTH  5 
DATA  xxrecord 2012-05-08 08:00:05 :: $W5M5A,120508,080005,660d0028449ce246,1,DAS 2,4901.4419N,1622.5556W,20.3,95,24.3,14.0,10.3,77.7,6.6,10.4,77.9,6.7,1005.9,2.39,4.79,9.1,27,32*61
 
STATION sbdservice
IRID_ID 300224010734970
BODY 
Content-Type: text/plain;charset=US-ASCII
Content-Disposition: inline
Content-Transfer-Encoding: 7bit

MOMSN: 3210
MTMSN: 0
Time of Session (UTC): Fri May 11 07:00:34 2012
Session Status: 00 - Transfer OK
Message Size (bytes): 1960

Unit Location: Lat = 49.066713 Long = -17.569519
CEPradius = 17



-- 
This message has been scanned for viruses and
dangerous content by MailScanner, and is
believed to be clean.


--SBD.Boundary.605592468
PROCESS /noc/users/iridburst/exec/irid_300224010734970_upd.pl
Last Run  ----1970-01-01 00:00:00 
MONTH  5 
DATA  xxrecord 2012-05-08 08:00:05 :: $W5M5A,120508,080005,660d0028449ce246,1,DAS 2,4901.4419N,1622.5556W,20.3,95,24.3,14.0,10.3,77.7,6.6,10.4,77.9,6.7,1005.9,2.39,4.79,9.1,27,32*61
 
STATION sbdservice
IRID_ID 300224010734970
BODY 
Content-Type: text/plain;charset=US-ASCII
Content-Disposition: inline
Content-Transfer-Encoding: 7bit

MOMSN: 3211
MTMSN: 0
Time of Session (UTC): Fri May 11 08:00:33 2012
Session Status: 00 - Transfer OK
Message Size (bytes): 1960

Unit Location: Lat = 48.970402 Long = -16.395707
CEPradius = 5



-- 
This message has been scanned for viruses and
dangerous content by MailScanner, and is
believed to be clean.


--SBD.Boundary.605592468
PROCESS /noc/users/iridburst/exec/irid_300224010734970_upd.pl
Last Run  ----1970-01-01 00:00:00 
MONTH  5 
DATA  xxrecord 2012-05-08 08:00:05 :: $W5M5A,120508,080005,660d0028449ce246,1,DAS 2,4901.4419N,1622.5556W,20.3,95,24.3,14.0,10.3,77.7,6.6,10.4,77.9,6.7,1005.9,2.39,4.79,9.1,27,32*61
 
STATION sbdservice
IRID_ID 300224010734970
BODY 
Content-Type: text/plain;charset=US-ASCII
Content-Disposition: inline
Content-Transfer-Encoding: 7bit

MOMSN: 3212
MTMSN: 0
Time of Session (UTC): Fri May 11 09:00:43 2012
Session Status: 00 - Transfer OK
Message Size (bytes): 1960

Unit Location: Lat = 48.881309 Long = -14.221495
CEPradius = 179



-- 
This message has been scanned for viruses and
dangerous content by MailScanner, and is
believed to be clean.


--SBD.Boundary.605592468
PROCESS /noc/users/iridburst/exec/irid_300224010734970_upd.pl
Last Run  ----1970-01-01 00:00:00 
MONTH  5 
DATA  xxrecord 2012-05-08 08:00:05 :: $W5M5A,120508,080005,660d0028449ce246,1,DAS 2,4901.4419N,1622.5556W,20.3,95,24.3,14.0,10.3,77.7,6.6,10.4,77.9,6.7,1005.9,2.39,4.79,9.1,27,32*61
 
STATION sbdservice
IRID_ID 300224010734970
BODY 
Content-Type: text/plain;charset=US-ASCII
Content-Disposition: inline
Content-Transfer-Encoding: 7bit

MOMSN: 3213
MTMSN: 0
Time of Session (UTC): Fri May 11 10:00:36 2012
Session Status: 00 - Transfer OK
Message Size (bytes): 1960

Unit Location: Lat = 49.001651 Long = -16.343277
CEPradius = 2



-- 
This message has been scanned for viruses and
dangerous content by MailScanner, and is
believed to be clean.


--SBD.Boundary.605592468
PROCESS /noc/users/iridburst/exec/irid_300224010734970_upd.pl
Last Run  ----1970-01-01 00:00:00 
MONTH  5 
DATA  xxrecord 2012-05-08 08:00:05 :: $W5M5A,120508,080005,660d0028449ce246,1,DAS 2,4901.4419N,1622.5556W,20.3,95,24.3,14.0,10.3,77.7,6.6,10.4,77.9,6.7,1005.9,2.39,4.79,9.1,27,32*61
 
STATION sbdservice
IRID_ID 300224010734970
BODY 
Content-Type: text/plain;charset=US-ASCII
Content-Disposition: inline
Content-Transfer-Encoding: 7bit

MOMSN: 3214
MTMSN: 0
Time of Session (UTC): Fri May 11 11:00:32 2012
Session Status: 00 - Transfer OK
Message Size (bytes): 1960

Unit Location: Lat = 48.947942 Long = -13.174817
CEPradius = 243



-- 
This message has been scanned for viruses and
dangerous content by MailScanner, and is
believed to be clean.


--SBD.Boundary.605592468
PROCESS /noc/users/iridburst/exec/irid_300224010734970_upd.pl
Last Run  ----1970-01-01 00:00:00 
MONTH  5 
DATA  xxrecord 2012-05-08 08:00:05 :: $W5M5A,120508,080005,660d0028449ce246,1,DAS 2,4901.4419N,1622.5556W,20.3,95,24.3,14.0,10.3,77.7,6.6,10.4,77.9,6.7,1005.9,2.39,4.79,9.1,27,32*61
 
STATION sbdservice
IRID_ID 300224010734970
BODY 
Content-Type: text/plain;charset=US-ASCII
Content-Disposition: inline
Content-Transfer-Encoding: 7bit

MOMSN: 3215
MTMSN: 0
Time of Session (UTC): Fri May 11 12:00:50 2012
Session Status: 00 - Transfer OK
Message Size (bytes): 1960

Unit Location: Lat = 49.020042 Long = -16.411144
CEPradius = 2



-- 
This message has been scanned for viruses and
dangerous content by MailScanner, and is
believed to be clean.


--SBD.Boundary.605592468
PROCESS /noc/users/iridburst/exec/irid_300224010734970_upd.pl
Last Run  ----1970-01-01 00:00:00 
MONTH  5 
DATA  xxrecord 2012-05-08 08:00:05 :: $W5M5A,120508,080005,660d0028449ce246,1,DAS 2,4901.4419N,1622.5556W,20.3,95,24.3,14.0,10.3,77.7,6.6,10.4,77.9,6.7,1005.9,2.39,4.79,9.1,27,32*61
 
STATION sbdservice
IRID_ID 300224010734970
BODY 
Content-Type: text/plain;charset=US-ASCII
Content-Disposition: inline
Content-Transfer-Encoding: 7bit

MOMSN: 3216
MTMSN: 0
Time of Session (UTC): Fri May 11 13:00:37 2012
Session Status: 00 - Transfer OK
Message Size (bytes): 1960

Unit Location: Lat = 49.001651 Long = -16.343277
CEPradius = 3



-- 
This message has been scanned for viruses and
dangerous content by MailScanner, and is
believed to be clean.


--SBD.Boundary.605592468
PROCESS /noc/users/iridburst/exec/irid_300224010734970_upd.pl
Last Run  ----1970-01-01 00:00:00 
MONTH  5 
DATA  xxrecord 2012-05-08 08:00:05 :: $W5M5A,120508,080005,660d0028449ce246,1,DAS 2,4901.4419N,1622.5556W,20.3,95,24.3,14.0,10.3,77.7,6.6,10.4,77.9,6.7,1005.9,2.39,4.79,9.1,27,32*61
 
STATION sbdservice
IRID_ID 300224010734970
BODY 
Content-Type: text/plain;charset=US-ASCII
Content-Disposition: inline
Content-Transfer-Encoding: 7bit

MOMSN: 3217
MTMSN: 0
Time of Session (UTC): Fri May 11 14:00:33 2012
Session Status: 00 - Transfer OK
Message Size (bytes): 1960

Unit Location: Lat = 49.001651 Long = -16.343277
CEPradius = 2



-- 
This message has been scanned for viruses and
dangerous content by MailScanner, and is
believed to be clean.


--SBD.Boundary.605592468
PROCESS /noc/users/iridburst/exec/irid_300224010734970_upd.pl
Last Run  ----1970-01-01 00:00:00 
MONTH  5 
DATA  xxrecord 2012-05-08 08:00:05 :: $W5M5A,120508,080005,660d0028449ce246,1,DAS 2,4901.4419N,1622.5556W,20.3,95,24.3,14.0,10.3,77.7,6.6,10.4,77.9,6.7,1005.9,2.39,4.79,9.1,27,32*61
 
STATION sbdservice
IRID_ID 300224010734970
BODY 
Content-Type: text/plain;charset=US-ASCII
Content-Disposition: inline
Content-Transfer-Encoding: 7bit

MOMSN: 3218
MTMSN: 0
Time of Session (UTC): Fri May 11 15:00:36 2012
Session Status: 00 - Transfer OK
Message Size (bytes): 1960

Unit Location: Lat = 48.970402 Long = -16.395707
CEPradius = 4



-- 
This message has been scanned for viruses and
dangerous content by MailScanner, and is
believed to be clean.


--SBD.Boundary.605592468
PROCESS /noc/users/iridburst/exec/irid_300224010734970_upd.pl
Last Run  ----1970-01-01 00:00:00 
MONTH  5 
DATA  xxrecord 2012-05-08 08:00:05 :: $W5M5A,120508,080005,660d0028449ce246,1,DAS 2,4901.4419N,1622.5556W,20.3,95,24.3,14.0,10.3,77.7,6.6,10.4,77.9,6.7,1005.9,2.39,4.79,9.1,27,32*61
 
STATION sbdservice
IRID_ID 300224010734970
BODY 
Content-Type: text/plain;charset=US-ASCII
Content-Disposition: inline
Content-Transfer-Encoding: 7bit

MOMSN: 3219
MTMSN: 0
Time of Session (UTC): Fri May 11 16:00:38 2012
Session Status: 00 - Transfer OK
Message Size (bytes): 1960

Unit Location: Lat = 49.288620 Long = -11.644739
CEPradius = 354



-- 
This message has been scanned for viruses and
dangerous content by MailScanner, and is
believed to be clean.


--SBD.Boundary.605592468
PROCESS /noc/users/iridburst/exec/irid_300224010734970_upd.pl
Last Run  ----1970-01-01 00:00:00 
MONTH  5 
DATA  xxrecord 2012-05-08 08:00:05 :: $W5M5A,120508,080005,660d0028449ce246,1,DAS 2,4901.4419N,1622.5556W,20.3,95,24.3,14.0,10.3,77.7,6.6,10.4,77.9,6.7,1005.9,2.39,4.79,9.1,27,32*61
 
STATION sbdservice
IRID_ID 300224010734970
BODY 
Content-Type: text/plain;charset=US-ASCII
Content-Disposition: inline
Content-Transfer-Encoding: 7bit

MOMSN: 3220
MTMSN: 0
Time of Session (UTC): Fri May 11 17:00:35 2012
Session Status: 00 - Transfer OK
Message Size (bytes): 1960

Unit Location: Lat = 48.978050 Long = -16.343277
CEPradius = 6



-- 
This message has been scanned for viruses and
dangerous content by MailScanner, and is
believed to be clean.


--SBD.Boundary.605592468
PROCESS /noc/users/iridburst/exec/irid_300224010734970_upd.pl
Last Run  ----1970-01-01 00:00:00 
MONTH  5 
DATA  xxrecord 2012-05-08 08:00:05 :: $W5M5A,120508,080005,660d0028449ce246,1,DAS 2,4901.4419N,1622.5556W,20.3,95,24.3,14.0,10.3,77.7,6.6,10.4,77.9,6.7,1005.9,2.39,4.79,9.1,27,32*61
 
STATION sbdservice
IRID_ID 300224010734970
BODY 
Content-Type: text/plain;charset=US-ASCII
Content-Disposition: inline
Content-Transfer-Encoding: 7bit

MOMSN: 3221
MTMSN: 0
Time of Session (UTC): Fri May 11 18:00:33 2012
Session Status: 00 - Transfer OK
Message Size (bytes): 1960

Unit Location: Lat = 49.027703 Long = -16.358670
CEPradius = 3



-- 
This message has been scanned for viruses and
dangerous content by MailScanner, and is
believed to be clean.


--SBD.Boundary.605592468
PROCESS /noc/users/iridburst/exec/irid_300224010734970_upd.pl
Last Run  ----1970-01-01 00:00:00 
MONTH  5 
DATA  xxrecord 2012-05-08 08:00:05 :: $W5M5A,120508,080005,660d0028449ce246,1,DAS 2,4901.4419N,1622.5556W,20.3,95,24.3,14.0,10.3,77.7,6.6,10.4,77.9,6.7,1005.9,2.39,4.79,9.1,27,32*61
 
STATION sbdservice
IRID_ID 300224010734970
BODY 
Content-Type: text/plain;charset=US-ASCII
Content-Disposition: inline
Content-Transfer-Encoding: 7bit

MOMSN: 3222
MTMSN: 0
Time of Session (UTC): Fri May 11 19:00:34 2012
Session Status: 00 - Transfer OK
Message Size (bytes): 1960

Unit Location: Lat = 49.027703 Long = -16.358670
CEPradius = 3



-- 
This message has been scanned for viruses and
dangerous content by MailScanner, and is
believed to be clean.


--SBD.Boundary.605592468
PROCESS /noc/users/iridburst/exec/irid_300224010734970_upd.pl
Last Run  ----1970-01-01 00:00:00 
MONTH  5 
DATA  xxrecord 2012-05-08 08:00:05 :: $W5M5A,120508,080005,660d0028449ce246,1,DAS 2,4901.4419N,1622.5556W,20.3,95,24.3,14.0,10.3,77.7,6.6,10.4,77.9,6.7,1005.9,2.39,4.79,9.1,27,32*61
 
STATION sbdservice
IRID_ID 300224010734970
BODY 
Content-Type: text/plain;charset=US-ASCII
Content-Disposition: inline
Content-Transfer-Encoding: 7bit

MOMSN: 3223
MTMSN: 0
Time of Session (UTC): Fri May 11 20:00:40 2012
Session Status: 00 - Transfer OK
Message Size (bytes): 1960

Unit Location: Lat = 49.043618 Long = -16.411144
CEPradius = 4



-- 
This message has been scanned for viruses and
dangerous content by MailScanner, and is
believed to be clean.


--SBD.Boundary.605592468
PROCESS /noc/users/iridburst/exec/irid_300224010734970_upd.pl
Last Run  ----1970-01-01 00:00:00 
MONTH  5 
DATA  xxrecord 2012-05-08 08:00:05 :: $W5M5A,120508,080005,660d0028449ce246,1,DAS 2,4901.4419N,1622.5556W,20.3,95,24.3,14.0,10.3,77.7,6.6,10.4,77.9,6.7,1005.9,2.39,4.79,9.1,27,32*61
 
STATION sbdservice
IRID_ID 300224010734970
BODY 
Content-Type: text/plain;charset=US-ASCII
Content-Disposition: inline
Content-Transfer-Encoding: 7bit

MOMSN: 3224
MTMSN: 0
Time of Session (UTC): Fri May 11 21:00:32 2012
Session Status: 00 - Transfer OK
Message Size (bytes): 1960

Unit Location: Lat = 49.001651 Long = -16.343277
CEPradius = 3



-- 
This message has been scanned for viruses and
dangerous content by MailScanner, and is
believed to be clean.


--SBD.Boundary.605592468
PROCESS /noc/users/iridburst/exec/irid_300224010734970_upd.pl
Last Run  ----1970-01-01 00:00:00 
MONTH  5 
DATA  xxrecord 2012-05-08 08:00:05 :: $W5M5A,120508,080005,660d0028449ce246,1,DAS 2,4901.4419N,1622.5556W,20.3,95,24.3,14.0,10.3,77.7,6.6,10.4,77.9,6.7,1005.9,2.39,4.79,9.1,27,32*61
 
STATION sbdservice
IRID_ID 300224010734970
BODY 
Content-Type: text/plain;charset=US-ASCII
Content-Disposition: inline
Content-Transfer-Encoding: 7bit

MOMSN: 3225
MTMSN: 0
Time of Session (UTC): Fri May 11 22:00:33 2012
Session Status: 00 - Transfer OK
Message Size (bytes): 1960

Unit Location: Lat = 49.020042 Long = -16.411144
CEPradius = 2



-- 
This message has been scanned for viruses and
dangerous content by MailScanner, and is
believed to be clean.


--SBD.Boundary.605592468
PROCESS /noc/users/iridburst/exec/irid_300224010734970_upd.pl
Last Run  ----1970-01-01 00:00:00 
MONTH  5 
DATA  xxrecord 2012-05-08 08:00:05 :: $W5M5A,120508,080005,660d0028449ce246,1,DAS 2,4901.4419N,1622.5556W,20.3,95,24.3,14.0,10.3,77.7,6.6,10.4,77.9,6.7,1005.9,2.39,4.79,9.1,27,32*61
 
STATION sbdservice
IRID_ID 300224010734970
BODY 
Content-Type: text/plain;charset=US-ASCII
Content-Disposition: inline
Content-Transfer-Encoding: 7bit

MOMSN: 3226
MTMSN: 0
Time of Session (UTC): Fri May 11 23:00:31 2012
Session Status: 00 - Transfer OK
Message Size (bytes): 1960

Unit Location: Lat = 49.069672 Long = -16.426609
CEPradius = 10



-- 
This message has been scanned for viruses and
dangerous content by MailScanner, and is
believed to be clean.


--SBD.Boundary.605592468
PROCESS /noc/users/iridburst/exec/irid_300224010734970_upd.pl
Last Run  ----1970-01-01 00:00:00 
MONTH  5 
DATA  xxrecord 2012-05-08 08:00:05 :: $W5M5A,120508,080005,660d0028449ce246,1,DAS 2,4901.4419N,1622.5556W,20.3,95,24.3,14.0,10.3,77.7,6.6,10.4,77.9,6.7,1005.9,2.39,4.79,9.1,27,32*61
 
STATION sbdservice
IRID_ID 300224010734970
BODY 
Content-Type: text/plain;charset=US-ASCII
Content-Disposition: inline
Content-Transfer-Encoding: 7bit

MOMSN: 3227
MTMSN: 0
Time of Session (UTC): Sat May 12 00:00:33 2012
Session Status: 00 - Transfer OK
Message Size (bytes): 1960

Unit Location: Lat = 49.027703 Long = -16.358670
CEPradius = 2



-- 
This message has been scanned for viruses and
dangerous content by MailScanner, and is
believed to be clean.


--SBD.Boundary.605592468
PROCESS /noc/users/iridburst/exec/irid_300224010734970_upd.pl
Last Run  ----1970-01-01 00:00:00 
MONTH  5 
DATA  xxrecord 2012-05-08 08:00:05 :: $W5M5A,120508,080005,660d0028449ce246,1,DAS 2,4901.4419N,1622.5556W,20.3,95,24.3,14.0,10.3,77.7,6.6,10.4,77.9,6.7,1005.9,2.39,4.79,9.1,27,32*61
 
STATION sbdservice
IRID_ID 300224010734970
BODY 
Content-Type: text/plain;charset=US-ASCII
Content-Disposition: inline
Content-Transfer-Encoding: 7bit

MOMSN: 3228
MTMSN: 0
Time of Session (UTC): Sat May 12 01:00:34 2012
Session Status: 00 - Transfer OK
Message Size (bytes): 1960

Unit Location: Lat = 49.009277 Long = -16.290818
CEPradius = 2



-- 
This message has been scanned for viruses and
dangerous content by MailScanner, and is
believed to be clean.


--SBD.Boundary.605592468
PROCESS /noc/users/iridburst/exec/irid_300224010734970_upd.pl
Last Run  ----1970-01-01 00:00:00 
MONTH  5 
DATA  xxrecord 2012-05-08 08:00:05 :: $W5M5A,120508,080005,660d0028449ce246,1,DAS 2,4901.4419N,1622.5556W,20.3,95,24.3,14.0,10.3,77.7,6.6,10.4,77.9,6.7,1005.9,2.39,4.79,9.1,27,32*61
 
STATION sbdservice
IRID_ID 300224010734970
BODY 
Content-Type: text/plain;charset=US-ASCII
Content-Disposition: inline
Content-Transfer-Encoding: 7bit

MOMSN: 3229
MTMSN: 0
Time of Session (UTC): Sat May 12 02:00:34 2012
Session Status: 00 - Transfer OK
Message Size (bytes): 1960

Unit Location: Lat = 49.020042 Long = -16.411144
CEPradius = 2



-- 
This message has been scanned for viruses and
dangerous content by MailScanner, and is
believed to be clean.


--SBD.Boundary.605592468
PROCESS /noc/users/iridburst/exec/irid_300224010734970_upd.pl
Last Run  ----1970-01-01 00:00:00 
MONTH  5 
DATA  xxrecord 2012-05-08 08:00:05 :: $W5M5A,120508,080005,660d0028449ce246,1,DAS 2,4901.4419N,1622.5556W,20.3,95,24.3,14.0,10.3,77.7,6.6,10.4,77.9,6.7,1005.9,2.39,4.79,9.1,27,32*61
 
STATION sbdservice
IRID_ID 300224010734970
BODY 
Content-Type: text/plain;charset=US-ASCII
Content-Disposition: inline
Content-Transfer-Encoding: 7bit

MOMSN: 3230
MTMSN: 0
Time of Session (UTC): Sat May 12 03:00:32 2012
Session Status: 00 - Transfer OK
Message Size (bytes): 1960

Unit Location: Lat = 48.878546 Long = -20.179021
CEPradius = 297



-- 
This message has been scanned for viruses and
dangerous content by MailScanner, and is
believed to be clean.


--SBD.Boundary.605592468
PROCESS /noc/users/iridburst/exec/irid_300224010734970_upd.pl
Last Run  ----1970-01-01 00:00:00 
MONTH  5 
DATA  xxrecord 2012-05-08 08:00:05 :: $W5M5A,120508,080005,660d0028449ce246,1,DAS 2,4901.4419N,1622.5556W,20.3,95,24.3,14.0,10.3,77.7,6.6,10.4,77.9,6.7,1005.9,2.39,4.79,9.1,27,32*61
 
STATION sbdservice
IRID_ID 300224010734970
BODY 
Content-Type: text/plain;charset=US-ASCII
Content-Disposition: inline
Content-Transfer-Encoding: 7bit

MOMSN: 3231
MTMSN: 0
Time of Session (UTC): Sat May 12 04:00:38 2012
Session Status: 00 - Transfer OK
Message Size (bytes): 1960

Unit Location: Lat = 49.027703 Long = -16.358670
CEPradius = 3



-- 
This message has been scanned for viruses and
dangerous content by MailScanner, and is
believed to be clean.


--SBD.Boundary.605592468
PROCESS /noc/users/iridburst/exec/irid_300224010734970_upd.pl
Last Run  ----1970-01-01 00:00:00 
MONTH  5 
DATA  xxrecord 2012-05-08 08:00:05 :: $W5M5A,120508,080005,660d0028449ce246,1,DAS 2,4901.4419N,1622.5556W,20.3,95,24.3,14.0,10.3,77.7,6.6,10.4,77.9,6.7,1005.9,2.39,4.79,9.1,27,32*61
 
STATION sbdservice
IRID_ID 300224010734970
BODY 
Content-Type: text/plain;charset=US-ASCII
Content-Disposition: inline
Content-Transfer-Encoding: 7bit

MOMSN: 3232
MTMSN: 0
Time of Session (UTC): Sat May 12 05:00:32 2012
Session Status: 00 - Transfer OK
Message Size (bytes): 1960

Unit Location: Lat = 49.167258 Long = -19.354796
CEPradius = 227



-- 
This message has been scanned for viruses and
dangerous content by MailScanner, and is
believed to be clean.


--SBD.Boundary.605592468
PROCESS /noc/users/iridburst/exec/irid_300224010734970_upd.pl
Last Run  ----1970-01-01 00:00:00 
MONTH  5 
DATA  xxrecord 2012-05-08 08:00:05 :: $W5M5A,120508,080005,660d0028449ce246,1,DAS 2,4901.4419N,1622.5556W,20.3,95,24.3,14.0,10.3,77.7,6.6,10.4,77.9,6.7,1005.9,2.39,4.79,9.1,27,32*61
 
STATION sbdservice
IRID_ID 300224010734970
BODY 
Content-Type: text/plain;charset=US-ASCII
Content-Disposition: inline
Content-Transfer-Encoding: 7bit

MOMSN: 3233
MTMSN: 0
Time of Session (UTC): Sat May 12 06:00:35 2012
Session Status: 00 - Transfer OK
Message Size (bytes): 1960

Unit Location: Lat = 49.020042 Long = -16.411144
CEPradius = 2



-- 
This message has been scanned for viruses and
dangerous content by MailScanner, and is
believed to be clean.


--SBD.Boundary.605592468
PROCESS /noc/users/iridburst/exec/irid_300224010734970_upd.pl
Last Run  ----1970-01-01 00:00:00 
MONTH  5 
DATA  xxrecord 2012-05-08 08:00:05 :: $W5M5A,120508,080005,660d0028449ce246,1,DAS 2,4901.4419N,1622.5556W,20.3,95,24.3,14.0,10.3,77.7,6.6,10.4,77.9,6.7,1005.9,2.39,4.79,9.1,27,32*61
 
STATION sbdservice
IRID_ID 300224010734970
BODY 
Content-Type: text/plain;charset=US-ASCII
Content-Disposition: inline
Content-Transfer-Encoding: 7bit

MOMSN: 3234
MTMSN: 0
Time of Session (UTC): Sat May 12 07:00:48 2012
Session Status: 00 - Transfer OK
Message Size (bytes): 1960

Unit Location: Lat = 49.001651 Long = -16.343277
CEPradius = 4



-- 
This message has been scanned for viruses and
dangerous content by MailScanner, and is
believed to be clean.


--SBD.Boundary.605592468
PROCESS /noc/users/iridburst/exec/irid_300224010734970_upd.pl
Last Run  ----1970-01-01 00:00:00 
MONTH  5 
DATA  xxrecord 2012-05-08 08:00:05 :: $W5M5A,120508,080005,660d0028449ce246,1,DAS 2,4901.4419N,1622.5556W,20.3,95,24.3,14.0,10.3,77.7,6.6,10.4,77.9,6.7,1005.9,2.39,4.79,9.1,27,32*61
 
STATION sbdservice
IRID_ID 300224010734970
BODY 
Content-Type: text/plain;charset=US-ASCII
Content-Disposition: inline
Content-Transfer-Encoding: 7bit

MOMSN: 3235
MTMSN: 0
Time of Session (UTC): Sat May 12 08:00:38 2012
Session Status: 00 - Transfer OK
Message Size (bytes): 1960

Unit Location: Lat = 49.001651 Long = -16.343277
CEPradius = 2



-- 
This message has been scanned for viruses and
dangerous content by MailScanner, and is
believed to be clean.


--SBD.Boundary.605592468
PROCESS /noc/users/iridburst/exec/irid_300224010734970_upd.pl
Last Run  ----1970-01-01 00:00:00 
MONTH  5 
DATA  xxrecord 2012-05-08 08:00:05 :: $W5M5A,120508,080005,660d0028449ce246,1,DAS 2,4901.4419N,1622.5556W,20.3,95,24.3,14.0,10.3,77.7,6.6,10.4,77.9,6.7,1005.9,2.39,4.79,9.1,27,32*61
 
STATION sbdservice
IRID_ID 300224010734970
BODY 
Content-Type: text/plain;charset=US-ASCII
Content-Disposition: inline
Content-Transfer-Encoding: 7bit

MOMSN: 3236
MTMSN: 0
Time of Session (UTC): Sat May 12 09:00:35 2012
Session Status: 00 - Transfer OK
Message Size (bytes): 1960

Unit Location: Lat = 48.978736 Long = -15.945396
CEPradius = 69



-- 
This message has been scanned for viruses and
dangerous content by MailScanner, and is
believed to be clean.


--SBD.Boundary.605592468
PROCESS /noc/users/iridburst/exec/irid_300224010734970_upd.pl
Last Run  ----1970-01-01 00:00:00 
MONTH  5 
DATA  xxrecord 2012-05-08 08:00:05 :: $W5M5A,120508,080005,660d0028449ce246,1,DAS 2,4901.4419N,1622.5556W,20.3,95,24.3,14.0,10.3,77.7,6.6,10.4,77.9,6.7,1005.9,2.39,4.79,9.1,27,32*61
 
STATION sbdservice
IRID_ID 300224010734970
BODY 
Content-Type: text/plain;charset=US-ASCII
Content-Disposition: inline
Content-Transfer-Encoding: 7bit

MOMSN: 3237
MTMSN: 0
Time of Session (UTC): Sat May 12 10:00:34 2012
Session Status: 00 - Transfer OK
Message Size (bytes): 1960

Unit Location: Lat = 49.020042 Long = -16.411144
CEPradius = 2



-- 
This message has been scanned for viruses and
dangerous content by MailScanner, and is
believed to be clean.


--SBD.Boundary.605592468
PROCESS /noc/users/iridburst/exec/irid_300224010734970_upd.pl
Last Run  ----1970-01-01 00:00:00 
MONTH  5 
DATA  xxrecord 2012-05-08 08:00:05 :: $W5M5A,120508,080005,660d0028449ce246,1,DAS 2,4901.4419N,1622.5556W,20.3,95,24.3,14.0,10.3,77.7,6.6,10.4,77.9,6.7,1005.9,2.39,4.79,9.1,27,32*61
 
STATION sbdservice
IRID_ID 300224010734970
BODY 
Content-Type: text/plain;charset=US-ASCII
Content-Disposition: inline
Content-Transfer-Encoding: 7bit

MOMSN: 3238
MTMSN: 0
Time of Session (UTC): Sat May 12 11:00:38 2012
Session Status: 00 - Transfer OK
Message Size (bytes): 1960

Unit Location: Lat = 49.023373 Long = -15.389435
CEPradius = 111



-- 
This message has been scanned for viruses and
dangerous content by MailScanner, and is
believed to be clean.


--SBD.Boundary.605592468
PROCESS /noc/users/iridburst/exec/irid_300224010734970_upd.pl
Last Run  ----1970-01-01 00:00:00 
MONTH  5 
DATA  xxrecord 2012-05-08 08:00:05 :: $W5M5A,120508,080005,660d0028449ce246,1,DAS 2,4901.4419N,1622.5556W,20.3,95,24.3,14.0,10.3,77.7,6.6,10.4,77.9,6.7,1005.9,2.39,4.79,9.1,27,32*61
 
STATION sbdservice
IRID_ID 300224010734970
BODY 
Content-Type: text/plain;charset=US-ASCII
Content-Disposition: inline
Content-Transfer-Encoding: 7bit

MOMSN: 3239
MTMSN: 0
Time of Session (UTC): Sat May 12 12:00:33 2012
Session Status: 00 - Transfer OK
Message Size (bytes): 1960

Unit Location: Lat = 48.978050 Long = -16.343277
CEPradius = 3



-- 
This message has been scanned for viruses and
dangerous content by MailScanner, and is
believed to be clean.


--SBD.Boundary.605592468
PROCESS /noc/users/iridburst/exec/irid_300224010734970_upd.pl
Last Run  ----1970-01-01 00:00:00 
MONTH  5 
DATA  xxrecord 2012-05-08 08:00:05 :: $W5M5A,120508,080005,660d0028449ce246,1,DAS 2,4901.4419N,1622.5556W,20.3,95,24.3,14.0,10.3,77.7,6.6,10.4,77.9,6.7,1005.9,2.39,4.79,9.1,27,32*61
 
STATION sbdservice
IRID_ID 300224010734970
BODY 
Content-Type: text/plain;charset=US-ASCII
Content-Disposition: inline
Content-Transfer-Encoding: 7bit

MOMSN: 3240
MTMSN: 0
Time of Session (UTC): Sat May 12 13:00:36 2012
Session Status: 00 - Transfer OK
Message Size (bytes): 1960

Unit Location: Lat = 48.985677 Long = -16.290818
CEPradius = 11



-- 
This message has been scanned for viruses and
dangerous content by MailScanner, and is
believed to be clean.


--SBD.Boundary.605592468
PROCESS /noc/users/iridburst/exec/irid_300224010734970_upd.pl
Last Run  ----1970-01-01 00:00:00 
MONTH  5 
DATA  xxrecord 2012-05-08 08:00:05 :: $W5M5A,120508,080005,660d0028449ce246,1,DAS 2,4901.4419N,1622.5556W,20.3,95,24.3,14.0,10.3,77.7,6.6,10.4,77.9,6.7,1005.9,2.39,4.79,9.1,27,32*61
 
STATION sbdservice
IRID_ID 300224010734970
BODY 
Content-Type: text/plain;charset=US-ASCII
Content-Disposition: inline
Content-Transfer-Encoding: 7bit

MOMSN: 3241
MTMSN: 0
Time of Session (UTC): Sat May 12 14:00:39 2012
Session Status: 00 - Transfer OK
Message Size (bytes): 1960

Unit Location: Lat = 49.027703 Long = -16.358670
CEPradius = 2



-- 
This message has been scanned for viruses and
dangerous content by MailScanner, and is
believed to be clean.


--SBD.Boundary.605592468
PROCESS /noc/users/iridburst/exec/irid_300224010734970_upd.pl
Last Run  ----1970-01-01 00:00:00 
MONTH  5 
DATA  xxrecord 2012-05-08 08:00:05 :: $W5M5A,120508,080005,660d0028449ce246,1,DAS 2,4901.4419N,1622.5556W,20.3,95,24.3,14.0,10.3,77.7,6.6,10.4,77.9,6.7,1005.9,2.39,4.79,9.1,27,32*61
 
STATION sbdservice
IRID_ID 300224010734970
BODY 
Content-Type: text/plain;charset=US-ASCII
Content-Disposition: inline
Content-Transfer-Encoding: 7bit

MOMSN: 3242
MTMSN: 0
Time of Session (UTC): Sat May 12 15:00:36 2012
Session Status: 00 - Transfer OK
Message Size (bytes): 1960

Unit Location: Lat = 49.020042 Long = -16.411144
CEPradius = 3



-- 
This message has been scanned for viruses and
dangerous content by MailScanner, and is
believed to be clean.


--SBD.Boundary.605592468
PROCESS /noc/users/iridburst/exec/irid_300224010734970_upd.pl
Last Run  ----1970-01-01 00:00:00 
MONTH  5 
DATA  xxrecord 2012-05-08 08:00:05 :: $W5M5A,120508,080005,660d0028449ce246,1,DAS 2,4901.4419N,1622.5556W,20.3,95,24.3,14.0,10.3,77.7,6.6,10.4,77.9,6.7,1005.9,2.39,4.79,9.1,27,32*61
 
STATION sbdservice
IRID_ID 300224010734970
BODY 
Content-Type: text/plain;charset=US-ASCII
Content-Disposition: inline
Content-Transfer-Encoding: 7bit

MOMSN: 3243
MTMSN: 0
Time of Session (UTC): Sat May 12 16:00:35 2012
Session Status: 00 - Transfer OK
Message Size (bytes): 1960

Unit Location: Lat = 49.169606 Long = -13.517081
CEPradius = 227



-- 
This message has been scanned for viruses and
dangerous content by MailScanner, and is
believed to be clean.


--SBD.Boundary.605592468
PROCESS /noc/users/iridburst/exec/irid_300224010734970_upd.pl
Last Run  ----1970-01-01 00:00:00 
MONTH  5 
DATA  xxrecord 2012-05-08 08:00:05 :: $W5M5A,120508,080005,660d0028449ce246,1,DAS 2,4901.4419N,1622.5556W,20.3,95,24.3,14.0,10.3,77.7,6.6,10.4,77.9,6.7,1005.9,2.39,4.79,9.1,27,32*61
 
STATION sbdservice
IRID_ID 300224010734970
BODY 
Content-Type: text/plain;charset=US-ASCII
Content-Disposition: inline
Content-Transfer-Encoding: 7bit

MOMSN: 3244
MTMSN: 0
Time of Session (UTC): Sat May 12 17:00:40 2012
Session Status: 00 - Transfer OK
Message Size (bytes): 1960

Unit Location: Lat = 49.001651 Long = -16.343277
CEPradius = 3



-- 
This message has been scanned for viruses and
dangerous content by MailScanner, and is
believed to be clean.


--SBD.Boundary.605592468
PROCESS /noc/users/iridburst/exec/irid_300224010734970_upd.pl
Last Run  ----1970-01-01 00:00:00 
MONTH  5 
DATA  xxrecord 2012-05-08 08:00:05 :: $W5M5A,120508,080005,660d0028449ce246,1,DAS 2,4901.4419N,1622.5556W,20.3,95,24.3,14.0,10.3,77.7,6.6,10.4,77.9,6.7,1005.9,2.39,4.79,9.1,27,32*61
 
STATION sbdservice
IRID_ID 300224010734970
BODY 
Content-Type: text/plain;charset=US-ASCII
Content-Disposition: inline
Content-Transfer-Encoding: 7bit

MOMSN: 3245
MTMSN: 0
Time of Session (UTC): Sat May 12 18:00:35 2012
Session Status: 00 - Transfer OK
Message Size (bytes): 1960

Unit Location: Lat = 49.051278 Long = -16.358670
CEPradius = 6



-- 
This message has been scanned for viruses and
dangerous content by MailScanner, and is
believed to be clean.


--SBD.Boundary.605592468
PROCESS /noc/users/iridburst/exec/irid_300224010734970_upd.pl
Last Run  ----1970-01-01 00:00:00 
MONTH  5 
DATA  xxrecord 2012-05-08 08:00:05 :: $W5M5A,120508,080005,660d0028449ce246,1,DAS 2,4901.4419N,1622.5556W,20.3,95,24.3,14.0,10.3,77.7,6.6,10.4,77.9,6.7,1005.9,2.39,4.79,9.1,27,32*61
 
STATION sbdservice
IRID_ID 300224010734970
BODY 
Content-Type: text/plain;charset=US-ASCII
Content-Disposition: inline
Content-Transfer-Encoding: 7bit

MOMSN: 3246
MTMSN: 0
Time of Session (UTC): Sat May 12 19:00:32 2012
Session Status: 00 - Transfer OK
Message Size (bytes): 1960

Unit Location: Lat = 49.001651 Long = -16.343277
CEPradius = 2



-- 
This message has been scanned for viruses and
dangerous content by MailScanner, and is
believed to be clean.


--SBD.Boundary.605592468
PROCESS /noc/users/iridburst/exec/irid_300224010734970_upd.pl
Last Run  ----1970-01-01 00:00:00 
MONTH  5 
DATA  xxrecord 2012-05-08 08:00:05 :: $W5M5A,120508,080005,660d0028449ce246,1,DAS 2,4901.4419N,1622.5556W,20.3,95,24.3,14.0,10.3,77.7,6.6,10.4,77.9,6.7,1005.9,2.39,4.79,9.1,27,32*61
 
STATION sbdservice
IRID_ID 300224010734970
BODY 
Content-Type: text/plain;charset=US-ASCII
Content-Disposition: inline
Content-Transfer-Encoding: 7bit

MOMSN: 3247
MTMSN: 0
Time of Session (UTC): Sat May 12 20:00:34 2012
Session Status: 00 - Transfer OK
Message Size (bytes): 1960

Unit Location: Lat = 49.415263 Long = -10.280129
CEPradius = 450



-- 
This message has been scanned for viruses and
dangerous content by MailScanner, and is
believed to be clean.


--SBD.Boundary.605592468
PROCESS /noc/users/iridburst/exec/irid_300224010734970_upd.pl
Last Run  ----1970-01-01 00:00:00 
MONTH  5 
DATA  xxrecord 2012-05-08 08:00:05 :: $W5M5A,120508,080005,660d0028449ce246,1,DAS 2,4901.4419N,1622.5556W,20.3,95,24.3,14.0,10.3,77.7,6.6,10.4,77.9,6.7,1005.9,2.39,4.79,9.1,27,32*61
 
STATION sbdservice
IRID_ID 300224010734970
BODY 
Content-Type: text/plain;charset=US-ASCII
Content-Disposition: inline
Content-Transfer-Encoding: 7bit

MOMSN: 3248
MTMSN: 0
Time of Session (UTC): Sat May 12 21:00:41 2012
Session Status: 00 - Transfer OK
Message Size (bytes): 1960

Unit Location: Lat = 49.020042 Long = -16.411144
CEPradius = 3



-- 
This message has been scanned for viruses and
dangerous content by MailScanner, and is
believed to be clean.


--SBD.Boundary.605592468
PROCESS /noc/users/iridburst/exec/irid_300224010734970_upd.pl
Last Run  ----1970-01-01 00:00:00 
MONTH  5 
DATA  xxrecord 2012-05-08 08:00:05 :: $W5M5A,120508,080005,660d0028449ce246,1,DAS 2,4901.4419N,1622.5556W,20.3,95,24.3,14.0,10.3,77.7,6.6,10.4,77.9,6.7,1005.9,2.39,4.79,9.1,27,32*61
 
STATION sbdservice
IRID_ID 300224010734970
BODY 
Content-Type: text/plain;charset=US-ASCII
Content-Disposition: inline
Content-Transfer-Encoding: 7bit

MOMSN: 3249
MTMSN: 0
Time of Session (UTC): Sat May 12 22:00:32 2012
Session Status: 00 - Transfer OK
Message Size (bytes): 1960

Unit Location: Lat = 48.994004 Long = -16.395707
CEPradius = 12



-- 
This message has been scanned for viruses and
dangerous content by MailScanner, and is
believed to be clean.


--SBD.Boundary.605592468
PROCESS /noc/users/iridburst/exec/irid_300224010734970_upd.pl
Last Run  ----1970-01-01 00:00:00 
MONTH  5 
DATA  xxrecord 2012-05-08 08:00:05 :: $W5M5A,120508,080005,660d0028449ce246,1,DAS 2,4901.4419N,1622.5556W,20.3,95,24.3,14.0,10.3,77.7,6.6,10.4,77.9,6.7,1005.9,2.39,4.79,9.1,27,32*61
 
STATION sbdservice
IRID_ID 300224010734970
BODY 
Content-Type: text/plain;charset=US-ASCII
Content-Disposition: inline
Content-Transfer-Encoding: 7bit

MOMSN: 3250
MTMSN: 0
Time of Session (UTC): Sat May 12 23:00:41 2012
Session Status: 00 - Transfer OK
Message Size (bytes): 1960

Unit Location: Lat = 49.035341 Long = -16.306167
CEPradius = 2



-- 
This message has been scanned for viruses and
dangerous content by MailScanner, and is
believed to be clean.


--SBD.Boundary.605592468
PROCESS /noc/users/iridburst/exec/irid_300224010734970_upd.pl
Last Run  ----1970-01-01 00:00:00 
MONTH  5 
DATA  xxrecord 2012-05-08 08:00:05 :: $W5M5A,120508,080005,660d0028449ce246,1,DAS 2,4901.4419N,1622.5556W,20.3,95,24.3,14.0,10.3,77.7,6.6,10.4,77.9,6.7,1005.9,2.39,4.79,9.1,27,32*61
 
STATION sbdservice
IRID_ID 300224010734970
BODY 
Content-Type: text/plain;charset=US-ASCII
Content-Disposition: inline
Content-Transfer-Encoding: 7bit

MOMSN: 3251
MTMSN: 0
Time of Session (UTC): Sun May 13 00:00:36 2012
Session Status: 00 - Transfer OK
Message Size (bytes): 1960

Unit Location: Lat = 49.020042 Long = -16.411144
CEPradius = 2



-- 
This message has been scanned for viruses and
dangerous content by MailScanner, and is
believed to be clean.


--SBD.Boundary.605592468
PROCESS /noc/users/iridburst/exec/irid_300224010734970_upd.pl
Last Run  ----1970-01-01 00:00:00 
MONTH  5 
DATA  xxrecord 2012-05-08 08:00:05 :: $W5M5A,120508,080005,660d0028449ce246,1,DAS 2,4901.4419N,1622.5556W,20.3,95,24.3,14.0,10.3,77.7,6.6,10.4,77.9,6.7,1005.9,2.39,4.79,9.1,27,32*61
 
STATION sbdservice
IRID_ID 300224010734970
BODY 
Content-Type: text/plain;charset=US-ASCII
Content-Disposition: inline
Content-Transfer-Encoding: 7bit

MOMSN: 3252
MTMSN: 0
Time of Session (UTC): Sun May 13 01:00:37 2012
Session Status: 00 - Transfer OK
Message Size (bytes): 1960

Unit Location: Lat = 49.001651 Long = -16.343277
CEPradius = 7



-- 
This message has been scanned for viruses and
dangerous content by MailScanner, and is
believed to be clean.


--SBD.Boundary.605592468
PROCESS /noc/users/iridburst/exec/irid_300224010734970_upd.pl
Last Run  ----1970-01-01 00:00:00 
MONTH  5 
DATA  xxrecord 2012-05-08 08:00:05 :: $W5M5A,120508,080005,660d0028449ce246,1,DAS 2,4901.4419N,1622.5556W,20.3,95,24.3,14.0,10.3,77.7,6.6,10.4,77.9,6.7,1005.9,2.39,4.79,9.1,27,32*61
 
STATION sbdservice
IRID_ID 300224010734970
BODY 
Content-Type: text/plain;charset=US-ASCII
Content-Disposition: inline
Content-Transfer-Encoding: 7bit

MOMSN: 3253
MTMSN: 0
Time of Session (UTC): Sun May 13 02:00:39 2012
Session Status: 00 - Transfer OK
Message Size (bytes): 1960

Unit Location: Lat = 49.020042 Long = -16.411144
CEPradius = 4



-- 
This message has been scanned for viruses and
dangerous content by MailScanner, and is
believed to be clean.


--SBD.Boundary.605592468
PROCESS /noc/users/iridburst/exec/irid_300224010734970_upd.pl
Last Run  ----1970-01-01 00:00:00 
MONTH  5 
DATA  xxrecord 2012-05-08 08:00:05 :: $W5M5A,120508,080005,660d0028449ce246,1,DAS 2,4901.4419N,1622.5556W,20.3,95,24.3,14.0,10.3,77.7,6.6,10.4,77.9,6.7,1005.9,2.39,4.79,9.1,27,32*61
 
STATION sbdservice
IRID_ID 300224010734970
BODY 
Content-Type: text/plain;charset=US-ASCII
Content-Disposition: inline
Content-Transfer-Encoding: 7bit

MOMSN: 3254
MTMSN: 0
Time of Session (UTC): Sun May 13 03:00:33 2012
Session Status: 00 - Transfer OK
Message Size (bytes): 1960

Unit Location: Lat = 49.077345 Long = -16.374091
CEPradius = 7



-- 
This message has been scanned for viruses and
dangerous content by MailScanner, and is
believed to be clean.


--SBD.Boundary.605592468
PROCESS /noc/users/iridburst/exec/irid_300224010734970_upd.pl
Last Run  ----1970-01-01 00:00:00 
MONTH  5 
DATA  xxrecord 2012-05-08 08:00:05 :: $W5M5A,120508,080005,660d0028449ce246,1,DAS 2,4901.4419N,1622.5556W,20.3,95,24.3,14.0,10.3,77.7,6.6,10.4,77.9,6.7,1005.9,2.39,4.79,9.1,27,32*61
 
STATION sbdservice
IRID_ID 300224010734970
BODY 
Content-Type: text/plain;charset=US-ASCII
Content-Disposition: inline
Content-Transfer-Encoding: 7bit

MOMSN: 3255
MTMSN: 0
Time of Session (UTC): Sun May 13 04:00:35 2012
Session Status: 00 - Transfer OK
Message Size (bytes): 1960

Unit Location: Lat = 49.027703 Long = -16.358670
CEPradius = 3



-- 
This message has been scanned for viruses and
dangerous content by MailScanner, and is
believed to be clean.


--SBD.Boundary.605592468
PROCESS /noc/users/iridburst/exec/irid_300224010734970_upd.pl
Last Run  ----1970-01-01 00:00:00 
MONTH  5 
DATA  xxrecord 2012-05-08 08:00:05 :: $W5M5A,120508,080005,660d0028449ce246,1,DAS 2,4901.4419N,1622.5556W,20.3,95,24.3,14.0,10.3,77.7,6.6,10.4,77.9,6.7,1005.9,2.39,4.79,9.1,27,32*61
 
STATION sbdservice
IRID_ID 300224010734970
BODY 
Content-Type: text/plain;charset=US-ASCII
Content-Disposition: inline
Content-Transfer-Encoding: 7bit

MOMSN: 3256
MTMSN: 0
Time of Session (UTC): Sun May 13 05:00:38 2012
Session Status: 00 - Transfer OK
Message Size (bytes): 1960

Unit Location: Lat = 49.248691 Long = -21.586781
CEPradius = 392



-- 
This message has been scanned for viruses and
dangerous content by MailScanner, and is
believed to be clean.


--SBD.Boundary.605592468
PROCESS /noc/users/iridburst/exec/irid_300224010734970_upd.pl
Last Run  ----1970-01-01 00:00:00 
MONTH  5 
DATA  xxrecord 2012-05-08 08:00:05 :: $W5M5A,120508,080005,660d0028449ce246,1,DAS 2,4901.4419N,1622.5556W,20.3,95,24.3,14.0,10.3,77.7,6.6,10.4,77.9,6.7,1005.9,2.39,4.79,9.1,27,32*61
 
STATION sbdservice
IRID_ID 300224010734970
BODY 
Content-Type: text/plain;charset=US-ASCII
Content-Disposition: inline
Content-Transfer-Encoding: 7bit

MOMSN: 3257
MTMSN: 0
Time of Session (UTC): Sun May 13 06:00:35 2012
Session Status: 00 - Transfer OK
Message Size (bytes): 1960

Unit Location: Lat = 49.020042 Long = -16.411144
CEPradius = 6



-- 
This message has been scanned for viruses and
dangerous content by MailScanner, and is
believed to be clean.


--SBD.Boundary.605592468
PROCESS /noc/users/iridburst/exec/irid_300224010734970_upd.pl
Last Run  ----1970-01-01 00:00:00 
MONTH  5 
DATA  xxrecord 2012-05-08 08:00:05 :: $W5M5A,120508,080005,660d0028449ce246,1,DAS 2,4901.4419N,1622.5556W,20.3,95,24.3,14.0,10.3,77.7,6.6,10.4,77.9,6.7,1005.9,2.39,4.79,9.1,27,32*61
 
STATION sbdservice
IRID_ID 300224010734970
BODY 
Content-Type: text/plain;charset=US-ASCII
Content-Disposition: inline
Content-Transfer-Encoding: 7bit

MOMSN: 3258
MTMSN: 0
Time of Session (UTC): Sun May 13 07:00:39 2012
Session Status: 00 - Transfer OK
Message Size (bytes): 1960

Unit Location: Lat = 49.188896 Long = -21.321659
CEPradius = 397



-- 
This message has been scanned for viruses and
dangerous content by MailScanner, and is
believed to be clean.


--SBD.Boundary.605592468
PROCESS /noc/users/iridburst/exec/irid_300224010734970_upd.pl
Last Run  ----1970-01-01 00:00:00 
MONTH  5 
DATA  xxrecord 2012-05-08 08:00:05 :: $W5M5A,120508,080005,660d0028449ce246,1,DAS 2,4901.4419N,1622.5556W,20.3,95,24.3,14.0,10.3,77.7,6.6,10.4,77.9,6.7,1005.9,2.39,4.79,9.1,27,32*61
 
STATION sbdservice
IRID_ID 300224010734970
BODY 
Content-Type: text/plain;charset=US-ASCII
Content-Disposition: inline
Content-Transfer-Encoding: 7bit

MOMSN: 3259
MTMSN: 0
Time of Session (UTC): Sun May 13 08:00:39 2012
Session Status: 00 - Transfer OK
Message Size (bytes): 1960

Unit Location: Lat = 48.994004 Long = -16.395707
CEPradius = 3



-- 
This message has been scanned for viruses and
dangerous content by MailScanner, and is
believed to be clean.


--SBD.Boundary.605592468
PROCESS /noc/users/iridburst/exec/irid_300224010734970_upd.pl
Last Run  ----1970-01-01 00:00:00 
MONTH  5 
DATA  xxrecord 2012-05-08 08:00:05 :: $W5M5A,120508,080005,660d0028449ce246,1,DAS 2,4901.4419N,1622.5556W,20.3,95,24.3,14.0,10.3,77.7,6.6,10.4,77.9,6.7,1005.9,2.39,4.79,9.1,27,32*61
 
STATION sbdservice
IRID_ID 300224010734970
BODY 
Content-Type: text/plain;charset=US-ASCII
Content-Disposition: inline
Content-Transfer-Encoding: 7bit

MOMSN: 3260
MTMSN: 0
Time of Session (UTC): Sun May 13 09:00:33 2012
Session Status: 00 - Transfer OK
Message Size (bytes): 1960

Unit Location: Lat = 49.077864 Long = -18.036707
CEPradius = 142



-- 
This message has been scanned for viruses and
dangerous content by MailScanner, and is
believed to be clean.


--SBD.Boundary.605592468
PROCESS /noc/users/iridburst/exec/irid_300224010734970_upd.pl
Last Run  ----1970-01-01 00:00:00 
MONTH  5 
DATA  xxrecord 2012-05-08 08:00:05 :: $W5M5A,120508,080005,660d0028449ce246,1,DAS 2,4901.4419N,1622.5556W,20.3,95,24.3,14.0,10.3,77.7,6.6,10.4,77.9,6.7,1005.9,2.39,4.79,9.1,27,32*61
 
STATION sbdservice
IRID_ID 300224010734970
BODY 
Content-Type: text/plain;charset=US-ASCII
Content-Disposition: inline
Content-Transfer-Encoding: 7bit

MOMSN: 3261
MTMSN: 0
Time of Session (UTC): Sun May 13 10:00:35 2012
Session Status: 00 - Transfer OK
Message Size (bytes): 1960

Unit Location: Lat = 49.020042 Long = -16.411144
CEPradius = 3



-- 
This message has been scanned for viruses and
dangerous content by MailScanner, and is
believed to be clean.


--SBD.Boundary.605592468
PROCESS /noc/users/iridburst/exec/irid_300224010734970_upd.pl
Last Run  ----1970-01-01 00:00:00 
MONTH  5 
DATA  xxrecord 2012-05-08 08:00:05 :: $W5M5A,120508,080005,660d0028449ce246,1,DAS 2,4901.4419N,1622.5556W,20.3,95,24.3,14.0,10.3,77.7,6.6,10.4,77.9,6.7,1005.9,2.39,4.79,9.1,27,32*61
 
STATION sbdservice
IRID_ID 300224010734970
BODY 
Content-Type: text/plain;charset=US-ASCII
Content-Disposition: inline
Content-Transfer-Encoding: 7bit

MOMSN: 3262
MTMSN: 0
Time of Session (UTC): Sun May 13 11:00:35 2012
Session Status: 00 - Transfer OK
Message Size (bytes): 1960

Unit Location: Lat = 48.956124 Long = -15.705352
CEPradius = 1548



-- 
This message has been scanned for viruses and
dangerous content by MailScanner, and is
believed to be clean.


--SBD.Boundary.605592468
PROCESS /noc/users/iridburst/exec/irid_300224010734970_upd.pl
Last Run  ----1970-01-01 00:00:00 
MONTH  5 
DATA  xxrecord 2012-05-08 08:00:05 :: $W5M5A,120508,080005,660d0028449ce246,1,DAS 2,4901.4419N,1622.5556W,20.3,95,24.3,14.0,10.3,77.7,6.6,10.4,77.9,6.7,1005.9,2.39,4.79,9.1,27,32*61
 
STATION sbdservice
IRID_ID 300224010734970
BODY 
Content-Type: text/plain;charset=US-ASCII
Content-Disposition: inline
Content-Transfer-Encoding: 7bit

MOMSN: 3263
MTMSN: 0
Time of Session (UTC): Sun May 13 12:00:33 2012
Session Status: 00 - Transfer OK
Message Size (bytes): 1960

Unit Location: Lat = 48.978050 Long = -16.343277
CEPradius = 5



-- 
This message has been scanned for viruses and
dangerous content by MailScanner, and is
believed to be clean.


--SBD.Boundary.605592468
PROCESS /noc/users/iridburst/exec/irid_300224010734970_upd.pl
Last Run  ----1970-01-01 00:00:00 
MONTH  5 
DATA  xxrecord 2012-05-08 08:00:05 :: $W5M5A,120508,080005,660d0028449ce246,1,DAS 2,4901.4419N,1622.5556W,20.3,95,24.3,14.0,10.3,77.7,6.6,10.4,77.9,6.7,1005.9,2.39,4.79,9.1,27,32*61
 
STATION sbdservice
IRID_ID 300224010734970
BODY 
Content-Type: text/plain;charset=US-ASCII
Content-Disposition: inline
Content-Transfer-Encoding: 7bit

MOMSN: 3264
MTMSN: 0
Time of Session (UTC): Sun May 13 13:00:37 2012
Session Status: 00 - Transfer OK
Message Size (bytes): 1960

Unit Location: Lat = 48.972562 Long = -14.751906
CEPradius = 138



-- 
This message has been scanned for viruses and
dangerous content by MailScanner, and is
believed to be clean.


--SBD.Boundary.605592468
PROCESS /noc/users/iridburst/exec/irid_300224010734970_upd.pl
Last Run  ----1970-01-01 00:00:00 
MONTH  5 
DATA  xxrecord 2012-05-08 08:00:05 :: $W5M5A,120508,080005,660d0028449ce246,1,DAS 2,4901.4419N,1622.5556W,20.3,95,24.3,14.0,10.3,77.7,6.6,10.4,77.9,6.7,1005.9,2.39,4.79,9.1,27,32*61
 
STATION sbdservice
IRID_ID 300224010734970
BODY 
Content-Type: text/plain;charset=US-ASCII
Content-Disposition: inline
Content-Transfer-Encoding: 7bit

MOMSN: 3265
MTMSN: 0
Time of Session (UTC): Sun May 13 14:00:36 2012
Session Status: 00 - Transfer OK
Message Size (bytes): 1960

Unit Location: Lat = 49.020042 Long = -16.411144
CEPradius = 2



-- 
This message has been scanned for viruses and
dangerous content by MailScanner, and is
believed to be clean.


--SBD.Boundary.605592468
PROCESS /noc/users/iridburst/exec/irid_300224010734970_upd.pl
Last Run  ----1970-01-01 00:00:00 
MONTH  5 
DATA  xxrecord 2012-05-08 08:00:05 :: $W5M5A,120508,080005,660d0028449ce246,1,DAS 2,4901.4419N,1622.5556W,20.3,95,24.3,14.0,10.3,77.7,6.6,10.4,77.9,6.7,1005.9,2.39,4.79,9.1,27,32*61
 
STATION sbdservice
IRID_ID 300224010734970
BODY 
Content-Type: text/plain;charset=US-ASCII
Content-Disposition: inline
Content-Transfer-Encoding: 7bit

MOMSN: 3266
MTMSN: 0
Time of Session (UTC): Sun May 13 15:00:32 2012
Session Status: 00 - Transfer OK
Message Size (bytes): 1960

Unit Location: Lat = 49.037209 Long = -14.434401
CEPradius = 176



-- 
This message has been scanned for viruses and
dangerous content by MailScanner, and is
believed to be clean.


--SBD.Boundary.605592468
PROCESS /noc/users/iridburst/exec/irid_300224010734970_upd.pl
Last Run  ----1970-01-01 00:00:00 
MONTH  5 
DATA  xxrecord 2012-05-08 08:00:05 :: $W5M5A,120508,080005,660d0028449ce246,1,DAS 2,4901.4419N,1622.5556W,20.3,95,24.3,14.0,10.3,77.7,6.6,10.4,77.9,6.7,1005.9,2.39,4.79,9.1,27,32*61
 
STATION sbdservice
IRID_ID 300224010734970
BODY 
Content-Type: text/plain;charset=US-ASCII
Content-Disposition: inline
Content-Transfer-Encoding: 7bit

MOMSN: 3267
MTMSN: 0
Time of Session (UTC): Sun May 13 16:00:35 2012
Session Status: 00 - Transfer OK
Message Size (bytes): 1960

Unit Location: Lat = 49.001651 Long = -16.343277
CEPradius = 2



-- 
This message has been scanned for viruses and
dangerous content by MailScanner, and is
believed to be clean.


--SBD.Boundary.605592468
PROCESS /noc/users/iridburst/exec/irid_300224010734970_upd.pl
Last Run  ----1970-01-01 00:00:00 
MONTH  5 
DATA  xxrecord 2012-05-08 08:00:05 :: $W5M5A,120508,080005,660d0028449ce246,1,DAS 2,4901.4419N,1622.5556W,20.3,95,24.3,14.0,10.3,77.7,6.6,10.4,77.9,6.7,1005.9,2.39,4.79,9.1,27,32*61
 
STATION sbdservice
IRID_ID 300224010734970
BODY 
Content-Type: text/plain;charset=US-ASCII
Content-Disposition: inline
Content-Transfer-Encoding: 7bit

MOMSN: 3268
MTMSN: 0
Time of Session (UTC): Sun May 13 17:00:34 2012
Session Status: 00 - Transfer OK
Message Size (bytes): 1960

Unit Location: Lat = 49.027703 Long = -16.358670
CEPradius = 2



-- 
This message has been scanned for viruses and
dangerous content by MailScanner, and is
believed to be clean.


--SBD.Boundary.605592468
PROCESS /noc/users/iridburst/exec/irid_300224010734970_upd.pl
Last Run  ----1970-01-01 00:00:00 
MONTH  5 
DATA  xxrecord 2012-05-08 08:00:05 :: $W5M5A,120508,080005,660d0028449ce246,1,DAS 2,4901.4419N,1622.5556W,20.3,95,24.3,14.0,10.3,77.7,6.6,10.4,77.9,6.7,1005.9,2.39,4.79,9.1,27,32*61
 
STATION sbdservice
IRID_ID 300224010734970
BODY 
Content-Type: text/plain;charset=US-ASCII
Content-Disposition: inline
Content-Transfer-Encoding: 7bit

MOMSN: 3269
MTMSN: 0
Time of Session (UTC): Sun May 13 18:00:34 2012
Session Status: 00 - Transfer OK
Message Size (bytes): 1960

Unit Location: Lat = 49.174615 Long = -13.237377
CEPradius = 239



-- 
This message has been scanned for viruses and
dangerous content by MailScanner, and is
believed to be clean.


--SBD.Boundary.605592468
PROCESS /noc/users/iridburst/exec/irid_300224010734970_upd.pl
Last Run  ----1970-01-01 00:00:00 
MONTH  5 
DATA  xxrecord 2012-05-08 08:00:05 :: $W5M5A,120508,080005,660d0028449ce246,1,DAS 2,4901.4419N,1622.5556W,20.3,95,24.3,14.0,10.3,77.7,6.6,10.4,77.9,6.7,1005.9,2.39,4.79,9.1,27,32*61
 
STATION sbdservice
IRID_ID 300224010734970
BODY 
Content-Type: text/plain;charset=US-ASCII
Content-Disposition: inline
Content-Transfer-Encoding: 7bit

MOMSN: 3270
MTMSN: 0
Time of Session (UTC): Sun May 13 19:00:36 2012
Session Status: 00 - Transfer OK
Message Size (bytes): 1960

Unit Location: Lat = 49.020042 Long = -16.411144
CEPradius = 2



-- 
This message has been scanned for viruses and
dangerous content by MailScanner, and is
believed to be clean.


--SBD.Boundary.605592468
PROCESS /noc/users/iridburst/exec/irid_300224010734970_upd.pl
Last Run  ----1970-01-01 00:00:00 
MONTH  5 
DATA  xxrecord 2012-05-08 08:00:05 :: $W5M5A,120508,080005,660d0028449ce246,1,DAS 2,4901.4419N,1622.5556W,20.3,95,24.3,14.0,10.3,77.7,6.6,10.4,77.9,6.7,1005.9,2.39,4.79,9.1,27,32*61
 
STATION sbdservice
IRID_ID 300224010734970
BODY 
Content-Type: text/plain;charset=US-ASCII
Content-Disposition: inline
Content-Transfer-Encoding: 7bit

MOMSN: 3271
MTMSN: 0
Time of Session (UTC): Sun May 13 20:00:35 2012
Session Status: 00 - Transfer OK
Message Size (bytes): 1960

Unit Location: Lat = 49.268202 Long = -12.367647
CEPradius = 311



-- 
This message has been scanned for viruses and
dangerous content by MailScanner, and is
believed to be clean.


--SBD.Boundary.605592468
PROCESS /noc/users/iridburst/exec/irid_300224010734970_upd.pl
Last Run  ----1970-01-01 00:00:00 
MONTH  5 
DATA  xxrecord 2012-05-08 08:00:05 :: $W5M5A,120508,080005,660d0028449ce246,1,DAS 2,4901.4419N,1622.5556W,20.3,95,24.3,14.0,10.3,77.7,6.6,10.4,77.9,6.7,1005.9,2.39,4.79,9.1,27,32*61
 
STATION sbdservice
IRID_ID 300224010734970
BODY 
Content-Type: text/plain;charset=US-ASCII
Content-Disposition: inline
Content-Transfer-Encoding: 7bit

MOMSN: 3272
MTMSN: 0
Time of Session (UTC): Sun May 13 21:00:35 2012
Session Status: 00 - Transfer OK
Message Size (bytes): 1960

Unit Location: Lat = 49.027703 Long = -16.358670
CEPradius = 2



-- 
This message has been scanned for viruses and
dangerous content by MailScanner, and is
believed to be clean.


--SBD.Boundary.605592468
PROCESS /noc/users/iridburst/exec/irid_300224010734970_upd.pl
Last Run  ----1970-01-01 00:00:00 
MONTH  5 
DATA  xxrecord 2012-05-08 08:00:05 :: $W5M5A,120508,080005,660d0028449ce246,1,DAS 2,4901.4419N,1622.5556W,20.3,95,24.3,14.0,10.3,77.7,6.6,10.4,77.9,6.7,1005.9,2.39,4.79,9.1,27,32*61
 
STATION sbdservice
IRID_ID 300224010734970
BODY 
Content-Type: text/plain;charset=US-ASCII
Content-Disposition: inline
Content-Transfer-Encoding: 7bit

MOMSN: 3273
MTMSN: 0
Time of Session (UTC): Sun May 13 22:00:34 2012
Session Status: 00 - Transfer OK
Message Size (bytes): 1960

Unit Location: Lat = 49.020042 Long = -16.411144
CEPradius = 2



-- 
This message has been scanned for viruses and
dangerous content by MailScanner, and is
believed to be clean.


--SBD.Boundary.605592468
PROCESS /noc/users/iridburst/exec/irid_300224010734970_upd.pl
Last Run  ----1970-01-01 00:00:00 
MONTH  5 
DATA  xxrecord 2012-05-08 08:00:05 :: $W5M5A,120508,080005,660d0028449ce246,1,DAS 2,4901.4419N,1622.5556W,20.3,95,24.3,14.0,10.3,77.7,6.6,10.4,77.9,6.7,1005.9,2.39,4.79,9.1,27,32*61
 
STATION sbdservice
IRID_ID 300224010734970
BODY 
Content-Type: text/plain;charset=US-ASCII
Content-Disposition: inline
Content-Transfer-Encoding: 7bit

MOMSN: 3274
MTMSN: 0
Time of Session (UTC): Sun May 13 23:00:30 2012
Session Status: 00 - Transfer OK
Message Size (bytes): 1960

Unit Location: Lat = 49.001651 Long = -16.343277
CEPradius = 4



-- 
This message has been scanned for viruses and
dangerous content by MailScanner, and is
believed to be clean.


--SBD.Boundary.605592468
PROCESS /noc/users/iridburst/exec/irid_300224010734970_upd.pl
Last Run  ----1970-01-01 00:00:00 
MONTH  5 
DATA  xxrecord 2012-05-08 08:00:05 :: $W5M5A,120508,080005,660d0028449ce246,1,DAS 2,4901.4419N,1622.5556W,20.3,95,24.3,14.0,10.3,77.7,6.6,10.4,77.9,6.7,1005.9,2.39,4.79,9.1,27,32*61
 
STATION sbdservice
IRID_ID 300224010734970
BODY 
Content-Type: text/plain;charset=US-ASCII
Content-Disposition: inline
Content-Transfer-Encoding: 7bit

MOMSN: 3275
MTMSN: 0
Time of Session (UTC): Mon May 14 00:00:35 2012
Session Status: 00 - Transfer OK
Message Size (bytes): 1960

Unit Location: Lat = 49.020042 Long = -16.411144
CEPradius = 4



-- 
This message has been scanned for viruses and
dangerous content by MailScanner, and is
believed to be clean.


--SBD.Boundary.605592468
PROCESS /noc/users/iridburst/exec/irid_300224010734970_upd.pl
Last Run  ----1970-01-01 00:00:00 
MONTH  5 
DATA  xxrecord 2012-05-08 08:00:05 :: $W5M5A,120508,080005,660d0028449ce246,1,DAS 2,4901.4419N,1622.5556W,20.3,95,24.3,14.0,10.3,77.7,6.6,10.4,77.9,6.7,1005.9,2.39,4.79,9.1,27,32*61
 
STATION sbdservice
IRID_ID 300224010734970
BODY 
Content-Type: text/plain;charset=US-ASCII
Content-Disposition: inline
Content-Transfer-Encoding: 7bit

MOMSN: 3276
MTMSN: 0
Time of Session (UTC): Mon May 14 01:00:33 2012
Session Status: 00 - Transfer OK
Message Size (bytes): 1960

Unit Location: Lat = 49.020042 Long = -16.411144
CEPradius = 3



-- 
This message has been scanned for viruses and
dangerous content by MailScanner, and is
believed to be clean.


--SBD.Boundary.605592468
PROCESS /noc/users/iridburst/exec/irid_300224010734970_upd.pl
Last Run  ----1970-01-01 00:00:00 
MONTH  5 
DATA  xxrecord 2012-05-08 08:00:05 :: $W5M5A,120508,080005,660d0028449ce246,1,DAS 2,4901.4419N,1622.5556W,20.3,95,24.3,14.0,10.3,77.7,6.6,10.4,77.9,6.7,1005.9,2.39,4.79,9.1,27,32*61
 
STATION sbdservice
IRID_ID 300224010734970
BODY 
Content-Type: text/plain;charset=US-ASCII
Content-Disposition: inline
Content-Transfer-Encoding: 7bit

MOMSN: 3277
MTMSN: 0
Time of Session (UTC): Mon May 14 02:00:32 2012
Session Status: 00 - Transfer OK
Message Size (bytes): 1960

Unit Location: Lat = 49.077345 Long = -16.374091
CEPradius = 5



-- 
This message has been scanned for viruses and
dangerous content by MailScanner, and is
believed to be clean.


--SBD.Boundary.605592468
PROCESS /noc/users/iridburst/exec/irid_300224010734970_upd.pl
Last Run  ----1970-01-01 00:00:00 
MONTH  5 
DATA  xxrecord 2012-05-08 08:00:05 :: $W5M5A,120508,080005,660d0028449ce246,1,DAS 2,4901.4419N,1622.5556W,20.3,95,24.3,14.0,10.3,77.7,6.6,10.4,77.9,6.7,1005.9,2.39,4.79,9.1,27,32*61
 
STATION sbdservice
IRID_ID 300224010734970
BODY 
Content-Type: text/plain;charset=US-ASCII
Content-Disposition: inline
Content-Transfer-Encoding: 7bit

MOMSN: 3278
MTMSN: 0
Time of Session (UTC): Mon May 14 03:00:36 2012
Session Status: 00 - Transfer OK
Message Size (bytes): 1960

Unit Location: Lat = 49.035341 Long = -16.306167
CEPradius = 2



-- 
This message has been scanned for viruses and
dangerous content by MailScanner, and is
believed to be clean.


--SBD.Boundary.605592468
PROCESS /noc/users/iridburst/exec/irid_300224010734970_upd.pl
Last Run  ----1970-01-01 00:00:00 
MONTH  5 
DATA  xxrecord 2012-05-08 08:00:05 :: $W5M5A,120508,080005,660d0028449ce246,1,DAS 2,4901.4419N,1622.5556W,20.3,95,24.3,14.0,10.3,77.7,6.6,10.4,77.9,6.7,1005.9,2.39,4.79,9.1,27,32*61
 
STATION sbdservice
IRID_ID 300224010734970
BODY 
Content-Type: text/plain;charset=US-ASCII
Content-Disposition: inline
Content-Transfer-Encoding: 7bit

MOMSN: 3279
MTMSN: 0
Time of Session (UTC): Mon May 14 04:00:35 2012
Session Status: 00 - Transfer OK
Message Size (bytes): 1960

Unit Location: Lat = 49.069672 Long = -16.426609
CEPradius = 5



-- 
This message has been scanned for viruses and
dangerous content by MailScanner, and is
believed to be clean.


--SBD.Boundary.605592468
PROCESS /noc/users/iridburst/exec/irid_300224010734970_upd.pl
Last Run  ----1970-01-01 00:00:00 
MONTH  5 
DATA  xxrecord 2012-05-08 08:00:05 :: $W5M5A,120508,080005,660d0028449ce246,1,DAS 2,4901.4419N,1622.5556W,20.3,95,24.3,14.0,10.3,77.7,6.6,10.4,77.9,6.7,1005.9,2.39,4.79,9.1,27,32*61
 
STATION sbdservice
IRID_ID 300224010734970
BODY 
Content-Type: text/plain;charset=US-ASCII
Content-Disposition: inline
Content-Transfer-Encoding: 7bit

MOMSN: 3280
MTMSN: 0
Time of Session (UTC): Mon May 14 05:00:33 2012
Session Status: 00 - Transfer OK
Message Size (bytes): 1960

Unit Location: Lat = 49.020042 Long = -16.411144
CEPradius = 5



-- 
This message has been scanned for viruses and
dangerous content by MailScanner, and is
believed to be clean.


--SBD.Boundary.605592468
PROCESS /noc/users/iridburst/exec/irid_300224010734970_upd.pl
Last Run  ----1970-01-01 00:00:00 
MONTH  5 
DATA  xxrecord 2012-05-08 08:00:05 :: $W5M5A,120508,080005,660d0028449ce246,1,DAS 2,4901.4419N,1622.5556W,20.3,95,24.3,14.0,10.3,77.7,6.6,10.4,77.9,6.7,1005.9,2.39,4.79,9.1,27,32*61
 
STATION sbdservice
IRID_ID 300224010734970
BODY 
Content-Type: text/plain;charset=US-ASCII
Content-Disposition: inline
Content-Transfer-Encoding: 7bit

MOMSN: 3281
MTMSN: 0
Time of Session (UTC): Mon May 14 06:00:36 2012
Session Status: 00 - Transfer OK
Message Size (bytes): 1960

Unit Location: Lat = 49.077345 Long = -16.374091
CEPradius = 19



-- 
This message has been scanned for viruses and
dangerous content by MailScanner, and is
believed to be clean.


--SBD.Boundary.605592468
PROCESS /noc/users/iridburst/exec/irid_300224010734970_upd.pl
Last Run  ----1970-01-01 00:00:00 
MONTH  5 
DATA  xxrecord 2012-05-08 08:00:05 :: $W5M5A,120508,080005,660d0028449ce246,1,DAS 2,4901.4419N,1622.5556W,20.3,95,24.3,14.0,10.3,77.7,6.6,10.4,77.9,6.7,1005.9,2.39,4.79,9.1,27,32*61
 
STATION sbdservice
IRID_ID 300224010734970
BODY 
Content-Type: text/plain;charset=US-ASCII
Content-Disposition: inline
Content-Transfer-Encoding: 7bit

MOMSN: 3282
MTMSN: 0
Time of Session (UTC): Mon May 14 07:00:34 2012
Session Status: 00 - Transfer OK
Message Size (bytes): 1960

Unit Location: Lat = 49.027703 Long = -16.358670
CEPradius = 3



-- 
This message has been scanned for viruses and
dangerous content by MailScanner, and is
believed to be clean.


--SBD.Boundary.605592468
PROCESS /noc/users/iridburst/exec/irid_300224010734970_upd.pl
Last Run  ----1970-01-01 00:00:00 
MONTH  5 
DATA  xxrecord 2012-05-08 08:00:05 :: $W5M5A,120508,080005,660d0028449ce246,1,DAS 2,4901.4419N,1622.5556W,20.3,95,24.3,14.0,10.3,77.7,6.6,10.4,77.9,6.7,1005.9,2.39,4.79,9.1,27,32*61
 
STATION sbdservice
IRID_ID 300224010734970
BODY 
Content-Type: text/plain;charset=US-ASCII
Content-Disposition: inline
Content-Transfer-Encoding: 7bit

MOMSN: 3283
MTMSN: 0
Time of Session (UTC): Mon May 14 08:00:31 2012
Session Status: 00 - Transfer OK
Message Size (bytes): 1960

Unit Location: Lat = 48.970402 Long = -16.395707
CEPradius = 4



-- 
This message has been scanned for viruses and
dangerous content by MailScanner, and is
believed to be clean.


--SBD.Boundary.605592468
PROCESS /noc/users/iridburst/exec/irid_300224010734970_upd.pl
Last Run  ----1970-01-01 00:00:00 
MONTH  5 
DATA  xxrecord 2012-05-08 08:00:05 :: $W5M5A,120508,080005,660d0028449ce246,1,DAS 2,4901.4419N,1622.5556W,20.3,95,24.3,14.0,10.3,77.7,6.6,10.4,77.9,6.7,1005.9,2.39,4.79,9.1,27,32*61
 
STATION sbdservice
IRID_ID 300224010734970
BODY 
Content-Type: text/plain;charset=US-ASCII
Content-Disposition: inline
Content-Transfer-Encoding: 7bit

MOMSN: 3284
MTMSN: 0
Time of Session (UTC): Mon May 14 09:00:32 2012
Session Status: 00 - Transfer OK
Message Size (bytes): 1960

Unit Location: Lat = 49.208457 Long = -20.729727
CEPradius = 340



-- 
This message has been scanned for viruses and
dangerous content by MailScanner, and is
believed to be clean.


--SBD.Boundary.605592468
PROCESS /noc/users/iridburst/exec/irid_300224010734970_upd.pl
Last Run  ----1970-01-01 00:00:00 
MONTH  5 
DATA  xxrecord 2012-05-08 08:00:05 :: $W5M5A,120508,080005,660d0028449ce246,1,DAS 2,4901.4419N,1622.5556W,20.3,95,24.3,14.0,10.3,77.7,6.6,10.4,77.9,6.7,1005.9,2.39,4.79,9.1,27,32*61
 
STATION sbdservice
IRID_ID 300224010734970
BODY 
Content-Type: text/plain;charset=US-ASCII
Content-Disposition: inline
Content-Transfer-Encoding: 7bit

MOMSN: 3285
MTMSN: 0
Time of Session (UTC): Mon May 14 10:00:36 2012
Session Status: 00 - Transfer OK
Message Size (bytes): 1960

Unit Location: Lat = 49.001651 Long = -16.343277
CEPradius = 2



-- 
This message has been scanned for viruses and
dangerous content by MailScanner, and is
believed to be clean.


--SBD.Boundary.605592468
PROCESS /noc/users/iridburst/exec/irid_300224010734970_upd.pl
Last Run  ----1970-01-01 00:00:00 
MONTH  5 
DATA  xxrecord 2012-05-08 08:00:05 :: $W5M5A,120508,080005,660d0028449ce246,1,DAS 2,4901.4419N,1622.5556W,20.3,95,24.3,14.0,10.3,77.7,6.6,10.4,77.9,6.7,1005.9,2.39,4.79,9.1,27,32*61
 
STATION sbdservice
IRID_ID 300224010734970
BODY 
Content-Type: text/plain;charset=US-ASCII
Content-Disposition: inline
Content-Transfer-Encoding: 7bit

MOMSN: 3286
MTMSN: 0
Time of Session (UTC): Mon May 14 11:00:32 2012
Session Status: 00 - Transfer OK
Message Size (bytes): 1960

Unit Location: Lat = 49.041712 Long = -17.396468
CEPradius = 99



-- 
This message has been scanned for viruses and
dangerous content by MailScanner, and is
believed to be clean.


--SBD.Boundary.605592468
PROCESS /noc/users/iridburst/exec/irid_300224010734970_upd.pl
Last Run  ----1970-01-01 00:00:00 
MONTH  5 
DATA  xxrecord 2012-05-08 08:00:05 :: $W5M5A,120508,080005,660d0028449ce246,1,DAS 2,4901.4419N,1622.5556W,20.3,95,24.3,14.0,10.3,77.7,6.6,10.4,77.9,6.7,1005.9,2.39,4.79,9.1,27,32*61
 
STATION sbdservice
IRID_ID 300224010734970
BODY 
Content-Type: text/plain;charset=US-ASCII
Content-Disposition: inline
Content-Transfer-Encoding: 7bit

MOMSN: 3287
MTMSN: 0
Time of Session (UTC): Mon May 14 12:00:36 2012
Session Status: 00 - Transfer OK
Message Size (bytes): 1960

Unit Location: Lat = 49.020042 Long = -16.411144
CEPradius = 2



-- 
This message has been scanned for viruses and
dangerous content by MailScanner, and is
believed to be clean.


--SBD.Boundary.605592468
PROCESS /noc/users/iridburst/exec/irid_300224010734970_upd.pl
Last Run  ----1970-01-01 00:00:00 
MONTH  5 
DATA  xxrecord 2012-05-08 08:00:05 :: $W5M5A,120508,080005,660d0028449ce246,1,DAS 2,4901.4419N,1622.5556W,20.3,95,24.3,14.0,10.3,77.7,6.6,10.4,77.9,6.7,1005.9,2.39,4.79,9.1,27,32*61
 
STATION sbdservice
IRID_ID 300224010734970
BODY 
Content-Type: text/plain;charset=US-ASCII
Content-Disposition: inline
Content-Transfer-Encoding: 7bit

MOMSN: 3288
MTMSN: 0
Time of Session (UTC): Mon May 14 13:00:35 2012
Session Status: 00 - Transfer OK
Message Size (bytes): 1960

Unit Location: Lat = 49.081488 Long = -17.291956
CEPradius = 118



-- 
This message has been scanned for viruses and
dangerous content by MailScanner, and is
believed to be clean.


--SBD.Boundary.605592468
PROCESS /noc/users/iridburst/exec/irid_300224010734970_upd.pl
Last Run  ----1970-01-01 00:00:00 
MONTH  5 
DATA  xxrecord 2012-05-08 08:00:05 :: $W5M5A,120508,080005,660d0028449ce246,1,DAS 2,4901.4419N,1622.5556W,20.3,95,24.3,14.0,10.3,77.7,6.6,10.4,77.9,6.7,1005.9,2.39,4.79,9.1,27,32*61
 
STATION sbdservice
IRID_ID 300224010734970
BODY 
Content-Type: text/plain;charset=US-ASCII
Content-Disposition: inline
Content-Transfer-Encoding: 7bit

MOMSN: 3289
MTMSN: 0
Time of Session (UTC): Mon May 14 14:00:31 2012
Session Status: 00 - Transfer OK
Message Size (bytes): 1960

Unit Location: Lat = 49.046099 Long = -16.426609
CEPradius = 4



-- 
This message has been scanned for viruses and
dangerous content by MailScanner, and is
believed to be clean.


--SBD.Boundary.605592468
PROCESS /noc/users/iridburst/exec/irid_300224010734970_upd.pl
Last Run  ----1970-01-01 00:00:00 
MONTH  5 
DATA  xxrecord 2012-05-08 08:00:05 :: $W5M5A,120508,080005,660d0028449ce246,1,DAS 2,4901.4419N,1622.5556W,20.3,95,24.3,14.0,10.3,77.7,6.6,10.4,77.9,6.7,1005.9,2.39,4.79,9.1,27,32*61
 
STATION sbdservice
IRID_ID 300224010734970
BODY 
Content-Type: text/plain;charset=US-ASCII
Content-Disposition: inline
Content-Transfer-Encoding: 7bit

MOMSN: 3290
MTMSN: 0
Time of Session (UTC): Mon May 14 15:00:27 2012
Session Status: 00 - Transfer OK
Message Size (bytes): 289

Unit Location: Lat = 49.001651 Long = -16.343277
CEPradius = 11



-- 
This message has been scanned for viruses and
dangerous content by MailScanner, and is
believed to be clean.


--SBD.Boundary.605592468
PROCESS /noc/users/iridburst/exec/irid_300224010734970_upd.pl
Last Run  ----1970-01-01 00:00:00 
MONTH  5 
DATA  xxrecord 2012-05-08 08:00:05 :: $W5M5A,120508,080005,660d0028449ce246,1,DAS 2,4901.4419N,1622.5556W,20.3,95,24.3,14.0,10.3,77.7,6.6,10.4,77.9,6.7,1005.9,2.39,4.79,9.1,27,32*61
 
STATION sbdservice
IRID_ID 300224010734970
BODY 
Content-Type: text/plain;charset=US-ASCII
Content-Disposition: inline
Content-Transfer-Encoding: 7bit

MOMSN: 3291
MTMSN: 0
Time of Session (UTC): Mon May 14 16:00:32 2012
Session Status: 00 - Transfer OK
Message Size (bytes): 1960

Unit Location: Lat = 49.043334 Long = -15.855178
CEPradius = 79



-- 
This message has been scanned for viruses and
dangerous content by MailScanner, and is
believed to be clean.


--SBD.Boundary.605592468
PROCESS /noc/users/iridburst/exec/irid_300224010734970_upd.pl
Last Run  ----1970-01-01 00:00:00 
MONTH  5 
DATA  xxrecord 2012-05-08 08:00:05 :: $W5M5A,120508,080005,660d0028449ce246,1,DAS 2,4901.4419N,1622.5556W,20.3,95,24.3,14.0,10.3,77.7,6.6,10.4,77.9,6.7,1005.9,2.39,4.79,9.1,27,32*61
 
STATION sbdservice
IRID_ID 300224010734970
BODY 
Content-Type: text/plain;charset=US-ASCII
Content-Disposition: inline
Content-Transfer-Encoding: 7bit

MOMSN: 3292
MTMSN: 0
Time of Session (UTC): Mon May 14 17:00:31 2012
Session Status: 00 - Transfer OK
Message Size (bytes): 1960

Unit Location: Lat = 49.001651 Long = -16.343277
CEPradius = 5



-- 
This message has been scanned for viruses and
dangerous content by MailScanner, and is
believed to be clean.


--SBD.Boundary.605592468
PROCESS /noc/users/iridburst/exec/irid_300224010734970_upd.pl
Last Run  ----1970-01-01 00:00:00 
MONTH  5 
DATA  xxrecord 2012-05-08 08:00:05 :: $W5M5A,120508,080005,660d0028449ce246,1,DAS 2,4901.4419N,1622.5556W,20.3,95,24.3,14.0,10.3,77.7,6.6,10.4,77.9,6.7,1005.9,2.39,4.79,9.1,27,32*61
 
STATION sbdservice
IRID_ID 300224010734970
BODY 
Content-Type: text/plain;charset=US-ASCII
Content-Disposition: inline
Content-Transfer-Encoding: 7bit

MOMSN: 3293
MTMSN: 0
Time of Session (UTC): Mon May 14 18:00:37 2012
Session Status: 00 - Transfer OK
Message Size (bytes): 1960

Unit Location: Lat = 49.046099 Long = -16.426609
CEPradius = 4



-- 
This message has been scanned for viruses and
dangerous content by MailScanner, and is
believed to be clean.


--SBD.Boundary.605592468
PROCESS /noc/users/iridburst/exec/irid_300224010734970_upd.pl
Last Run  ----1970-01-01 00:00:00 
MONTH  5 
DATA  xxrecord 2012-05-08 08:00:05 :: $W5M5A,120508,080005,660d0028449ce246,1,DAS 2,4901.4419N,1622.5556W,20.3,95,24.3,14.0,10.3,77.7,6.6,10.4,77.9,6.7,1005.9,2.39,4.79,9.1,27,32*61
 
STATION sbdservice
IRID_ID 300224010734970
BODY 
Content-Type: text/plain;charset=US-ASCII
Content-Disposition: inline
Content-Transfer-Encoding: 7bit

MOMSN: 3294
MTMSN: 0
Time of Session (UTC): Mon May 14 19:00:36 2012
Session Status: 00 - Transfer OK
Message Size (bytes): 1960

Unit Location: Lat = 49.027703 Long = -16.358670
CEPradius = 2



-- 
This message has been scanned for viruses and
dangerous content by MailScanner, and is
believed to be clean.


--SBD.Boundary.605592468
PROCESS /noc/users/iridburst/exec/irid_300224010734970_upd.pl
Last Run  ----1970-01-01 00:00:00 
MONTH  5 
DATA  xxrecord 2012-05-08 08:00:05 :: $W5M5A,120508,080005,660d0028449ce246,1,DAS 2,4901.4419N,1622.5556W,20.3,95,24.3,14.0,10.3,77.7,6.6,10.4,77.9,6.7,1005.9,2.39,4.79,9.1,27,32*61
 
STATION sbdservice
IRID_ID 300224010734970
BODY 
Content-Type: text/plain;charset=US-ASCII
Content-Disposition: inline
Content-Transfer-Encoding: 7bit

MOMSN: 3295
MTMSN: 0
Time of Session (UTC): Mon May 14 20:00:41 2012
Session Status: 00 - Transfer OK
Message Size (bytes): 1960

Unit Location: Lat = 49.069672 Long = -16.426609
CEPradius = 6



-- 
This message has been scanned for viruses and
dangerous content by MailScanner, and is
believed to be clean.


--SBD.Boundary.605592468
PROCESS /noc/users/iridburst/exec/irid_300224010734970_upd.pl
Last Run  ----1970-01-01 00:00:00 
MONTH  5 
DATA  xxrecord 2012-05-08 08:00:05 :: $W5M5A,120508,080005,660d0028449ce246,1,DAS 2,4901.4419N,1622.5556W,20.3,95,24.3,14.0,10.3,77.7,6.6,10.4,77.9,6.7,1005.9,2.39,4.79,9.1,27,32*61
 
STATION sbdservice
IRID_ID 300224010734970
BODY 
Content-Type: text/plain;charset=US-ASCII
Content-Disposition: inline
Content-Transfer-Encoding: 7bit

MOMSN: 3296
MTMSN: 0
Time of Session (UTC): Mon May 14 21:00:33 2012
Session Status: 00 - Transfer OK
Message Size (bytes): 1960

Unit Location: Lat = 49.027703 Long = -16.358670
CEPradius = 3



-- 
This message has been scanned for viruses and
dangerous content by MailScanner, and is
believed to be clean.


--SBD.Boundary.605592468
PROCESS /noc/users/iridburst/exec/irid_300224010734970_upd.pl
Last Run  ----1970-01-01 00:00:00 
MONTH  5 
DATA  xxrecord 2012-05-08 08:00:05 :: $W5M5A,120508,080005,660d0028449ce246,1,DAS 2,4901.4419N,1622.5556W,20.3,95,24.3,14.0,10.3,77.7,6.6,10.4,77.9,6.7,1005.9,2.39,4.79,9.1,27,32*61
 
STATION sbdservice
IRID_ID 300224010734970
BODY 
Content-Type: text/plain;charset=US-ASCII
Content-Disposition: inline
Content-Transfer-Encoding: 7bit

MOMSN: 3297
MTMSN: 0
Time of Session (UTC): Mon May 14 22:00:34 2012
Session Status: 00 - Transfer OK
Message Size (bytes): 1960

Unit Location: Lat = 49.012359 Long = -16.463590
CEPradius = 4



-- 
This message has been scanned for viruses and
dangerous content by MailScanner, and is
believed to be clean.


--SBD.Boundary.605592468
PROCESS /noc/users/iridburst/exec/irid_300224010734970_upd.pl
Last Run  ----1970-01-01 00:00:00 
MONTH  5 
DATA  xxrecord 2012-05-08 08:00:05 :: $W5M5A,120508,080005,660d0028449ce246,1,DAS 2,4901.4419N,1622.5556W,20.3,95,24.3,14.0,10.3,77.7,6.6,10.4,77.9,6.7,1005.9,2.39,4.79,9.1,27,32*61
 
STATION sbdservice
IRID_ID 300224010734970
BODY 
Content-Type: text/plain;charset=US-ASCII
Content-Disposition: inline
Content-Transfer-Encoding: 7bit

MOMSN: 3298
MTMSN: 0
Time of Session (UTC): Mon May 14 23:00:40 2012
Session Status: 00 - Transfer OK
Message Size (bytes): 1960

Unit Location: Lat = 49.069672 Long = -16.426609
CEPradius = 6



-- 
This message has been scanned for viruses and
dangerous content by MailScanner, and is
believed to be clean.


--SBD.Boundary.605592468
PROCESS /noc/users/iridburst/exec/irid_300224010734970_upd.pl
Last Run  ----1970-01-01 00:00:00 
MONTH  5 
DATA  xxrecord 2012-05-08 08:00:05 :: $W5M5A,120508,080005,660d0028449ce246,1,DAS 2,4901.4419N,1622.5556W,20.3,95,24.3,14.0,10.3,77.7,6.6,10.4,77.9,6.7,1005.9,2.39,4.79,9.1,27,32*61
 
STATION sbdservice
IRID_ID 300224010734970
BODY 
Content-Type: text/plain;charset=US-ASCII
Content-Disposition: inline
Content-Transfer-Encoding: 7bit

MOMSN: 3299
MTMSN: 0
Time of Session (UTC): Tue May 15 00:00:34 2012
Session Status: 00 - Transfer OK
Message Size (bytes): 1960

Unit Location: Lat = 49.027703 Long = -16.358670
CEPradius = 3



-- 
This message has been scanned for viruses and
dangerous content by MailScanner, and is
believed to be clean.


--SBD.Boundary.605592468
PROCESS /noc/users/iridburst/exec/irid_300224010734970_upd.pl
Last Run  ----1970-01-01 00:00:00 
MONTH  5 
DATA  xxrecord 2012-05-08 08:00:05 :: $W5M5A,120508,080005,660d0028449ce246,1,DAS 2,4901.4419N,1622.5556W,20.3,95,24.3,14.0,10.3,77.7,6.6,10.4,77.9,6.7,1005.9,2.39,4.79,9.1,27,32*61
 
STATION sbdservice
IRID_ID 300224010734970
BODY 
Content-Type: text/plain;charset=US-ASCII
Content-Disposition: inline
Content-Transfer-Encoding: 7bit

MOMSN: 3300
MTMSN: 0
Time of Session (UTC): Tue May 15 01:00:35 2012
Session Status: 00 - Transfer OK
Message Size (bytes): 1960

Unit Location: Lat = 49.027703 Long = -16.358670
CEPradius = 1



-- 
This message has been scanned for viruses and
dangerous content by MailScanner, and is
believed to be clean.


--SBD.Boundary.605592468
PROCESS /noc/users/iridburst/exec/irid_300224010734970_upd.pl
Last Run  ----1970-01-01 00:00:00 
MONTH  5 
DATA  xxrecord 2012-05-08 08:00:05 :: $W5M5A,120508,080005,660d0028449ce246,1,DAS 2,4901.4419N,1622.5556W,20.3,95,24.3,14.0,10.3,77.7,6.6,10.4,77.9,6.7,1005.9,2.39,4.79,9.1,27,32*61
 
STATION sbdservice
IRID_ID 300224010734970
BODY 
Content-Type: text/plain;charset=US-ASCII
Content-Disposition: inline
Content-Transfer-Encoding: 7bit

MOMSN: 3301
MTMSN: 0
Time of Session (UTC): Tue May 15 02:00:34 2012
Session Status: 00 - Transfer OK
Message Size (bytes): 1960

Unit Location: Lat = 49.012359 Long = -16.463590
CEPradius = 1



-- 
This message has been scanned for viruses and
dangerous content by MailScanner, and is
believed to be clean.


--SBD.Boundary.605592468
PROCESS /noc/users/iridburst/exec/irid_300224010734970_upd.pl
Last Run  ----1970-01-01 00:00:00 
MONTH  5 
DATA  xxrecord 2012-05-08 08:00:05 :: $W5M5A,120508,080005,660d0028449ce246,1,DAS 2,4901.4419N,1622.5556W,20.3,95,24.3,14.0,10.3,77.7,6.6,10.4,77.9,6.7,1005.9,2.39,4.79,9.1,27,32*61
 
STATION sbdservice
IRID_ID 300224010734970
BODY 
Content-Type: text/plain;charset=US-ASCII
Content-Disposition: inline
Content-Transfer-Encoding: 7bit

MOMSN: 3302
MTMSN: 0
Time of Session (UTC): Tue May 15 03:00:34 2012
Session Status: 00 - Transfer OK
Message Size (bytes): 1960

Unit Location: Lat = 49.020042 Long = -16.411144
CEPradius = 8



-- 
This message has been scanned for viruses and
dangerous content by MailScanner, and is
believed to be clean.


--SBD.Boundary.605592468
PROCESS /noc/users/iridburst/exec/irid_300224010734970_upd.pl
Last Run  ----1970-01-01 00:00:00 
MONTH  5 
DATA  xxrecord 2012-05-08 08:00:05 :: $W5M5A,120508,080005,660d0028449ce246,1,DAS 2,4901.4419N,1622.5556W,20.3,95,24.3,14.0,10.3,77.7,6.6,10.4,77.9,6.7,1005.9,2.39,4.79,9.1,27,32*61
 
STATION sbdservice
IRID_ID 300224010734970
BODY 
Content-Type: text/plain;charset=US-ASCII
Content-Disposition: inline
Content-Transfer-Encoding: 7bit

MOMSN: 3303
MTMSN: 0
Time of Session (UTC): Tue May 15 04:00:34 2012
Session Status: 00 - Transfer OK
Message Size (bytes): 1950

Unit Location: Lat = 49.051278 Long = -16.358670
CEPradius = 3



-- 
This message has been scanned for viruses and
dangerous content by MailScanner, and is
believed to be clean.


--SBD.Boundary.605592468
PROCESS /noc/users/iridburst/exec/irid_300224010734970_upd.pl
Last Run  ----1970-01-01 00:00:00 
MONTH  5 
DATA  xxrecord 2012-05-08 08:00:05 :: $W5M5A,120508,080005,660d0028449ce246,1,DAS 2,4901.4419N,1622.5556W,20.3,95,24.3,14.0,10.3,77.7,6.6,10.4,77.9,6.7,1005.9,2.39,4.79,9.1,27,32*61
 
STATION sbdservice
IRID_ID 300224010734970
BODY 
Content-Type: text/plain;charset=US-ASCII
Content-Disposition: inline
Content-Transfer-Encoding: 7bit

MOMSN: 3304
MTMSN: 0
Time of Session (UTC): Tue May 15 05:00:33 2012
Session Status: 00 - Transfer OK
Message Size (bytes): 1960

Unit Location: Lat = 49.027703 Long = -16.358670
CEPradius = 2



-- 
This message has been scanned for viruses and
dangerous content by MailScanner, and is
believed to be clean.


--SBD.Boundary.605592468
PROCESS /noc/users/iridburst/exec/irid_300224010734970_upd.pl
Last Run  ----1970-01-01 00:00:00 
MONTH  5 
DATA  xxrecord 2012-05-08 08:00:05 :: $W5M5A,120508,080005,660d0028449ce246,1,DAS 2,4901.4419N,1622.5556W,20.3,95,24.3,14.0,10.3,77.7,6.6,10.4,77.9,6.7,1005.9,2.39,4.79,9.1,27,32*61
 
STATION sbdservice
IRID_ID 300224010734970
BODY 
Content-Type: text/plain;charset=US-ASCII
Content-Disposition: inline
Content-Transfer-Encoding: 7bit

MOMSN: 3305
MTMSN: 0
Time of Session (UTC): Tue May 15 06:00:34 2012
Session Status: 00 - Transfer OK
Message Size (bytes): 1960

Unit Location: Lat = 49.020042 Long = -16.411144
CEPradius = 1



-- 
This message has been scanned for viruses and
dangerous content by MailScanner, and is
believed to be clean.


--SBD.Boundary.605592468
PROCESS /noc/users/iridburst/exec/irid_300224010734970_upd.pl
Last Run  ----1970-01-01 00:00:00 
MONTH  5 
DATA  xxrecord 2012-05-08 08:00:05 :: $W5M5A,120508,080005,660d0028449ce246,1,DAS 2,4901.4419N,1622.5556W,20.3,95,24.3,14.0,10.3,77.7,6.6,10.4,77.9,6.7,1005.9,2.39,4.79,9.1,27,32*61
 
STATION sbdservice
IRID_ID 300224010734970
BODY 
Content-Type: text/plain;charset=US-ASCII
Content-Disposition: inline
Content-Transfer-Encoding: 7bit

MOMSN: 3306
MTMSN: 0
Time of Session (UTC): Tue May 15 07:00:39 2012
Session Status: 00 - Transfer OK
Message Size (bytes): 1960

Unit Location: Lat = 49.306477 Long = -20.768704
CEPradius = 332



-- 
This message has been scanned for viruses and
dangerous content by MailScanner, and is
believed to be clean.


--SBD.Boundary.605592468
PROCESS /noc/users/iridburst/exec/irid_300224010734970_upd.pl
Last Run  ----1970-01-01 00:00:00 
MONTH  5 
DATA  xxrecord 2012-05-08 08:00:05 :: $W5M5A,120508,080005,660d0028449ce246,1,DAS 2,4901.4419N,1622.5556W,20.3,95,24.3,14.0,10.3,77.7,6.6,10.4,77.9,6.7,1005.9,2.39,4.79,9.1,27,32*61
 
STATION sbdservice
IRID_ID 300224010734970
BODY 
Content-Type: text/plain;charset=US-ASCII
Content-Disposition: inline
Content-Transfer-Encoding: 7bit

MOMSN: 3306
MTMSN: 0
Time of Session (UTC): Tue May 15 07:01:19 2012
Session Status: 00 - Transfer OK
Message Size (bytes): 1960

Unit Location: Lat = 49.020042 Long = -16.411144
CEPradius = 3



-- 
This message has been scanned for viruses and
dangerous content by MailScanner, and is
believed to be clean.


--SBD.Boundary.605592468
PROCESS /noc/users/iridburst/exec/irid_300224010734970_upd.pl
Last Run  ----1970-01-01 00:00:00 
MONTH  5 
DATA  xxrecord 2012-05-08 08:00:05 :: $W5M5A,120508,080005,660d0028449ce246,1,DAS 2,4901.4419N,1622.5556W,20.3,95,24.3,14.0,10.3,77.7,6.6,10.4,77.9,6.7,1005.9,2.39,4.79,9.1,27,32*61
 
STATION sbdservice
IRID_ID 300224010734970
BODY 
Content-Type: text/plain;charset=US-ASCII
Content-Disposition: inline
Content-Transfer-Encoding: 7bit

MOMSN: 3307
MTMSN: 0
Time of Session (UTC): Tue May 15 08:00:31 2012
Session Status: 00 - Transfer OK
Message Size (bytes): 1960

Unit Location: Lat = 49.001651 Long = -16.343277
CEPradius = 2



-- 
This message has been scanned for viruses and
dangerous content by MailScanner, and is
believed to be clean.


--SBD.Boundary.605592468
PROCESS /noc/users/iridburst/exec/irid_300224010734970_upd.pl
Last Run  ----1970-01-01 00:00:00 
MONTH  5 
DATA  xxrecord 2012-05-08 08:00:05 :: $W5M5A,120508,080005,660d0028449ce246,1,DAS 2,4901.4419N,1622.5556W,20.3,95,24.3,14.0,10.3,77.7,6.6,10.4,77.9,6.7,1005.9,2.39,4.79,9.1,27,32*61
 
STATION sbdservice
IRID_ID 300224010734970
BODY 
Content-Type: text/plain;charset=US-ASCII
Content-Disposition: inline
Content-Transfer-Encoding: 7bit

MOMSN: 3308
MTMSN: 0
Time of Session (UTC): Tue May 15 09:00:37 2012
Session Status: 00 - Transfer OK
Message Size (bytes): 1960

Unit Location: Lat = 49.001651 Long = -16.343277
CEPradius = 3



-- 
This message has been scanned for viruses and
dangerous content by MailScanner, and is
believed to be clean.


--SBD.Boundary.605592468
PROCESS /noc/users/iridburst/exec/irid_300224010734970_upd.pl
Last Run  ----1970-01-01 00:00:00 
MONTH  5 
DATA  xxrecord 2012-05-08 08:00:05 :: $W5M5A,120508,080005,660d0028449ce246,1,DAS 2,4901.4419N,1622.5556W,20.3,95,24.3,14.0,10.3,77.7,6.6,10.4,77.9,6.7,1005.9,2.39,4.79,9.1,27,32*61
 
STATION sbdservice
IRID_ID 300224010734970
BODY 
Content-Type: text/plain;charset=US-ASCII
Content-Disposition: inline
Content-Transfer-Encoding: 7bit

MOMSN: 3309
MTMSN: 0
Time of Session (UTC): Tue May 15 10:00:35 2012
Session Status: 00 - Transfer OK
Message Size (bytes): 1960

Unit Location: Lat = 49.020042 Long = -16.411144
CEPradius = 2



-- 
This message has been scanned for viruses and
dangerous content by MailScanner, and is
believed to be clean.


--SBD.Boundary.605592468
PROCESS /noc/users/iridburst/exec/irid_300224010734970_upd.pl
Last Run  ----1970-01-01 00:00:00 
MONTH  5 
DATA  xxrecord 2012-05-08 08:00:05 :: $W5M5A,120508,080005,660d0028449ce246,1,DAS 2,4901.4419N,1622.5556W,20.3,95,24.3,14.0,10.3,77.7,6.6,10.4,77.9,6.7,1005.9,2.39,4.79,9.1,27,32*61
 
STATION sbdservice
IRID_ID 300224010734970
BODY 
Content-Type: text/plain;charset=US-ASCII
Content-Disposition: inline
Content-Transfer-Encoding: 7bit

MOMSN: 3310
MTMSN: 0
Time of Session (UTC): Tue May 15 11:00:36 2012
Session Status: 00 - Transfer OK
Message Size (bytes): 1960

Unit Location: Lat = 48.994004 Long = -16.395707
CEPradius = 3



-- 
This message has been scanned for viruses and
dangerous content by MailScanner, and is
believed to be clean.


--SBD.Boundary.605592468
PROCESS /noc/users/iridburst/exec/irid_300224010734970_upd.pl
Last Run  ----1970-01-01 00:00:00 
MONTH  5 
DATA  xxrecord 2012-05-08 08:00:05 :: $W5M5A,120508,080005,660d0028449ce246,1,DAS 2,4901.4419N,1622.5556W,20.3,95,24.3,14.0,10.3,77.7,6.6,10.4,77.9,6.7,1005.9,2.39,4.79,9.1,27,32*61
 
STATION sbdservice
IRID_ID 300224010734970
BODY 
Content-Type: text/plain;charset=US-ASCII
Content-Disposition: inline
Content-Transfer-Encoding: 7bit

MOMSN: 3311
MTMSN: 0
Time of Session (UTC): Tue May 15 12:00:32 2012
Session Status: 00 - Transfer OK
Message Size (bytes): 1960

Unit Location: Lat = 48.970402 Long = -16.395707
CEPradius = 3



-- 
This message has been scanned for viruses and
dangerous content by MailScanner, and is
believed to be clean.


--SBD.Boundary.605592468
PROCESS /noc/users/iridburst/exec/irid_300224010734970_upd.pl
Last Run  ----1970-01-01 00:00:00 
MONTH  5 
DATA  xxrecord 2012-05-08 08:00:05 :: $W5M5A,120508,080005,660d0028449ce246,1,DAS 2,4901.4419N,1622.5556W,20.3,95,24.3,14.0,10.3,77.7,6.6,10.4,77.9,6.7,1005.9,2.39,4.79,9.1,27,32*61
 
STATION sbdservice
IRID_ID 300224010734970
BODY 
Content-Type: text/plain;charset=US-ASCII
Content-Disposition: inline
Content-Transfer-Encoding: 7bit

MOMSN: 3312
MTMSN: 0
Time of Session (UTC): Tue May 15 13:00:34 2012
Session Status: 00 - Transfer OK
Message Size (bytes): 1960

Unit Location: Lat = 49.033577 Long = -17.448680
CEPradius = 100



-- 
This message has been scanned for viruses and
dangerous content by MailScanner, and is
believed to be clean.


--SBD.Boundary.605592468
PROCESS /noc/users/iridburst/exec/irid_300224010734970_upd.pl
Last Run  ----1970-01-01 00:00:00 
MONTH  5 
DATA  xxrecord 2012-05-08 08:00:05 :: $W5M5A,120508,080005,660d0028449ce246,1,DAS 2,4901.4419N,1622.5556W,20.3,95,24.3,14.0,10.3,77.7,6.6,10.4,77.9,6.7,1005.9,2.39,4.79,9.1,27,32*61
 
STATION sbdservice
IRID_ID 300224010734970
BODY 
Content-Type: text/plain;charset=US-ASCII
Content-Disposition: inline
Content-Transfer-Encoding: 7bit

MOMSN: 3313
MTMSN: 0
Time of Session (UTC): Tue May 15 14:00:34 2012
Session Status: 00 - Transfer OK
Message Size (bytes): 1960

Unit Location: Lat = 48.970402 Long = -16.395707
CEPradius = 4



-- 
This message has been scanned for viruses and
dangerous content by MailScanner, and is
believed to be clean.


--SBD.Boundary.605592468
PROCESS /noc/users/iridburst/exec/irid_300224010734970_upd.pl
Last Run  ----1970-01-01 00:00:00 
MONTH  5 
DATA  xxrecord 2012-05-08 08:00:05 :: $W5M5A,120508,080005,660d0028449ce246,1,DAS 2,4901.4419N,1622.5556W,20.3,95,24.3,14.0,10.3,77.7,6.6,10.4,77.9,6.7,1005.9,2.39,4.79,9.1,27,32*61
 
STATION sbdservice
IRID_ID 300224010734970
BODY 
Content-Type: text/plain;charset=US-ASCII
Content-Disposition: inline
Content-Transfer-Encoding: 7bit

MOMSN: 3314
MTMSN: 0
Time of Session (UTC): Tue May 15 15:00:35 2012
Session Status: 00 - Transfer OK
Message Size (bytes): 1960

Unit Location: Lat = 49.016880 Long = -16.238332
CEPradius = 71



-- 
This message has been scanned for viruses and
dangerous content by MailScanner, and is
believed to be clean.


--SBD.Boundary.605592468
PROCESS /noc/users/iridburst/exec/irid_300224010734970_upd.pl
Last Run  ----1970-01-01 00:00:00 
MONTH  5 
DATA  xxrecord 2012-05-08 08:00:05 :: $W5M5A,120508,080005,660d0028449ce246,1,DAS 2,4901.4419N,1622.5556W,20.3,95,24.3,14.0,10.3,77.7,6.6,10.4,77.9,6.7,1005.9,2.39,4.79,9.1,27,32*61
 
STATION sbdservice
IRID_ID 300224010734970
BODY 
Content-Type: text/plain;charset=US-ASCII
Content-Disposition: inline
Content-Transfer-Encoding: 7bit

MOMSN: 3315
MTMSN: 0
Time of Session (UTC): Tue May 15 16:00:35 2012
Session Status: 00 - Transfer OK
Message Size (bytes): 1877

Unit Location: Lat = 48.968978 Long = -17.709287
CEPradius = 128



-- 
This message has been scanned for viruses and
dangerous content by MailScanner, and is
believed to be clean.


--SBD.Boundary.605592468
PROCESS /noc/users/iridburst/exec/irid_300224010734970_upd.pl
Last Run  ----1970-01-01 00:00:00 
MONTH  5 
DATA  xxrecord 2012-05-08 08:00:05 :: $W5M5A,120508,080005,660d0028449ce246,1,DAS 2,4901.4419N,1622.5556W,20.3,95,24.3,14.0,10.3,77.7,6.6,10.4,77.9,6.7,1005.9,2.39,4.79,9.1,27,32*61
 
STATION sbdservice
IRID_ID 300224010734970
BODY 
Content-Type: text/plain;charset=US-ASCII
Content-Disposition: inline
Content-Transfer-Encoding: 7bit

MOMSN: 3316
MTMSN: 0
Time of Session (UTC): Tue May 15 17:00:42 2012
Session Status: 00 - Transfer OK
Message Size (bytes): 1830

Unit Location: Lat = 49.020042 Long = -16.411144
CEPradius = 3



-- 
This message has been scanned for viruses and
dangerous content by MailScanner, and is
believed to be clean.


--SBD.Boundary.605592468
PROCESS /noc/users/iridburst/exec/irid_300224010734970_upd.pl
Last Run  ----1970-01-01 00:00:00 
MONTH  5 
DATA  xxrecord 2012-05-08 08:00:05 :: $W5M5A,120508,080005,660d0028449ce246,1,DAS 2,4901.4419N,1622.5556W,20.3,95,24.3,14.0,10.3,77.7,6.6,10.4,77.9,6.7,1005.9,2.39,4.79,9.1,27,32*61
 
STATION sbdservice
IRID_ID 300224010734970
BODY 
Content-Type: text/plain;charset=US-ASCII
Content-Disposition: inline
Content-Transfer-Encoding: 7bit

MOMSN: 3317
MTMSN: 0
Time of Session (UTC): Tue May 15 18:00:35 2012
Session Status: 00 - Transfer OK
Message Size (bytes): 1853

Unit Location: Lat = 49.075592 Long = -15.178289
CEPradius = 111



-- 
This message has been scanned for viruses and
dangerous content by MailScanner, and is
believed to be clean.


--SBD.Boundary.605592468
PROCESS /noc/users/iridburst/exec/irid_300224010734970_upd.pl
Last Run  ----1970-01-01 00:00:00 
MONTH  5 
DATA  xxrecord 2012-05-08 08:00:05 :: $W5M5A,120508,080005,660d0028449ce246,1,DAS 2,4901.4419N,1622.5556W,20.3,95,24.3,14.0,10.3,77.7,6.6,10.4,77.9,6.7,1005.9,2.39,4.79,9.1,27,32*61
 
STATION sbdservice
IRID_ID 300224010734970
BODY 
Content-Type: text/plain;charset=US-ASCII
Content-Disposition: inline
Content-Transfer-Encoding: 7bit

MOMSN: 3318
MTMSN: 0
Time of Session (UTC): Tue May 15 19:00:35 2012
Session Status: 00 - Transfer OK
Message Size (bytes): 1899

Unit Location: Lat = 49.027703 Long = -16.358670
CEPradius = 2



-- 
This message has been scanned for viruses and
dangerous content by MailScanner, and is
believed to be clean.


--SBD.Boundary.605592468
PROCESS /noc/users/iridburst/exec/irid_300224010734970_upd.pl
Last Run  ----1970-01-01 00:00:00 
MONTH  5 
DATA  xxrecord 2012-05-08 08:00:05 :: $W5M5A,120508,080005,660d0028449ce246,1,DAS 2,4901.4419N,1622.5556W,20.3,95,24.3,14.0,10.3,77.7,6.6,10.4,77.9,6.7,1005.9,2.39,4.79,9.1,27,32*61
 
STATION sbdservice
IRID_ID 300224010734970
BODY 
Content-Type: text/plain;charset=US-ASCII
Content-Disposition: inline
Content-Transfer-Encoding: 7bit

MOMSN: 3319
MTMSN: 0
Time of Session (UTC): Tue May 15 20:00:33 2012
Session Status: 00 - Transfer OK
Message Size (bytes): 1853

Unit Location: Lat = 49.106630 Long = -14.514805
CEPradius = 156



-- 
This message has been scanned for viruses and
dangerous content by MailScanner, and is
believed to be clean.


--SBD.Boundary.605592468
PROCESS /noc/users/iridburst/exec/irid_300224010734970_upd.pl
Last Run  ----1970-01-01 00:00:00 
MONTH  5 
DATA  xxrecord 2012-05-08 08:00:05 :: $W5M5A,120508,080005,660d0028449ce246,1,DAS 2,4901.4419N,1622.5556W,20.3,95,24.3,14.0,10.3,77.7,6.6,10.4,77.9,6.7,1005.9,2.39,4.79,9.1,27,32*61
 
STATION sbdservice
IRID_ID 300224010734970
BODY 
Content-Type: text/plain;charset=US-ASCII
Content-Disposition: inline
Content-Transfer-Encoding: 7bit

MOMSN: 3320
MTMSN: 0
Time of Session (UTC): Tue May 15 21:00:41 2012
Session Status: 00 - Transfer OK
Message Size (bytes): 1779

Unit Location: Lat = 49.020042 Long = -16.411144
CEPradius = 2



-- 
This message has been scanned for viruses and
dangerous content by MailScanner, and is
believed to be clean.


--SBD.Boundary.605592468
PROCESS /noc/users/iridburst/exec/irid_300224010734970_upd.pl
Last Run  ----1970-01-01 00:00:00 
MONTH  5 
DATA  xxrecord 2012-05-08 08:00:05 :: $W5M5A,120508,080005,660d0028449ce246,1,DAS 2,4901.4419N,1622.5556W,20.3,95,24.3,14.0,10.3,77.7,6.6,10.4,77.9,6.7,1005.9,2.39,4.79,9.1,27,32*61
 
STATION sbdservice
IRID_ID 300224010734970
BODY 
Content-Type: text/plain;charset=US-ASCII
Content-Disposition: inline
Content-Transfer-Encoding: 7bit

MOMSN: 3321
MTMSN: 0
Time of Session (UTC): Tue May 15 22:00:36 2012
Session Status: 00 - Transfer OK
Message Size (bytes): 1947

Unit Location: Lat = 49.012359 Long = -16.463590
CEPradius = 30



-- 
This message has been scanned for viruses and
dangerous content by MailScanner, and is
believed to be clean.


--SBD.Boundary.605592468
PROCESS /noc/users/iridburst/exec/irid_300224010734970_upd.pl
Last Run  ----1970-01-01 00:00:00 
MONTH  5 
DATA  xxrecord 2012-05-08 08:00:05 :: $W5M5A,120508,080005,660d0028449ce246,1,DAS 2,4901.4419N,1622.5556W,20.3,95,24.3,14.0,10.3,77.7,6.6,10.4,77.9,6.7,1005.9,2.39,4.79,9.1,27,32*61
 
STATION sbdservice
IRID_ID 300224010734970
BODY 
Content-Type: text/plain;charset=US-ASCII
Content-Disposition: inline
Content-Transfer-Encoding: 7bit

MOMSN: 3322
MTMSN: 0
Time of Session (UTC): Tue May 15 23:00:32 2012
Session Status: 00 - Transfer OK
Message Size (bytes): 1923

Unit Location: Lat = 49.035341 Long = -16.306167
CEPradius = 1



-- 
This message has been scanned for viruses and
dangerous content by MailScanner, and is
believed to be clean.


--SBD.Boundary.605592468
PROCESS /noc/users/iridburst/exec/irid_300224010734970_upd.pl
Last Run  ----1970-01-01 00:00:00 
MONTH  5 
DATA  xxrecord 2012-05-08 08:00:05 :: $W5M5A,120508,080005,660d0028449ce246,1,DAS 2,4901.4419N,1622.5556W,20.3,95,24.3,14.0,10.3,77.7,6.6,10.4,77.9,6.7,1005.9,2.39,4.79,9.1,27,32*61
 
STATION sbdservice
IRID_ID 300224010734970
BODY 
Content-Type: text/plain;charset=US-ASCII
Content-Disposition: inline
Content-Transfer-Encoding: 7bit

MOMSN: 3323
MTMSN: 0
Time of Session (UTC): Wed May 16 00:00:35 2012
Session Status: 00 - Transfer OK
Message Size (bytes): 1950

Unit Location: Lat = 49.020042 Long = -16.411144
CEPradius = 2



-- 
This message has been scanned for viruses and
dangerous content by MailScanner, and is
believed to be clean.


--SBD.Boundary.605592468
PROCESS /noc/users/iridburst/exec/irid_300224010734970_upd.pl
Last Run  ----1970-01-01 00:00:00 
MONTH  5 
DATA  xxrecord 2012-05-08 08:00:05 :: $W5M5A,120508,080005,660d0028449ce246,1,DAS 2,4901.4419N,1622.5556W,20.3,95,24.3,14.0,10.3,77.7,6.6,10.4,77.9,6.7,1005.9,2.39,4.79,9.1,27,32*61
 
STATION sbdservice
IRID_ID 300224010734970
BODY 
Content-Type: text/plain;charset=US-ASCII
Content-Disposition: inline
Content-Transfer-Encoding: 7bit

MOMSN: 3324
MTMSN: 0
Time of Session (UTC): Wed May 16 01:00:32 2012
Session Status: 00 - Transfer OK
Message Size (bytes): 1960

Unit Location: Lat = 49.001651 Long = -16.343277
CEPradius = 5



-- 
This message has been scanned for viruses and
dangerous content by MailScanner, and is
believed to be clean.


--SBD.Boundary.605592468
PROCESS /noc/users/iridburst/exec/irid_300224010734970_upd.pl
Last Run  ----1970-01-01 00:00:00 
MONTH  5 
DATA  xxrecord 2012-05-08 08:00:05 :: $W5M5A,120508,080005,660d0028449ce246,1,DAS 2,4901.4419N,1622.5556W,20.3,95,24.3,14.0,10.3,77.7,6.6,10.4,77.9,6.7,1005.9,2.39,4.79,9.1,27,32*61
 
STATION sbdservice
IRID_ID 300224010734970
BODY 
Content-Type: text/plain;charset=US-ASCII
Content-Disposition: inline
Content-Transfer-Encoding: 7bit

MOMSN: 3325
MTMSN: 0
Time of Session (UTC): Wed May 16 02:00:35 2012
Session Status: 00 - Transfer OK
Message Size (bytes): 1960

Unit Location: Lat = 49.020042 Long = -16.411144
CEPradius = 7



-- 
This message has been scanned for viruses and
dangerous content by MailScanner, and is
believed to be clean.


--SBD.Boundary.605592468
PROCESS /noc/users/iridburst/exec/irid_300224010734970_upd.pl
Last Run  ----1970-01-01 00:00:00 
MONTH  5 
DATA  xxrecord 2012-05-08 08:00:05 :: $W5M5A,120508,080005,660d0028449ce246,1,DAS 2,4901.4419N,1622.5556W,20.3,95,24.3,14.0,10.3,77.7,6.6,10.4,77.9,6.7,1005.9,2.39,4.79,9.1,27,32*61
 
STATION sbdservice
IRID_ID 300224010734970
BODY 
Content-Type: text/plain;charset=US-ASCII
Content-Disposition: inline
Content-Transfer-Encoding: 7bit

MOMSN: 3326
MTMSN: 0
Time of Session (UTC): Wed May 16 03:00:36 2012
Session Status: 00 - Transfer OK
Message Size (bytes): 1951

Unit Location: Lat = 49.051278 Long = -16.358670
CEPradius = 3



-- 
This message has been scanned for viruses and
dangerous content by MailScanner, and is
believed to be clean.


--SBD.Boundary.605592468
PROCESS /noc/users/iridburst/exec/irid_300224010734970_upd.pl
Last Run  ----1970-01-01 00:00:00 
MONTH  5 
DATA  xxrecord 2012-05-08 08:00:05 :: $W5M5A,120508,080005,660d0028449ce246,1,DAS 2,4901.4419N,1622.5556W,20.3,95,24.3,14.0,10.3,77.7,6.6,10.4,77.9,6.7,1005.9,2.39,4.79,9.1,27,32*61
 
STATION sbdservice
IRID_ID 300224010734970
BODY 
Content-Type: text/plain;charset=US-ASCII
Content-Disposition: inline
Content-Transfer-Encoding: 7bit

MOMSN: 3327
MTMSN: 0
Time of Session (UTC): Wed May 16 04:00:30 2012
Session Status: 00 - Transfer OK
Message Size (bytes): 1926

Unit Location: Lat = 49.020042 Long = -16.411144
CEPradius = 2



-- 
This message has been scanned for viruses and
dangerous content by MailScanner, and is
believed to be clean.


--SBD.Boundary.605592468
PROCESS /noc/users/iridburst/exec/irid_300224010734970_upd.pl
Last Run  ----1970-01-01 00:00:00 
MONTH  5 
DATA  xxrecord 2012-05-08 08:00:05 :: $W5M5A,120508,080005,660d0028449ce246,1,DAS 2,4901.4419N,1622.5556W,20.3,95,24.3,14.0,10.3,77.7,6.6,10.4,77.9,6.7,1005.9,2.39,4.79,9.1,27,32*61
 
STATION sbdservice
IRID_ID 300224010734970
BODY 
Content-Type: text/plain;charset=US-ASCII
Content-Disposition: inline
Content-Transfer-Encoding: 7bit

MOMSN: 3328
MTMSN: 0
Time of Session (UTC): Wed May 16 05:00:35 2012
Session Status: 00 - Transfer OK
Message Size (bytes): 1960

Unit Location: Lat = 49.020042 Long = -16.411144
CEPradius = 3



-- 
This message has been scanned for viruses and
dangerous content by MailScanner, and is
believed to be clean.


--SBD.Boundary.605592468
PROCESS /noc/users/iridburst/exec/irid_300224010734970_upd.pl
Last Run  ----1970-01-01 00:00:00 
MONTH  5 
DATA  xxrecord 2012-05-08 08:00:05 :: $W5M5A,120508,080005,660d0028449ce246,1,DAS 2,4901.4419N,1622.5556W,20.3,95,24.3,14.0,10.3,77.7,6.6,10.4,77.9,6.7,1005.9,2.39,4.79,9.1,27,32*61
 
STATION sbdservice
IRID_ID 300224010734970
BODY 
Content-Type: text/plain;charset=US-ASCII
Content-Disposition: inline
Content-Transfer-Encoding: 7bit

MOMSN: 3329
MTMSN: 0
Time of Session (UTC): Wed May 16 06:00:35 2012
Session Status: 00 - Transfer OK
Message Size (bytes): 1960

Unit Location: Lat = 49.001651 Long = -16.343277
CEPradius = 3



-- 
This message has been scanned for viruses and
dangerous content by MailScanner, and is
believed to be clean.


--SBD.Boundary.605592468
PROCESS /noc/users/iridburst/exec/irid_300224010734970_upd.pl
Last Run  ----1970-01-01 00:00:00 
MONTH  5 
DATA  xxrecord 2012-05-08 08:00:05 :: $W5M5A,120508,080005,660d0028449ce246,1,DAS 2,4901.4419N,1622.5556W,20.3,95,24.3,14.0,10.3,77.7,6.6,10.4,77.9,6.7,1005.9,2.39,4.79,9.1,27,32*61
 
STATION sbdservice
IRID_ID 300224010734970
BODY 
Content-Type: text/plain;charset=US-ASCII
Content-Disposition: inline
Content-Transfer-Encoding: 7bit

MOMSN: 3330
MTMSN: 0
Time of Session (UTC): Wed May 16 07:00:34 2012
Session Status: 00 - Transfer OK
Message Size (bytes): 1960

Unit Location: Lat = 49.001651 Long = -16.343277
CEPradius = 3



-- 
This message has been scanned for viruses and
dangerous content by MailScanner, and is
believed to be clean.


--SBD.Boundary.605592468
PROCESS /noc/users/iridburst/exec/irid_300224010734970_upd.pl
Last Run  ----1970-01-01 00:00:00 
MONTH  5 
DATA  xxrecord 2012-05-08 08:00:05 :: $W5M5A,120508,080005,660d0028449ce246,1,DAS 2,4901.4419N,1622.5556W,20.3,95,24.3,14.0,10.3,77.7,6.6,10.4,77.9,6.7,1005.9,2.39,4.79,9.1,27,32*61
 
STATION sbdservice
IRID_ID 300224010734970
BODY 
Content-Type: text/plain;charset=US-ASCII
Content-Disposition: inline
Content-Transfer-Encoding: 7bit

MOMSN: 3331
MTMSN: 0
Time of Session (UTC): Wed May 16 08:00:33 2012
Session Status: 00 - Transfer OK
Message Size (bytes): 1960

Unit Location: Lat = 48.994004 Long = -16.395707
CEPradius = 3



-- 
This message has been scanned for viruses and
dangerous content by MailScanner, and is
believed to be clean.


--SBD.Boundary.605592468
PROCESS /noc/users/iridburst/exec/irid_300224010734970_upd.pl
Last Run  ----1970-01-01 00:00:00 
MONTH  5 
DATA  xxrecord 2012-05-08 08:00:05 :: $W5M5A,120508,080005,660d0028449ce246,1,DAS 2,4901.4419N,1622.5556W,20.3,95,24.3,14.0,10.3,77.7,6.6,10.4,77.9,6.7,1005.9,2.39,4.79,9.1,27,32*61
 
STATION sbdservice
IRID_ID 300224010734970
BODY 
Content-Type: text/plain;charset=US-ASCII
Content-Disposition: inline
Content-Transfer-Encoding: 7bit

MOMSN: 3332
MTMSN: 0
Time of Session (UTC): Wed May 16 09:00:35 2012
Session Status: 00 - Transfer OK
Message Size (bytes): 1950

Unit Location: Lat = 49.035341 Long = -16.306167
CEPradius = 4



-- 
This message has been scanned for viruses and
dangerous content by MailScanner, and is
believed to be clean.


--SBD.Boundary.605592468
PROCESS /noc/users/iridburst/exec/irid_300224010734970_upd.pl
Last Run  ----1970-01-01 00:00:00 
MONTH  5 
DATA  xxrecord 2012-05-08 08:00:05 :: $W5M5A,120508,080005,660d0028449ce246,1,DAS 2,4901.4419N,1622.5556W,20.3,95,24.3,14.0,10.3,77.7,6.6,10.4,77.9,6.7,1005.9,2.39,4.79,9.1,27,32*61
 
STATION sbdservice
IRID_ID 300224010734970
BODY 
Content-Type: text/plain;charset=US-ASCII
Content-Disposition: inline
Content-Transfer-Encoding: 7bit

MOMSN: 3333
MTMSN: 0
Time of Session (UTC): Wed May 16 10:00:45 2012
Session Status: 00 - Transfer OK
Message Size (bytes): 1960

Unit Location: Lat = 49.020042 Long = -16.411144
CEPradius = 2



-- 
This message has been scanned for viruses and
dangerous content by MailScanner, and is
believed to be clean.


--SBD.Boundary.605592468
PROCESS /noc/users/iridburst/exec/irid_300224010734970_upd.pl
Last Run  ----1970-01-01 00:00:00 
MONTH  5 
DATA  xxrecord 2012-05-08 08:00:05 :: $W5M5A,120508,080005,660d0028449ce246,1,DAS 2,4901.4419N,1622.5556W,20.3,95,24.3,14.0,10.3,77.7,6.6,10.4,77.9,6.7,1005.9,2.39,4.79,9.1,27,32*61
 
STATION sbdservice
IRID_ID 300224010734970
BODY 
Content-Type: text/plain;charset=US-ASCII
Content-Disposition: inline
Content-Transfer-Encoding: 7bit

MOMSN: 3334
MTMSN: 0
Time of Session (UTC): Wed May 16 11:00:32 2012
Session Status: 00 - Transfer OK
Message Size (bytes): 1960

Unit Location: Lat = 49.187550 Long = -19.893956
CEPradius = 267



-- 
This message has been scanned for viruses and
dangerous content by MailScanner, and is
believed to be clean.


--SBD.Boundary.605592468
PROCESS /noc/users/iridburst/exec/irid_300224010734970_upd.pl
Last Run  ----1970-01-01 00:00:00 
MONTH  5 
DATA  xxrecord 2012-05-08 08:00:05 :: $W5M5A,120508,080005,660d0028449ce246,1,DAS 2,4901.4419N,1622.5556W,20.3,95,24.3,14.0,10.3,77.7,6.6,10.4,77.9,6.7,1005.9,2.39,4.79,9.1,27,32*61
 
STATION sbdservice
IRID_ID 300224010734970
BODY 
Content-Type: text/plain;charset=US-ASCII
Content-Disposition: inline
Content-Transfer-Encoding: 7bit

MOMSN: 3335
MTMSN: 0
Time of Session (UTC): Wed May 16 12:00:34 2012
Session Status: 00 - Transfer OK
Message Size (bytes): 1960

Unit Location: Lat = 48.978050 Long = -16.343277
CEPradius = 5



-- 
This message has been scanned for viruses and
dangerous content by MailScanner, and is
believed to be clean.


--SBD.Boundary.605592468
PROCESS /noc/users/iridburst/exec/irid_300224010734970_upd.pl
Last Run  ----1970-01-01 00:00:00 
MONTH  5 
DATA  xxrecord 2012-05-08 08:00:05 :: $W5M5A,120508,080005,660d0028449ce246,1,DAS 2,4901.4419N,1622.5556W,20.3,95,24.3,14.0,10.3,77.7,6.6,10.4,77.9,6.7,1005.9,2.39,4.79,9.1,27,32*61
 
STATION sbdservice
IRID_ID 300224010734970
BODY 
Content-Type: text/plain;charset=US-ASCII
Content-Disposition: inline
Content-Transfer-Encoding: 7bit

MOMSN: 3336
MTMSN: 0
Time of Session (UTC): Wed May 16 13:00:38 2012
Session Status: 00 - Transfer OK
Message Size (bytes): 1960

Unit Location: Lat = 49.129064 Long = -18.937987
CEPradius = 198



-- 
This message has been scanned for viruses and
dangerous content by MailScanner, and is
believed to be clean.


--SBD.Boundary.605592468
PROCESS /noc/users/iridburst/exec/irid_300224010734970_upd.pl
Last Run  ----1970-01-01 00:00:00 
MONTH  5 
DATA  xxrecord 2012-05-08 08:00:05 :: $W5M5A,120508,080005,660d0028449ce246,1,DAS 2,4901.4419N,1622.5556W,20.3,95,24.3,14.0,10.3,77.7,6.6,10.4,77.9,6.7,1005.9,2.39,4.79,9.1,27,32*61
 
STATION sbdservice
IRID_ID 300224010734970
BODY 
Content-Type: text/plain;charset=US-ASCII
Content-Disposition: inline
Content-Transfer-Encoding: 7bit

MOMSN: 3337
MTMSN: 0
Time of Session (UTC): Wed May 16 14:00:37 2012
Session Status: 00 - Transfer OK
Message Size (bytes): 1960

Unit Location: Lat = 49.020042 Long = -16.411144
CEPradius = 2



-- 
This message has been scanned for viruses and
dangerous content by MailScanner, and is
believed to be clean.


--SBD.Boundary.605592468
PROCESS /noc/users/iridburst/exec/irid_300224010734970_upd.pl
Last Run  ----1970-01-01 00:00:00 
MONTH  5 
DATA  xxrecord 2012-05-08 08:00:05 :: $W5M5A,120508,080005,660d0028449ce246,1,DAS 2,4901.4419N,1622.5556W,20.3,95,24.3,14.0,10.3,77.7,6.6,10.4,77.9,6.7,1005.9,2.39,4.79,9.1,27,32*61
 
STATION sbdservice
IRID_ID 300224010734970
BODY 
Content-Type: text/plain;charset=US-ASCII
Content-Disposition: inline
Content-Transfer-Encoding: 7bit

MOMSN: 3338
MTMSN: 0
Time of Session (UTC): Wed May 16 15:00:34 2012
Session Status: 00 - Transfer OK
Message Size (bytes): 1960

Unit Location: Lat = 49.112655 Long = -18.694988
CEPradius = 198



-- 
This message has been scanned for viruses and
dangerous content by MailScanner, and is
believed to be clean.


--SBD.Boundary.605592468
PROCESS /noc/users/iridburst/exec/irid_300224010734970_upd.pl
Last Run  ----1970-01-01 00:00:00 
MONTH  5 
DATA  xxrecord 2012-05-08 08:00:05 :: $W5M5A,120508,080005,660d0028449ce246,1,DAS 2,4901.4419N,1622.5556W,20.3,95,24.3,14.0,10.3,77.7,6.6,10.4,77.9,6.7,1005.9,2.39,4.79,9.1,27,32*61
 
STATION sbdservice
IRID_ID 300224010734970
BODY 
Content-Type: text/plain;charset=US-ASCII
Content-Disposition: inline
Content-Transfer-Encoding: 7bit

MOMSN: 3339
MTMSN: 0
Time of Session (UTC): Wed May 16 16:00:53 2012
Session Status: 00 - Transfer OK
Message Size (bytes): 1960

Unit Location: Lat = 49.001651 Long = -16.343277
CEPradius = 2



-- 
This message has been scanned for viruses and
dangerous content by MailScanner, and is
believed to be clean.


--SBD.Boundary.605592468
PROCESS /noc/users/iridburst/exec/irid_300224010734970_upd.pl
Last Run  ----1970-01-01 00:00:00 
MONTH  5 
DATA  xxrecord 2012-05-08 08:00:05 :: $W5M5A,120508,080005,660d0028449ce246,1,DAS 2,4901.4419N,1622.5556W,20.3,95,24.3,14.0,10.3,77.7,6.6,10.4,77.9,6.7,1005.9,2.39,4.79,9.1,27,32*61
 
STATION sbdservice
IRID_ID 300224010734970
BODY 
Content-Type: text/plain;charset=US-ASCII
Content-Disposition: inline
Content-Transfer-Encoding: 7bit

MOMSN: 3340
MTMSN: 0
Time of Session (UTC): Wed May 16 17:00:34 2012
Session Status: 00 - Transfer OK
Message Size (bytes): 1960

Unit Location: Lat = 49.027703 Long = -16.358670
CEPradius = 2



-- 
This message has been scanned for viruses and
dangerous content by MailScanner, and is
believed to be clean.


--SBD.Boundary.605592468
PROCESS /noc/users/iridburst/exec/irid_300224010734970_upd.pl
Last Run  ----1970-01-01 00:00:00 
MONTH  5 
DATA  xxrecord 2012-05-08 08:00:05 :: $W5M5A,120508,080005,660d0028449ce246,1,DAS 2,4901.4419N,1622.5556W,20.3,95,24.3,14.0,10.3,77.7,6.6,10.4,77.9,6.7,1005.9,2.39,4.79,9.1,27,32*61
 
STATION sbdservice
IRID_ID 300224010734970
BODY 
Content-Type: text/plain;charset=US-ASCII
Content-Disposition: inline
Content-Transfer-Encoding: 7bit

MOMSN: 3341
MTMSN: 0
Time of Session (UTC): Wed May 16 18:00:36 2012
Session Status: 00 - Transfer OK
Message Size (bytes): 1960

Unit Location: Lat = 48.975927 Long = -17.484427
CEPradius = 108



-- 
This message has been scanned for viruses and
dangerous content by MailScanner, and is
believed to be clean.


--SBD.Boundary.605592468
PROCESS /noc/users/iridburst/exec/irid_300224010734970_upd.pl
Last Run  ----1970-01-01 00:00:00 
MONTH  5 
DATA  xxrecord 2012-05-08 08:00:05 :: $W5M5A,120508,080005,660d0028449ce246,1,DAS 2,4901.4419N,1622.5556W,20.3,95,24.3,14.0,10.3,77.7,6.6,10.4,77.9,6.7,1005.9,2.39,4.79,9.1,27,32*61
 
STATION sbdservice
IRID_ID 300224010734970
BODY 
Content-Type: text/plain;charset=US-ASCII
Content-Disposition: inline
Content-Transfer-Encoding: 7bit

MOMSN: 3342
MTMSN: 0
Time of Session (UTC): Wed May 16 19:00:33 2012
Session Status: 00 - Transfer OK
Message Size (bytes): 1960

Unit Location: Lat = 49.001651 Long = -16.343277
CEPradius = 6



-- 
This message has been scanned for viruses and
dangerous content by MailScanner, and is
believed to be clean.


--SBD.Boundary.605592468
PROCESS /noc/users/iridburst/exec/irid_300224010734970_upd.pl
Last Run  ----1970-01-01 00:00:00 
MONTH  5 
DATA  xxrecord 2012-05-08 08:00:05 :: $W5M5A,120508,080005,660d0028449ce246,1,DAS 2,4901.4419N,1622.5556W,20.3,95,24.3,14.0,10.3,77.7,6.6,10.4,77.9,6.7,1005.9,2.39,4.79,9.1,27,32*61
 
STATION sbdservice
IRID_ID 300224010734970
BODY 
Content-Type: text/plain;charset=US-ASCII
Content-Disposition: inline
Content-Transfer-Encoding: 7bit

MOMSN: 3343
MTMSN: 0
Time of Session (UTC): Wed May 16 20:00:34 2012
Session Status: 00 - Transfer OK
Message Size (bytes): 1960

Unit Location: Lat = 48.981054 Long = -16.516007
CEPradius = 287



-- 
This message has been scanned for viruses and
dangerous content by MailScanner, and is
believed to be clean.


--SBD.Boundary.605592468
PROCESS /noc/users/iridburst/exec/irid_300224010734970_upd.pl
Last Run  ----1970-01-01 00:00:00 
MONTH  5 
DATA  xxrecord 2012-05-08 08:00:05 :: $W5M5A,120508,080005,660d0028449ce246,1,DAS 2,4901.4419N,1622.5556W,20.3,95,24.3,14.0,10.3,77.7,6.6,10.4,77.9,6.7,1005.9,2.39,4.79,9.1,27,32*61
 
STATION sbdservice
IRID_ID 300224010734970
BODY 
Content-Type: text/plain;charset=US-ASCII
Content-Disposition: inline
Content-Transfer-Encoding: 7bit

MOMSN: 3344
MTMSN: 0
Time of Session (UTC): Wed May 16 21:00:36 2012
Session Status: 00 - Transfer OK
Message Size (bytes): 1960

Unit Location: Lat = 49.035341 Long = -16.306167
CEPradius = 2



-- 
This message has been scanned for viruses and
dangerous content by MailScanner, and is
believed to be clean.


--SBD.Boundary.605592468
PROCESS /noc/users/iridburst/exec/irid_300224010734970_upd.pl
Last Run  ----1970-01-01 00:00:00 
MONTH  5 
DATA  xxrecord 2012-05-08 08:00:05 :: $W5M5A,120508,080005,660d0028449ce246,1,DAS 2,4901.4419N,1622.5556W,20.3,95,24.3,14.0,10.3,77.7,6.6,10.4,77.9,6.7,1005.9,2.39,4.79,9.1,27,32*61
 
STATION sbdservice
IRID_ID 300224010734970
BODY 
Content-Type: text/plain;charset=US-ASCII
Content-Disposition: inline
Content-Transfer-Encoding: 7bit

MOMSN: 3345
MTMSN: 0
Time of Session (UTC): Wed May 16 22:00:33 2012
Session Status: 00 - Transfer OK
Message Size (bytes): 1960

Unit Location: Lat = 49.046099 Long = -16.426609
CEPradius = 5



-- 
This message has been scanned for viruses and
dangerous content by MailScanner, and is
believed to be clean.


--SBD.Boundary.605592468
PROCESS /noc/users/iridburst/exec/irid_300224010734970_upd.pl
Last Run  ----1970-01-01 00:00:00 
MONTH  5 
DATA  xxrecord 2012-05-08 08:00:05 :: $W5M5A,120508,080005,660d0028449ce246,1,DAS 2,4901.4419N,1622.5556W,20.3,95,24.3,14.0,10.3,77.7,6.6,10.4,77.9,6.7,1005.9,2.39,4.79,9.1,27,32*61
 
STATION sbdservice
IRID_ID 300224010734970
BODY 
Content-Type: text/plain;charset=US-ASCII
Content-Disposition: inline
Content-Transfer-Encoding: 7bit

MOMSN: 3346
MTMSN: 0
Time of Session (UTC): Wed May 16 23:00:39 2012
Session Status: 00 - Transfer OK
Message Size (bytes): 1960

Unit Location: Lat = 49.001651 Long = -16.343277
CEPradius = 3



-- 
This message has been scanned for viruses and
dangerous content by MailScanner, and is
believed to be clean.


--SBD.Boundary.605592468
PROCESS /noc/users/iridburst/exec/irid_300224010734970_upd.pl
Last Run  ----1970-01-01 00:00:00 
MONTH  5 
DATA  xxrecord 2012-05-08 08:00:05 :: $W5M5A,120508,080005,660d0028449ce246,1,DAS 2,4901.4419N,1622.5556W,20.3,95,24.3,14.0,10.3,77.7,6.6,10.4,77.9,6.7,1005.9,2.39,4.79,9.1,27,32*61
 
STATION sbdservice
IRID_ID 300224010734970
BODY 
Content-Type: text/plain;charset=US-ASCII
Content-Disposition: inline
Content-Transfer-Encoding: 7bit

MOMSN: 3347
MTMSN: 0
Time of Session (UTC): Thu May 17 00:00:34 2012
Session Status: 00 - Transfer OK
Message Size (bytes): 1960

Unit Location: Lat = 49.020042 Long = -16.411144
CEPradius = 9



-- 
This message has been scanned for viruses and
dangerous content by MailScanner, and is
believed to be clean.


--SBD.Boundary.605592468
PROCESS /noc/users/iridburst/exec/irid_300224010734970_upd.pl
Last Run  ----1970-01-01 00:00:00 
MONTH  5 
DATA  xxrecord 2012-05-08 08:00:05 :: $W5M5A,120508,080005,660d0028449ce246,1,DAS 2,4901.4419N,1622.5556W,20.3,95,24.3,14.0,10.3,77.7,6.6,10.4,77.9,6.7,1005.9,2.39,4.79,9.1,27,32*61
 
STATION sbdservice
IRID_ID 300224010734970
BODY 
Content-Type: text/plain;charset=US-ASCII
Content-Disposition: inline
Content-Transfer-Encoding: 7bit

MOMSN: 3348
MTMSN: 0
Time of Session (UTC): Thu May 17 01:00:37 2012
Session Status: 00 - Transfer OK
Message Size (bytes): 1960

Unit Location: Lat = 49.020042 Long = -16.411144
CEPradius = 3



-- 
This message has been scanned for viruses and
dangerous content by MailScanner, and is
believed to be clean.


--SBD.Boundary.605592468
PROCESS /noc/users/iridburst/exec/irid_300224010734970_upd.pl
Last Run  ----1970-01-01 00:00:00 
MONTH  5 
DATA  xxrecord 2012-05-08 08:00:05 :: $W5M5A,120508,080005,660d0028449ce246,1,DAS 2,4901.4419N,1622.5556W,20.3,95,24.3,14.0,10.3,77.7,6.6,10.4,77.9,6.7,1005.9,2.39,4.79,9.1,27,32*61
 
STATION sbdservice
IRID_ID 300224010734970
BODY 
Content-Type: text/plain;charset=US-ASCII
Content-Disposition: inline
Content-Transfer-Encoding: 7bit

MOMSN: 3349
MTMSN: 0
Time of Session (UTC): Thu May 17 02:00:32 2012
Session Status: 00 - Transfer OK
Message Size (bytes): 1960

Unit Location: Lat = 49.058916 Long = -16.306167
CEPradius = 7



-- 
This message has been scanned for viruses and
dangerous content by MailScanner, and is
believed to be clean.


--SBD.Boundary.605592468
PROCESS /noc/users/iridburst/exec/irid_300224010734970_upd.pl
Last Run  ----1970-01-01 00:00:00 
MONTH  5 
DATA  xxrecord 2012-05-08 08:00:05 :: $W5M5A,120508,080005,660d0028449ce246,1,DAS 2,4901.4419N,1622.5556W,20.3,95,24.3,14.0,10.3,77.7,6.6,10.4,77.9,6.7,1005.9,2.39,4.79,9.1,27,32*61
 
STATION sbdservice
IRID_ID 300224010734970
BODY 
Content-Type: text/plain;charset=US-ASCII
Content-Disposition: inline
Content-Transfer-Encoding: 7bit

MOMSN: 3350
MTMSN: 0
Time of Session (UTC): Thu May 17 03:00:33 2012
Session Status: 00 - Transfer OK
Message Size (bytes): 1960

Unit Location: Lat = 49.027703 Long = -16.358670
CEPradius = 2



-- 
This message has been scanned for viruses and
dangerous content by MailScanner, and is
believed to be clean.


--SBD.Boundary.605592468
PROCESS /noc/users/iridburst/exec/irid_300224010734970_upd.pl
Last Run  ----1970-01-01 00:00:00 
MONTH  5 
DATA  xxrecord 2012-05-08 08:00:05 :: $W5M5A,120508,080005,660d0028449ce246,1,DAS 2,4901.4419N,1622.5556W,20.3,95,24.3,14.0,10.3,77.7,6.6,10.4,77.9,6.7,1005.9,2.39,4.79,9.1,27,32*61
 
STATION sbdservice
IRID_ID 300224010734970
BODY 
Content-Type: text/plain;charset=US-ASCII
Content-Disposition: inline
Content-Transfer-Encoding: 7bit

MOMSN: 3351
MTMSN: 0
Time of Session (UTC): Thu May 17 04:00:35 2012
Session Status: 00 - Transfer OK
Message Size (bytes): 1960

Unit Location: Lat = 49.043016 Long = -12.029718
CEPradius = 328



-- 
This message has been scanned for viruses and
dangerous content by MailScanner, and is
believed to be clean.


--SBD.Boundary.605592468
PROCESS /noc/users/iridburst/exec/irid_300224010734970_upd.pl
Last Run  ----1970-01-01 00:00:00 
MONTH  5 
DATA  xxrecord 2012-05-08 08:00:05 :: $W5M5A,120508,080005,660d0028449ce246,1,DAS 2,4901.4419N,1622.5556W,20.3,95,24.3,14.0,10.3,77.7,6.6,10.4,77.9,6.7,1005.9,2.39,4.79,9.1,27,32*61
 
STATION sbdservice
IRID_ID 300224010734970
BODY 
Content-Type: text/plain;charset=US-ASCII
Content-Disposition: inline
Content-Transfer-Encoding: 7bit

MOMSN: 3352
MTMSN: 0
Time of Session (UTC): Thu May 17 05:00:32 2012
Session Status: 00 - Transfer OK
Message Size (bytes): 1960

Unit Location: Lat = 49.001651 Long = -16.343277
CEPradius = 3



-- 
This message has been scanned for viruses and
dangerous content by MailScanner, and is
believed to be clean.


--SBD.Boundary.605592468
PROCESS /noc/users/iridburst/exec/irid_300224010734970_upd.pl
Last Run  ----1970-01-01 00:00:00 
MONTH  5 
DATA  xxrecord 2012-05-08 08:00:05 :: $W5M5A,120508,080005,660d0028449ce246,1,DAS 2,4901.4419N,1622.5556W,20.3,95,24.3,14.0,10.3,77.7,6.6,10.4,77.9,6.7,1005.9,2.39,4.79,9.1,27,32*61
 
STATION sbdservice
IRID_ID 300224010734970
BODY 
Content-Type: text/plain;charset=US-ASCII
Content-Disposition: inline
Content-Transfer-Encoding: 7bit

MOMSN: 3353
MTMSN: 0
Time of Session (UTC): Thu May 17 06:00:36 2012
Session Status: 00 - Transfer OK
Message Size (bytes): 1960

Unit Location: Lat = 49.027703 Long = -16.358670
CEPradius = 4



-- 
This message has been scanned for viruses and
dangerous content by MailScanner, and is
believed to be clean.


--SBD.Boundary.605592468
PROCESS /noc/users/iridburst/exec/irid_300224010734970_upd.pl
Last Run  ----1970-01-01 00:00:00 
MONTH  5 
DATA  xxrecord 2012-05-08 08:00:05 :: $W5M5A,120508,080005,660d0028449ce246,1,DAS 2,4901.4419N,1622.5556W,20.3,95,24.3,14.0,10.3,77.7,6.6,10.4,77.9,6.7,1005.9,2.39,4.79,9.1,27,32*61
 
STATION sbdservice
IRID_ID 300224010734970
BODY 
Content-Type: text/plain;charset=US-ASCII
Content-Disposition: inline
Content-Transfer-Encoding: 7bit

MOMSN: 3354
MTMSN: 0
Time of Session (UTC): Thu May 17 07:00:33 2012
Session Status: 00 - Transfer OK
Message Size (bytes): 1960

Unit Location: Lat = 49.035341 Long = -16.306167
CEPradius = 2



-- 
This message has been scanned for viruses and
dangerous content by MailScanner, and is
believed to be clean.


--SBD.Boundary.605592468
PROCESS /noc/users/iridburst/exec/irid_300224010734970_upd.pl
Last Run  ----1970-01-01 00:00:00 
MONTH  5 
DATA  xxrecord 2012-05-08 08:00:05 :: $W5M5A,120508,080005,660d0028449ce246,1,DAS 2,4901.4419N,1622.5556W,20.3,95,24.3,14.0,10.3,77.7,6.6,10.4,77.9,6.7,1005.9,2.39,4.79,9.1,27,32*61
 
STATION sbdservice
IRID_ID 300224010734970
BODY 
Content-Type: text/plain;charset=US-ASCII
Content-Disposition: inline
Content-Transfer-Encoding: 7bit

MOMSN: 3355
MTMSN: 0
Time of Session (UTC): Thu May 17 08:00:41 2012
Session Status: 00 - Transfer OK
Message Size (bytes): 1960

Unit Location: Lat = 49.020042 Long = -16.411144
CEPradius = 2



-- 
This message has been scanned for viruses and
dangerous content by MailScanner, and is
believed to be clean.


--SBD.Boundary.605592468
PROCESS /noc/users/iridburst/exec/irid_300224010734970_upd.pl
Last Run  ----1970-01-01 00:00:00 
MONTH  5 
DATA  xxrecord 2012-05-08 08:00:05 :: $W5M5A,120508,080005,660d0028449ce246,1,DAS 2,4901.4419N,1622.5556W,20.3,95,24.3,14.0,10.3,77.7,6.6,10.4,77.9,6.7,1005.9,2.39,4.79,9.1,27,32*61
 
STATION sbdservice
IRID_ID 300224010734970
BODY 
Content-Type: text/plain;charset=US-ASCII
Content-Disposition: inline
Content-Transfer-Encoding: 7bit

MOMSN: 3356
MTMSN: 0
Time of Session (UTC): Thu May 17 09:00:36 2012
Session Status: 00 - Transfer OK
Message Size (bytes): 1960

Unit Location: Lat = 48.988759 Long = -16.463590
CEPradius = 11



-- 
This message has been scanned for viruses and
dangerous content by MailScanner, and is
believed to be clean.


--SBD.Boundary.605592468
PROCESS /noc/users/iridburst/exec/irid_300224010734970_upd.pl
Last Run  ----1970-01-01 00:00:00 
MONTH  5 
DATA  xxrecord 2012-05-08 08:00:05 :: $W5M5A,120508,080005,660d0028449ce246,1,DAS 2,4901.4419N,1622.5556W,20.3,95,24.3,14.0,10.3,77.7,6.6,10.4,77.9,6.7,1005.9,2.39,4.79,9.1,27,32*61
 
STATION sbdservice
IRID_ID 300224010734970
BODY 
Content-Type: text/plain;charset=US-ASCII
Content-Disposition: inline
Content-Transfer-Encoding: 7bit

MOMSN: 3357
MTMSN: 0
Time of Session (UTC): Thu May 17 10:00:37 2012
Session Status: 00 - Transfer OK
Message Size (bytes): 1960

Unit Location: Lat = 49.001651 Long = -16.343277
CEPradius = 2



-- 
This message has been scanned for viruses and
dangerous content by MailScanner, and is
believed to be clean.


--SBD.Boundary.605592468
PROCESS /noc/users/iridburst/exec/irid_300224010734970_upd.pl
Last Run  ----1970-01-01 00:00:00 
MONTH  5 
DATA  xxrecord 2012-05-08 08:00:05 :: $W5M5A,120508,080005,660d0028449ce246,1,DAS 2,4901.4419N,1622.5556W,20.3,95,24.3,14.0,10.3,77.7,6.6,10.4,77.9,6.7,1005.9,2.39,4.79,9.1,27,32*61
 
STATION sbdservice
IRID_ID 300224010734970
BODY 
Content-Type: text/plain;charset=US-ASCII
Content-Disposition: inline
Content-Transfer-Encoding: 7bit

MOMSN: 3358
MTMSN: 0
Time of Session (UTC): Thu May 17 11:00:31 2012
Session Status: 00 - Transfer OK
Message Size (bytes): 1901

Unit Location: Lat = 49.009277 Long = -16.290818
CEPradius = 2



-- 
This message has been scanned for viruses and
dangerous content by MailScanner, and is
believed to be clean.


--SBD.Boundary.605592468
PROCESS /noc/users/iridburst/exec/irid_300224010734970_upd.pl
Last Run  ----1970-01-01 00:00:00 
MONTH  5 
DATA  xxrecord 2012-05-08 08:00:05 :: $W5M5A,120508,080005,660d0028449ce246,1,DAS 2,4901.4419N,1622.5556W,20.3,95,24.3,14.0,10.3,77.7,6.6,10.4,77.9,6.7,1005.9,2.39,4.79,9.1,27,32*61
 
STATION sbdservice
IRID_ID 300224010734970
BODY 
Content-Type: text/plain;charset=US-ASCII
Content-Disposition: inline
Content-Transfer-Encoding: 7bit

MOMSN: 3359
MTMSN: 0
Time of Session (UTC): Thu May 17 12:00:37 2012
Session Status: 00 - Transfer OK
Message Size (bytes): 1960

Unit Location: Lat = 49.020042 Long = -16.411144
CEPradius = 2



-- 
This message has been scanned for viruses and
dangerous content by MailScanner, and is
believed to be clean.


--SBD.Boundary.605592468
PROCESS /noc/users/iridburst/exec/irid_300224010734970_upd.pl
Last Run  ----1970-01-01 00:00:00 
MONTH  5 
DATA  xxrecord 2012-05-08 08:00:05 :: $W5M5A,120508,080005,660d0028449ce246,1,DAS 2,4901.4419N,1622.5556W,20.3,95,24.3,14.0,10.3,77.7,6.6,10.4,77.9,6.7,1005.9,2.39,4.79,9.1,27,32*61
 
STATION sbdservice
IRID_ID 300224010734970
BODY 
Content-Type: text/plain;charset=US-ASCII
Content-Disposition: inline
Content-Transfer-Encoding: 7bit

MOMSN: 3360
MTMSN: 0
Time of Session (UTC): Thu May 17 13:00:35 2012
Session Status: 00 - Transfer OK
Message Size (bytes): 1951

Unit Location: Lat = 49.258723 Long = -21.535585
CEPradius = 388



-- 
This message has been scanned for viruses and
dangerous content by MailScanner, and is
believed to be clean.


--SBD.Boundary.605592468
PROCESS /noc/users/iridburst/exec/irid_300224010734970_upd.pl
Last Run  ----1970-01-01 00:00:00 
MONTH  5 
DATA  xxrecord 2012-05-08 08:00:05 :: $W5M5A,120508,080005,660d0028449ce246,1,DAS 2,4901.4419N,1622.5556W,20.3,95,24.3,14.0,10.3,77.7,6.6,10.4,77.9,6.7,1005.9,2.39,4.79,9.1,27,32*61
 
STATION sbdservice
IRID_ID 300224010734970
BODY 
Content-Type: text/plain;charset=US-ASCII
Content-Disposition: inline
Content-Transfer-Encoding: 7bit

MOMSN: 3361
MTMSN: 0
Time of Session (UTC): Thu May 17 14:00:38 2012
Session Status: 00 - Transfer OK
Message Size (bytes): 1926

Unit Location: Lat = 49.020042 Long = -16.411144
CEPradius = 4



-- 
This message has been scanned for viruses and
dangerous content by MailScanner, and is
believed to be clean.


--SBD.Boundary.605592468
PROCESS /noc/users/iridburst/exec/irid_300224010734970_upd.pl
Last Run  ----1970-01-01 00:00:00 
MONTH  5 
DATA  xxrecord 2012-05-08 08:00:05 :: $W5M5A,120508,080005,660d0028449ce246,1,DAS 2,4901.4419N,1622.5556W,20.3,95,24.3,14.0,10.3,77.7,6.6,10.4,77.9,6.7,1005.9,2.39,4.79,9.1,27,32*61
 
STATION sbdservice
IRID_ID 300224010734970
BODY 
Content-Type: text/plain;charset=US-ASCII
Content-Disposition: inline
Content-Transfer-Encoding: 7bit

MOMSN: 3362
MTMSN: 0
Time of Session (UTC): Thu May 17 15:00:36 2012
Session Status: 00 - Transfer OK
Message Size (bytes): 1876

Unit Location: Lat = 49.112915 Long = -18.521629
CEPradius = 169



-- 
This message has been scanned for viruses and
dangerous content by MailScanner, and is
believed to be clean.


--SBD.Boundary.605592468
PROCESS /noc/users/iridburst/exec/irid_300224010734970_upd.pl
Last Run  ----1970-01-01 00:00:00 
MONTH  5 
DATA  xxrecord 2012-05-08 08:00:05 :: $W5M5A,120508,080005,660d0028449ce246,1,DAS 2,4901.4419N,1622.5556W,20.3,95,24.3,14.0,10.3,77.7,6.6,10.4,77.9,6.7,1005.9,2.39,4.79,9.1,27,32*61
 
STATION sbdservice
IRID_ID 300224010734970
BODY 
Content-Type: text/plain;charset=US-ASCII
Content-Disposition: inline
Content-Transfer-Encoding: 7bit

MOMSN: 3363
MTMSN: 0
Time of Session (UTC): Thu May 17 16:00:31 2012
Session Status: 00 - Transfer OK
Message Size (bytes): 1803

Unit Location: Lat = 49.077345 Long = -16.374091
CEPradius = 7



-- 
This message has been scanned for viruses and
dangerous content by MailScanner, and is
believed to be clean.


--SBD.Boundary.605592468
PROCESS /noc/users/iridburst/exec/irid_300224010734970_upd.pl
Last Run  ----1970-01-01 00:00:00 
MONTH  5 
DATA  xxrecord 2012-05-08 08:00:05 :: $W5M5A,120508,080005,660d0028449ce246,1,DAS 2,4901.4419N,1622.5556W,20.3,95,24.3,14.0,10.3,77.7,6.6,10.4,77.9,6.7,1005.9,2.39,4.79,9.1,27,32*61
 
STATION sbdservice
IRID_ID 300224010734970
BODY 
Content-Type: text/plain;charset=US-ASCII
Content-Disposition: inline
Content-Transfer-Encoding: 7bit

MOMSN: 3364
MTMSN: 0
Time of Session (UTC): Thu May 17 17:00:39 2012
Session Status: 00 - Transfer OK
Message Size (bytes): 1903

Unit Location: Lat = 49.001651 Long = -16.343277
CEPradius = 5



-- 
This message has been scanned for viruses and
dangerous content by MailScanner, and is
believed to be clean.


--SBD.Boundary.605592468
PROCESS /noc/users/iridburst/exec/irid_300224010734970_upd.pl
Last Run  ----1970-01-01 00:00:00 
MONTH  5 
DATA  xxrecord 2012-05-08 08:00:05 :: $W5M5A,120508,080005,660d0028449ce246,1,DAS 2,4901.4419N,1622.5556W,20.3,95,24.3,14.0,10.3,77.7,6.6,10.4,77.9,6.7,1005.9,2.39,4.79,9.1,27,32*61
 
STATION sbdservice
IRID_ID 300224010734970
BODY 
Content-Type: text/plain;charset=US-ASCII
Content-Disposition: inline
Content-Transfer-Encoding: 7bit

MOMSN: 3365
MTMSN: 0
Time of Session (UTC): Thu May 17 18:00:34 2012
Session Status: 00 - Transfer OK
Message Size (bytes): 1960

Unit Location: Lat = 49.061977 Long = -16.479099
CEPradius = 100



-- 
This message has been scanned for viruses and
dangerous content by MailScanner, and is
believed to be clean.


--SBD.Boundary.605592468
PROCESS /noc/users/iridburst/exec/irid_300224010734970_upd.pl
Last Run  ----1970-01-01 00:00:00 
MONTH  5 
DATA  xxrecord 2012-05-08 08:00:05 :: $W5M5A,120508,080005,660d0028449ce246,1,DAS 2,4901.4419N,1622.5556W,20.3,95,24.3,14.0,10.3,77.7,6.6,10.4,77.9,6.7,1005.9,2.39,4.79,9.1,27,32*61
 
STATION sbdservice
IRID_ID 300224010734970
BODY 
Content-Type: text/plain;charset=US-ASCII
Content-Disposition: inline
Content-Transfer-Encoding: 7bit

MOMSN: 3366
MTMSN: 0
Time of Session (UTC): Thu May 17 19:00:34 2012
Session Status: 00 - Transfer OK
Message Size (bytes): 1960

Unit Location: Lat = 49.027703 Long = -16.358670
CEPradius = 3



-- 
This message has been scanned for viruses and
dangerous content by MailScanner, and is
believed to be clean.


--SBD.Boundary.605592468
PROCESS /noc/users/iridburst/exec/irid_300224010734970_upd.pl
Last Run  ----1970-01-01 00:00:00 
MONTH  5 
DATA  xxrecord 2012-05-08 08:00:05 :: $W5M5A,120508,080005,660d0028449ce246,1,DAS 2,4901.4419N,1622.5556W,20.3,95,24.3,14.0,10.3,77.7,6.6,10.4,77.9,6.7,1005.9,2.39,4.79,9.1,27,32*61
 
STATION sbdservice
IRID_ID 300224010734970
BODY 
Content-Type: text/plain;charset=US-ASCII
Content-Disposition: inline
Content-Transfer-Encoding: 7bit

MOMSN: 3367
MTMSN: 0
Time of Session (UTC): Thu May 17 20:00:33 2012
Session Status: 00 - Transfer OK
Message Size (bytes): 1960

Unit Location: Lat = 49.022945 Long = -16.583993
CEPradius = 79



-- 
This message has been scanned for viruses and
dangerous content by MailScanner, and is
believed to be clean.


--SBD.Boundary.605592468
PROCESS /noc/users/iridburst/exec/irid_300224010734970_upd.pl
Last Run  ----1970-01-01 00:00:00 
MONTH  5 
DATA  xxrecord 2012-05-08 08:00:05 :: $W5M5A,120508,080005,660d0028449ce246,1,DAS 2,4901.4419N,1622.5556W,20.3,95,24.3,14.0,10.3,77.7,6.6,10.4,77.9,6.7,1005.9,2.39,4.79,9.1,27,32*61
 
STATION sbdservice
IRID_ID 300224010734970
BODY 
Content-Type: text/plain;charset=US-ASCII
Content-Disposition: inline
Content-Transfer-Encoding: 7bit

MOMSN: 3368
MTMSN: 0
Time of Session (UTC): Thu May 17 21:00:33 2012
Session Status: 00 - Transfer OK
Message Size (bytes): 1960

Unit Location: Lat = 49.077345 Long = -16.374091
CEPradius = 3



-- 
This message has been scanned for viruses and
dangerous content by MailScanner, and is
believed to be clean.


--SBD.Boundary.605592468
PROCESS /noc/users/iridburst/exec/irid_300224010734970_upd.pl
Last Run  ----1970-01-01 00:00:00 
MONTH  5 
DATA  xxrecord 2012-05-08 08:00:05 :: $W5M5A,120508,080005,660d0028449ce246,1,DAS 2,4901.4419N,1622.5556W,20.3,95,24.3,14.0,10.3,77.7,6.6,10.4,77.9,6.7,1005.9,2.39,4.79,9.1,27,32*61
 
STATION sbdservice
IRID_ID 300224010734970
BODY 
Content-Type: text/plain;charset=US-ASCII
Content-Disposition: inline
Content-Transfer-Encoding: 7bit

MOMSN: 3369
MTMSN: 0
Time of Session (UTC): Thu May 17 22:00:34 2012
Session Status: 00 - Transfer OK
Message Size (bytes): 1960

Unit Location: Lat = 48.991766 Long = -16.793438
CEPradius = 23



-- 
This message has been scanned for viruses and
dangerous content by MailScanner, and is
believed to be clean.


--SBD.Boundary.605592468
PROCESS /noc/users/iridburst/exec/irid_300224010734970_upd.pl
Last Run  ----1970-01-01 00:00:00 
MONTH  5 
DATA  xxrecord 2012-05-08 08:00:05 :: $W5M5A,120508,080005,660d0028449ce246,1,DAS 2,4901.4419N,1622.5556W,20.3,95,24.3,14.0,10.3,77.7,6.6,10.4,77.9,6.7,1005.9,2.39,4.79,9.1,27,32*61
 
STATION sbdservice
IRID_ID 300224010734970
BODY 
Content-Type: text/plain;charset=US-ASCII
Content-Disposition: inline
Content-Transfer-Encoding: 7bit

MOMSN: 3370
MTMSN: 0
Time of Session (UTC): Thu May 17 23:00:34 2012
Session Status: 00 - Transfer OK
Message Size (bytes): 1960

Unit Location: Lat = 49.077345 Long = -16.374091
CEPradius = 5



-- 
This message has been scanned for viruses and
dangerous content by MailScanner, and is
believed to be clean.


--SBD.Boundary.605592468
PROCESS /noc/users/iridburst/exec/irid_300224010734970_upd.pl
Last Run  ----1970-01-01 00:00:00 
MONTH  5 
DATA  xxrecord 2012-05-08 08:00:05 :: $W5M5A,120508,080005,660d0028449ce246,1,DAS 2,4901.4419N,1622.5556W,20.3,95,24.3,14.0,10.3,77.7,6.6,10.4,77.9,6.7,1005.9,2.39,4.79,9.1,27,32*61
 
STATION sbdservice
IRID_ID 300224010734970
BODY 
Content-Type: text/plain;charset=US-ASCII
Content-Disposition: inline
Content-Transfer-Encoding: 7bit

MOMSN: 3371
MTMSN: 0
Time of Session (UTC): Fri May 18 00:00:33 2012
Session Status: 00 - Transfer OK
Message Size (bytes): 1960

Unit Location: Lat = 49.035341 Long = -16.306167
CEPradius = 3



-- 
This message has been scanned for viruses and
dangerous content by MailScanner, and is
believed to be clean.


--SBD.Boundary.605592468
PROCESS /noc/users/iridburst/exec/irid_300224010734970_upd.pl
Last Run  ----1970-01-01 00:00:00 
MONTH  5 
DATA  xxrecord 2012-05-08 08:00:05 :: $W5M5A,120508,080005,660d0028449ce246,1,DAS 2,4901.4419N,1622.5556W,20.3,95,24.3,14.0,10.3,77.7,6.6,10.4,77.9,6.7,1005.9,2.39,4.79,9.1,27,32*61
 
STATION sbdservice
IRID_ID 300224010734970
BODY 
Content-Type: text/plain;charset=US-ASCII
Content-Disposition: inline
Content-Transfer-Encoding: 7bit

MOMSN: 3372
MTMSN: 0
Time of Session (UTC): Fri May 18 01:00:35 2012
Session Status: 00 - Transfer OK
Message Size (bytes): 1960

Unit Location: Lat = 49.035341 Long = -16.306167
CEPradius = 2



-- 
This message has been scanned for viruses and
dangerous content by MailScanner, and is
believed to be clean.


--SBD.Boundary.605592468
PROCESS /noc/users/iridburst/exec/irid_300224010734970_upd.pl
Last Run  ----1970-01-01 00:00:00 
MONTH  5 
DATA  xxrecord 2012-05-08 08:00:05 :: $W5M5A,120508,080005,660d0028449ce246,1,DAS 2,4901.4419N,1622.5556W,20.3,95,24.3,14.0,10.3,77.7,6.6,10.4,77.9,6.7,1005.9,2.39,4.79,9.1,27,32*61
 
STATION sbdservice
IRID_ID 300224010734970
BODY 
Content-Type: text/plain;charset=US-ASCII
Content-Disposition: inline
Content-Transfer-Encoding: 7bit

MOMSN: 3373
MTMSN: 0
Time of Session (UTC): Fri May 18 02:00:32 2012
Session Status: 00 - Transfer OK
Message Size (bytes): 1960

Unit Location: Lat = 49.203188 Long = -12.743375
CEPradius = 273



-- 
This message has been scanned for viruses and
dangerous content by MailScanner, and is
believed to be clean.


--SBD.Boundary.605592468
PROCESS /noc/users/iridburst/exec/irid_300224010734970_upd.pl
Last Run  ----1970-01-01 00:00:00 
MONTH  5 
DATA  xxrecord 2012-05-08 08:00:05 :: $W5M5A,120508,080005,660d0028449ce246,1,DAS 2,4901.4419N,1622.5556W,20.3,95,24.3,14.0,10.3,77.7,6.6,10.4,77.9,6.7,1005.9,2.39,4.79,9.1,27,32*61
 
STATION sbdservice
IRID_ID 300224010734970
BODY 
Content-Type: text/plain;charset=US-ASCII
Content-Disposition: inline
Content-Transfer-Encoding: 7bit

MOMSN: 3374
MTMSN: 0
Time of Session (UTC): Fri May 18 03:00:35 2012
Session Status: 00 - Transfer OK
Message Size (bytes): 1949

Unit Location: Lat = 49.001651 Long = -16.343277
CEPradius = 6



-- 
This message has been scanned for viruses and
dangerous content by MailScanner, and is
believed to be clean.


--SBD.Boundary.605592468
PROCESS /noc/users/iridburst/exec/irid_300224010734970_upd.pl
Last Run  ----1970-01-01 00:00:00 
MONTH  5 
DATA  xxrecord 2012-05-08 08:00:05 :: $W5M5A,120508,080005,660d0028449ce246,1,DAS 2,4901.4419N,1622.5556W,20.3,95,24.3,14.0,10.3,77.7,6.6,10.4,77.9,6.7,1005.9,2.39,4.79,9.1,27,32*61
 
STATION sbdservice
IRID_ID 300224010734970
BODY 
Content-Type: text/plain;charset=US-ASCII
Content-Disposition: inline
Content-Transfer-Encoding: 7bit

MOMSN: 3375
MTMSN: 0
Time of Session (UTC): Fri May 18 04:00:33 2012
Session Status: 00 - Transfer OK
Message Size (bytes): 1960

Unit Location: Lat = 49.001651 Long = -16.343277
CEPradius = 9



-- 
This message has been scanned for viruses and
dangerous content by MailScanner, and is
believed to be clean.


--SBD.Boundary.605592468
PROCESS /noc/users/iridburst/exec/irid_300224010734970_upd.pl
Last Run  ----1970-01-01 00:00:00 
MONTH  5 
DATA  xxrecord 2012-05-08 08:00:05 :: $W5M5A,120508,080005,660d0028449ce246,1,DAS 2,4901.4419N,1622.5556W,20.3,95,24.3,14.0,10.3,77.7,6.6,10.4,77.9,6.7,1005.9,2.39,4.79,9.1,27,32*61
 
STATION sbdservice
IRID_ID 300224010734970
BODY 
Content-Type: text/plain;charset=US-ASCII
Content-Disposition: inline
Content-Transfer-Encoding: 7bit

MOMSN: 3376
MTMSN: 0
Time of Session (UTC): Fri May 18 05:00:39 2012
Session Status: 00 - Transfer OK
Message Size (bytes): 1960

Unit Location: Lat = 49.035341 Long = -16.306167
CEPradius = 2



-- 
This message has been scanned for viruses and
dangerous content by MailScanner, and is
believed to be clean.


--SBD.Boundary.605592468
PROCESS /noc/users/iridburst/exec/irid_300224010734970_upd.pl
Last Run  ----1970-01-01 00:00:00 
MONTH  5 
DATA  xxrecord 2012-05-08 08:00:05 :: $W5M5A,120508,080005,660d0028449ce246,1,DAS 2,4901.4419N,1622.5556W,20.3,95,24.3,14.0,10.3,77.7,6.6,10.4,77.9,6.7,1005.9,2.39,4.79,9.1,27,32*61
 
STATION sbdservice
IRID_ID 300224010734970
BODY 
Content-Type: text/plain;charset=US-ASCII
Content-Disposition: inline
Content-Transfer-Encoding: 7bit

MOMSN: 3377
MTMSN: 0
Time of Session (UTC): Fri May 18 06:00:36 2012
Session Status: 00 - Transfer OK
Message Size (bytes): 1960

Unit Location: Lat = 49.020042 Long = -16.411144
CEPradius = 2



-- 
This message has been scanned for viruses and
dangerous content by MailScanner, and is
believed to be clean.


--SBD.Boundary.605592468
PROCESS /noc/users/iridburst/exec/irid_300224010734970_upd.pl
Last Run  ----1970-01-01 00:00:00 
MONTH  5 
DATA  xxrecord 2012-05-08 08:00:05 :: $W5M5A,120508,080005,660d0028449ce246,1,DAS 2,4901.4419N,1622.5556W,20.3,95,24.3,14.0,10.3,77.7,6.6,10.4,77.9,6.7,1005.9,2.39,4.79,9.1,27,32*61
 
STATION sbdservice
IRID_ID 300224010734970
BODY 
Content-Type: text/plain;charset=US-ASCII
Content-Disposition: inline
Content-Transfer-Encoding: 7bit

MOMSN: 3378
MTMSN: 0
Time of Session (UTC): Fri May 18 07:00:36 2012
Session Status: 00 - Transfer OK
Message Size (bytes): 1960

Unit Location: Lat = 49.020042 Long = -16.411144
CEPradius = 3



-- 
This message has been scanned for viruses and
dangerous content by MailScanner, and is
believed to be clean.


--SBD.Boundary.605592468
PROCESS /noc/users/iridburst/exec/irid_300224010734970_upd.pl
Last Run  ----1970-01-01 00:00:00 
MONTH  5 
DATA  xxrecord 2012-05-08 08:00:05 :: $W5M5A,120508,080005,660d0028449ce246,1,DAS 2,4901.4419N,1622.5556W,20.3,95,24.3,14.0,10.3,77.7,6.6,10.4,77.9,6.7,1005.9,2.39,4.79,9.1,27,32*61
 
STATION sbdservice
IRID_ID 300224010734970
BODY 
Content-Type: text/plain;charset=US-ASCII
Content-Disposition: inline
Content-Transfer-Encoding: 7bit

MOMSN: 3379
MTMSN: 0
Time of Session (UTC): Fri May 18 08:00:40 2012
Session Status: 00 - Transfer OK
Message Size (bytes): 1960

Unit Location: Lat = 49.001651 Long = -16.343277
CEPradius = 3



-- 
This message has been scanned for viruses and
dangerous content by MailScanner, and is
believed to be clean.


--SBD.Boundary.605592468
PROCESS /noc/users/iridburst/exec/irid_300224010734970_upd.pl
Last Run  ----1970-01-01 00:00:00 
MONTH  5 
DATA  xxrecord 2012-05-08 08:00:05 :: $W5M5A,120508,080005,660d0028449ce246,1,DAS 2,4901.4419N,1622.5556W,20.3,95,24.3,14.0,10.3,77.7,6.6,10.4,77.9,6.7,1005.9,2.39,4.79,9.1,27,32*61
 
STATION sbdservice
IRID_ID 300224010734970
BODY 
Content-Type: text/plain;charset=US-ASCII
Content-Disposition: inline
Content-Transfer-Encoding: 7bit

MOMSN: 3380
MTMSN: 0
Time of Session (UTC): Fri May 18 09:00:36 2012
Session Status: 00 - Transfer OK
Message Size (bytes): 1960

Unit Location: Lat = 49.001651 Long = -16.343277
CEPradius = 2



-- 
This message has been scanned for viruses and
dangerous content by MailScanner, and is
believed to be clean.


--SBD.Boundary.605592468
PROCESS /noc/users/iridburst/exec/irid_300224010734970_upd.pl
Last Run  ----1970-01-01 00:00:00 
MONTH  5 
DATA  xxrecord 2012-05-08 08:00:05 :: $W5M5A,120508,080005,660d0028449ce246,1,DAS 2,4901.4419N,1622.5556W,20.3,95,24.3,14.0,10.3,77.7,6.6,10.4,77.9,6.7,1005.9,2.39,4.79,9.1,27,32*61
 
STATION sbdservice
IRID_ID 300224010734970
BODY 
Content-Type: text/plain;charset=US-ASCII
Content-Disposition: inline
Content-Transfer-Encoding: 7bit

MOMSN: 3381
MTMSN: 0
Time of Session (UTC): Fri May 18 10:00:36 2012
Session Status: 00 - Transfer OK
Message Size (bytes): 1960

Unit Location: Lat = 49.020042 Long = -16.411144
CEPradius = 2



-- 
This message has been scanned for viruses and
dangerous content by MailScanner, and is
believed to be clean.


--SBD.Boundary.605592468
PROCESS /noc/users/iridburst/exec/irid_300224010734970_upd.pl
Last Run  ----1970-01-01 00:00:00 
MONTH  5 
DATA  xxrecord 2012-05-08 08:00:05 :: $W5M5A,120508,080005,660d0028449ce246,1,DAS 2,4901.4419N,1622.5556W,20.3,95,24.3,14.0,10.3,77.7,6.6,10.4,77.9,6.7,1005.9,2.39,4.79,9.1,27,32*61
 
STATION sbdservice
IRID_ID 300224010734970
BODY 
Content-Type: text/plain;charset=US-ASCII
Content-Disposition: inline
Content-Transfer-Encoding: 7bit

MOMSN: 3382
MTMSN: 0
Time of Session (UTC): Fri May 18 11:00:36 2012
Session Status: 00 - Transfer OK
Message Size (bytes): 1960

Unit Location: Lat = 49.035341 Long = -16.306167
CEPradius = 5



-- 
This message has been scanned for viruses and
dangerous content by MailScanner, and is
believed to be clean.


--SBD.Boundary.605592468
PROCESS /noc/users/iridburst/exec/irid_300224010734970_upd.pl
Last Run  ----1970-01-01 00:00:00 
MONTH  5 
DATA  xxrecord 2012-05-08 08:00:05 :: $W5M5A,120508,080005,660d0028449ce246,1,DAS 2,4901.4419N,1622.5556W,20.3,95,24.3,14.0,10.3,77.7,6.6,10.4,77.9,6.7,1005.9,2.39,4.79,9.1,27,32*61
 
STATION sbdservice
IRID_ID 300224010734970
BODY 
Content-Type: text/plain;charset=US-ASCII
Content-Disposition: inline
Content-Transfer-Encoding: 7bit

MOMSN: 3383
MTMSN: 0
Time of Session (UTC): Fri May 18 12:00:34 2012
Session Status: 00 - Transfer OK
Message Size (bytes): 1960

Unit Location: Lat = 49.001651 Long = -16.343277
CEPradius = 3



-- 
This message has been scanned for viruses and
dangerous content by MailScanner, and is
believed to be clean.


--SBD.Boundary.605592468
PROCESS /noc/users/iridburst/exec/irid_300224010734970_upd.pl
Last Run  ----1970-01-01 00:00:00 
MONTH  5 
DATA  xxrecord 2012-05-08 08:00:05 :: $W5M5A,120508,080005,660d0028449ce246,1,DAS 2,4901.4419N,1622.5556W,20.3,95,24.3,14.0,10.3,77.7,6.6,10.4,77.9,6.7,1005.9,2.39,4.79,9.1,27,32*61
 
STATION sbdservice
IRID_ID 300224010734970
BODY 
Content-Type: text/plain;charset=US-ASCII
Content-Disposition: inline
Content-Transfer-Encoding: 7bit

MOMSN: 3384
MTMSN: 0
Time of Session (UTC): Fri May 18 13:00:34 2012
Session Status: 00 - Transfer OK
Message Size (bytes): 1960

Unit Location: Lat = 48.994004 Long = -16.395707
CEPradius = 7



-- 
This message has been scanned for viruses and
dangerous content by MailScanner, and is
believed to be clean.


--SBD.Boundary.605592468
PROCESS /noc/users/iridburst/exec/irid_300224010734970_upd.pl
Last Run  ----1970-01-01 00:00:00 
MONTH  5 
DATA  xxrecord 2012-05-08 08:00:05 :: $W5M5A,120508,080005,660d0028449ce246,1,DAS 2,4901.4419N,1622.5556W,20.3,95,24.3,14.0,10.3,77.7,6.6,10.4,77.9,6.7,1005.9,2.39,4.79,9.1,27,32*61
 
STATION sbdservice
IRID_ID 300224010734970
BODY 
Content-Type: text/plain;charset=US-ASCII
Content-Disposition: inline
Content-Transfer-Encoding: 7bit

MOMSN: 3385
MTMSN: 0
Time of Session (UTC): Fri May 18 14:00:35 2012
Session Status: 00 - Transfer OK
Message Size (bytes): 1949

Unit Location: Lat = 49.001651 Long = -16.343277
CEPradius = 4



-- 
This message has been scanned for viruses and
dangerous content by MailScanner, and is
believed to be clean.


--SBD.Boundary.605592468
PROCESS /noc/users/iridburst/exec/irid_300224010734970_upd.pl
Last Run  ----1970-01-01 00:00:00 
MONTH  5 
DATA  xxrecord 2012-05-08 08:00:05 :: $W5M5A,120508,080005,660d0028449ce246,1,DAS 2,4901.4419N,1622.5556W,20.3,95,24.3,14.0,10.3,77.7,6.6,10.4,77.9,6.7,1005.9,2.39,4.79,9.1,27,32*61
 
STATION sbdservice
IRID_ID 300224010734970
BODY 
Content-Type: text/plain;charset=US-ASCII
Content-Disposition: inline
Content-Transfer-Encoding: 7bit

MOMSN: 3386
MTMSN: 0
Time of Session (UTC): Fri May 18 15:00:32 2012
Session Status: 00 - Transfer OK
Message Size (bytes): 1960

Unit Location: Lat = 49.035341 Long = -16.306167
CEPradius = 3



-- 
This message has been scanned for viruses and
dangerous content by MailScanner, and is
believed to be clean.


--SBD.Boundary.605592468
PROCESS /noc/users/iridburst/exec/irid_300224010734970_upd.pl
Last Run  ----1970-01-01 00:00:00 
MONTH  5 
DATA  xxrecord 2012-05-08 08:00:05 :: $W5M5A,120508,080005,660d0028449ce246,1,DAS 2,4901.4419N,1622.5556W,20.3,95,24.3,14.0,10.3,77.7,6.6,10.4,77.9,6.7,1005.9,2.39,4.79,9.1,27,32*61
 
STATION sbdservice
IRID_ID 300224010734970
BODY 
Content-Type: text/plain;charset=US-ASCII
Content-Disposition: inline
Content-Transfer-Encoding: 7bit

MOMSN: 3387
MTMSN: 0
Time of Session (UTC): Fri May 18 16:00:44 2012
Session Status: 00 - Transfer OK
Message Size (bytes): 1922

Unit Location: Lat = 49.001651 Long = -16.343277
CEPradius = 7



-- 
This message has been scanned for viruses and
dangerous content by MailScanner, and is
believed to be clean.


--SBD.Boundary.605592468
PROCESS /noc/users/iridburst/exec/irid_300224010734970_upd.pl
Last Run  ----1970-01-01 00:00:00 
MONTH  5 
DATA  xxrecord 2012-05-08 08:00:05 :: $W5M5A,120508,080005,660d0028449ce246,1,DAS 2,4901.4419N,1622.5556W,20.3,95,24.3,14.0,10.3,77.7,6.6,10.4,77.9,6.7,1005.9,2.39,4.79,9.1,27,32*61
 
STATION sbdservice
IRID_ID 300224010734970
BODY 
Content-Type: text/plain;charset=US-ASCII
Content-Disposition: inline
Content-Transfer-Encoding: 7bit

MOMSN: 3388
MTMSN: 0
Time of Session (UTC): Fri May 18 17:00:38 2012
Session Status: 00 - Transfer OK
Message Size (bytes): 1960

Unit Location: Lat = 49.051278 Long = -16.358670
CEPradius = 3



-- 
This message has been scanned for viruses and
dangerous content by MailScanner, and is
believed to be clean.


--SBD.Boundary.605592468
PROCESS /noc/users/iridburst/exec/irid_300224010734970_upd.pl
Last Run  ----1970-01-01 00:00:00 
MONTH  5 
DATA  xxrecord 2012-05-08 08:00:05 :: $W5M5A,120508,080005,660d0028449ce246,1,DAS 2,4901.4419N,1622.5556W,20.3,95,24.3,14.0,10.3,77.7,6.6,10.4,77.9,6.7,1005.9,2.39,4.79,9.1,27,32*61
 
STATION sbdservice
IRID_ID 300224010734970
BODY 
Content-Type: text/plain;charset=US-ASCII
Content-Disposition: inline
Content-Transfer-Encoding: 7bit

MOMSN: 3389
MTMSN: 0
Time of Session (UTC): Fri May 18 18:00:36 2012
Session Status: 00 - Transfer OK
Message Size (bytes): 1945

Unit Location: Lat = 49.027164 Long = -19.421814
CEPradius = 231



-- 
This message has been scanned for viruses and
dangerous content by MailScanner, and is
believed to be clean.


--SBD.Boundary.605592468
PROCESS /noc/users/iridburst/exec/irid_300224010734970_upd.pl
Last Run  ----1970-01-01 00:00:00 
MONTH  5 
DATA  xxrecord 2012-05-08 08:00:05 :: $W5M5A,120508,080005,660d0028449ce246,1,DAS 2,4901.4419N,1622.5556W,20.3,95,24.3,14.0,10.3,77.7,6.6,10.4,77.9,6.7,1005.9,2.39,4.79,9.1,27,32*61
 
STATION sbdservice
IRID_ID 300224010734970
BODY 
Content-Type: text/plain;charset=US-ASCII
Content-Disposition: inline
Content-Transfer-Encoding: 7bit

MOMSN: 3390
MTMSN: 0
Time of Session (UTC): Fri May 18 19:00:33 2012
Session Status: 00 - Transfer OK
Message Size (bytes): 1896

Unit Location: Lat = 49.027703 Long = -16.358670
CEPradius = 2



-- 
This message has been scanned for viruses and
dangerous content by MailScanner, and is
believed to be clean.


--SBD.Boundary.605592468
PROCESS /noc/users/iridburst/exec/irid_300224010734970_upd.pl
Last Run  ----1970-01-01 00:00:00 
MONTH  5 
DATA  xxrecord 2012-05-08 08:00:05 :: $W5M5A,120508,080005,660d0028449ce246,1,DAS 2,4901.4419N,1622.5556W,20.3,95,24.3,14.0,10.3,77.7,6.6,10.4,77.9,6.7,1005.9,2.39,4.79,9.1,27,32*61
 
STATION sbdservice
IRID_ID 300224010734970
BODY 
Content-Type: text/plain;charset=US-ASCII
Content-Disposition: inline
Content-Transfer-Encoding: 7bit

MOMSN: 3391
MTMSN: 0
Time of Session (UTC): Fri May 18 20:00:32 2012
Session Status: 00 - Transfer OK
Message Size (bytes): 1949

Unit Location: Lat = 48.955928 Long = -18.694204
CEPradius = 184



-- 
This message has been scanned for viruses and
dangerous content by MailScanner, and is
believed to be clean.


--SBD.Boundary.605592468
PROCESS /noc/users/iridburst/exec/irid_300224010734970_upd.pl
Last Run  ----1970-01-01 00:00:00 
MONTH  5 
DATA  xxrecord 2012-05-08 08:00:05 :: $W5M5A,120508,080005,660d0028449ce246,1,DAS 2,4901.4419N,1622.5556W,20.3,95,24.3,14.0,10.3,77.7,6.6,10.4,77.9,6.7,1005.9,2.39,4.79,9.1,27,32*61
 
STATION sbdservice
IRID_ID 300224010734970
BODY 
Content-Type: text/plain;charset=US-ASCII
Content-Disposition: inline
Content-Transfer-Encoding: 7bit

MOMSN: 3392
MTMSN: 0
Time of Session (UTC): Fri May 18 21:00:33 2012
Session Status: 00 - Transfer OK
Message Size (bytes): 1960

Unit Location: Lat = 49.020042 Long = -16.411144
CEPradius = 2



-- 
This message has been scanned for viruses and
dangerous content by MailScanner, and is
believed to be clean.


--SBD.Boundary.605592468
PROCESS /noc/users/iridburst/exec/irid_300224010734970_upd.pl
Last Run  ----1970-01-01 00:00:00 
MONTH  5 
DATA  xxrecord 2012-05-08 08:00:05 :: $W5M5A,120508,080005,660d0028449ce246,1,DAS 2,4901.4419N,1622.5556W,20.3,95,24.3,14.0,10.3,77.7,6.6,10.4,77.9,6.7,1005.9,2.39,4.79,9.1,27,32*61
 
STATION sbdservice
IRID_ID 300224010734970
BODY 
Content-Type: text/plain;charset=US-ASCII
Content-Disposition: inline
Content-Transfer-Encoding: 7bit

MOMSN: 3393
MTMSN: 0
Time of Session (UTC): Fri May 18 22:00:34 2012
Session Status: 00 - Transfer OK
Message Size (bytes): 1945

Unit Location: Lat = 49.059473 Long = -15.907815
CEPradius = 100



-- 
This message has been scanned for viruses and
dangerous content by MailScanner, and is
believed to be clean.


--SBD.Boundary.605592468
PROCESS /noc/users/iridburst/exec/irid_300224010734970_upd.pl
Last Run  ----1970-01-01 00:00:00 
MONTH  5 
DATA  xxrecord 2012-05-08 08:00:05 :: $W5M5A,120508,080005,660d0028449ce246,1,DAS 2,4901.4419N,1622.5556W,20.3,95,24.3,14.0,10.3,77.7,6.6,10.4,77.9,6.7,1005.9,2.39,4.79,9.1,27,32*61
 
STATION sbdservice
IRID_ID 300224010734970
BODY 
Content-Type: text/plain;charset=US-ASCII
Content-Disposition: inline
Content-Transfer-Encoding: 7bit

MOMSN: 3394
MTMSN: 0
Time of Session (UTC): Fri May 18 23:00:32 2012
Session Status: 00 - Transfer OK
Message Size (bytes): 1960

Unit Location: Lat = 49.035341 Long = -16.306167
CEPradius = 2



-- 
This message has been scanned for viruses and
dangerous content by MailScanner, and is
believed to be clean.


--SBD.Boundary.605592468
PROCESS /noc/users/iridburst/exec/irid_300224010734970_upd.pl
Last Run  ----1970-01-01 00:00:00 
MONTH  5 
DATA  xxrecord 2012-05-08 08:00:05 :: $W5M5A,120508,080005,660d0028449ce246,1,DAS 2,4901.4419N,1622.5556W,20.3,95,24.3,14.0,10.3,77.7,6.6,10.4,77.9,6.7,1005.9,2.39,4.79,9.1,27,32*61
 
STATION sbdservice
IRID_ID 300224010734970
BODY 
Content-Type: text/plain;charset=US-ASCII
Content-Disposition: inline
Content-Transfer-Encoding: 7bit

MOMSN: 3395
MTMSN: 0
Time of Session (UTC): Sat May 19 00:00:34 2012
Session Status: 00 - Transfer OK
Message Size (bytes): 1960

Unit Location: Lat = 49.065908 Long = -15.456728
CEPradius = 95



-- 
This message has been scanned for viruses and
dangerous content by MailScanner, and is
believed to be clean.


--SBD.Boundary.605592468
PROCESS /noc/users/iridburst/exec/irid_300224010734970_upd.pl
Last Run  ----1970-01-01 00:00:00 
MONTH  5 
DATA  xxrecord 2012-05-08 08:00:05 :: $W5M5A,120508,080005,660d0028449ce246,1,DAS 2,4901.4419N,1622.5556W,20.3,95,24.3,14.0,10.3,77.7,6.6,10.4,77.9,6.7,1005.9,2.39,4.79,9.1,27,32*61
 
STATION sbdservice
IRID_ID 300224010734970
BODY 
Content-Type: text/plain;charset=US-ASCII
Content-Disposition: inline
Content-Transfer-Encoding: 7bit

MOMSN: 3396
MTMSN: 0
Time of Session (UTC): Sat May 19 01:00:36 2012
Session Status: 00 - Transfer OK
Message Size (bytes): 1960

Unit Location: Lat = 49.020042 Long = -16.411144
CEPradius = 2



-- 
This message has been scanned for viruses and
dangerous content by MailScanner, and is
believed to be clean.


--SBD.Boundary.605592468
PROCESS /noc/users/iridburst/exec/irid_300224010734970_upd.pl
Last Run  ----1970-01-01 00:00:00 
MONTH  5 
DATA  xxrecord 2012-05-08 08:00:05 :: $W5M5A,120508,080005,660d0028449ce246,1,DAS 2,4901.4419N,1622.5556W,20.3,95,24.3,14.0,10.3,77.7,6.6,10.4,77.9,6.7,1005.9,2.39,4.79,9.1,27,32*61
 
STATION sbdservice
IRID_ID 300224010734970
BODY 
Content-Type: text/plain;charset=US-ASCII
Content-Disposition: inline
Content-Transfer-Encoding: 7bit

MOMSN: 3397
MTMSN: 0
Time of Session (UTC): Sat May 19 02:00:38 2012
Session Status: 00 - Transfer OK
Message Size (bytes): 1895

Unit Location: Lat = 49.098539 Long = -14.793764
CEPradius = 144



-- 
This message has been scanned for viruses and
dangerous content by MailScanner, and is
believed to be clean.


--SBD.Boundary.605592468
PROCESS /noc/users/iridburst/exec/irid_300224010734970_upd.pl
Last Run  ----1970-01-01 00:00:00 
MONTH  5 
DATA  xxrecord 2012-05-08 08:00:05 :: $W5M5A,120508,080005,660d0028449ce246,1,DAS 2,4901.4419N,1622.5556W,20.3,95,24.3,14.0,10.3,77.7,6.6,10.4,77.9,6.7,1005.9,2.39,4.79,9.1,27,32*61
 
STATION sbdservice
IRID_ID 300224010734970
BODY 
Content-Type: text/plain;charset=US-ASCII
Content-Disposition: inline
Content-Transfer-Encoding: 7bit

MOMSN: 3398
MTMSN: 0
Time of Session (UTC): Sat May 19 03:00:32 2012
Session Status: 00 - Transfer OK
Message Size (bytes): 1849

Unit Location: Lat = 49.051278 Long = -16.358670
CEPradius = 3



-- 
This message has been scanned for viruses and
dangerous content by MailScanner, and is
believed to be clean.


--SBD.Boundary.605592468
PROCESS /noc/users/iridburst/exec/irid_300224010734970_upd.pl
Last Run  ----1970-01-01 00:00:00 
MONTH  5 
DATA  xxrecord 2012-05-08 08:00:05 :: $W5M5A,120508,080005,660d0028449ce246,1,DAS 2,4901.4419N,1622.5556W,20.3,95,24.3,14.0,10.3,77.7,6.6,10.4,77.9,6.7,1005.9,2.39,4.79,9.1,27,32*61
 
STATION sbdservice
IRID_ID 300224010734970
BODY 
Content-Type: text/plain;charset=US-ASCII
Content-Disposition: inline
Content-Transfer-Encoding: 7bit

MOMSN: 3399
MTMSN: 0
Time of Session (UTC): Sat May 19 04:00:37 2012
Session Status: 13 - Incomplete Transfer
Message Size (bytes): 0

Unit Location: Lat = 48.981364 Long = -14.022987
CEPradius = 183



-- 
This message has been scanned for viruses and
dangerous content by MailScanner, and is
believed to be clean.


--SBD.Boundary.605592468
PROCESS /noc/users/iridburst/exec/irid_300224010734970_upd.pl
Last Run  ----1970-01-01 00:00:00 
MONTH  5 
DATA  xxrecord 2012-05-08 08:00:05 :: $W5M5A,120508,080005,660d0028449ce246,1,DAS 2,4901.4419N,1622.5556W,20.3,95,24.3,14.0,10.3,77.7,6.6,10.4,77.9,6.7,1005.9,2.39,4.79,9.1,27,32*61
 
STATION sbdservice
IRID_ID 300224010734970
BODY 
Content-Type: application/x-zip-compressed; name="SBMmessage.sbd"
Content-Disposition: attachment; filename="300224010734970_003399.sbd"
Content-Transfer-Encoding: base64

JFc1TTVBLDEyMDUxOSwwNDAwMDUsNjYwZDAwMjg0NDljZTI0NiwxLERBUyAy
LDQ5MDEuNjYyMk4sMTYyMS44ODg2VywyMy41LDM1OCwzMS4zLDE0LjMsMTAu
Myw4NS45LDguMSwxMC40LDg1LjYsOC4xLDEwMTMuOSwzLjU0LDUuMzIsOS41
LDExLDM1KjVFDQoNCiRXNU01QSwxMjA1MTksMDQwMDA1LDY2MGQwMDI4NDQ5
Y2UyNDYsMixEQVMgMiwxMi45LDEzLjEsMC4yLDAuNCwwLjAxLDEwOTgsMTEw
NSwxNTYsNjI4LDAsMzIuMCwxNC42Niw5MjcqNTANCg0KJFc1TTVBLDEyMDUx
OSwwNDAwMDUsNjYwZDAwMjg0NDljZTI0NiwzLDdGMDA3NDAyM0EwMDAwNTMz
MjMwMzEzMjMwMzUzMTM5MzAzMzM0MzAzMDMwNTU1QTAwMzEzMjMwMzUzMTM5
MzAzMzM0MzAyQzU0NDE0MjMwMzAzMDMwMzAyQzJEMzAzNTMxMkUzMTJDMkMz
MTMyMkUzNDM1MkMzNDJFMzAyQzMzMzYzMDMwMkMzNjMwMkMzNjMwMkMzMTJD
MzAzMDM1MzczMDJDMzMyRTM0MzIyQzMxMkUzMjM2MkMzMTMxMkMzMDJDMzAy
RTMxMzczMjJDMkIzMDMwMkUzMDBEMEFCNzEwMjA4OEEwMTM3RjAwNjcwMjNB
MDAwMDU3MzIzMDMxMzIzMDM1MzEzOTMwMzMzNDMwMzAzMEZGNEQwMDAwODBG
QjQ0MDBDMDAxNDQwMEQwMDQ0NzAwMDBFNDQyMDEwMTBENDA3QzU2REY0MDVB
NDVBQTQwMUU5RjYyNDBGQUJBMDY0MUE3OUE4RDQwNjExNzAyNDFGOTc2REU0
MDg2NjExODQxQUQyNjE1NDFEMTNFNjg0MEIwQUQzMDQxRDdEMjBCNDIwMDkx
MTMzRDhGMUJBQTFBRDg2QzdGMDI2NjAyM0EwMDAwNEI1NjQ4MjAzNzMyMzAz
MTMyMzAzNTMxMzkzMDMzMzQzMDMwMzAyRjAwMDAwMDk5OTk5OTNEMEFEN0Ez
M0JBREFEMzA0MUQ1RDIwQjQyQkIzRENDNDE4NzU1Njk0MkMxMkVGODQxOENF
NjUzNDI3Mjk0Q0M0MTY5NjMxQjQyRUI2MUI5NDEzMDhBREI0MTM5RDBDMDQx
QTYwRUQ0NDE5OEE1OTg0MUEyMDVDRDQxOTMxNjQ4NDE0NjNDQjM0MUEwMUMw
MjQxNzkzQURDNDE1ODY0MDU0MTgwRjMxNjQyMDQ2ODhENDFGMjgyMzA0MkUy
RkQyQTQxOTM2RjM1NDJGNTQ5MDg0MEQ4QjgxNTQyRUE0RTZDNDAzQzMxMDk0
MjU4MzgyRTQxOTgwMzFGNDIzRUM5QTk0MTE0NUIxRTQyQ0YzOEI1NDE4QUFE
MjU0MjQ3N0Y0RTQxNDAxMzI5NDI4RTkwMDE0MTNCQzIyNzQyMTM4NUI3M0Y0
MEQyMTM0MjY3MzY0NzQwMjMyOEY4NDFEREYxMDA0MUQ1RTFERDQxM0EzQzc2
NDE0NDJCRjY0MUI1NTlDMjQxRThDODIzNDJGN0RGQTE0MThDODQ1MjQyMUM2
RTFGNDE0RUU2NTU0MjFFNDY5RTQxNUFFRDNCNDJCOUZGQjI0MTg0MDMzODQy
QUQxMzE5NDE5NkYwM0U0MjJGRDZCMzQzOTg1RjQwNDIyNDhEQUQ0M0E0Mjc1
MDQyMjYyMEE2NDM1NzcwNjI0MjE0MkRBRjQzRDY3QjY5NDIwQTNGODgzRkRG
MUE2NDQyRkM4RDFCNDA3MkE2ODA0MjdBRkFCMDQzRkFCNDhENDJGNEQ4QjE0
MzRCMEI4NjQyNzYzOTVGNDE4MDkyN0Q0MkFFRjdCQzQxNDA0NzgwNDIyNDk5
M0Q0MTNBM0Q4NTQyQUVCRjEzM0ZEN0NCNzk0MjM0QTJBRTQzMTczQTc0NDJC
MDE0QTA0M0QzODE3RjQyRkM0NDlGNDM4M0Q3OEM0MkI5Q0JBNzQzMjdERDhE
NDI1RUM2QTQ0Mzg0MkM5MTQyNDBDMUM4NDFFNkE4OTg0MkFBNUYxQjQyN0Ix
Njk1NDJBQkNBM0EzRkJENzg5NDNGMTRDQzhFM0YxMjBEMjU0MDdFMUVBMDQw
NzVBOEQ0NDAwQTRGRDM0MTc3QUNDNDQxQUZFMDI0NDE5NjhBMTE0MUQ3ODZC
NTQwQTdEODFBNDEzM0JDREY0MDk5RDg5MTQwMDU2REI3NDA5RkZENDk0MDY0
M0UwNTQwRDlENjFBNDA0QjUwMzM0MDFENUE5QjQwNkRBRTk5NDBBREU1NDk0
MDA5RkZGNjNGRENDQzlGM0YwN0Q1ODMzRjI1OUU3ODNGRjQyODczM0ZFQ0U4
OTkzRjY2ODUwNDQwQTdBRTk0M0Y5RTlBMjgzRjM4RkU4NTNGMTI0MjI0M0Yz
QjA4QzkzRTFFNTI2QzNFQzE1RjdGM0VDOTNGMTYzRjM5MzY1MDNGRTQxRTBC
M0ZCNzJGMzgzRjYxQkVEOTNFMkU3QzY5M0U2OTIwNDYzRTk0MTMzQzNFMzQy
RDc1M0VBMTkwQzczRUVDM0VCMTNFRTgxMg==

--SBD.Boundary.605592468
PROCESS /noc/users/iridburst/exec/irid_300224010734970_upd.pl
Last Run  ----1970-01-01 00:00:00 
MONTH  5 
DATA  xxrecord 2012-05-19 04:00:05 :: $W5M5A,120519,040005,660d0028449ce246,1,DAS 2,4901.6622N,1621.8886W,23.5,358,31.3,14.3,10.3,85.9,8.1,10.4,85.6,8.1,1013.9,3.54,5.32,9.5,11,35*5E
 
INSERT
STATION sbdservice
IRID_ID 300224010734970
BODY 
Content-Type: application/x-zip-compressed; name="SBMmessage.sbd"
Content-Disposition: attachment; filename="300224010734970_003400.sbd"
Content-Transfer-Encoding: base64

JFc1TTVBLDEyMDUxOSwwNTAwMDUsNjYwZDAwMjg0NDljZTI0NiwxLERBUyAy
LDQ5MDEuNjY3M04sMTYyMS45NzYzVywyMy45LDYsMzEuMywxNC4zLDEwLjgs
ODMuOCw4LjEsMTAuOCw4NC4xLDguMiwxMDE0LjAsMy41LDUuMTUsOC43LDE0
LDM0KjY3DQoNCiRXNU01QSwxMjA1MTksMDUwMDA1LDY2MGQwMDI4NDQ5Y2Uy
NDYsMixEQVMgMiwxMi45LDEzLjAsMC4yLDAuNCwwLjAxLDEwOTksMTEwNiwx
NTYsNjI4LDAsOTMuNSwxNC42Niw5MjUqNUUNCg0KJFc1TTVBLDEyMDUxOSww
NTAwMDUsNjYwZDAwMjg0NDljZTI0NiwzLDdGMDA3NDAyM0EwMDAwNTMzMjMw
MzEzMjMwMzUzMTM5MzAzNDM0MzAzMDMwNTU1QTAwMzEzMjMwMzUzMTM5MzAz
NDM0MzAyQzU0NDE0MjMwMzAzMDMwMzAyQzJEMzAzNTMxMkUzMTJDMkMzMTMy
MkUzNDM0MkMzNDJFMzAyQzMzMzYzMDMwMkMzNjMwMkMzNjMwMkMzMTJDMzAz
MDM1MzczMDJDMzMyRTM0MzIyQzMxMkUzMjM2MkMzMTMyMkMzMDJDMzAyRTMx
MzczMjJDMkIzMDMwMkUzMDBEMEFCODEwOUFFQzQzMEI3RjAwNjcwMjNBMDAw
MDU3MzIzMDMxMzIzMDM1MzEzOTMwMzQzNDMwMzAzMEZGNEQwMDAwODBGQjQ0
MDBDMDAxNDQwMEUwMkI0NzAwMDBFMjQyMzNFNzBDNDA0M0UzRTM0MDkwQTlB
NDQwNUUxQTYwNDBGOUFEMDY0MTJBOUE4QzQwOTEwMzBENDE3RTk5RTU0MDY1
MjEwQjQxQjMxQTBFNDFDNUMyNjY0MDNFNkU1QjQxRjk2RjA5NDIyMzBBMTQz
RDk5MUI1RDlGQzdBQzdGMDI0RTAyM0EwMDAwNEI1NjQ4MjAzNzMyMzAzMTMy
MzAzNTMxMzkzMDM0MzQzMDMwMzAyRDAwMDAwMDBBRDdBMzNEMEFEN0EzM0Iz
QjZFNUI0MUY3NkYwOTQyNURDRjc5NDFGRTk2MTA0MjczRUNBODQxOEMxMENG
NDE4RTU0OTk0MTAyQjFDNzQxMzJGNjY2NDFFMDkxQzA0MTZGRjExRTQxMjM1
MkI0NDE1MDg3MDI0MTk5OENCRjQxMUU2MjExNDE1MzIzREM0MUQ3NDA2RDQx
MzBBMEVCNDE3Q0U4QUQ0MTk0MEEwMTQyNTVERURFNDE3OUVEMTc0MkZGNUNC
RDQxQ0IwQzI1NDI2MjMxM0E0MTI3NEYzMjQyNjRCQTFCNDE2NTI2NDI0MjJB
MjU5MTQxNjM3NDQwNDIwNDMxNDI0MUZDRTQyQjQyMjFDMEIyNDNBRjc2MjY0
MjNDQkMwNDNGRkUzQjI0NDI4RUY2MEE0MTMzOEMyOTQyMUVGNkMyNDA2Q0Ex
M0U0MjVGMjRCQzQwQUFCRDNFNDIyQTIyMTg0MTYwRUEzNDQyNEZFRDNGNDE0
NzFENDg0MjFGRjM5RjQxNjcwMDNGNDIwQ0MwODg0MTZBMUMyQjQyRjE0NThE
NDAwREUyMzM0MjdCRDRCMjQzMjI1QzRCNDI2NDM3NDQ0MUQxMUM0OTQyNkJF
NjUxNDE0NjlCNTA0MkJBRDYyMjQxRjE0NDVDNDIyNTEwMUI0MUQzRkQ1OTQy
NUIxQ0IxNDMyODJGNTg0MjIxMThBRTQzMTI2OTQxNDI3QTUwQjE0MzVBNEU1
MTQyMTY4OUI1NDEwODQ5NjQ0MjBBRDIxNDQyNENCRDU1NDJGQkJBMTU0MUQ3
MTc2RjQyNzRBNUE1NDMxQzVENjQ0MkM5QTBBNTQzMkI0RDZDNDJDQTNBQTg0
MzBDOTU4NDQyNjJFQ0IyNDNDNDMxOEQ0MkEwNDJBRjQzQzdCMDg1NDJERDNE
QUQ0MzdGMzc3MzQyMDgxREFBNDMxOTgzNzA0MjExQjJBMTQzRDlERjcwNDJB
OEY3QTM0MzVCNjc4NTQyQzI5M0I0M0YzMDA0NTI0MEIyRkRCQjQwMEQyODMx
NDE4ODc0NzU0MThERUM2NjQxMjY5RTExNDFGODNBOEU0MTcwMjc4QjQxMTc5
RjFGNDE2QkM3MEU0MTZDQkFEQjQwMkU3MjkzNDA2NUM2Mzg0MEVBQjE0RDQw
M0ZGN0I5M0Y1RkJEQUMzRkNFOENFRTNGQjhDQ0FDM0ZBM0I3QUEzRjIxNTdB
QjNGNDM4NTNDM0ZGNUQwQjMzRjBGNjIxMzQwNjJCQjFCNDA4QzJFOEEzRkQz
MEM3QzNGQzE0RTUzM0Y1Qjc2RUIzRTg3QzUyQTNGRUY3NTYzM0Y2OUU1NjUz
Rjk1NjE0MTNGQjk0N0ZEM0UwNjI4NjQzRjZGNkY0MzNGNjZFMDY2M0YxQUU4
RTAzRUM4RTg5MTNFRDdDMTc1M0VFMTc5OEQzRThDRjZEMDNFNjBFOTgxM0VG
RDJCNzMzRTY2MkM2MDNFNzg2NjI2RkQqNjYNCg0K

--SBD.Boundary.605592468
PROCESS /noc/users/iridburst/exec/irid_300224010734970_upd.pl
Last Run  ----1970-01-01 00:00:00 
MONTH  5 
DATA  xxrecord 2012-05-19 05:00:05 :: $W5M5A,120519,050005,660d0028449ce246,1,DAS 2,4901.6673N,1621.9763W,23.9,6,31.3,14.3,10.8,83.8,8.1,10.8,84.1,8.2,1014.0,3.5,5.15,8.7,14,34*67
 
INSERT
STATION sbdservice
IRID_ID 300224010734970
BODY 
Content-Type: application/x-zip-compressed; name="SBMmessage.sbd"
Content-Disposition: attachment; filename="300224010734970_003401.sbd"
Content-Transfer-Encoding: base64

JFc1TTVBLDEyMDUxOSwwNjAwMDUsNjYwZDAwMjg0NDljZTI0NiwxLERBUyAy
LDQ5MDEuNjc1OE4sMTYyMi4wMzMyVywyMi41LDIsMjkuMiwxNC4zLDEwLjcs
ODQuNiw4LjIsMTAuNiw4NS43LDguMywxMDE0LjMsMy44MSw1LjU4LDguNywx
MywzMCo1Rg0KDQokVzVNNUEsMTIwNTE5LDA2MDAwNSw2NjBkMDAyODQ0OWNl
MjQ2LDIsREFTIDIsMTIuOSwxMy4wLDAuMiwwLjUsMC4wMSwxMTAwLDExMDcs
MTU2LDYyOSwwLDg5LjMsMTQuNjYsOTIxKjU0DQoNCiRXNU01QSwxMjA1MTks
MDYwMDA1LDY2MGQwMDI4NDQ5Y2UyNDYsMyw3RjAwNzQwMjNBMDAwMDUzMzIz
MDMxMzIzMDM1MzEzOTMwMzUzNDMwMzAzMDU1NUEwMDMxMzIzMDM1MzEzOTMw
MzUzNDMwMkM1NDQxNDIzMDMwMzAzMDMwMkMyRDMwMzUzMTJFMzEyQzJDMzEz
MjJFMzQzMzJDMzQyRTMwMkMzMzM2MzAzMDJDMzYzMDJDMzYzMDJDMzEyQzMw
MzAzNTM3MzAyQzMzMkUzNDMyMkMzMTJFMzIzNjJDMzEzMzJDMzAyQzMwMkUz
MTM3MzEyQzJCMzAzMDJFMzAwRDBBQjgxMDQwQTMyNTlCN0YwMDY3MDIzQTAw
MDA1NzMyMzAzMTMyMzAzNTMxMzkzMDM1MzQzMDMwMzBGRjREMDAwMDgwRkI0
NDAwQzAwMTQ0MDBGMDUyNDcwMDAwRTQ0MkExMkYxQjQwRTE1RUUwNDA1ODcz
QjI0MEI4QjI3MzQwRkZERjA1NDE5NjUzOUE0MERDOTkwNTQxRDRCNUU3NDA2
NTIxMEI0MUI5QkUwQzQxOEMyMzgwNDBCQTExNDk0MUVGNjJGMzQxNkE4MDNE
M0RCODFGMDgyMUNDQzc3RjAyMzYwMjNBMDAwMDRCNTY0ODIwMzczMjMwMzEz
MjMwMzUzMTM5MzAzNTM0MzAzMDMwMkIwMDAwMDA3QjE0QUUzRDBBRDdBMzNC
QkQxMTQ5NDFFRTYyRjM0MUM3RkJDNDQxMDlERTBCNDI4NUZDQkY0MTI3RTdC
RDQxNDlGQ0M3NDEzNzAxQjY0MUNEMkNDMjQxMDc3M0NBNDFGMzAzRDk0MTEz
QzVCQTQxRTA0REIzNDEzQUFFQkQ0MUYyMEUwNDQxQTYxQkM3NDFGMUNBRTM0
MDg0ODFEOTQxNjREQzdCNDE0RkI0RjQ0MTUwMzYzNDQxRTU4Q0ZDNDE3QjVE
QTg0MDZBMDcwNDQyNDM2QUY5NDA0NjNCMjI0MjNFM0M2NTQxQjQ3RDFDNDIz
QzQwMTE0MTQyMDMwNDQyMTkyRUQxM0ZBNENCMEM0MjI3OThCMjQzQ0REQzE1
NDI2REU4QjM0MzVGMUEwOTQyREQ4QUMwM0Y0NkUwMTc0MkQ0RjFCMTQzMDQy
NDM1NDI3NDQ5QjA0M0JEQjAyMDQyNjVBREIyNDNEQjE3MTA0MjY1ODdCMjQz
QjBBRjIyNDJEMTY0QjE0MzMxNEE0MTQyNkY2QkIyNDMxNUMxM0I0MjhGRTRC
MDQzOTNBRDJGNDJEMzk3QjA0M0U1ODIzNjQyMkQzRUM5NDAzMjZFNUI0MkI2
NDA5NjQwM0ZFQTQyNDI2NTNEQjE0MzEwRUYyNDQyN0MxREFCNDNDMzVBNDk0
MkEyQUJBMzQzRjk5NTVENDIwNjU2QTA0MzBEQTc3NzQyMzM4NUE0NDM5Rjk4
OEM0MkYxQURDNzQxNjZFRDkyNDI2NUUwN0Q0MjkxNTE4MTQyNjVFRDgxNDJB
RjI4N0I0MjA2MUQzRTQxQzk5RDhDNDIxOUEyMjM0MEI3RDY4RDQyMDZCRDQ0
NDEyNzRGODg0MjQ2NTAzMzNENjZGMTgxNDJBOUE0QUY0MzE4N0Y4MDQyQUY2
NkE5NDM5MUNBN0U0Mjk1RUI5RDQzOUU3NDY1NDJBMDNEMjU0MENGODAwNDQx
RUY3MzMxNDE0NUJDMDU0MUFCNjY4QjQxQzREMUE1NDEwRjIzQjQ0MTc4MkU4
RjQxQjhDMDczNDEyRkI5MTc0MUY3OEYxQjQxMjRENzlENDAzQzEyOEQ0MEUw
ODVFMzQwMjFEQkE0NDAwOTFEMkQ0MERFNjY1QTQwRUE3QjIyNDA4QUFGRUEz
RkM4QjVFMDNGMUNGNjRBNDA3QTk1QTIzRkVDNkI5QjNGMEVCRDE0NDBENUY2
MEE0MDlDMzBCMzNGQzZENDBEM0YwOUYxODEzRkIwREFBMDNGOUUyNzdCM0Y2
QTREMEQzRkY2QjI4ODNFRUI2N0IzM0U3NzQ5QjEzRUQ3RkE3OTNFOEFCQjY1
M0U2MDAxNDYzRTAzQzRCQzNFMkFFOUNFM0VBOUY3REUzRUNBRjNBQjNFMDM3
QTU5M0VDQUE0NkMzRUFGNTA5ODhEKjY1DQoNCg==

--SBD.Boundary.605592468
PROCESS /noc/users/iridburst/exec/irid_300224010734970_upd.pl
Last Run  ----1970-01-01 00:00:00 
MONTH  5 
DATA  xxrecord 2012-05-19 06:00:05 :: $W5M5A,120519,060005,660d0028449ce246,1,DAS 2,4901.6758N,1622.0332W,22.5,2,29.2,14.3,10.7,84.6,8.2,10.6,85.7,8.3,1014.3,3.81,5.58,8.7,13,30*5F
 
INSERT
STATION sbdservice
IRID_ID 300224010734970
BODY 
Content-Type: application/x-zip-compressed; name="SBMmessage.sbd"
Content-Disposition: attachment; filename="300224010734970_003402.sbd"
Content-Transfer-Encoding: base64

JFc1TTVBLDEyMDUxOSwwNzAwMDUsNjYwZDAwMjg0NDljZTI0NiwxLERBUyAy
LDQ5MDEuNjc1OE4sMTYyMi4wNDY2VywyMS45LDMsMjYuNywxNC4yLDEwLjgs
ODIuMiw3LjksMTAuOCw4Mi42LDguMCwxMDE0LjgsMy43NCw1LjIsOCwxNSwz
Mio3Qw0KDQokVzVNNUEsMTIwNTE5LDA3MDAwNSw2NjBkMDAyODQ0OWNlMjQ2
LDIsREFTIDIsMTMuMSwxMy4yLDAuMiwwLjUsMC4wMSwxMTAxLDExMDgsMTU2
LDYyOCwwLDIxNi4wLDE0LjY2LDkyNyo2MA0KDQokVzVNNUEsMTIwNTE5LDA3
MDAwNSw2NjBkMDAyODQ0OWNlMjQ2LDMsN0YwMDc0MDIzQTAwMDA1MzMyMzAz
MTMyMzAzNTMxMzkzMDM2MzQzMDMwMzA1NTVBMDAzMTMyMzAzNTMxMzkzMDM2
MzQzMDJDNTQ0MTQyMzAzMDMwMzAzMDJDMkQzMDM1MzEyRTMxMkMyQzMxMzIy
RTM2MzIyQzM0MkUzMDJDMzMzNjMwMzAyQzM2MzAyQzM2MzAyQzMxMkMzMDMw
MzUzNzMwMkMzMzJFMzQzMjJDMzEyRTMyMzYyQzMxMzQyQzMwMkMzMDJFMzEz
NjM5MkMyQjMwMzAyRTMwMEQwQUMyMTA2OUNDQUNGMzdGMDA2NzAyM0EwMDAw
NTczMjMwMzEzMjMwMzUzMTM5MzAzNjM0MzAzMDMwRkY0RDAwMDA4MEZCNDQw
MEMwMDE0NDAwMDA3QTQ3MDAwMEQ0NDI4NjlEMjQ0MEQ2OTdGMTQwOTI0NUE2
NDA5RDk1NkY0MDZBMkEwNjQxQzM2OThENDAzNzFDMDc0MTU0MTVFMjQwMDAw
MDAwNDE5NDI3MEQ0MUQ4OEE3OTQwM0ZCMzcxNDE0MjU0MDE0MjEwMDYzMjNE
MEIxOTdBMzYzQjc2N0YwMjQyMDIzQTAwMDA0QjU2NDgyMDM3MzIzMDMxMzIz
MDM1MzEzOTMwMzYzNDMwMzAzMDJDMDAwMDAwMEFEN0EzM0QwQUQ3QTMzQjNC
QjM3MTQxNDE1NDAxNDI3MDQ5QTg0MTAyMzM1MTQyMDMzRTk3NDFFNkU4MUQ0
MjQ4ODE5ODQxMkI4Q0NGNDE1NTJFQkM0MTc2MDc5NzQxQzUxRUI2NDFFMTJD
QTQ0MUQ4OEU2RjQxMTFCREJENDFDNzJFMTM0MTdCMUFGNTQxRjM1QzU0NDFB
NjFEMTg0MkE5NjA4MjQxOTUwODEzNDJGNUYxNjU0MTI0MUYwOTQyNDRFQzY1
NDEyRkI3RkE0MTJGQkU3MTQxNDI1Q0U4NDE5NkRDM0M0MTc4MUZGQTQxMThG
MjRFNDE3RjJDMTc0MkU5MDQyNjQxQUZFRTE1NDJEQjY5NDM0MEVDNUQwODQy
ODg1MUU2M0ZGQ0MzMEU0MkM3Nzc3NzQxRjU1NTFBNDJFQTkxOTE0MTZCMDQw
ODQyNjNCMDY0NDFGMUVFMDM0MjgxNUM2RDQxQTJGQjE2NDIzMEY2MzQ0MUI1
RUQxOTQyODhBM0JGNDAyNzRCMEM0MjEyMDYyRDQxRTUxRTEyNDIwMDRGODc0
MTNEQTQxQjQyRjM4MTk3NDFFODkzMzc0MkZGQTBBRjQxQkVBNzM4NDIxRjMw
NzQ0MTgwNUQzQzQyRDdEMThGNDA1ODI2NDc0MjcwNDY5MzQxNEEwNzRCNDI2
NjQ1QTM0MTIzNUY0RDQyMTlGNzM3NDEyODMxM0U0MkJDQzE4QzQxRjI0RjMw
NDJCM0Q2QzU0MTQ0MUM0OTQyNUQ0QTlBNDFENEI3NkI0MjkwNDQ5QzQxQzYx
Mjg3NDJFN0FEREE0MUQ0MzA4RDQyNDE2RURENDFDMjVEODk0MjZFMjlGRDQx
M0FGRDg4NDI2NkFBMUM0Mjc3RTk4RTQyRDgxQzJCNDFBN0FCOTY0MkU4MkNB
MTQzNUY4RjhENDIxQUM0OUI0M0FDMDQ4MjQyRjY0QkEwNDMyRkE1OEQ0MkJC
Qzc4MjNGMzZDRkM3M0YwRUEzQ0Q0MEIwMDk3MjQxOEU2MDY3NDFEOTJCODM0
MTlGNEMzNjQxN0EyMDM1NDEwMDJBODM0MTQzOTA5MDQxNkREODA3NDExQzRE
MTU0MUZCQzFFMDQwQ0E4MzQ1NDAxODNFN0E0MDBFODdBOTQwMjYxMDg0NDBC
MzU0MkU0MEQ2MkI2MTQwOTA4RDhCNDBBRDNGRDAzRkM5RTVERDNGQzUwRDAy
NDAyQjdBMjE0MEYyNDBGNzNGNTA3RTVFM0ZFQTQ3QTgzRkQ3NkZCNDNGNkIw
QjIxM0YyRDJGOEMzRjdFNzI4MTNGRUMyRDlBM0Y2NjM5M0YzRjk1MTI4NDNG
QjkxRTM5M0YyMzFCM0YzRjAyREQxRTNGOENDRjcwM0U0NTlCODIzRTVGQ0Y1
MDNFMTVFQzg1M0VERkIxQ0EzRTYzRkQ4NDNFQURCMDRDM0UxNzEwOEVFMiox
Ng0KDQo=

--SBD.Boundary.605592468
PROCESS /noc/users/iridburst/exec/irid_300224010734970_upd.pl
Last Run  ----1970-01-01 00:00:00 
MONTH  5 
DATA  xxrecord 2012-05-19 07:00:05 :: $W5M5A,120519,070005,660d0028449ce246,1,DAS 2,4901.6758N,1622.0466W,21.9,3,26.7,14.2,10.8,82.2,7.9,10.8,82.6,8.0,1014.8,3.74,5.2,8,15,32*7C
 
INSERT
STATION sbdservice
IRID_ID 300224010734970
BODY 
Content-Type: application/x-zip-compressed; name="SBMmessage.sbd"
Content-Disposition: attachment; filename="300224010734970_003403.sbd"
Content-Transfer-Encoding: base64

JFc1TTVBLDEyMDUxOSwwODAwMDUsNjYwZDAwMjg0NDljZTI0NiwxLERBUyAy
LDQ5MDEuNjcwN04sMTYyMi4wMDcwVywyMS4xLDgsMjYuNSwxNC4yLDEwLjks
ODEuNiw3LjksMTAuOSw4MS45LDguMCwxMDE1LjMsMy4yMiw0LjkzLDEwLDE1
LDMzKjc4DQoNCiRXNU01QSwxMjA1MTksMDgwMDA1LDY2MGQwMDI4NDQ5Y2Uy
NDYsMixEQVMgMiwxMy4yLDEzLjQsMC4yLDAuNSwwLjAxLDExMDIsMTEwOSwx
NTYsNjI5LDAsMjIuMiwxNS4wNSw5MTkqNTcNCg0KJFc1TTVBLDEyMDUxOSww
ODAwMDUsNjYwZDAwMjg0NDljZTI0NiwzLDdGMDA3NDAyM0EwMDAwNTMzMjMw
MzEzMjMwMzUzMTM5MzAzNzM0MzAzMDMwNTU1QTAwMzEzMjMwMzUzMTM5MzAz
NzM0MzAyQzU0NDE0MjMwMzAzMDMwMzAyQzJEMzAzNTMxMkUzMTJDMkMzMTMy
MkUzNzMxMkMzNDJFMzAyQzMzMzYzMDMwMkMzNjMwMkMzNjMwMkMzMTJDMzAz
MDM1MzczMDJDMzMyRTM0MzIyQzMxMkUzMjM2MkMzMTM1MkMzMDJDMzAyRTMx
MzYzOTJDMkIzMDMwMkUzMDBEMEFDNDEwRTlBMEQ0NzM3RjAwNjcwMjNBMDAw
MDU3MzIzMDMxMzIzMDM1MzEzOTMwMzczNDMwMzAzMEZGNEQwMDAwODBGQjQ0
MDBDMDAxNDQwMDg4OTA0NzAwMDBGMDQyQjcxNUZGM0Y1QjVDRDY0MDlFREM5
RDQwRUU1MjRFNDAxNTNGMDg0MTA3OTQ3QjQwRjNERjA0NDFBODhGREM0MDAx
MDAyMDQxRkU2QjE4NDFGNjhDNTk0MEM4MDc3ODQxNTExNzAzNDI2MTkyMDIz
REEwMUNDNkRFRjcxMzdGMDI2NjAyM0EwMDAwNEI1NjQ4MjAzNzMyMzAzMTMy
MzAzNTMxMzkzMDM3MzQzMDMwMzAyRjAwMDAwMDk5OTk5OTNEMEFEN0EzM0JD
QzA3Nzg0MTRFMTcwMzQyNzAxMkU4NDFDRTNGMTY0MjgzQkVBRDQxOUM3OTA2
NDJCQUZFNUE0MTBDNDNDOTQxOTgyMDVGNDFCQUM4QjI0MTQ1NDQ5NjQxNEIw
OUExNDEzNkYyQTY0MTg1NjU5NjQxQzcxQ0IzNDEwNzMxQTk0MTI3REE5MjQx
MUY1OURFNDFEMjExMzI0MTRERDYwMjQyMjA1MzdFNDE4OTlEMTk0MkM1NzlE
NjQxRTI2RjE1NDI2MjkxQkM0MTQ3NEVGQjQxOTA1QTk4NDE3NjRBMDY0MkQ1
NTdCRjQxNDkzODIzNDIwRDJGQzU0MTRBMzgyMDQyMjYzNzY0NDFBM0Y2RkU0
MUY0REU4MDQwQkMzRkVENDFENzk5QjM0M0M4RkVGNzQxRTY5RTQ4NDBCQzQ1
RjM0MTAzQzg3NjQxMzM2QTE3NDIyOEM2Q0U0MTkxMTMzOTQyMkE2OTBENDE0
RDZDNDM0MkJBNTBCMzQzODc0MTJFNDIzMDBDQjM0MzFCMzQyNzQyNTc0RUI1
M0Y4MzE4NDA0MjJFNkIyRjQxOTVCQjNDNDIyODFCREM0MDhEQjk0ODQyMjJF
M0IxNDNGM0YxNjY0MjdDODI4RTQwRUJCMDY1NDJBREFEQjE0M0VCQjY1ODQy
NzMxRkIyNDM4OTY5NjM0MjZCOTQxRTQwMEJBMjZCNDJENDRCMjU0MTAzODk3
NDQyM0MyN0IwNDE2NTI0NkU0MjA1QjM5QjQxNTM0MDY5NDJCQ0Q5REQzRkIx
Q0Q3MDQyQkFGMkIxNDM2NzJCNzQ0MjZBNDQ4RTQwM0U5Qzc2NDJBQzRCOTI0
MTQwMkE3QjQyNDJCNkIxNDEyMkQ3N0U0MjY0OEJCMTQzRTk4NzhENDIyMDM1
OTI0MzE0MjM4RjQyQUY0QTkxNDM5QTZGOEM0MkE1RkVBQjQzODRGRjk1NDJF
Q0E5NUQ0MkM4Q0U5MDQyQTBCNjlBNDEwQTgwOEM0MkFERTFBRjQzRDhCMDg3
NDI0MDkzMDkzRkMxRTUwQzQwMjE0RDU3NDA2MDc3RDc0MDgwQTRFMzQwODlC
NTc0NDFDNEI3MkE0MUMwMDgwNTQxQzJBNzFCNDFGN0ZFRjQ0MENCRDYwMzQx
RDUzMDk5NDAyRDlEREY0MDgxQTA4MTQwRjA2MDhENDA4Q0M0RjQ0MEI0MkVC
RDQwNDcxMzgyNDBFMkQ1Nzc0MEI1QzhFNDNGQkVGQjc5M0YzNDgyODQzRjJE
MUI0QzNGODI0MjI5M0Y5RjAzNzMzRjRGMDZBODNGQTYzM0M2M0Y3RjNFQ0Qz
RTI4OTI2NjNGM0U2QzJCM0ZFQTE2OEQzRkI2M0E2MjNGNkRGODRBM0Y4OUIx
MjQzRjBGNUIxMTNGQjdDNEVFM0UyOEMwN0MzRjcwQjY0QzNGMTFFMTBDM0ZG
OUZCRUQzRTkzMDlGNTNFNjc0QjA0M0YyOTRCOUQzRUJFMTU4QTNFMkY5QjhD
M0UwRDJFQTYzRUYyOUNEQTNFM0JBNzk3QQ==

--SBD.Boundary.605592468
PROCESS /noc/users/iridburst/exec/irid_300224010734970_upd.pl
Last Run  ----1970-01-01 00:00:00 
MONTH  5 
DATA  xxrecord 2012-05-19 08:00:05 :: $W5M5A,120519,080005,660d0028449ce246,1,DAS 2,4901.6707N,1622.0070W,21.1,8,26.5,14.2,10.9,81.6,7.9,10.9,81.9,8.0,1015.3,3.22,4.93,10,15,33*78
 
INSERT
STATION sbdservice
IRID_ID 300224010734970
BODY 
Content-Type: application/x-zip-compressed; name="SBMmessage.sbd"
Content-Disposition: attachment; filename="300224010734970_003404.sbd"
Content-Transfer-Encoding: base64

JFc1TTVBLDEyMDUxOSwwOTAwMDUsNjYwZDAwMjg0NDljZTI0NiwxLERBUyAy
LDQ5MDEuNjUyMU4sMTYyMS45MjY4VywyMi42LDIsMjcuNiwxNC4xLDExLjEs
NzcuMiw3LjMsMTEuMSw3Ny43LDcuNCwxMDE1LjgsMy4yMiw0LjczLDkuNSwx
MiwzMyo1Qg0KDQokVzVNNUEsMTIwNTE5LDA5MDAwNSw2NjBkMDAyODQ0OWNl
MjQ2LDIsREFTIDIsMTMuNSwxNC4yLDAuMiwwLjQsMC4wMSwxMTAzLDExMTAs
MTU2LDYyOSwwLDE4MS4zLDE1LjA1LDkyMSo2QQ0KDQokVzVNNUEsMTIwNTE5
LDA5MDAwNSw2NjBkMDAyODQ0OWNlMjQ2LDMsN0YwMDc0MDIzQTAwMDA1MzMy
MzAzMTMyMzAzNTMxMzkzMDM4MzQzMDMwMzA1NTVBMDAzMTMyMzAzNTMxMzkz
MDM4MzQzMDJDNTQ0MTQyMzAzMDMwMzAzMDJDMkQzMDM1MzEyRTMxMkMyQzMx
MzMyRTMzMzkyQzM0MkUzMDJDMzMzNjMwMzAyQzM2MzAyQzM2MzAyQzMxMkMz
MDMwMzUzNzMwMkMzMzJFMzQzMjJDMzEyRTMyMzYyQzMxMzYyQzMwMkMzMDJF
MzEzNjM1MkMyQjMwMzAyRTMwMEQwQUM3MTA0NDU5NDZGNDdGMDA2NzAyM0Ew
MDAwNTczMjMwMzEzMjMwMzUzMTM5MzAzODM0MzAzMDMwRkY0RDAwMDA4MEZC
NDQwMEMwMDE0NDAwMTBBNDQ3MDAwMERFNDI4MjRCMDY0MDdFREVFNjQwRUE4
MDk3NDAzM0M0NEQ0MEE1RUUwNjQxQkNCNDdDNDBDRkRDMTQ0MUI0NDBEOTQw
ODY2MTE4NDE4NzMwMEY0MUJDNkE1NjQwQ0MyQjQyNDExRjcwMDM0MjYyNzZG
RTNDRkIxRDIyNUI0NDk0N0YwMjY2MDIzQTAwMDA0QjU2NDgyMDM3MzIzMDMx
MzIzMDM1MzEzOTMwMzgzNDMwMzAzMDJGMDAwMDAwMEFEN0EzM0QwQUQ3QTMz
QkNEMkI0MjQxMUM3MDAzNDI0NEIxOEE0MTRGN0ZGQTQxNjFGNDhFNDFENDJF
QkM0MUU4QTA5RTQxMDNGRkE4NDFGNTE5OTc0MTI1NURBMzQxRkIzNTUzNDE1
NzUxOUE0MUU3RTY0NjQxNEM4REIyNDExRTg3NUM0MTZDNjNFNjQxRUQ4MzQy
NDE2Q0E0MDQ0MkY5N0IwMTQxNjREOUZCNDExMEUwQ0E0MENBQkEwMjQyQkUy
MDFDNDFCM0QwMTU0MjBGRTcxNTQxMDlGRTA4NDJDRDA0Mzc0MTQ2REJFNjQx
REREMjNFNDE5NEE3MEI0Mjc5OTQ1RDQxMjkyNzM5NDJCNTZEOTM0MUY2RkUy
MTQyNjlDOTlGNDE1Q0JDMDM0MjM4QzI5RjQxNUQ3NTA3NDIzN0Q5OUY0MTQ5
OTMyMjQyMjc2MjVGNDE3RENCMjg0MkNFMkFDQjQwODI1MTE2NDIzQTI0ODc0
MEJCNzUxMDQyQTIzQkQ4NDA1MDJDMTk0MkRCNzcxOTQxN0UwOTMwNDIyRUI2
MEM0MUI1QUU0QTQyNEFFOUIyNDNDODIyNDk0MjQxNTMyQzNGRDc2NjUzNDJB
NzZBOTc0MDdEQTAzQzQyNUEzMjAzNDBGODI1MjA0MjY0NjZCMzQzN0UwNTMz
NDI4NEEwOTUzRkZDRTI1OTQyMTk4RDM4NDE1RjIxNjY0MjI2MTMxODQxQUFG
QjY3NDJCQzlEMzg0MTQ0MjA2RjQyMUZBNjhCNDE1RjcwNzc0MjA1QkFDMDQx
MjEwNjg0NDIyQkE5NTc0Mjg0OUQ4MzQyNDM1MDgzNDI5NTZBN0I0MkNCQ0Uy
RjQyQzcxRTc0NDIyRkREOTA0MTI5MzQ2RDQyOEEzNTRGNDA3QURBNzg0MjY1
OEVCMTQzNTlENzg3NDI4MDdCQTM0MzlEREU4RTQyREVERDkxNDMxRkY2OEU0
MkFEMUM4RDQzNEFEMThDNDI3ODZFQTM0MzQyMTE5ODQyMDBCNDQwNDI4NEM0
OTA0MjFDMUVGRTNGQkM5NzkxNDBCNjE1RTk0MDVCRkRBOTQwQkIxOEVENDBE
NjhCNTM0MTVFMDEwQTQxM0M4QTBCNDE3ODJCNDY0MUU2NDVEQzQwNEIxNEFF
NDAxNkExQkE0MDBCRjNENjQwMTk3QUFBNDAyODM2MTc0MDI5QUY1NTQwMDJG
QTc2NDA0NDg3MzY0MDcyNUFDODNGRUJGQkRDM0ZDODZEMUQ0MDc3RUEwMDQw
MUU3MkRGM0Y5MkZGODAzRjRGMUU1MzNGRDFBMEFCM0Y2MDkwOEIzRjQ5MEY4
NjNGMTU4NEZCM0ZDN0Q5OUIzRkQzREYwMjNGNTMzMzI2M0Y3OEREODUzRjNE
M0E1QzNGRjUzQzUwM0Y3RkM4QjkzRUVCMzNFNTNFQTU2OUIyM0VBMEUzRDYz
RTJGNTRGQjNFQ0M0M0Y5M0UyMTU3QkEzRTA4MkVBNzNFNzk4MDJCM0U4OTJE
M0MzRUNCRjVCNzNFODczQTY2M0VEMzczNQ==

--SBD.Boundary.605592468
PROCESS /noc/users/iridburst/exec/irid_300224010734970_upd.pl
Last Run  ----1970-01-01 00:00:00 
MONTH  5 
DATA  xxrecord 2012-05-19 09:00:05 :: $W5M5A,120519,090005,660d0028449ce246,1,DAS 2,4901.6521N,1621.9268W,22.6,2,27.6,14.1,11.1,77.2,7.3,11.1,77.7,7.4,1015.8,3.22,4.73,9.5,12,33*5B
 
INSERT
STATION sbdservice
IRID_ID 300224010734970
BODY 
Content-Type: application/x-zip-compressed; name="SBMmessage.sbd"
Content-Disposition: attachment; filename="300224010734970_003405.sbd"
Content-Transfer-Encoding: base64

JFc1TTVBLDEyMDUxOSwxMDAwMDUsNjYwZDAwMjg0NDljZTI0NiwxLERBUyAy
LDQ5MDEuNjE2MU4sMTYyMS44MTg1VywyMi4zLDMsMjguOSwxNC4xLDExLjIs
NzQuNiw2LjgsMTEuMiw3NS4wLDcuMCwxMDE2LjIsMy40NCw0Ljg2LDkuNSwx
OCwzMSo1MQ0KDQokVzVNNUEsMTIwNTE5LDEwMDAwNSw2NjBkMDAyODQ0OWNl
MjQ2LDIsREFTIDIsMTQuNCwxNC41LDAuMiwwLjUsMC4wMSwxMTA0LDExMTEs
MTU2LDYyOCwwLDE4Ny41LDE1LjQ0LDkyNyo2Ng0KDQokVzVNNUEsMTIwNTE5
LDEwMDAwNSw2NjBkMDAyODQ0OWNlMjQ2LDMsN0YwMDc0MDIzQTAwMDA1MzMy
MzAzMTMyMzAzNTMxMzkzMDM5MzQzMDMwMzA1NTVBMDAzMTMyMzAzNTMxMzkz
MDM5MzQzMDJDNTQ0MTQyMzAzMDMwMzAzMDJDMkQzMDM1MzEyRTMxMkMyQzMx
MzMyRTM4MzQyQzM0MkUzMDJDMzMzNjMwMzAyQzM2MzAyQzM2MzAyQzMxMkMz
MDMwMzUzNzMwMkMzMzJFMzQzMjJDMzEyRTMyMzYyQzMxMzcyQzMwMkMzMDJF
MzEzNjMzMkMyQjMwMzAyRTMwMEQwQUM3MTBBQTNEREUwNjdGMDA2NzAyM0Ew
MDAwNTczMjMwMzEzMjMwMzUzMTM5MzAzOTM0MzAzMDMwRkY0RDAwMDA4MEZC
NDQwMEMwMDE0NDAwOThCNzQ3MDAwMEU2NDIxNzA2MEY0MDFERTNERDQwOUU2
QzlCNDA4REZBNUI0MEJGMjIwMDQxQjAwNDg0NDBERkE1MDM0MTRBMDNEQTQw
ODY2MTE4NDFDNTVBMEE0MTBFRUM2NTQwOTRDQjkxNDFEMjFFRkI0MUJCNjkx
MjNENDAxRDYwQzFFRkJFN0YwMjVBMDIzQTAwMDA0QjU2NDgyMDM3MzIzMDMx
MzIzMDM1MzEzOTMwMzkzNDMwMzAzMDJFMDAwMDAwMEFEN0EzM0QwQUQ3QTMz
Qjk1Q0I5MTQxRDAxRUZCNDFFQUYyNUM0MUY3QTYyRjQyQTMxODVCNDFEQjYw
RTI0MUM0RTU0OTQxQTA2NEE2NDFGMUI3NzM0MTFFM0FBMTQxQkQ1RkI4NDE3
REY5OUU0MTZGQkRFNTQxRUI5NTlDNDE2NUYzRjI0MTM4QkZCNTQxQzFFMkE3
NDEzQjE1REY0MTM5NjAyMDQxMzMxNUYxNDFEM0MxQTA0MTdGMUMwRjQyRDRE
QkU1NDFCMUVEMEY0MjY1Njk5QzQxRDc4RDA1NDI1QzI0ODA0MTgzMDFFRjQx
RUNBREI2NDE3M0Q1RjM0MUY1NjFBMzQxMTFCNEY0NDE4RjlFNjY0MTQ0QzNG
MjQxRjJDODIwNDEwNEM5MTE0MjI1M0I5MDQxRERDRTM4NDIxNkVBQzE0MUE4
RkIyQzQyM0IyNzhDNDExMkQ0Mjc0MkRFQ0ZGOTQwQkEwQTJENDJFQUZEQjM0
M0RGMUUyODQyODQ3MTI5NDBFM0VDMTk0MjdEMzZCQzQwRjAxRDEyNDJBRkJB
REI0MEQ4NjExQjQyMDVBNjY4NDE4NTgyMkI0MkYzMjFDNzQxNjg3RjI3NDIz
MUJFQ0Y0MTA0NTczNTQyODVCRDcxNDExMjA0M0I0MjEzNzQwMDQxQjg1MzNC
NDJGMjZEQjM0MzAzMDM0NTQyODZCQkIwNDM0OTNFNDQ0MjIyQTNCMTQzMTQ5
NjVFNDI5NDQ4QUQ0M0VCMTQ3MTQyNzIzQkFFNDMzNDIxNkM0MjU3NDNCMTQz
QUM3ODdENDI4QzYxQjE0MzQ5QkI4ODQyN0M1QkEyNDM3QjQ2ODQ0MkVBRkM5
RTQzNUJFMzZFNDI4RUVEQTY0Mzg1REQ2NTQyRjkzNkExNDM0MTA4NkY0MjVC
RUE5NDQzOEY2NTZFNDI1NzBCOUY0MzNEREI4MDQyNTA1OUQ1NDFCNzkyODI0
MkE0QUI1MDQyODlGNzc2NDJFQ0U3MUU0MkY3ODE3OTQyOENEMEFCM0YyQjAx
NDM0MDdENzdEMzQwRTMwOEY5NDAzRjcxMzQ0MUNFQUU0NzQxQUI0QjFENDEy
RUJDRTg0MDlCNEEwODQxN0FFRkY5NDBBOTAwNDY0MUY3QTgwQTQxMjI3RUJF
NDA0QTJBREU0MDFDMjdEMjQwQkEyQkU5NDAxNkY3Njg0MEJCMTAwNDQwMzlG
MjE0NDAwMUQ1M0M0MDM5OUZGNDNGRTNCRjk1M0ZBNDREMEY0MDI1NTkwRjQw
MDlFMzA5NDBBNEE0OUYzRkU0NDBCRTNGMENERjlBM0Y3NTA5QjYzRkIzNkVF
NjNGQUMzNzY0M0ZGOTM1OTgzRkM1QTgwNzNGMkMyOEQ1M0UyQUNGMEMzRkQ3
QTJDMzNFQTkzREMxM0VCMUYyOUEzRUZFREU2RDNFMTVCN0I2M0VBQUY1NjIz
RTYzNTVFNzNFMjY4Q0MxM0U5RDdCNDgzRUVEMEI0QjNFQjA0QkM4M0U5Q0JD
RDJENioxQw0KDQo=

--SBD.Boundary.605592468
PROCESS /noc/users/iridburst/exec/irid_300224010734970_upd.pl
Last Run  ----1970-01-01 00:00:00 
MONTH  5 
DATA  xxrecord 2012-05-19 10:00:05 :: $W5M5A,120519,100005,660d0028449ce246,1,DAS 2,4901.6161N,1621.8185W,22.3,3,28.9,14.1,11.2,74.6,6.8,11.2,75.0,7.0,1016.2,3.44,4.86,9.5,18,31*51
 
INSERT
STATION sbdservice
IRID_ID 300224010734970
BODY 
Content-Type: application/x-zip-compressed; name="SBMmessage.sbd"
Content-Disposition: attachment; filename="300224010734970_003406.sbd"
Content-Transfer-Encoding: base64

JFc1TTVBLDEyMDUxOSwxMTAwMDUsNjYwZDAwMjg0NDljZTI0NiwxLERBUyAy
LDQ5MDEuNTgxNE4sMTYyMS43MTAzVywyMi4yLDQsMjcuMCwxNC4xLDExLjQs
NzUuMSw3LjEsMTEuNCw3NS41LDcuMywxMDE2LjIsMy4xMiw0LjI2LDguNywx
MiwzNSo1NQ0KDQokVzVNNUEsMTIwNTE5LDExMDAwNSw2NjBkMDAyODQ0OWNl
MjQ2LDIsREFTIDIsMTMuOCwxNC4yLDAuMiwwLjUsMC4wMSwxMTA1LDExMTIs
MTU2LDYyOCwwLDE5Ni4wLDE1LjA1LDkxNCo2OQ0KDQokVzVNNUEsMTIwNTE5
LDExMDAwNSw2NjBkMDAyODQ0OWNlMjQ2LDMsN0YwMDc0MDIzQTAwMDA1MzMy
MzAzMTMyMzAzNTMxMzkzMTMwMzQzMDMwMzA1NTVBMDAzMTMyMzAzNTMxMzkz
MTMwMzQzMDJDNTQ0MTQyMzAzMDMwMzAzMDJDMkQzMDM1MzEyRTMxMkMyQzMx
MzMyRTM1MzcyQzM0MkUzMDJDMzMzNjMwMzAyQzM2MzAyQzM2MzAyQzMxMkMz
MDMwMzUzNzMwMkMzMzJFMzQzMjJDMzEyRTMyMzYyQzMxMzgyQzMwMkMzMDJF
MzEzNjM0MkMyQjMwMzAyRTMwMEQwQUMxMTBEQkUyRkI4QzdGMDA2NzAyM0Ew
MDAwNTczMjMwMzEzMjMwMzUzMTM5MzEzMDM0MzAzMDMwRkY0RDAwMDA4MEZC
NDQwMEMwMDE0NDAwMjBDQjQ3MDAwMEYwNDI3QTU5RjgzRjBGQzVEMzQwNjk3
OTg4NDAxMUUzNDc0MEEyRjQwMTQxNjdDQTcwNDAwNUE3MDY0MTU4RDJEQjQw
NjUyMTBCNDFBMDRGMEM0MTQ5MkM1MjQwNzlEQTM4NDE4NzUzMEM0MkUyODVG
NjNDMUQxREZEMjhDQzlFN0YwMjY2MDIzQTAwMDA0QjU2NDgyMDM3MzIzMDMx
MzIzMDM1MzEzOTMxMzAzNDMwMzAzMDJGMDAwMDAwMEFEN0EzM0QwQUQ3QTMz
QjgyREEzODQxODc1MzBDNDIzODlEQkU0MUQzMDAwNjQyNzZEM0FFNDExMjIz
RDI0MUE4MzZBNjQxMUI5M0RGNDEwNUUyOTg0MTM5Q0NEMzQxOTZCQzlBNDFC
RjEwQTk0MTkwNjQ5MTQxQ0Y2Q0IxNDFFMTQ4NEU0MTQ0MUVERDQxMDRDNTFF
NDE5OTY2RDY0MTM3NkM0NzQxM0U0MEVBNDE0QjVBREI0MTg5RDcyRjQyMjQ1
Q0I2NDE1NDJFNTQ0MjFDMTlCMjQzMkE3MTJFNDIyMEI2QjI0M0Q0QUYxMjQy
NjQwMjgwNDE0NzE0MUE0MjgyM0I4OTQxRjNENjE3NDIxQjVEOUI0MDMxNkEx
MTQyMkVBNjI2NDAyMTdFMTk0MjQ1QUIwMjQxQkU3QjNBNDJDN0UzQ0E0MDg2
RTkzMzQyQkY4RUIzNDM5MjNFMUY0MkEzNERCMzQzRDc0NTFENDJDMzI3QjM0
M0I1OTgyODQyMkEyQzkwNDAwODc4Mzc0MkVGNzg0QzQxQkUyNzMxNDJCODg5
OEU0MTBDOEUzMDQyQkExRUI0NDFDQTNCM0U0MkIyQzU5NjQxMUZENDNFNDJD
NzQ1MTQ0MUIyNzU0NDQyRjBGMEY4NDBFNDAyNEU0MjYxRjkwMTQxRjVBNjRF
NDIwMjI3QjM0Mzk5Mzc0RTQyQ0Y1MEFCNDMwMDU2NTI0MjhFNzFBRTQzNzU4
NDYxNDI2NDkwQjI0M0Q4RUM2QzQyNjIwQUFDNDNEQTczNkI0MkMxMkRBQTQz
Qzc1NDVGNDI4MUQzQUI0MzdEMTc1OTQyMzBGMEE5NDM2RjFCNjA0MjEyMzJB
QTQzQTE0NDg1NDI3RkEyRjM0MThBMjk5MTQyMzdEOTE5NDFBRkI5OTE0MjQ0
NUVBMjQzODQyMDhBNDJFQTVGQTY0M0NGQkY4RTQyMTdBMDIwNDJDNkQ4OTQ0
MjdGMTk1RDQyMDVCMzkxNDI5QjYwNTE0MkVGM0Y4RTQyN0JCOTY1NDIyRERD
ODc0MjZDRkIyRjNGNjA5NThFNDAzNEM4ODY0MDUxQTc0QjQwNDE0QzJENDEz
MTBBMjU0MUM2NkMwQjQxRUYyQTYyNDE4REQxMzg0MTYzMzhBOTQwRUEwOUUy
NDAzOTlBRUI0MERFMUJGRTQwQjJDODVDNDA3OEM2NjY0MDJFNjg0MjQwRkE0
NDI4NDAwMzlENEUzRjEyOTlBQjNGNjM4OEVDM0Y1NEVEMEM0MEU5NDYwRjQw
MkJBNEU0M0Y5RDVGQTMzRjgzNjA0QjNGODE5NjYxM0ZEM0RDMzkzRjlCODg1
OTNGRDcyMTZFM0YwMjc4QjEzRjBGNjg3NTNGMTg1NTMyM0YxN0MwMTAzRkE1
NEZFMzNFOEFCNTIyM0YxRUQzNTMzRjJGOEVCRTNFNTc1RUREM0VFQTY3ODEz
RTBGQzIzNTNFQzQwQzYwM0U4OUYxQTAzRTREMERCNDNFNjAyNTFEM0U1NURE
NDIzRUQyMTI5RjNFMjc2NEI4M0U3NUQwOQ==

--SBD.Boundary.605592468
PROCESS /noc/users/iridburst/exec/irid_300224010734970_upd.pl
Last Run  ----1970-01-01 00:00:00 
MONTH  5 
DATA  xxrecord 2012-05-19 11:00:05 :: $W5M5A,120519,110005,660d0028449ce246,1,DAS 2,4901.5814N,1621.7103W,22.2,4,27.0,14.1,11.4,75.1,7.1,11.4,75.5,7.3,1016.2,3.12,4.26,8.7,12,35*55
 
INSERT
STATION sbdservice
IRID_ID 300224010734970
BODY 
Content-Type: application/x-zip-compressed; name="SBMmessage.sbd"
Content-Disposition: attachment; filename="300224010734970_003407.sbd"
Content-Transfer-Encoding: base64

JFc1TTVBLDEyMDUxOSwxMjAwMDUsNjYwZDAwMjg0NDljZTI0NiwxLERBUyAy
LDQ5MDEuNTc5NE4sMTYyMS42MzQ1VywyMC44LDM0NiwyNC43LDE0LjAsMTAu
NSw4Mi4yLDcuNiwxMC43LDgxLjcsNy43LDEwMTYuOCwzLDMuNzksOS41LDEz
LDM1KjczDQoNCiRXNU01QSwxMjA1MTksMTIwMDA1LDY2MGQwMDI4NDQ5Y2Uy
NDYsMixEQVMgMiwxMy44LDEzLjksMC4yLDAuNCwwLjAxLDExMDYsMTExMywx
NTYsNjI5LDAsMTAwLjUsMTUuMDUsOTIzKjZBDQoNCiRXNU01QSwxMjA1MTks
MTIwMDA1LDY2MGQwMDI4NDQ5Y2UyNDYsMyw3RjAwNzQwMjNBMDAwMDUzMzIz
MDMxMzIzMDM1MzEzOTMxMzEzNDMwMzAzMDU1NUEwMDMxMzIzMDM1MzEzOTMx
MzEzNDMwMkM1NDQxNDIzMDMwMzAzMDMwMkMyRDMwMzUzMTJFMzEyQzJDMzEz
MzJFMzIzODJDMzQyRTMwMkMzMzM2MzAzMDJDMzYzMDJDMzYzMDJDMzEyQzMw
MzAzNTM3MzAyQzMzMkUzNDMyMkMzMTJFMzIzNjJDMzEzOTJDMzAyQzMwMkUz
MTM2MzYyQzJCMzAzMDJFMzAwRDBBQzMxMDY5OTJDNUJBN0YwMDY3MDIzQTAw
MDA1NzMyMzAzMTMyMzAzNTMxMzkzMTMxMzQzMDMwMzBGRjREMDAwMDgwRkI0
NDAwQzAwMTQ0MDBBOERFNDcwMDAwRjA0MjMzRjRGODNGMDY1MEQ2NDA2NERG
NzI0MDdFRjkzRjQwRjhBNTAxNDEwOEY3NjA0MDEzOTFGOTQwRjEzNUQxNDA4
NjYxMTg0MTNEREQxMzQxRDg1RTQ4NDAxNkQzNDk0MTAwMTYwRDQyNzRFN0Uw
M0MxMTFGREIxMzgzODM3RjAyNjYwMjNBMDAwMDRCNTY0ODIwMzczMjMwMzEz
MjMwMzUzMTM5MzEzMTM0MzAzMDMwMkYwMDAwMDAwQUQ3QTMzRDBBRDdBMzNC
MTdEMzQ5NDEwMDE2MEQ0MjYzMTkwODQxNDkzMzA5NDJENUVFNjQ0MTg4NDdD
RDQxRUM2OTlBNDEyMkU2QzQ0MTU2MzhCNDQxMTUzN0Q4NDE1N0M2QTg0MTM3
NzZCNDQxNEZERTgzNDFCMzI0QUE0MUNCRDk0NjQxNTZFREU4NDE1RkI0NkM0
MTMyQTQxQjQyNDFFNTkwNDFDODA4MzE0MkQ1OUQ4RDQxQjk0MTRCNDIyMzE5
MkQ0MTFEMjQ0RTQyNjM4MkM0NDA3M0EzMkI0MjFBMEVDQjNGRTQ3MTFENDI3
RTI1MEQ0MUY1OTUxNjQyQzREQzg5NDE1OTBGMDA0MkY1M0U2OTQxQ0I2QzAx
NDJFQTE0MUQ0MUJGRTUwQTQyOENFQzQyNDFGNTU3MEQ0Mjk4QzY0MDQxNTU4
NzAyNDI2NzcwREQ0MEVGODQwMzQyODQzRDk5NDBBNDg4MDg0MjQ5RDQxNDQx
NEZERTA1NDJDMkUyN0Y0MUQ3MEYxNDQyQTU5NzRGNDFFMjQ4MzI0MjBGNTY0
NDQxNjgwQTM1NDJGMjM4M0I0MUZEMUQzNDQyRTY3N0IwNDM3Mjg2MzE0MjdG
QzVBOTQzNUYwMzNGNDI2RDU0QjA0M0YwRjg2NTQyQjBBMjNBNDE4MDc4NjU0
MjFFNThDRDQwMDU1RDU1NDI1N0Q2OTUzRjQwRUE1NzQyNkJFREFGNDNDNkNF
NjQ0MjkyNzNBQzQzRTZDRDUxNDJGMEUzQUM0M0VGOEE0NzQyRjAwQkFENDMx
ODU5NTQ0MjJGMzJBQTQzNTk0MzcxNDIwMUY2QjA0M0ZENEI4MzQyM0ZGNzFC
NDI4Q0EwODE0MjY2RUIyODQyQ0EyOTgzNDJFOERGQkU0MTg5Qjk4OTQyNjhB
QkVGNDE1N0EyOTI0MkUzRTU0QzQyQjUxQzk5NDJDMzk4RkM0MTgzRjM5MTQy
OTg2OEVGNDE4NkU3ODY0MkNERjI5QzQxNkQ0NDhENDIyOTM4QTg0MzFEREM5
NDQyRERGNEIwM0YzNUQ1ODE0MDg3OUI5MDQwNjlDNjgzNDBGQjY2MDk0MTE0
QTMzQjQxOTY2NzA0NDE2NjBDQ0Q0MEQwREZBMTQwQ0FGODdCNDBENEE0ODkz
RkU1MjI5RjQwMDkyMDc4NDAxRTJCOEM0MDk4MUJDMjQwNEFEMEI4NDBGMjFG
NkM0MDBENTk4MzQwRDM5RTRGNDAwRTBFMzU0MDI4OUIzMjQwRjkyRTIyNDAx
MkU5N0YzRjM4OTVBMzNGQzkyRUJCM0ZGMjlBQzgzRjg2MkFENTNGNzkwNzk0
M0YwMDE4MTkzRjI3MzQ0RDNGQkYwMTYzM0Y4NUFENjYzRjQ5RkVEQjNFQUVC
RjJBM0ZCNzcyODMzRkY5ODEzRTNGMDNBMjUxM0VFRkFCRTgzRTJFNjdENDNF
NDZGRUI3M0VEQTQ1MDgzRjRCM0JGOTNFRjI5QjVBM0U0QkMzMjczRThFQzky
ODNFRjg1RjM1M0VDNDIwMEIzRThGM0JFMA==

--SBD.Boundary.605592468
PROCESS /noc/users/iridburst/exec/irid_300224010734970_upd.pl
Last Run  ----1970-01-01 00:00:00 
MONTH  5 
DATA  xxrecord 2012-05-19 12:00:05 :: $W5M5A,120519,120005,660d0028449ce246,1,DAS 2,4901.5794N,1621.6345W,20.8,346,24.7,14.0,10.5,82.2,7.6,10.7,81.7,7.7,1016.8,3,3.79,9.5,13,35*73
 
INSERT
STATION sbdservice
IRID_ID 300224010734970
BODY 
Content-Type: application/x-zip-compressed; name="SBMmessage.sbd"
Content-Disposition: attachment; filename="300224010734970_003408.sbd"
Content-Transfer-Encoding: base64

JFc1TTVBLDEyMDUxOSwxMzAwMDUsNjYwZDAwMjg0NDljZTI0NiwxLERBUyAy
LDQ5MDEuNTk3N04sMTYyMS41ODQ2VywxOC44LDM1OSwyMy44LDE0LjEsMTEu
MCw3My4yLDYuNCwxMS4wLDczLjksNi41LDEwMTYuNiwzLjAxLDQuMTcsOS41
LDE1LDMwKjU0DQoNCiRXNU01QSwxMjA1MTksMTMwMDA1LDY2MGQwMDI4NDQ5
Y2UyNDYsMixEQVMgMiwxMy44LDEzLjksMC4yLDAuMywwLjAxLDExMDcsMTEx
NCwxNTYsNjI5LDAsODEuNywxNS4wNSw5MjMqNTANCg0KJFc1TTVBLDEyMDUx
OSwxMzAwMDUsNjYwZDAwMjg0NDljZTI0NiwzLDdGMDA3NDAyM0EwMDAwNTMz
MjMwMzEzMjMwMzUzMTM5MzEzMjM0MzAzMDMwNTU1QTAwMzEzMjMwMzUzMTM5
MzEzMjM0MzAyQzU0NDE0MjMwMzAzMDMwMzAyQzJEMzAzNTMxMkUzMTJDMkMz
MTMzMkUzMjM4MkMzNDJFMzAyQzMzMzYzMDMwMkMzNjMwMkMzNjMwMkMzMTJD
MzAzMDM1MzczMDJDMzMyRTM0MzIyQzMxMkUzMjM2MkMzMjMwMkMzMDJDMzAy
RTMxMzYzNjJDMkIzMDMwMkUzMDBEMEFCQzEwM0UxMURBNUY3RjAwNjcwMjNB
MDAwMDU3MzIzMDMxMzIzMDM1MzEzOTMxMzIzNDMwMzAzMEZGNEQwMDAwODBG
QjQ0MDBDMDAxNDQwMDMwRjI0NzAwMDBERTQyOUY2ODAyNDA4MDYyRTY0MDAw
NUM4NTQwQTg1NTQwNDBDMkQ2MDQ0MTgzNzg3MTQwNTUyNTAyNDFGRTU3REQ0
MDg2NjExODQxMTQzNzEzNDFDNzNENEE0MDgyQjA3MTQxNzdEOEYyNDE0NTZB
RTYzQ0U0MUNBRjNFRDhGMjdGMDI1QTAyM0EwMDAwNEI1NjQ4MjAzNzMyMzAz
MTMyMzAzNTMxMzkzMTMyMzQzMDMwMzAyRTAwMDAwMDdCMTRBRTNEMEFEN0Ez
M0I4NkIwNzE0MTcxRDhGMjQxNDc0RkFDNDFDQzBEMTM0MjU0QTQ4ODQxQzEz
MDlBNDEyMTBFOTE0MUNCMEU3OTQxNTQ0RkE0NDFEODRGOEY0MTY3MEFBOTQx
QTY3RTk2NDE3N0IzOUE0MTZBNENCNzQxMUY0QTY4NDE3QUMxRDM0MTVGOEQ0
RTQxRjA1REMxNDE1MkMzNzQ0MTFGMTBFMDQxMzIzNEQyNDFDMTlCMTA0Mjg5
REQwQTQyRTA5NzIwNDI3MDYzQjc0MTNCNEMxQzQyM0FDNjk5NDFFRjA3MUQ0
MkQ1QjFBOTQxMDVCNTMyNDI2RDhGOTM0MTcwMDUzMTQyNzAyMjhDNDFCNzFF
MUQ0MjI5QTkzQzQxNENEMDE2NDIzRTNDMEM0MDI5QTIxMDQyQjhCNkIzNDMy
QjM4MTI0MkQ1MUJCMzQzRTZDRjE5NDIyQ0VCQjE0M0NFNDYxNjQyNDNCQ0Ix
NDNCOTc4MTQ0MjAxNEVCMjQzRDY5RjJBNDI3NUNBRTU0MDUyOTczMTQyQTk1
Mjc0NDEyQTJFMkE0MkM0Q0EzQjQxMjY4RTNCNDJEOEQ2QjI0MzY4QjgzNzQy
QkI2OEIzNDNGRTU5MkE0MkM1MDIwMzQxM0VGQjNDNDI3NDcxMTc0MDFEREM1
QTQyRjg0NEE4NDM3RDYxNjM0MjhDRTJBNDQzRUFGRDcyNDI5OTlGQTM0M0Ux
Q0Y3NTQyMTY4RUFFNDMxREYxNjk0MkJDMjJDOTQwMDg3ODYxNDIwOTkwQTU0
MEEwRTM3MTQyQkRFOUE0NDMwRUFEN0Y0MjZGOEQ5ODQzNzJFODgzNDJBMDE1
OTM0M0E2M0E5MDQyREVBN0FFNDM4QjYxOTE0MkUwQzc1QjQxRURGRjg2NDJC
QjQyNDM0MTZBMDM4OTQyQjgwQ0EzNDNCQTE3ODg0MjM4NzU5MDQzMjRCODcw
NDI0MEE3OEM0MzI4QUU3RDQyNDdFNThENDNERjIwOEE0MjUxMTA5MTNGRjM3
MTgwNDBFNzdFMTE0MTdGMkFGRDQwRjI4NzY2NDFEQkQyMEQ0MTU0NzBDNjQw
MkYyQzI3NDFFMzczMUE0MTFDM0Y5MjQwNjNFMDk3NDBENTlDQzU0MDYzMTg5
RjQwMTUzOERCM0Y1QzNBQjMzRjg1MjMyQjQwMjc1QjIyNDBDMkM3MEY0MDc3
NjcwMzQwQkZDMUI5M0ZGQ0FBREMzRkZFRUZDNzNGNzc1QTc2M0ZCQzRBOUYz
Rjg0MzlDNDNGQkVCQTFBM0Y3REExM0EzRjNCMTU1RDNGNThCNTNDM0YwN0VC
MkEzRkQwRDFERTNFOTk0MTJDM0ZBQjMwMDUzRkExNTMyNzNGOEY4ODE4M0Y0
QTdFQTMzRTU0RTk4ODNFNERCMkI0M0U4MUFCQUIzRUQwREZBRDNFMzdGODkz
M0UwOTM0MzQzRTgzNUQwQzNFNjEzOTMzM0UzNUJGODEzRTVBMTY3NzNFQ0E4
NDc1QUUqMUMNCg0K

--SBD.Boundary.605592468
PROCESS /noc/users/iridburst/exec/irid_300224010734970_upd.pl
Last Run  ----1970-01-01 00:00:00 
MONTH  5 
DATA  xxrecord 2012-05-19 13:00:05 :: $W5M5A,120519,130005,660d0028449ce246,1,DAS 2,4901.5977N,1621.5846W,18.8,359,23.8,14.1,11.0,73.2,6.4,11.0,73.9,6.5,1016.6,3.01,4.17,9.5,15,30*54
 
INSERT
STATION sbdservice
IRID_ID 300224010734970
BODY 
Content-Type: application/x-zip-compressed; name="SBMmessage.sbd"
Content-Disposition: attachment; filename="300224010734970_003409.sbd"
Content-Transfer-Encoding: base64

JFc1TTVBLDEyMDUxOSwxNDAwMDUsNjYwZDAwMjg0NDljZTI0NiwxLERBUyAy
LDQ5MDEuNjE0MU4sMTYyMS42MDM3VywyMS4wLDM1MywyNC45LDE0LjIsMTEu
Miw3Mi40LDYuNCwxMS4zLDcyLjcsNi42LDEwMTYuNywyLjYsNC4wNyw5LjUs
MTAsMzcqNjMNCg0KJFc1TTVBLDEyMDUxOSwxNDAwMDUsNjYwZDAwMjg0NDlj
ZTI0NiwyLERBUyAyLDEzLjgsMTMuOSwwLjIsMC40LDAuMDEsMTEwOCwxMTE1
LDE1Niw2MjgsMCw3OS45LDE1LjA1LDkyNio1Mw0KDQokVzVNNUEsMTIwNTE5
LDE0MDAwNSw2NjBkMDAyODQ0OWNlMjQ2LDMsN0YwMDc0MDIzQTAwMDA1MzMy
MzAzMTMyMzAzNTMxMzkzMTMzMzQzMDMwMzA1NTVBMDAzMTMyMzAzNTMxMzkz
MTMzMzQzMDJDNTQ0MTQyMzAzMDMwMzAzMDJDMkQzMDM1MzEyRTMxMkMyQzMx
MzMyRTMyMzgyQzM0MkUzMDJDMzMzNjMwMzAyQzM2MzAyQzM2MzAyQzMxMkMz
MDMwMzUzNzMwMkMzMzJFMzQzMjJDMzEyRTMyMzYyQzMyMzEyQzMwMkMzMDJF
MzEzNjM2MkMyQjMwMzAyRTMwMEQwQUJFMTBBMTgwQTEzQzdGMDA2NzAyM0Ew
MDAwNTczMjMwMzEzMjMwMzUzMTM5MzEzMzM0MzAzMDMwRkY0RDAwMDA4MEZC
NDQwMEMwMDE0NDAwREMwMjQ4MDAwMDAyNDM1NjEzRDEzRjdCQjZDNDQwNTMy
QjgyNDA0MzkwMjY0MDgzQkFGNzQwMTY1QTRBNDA4QkI1RkM0MDQyOEVEMTQw
ODY2MTE4NDE1NkM5MDc0MUFGRDQyRjQwM0EwNjI1NDE4Qzg4MTQ0MkQ3OTNB
RDNDNjkxQzkwODg0NzA0N0YwMjRFMDIzQTAwMDA0QjU2NDgyMDM3MzIzMDMx
MzIzMDM1MzEzOTMxMzMzNDMwMzAzMDJEMDAwMDAwN0IxNEFFM0QwQUQ3QTMz
QjNBMDYyNTQxOEI4ODE0NDJDNjQ2ODY0MDZDMENDQTQxRjEyRUU2NDA4MDRF
QzQ0MUVCRDU3NDQxQzZDNURDNDFBREU3QTI0MTcxNUVDMDQxQjcyRUI4NDE4
Q0M0OUM0MTRGNTlCMTQxMENCRENGNDE4MDQ1NDg0MTBCNTlFNzQxOTQ4MjIx
NDEwMDhEQ0Q0MTM2NjcxOTQxQzVDRDA0NDI1MjMxMDY0MUUzMDEyQTQyOTIw
OTI4NDFFNTk1MzE0MjY0NjQ0NjQxQ0YwMjM2NDJERDlDMkY0MTY0QUU0MTQy
RkRFNzJBNDEwRDFDMzc0MjZBNjVCNzQwNTZBMjEzNDJFQUMwRDk0MEI2QTUx
RDQyRjZGMTlGNDAzMjBCMkY0MkIxMDIxMjQwMDM5MDI3NDIwODY3MkQzRjZE
OTgxRTQyODY4RjJCM0Y2OTY4MkM0MjI3NkFCRjQwQ0IyNjQyNDJCOUMwNTc0
MTY0NDkzOTQyQkE1NUMyNDFCRjUwMzQ0MjBGQzdFOTQxRTQzMTJENDIzQ0U2
NDQ0MTE4M0UzRTQyRjA5M0FGNDM5QTIyNDA0MkMwMzVBRjQzMEFDNzNGNDIw
MTY2NDA0MDI2RDM1MjQyOEM3QzJDNDFEREIxNjA0MkUxNENCMjQzQThFNjZF
NDJCRUMyQUQ0M0EwODY3MzQyRTJGMUIyNDM4NzkxNUU0MjEzQTZBRjQzQkQ0
QzRFNDJENTc5QTc0MzJERTM0QzQyNEMxQkE1NDNGM0ZDNUY0MkRBQkFCMDQz
MzM1QTcwNDI3MkQ5Qjk0MERCMEQ3MTQyOUREMUI3NDA3NkQ2NzU0MjBGQUMy
RTQxODQyOTY4NDJFNEY2MzE0MTUyQjE2MjQyMDY4OUFGNDM5Qjk2ODM0MkE1
OTNBNDQzNzcyNjhDNDI2QzhDQUQ0MzkyMjM5NzQyREY1RTQ4NDI4NTBCOTY0
MkZCRDM0OTQyODRCMTkyNDJGRjcwMTA0MEQ1Mzg0RTQwMDU2RjkyNDA1OUUy
Qjc0MEJFNUVFQTQwQzg5MDdBNDBDQUIyMDA0MDEwQjlDNTQwQzVDMjlBNDBB
N0IxREQ0MENDQzZCQjQwMEE0Qzk4NDBDQUNGNjU0MEZDQjZFNDNGQ0FEQjQ3
NDA5NTYwMDQ0MDdEMEYwNjQwMjI3NDAwNDA5NEIwMEQ0MEZDQ0RERjNGRTQ3
REIxM0ZDREIxRDQzRjQzRTY4RTNGODA3OTY1M0YwRUQ5MkYzRjc5MjZBODNG
MkI5OUNFM0ZFNkM5QTIzRjVDMUE5ODNGNkUyNDJCM0YwNThEQkQzRTg0NzAx
NTNGODdGMTEyM0ZEN0FBQjAzRUIxRUE5ODNFMDkwMEEzM0UxQkQ3Q0EzRTMx
OTE2NzNFRjIyODdCM0UyQzU1NDQzRTI0Qzg4QzNFNTE5NTg3M0VGODkzNUQz
RUJCMEMwRjNFNjE2NEVCM0QyNkMyOUFDMyoxOQ0KDQo=

--SBD.Boundary.605592468
PROCESS /noc/users/iridburst/exec/irid_300224010734970_upd.pl
Last Run  ----1970-01-01 00:00:00 
MONTH  5 
DATA  xxrecord 2012-05-19 14:00:05 :: $W5M5A,120519,140005,660d0028449ce246,1,DAS 2,4901.6141N,1621.6037W,21.0,353,24.9,14.2,11.2,72.4,6.4,11.3,72.7,6.6,1016.7,2.6,4.07,9.5,10,37*63
 
INSERT
STATION sbdservice
IRID_ID 300224010734970
BODY 
Content-Type: application/x-zip-compressed; name="SBMmessage.sbd"
Content-Disposition: attachment; filename="300224010734970_003410.sbd"
Content-Transfer-Encoding: base64

JFc1TTVBLDEyMDUxOSwxNTAwMDUsNjYwZDAwMjg0NDljZTI0NiwxLERBUyAy
LDQ5MDEuNjM5Mk4sMTYyMS42NjY2VywxOS41LDM1NCwyNC4wLDE0LjIsMTEu
MSw3MC4xLDUuOCwxMS4yLDcwLjYsNi4wLDEwMTYuNiwyLjY3LDMuODIsOS41
LDE0LDM3KjVCDQoNCiRXNU01QSwxMjA1MTksMTUwMDA1LDY2MGQwMDI4NDQ5
Y2UyNDYsMixEQVMgMiwxMy44LDEzLjksMC4yLDAuNCwwLjAxLDExMDksMTEx
NiwxNTYsNjI5LDAsMzUuNiwxNS4wNSw5MjQqNTQNCg0KJFc1TTVBLDEyMDUx
OSwxNTAwMDUsNjYwZDAwMjg0NDljZTI0NiwzLDdGMDA3NDAyM0EwMDAwNTMz
MjMwMzEzMjMwMzUzMTM5MzEzNDM0MzAzMDMwNTU1QTAwMzEzMjMwMzUzMTM5
MzEzNDM0MzAyQzU0NDE0MjMwMzAzMDMwMzAyQzJEMzAzNTMxMkUzMTJDMkMz
MTMzMkUzMjM4MkMzNDJFMzAyQzMzMzYzMDMwMkMzNjMwMkMzNjMwMkMzMTJD
MzAzMDM1MzczMDJDMzMyRTM0MzIyQzMxMkUzMjM2MkMzMjMyMkMzMDJDMzAy
RTMxMzYzNzJDMkIzMDMwMkUzMDBEMEFDMTEwRDc1NjU3MDI3RjAwNjcwMjNB
MDAwMDU3MzIzMDMxMzIzMDM1MzEzOTMxMzQzNDMwMzAzMEZGNEQwMDAwODBG
QjQ0MDBDMDAxNDQwMEEwMEM0ODAwMDBFNDQyNkEwQ0U0M0ZDODUyRTA0MDk0
QjY3NDQwMkRGODJBNDBEQTQ5MDI0MUNBQTE1MzQwREY3MkZENDA3NUUwRDc0
MDg2NjExODQxNTcwNjA3NDE5QzczMzI0MEVBRDk1RjQxRkU3QzEyNDJERjcy
QjIzQ0JFMUY4MkJGMTQ0OTdGMDI2NjAyM0EwMDAwNEI1NjQ4MjAzNzMyMzAz
MTMyMzAzNTMxMzkzMTM0MzQzMDMwMzAyRjAwMDAwMDBBRDdBMzNEMEFEN0Ez
M0JFRkQ5NUY0MTAxN0QxMjQyMUFBQjg5NDBCNkZGMkY0MkNEM0U1MjQxM0U1
MjEzNDI0RUMzQzQ0MTBBQUIwMDQyM0Y1N0I0NDFCQjEzRTc0MUZBQzg5MDQx
OTlGMUJGNDExMEE4OTI0MTNDRERBRTQxNEIwQUEyNDFEQUE5QzU0MTY3N0RC
RTQxNEQyMkQ0NDE1MEQxQTU0MTVGQUVGQTQxMUQyRjI2NDE1OTcxMTI0MkEy
RjEzRTQxRUU0MjE3NDJBQjEzQkI0MTM4NDYxODQyOEQzODAwNDJDQjlBMjQ0
MjMwNzhERTQxRjhDMjJGNDIxRTREQjg0MTNCQTMyMzQyMDFFRjhFNDE0QjU5
MUI0MjYzRDE4ODQwRTAzQzE3NDIxQUM1QjI0MzdDMTUxNTQyRDZGN0IxNDM1
Q0VGMkQ0MkMzNzNBRTQzQUM4MDQ2NDI0ODVBQjA0M0Y5OTA1NjQyMjk1RkIy
NDM2QkJENTg0MjI5ODZBRjQzODhFQzU3NDI5MUI5QTk0MzlDODM0NDQyNzk1
MEFBNDNBM0REMzA0MjNCNzdBRjQzNjU2NzMyNDIzNzYyQUY0MzQwMTYzQzQy
NzA1M0IxNDNBOEFFNjA0MjgxREU1RjQwOEEyNDZBNDJBNzRBODM0MEVBNDg2
MDQyN0YxNUIxNDM4OEFGNjI0MjA1NjFBQjQzODlDNDZENDI2NkREQTQ0MzZE
N0Q4MTQyOTJFMzlENDM2MDAxOEY0MkZDNERBRjQzRTZDQjkxNDI4OTMyODA0
MTlGOEY4RTQyNkRFOUY3NDE0RTcxODU0MkUyMzQxODQxODdBNDgwNDJGNUE0
QUQ0M0U5RjU4MTQyQUY4NkIzNDMxNDMxOTY0MjFGOEZBNzQzNDk3NjlGNDI3
NzgwOTY0M0VBREM4QjQyOEU5REE3NDNFNkIzOTQ0MjJDQjA4QzQxMkRFQjky
NDJEODhCM0M0MTU4NUQ5MzQyREE0MTlENDI3M0UwOTU0MjE1NTM2QzQyMEYw
RThFNDI5RDNDNDYzRjUwQkNCODNGMTQ4NTE0NDBBMDIyNDI0MEUzRDJCMDQw
OUQxNTBBNDE5Q0M1QTg0MDIyRjdCNTQwMzM5M0YxNDA5Qzc4RDY0MDE2NTJG
QzQwM0Q5OUQ5NDA2Mzc3MzM0MEI0MUEyMTQwMkE0NDQ5NDBFQjMyOTA0MEFE
RDUwQzQwOTVCMDAyNDA4M0QyRDIzRjE2NzJCOTNGMjZFMDNEM0ZFMzkzNTgz
RjQ3MTA1ODNGNkJERjg5M0ZBMjEyQzAzRjNBQTc3MjNGRkI1RTBBM0ZEMjUz
RjAzRTdDMjM2RDNGODhENTRBM0Y0RTY0NTAzRjQwQTkyOTNGMDhBREEzM0U3
RUNGNEMzRTk4NDc5QzNFQkQ4QkJBM0VEM0M2RkUzRUU4QkQwNjNGRDMwMkIz
M0VDQjUxMDIzRTEzQTUyMjNFNjhFOTE3M0U4RUI1NUYzRTVCRTc3MDNFRTc3
MkQ0M0QwNkVFOEQzREMyMTI0MjNEM0RDMQ==

--SBD.Boundary.605592468
PROCESS /noc/users/iridburst/exec/irid_300224010734970_upd.pl
Last Run  ----1970-01-01 00:00:00 
MONTH  5 
DATA  xxrecord 2012-05-19 15:00:05 :: $W5M5A,120519,150005,660d0028449ce246,1,DAS 2,4901.6392N,1621.6666W,19.5,354,24.0,14.2,11.1,70.1,5.8,11.2,70.6,6.0,1016.6,2.67,3.82,9.5,14,37*5B
 
INSERT
STATION sbdservice
IRID_ID 300224010734970
BODY 
Content-Type: application/x-zip-compressed; name="SBMmessage.sbd"
Content-Disposition: attachment; filename="300224010734970_003411.sbd"
Content-Transfer-Encoding: base64

JFc1TTVBLDEyMDUxOSwxNjAwMDUsNjYwZDAwMjg0NDljZTI0NiwxLERBUyAy
LDQ5MDEuNjY2Mk4sMTYyMS43MzAzVywxNi42LDM0OSwyMS43LDE0LjIsMTAu
OSw2OC4wLDUuMiwxMS4wLDY4LjMsNS40LDEwMTYuNSwsLCwsKjdGDQoNCiRX
NU01QSwxMjA1MTksMTYwMDA1LDY2MGQwMDI4NDQ5Y2UyNDYsMixEQVMgMiwx
My44LDEzLjksMC4yLDAuNCwwLjAxLDExMTAsMTExOCwxNTYsNTA4LDAsNTcu
NywxNS4wNSw5MTgqNUINCg0KJFc1TTVBLDEyMDUxOSwxNjAwMDUsNjYwZDAw
Mjg0NDljZTI0NiwzLCoxOQ0KDQo=

--SBD.Boundary.605592468
PROCESS /noc/users/iridburst/exec/irid_300224010734970_upd.pl
Last Run  ----1970-01-01 00:00:00 
MONTH  5 
DATA  xxrecord 2012-05-19 16:00:05 :: $W5M5A,120519,160005,660d0028449ce246,1,DAS 2,4901.6662N,1621.7303W,16.6,349,21.7,14.2,10.9,68.0,5.2,11.0,68.3,5.4,1016.5,,,,,*7F
 
INSERT
STATION sbdservice
IRID_ID 300224010734970
BODY 
Content-Type: application/x-zip-compressed; name="SBMmessage.sbd"
Content-Disposition: attachment; filename="300224010734970_003412.sbd"
Content-Transfer-Encoding: base64

JFc1TTVBLDEyMDUxOSwxNzAwMDUsNjYwZDAwMjg0NDljZTI0NiwxLERBUyAy
LDQ5MDEuNjgyN04sMTYyMS43NzkxVywxNS45LDM0MywyMC4yLDE0LjIsMTAu
OCw2OS4wLDUuNCwxMC45LDY5LjUsNS41LDEwMTYuNSwyLjQzLDMuNzQsOS41
LDIwLDM3KjU1DQoNCiRXNU01QSwxMjA1MTksMTcwMDA1LDY2MGQwMDI4NDQ5
Y2UyNDYsMixEQVMgMiwxMy44LDEzLjksMC4yLDAuNCwwLjAxLDExMTEsMTEx
OSwxNTYsNjI4LDAsOTMuNiwxNS4wNSw5MjYqNUYNCg0KJFc1TTVBLDEyMDUx
OSwxNzAwMDUsNjYwZDAwMjg0NDljZTI0NiwzLDdGMDA3NDAyM0EwMDAwNTMz
MjMwMzEzMjMwMzUzMTM5MzEzNjM0MzAzMDMwNTU1QTAwMzEzMjMwMzUzMTM5
MzEzNjM0MzAyQzU0NDE0MjMwMzAzMDMwMzAyQzJEMzAzNTMxMkUzMTJDMkMz
MTMzMkUzMjM5MkMzNDJFMzAyQzMzMzYzMDMwMkMzNjMwMkMzNjMwMkMzMTJD
MzAzMDM1MzczMDJDMzMyRTM0MzIyQzMxMkUzMjM2MkMzMjM1MkMzMDJDMzAy
RTMxMzYzNjJDMkIzMDMwMkUzMDBEMEFDNjEwQzUyRjE1MkM3RjAwNjcwMjNB
MDAwMDU3MzIzMDMxMzIzMDM1MzEzOTMxMzYzNDMwMzAzMEZGNEQwMDAwODBG
QjQ0MDBDMDAxNDQwMDI4MjA0ODAwMDBGNDQyMDBDRENDM0ZBOUJCRDE0MERC
NEI2RjQwQjU3NzFCNDBEMTg1RkE0MDIwNkE0MTQwRDVFQkVGNDAxNUM1Q0U0
MDg2NjExODQxMkE0MzA5NDEzMThDMjM0MENERUI5RTQxOUUxQTE1NDIxMjg3
OTYzQzE5MUUzMjI4QzY1MzdGMDI3MjAyM0EwMDAwNEI1NjQ4MjAzNzMyMzAz
MTMyMzAzNTMxMzkzMTM2MzQzMDMwMzAzMDAwMDAwMDdCMTRBRTNEMEFEN0Ez
M0JDQkVCOUU0MTlBMUExNTQyQ0QwQzVGNDFFRDhGMTM0MkFFNTFBMjQxREU5
NkVENDE0NDAxQkY0MTIxRkVDQTQxMjUwQUM2NDE3MEYzOUU0MTYyRUVDQjQx
NDkyMkI4NDFGN0ZBRUE0MTgzREVFODQxMEE3MDAwNDIwMTdDMDM0Mjk2NzJG
RjQxMzgzQzE1NDJFRkJGRTc0MTRGM0EyQzQyMkFGMEM0NDExMUZCMTg0MkFG
QThCRDQxQUQzRDA2NDIwNEIzREQ0MUY2NTIwQzQyODU4REYxNDFGNTZDMTg0
MkM2MjI5RjQxRENDMjMwNDI2MDQ3RDg0MDU5RDczQTQyMzQ0M0QxNDA5NkYz
Mjg0MjFGRjRGQTQwQTM1NTA1NDI4OTU5MDY0MTY3MkYxNDQyRTdBRDlGNDFB
NUVFMkU0MkE2QkJDRTQxMDNGQzMxNDIwRjJBMDM0MUZFREQzMzQyNDZEOEIx
NDMxMjk4MzU0MjQ2NDFBRDQzQ0ZCQTQ0NDJBM0JGQjA0MzM1NDg2MDQyRjk0
RUFGNDE4NkQ1NzA0MjVGNTM4QzQxMTk2ODc3NDIyQkNDOEM0MDZGRDA1QTQy
NTIzQ0U5NDA3MDM3M0M0MjQ4OTdGQjNGRTE3QTNCNDJDRjFDQjE0MzU5OTg1
MjQyMzcxQkFBNDM1NzI2Nzc0Mjg0NjYwNTQwQ0VFRTg4NDJBNUI4Q0E0MUQ4
NTg4MjQyMTlBMURBNDA5MTAxODQ0MkRBRjdCMjQzRkZGOTdCNDI2QTJEMkI0
MEIzRjA2MzQyMUNFMjA5NDE3NEQ4NUI0MkU3RTQ1NzQxRjNGNjZDNDI0RTgz
QjI0MzQ5MTA4QjQyQzhCODk2NDNDQTlCOTY0MkFFQzc4QzQzMEVDQTlENDJC
RjJFOTE0MzhFQTA5QTQyNDhCODk4NDMwRUNBOEQ0MkFEMUZBMzQzNjc1MzhF
NDI4Rjc5MzQ0MTA5QTk5MjQyMTkzMUIxNDMzOUY1OTQ0MjM2QzFBOTQzOEE3
MDk3NDIxMjkzOEM0MTA2NkY5QzQyMjE4RjM2M0ZBNTNCQzczRjc0NTgwMDQw
NUI5REE4NDA1OEZCRjA0MDFEN0Y4MjQwMzAyNUJDNDA1MzhCNUU0MEQ4OTEz
NzQwNTkwNjVBNDA1QjFBQ0U0MEM4ODdBQTQwNTJDOTgzNDBFRTEyMUM0MDE2
RUMxNTQwNzhCQ0I3M0Y5OTgwMzI0MEM2OTNGMTNGMkU2RkM1M0Y2ODQ4ODAz
RkNBNjhDODNGNjkwRkVEM0ZGMUU0NkUzRkJFODk4QTNGNDVBRTExM0Y2RkNG
OTEzRTczRUVFNDNFRTFDQzAzM0Y5QTVCNkEzRjBDRTc1MjNGRjdDQkRGM0U1
NzAxQUEzRTMwMURDMDNFNjBBMkJFM0VFNzkzRjQzRTJCMkQwQTNGNzhGMTEw
M0Y4RTAzREEzRTgwMEREQjNFNjg1MzVEM0VENTZDRUUzRDVCN0UxQTNFODM1
M0FGM0Q4NDc5MUMzRTc1RUNCRTNEMjdBOA==

--SBD.Boundary.605592468
PROCESS /noc/users/iridburst/exec/irid_300224010734970_upd.pl
Last Run  ----1970-01-01 00:00:00 
MONTH  5 
DATA  xxrecord 2012-05-19 17:00:05 :: $W5M5A,120519,170005,660d0028449ce246,1,DAS 2,4901.6827N,1621.7791W,15.9,343,20.2,14.2,10.8,69.0,5.4,10.9,69.5,5.5,1016.5,2.43,3.74,9.5,20,37*55
 
INSERT
STATION sbdservice
IRID_ID 300224010734970
BODY 
Content-Type: application/x-zip-compressed; name="SBMmessage.sbd"
Content-Disposition: attachment; filename="300224010734970_003413.sbd"
Content-Transfer-Encoding: base64

JFc1TTVBLDEyMDUxOSwxODAwMDUsNjYwZDAwMjg0NDljZTI0NiwxLERBUyAy
LDQ5MDEuNjk0Nk4sMTYyMS44MjYxVywxNC43LDMzNSwxOS4xLDE0LjEsMTAu
Nyw2NC45LDQuMywxMC43LDY1LjUsNC42LDEwMTYuOCwxLjk0LDIuNTksNy43
LDEyLDQxKjU2DQoNCiRXNU01QSwxMjA1MTksMTgwMDA1LDY2MGQwMDI4NDQ5
Y2UyNDYsMixEQVMgMiwxMy44LDEzLjksMC4yLDAuNCwwLjAxLDExMTIsMTEy
MCwxNTYsNjI5LDAsMzQ4LjksMTUuMDUsOTIyKjY2DQoNCiRXNU01QSwxMjA1
MTksMTgwMDA1LDY2MGQwMDI4NDQ5Y2UyNDYsMyw3RjAwNzQwMjNBMDAwMDUz
MzIzMDMxMzIzMDM1MzEzOTMxMzczNDMwMzAzMDU1NUEwMDMxMzIzMDM1MzEz
OTMxMzczNDMwMkM1NDQxNDIzMDMwMzAzMDMwMkMyRDMwMzUzMTJFMzEyQzJD
MzEzMzJFMzIzODJDMzQyRTMwMkMzMzM2MzAzMDJDMzYzMDJDMzYzMDJDMzEy
QzMwMzAzNTM3MzAyQzMzMkUzNDMyMkMzMTJFMzIzNjJDMzIzNjJDMzAyQzMw
MkUzMTM2MzYyQzJCMzAzMDJFMzAwRDBBQzcxMDI3MjQ4ODZEN0YwMDY3MDIz
QTAwMDA1NzMyMzAzMTMyMzAzNTMxMzkzMTM3MzQzMDMwMzBGRjREMDAwMDgw
RkI0NDAwQzAwMTQ0MDBFQzI5NDgwMDAwMDU0MzUzQzNBNDNGNDM3OUJGNDBG
MjExMjY0MDY2MkJGODNGODYyQUUyNDBCMTJFMTM0MDQ1NENGMTQwNDJGOUMx
NDA2MzI3RjY0MEVGQTlGMjQwNDEyNzA2NDBDRTc5NDM0MTFFRDgyMzQyNTA2
MzQ1M0MyRTFEODBFNDIxRjE3RjAyOTYwMjNBMDAwMDRCNTY0ODIwMzczMjMw
MzEzMjMwMzUzMTM5MzEzNzM0MzAzMDMwMzMwMDAwMDAwQUQ3QTMzRDBBRDdB
MzNCRDQ3OTQzNDExREQ4MjM0MkNGMUJBRTQwMDZCQjNGNDIwMkY3NDg0MTJD
OTMyMTQyNkMzQjcwNDE2RTRBMTc0MkYwNzE4RjQxOTI3M0Y2NDExMjVCOTQ0
MTBGODdEOTQxQkM3Mjk0NDFEOEE3RTk0MTZDQTU5NTQxREZENkVBNDFGRjY1
QjQ0MTU5RTVGNDQxMDQ3NUQ3NDE4RDAxMDI0MjcwNTlDMjQxODExQjA1NDJB
RjkzQkM0MUI4REQwQTQyQzJCQkQ3NDFFOTg1MTg0MjQxNjZBQzQxMkQwQTIw
NDI2RTI2MzY0MUYxNjIyQzQyQ0JDNTg3NDE4MDBDNTA0MjJBQjA3QzQxNjBE
ODQ0NDIxRjBFMTA0MTRDNEQyQTQyRTAyMDJBNDAyRUE1MTQ0MkU5QjJCMzQz
MjgyQTEzNDIxNDFEQjM0M0NCOUYyMTQyMjhDRUU1NDA3MzhDMzY0MkY4NTA0
OTQxQTZBRDM2NDJFREMyNTc0MUQ2RTgzQzQyQzE3NjRDNDExODg3NTE0MjRC
RTM5MTNGNjAwQzU1NDJCNUJCQUY0M0QwMjM1MTQyNjcxMEE5NDM1Qjc2NjM0
MkU1NThBNjQzNEU2NjY3NDJBNDdDQTk0Mzc5QzQ1QTQyN0YwQUFENDMzMEJC
NUE0MkVENTZBRjQzQjEwRjVCNDI2MzI2QjI0M0RGMzI2OTQyOEY3OUI0M0Yz
NERDN0Y0MjgyQkVCMzQzMzE4MDdENDI4MDZBRDA0MDgxODg4MDQyNEY1QTRG
NDFGNUY5N0Y0MjMxMTkwNjNFMTNDQzcyNDJERTlDQUE0M0QxRTQ2RTQyMzI3
RUE4NDNBQzdFODE0MjkwODhBRTQzODUzMTg0NDIyMUJBQTU0M0I2Rjc4OTQy
OTk5QTlENDMwMTVEOTA0MjJDNkVBRjQzMzFBNDhGNDI5NUU4QTU0M0ZFOTU4
RTQyN0ExRDkwNDNCRjdEODU0MkRCNTA4NDQzQUNDODk1NDJFOTNBODY0MkFF
Nzc4RjQyNDI1QjVBNDJDRDIxODk0MjlCOTdBQTQxQkRCNDk2NDI5RDA3OTk0
M0Q4QzQ5NTQyODIwQjlBNDNGNkYzOEQ0MkYwMUI4MDNFQzAyMkIwM0U5MjMy
MjgzRkU3MEU4QjNGRDJDRjExNDA2Q0UyMzA0MDY0NUYyMzQwMDIxODJFNDA4
MDlENEY0MEZEQjMyMDQwQUNFMjcwNDAxNUFFNjQ0MDc0QjUwNzQwM0JCQzk1
M0Y5NTc5OEEzRjkzM0ExMjQwMjBCRDIxNDA3QjBBMTI0MEY2M0QzRDQwNEND
NzlCM0YxMkVBMzgzRkU2M0IyOTNGM0UyOTQyM0ZFMjE5MEMzRkJGRjg0NjNG
OUY5OTNCM0YzODJBRkQzRUM0MERDNjNFNEI2NDQ3M0YzNDE5NUIzRkY1Njg3
MjNGOUI3QzI4M0YwRDAxODAzRUQ0RDVEODNFNEQ3RUIwM0U2NTgxREIzRTk3
RDUxRjNGNDVCNUMzM0UyRUNGNTMzRTA3MA==

--SBD.Boundary.605592468
PROCESS /noc/users/iridburst/exec/irid_300224010734970_upd.pl
Last Run  ----1970-01-01 00:00:00 
MONTH  5 
DATA  xxrecord 2012-05-19 18:00:05 :: $W5M5A,120519,180005,660d0028449ce246,1,DAS 2,4901.6946N,1621.8261W,14.7,335,19.1,14.1,10.7,64.9,4.3,10.7,65.5,4.6,1016.8,1.94,2.59,7.7,12,41*56
 
INSERT
STATION sbdservice
IRID_ID 300224010734970
BODY 
Content-Type: application/x-zip-compressed; name="SBMmessage.sbd"
Content-Disposition: attachment; filename="300224010734970_003414.sbd"
Content-Transfer-Encoding: base64

JFc1TTVBLDEyMDUxOSwxOTAwMDUsNjYwZDAwMjg0NDljZTI0NiwxLERBUyAy
LDQ5MDEuNjk5OU4sMTYyMS44MjkzVywxNC4wLDM0MiwxOS4yLDE0LjEsMTAu
OCw2NS41LDQuNiwxMC44LDY2LjIsNC43LDEwMTcuMSwxLjg3LDIuNzksOS41
LDExLDQxKjU2DQoNCiRXNU01QSwxMjA1MTksMTkwMDA1LDY2MGQwMDI4NDQ5
Y2UyNDYsMixEQVMgMiwxMy44LDEzLjksMC4yLDAuNCwwLjAxLDExMTMsMTEy
MSwxNTYsNjI5LDAsMTUuMSwxNS40NCw5MjgqNUINCg0KJFc1TTVBLDEyMDUx
OSwxOTAwMDUsNjYwZDAwMjg0NDljZTI0NiwzLDdGMDA3NDAyM0EwMDAwNTMz
MjMwMzEzMjMwMzUzMTM5MzEzODM0MzAzMDMwNTU1QTAwMzEzMjMwMzUzMTM5
MzEzODM0MzAyQzU0NDE0MjMwMzAzMDMwMzAyQzJEMzAzNTMxMkUzMTJDMkMz
MTMzMkUzMjM5MkMzNDJFMzAyQzMzMzYzMDMwMkMzNjMwMkMzNjMwMkMzMTJD
MzAzMDM1MzczMDJDMzMyRTM0MzIyQzMxMkUzMjM2MkMzMjM3MkMzMDJDMzAy
RTMxMzYzNjJDMkIzMDMwMkUzMDBEMEFDQTEwQkYwQ0NFNEM3RjAwNjcwMjNB
MDAwMDU3MzIzMDMxMzIzMDM1MzEzOTMxMzgzNDMwMzAzMEZGNEQwMDAwODBG
QjQ0MDBDMDAxNDQwMEIwMzM0ODAwMDAwMTQzMzQ0NTlDM0Y5RkI2QzY0MEEy
N0MzMjQwMEQ2NEVGM0Y1NjBGRTM0MEE0MTAxMzQwNEM3OUY0NDA5RENGQzQ0
MDg2NjExODQxMTlBRDEwNDFEOEFERkQzRjZENEQyRDQxNDk3NzI1NDIzMTVC
MjkzQ0FEMUI0NDg5OEIwNjdGMDJBMjAyM0EwMDAwNEI1NjQ4MjAzNzMyMzAz
MTMyMzAzNTMxMzkzMTM4MzQzMDMwMzAzNDAwMDAwMDI5NUM4RjNEMEFEN0Ez
M0I3MzREMkQ0MTQ5NzcyNTQyRThGNzhDNDM3ODIzOTE0MjFBNDVBRTQzRDY3
Mzk1NDJGRjY1QjM0M0NEQTg3NjQyMjFBQ0UzNDA5QTYwMzA0MkU2REE1RjQx
QTczNDEyNDIzOTEyNUQ0MTc1NUUwNTQyMzhBQzc1NDE2NTY3QkY0MTY3QTM5
NjQxMkM2MUEwNDFBOTZFOEU0MTlDM0JGQzQxMEJFNTc3NDE3QTM4MjU0MjdF
MEU3NTQxNEI1QjIwNDIwM0VGNjE0MUM3NzEzMzQyNjAxNkExNDE5N0YzNDM0
MjM5Qzg5ODQxQTRCMjJBNDIyN0RBOUE0MUMwMjYxMzQyMTgwMjhENDFDNDJF
MEE0MkZGNTQ1RjQxNjQ0MTA0NDI0QjUyOEI0MUI4Q0MxQTQyMUI2RkE2M0Y4
NTUxNTY0MkFFODhBNjQzMTAzMTQ0NDIzMEE5QUE0MzcxMzAzRjQyQUYzOTE4
NDAzNjJFNTI0MjVCNkM5MzQxMjg3RTUwNDJGREJBMjM0MTAxQzg0NDQyNkQ0
MTdDM0YzMEEwNDc0MjE4QThGODQwREZGODNFNDJDRDhBMzA0MTE4MUEyRDQy
RkMwODk4NDA4QUQ0NEY0MjcwRjVCMzQzMDc1Nzc1NDI1Rjg5QjI0M0ZBNTg3
RDQyNTQyRUFGNDM0RkIzNzQ0MjNDMThBRDQzNDlCRTU2NDI1QzkwQUQ0M0Uz
NzY0MzQyMjE0QkFGNDMxOTNGNTg0MjBDQzBBNjQzNDhBRDYyNDJERDA0QTc0
MzA0NzU2MzQyN0ZDMzdENDBDMjlBN0Y0MjY3QjA5NDQxOEUyNTczNDIwOEI2
ODE0MTEzMDE1NzQyNDk3OUIyNDM0MEIwNUM0MjNGREFBNjQzQjhENzU3NDI1
RDY3QTY0MzI2RDg2MDQyMzRBQkE0NDNGRjBCOEI0MkY0Njk2NjQzODRDQTlF
NDJEOUMxMjI0MzA4RDQ5QTQyMjgzRTMwNDM0MUFGOUU0Mjc5Njg5MDQyNDZE
NDkyNDI5MzVDNzk0MkExQzU4ODQyRjc3M0FGNDIwMkNGOTE0MkY3NzFFQTQy
Mjc5NzlCNDI5MjM5OTI0M0FGMjg5QTQyRTlDMTg1NDMzRTBBOTQ0MjM0MUYx
QzNEQTNBNzlDM0M3ODUwOTEzREMwQkFBRDNFOTQwMDFBM0YzMkJBNjUzRjND
N0JFRDNGNjRDMzlGNDA3Q0Q5NDk0MDg2RDBDNzNGNzdDQjMwNDA1M0U0MkM0
MDVDMUFGMzNGQzhBQzIxNDA5MUEwMkY0MDUzRTcyMjQwNUE3REY5M0ZGM0E4
NDkzRjY0Q0UxNjNGMzk2RjFEM0ZGM0U4RDEzRjc0MjQ4ODNGNDA2MDk0M0Y0
RjEzQUEzRkQ3QTUxODNGOTRGNTlBM0ZBOEE2OTczRjcxQUQxOTNGRjYwQTFG
M0Y4RTI1RUUzRTU5MzAwRTNGRkIxNDM4M0YwNUU2NEYzRjE1ODM5MjNFNDhB
NTdGM0VEMkI5QUIzRTA3NUU0RjNFQzA2Ng==

--SBD.Boundary.605592468
PROCESS /noc/users/iridburst/exec/irid_300224010734970_upd.pl
Last Run  ----1970-01-01 00:00:00 
MONTH  5 
DATA  xxrecord 2012-05-19 19:00:05 :: $W5M5A,120519,190005,660d0028449ce246,1,DAS 2,4901.6999N,1621.8293W,14.0,342,19.2,14.1,10.8,65.5,4.6,10.8,66.2,4.7,1017.1,1.87,2.79,9.5,11,41*56
 
INSERT
STATION sbdservice
IRID_ID 300224010734970
BODY 
Content-Type: application/x-zip-compressed; name="SBMmessage.sbd"
Content-Disposition: attachment; filename="300224010734970_003415.sbd"
Content-Transfer-Encoding: base64

JFc1TTVBLDEyMDUxOSwyMDAwMDUsNjYwZDAwMjg0NDljZTI0NiwxLERBUyAy
LDQ5MDEuNjc5M04sMTYyMS43ODQyVywxMi4xLDMzOCwxNS4wLDE0LjAsMTAu
Nyw2Ni44LDQuOCwxMC43LDY3LjUsNS4wLDEwMTcuMiwyLjE0LDMuODcsOS41
LDE5LDM2KjU2DQoNCiRXNU01QSwxMjA1MTksMjAwMDA1LDY2MGQwMDI4NDQ5
Y2UyNDYsMixEQVMgMiwxMy4xLDEzLjMsMC4yLDAuNCwwLjAxLDExMTQsMTEy
MiwxNTYsNjI4LDAsMTY3LjAsMTUuNDQsOTI2KjZDDQoNCiRXNU01QSwxMjA1
MTksMjAwMDA1LDY2MGQwMDI4NDQ5Y2UyNDYsMyw3RjAwNzQwMjNBMDAwMDUz
MzIzMDMxMzIzMDM1MzEzOTMxMzkzNDMwMzAzMDU1NUEwMDMxMzIzMDM1MzEz
OTMxMzkzNDMwMkM1NDQxNDIzMDMwMzAzMDMwMkMyRDMwMzUzMTJFMzEyQzJD
MzEzMjJFMzYzNDJDMzQyRTMwMkMzMzM2MzAzMDJDMzYzMDJDMzYzMDJDMzEy
QzMwMzAzNTM3MzAyQzMzMkUzNDMyMkMzMTJFMzIzNjJDMzIzODJDMzAyQzMw
MkUzMTM3MzEyQzJCMzAzMDJFMzAwRDBBQzYxMEM1MEY3Njg1N0YwMDY3MDIz
QTAwMDA1NzMyMzAzMTMyMzAzNTMxMzkzMTM5MzQzMDMwMzBGRjREMDAwMDgw
RkI0NDAwQzAwMTQ0MDA3NDNENDgwMDAwRkE0MkVBQThBRTNGQjhBNUNENDBB
OEZENzc0MEE5RDkwODQwNDI0MkVDNDA1QjBFMjk0MDE2OUFGMTQwOTQ0RUNE
NDA4NjYxMTg0MTdCQzMxMTQxODAxRTBFNDBGRkIyOTg0MTlFOUIwRTQyNzc0
MzYyM0NDRDFFREM3OEI0QzQ3RjAyN0UwMjNBMDAwMDRCNTY0ODIwMzczMjMw
MzEzMjMwMzUzMTM5MzEzOTM0MzAzMDMwMzEwMDAwMDA3QjE0QUUzRDBBRDdB
MzNCMDFCMzk4NDE5QTlCMEU0MjI4MUFBRTQxN0FEQTJDNDI1QTdDODI0MTBB
RkJGMjQxNzJFMDkyNDFFMEJCRDM0MTQ0OUVCRjQxNzI2REFFNDFCQjYzREI0
MUI2NDI5QTQxRTYzOEU3NDE3RDQ5QUY0MTJERkZDNTQxNTYzOUNENDExMkU2
QkY0MTQ3OERFNDQxREJFMUYxNDEwQjJGRjA0MUE4RTBGNjQxRjE1N0VBNDEy
MzNGQkM0MTZCQjkwQjQyQkFDRkJENDE2RjgxMkE0MkZCMjNFMjQxQTQ4QTMy
NDI1Q0JCQzM0MUY5RjAyQTQyMjEwMTUzNDExMTAwMkY0MjYwNzRCMzQzRTk1
QjFGNDIyNURDQzAzRUI1Q0EwRDQyQUY2RTVENDEzQzUyMEU0MkU4QTZCMTQx
RDU1NzIwNDJGRkY3OEI0MTFCMzE0MDQyQUUyRjc0NDFDOUQ4NTM0MkRGMTZB
RDQxOTFGNjYyNDIwODdDQTMzRUE2OUE3MTQyODQ1MEFENDNCQUJCNjg0MjM5
OTc4MTQxRDlFMTY0NDI3RUQ5RDk0MTE2NzI1MDQyOTg0RjA3NDE4RUU1NEE0
MjRGOEIyNjQwMzQ4MzNCNDJGMkQ1NDc0MUYyNDA1NTQyMkExMjkzNDE5REEx
ODA0MkJFMDQwRTQxMDU3ODc2NDJGOTdENjI0MDk0QkU1RTQyRDUzNDQzNDE3
NEE5Njg0MkJBOTkwRDQyMTQ5Qjc4NDJGOEFDMEM0MkI0ODM4MjQyRERGREIy
NDNFNTg2OEM0MjA3NDBBOTQzNkQ4MTg1NDIxNzU1NEU0MDE3QUU4MjQyRkJC
NTkxNDEyRTI3OEI0MjRDMTI4RjQzRkYzMjhDNDI0MDE2OEE0M0IzRDM3RjQy
RkRGMzg5NDNBNTU4ODY0MkQ1N0U5NTQzRDAxQjhFNDI1OEIyQjA0M0Q1QzA5
MDQyQjU0NkQxNDFFMTYxOTU0MkJFMDU5MDQzMjVENjkyNDIyQzhEN0Y0M0VF
NTk4QzQyRjEyMjY3NDM1OTU3ODc0MjI0ODE2ODQzOEFEQTg4NDI0MTFFRUMz
RTFGRDU4OTNGREJGQkEzM0Y1RkMwNDk0MEU3RjFENzQwMzg5QTkyNDA5QjdE
NTg0MDMzREY3QjQwMUU5NDg5NDA0OThFMTU0MDJGRTQzQjQwRjk4RTkzM0ZC
NENEMEQ0MEY1N0UwMTQwNzNFN0U5M0YwMTNFMTM0MEJBMEI0RjQwNTY1RkQ1
M0Y5OTAzNjQzRjQyQUQ5MjNFMzJDOTAzM0ZBQjY2NUIzRjIwQTc3QTNGRjc1
QTZDM0ZCODgyNEEzRjBFRjMyMTNGRDQ4RjAzM0ZBN0YyQjgzRUY5REFCMzNF
MjJCRUE0M0UwRDNDMjAzRjk2MDBFNzNFNTY0RDdCM0U2OTlDMTgzRTdBQzRB
MDNFN0Y2NDgwM0U1OEZDQzkzRTJCMDhDNTNFMkZCMjQwM0U1NjdCNjMzRTk3
ODM4MzNFRkQ5RUQxM0Q0RDUzMEUzRUQxRg==

--SBD.Boundary.605592468
PROCESS /noc/users/iridburst/exec/irid_300224010734970_upd.pl
Last Run  ----1970-01-01 00:00:00 
MONTH  5 
DATA  xxrecord 2012-05-19 20:00:05 :: $W5M5A,120519,200005,660d0028449ce246,1,DAS 2,4901.6793N,1621.7842W,12.1,338,15.0,14.0,10.7,66.8,4.8,10.7,67.5,5.0,1017.2,2.14,3.87,9.5,19,36*56
 
INSERT
STATION sbdservice
IRID_ID 300224010734970
BODY 
Content-Type: application/x-zip-compressed; name="SBMmessage.sbd"
Content-Disposition: attachment; filename="300224010734970_003416.sbd"
Content-Transfer-Encoding: base64

JFc1TTVBLDEyMDUxOSwyMTAwMDUsNjYwZDAwMjg0NDljZTI0NiwxLERBUyAy
LDQ5MDEuNjU0M04sMTYyMS43MjA1Vyw5LjEsMzI3LDEyLjUsMTQuMCwxMC44
LDY4LjksNS4zLDEwLjgsNjkuNCw1LjQsMTAxNy4zLDEuOTQsMy4wMSw4LjMs
MjIsMzgqNkMNCg0KJFc1TTVBLDEyMDUxOSwyMTAwMDUsNjYwZDAwMjg0NDlj
ZTI0NiwyLERBUyAyLDEzLjAsMTMuMiwwLjIsMC40LDAuMDEsMTExNSwxMTIz
LDE1Niw2MjgsMCw5NS4yLDE1LjA1LDkyNCo1NA0KDQokVzVNNUEsMTIwNTE5
LDIxMDAwNSw2NjBkMDAyODQ0OWNlMjQ2LDMsN0YwMDc0MDIzQTAwMDA1MzMy
MzAzMTMyMzAzNTMxMzkzMjMwMzQzMDMwMzA1NTVBMDAzMTMyMzAzNTMxMzkz
MjMwMzQzMDJDNTQ0MTQyMzAzMDMwMzAzMDJDMkQzMDM1MzEyRTMxMkMyQzMx
MzIyRTM1MzgyQzM0MkUzMDJDMzMzNjMwMzAyQzM2MzAyQzM2MzAyQzMxMkMz
MDMwMzUzNzMwMkMzMzJFMzQzMjJDMzEyRTMyMzYyQzMyMzkyQzMwMkMzMDJF
MzEzNzMyMkMyQjMwMzAyRTMwMEQwQUMzMTA4MTE2OEYwMDdGMDA2NzAyM0Ew
MDAwNTczMjMwMzEzMjMwMzUzMTM5MzIzMDM0MzAzMDMwRkY0RDAwMDA4MEZC
NDQwMEMwMDE0NDAwMzg0NzQ4MDAwMEZBNDIwMDI5OUYzRjJENDdDQzQwNDY1
OTQwNDBBMDFERjgzRkE1MTdFRDQwRjA5MzE2NDAxRjY4Rjc0MDRBMjJDRjQw
NTY1NTA1NDExMDFGMDI0MUQxRjgwMTQwNUE5Q0FGNDFEQjZDMTY0MjBFOTA0
MDNDQjQxQTYyQzgzQThDN0YwMjY2MDIzQTAwMDA0QjU2NDgyMDM3MzIzMDMx
MzIzMDM1MzEzOTMyMzAzNDMwMzAzMDJGMDAwMDAwRUI1MUI4M0QwQUQ3QTMz
QjU3OUNBRjQxRDU2QzE2NDJBRjEwOTM0MThBMTNCQjQxRkEwNzg4NDFCQTI5
QkI0MTAwREU4RTQxNjE3OEM5NDEyRTA4OTc0MTBDNkJFNDQxMkMyQTkzNDFE
RTAwRjY0MTZBMkZBRTQxRjkzQkQ1NDE5QTU4Qzk0MTI5OEJDQjQxMDY3RkUy
NDEyRDM3RkE0MUJDMTAwMjQyQzVFNEVDNDFDOUQ1RjQ0MUExREZGMjQxNjcx
Rjg1NDE0NTYyMjQ0MjlFMUIwNDQxRjYzODRBNDJBQUVCQ0Q0MUQxRDg0NjQy
RTdENkZENDExMkUzMkM0MjU1RDAwMzQyQkE5RjFBNDIxM0Q2MDQ0MkNEOEMy
ODQyOUNEN0Y0NDE2QTlFNTE0MjMyNDZCMjQxRkQ3MDVDNDI1RjRDQkY0MTg0
MUI1NzQyQkE2OThENDFEQkExNTU0MjI3RkREODQwOUE0RTRGNDIwOUVDMzU0
MTUwMkM0RjQyMkI5MTA0NDFDRDFENUU0MkNDNzQzRjQxNjU3RjdDNDI1OUQ3
MjE0MjU0MjY4MzQyOUU5NUJDNDFBQzQyODU0MkExMzdCRTQxNjZDOTg1NDI2
RUQxMTY0MDNGNUU4NDQyNDdGNUFGNDNENzE2NjU0MkNCRkJCMzQzNTVENzVB
NDIxODUwQUM0M0Q0MEY3RjQyRDQ5RkE3NDM2NURBN0Q0MjhEMjc4QzQwODA1
RjZCNDIyNTBGOUM0MDFGRDc2MTQyM0EyRkFDNDMxODM3Njc0MkE3QTg5RjQz
MUUyNjg1NDJGREQxQUQ0M0E3MzM5QzQyNUVDMTEwNDJENzA2OTg0MjcwRUVB
RDQzM0FCQzk5NDIyMzBDOEY0M0VBN0U5NzQyQTQ0NjhFNDM4NjY2OUE0MkE3
MkI5MzQxNDdCNTlCNDJCOUEzOTI0MzEyQjI5MTQyNDhEOTg4NDM0M0E0OEM0
MjJCQzUwOTQzRjU1Nzk5NDIwRTk2Qzk0MjVBNEM5MjQyNTgzMjE1NDIzNjJE
OTM0MjdBOTk4NDNGNDU2MDA5NDBDREY4NEU0MENDMUM1MzQwOUIyNTBBNDAy
QTRDNzI0MEI5RUE4NjQwQjRCRTEzNDA3MzU2NkU0MDc2RTk3MzQwOTNCQzlF
M0YzMUNCNEQzRjcwRjJFNjNGNEVGRTE3NDBGNjZBNDA0MEUzMEU1MzNGQzlC
RDBDM0Y1QTA1M0YzRjI0RTI0RDNGRjIxMTJBM0Y0NzlGOEUzRjgzNkY3ODNG
NEUyMDI1M0ZGMzUyMDczRjFENTVDRjNFM0VBNUI4M0U3QjMwOTYzRUJDNzI4
MDNFMDZDNkM2M0VCODcxQTAzRTExMEEzNzNFMTJGOTJEM0VEREQyM0YzRTM4
NEUyRjNFNzM5MjJEM0VDMjdGREMzRDY1MzYwODNFN0EwM0EzM0UyQzFBNEMz
RTJEMDYyMDNFRkRBQUU1M0RGMjE1MkYzRTU2OEExMjNFNkVDRTMzM0VFQzYw
QzMzRDlBRjZGNjNENDA1NUQ2M0Q4RTRFRA==

--SBD.Boundary.605592468
PROCESS /noc/users/iridburst/exec/irid_300224010734970_upd.pl
Last Run  ----1970-01-01 00:00:00 
MONTH  5 
DATA  xxrecord 2012-05-19 21:00:05 :: $W5M5A,120519,210005,660d0028449ce246,1,DAS 2,4901.6543N,1621.7205W,9.1,327,12.5,14.0,10.8,68.9,5.3,10.8,69.4,5.4,1017.3,1.94,3.01,8.3,22,38*6C
 
INSERT
STATION sbdservice
IRID_ID 300224010734970
BODY 
Content-Type: application/x-zip-compressed; name="SBMmessage.sbd"
Content-Disposition: attachment; filename="300224010734970_003417.sbd"
Content-Transfer-Encoding: base64

JFc1TTVBLDEyMDUxOSwyMjAwMDUsNjYwZDAwMjg0NDljZTI0NiwxLERBUyAy
LDQ5MDEuNjMzME4sMTYyMS42NTI2Vyw2LjcsMzI3LDguOSwxMy45LDEwLjks
NzEuMCw1LjksMTEuMCw3MS41LDYuMCwxMDE3LjMsMS44OSwyLjk3LDcuNywx
Nyw0MCo1Ng0KDQokVzVNNUEsMTIwNTE5LDIyMDAwNSw2NjBkMDAyODQ0OWNl
MjQ2LDIsREFTIDIsMTMuMCwxMy4yLDAuMiwwLjQsMC4wMSwxMTE2LDExMjQs
MTU2LDYyOCwwLDM0Ny45LDE1LjA1LDkyOCo2OA0KDQokVzVNNUEsMTIwNTE5
LDIyMDAwNSw2NjBkMDAyODQ0OWNlMjQ2LDMsN0YwMDc0MDIzQTAwMDA1MzMy
MzAzMTMyMzAzNTMxMzkzMjMxMzQzMDMwMzA1NTVBMDAzMTMyMzAzNTMxMzkz
MjMxMzQzMDJDNTQ0MTQyMzAzMDMwMzAzMDJDMkQzMDM1MzEyRTMxMkMyQzMx
MzIyRTM1MzUyQzM0MkUzMDJDMzMzNjMwMzAyQzM2MzAyQzM2MzAyQzMxMkMz
MDMwMzUzNzMwMkMzMzJFMzQzMjJDMzEyRTMyMzYyQzMzMzAyQzMwMkMzMDJF
MzEzNzMxMkMyQjMwMzAyRTMwMEQwQUI4MTA3NDNGOTc4RjdGMDA2NzAyM0Ew
MDAwNTczMjMwMzEzMjMwMzUzMTM5MzIzMTM0MzAzMDMwRkY0RDAwMDA4MEZC
NDQwMEMwMDE0NDAwRkM1MDQ4MDAwMDAwNDM3RjAwOUIzRjQwQUNDOTQwODc1
NTNFNDA3OUI0RjEzRjRBQTBFNjQwNjU0RjE3NDA2MkRERTQ0MDQzMDJDNzQw
NjMyN0Y2NDBBNTFERjY0MDE3OTFGODNGMUE5OTg0NDE3MkIxMjE0MkY5NEIy
RjNDRkExRDgzMTBCN0I2N0YwMjcyMDIzQTAwMDA0QjU2NDgyMDM3MzIzMDMx
MzIzMDM1MzEzOTMyMzEzNDMwMzAzMDMwMDAwMDAwRUI1MUI4M0QwQUQ3QTMz
QjFDOTk4NDQxNkZCMTIxNDIxNTI5OTc0MTVBNzgwMzQyNjk4MTc3NDFGOTdD
Q0E0MTI3MkJDMjQxODUzREQwNDExQjI5RjY0MUZBMzYwMDQyMDU2MDAzNDI2
RjUxMDk0MkY2MjlGRDQxODFENjE2NDIwQUMwQkI0MTQ3QjQyNjQyMzA5OENB
NDEyMjY4MDY0MjNDODNDOTQxN0I1OTA1NDI0QTY5Qjc0MTdCQUYxMDQyNUMw
NkMxNDE4ODE1MDc0Mjk3RDZDMjQxRUJFRTFFNDI5Mzk3QzE0MTdEMDAyQzQy
N0Q3NDc1NDFFRjk5MjQ0MjQxRURDODQwRkI5NDFFNDJDNDhFRTA0MEYzQkEz
MDQyQjJFQzhGNDBBMDkzNUQ0MkRBRTNBODQzMEJFQjU2NDJCNDAxQUY0MzM3
RTczOTQyQzcwMkM4NDBGNjBCM0M0MjhBNTg0MzQxODNBRDY0NDI5QUY1QUY0
MzBFRDQ3MjQyQkE5RkE1NDM3MEY1NTE0MkNCRkFBQzQzRTBFNzRFNDJGQzdF
QjM0MzNEMjIzRjQyQkU1NUIwNDM2NjQ5M0Y0MkQxNTFCMzQzRDY5RTUyNDIw
QzI2QTU0MTYzOEQ1MzQyMjA5OEQ5NDE4NDhCNTM0MjFEQjNCQTQxNDNCMDZC
NDJEMUZCQUM0MzgwQzA3NDQyRERGQUE2NDNBRTk4Njk0MkMwRTFBODQzOTUz
NTdGNDI2OURGQTY0MzIzNEU4NDQyOUUyQUFCNDNDQTEyNzg0MkEyRUEwRDQw
QzFGRDdBNDI0N0Q4NDE0MTk2RTM4MTQyQTg3ODlEM0Y1M0Y3ODU0MjdBRUVB
QTQzNEY3Rjg0NDI3N0NCQUM0MzQ5RjA4MDQyQzU5QkFFNDE0Njc1OEU0Mjcz
MDRCMTQyNzVFMDk5NDI3NzRDQTQ0M0Y5RjA5QTQyM0RCQkE5NDMxNDJDOTQ0
MjI4Q0FBQzQzQzZCNzlCNDIwNUQ0QTI0M0M3MEM5NDQyNDkzRjMxNDFGQkFE
ODU0MjdDMTc0NTQyNDUzMThBNDIwMUQ5NjUzRkNBODAyOTNGQkFFMkYxM0ZB
OEE1RkEzRkM1NjZFQjNGQzBGQ0QzM0Y0RDY0OTUzRjZGMkQ2MzQwOTVEN0VE
NDBBMkZCMkI0MDk3QzBFRDNGMzE4QkI1M0Y3RDdERTkzRkI1RDUxMjQwNUU1
MDE1NDAxRDg5M0YzRkZDRjAwODNGRDMzOTQ3M0Y2QTg3ODczRjdFNjU2NTNG
OUI2Q0QwM0U3RTBEMEIzRkQ1ODYyMjNGMDQyNzFCM0ZGMEI0NTYzRjQ5OUE4
OTNGRTNEMjFDM0ZGMUVFMzMzRjRENTdENDNFQkNCNjVBM0U0MjkyMDMzRUIx
NzU0MjNFQjE5QTZBM0U0RkM2NDMzRUU4NkExNzNFODc4RjI5M0VFQ0UyMzgz
RTY3NEYyQjNFMUNCMDBDM0VENjVBMUEzRTYxREZERDNERDVEOUM5M0QzNjE5
REQzRDg2NEQwMTNFNDczOEZGM0Q4N0E3Ng==

--SBD.Boundary.605592468
PROCESS /noc/users/iridburst/exec/irid_300224010734970_upd.pl
Last Run  ----1970-01-01 00:00:00 
MONTH  5 
DATA  xxrecord 2012-05-19 22:00:05 :: $W5M5A,120519,220005,660d0028449ce246,1,DAS 2,4901.6330N,1621.6526W,6.7,327,8.9,13.9,10.9,71.0,5.9,11.0,71.5,6.0,1017.3,1.89,2.97,7.7,17,40*56
 
INSERT
STATION sbdservice
IRID_ID 300224010734970
BODY 
Content-Type: application/x-zip-compressed; name="SBMmessage.sbd"
Content-Disposition: attachment; filename="300224010734970_003418.sbd"
Content-Transfer-Encoding: base64

JFc1TTVBLDEyMDUxOSwyMzAwMDUsNjYwZDAwMjg0NDljZTI0NiwxLERBUyAy
LDQ5MDEuNjAxMU4sMTYyMS41NjczVyw1LjYsMjc5LDcuNiwxMy45LDExLjEs
NzIuNyw2LjQsMTEuMiw3My4yLDYuNiwxMDE3LjAsMS44MSwyLjU3LDcuNywx
OCw0MCo1NQ0KDQokVzVNNUEsMTIwNTE5LDIzMDAwNSw2NjBkMDAyODQ0OWNl
MjQ2LDIsREFTIDIsMTMuMCwxMy4xLDAuMiwwLjMsMC4wMSwxMTE3LDExMjUs
MTU2LDYyOCwwLDE3MC43LDE1LjA1LDkyNio2Qg0KDQokVzVNNUEsMTIwNTE5
LDIzMDAwNSw2NjBkMDAyODQ0OWNlMjQ2LDMsN0YwMDc0MDIzQTAwMDA1MzMy
MzAzMTMyMzAzNTMxMzkzMjMyMzQzMDMwMzA1NTVBMDAzMTMyMzAzNTMxMzkz
MjMyMzQzMDJDNTQ0MTQyMzAzMDMwMzAzMDJDMkQzMDM1MzEyRTMxMkMyQzMx
MzIyRTM1MzMyQzM0MkUzMDJDMzMzNjMwMzAyQzM2MzAyQzM2MzAyQzMxMkMz
MDMwMzUzNzMwMkMzMzJFMzQzMjJDMzEyRTMyMzYyQzMzMzEyQzMwMkMzMDJF
MzEzNzMyMkMyQjMwMzAyRTMwMEQwQUI5MTA2MUUzNDAzQzdGMDA2NzAyM0Ew
MDAwNTczMjMwMzEzMjMwMzUzMTM5MzIzMjM0MzAzMDMwRkY0RDAwMDA4MEZC
NDQwMEMwMDE0NDAwQzA1QTQ4MDAwMDAxNDMxRjA5OTUzRjMwOEZDNzQwREM2
ODI0NDBGQzE5RTgzRjhDMDVGMTQwNUIzNDBFNDAwNTBGRTI0MEU0QTRDODQw
NjMyN0Y2NDA1REE5RkI0MEM2RDhGMzNGMUVDNDhENDE5ODVGMjA0MkY1MEIy
NzNDRkUxRDI2NzQ4NDRDN0YwMjcyMDIzQTAwMDA0QjU2NDgyMDM3MzIzMDMx
MzIzMDM1MzEzOTMyMzIzNDMwMzAzMDMwMDAwMDAwN0IxNEFFM0QwQUQ3QTMz
QjFGQzQ4RDQxOTU1RjIwNDIwMDNCMTg0MTBFNDcxNTQyRDkxMTY5NDFFMzNC
RUU0MTMyNEE5NzQxNjY3M0Q4NDFBOTdEQTY0MTVBRkNENzQxOThDQ0I4NDEz
QzUyQzE0MUM5QzhCRjQxNTVGNUM4NDFDRjQ1RTc0MTFENzdERjQxN0E1RjAx
NDJFQjFBRUU0MTFCQTZDNjQxMjUwMUZDNDFEQ0M4OTY0MTMzNUIwMDQyRTUz
RTVGNDExRUE5MTI0MjBCRDU3NTQwQkMyQjJENDJDQkE5NUY0MTAwQzg0MzQy
NEFBMEE2NDFGQ0M2NDI0MjRBMDM2NTQxNEIzQTQ0NDI0RkVGODg0MUFDRUUz
RTQyRTczN0RENDE1NEMwMkQ0MjFEMTVBRDQxMTUwMjQ5NDI4MjY5NTE0MTkx
NTU2ODQyODQyQUI4NDE1OTk5NkI0Mjk3Rjk0QTQxM0RCRTZENDI4QjU5QjA0
Mzg0MzA3QjQyRTRFRkFENDM1MDY3Nzg0MjUzNzJBRTQzNjg4QzYyNDIzQTFB
QzAzRkQyNkY1QjQyQzA0RjU1NDE0MUVENEE0MjAwNDc2MDQxOThDRTNDNDJE
OEU0MjU0MURDOTMzRTQyNjE1Q0IzNDM5MjlBNDU0MjE3NUYxODQwQ0VDMjU1
NDJBMkY0NEQ0MTA3MDU2OTQyQjREM0YxNDBDNkI2NkE0MjlEMEUwQjQxREVC
QzcyNDI1NDg5ODc0MTFFQTg4MDQyRjI1N0IyNDNENUFBODQ0MjI4MkNBODQz
RTBBQjgxNDI3MzZBQUI0MzIyNjg4NzQyQTA3NkY2NDBBMUMzOEI0MjA0OTYx
OTQyRjVGNzg5NDJDRjFDM0I0MjcxMkE5MTQyRUUwMzBFNDI0MDdEOTI0Mjcw
REEwNjQyN0E3OTgzNDJEQzREQzc0MURBMEM4MzQyRUYxQzkxNDMzNzI0OEI0
MkVFQkQ4NzQzQTlBRTgyNDJBQUU4N0E0M0UyNTM5MzQyNzExMzQ5NDM1RjMy
OTQ0MjgzMDM1RDQzNUIwMDhGNDI0QzIzMDMzRjhENDM4MjNGQTNGOUJFM0ZG
OTI4NzMzRjYzNUJCQjNGMzRCRTJGNDAwMjQ1M0E0MEI4QTY2MzQwN0ZBMzI3
NDA1NTcxOTI0MDU1NTI0QzQwNjc5N0YyM0ZEMjEyQjMzRjk5QTgwMzQwQjA2
MkIzM0Y1NUY3OUMzRjkwMTJBMzNGRDcyQjUzM0ZGQUYyRkQzRUU5OTIzMTNG
NjNDNEZCM0UxNEQ3QTgzRTc1NzJBMzNFNzJCMDAyM0ZGRjY2QzAzRTM5NzZB
RDNFMUI2QzE5M0Y0RjVFMDQzRjFGNDYzMDNGMjZCOTIzM0Y3NjM5MDczRjcx
NkI4NTNFMjg3MDg1M0VFN0M5MUEzRTUyNzIwNTNFODQyMUQ4M0QwQTE3RTcz
RDk2Nzk5ODNFMEQxNThDM0VEODA3ODIzRUJCN0UyQTNFODAwRTBFM0VERUZC
MDAzRTAxNTUyQjNFNjk5NDdFM0VENUE1MA==

--SBD.Boundary.605592468
PROCESS /noc/users/iridburst/exec/irid_300224010734970_upd.pl
Last Run  ----1970-01-01 00:00:00 
MONTH  5 
DATA  xxrecord 2012-05-19 23:00:05 :: $W5M5A,120519,230005,660d0028449ce246,1,DAS 2,4901.6011N,1621.5673W,5.6,279,7.6,13.9,11.1,72.7,6.4,11.2,73.2,6.6,1017.0,1.81,2.57,7.7,18,40*55
 
INSERT
STATION sbdservice
IRID_ID 300224010734970
BODY 
Content-Type: application/x-zip-compressed; name="SBMmessage.sbd"
Content-Disposition: attachment; filename="300224010734970_003419.sbd"
Content-Transfer-Encoding: base64

JFc1TTVBLDEyMDUyMCwwMDAwMDUsNjYwZDAwMjg0NDljZTI0NiwxLERBUyAy
LDQ5MDEuNTk1N04sMTYyMS41MDM4Vyw4LjEsMjUzLDExLjEsMTMuOSwxMS4z
LDc2LjAsNy4zLDExLjQsNzYuOSw3LjUsMTAxNi40LCwsLCwqNEUNCg0KJFc1
TTVBLDEyMDUyMCwwMDAwMDUsNjYwZDAwMjg0NDljZTI0NiwyLERBUyAyLDEz
LjAsMTMuMSwwLjIsMC40LDAuMDEsMTExOCwxMTI3LDE1Niw1MDUsMCwzMTgu
NiwxNC42Niw5MTYqNkMNCg0KJFc1TTVBLDEyMDUyMCwwMDAwMDUsNjYwZDAw
Mjg0NDljZTI0NiwzLCoxNA0KDQo=

--SBD.Boundary.605592468
PROCESS /noc/users/iridburst/exec/irid_300224010734970_upd.pl
Last Run  ----1970-01-01 00:00:00 
MONTH  5 
DATA  xxrecord 2012-05-20 00:00:05 :: $W5M5A,120520,000005,660d0028449ce246,1,DAS 2,4901.5957N,1621.5038W,8.1,253,11.1,13.9,11.3,76.0,7.3,11.4,76.9,7.5,1016.4,,,,,*4E
 
INSERT
STATION sbdservice
IRID_ID 300224010734970
BODY 
Content-Type: application/x-zip-compressed; name="SBMmessage.sbd"
Content-Disposition: attachment; filename="300224010734970_003420.sbd"
Content-Transfer-Encoding: base64

JFc1TTVBLDEyMDUyMCwwMTAwMDUsNjYwZDAwMjg0NDljZTI0NiwxLERBUyAy
LDQ5MDEuNTk0ME4sMTYyMS40NzE1Vyw5LjUsMjQwLDExLjcsMTMuOSwxMS4y
LDgzLjYsOC41LDExLjIsODMuNCw4LjUsMTAxNS45LDEuNjIsMi40Miw5LjEs
MjAsMzcqNjQNCg0KJFc1TTVBLDEyMDUyMCwwMTAwMDUsNjYwZDAwMjg0NDlj
ZTI0NiwyLERBUyAyLDEzLjAsMTMuMSwwLjIsMC40LDAuMDEsMTExOSwxMTI4
LDE1Niw2MjgsMCwzMzAuNSwxNC42Niw5MjMqNjANCg0KJFc1TTVBLDEyMDUy
MCwwMTAwMDUsNjYwZDAwMjg0NDljZTI0NiwzLDdGMDA3NDAyM0EwMDAwNTMz
MjMwMzEzMjMwMzUzMjMwMzAzMDM0MzAzMDMwNTU1QTAwMzEzMjMwMzUzMjMw
MzAzMDM0MzAyQzU0NDE0MjMwMzAzMDMwMzAyQzJEMzAzNTMxMkUzMTJDMkMz
MTMyMkUzNDM5MkMzNDJFMzAyQzMzMzYzMDMwMkMzNjMwMkMzNjMwMkMzMTJD
MzAzMDM1MzczMDJDMzMyRTM0MzIyQzMxMkUzMjM2MkMzMzM0MkMzMDJDMzAy
RTMxMzczMjJDMkIzMDMwMkUzMDBEMEFCNTEwQzRCOTc2MjU3RjAwNjcwMjNB
MDAwMDU3MzIzMDMxMzIzMDM1MzIzMDMwMzAzNDMwMzAzMEZGNEQwMDAwODBG
QjQ0MDAwMDAyNDQwMDAwN0E0NTAwMDBGMjQyQkQxODg1M0Y4RkFCRDQ0MEU2
RTkxQTQwN0VDMUNFM0Y2ODc5Rjk0MEE5OTFGQzNGRTREMkZGNDBDREM4RDM0
MDVENzQxMTQxNjUyMjBCNDE5NDNDRDgzRjNCQThBMDQxODlFQTE0NDI4QUI5
MDQzQ0I5MjBEOEUzQjlGODdGMDI3MjAyM0EwMDAwNEI1NjQ4MjAzNzMyMzAz
MTMyMzAzNTMyMzAzMDMwMzQzMDMwMzAzMDAwMDAwMDdCMTRBRTNEMEFEN0Ez
M0IzOUE4QTA0MTg3RUExNDQyRjRCRjVCNDEwREZDMUE0MjI2NkY4QzQxMjQz
QUMzNDFEODRFN0M0MTBGQjJCNjQxRDJBRDhFNDFCNzBGQzY0MTI5N0RDQzQx
NjQ5M0EzNDFBNkI3RDI0MTlFNjA5NzQxRDlDNUJCNDFCMDhFQjY0MUMwOUNB
QTQxNTcwQUVFNDFFQzZBRTk0MTAzQjBFMzQxNDkzQ0Y4NDFFNEQwRTg0MTI0
MDlFOTQxODA4OTE5NDIxOTFGRDg0MUZEMUYxRjQyNjdFMzg1NDFEMDVEMkM0
MjE5NEI0MDNGNUI5RTQ0NDI2MjNDRDA0MDkyOEU1QzQyREQ0NEQ0NDFGRTk0
NTk0MjUzREJCMDQxQkNGMjNGNDI2MTgwMkY0MUM4RkQ0MTQyN0U5NjBFNDAw
OTI5N0U0MjM3OTdCMjQzNDc1RDgwNDJDMjE4QUU0MzA2Qzc1RDQyMjlEMkFD
NDNGN0I1Njg0MjQ5MURBRjQzQTY2MTgyNDJFNkNFQUQ0MzNEQzQ4MzQyQzM2
M0ZENDA4MEJFODE0MjAzNTkwMTQyQTM1RjcyNDJBNzBFQ0E0MUEwQzk2QzQy
QTY5QUIxNDNFRDQ5NkQ0MjBGM0YwQTQwOTA5MzhGNDIyNkZEMUI0MjgwM0E4
RDQyOTYyRUYzNDE4OTJBN0Q0MjU3RTEyQjQyN0E2RTg2NDI1MDBGNkE0MjRF
NjU4ODQyREQ3NTZDNDFFQjI0ODg0MjA0NkZCMDQzQUUwNjdCNDJGRkZBQjA0
MzE4NTE3MjQyQ0E4QkE4NDNGMDRBODU0MkNDMDM5MTQzQjNGODhBNDIxQ0Yy
QTA0MzAxNTU4NzQyODc1QjBBNDJBNzBCODY0MkVDMUM4RDQyMjU0MDc1NDI3
QTQ1OTU0MkZCRTc4NDQyNjM2RjQ5NDI3RkY1ODY0MjY5ODc1RDQyQ0NCQjgz
NDJDMzFGQjg0MjY5Q0Y4MjQyRUQwRkU4NDJFMzlENzk0Mjk3MEJGMDQyOTBC
MzgzNDJDMDVDQzI0MkM2Mzg4RDQyQUM4MzgwM0UwQTc2NkUzRjg3NkRBMzNG
MzU5NTdEM0Y1N0E4REMzRjFGMDQ4NTQwMkY1RTIzNDBBMzNGRUMzRjI0NTUw
QjQwMTI2OTNBNDA3RUE1QUMzRjJCNzVENjNGRjdDODBFNDA1NDFBQzMzRjJG
NTRCNzNGNTVEQjVGM0ZFMkZEODczRjBDREMzNTNGN0MzODhBM0VEQUIwQkYz
RUM2NUJBODNFOUVBMzkwM0VFQTBFOEQzRUE0MjZEMjNFNDg0NTkzM0VBQjQ1
QjMzRUJEMTM4MDNFMzVGNUY2M0Q0NTAyNEEzRTkwMUIxNTNFNjFEQzE2M0VE
OEFCMDUzRTEzNTMwNzNFNkFBRDI0M0U4Q0YxNzAzRTBDNDM5MzNFRkFDMzg1
M0VEM0QwQzkzRDM2MjM5NTNERkJBMkQ2M0Q4NDEyMUUzRTg0MjY5ODNEMDIx
RTQ3M0QwRkFENTgzRDcxNDg0QTNENTM5Nw==

--SBD.Boundary.605592468
PROCESS /noc/users/iridburst/exec/irid_300224010734970_upd.pl
Last Run  ----1970-01-01 00:00:00 
MONTH  5 
DATA  xxrecord 2012-05-20 01:00:05 :: $W5M5A,120520,010005,660d0028449ce246,1,DAS 2,4901.5940N,1621.4715W,9.5,240,11.7,13.9,11.2,83.6,8.5,11.2,83.4,8.5,1015.9,1.62,2.42,9.1,20,37*64
 
INSERT
STATION sbdservice
IRID_ID 300224010734970
BODY 
Content-Type: application/x-zip-compressed; name="SBMmessage.sbd"
Content-Disposition: attachment; filename="300224010734970_003421.sbd"
Content-Transfer-Encoding: base64

JFc1TTVBLDEyMDUyMCwwMjAwMDUsNjYwZDAwMjg0NDljZTI0NiwxLERBUyAy
LDQ5MDEuNTk4NE4sMTYyMS40ODA4VywxMS4wLDIzMywxNC4zLDEzLjksMTEu
Myw5MS4xLDkuOSwxMS4zLDkwLjgsOS44LDEwMTUuMiwxLjY0LDIuNTIsOS4x
LDE5LDM3KjU4DQoNCiRXNU01QSwxMjA1MjAsMDIwMDA1LDY2MGQwMDI4NDQ5
Y2UyNDYsMixEQVMgMiwxMi45LDEzLjEsMC4yLDAuNCwwLjAxLDExMjAsMTEy
OSwxNTYsNjI5LDAsMTkuMiwxNC42Niw5MjIqNUYNCg0KJFc1TTVBLDEyMDUy
MCwwMjAwMDUsNjYwZDAwMjg0NDljZTI0NiwzLDdGMDA3NDAyM0EwMDAwNTMz
MjMwMzEzMjMwMzUzMjMwMzAzMTM0MzAzMDMwNTU1QTAwMzEzMjMwMzUzMjMw
MzAzMTM0MzAyQzU0NDE0MjMwMzAzMDMwMzAyQzJEMzAzNTMxMkUzMTJDMkMz
MTMyMkUzNDM3MkMzNDJFMzAyQzMzMzYzMDMwMkMzNjMwMkMzNjMwMkMzMTJD
MzAzMDM1MzczMDJDMzMyRTM0MzIyQzMxMkUzMjM2MkMzMzM1MkMzMDJDMzAy
RTMxMzczMjJDMkIzMDMwMkUzMDBEMEFCNTEwNkU3QjVCNjU3RjAwNjcwMjNB
MDAwMDU3MzIzMDMxMzIzMDM1MzIzMDMwMzEzNDMwMzAzMEZGNEQwMDAwODBG
QjQ0MDAwMDAyNDQwMEMwNUE0NjAwMDBGQzQyMjQwRTg3M0YwNUYwQ0I0MDUx
MjMyMTQwNkZGRkQxM0ZERTU1RUY0MDNBNEEwMDQwOTlCMkY0NDAyMDc3RDM0
MDVENzQxMTQxOThCRTA3NDE4MTE1REYzRjczOEU5ODQxMzlDOTE1NDJGN0E5
MEIzQzE4MUQwMjA3QjM3NzdGMDI1QTAyM0EwMDAwNEI1NjQ4MjAzNzMyMzAz
MTMyMzAzNTMyMzAzMDMxMzQzMDMwMzAyRTAwMDAwMDdCMTRBRTNEMEFEN0Ez
M0I3MjhFOTg0MTM2QzkxNTQyODE3OUVGNDE0QzM3MzU0MkIwQTJFNTQxMUVC
RjAyNDJGQjY4QzY0MTAzQTAwQjQyRUJBM0QxNDFBMzQzMUQ0MjIyQkE5NDQx
NTBDQjAxNDJEODY3OEQ0MUM3QzdDRTQxQzFGOUMwNDFBOUNBQzk0MUQyODZG
RjQxNzVBM0MxNDE5N0JERkU0MTc5QzBDQzQxODRCMEVFNDExMzcyMDU0MjdB
NTBCNjQxMTk5OTE5NDJFQzc0Mjg0MTRDQzIyQzQyMzU1NjNCM0ZBMzNGNTA0
MkY3MUUxNjQxOThGQzU2NDJDRTI4MDU0MTE5QjQzQjQyRDVGQkFGNDBBRDBC
M0Q0MjM2ODJEQTQwQjcyNjQ2NDJGNTM5NTI0MUYxMzkzODQyNDRFMUEwNDFG
MjY0Mjc0MkQ2ODM5MjQxNjU3QjJGNDJFOUZENTE0MTgxQjU0QTQyMzAxMzgy
NDEwNEMzNjk0MkNDN0Y3NTQxRTgxMTVDNDIxOEZCQjI0M0UyQjY1QTQyQkIy
NEIwNDMwNkE1NUE0MkM4NDJCMTQzRDAwMDUzNDIwMjZFQjE0MzVENTM2NzQy
QTUzMTg3NDExOTU2NzY0MkQ5QjZENzQxMUMzNzY1NDIzODFBNDk0MTQyNTY1
RDQyNzdFMDBGNDFFOTY3NTk0MjAyODA0NzQxNkE4NTc1NDIyNjdBQjM0M0ZB
NkE4MjQyRjNDMEIxNDMyNjA0Njg0MkE4RkJCMzQzM0I4QTNGNDJCQ0I3QjM0
M0UyMzE0RTQyOUYyREE1NDMwRDg3Nzk0Mjg3MjBBQzQzMDgwRjgyNDJGQ0Q3
Q0Q0MDk3RkU5MzQyMjNCMTVENDNEMkM5OEQ0Mjc0Q0Y2MDQzNzYyNjg1NDJD
QTFDNzM0MzQxMTQ5MTQyNDAyMTc3NDNCQzNFOUY0MjJDQTZBNzQyMUQ4Mzk0
NDI2OEE3N0E0MjlEOTc3RTQyNUJGNjc5NDIxRkZENzQ0MjJFNTk0RjNFRUI2
OEM0M0U5MjFEMkUzRkVFNjczNTNGNURBNjk0M0Y4NTBCODY0MDIyNEI1MTQw
RERBMzUzNDBFRTVDNzk0MDNDQUYyQTQwODE4MEY2M0YxQTFBMTc0MDk3MUZB
ODNGRDVBMzUzM0Y4REU0OEQzRjBBNzY1QjNGQ0NCQjVCM0Y5Nzc1MUYzRkI4
ODQ0RDNGRDg5RTY3M0ZDMEREMTkzRjFCODdDRTNFQjczMTQ3M0UzQzYwNEUz
RUM1M0E4RDNFM0ZFMDAwM0YzQThFQkEzRUU2NTM0QjNFQkUxQTk3M0VDQ0M4
NEQzRTI0MzM5NDNFOTczMzU3M0U3RkEyNUUzRTVEMUMxNzNFNDJCQzJEM0VD
MEIxMDUzRTA3MEQ2ODNEMzZEQUE5M0REOUVFN0IzREY0RDY2RjNENTZBMjQ5
M0VDQjM4QTMzRDQ3MzczMjNEQzA5MTQ5M0RFNkUwODczRDhDRTNBNDNEMENC
ODg0RUIqMTkNCg0K

--SBD.Boundary.605592468
PROCESS /noc/users/iridburst/exec/irid_300224010734970_upd.pl
Last Run  ----1970-01-01 00:00:00 
MONTH  5 
DATA  xxrecord 2012-05-20 02:00:05 :: $W5M5A,120520,020005,660d0028449ce246,1,DAS 2,4901.5984N,1621.4808W,11.0,233,14.3,13.9,11.3,91.1,9.9,11.3,90.8,9.8,1015.2,1.64,2.52,9.1,19,37*58
 
INSERT
STATION sbdservice
IRID_ID 300224010734970
BODY 
Content-Type: application/x-zip-compressed; name="SBMmessage.sbd"
Content-Disposition: attachment; filename="300224010734970_003422.sbd"
Content-Transfer-Encoding: base64

JFc1TTVBLDEyMDUyMCwwMzAwMDUsNjYwZDAwMjg0NDljZTI0NiwxLERBUyAy
LDQ5MDEuNjE3Nk4sMTYyMS41MzEzVywxMS40LDI0MCwxMy44LDEzLjksMTEu
OCw5NC4zLDEwLjksMTEuOCw5NC4xLDEwLjksMTAxNC41LDEuNDMsMi40LDgu
NywyMywzOCo2OQ0KDQokVzVNNUEsMTIwNTIwLDAzMDAwNSw2NjBkMDAyODQ0
OWNlMjQ2LDIsREFTIDIsMTIuOSwxMy4xLDAuMiwwLjUsMC4wMSwxMTIxLDEx
MzAsMTU2LDYyOCwwLDM1Ni4xLDE0LjY2LDkyNSo2Qg0KDQokVzVNNUEsMTIw
NTIwLDAzMDAwNSw2NjBkMDAyODQ0OWNlMjQ2LDMsN0YwMDc0MDIzQTAwMDA1
MzMyMzAzMTMyMzAzNTMyMzAzMDMyMzQzMDMwMzA1NTVBMDAzMTMyMzAzNTMy
MzAzMDMyMzQzMDJDNTQ0MTQyMzAzMDMwMzAzMDJDMkQzMDM1MzEyRTMxMkMy
QzMxMzIyRTM0MzYyQzM0MkUzMDJDMzMzNjMwMzAyQzM2MzAyQzM2MzAyQzMx
MkMzMDMwMzUzNzMwMkMzMzJFMzQzMjJDMzEyRTMyMzYyQzMzMzYyQzMwMkMz
MDJFMzEzNzMyMkMyQjMwMzAyRTMwMEQwQUI2MTA0QUNEOTdENDdGMDA2NzAy
M0EwMDAwNTczMjMwMzEzMjMwMzUzMjMwMzAzMjM0MzAzMDMwRkY0RDAwMDA4
MEZCNDQwMDAwMDI0NDAwODBCQjQ2MDAwMEY4NDI5OEY3NjIzRkJFMTFEMDQw
RjNDQzE5NDAxMTQyQjczRkE3NjRGNjQwOTA5OUVBM0Y0REEzRkM0MEM0N0VE
MjQwNjUyMTBCNDE5OEFCMEI0MUE4NzdCRDNGRkY5RkI5NDE4M0QxMTg0Mjc3
NzNDNTNCM0IyMTNDNDc3MjBCN0YwMjhBMDIzQTAwMDA0QjU2NDgyMDM3MzIz
MDMxMzIzMDM1MzIzMDMwMzIzNDMwMzAzMDMyMDAwMDAwMEFEN0EzM0QwQUQ3
QTMzQkZGOUZCOTQxODJEMTE4NDIwN0JBNjI0MURBQjQ4OTQyOEY2QTBGNDEw
MDlCM0Y0MjZBNUE1RTQxQTFBN0VGNDE1Qjk5N0M0MUQ3QTFEODQxQkI0Mzkx
NDFGMzI0RkE0MUM4Q0NCODQxODRCMUQzNDE4NjIyQ0I0MUExNzBCNjQxMzQy
Q0NENDFGQUVFQkY0MUI2ODlDRjQxNzM3QUY0NDEzRkYwRTk0MTg3QjgxNTQy
QkVDOTBDNDJGMTNCMEI0MjYyOTQxRjQyMERFRTEyNDJGNDgxMjY0MjkzMDgz
NTQyMjZEMEQxNDEyOTczM0Y0MjQyM0U3RTQxN0JDODI2NDI0OTkzRTQ0MTcx
Q0UyRDQyRUI3NjM2NDI3OTk5MjY0MkRDMzAyNzQyOEFCODI5NDI3Mjg4QTk0
MTI4MEU0QzQyMjY4OUIzNDMyNDEzNDE0MkFFRTJCMTQzQTBCNTMzNDI3RDM1
MEM0MTgwOUQ0RDQyMEYwNUFENDExMzIyNjk0MkZDRDRCMzQzMTYyOTZFNDI2
MzZGQjM0MzVBNkM2MTQyOUFENUZGNDA3MTI2NUU0MjkzMjkzQjQxMkM3Mzc1
NDJGMjc0QUU0MDI1RDY4NzQyRUMzRERDNDEwQTg5ODU0Mjg2Q0ZDRDQxMUVE
Njc3NDIxM0VBQjM0MzdEMEY3RDQyQ0JDQ0IxNDMzRTMyODI0MkYyMDRCMjQz
M0I4RTgyNDIwNjM3QjA0MzI4MDE4NDQyQzVGNkVBNDE4NDk2ODc0Mjg0RTg4
RjQyMUM3MDdGNDI2OUU1QkM0MjJGMUU4NTQyOTNDREEyNDMyN0QyOUM0MjlG
NkY5QzQzMzI1MzkyNDI5RDhFQUE0MzZBODQ5QzQyNUVDNDkzNDMyQ0FDOUI0
MkRFMkE5MDQzNzMzOTk2NDIwMjlBODM0Mzg5MTk5QjQyN0M1MDc5NDNENjM3
OUQ0MkM3Q0E0RDQzREY4RDk5NDI3NDNENDI0M0JDNUM5MDQyNjE1RDUxNDMx
NEMzOEU0MkI0RkQ1RDQzRUJFRTg1NDIzREM1NTM0Mzk2NDE4MjQyMzU1MjND
NDM5RkUxOTE0MkIwMDM1OTNEODdBRjU3M0U2OTgzQzkzRTE0MzI1MjNGNzY4
NzQ3M0YwMDJFQkQzRjExOTUyRjQwQTcwODQ1NDAxQjNCRkQzRkVFQkRCNDNG
RDUzNEM4M0Y1RENFQUIzRkJBOTI0OTNGRUM2OTY5M0YyQTE0OUUzRjIzMEM0
RTNGNUNGQzU4M0YwQkMwNTUzRkE5NUVERjNFRTYyMDg4M0U5N0FENDEzRjlG
OUUxMTNGMjQzMkFCM0VCMUU1QzEzRTRBMERFOTNFQ0UxRDQ2M0U0MkI0MzIz
RTVEM0RERjNEMjhBNzA3M0UzNDU1MzAzRUNCQkU2MzNFRjU3NzM4M0VEM0Uw
NDEzRTcwM0QzMTNFRDQwRENFM0RERDQ2NUYzRDFDNUVENTNDNDExMzQxM0RD
MkE0NUMzRDhCRkM1QTNEQjY1RUI2M0Q2MQ==

--SBD.Boundary.605592468
PROCESS /noc/users/iridburst/exec/irid_300224010734970_upd.pl
Last Run  ----1970-01-01 00:00:00 
MONTH  5 
DATA  xxrecord 2012-05-20 03:00:05 :: $W5M5A,120520,030005,660d0028449ce246,1,DAS 2,4901.6176N,1621.5313W,11.4,240,13.8,13.9,11.8,94.3,10.9,11.8,94.1,10.9,1014.5,1.43,2.4,8.7,23,38*69
 
INSERT
STATION sbdservice
IRID_ID 300224010734970
BODY 
Content-Type: application/x-zip-compressed; name="SBMmessage.sbd"
Content-Disposition: attachment; filename="300224010734970_003423.sbd"
Content-Transfer-Encoding: base64

JFc1TTVBLDEyMDUyMCwwNDAwMDUsNjYwZDAwMjg0NDljZTI0NiwxLERBUyAy
LDQ5MDEuNjM0OU4sMTYyMS41ODEyVywxMy4wLDI0NSwxNS41LDEzLjksMTEu
OSw5NS42LDExLjMsMTIuMCw5NS41LDExLjMsMTAxNC4xLDEuMTMsMS43LDcu
NywxNyw0NCo2Qg0KDQokVzVNNUEsMTIwNTIwLDA0MDAwNSw2NjBkMDAyODQ0
OWNlMjQ2LDIsREFTIDIsMTIuOSwxMy4xLDAuMiwwLjQsMC4wMSwxMTIyLDEx
MzEsMTU2LDYyOCwwLDMzLjYsMTQuNjYsOTI2KjVCDQoNCiRXNU01QSwxMjA1
MjAsMDQwMDA1LDY2MGQwMDI4NDQ5Y2UyNDYsMyw3RjAwNzQwMjNBMDAwMDUz
MzIzMDMxMzIzMDM1MzIzMDMwMzMzNDMwMzAzMDU1NUEwMDMxMzIzMDM1MzIz
MDMwMzMzNDMwMkM1NDQxNDIzMDMwMzAzMDMwMkMyRDMwMzUzMTJFMzEyQzJD
MzEzMjJFMzQzNTJDMzQyRTMwMkMzMzM2MzAzMDJDMzYzMDJDMzYzMDJDMzEy
QzMwMzAzNTM3MzAyQzMzMkUzNDMyMkMzMTJFMzIzNjJDMzMzNzJDMzAyQzMw
MkUzMTM3MzIyQzJCMzAzMDJFMzAwRDBBQjcxMDk4NzU2QTQ0N0YwMDY3MDIz
QTAwMDA1NzMyMzAzMTMyMzAzNTMyMzAzMDMzMzQzMDMwMzBGRjREMDAwMDgw
RkI0NDAwMDAwMjQ0MDBEMDA0NDcwMDAwMDc0MzVCNkYzNzNGQzc2OEJFNDA0
RUE5RDkzRjlDMTQ5MDNGNUFEREU4NDAwMDZEQjEzRjQ5N0VFQTQwNDg1QUMz
NDA2MzI3RjY0MEZGNjRGNjQwNzU2ODk4M0Y4RkFEODU0MUVBNzQzMTQyNjY2
RjcxM0I2NDFFNzA2NTM2NEI3RjAyRUEwMjNBMDAwMDRCNTY0ODIwMzczMjMw
MzEzMjMwMzUzMjMwMzAzMzM0MzAzMDMwM0EwMDAwMDAyOTVDOEYzRDBBRDdB
MzNCOEVBRDg1NDFFNDc0MzE0MjZCRDU0RjQzOTc4NTY1NDJFQTFFQTM0MzQy
N0I5NDQyRDJCMzVENDEzNEZBNzg0MjdCMzc2RTQxNEMwOTYxNDIyNzA2QUE0
MTk4MEUwOTQyMDY3NUNDNDFGNUIzREU0MTIxODRGODQxQjJDOEZBNDE0MTBB
REY0MTA1MTkwNDQyNkNGRkIyNDE5OTI0Rjc0MTg5MEI5NDQxMUM3RTA4NDIx
Q0UzMkI0MUI0RTIxMTQyMjYwQTgwNDExREUxMDU0MjE2QTdEMTQxN0QwQzA1
NDI5MkRGMTM0MkQyQUEwNzQyOUFENDEzNDJFMDlEMjk0MkE1MDIwOTQyQkVD
NDRDNDI0QjU1QzU0MTJBOUU1RDQyOEQ2MTc3NDEyOTgyNjg0MkIxMjE5NjQx
RTA1OTg4NDI3OTcxRUM0MEYyQUQ5NjQyQjc2MUFGNDM3Nzg5OTM0MkY0NDMy
NTQxMDBGMjY5NDI2RkM2QzA0MDhFQ0MzNzQyQzlCODhCM0YxRkM5Mzk0MjhF
QTNCMTQzM0IyODRGNDJCOEM1QjM0M0MwODc1RTQyODIzMDdDNDE1NENFNjA0
MkQyRjg4NzQwRDZCNzY2NDJCRkQyQjM0MzkyNEY3MTQyOUQyQjcxNDFDMjI1
NkE0MjQxQjBFQTQwMUU3MDc4NDI5QjZDQUE0Mzk5OTk2NzQyN0QzM0E2NDM0
QTlCNTU0MjQ3ODk5RTQzMDRDRjZFNDJDNUREOEM0M0U5QjM4MzQyM0Q5NEEy
NDM3QzMyOEY0MkI1M0NCMTQzRDdGNjg3NDIwQUJBQTc0Mzk5QkE3NDQyRDA2
REE2NDM1NTVCNjQ0MjQzOEZBNDQzN0ExMjg2NDJFRDNDOEM0M0NDM0Y4RTQy
NDkwOTk1NDMwM0Q1ODQ0MjlFQzFBQzQzNDk5RThBNDJBMTU4QTE0M0NGMkQ5
NjQyQjBENzg3NDM2QjYyOEE0MkQzNUI4QjQzRTcyODkzNDIzRDdCOEI0MTgw
RDE5QzQyM0ZBOTlENDMyNjQ1OUE0MkQwRTY3NTQzMEFERDkzNDI3MThCNDA0
MzlFNTA5ODQyMTAzQ0QwNDI5QTJGOTc0MkQyRjBGNTQyMzZCRjk4NDJGODg2
MUM0M0Y2RTI5MjQyNzA1M0IyNDM3MTc4QTA0MkQzRTVCMTQzMDc0QjkzNDJE
QzE1OTM0MjAxQjI5NTQyOEIwQ0FFNDIxNzgyOTA0MjdGNEM3NTQyRkNBRDhG
NDI1RkY2QTEzREM5QkE1RjNEMTRGQUM3M0Q1MkU0RkEzRDYwMENDNDNFNTdC
MTQwM0Y4MUM2MDIzRkU0NDEzNTNGQjcxNjY0M0YzNUY1QUYzRUQ4NDIyOTNG
RjM2REM5M0ZENTlCRDMzRkQyMDk4ODNGMjQzQkIyM0Y3RERCMkYzRkQ2NkQw
QjNGNzM5N0VGM0VBQkI2OTEzRTU3NjNERDNEQ0NGRUI2M0QyNjkyMTMzRTM3
NjgwNjNGNUIyQzE1M0Y5MjMwMDIzRkUzRA==

--SBD.Boundary.605592468
PROCESS /noc/users/iridburst/exec/irid_300224010734970_upd.pl
Last Run  ----1970-01-01 00:00:00 
MONTH  5 
DATA  xxrecord 2012-05-20 04:00:05 :: $W5M5A,120520,040005,660d0028449ce246,1,DAS 2,4901.6349N,1621.5812W,13.0,245,15.5,13.9,11.9,95.6,11.3,12.0,95.5,11.3,1014.1,1.13,1.7,7.7,17,44*6B
 
INSERT
STATION sbdservice
IRID_ID 300224010734970
BODY 
Content-Type: application/x-zip-compressed; name="SBMmessage.sbd"
Content-Disposition: attachment; filename="300224010734970_003424.sbd"
Content-Transfer-Encoding: base64

JFc1TTVBLDEyMDUyMCwwNTAwMDUsNjYwZDAwMjg0NDljZTI0NiwxLERBUyAy
LDQ5MDEuNjUyNE4sMTYyMS42MjQ0VywxMi41LDI2MywxNS4zLDEzLjksMTIu
NCw5NS44LDExLjcsMTIuNCw5NS45LDExLjcsMTAxMy44LDEuMjUsMS44OCw4
LjMsMjAsNDQqNTANCg0KJFc1TTVBLDEyMDUyMCwwNTAwMDUsNjYwZDAwMjg0
NDljZTI0NiwyLERBUyAyLDEyLjksMTMuMCwwLjIsMC40LDAuMDEsMTEyMywx
MTMyLDE1Niw2MjksMCw3Ny4xLDE0LjY2LDkyMSo1OA0KDQokVzVNNUEsMTIw
NTIwLDA1MDAwNSw2NjBkMDAyODQ0OWNlMjQ2LDMsN0YwMDc0MDIzQTAwMDA1
MzMyMzAzMTMyMzAzNTMyMzAzMDM0MzQzMDMwMzA1NTVBMDAzMTMyMzAzNTMy
MzAzMDM0MzQzMDJDNTQ0MTQyMzAzMDMwMzAzMDJDMkQzMDM1MzEyRTMxMkMy
QzMxMzIyRTM0MzQyQzM0MkUzMDJDMzMzNjMwMzAyQzM2MzAyQzM2MzAyQzMx
MkMzMDMwMzUzNzMwMkMzMzJFMzQzMjJDMzEyRTMyMzYyQzMzMzgyQzMwMkMz
MDJFMzEzNzMyMkMyQjMwMzAyRTMwMEQwQUI4MTBDMkQ4OTkzQjdGMDA2NzAy
M0EwMDAwNTczMjMwMzEzMjMwMzUzMjMwMzAzNDM0MzAzMDMwRkY0RDAwMDA4
MEZCNDQwMDAwMDI0NDAwRTAyQjQ3MDAwMEZFNDIxRUM2NEYzRjE3RURDQTQw
MTAzRUYwM0ZCODg2OUYzRkQ1M0JFQzQwREY4NUM0M0Y5NkQ2RjI0MENCM0FD
NzQwNTY1NTA1NDE0NEJCRkU0MDVDRDdBNDNGMEEyOEEzNDFDMUExMkU0MkJF
QjM5NDNCQjUyMDExRkI1REYwN0YwMkJBMDIzQTAwMDA0QjU2NDgyMDM3MzIz
MDMxMzIzMDM1MzIzMDMwMzQzNDMwMzAzMDM2MDAwMDAwMEFEN0EzM0QwQUQ3
QTMzQjBCMjhBMzQxQkRBMTJFNDI0MThEMkE0MjFGMEE3NjQyODI2MkIzNDFB
NDI2MkY0MjczNUU4RTQxMkU0MjExNDIzQTY1OTI0MURBMDIwQjQyRjIwRUEy
NDE4MTY0MDY0MjlCNDdDOTQxMTkwQ0ZENDEwMkE0QzI0MUJGOEJGODQxNTU5
NkFENDE1RTc4MDc0MjA5MjNCQzQxNkQxMjA2NDJDQTE2RjA0MUQ0MUEwQzQy
QUI3QTEwNDIwMjQ3MjA0MkIzODMyODQyNTJBRDBGNDIzQ0RBMkU0MkFBRjQw
NzQyREJBNDBDNDI5MjUxMjE0MkEwMjRBMzQxMEVDNTQ1NDI0RDQzRjIzRkRB
Q0E1QTQyNDJENkFFNDM3ODhENjc0MjJCQ0FBNzQzRDcxODZGNDIwOERCQUI0
M0I2Rjc1MjQyMjU5MUIxNDNFODhFNTA0MjVBREZBRTQzNzVBRTRCNDJGNkQx
QUY0M0MwM0U0RDQyRTM1OUM1NDE0NUMxNkI0MjZBQkUzQzQyMTlFQTY4NDI2
RkI3MTg0MkUxNkM3QTQyNzFDQ0IyNDMwMDcyNzc0MjBDRUJBNzQzNDZBODY2
NDI5OTY2QTY0MzFEOUU2ODQyREM4RTg2M0UyMjU1ODE0MjhCOEQ1MjQyMkM3
RjhFNDI1NTA5MkM0MEE1RTI5ODQyN0M0RUEyNDM0RDJCODA0MjI2Q0FBOTQz
NkJEMDdFNDJEOUNCODI0MTE2NjY4NDQyMzgxOERFNDFGRDM1NzQ0MkQ0QkI3
NDQxNDNERTc0NDI5MEQwQjI0Mzg5Qjc4QTQyMTQzMjlENDNGOTM4OEM0MjUw
RTY5ODQzNTQ1ODgzNDI4Qjk4OTk0M0ZDQUI4NzQyMDgzOTk5NDNDMDI0OTU0
MjY4ODNEODQxNDc2ODlFNDIxQzk2NjY0MjIyRTE5ODQyQjFGRDgwNDEzMjAz
OTg0MkREN0E4QzQzNTk2Mzk4NDJGQTMxNzM0M0FBMUQ5MTQyMEQ5RkE1NDM0
RUE2OUU0MkY5RThBQzQxRDZBRDkyNDJGODI0MkI0MkIwODY5ODQyRDgwNjAw
NDM1Q0E5OTc0MkM2QTkxMTQzQTI0MTlCNDI2NkNBMUI0M0MzQkY5NzQyMkUz
NjFENDM2QzdFOTM0MkJBM0VCQzQyNjBGOTk4NDI5RUNFMzEzRDhFOUYwODNF
N0MyM0REM0VBMDNERUYzRTIxOTIyNjNGOTQ2MDBBM0YxMjkwQUIzRkIwN0ZC
MDNGRjM3NEM3M0YyMjFGQUIzRjIwNUNCODNGODY2OUJEM0ZDOTU4QTgzRjYy
MTI2QjNGMjI5NDU5M0ZDRjc1RTgzRUFDNjc5QjNFNDY1MUNEM0UzQUMyMDkz
RkU5MEZGNjNFMEY3NEE5M0VBNDhGOTMzRTA0NjM2QjNFRTcyOUMwM0U1REQ4
MjMzRTUzOTI5RDNFNEM1RkI3M0U4MzU4QTEzRURDNTQyNzNFQjVDNEM2M0Q1
NjYwMDEzRTczM0RGNTNERUYzNjIwM0U3RA==

--SBD.Boundary.605592468
PROCESS /noc/users/iridburst/exec/irid_300224010734970_upd.pl
Last Run  ----1970-01-01 00:00:00 
MONTH  5 
DATA  xxrecord 2012-05-20 05:00:05 :: $W5M5A,120520,050005,660d0028449ce246,1,DAS 2,4901.6524N,1621.6244W,12.5,263,15.3,13.9,12.4,95.8,11.7,12.4,95.9,11.7,1013.8,1.25,1.88,8.3,20,44*50
 
INSERT
STATION sbdservice
IRID_ID 300224010734970
BODY 
Content-Type: application/x-zip-compressed; name="SBMmessage.sbd"
Content-Disposition: attachment; filename="300224010734970_003425.sbd"
Content-Transfer-Encoding: base64

JFc1TTVBLDEyMDUyMCwwNjAwMDUsNjYwZDAwMjg0NDljZTI0NiwxLERBUyAy
LDQ5MDEuNjY1NE4sMTYyMS42NTY0VywxMS40LDI2NSwxMy4xLDEzLjksMTIu
Niw5NC4zLDExLjcsMTIuNiw5NC43LDExLjgsMTAxMy44LDEuMzUsMi4xOCw4
LjMsMjEsNDEqNTcNCg0KJFc1TTVBLDEyMDUyMCwwNjAwMDUsNjYwZDAwMjg0
NDljZTI0NiwyLERBUyAyLDEyLjksMTMuMCwwLjIsMC40LDAuMDEsMTEyNCwx
MTMzLDE1NCw2MjcsMCwyMS44LDE1LjA1LDkyNCo1QQ0KDQokVzVNNUEsMTIw
NTIwLDA2MDAwNSw2NjBkMDAyODQ0OWNlMjQ2LDMsN0YwMDc0MDIzQTAwMDA1
MzMyMzAzMTMyMzAzNTMyMzAzMDM1MzQzMDMwMzA1NTVBMDAzMTMyMzAzNTMy
MzAzMDM1MzQzMDJDNTQ0MTQyMzAzMDMwMzAzMDJDMkQzMDM1MzEyRTMxMkMy
QzMxMzIyRTM0MzMyQzM0MkUzMDJDMzMzNjMwMzAyQzM2MzAyQzM2MzAyQzMx
MkMzMDMwMzUzNzMwMkMzMzJFMzQzMjJDMzEyRTMyMzYyQzMzMzkyQzMwMkMz
MDJFMzEzNzMyMkMyQjMwMzAyRTMwMEQwQUI5MTA5ODZFQThFQjdGMDA2NzAy
M0EwMDAwNTczMjMwMzEzMjMwMzUzMjMwMzAzNTM0MzAzMDMwRkY0RDAwMDA4
MEZCNDQwMDAwMDI0NDAwRjA1MjQ3MDAwMEZFNDJGQjNDNUMzRjQ5REJDOTQw
NkFCRjBCNDBERUZBQUMzRkJENDhFRjQwQjA0Q0QyM0Y0NjA4RjY0MDc5NjBD
NzQwNTY1NTA1NDFDNjQxMDM0MUYyMTBCMDNGMkM1Q0E5NDEzOThFMjI0MkNE
QTdBNDNCMTIxRkJGRjNCQzYzN0YwMkJBMDIzQTAwMDA0QjU2NDgyMDM3MzIz
MDMxMzIzMDM1MzIzMDMwMzUzNDMwMzAzMDM2MDAwMDAwOTk5OTk5M0QwQUQ3
QTMzQjI2NUNBOTQxMzY4RTIyNDIyMUJDNTM0M0RDODE3MjQyOUVGNjVBNDND
REJGODE0MkNBNDg0MDQxQzgyNzg2NDI0MzlBQTE0MTNEQzNGNzQxMUVDMzg4
NDFBQzJGRDQ0MUVFNjk4QzQxQTJBN0Y4NDE5NEQzQjE0MTUzMEYxMjQyRTc3
QUNBNDE5RDIyMEM0MjQwRDVERDQxRDkwM0YwNDEyMERBRTI0MTM3RjFDRjQx
OTA3QURGNDEyNTVGRDk0MTEzOTBFMjQxRUFFM0YyNDFGMDJBRTg0MTM5OUMw
RDQyODM2NTFBNDI4RTk2M0U0MjJFRkUzQTQyNjJGMDUyNDI3OUMxMUE0Mjc0
QjY0NjQyQkIzNzM2NDJBMURCNDM0MjQzQUQ1MDQyNzI4QTRFNDJBQURCMzU0
MjI5ODc1MzQyQTVBODQ1NDJDRDc0NDY0MjQ3MDIzRDQyQTA5RDY3NDI5NUNF
OTg0MUU5ODM4MDQyNDE2QTg3NDFBNTQ5NkY0MjE4NENDMjQxRDlGMzZBNDIx
MzMzQUY0M0M3Rjk3NDQyMkExMUE0NDMyRjM1Njc0MjY3OTVBNTQzRTg0OTY5
NDJFNjkwQTI0Mzg2RjM3NDQyREFGMTk5NDM3MUYwODM0MjdFQzc5NTQzRjkz
NzhCNDI1MTJBOTQ0M0EwRkI5MjQyMzIxNzlFNDM4ODVCOEE0MkVFNTJBMTQz
Rjc3Rjg3NDIxNjQ2OTA0MzM2OTE4RDQyRDFDNThBNDNGRDFEODQ0MkQ2OUU5
QTQzNDNBMDhBNDIzNUY0OUE0M0E0NDA4MDQyMTc1Nzk2NDNGOEE3NEE0MjlE
RDg5MTQzQTlFNDUzNDJCMEYzOEI0MzZFOEQ3NTQyMzY5RDlCNDMxODQ1OTI0
MjM3OUM3RTQwODcxRDk0NDIyOTA5RDM0MTY2MzQ5RDQyRDBGQkUyNDI3OTk1
OUQ0MjY2QUUyMjQzQjIwNTlCNDI2OTBFNDc0M0NDOUU5MDQyRjY3OTU2NDM1
RjE3OTA0MkJCQjQ3MjQzREJGMzlENDJBMzY4RjY0MjdDOENBMDQyOTQ0MUFB
NDEyQzYzOUI0MkNCREMzNTQwN0E3QjkyNDIxRkRGQUU0M0EyODk4RTQyNkI2
N0FDNDMwQzI5OTk0MkZDNTMxNjQzQzYxMTk4NDI1QzkzNzQzRDgwNjlCQzNE
RUQzMThBM0Q1N0ZGQjgzRTBEQzAxMzNGMTU5RDQyM0YwQTI0RjIzRUMzRjQ0
MTNGNUI2OUNCM0ZGRkMyNjU0MDI5QTM0NTQwQjQxODA0NDBFNEExOEMzRjFC
NEM1MDNGRjQ0MzMwM0Y2RTY0MTUzRkY2NTJFNDNFODA3ODc3M0VEMEQ2QkEz
RTZBNkQxMTNGRkMzMzUwM0U4NDFEMzAzRUUxNzUzRjNFMUVBNzE3M0UzQjdG
NUIzRUYwREM4RjNFQ0E1NEFEM0U4NzM1QjczRTNCREYxQTNFNjczMjZEM0U4
RDMwODczRTFEQjQ4ODNFRkQ3MzczM0VFNA==

--SBD.Boundary.605592468
PROCESS /noc/users/iridburst/exec/irid_300224010734970_upd.pl
Last Run  ----1970-01-01 00:00:00 
MONTH  5 
DATA  xxrecord 2012-05-20 06:00:05 :: $W5M5A,120520,060005,660d0028449ce246,1,DAS 2,4901.6654N,1621.6564W,11.4,265,13.1,13.9,12.6,94.3,11.7,12.6,94.7,11.8,1013.8,1.35,2.18,8.3,21,41*57
 
INSERT
STATION sbdservice
IRID_ID 300224010734970
BODY 
Content-Type: application/x-zip-compressed; name="SBMmessage.sbd"
Content-Disposition: attachment; filename="300224010734970_003426.sbd"
Content-Transfer-Encoding: base64

JFc1TTVBLDEyMDUyMCwwNzAwMDUsNjYwZDAwMjg0NDljZTI0NiwxLERBUyAy
LDQ5MDEuNjcyNU4sMTYyMS42NzA2VywxMi4wLDI2MCwxNC41LDEzLjksMTIu
Nyw5NC4yLDExLjcsMTIuNyw5NC41LDExLjgsMTAxMy44LDEuMTQsMS45Miw4
LDYsNDgqNzYNCg0KJFc1TTVBLDEyMDUyMCwwNzAwMDUsNjYwZDAwMjg0NDlj
ZTI0NiwyLERBUyAyLDEyLjksMTMuMCwwLjIsMC40LDAuMDEsMTEyNSwxMTM0
LDE1Niw2MjgsMCwxMjYuMiwxNS4wNSw5MTkqNjINCg0KJFc1TTVBLDEyMDUy
MCwwNzAwMDUsNjYwZDAwMjg0NDljZTI0NiwzLDdGMDA3NDAyM0EwMDAwNTMz
MjMwMzEzMjMwMzUzMjMwMzAzNjM0MzAzMDMwNTU1QTAwMzEzMjMwMzUzMjMw
MzAzNjM0MzAyQzU0NDE0MjMwMzAzMDMwMzAyQzJEMzAzNTMxMkUzMTJDMkMz
MTMyMkUzNDMzMkMzNDJFMzAyQzMzMzYzMDMwMkMzNjMwMkMzNjMwMkMzMTJD
MzAzMDM1MzczMDJDMzMyRTM0MzIyQzMxMkUzMjM2MkMzNDMwMkMzMDJDMzAy
RTMxMzczMjJDMkIzMDMwMkUzMDBEMEFCMjEwQ0E1M0UwQTU3RjAwNjcwMjNB
MDAwMDU3MzIzMDMxMzIzMDM1MzIzMDMwMzYzNDMwMzAzMEZGNEQwMDAwODBG
QjQ0MDAwMDAyNDQwMDAwN0E0NzAwMDAwQjQzMjBDODQzM0Y1RjNEQjk0MEY1
NjNGNTNGNDM2NDkyM0Y1MzEzRTQ0MDI5NTZCNzNGM0IzNkQ2NDBFRDgzQjA0
MDAwMDAwMDQxRkE2MzAwNDE5NkQxOUEzRjU0NjhCRjQwNTIzNjQxNDJEQjI1
NzkzQkUyMUFCOTZEOTgyNzdGMDJFQTAyM0EwMDAwNEI1NjQ4MjAzNzMyMzAz
MTMyMzAzNTMyMzAzMDM2MzQzMDMwMzAzQTAwMDAwMDk5OTk5OTNEMEFEN0Ez
M0I1RTY4QkY0MDRGMzY0MTQyQTI1OTUwNDM3NzMxNkE0MkM1OTA1ODQzRjVD
MjdENDI2MTcwQTA0MzMzNzQ5MDQyQTc5N0NBM0U4M0NCNDk0MjIzM0QxQTQx
QjQ3ODFFNDJBQ0JFOEQ0MTAyODQxNzQyMDY0NEJBNDFENjhBMjM0MkFBNDc4
OTQxMzEwNzBCNDI5QUNCQUM0MUNBRUQwNDQyMEZBQTBENDJGN0NDMDA0MjY3
RTAwRjQyMDYzMjBBNDJDRjgwRDA0MTZGNUMyMDQyRTE2OUMzNDFERkVCMjI0
MkU2MzdFQjQxRjE3MDI4NDJBRTJBRTU0MTIyMjMzMjQyRDhDMUI1NDFBODIx
NDY0MkJGNTgxODQxQzdEMDU0NDI5MUMwMTM0MTIwOEM1NDQyNUE5MDk5NDFC
MjY2NUU0MkM3NkI4MjQxRkQwQjgwNDIyNURFQjI0M0IxM0M4ODQyMzhDQkE4
NDM1MzI5ODE0MjEyMTlBOTQzODVCNDcwNDIwMkNGQjI0MzdFRjY4MzQyQzRE
NkE0NDM2RjhCOEE0MjFDRjU5QzQzMTc5RDY1NDJEOEY1QTM0M0JFRUU0OTQy
OEUzRkE5NDMzMTM2NkM0MjExREU5OTQzQTMxOTY0NDJERDFBOUE0M0JFQTA0
QjQyQkU4OTlFNDNBRTBDNjI0MjE5RURBMDQzMzM1RTZFNDJCRjQxQTQ0MzUy
MzU1RDQyRkQxRkE0NDMxOTRBN0U0MkIwRTY5NjQzREJERTg3NDJBODUyOEU0
MzVFNzE2NDQyNjhBQjhGNDM3OUM3NDg0MjA0NzY5NjQzRkNDRjVGNDI5NUVD
OTk0MzEyRUM2MDQyOEU0Mjk4NDM4MjM0NjI0MjU4Njk5QzQzNTA3NzcxNDIy
QTg5QTM0M0I3NzQ3ODQyRDlGQ0EyNDM5NEY5OEU0MjAxNjc0MTQzQ0YxNjlC
NDI1RTcwMkE0M0UyREQ5OTQyNEY5MzhGNDMxMkM2OTI0MjU0RjU4QzQzQjc3
QzhFNDJCQjU5OTU0Mzg2MzE5MDQyOUQ4NUEwNDM4MDU4OEQ0MjhDRjFBNTQz
QjY1ODhFNDIyNjc2QUU0MzYzNzI5NTQyNEFGNDQ1NDI0NTMxOTQ0MkRCNUM5
ODQyRkU3NDk3NDI3Mjg5MTg0M0UwMzI5QjQyQ0REQzhCNDI0N0Y3OUI0MkMy
M0IxRDQyRDUwMjg5NDJCNjcyNjY0MjFEQUI5MTQyRkU1ODExNDNGNTBGOTY0
MkVGOUU4MDNENUJFOEIwM0QyNzA2MTgzRTdEQzlBMTNFQkY3RkQ0M0VCNTBD
OTYzRTMyNjQ4MzNFNEVFM0UyM0U1ODRDNDczRjA2Q0ZEMTNGQzkzOTAzNDA4
N0Y4NUYzRjZDNTczOTNGMzVBQjU0M0Y0RUEyODgzRkUwODhGMzNFQUVDRTlD
M0U4NzhFQTczRUE1MENCQTNFMEI0MjgxM0UzOTQ5OTkzRURGN0U4OTNFNTUw
QTUwM0U4Nzg0ODkzRUE3MDQ4QzNFOTlBQw==

--SBD.Boundary.605592468
PROCESS /noc/users/iridburst/exec/irid_300224010734970_upd.pl
Last Run  ----1970-01-01 00:00:00 
MONTH  5 
DATA  xxrecord 2012-05-20 07:00:05 :: $W5M5A,120520,070005,660d0028449ce246,1,DAS 2,4901.6725N,1621.6706W,12.0,260,14.5,13.9,12.7,94.2,11.7,12.7,94.5,11.8,1013.8,1.14,1.92,8,6,48*76
 
INSERT
STATION sbdservice
IRID_ID 300224010734970
BODY 
Content-Type: application/x-zip-compressed; name="SBMmessage.sbd"
Content-Disposition: attachment; filename="300224010734970_003427.sbd"
Content-Transfer-Encoding: base64

JFc1TTVBLDEyMDUyMCwwODAwMDUsNjYwZDAwMjg0NDljZTI0NiwxLERBUyAy
LDQ5MDEuNjY4M04sMTYyMS42NDgzVywxMS44LDI2MCwxNC40LDEzLjksMTIu
Nyw5NC45LDExLjksMTIuNyw5NS4xLDExLjksMTAxMy45LDEuMTYsMS42Myw4
LDksNDcqN0MNCg0KJFc1TTVBLDEyMDUyMCwwODAwMDUsNjYwZDAwMjg0NDlj
ZTI0NiwyLERBUyAyLDEzLjEsMTMuMiwwLjIsMC40LDAuMDEsMTEyNiwxMTM1
LDE1Niw2MjgsMCwyMC42LDE1LjA1LDkyNSo1OA0KDQokVzVNNUEsMTIwNTIw
LDA4MDAwNSw2NjBkMDAyODQ0OWNlMjQ2LDMsN0YwMDc0MDIzQTAwMDA1MzMy
MzAzMTMyMzAzNTMyMzAzMDM3MzQzMDMwMzA1NTVBMDAzMTMyMzAzNTMyMzAz
MDM3MzQzMDJDNTQ0MTQyMzAzMDMwMzAzMDJDMkQzMDM1MzEyRTMxMkMyQzMx
MzIyRTM1MzkyQzM0MkUzMDJDMzMzNjMwMzAyQzM2MzAyQzM2MzAyQzMxMkMz
MDMwMzUzNzMwMkMzMzJFMzQzMjJDMzEyRTMyMzYyQzM0MzEyQzMwMkMzMDJF
MzEzNzMwMkMyQjMwMzAyRTMwMEQwQUI5MTA0RTkyNzI3ODdGMDA2NzAyM0Ew
MDAwNTczMjMwMzEzMjMwMzUzMjMwMzAzNzM0MzAzMDMwRkY0RDAwMDA4MEZC
NDQwMDAwMDI0NDAwODg5MDQ3MDAwMDExNDMyQ0JGM0EzRjU3RkZCMTQwMzgy
REQxM0ZFREU4OTMzRjdCRjZEODQwNUUxMEI1M0Y5NTExREY0MEI2Q0NCNjQw
MDAwMDAwNDE0MzA1MDA0MTFGNUU5QjNGNjRERDBENDE2N0Q5Mzk0MjIyQ0Q4
MTNCMDkxQzBCOEFBM0UyN0YwMkQyMDIzQTAwMDA0QjU2NDgyMDM3MzIzMDMx
MzIzMDM1MzIzMDMwMzczNDMwMzAzMDM4MDAwMDAwMEFEN0EzM0QwQUQ3QTMz
QjY3REQwRDQxNjNEOTM5NDIzMTg2Rjg0MjNCOTE4QzQyQkZDMjUzNDI1M0Q4
OEY0MjBCOUVCNzQxMjY1MDIxNDJCMDFCQTA0MUUyQzlEQzQxNTNENThENDFD
RDQwRjA0MTc0MjZCNjQxNzQyNjA4NDI4OTU3Q0M0MUQ2NUYwQzQyMTc5REM0
NDE3OTY1MDQ0MjRDODhENDQxNUMyNkZDNDEwN0IzQ0M0MUNGMEIwQTQyQTFC
RUJCNDFEODlCMjc0MkE3RTlDQzQxNDZEQTJGNDI4NTRDRTA0MUY4OEMyMDQy
OTNFQkQyNDE5OTQ5MzY0MkREMzVCNTQxNTdERjM1NDIzMUY2QkI0MTk2QTEz
MDQyOUJBMkUyNDEzNEVBNDg0MkIxNTNCMDQxRkI5RDU2NDJBNzAxNkE0MUZF
MDY2OTQyMkU2M0REM0ZFMDk1ODY0MjhCRDNBQTQzNUM4MDdENDIxMUZCQTc0
M0VDOEM2ODQyNkE3RUE3NDMyMDIxN0I0MkVFRjFBRTQzQkYwMjdDNDJGQzIy
QTc0M0U3MjI3MDQyQjM4RTk1NDMxRkUxNUQ0MkY1RTc4RTQzRjc2QTVFNDJD
RjZEOTQ0M0VFMjg1RDQyRUE2MzlCNDMzM0M4NTM0MjVBNkQ5NTQzQUQwRjVC
NDI2NEQ3OTE0M0M1RTA2NDQyNzdBMjk3NDM3NkVGNjY0MjUxNEE5NzQzNzJD
QjRBNDI3NkREOTU0M0VBNjUyRTQyNUVERTk2NDNFREI1M0U0MkUyNjA5MzQz
OTQyMzZFNDI4NzY3OEY0M0Y0NkI2NzQyQUQ1NzkyNDMwRDIxNjk0MjgzRkU5
NjQzRTRFODcwNDIzN0MwOTQ0M0JGQ0E3QjQyMTFFRDhENDMyOUZBODE0MjU0
NDI5NTQzNTcxNzgwNDJENjUwOUE0MzZBNjg4NjQyQTk4QzkzNDNGRDlDOTg0
MjFDNjQ0MDQzN0E5MjkyNDJEODI4MkU0MzQzOUY4QjQyOUQ0QTFBNDNEOTUw
OTI0MjlFNDhGMzQyOEI2QTk5NDI1NjU2OTQ0MjE3NUI5QTQyM0VDOTk5NDIx
MDFEOUQ0MkRGNzEyNTQzNENENzlBNDIyMkUwRTE0MjNGQ0Y5MjQyRENDRDg3
NDI0M0U5OTI0MkJEM0FEQjQxMDRGQzlBNDI0MUEzODA0MjQ1MjU5QjQyRDc0
OTkyNDIwNzY0OTQ0Mjc0MTUwNDNFNjk2MjA3M0U2Rjc2NjkzRURFNDUzMDNG
NjMyMzEzM0Y1MTJBQUQzRTM2OTIxMzNGRjhCMjBGM0ZGNTNBQjIzRjI5OEJG
QTNGQjc2RjY0M0Y2RjQyMjkzRkRENzYxRTNGOTRDNkQ1M0VDQUNDMjgzRjQ5
MEI0QTNGRUZBQUY3M0VGNDhCNDMzRkM0MkUwMzNGNURCMTgxM0VCN0U0OUIz
RThCRjRCQzNFOEVCREJCM0UzRUQ2QjMzRThBODE4RjNFNTc4RTY5M0VDOEYw
OUEzRTM3ODE3MTNFRDFEOTZCM0VDMkQyMg==

--SBD.Boundary.605592468
PROCESS /noc/users/iridburst/exec/irid_300224010734970_upd.pl
Last Run  ----1970-01-01 00:00:00 
MONTH  5 
DATA  xxrecord 2012-05-20 08:00:05 :: $W5M5A,120520,080005,660d0028449ce246,1,DAS 2,4901.6683N,1621.6483W,11.8,260,14.4,13.9,12.7,94.9,11.9,12.7,95.1,11.9,1013.9,1.16,1.63,8,9,47*7C
 
INSERT
STATION sbdservice
IRID_ID 300224010734970
BODY 
Content-Type: application/x-zip-compressed; name="SBMmessage.sbd"
Content-Disposition: attachment; filename="300224010734970_003428.sbd"
Content-Transfer-Encoding: base64

JFc1TTVBLDEyMDUyMCwwOTAwMDUsNjYwZDAwMjg0NDljZTI0NiwxLERBUyAy
LDQ5MDEuNjUwME4sMTYyMS41OTY0VywxMS43LDI2MCwxNC4wLDEzLjksMTIu
Nyw5NC44LDExLjksMTIuOCw5NC45LDEyLjAsMTAxMy44LDEuMjMsMS45Nyw4
LDM1NCw0NSo3MQ0KDQokVzVNNUEsMTIwNTIwLDA5MDAwNSw2NjBkMDAyODQ0
OWNlMjQ2LDIsREFTIDIsMTMuMSwxMy4zLDAuMiwwLjUsMC4wMSwxMTI3LDEx
MzYsMTU2LDYyOSwwLDI2LjUsMTUuNDQsOTIzKjVDDQoNCiRXNU01QSwxMjA1
MjAsMDkwMDA1LDY2MGQwMDI4NDQ5Y2UyNDYsMyw3RjAwNzQwMjNBMDAwMDUz
MzIzMDMxMzIzMDM1MzIzMDMwMzgzNDMwMzAzMDU1NUEwMDMxMzIzMDM1MzIz
MDMwMzgzNDMwMkM1NDQxNDIzMDMwMzAzMDMwMkMyRDMwMzUzMTJFMzEyQzJD
MzEzMjJFMzczMjJDMzQyRTMwMkMzMzM2MzAzMDJDMzYzMDJDMzYzMDJDMzEy
QzMwMzAzNTM3MzAyQzMzMkUzNDMyMkMzMTJFMzIzNjJDMzQzMjJDMzAyQzMw
MkUzMTM2MzkyQzJCMzAzMDJFMzAwRDBBQkUxMDBDNDg3Nzg3N0YwMDY3MDIz
QTAwMDA1NzMyMzAzMTMyMzAzNTMyMzAzMDM4MzQzMDMwMzBGRjREMDAwMDgw
RkI0NDAwMDAwMjQ0MDAxMEE0NDcwMDAwMEY0M0M0RjM0QzNGQzVBNUI0NDA3
NjRFRkMzRjdGNTc5RDNGNzdEN0QzNDA2OTIxQ0IzRjQ4NzNEQzQwOTUwOEIw
NDAwMDAwMDA0MTAzMDFGNjQwNTMzMUE2M0Y0NkU2QjA0M0NGMzUzMzQyQUY4
QTk1M0JDRDFDQzlBMUU3Qjg3RjAyQkEwMjNBMDAwMDRCNTY0ODIwMzczMjMw
MzEzMjMwMzUzMjMwMzAzODM0MzAzMDMwMzYwMDAwMDAwQUQ3QTMzRDBBRDdB
MzNCNDdFNkIwNDNDRTM1MzM0MjUyRkQ0OTQzRTc3MDgxNDJENkUxQzc0MTY5
NkY5MDQyRTlGQkJDNDFBN0VBMzY0MkU2NURBOTQxNTk4MzAyNDI2QTA2NzU0
MUY2MTRGQjQxREJCRTdFNDE4MTJBMTc0MkQyM0Q5MTQxQ0M5QzFBNDJGOTZB
OTU0MUJDQzFFRjQxQTkwQUFENDEwQTNFRjA0MTI5MDlENzQxRUQ4NUZFNDFD
NDQ3Rjc0MUI1OEJGRTQxMzc3RUU5NDE0MTk1MTY0MkJGODlCMjQxOEVFQTI0
NDI5NTUwQTc0MUI5MDQxNjQyMTMzQzk3NDE5MDIzMTI0MjBDMTg5NTQxQTQw
MDI0NDJBRjU4OUU0MTE0MzY0MzQyRDE0QjU4NDFFMkQwNjI0MjNBQjVBQzQz
MjBCNjdGNDJBMzUwQTA0MzRGQzE1NjQyOTMwNTlENDNFNUQ5NEQ0MjFGODk5
OTQzMDhDMDY4NDI0NTBDOUI0MzkxRjI3QzQyRTFCNzlCNDMyNUI3Nzk0MkVC
OTY5NDQzRjlDMTY5NDIxOEUxOTc0M0RDM0Q2NTQyNDZDQUEwNDMwRTY4Nzc0
MkQ0ODVBMDQzNEM4Qzc0NDJEMzBGOUU0M0RDMDk2MDQyRjhGMzlFNDMxRDVF
M0Q0MjE5NjM5QjQzRDgxNTJBNDI0N0FGOTc0MzlBMjkyRjQyRTA4QjkyNDNE
NzUyMzY0MjUzOEE4RTQzODdCODM2NDJENEE5OEQ0M0MyMzIzOTQyNEQ3QzhB
NDM4OTY1NTA0MjlEREY4MDQzNUQ5RDdENDI4MDk5NkY0MzYwOTY4MDQyRkM4
NTgzNDNEQjk5N0E0MjdFOEI5MjQzNjA3Qjc2NDI1RDEzODk0M0MyQTI4NDQy
NDAxRTczNDM2QTIxODY0Mjc4QTI2MTQzQTE4RTg2NDJBNEFCNzQ0MzVDNUM4
RjQyMzlDOTk3NDNDRTA2OTQ0MkZGRTNBODQzRUYxMTlBNDJBNzA2ODI0MUQy
QzU5QjQyRTZCNDQwNDFDMEFCOUE0MkQ1OEVBNjQzMjc2MTk4NDJGODM0OEI0
MzJERkE4RjQyMTJFOThFNDM5NTFBOTQ0MjM3NzlDMTQxRTk4MDlDNDI1QjM5
OTA0MjM2QTU5NjQyQUY0QjYzNDJCRTNGOTc0MkI4RDk5OTNEQ0NCREI2M0Qx
NUU2NjkzRTlCRUE3RTNFMkQxOTg4M0U0QjE1Q0IzRUFCREFBQzNFQzcxQTI2
M0Y2RkVEQjkzRjE5M0ZEODNGQ0E0Q0I4M0Y1REM1NTIzRjAxQTQwRTNGNDYy
NjY3M0Y0OEU0NzYzRkZGOUI5NDNGQTk1ODJEM0YzQURCOTMzRTZFNzVCRDNE
RkE1NEFCM0VFNjNENkQzRkJCRjIxMTNGMjVBREVGM0UxOTMyRUMzRUUwMEJB
NTNFQjg0QUM5M0UyRkFFOEQzRUJBMzQ3ODNFNzg2NzU4M0VEQzNDMEUzRTNG
NDVBRTNFM0VCMjE1M0ZDNTgwRTEzRUZEMg==

--SBD.Boundary.605592468
PROCESS /noc/users/iridburst/exec/irid_300224010734970_upd.pl
Last Run  ----1970-01-01 00:00:00 
MONTH  5 
DATA  xxrecord 2012-05-20 09:00:05 :: $W5M5A,120520,090005,660d0028449ce246,1,DAS 2,4901.6500N,1621.5964W,11.7,260,14.0,13.9,12.7,94.8,11.9,12.8,94.9,12.0,1013.8,1.23,1.97,8,354,45*71
 
INSERT
STATION sbdservice
IRID_ID 300224010734970
BODY 
Content-Type: application/x-zip-compressed; name="SBMmessage.sbd"
Content-Disposition: attachment; filename="300224010734970_003429.sbd"
Content-Transfer-Encoding: base64

JFc1TTVBLDEyMDUyMCwxMDAwMDUsNjYwZDAwMjg0NDljZTI0NiwxLERBUyAy
LDQ5MDEuNjE0MU4sMTYyMS41MDU5VywxMy4zLDI1NiwxNS44LDE0LjAsMTIu
OCw5NC4zLDExLjksMTIuOSw5NC41LDEyLjAsMTAxMy43LDEuMTEsMS42OCw1
LjcsMzUyLDUzKjY5DQoNCiRXNU01QSwxMjA1MjAsMTAwMDA1LDY2MGQwMDI4
NDQ5Y2UyNDYsMixEQVMgMiwxMy40LDEzLjcsMC4yLDAuMywwLjAxLDExMjgs
MTEzNywxNTYsNjI4LDAsMjQ4LjksMTUuNDQsOTI0KjZEDQoNCiRXNU01QSwx
MjA1MjAsMTAwMDA1LDY2MGQwMDI4NDQ5Y2UyNDYsMyw3RjAwNzQwMjNBMDAw
MDUzMzIzMDMxMzIzMDM1MzIzMDMwMzkzNDMwMzAzMDU1NUEwMDMxMzIzMDM1
MzIzMDMwMzkzNDMwMkM1NDQxNDIzMDMwMzAzMDMwMkMyRDMwMzUzMTJFMzEy
QzJDMzEzMzJFMzAzMTJDMzQyRTMwMkMzMzM2MzAzMDJDMzYzMDJDMzYzMDJD
MzEyQzMwMzAzNTM3MzAyQzMzMkUzNDMyMkMzMTJFMzIzNjJDMzQzMzJDMzAy
QzMwMkUzMTM2MzgyQzJCMzAzMDJFMzAwRDBBQjgxMDRBMTNCN0E2N0YwMDY3
MDIzQTAwMDA1NzMyMzAzMTMyMzAzNTMyMzAzMDM5MzQzMDMwMzBGRjREMDAw
MDgwRkI0NDAwMDAwMjQ0MDA5OEI3NDcwMDAwMTA0MzQ3MDUzODNGNENBRkIx
NDBCOEEzRDczRkJGOTY4RTNGMjVGMENCNDA0MDVCQjAzRkJFQzdDQTQwNDY0
Q0FFNDA2RURCQjY0MEM1M0NDRTQwN0MwOTkzM0Y1NUYzQUY0MzM0MUU1NDQy
Mzg4RDVGM0I1QjFFQjdCNTAwNDc3RjAyRUEwMjNBMDAwMDRCNTY0ODIwMzcz
MjMwMzEzMjMwMzUzMjMwMzAzOTM0MzAzMDMwM0EwMDAwMDA5OTk5OTkzRDBB
RDdBMzNCNTVGM0FGNDMzMjFFNTQ0MjlFMUI2MDQzNkZCRDU3NDI1NTNFNjA0
MzY3RDc1MDQyQkNCNzU4NDM0REVGNjM0MjUyODZBODQzRjUzRTk0NDIwQkI2
OEU0MTNBM0EzNzQyQTcwODkzNDE0NDc4MTQ0MjE0OEU4MjQxRDQzODBBNDIx
NjIwOTY0MTRFN0EwOTQyNDMzRkM2NDFEN0Y5MUU0MjkzRTExMjQyRENENDJB
NDI2MkZFMzM0MjlDQTgyODQyN0Y3NTNGNDIxQzM0Mjk0MjY2NDM0QjQyMDFF
QjIwNDI1M0Q3NTc0MkRDREMxRDQyQTc5QzIzNDJGMjM1NUI0MkQ0QzIxMzQw
RjEzRDgwNDI2Njc5OUE0MDhCOUM3RTQyMzIwOEIyNDM1RTMyODE0MjIxQkRB
ODQzMzc5RjgyNDI2MjZEQTc0M0I3NkY2NTQyN0Q0Q0E2NDNDOENCNTI0MjJC
RURBMDQzOERDQjc2NDIwNDQ3OTU0M0E0Mjk4MDQyOTQyMjk5NDNGQTg4NUY0
MkFDMkM5ODQzMTBENDRBNDJCNUUzOTQ0MzIzMTI0NjQyMzg4RTkzNDM0Mjc3
NTM0MjIxMDY5MDQzRjc5OTRBNDIyRjREOTE0MzE3Q0M0MjQyNjg4ODk2NDM2
M0ZENEE0MkIzOEU5QzQzMURCMTQ3NDIyOEFCOUI0M0QyREU0QTQyMDJCQTkz
NDMwMDc0NkU0MjRGQzQ5MDQzQjM0MDgwNDI3MTI3OTU0MzU0QTQ3NTQyREND
ODk2NDM1QzQxNjc0MkJFMjM5NjQzMEM0NjY4NDI0QTYwOTY0M0FFMTM3MjQy
NzhDRjk2NDMwNEE5NkY0MkVGMzk5MzQzREI5MDgwNDJEODM3OTQ0M0Q0QjQ4
QjQyNDJFRjk4NDMwQjNGOEQ0MjlCMTU4QzQzRTA1MjlCNDI0NDAzRDI0MjU3
QkM5QzQyQTg5ODBBNDM5QzFFOTg0MjUzNDIzRDQzMjgzQTgwNDI1ODZBM0Y0
MzhEMTA3NTQyNzQwMTNDNDMxMEFDOEE0Mjc1RjAyNzQzNDJEMTkzNDI5Q0M1
Mzc0M0REOEM5RTQyNTBBNzlFNDMyQTRFOTc0Mjc2QzVBMDQzOThFNTk1NDIy
MzU2OTg0MzdENzk5QTQyMzU4OTNFNDNFOUREOUU0MjE5NUNCQzQyM0Q0MDlD
NDJCRUY0NjM0MkU0Mzc5NzQyNzBFRDlDNDJBRTkwOTY0MkRGQTFFOTQyOTFF
Njk1NDIzREZGQUMzQ0Y2OTREODNENkU4NEUwM0QzNTcyNjUzREJBM0MxRDNF
REY4OTg1M0VCOUE1QjIzRTE4QkRERTNFMjIzNEFEM0VGNjA3RjAzRUYwQjMx
RDNGOEUwRjE3M0ZGQ0M3MzgzRkZDNkY0RjNGREFFNDZCM0ZENENENTczRjU2
Qjg2MjNGODA4MTIwM0Y5M0EyQUUzRUFBRTk1MTNGMDhCNTZEM0ZGQzc5OTkz
RTM1QTM2MzNFOTNCNUNEM0VGNDA3MDkzRg==

--SBD.Boundary.605592468
PROCESS /noc/users/iridburst/exec/irid_300224010734970_upd.pl
Last Run  ----1970-01-01 00:00:00 
MONTH  5 
DATA  xxrecord 2012-05-20 10:00:05 :: $W5M5A,120520,100005,660d0028449ce246,1,DAS 2,4901.6141N,1621.5059W,13.3,256,15.8,14.0,12.8,94.3,11.9,12.9,94.5,12.0,1013.7,1.11,1.68,5.7,352,53*69
 
INSERT
STATION sbdservice
IRID_ID 300224010734970
BODY 
Content-Type: application/x-zip-compressed; name="SBMmessage.sbd"
Content-Disposition: attachment; filename="300224010734970_003430.sbd"
Content-Transfer-Encoding: base64

JFc1TTVBLDEyMDUyMCwxMTAwMDUsNjYwZDAwMjg0NDljZTI0NiwxLERBUyAy
LDQ5MDEuNTY4OU4sMTYyMS4zOTgwVywxMS43LDI0OCwxNC4xLDEzLjksMTIu
OSw5My45LDExLjksMTIuOSw5NC4xLDEyLjAsMTAxMy43LDEuMDYsMS40NSw4
LjMsMzI5LDU2KjZEDQoNCiRXNU01QSwxMjA1MjAsMTEwMDA1LDY2MGQwMDI4
NDQ5Y2UyNDYsMixEQVMgMiwxNC40LDE0LjUsMC4yLDAuNCwwLjAxLDExMjks
MTEzOCwxNTYsNjI4LDAsNTAuNSwxNS40NCw5MjIqNTYNCg0KJFc1TTVBLDEy
MDUyMCwxMTAwMDUsNjYwZDAwMjg0NDljZTI0NiwzLDdGMDA3NDAyM0EwMDAw
NTMzMjMwMzEzMjMwMzUzMjMwMzEzMDM0MzAzMDMwNTU1QTAwMzEzMjMwMzUz
MjMwMzEzMDM0MzAyQzU0NDE0MjMwMzAzMDMwMzAyQzJEMzAzNTMxMkUzMTJD
MkMzMTMzMkUzODMzMkMzNDJFMzAyQzMzMzYzMDMwMkMzNjMwMkMzNjMwMkMz
MTJDMzAzMDM1MzczMDJDMzMyRTM0MzIyQzMxMkUzMjM2MkMzNDM0MkMzMDJD
MzAyRTMxMzYzMzJDMkIzMDMwMkUzMDBEMEFCNjEwQjk2Qzc4RkQ3RjAwNjcw
MjNBMDAwMDU3MzIzMDMxMzIzMDM1MzIzMDMxMzAzNDMwMzAzMEZGNEQwMDAw
ODBGQjQ0MDAwMDAyNDQwMDIwQ0I0NzAwMDAxNjQzNDQxQzMxM0Y3QkYzQUE0
MEU3NENCOTNGRjM5MTg3M0YzQzNGQzI0MDRFOURBMzNGRDAyMEM4NDBBQTcz
QTg0MDU2NTUwNTQxNzg5Q0U5NDBBRTZEOEYzRjE0QjBBNDQzNUVCMDVGNDIz
NjRDM0YzQjJEMUQ5Rjk5QzU3QzdGMDM0QTAyM0EwMDAwNEI1NjQ4MjAzNzMy
MzAzMTMyMzAzNTMyMzAzMTMwMzQzMDMwMzA0MjAwMDAwMDI5NUMwRjNEMEFE
N0EzM0IxNUIwQTQ0MzVDQjA1RjQyMjU1NTkwNDIxQjZCOUE0MjdGRjE2MTQy
MzlCQjhCNDI2RTA5NTc0Mjk5MTA5ODQyNTQ2N0E5NDM2MjA4OUY0MjI2NUM3
MzQzQ0U5ODlBNDJGQjQxNEM0MzM5NEM4QTQyMzU4MTQ0NDNBNDEwNzA0MjNF
ODIyODQzNjlGMDhBNDJEODcyMUU0MzgwNTM5QTQyMjQ3NTVFNDMxRDYyODY0
MjM3RUE4ODQzRUJDODlBNDIyQ0QxRkM0MDA4OUM3QjQyNEU4NTg3NDFCRjM4
NDE0MkZCMzdDNzQxRDlFNDQxNDJEMDM1RDM0MTg5RTA0RjQyMjlBQTkyNDE2
NDFBNTQ0MkU3NUNDMjQxQjU1MjIzNDI4QTEzRTg0MTk4RjhGODQxMjhBM0Q3
NDFGQ0JGMTU0MjZGNzJFRjQxNjE3MTU2NDI3OURDMTc0MjU3Qjk3MzQyQTQ2
REI4NDE5MDM2Njc0MkU4MURCOTQxNEFCOTRDNDIxQUQ5QTI0MUZEOUU1ODQy
QzI4N0FGNDNDNUY5N0Q0MjYxNEE5QjQzRDUyMjc5NDJERjI5OUQ0MzFFQTk2
NzQyREJGOUEyNDM4RkY4NjE0MkJBMDA5RjQzOTIyQjY2NDI4NjVDOTU0M0FD
Nzc1NzQyNzA4QzkwNDNEQUJCNTc0MjVFRjY4QzQzMTk4MzY4NDJERDVGOTI0
MzA1MTE3NDQyOUY4ODkyNDNFNzY1NzI0Mjg3MzY4MzQzODU0Rjc3NDIwMkMw
NkQ0MzdDM0M3NjQyRDQyNzZENDMwNjJDOEQ0MkExQTA5QjQzM0I0RDk1NDI0
QTFCOTQ0M0U5NkY3NzQyRDQ4QTkyNDM5Q0U5NUI0MjRFQjE4RjQzQTRCOTRE
NDI2Qzk0OEQ0MzRFRUQ0QjQyQjRDNTkxNDMzQzBCNzA0MkQzNzM5QzQzMTFF
OTg1NDIwQkE5ODg0MzUzNEY5MTQyODY0MjZFNDM0NjIwODY0MjVFQkQ3NjQz
MDk0NjgzNDJENDJBODU0MzY4MTg4NDQyNjE5ODg5NDMwQUVBNzk0MjUxMTI4
RTQzQTZGMTcwNDIzODM0OEM0MzA2QUM2NDQyNjIyRDg3NDNCRkNEN0U0Mjk4
OUI2QTQzMTQxQjkyNDI2NDQxNDE0Mzg5QTk4NzQyQzFCNTQzNDMyNkNCOEE0
MjNFQUU3MTQzQjQzRjlCNDIzMzM3NTc0M0E1M0I5RTQyMEJCMTI4NDNCNTNE
OTI0MkQxQjYyNjQzNEIwMDg4NDIwNzY2MjE0M0ZDODE5NDQyRUVENTc2NDBC
RDFEOTc0MjA4OUZGNjQwNkVGNjhENDIxQ0Q0RkE0MUZGNTM5MzQyQzk5MUE1
NDJBNUFCOTg0MkI2QTdFRTQyMTNCOTk0NDIwNEU5RkU0MjQ2MjQ5OTQyODVB
M0Y1M0NEQ0JGQTQzQkE4MjIxQTNCREE2QjhGM0JGREEwMkYzQzEwMjU1MjND
NzgzMjAwM0REODJDNDQzRENEOTkyODNENQ==

--SBD.Boundary.605592468
PROCESS /noc/users/iridburst/exec/irid_300224010734970_upd.pl
Last Run  ----1970-01-01 00:00:00 
MONTH  5 
DATA  xxrecord 2012-05-20 11:00:05 :: $W5M5A,120520,110005,660d0028449ce246,1,DAS 2,4901.5689N,1621.3980W,11.7,248,14.1,13.9,12.9,93.9,11.9,12.9,94.1,12.0,1013.7,1.06,1.45,8.3,329,56*6D
 
INSERT
STATION sbdservice
IRID_ID 300224010734970
BODY 
Content-Type: application/x-zip-compressed; name="SBMmessage.sbd"
Content-Disposition: attachment; filename="300224010734970_003431.sbd"
Content-Transfer-Encoding: base64

JFc1TTVBLDEyMDUyMCwxMjAwMDUsNjYwZDAwMjg0NDljZTI0NiwxLERBUyAy
LDQ5MDEuNTQwME4sMTYyMS4zMzU5VywxMy4wLDI0OSwxNi43LDE0LjAsMTIu
OSw5My44LDEyLjAsMTMuMCw5NC4wLDEyLjEsMTAxMy41LDEuMTcsMS42Myw4
LjMsMzI5LDU0KjZBDQoNCiRXNU01QSwxMjA1MjAsMTIwMDA1LDY2MGQwMDI4
NDQ5Y2UyNDYsMixEQVMgMiwxNC40LDE0LjUsMC4yLDAuNCwwLjAxLDExMzAs
MTEzOSwxNTYsNjI4LDAsMjEuMiwxNS44NCw5MTgqNTgNCg0KJFc1TTVBLDEy
MDUyMCwxMjAwMDUsNjYwZDAwMjg0NDljZTI0NiwzLDdGMDA3NDAyM0EwMDAw
NTMzMjMwMzEzMjMwMzUzMjMwMzEzMTM0MzAzMDMwNTU1QTAwMzEzMjMwMzUz
MjMwMzEzMTM0MzAyQzU0NDE0MjMwMzAzMDMwMzAyQzJEMzAzNTMxMkUzMTJD
MkMzMTMzMkUzODM0MkMzNDJFMzAyQzMzMzYzMDMwMkMzNjMwMkMzNjMwMkMz
MTJDMzAzMDM1MzczMDJDMzMyRTM0MzIyQzMxMkUzMjM2MkMzNDM1MkMzMDJD
MzAyRTMxMzYzMzJDMkIzMDMwMkUzMDBEMEFCOTEwN0Q1OTY0QTM3RjAwNjcw
MjNBMDAwMDU3MzIzMDMxMzIzMDM1MzIzMDMxMzEzNDMwMzAzMEZGNEQwMDAw
ODBGQjQ0MDAwMDAyNDQwMEE4REU0NzAwMDAxMDQzODNDOTQzM0ZBNzRGQjM0
MDI4NzREMDNGRTFGQTk1M0YyQ0FERDU0MENFNzRCNDNGQ0I1RkNENDAyODNC
QjE0MDU2NTUwNTQxRjBDREYxNDBGOUYzOUQzRjE2QUJBNDQzMEUyMDU4NDIx
MzkxODkzQkFGMUYzRDYyOEJBMzdGMDJEMjAyM0EwMDAwNEI1NjQ4MjAzNzMy
MzAzMTMyMzAzNTMyMzAzMTMxMzQzMDMwMzAzODAwMDAwMDdCMTRBRTNEMEFE
N0EzM0IxN0FCQTQ0MzA5MjA1ODQyMzhDMDYyNDM5NUEyOUM0MjQxNDlDRTQw
NTU3QjZBNDJBMDU5NjQ0MTNERDQzMTQyREQ2ODk0NDFDOTA2Mzc0MkIxMTZE
QTQwOEY0MDI2NDI1RjZDQUY0MDc2NUYwRDQyNEFEODA1NDAxN0Q4MTE0MkM2
MUNBRTQzMEIxMTI2NDI2OTY0QUM0M0MxMEMzNDQyNzJCNkVEM0ZEMzYwNEU0
MkQ3QTE0RjQxQjBDODYyNDI0NUMyNzA0MUU2Q0E3QjQyNDIzQkFBNDM3MzNE
ODE0MjNFREU5RDQzMUQzNDgzNDJENEIxOTQ0MzM3QUQ4MDQyQkEwNzk2NDMz
QTgxODA0MjdFQUVBMDQzQkFCMTdCNDJENEUxQTM0MzUyRjY2QjQyQTM5RTlF
NDM0MTNCNUU0MjJEMDk5NzQzOTdCRTU4NDJDN0Y2OTM0MzJBQTE0OTQyQUU0
OTk3NDNENDBFNTU0MkJFQTU5NjQzRDU4RjYyNDI1MjJEOTc0MzdFMjM1MjQy
RjQxRDlBNDNGMUQyMUQ0MjZENEQ5OTQzRjVFMTEzNDIxMDdCOUQ0MzREODI1
MzQyM0ZDNDlGNDM5NzcyODk0MjgwNjY5MjQzQjk2RTg1NDI1Qjk3OTQ0Mzg4
MDY1QzQyNEQ5MDk0NDNERUExNTM0Mjk3RTQ4NjQzMkM2MTZFNDI4QzNBODU0
M0FFQUE4MTQyMUY4ODlCNDM2MEUxODQ0MjY2NEY5OTQzMTBERTg2NDIzMTcy
ODY0M0Y3OTA4NzQyRTU1MDkzNDMzQTNEN0U0MkY4NTA5NzQzODMwODU5NDIx
QjJGOTI0MzdGQzU1QjQyNzhGMDg0NDM2OTgxNzg0MjA2QTk2QjQzOUZERTgy
NDJBMDdFNkM0MzgyMkM4NzQyNUFERTgyNDMzMjc0OEE0MjY3RDU4RDQzQUY2
MzhBNDI5QzA5OTI0M0Y1NkM5MDQyOUEwMkExNDM1NTdDOTg0MjY1ODhBRDQz
M0MwRDhGNDIyMDkxQUM0MzQ0MjQ4NjQyMzExRjJBNDFGOTAzOUI0MkNFQTBG
NDQyMDYyMjk0NDIxQkNGQzg0MjBGNkE5OTQyQkIyOEFGNDMyRDgwOTQ0MkQz
NDYzNjQxNkRBNzk1NDI4OEU3ODM0MjQ4MkQ5NTQyMTBCRDg5NDJDRkM2OTM0
Mjg0QTk1ODQyQjZCQTk0NDJEQTE2M0UzREE5QjA4NjNEMUFDNzI2M0VDOUE0
NDUzRTJEQzA2NDNFRUQ0NDYyM0ZFQkM1NzMzRjM3NzRBNjNGNjc5NjNDM0Y1
ODJCODQzRjkzOTRBNDNGNjlCRDI0M0ZEREEzOTIzRTVFN0IyQTNGRTk4MDNC
M0Y4MjgyMUEzRjQ0ODQzNTNGQjE2ODQ1M0Y5MEM1NUIzRjNGQ0Y0NTNGQUMx
MDBBM0YxMDBBRTgzRTk1ODRCMzNFQ0ZGREQ4M0UwRDgyRDUzRUZBQTZFMjNF
QjYxQTM3M0VDRTdCNEEzRUQ3QzQxMTNFQg==

--SBD.Boundary.605592468
PROCESS /noc/users/iridburst/exec/irid_300224010734970_upd.pl
Last Run  ----1970-01-01 00:00:00 
MONTH  5 
DATA  xxrecord 2012-05-20 12:00:05 :: $W5M5A,120520,120005,660d0028449ce246,1,DAS 2,4901.5400N,1621.3359W,13.0,249,16.7,14.0,12.9,93.8,12.0,13.0,94.0,12.1,1013.5,1.17,1.63,8.3,329,54*6A
 
INSERT
STATION sbdservice
IRID_ID 300224010734970
BODY 
Content-Type: application/x-zip-compressed; name="SBMmessage.sbd"
Content-Disposition: attachment; filename="300224010734970_003432.sbd"
Content-Transfer-Encoding: base64

JFc1TTVBLDEyMDUyMCwxMzAwMDUsNjYwZDAwMjg0NDljZTI0NiwxLERBUyAy
LDQ5MDEuNTM1OE4sMTYyMS4zMTk5VywxMy4yLDIzOSwxNi4xLDE0LjAsMTMu
MCw5My42LDEyLjAsMTMuMSw5My43LDEyLjEsMTAxMy4zLDEuMzEsMi4yNyw3
LjEsMzIzLDUwKjY5DQoNCiRXNU01QSwxMjA1MjAsMTMwMDA1LDY2MGQwMDI4
NDQ5Y2UyNDYsMixEQVMgMiwxMy44LDEzLjksMC4yLDAuNCwwLjAxLDExMzEs
MTE0MCwxNTYsNjI4LDAsMjIuMSwxNS40NCw5MjQqNTUNCg0KJFc1TTVBLDEy
MDUyMCwxMzAwMDUsNjYwZDAwMjg0NDljZTI0NiwzLDdGMDA3NDAyM0EwMDAw
NTMzMjMwMzEzMjMwMzUzMjMwMzEzMjM0MzAzMDMwNTU1QTAwMzEzMjMwMzUz
MjMwMzEzMjM0MzAyQzU0NDE0MjMwMzAzMDMwMzAyQzJEMzAzNTMxMkUzMTJD
MkMzMTMzMkUzMjM4MkMzNDJFMzAyQzMzMzYzMDMwMkMzNjMwMkMzNjMwMkMz
MTJDMzAzMDM1MzczMDJDMzMyRTM0MzIyQzMxMkUzMjM2MkMzNDM2MkMzMDJD
MzAyRTMxMzYzNjJDMkIzMDMwMkUzMDBEMEFCQzEwQzgwMUZCNTE3RjAwNjcw
MjNBMDAwMDU3MzIzMDMxMzIzMDM1MzIzMDMxMzIzNDMwMzAzMEZGNEQwMDAw
ODBGQjQ0MDAwMDAyNDQwMDMwRjI0NzAwMDAwQzQzNDQ2MjU3M0ZGODhEQjg0
MDdBNDIxMTQwOUQyRkE4M0ZGNDkwRDg0MDhFREJEMDNGNTUxMURFNDBBMDQ4
QkM0MDQ5OTJFNDQwRkExREU1NDBGREM0QjAzRjM1NjZBMTQzOTgwRjQ4NDJB
QzIyQTgzQjRBMUYyQUVBRjhGMTdGMDJCQTAyM0EwMDAwNEI1NjQ4MjAzNzMy
MzAzMTMyMzAzNTMyMzAzMTMyMzQzMDMwMzAzNjAwMDAwMDk5OTk5OTNEMEFE
N0EzM0IzNzY2QTE0Mzk3MEY0ODQyRTg3Rjc1NDNDQURCODg0MkU4QjQ5MTQz
RDAwRDkxNDIwNzY4QjA0MDQwRDE4NTQyODY4NzkxNDFEQTkwNDM0MjE2NzU4
NzQxRjgwMjI0NDIyMzM0NDY0MTJEMjAxRjQyRjY5MEFFNDMzQzg0MkM0MjhF
NDhBNTQzOTNGNjE3NDI2NkJEQTU0M0Q3NDEwQjQyNzMxOEE2NDM1QjgxMDk0
MkQyNDBBNDQzRUJDQjE3NDIxQTMwQTg0MzcxN0Y1MDQyRkZBM0FBNDMzQ0I1
NjM0MjRGOEZBODQzMTJERjRGNDJDRjMzQTY0M0U1OEQzRTQyNjBFMDlGNDM0
NTM0Mzc0MkQ1MTQ5RTQzNDhFNjQ4NDI2RThGOUQ0M0I0MDM1NzQyRjAyNjk4
NDNDREIyNEU0MjVCNzU5QjQzRjMxQjU3NDJEOTFEQTk0M0IzMjU3MTQyNDkz
M0EzNDMzRUNENjQ0MjU2NjY5QjQzNDI1MzQ0NDI4RjJDOTY0MzM1RTkzQTQy
QjNFMDkxNDNGRERGNDk0MkQ2Mjk5MTQzQjY1MjU1NDJGODMxOTQ0MzA3RDE1
NTQyMENFRTk3NDMxRjlGNTM0MjA4MTg5OTQzOThDNTQzNDI4Nzg0OTg0MzRC
NDY0QTQyNjI4Mjk2NDMzOTY0NjA0MjE4MDg4QzQzREVCRjZBNDI3MDc4ODY0
Mzg5MDQ2RjQyNjZFNThENDNGN0FBN0E0MjYzRjc4RTQzOUIxODdBNDIzOEVG
OEE0M0ZCMTM3MTQyQkUyMjhCNDNCQzBBNjU0MkRBMkU4RjQzMzhDMjYxNDIw
RUQwOTI0MzNDQzk2MTQyQjc2RjhFNDNGRUQ4NzE0MjNCRTU4OTQzN0ZDMzgy
NDJDNzYwODQ0MzE0NkE4QTQyMzFCNDcwNDNGNUUzODM0MjY5NkU1RDQzRUM1
OTdBNDIwNDhDNUE0M0Q4NTY4MTQyRUNEQjc1NDNDNjVCODc0MkNFQjM5MTQz
MDJFQzg1NDIyQjU4OTY0MzJCMTY4NjQyRTY1NzgzNDNBRTVGOTU0MkE5ODVC
NjNGN0YzRDlDNDI5Qjc5MTk0MjRBMDM5MjQyNDBGNzhBNDI0N0RDOTU0MkYx
MTJCNzQyNkNBNjlDNDJGNzM0QzU0MEY3MDQ4QzQyM0IzQjZFM0Q4QzhDOTAz
REFDRjQ2ODNEMTQ0QzA0M0U2MkJGOEIzRThGOTBCRDNFMjVERkE5M0UxMDE4
MTMzRkQ1NDU4NzNGMUNDMUIwM0Y2MzQ2ODkzRkJBQjM1MDNGRkQ3QUZCM0Yw
RUY5MjM0MEU3RUVGMTNGREU0NzgyM0YzQjYyNUMzRkE2ODRBMTNGMzk4QzhB
M0Y2Mjg5MjczRkNFQkFBRDNFQ0NBNUU1M0U4NzhDMDIzRkY0MjhCOTNFQzA2
MTVBM0UxOTA1NzQzRUIzMEE5MTNFOEVCRDVFM0UxNTBEQzAzRUEzNzVCNTNF
ODgyQjI2M0UzNzFBNTIzRTQwOTk0OTNFOA==

--SBD.Boundary.605592468
PROCESS /noc/users/iridburst/exec/irid_300224010734970_upd.pl
Last Run  ----1970-01-01 00:00:00 
MONTH  5 
DATA  xxrecord 2012-05-20 13:00:05 :: $W5M5A,120520,130005,660d0028449ce246,1,DAS 2,4901.5358N,1621.3199W,13.2,239,16.1,14.0,13.0,93.6,12.0,13.1,93.7,12.1,1013.3,1.31,2.27,7.1,323,50*69
 
INSERT
STATION sbdservice
IRID_ID 300224010734970
BODY 
Content-Type: application/x-zip-compressed; name="SBMmessage.sbd"
Content-Disposition: attachment; filename="300224010734970_003433.sbd"
Content-Transfer-Encoding: base64

JFc1TTVBLDEyMDUyMCwxNDAwMDUsNjYwZDAwMjg0NDljZTI0NiwxLERBUyAy
LDQ5MDEuNTUxMk4sMTYyMS4zNjM0VywxMy4yLDIzNywxNi42LDE0LjEsMTMu
MCw5NC4xLDEyLjEsMTMuMSw5NC4yLDEyLjIsMTAxMy4wLDEuMzYsMi4wNiw3
LjcsMzMyLDUzKjZDDQoNCiRXNU01QSwxMjA1MjAsMTQwMDA1LDY2MGQwMDI4
NDQ5Y2UyNDYsMixEQVMgMiwxMy44LDEzLjksMC4yLDAuNCwwLjAxLDExMzIs
MTE0MSwxNTYsNjI4LDAsMzM4LjIsMTUuODQsOTIyKjYxDQoNCiRXNU01QSwx
MjA1MjAsMTQwMDA1LDY2MGQwMDI4NDQ5Y2UyNDYsMyw3RjAwNzQwMjNBMDAw
MDUzMzIzMDMxMzIzMDM1MzIzMDMxMzMzNDMwMzAzMDU1NUEwMDMxMzIzMDM1
MzIzMDMxMzMzNDMwMkM1NDQxNDIzMDMwMzAzMDMwMkMyRDMwMzUzMTJFMzEy
QzJDMzEzMzJFMzIzODJDMzQyRTMwMkMzMzM2MzAzMDJDMzYzMDJDMzYzMDJD
MzEyQzMwMzAzNTM3MzAyQzMzMkUzNDMyMkMzMTJFMzIzNjJDMzQzNzJDMzAy
QzMwMkUzMTM2MzYyQzJCMzAzMDJFMzAwRDBBQkUxMDU3OTA4MDMyN0YwMDY3
MDIzQTAwMDA1NzMyMzAzMTMyMzAzNTMyMzAzMTMzMzQzMDMwMzBGRjREMDAw
MDgwRkI0NDAwMDAwMjQ0MDBEQzAyNDgwMDAwMDQ0M0YwNjI2MDNGRDM4NUMx
NDA4NjBFMDQ0MDQ3OUJBRDNGQzNFMERFNDAxQ0E4RDUzRjc1NTFERTQwMEZF
OUJGNDA2MzI3RjY0MERCMjVGNjQwNkQ1OUIzM0Y2NkM3QTU0M0REREE1MzQy
OURCNEFCM0I2ODIwN0JBQjBDNDY3RjAyQkEwMjNBMDAwMDRCNTY0ODIwMzcz
MjMwMzEzMjMwMzUzMjMwMzEzMzM0MzAzMDMwMzYwMDAwMDA5OTk5OTkzRDBB
RDdBMzNCNjdDN0E1NDNERkRBNTM0MjcyRkQ1NTQzMDQzNTkxNDJFMjg1NkY0
M0E5QjQ5QTQyNkExNkE2NDMxMEQ4ODM0Mjc4OTRBQjQzODQ3NDc0NDJENzk0
QjM0M0VCNEU2OTQyNTg1RThEM0YyQ0ZGNEU0MkFDNDRBNzQzQjFEMDQ3NDI1
M0ExQTA0MzlCNUIyQjQyMEYxMEEzNDNFMEJDMEU0MjhERkNBNTQzQTUzQzFC
NDI0RTA3QTk0M0YzODYyMjQyQzVBQ0FBNDM1OTFGMkU0MjUwNkRCMTQzNkEw
QTVFNDJBMEVBOTY0MTgwQTQ3QTQyRTFCMTRGNDE3QkIxNzM0MjBFNkFCMzQz
N0I5MTZBNDI2MjgxQUM0M0ZBNTk2ODQyNTdENkEzNDMxQkY0Nzc0Mjc4NDlB
MTQzMTRGMTgyNDI2MjZGQTA0MzU5MzM3NzQyMENGRTk0NDMzRDFBNUE0Mjc3
Mjg5MDQzNTEyRjVFNDIwNUJFOTM0Mzk3Q0Q4MTQyNzNGNjk0NDMwNzREODI0
MjU4NkU4RDQzOUU4RDYyNDIzMjI3OEY0M0NEMzY2MjQyNDczMDlDNDNCOUVB
NjY0MkQyREU5RjQzNTdGMjU3NDI0MjgxOUI0M0U0MEU2NjQyMDBEMThBNDM3
MThFODE0MkYwNkM3MjQzQkREMDcxNDI0OTdBNzg0M0I3MEE2MDQyMzYxMjg2
NDMwNThDNTg0MjkwMzQ4OTQzRDI0OTY4NDJGRTZGODk0MzJFMzY3NDQyNzc0
NDhDNDNFRDg3NzA0Mjc1NUE4RDQzMDBEMDVENDJBODk4OEM0MzBENjY1MzQy
MTRFQjg2NDM5MEFFNTY0MjlBQTY4NTQzNjc5NzcwNDI2RkVCODE0MzdGRkY4
MTQyNkY5OTgwNDNCMTgyODM0MkY0ODU4QzQzQ0I2Mzg4NDI1OEFDQTE0M0Ix
RjM4ODQyQzdCOThFNDNEMzA2OTg0MjNENjE0OTQzMDAzMThDNDIwQjhDM0M0
MzA3MTM5NTQyMDhENjExNDNCMDAzOUM0MkJFQzM0ODQyMDUwQzlFNDI0MzlD
QTczRUQyOUI5OTQyOTk4QTVFNDJFRjg3OUI0MkMxQ0VDNzQxREEyOTk3NDI1
NjcwQjA0M0JCRDk5MTQyQUJENUIwNDMyN0I4OUE0MkVDRkU2MDNEMzJFNDNE
M0QwODY2OUYzREFBRDc2RTNFQUIzMkUxM0QxRjQ4MUMzRTBGMjg0NDNFRTU4
QzBFM0ZCNzZEQzMzRjZGQjlFNTNGMzU1MEU0M0ZEMjIzM0Y0MDAzNUVGRTNG
RDY0NDg2M0Y2OEFEODYzRjc2QjJDNTNGQ0U0MTJCM0YwN0VBNTkzRjBGM0Y0
MTNGRjlGQzFFM0ZCMEE0MUEzRjgyQTQxNjNGRTY5NjlFM0VFMzIzNDIzRThC
MDU5MTNFN0U3Q0FGM0U3QzBDMzIzRThFQTlCRDNFNzY0NkZGM0U1MjlFODcz
RTJGNUE0NzNFM0Y4NDUxM0UxN0JFMjYzRQ==

--SBD.Boundary.605592468
PROCESS /noc/users/iridburst/exec/irid_300224010734970_upd.pl
Last Run  ----1970-01-01 00:00:00 
MONTH  5 
DATA  xxrecord 2012-05-20 14:00:05 :: $W5M5A,120520,140005,660d0028449ce246,1,DAS 2,4901.5512N,1621.3634W,13.2,237,16.6,14.1,13.0,94.1,12.1,13.1,94.2,12.2,1013.0,1.36,2.06,7.7,332,53*6C
 
INSERT
STATION sbdservice
IRID_ID 300224010734970
BODY 
Content-Type: application/x-zip-compressed; name="SBMmessage.sbd"
Content-Disposition: attachment; filename="300224010734970_003434.sbd"
Content-Transfer-Encoding: base64

JFc1TTVBLDEyMDUyMCwxNTAwMDUsNjYwZDAwMjg0NDljZTI0NiwxLERBUyAy
LDQ5MDEuNTc4Mk4sMTYyMS40Mzg1VywxNC4yLDIyOSwxNi44LDE0LjAsMTMu
MSw5NC42LDEyLjIsMTMuMSw5NC44LDEyLjMsMTAxMi42LDEuNTEsMi4yMSw3
LjcsMzExLDQwKjY3DQoNCiRXNU01QSwxMjA1MjAsMTUwMDA1LDY2MGQwMDI4
NDQ5Y2UyNDYsMixEQVMgMiwxMy4yLDEzLjQsMC4yLDAuNCwwLjAxLDExMzMs
MTE0MiwxNTYsNjI4LDAsMzU2LjIsMTUuODQsOTIyKjZEDQoNCiRXNU01QSwx
MjA1MjAsMTUwMDA1LDY2MGQwMDI4NDQ5Y2UyNDYsMyw3RjAwNzQwMjNBMDAw
MDUzMzIzMDMxMzIzMDM1MzIzMDMxMzQzNDMwMzAzMDU1NUEwMDMxMzIzMDM1
MzIzMDMxMzQzNDMwMkM1NDQxNDIzMDMwMzAzMDMwMkMyRDMwMzUzMTJFMzEy
QzJDMzEzMjJFMzczOTJDMzQyRTMwMkMzMzM2MzAzMDJDMzYzMDJDMzYzMDJD
MzEyQzMwMzAzNTM3MzAyQzMzMkUzNDMyMkMzMTJFMzIzNjJDMzQzODJDMzAy
QzMwMkUzMTM2MzkyQzJCMzAzMDJFMzAwRDBBQzgxMDQxM0UxNjJDN0YwMDY3
MDIzQTAwMDA1NzMyMzAzMTMyMzAzNTMyMzAzMTM0MzQzMDMwMzBGRjREMDAw
MDgwRkI0NDAwMDAwMjQ0MDBBMDBDNDgwMDAwRjg0MjBEODM4MDNGNkE2RUNG
NDA4NDM1MEQ0MEQ0RTZDMTNGREY1M0U0NDA0MzhERjczRkI4RjNFNDQwNzE0
MkM4NDA2MzI3RjY0MEFBNjZGNDQwODRBM0M4M0Y4OUIyOUI0M0FGQzAyMDQy
REU5RURBM0IwODIyNjlGNzNDQTY3RjAyQUUwMjNBMDAwMDRCNTY0ODIwMzcz
MjMwMzEzMjMwMzUzMjMwMzEzNDM0MzAzMDMwMzUwMDAwMDA5OTk5OTkzRDBB
RDdBMzNCOEFCMjlCNDNBREMwMjA0MkUxNjQ0RDQzQzk2ODYxNDJBNTRENUM0
M0E2MzQ4MzQyRTBGMEEwNDM1M0Q1OTY0MjBCMjBBOTQzMzE0Rjg1NDIwOUEy
QTM0MzhFMDQ2NDQyQTdCQUE4NDNBNkY3MzE0MkY5RTRBNTQzMEZFMzE3NDI3
RUIxQTE0MzI2RUYxNDQyMDJFRkEwNDM0ODdDMEM0MkIzQUY5RjQzRDc2RkY3
NDFGQUE1OUU0M0I3Q0VERjQxMkMyMzlFNDNGQzhFRDQ0MTVDQTY5RDQzODM4
M0ZGNDE1QzMyOUM0MzNFQzUyMzQyMTBFRTlCNDNBMTAzMkU0MkJEMDk5RjQz
NjM3RDI1NDIzNEZFOUU0M0EyMEUzMTQyRTQ2NDlFNDNFOUJGM0M0MjBGOTM5
RTQzNUI3OTQ3NDI0MDMyOUQ0MzFCMEM1NzQyNjI3Nzk2NDMwRkFGNTM0MjhF
RTA5MjQzRDk1MTY1NDJBOTMzOTA0Mzc0RUI2MzQyQjJCNjhFNDM2MjEzNEM0
MkY1NDU5MTQzQzAxQzQ3NDJGRTU4OTI0M0VCRDY1RTQyNzMzMzkwNDNDRkJC
NkY0MkY0NDQ5MTQzODcwRTY3NDI2MjlGOTA0M0VFQUM0RDQyREY2Qzk0NDM1
Q0MzNTI0Mjg5OEE5RDQzQjE4ODVGNDIxNDAxOTc0M0E5RTQ2MDQyRDFCMDhC
NDNBRjlBNTk0MjMyMjY4NTQzMEY5RjVGNDJCRTBBODI0M0I2MUE2RDQyQUJG
ODg3NDM3MEJENzg0MjMzOTM4QjQzNDMyODYxNDI3MTIwODk0MzNEMjM1RDQy
NEMwQzg3NDNGMTc1NzE0MkU0MUE4ODQzNUJFRTgxNDI5MjA3ODU0MzI4QUY4
NjQyOTJBQTYwNDNCQUE4ODQ0MjEzMDE1ODQzOERGRjgxNDIxMkE1NjM0M0Ew
NzM4QzQyQzMwNDY1NDMwRDFCOEY0MjkxMEI2MzQzQkE5MDkwNDIxQjY5N0Q0
M0U5OTc5NDQyNTUyQTg0NDM3NjZFOEY0MjI0RDI3QzQzQkFENDhBNDI3OUJD
ODE0M0ZBNEI5MzQyRjlGOTU3NDNBODM5OUU0MjlBNDhEOTQyOTk1QzlCNDJC
MTE0OEQ0MjhFREQ5QTQyMkVBRUQwM0Q0NTc0MjMzRDk1OUY2NTNEMzQzNkVE
M0RGQjZDOUEzRDMwNEZGOTNERjVCOEJCM0VDNDI1NEUzRjI4QjI4MTNGRUY3
RUJGM0YyRUZFMzU0MDE3NUY5NzQwNjU3QTU1NDA3QUJFRUYzRjdDMjk5NzNG
OEU0RkFEM0Y0NTJERUUzRjc1NTJGNDNGQzM0QUE3M0YwQ0RDMTQzRkM2MjIw
QTNGNzM0OUNCM0VCQzM3RDMzRURCMzhBOTNFM0JEMjQyM0U4MTQyMzMzRTkw
MUUxMDNFODI0MDJFM0UzOTI5NDkzRUQzODI5NTNEOTAzN0Y0M0Q3M0NBMEMz
RTgwNkE5MzNERTQ5MDkwM0U3RjJBOEQzRQ==

--SBD.Boundary.605592468
PROCESS /noc/users/iridburst/exec/irid_300224010734970_upd.pl
Last Run  ----1970-01-01 00:00:00 
MONTH  5 
DATA  xxrecord 2012-05-20 15:00:05 :: $W5M5A,120520,150005,660d0028449ce246,1,DAS 2,4901.5782N,1621.4385W,14.2,229,16.8,14.0,13.1,94.6,12.2,13.1,94.8,12.3,1012.6,1.51,2.21,7.7,311,40*67
 
INSERT
STATION sbdservice
IRID_ID 300224010734970
BODY 
Content-Type: application/x-zip-compressed; name="SBMmessage.sbd"
Content-Disposition: attachment; filename="300224010734970_003435.sbd"
Content-Transfer-Encoding: base64

JFc1TTVBLDEyMDUyMCwxNjAwMDUsNjYwZDAwMjg0NDljZTI0NiwxLERBUyAy
LDQ5MDEuNjE4ME4sMTYyMS41MzM0VywxMy4wLDIzNCwxNi41LDE0LjEsMTMu
MSw5Ni4zLDEyLjUsMTMuMSw5Ni41LDEyLjYsMTAxMi4xLDEuMzQsMi4zMiw3
LjcsMjk5LDQ5KjY5DQoNCiRXNU01QSwxMjA1MjAsMTYwMDA1LDY2MGQwMDI4
NDQ5Y2UyNDYsMixEQVMgMiwxNC4zLDE0LjUsMC4yLDAuNCwwLjAxLDExMzQs
MTE0MywxNTYsNjI5LDAsMTM5LjQsMTUuODQsOTIzKjY1DQoNCiRXNU01QSwx
MjA1MjAsMTYwMDA1LDY2MGQwMDI4NDQ5Y2UyNDYsMyw3RjAwNzQwMjNBMDAw
MDUzMzIzMDMxMzIzMDM1MzIzMDMxMzUzNDMwMzAzMDU1NUEwMDMxMzIzMDM1
MzIzMDMxMzUzNDMwMkM1NDQxNDIzMDMwMzAzMDMwMkMyRDMwMzUzMTJFMzEy
QzJDMzEzMzJFMzgzMzJDMzQyRTMwMkMzMzM2MzAzMDJDMzYzMDJDMzYzMDJD
MzEyQzMwMzAzNTM3MzAyQzMzMkUzNDMyMkMzMTJFMzIzNjJDMzQzOTJDMzAy
QzMwMkUzMTM2MzMyQzJCMzAzMDJFMzAwRDBBQzAxMEJGMDBDRkFFN0YwMDY3
MDIzQTAwMDA1NzMyMzAzMTMyMzAzNTMyMzAzMTM1MzQzMDMwMzBGRjREMDAw
MDgwRkI0NDAwMDAwMjQ0MDA2NDE2NDgwMDAwMEI0M0IxNTk1QjNGN0EzQkI5
NDA3NTQ1MTQ0MDRENDNBQjNGMkFFMEUyNDBGREE3RDQzRkU2RDRFNzQwQkE5
Q0I4NDA2MzI3RjY0MDQ4NURGMDQwNTY3M0I0M0ZGRTcyOTU0M0QxM0I0MzQy
NjYyNEFGM0JFQjFFREQxMTRCNjM3RjAyQkEwMjNBMDAwMDRCNTY0ODIwMzcz
MjMwMzEzMjMwMzUzMjMwMzEzNTM0MzAzMDMwMzYwMDAwMDAwQUQ3QTMzRDBB
RDdBMzNCMDA3Mzk1NDNEMzNCNDM0MkI5QjE5NDQzMEZDNDhCNDJFRTI5OTQ0
MzI1RjQ4NzQyREIzODlFNDNFQThENjM0MkJFQkJBNjQzN0M5MTRENDI3RTM4
QjM0MzI4NjY0QTQyRkQ0NkIxNDMxM0EyNDM0MkMxRUQ5RjQzRUM2MzI3NDIz
QTU0OUI0MzFGQzUwQzQyMDU3NjlENDNFMDgyMTU0MjM0ODY5OTQzNDQ2QjIw
NDIxNDlDOTU0MzU3MEQxNzQyNTZDNjkzNDMwM0JEMjg0MkM4MTQ5MjQzMTMy
QzYwNDI2N0VCOTQ0MzQ1RTQ3ODQyMDNBODk3NDMzODE5NjA0MjMwNkM5NzQz
NjY3RjRDNDJEOTUxOTU0MzBFNDA0MjQyQjQyRTk2NDM3QjdFNDE0MkVERTM5
QTQzQUI5OTQ3NDJFN0IzOTU0M0JFMDc0RjQyRkJBRjhGNDM0N0M4NEQ0Mjk4
QTc5MDQzNkU4QTU0NDIxMjg1OTI0MzhEMEE1QzQyNjZGNzkzNDMwRUQ2NUI0
MkJENTA5MzQzNTNFQTRBNDI0NTM5OTM0MzYwRDE0MzQyRDc3NTk0NDNDQzMy
NTE0MjU0OTM5MjQzMDkwMTUzNDIwQTU4OEU0MzBCNjAzOTQyOTZFNThBNDNG
NDQ0MzQ0MkE4QkM4OTQzQTI1NjNBNDI5Q0YxOEM0M0MzQkE0MDQyMTRFQjhE
NDNBN0E4NjQ0MjZDRjY5MDQzRDdBMzhBNDJFQTUzOTk0MzBDN0Q4QjQyNUYw
RjkwNDNDQUE4ODQ0MkEwNEI4ODQzQjVENTcwNDI4QUQzODA0MzhBQzk1RjQy
RUMwQTc4NDNGMDc4NTk0MjY2MDc3RjQzMTkyQjVBNDIzNDNBODY0M0JFQUQ1
QjQyRTZEQTgxNDNCNzNFNjk0MjZBRDY2RTQzQjEzNTdDNDJDNzQ2Njc0M0Uz
MUQ4QjQyRjFEMDkxNDMyREE0ODg0MjM5MjE5QTQzMjBGQjgyNDJDMjBDOTc0
MzA1RDY4RjQyM0M1NzhGNDMyRDQxOTY0MkFCNzU5NTQzNkQ0QjlBNDJDNTRD
OEE0M0Q1N0Q5RDQyNzM0MDgzNDM3RjNGOUI0Mjc2RDM5MzQzRERGQzk0NDIz
OEExQTA0M0Y0QkM5MDQyQzFDREIwNDMzMjhBOTU0MkM1NEUwRTNENUFGNzU1
M0RCQzMzQzIzRDVGQUY3RTNFNDgzMzlEM0VDMUIyQkEzRUM5OUUxQzNGMzlC
MTZCM0ZBMzFCNjAzRjY0MUNEMDNGN0M5NDIxNDA1OTMzMTU0MDVBREM5MjNG
Q0I3Rjg3M0YyQ0QwQkQzRjgyQUJBOTNGQTA4MTY3M0YzRDNFNzkzRkIxOTUx
NDNGNzdENDJCM0ZCN0IwM0IzRjdCMjRGRjNFMENGRkFBM0U0MjAyNzIzRTAz
MkM4RjNFNjc5NzhCM0VBMzk0NzUzRTUyQzYxMjNFRDA1MDVFM0VBQjdEQUQz
RTA0ODVDQTNFRDg5QzQ3M0U5M0MyMDEzRQ==

--SBD.Boundary.605592468
PROCESS /noc/users/iridburst/exec/irid_300224010734970_upd.pl
Last Run  ----1970-01-01 00:00:00 
MONTH  5 
DATA  xxrecord 2012-05-20 16:00:05 :: $W5M5A,120520,160005,660d0028449ce246,1,DAS 2,4901.6180N,1621.5334W,13.0,234,16.5,14.1,13.1,96.3,12.5,13.1,96.5,12.6,1012.1,1.34,2.32,7.7,299,49*69
 
INSERT
STATION sbdservice
IRID_ID 300224010734970
BODY 
Content-Type: application/x-zip-compressed; name="SBMmessage.sbd"
Content-Disposition: attachment; filename="300224010734970_003436.sbd"
Content-Transfer-Encoding: base64

JFc1TTVBLDEyMDUyMCwxNzAwMDUsNjYwZDAwMjg0NDljZTI0NiwxLERBUyAy
LDQ5MDEuNjUxNU4sMTYyMS42MTEwVywxMi45LDIzMCwxNi41LDE0LjEsMTMu
MCw5Ni45LDEyLjYsMTMuMSw5Ny4wLDEyLjYsMTAxMS43LDEuMjQsMi4wNiw2
LjksMzA0LDUxKjY3DQoNCiRXNU01QSwxMjA1MjAsMTcwMDA1LDY2MGQwMDI4
NDQ5Y2UyNDYsMixEQVMgMiwxMy4yLDEzLjgsMC4yLDAuNCwwLjAxLDExMzUs
MTE0NCwxNTYsNjI4LDAsMzM2LjgsMTUuODQsOTIxKjZDDQoNCiRXNU01QSwx
MjA1MjAsMTcwMDA1LDY2MGQwMDI4NDQ5Y2UyNDYsMyw3RjAwNzQwMjNBMDAw
MDUzMzIzMDMxMzIzMDM1MzIzMDMxMzYzNDMwMzAzMDU1NUEwMDMxMzIzMDM1
MzIzMDMxMzYzNDMwMkM1NDQxNDIzMDMwMzAzMDMwMkMyRDMwMzUzMTJFMzEy
QzJDMzEzMzJFMzIzOTJDMzQyRTMwMkMzMzM2MzAzMDJDMzYzMDJDMzYzMDJD
MzEyQzMwMzAzNTM3MzAyQzMzMkUzNDMyMkMzMTJFMzIzNjJDMzUzMDJDMzAy
QzMwMkUzMTM2MzYyQzJCMzAzMDJFMzAwRDBBQkMxMDIwREUxOEIxN0YwMDY3
MDIzQTAwMDA1NzMyMzAzMTMyMzAzNTMyMzAzMTM2MzQzMDMwMzBGRjREMDAw
MDgwRkI0NDAwMDAwMjQ0MDAyODIwNDgwMDAwMDU0Mzc5M0I1NjNGNzYyRkMy
NDBBQ0I5MDM0MDA1ODE5RTNGMUE0M0RDNDBFNUQ1QzQzRjI3NzVFMTQwOTYw
NEI2NDA4RUIwREM0MDlBNjVERTQwNkVBQUE1M0YyNUNCOTc0MzkyNTg0QTQy
QjcxODkzM0JGNzFDRjY1NzU1MkY3RjAyQzYwMjNBMDAwMDRCNTY0ODIwMzcz
MjMwMzEzMjMwMzUzMjMwMzEzNjM0MzAzMDMwMzcwMDAwMDA5OTk5OTkzRDBB
RDdBMzNCMjZDQjk3NDM5MzU4NEE0MjYzNEFFRjQyNTQxMDk2NDJCNkVCRDg0
MjYzQ0I4RDQyRTgxQkQ3NDJGREQzOTE0MjE3Q0ZBRTQzMzYxQjkwNDJENTEx
QTQ0MzFDRjM1QTQyQTdFMUE4NDMxMzY3NTM0MjdBQ0RCMzNFREY1MjU5NDJB
QjQ4QjA0MzA1OEU1ODQyQjg0QkExNDNDNzIxMzU0MkEyRDA5RTQzNzgxMzFG
NDI2MENDOUM0MzhGNjgyNDQyNjVDMzlENDNGNjEzNDM0MkU4RkY5QTQzNDA4
QjQ0NDI5M0U5OTg0MzJCMzQyQTQyRkNCODlCNDMxRTFCMkE0MjMyNTA5ODQz
NEZERTQzNDI5NTZDOEQ0M0JDQTA0ODQyRjE5MThENDMwREQxNjE0MjYzRDZB
NzQzNTQ1NzhCNDI1QTcyMjEzREQyMjA4NDQyMDRGNTkxNDNFNzVDNjE0MjdF
M0U4OTQzQjE5QzE5NDIzNEYzOEE0M0EwMTIyQTQyNjZDRjk1NDMwOUEwNTE0
MjA2RTE5RjQzNzJCQTRENDI2RDQ2OTk0MzE0NTI0RDQyRjA5QjhFNDM0OEIz
M0Y0MjkyQ0Q4QzQzREYxRDM5NDIwM0REOEM0M0VDRDU1MTQyNDI5MzhENDNC
OTQzNzI0MjEwRjc5NTQzNTQ3RTY4NDI2RDEzOTY0M0ZDM0Y0NzQyRUNDMzhF
NDNDNDIwNDI0MkM2RDI4NjQzN0M2NDU5NDI1QUJCODg0M0I2REU2NDQyNUUz
RjhFNDMzRkM5NEM0MkNFMTA4QzQzOTQwNzRBNDIxNjk0ODE0MzhBQzI2MzQy
QTI4OTdFNDNEQjk1NkQ0MkE2ODY3RTQzREY0NDc5NDIyMjZFNjY0M0U5QkU4
QzQyOTYwNzhBNDMzMDJCOTU0MjZFQTI4QTQzN0NCNzg1NDJBOTYyODM0MzBC
MDg4NTQyRjdGQTgxNDMzMEJBODk0MkZBNTA2RDQzOEMyQjhENDJEMUVENEI0
M0VCOEM4RjQyMDg5RjYxNDMwOTkzOUI0MkExRTlBNjQzOTM5QTlBNDJBQjQ2
QkI0MTIyNTg5QjQyNTY3MzgzNDJCNzcyOTQ0Mjc2QUQ5NDQyRkVDNDkzNDIz
NzM5RDY0MjNFNTg5RTQyNUU1MTdBNDNFMjMwOUY0MjIzQjdBRDQzMDAyMDk3
NDI0RDJGNkYzRDJFRDQzOTNENzlENDQ2M0RFMDg2Q0UzREY4QjQyQjNFN0U3
N0EzM0UyM0IwNjkzRURCNzE1QTNFQTBEQkQwM0UxQUEwM0EzRkVCNEY3NzNG
MDc3NDVFM0ZCMzI0QzAzRjRGRDBFQTNGMDg4NkY3M0Y2QjlDQkQzRjY2NTlC
RTNGNUZFRjY4M0Y4MTI5NDQzRjY5NDlERTNFOURDMUMxM0U2REI2MTQzRkQy
NjEwQTNGOTAzMjVFM0VGMUUyQzMzRTE5NUUzNzNFRjdFNEE2M0U3MjU1QjQz
RTdFQTRGNzNERjU3Q0E5M0Q1RUIxNjYzRQ==

--SBD.Boundary.605592468
PROCESS /noc/users/iridburst/exec/irid_300224010734970_upd.pl
Last Run  ----1970-01-01 00:00:00 
MONTH  5 
DATA  xxrecord 2012-05-20 17:00:05 :: $W5M5A,120520,170005,660d0028449ce246,1,DAS 2,4901.6515N,1621.6110W,12.9,230,16.5,14.1,13.0,96.9,12.6,13.1,97.0,12.6,1011.7,1.24,2.06,6.9,304,51*67
 
INSERT
STATION sbdservice
IRID_ID 300224010734970
BODY 
Content-Type: application/x-zip-compressed; name="SBMmessage.sbd"
Content-Disposition: attachment; filename="300224010734970_003437.sbd"
Content-Transfer-Encoding: base64

JFc1TTVBLDEyMDUyMCwxODAwMDUsNjYwZDAwMjg0NDljZTI0NiwxLERBUyAy
LDQ5MDEuNjgzM04sMTYyMS42Nzc3VywxMy42LDIzNSwxNi43LDE0LjIsMTMu
MCw5Ny4yLDEyLjYsMTMuMSw5Ny4yLDEyLjYsMTAxMS40LDEuMzUsMS45OSw3
LjcsMjk2LDQ1KjYyDQoNCiRXNU01QSwxMjA1MjAsMTgwMDA1LDY2MGQwMDI4
NDQ5Y2UyNDYsMixEQVMgMiwxMy4xLDEzLjMsMC4yLDAuNCwwLjAxLDExMzYs
MTE0NSwxNTYsNjI4LDAsMzMzLjEsMTUuODQsOTI0KjYwDQoNCiRXNU01QSwx
MjA1MjAsMTgwMDA1LDY2MGQwMDI4NDQ5Y2UyNDYsMyw3RjAwNzQwMjNBMDAw
MDUzMzIzMDMxMzIzMDM1MzIzMDMxMzczNDMwMzAzMDU1NUEwMDMxMzIzMDM1
MzIzMDMxMzczNDMwMkM1NDQxNDIzMDMwMzAzMDMwMkMyRDMwMzUzMTJFMzEy
QzJDMzEzMjJFMzYzNTJDMzQyRTMwMkMzMzM2MzAzMDJDMzYzMDJDMzYzMDJD
MzEyQzMwMzAzNTM3MzAyQzMzMkUzNDMyMkMzMTJFMzIzNjJDMzUzMTJDMzAy
QzMwMkUzMTM3MzEyQzJCMzAzMDJFMzAwRDBBQjkxMDNENjFCRUI3N0YwMDY3
MDIzQTAwMDA1NzMyMzAzMTMyMzAzNTMyMzAzMTM3MzQzMDMwMzBGRjREMDAw
MDgwRkI0NDAwMDAwMjQ0MDBFQzI5NDgwMDAwMEM0Mzg0N0Y1QjNGQjNBOUI3
NDA2NzY2RkUzRjYzM0JBRDNGRTcxNUQ4NDAzNkUxRDgzRkE2QTVENzQwQjE2
QUI5NDA2MzI3RjY0MEIyN0RGMDQwODhCNUIzM0YxQjE3OTQ0MzAzNUEzNDQy
QUIzNEFDM0IyOTFGQzE3OEFGMjA3RjAyQUUwMjNBMDAwMDRCNTY0ODIwMzcz
MjMwMzEzMjMwMzUzMjMwMzEzNzM0MzAzMDMwMzUwMDAwMDA5OTk5OTkzRDBB
RDdBMzNCMUQxNzk0NDMwMzVBMzQ0MjE2Qzk2RjQzQzk3RDg5NDJCQzQyOEI0
M0I1MTQ4RTQyNENFOTlDNDNGQTQ1ODc0MkU2QTRBNjQzMTQ3MjU5NDI0MEYw
OUU0MzlFREEzNzQyNTI1QzlCNDM4M0U3MjQ0MjI2MDk5RjQzOUY0RjM0NDJC
Rjk1OUY0M0EzNjEyMDQyRTE0NDlENDM0MkNCMEQ0MjM4ODA5RDQzMDk5MDEx
NDJDMTVEQTA0M0I2RjAwQTQyRkNGNjlGNDNFQzM4MDU0MjdENTA5QTQzRjQ2
RDEyNDJGREU4OTQ0M0M1MUMyMjQyNDBBOTk2NDM2RkNBMkI0MkJGMDk5NjQz
NjgxQTJBNDJCNjhFOTM0M0M4Rjg0MDQyMTJFQTkyNDNDRTQ4NUU0MjM5QUM5
MDQzQUE1NTYxNDJGRkM2OEY0M0I3RUY1OTQyNkExNzkzNDNBMDM2NUE0MkRB
OEY5MzQzQjJFODUzNDI5RTg2OTQ0Mzg5QkY0RjQyN0U1RDhFNDM3QzZCNTc0
MjdBRUM4NTQzMUJCOTVGNDJBODBFODM0MzZDRUQ2QjQyOUZCMThENDNFMzUw
NzE0MjY1QzE4QTQzRDVDRDZBNDI1OUVFODM0MzVGNDc1MzQyRkFFODg0NDNF
QjUzMzk0MkRGNjg4NjQzMDIyQzI2NDI5QTk0ODc0M0VEODMzMjQyRjU0MzhD
NDM3Qzc5NjY0MkVCNjA4NjQzM0NCQTZGNDI5RTNCNzM0M0IyODY2MjQyMDgy
NTczNDNCRDQxNjE0MjVBQUU3ODQzODdCQzYwNDI4NjE3NkY0MzBBOEQ1QjQy
OUI1QzY3NDNCNkFGNDk0MkFFQTY3MzQzQzcwNTQ1NDIyQ0YwN0I0M0EwRkM1
RDQyNzQ3ODcwNDNDQzRBN0U0MkE5QzI2RjQzRDI5RTgwNDJGMDAxNzk0MzlG
Mjc4MTQyN0M0NTdDNDM4MkUwOEE0MkVGNjc2NzQzOTIwNTkyNDIxMEI5NDg0
M0ZBRjg4RDQyMjg0NDQxNDM3QUJDOEM0MjA2RDM0NjQzQ0NCMDk3NDI1Q0VD
Njk0MzMzQTE5RTQyMUMyOEEzNDNERDVGOTc0MjZCMTBBOTQzNjNEMjhFNDI0
NEYzQTQ0MzE5OTc5MjQyNDQ0OUJFM0Q5NThCOTYzREM1MkU1RDNEOTRGQ0JD
M0RENjQ1N0QzRTU4OTc5NjNFREE1NjEwM0UwNEI3RjMzRUQ0RkI2NjNGQUU1
MzU1M0YzRDc5QTczRjZBMkUyQTQwRDhBMDE0NDA2RUIyQzkzRjFBMjFDOTNG
OTAxQUFBM0Y5MDcwNUQzRjgxNkIyNjNGNDhFQjM4M0ZGNTFCNjczRjBDRDIy
QzNGRUZFOEFBM0VCNjEyQkMzRThDQUExNDNGQzE4QkU0M0UwMUY3MjUzRTM5
RjFCMjNENzM4MDI1M0U0QUM0NjkzRUI0NEE5NTNFQTFCNDMwM0ZGMUM1RkQz
RUQ4MTIxNTNFQTAyNEVEM0Q0QjZBMUIzRQ==

--SBD.Boundary.605592468
PROCESS /noc/users/iridburst/exec/irid_300224010734970_upd.pl
Last Run  ----1970-01-01 00:00:00 
MONTH  5 
DATA  xxrecord 2012-05-20 18:00:05 :: $W5M5A,120520,180005,660d0028449ce246,1,DAS 2,4901.6833N,1621.6777W,13.6,235,16.7,14.2,13.0,97.2,12.6,13.1,97.2,12.6,1011.4,1.35,1.99,7.7,296,45*62
 
INSERT
STATION sbdservice
IRID_ID 300224010734970
BODY 
Content-Type: application/x-zip-compressed; name="SBMmessage.sbd"
Content-Disposition: attachment; filename="300224010734970_003438.sbd"
Content-Transfer-Encoding: base64

JFc1TTVBLDEyMDUyMCwxOTAwMDUsNjYwZDAwMjg0NDljZTI0NiwxLERBUyAy
LCwsMTMuNywyMzgsMTcuNywxNC4yLDEzLjAsOTUuNCwxMi4zLDEzLjAsOTYu
MCwxMi40LDEwMTEuNCwxLjMzLDEuODIsNy43LDMwMiw0NSo3MQ0KDQokVzVN
NUEsMTIwNTIwLDE5MDAwNSw2NjBkMDAyODQ0OWNlMjQ2LDIsREFTIDIsMTMu
MiwxMy43LDAuMiwwLjQsMC4wMSwxMTM2LDExNDUsMTU3LDYyOSwwLDMzMS41
LDE3LjAxLDkyNio2RA0KDQokVzVNNUEsMTIwNTIwLDE5MDAwNSw2NjBkMDAy
ODQ0OWNlMjQ2LDMsN0YwMDc0MDIzQTAwMDA1MzMyMzAzMTMyMzAzNTMyMzAz
MTM4MzQzMDMwMzA1NTVBMDAzMTMyMzAzNTMyMzAzMTM4MzQzMDJDNTQ0MTQy
MzAzMDMwMzAzMDJDMkQzMDM1MzEyRTMxMkMyQzMxMzIyRTM3MzYyQzM0MkUz
MDJDMzMzNjMwMzAyQzM2MzAyQzM2MzAyQzMxMkMzMDMwMzUzNzMwMkMzMzJF
MzQzMjJDMzEyRTMyMzYyQzM1MzIyQzMwMkMzMDJFMzEzNzMwMkMyQjMwMzAy
RTMwMEQwQUJDMTA4MTM4REU1ODdGMDA2NzAyM0EwMDAwNTczMjMwMzEzMjMw
MzUzMjMwMzEzODM0MzAzMDMwRkY0RDAwMDA4MEZCNDQwMDAwMDI0NDAwQjAz
MzQ4MDAwMDAwNDM5QzdBNkQzRjgxOTFDNzQwMjk1MkU4M0YyRjlDQUEzRjJC
NzNERTQwQUMxMUNCM0Y0QUJERTQ0MEFFMkFCODQwNjMyN0Y2NDA0QTBGRjI0
MDc3MTFCNzNGOEJCQjk2NDNEQUM0MzI0MkNFNjlCNTNCOEYxRTg2RjhBMzdB
N0YwMkJBMDIzQTAwMDA0QjU2NDgyMDM3MzIzMDMxMzIzMDM1MzIzMDMxMzgz
NDMwMzAzMDM2MDAwMDAwMEFEN0EzM0QwQUQ3QTMzQjhEQkI5NjQzRDlDNDMy
NDIzQUQ1OEI0MzA0MDE4NDQyODVDODk0NDNFREIyNzU0MkY4Q0E5QjQzMzY2
NDNBNDI4ODcyOUQ0MzgxNUYxRjQyMzZCOTlFNDNGMkU5MTU0MjBFRERBMTQz
NzE1MEUwNDEwNTU1QTM0M0Y1NjVDMjQxRUM5OUEyNDNGMUU5RTY0MTBGMzdB
MjQzQTk1MjAzNDI1QkM2QTA0MzI1QzQwNjQyN0Y4QjlGNDMzMkYyMDI0MkYy
MzI5RjQzM0VERTBENDJGQzMxOUQ0MzZERjAyNjQyODgxODlFNDM3MzdDMzI0
MkU5MTI5RjQzMjdFODQ1NDIyM0JEOTI0MzIyOEE2MDQyOUNDQThFNDM2NDRB
NDc0MjA0NDA5MzQzMjQ3QTNBNDI0QTk1OTM0MzVEMTY1QzQyMjFGRDhFNDMz
MjBBNTA0MkFFQTA4RTQzNjk4NDRCNDJGNDIwOTE0M0Q2REE1MTQyQ0Y4NThG
NDNCQjA0NEQ0MjZERDQ4NzQzRUI2MzRGNDJBRDBFODA0MzIyQjc1RjQyRDFB
NTgwNDM3OEYxNjE0MkUwRkU4ODQzRDI4QzUwNDIwOTc3OEM0MzM2NDU0MTQy
MDJGNTg5NDNDMEJCNDY0MkM0NUY4ODQzQzAwRDNDNDIzMEM1ODc0MzRERDU0
NDQyRTM2RTgyNDNBOUYxNTU0MkNCMzY3QjQzQjI1OTZFNDJBNDVBN0Q0MzND
MDA3MjQyNTkxODgzNDM1RjUzNjY0MkIyQ0Y3RTQzNTcwNTZGNDIzMzAzNzA0
M0FGQ0I3NTQyNzgxQzcxNDM5OUQ5Nzg0MkE5QkI2RjQzOTIyRjdENDI5MzhG
N0M0Mzk0NTA3RjQyOUJFQjg3NDNGRUE4N0Y0MjdFOEI4QTQzQUUzMTdFNDI5
RkU5ODA0Mzg3Nzc4MjQyRTBDNzczNDM5RDRDOEQ0MjE0RTI1RDQzNDMzMzk4
NDJEMERBQTQ0MzlCMjA5QjQyMzM0OUEzNDM4MzlGOEQ0MkY2NTY5MjQzQkNG
MDk0NDJCRTM3NkE0MzcxNTc5OTQyN0Q3NTA0NDE1OEYzOUE0MkY2QTc0RDQx
MjJDNThFNDJBOUQ1QUU0MzM4RjI4MzQyQjNGRUFCNDNDRDBFNzQ0Mjg4NkRB
RTQzMDAzQTdCNDIzQTBEMkMzRTQ0N0U2QzNFNUEzNEQ3M0U1Q0FGQzYzRUMy
RERBNzNFNThBRTIyM0ZDMTg0N0UzRjRERUQyRDNGMDQ2QzZCM0ZERTIxQzYz
RjIzQTQyNDQwQ0FDQzE5NDBENjA0NTUzRjA0NDg1MTNGRjJDQjYyM0Y4QzVB
NjkzRkNGQTM5NTNGN0M3RTMyM0ZFOTE3RDIzRUIxODZGRjNFNkQ4QjNEM0ZC
M0IxMDgzRjcyRkExMzNGNUNDNkI5M0VGOTMxREQzRTZBOUFDMzNFOERCRkRG
M0VFRUY3RDEzRUZFM0I1QjNFOUFDNDE4M0VCMzE0QjkzRTgxMzVFMDNFMzNB
RjUwM0VGOEYwQ0UzREJCMUE0OTNFRDZERg==

--SBD.Boundary.605592468
PROCESS /noc/users/iridburst/exec/irid_300224010734970_upd.pl
Last Run  ----1970-01-01 00:00:00 
MONTH  5 
DATA  xxrecord 2012-05-20 19:00:05 :: $W5M5A,120520,190005,660d0028449ce246,1,DAS 2,,,13.7,238,17.7,14.2,13.0,95.4,12.3,13.0,96.0,12.4,1011.4,1.33,1.82,7.7,302,45*71
 
INSERT
STATION sbdservice
IRID_ID 300224010734970
BODY 
Content-Type: application/x-zip-compressed; name="SBMmessage.sbd"
Content-Disposition: attachment; filename="300224010734970_003439.sbd"
Content-Transfer-Encoding: base64

JFc1TTVBLDEyMDUyMCwyMDAwMDUsNjYwZDAwMjg0NDljZTI0NiwxLERBUyAy
LDQ5MDEuNjk2NE4sMTYyMS42OTU5VywxNC4zLDI0NywxNy40LDE0LjMsMTMu
MSw5My40LDEyLjAsMTMuMSw5NC4xLDEyLjIsMTAxMS44LDEuMzksMi40MSw4
LjcsMzAwLDQxKjZFDQoNCiRXNU01QSwxMjA1MjAsMjAwMDA1LDY2MGQwMDI4
NDQ5Y2UyNDYsMixEQVMgMiwxMy4wLDEzLjIsMC4yLDAuNCwwLjAxLDExMzYs
MTE0NSwxNTcsNjI5LDAsMzI5LjksMTcuNDAsOTI1KjYzDQoNCiRXNU01QSwx
MjA1MjAsMjAwMDA1LDY2MGQwMDI4NDQ5Y2UyNDYsMyw3RjAwNzQwMjNBMDAw
MDUzMzIzMDMxMzIzMDM1MzIzMDMxMzkzNDMwMzAzMDU1NUEwMDMxMzIzMDM1
MzIzMDMxMzkzNDMwMkM1NDQxNDIzMDMwMzAzMDMwMkMyRDMwMzUzMTJFMzEy
QzJDMzEzMjJFMzUzOTJDMzQyRTMwMkMzMzM2MzAzMDJDMzYzMDJDMzYzMDJD
MzEyQzMwMzAzNTM3MzAyQzMzMkUzNDMyMkMzMTJFMzIzNjJDMzUzMzJDMzAy
QzMwMkUzMTM3MzEyQzJCMzAzMDJFMzAwRDBBQzAxMDcwRDc4RTlDN0YwMDY3
MDIzQTAwMDA1NzMyMzAzMTMyMzAzNTMyMzAzMTM5MzQzMDMwMzBGRjREMDAw
MDgwRkI0NDAwMDAwMjQ0MDA3NDNENDgwMDAwMEI0MzIwQTc2QTNGQjYwM0I5
NDBENTUzMUE0MDQ0QzFCMTNGMUM1Q0UyNDBBNjFEREYzRkY3ODRFODQwODJG
MEI3NDA2NTIxMEI0MUY2OTFGMDQwQTJCQ0JEM0ZEMEVBOTU0M0Y5QjcyMzQy
MzE2NEJFM0JEMDFGQjgxOTUyRkI3RjAyQkEwMjNBMDAwMDRCNTY0ODIwMzcz
MjMwMzEzMjMwMzUzMjMwMzEzOTM0MzAzMDMwMzYwMDAwMDA5OTk5OTkzRDBB
RDdBMzNCRDFFQTk1NDNGNUI3MjM0MjkwQjA0OTQzNTA5RTcwNDJGMEQ3OEI0
MzYwM0Q4OTQyRkE1Nzk2NDMzMDZENkE0MjY0RDU5QTQzRTYwMjFCNDI2NjM0
OUI0M0VEQUNFMzQxQkI5ODk4NDNGRDVCREY0MTY3MDY5NzQzNkVFRUU3NDFC
RDMyOUM0M0MxQUNFQzQxQzlBRDlGNDMzRDVGREE0MTAwMDhBMDQzODkzREM2
NDE1RkY1OUY0MzYwRTlENDQxMDYwREExNDMyRDc0MDg0MjhFMURBMDQzRkM3
NDEzNDI1N0FBOUU0M0E4OTExNjQyNzNBMTlENDNEQzQ4MUM0MjI3NUM5QTQz
QTE5OTIzNDI0NTdBOTg0M0EwMEEyNTQyMzVEQjk5NDNCMjhBMkY0MkQxQjU5
NzQzNDU0MzNENDJCNUI1OTE0MzMyNDQzNjQyRjQ3QzhFNDNCRUQ0MTU0MjU3
MkY4RjQzNzdCNjA1NDI1NUZBOEY0M0Q0QjczMDQyRjc4ODkxNDM5OUUyNEI0
MjMyQzA5MzQzMUYyRjQ2NDJFMkM1OTI0MzM5OTI1NzQyMkRDRTg2NDNFMzAx
NEE0MkU2REY4MjQzOEREODM3NDI2MUVCODY0MzIzRjA1NTQyNDBENzhFNDNE
OTAxNDY0MjAyN0E4QTQzQkFGNDMwNDJCNDk1ODU0MzE1RDc0MTQyREUxMTgy
NDM4REM5NTE0MjBGODE4MDQzMDVFMjU1NDIyQzg4N0I0Mzk5M0E1RDQyMTBB
ODdBNDMwQjg4NkI0MkI2NTk3MzQzMjdBRDdCNDJENDgwN0I0MzY4NTg3MTQy
Q0QzRDgwNDMyOTA4NUU0MjI2MEU3QzQzODY5QjYxNDJEQkFBODA0MzM2NkY2
RDQyOUE1ODc2NDM0MEI2NkE0MkVBQjc2QzQzMzRBQTZBNDI5NjhFODE0MzlD
MDQ4MjQyRDY4OThFNDMyMUIzOEI0MkFCN0FBMzQzNjM5RjkxNDJFNTU3QjE0
MzRFRTY5NzQyNkY1NTI4NDNDRjE3OUQ0MjgzODIzODQzMEI5MzlFNDIzQjMw
Nzk0MzVFRTQ5RTQyNDg3ODdENDM1NEI4OTY0MjcxQ0Y5MzQzRTI5NTk3NDI4
MkMyOTU0MDk1QjI5NzQyOUQyMzhGNDJBMEE2OUE0MjA2REYwQjNFQUFDM0VE
M0QyNUU4MUIzRTNEQUNBRDNFMzE2RTJDM0Y5NDA3ODYzRjQwQTM2RTNGQTE1
Njk5M0ZDQzVCRkQzRjQ0NzM2NDNGNDA1OTFEM0YxQ0EyNjczRkU5OUU4NzNG
MTlFRkYxM0Y5NUY0RjAzRkVDOUNCOTNGNTg2MzI2M0ZBNjBCOTAzRjM5MDk4
MTNGNTMyOTNCM0Y0OTNBMzYzRjIzMDFENjNFRjZEQjgzM0VDRENFQzUzRThE
MzVBRjNFNTY2RjA2M0VCMTQxM0MzRTNEQjg5RDNFNzRFRTA2M0UyNzdCODQz
RURCMkUwQjNGQ0QyNkMwM0U4RUU4RkQzRQ==

--SBD.Boundary.605592468
PROCESS /noc/users/iridburst/exec/irid_300224010734970_upd.pl
Last Run  ----1970-01-01 00:00:00 
MONTH  5 
DATA  xxrecord 2012-05-20 20:00:05 :: $W5M5A,120520,200005,660d0028449ce246,1,DAS 2,4901.6964N,1621.6959W,14.3,247,17.4,14.3,13.1,93.4,12.0,13.1,94.1,12.2,1011.8,1.39,2.41,8.7,300,41*6E
 
INSERT
STATION sbdservice
IRID_ID 300224010734970
BODY 
Content-Type: application/x-zip-compressed; name="SBMmessage.sbd"
Content-Disposition: attachment; filename="300224010734970_003440.sbd"
Content-Transfer-Encoding: base64

JFc1TTVBLDEyMDUyMCwyMTAwMDUsNjYwZDAwMjg0NDljZTI0NiwxLERBUyAy
LDQ5MDEuNjcwM04sMTYyMS42MzUzVywxMy41LDI5NSwxNi41LDE0LjIsMTIu
NSw5My4zLDExLjUsMTIuNiw5My44LDExLjYsMTAxMi4wLDEuNDYsMi4zMiw5
LjEsMjk2LDQzKjY4DQoNCiRXNU01QSwxMjA1MjAsMjEwMDA1LDY2MGQwMDI4
NDQ5Y2UyNDYsMixEQVMgMiwxMy4wLDEzLjIsMC4yLDAuNCwwLjAxLDExMzcs
MTE0NiwxNTYsNjI4LDAsMzM2LjksMTYuMjMsOTI1KjZBDQoNCiRXNU01QSwx
MjA1MjAsMjEwMDA1LDY2MGQwMDI4NDQ5Y2UyNDYsMyw3RjAwNzQwMjNBMDAw
MDUzMzIzMDMxMzIzMDM1MzIzMDMyMzAzNDMwMzAzMDU1NUEwMDMxMzIzMDM1
MzIzMDMyMzAzNDMwMkM1NDQxNDIzMDMwMzAzMDMwMkMyRDMwMzUzMTJFMzEy
QzJDMzEzMjJFMzUzNTJDMzQyRTMwMkMzMzM2MzAzMDJDMzYzMDJDMzYzMDJD
MzEyQzMwMzAzNTM3MzAyQzMzMkUzNDMyMkMzMTJFMzIzNjJDMzUzNDJDMzAy
QzMwMkUzMTM3MzEyQzJCMzAzMDJFMzAwRDBBQjUxMDM5NzA1Nzg0N0YwMDY3
MDIzQTAwMDA1NzMyMzAzMTMyMzAzNTMyMzAzMjMwMzQzMDMwMzBGRjREMDAw
MDgwRkI0NDAwMDAwMjQ0MDAzODQ3NDgwMDAwMTI0M0E3RjQ2NTNGQkNDREFF
NDBFNDc0MTQ0MDAxRDBCQTNGOEU1RkRGNDAzNTJGRTYzRkU2OTBFMDQwRDFF
Q0I2NDA1RDc0MTE0MTE0OUEwMzQxMUMzRUM0M0Y1MDEwOTQ0MzlCNEEyQjQy
QUI0OUQ1M0I3NjFENjgyNjRBRTk3RjAyQTIwMjNBMDAwMDRCNTY0ODIwMzcz
MjMwMzEzMjMwMzUzMjMwMzIzMDM0MzAzMDMwMzQwMDAwMDA3QjE0QUUzRDBB
RDdBMzNCNTIxMDk0NDM5QTRBMkI0MkZDNERBNDQzQTMzNDRENDIyOTdFOUQ0
M0RCNkQyNjQyMDNCODlCNDNFRkFBMDE0MjU5QzE5QTQzNkJEOEU0NDE4QzFE
OUE0M0MzNUVDMjQxQTkyQjlBNDNEMDZDQzI0MUYzQUU5OTQzMDJDMkRFNDE0
MzI2OTk0MzEyOEVERTQxQjREMTk5NDM2MEFFMDE0MjMxMEE5QTQzOEY5NTFD
NDJGQkUxOTY0Mzk3QzkwRTQyMjk3Nzk1NDNBNkFGMTQ0MjAzODA5NzQzODFF
QjI0NDIxODA0OUI0MzJGQTcyNjQyNzU3MzlENDM2N0E0MkU0MjhBRkE5ODQz
NEQ4MjM3NDIxN0RDOTQ0Mzk3MDA0MjQyOTBFNzlBNDNEMDdDNUY0MjYxQjY5
QTQzM0M2NDVBNDIxQzAzOTM0MzcyNkI0NzQyNUUwMDkwNDM1MzlGNTM0MjU1
RDk4QzQzQjdFQjVDNDIzMkE0N0U0MzgwNEM1NzQyMjM4NTY3NDM4RDU5NTE0
MkQwRTk4NTQzREY2MzZGNDJEM0VGOEQ0Mzg3NjM2RjQyMTI0QjgxNDM2M0ZC
NkY0MkREMkM3RDQzMkJBRTVFNDJEQUU2ODY0MzMxQkI1RTQyQjZBQjhDNDM3
QzMwNjQ0MkMyNDQ5MTQzM0I5QTU1NDI1MjFEODk0M0FCODc1QzQyMEMwQTdD
NDM5NUQ4NTM0MkRBNDc3QTQzNDcxQzU4NDI1OThEODA0M0JBQkI2RjQyOUNB
MDgyNDMzNzkyNzk0MjlGOEU3RTQzQzcyNTgzNDIzQzA1N0U0Mzk5NjU4NzQy
MjBCMzdGNDM4MUY2ODg0MjA2RTI3QTQzNkVCMjhDNDI0NEU4NkU0M0Y2RjE5
MTQyMjU4NzVBNDNBRkFCOEQ0MjEwNzc1MTQzMDU5OThCNDI1NTY2NEU0M0M2
NTY5NjQyMzRBMzhGNDMxRTNCOTg0MjM5QUZBMjQzMUUxRDkzNDJBRjY1QUU0
MzhGMjA5MzQyQzdBQ0FDNDM5MjZDOEI0MkMxMzlBQzQzMTY3Nzg3NDI1MjE5
QUU0M0I3Q0U5MzQyOTkwOEVCNDJFRTlBOTk0MkZCNkVGODQyNDNBRThFNDIw
NjUzQzQzREJFMEIwNDNFMTFBMDMzM0YwRDY5QjkzRkYyRjBDQTNGQTRDQkZD
M0ZERjM2NzYzRjJBQjFENzNGMTFCQUI5M0Y5NkY0M0QzRkREQThBNzNGRjlE
NDlFM0YyRjAzQkUzRjA5NzEzRTNGRTUwMzlEM0YyNjkwQTgzRkZEOUQ5NTNG
RTA1NjAzM0ZGQTU1NTEzRkU4RTgxRjNGNzZCRjk5M0VENEM4RTAzRUQ2QUVC
MDNFRDMwQzY2M0UyM0U3MkYzRUY3MjBCMzNFMjA0RUFEM0VCMTJBNTYzRTA4
MUZFNzNFOUYzMjk1M0U1M0UxN0QzRTNCQkI0QzNFQjNDREQyM0VDOTcyRDYz
RUY5NzNCMzNFODBFNEJGM0U4QjE5MzkzRQ==

--SBD.Boundary.605592468
PROCESS /noc/users/iridburst/exec/irid_300224010734970_upd.pl
Last Run  ----1970-01-01 00:00:00 
MONTH  5 
DATA  xxrecord 2012-05-20 21:00:05 :: $W5M5A,120520,210005,660d0028449ce246,1,DAS 2,4901.6703N,1621.6353W,13.5,295,16.5,14.2,12.5,93.3,11.5,12.6,93.8,11.6,1012.0,1.46,2.32,9.1,296,43*68
 
INSERT
STATION sbdservice
IRID_ID 300224010734970
BODY 
Content-Type: application/x-zip-compressed; name="SBMmessage.sbd"
Content-Disposition: attachment; filename="300224010734970_003441.sbd"
Content-Transfer-Encoding: base64

JFc1TTVBLDEyMDUyMCwyMjAwMDUsNjYwZDAwMjg0NDljZTI0NiwxLERBUyAy
LDQ5MDEuNjMzNU4sMTYyMS41NDA4Vyw4LjYsMjg2LDEwLjYsMTQuMiwxMi41
LDg5LjgsMTAuOCwxMi40LDkxLjEsMTEuMCwxMDExLjcsMS40OSwyLjA4LDku
MSwzMDEsNDAqNTMNCg0KJFc1TTVBLDEyMDUyMCwyMjAwMDUsNjYwZDAwMjg0
NDljZTI0NiwyLERBUyAyLDEzLjAsMTMuMSwwLjIsMC40LDAuMDEsMTEzOCwx
MTQ3LDE1Niw2MjgsMCwzMzIuMCwxNS44NCw5MjEqNjMNCg0KJFc1TTVBLDEy
MDUyMCwyMjAwMDUsNjYwZDAwMjg0NDljZTI0NiwzLDdGMDA3NDAyM0EwMDAw
NTMzMjMwMzEzMjMwMzUzMjMwMzIzMTM0MzAzMDMwNTU1QTAwMzEzMjMwMzUz
MjMwMzIzMTM0MzAyQzU0NDE0MjMwMzAzMDMwMzAyQzJEMzAzNTMxMkUzMTJD
MkMzMTMyMkUzNTMzMkMzNDJFMzAyQzMzMzYzMDMwMkMzNjMwMkMzNjMwMkMz
MTJDMzAzMDM1MzczMDJDMzMyRTM0MzIyQzMxMkUzMjM2MkMzNTM1MkMzMDJD
MzAyRTMxMzczMjJDMkIzMDMwMkUzMDBEMEFCNjEwRUExMUQxQzc3RjAwNjcw
MjNBMDAwMDU3MzIzMDMxMzIzMDM1MzIzMDMyMzEzNDMwMzAzMEZGNEQwMDAw
ODBGQjQ0MDAwMDAyNDQwMEZDNTA0ODAwMDAwMzQzMTRGNDc1M0ZCODBEQzQ0
MDA1MUMwNTQwNDBFNkJFM0Y5NjNBRjA0MERDNzVFOTNGRDY2RkY1NDA4NTgy
QzA0MDVENzQxMTQxNjY2NDA3NDE1Qzk5QzgzRkQ0NTg5NjQzNzA3QjIwNDJG
NjAwREYzQkM2MUQ3MjczMzE2RjdGMDI5NjAyM0EwMDAwNEI1NjQ4MjAzNzMy
MzAzMTMyMzAzNTMyMzAzMjMxMzQzMDMwMzAzMzAwMDAwMDdCMTRBRTNEMEFE
N0EzM0JENTU4OTY0MzcxN0IyMDQyQkRDMjkxNDMxOTc3Mzg0MkFFNkE5NjQz
Mzk1NzE2NDJDODE5OUI0MzhDNzNFQTQxRENFNDk5NDM2OTRCRTg0MTFDQjU5
QTQzRjMxOUU2NDE0MkVGOUM0M0QwMTJEMDQxMTRCNDlGNDM3N0RDQkQ0MUI0
OEJBMTQzQzQzOUM2NDE2MEU2OUY0MzA2QzlFMzQxRDI0RTlCNDM1Q0JERTY0
MTM2M0E5OTQzQjEzRkVCNDEyMjRDOUE0M0Q1NzYwQjQyODkzMDk1NDM4QTQz
MjU0MjAxNzU5MDQzM0Y4MjUyNDI2MEM3OTM0MzJDQTU3RjQyQzI4Qzk2NDNE
QzY5NzQ0MkIzQTA5NTQzQjRGNzY3NDI1NUZEOTI0MzREN0Q4MTQyNzAwRDk0
NDM3OTU1ODI0MjU4ODQ5ODQzMDU0OTc0NDI0RUM2OTc0M0EwOEQ4MTQyMTY5
RTkzNDMyQjUxODc0MkEwNDE5MzQzN0E1MjQ5NDI2N0MyOEM0MzI2ODAxQzQy
ODA2NDg5NDM0NDhCMzg0Mjg0RTU4ODQzOTc4OTU5NDJERjhFODM0MzExMTI1
MzQyMjY4RjgwNDM2MjA2NEE0MjdFREQ4MDQzOTY4MjRENDIwRkJBN0I0MzJD
Q0U1MjQyNzJDRDdENDM5NThGNjE0MjkyRTI4MTQzREEwQzY2NDJFM0M5ODU0
M0NBREU3NzQyMjQ3RjkzNDM4QzRDODQ0MkNGMDI5ODQzQjkwOThDNDI5ODhC
NzI0M0VDQjg4NjQyRjI3NTVENDNDQ0YwNjk0MkY0NjE1QjQzQTFEMTdGNDJF
QzVCODI0M0ZDODc5MDQyMUUxOTgzNDNBQzQ0OEQ0MjhEODM2QTQzQkFGQzg4
NDJDN0VBNTk0M0RDMDM5MDQyOTRDMzdGNDM0QzUyOUY0MjBCQkJBMTQzREMx
MDlENDI1QzQ3QTI0MzBDQUE5NjQyOEFGNkEwNDNCOEE4OTU0MkZFMzA5RjQz
RkU2QTk5NDI5NkI3QUQ0MzAzQzU5NjQyMEQ3REE2NDNFODlGOTg0MkVDNDQ4
MDQzNTRCNjlGNDIyNEE0MEQ0Mzk5NTY5NjQyRUQ2NDRGM0VCODdCODUzRURF
NjAxOTNGRTlFOEI3M0Y0MkM3MDM0MDNBNzMyNjQwNjk2MjBDNDBBMTk4RDQz
RjdERjdGNDNGNzVDMjIzNDA4RkY1QzUzRkUxRkQ1RTNGOTIyMzNFM0ZFQjZC
RkEzRUU0RDkxQjNGMjVCNzY2M0YzOUJDMzczRkZDMzBBRDNFMUMyNzBFM0Y4
NERFREEzRUUyREM2QzNFNjU3QjE3M0VCMzJEOTAzRTkwM0YzMjNGNTI1MTIz
M0ZDNDAyOTMzRUEzRDBDMDNFNkE0M0NBM0VDNTQ3MDEzRkRFNzBCQzNFQkQ1
OENEM0U2RTFCQUQzRTA3NkI1MjNFNkZFRDNEM0VBN0YxMTEzRTY3RUQ1MzNF
MzRBQUE1M0U4QUMxOTMzRUY1M0Q0RjNFOA==

--SBD.Boundary.605592468
PROCESS /noc/users/iridburst/exec/irid_300224010734970_upd.pl
Last Run  ----1970-01-01 00:00:00 
MONTH  5 
DATA  xxrecord 2012-05-20 22:00:05 :: $W5M5A,120520,220005,660d0028449ce246,1,DAS 2,4901.6335N,1621.5408W,8.6,286,10.6,14.2,12.5,89.8,10.8,12.4,91.1,11.0,1011.7,1.49,2.08,9.1,301,40*53
 
INSERT
STATION sbdservice
IRID_ID 300224010734970
BODY 
Content-Type: application/x-zip-compressed; name="SBMmessage.sbd"
Content-Disposition: attachment; filename="300224010734970_003442.sbd"
Content-Transfer-Encoding: base64

JFc1TTVBLDEyMDUyMCwyMzAwMDUsNjYwZDAwMjg0NDljZTI0NiwxLERBUyAy
LDQ5MDEuNTkwMk4sMTYyMS40NDcyVywxMC4wLDI3NSwxMi4zLDE0LjIsMTIu
NSw4OS4yLDEwLjgsMTIuNSw5MC4xLDEwLjksMTAxMS42LDEuNDgsMi4yNCw5
LjEsMzAyLDQwKjY4DQoNCiRXNU01QSwxMjA1MjAsMjMwMDA1LDY2MGQwMDI4
NDQ5Y2UyNDYsMixEQVMgMiwxMy4wLDEzLjEsMC4yLDAuNCwwLjAxLDExMzks
MTE0OCwxNTYsNjI4LDAsMzUxLjUsMTUuODQsOTI0KjY5DQoNCiRXNU01QSwx
MjA1MjAsMjMwMDA1LDY2MGQwMDI4NDQ5Y2UyNDYsMyw3RjAwNzQwMjNBMDAw
MDUzMzIzMDMxMzIzMDM1MzIzMDMyMzIzNDMwMzAzMDU1NUEwMDMxMzIzMDM1
MzIzMDMyMzIzNDMwMkM1NDQxNDIzMDMwMzAzMDMwMkMyRDMwMzUzMTJFMzEy
QzJDMzEzMjJFMzUzMDJDMzQyRTMwMkMzMzM2MzAzMDJDMzYzMDJDMzYzMDJD
MzEyQzMwMzAzNTM3MzAyQzMzMkUzNDMyMkMzMTJFMzIzNjJDMzUzNjJDMzAy
QzMwMkUzMTM3MzIyQzJCMzAzMDJFMzAwRDBBQjUxMDhBQTA3QjU2N0YwMDY3
MDIzQTAwMDA1NzMyMzAzMTMyMzAzNTMyMzAzMjMyMzQzMDMwMzBGRjREMDAw
MDgwRkI0NDAwMDAwMjQ0MDBDMDVBNDgwMDAwMDg0M0FENkE2NjNGQjk4QkJD
NDBEQTUzMEY0MEE0MkFCRDNGNEI3RUVCNDBDOEYzRTgzRkY1RkNGNDQwMjBE
RUJFNDA1RDc0MTE0MTBERDAwRDQxQTAwREMxM0Y5NEVCOTY0MzIzMjQyMTQy
NDhCRENDM0I0MDFGMDczN0YyOEY3RjAyOTYwMjNBMDAwMDRCNTY0ODIwMzcz
MjMwMzEzMjMwMzUzMjMwMzIzMjM0MzAzMDMwMzMwMDAwMDA3QjE0QUUzRDBB
RDdBMzNCOTZFQjk2NDMyMTI0MjE0MjBFMEY5MTQzRjE0QTcxNDJFQjYyOTY0
MzYwMzEzNDQyODZDNTk5NDNFQzQzMUU0MjVCRDI5QjQzRTRCQTA2NDIyNDEz
OUI0M0I0NDVDMzQxMDJCMDlBNDNDODJCQTc0MTUzMDk5QjQzRjUxOEI1NDEw
NEQxOUM0M0M4MTZDNDQxOEM3MDlFNDM0OTQ3RDM0MUYzNkM5RTQzRTM1Q0Y4
NDE0OEE1OUI0M0YzMDkwOTQyQUFGNDk5NDNCNkRGMjE0MjM5OTY5NzQzNzUx
ODU5NDJFODZDOTY0M0JBMzc2OTQyRTRBNDlFNDNFNTdFNzA0MkVFNUVBNzQz
NzFCMjc2NDJCNTdGQTI0M0I3NzI2ODQyODQ4RkE0NDNEMjg1NEI0MjREQ0I5
RTQzRTY4QjQ5NDJGMzgwOTg0MzIyQUY1MzQyMzhFQjk1NDMwRDMxNTg0MjRB
OTI5MjQzMzA4RTZBNDIxOEFBODQ0MzZBNjY3MjQyNzg0NjgyNDMxQzY5NDE0
MjFFQjE4NTQzNzVGODMyNDIxRTAxOEE0MzI3MDI0MzQyNjFCMjg4NDMyQjdD
NzA0MkNBREI4MDQzREJFOTg0NDI0NUY1N0Y0M0FCNzM3RjQyMTY0OTc2NDNF
QjMwNzE0MkUwQUM3OTQzQkYyRTZENDI5RDMzODQ0MzE0RDU1NDQyNThGNjg4
NDM5QkE5NTA0MjFEMzE4NzQzNDUxRTU1NDI0QzExODE0M0EyN0E2NTQyQTYx
MDgzNDNCQUNDODE0MjM1NkU4ODQzODMyRjgyNDJFQjJCODg0M0E5Mjk4MTQy
N0I5Qjg1NDNDRDI5ODc0MjAxQ0M4NTQzOERFNTgwNDI0OUZGOEE0MzdFNTc3
OTQyQTBBNTg1NDNGN0VEODU0MkE0NDc1QTQzRjhBMDg5NDIwRTVFNDQ0M0ZD
MjU5RDQyQUUxQUMwNDFFQUFBOTc0MjE1QjVCMjQzQkRFQzlENDI1NDI4NDc0
MzQyMTY5OTQyOUYyMDM3NDMyNzBCOTU0MkJBMTkyRTQzQTU1NDg1NDIxRjRF
MUM0MzRBMkQ4NDQyMEFGRkQ5NDIwQUZEOTM0MkU3NEVDQzNENzhGQTg1M0VB
REZCQzYzRTcxOTkzRTNGRkVGMjA2NDBGODI4Mzg0MEFGQjEzNDQwQzFFNUNB
M0YwNDJGRDgzRjRGQzM4QTNGNUQzNEI2M0ZGQTZGNkIzRkZEMkNFODNFMjE5
QzU5M0ZDOUY4NzQzRjRFNzUyODNGQUNEMkU3M0U2NTk0ODQzRUNFMDNDOTNF
QzA5MEY3M0U4MDI4REMzRTgwNTU4QjNFRDVDNzkzM0U3RDU2MjIzRjUwRDYx
MjNGN0Q0MUZGM0U2NUI1QTAzRTY4N0FBQjNFNDcyNTg3M0UzNjAyNTQzRTZB
NDg5MjNFNjZERTdCM0VERDkzRTYzRTFDMTQ5MTNFNUQ0OUFFM0UwOTlCMDkz
RTg0MEQ0RTNFRUFDRDQzM0UyMEM1QjAzRA==

--SBD.Boundary.605592468
PROCESS /noc/users/iridburst/exec/irid_300224010734970_upd.pl
Last Run  ----1970-01-01 00:00:00 
MONTH  5 
DATA  xxrecord 2012-05-20 23:00:05 :: $W5M5A,120520,230005,660d0028449ce246,1,DAS 2,4901.5902N,1621.4472W,10.0,275,12.3,14.2,12.5,89.2,10.8,12.5,90.1,10.9,1011.6,1.48,2.24,9.1,302,40*68
 
INSERT
STATION sbdservice
IRID_ID 300224010734970
BODY 
Content-Type: application/x-zip-compressed; name="SBMmessage.sbd"
Content-Disposition: attachment; filename="300224010734970_003443.sbd"
Content-Transfer-Encoding: base64

JFc1TTVBLDEyMDUyMSwwMDAwMDUsNjYwZDAwMjg0NDljZTI0NiwxLERBUyAy
LDQ5MDEuNTUzOU4sMTYyMS4zNjc4Vyw1LjgsMjQ5LDcuNCwxNC4yLDEyLjMs
ODYuMSwxMC4xLDEyLjMsODcuNCwxMC4zLDEwMTAuNiwxLjQxLDIuNTIsOC43
LDI5NCw0MSo2RQ0KDQokVzVNNUEsMTIwNTIxLDAwMDAwNSw2NjBkMDAyODQ0
OWNlMjQ2LDIsREFTIDIsMTIuOSwxMy4xLDAuMiwwLjQsMC4wMSwxMTQwLDEx
NDksMTU2LDYyOCwwLDQzLjksMTUuODQsOTIzKjU1DQoNCiRXNU01QSwxMjA1
MjEsMDAwMDA1LDY2MGQwMDI4NDQ5Y2UyNDYsMyw3RjAwNzQwMjNBMDAwMDUz
MzIzMDMxMzIzMDM1MzIzMDMyMzMzNDMwMzAzMDU1NUEwMDMxMzIzMDM1MzIz
MDMyMzMzNDMwMkM1NDQxNDIzMDMwMzAzMDMwMkMyRDMwMzUzMTJFMzEyQzJD
MzEzMjJFMzQzOTJDMzQyRTMwMkMzMzM2MzAzMDJDMzYzMDJDMzYzMDJDMzEy
QzMwMzAzNTM3MzAyQzMzMkUzNDMyMkMzMTJFMzIzNjJDMzUzNzJDMzAyQzMw
MkUzMTM3MzIyQzJCMzAzMDJFMzAwRDBBQkYxMDI5MTJCNDNCN0YwMDY3MDIz
QTAwMDA1NzMyMzAzMTMyMzAzNTMyMzAzMjMzMzQzMDMwMzBGRjREMDAwMDgw
RkI0NDAwMDAwMjQ0MDA4NDY0NDgwMDAwMEU0MzdCMzY1RTNGRjdBRUI0NDBD
NDQ5MjE0MEIxRkNCMzNGQTZCREUyNDA3NUQzRTQzRkU3RkZGQjQwQjcxNEI4
NDA2NTIxMEI0MTkwMTgwNjQxMDdFQUJEM0YzNUUwOTI0MzlGODkyNDQyNjZG
OUMwM0IxQTIwOEI4QkNBNTY3RjAyQkEwMjNBMDAwMDRCNTY0ODIwMzczMjMw
MzEzMjMwMzUzMjMwMzIzMzM0MzAzMDMwMzYwMDAwMDAwQUQ3QTMzRDBBRDdB
MzNCMzdFMDkyNDM5RDg5MjQ0MkY0MDM4MDQzRDEyRDY5NDIwNkI0OTA0M0ZG
MTQ1QTQyODdBOTk5NDMyNTQ3MTk0MkY3MkM5OTQzNEFCQjAzNDI4Nzc1OUI0
M0ZGMzkwQTQyMDBGNzlENDMxQTc5MEE0MkYyMTM5QjQzNkUwMEY0NDE5RTMw
OUE0MzI2NzBDNDQxMDJCRjlBNDM3NUY5Qjg0MTIxQjc5OTQzMTM1N0Q0NDEx
MkYwOTg0MzAyMjBFRjQxMDFCODk4NDMxRTlGMEI0MjhERTc5NzQzQkFENDM3
NDJEMkU2OTA0MzM3Q0I1NjQyNkFFQThCNDNGNzk2NDg0MjM3RDA4RTQzMkUy
MDRDNDI5OTIyOTI0MzJDQzM1NTQyNkJDRDkwNDNDNTg3NEQ0MkNDRDU4RjQz
REJENzQxNDI1RDQ4OEQ0MzJCMzg0NjQyRUFCQzhCNDNEQUNFMzY0Mjc2MjU4
RTQzRDZCMDE4NDI0ODlCOEQ0MzhCNjQxNjQyRkY3MzhBNDNGMzU0MzU0MjVF
NDI4MjQzQzdBNjUzNDJBQTg0Nzc0M0M4NDU0NDQyQkE0QjdBNDM2NUE0M0U0
MjQyOEQ3QjQzMkQ0ODRGNDJFNDFCNzc0MzU5MTM2QjQyMEZDNjg2NDM4RURB
NzA0MkI1RkQ4QzQzNkI5NDU2NDJDRDlFODg0MzM2QTU0OTQyMUUzNzdFNDMw
NjFDNDc0MkVCRTA3RDQzNDZGQjRENDIyQTE0ODg0MzRCOUY2NjQyQjBFRDhD
NDM1RTY3NkY0Mjg5QUM5MTQzOUFENzZCNDJGMjQ1OTE0MzM4OTk2MzQyRTAx
MTgwNDM2NDlENzk0MjExMjM0ODQzOEM4NTcwNDJBOTFGNDE0MzBCRTA2RDQy
QjdERDU1NDM1MTU3OEM0MkI3QkE4QjQzMDZEODk2NDIwRUI3OUM0MzY2OTc4
RDQyMDhBMUE5NDMxODk2OEI0MjhDNEQ1NzQxNjQ4RDkzNDI3QzMzODI0MjdG
RUM5RDQyNjk5MjM0NDNENjQyOUE0MkU0RjMzNTQzODRFQTg4NDJGOTQ3MkI0
MzdFMkM4MzQyN0FGQjI2NDNCQUMxOTE0MjE0RkUxQjQzNTQxQjk5NDJGMUQ4
Q0U0Mjc2NTBBMDQyNDZBNDdDNDFGQUE4OUM0MkI2NTgwRDNFNUY4NkYzM0RB
RjY0OEEzRTYyOUIwQjNGQzQyMDU3M0Y1OTAyQTgzRjI3NTFBRTNGRDIxMDFE
NDBGREI5RjEzRjYwNDA4MzNGNjYzNUJEM0YzOUIwREIzRkUyNDU4QzNGMTBC
RjEyM0ZCNUI5RjkzRTAxMTcwMzNGNEE4MDFDM0Y2RkZEODYzRTIxQkI2MTNG
N0U1REMwM0UxN0EzMUEzRjY2NEQxRjNGOUU4Rjc1M0ZENDg3MTkzRjA3NUU5
NjNFRTVBRUZCM0VCNzUzMDIzRjI3QTM4MzNFRjBBMDgxM0VDMzMxOUMzRUY4
ODgwRTNGNUJDRURDM0UzQjMyMDkzRkEyMA==

--SBD.Boundary.605592468
PROCESS /noc/users/iridburst/exec/irid_300224010734970_upd.pl
Last Run  ----1970-01-01 00:00:00 
MONTH  5 
DATA  xxrecord 2012-05-21 00:00:05 :: $W5M5A,120521,000005,660d0028449ce246,1,DAS 2,4901.5539N,1621.3678W,5.8,249,7.4,14.2,12.3,86.1,10.1,12.3,87.4,10.3,1010.6,1.41,2.52,8.7,294,41*6E
 
INSERT
STATION sbdservice
IRID_ID 300224010734970
BODY 
Content-Type: application/x-zip-compressed; name="SBMmessage.sbd"
Content-Disposition: attachment; filename="300224010734970_003444.sbd"
Content-Transfer-Encoding: base64

JFc1TTVBLDEyMDUyMSwwMTAwMDUsNjYwZDAwMjg0NDljZTI0NiwxLERBUyAy
LDQ5MDEuNTQyM04sMTYyMS4zMzc5Vyw3LjAsMjQwLDguNiwxNC4yLDEyLjMs
ODYuMCwxMC4wLDEyLjQsODYuOCwxMC4zLDEwMTAuMiwsLCwsKjdCDQoNCiRX
NU01QSwxMjA1MjEsMDEwMDA1LDY2MGQwMDI4NDQ5Y2UyNDYsMixEQVMgMiwx
My4wLDEzLjEsMC4yLDAuNCwwLjAxLDExNDEsMTE1MSwxNTYsNTAxLDAsNjYu
MywxNS44NCw5MjIqNTANCg0KJFc1TTVBLDEyMDUyMSwwMTAwMDUsNjYwZDAw
Mjg0NDljZTI0NiwzLCoxNA0KDQo=

--SBD.Boundary.605592468
PROCESS /noc/users/iridburst/exec/irid_300224010734970_upd.pl
Last Run  ----1970-01-01 00:00:00 
MONTH  5 
DATA  xxrecord 2012-05-21 01:00:05 :: $W5M5A,120521,010005,660d0028449ce246,1,DAS 2,4901.5423N,1621.3379W,7.0,240,8.6,14.2,12.3,86.0,10.0,12.4,86.8,10.3,1010.2,,,,,*7B
 
INSERT
STATION sbdservice
IRID_ID 300224010734970
BODY 
Content-Type: application/x-zip-compressed; name="SBMmessage.sbd"
Content-Disposition: attachment; filename="300224010734970_003445.sbd"
Content-Transfer-Encoding: base64

JFc1TTVBLDEyMDUyMSwwMjAwMDUsNjYwZDAwMjg0NDljZTI0NiwxLERBUyAy
LDQ5MDEuNTQxM04sMTYyMS4zNTUxVywxMC4xLDIyNiwxMS44LDE0LjIsMTIu
Myw4Ny41LDEwLjMsMTIuNCw4OC4wLDEwLjQsMTAwOS42LDEuNTEsMi4zMyw5
LjUsMjk2LDM1KjYyDQoNCiRXNU01QSwxMjA1MjEsMDIwMDA1LDY2MGQwMDI4
NDQ5Y2UyNDYsMixEQVMgMiwxMi45LDEzLjEsMC4yLDAuNCwwLjAxLDExNDIs
MTE1MiwxNTYsNjI4LDAsMzU2LjMsMTUuNDQsOTIzKjZFDQoNCiRXNU01QSwx
MjA1MjEsMDIwMDA1LDY2MGQwMDI4NDQ5Y2UyNDYsMyw3RjAwNzQwMjNBMDAw
MDUzMzIzMDMxMzIzMDM1MzIzMTMwMzEzNDMwMzAzMDU1NUEwMDMxMzIzMDM1
MzIzMTMwMzEzNDMwMkM1NDQxNDIzMDMwMzAzMDMwMkMyRDMwMzUzMTJFMzEy
QzJDMzEzMjJFMzQzNjJDMzQyRTMwMkMzMzM2MzAzMDJDMzYzMDJDMzYzMDJD
MzEyQzMwMzAzNTM3MzAyQzMzMkUzNDMyMkMzMTJFMzIzNjJDMzUzOTJDMzAy
QzMwMkUzMTM3MzIyQzJCMzAzMDJFMzAwRDBBQkIxMDBBQzUwQzFEN0YwMDY3
MDIzQTAwMDA1NzMyMzAzMTMyMzAzNTMyMzEzMDMxMzQzMDMwMzBGRjREMDAw
MDgwRkI0NDAwNDAwMjQ0MDBDMDVBNDYwMDAwRUE0MjFCRDk4MDNGOTY0Q0RC
NDBFRkZBMTQ0MDAwMUJDMTNGRUEyQjAzNDEwNUE2RUEzRjA4MTJGOTQwQ0RC
Q0QyNDA4NjYxMTg0MTI2NUYxMTQxMzI1QUNDM0Y3NjIxOTQ0MzJEMUYwQjQy
MjI0Q0U2M0I4NDFCMzU0MzhBQTg3RjAyOEEwMjNBMDAwMDRCNTY0ODIwMzcz
MjMwMzEzMjMwMzUzMjMxMzAzMTM0MzAzMDMwMzIwMDAwMDAwQUQ3QTMzRDBB
RDdBMzNCNzkyMTk0NDMyQjFGMEI0MkVBNjM5NTQzMTdFNzBFNDI1RURGOTg0
M0M1QTZFRjQxQUUwQzlDNDNBOTdFMDU0MkUxOTg5RTQzNDJBRURDNDE1NUMw
OUI0MzBDQTBDMTQxN0JBMDk4NDNDODA1QkY0MThEMjI5NzQzQkY5MEM4NDFE
QjIxOTc0Mzk1MDdDQzQxRjA2NDk3NDNBMEE5QzY0MTY2M0U5NzQzRUI0QUMz
NDE5QkJCOTY0MzNERkZEQjQxNTREQzk2NDNCQzU3MTE0MkMxOTQ5NzQzNDg5
MjI2NDI3Qzc2OTc0MzgzNTMxQzQyMTFEQzk1NDM2RjE5MTk0Mjc2Rjk5MjQz
QUY5QzNDNDIzQkMxOTI0MzJERkI0QzQyODFBQTk0NDNENDkyMzM0MjczMjM5
MDQzNUFDRDM4NDI0MzcyOEM0MzUzMTQ0NzQyNTBCNDkyNDM3N0FDNDg0MjRC
MzU5MzQzOEFBNDQ0NDIwNTVDOEQ0MzFEMzk0MTQyMzg5NzgzNDM5MzEwNDU0
MkFERDU4MzQzOEM4OTUyNDJFNURCOTE0M0RCNTE1ODQyNkYwODhENDNEQjI3
Njk0Mjc0OTE3RDQzQThBNjY4NDIyNUY0N0E0M0EzODQ1NDQyQUQ1NDc2NDNB
MTEzM0U0MjBCNEU2QzQzRjQxNDMxNDI2Q0FFNkE0M0FGMDU1MjQyQkE5RjdE
NDNEQ0NENzg0MjlFODg4MzQzMzVENTZENDI3QkFDN0I0MzI0RkQ2MzQyQ0VC
QjYxNDNBOTVFNjM0MjY4OTM0RjQzNTlDQTYzNDJEMDk1NDU0MzREMDA2QzQy
MTU1OTUzNDM0NUFDOEM0Mjc4NTc0RTQzNENCQzk5NDI4QjZDMTc0MzY4NzA4
RDQyM0Y5MTEyNDNFRUU2OEM0MjMxQzMzRDQzOEM3NDk4NDIxMTQ5N0I0MzRD
MkQ5OTQyNjIyNDg0NDMwNTVFOUI0MkVFODJFMTQyQTEwREEwNDIzNzdEMjc0
MjQwNkY5NTQyMzQyRkZGNDE2OUZDOTA0MjBENkFGQjQyM0I0Qjk3NDIxRjE4
MEY0M0JCMUE5MTQyNDUyMTM0M0VGMjI2RUEzRTRFMzRCRjNFM0UyNjU5M0Y5
Nzg5MUI0MDI5NTI0RTQwM0YwQjQ3NDA0MTJFRDQzRjczNzEzMDQwN0Q3QjA1
NDA5RDlGOTgzRjgxREE4RjNGQTVBMjE5M0ZFODkyNUEzRjg4REJBNjNGNDI3
Qzk4M0ZDOTg1RjYzRTgzQTE1MDNGNTJBNDEzM0ZFQkQ4ODMzRUQ0NDdBNjNF
M0Y3RENDM0U2NzE5MTIzRkJERkVFMzNFOUE3QTU1M0U1MDNEOEYzRUNBQTQ0
QjNFMzhDMDdBM0UxODYwODAzRTQyNjRERjNFMEFFM0Y5M0UyNkUyOUEzRTUx
OTUwQzNFREU2MzU1M0U4QUQ5MzgzRUQzOTcxRTNFQ0U1N0IzM0RBMDY5ODUz
RDRGODQ0QzNERkJDOTY4M0Q0MDUzMzYzRA==

--SBD.Boundary.605592468
PROCESS /noc/users/iridburst/exec/irid_300224010734970_upd.pl
Last Run  ----1970-01-01 00:00:00 
MONTH  5 
DATA  xxrecord 2012-05-21 02:00:05 :: $W5M5A,120521,020005,660d0028449ce246,1,DAS 2,4901.5413N,1621.3551W,10.1,226,11.8,14.2,12.3,87.5,10.3,12.4,88.0,10.4,1009.6,1.51,2.33,9.5,296,35*62
 
INSERT
STATION sbdservice
IRID_ID 300224010734970
BODY 
Content-Type: application/x-zip-compressed; name="SBMmessage.sbd"
Content-Disposition: attachment; filename="300224010734970_003446.sbd"
Content-Transfer-Encoding: base64

JFc1TTVBLDEyMDUyMSwwMzAwMDUsNjYwZDAwMjg0NDljZTI0NiwxLERBUyAy
LDQ5MDEuNTY1N04sMTYyMS40MTg2VywxMC40LDIyNSwxMi4xLDE0LjIsMTIu
Myw4OS40LDEwLjcsMTIuNCw4OS43LDEwLjcsMTAwOS4zLDEuNTMsMi43OSw5
LjUsMjk5LDM0KjZEDQoNCiRXNU01QSwxMjA1MjEsMDMwMDA1LDY2MGQwMDI4
NDQ5Y2UyNDYsMixEQVMgMiwxMi45LDEzLjEsMC4yLDAuNiwwLjAxLDExNDMs
MTE1MywxNTYsNjI4LDAsMTMxLjksMTUuNDQsOTIyKjY1DQoNCiRXNU01QSwx
MjA1MjEsMDMwMDA1LDY2MGQwMDI4NDQ5Y2UyNDYsMyw3RjAwNzQwMjNBMDAw
MDUzMzIzMDMxMzIzMDM1MzIzMTMwMzIzNDMwMzAzMDU1NUEwMDMxMzIzMDM1
MzIzMTMwMzIzNDMwMkM1NDQxNDIzMDMwMzAzMDMwMkMyRDMwMzUzMTJFMzEy
QzJDMzEzMjJFMzQzNTJDMzQyRTMwMkMzMzM2MzAzMDJDMzYzMDJDMzYzMDJD
MzEyQzMwMzAzNTM3MzAyQzMzMkUzNDMyMkMzMTJFMzIzNjJDMzYzMDJDMzAy
QzMwMkUzMTM3MzIyQzJCMzAzMDJFMzAwRDBBQjMxMDVCM0MyOUY5N0YwMDY3
MDIzQTAwMDA1NzMyMzAzMTMyMzAzNTMyMzEzMDMyMzQzMDMwMzBGRjREMDAw
MDgwRkI0NDAwNDAwMjQ0MDA4MEJCNDYwMDAwRjg0MjJEQkY3NjNGM0FERkNF
NDAxNzQ2MzI0MEQ1NTJDMzNGQzBGQUY0NDA5QjBGRkYzRjc4M0UwNjQxMjZB
OUQzNDA4NjYxMTg0MTM0RTgwRjQxMzZDNENDM0ZCMEE3OTU0Mzg2NEEwNjQy
M0Y3OUU3M0I5MzFFQ0E3NjBBRTg3RjAyOEEwMjNBMDAwMDRCNTY0ODIwMzcz
MjMwMzEzMjMwMzUzMjMxMzAzMjM0MzAzMDMwMzIwMDAwMDAwQUQ3QTMzRDBB
RDdBMzNCQjFBNzk1NDM4NTRBMDY0MkQ0QjE5NTQzMEEyRjI0NDIwNzA1OTY0
MzBDNTIyRDQyRDAxRTk1NDMxRTAwMjc0Mjc5NUE5NzQzNDI3RUZBNDFDQTE4
OUI0M0I0QkNDQTQxQ0Y0NjlCNDM4MkJFQjg0MTkxQjM5OTQzMzcwN0I5NDFG
ODdDOTc0MzEyMjRCQTQxNDA5MTk1NDNDRjQ1QzE0MTU2RDY5NjQzMTk1MUQ0
NDFFMzUwOTc0M0FEODhFMjQxNjFBQjk2NDNDNTY2MDg0MjJCQkI5NzQzMDQ0
RDFFNDJFNjhGOUI0Mzg3RUQxMTQyNzZDMjlENDM0MkREMDg0MjJBNzE5QjQz
NENGRTFENDJDNDgzOTg0MzNGOTIyRTQyNjlENzk2NDNCMDhDM0I0MjlGOEI5
MzQzMTIyRDRDNDI0MTk5OEM0MzdCMTA1NTQyQThDMjg3NDNGRDEwNDk0MjIy
NzA4QjQzOUJGMDQ0NDJBOERFOEI0MzJDQ0U0OTQyRDc0NDg3NDMyQkRENTY0
MjUwMjU4NDQzMTA2QzY1NDJCNTY5ODA0M0QwOEQ1MTQyRjI5MTgxNDM0Q0Q3
MzM0MkQzRUE4NTQzQTY1NDMyNDJGQ0Y5ODc0MzRENDIzQzQyMTE1RjgzNDM0
QkFGMkM0MjVDNjk4MjQzRDZBRDMyNDIzNjVBODU0MzFEQTI1ODQyQ0YyRDhB
NDMzMDlBNUU0MjcxNDY4ODQzMTU2MTUxNDIzNEY5N0Q0M0ExNUM2MDQyMEVE
ODVGNDM1QUI2NkI0MkE3QzM1RDQzOTlCMTdFNDI3OEMxNTQ0MzU3Qjk3RTQy
MjExNzQ1NDMzODY5NjE0MjVCOEE1RTQzMzJCQzdCNDI2RDg4NzM0M0EzMDQ3
QTQyRDRFRjdBNDNCQzEzODU0MkVEODM5QTQzQTI2Mjg5NDI0QkM4QTI0Mzk1
NUE3OTQyMEEzQUE2NDMzMkVCODg0MkY0RDNCMzQzMzBFMDk4NDIyQTkyNTk0
MTcwOEU5QTQyMEJERTMxNDJBQ0UwOTg0MjJDOTMwQzQxNjUxRDkyNDIyNTY1
Njk0MDkwQTM4RTQyRjFCNjZDM0U5MTlFNDgzRTg5MjlBRTNFMzQ2RjFGM0ZB
MDJFMTc0MEQ5MTc0QzQwRUI5OTNGNDA2MDI3MDc0MEJCOUYwNzQwMDQ1NDFD
NDAwNzEwMEY0MEZDMkFBNDNGQ0UyRjZDM0YzRTI0NkUzRjFFQzFCMjNGQ0RE
RTI1M0YzNjM2QkYzRUFEM0UxNDNGMzQxNzA5M0YwNTk4QjQzRTI1RkE4ODNF
MDRDRkI3M0UwOUEyQzkzRUFFMDZBNDNFMEMxMUFCM0VCOUVFQzAzRTFCNzUy
NzNGODgxQkFDM0VFNDVENjczRTM2MTI5NjNFRUY1NTc5M0VFNDJBMDUzRUY1
Qjg0NDNFMzUwNjU0M0UzQUMzMkMzRUI0MUNCMTNENDFFRjg1M0RGQzYxNDYz
REVCRkUzQTNEOUY3MUVCM0RDOTNGMUEzRQ==

--SBD.Boundary.605592468
PROCESS /noc/users/iridburst/exec/irid_300224010734970_upd.pl
Last Run  ----1970-01-01 00:00:00 
MONTH  5 
DATA  xxrecord 2012-05-21 03:00:05 :: $W5M5A,120521,030005,660d0028449ce246,1,DAS 2,4901.5657N,1621.4186W,10.4,225,12.1,14.2,12.3,89.4,10.7,12.4,89.7,10.7,1009.3,1.53,2.79,9.5,299,34*6D
 
INSERT
STATION sbdservice
IRID_ID 300224010734970
BODY 
Content-Type: application/x-zip-compressed; name="SBMmessage.sbd"
Content-Disposition: attachment; filename="300224010734970_003447.sbd"
Content-Transfer-Encoding: base64

JFc1TTVBLDEyMDUyMSwwNDAwMDUsNjYwZDAwMjg0NDljZTI0NiwxLERBUyAy
LDQ5MDEuNjAwME4sMTYyMS41MDk2VywxMC4yLDIyNSwxMi44LDE0LjIsMTIu
NCw4OC44LDEwLjYsMTIuNCw4OS4yLDEwLjcsMTAwOS4wLDEuNDMsMi4zMiw5
LjUsMjk3LDMzKjY5DQoNCiRXNU01QSwxMjA1MjEsMDQwMDA1LDY2MGQwMDI4
NDQ5Y2UyNDYsMixEQVMgMiwxMi45LDEzLjAsMC4yLDAuNSwwLjAxLDExNDQs
MTE1NCwxNTYsNjI4LDAsMTIxLjUsMTUuNDQsOTI2KjY5DQoNCiRXNU01QSwx
MjA1MjEsMDQwMDA1LDY2MGQwMDI4NDQ5Y2UyNDYsMyw3RjAwNzQwMjNBMDAw
MDUzMzIzMDMxMzIzMDM1MzIzMTMwMzMzNDMwMzAzMDU1NUEwMDMxMzIzMDM1
MzIzMTMwMzMzNDMwMkM1NDQxNDIzMDMwMzAzMDMwMkMyRDMwMzUzMTJFMzEy
QzJDMzEzMjJFMzQzNDJDMzQyRTMwMkMzMzM2MzAzMDJDMzYzMDJDMzYzMDJD
MzEyQzMwMzAzNTM3MzAyQzMzMkUzNDMyMkMzMTJFMzIzNjJDMzYzMTJDMzAy
QzMwMkUzMTM3MzIyQzJCMzAzMDJFMzAwRDBBQjQxMDlCRDkxNUNGN0YwMDY3
MDIzQTAwMDA1NzMyMzAzMTMyMzAzNTMyMzEzMDMzMzQzMDMwMzBGRjREMDAw
MDgwRkI0NDAwNDAwMjQ0MDBEMDA0NDcwMDAwRkM0MjNFRjA2NjNGQkI1NENE
NDBGMjRGMTQ0MDY4QkFCNjNGNTYyNzAyNDE1NTY1REUzRjcyQUEwNTQxQTVE
QUQ3NDA4NjYxMTg0MTVCQkIxMzQxRjY2QkMzM0YwQzQ4OTQ0MzY5N0MwNTQy
MTdGMUNFM0I4OTFEQzIzNjc5MDc3RjAyOTYwMjNBMDAwMDRCNTY0ODIwMzcz
MjMwMzEzMjMwMzUzMjMxMzAzMzM0MzAzMDMwMzMwMDAwMDA5OTk5OTkzRDBB
RDdBMzNCMEU0ODk0NDM2NTdDMDU0MjNERTM4RjQzQzhGQzMyNDIwMjUwOTM0
MzFDQTYxNDQyNjBBQzk1NDMzMkM4RjM0MTI5RTU5NzQzODBCRERFNDFEQTkz
OTY0MzgwMjZENDQxNTJFOTk0NDM1MDREQ0M0MUYzQUI5NjQzMDQ3MkM2NDEy
QzA4OTk0MzQ3Q0NCOTQxMzhGNjk4NDM1MzEzQjg0MUU2RjY5NzQzRDQ1NUQ3
NDExMEY1OTY0MzBCOTQwMjQyNjdGNjk1NDM2M0JGMDg0MkU5QUM5MzQzQzg2
QzA3NDIwM0ExOTI0MzZCODJGQjQxNkQyRTkzNDM5MTZFMDc0MkVEOTQ5NDQz
RDA5OTE4NDIzREU0OTc0MzU4ODQyMDQyM0MxMjlCNDM1ODU3MzY0Mjg1NkY5
ODQzNTJEMTYwNDI3RERDOTE0M0ZGRUI0MDQyQUM5NDkxNDNBMjFCMjg0MkMw
RDE4RTQzRTNDMzQ4NDJENjBEOEY0MzI0M0M1MTQyMDFFMzhCNDNFRDc5NDQ0
MkY3NUQ4MTQzQzhGNDQyNDI4MUNEODI0MzEwNDk0RDQyRkNEODhCNDNERkIw
NDA0MjM0QzQ4QjQzRTZFNzM4NDI1RERFOEE0MzUxQTEzRTQyNTQwNjhCNDMy
NkZGNDI0MkFGNzQ4QTQzQzc4NzRENDIyMzI1OEM0M0JDOTc1MDQyMjY2RThE
NDMwMTQ4NEQ0MjU3RkU4QTQzOUU5NTVENDI2ODQ2OEE0MzVBRDM0RjQyQjEx
QThDNDNFRkM0NDQ0MjI1MUE4QjQzRDE5NTZCNDIwRTk1ODM0MzVFOTE3MDQy
RTMzRDgxNDM5QjcyNjg0MjM1QkQ4MTQzQTM2RjgzNDIyQTlGNzg0M0E3REI4
MjQyQzY4OTZENDMyODgwN0Q0MjY4RDI2RDQzQTRGOThENDI2MkU3OEM0MzYx
QUU5ODQyRTIxOTVGNDM1QUFDOEE0MjY1RjI0ODQzQjRCRjg0NDIwQTY5MjU0
MzM2MkM5NTQyNEZDMzIwNDI0MTc3OTY0MjM5Qzg5RjQzRkY5NTlCNDI4NUQ5
ODA0MzRDMzU5ODQyMTQ5QzdDNDNFMDI0OTc0Mjg5MDE2MzNFMzlBMkEzM0Uw
NkMwMTgzRjEyQkYyRjNGMEY5RTlGM0YxM0NGMTQ0MDUyQUI1NzQwMjM4QjMw
NDBDOUVFM0E0MDE5QTZDRjNGMEJFNDU1M0ZCREVEM0EzRjY0MTU1QTNGRjk0
QTgyM0Y0ODBBQTYzRkU4RjYyQjNGMjMzRDExM0Y5NjFERDEzRUJGRTUyRTNF
MEZFNDE2M0ZGREFCMjgzRjkwNTE5OTNFOEQ1NzA0M0YzMkE3QzMzRTcxRUY5
QzNFQjkxMzFCM0UyQjhGOEIzRTJERUJCMDNFNkM0RjRGM0U4RjY2NkUzRTdD
NTQ2NDNFREE3NzJCM0UyMzQxOEQzRTcxMTMzMDNFM0QzNDFFM0VEMEQ0MUIz
RUI2MjFCRjNENTY0MDEyM0UwODU3QUUzRA==

--SBD.Boundary.605592468
PROCESS /noc/users/iridburst/exec/irid_300224010734970_upd.pl
Last Run  ----1970-01-01 00:00:00 
MONTH  5 
DATA  xxrecord 2012-05-21 04:00:05 :: $W5M5A,120521,040005,660d0028449ce246,1,DAS 2,4901.6000N,1621.5096W,10.2,225,12.8,14.2,12.4,88.8,10.6,12.4,89.2,10.7,1009.0,1.43,2.32,9.5,297,33*69
 
INSERT
STATION sbdservice
IRID_ID 300224010734970
BODY 
Content-Type: application/x-zip-compressed; name="SBMmessage.sbd"
Content-Disposition: attachment; filename="300224010734970_003448.sbd"
Content-Transfer-Encoding: base64

JFc1TTVBLDEyMDUyMSwwNTAwMDUsNjYwZDAwMjg0NDljZTI0NiwxLERBUyAy
LDQ5MDEuNjM5Nk4sMTYyMS41OTQ0Vyw5LjQsMjE2LDExLjUsMTQuMiwxMi40
LDkwLjIsMTAuOSwxMi41LDkwLjQsMTAuOSwxMDA4LjIsMS4zOCwyLjI2LDgu
NywyOTYsMzYqNTINCg0KJFc1TTVBLDEyMDUyMSwwNTAwMDUsNjYwZDAwMjg0
NDljZTI0NiwyLERBUyAyLDEyLjgsMTMuMCwwLjIsMC40LDAuMDEsMTE0NSwx
MTU1LDE1Niw2MjgsMCwzMTguNiwxNS40NCw5MjUqNjANCg0KJFc1TTVBLDEy
MDUyMSwwNTAwMDUsNjYwZDAwMjg0NDljZTI0NiwzLDdGMDA3NDAyM0EwMDAw
NTMzMjMwMzEzMjMwMzUzMjMxMzAzNDM0MzAzMDMwNTU1QTAwMzEzMjMwMzUz
MjMxMzAzNDM0MzAyQzU0NDE0MjMwMzAzMDMwMzAyQzJEMzAzNTMxMkUzMTJD
MkMzMTMyMkUzNDMzMkMzNDJFMzAyQzMzMzYzMDMwMkMzNjMwMkMzNjMwMkMz
MTJDMzAzMDM1MzczMDJDMzMyRTM0MzIyQzMxMkUzMjM2MkMzNjMyMkMzMDJD
MzAyRTMxMzczMjJDMkIzMDMwMkUzMDBEMEFCNTEwNzMzNzcxMzk3RjAwNjcw
MjNBMDAwMDU3MzIzMDMxMzIzMDM1MzIzMTMwMzQzNDMwMzAzMEZGNEQwMDAw
ODBGQjQ0MDA0MDAyNDQwMEUwMkI0NzAwMDBFRTQyMjJCNjY0M0ZDODBBRDk0
MDhBQkExMDQwRTVGMUIwM0Y3RjVGMDI0MTAzQ0ZEQTNGQzk4Q0ZBNDA2OEMx
RDg0MDY1MjEwQjQxQzY5NjBENDFCN0FDQjgzRjg0MzQ5NDQzMDRDQjExNDJD
REQzQkEzQkNBMUYwQTlEODRBMDdGMDI3RTAyM0EwMDAwNEI1NjQ4MjAzNzMy
MzAzMTMyMzAzNTMyMzEzMDM0MzQzMDMwMzAzMTAwMDAwMDk5OTk5OTNEMEFE
N0EzM0I4NjM0OTQ0MzAxQ0IxMTQyNUNBMDhFNDNEQjEzMDc0MjJCNUY5MjQz
MzM4RkU2NDE5OURDOTQ0Mzg3NjZFNjQxRUVBMzk2NDNFNkE5MEQ0MkUxOTg5
NzQzOTQ2RDFBNDI4OTVGOTM0Mzk0N0VEQjQxQUFBQTkzNDNGQTdDQkM0MUQw
NkY5ODQzMjZDMkM2NDEzQ0YxOTk0M0JFOTRDNDQxMzQxQjk4NDM0NDBFRDk0
MUFGRjM5NjQzRkU5MUYzNDE2QzcwOTg0MzUxMDAxNTQyNzE5MzlGNDM3QzMx
MzY0MjE3OEI5QjQzRjAyNzJGNDIwNzI0OTU0MzIxMjcyMTQyQkM0RjkzNDND
MjMxMkE0MjMzNzc5NTQzMTI3MDM5NDJBQ0ZDOTQ0M0Y0QTQzODQyNUI3MThE
NDNFNjVCNDI0MkU2MDM4QzQzRDczQTQ5NDI4RjM4OEU0MzIyODk0MTQyNkNE
NTkxNDMzODQ1MzM0MkJFQjk5MzQzMEFBRTM0NDJCMEZFOEY0MzBFNEYzRjQy
Nzg5NTg4NDM4NTNCNTU0MjJGNUQ4ODQzQzRDRjU0NDIxMzE2OTA0M0ZDRUYz
QjQyMThCQjkzNDM0MTQwMkQ0MjRBMUY4RjQzREJFNjQxNDIwNkQ2ODY0M0FB
QzI1NDQyN0NEMTgzNDNFODQzNUI0MjhBNTk4MzQzNEI0NTU1NDI0RTkxN0Q0
M0EyMzE1NzQyOEExMjczNDMxN0VENjk0MjE1MzA4NjQzQUM5MDdDNDJCRjA2
ODc0MzRFREE4ODQyRjg2NDc0NDMyRTYxODg0MkI0MUI2ODQzMTM2MzdDNDIx
NThDNjM0Mzc5NDM3NDQyMTc3MTgwNDNENzIxNzk0MkE3NjE4NzQzN0QwMjcx
NDIyQkM2ODg0M0Q4MDk3NzQyNUU4Nzg3NDNFNjJDODI0MjQxMUQ1MzQzOEZB
MTg5NDIzNzlFMzA0MzMwREY4MjQyMEE1RjJDNDM4RTYxOTU0MjhEM0YyNDQz
Rjc3MjlDNDJGQ0VGMTU0M0NGMTM5MzQyNjMwNjEzNDNCN0VCOEU0MjY2Nzkw
ODNFNTE2M0VCM0VEQjY4ODkzRjc2RTk1QjNGOTY1MjEyM0Y1MEJEQjIzRjk4
MkUwRDQwQUEzMEY3M0Y0M0Q4MjI0MENDQjBBQzNGMjE5RjhCM0Y1NTUxNzcz
RkJENTdBMjNFQTBEMDVGM0Y1NDM3QTYzRjA4QkVBODNGNzJBMzY0M0Y5MDE2
NjAzRjMzNUIwOTNGOUQ2MjFEM0Y5RDgwREYzRUI3ODg3ODNFOUEyMjFDM0ZF
MDJFQ0IzRTdGNzk1QTNFMzIxMDgyM0U4MEQxMkIzRThDMTE5RjNFRjIxMzMw
M0UzNjhCNTkzRURBQkU3NzNFRjY0NjY5M0VDMTcwOUQzRDIwRDQ5RTNEREZC
RDgyM0RBMjY1RjMzQzk1MjNBNTNDNkY5RDAxM0RDMjZFMjkzRERBOTkyQjNE
NDE1QzZFM0QzNzQ0OTMzREQ4MDU3NzNERA==

--SBD.Boundary.605592468
PROCESS /noc/users/iridburst/exec/irid_300224010734970_upd.pl
Last Run  ----1970-01-01 00:00:00 
MONTH  5 
DATA  xxrecord 2012-05-21 05:00:05 :: $W5M5A,120521,050005,660d0028449ce246,1,DAS 2,4901.6396N,1621.5944W,9.4,216,11.5,14.2,12.4,90.2,10.9,12.5,90.4,10.9,1008.2,1.38,2.26,8.7,296,36*52
 
INSERT
STATION sbdservice
IRID_ID 300224010734970
BODY 
Content-Type: application/x-zip-compressed; name="SBMmessage.sbd"
Content-Disposition: attachment; filename="300224010734970_003449.sbd"
Content-Transfer-Encoding: base64

JFc1TTVBLDEyMDUyMSwwNjAwMDUsNjYwZDAwMjg0NDljZTI0NiwxLERBUyAy
LDQ5MDEuNjcwME4sMTYyMS42NjEzVywxMS4wLDE5OSwxMy4yLDE0LjIsMTIu
NSw5MS42LDExLjIsMTIuNSw5MS44LDExLjIsMTAwNy41LDEuNjMsMi41OCw4
LjcsMjk1LDMzKjY4DQoNCiRXNU01QSwxMjA1MjEsMDYwMDA1LDY2MGQwMDI4
NDQ5Y2UyNDYsMixEQVMgMiwxMi45LDEzLjAsMC4yLDAuNCwwLjAxLDExNDYs
MTE1NiwxNTYsNjI5LDAsMjYuMiwxNS40NCw5MjQqNTgNCg0KJFc1TTVBLDEy
MDUyMSwwNjAwMDUsNjYwZDAwMjg0NDljZTI0NiwzLDdGMDA3NDAyM0EwMDAw
NTMzMjMwMzEzMjMwMzUzMjMxMzAzNTM0MzAzMDMwNTU1QTAwMzEzMjMwMzUz
MjMxMzAzNTM0MzAyQzU0NDE0MjMwMzAzMDMwMzAyQzJEMzAzNTMxMkUzMTJD
MkMzMTMyMkUzNDMyMkMzNDJFMzAyQzMzMzYzMDMwMkMzNjMwMkMzNjMwMkMz
MTJDMzAzMDM1MzczMDJDMzMyRTM0MzIyQzMxMkUzMjM2MkMzNjMzMkMzMDJD
MzAyRTMxMzczMjJDMkIzMDMwMkUzMDBEMEFCNjEwRDdCRTg4MEI3RjAwNjcw
MjNBMDAwMDU3MzIzMDMxMzIzMDM1MzIzMTMwMzUzNDMwMzAzMEZGNEQwMDAw
ODBGQjQ0MDA0MDAyNDQwMEYwNTI0NzAwMDBERTQyQ0EzNzg1M0ZEMjJCRTg0
MDc0MjUyNTQwMDg1MUQwM0ZGMUY2MEE0MTM0NDVGRTNGRDdGNzA4NDExOUIz
RUI0MDY1MjEwQjQxMzMyRDBENDFGNDgxREEzRjcwODY5MzQzMkY4NTAyNDIy
NzFEMDIzQ0Q0MUI5Mjg3MTYxRDdGMDI2NjAyM0EwMDAwNEI1NjQ4MjAzNzMy
MzAzMTMyMzAzNTMyMzEzMDM1MzQzMDMwMzAyRjAwMDAwMDk5OTk5OTNEMEFE
N0EzM0I3MTg2OTM0MzJDODUwMjQyQzI5MDhBNDMyQzA4MkQ0MjQxRDk4QzQz
OTk3NTFFNDIwNENBOTE0MzQxQzVGNzQxRTk5NDkxNDNGNzY2RDI0MUI2N0M5
MjQzRkJEOURCNDFFRTI5OTU0M0M0NkZERjQxQjIzQzk3NDM1OEU0Q0Q0MTI5
MkQ5NzQzREVEMUQyNDE0MURBOTU0MzgwOEVDRjQxRTEzNTk2NDM3MUYxQzc0
MUY0MDU5QTQzRjREREU1NDFBMEQ5OUI0M0MzMUQwQzQyNjgzNDk2NDNBOEM5
MTM0MkFDNDg5NjQzOUZEQjE2NDJGRUY4OTg0MzA3QjcxQzQyQzkyQzk3NDNG
OEE0MzA0MjYwQjE5MjQzREE3QzQyNDIyRDk0OTI0M0Q5MzgzRTQyQjI5OTky
NDM0M0NEM0E0MjJGMjg5MzQzRTNFRTRENDI2NUM5OTQ0M0E2MDQ1QTQyRDBG
Mzg4NDNDNkQzNEE0MkY0RTY4MDQzM0IwRjNDNDIxRUUwN0M0M0EwOEI0QjQy
OUE4Nzg1NDNFMTgzNEM0MkMxNzc4OTQzNjU1NDNDNDIwMkMxODc0MzQ3MjY0
MDQyOUU3OTg3NDMyNUIwNDg0MjdFRjQ4OTQzQ0EwMTRDNDIyMzU4ODg0M0Y2
REU1NDQyRjBCRjdENDM0RTI2NTI0MjE1QTg3QzQzMTQ4OTU1NDIxQjdGODU0
MzBDNjA1RTQyQjAzQjhCNDMxOTk3NUQ0Mjk4Qzg4NTQzRTFERTY4NDI5NEZB
NzE0MzI0QjA3QTQyOTM2OTYzNDM3RTE0N0I0MjlDMzM2NDQzQkExQTc4NDJC
OUQ0NTk0MzY0NEE3MDQyNTk1QjU2NDMzQzI5NkE0MkY0RjE2MjQzRDBCMTZC
NDIwN0U0NjI0M0JEQzE3NTQyNkJDRDRBNDM0NjA4ODY0MjRGMzE0ODQzMzMy
Nzg3NDIzNTE0NTg0M0E5N0Y4MDQyNDA1MDYxNDMzODZFODQ0MjU4QUQ1ODQz
N0I1QzdDNDJBQTg0QjEzRTdDMDIwNjNGRkI2QzMzM0YwRTUzMjE0MEE4OTAz
NzQwQzRFOTAxNDA0QjEzMjc0MDg2Qjg2MzQwRjU5NDgyNDAwMTAxODE0MDhD
MThFMTNGQUNFRjUxM0YxRUVCOTQzRjgzQUU4QTNGQjg4NjZFM0YwODQ1MjQz
RjQ4MzNGMjNFRDFERUVBM0U0QzRDMUMzRkI4RTFDOTNFN0Q5OTZGM0U4QzY3
OTQzRThGNjNDOTNFOTNDQkEwM0VBRkUwODIzRTZBNDlGQzNFM0YwMThDM0U3
QjQyODQzRTMxQkQ5MTNFOEQ0MjVEM0U5RDU1NkEzRTQxOEIzRDNFOTkwREND
M0Q4QTAxQUIzRDY4QkFBMTNEODRBODJBM0RGQTRDMDkzRDEwMjIzMzNERkJC
QTQzM0Q5NENCM0EzRDREN0U1RTNERUJCMzNEM0RCQkI5NEEzREI5OEUyQzNE
MEUyNzRDM0RCMUFCNDAzREYxQUMxOTNENw==

--SBD.Boundary.605592468
PROCESS /noc/users/iridburst/exec/irid_300224010734970_upd.pl
Last Run  ----1970-01-01 00:00:00 
MONTH  5 
DATA  xxrecord 2012-05-21 06:00:05 :: $W5M5A,120521,060005,660d0028449ce246,1,DAS 2,4901.6700N,1621.6613W,11.0,199,13.2,14.2,12.5,91.6,11.2,12.5,91.8,11.2,1007.5,1.63,2.58,8.7,295,33*68
 
INSERT
STATION sbdservice
IRID_ID 300224010734970
BODY 
Content-Type: application/x-zip-compressed; name="SBMmessage.sbd"
Content-Disposition: attachment; filename="300224010734970_003450.sbd"
Content-Transfer-Encoding: base64

JFc1TTVBLDEyMDUyMSwwNzAwMDUsNjYwZDAwMjg0NDljZTI0NiwxLERBUyAy
LDQ5MDEuNjk0Mk4sMTYyMS42OTc4VywxMy41LDE5MywxNi45LDE0LjEsMTIu
Myw5Mi4xLDExLjEsMTIuNCw5Mi4zLDExLjEsMTAwNy4yLDEuNywyLjQ0LDku
NSwyOTUsMjgqNTkNCg0KJFc1TTVBLDEyMDUyMSwwNzAwMDUsNjYwZDAwMjg0
NDljZTI0NiwyLERBUyAyLDEyLjksMTMuMCwwLjIsMC40LDAuMDEsMTE0Nywx
MTU3LDE1Niw2MjgsMCwzNTIuMSwxNS40NCw5MjQqNkINCg0KJFc1TTVBLDEy
MDUyMSwwNzAwMDUsNjYwZDAwMjg0NDljZTI0NiwzLDdGMDA3NDAyM0EwMDAw
NTMzMjMwMzEzMjMwMzUzMjMxMzAzNjM0MzAzMDMwNTU1QTAwMzEzMjMwMzUz
MjMxMzAzNjM0MzAyQzU0NDE0MjMwMzAzMDMwMzAyQzJEMzAzNTMxMkUzMTJD
MkMzMTMyMkUzNDMyMkMzNDJFMzAyQzMzMzYzMDMwMkMzNjMwMkMzNjMwMkMz
MTJDMzAzMDM1MzczMDJDMzMyRTM0MzIyQzMxMkUzMjM2MkMzNjM0MkMzMDJD
MzAyRTMxMzczMjJDMkIzMDMwMkUzMDBEMEFCODEwOERDRDg0MDU3RjAwNjcw
MjNBMDAwMDU3MzIzMDMxMzIzMDM1MzIzMTMwMzYzNDMwMzAzMEZGNEQwMDAw
ODBGQjQ0MDA0MDAyNDQwMDAwN0E0NzAwMDBEQzQyMTRGODhBM0ZCM0NDRTk0
MEUwMUQxQzQwQ0YyQURBM0ZBQUY4MDY0MUZCN0QwNzQwQzNBODBGNDFCMTkz
RTc0MDg2NjExODQxNDI0QzEyNDE3NEVBRTAzRjkzQkE5MzQzMTJGOUUwNDFE
M0RBMEIzQzA3MjAzREIwMkY4NTdGMDI2NjAyM0EwMDAwNEI1NjQ4MjAzNzMy
MzAzMTMyMzAzNTMyMzEzMDM2MzQzMDMwMzAyRjAwMDAwMDBBRDdBMzNEMEFE
N0EzM0I5NEJBOTM0MzBDRjlFMDQxM0I4MTkxNDMyMUZDREU0MUMxRDg5MTQz
NDk5Rjk1NDE0NUI1OTI0MzYwODZCNzQxM0NCRTkyNDNFRDFBQ0Q0MUE0RkE5
MzQzNjgwRkI3NDFBOUYwOTU0Mzc4RDBBOTQxRjg4MTk2NDMxQjUzQTg0MUFE
NjY5NjQzRjUyMEFFNDE5RTBBOTc0M0U4MzNCMjQxNEE3Njk3NDNGRDkwQjY0
MTVDMkY5OTQzNUJGRUNCNDE1MjhBOUE0MzAwQzZGQzQxNjU1RTk2NDMwMTMz
MTM0MkQ1MzE5NTQzMUQ4NjBCNDI1NDhGOTc0M0I3N0EwMTQyMUFBMDk0NDMw
RkNCMDk0MjgyRkQ4RjQzOTRCMjEzNDI0QUIxOEU0MzJEREExQzQyNzY5MjhE
NDM5NjEwMzI0MjlDMjY4RDQzNTRBNzQwNDI5NUEwOEQ0MzNCRTYzNzQyNkE2
MThBNDNCQjVCMkI0MjlEQjA4OTQzOTk0QTM5NDI3Njg3OEU0Mzk1MzY1ODQy
MUEyRThDNDNBNjJFNjI0MkUyMDU4MjQzMDBBQjUyNDI2MzVCODA0M0M1ODAz
QTQyQTc5ODdFNDM3NDVBMzc0MjM4NkM3ODQzMjRCQjVGNDIwM0E1ODE0MzI2
RTI4MTQyMjIyODdDNDMxN0YwODM0MjRBRjQ3NTQzODUyRThDNDI4NDQ0ODI0
M0RCRjc3NzQyRDU1NDgxNDM1NzlBNTA0MjFDRDM3ODQzQjY4MzU4NDIwNjE1
NzE0M0MxNzE2NjQyMTAyNzY5NDMwMUFCNkQ0MjhCQjc2OTQzQUM0RTc5NDI1
MkY3ODg0MzA5RDg4MDQyNjQyMDg4NDM1MzgwN0Q0MjkxQUY4NDQzMTUxNTdG
NDI0NjYyODc0MzZCREM4MzQyQzI1MDg4NDMzQThCOEQ0MjFBRkM4MzQzMUVG
MDkyNDI4RkE3NzQ0M0FCOTY5QTQyMEEzMDBDNDMyMjFDOTg0MjM2REYwQjQz
OEJFRTk4NDJFNjMwMDkzRjA4MTBBMjNGNzBGN0JGM0Y5NUU5OEYzRjhEM0U2
RjQwNkRDNTdCNDA1NUM1NjM0MDc5NjM3MTQwRkM1QTRCNDBFQTE2MjA0MEZG
MTIxNTQwNTJDMDg3M0YzNDVFMjAzRjY2NjIxNjNGN0Q3QThEM0Y2QkRBNjcz
RkRBNjUxRDNGMThCQzIxM0ZGMTRCRDAzRTlFQzFBOTNFRDNFMjZBM0VBMTkw
QjYzRUUyQjUwMjNGMDU3Njk4M0U3OUFFNjczRUMxNjY5NjNFN0Q2QkFCM0VF
MEM2RDUzRUUzRDkyMzNFQzgwMUExM0Q4QkM0RTUzRDRGNzRCRjNEODRENjg4
M0Q2NThGRjUzREIwQzE0NzNFQjM4NUZBM0Q4MjgzQUMzRDc0NDg0OTNEMUI3
RjMzM0RGQ0E2N0YzRDY0NDc4ODNEN0ZDQTJGM0Q0RDY3NDEzRDM5QTUyRDNE
REQ4QzZGM0RDRjBBNjIzRDg4RDA2NDNEMQ==

--SBD.Boundary.605592468
PROCESS /noc/users/iridburst/exec/irid_300224010734970_upd.pl
Last Run  ----1970-01-01 00:00:00 
MONTH  5 
DATA  xxrecord 2012-05-21 07:00:05 :: $W5M5A,120521,070005,660d0028449ce246,1,DAS 2,4901.6942N,1621.6978W,13.5,193,16.9,14.1,12.3,92.1,11.1,12.4,92.3,11.1,1007.2,1.7,2.44,9.5,295,28*59
 
INSERT
STATION sbdservice
IRID_ID 300224010734970
BODY 
Content-Type: application/x-zip-compressed; name="SBMmessage.sbd"
Content-Disposition: attachment; filename="300224010734970_003451.sbd"
Content-Transfer-Encoding: base64

JFc1TTVBLDEyMDUyMSwwODAwMDUsNjYwZDAwMjg0NDljZTI0NiwxLERBUyAy
LDQ5MDEuNjk4M04sMTYyMS42OTQ0VywxNi4yLDE4MiwxOS40LDE0LjEsMTIu
Nyw5Mi4wLDExLjQsMTIuNyw5Mi4zLDExLjUsMTAwNi45LDEuNjEsMi4zOCw5
LjEsMzAyLDMyKjYyDQoNCiRXNU01QSwxMjA1MjEsMDgwMDA1LDY2MGQwMDI4
NDQ5Y2UyNDYsMixEQVMgMiwxMi45LDEzLjEsMC4yLDAuNCwwLjAxLDExNDgs
MTE1OCwxNTYsNjI4LDAsMTMzLjgsMTUuNDQsOTI1KjY4DQoNCiRXNU01QSwx
MjA1MjEsMDgwMDA1LDY2MGQwMDI4NDQ5Y2UyNDYsMyw3RjAwNzQwMjNBMDAw
MDUzMzIzMDMxMzIzMDM1MzIzMTMwMzczNDMwMzAzMDU1NUEwMDMxMzIzMDM1
MzIzMTMwMzczNDMwMkM1NDQxNDIzMDMwMzAzMDMwMkMyRDMwMzUzMTJFMzEy
QzJDMzEzMjJFMzQzNDJDMzQyRTMwMkMzMzM2MzAzMDJDMzYzMDJDMzYzMDJD
MzEyQzMwMzAzNTM3MzAyQzMzMkUzNDMyMkMzMTJFMzIzNjJDMzYzNTJDMzAy
QzMwMkUzMTM3MzIyQzJCMzAzMDJFMzAwRDBBQkMxMDg4MEZGMjgwN0YwMDY3
MDIzQTAwMDA1NzMyMzAzMTMyMzAzNTMyMzEzMDM3MzQzMDMwMzBGRjREMDAw
MDgwRkI0NDAwNDAwMjQ0MDA4ODkwNDcwMDAwRTY0Mjk1MUQ4MjNGRTUzOUUw
NDA2ODRGMTg0MDJERkFDRDNGODc4OTA3NDE0REE3MDA0MEE1MUEwQzQxM0U0
OEUzNDA1RDc0MTE0MThCRkQxMTQxNDhGN0Q4M0Y4REM1OTY0MzA0RDNGQzQx
RTJFNkZGM0JFMDFFRTI1OEJDQjU3RjAyQUUwMjNBMDAwMDRCNTY0ODIwMzcz
MjMwMzEzMjMwMzUzMjMxMzAzNzM0MzAzMDMwMzUwMDAwMDA5OTk5OTkzRDBB
RDdBMzNCOEVDNTk2NDMwN0QzRkM0MUFBNDg5MDQzQTc1NTUxNDI1NDMzOTM0
MzlDRjQyNjQyOUFBRTk0NDM2MTBFRjE0MTY2MzI5NDQzNTNBNURDNDEwQ0Y3
OTQ0MzYxQ0NEMzQxRUE3Rjk4NDNEMkYzQkU0MTE2RUI5QTQzRTI2Q0E5NDFC
MTJEOUM0M0RCMERBQTQxQjFCQzlDNDM4NTU4QjQ0MTkwN0I5ODQzRDdGNERE
NDE4Mjk5OTc0MzU5MzZGNzQxRjFBNDlBNDM3QTQ0RkQ0MUFCMTQ5OTQzQjc5
RTA3NDI5MUFCOTc0MzlFNjIxMTQyQzEzNzk4NDNGMEM4MTE0MkUwOUM5NTQz
NTY1NzE3NDIzODU1OTM0MzQzQjgyMjQyRkVBQTkxNDM0NDMxMzI0MjAyMUQ5
MjQzMjVENjQ2NDJFRkIyOTU0MzU5Mzk0QTQyRjZEMjkwNDM0OTI2NDk0MjBE
QTk4NjQzRkQ5ODM5NDIwNEM5ODY0Mzk1NEI0NjQyMzg5Mzg5NDMyQjhGNTg0
MkNBQjA4ODQzQ0IyMDU2NDI0MkU4ODU0MzQyQzE1NDQyRDdDRDg1NDNGQzBC
NDY0MkE3MUY4QTQzMjJDMTQ3NDJCMkZCODk0MzNEQUU1NzQyNkM2RDg5NDMz
MTUzNTQ0MjExRTY4RTQzMDNGODQ1NDJBMDRDOEY0M0Q1OEM2MDQyREM0OTdE
NDMzMzFBN0E0MkFFMjU2RDQzNjZGMjZBNDIwQTZENUI0M0EzMTE1MzQyRjhF
RjVGNDMyMTJBNjE0MkUyNzY3QjQzNzc3OTdCNDJCRTg2N0E0MzQ0NTY4MDQy
QzgyRjZCNDMwNEZEODE0MkI2MjQ2ODQzMUVFMDc4NDJENTQ1NUM0M0Y1MDE3
QTQyMUMyODYxNDM0RUY4ODM0MjIzMzc4MTQzRTg2Njg0NDI2RTM4ODU0M0ND
RjY4NjQyMzBGOTY5NDMyNEY3ODg0MjlDMjI1RTQzOUIxRjhBNDJERkFENkM0
M0U1QzI5QzQyMjMwQzkxNDI3NkJEOUE0MkZGQzdFNDQyNTYyOTlDNDIwMjc2
MzU0MjAzMUM5QzQyMjU3NEFGNDMwMzJFOTE0MkQxQkNBNzQzNzBFMzg3NDJF
NkEyMkQ0MTE0Mjg5MzQyQkI2NzhGM0VFQTQ3QjgzRTZCODU4MTNGQUFEMkVF
M0Y2MDVCREQzRkJCMjRGMjNGRDI3QTdENDA3NUY5QUU0MDA3MDQ1RDQwMDI0
MTkzM0YyOTgwRTAzRjRENjFDQTNGNUI2NUJGM0ZGNTkyMzgzRjRFRTk4NDNG
QzM0MDgyM0YxQ0E3MzgzRkEyMTRENDNFNzE5MDkzM0UxQjY5MUIzRjUxMEU4
NzNFQTAwNzA1M0ZEQUE2QTQzRUU5NkE4QzNFNjdDRUI0M0UzQ0E5OTYzRTE1
Qjk0QjNFNkVCMzNEM0U0OTc0NkEzRThCODA2RjNFRkZDMjMzM0U5RjY0ODYz
RDcwOUZDQjNERDgzREY2M0QyQ0MxMzUzRQ==

--SBD.Boundary.605592468
PROCESS /noc/users/iridburst/exec/irid_300224010734970_upd.pl
Last Run  ----1970-01-01 00:00:00 
MONTH  5 
DATA  xxrecord 2012-05-21 08:00:05 :: $W5M5A,120521,080005,660d0028449ce246,1,DAS 2,4901.6983N,1621.6944W,16.2,182,19.4,14.1,12.7,92.0,11.4,12.7,92.3,11.5,1006.9,1.61,2.38,9.1,302,32*62
 
INSERT
STATION sbdservice
IRID_ID 300224010734970
BODY 
Content-Type: application/x-zip-compressed; name="SBMmessage.sbd"
Content-Disposition: attachment; filename="300224010734970_003452.sbd"
Content-Transfer-Encoding: base64

JFc1TTVBLDEyMDUyMSwwOTAwMDUsNjYwZDAwMjg0NDljZTI0NiwxLERBUyAy
LDQ5MDEuNjg3Nk4sMTYyMS42NTIyVywxOC4wLDE5MSwyMi4xLDE0LjAsMTMu
MCw5NC4zLDEyLjEsMTMuMCw5NC45LDEyLjIsMTAwNi40LDEuNDYsMi4zNyw4
LDI5MSwzOSo3NA0KDQokVzVNNUEsMTIwNTIxLDA5MDAwNSw2NjBkMDAyODQ0
OWNlMjQ2LDIsREFTIDIsMTIuOSwxMy4xLDAuMiwwLjQsMC4wMSwxMTQ5LDEx
NTksMTU2LDYyOSwwLDM0NC4yLDE1LjQ0LDkyNCo2MQ0KDQokVzVNNUEsMTIw
NTIxLDA5MDAwNSw2NjBkMDAyODQ0OWNlMjQ2LDMsN0YwMDc0MDIzQTAwMDA1
MzMyMzAzMTMyMzAzNTMyMzEzMDM4MzQzMDMwMzA1NTVBMDAzMTMyMzAzNTMy
MzEzMDM4MzQzMDJDNTQ0MTQyMzAzMDMwMzAzMDJDMkQzMDM1MzEyRTMxMkMy
QzMxMzIyRTM0MzQyQzM0MkUzMDJDMzMzNjMwMzAyQzM2MzAyQzM2MzAyQzMx
MkMzMDMwMzUzNzMwMkMzMzJFMzQzMjJDMzEyRTMyMzYyQzM2MzYyQzMwMkMz
MDJFMzEzNzMyMkMyQjMwMzAyRTMwMEQwQUJFMTBDMTA4MUQ4RjdGMDA2NzAy
M0EwMDAwNTczMjMwMzEzMjMwMzUzMjMxMzAzODM0MzAzMDMwRkY0RDAwMDA4
MEZCNDQwMDQwMDI0NDAwMTBBNDQ3MDAwMEY4NDJFRDZCNzMzRkI4QTlDRDQw
QjBDRTE3NDBDQ0UwQkEzRkUyNkQwNDQxMEJENkUxM0ZDMTg1RUY0MEZFRDlD
NTQwMDAwMDAwNDEyNTExMEU0MTQ0MUJDODNGOTI4RTkxNDNBOEY5MUI0MjhG
OTRCQjNCRDUxRkZENkJFQzIxN0YwMzNFMDIzQTAwMDA0QjU2NDgyMDM3MzIz
MDMxMzIzMDM1MzIzMTMwMzgzNDMwMzAzMDQxMDAwMDAwMjk1QzBGM0QwQUQ3
QTMzQjkzOEU5MTQzQTdGOTFCNDJBQjFBMjE0MjBEMzU5MzQyRTY0N0IwNDFC
NkRCOUY0MjU3Q0M3MjQxRTZFMjlBNDI1MjBDRjQ0MUNBNUY4NTQyQ0REOTAz
NDI4MkFDN0M0MjU4OURFQTQwNzAxMDk2NDJCQzJEOTQ0Mzc1MDU5NzQyODJF
NTg5NDMzMTQ0OTM0MjEyRDk4OTQzNDlCNDZENDJFQjU5OTU0M0REOEEwOTQy
MDFGMTk4NDNFQkQ2QzA0MUIyRDg5OTQzQTlFQURDNDFEREI0OUE0Mzg2RUUx
NjQyRjBFODk2NDMwOEU0MkM0MjZBQzI5MDQzNzU0QTE1NDI0RkVBOTE0MzIx
QjFGNzQxOTA1Mjk0NDNFMTNERjM0MUMzRTg5MjQzNEYxQkUwNDExQzk2OTI0
MzBGN0NDNTQxREFFNjkzNDNDQUVGQzU0MTM2RjI5NjQzQTAxRDBDNDJCMDFG
OUU0MzQ5NUUzMjQyNzA5OTk5NDNCMTFBMkQ0MkUxNjk4RDQzQ0U3MjFENDI5
MzgyODg0MzhCNDEyMjQyRDJCNzhBNDM2N0YxMkQ0MkVGMDM4QjQzQzZCMDJF
NDI4MzZDOEE0MzUyRDQzMjQyNUE4QThCNDM1NzhEM0Y0MjM4NDc4QTQzRDkx
OTRENDI0MjQxOEE0MzAyQkM0MDQyQUY1RThDNDNBREU4MzE0MkM0RUI4RTQz
RkEyRjQwNDI3NEIwOEQ0MzFCNEU2NTQyQjg3RDkxNDMwRTIyN0E0MjcyNEI4
NTQzNENBRTgzNDJGQzVFNjk0M0ZBOEQ2OTQyQzlGODdCNDNGMURDNjA0Mjkw
Qjk4QjQzNzE5QjUwNDJDNjQ3OEM0MzFCRTM0QzQyRkEzNzg0NDMwNkI2NjI0
MkFEOUU2MTQzNzI4Qzc3NDJEMTc0NTc0M0Q4QUI3NzQyQjIzMzdDNDMyQzEz
N0Y0Mjc2QTc4NzQzNzczMDZFNDIxQUU3ODI0MzlEQjA3QzQyMEM0ODg0NDNG
RjcxN0I0MkU5RjU4NTQzMTY3MTcxNDI1NjE1ODM0M0IzRkM3ODQyMDQxQTc1
NDM4NDQyN0Y0MjgzMjA2MTQzOTZCRTg1NDIzQkEwNTM0MzQ5RkM4QTQyOEQ0
RTNBNDMxMEQ3OEE0MkJBRDIzNTQzQ0UwQTkwNDI0N0NBNjI0MzM1NzE5QTQy
QzMwRTI5NDM3RUNGOUM0MkE1N0E4RjQzNTNFNTlFNDJERjdEOUE0M0EzOEM5
MDQyNTQyREE0NDM5QTdBOTQ0MjEyOTlCQTQyQjkwNjhFNDIwRURFOUY0MkVG
MUE4RDQyRTAxMDE1NDJDRjFCOTM0MkIxNjQ3QzQxQzZEMjk0NDI1NEEzODQ0
Mjk3Q0I5MzQyOTNDQ0JDNDI2OTM5ODE0MjQyNTNBNDNERjg4NTkxM0MwNDVD
MEYzQzFDRkY5QzNCNjhENTAzM0M3OTVCMTAzQzI2QkREMDNDNUY5MTQwM0Q4
RkM0NTIzRTQwMkExMzNGREZGQUVGM0ZDOQ==

--SBD.Boundary.605592468
PROCESS /noc/users/iridburst/exec/irid_300224010734970_upd.pl
Last Run  ----1970-01-01 00:00:00 
MONTH  5 
DATA  xxrecord 2012-05-21 09:00:05 :: $W5M5A,120521,090005,660d0028449ce246,1,DAS 2,4901.6876N,1621.6522W,18.0,191,22.1,14.0,13.0,94.3,12.1,13.0,94.9,12.2,1006.4,1.46,2.37,8,291,39*74
 
INSERT
STATION sbdservice
IRID_ID 300224010734970
BODY 
Content-Type: application/x-zip-compressed; name="SBMmessage.sbd"
Content-Disposition: attachment; filename="300224010734970_003453.sbd"
Content-Transfer-Encoding: base64

JFc1TTVBLDEyMDUyMSwxMDAwMDUsNjYwZDAwMjg0NDljZTI0NiwxLERBUyAy
LDQ5MDEuNjY5OE4sMTYyMS42MDU2VywxOS4yLDE5MiwyMy4zLDE0LjAsMTMu
Miw5NS44LDEyLjUsMTMuMiw5Ni4zLDEyLjYsMTAwNS42LDEuNDYsMi4yNiw5
LjUsMjg5LDM4KjY2DQoNCiRXNU01QSwxMjA1MjEsMTAwMDA1LDY2MGQwMDI4
NDQ5Y2UyNDYsMixEQVMgMiwxMy4wLDEzLjEsMC4yLDAuNCwwLjAxLDExNTAs
MTE2MCwxNTYsNjI4LDAsMzQ3LjgsMTUuNDQsOTI3KjY4DQoNCiRXNU01QSwx
MjA1MjEsMTAwMDA1LDY2MGQwMDI4NDQ5Y2UyNDYsMyw3RjAwNzQwMjNBMDAw
MDUzMzIzMDMxMzIzMDM1MzIzMTMwMzkzNDMwMzAzMDU1NUEwMDMxMzIzMDM1
MzIzMTMwMzkzNDMwMkM1NDQxNDIzMDMwMzAzMDMwMkMyRDMwMzUzMTJFMzEy
QzJDMzEzMjJFMzUzMTJDMzQyRTMwMkMzMzM2MzAzMDJDMzYzMDJDMzYzMDJD
MzEyQzMwMzAzNTM3MzAyQzMzMkUzNDMyMkMzMTJFMzIzNjJDMzYzNzJDMzAy
QzMwMkUzMTM3MzEyQzJCMzAzMDJFMzAwRDBBQkQxMDY5Rjg1RDJCN0YwMDY3
MDIzQTAwMDA1NzMyMzAzMTMyMzAzNTMyMzEzMDM5MzQzMDMwMzBGRjREMDAw
MDgwRkI0NDAwNDAwMjQ0MDA5OEI3NDcwMDAwRkU0MkUzNzM3ODNGMEZBQkM5
NDA3NkIxMTA0MEZFQ0VCQTNGNEJCMzAwNDE2QkQyREIzRjFDNDcwODQxMTJG
NEJGNDA4NjYxMTg0MUJEOUExNzQxREVGNkM2M0YyRTZCOTA0MzY3RjcxODQy
NkRBNkQzM0JDNzFGREQ0MzRBMTE3RjAyQzYwMjNBMDAwMDRCNTY0ODIwMzcz
MjMwMzEzMjMwMzUzMjMxMzAzOTM0MzAzMDMwMzcwMDAwMDA5OTk5OTkzRDBB
RDdBMzNCMzA2QjkwNDM2OEY3MTg0MkVDQ0M5QTQzQ0RDQjM5NDJGNjBGOUI0
Mzc0MTgwRTQyRkIzMTlBNDM2RTc2Q0Y0MTYyMkE5QTQzOENDOEM5NDE1RTQy
OTg0M0FGMzFDODQxMUFFNjk2NDNDMDBDQ0I0MTVBQTU5NjQzMDBBMUQyNDEy
MTQyOTQ0MzgwMkZFOTQxQ0E4NzkzNDM1Q0NBMDQ0MkI4MEU5NjQzOTRFRUVC
NDFDNUY5OTQ0MzZBMkZDRDQxMzFGNDkxNDMxNkQyRjQ0MUE2NzA4RTQzNDE3
ODJDNDI4QjZGOEU0M0UxQTg0OTQyRjlEODk2NDM5OUNCNEQ0MjEwQzM5QjQz
N0U3RDM1NDJGQjlFOUI0MzMzQzAzMDQyMjU0RDk3NDM1NkI4Mjg0MkYwRTU5
MDQzMjM1MjI1NDIyOEEwOTQ0MzlENTkzQzQyNjhDRDlFNDMwRTRCMzQ0MjM4
N0U5NjQzREE3NDQ1NDJCMDgxOEQ0M0JGNTc0ODQyNDY2RTg5NDNGMzg3NTU0
MjJBN0E4MjQzMTdCMTZDNDIzQURCODE0MzAxODA2MjQyQUFBNTg3NDMxRjlB
NEQ0Mjk5NzM4NTQzOTNERTQzNDJFODlBODM0MzdGQTk0NTQyMjIyRjgzNDM2
OTU1NTc0MkM3QTU3OTQzNUUxNTVBNDI4MDJCNjg0MzU5OEQ1NzQyNjRENjU3
NDNBN0UwNTg0MkJBQkI0QzQzQzdDRDUzNDI3MTAzNDc0MzI2RjU1NjQyMkFC
NjUxNDM4MEVCNjM0Mjc1ODE1NTQzMTY4MTZFNDI0QjlGNTM0MzhGNTA2ODQy
N0JEODRDNDM3NkIxNUY0MkE0Q0QzRDQzMDY1ODY2NDJDMDgyM0I0MzMwMjY3
MjQyQUYzRDU1NDM3NEFDN0Y0MjMwN0Q1NzQzQ0U2OTg0NDI4OTU4NDU0MzU5
RDE4QzQyNUJDRDM0NDM3QjI4OEY0Mjg0NkUyNzQzMjc0ODhCNDI5OTM2Mjg0
MzFCQkQ5MjQyNUZFODRFNDNCMUI2QTA0MjU3NjYxQTQwREVDMTlDNDIyNjkw
OUM0MUM1NDY5OTQyNjgxNUU4NDEwNzMwOTk0Mjg5MzVCNzQyRjM1OTk2NDJC
NDVDRTQ0MjUwOTY4RjQyOTIwRjAzNDM1QzlCOTc0MjNBMDQxNzQyNERCNDkx
NDI4NjNCMDkzRTgyNUNBQjNFRDg4MzQxM0ZBQUYxQTkzRjU1MzlERjNGQjc2
MjIzNDBGQjMxNDY0MEYxNzYxNzQwOTAyN0EwM0ZDMjc4RTYzRkJFQzZERjNG
OTYyOTREM0Y1MzJFNEYzRkZEQTExQjNGOTU2OURFM0U3QjE5OTczRUE0MzhD
RTNFRTUxNDIxM0ZGRTE5MEIzRjkxNjk1MDNFNUREMTZBM0VCNjUyQ0QzRUQx
NkUwODNGNTM0QUE0M0UzM0I2MzUzRTdGQjgxQTNFODIwRTU0M0U0RkI2QUIz
RTI5MUFBRjNFRUIwOTlBM0UzMjRCN0YzRQ==

--SBD.Boundary.605592468
PROCESS /noc/users/iridburst/exec/irid_300224010734970_upd.pl
Last Run  ----1970-01-01 00:00:00 
MONTH  5 
DATA  xxrecord 2012-05-21 10:00:05 :: $W5M5A,120521,100005,660d0028449ce246,1,DAS 2,4901.6698N,1621.6056W,19.2,192,23.3,14.0,13.2,95.8,12.5,13.2,96.3,12.6,1005.6,1.46,2.26,9.5,289,38*66
 
INSERT
STATION sbdservice
IRID_ID 300224010734970
BODY 
Content-Type: application/x-zip-compressed; name="SBMmessage.sbd"
Content-Disposition: attachment; filename="300224010734970_003454.sbd"
Content-Transfer-Encoding: base64

JFc1TTVBLDEyMDUyMSwxMTAwMDUsNjYwZDAwMjg0NDljZTI0NiwxLERBUyAy
LDQ5MDEuNjQ5NU4sMTYyMS41MzUwVywxOS42LDIxNCwyNC4wLDE0LjAsMTMu
Myw5Ni4zLDEyLjcsMTMuMyw5Ni43LDEyLjgsMTAwNS4zLDEuNTksMi42Niwx
MC41LDI3OCwzOCo1QQ0KDQokVzVNNUEsMTIwNTIxLDExMDAwNSw2NjBkMDAy
ODQ0OWNlMjQ2LDIsREFTIDIsMTMuMCwxMy4yLDAuMiwwLjQsMC4wMSwxMTUx
LDExNjEsMTU2LDYyOSwwLDQ3LjksMTUuODQsOTIzKjUxDQoNCiRXNU01QSwx
MjA1MjEsMTEwMDA1LDY2MGQwMDI4NDQ5Y2UyNDYsMyw3RjAwNzQwMjNBMDAw
MDUzMzIzMDMxMzIzMDM1MzIzMTMxMzAzNDMwMzAzMDU1NUEwMDMxMzIzMDM1
MzIzMTMxMzAzNDMwMkM1NDQxNDIzMDMwMzAzMDMwMkMyRDMwMzUzMTJFMzEy
QzJDMzEzMjJFMzUzODJDMzQyRTMwMkMzMzM2MzAzMDJDMzYzMDJDMzYzMDJD
MzEyQzMwMzAzNTM3MzAyQzMzMkUzNDMyMkMzMTJFMzIzNjJDMzYzODJDMzAy
QzMwMkUzMTM3MzEyQzJCMzAzMDJFMzAwRDBBQkQxMDZGNDRGMDc2N0YwMDY3
MDIzQTAwMDA1NzMyMzAzMTMyMzAzNTMyMzEzMTMwMzQzMDMwMzBGRjREMDAw
MDgwRkI0NDAwNDAwMjQ0MDAyMENCNDcwMDAwMEE0M0VBMkU4NTNGQkE3M0I5
NDBDNTFCMkE0MDVERjVDQjNGMTlFMEZENDA4N0UxRkMzRjk2RDRGRjQwQjQ1
QkJCNDBDQTZCMjg0MUJCMzIyNzQxN0RBMURGM0Y1NEQxOEE0MzU5NkQxNjQy
RTVEQjA2M0M4NTIwM0FFMDkxODc3RjAyQkEwMjNBMDAwMDRCNTY0ODIwMzcz
MjMwMzEzMjMwMzUzMjMxMzEzMDM0MzAzMDMwMzYwMDAwMDAwQUQ3QTMzRDBB
RDdBMzNCNTVEMThBNDM1NTZEMTY0MjU0OTQ5MjQzMjFDQjFENDI2NEVBOTE0
M0E5QTZFODQxOUMxMzk1NDNDREI5Q0Q0MTVDQkY5NjQzQkE3NEIzNDE5Nzg1
OTY0MzI3M0JDNTQxQTI5Mjk2NDMwNjhDRDk0MUY5MTY5OTQzNEE1OUQ5NDE1
Qjg2OUE0M0IyRjJFMzQxOTM0OTk2NDMzMkQwRjk0MTU4MDE5NTQzREZGNDBB
NDJDQjVGOTU0MzBERDQwRjQyOENGQTkyNDNFQUFDMTA0MjQzNkQ5MjQzNjJB
RDE5NDJCRjM3OTM0MzFDNjQxRjQyREMxNDkxNDM5RDE0Mjg0MjQwQ0Q4RTQz
MzM1QjM0NDIwNjExOEQ0M0ZDREYzMjQyRkVGMTg1NDMwQjZGM0M0MjMyNjQ4
NTQzRkEyNDRFNDI4ODI5OEM0MzA0NjA1MTQyMjFENzhBNDNDMUQwNTQ0MjlB
Mjc3RDQzN0JGODVBNDIyMjdFNzM0MzFDNTE1MzQyQjE5Mzc0NDNBQ0NGNDY0
MkRDOTE3MDQzNkM3NzQ5NDJDMTY3NkI0M0EyQ0Q0MzQyMDU3NjYzNDMyNzk2
NDM0MjU1NjA2MDQzREE0QzUzNDI2RkNGNUE0MzlGNDc1MTQyMjNGNDRDNDMy
M0U0MzE0MjQ5NkQ0RDQzNUI3MzMyNDI2NTIyNTY0MzA1RDI0MTQyMTE1NzU4
NDM5OUQ1NDY0MjU5QjUzRjQzNDk4RjQ2NDJFODY0MzM0M0RFMDY0NDQyOThD
NTRDNDM4N0FENUQ0MjRDNkY2MTQzRjM3MTU4NDI2OUUwNEE0MzdFN0Q2MDQy
OUQzMDNBNDNGMkE5NkE0MkZBRDAzNjQzOEFDNTZFNDJFMjk5M0Y0M0FCQjM2
RTQyQjRDQTQzNDM3RUIwNzk0MjVGQzM0MDQzNjMwMjgyNDJFRDlCNDY0M0JF
Q0I4OTQyNDU1MzM4NDM4RDA1OTQ0MkRGMUUwODQzQTI1ODhGNDIzRUFGMjA0
MzdDODM5NDQyQkVFNjVCNDM4QzFDOTU0MjVCOTg2QjQzMTY4Mzk5NDJCRkQ0
QzQ0MUUzQzk5RTQyRDMyMDA3NDJERUJGOTU0MkZBOEY5MjQyMzc4NTk1NDJC
NUMxRkI0MkI0MzM5NjQyQ0Y3Q0YyNDJBQ0ZEOTE0MkZGMjJBRjNFRjRFMEM5
M0Y4NTczREMzRkQxQzRBQTQwOTEzQTQzNDA2RTFDMUE0MEM3NkNGRTNGNjM2
NkE2M0ZDOUUwOEQzRjc4QjAzQjNGQ0Y3NTJDM0ZDRUFCQjUzRjczRkEwNzNG
MjdEMDdGM0ZFRjMyNzgzRkYwRDEwNDNGQUU2N0JBM0U2NzAzODIzRUE2MzFD
QzNFNTE1M0REM0VFQ0E0QkMzRTY0REU4NzNFNzM3NDgzM0VENDIyQjkzRTQ1
QjNFODNFQzMzMEEzM0VFRUNEOTczRTREMzM2MDNFNjY0ODkwM0UxQUQ2QzMz
RTQ2OEE4RDNGNTIwRDdDM0ZFN0Q0MzQzRg==

--SBD.Boundary.605592468
PROCESS /noc/users/iridburst/exec/irid_300224010734970_upd.pl
Last Run  ----1970-01-01 00:00:00 
MONTH  5 
DATA  xxrecord 2012-05-21 11:00:05 :: $W5M5A,120521,110005,660d0028449ce246,1,DAS 2,4901.6495N,1621.5350W,19.6,214,24.0,14.0,13.3,96.3,12.7,13.3,96.7,12.8,1005.3,1.59,2.66,10.5,278,38*5A
 
INSERT
STATION sbdservice
IRID_ID 300224010734970
BODY 
Content-Type: application/x-zip-compressed; name="SBMmessage.sbd"
Content-Disposition: attachment; filename="300224010734970_003455.sbd"
Content-Transfer-Encoding: base64

JFc1TTVBLDEyMDUyMSwxMjAwMDUsNjYwZDAwMjg0NDljZTI0NiwxLERBUyAy
LDQ5MDEuNjE5ME4sMTYyMS40Njc1VywyMC4zLDIxMSwyNC45LDE0LjAsMTMu
Myw5Ni42LDEyLjgsMTMuMyw5Ni45LDEyLjgsMTAwNC44LDEuNzgsMi41Miwx
MC41LDI3MSwzNio1NA0KDQokVzVNNUEsMTIwNTIxLDEyMDAwNSw2NjBkMDAy
ODQ0OWNlMjQ2LDIsREFTIDIsMTMuMiwxMy4zLDAuMiwwLjQsMC4wMSwxMTUy
LDExNjIsMTU2LDYyOSwwLDU3LjgsMTUuODQsOTI3KjU1DQoNCiRXNU01QSwx
MjA1MjEsMTIwMDA1LDY2MGQwMDI4NDQ5Y2UyNDYsMyw3RjAwNzQwMjNBMDAw
MDUzMzIzMDMxMzIzMDM1MzIzMTMxMzEzNDMwMzAzMDU1NUEwMDMxMzIzMDM1
MzIzMTMxMzEzNDMwMkM1NDQxNDIzMDMwMzAzMDMwMkMyRDMwMzUzMTJFMzEy
QzJDMzEzMjJFMzczMTJDMzQyRTMwMkMzMzM2MzAzMDJDMzYzMDJDMzYzMDJD
MzEyQzMwMzAzNTM3MzAyQzMzMkUzNDMyMkMzMTJFMzIzNjJDMzYzOTJDMzAy
QzMwMkUzMTM3MzAyQzJCMzAzMDJFMzAwRDBBQjkxMEI1NDRGOTJDN0YwMDY3
MDIzQTAwMDA1NzMyMzAzMTMyMzAzNTMyMzEzMTMxMzQzMDMwMzBGRjREMDAw
MDgwRkI0NDAwNDAwMjQ0MDBBOERFNDcwMDAwMDk0MzVBMTA5MjNGQjg5REJB
NDBDMTZDMjE0MEQ1MDdFNDNGMDgzOUY0NDAwRjJCMEE0MEFCODEwNjQxMjJD
RkJCNDBDQTZCMjg0MTcxNEMyMDQxQ0ZGREYzM0Y4QjU0ODc0M0E3MDgxMTQy
NkIzRTI0M0M4NzFCQzcwRDgwQTI3RjAyQUUwMjNBMDAwMDRCNTY0ODIwMzcz
MjMwMzEzMjMwMzUzMjMxMzEzMTM0MzAzMDMwMzUwMDAwMDA3QjE0QUUzRDBB
RDdBMzNCOEM1NDg3NDNBODA4MTE0MjcxMTQ5MzQzMzU3REYzNDFCRUE2OTQ0
MzU3RUNDNjQxRkU3MTk0NDNFNzQ5QzM0MUQwRjY5NDQzMTdGRkI4NDE4NkMy
OTU0MzRGQjZDMzQxNUUyRjk1NDM1M0RGREE0MTY1REQ5NTQzQkZCRUQ0NDE3
MkExOTY0MzRFMUVEQjQxRDA2QTkzNDM5QkM3RkY0MTBEQUQ5NDQzQUMwNDEw
NDIxRUNGOTM0MzkwN0IxMTQyNEZDMThGNDNCODQzMEI0MjQ0Nzk4RTQzOTUz
QzFBNDJBNjE0OEY0MzlCNEUyOTQyQkNBNTg4NDNEQzcxMzg0MjJCRUY3RjQz
Rjk3QjNBNDI3MDk3N0I0M0ZDREMzRTQyMzRBNDdFNDMxNUE2NDk0MjM2NTI3
QzQzQzBGRDZBNDJCODgyNjQ0M0JBOEQ3MTQyMkFGNzc1NDNENUE1NDE0MjY0
QjA3NzQzRTJGQTIyNDI1QTIwNkM0M0Q4QjIyRDQyM0EzRjZBNDM0Q0MyMjY0
MkMxQkM2ODQzRTgzNjIwNDI1MDg1NUQ0MzJFMzIyQzQyNTQ0QzUzNDMxQzcw
MzQ0MjI1RTI0QzQzQkUxOTJDNDI0MTdBNTA0M0MyOTkyQzQyNUU0RTVCNDM4
MzAzMzk0MjU5REQ1QTQzMzc4MDNBNDJGRDZDNTM0M0E5MzUzQTQyRUJFQTRB
NDNEODVBM0Y0MjU4MjU0NTQzNERDRjQ2NDJBOUI4NTc0M0I0NjQ1RjQyRDk4
MzY4NDMzOUVGNjU0MjI1NTg1QTQzRkYwNzZBNDJFQUZDNEQ0M0IxOUE2QTQy
RTc2NDRCNDM4QTY0Njk0MkY1QUQ1MzQzNjNBNjZGNDJFN0Y5NTg0MzM5NTk4
MTQyNjFBRDRDNDNGRjFDODQ0MjFCQUI0NTQzNzA0MzgzNDJFRDFENEM0M0Mz
MEQ4QzQyOTVDRTQ5NDNBMzQxOTU0MjI4RjkyMjQzQzcyMDk1NDI5QTFGMDk0
M0ZBRDc5MDQyM0Q1MEY0NDI3QzVEOTM0MjA4RjBGNjQyOUQ3MzlFNDJEMDg1
ODc0MzA2NjhBMDQyRjU0RTFFNDNCRjM4OUY0MjBGNzUwMTQzNTU3QTk2NDIw
RjcyRjM0Mjc4MEI5MDQyNTRCMjdGM0ZDOUQ4MDc0MDBBMjc4RDQwNjBBNzY4
NDAwRThBNTY0MEQzMzEyRjQwOUQxNDM5NDBERjdDQkUzRkY5QkQ5NTNGOTQ2
MTZCM0Y5NUMzM0YzRjVFOTU3MDNGOTlBMTEyM0Y2MEQ5MzQzRjIzQTQwQjNG
N0RGQzBCM0ZFRUEzMEMzRjA1MjREMjNFRTQ0Qjk3M0U0NTQzQUYzRTQwQzk1
RTNGOTA2MTkxM0Y2NzcwMzUzRkU5MTQ0MTNGRUUzNTdDM0ZBNkE4NEIzRkYz
NEY0NzNGMzQ3Njc5M0YzOTRENTczRkZBMDI5MTNGRTA4MzlBM0Y5RTNGNUUz
RkQxNTZGNDNFN0JERkIxM0U2QjVFNjYzRQ==

--SBD.Boundary.605592468
PROCESS /noc/users/iridburst/exec/irid_300224010734970_upd.pl
Last Run  ----1970-01-01 00:00:00 
MONTH  5 
DATA  xxrecord 2012-05-21 12:00:05 :: $W5M5A,120521,120005,660d0028449ce246,1,DAS 2,4901.6190N,1621.4675W,20.3,211,24.9,14.0,13.3,96.6,12.8,13.3,96.9,12.8,1004.8,1.78,2.52,10.5,271,36*54
 
INSERT
STATION sbdservice
IRID_ID 300224010734970
BODY 
Content-Type: application/x-zip-compressed; name="SBMmessage.sbd"
Content-Disposition: attachment; filename="300224010734970_003456.sbd"
Content-Transfer-Encoding: base64

JFc1TTVBLDEyMDUyMSwxMzAwMDUsNjYwZDAwMjg0NDljZTI0NiwxLERBUyAy
LDQ5MDEuNjAyM04sMTYyMS40MTkwVywyMS45LDIxNywyOC4xLDE0LjAsMTMu
NCw5Ni41LDEyLjgsMTMuNCw5Ni45LDEyLjksMTAwNC43LDEuNzUsMi43LDEw
LDI1NCw0MCo3NA0KDQokVzVNNUEsMTIwNTIxLDEzMDAwNSw2NjBkMDAyODQ0
OWNlMjQ2LDIsREFTIDIsMTMuMiwxMy40LDAuMiwwLjQsMC4wMSwxMTUzLDEx
NjMsMTU2LDYyOCwwLDMzMi4wLDE1Ljg0LDkyMSo2Qw0KDQokVzVNNUEsMTIw
NTIxLDEzMDAwNSw2NjBkMDAyODQ0OWNlMjQ2LDMsN0YwMDc0MDIzQTAwMDA1
MzMyMzAzMTMyMzAzNTMyMzEzMTMyMzQzMDMwMzA1NTVBMDAzMTMyMzAzNTMy
MzEzMTMyMzQzMDJDNTQ0MTQyMzAzMDMwMzAzMDJDMkQzMDM1MzEyRTMxMkMy
QzMxMzIyRTM3MzQyQzM0MkUzMDJDMzMzNjMwMzAyQzM2MzAyQzM2MzAyQzMx
MkMzMDMwMzUzNzMwMkMzMzJFMzQzMjJDMzEyRTMyMzYyQzM3MzAyQzMwMkMz
MDJFMzEzNzMwMkMyQjMwMzAyRTMwMEQwQUI1MTA4NjE2QzUyMDdGMDA2NzAy
M0EwMDAwNTczMjMwMzEzMjMwMzUzMjMxMzEzMjM0MzAzMDMwRkY0RDAwMDA4
MEZCNDQwMDQwMDI0NDAwMzBGMjQ3MDAwMDA3NDNFOUFEOTczRjlBODFCQzQw
MENGMTJDNDBEMTc1RTAzRjlBNTBEOTQwRDk3ODA1NDAyM0Q2RTY0MDFGRjhC
MTQwMDEwMDIwNDEyOTczMTE0MUI2NjBFRDNGQjAxODdFNDNCQTI1MjA0MkM3
NkExQTNDMzgxREY1N0UyNDM2N0YwMkJBMDIzQTAwMDA0QjU2NDgyMDM3MzIz
MDMxMzIzMDM1MzIzMTMxMzIzNDMwMzAzMDM2MDAwMDAwMEFEN0EzM0QwQUQ3
QTMzQkI0MTg3RTQzQkEyNTIwNDIwNzU1OTY0MzQzODI1NjQyMDA5NTlBNDM5
MDAzRjg0MTU1Qzc5OTQzQTZDOUM3NDE1QURFOTU0M0I1MjFFNTQxQTk2ODkx
NDM5RDc0RUQ0MTk4OUE4RjQzNDRDN0YyNDFBRDY0OEY0MzRENUMwQTQyOUJB
RDhCNDMxNkEzMjY0MjIxQ0E4QjQzM0I0NjQxNDI4ODg4OTE0MzM5NDcyMzQy
MTk2QzkyNDNCRENGQ0M0MTgzNUQ5MTQzRDQ3RkRENDE1RkFEOEY0MzMzMDMy
NzQyQTAyODhGNDNDNUU4NTE0MjJGQzg4NzQzNUIyRjRGNDI0REVBODI0MzhF
NjM0MzQyMkRDNDgxNDMzRUUwMjA0MkEzNUU3RTQzODhFMTIwNDI3MUZFNkU0
M0E2RjUzMTQyMDJGNDcwNDM0RDJEMTk0MkQwQUY3MDQzQzYzMTEzNDI1QUNB
NjQ0M0M3MkIzMzQyRDBBNjVGNDNGODY1NDQ0MjhGREY2MTQzQUU5QzM0NDJC
RDUyNUQ0M0ZEQ0MxRTQyNEQ5RjU1NDM0RTQwMTg0MkM0MzY1MzQzQzg5RjIx
NDIyMTVENTk0M0YwQkEyQTQyMjYyRjYwNDM2NUQ1MzM0MjY4Nzg2MjQzMzVD
NTNENDIwNzVENjA0M0Y1NTY0MTQyQkQzOTU0NDNCMjU3NEQ0MjkyOUE0RDQz
QjUwMjVGNDJCMUI0NEU0MzQ3NEE2ODQyREIwMDUwNDMwMkE4NkE0Mjk4RkQ1
QjQzRDU4RjYyNDI2QjJFNUE0M0IyMEY1RjQyMTM1MDRENDM0QzdENUU0MkU3
MTU0NzQzRUExNDY2NDI1RTE4NDI0M0Y2REY3MzQyM0U2MjQ1NDNFMTZGODA0
MjU3ODQ1MzQzQkZGODgyNDJCM0M3NEI0M0ZGMDc4NDQyQUM0RjQ1NDNCNzc4
ODM0MjgzRjM0RDQzQjAzQzg5NDIzMzBENjA0MzREMjI4RTQyMDE5MjUzNDND
MTZEOEY0MkJDNTk0RTQzMkI2RTk1NDIzRTk0N0Q0M0QyMUI5NTQyNEZEODg3
NDM2MTZBOTI0MkFCN0U4QjQzNjUxQjk2NDIxRTVBOTI0M0E0RkM5NzQyMDgy
MDlGNDM5MTFDOUQ0MkY1RTU3NTQzODYzM0EwNDI5NzZBRjAzREY1QUUyQjNG
QzYxQ0NDM0YzQzcwMjg0MEM4MjM2RDQwMDBGQzAwNDA0QkYzMjEzRjUwMkI3
QjNGQjE1RTcxM0Y3N0M2NDIzRjRGQzhENzNGNTQxMTk0M0Y2NUFCRTUzRUVG
ODU3MjNFQ0Y5NTc1M0U2N0IzRDgzRTU5QzU2MjNGMDJCMDg2M0Y1RDQyNUIz
RkU4NzdGMTNGMUJGQUVBM0Y0MjM3NzgzRjM4RkE2RjNGMUE4MzkwM0ZGMzQx
QzMzRjI1RTFENzNGNURGREU1M0Y2Nzc1RDIzRkU4NkU3OTNGREE3OTc3M0ZG
RURFN0QzRjM2RjFDMzNFMjQzRjAyM0Y2RQ==

--SBD.Boundary.605592468
PROCESS /noc/users/iridburst/exec/irid_300224010734970_upd.pl
Last Run  ----1970-01-01 00:00:00 
MONTH  5 
DATA  xxrecord 2012-05-21 13:00:05 :: $W5M5A,120521,130005,660d0028449ce246,1,DAS 2,4901.6023N,1621.4190W,21.9,217,28.1,14.0,13.4,96.5,12.8,13.4,96.9,12.9,1004.7,1.75,2.7,10,254,40*74
 
INSERT
STATION sbdservice
IRID_ID 300224010734970
BODY 
Content-Type: application/x-zip-compressed; name="SBMmessage.sbd"
Content-Disposition: attachment; filename="300224010734970_003457.sbd"
Content-Transfer-Encoding: base64

JFc1TTVBLDEyMDUyMSwxNDAwMDUsNjYwZDAwMjg0NDljZTI0NiwxLERBUyAy
LDQ5MDEuNTk3Mk4sMTYyMS40MTQxVywyMS40LDIyMywyNS43LDE0LjAsMTMu
NSw5Ni40LDEyLjksMTMuNSw5Ni45LDEzLjAsMTAwNC42LDEuOTUsMy4yMiwx
MC41LDI1NywzNyo1OQ0KDQokVzVNNUEsMTIwNTIxLDE0MDAwNSw2NjBkMDAy
ODQ0OWNlMjQ2LDIsREFTIDIsMTMuNCwxMy43LDAuMiwwLjQsMC4wMSwxMTU0
LDExNjQsMTU2LDYyOCwwLDQwLjgsMTUuODQsOTI0KjU1DQoNCiRXNU01QSwx
MjA1MjEsMTQwMDA1LDY2MGQwMDI4NDQ5Y2UyNDYsMyw3RjAwNzQwMjNBMDAw
MDUzMzIzMDMxMzIzMDM1MzIzMTMxMzMzNDMwMzAzMDU1NUEwMDMxMzIzMDM1
MzIzMTMxMzMzNDMwMkM1NDQxNDIzMDMwMzAzMDMwMkMyRDMwMzUzMTJFMzEy
QzJDMzEzMzJFMzAzNjJDMzQyRTMwMkMzMzM2MzAzMDJDMzYzMDJDMzYzMDJD
MzEyQzMwMzAzNTM3MzAyQzMzMkUzNDMyMkMzMTJFMzIzNjJDMzczMTJDMzAy
QzMwMkUzMTM2MzgyQzJCMzAzMDJFMzAwRDBBQkExMEQzNjQ3RkIyN0YwMDY3
MDIzQTAwMDA1NzMyMzAzMTMyMzAzNTMyMzEzMTMzMzQzMDMwMzBGRjREMDAw
MDgwRkI0NDAwNDAwMjQ0MDBEQzAyNDgwMDAwMDU0M0YzRERBMzNGNjI2REMx
NDAzOTM0NEU0MDI3NjdGOTNGOTBEMEUzNDBENDlEMTU0MDY3OTFFNDQwQkE5
MUJENDBDQTZCMjg0MTgxNTIxQTQxMzY2RjA0NDA4Rjk0ODA0MzI4M0YxNDQy
MTQyRjNGM0MwNTFDQUE2NTJCNjc3RjAyQUUwMjNBMDAwMDRCNTY0ODIwMzcz
MjMwMzEzMjMwMzUzMjMxMzEzMzM0MzAzMDMwMzUwMDAwMDAwQUQ3QTMzRDBB
RDdBMzNCOTE5NDgwNDMyNTNGMTQ0MkY2NjI5NDQzRjBENTQ4NDJDRDFFOEY0
MzU2RUVFNDQxNjM1MTkxNDMzODg5QUI0MTVDRjI5MjQzNEQwMUI2NDE2QTk3
OTI0MzM1NkFDRjQxOTE5QjkxNDM3RjRGRDQ0MTEwQTg5MTQzMzlBMkUzNDE1
MjY5OTA0M0ExQzMxNDQyRDVEQjhENDNBRDlFMjY0MkE0MzA4QzQzMTk2ODI0
NDIyRjUyOEM0MzcwM0MyNzQyOEIzQjhBNDMyQkU5Mjc0Mjk0MjM4ODQzNUI1
MjI2NDJCREFCODc0M0JBRUQyQjQyMUY4OTgyNDMzMDNBMzA0MjAwQzg3MTQz
ODAzNzMyNDJFMkFBNkI0M0I1MzcyRjQyOEVFRjZFNDNCM0YzMEQ0MjA0M0Q3
NjQzRjI3NTAwNDJENjY4NzY0MzREQjEwOTQyMjQ5QzY2NDM3RTkwMTM0MkQz
NDU2MjQzODU1QzE4NDI4M0UxNjU0MzhENjkyMDQyOUI2NjYzNDMzOTQzMjQ0
MkYyRjQ1RTQzQkI0MjI1NDJGNzM0NUY0M0VFRjMyNjQyQTg3ODVCNDNERUYz
Mjc0MkNDRjc1OTQzRUUzMzJBNDJBQkZFNUM0M0UzMUIzNjQyQURGRjYyNDM2
OEMyNDQ0MkYyMjU2MTQzODhEQjQyNDIxNzBFNTg0M0EyNTA0MzQyMzBDNDRB
NDM1OENGNUQ0MjlBN0Q1MzQzNDE5NDdBNDIyRjEyNjU0MzM0RDc3MTQyMTA1
MTVGNDNEOERGNkQ0MkQwNDU1RDQzRjI5OTZENDI1Qjk4NUI0MzcxNjY3NzQy
Q0I0NDQ3NDNDMTAxNzI0MkQ0NTU0QTQzMzBGRjZCNDJEMkM4NTQ0MzNBRDg2
RTQyQjNFRTYwNDM0NDg3NkM0MjM1MUI2OTQzNjNDRDczNDJBNjI0NkY0M0Qy
RDM4QzQyQUNDMjQ4NDM1ODEwOTc0MkVFNDIyNDQzMUE4QzhFNDIwNkM2MUM0
MzRCMUU4QjQyMjVEMDBGNDM3QzQzOTU0MkIyMEUxNjQzOUE3MjlBNDJBNUEy
MTY0M0IzM0E5NzQyQUM1Q0YxNDIyNEUzOTA0MkNBNDJGNDQyNDNBMTg4NDI0
QkMyMEI0MzM3N0U4MzQyRUFGMkM5M0QwNzQ1MzYzRkMyMkE0MTQwRTIzNkE2
NDA1QjA1NTk0MDQxODQyQjQwQkZEMzFENDBFMkVGNDIzRkQzRTg1NDNGNTYy
MTk0M0ZCMzhBOTczRjVBNjk2MTNGMkI5Mzk2M0ZEREFEQTkzRjdGNDhBRjNG
NDhBNDlCM0ZCOEI1N0UzRjhDRkY5RjNGNDc0QkQ5M0ZGMzBDQTUzRjI5RERG
NzNGNEJGMzNCNDA0QThCMkY0MENBQTBCMjNGRDFFMUJFM0YxQzIzOEIzRkI3
QUYwOTNGRDA2OTk0M0ZCREE4NjUzRjUzMDA0NjNGNzI5RDNEM0Y3RkUwRDgz
RTI3REU5MjNFMzdGNjQ5M0U5QTAxQTIzRQ==

--SBD.Boundary.605592468
PROCESS /noc/users/iridburst/exec/irid_300224010734970_upd.pl
Last Run  ----1970-01-01 00:00:00 
MONTH  5 
DATA  xxrecord 2012-05-21 14:00:05 :: $W5M5A,120521,140005,660d0028449ce246,1,DAS 2,4901.5972N,1621.4141W,21.4,223,25.7,14.0,13.5,96.4,12.9,13.5,96.9,13.0,1004.6,1.95,3.22,10.5,257,37*59
 
INSERT
STATION sbdservice
IRID_ID 300224010734970
BODY 
Content-Type: application/x-zip-compressed; name="SBMmessage.sbd"
Content-Disposition: attachment; filename="300224010734970_003458.sbd"
Content-Transfer-Encoding: base64

JFc1TTVBLDEyMDUyMSwxNTAwMDUsNjYwZDAwMjg0NDljZTI0NiwxLERBUyAy
LDQ5MDEuNjA5NE4sMTYyMS40NDgxVywxOS4zLDIyNSwyNC43LDE0LjAsMTMu
NSw5Ni4xLDEyLjgsMTMuNSw5Ni42LDEzLjAsMTAwNC45LDEuOTUsMi44Myw2
LjMsMjUyLDM2KjYzDQoNCiRXNU01QSwxMjA1MjEsMTUwMDA1LDY2MGQwMDI4
NDQ5Y2UyNDYsMixEQVMgMiwxMy4zLDEzLjksMC4yLDAuNCwwLjAxLDExNTUs
MTE2NSwxNTYsNjI5LDAsMzI1LjMsMTUuODQsOTIzKjYwDQoNCiRXNU01QSwx
MjA1MjEsMTUwMDA1LDY2MGQwMDI4NDQ5Y2UyNDYsMyw3RjAwNzQwMjNBMDAw
MDUzMzIzMDMxMzIzMDM1MzIzMTMxMzQzNDMwMzAzMDU1NUEwMDMxMzIzMDM1
MzIzMTMxMzQzNDMwMkM1NDQxNDIzMDMwMzAzMDMwMkMyRDMwMzUzMTJFMzEy
QzJDMzEzMzJFMzMzNDJDMzQyRTMwMkMzMzM2MzAzMDJDMzYzMDJDMzYzMDJD
MzEyQzMwMzAzNTM3MzAyQzMzMkUzNDMyMkMzMTJFMzIzNjJDMzczMjJDMzAy
QzMwMkUzMTM2MzUyQzJCMzAzMDJFMzAwRDBBQkExMDY1QjcyQzJCN0YwMDY3
MDIzQTAwMDA1NzMyMzAzMTMyMzAzNTMyMzEzMTM0MzQzMDMwMzBGRjREMDAw
MDgwRkI0NDAwNDAwMjQ0MDBBMDBDNDgwMDAwMDM0MzEyMzFBODNGOTVFOEM0
NDA2NkYwMzQ0MDM5OUNGOTNGNjQ0M0RFNDAzNjFCMTc0MDgyRTZDRTQwOTU4
Q0JGNDAwMDAwQzg0MDIzRTlEOTQwNzNDNjA0NDA4QzYwN0M0M0NFNzcwRjQy
MTkyQTQ5M0MwMzFDNDMwNzZBNTY3RjAyNzIwMjNBMDAwMDRCNTY0ODIwMzcz
MjMwMzEzMjMwMzUzMjMxMzEzNDM0MzAzMDMwMzAwMDAwMDBFQjUxQjgzRDBB
RDdBMzNCOEY2MDdDNDNDRTc3MEY0MjY4ODA5ODQzMjZFNDAwNDI1MzM5OTc0
M0I2MjlFOTQxQjIxNjk2NDNENjVDRTk0MTIzNUQ5NjQzMjUwM0Q1NDEyRjE3
OTY0MzVCNUNDMjQxMTgyMTk0NDM0MzA0RDQ0MTFGNEE5MDQzNkZCRDA5NDI2
OEZEOEE0MzI0OEMyNzQyRjQ1Nzg5NDMxNEI5MjM0MjY2MjE4MTQzMjhFQTFE
NDIyQzEyN0M0MzkzRUMwRjQyMzJGMDdGNDMxMjlGMDk0Mjc0RTE3ODQzRkE3
ODA4NDJGQTMxNkM0MzNENTAwQjQyMjY1NjY0NDNCN0I5MEU0MjAxM0E2MjQz
RjFFQzEyNDI1MUFENjc0MzI3NUIwMjQyQjY3NDZBNDMxRTc0RTY0MUEwQTU2
RDQzQTlBNDAwNDJEMDFDNkU0M0MzQzAwQzQyNjI2NjY4NDNDODgwMjA0MkI3
QTc2MzQzMURDRjM0NDIxRTdGNjc0MzBBNUQzNzQyQUI3RjYzNDNBOURGMzM0
MjQ1MzU1QjQzMjIzQjMzNDJGOTRDNTk0Mzk1MzQzRDQyQkI1NjU5NDNFMzlB
M0E0MkY4Qzk1NzQzNTNFNTFBNDJFOURGNTY0MzFEMTUyNDQyODQxRTU5NDM2
REZBNDA0MkIyRjM1MTQzNUNDRTRCNDIwMEEwNTU0MzA1RTE1MDQyQUNFMjYy
NDM2REYwNTY0MjdFRDI1NzQzMTdBRjVGNDIyQ0E3NEI0MzQ0NEE2NjQyQzBB
NTU1NDM2MTcwNzM0MjJFMEE1MTQzNjMwRDdGNDJDNzQxNEE0M0U2Nzg3MzQy
QUFDMTRENDM5ODIwNkY0MkVDN0Y0QjQzNUMwMjgxNDI2REJDMzk0M0VGMkE4
MzQyRjg1MDNBNDM4REI4N0Q0MjA3NkU0QjQzQ0U1RTkxNDIzNjFDOTM0M0U1
OUQ5OTQyNjIwNDhDNDMxQURBOTA0MkRDMkM4NTQzQjA4OThCNDI2QzkzNzc0
M0Q4RTg4RjQyNUQ4MTcyNDMwNEEyOTk0MjU3MUE1OTNGODg3N0EyM0YwNDNB
REYzRjkyMkZERjNGQjY5MTQyNDAxNzYxNjU0MDhEMDdFMjNGNTU3NzU2M0Y4
MTc4QjkzRkVFNTNGNTNGOTQyMEVEM0Y3QkM4RUIzRkQzRjIzMjQwNkM5MDQx
NDA2NjIxODk0MEVGNzAwNjQwMzVDNjBCNDAyQUFEMjQ0MDUzNTBFRDNGOURF
QzFFNDAzNzQ4N0YzRjBEOTg2RjNGOTk5MkUyM0U3RDg5MjgzRkY2MTAwODNG
Q0Q1MUYxM0VGRTYxNEQzRTdEMjlGMjNFNjUwNjEwM0ZCODM3RjczRTI4RDRD
NDNFNkU3NkJEM0U5RTcwQUUzRUUxMUM5NDNFOEI1NTdGM0U2Qjk0ODIzRTM3
OUEyOTNFNDVGMDg3M0VCRDlBQTYzRTM3Njc1RjNFQ0U2ODE2M0U1QjAyNDUz
RUQxRURFNjNEMzk1OEI0M0QyOTM4RTgzRA==

--SBD.Boundary.605592468
PROCESS /noc/users/iridburst/exec/irid_300224010734970_upd.pl
Last Run  ----1970-01-01 00:00:00 
MONTH  5 
DATA  xxrecord 2012-05-21 15:00:05 :: $W5M5A,120521,150005,660d0028449ce246,1,DAS 2,4901.6094N,1621.4481W,19.3,225,24.7,14.0,13.5,96.1,12.8,13.5,96.6,13.0,1004.9,1.95,2.83,6.3,252,36*63
 
INSERT
STATION sbdservice
IRID_ID 300224010734970
BODY 
Content-Type: application/x-zip-compressed; name="SBMmessage.sbd"
Content-Disposition: attachment; filename="300224010734970_003459.sbd"
Content-Transfer-Encoding: base64

JFc1TTVBLDEyMDUyMSwxNjAwMDUsNjYwZDAwMjg0NDljZTI0NiwxLERBUyAy
LDQ5MDEuNjM2NU4sMTYyMS41MTQyVywxNi4xLDIyNiwxOC45LDE0LjAsMTMu
Myw5Ni4xLDEyLjcsMTMuNCw5Ni41LDEyLjgsMTAwNS4wLDIuMDIsMi44Miw5
LjUsMjU4LDM3KjZEDQoNCiRXNU01QSwxMjA1MjEsMTYwMDA1LDY2MGQwMDI4
NDQ5Y2UyNDYsMixEQVMgMiwxMy43LDEzLjksMC4yLDAuNCwwLjAxLDExNTYs
MTE2NiwxNTYsNjI5LDAsODIuNywxNS44NCw5MjEqNUYNCg0KJFc1TTVBLDEy
MDUyMSwxNjAwMDUsNjYwZDAwMjg0NDljZTI0NiwzLDdGMDA3NDAyM0EwMDAw
NTMzMjMwMzEzMjMwMzUzMjMxMzEzNTM0MzAzMDMwNTU1QTAwMzEzMjMwMzUz
MjMxMzEzNTM0MzAyQzU0NDE0MjMwMzAzMDMwMzAyQzJEMzAzNTMxMkUzMTJD
MkMzMTMzMkUzMjM5MkMzNDJFMzAyQzMzMzYzMDMwMkMzNjMwMkMzNjMwMkMz
MTJDMzAzMDM1MzczMDJDMzMyRTM0MzIyQzMxMkUzMjM2MkMzNzMzMkMzMDJD
MzAyRTMxMzYzNjJDMkIzMDMwMkUzMDBEMEFDMTEwRTFDRDAxQjA3RjAwNjcw
MjNBMDAwMDU3MzIzMDMxMzIzMDM1MzIzMTMxMzUzNDMwMzAzMEZGNEQwMDAw
ODBGQjQ0MDA0MDAyNDQwMDY0MTY0ODAwMDBGNjQyNUMzRUE3M0YwRUY3RDE0
MEVBNDYzNDQwMjkyQTAxNDA4QzM3RUY0MEIzM0QxQTQwMzFDM0Y1NDA0NjIx
Q0M0MDg2NjExODQxMzI3QTAzNDE1RUEzMDU0MEYyMUU4MTQzRjE3ODE1NDJE
QzM5NDkzQ0Q1MUFBMTNCQUREMzdGMDI4QTAyM0EwMDAwNEI1NjQ4MjAzNzMy
MzAzMTMyMzAzNTMyMzEzMTM1MzQzMDMwMzAzMjAwMDAwMDdCMTRBRTNEMEFE
N0EzM0JGNDFFODE0M0YxNzgxNTQyNjA1QTlFNDMyMzFENDM0MkU2NDQ5QTQz
MjhBRTE0NDI4MTMzOTc0MzdFQjdFNjQxM0IwNjkzNDNGOUVCQkE0MTUzMkM5
MTQzNDFGM0I4NDFFMThBOEY0MzA4MzZERTQxNEU4NTkwNDM3RUQ5RkQ0MTVF
NTY5MDQzMTdCQTEzNDI3QzE0ODc0MzhFMTAyMjQyNEQ4MTg1NDMzMzlGMEU0
MjIzQzA4NTQzREMzNzIwNDIwQjA1ODI0MzBFQUQzNzQyRjg1RTc4NDMzMjkw
MkI0MjlFQkU3MDQzRkQ3MjE1NDIwODM1NkY0M0Y1QzQxNDQyRjE5ODcxNDM4
QUFDMTk0MjI4NzU2QjQzRDMyNjIzNDIwMkJENUY0MzFCMEMyMzQyNUI5MTU5
NDNGNUUwMTQ0MjQ5QTI1QzQzQTVCRjEzNDI4RDYwNUU0MzZCQUQxRDQyRDMz
QTVCNDM1NTU0MjI0Mjc0QTY1NzQzRTY1QzJBNDI3NjUyNTI0MzIzRjUzMzQy
RTQ5QTU0NDNDREYyMUU0MjJBQzA1NDQzRkU3OTI1NDJGQjI5NTU0M0E0OTEz
RDQyMjRBNTVBNDNBMzBBNEQ0Mjc4RTk1QjQzNTRDQTUzNDI5Qjc0NUU0MzE3
NDU0RTQyQTAxMzZENDM3ODQ5NEE0MkMxMTY3MDQzNzZDNTYzNDI4ODRBNTc0
MzE0RUQ3NjQyRTRCMDRENDNGNUM3NkU0MkZDOTY0RTQzRkYxRjY1NDJGNDZF
NTM0MzIwODM3MDQyQkI4MjVDNDNEOTZDNzc0MkQ3MTg1OTQzREQwNjZBNDI1
N0I1NTM0MzBBRDc1QTQyRDU2NjU2NDMxQjMxNUM0MkM5NjU1MTQzQjk1MTc5
NDI4MUQwNDU0MzQ3RjI3RjQyOUU0MzRDNDNEODhFODA0MjQ2Njg0RTQzRTFE
OTg3NDJBMkE2NEE0MzVBQzc4RDQyNTZBNjRBNDM2OTZFOTQ0Mjk4OEU1NzQz
Rjk4RjkzNDJEQTk4NzQ0MzEwQ0M4ODQyRTMzQjg0NDNDNjdEOEM0MjlENjM4
QTQzQkE0MTk2NDIwQzJCQTAzRUEzRkY2NzNGMkRERUMzM0ZDQzI2Mjk0MEQ5
NDA4NjQwMEM4MzM2NDAxOUE0NTk0MEZFMjQzMzQwRDc0RkNDM0YwMzM2NzI0
MDc2MkM1MDQwQkY1NEUwM0ZENTY4RTczRjM5OTU0QTQwQTFCRjIxNDA5OThD
RDIzRkYyMTFFQzNGOUMzQTFBNDAyNjBEOUEzRkI2QTE3QTNGMEFGNDA3M0ZC
QUQ1OUEzRkNCN0UzRTNGREZBMjE0M0Y4NjAzRTQzRTczMzAzNTNGRjU0QzND
M0Y0N0I2NEQzRkUzMUVENDNFMUQwQjg5M0U0NzY4NEEzRUQ1NkJCMzNEMDA5
MEVDM0QxNzk5MTAzRTE5NjYyQjNFOEVBNUZEM0Q3RkNGNTQzRUQ4QjE3QjNF
QTQ1NjBFM0UyNEE4QkMzRDVFNjIwQTNFOQ==

--SBD.Boundary.605592468
PROCESS /noc/users/iridburst/exec/irid_300224010734970_upd.pl
Last Run  ----1970-01-01 00:00:00 
MONTH  5 
DATA  xxrecord 2012-05-21 16:00:05 :: $W5M5A,120521,160005,660d0028449ce246,1,DAS 2,4901.6365N,1621.5142W,16.1,226,18.9,14.0,13.3,96.1,12.7,13.4,96.5,12.8,1005.0,2.02,2.82,9.5,258,37*6D
 
INSERT
STATION sbdservice
IRID_ID 300224010734970
BODY 
Content-Type: application/x-zip-compressed; name="SBMmessage.sbd"
Content-Disposition: attachment; filename="300224010734970_003460.sbd"
Content-Transfer-Encoding: base64

JFc1TTVBLDEyMDUyMSwxNzAwMDUsNjYwZDAwMjg0NDljZTI0NiwxLERBUyAy
LDQ5MDEuNjUxMU4sMTYyMS41NzM0VywxNC4wLDIyNiwxNi45LDE0LjAsMTMu
Myw5Ni4wLDEyLjcsMTMuMyw5Ni40LDEyLjgsMTAwNS4xLDEuOTQsMi44Niw3
LjEsMjU0LDM5KjY1DQoNCiRXNU01QSwxMjA1MjEsMTcwMDA1LDY2MGQwMDI4
NDQ5Y2UyNDYsMixEQVMgMiwxMy4yLDEzLjQsMC4yLDAuNCwwLjAxLDExNTcs
MTE2NywxNTYsNjI4LDAsMzQyLjUsMTUuODQsOTIyKjY5DQoNCiRXNU01QSwx
MjA1MjEsMTcwMDA1LDY2MGQwMDI4NDQ5Y2UyNDYsMyw3RjAwNzQwMjNBMDAw
MDUzMzIzMDMxMzIzMDM1MzIzMTMxMzYzNDMwMzAzMDU1NUEwMDMxMzIzMDM1
MzIzMTMxMzYzNDMwMkM1NDQxNDIzMDMwMzAzMDMwMkMyRDMwMzUzMTJFMzEy
QzJDMzEzMjJFMzczNDJDMzQyRTMwMkMzMzM2MzAzMDJDMzYzMDJDMzYzMDJD
MzEyQzMwMzAzNTM3MzAyQzMzMkUzNDMyMkMzMTJFMzIzNjJDMzczNDJDMzAy
QzMwMkUzMTM2MzkyQzJCMzAzMDJFMzAwRDBBQzUxMDkyQ0VBMzdCN0YwMDY3
MDIzQTAwMDA1NzMyMzAzMTMyMzAzNTMyMzEzMTM2MzQzMDMwMzBGRjREMDAw
MDgwRkI0NDAwNDAwMjQ0MDAyODIwNDgwMDAwRjI0MjBERTlBMDNGQ0MzREQ0
NDAxQ0RFMzY0MEFFMUNGODNGRjMyRUYyNDBGQkQyMTg0MEI4QThFRTQwNTE5
MUM4NDA0OTkyRTQ0MEZDNzNGMDQwOUE3NEZCM0YzNjZBN0U0Mzc2ODExQzQy
NjE0MDMxM0M1MjIwNkVFQUJBNDc3RjAyN0UwMjNBMDAwMDRCNTY0ODIwMzcz
MjMwMzEzMjMwMzUzMjMxMzEzNjM0MzAzMDMwMzEwMDAwMDA3QjE0QUUzRDBB
RDdBMzNCM0E2QTdFNDM3ODgxMUM0MjJFMUY4RTQzREM0NTIyNDI4MjRBOEQ0
MzVFQzNGMDQxRTBDNzhGNDNCMkY1RDU0MTc0OTY5MjQzNEFCMUQ5NDE2NzQ0
OTM0M0VEQUFFNDQxMzM3ODk0NDMwMzU0RTU0MTU4NzI5MzQzODAyRUZENDFG
MkVBOEM0M0I5QjExRDQyRUFGRjg3NDNDRjhBMjE0MjdGNEQ4NTQzOTY0OTIw
NDIwN0M2N0M0Mzg2MzQxRjQyODAxMzc1NDM3MjdBMEU0MkM4OEM3NTQzMDEw
MjFENDJEMkFDNzk0Mzg1NDgzQTQyQ0JGQTdCNDNEMTFDMzU0MjE2OTE3MTQz
OEQxMTFDNDI0RTJENjk0M0MwQUIwQjQyNkUyNjZDNDM3N0VBMjU0MjFFQTY2
QjQzRTcyMzM5NDIyQThDNjU0Mzk1NjAyQjQyMTQwMjYzNDM1MjI5MjA0MkQy
QkM1QzQzMTVGMTJGNDI1RjRDNUE0MzZBMTUzRjQyRjkwNDVDNDNDQTFFNDI0
Mjk2MEY1NDQzMjI4MzQxNDI2NkFDNEM0M0VBMzg0NzQyRkIzNDU1NDMxQTNE
NTM0Mjk1QTY2MDQzMzc3RDQ4NDJCRDIxNjI0MzMxMTY0QjQyODg3MTYxNDM2
OENENEY0MjhCM0M1RTQzREJBOTQ3NDJCQkVGNTI0MzJDQkM0ODQyOUVCMDRB
NDM0Q0IxNUQ0MjY0NjA1MDQzMDA2NjVGNDJDQTE0NUM0MzBGQjg0MjQyQzQ3
MDU3NDNCMEQyM0U0MjBEOUU0QTQzMzEwMjRFNDIxNTc5M0Q0MzBCQkM1NjQy
RDk1RjQxNDM1NUE4NjA0Mjk3N0M0RDQzNThCQTZENDIxOEQ2NDI0M0EyQjI4
MTQyQzlGRjFENDNGNzRBODU0MjAxRDgxOTQzNkQ2Njg1NDJBOUQ3MkI0M0Q0
MUU4NzQyOUNCMjNFNDNENTVCOTA0MkFGOUQ0RTQzRDIwNjhFNDI1QjA3NTU0
MzkzQkY4NTQyRDg3QTZFNDNBOTAyODI0Mjg4RjA4MTQzNjkyMTdCNDIyQjFD
RDYzRTAxMUNCOTNGODlEMEY5M0ZBMEQ0NEM0MDI3Q0IwNDQwNTcxRENFM0Yw
Q0YwMDE0MDVDQUI2RTNGRkVBREE3M0Y2MDhEMTk0MEQ2ODAyMTQwNkU1NjYz
NDA4QTFBNTY0MEI3NUIxMzQwMEYyNjE3NDAzODYyMTM0MDQzQUFGODNGMTkx
MDg1M0Y1MDNBNEMzRjhCOEE5NTNGQUYxMzc4M0Y3OEI0MTMzRjJCNDVFODNF
ODY3NkY0M0UyMUNENDUzRkVCMkYwNzNGRUJDOEY5M0U2MkMxNDgzRjUyNEFF
MzNFQTA0REMwM0U3M0Q3OTIzRTkzNDA1ODNFMjI2NDkwM0VEMjdEN0QzRTQw
MEU1OTNFRDlDQzcxM0UwNUEyNzQzRTRBN0YyQzNEQUU0OUJGM0QxRTBCMjEz
RUYyRDFGMDNENjdEODlFM0Q0RkU1QzgzRA==

--SBD.Boundary.605592468
PROCESS /noc/users/iridburst/exec/irid_300224010734970_upd.pl
Last Run  ----1970-01-01 00:00:00 
MONTH  5 
DATA  xxrecord 2012-05-21 17:00:05 :: $W5M5A,120521,170005,660d0028449ce246,1,DAS 2,4901.6511N,1621.5734W,14.0,226,16.9,14.0,13.3,96.0,12.7,13.3,96.4,12.8,1005.1,1.94,2.86,7.1,254,39*65
 
INSERT
STATION sbdservice
IRID_ID 300224010734970
BODY 
Content-Type: application/x-zip-compressed; name="SBMmessage.sbd"
Content-Disposition: attachment; filename="300224010734970_003461.sbd"
Content-Transfer-Encoding: base64

JFc1TTVBLDEyMDUyMSwxODAwMDUsNjYwZDAwMjg0NDljZTI0NiwxLERBUyAy
LDQ5MDEuNjYyNE4sMTYyMS42MDgyVywxMi4wLDIyMiwxNC41LDE0LjAsMTMu
MSw5Ni4xLDEyLjUsMTMuMiw5Ni41LDEyLjYsMTAwNS40LDIuMTIsMy4zMSw3
LjEsMjUxLDM3KjZCDQoNCiRXNU01QSwxMjA1MjEsMTgwMDA1LDY2MGQwMDI4
NDQ5Y2UyNDYsMixEQVMgMiwxMy4xLDEzLjMsMC4yLDAuNSwwLjAxLDExNTgs
MTE2OCwxNTYsNjI5LDAsOTcuMSwxNS44NCw5MjQqNUINCg0KJFc1TTVBLDEy
MDUyMSwxODAwMDUsNjYwZDAwMjg0NDljZTI0NiwzLDdGMDA3NDAyM0EwMDAw
NTMzMjMwMzEzMjMwMzUzMjMxMzEzNzM0MzAzMDMwNTU1QTAwMzEzMjMwMzUz
MjMxMzEzNzM0MzAyQzU0NDE0MjMwMzAzMDMwMzAyQzJEMzAzNTMxMkUzMTJD
MkMzMTMyMkUzNjM0MkMzNDJFMzAyQzMzMzYzMDMwMkMzNjMwMkMzNjMwMkMz
MTJDMzAzMDM1MzczMDJDMzMyRTM0MzIyQzMxMkUzMjM2MkMzNzM1MkMzMDJD
MzAyRTMxMzczMDJDMkIzMDMwMkUzMDBEMEFCRTEwMEVERjdCOUE3RjAwNjcw
MjNBMDAwMDU3MzIzMDMxMzIzMDM1MzIzMTMxMzczNDMwMzAzMEZGNEQwMDAw
ODBGQjQ0MDA0MDAyNDQwMEVDMjk0ODAwMDBGQzQyRUVDRUFFM0ZBQUFEQ0M0
MDZDRDU1MzQwMDFDMzA3NDBGMkUzRTQ0MEM3OTAyRTQwNTJGQ0UzNDA4MTRE
Q0E0MDQ5OTJFNDQwRjhGNkU1NDA3RTc4MEM0MDVFRTU3QTQzMDM0MTE1NDI4
NDY1NjEzQzkzMjFENzdEQUVGRDdGMDI0RTAyM0EwMDAwNEI1NjQ4MjAzNzMy
MzAzMTMyMzAzNTMyMzEzMTM3MzQzMDMwMzAyRDAwMDAwMEVCNTFCODNEMEFE
N0EzM0I2MkU1N0E0MzAwNDExNTQyNTM5NTkyNDM5Q0ZGQjg0MUM0RjI5MzQz
RkQ0NkQyNDE0NUUwOTU0MzI5QzUwMjQyNTU5Qjk1NDM2OTYxMTc0MkI5REM5
MDQzRTU5MTA0NDIzRUU5OEY0M0IwMkQwMTQyOEI2QzhCNDNERkZBMUY0MkM2
M0M4MjQzRTIzNTIyNDI4NjU0N0Y0MzMyQTMxMTQyREUzRjgwNDNDQ0EyMDk0
MkE2MkI3QzQzM0RCODAwNDI1NTczNzM0MzFGOEQwQzQyNTZDNjYxNDMzMDlF
MTc0MjI0REQ1RTQzMTMwQTAyNDJFM0EyNjI0M0U4ODdGMzQxQ0ZCMzY2NDNG
QTNGMEQ0MkU2Qjg2ODQzRDFEMjI2NDIxMTIzNjc0MzBFMjAyNTQyMzlFODZC
NDMzQzY0MTk0MjhDNTQ2QjQzMjRFNzI2NDJENjA3NUQ0MzVBN0UzNzQyNDg4
MTVCNDNBMTgzMzE0MkZBQTQ2ODQzMDY1QzM3NDIxNUExNjc0MzU0ODUzRjQy
QzNERTVDNDNCM0MxNDI0MjdEQzc1ODQzNDEyMDQ2NDIxODdGNTk0MzFCOEQ0
ODQyMzA2MzVBNDNEN0NCNEU0MjVFODE1NjQzRDQ1NDUzNDI1NDZCNjA0M0Qy
NUQ1ODQyODY4QTY0NDM3OTY2NjA0MkY3MzM2OTQzQUQzNjc0NDIwMzNDN0E0
MzAwQTY2RjQyQTgzQzZFNDM2RUU2NUU0MjkzMjM2MzQzRTQ4ODRDNDIyNzcz
NjE0MzMxRDU1NjQyNjg2ODUxNDNBRkIzN0I0MkU5MjI0NTQzOEJGMjg1NDJF
NTFENEI0MzZDMEE4MzQyQTE1QzQ4NDNDRDRBOEE0Mjg5RUE0ODQzNzM2QTg3
NDI0NTc3NDY0MzZGNjU3NzQyOEJGODQyNDM4N0Y1NzU0MjgzRDE1NDQzN0Yz
MjhBNDI5RUU2ODk0Mzk5MTU5NzQyNjAwNEQ2M0YwMEU3MEE0MERDQkVFQzNG
M0VBNjdEM0ZDOTYzOTQzRjhCNEIzODQwM0JBODI2NDA3MDBDNjg0MEFCQzc3
QzQwNUNGNDdGNDA3ODdERTg0MDBGQjE4QzQwNzU5NDE0NDBGRDdDMTU0MEZC
QkUzMTQwQzlBOEM1M0ZGNDdFNkIzRjZBNUM5MTNGRUUzNDlGM0YyQjRGMjYz
RjU5N0MxNTNGOUQwNTJCM0ZFOEM2N0IzRkNCNjQxRTNGNEQ3RDUyM0ZFQUM5
RUQzRUEwODQyQjNGQjEwNjdBM0YzOUM5MTkzRjA4QTdFRTNFODdENEQ1M0U1
NTEyNjMzRTE4NzYzNjNFNzYxQTM1M0U5NjczNDYzRTQ5MzEzNzNFN0JEQTdG
M0RDMDgwOEYzRDdENUFBRDNENkQ2RkU3M0RCOTc0NUIzRUEwRTk1NDNFNkFE
QzNCM0UzOEE4QTAzRDZFNzVEMzNEQzI2RTcxQzgqNjcNCg0K

--SBD.Boundary.605592468
PROCESS /noc/users/iridburst/exec/irid_300224010734970_upd.pl
Last Run  ----1970-01-01 00:00:00 
MONTH  5 
DATA  xxrecord 2012-05-21 18:00:05 :: $W5M5A,120521,180005,660d0028449ce246,1,DAS 2,4901.6624N,1621.6082W,12.0,222,14.5,14.0,13.1,96.1,12.5,13.2,96.5,12.6,1005.4,2.12,3.31,7.1,251,37*6B
 
INSERT
STATION sbdservice
IRID_ID 300224010734970
BODY 
Content-Type: application/x-zip-compressed; name="SBMmessage.sbd"
Content-Disposition: attachment; filename="300224010734970_003462.sbd"
Content-Transfer-Encoding: base64

JFc1TTVBLDEyMDUyMSwxOTAwMDUsNjYwZDAwMjg0NDljZTI0NiwxLERBUyAy
LDQ5MDEuNjY5Mk4sMTYyMS42MjQ4VywxMS45LDIxMSwxNC44LDE0LjAsMTMu
MCw5Ni42LDEyLjUsMTMuMSw5Ni44LDEyLjYsMTAwNS40LDEuODIsMi44NCw3
LjQsMjUxLDM4KjYzDQoNCiRXNU01QSwxMjA1MjEsMTkwMDA1LDY2MGQwMDI4
NDQ5Y2UyNDYsMixEQVMgMiwxMy4xLDEzLjIsMC4yLDAuNCwwLjAxLDExNTks
MTE2OSwxNTYsNjI4LDAsMzMzLjAsMTUuODQsOTIxKjYyDQoNCiRXNU01QSwx
MjA1MjEsMTkwMDA1LDY2MGQwMDI4NDQ5Y2UyNDYsMyw3RjAwNzQwMjNBMDAw
MDUzMzIzMDMxMzIzMDM1MzIzMTMxMzgzNDMwMzAzMDU1NUEwMDMxMzIzMDM1
MzIzMTMxMzgzNDMwMkM1NDQxNDIzMDMwMzAzMDMwMkMyRDMwMzUzMTJFMzEy
QzJDMzEzMjJFMzYzMDJDMzQyRTMwMkMzMzM2MzAzMDJDMzYzMDJDMzYzMDJD
MzEyQzMwMzAzNTM3MzAyQzMzMkUzNDMyMkMzMTJFMzIzNjJDMzczNjJDMzAy
QzMwMkUzMTM3MzEyQzJCMzAzMDJFMzAwRDBBQkQxMDE3NDNCNjU0N0YwMDY3
MDIzQTAwMDA1NzMyMzAzMTMyMzAzNTMyMzEzMTM4MzQzMDMwMzBGRjREMDAw
MDgwRkI0NDAwNDAwMjQ0MDBCMDMzNDgwMDAwRkM0MjZFRkM5OTNGREYyQUND
NDBFMEE0MzU0MDRDRTlFODNGNTJDNEYwNDBFQjVBMTE0MDlDOUVFNzQwQTlB
RkNCNDA3QzA5RUQ0MDc2QTJGNzQwOTRDRUY5M0YwRkZCN0E0M0FDMDQxNzQy
QUFDMTJFM0M4NjIyMTBFODA5M0E3RjAyN0UwMjNBMDAwMDRCNTY0ODIwMzcz
MjMwMzEzMjMwMzUzMjMxMzEzODM0MzAzMDMwMzEwMDAwMDA3QjE0QUUzRDBB
RDdBMzNCMTNGQjdBNDNBOTA0MTc0MjRDMzY5OTQzNkQxMzFCNDIyNzcyOTM0
MzQwMzRDNDQxNzBERThGNDM5N0E1QTU0MTRDNTU4RDQzREY3M0MyNDFBNkE4
OEE0MzM2OEUwODQyQkE3MDdGNDMxNEVCMkM0MkY2MzQ3NTQzMDQ2MjFGNDI5
NzlDN0U0M0RGMUExRTQyRTZFOTgxNDNFODk5MTg0MkM4Qjc3RDQzOUEzOTA2
NDI4OUJEN0M0MzAxNDMxMTQyMEVCNDdCNDNFNTQzMjM0MjQ2MUI3MTQzNEVF
MzFCNDJFRjdENkQ0MzhFMDMwMzQyRDg3RDZGNDNCQTQwMEI0MjQ2MzY2QzQz
RkY1NzIyNDJBMjExNjQ0M0E3MjYxRDQyNTEyOTYwNDNGRDAzMjA0MjAxRDM2
MTQzOTQxQzMxNDJCMkY3NjE0MzYwOTQxQzQyNDM5QzVCNDM3QkEzMTk0MjQ1
RDk2MjQzOUZGRDFFNDJCQzM0NzE0MzE5NTIxQTQyRDBGOTc4NDM0QUU4MUY0
MkJGMTc3MTQzM0M4NzM5NDJGNzhENjU0MzRBNzA0ODQyRERGMzY1NDNENTZB
NDI0MkZBOTc2RjQzQjIwQTQ3NDIwMjhDNzY0M0FEMTA0QjQyQTAwQTc0NDMz
MjZCNDA0MkFFNEI3MTQzOEYxRDQyNDJDQUQ0NzA0MzEzRjA0NzQyQkYzNDZE
NDNBMUU3NDE0MjEyOTY1RjQzNDRFNzQ0NDI1QTdGNTQ0M0ZENzQ1MzQyRkND
MTU3NDNFN0VBNjg0MkFCRTM1OTQzNDYwMzgwNDI5M0NFNDQ0M0JENzY3QTQy
NUY3NDQ5NDMxMEZENzk0MkQ3MzU1ODQzMzUyOThBNDJBQzU5NjI0MzQyODg5
MjQyRDc3OTVBNDM5MjY2OTQ0MkVDMzAzRjQzQUFBNjk1NDI2RUEyMjU0MzdE
RDU5OTQyRTQwQzM1NDM4RUFCOTg0Mjg4MEIzQzQzRDhDMDk3NDI1MTU4NjU0
MzFEMUI5RjQyRUI2QTBGNDMxMThBOTg0MkQ1N0JFNjQyN0ZFNDkzNDI2QzRF
RjIzRTc5RjMwRTQwOUU1NzI4NDBEREU4MEI0MDc5QTZEMDNGODBCRDg1M0ZE
M0I1QjUzRjgyRDQ1NDQwQTU1RTJBNDBENDIxMDE0MDJBN0U3MjQwMkU0NTQ5
NDA1Q0RGMDU0MDBFRDgyRDQwOEVCM0RDM0ZGQzdCNTMzRjE4RTdENDNGODcy
MzlFM0ZENDBFMUEzRjNEMjU1MzNGQjEzMjFEM0ZFNUYwMkEzRkI2MDQ3NTNG
OERFRjJDM0ZDM0FCMkMzRkUzMEY5NDNFMkE2N0FEM0UyODJEQ0MzRTAyOTdD
NzNFRjAxN0JEM0UzQkExQjgzRTQyOTRERDNFRUVDQzdCM0U4RkZGMTEzRTg2
QjgxQjNFREYyMjkyM0VCMEQxMzYzRTkzN0VFNDNEODY0NzE4M0U2NzQzNTAz
RUYwMTRGQjNERDM5QUZDM0QxQ0I5MDMzRQ==

--SBD.Boundary.605592468
PROCESS /noc/users/iridburst/exec/irid_300224010734970_upd.pl
Last Run  ----1970-01-01 00:00:00 
MONTH  5 
DATA  xxrecord 2012-05-21 19:00:05 :: $W5M5A,120521,190005,660d0028449ce246,1,DAS 2,4901.6692N,1621.6248W,11.9,211,14.8,14.0,13.0,96.6,12.5,13.1,96.8,12.6,1005.4,1.82,2.84,7.4,251,38*63
 
INSERT
STATION sbdservice
IRID_ID 300224010734970
BODY 
Content-Type: application/x-zip-compressed; name="SBMmessage.sbd"
Content-Disposition: attachment; filename="300224010734970_003463.sbd"
Content-Transfer-Encoding: base64

JFc1TTVBLDEyMDUyMSwyMDAwMDUsNjYwZDAwMjg0NDljZTI0NiwxLERBUyAy
LDQ5MDEuNjY5MU4sMTYyMS42MTEzVywxMC43LDIwMiwxMi40LDE0LjAsMTIu
OSw5NS42LDEyLjIsMTIuOSw5Ni4wLDEyLjMsMTAwNS41LDEuOTgsMy4xNSw3
LjQsMjQ3LDM5KjZEDQoNCiRXNU01QSwxMjA1MjEsMjAwMDA1LDY2MGQwMDI4
NDQ5Y2UyNDYsMixEQVMgMiwxMy4wLDEzLjIsMC4yLDAuNCwwLjAxLDExNjAs
MTE3MCwxNTYsNjI4LDAsNjIuOSwxNS44NCw5MjUqNTENCg0KJFc1TTVBLDEy
MDUyMSwyMDAwMDUsNjYwZDAwMjg0NDljZTI0NiwzLDdGMDA3NDAyM0EwMDAw
NTMzMjMwMzEzMjMwMzUzMjMxMzEzOTM0MzAzMDMwNTU1QTAwMzEzMjMwMzUz
MjMxMzEzOTM0MzAyQzU0NDE0MjMwMzAzMDMwMzAyQzJEMzAzNTMxMkUzMTJD
MkMzMTMyMkUzNTM1MkMzNDJFMzAyQzMzMzYzMDMwMkMzNjMwMkMzNjMwMkMz
MTJDMzAzMDM1MzczMDJDMzMyRTM0MzIyQzMxMkUzMjM2MkMzNzM3MkMzMDJD
MzAyRTMxMzczMDJDMkIzMDMwMkUzMDBEMEFDMjEwNUY3RjVFNjU3RjAwNjcw
MjNBMDAwMDU3MzIzMDMxMzIzMDM1MzIzMTMxMzkzNDMwMzAzMEZGNEQwMDAw
ODBGQjQ0MDA0MDAyNDQwMDc0M0Q0ODAwMDBGQTQyRDhFRDlEM0Y2MEE4Q0U0
MEI0QTc0OTQwN0IxNEZEM0ZDNkU5RjM0MEJDNDcxRDQwMDIzOUYyNDAyNUYw
RDE0MDdDMDlFRDQwNUEzQUYxNDAwNkRDMDI0MDBCOTU3NjQzQjZFQTFDNDIy
RTY4M0UzQzAzMUY5M0I5MjMxMTdGMDI2NjAyM0EwMDAwNEI1NjQ4MjAzNzMy
MzAzMTMyMzAzNTMyMzEzMTM5MzQzMDMwMzAyRjAwMDAwMDBBRDdBMzNEMEFE
N0EzM0IwRTk1NzY0M0I0RUExQzQyNzRBMThDNDMyREQ2MUM0MkQzNzc4RTQz
NUU1OTA3NDIxMEUwOTE0M0JBOEMwMTQyRDM5MTkxNDMxQjg2RjE0MTlFQjk4
RDQzNTQzQkVENDE1M0U0OEE0M0U1RDJGMTQxNEY2Mzg2NDM0NTY0MTA0MjVF
NTQ4MTQzNTA0MzJDNDIxQ0MxODA0Mzk2NzIyMzQyNjBDRDc5NDM2NTVDMTc0
MkQyMjE2RjQzRkNEOTFENDIzNDRBNzA0MzU5OEUxOTQyNDhCRTZGNDNFOUM0
MEQ0Mjg0NkU2ODQzMDRBQzA1NDJCMjkwNjk0M0ZDMzkwRDQyQTIxNDZENDNB
RDcyMjc0MjBFN0I3MTQzNDgzQzNENDI0REQ5N0Y0M0VDNTczOTQyMEFBRTcy
NDM5ODYxMzY0MjcwREE2NDQzODdEQjFENDIwQTQ1NjE0M0JFMTIxODQyQzQ2
QzVCNDM0RDY1MjA0MjRDMEY1RTQzNzg5RjIyNDI1RTMzNkI0MzE1MUUxODQy
M0EyQjcwNDMyOTlCMTY0MjU2QUM2QjQzMEFFNDJGNDI4QTQ3NjU0MzZFQkYz
RTQyRTlFRDRCNDM0OEExM0Y0MkI2Nzg0NTQzNzA4QTQyNDJGRTAyNTM0M0ND
MjM0RjQyRDExNzRCNDM5NEQzNTQ0MjVGQzEzQzQzNDA2RDVBNDI3QkQyNEE0
M0JDRTg2ODQyNjVDNjRDNDM0NDE3NkI0MkQ0RTU1QjQzRDc1NDVFNDJBQzc0
NUQ0M0VBQzk1RjQyRUU5NzVDNDMyRUVBNkY0MjVCMjE2NDQzRkRERDdFNDJD
ODBGNjY0Mzk1MUE4NTQyOEE1OTUzNDMzNEE1OEQ0MkM3MzMzOTQzQjg4NDkw
NDJGODRGNDQ0MzFDNEY4RjQyRjVCMTRDNDM4OENEOTE0MjkyQTczMTQzNEM5
OTk2NDI4NkY5QTM0M0RCNEM5QjQyRjRFNUIzNDMwM0FCOTQ0MjYzNDZCRDQy
M0ExQjk1NDIzOTZEOEUzRTA4QjM2QjNGQkUyNjkxM0ZDQTE0QTUzRkUzNzY3
RDNGQjUwNDNDNDBENkYxNzA0MERBMDkzODQwQzYwMDBFNDBDRDU5Njg0MEFB
QjA0MzQwMEEyQ0JFNDAxN0EyODY0MDY4ODgzRjQwREUzNDMyNDA2RjgxQjcz
RkM1QkEzNzNGNUZFMEIxM0UxMDgwMjYzRjRDQUM1OTNGMTBCMjQ1M0YyRjkw
MjAzRjgwMTc0MzNGNERBRDI1M0ZBQjQwREMzRUVFNEQ5NTNFQkEzNUEwM0VB
MENDQTIzRUMzQzU5MDNFQjdEQjBEM0ZEQ0JBQzkzRUI5NjE1NjNFM0Y2MjAz
M0VGRkI5RUIzRDdEQTBGODNEQjA3MjgzM0VGOEM4RTkzRUI3N0RCMDNFRUJC
NjcwM0U0MDU4M0YzRUFEQjU4OTNFNEVERDVGM0VDNTIzMEMzRTIwRjZEMzNE
QzlFODNEM0RCQUI5MkIzRDAyOEEyQjNEQQ==

--SBD.Boundary.605592468
PROCESS /noc/users/iridburst/exec/irid_300224010734970_upd.pl
Last Run  ----1970-01-01 00:00:00 
MONTH  5 
DATA  xxrecord 2012-05-21 20:00:05 :: $W5M5A,120521,200005,660d0028449ce246,1,DAS 2,4901.6691N,1621.6113W,10.7,202,12.4,14.0,12.9,95.6,12.2,12.9,96.0,12.3,1005.5,1.98,3.15,7.4,247,39*6D
 
INSERT
STATION sbdservice
IRID_ID 300224010734970
BODY 
Content-Type: application/x-zip-compressed; name="SBMmessage.sbd"
Content-Disposition: attachment; filename="300224010734970_003464.sbd"
Content-Transfer-Encoding: base64

JFc1TTVBLDEyMDUyMSwyMTAwMDUsNjYwZDAwMjg0NDljZTI0NiwxLERBUyAy
LDQ5MDEuNjUwN04sMTYyMS41NTU5VywxMS4zLDE3OSwxMy43LDE0LjAsMTIu
OSw5Ni4wLDEyLjMsMTIuOSw5Ni40LDEyLjQsMTAwNS4xLDEuOSwyLjc5LDEw
LDI2MCwzOCo3OQ0KDQokVzVNNUEsMTIwNTIxLDIxMDAwNSw2NjBkMDAyODQ0
OWNlMjQ2LDIsREFTIDIsMTMuMCwxMy4xLDAuMiwwLjQsMC4wMSwxMTYxLDEx
NzEsMTU2LDYyOCwwLDMzOS43LDE1Ljg0LDkyMSo2NA0KDQokVzVNNUEsMTIw
NTIxLDIxMDAwNSw2NjBkMDAyODQ0OWNlMjQ2LDMsN0YwMDc0MDIzQTAwMDA1
MzMyMzAzMTMyMzAzNTMyMzEzMjMwMzQzMDMwMzA1NTVBMDAzMTMyMzAzNTMy
MzEzMjMwMzQzMDJDNTQ0MTQyMzAzMDMwMzAzMDJDMkQzMDM1MzEyRTMxMkMy
QzMxMzIyRTM1MzIyQzM0MkUzMDJDMzMzNjMwMzAyQzM2MzAyQzM2MzAyQzMx
MkMzMDMwMzUzNzMwMkMzMzJFMzQzMjJDMzEyRTMyMzYyQzM3MzgyQzMwMkMz
MDJFMzEzNzMxMkMyQjMwMzAyRTMwMEQwQUI5MTBFRDFDMjM0NzdGMDA2NzAy
M0EwMDAwNTczMjMwMzEzMjMwMzUzMjMxMzIzMDM0MzAzMDMwRkY0RDAwMDA4
MEZCNDQwMDQwMDI0NDAwMzg0NzQ4MDAwMEVDNDJCQ0M1OTUzRjg1N0VEQTQw
MEE4MTMyNDBDQTk0RjIzRjgyQzZGQzQwNjM0RTE0NDAyQzRBMDY0MTUwQTJE
QTQwMDEwMDIwNDE1Mzk3MTM0MTQ3NzFGODNGQ0QyOTgyNDM0NUNBMTg0MkM5
MDkyRDNDQzQxQjgyRTIyQ0IwN0YwMjcyMDIzQTAwMDA0QjU2NDgyMDM3MzIz
MDMxMzIzMDM1MzIzMTMyMzAzNDMwMzAzMDMwMDAwMDAwN0IxNEFFM0QwQUQ3
QTMzQkNGMjk4MjQzNDRDQTE4NDI5MDVCOTE0MzBDODUxNjQyNTFFRDhFNDM4
MENGMDM0MjVGMTM4RTQzQzY0MEQxNDExMjQ4OEQ0MzAzRjhDNTQxREM4Qjg3
NDNDN0Y3RUQ0MTNDQzU3RDQzRDVCQ0RGNDEzODAzN0U0Mzk1MEFGQTQxMkMz
RTdFNDMwMjA1MUU0MkZDNTE4NTQzMEQwMzJBNDI5NUJBOEI0MzVEMkUxQjQy
NjNGNzg4NDM5MkQ1MkE0MjA4OTg4MTQzQTAxRDMxNDJCOEYxN0U0MzFEQzcx
RjQyMTk5NDc0NDMzM0IwMUU0MjZEQzg2QzQzN0MyNTM1NDIzNTFGNzU0MzMy
QTE1MDQyNjY4OTdBNDM2OTcwNDM0MkM2RDk3MzQzRkI4MjM0NDIyQ0VDNkM0
M0MxMTI0MTQyNEM4NzU5NDMzRjY2NDg0MjYzQTM1NTQzRDFDQTM1NDIwMDA1
NTY0M0M0RUYyQTQyQUZBMzU4NDM1MDMwM0Q0MkUxMTM2MDQzOTA0NDU0NDI1
RjI3NUQ0MzFBMTY1NjQyNzdGRjU1NDM1OEM1NjA0MjRGNDQ0QjQzOTlDOTY3
NDJCODZDNTM0MzBCQkU2NzQyRkE2ODcwNDNFNTVBNTE0MjA3RUE2RjQzMTc0
MTQwNDIwQzM2NjY0M0QzRUI0NzQyM0RENjVDNDNBMDkwNkM0Mjc4RUI2MzQz
QkJCNzgxNDJFMTJENzQ0M0VFQkY4MTQyRjZCNDcwNDNFRjM0N0E0MkEzMEU1
NjQzMTRFQzcxNDI3MzI2NDk0MzgyN0U2QzQyRkIyMjUwNDM1MTkyN0Y0MkQ2
NDQ1RjQzMjVCRDg4NDI2Qzc1NzM0MzQ0MzU4NzQyNzZERTZFNDNEQTkxOEI0
MjhDQzk0NzQzRUIxMDkyNDJEQzYxMjA0Mzc5MTI5MDQyRTUzRjBDNDNEMkYw
OTM0MjAyMUIzMDNENEE5MTlENDIwQjY2QUY0M0MyOTQ5ODQyODlBQ0U5NDI0
NzhFOUI0MkU0ODcwQjQzQzg4Qjg3NDJDOEYzMTkzRjVGRDFBMjNGNTFFRDc0
NDBBOUIzQTE0MDU0RjIzMDQwQkI1MjI2NDBDNUM5NDY0MDkxQUEzOTQwOTdF
MDQxNDA5NjREODc0MEE4QTlFOTNGRTRGRDk1M0ZEMUYzQTIzRkNENTRDRDNG
NUU5MkE4M0ZCNEFFMkQzRjE4QzQyNDNGNEY1QzNFM0YzMEY2RjUzRUVDMjkw
NTNGNkIwREUwM0U3MDg2NDIzRjFGMDYyMjNGRDk1NkQ1M0U3RTEzMUEzRkM2
NjA3QzNFNEM5NzlGM0VGNzQyNDMzRThGNjc4NTNFMjBGMUM2M0U5Qzk2M0Mz
RUREQUQxNDNFRjYzNjMzM0U1ODMwNDAzRUIyQTQyNjNFODE5MjJCM0U5OUQ1
M0EzRTQ5QkExMTNFRTE2MzQyM0VDQTEyMzIzRThGMDBDRTNERDUxMkJCM0RE
NEVEQkUzRERDODU5QjNERTg2MzZBM0QwRg==

--SBD.Boundary.605592468
PROCESS /noc/users/iridburst/exec/irid_300224010734970_upd.pl
Last Run  ----1970-01-01 00:00:00 
MONTH  5 
DATA  xxrecord 2012-05-21 21:00:05 :: $W5M5A,120521,210005,660d0028449ce246,1,DAS 2,4901.6507N,1621.5559W,11.3,179,13.7,14.0,12.9,96.0,12.3,12.9,96.4,12.4,1005.1,1.9,2.79,10,260,38*79
 
INSERT
STATION sbdservice
IRID_ID 300224010734970
BODY 
Content-Type: application/x-zip-compressed; name="SBMmessage.sbd"
Content-Disposition: attachment; filename="300224010734970_003465.sbd"
Content-Transfer-Encoding: base64

JFc1TTVBLDEyMDUyMSwyMjAwMDUsNjYwZDAwMjg0NDljZTI0NiwxLERBUyAy
LDQ5MDEuNjIwNk4sMTYyMS40Nzg5VywxMS43LDE3NSwxNC4wLDE0LjAsMTIu
NCw5NC4wLDExLjUsMTIuNSw5NC4xLDExLjYsMTAwNS4xLDEuOCwzLjAxLDgu
NywyNTQsMzkqNTMNCg0KJFc1TTVBLDEyMDUyMSwyMjAwMDUsNjYwZDAwMjg0
NDljZTI0NiwyLERBUyAyLDEzLjAsMTMuMSwwLjIsMC41LDAuMDEsMTE2Miwx
MTcyLDE1Niw2MjgsMCwzMTQuMCwxNS44NCw5MjIqNkQNCg0KJFc1TTVBLDEy
MDUyMSwyMjAwMDUsNjYwZDAwMjg0NDljZTI0NiwzLDdGMDA3NDAyM0EwMDAw
NTMzMjMwMzEzMjMwMzUzMjMxMzIzMTM0MzAzMDMwNTU1QTAwMzEzMjMwMzUz
MjMxMzIzMTM0MzAyQzU0NDE0MjMwMzAzMDMwMzAyQzJEMzAzNTMxMkUzMTJD
MkMzMTMyMkUzNTMwMkMzNDJFMzAyQzMzMzYzMDMwMkMzNjMwMkMzNjMwMkMz
MTJDMzAzMDM1MzczMDJDMzMyRTM0MzIyQzMxMkUzMjM2MkMzNzM5MkMzMDJD
MzAyRTMxMzczMTJDMkIzMDMwMkUzMDBEMEFCOTEwMDRCQzVDODY3RjAwNjcw
MjNBMDAwMDU3MzIzMDMxMzIzMDM1MzIzMTMyMzEzNDMwMzAzMEZGNEQwMDAw
ODBGQjQ0MDA0MDAyNDQwMEZDNTA0ODAwMDBGMDQyOEJEMTk1M0Y5Q0E5RDQ0
MDY2NUQ0MDQwNjZEQkU2M0Y1NUMyMDA0MUY1MDcwQTQwQThERUY5NDBGOTBE
RDA0MDY1MjEwQjQxMzQ4MTBFNDE4RDJCRjQzRjZBM0I3RTQzMkMyNzFCNDJE
MzVFMjczQzY3MURBQjFDNTZDMTdGMDI3RTAyM0EwMDAwNEI1NjQ4MjAzNzMy
MzAzMTMyMzAzNTMyMzEzMjMxMzQzMDMwMzAzMTAwMDAwMDdCMTRBRTNEMEFE
N0EzM0I2RTNCN0U0MzI3MjcxQjQyNTczMzlBNDNCREVGNDI0MjMxREQ5MzQz
RkNFRTE3NDJEQzJBOEY0M0Q1RkRENzQxQzJDODhENDMyNzJDRDg0MUQ0NTc4
QTQzRTFGQkZBNDExMDQyODc0MzZBRjNGQjQxRDRCNDg2NDNBRDY3MEE0Mjky
NUM4NTQzMEJDMDJDNDJEQ0UzNzk0M0I1RTYzQTQyMTk5MjY4NDM3QzFEMTI0
MjE3NzU2NDQzNzlFQ0ZBNDFCODlFNjQ0MzYyQUUwNjQyNzlBRjYxNDNENjVG
MUI0MjNGMjU2NDQzODQ0MjQ2NDJGMjQ0N0I0MzBGRUE0MjQyMkEwNTdENDM2
NEJDMzM0MjlDMEE3NjQzMEE0NjM2NDI4MDEyNkY0Mzg2M0MzNDQyNEE0OTZE
NDMxMkMxMjg0MkE0N0Y3NTQzNERCNDE0NDIzMjhDNzk0MzY0RjQxOTQyQUE5
RTZGNDMwMUFEMzM0MjI0ODE2NDQzQzRCNjI5NDI4MEY1NjI0MzJEMkMyMTQy
NDNERTY2NDNBRkM0Mzg0MkQ2MDI3MjQzRkFENzUwNDIyRkE1Njc0MzI5MDg1
RDQyMzZEMTVCNDNCM0I4NEM0MkYwMTA2NjQzODdCRDNCNDIzNERGNkQ0Mzky
NUE0RjQyOUFBRjY3NDNFNTUzNkI0MkNFMDM2NDQzQURCRDY2NDI1OTFBNjE0
Mzc0RjA2QjQyODNDOTYwNDM2RTI2NjI0MjIyM0Q2RjQzMzlGNTZBNDIzQURE
Nzg0M0JGOEE4QjQyNEU4QTRENDNEODVFOEE0MjJGQjc0MDQzNDEzNzdBNDIy
RDVGNTA0MzY5RTE3QzQyODgwQTY4NDM3QUQ2ODQ0Mjg0NUY2MTQzNDREMjk3
NDJCNDU4ODg0M0U5RkI5NjQyNEEwOThBNDM3QkYwOEE0MjAyQkY4NDQzM0NC
NThFNDI0MDQzODc0MzQ1NTM5NjQyQUU5MDhGNDNFQTkwOTM0MkE5MEU5RDQz
NDU2Qzk1NDJBMThGMTg0MkIzMkU5NzQyMEJFN0E0NDEwMkNFOTU0MjRFRkI5
MjNFMTJBNTExM0YzODlBNUM0MDk1Qzg2MzQwMzg5QjNCNDAzQzMzMTE0MDcw
MUM2RTQwMDJCNzMzNDAwMTNDMEU0MDlEOEIyNTQwQzNENjBFNDBGMDk2NEE0
MDE5QTRFQzNGOUYyMjE4M0Y5RTc4ODEzRkRDMDA4RTNGOERCNEY0M0VGNDc1
RTgzRTI1RTlCRTNFNDZGNjA1M0ZDOTg4MzQzRjgyQjc1MDNGQUZEMDY3M0ZF
OTkzODEzRjVCRDRDRDNFMjZCQkI0M0VCRTVBOEEzRTc4QjBBNTNFREVGMkU5
M0U2NzFEQTgzRUZEMDY3NzNFQTc2N0FCM0U0NUEzNEIzRTRBRDczMDNFQTRG
RUQyM0RENkQyRjUzRDcyQjMzMDNFNjYxNDRFM0VCNkI1MzczRUE5RTZBNzNE
RTNGN0U4M0Q2MUJGQ0EzRDYzMUMwODNFNw==

--SBD.Boundary.605592468
PROCESS /noc/users/iridburst/exec/irid_300224010734970_upd.pl
Last Run  ----1970-01-01 00:00:00 
MONTH  5 
DATA  xxrecord 2012-05-21 22:00:05 :: $W5M5A,120521,220005,660d0028449ce246,1,DAS 2,4901.6206N,1621.4789W,11.7,175,14.0,14.0,12.4,94.0,11.5,12.5,94.1,11.6,1005.1,1.8,3.01,8.7,254,39*53
 
INSERT
STATION sbdservice
IRID_ID 300224010734970
BODY 
Content-Type: application/x-zip-compressed; name="SBMmessage.sbd"
Content-Disposition: attachment; filename="300224010734970_003466.sbd"
Content-Transfer-Encoding: base64

JFc1TTVBLDEyMDUyMSwyMzAwMDUsNjYwZDAwMjg0NDljZTI0NiwxLERBUyAy
LDQ5MDEuNTc3NE4sMTYyMS4zODQ1VywxOS4xLDE5NywyMy43LDE0LjAsMTMu
Miw5Ny4xLDEyLjcsMTMuMiw5Ny41LDEyLjgsMTAwNC40LDIuMjgsMy4zOSw4
LjcsMjU1LDM2KjYwDQoNCiRXNU01QSwxMjA1MjEsMjMwMDA1LDY2MGQwMDI4
NDQ5Y2UyNDYsMixEQVMgMiwxMi45LDEzLjEsMC4yLDAuNSwwLjAxLDExNjMs
MTE3MywxNTYsNjI4LDAsMjk3LjUsMTUuODQsOTI2KjZGDQoNCiRXNU01QSwx
MjA1MjEsMjMwMDA1LDY2MGQwMDI4NDQ5Y2UyNDYsMyw3RjAwNzQwMjNBMDAw
MDUzMzIzMDMxMzIzMDM1MzIzMTMyMzIzNDMwMzAzMDU1NUEwMDMxMzIzMDM1
MzIzMTMyMzIzNDMwMkM1NDQxNDIzMDMwMzAzMDMwMkMyRDMwMzUzMTJFMzEy
QzJDMzEzMjJFMzQzODJDMzQyRTMwMkMzMzM2MzAzMDJDMzYzMDJDMzYzMDJD
MzEyQzMwMzAzNTM3MzAyQzMzMkUzNDMyMkMzMTJFMzIzNjJDMzgzMDJDMzAy
QzMwMkUzMTM3MzEyQzJCMzAzMDJFMzAwRDBBQjkxMEZFNTc5NkE3N0YwMDY3
MDIzQTAwMDA1NzMyMzAzMTMyMzAzNTMyMzEzMjMyMzQzMDMwMzBGRjREMDAw
MDgwRkI0NDAwNDAwMjQ0MDBDMDVBNDgwMDAwRUM0MjNCREVBRTNGMzA5M0RB
NDAxOEVENTg0MEFEMDQxMjQwNUVDRTA2NDE4QjM5MzA0MDA1QzYwNzQxNjY5
QkRFNDA2NTIxMEI0MTU5RTIwQTQxMzIyRDEyNDAxQ0FDN0U0MzE2NzUwRjQy
ODIwMDcwM0MxOTE5NkU4OEYzRDU3RjAyN0UwMjNBMDAwMDRCNTY0ODIwMzcz
MjMwMzEzMjMwMzUzMjMxMzIzMjM0MzAzMDMwMzEwMDAwMDA3QjE0QUUzRDBB
RDdBMzNCMUZBQzdFNDMxNjc1MEY0MjAxQ0M4RDQzMkUwMTE3NDJFMTcxOEI0
MzlFRjhDOTQxNDRBNzhBNDM1N0E5REE0MUYwN0U4QTQzM0Y1MkZENDE1OEIz
OEE0M0EzRDAwMjQyODcwOTg5NDM5MkJDRUY0MTlDMTU4NTQzNEJCQkVGNDFE
RUJGODA0MzNENDYwODQyRkVBOTdBNDM1NEY0MjY0MkQwQUE2RjQzRDE1RTI1
NDI2RUUxNkE0MzNGNjMwNTQyNDJCQjY5NDNCMjc4MEM0MjBEQTY2ODQzOURC
NzFBNDJCNjY4NjA0MzM0QUQyMDQyQkI4MzY1NDNFNkFGMUU0MkNBRDk2ODQz
QUFFODEwNDI5MEVGNjI0M0E2OEExMDQyQ0ZFODYzNDM3RUYzMUI0Mjk0MEU2
RDQzNTI5MzE1NDI0NjIwNkY0M0E2NzYxODQyOTZCNDY4NDNCQ0M1Mjg0MjYw
MDQ2MDQzMDRGMTI2NDI3RUFGNUE0Mzc1MUUzNjQyRjhBNDU2NDNGOUIxNTI0
MjE5MTE2MzQzN0RFRTQ1NDI5NUUwNjM0M0MxMTA0NTQyNUIxNTU2NDM2QjA5
NEM0MjEzREE1MzQzMkRBRDRCNDIxNDgwNjU0MzNBRDMzQzQyREY4NzZENDM2
ODUwM0Y0MjAzMDc1RDQzMzI4MzY3NDI5Qzc5NDk0MzNBRDI2OTQyRUE5ODUx
NDM5MTcxNkE0MjgwREI2NDQzRjkxRTc1NDI2Qzg2NzY0MzdBMDM3QTQyNzcx
QzZDNDNFQjg5NzE0MjkxQjE2NTQzMzlCMzgwNDI5MjQ4NTg0MzBENjU4QTQy
ODE4RjM0NDM4RTBCODU0MjE5OEUzQjQzN0JFMjg5NDJFMzI1NEU0MzRFNjk5
MzQyQzZDQjQzNDNBRUVCOTg0MkIxMzYxQTQzMEY0OTk3NDI5MDhEMkQ0M0E0
RTE5NjQyRTQxNDZCNDNBOERCOTU0MjM3MDIwRjQzNjBERDlENDJDQTc5QUU0
MjFEREE5OTQyQjhDQzZDNDExMTY3OUM0MjEyQTVBQTQzNzZFMDlCNDJDRjlD
MEUzRjU3OERGRTNGN0E2RjgyNDA4QzU4QTM0MDlGMkQyNzQwQzIzQ0QwNDA0
NUY4MDQ0MTJDRjdGNjQwNDJCMTVENDAwNjBCMDE0MEIxMTQ0OTQwQ0FBRTFB
NDBFMUQ5RDUzRjdBOUM5OTNGQzdDRDRCM0Y3NDc1RTIzRkQzM0Y3ODNGMkFE
NTdCM0YzRDJFMjgzRjg4RUU2RDNGNzMyRTIzM0ZBQUVBNTgzRkQ1RDkyNjNG
RDhEMUNDM0U4QTE1ODUzRTdEMEM4QjNFNTQ0QjhCM0VCNERDODEzRTM5RUU0
ODNFMUUzMDgyM0VGMzc4OUUzRTAzNzEyMTNFMTMxMDhEM0U1ODU2NUMzRTFE
MzNBQzNEN0E0OEQ4M0RGMUM3N0UzRTVEQ0Q0NzNFQ0VFOEYxM0Q5NERDM0Uz
RTlFODczNDNFNDNDQTMzM0VEMDc1NUUzRQ==

--SBD.Boundary.605592468
PROCESS /noc/users/iridburst/exec/irid_300224010734970_upd.pl
Last Run  ----1970-01-01 00:00:00 
MONTH  5 
DATA  xxrecord 2012-05-21 23:00:05 :: $W5M5A,120521,230005,660d0028449ce246,1,DAS 2,4901.5774N,1621.3845W,19.1,197,23.7,14.0,13.2,97.1,12.7,13.2,97.5,12.8,1004.4,2.28,3.39,8.7,255,36*60
 
INSERT
STATION sbdservice
IRID_ID 300224010734970
BODY 
Content-Type: application/x-zip-compressed; name="SBMmessage.sbd"
Content-Disposition: attachment; filename="300224010734970_003467.sbd"
Content-Transfer-Encoding: base64

JFc1TTVBLDEyMDUyMiwwMDAwMDUsNjYwZDAwMjg0NDljZTI0NiwxLERBUyAy
LDQ5MDEuNTU3MU4sMTYyMS4zMTIwVywyMS42LDIwMSwyNS45LDE0LjAsMTMu
Niw5Ni42LDEzLjAsMTMuNiw5Ny4xLDEzLjEsMTAwNC40LDEuODIsMi42Nyw4
LDI0Nyw0NCo3RA0KDQokVzVNNUEsMTIwNTIyLDAwMDAwNSw2NjBkMDAyODQ0
OWNlMjQ2LDIsREFTIDIsMTIuOSwxMy4xLDAuMiwwLjQsMC4wMSwxMTY0LDEx
NzQsMTU2LDYyOCwwLDMzNC40LDE1Ljg0LDkyMSo2Mg0KDQokVzVNNUEsMTIw
NTIyLDAwMDAwNSw2NjBkMDAyODQ0OWNlMjQ2LDMsN0YwMDc0MDIzQTAwMDA1
MzMyMzAzMTMyMzAzNTMyMzEzMjMzMzQzMDMwMzA1NTVBMDAzMTMyMzAzNTMy
MzEzMjMzMzQzMDJDNTQ0MTQyMzAzMDMwMzAzMDJDMkQzMDM1MzEyRTMxMkMy
QzMxMzIyRTM0MzYyQzM0MkUzMDJDMzMzNjMwMzAyQzM2MzAyQzM2MzAyQzMx
MkMzMDMwMzUzNzMwMkMzMzJFMzQzMjJDMzEyRTMyMzYyQzM4MzEyQzMwMkMz
MDJFMzEzNzMyMkMyQjMwMzAyRTMwMEQwQUJBMTBFNjVBOEUyNTdGMDA2NzAy
M0EwMDAwNTczMjMwMzEzMjMwMzUzMjMxMzIzMzM0MzAzMDMwRkY0RDAwMDA4
MEZCNDQwMDQwMDI0NDAwODQ2NDQ4MDAwMDAzNDMxN0JGOTkzRkEwMUNDMzQw
ODIwRTJCNDBDRjVGRTgzRjc5RTdFRDQwOTcxRjBDNDA2NjgzRkY0MDVFMkND
MTQwMDAwMDAwNDE1QUE4MDA0MUFCQkIwMDQwNjAxODc3NDM0OTdGMzA0MjhG
REYzNjNDN0MxQUY3MDdBNDUxN0YwMjk2MDIzQTAwMDA0QjU2NDgyMDM3MzIz
MDMxMzIzMDM1MzIzMTMyMzMzNDMwMzAzMDMzMDAwMDAwN0IxNEFFM0QwQUQ3
QTMzQjY0MTg3NzQzNEI3RjMwNDIyODg3OEU0M0YzNDkyODQyNDBGQjhDNDNG
RTA0MTA0MjYwRjY4QzQzMTIzOTEyNDI1MTJGODk0MzFBMkQyMzQyMERDQTg3
NDM4QTZBMjQ0MkQ2NTg4QjQzQkQ1MDI2NDI1MzREODg0MzE1M0MyQzQyQzI2
MzgwNDM5QTYyMTA0MjhDMEE3QjQzODc4RjAzNDI0QkZGNzY0MzYxOTgxQTQy
QkQxMTc0NDM1REEyMzg0MjZCQTI3MTQzN0JFRDRENDJCQUQxNkU0M0VFREM0
MTQyMDBBQTcyNDNGOTg0MjQ0MjA0RTQ3MTQzOUFEQzMyNDIzQzczNjM0MzIw
OTE0NzQyODU0RDU5NDNFQkE1NDM0MkRCNDQ2NjQzODdGQTQxNDI1N0M3NzI0
MzE2MDAyQzQyNTY1NjZFNDMyRjk2Mjg0MjdDRjM1RDQzMThFNDM2NDI4MzFB
NEQ0MzE1QjIyRTQyMUQ2NzUzNDNFRUUzMkY0MkVDMUQ2NDQzNkEwODM4NDI0
QTZDNjQ0MzBBRDUzMzQyRDUxNDYxNDM2NDU4MkU0MkI0MTU1RjQzNjU5NjQ4
NDI4OTE4NTc0MzQ5NEQ1NTQyMjZENTVGNDNCN0NFNTE0MjRDN0Y2NjQzMjZB
NDVGNDJDQjZDNTA0MzA3MjU3NDQyNUFFODQwNDNGMURBNjU0MkVFMEI0RjQz
RTU2MzY4NDJERUJENUQ0MzQyQkU2NjQyODMyQzUwNDM3NTlGNjI0MjQ2MEM0
ODQzOTU1NDY3NDI3REFENEU0M0UxQjI2RDQyRjE3OTU1NDMzN0E5NzU0Mjg3
NDQ1QjQzRUUwMjgzNDIyQzM0Njg0MzhCMUY4QTQyMDJGMzczNDNFQ0FEOEQ0
MjIyQkM2ODQzNjNGRDhENDIzNkY1NDM0MzFENjU5MTQyMDM5QjE5NDMxRDJE
OTE0MkY4RDMxQTQzNDJENTk0NDJCRDM5M0I0MzQxMEI5QjQyRkNERUNDNDI3
ODlGOUU0MkI3MDU1RjQxNjMwMTlGNDJCQzMzOUU0MzQwOUY5QTQyQzlBOEEy
NDM4NkU0OTM0MjUxMEZBOTQzNEY0MDk1NDI1MDVDMTgzRjA5OTU5QjNGODY4
QjNBNDAyMDU1MDk0MDlBNDlGNTNGMzNDQjAzNDAxQzFERTIzRjQ4Q0YzRDQw
MzNDNUI1NDA3MzkxMkY0MDZDNUU0NzQwNkJEMDlEM0ZEOEFGQzAzRjkwOTJE
OTNGODFBNUUxM0ZGMTY1NjQzRjdGRDU0ODNGNjdCRjNEM0ZFQ0FGMTUzRkZC
RDVDMzNGNzYzMjY4M0Y5OEYwODMzRjhBMTI2NjNGODNENzIxM0ZBOTg0MUMz
Rjc3NDYyNjNGNkUyOUQ3M0VDNUVGODczRTYwOUYwMTNGRjE5MUE1M0UwOUQ1
NjIzRUQzNDRDMTNFRUE4RUYzM0VGQThDOTAzRUNGQTU5MDNFQTFCN0I3M0Ux
Rjk0RTYzRUQ5RURENzNFNjBGQkE0M0VBMA==

--SBD.Boundary.605592468
PROCESS /noc/users/iridburst/exec/irid_300224010734970_upd.pl
Last Run  ----1970-01-01 00:00:00 
MONTH  5 
DATA  xxrecord 2012-05-22 00:00:05 :: $W5M5A,120522,000005,660d0028449ce246,1,DAS 2,4901.5571N,1621.3120W,21.6,201,25.9,14.0,13.6,96.6,13.0,13.6,97.1,13.1,1004.4,1.82,2.67,8,247,44*7D
 
INSERT
STATION sbdservice
IRID_ID 300224010734970
BODY 
Content-Type: application/x-zip-compressed; name="SBMmessage.sbd"
Content-Disposition: attachment; filename="300224010734970_003468.sbd"
Content-Transfer-Encoding: base64

JFc1TTVBLDEyMDUyMiwwMTAwMDUsNjYwZDAwMjg0NDljZTI0NiwxLERBUyAy
LDQ5MDEuNTQxNE4sMTYyMS4yNTgyVywyMC44LDIwMywyNi45LDE0LjAsMTMu
Niw5NS42LDEzLjAsMTMuNyw5Ni4yLDEzLjEsMTAwNC4xLDIuMzIsMy40NCw4
LjMsMjQzLDM5KjYzDQoNCiRXNU01QSwxMjA1MjIsMDEwMDA1LDY2MGQwMDI4
NDQ5Y2UyNDYsMixEQVMgMiwxMi45LDEzLjEsMC4yLDAuNSwwLjAxLDExNjUs
MTE3NSwxNTYsNjI4LDAsMTEuMCwxNS44NCw5MjQqNTcNCg0KJFc1TTVBLDEy
MDUyMiwwMTAwMDUsNjYwZDAwMjg0NDljZTI0NiwzLDdGMDA3NDAyM0EwMDAw
NTMzMjMwMzEzMjMwMzUzMjMyMzAzMDM0MzAzMDMwNTU1QTAwMzEzMjMwMzUz
MjMyMzAzMDM0MzAyQzU0NDE0MjMwMzAzMDMwMzAyQzJEMzAzNTMxMkUzMTJD
MkMzMTMyMkUzNDM1MkMzNDJFMzAyQzMzMzYzMDMwMkMzNjMwMkMzNjMwMkMz
MTJDMzAzMDM1MzczMDJDMzMyRTM0MzIyQzMxMkUzMjM2MkMzODMyMkMzMDJD
MzAyRTMxMzczMjJDMkIzMDMwMkUzMDBEMEFCNjEwQTE4MTY5RTU3RjAwNjcw
MjNBMDAwMDU3MzIzMDMxMzIzMDM1MzIzMjMwMzAzNDMwMzAzMEZGNEQwMDAw
ODBGQjQ0MDA4MDAyNDQwMDAwN0E0NTAwMDBGQTQyMTRDQ0MxM0YzREVEQ0U0
MDEwREM1QjQwQzUzMzE0NDA5RUVFRjc0MEMwMDQzNzQwMjZGQkY2NDAwMURC
Q0M0MDU2NTUwNTQxQjNFQTA1NDFFQURBMUM0MDVFOUI3MjQzRjc3RDFBNDI3
RDg3ODkzQzJGMUY1NzZDMDFCNTdGMDI3RTAyM0EwMDAwNEI1NjQ4MjAzNzMy
MzAzMTMyMzAzNTMyMzIzMDMwMzQzMDMwMzAzMTAwMDAwMDdCMTRBRTNEMEFE
N0EzM0I2MjlCNzI0M0Y0N0QxQTQyNTg4OThCNDNBQ0QxMTI0MkNFNTE4RTQz
QzU0NTBENDJCOEY3OTA0M0Q0NjAxMDQyREU3MDhFNDMwNEUyMTA0Mjg0MUE4
OTQzNTQ0RDBGNDJGQjQ1ODU0M0UwOUExNjQyQUE1NjdENDM0NzU3MDM0Mjg3
QjU3OTQzQTEwRkY3NDEyMUUxN0E0M0JCNDExMDQyOEMzMDgyNDNBMkRGMjU0
MjU0RDM4MDQzRERDRTE1NDJGQTEwNzg0M0IwQUYxODQyRkI2ODZFNDNCMEVB
MkQ0MkMyNjc2ODQzOTA3MzM2NDI1NTk2NUU0MzY4MDExRDQyMzUyQTU0NDNF
MzQ0RkU0MTMzRkY1MDQzOTY1RTE5NDJDMTZDNTQ0MzIyQ0YzQjQyNjYzMDUx
NDMzMzEwM0I0MjIwNDc1MTQzREJERjI5NDI1OTZFNEY0MzM4NkMwRDQyQjZG
RjQ5NDNEMzlFMEM0MjU1MzM0NzQzREJBMjI2NDJBQTZGNDE0MzY4QkQyQjQy
NDZCRjQyNDM4MzE1MkM0MjFERUY0NDQzQjhCNDMzNDJCNzc0NDY0MzlDNzQz
NTQyMUQ1RTQ4NDNFNkMwMzc0Mjg4NUY0NzQzNzZENTNENDJDRUVENDg0MzdF
NDM0OTQyQ0YwNzQxNDNCM0I5NTU0MjNFNjEzNzQzM0IwMzRENDJDMUYxNDI0
M0NDRjE1MTQyMTM0RDU0NDMzRTIyNUE0MkNFN0M0NDQzNkU4NDVCNDIxMEE1
Mzc0M0EyNzA0QTQyMzZCRjNBNDNDN0Q4NTI0MjMwMzkzRDQzMkQ2MzZENDJB
NTg0M0Q0MzREMkU4MzQyRTYzRDQ1NDM3MDdEODI0MjI4MzM0QjQzODFCOTgw
NDIyRTQ5NUQ0MzIxMTg4QTQyREI2MDY0NDM0NjQ3OTM0MkU5NEQ1NjQzODVF
NDhDNDIzNzI1NTU0MzE0OUU4QzQyMzgxMTQwNDM2ODg3OTQ0MjAzREExMzQz
MzNBQzk1NDJFNEQ3MTU0M0NEQkU4RjQyOTYxMzI1NDMzMzA0OEQ0MjUyMDA3
ODNGRTJFRTA4NDAxNjcxNjU0MEJGRUY0MjQwNjExNUExNDA0QUQ1ODc0MEI0
RERCQjQwNDJGMDMyNDEzQzQ1OTc0MEY2RURERDNGOERGMjNENDBDM0MwQzEz
Rjk4M0RCNTNGQjEyQzlBM0Y3QUEwOUUzRkEzNjlCMDNGQzNDN0JDM0Y2NEQx
OTgzRkY2RjhBNzNGNzU0NTdGM0Y2RTREOTUzRkJCRDFENjNGMUM3QUExM0Yz
ODMzQTUzRkY2Qzc1OTNGOTYwRDY3M0ZFOEJFOTczRjJCQzU5MjNGNTBENTg5
M0YzODhDNjgzRjBFNkYyMzNGRkFENjEzM0ZENDhCMTMzRjg5NDk5RjNFNDQx
NTgwM0U2QjQ0QzMzRTA2MDk5QjNFRUE0REE2M0U2MDBFM0EzRUIyMDhBMDNF
NzU2ODY3M0U2MEQ3QzUzREUyRjlDRTNEMg==

--SBD.Boundary.605592468
PROCESS /noc/users/iridburst/exec/irid_300224010734970_upd.pl
Last Run  ----1970-01-01 00:00:00 
MONTH  5 
DATA  xxrecord 2012-05-22 01:00:05 :: $W5M5A,120522,010005,660d0028449ce246,1,DAS 2,4901.5414N,1621.2582W,20.8,203,26.9,14.0,13.6,95.6,13.0,13.7,96.2,13.1,1004.1,2.32,3.44,8.3,243,39*63
 
INSERT
STATION sbdservice
IRID_ID 300224010734970
BODY 
Content-Type: application/x-zip-compressed; name="SBMmessage.sbd"
Content-Disposition: attachment; filename="300224010734970_003469.sbd"
Content-Transfer-Encoding: base64

JFc1TTVBLDEyMDUyMiwwMjAwMDUsNjYwZDAwMjg0NDljZTI0NiwxLERBUyAy
LDQ5MDEuNTM4MU4sMTYyMS4yNDgzVywyMi4wLDE5NiwyNi41LDE0LjAsMTMu
Niw5NS4xLDEyLjksMTMuNyw5NS44LDEzLjAsMTAwMy42LDIuMzEsNC4xLDEw
LDIzOCwzOSo3OA0KDQokVzVNNUEsMTIwNTIyLDAyMDAwNSw2NjBkMDAyODQ0
OWNlMjQ2LDIsREFTIDIsMTIuOSwxMy4wLDAuMiwwLjQsMC4wMSwxMTY2LDEx
NzYsMTU2LDYyOCwwLDMzMC41LDE1Ljg0LDkyNyo2Mg0KDQokVzVNNUEsMTIw
NTIyLDAyMDAwNSw2NjBkMDAyODQ0OWNlMjQ2LDMsN0YwMDc0MDIzQTAwMDA1
MzMyMzAzMTMyMzAzNTMyMzIzMDMxMzQzMDMwMzA1NTVBMDAzMTMyMzAzNTMy
MzIzMDMxMzQzMDJDNTQ0MTQyMzAzMDMwMzAzMDJDMkQzMDM1MzEyRTMxMkMy
QzMxMzIyRTM0MzMyQzM0MkUzMDJDMzMzNjMwMzAyQzM2MzAyQzM2MzAyQzMx
MkMzMDMwMzUzNzMwMkMzMzJFMzQzMjJDMzEyRTMyMzYyQzM4MzMyQzMwMkMz
MDJFMzEzNzMyMkMyQjMwMzAyRTMwMEQwQUI2MTBDMDJGREE2NDdGMDA2NzAy
M0EwMDAwNTczMjMwMzEzMjMwMzUzMjMyMzAzMTM0MzAzMDMwRkY0RDAwMDA4
MEZCNDQwMDgwMDI0NDAwQzA1QTQ2MDAwMEYwNDIwOTY5QzIzRjc3RTdENTQw
MDUxODgzNDBBM0NFMTM0MDUzNzZGRjQwNURFQzM5NDBERDI1RjA0MDI5QjBD
RTQwMDEwMDIwNDE1MTI0MTM0MTgxQUUxQjQwNjY4NjZFNDM3QzQ4MUQ0MkIx
MEM4ODNDQzYxQkZEMjZBOENFN0YwMjdFMDIzQTAwMDA0QjU2NDgyMDM3MzIz
MDMxMzIzMDM1MzIzMjMwMzEzNDMwMzAzMDMxMDAwMDAwN0IxNEFFM0QwQUQ3
QTMzQjZBODY2RTQzNzk0ODFENDJGOTIyOEU0MzUwQkE1MTQyNjJFOThDNDNF
QUZCMkU0MkVFQzc4OTQzNTYyNjAyNDJEODVBODc0MzdFMkFFOTQxNzE3Njg1
NDNCODg3REY0MTk2QjU4MzQzNzRCNkRENDE2REY0N0Y0MzdFNEYwNTQyRUE1
NzcwNDMzQTY4MjQ0MkFDOTQ2NDQzQ0YyNzM5NDJDRDVGNjc0MzZCNEU0OTQy
MTg5OTc0NDM0MEI2NDc0MjE4NTM4MDQzNTE2MjQ3NDIyQzgxNzA0Mzc4QzA0
NzQyMTIwRTY1NDM4OTAyMkU0MkM2ODM2MzQzMjNFQzE1NDJDRTM5NUY0Mzk3
MzYwRjQyNURCNDU2NDNDNjcwMTU0MjNFMzE1MzQzQjJCMzI0NDI3QTNFNTg0
M0U1QTkzOTQyNUJBNzUwNDNBODg3MkM0MkJERTU0OTQzRjFBNTIzNDIxN0Y4
NDY0MzRFQkQzRDQyQUZFQTNENDM0MEU2NDE0MjUyODk0MTQzMkJBOTM1NDJF
NjFBNDk0M0RFREM0NDQyMjgzNzQzNDM5OUREM0U0MjNGQTk0MjQzMEJBNzJC
NDJCQjAyNEI0MzUxNUMzMjQyRDQ5RTQ0NDM4MkMzMzg0Mjk1ODAzNjQzRDBD
NzJFNDI5MkNGM0E0MzI5NUI0ODQyODNDNjRFNDNBQUVCNjU0MkQwRTk0RjQz
REY1QTcyNDI2MUUxNDA0MzEyMzY3MTQyMjRENzRENDMyQkI2NzA0MkNEMzA1
ODQzMURGRDcyNDI3MURBNDg0M0FCM0E3NTQyRTZCRjM1NDNFQTQzNkM0MjVF
NEI0NDQzQURCMTdCNDI3Qzc1NUI0MzUyNzY4NDQyM0RGQTQ4NDNCMTQ4ODI0
MjYwQzA0RDQzMUVBNjg1NDIzOUU0NEI0Mzk0NjY4QjQyNTFCRjM2NDNGREFE
ODU0MkU0ODIzQjQzMDdGQjgzNDI5NkNDNDA0M0I2NjM4RjQyMjJCNkZDNDIw
RkNBOTg0MjE5MjIwMzQzRkQ4MDk0NDIxNjk0MUY0MzZFNDc5NTQyNkVDQzA3
M0ZBMEZEQjgzRjZBMzg0NDQwMEQwREU4NDA5QjFEQjI0MEU4MjNDQTQwQzBB
MUIyNDBGOUEyOEY0MDhCQjkyQTQwN0M5MDM1NDA0RTVCMDU0MDRBNzE2MjNG
MTE4QkE4M0YyM0UxMDg0MDhGODVDOTNGM0YxNjM3NDAxNjk5OEU0MDI0MTkz
NzQwNjU0NzNGM0ZFMEVFNjUzRjc2NDRFMjNGNDU2QzNCM0YwRTI4MDAzRjZB
RTQ4NDNGMTExOTIwM0Y3OTAxM0YzRkRDMzY5NzNGMEU3OTRFM0ZGRDcxMjMz
RjM3ODM1NDNGQzc1REQzM0VFQjlCREQzRUY3QUNDNTNFQUFBNDMwM0UxNUU1
NDAzRTY1RTE0RTNFRDgzNzlGM0U5OUIxNkUzRTBERTczMDNFOTdGRDk0M0Qy
NDhFNjgzRURENTFBMTNFNjdBQjc1M0VGMg==

--SBD.Boundary.605592468
PROCESS /noc/users/iridburst/exec/irid_300224010734970_upd.pl
Last Run  ----1970-01-01 00:00:00 
MONTH  5 
DATA  xxrecord 2012-05-22 02:00:05 :: $W5M5A,120522,020005,660d0028449ce246,1,DAS 2,4901.5381N,1621.2483W,22.0,196,26.5,14.0,13.6,95.1,12.9,13.7,95.8,13.0,1003.6,2.31,4.1,10,238,39*78
 
INSERT
STATION sbdservice
IRID_ID 300224010734970
BODY 
Content-Type: application/x-zip-compressed; name="SBMmessage.sbd"
Content-Disposition: attachment; filename="300224010734970_003470.sbd"
Content-Transfer-Encoding: base64

JFc1TTVBLDEyMDUyMiwwMzAwMDUsNjYwZDAwMjg0NDljZTI0NiwxLERBUyAy
LDQ5MDEuNTQ5ME4sMTYyMS4yNzM2VywyMy42LDE5MCwyOC43LDE0LjAsMTMu
Nyw5My44LDEyLjcsMTMuNyw5NC40LDEyLjgsMTAwMy4xLDIuMzYsMy4wMyw4
LjMsMjM5LDQyKjY2DQoNCiRXNU01QSwxMjA1MjIsMDMwMDA1LDY2MGQwMDI4
NDQ5Y2UyNDYsMixEQVMgMiwxMi45LDEzLjAsMC4yLDAuNSwwLjAxLDExNjcs
MTE3NywxNTYsNjI5LDAsMzQzLjMsMTUuODQsOTE5KjZDDQoNCiRXNU01QSwx
MjA1MjIsMDMwMDA1LDY2MGQwMDI4NDQ5Y2UyNDYsMyw3RjAwNzQwMjNBMDAw
MDUzMzIzMDMxMzIzMDM1MzIzMjMwMzIzNDMwMzAzMDU1NUEwMDMxMzIzMDM1
MzIzMjMwMzIzNDMwMkM1NDQxNDIzMDMwMzAzMDMwMkMyRDMwMzUzMTJFMzEy
QzJDMzEzMjJFMzQzMjJDMzQyRTMwMkMzMzM2MzAzMDJDMzYzMDJDMzYzMDJD
MzEyQzMwMzAzNTM3MzAyQzMzMkUzNDMyMkMzMTJFMzIzNjJDMzgzNDJDMzAy
QzMwMkUzMTM3MzIyQzJCMzAzMDJFMzAwRDBBQjcxMDNGQzc3OUI1N0YwMDY3
MDIzQTAwMDA1NzMyMzAzMTMyMzAzNTMyMzIzMDMyMzQzMDMwMzBGRjREMDAw
MDgwRkI0NDAwODAwMjQ0MDA4MEJCNDYwMDAwRjQ0MkJBQUZDNzNGN0YwN0Qz
NDAwNkU4NDE0MEM0MUIxNzQwQjU1QkZGNDA2MTc4Mzk0MDIwRDMwNTQxMDQx
RkNENDA1NjU1MDU0MTJBNTUwQzQxQkEyMjFFNDBFMUIzNkU0MzMwODEyNjQy
NjNDQThBM0M4NzFCQ0Q2M0UxMDQ3RjAyOEEwMjNBMDAwMDRCNTY0ODIwMzcz
MjMwMzEzMjMwMzUzMjMyMzAzMjM0MzAzMDMwMzIwMDAwMDAwQUQ3QTMzRDBB
RDdBMzNCRTRCMzZFNDMyRTgxMjY0MjVBMTU3QzQzNzA1MDMxNDI1QjU1ODA0
MzRCQTExMzQyNEExRDg3NDNDMkM3MDg0MjhBQ0M4QTQzN0VEOEY0NDFDNDU3
OEE0MzZFMUZFRTQxMTFCMjhCNDNBMjVGMEU0MjkwN0Q4OTQzNTU3NjIxNDJF
Mzk4N0Q0M0RDRkIxQjQyMzdFMzcxNDM4NDU5MTg0Mjk4QUQ2RTQzMTZBMTM1
NDIzOEVENzg0M0MyOEU1MzQyMDQyNDc5NDM0RjFDNTY0MkI4N0Q3NjQzNEM3
NTQyNDJBQTU0NkU0MzhFRUIyNzQyQUE5RjY2NDMyMkNCMUM0MjQyMEI2MTQz
REREOTM2NDJFOThENTc0MzRGRUQzMTQyQ0QxRjU4NDM5RDFDMkI0MjcxQUE1
ODQzNTYxRTNCNDI5ODBENTA0MzQ4QzMyRjQyREVCNTRCNDM4MEY5MjI0MkRG
NDY0NjQzMkY1RTJENDI2NTNENDA0MzYzRTEzNjQyNDkyMTQzNDNFQzIzM0U0
MkVDQTk0NzQzRDc1QjQxNDIzNjlDNDM0Mzk4RjAzMzQyMDc3MTM4NDMzMkIz
MzE0MjgxODYzMTQzNjk2MDJDNDIzRDExM0E0MzhFRjQyNzQyNDY2RDQxNDMy
REVBMjk0MkI2NDAzRjQzQkQ3QjNCNDJGRTdCMzI0Mzg5Mzc1NzQyQzlCMDMy
NDMzMTVCNjA0MjBGMjkzNTQzOTc3QzU5NDIxRkQ0MzM0MzQyODI1MzQyRDM0
NzNCNDM0ODZFNTY0MkMwMzM0QTQzNzhDOTRFNDI1RjkwNDc0M0M2QTE1RDQy
N0E5QzNBNDM3NjkxNkQ0MjBFMTIzQjQzM0RGODZBNDI1NEM4M0I0M0MwNTE2
QTQyOEQ5RTM2NDM1NDRFNkI0MkNFNzgzNDQzRjY0RjZENDJDNDBDMzQ0MzEy
NzU3MDQyNzFGMDM1NDNBQTcxNzk0Mjg3REEzQjQzNDk4RjgzNDI4N0JCMkY0
MzNFMTA4RDQyMDNFMUZENDIwRjYxODE0MkQxMzgwMjQzMkU5QTgxNDI1NDhF
MTI0MzI3Q0M4ODQyREJGMUY0M0UzNzUxODgzRjBBQ0NFMzNGRTQ1RTczNDBB
RTY2QTg0MDI1RDNCOTQwMDExNDM5NDBBQjVGQ0U0MDhENTJEMzQwREJBRTYx
NDAyOUEwMEE0MDAxRTU5ODNGQjhFQTNFNDA2QTJGNEI0MEVDRkI0NjQwNjI5
NkNEM0ZGOEY4MTc0MEI5QzQyQTQwN0NBRjVEM0ZENzYwQUYzRjI2NUVEQjNG
MzNDM0EyM0ZGQjg4ODYzRkJCQjk5NDNGM0E0Mzc3M0ZBMDhEMzUzRkVEMkMx
MjNGRDdEQjI5M0ZEQjY1ODQzRkEwRjI2MzNGRDYyNUVDM0U5RTI0MEEzRjY0
RUJGNTNFNzEyRDE4M0YwOEZEMjQzRkYyOEU4OTNFQjg0M0JBM0VFOTU1Q0Qz
RTRFRDg4RTNFNDI1RDgyM0UxRjQzOEYzRQ==

--SBD.Boundary.605592468
PROCESS /noc/users/iridburst/exec/irid_300224010734970_upd.pl
Last Run  ----1970-01-01 00:00:00 
MONTH  5 
DATA  xxrecord 2012-05-22 03:00:05 :: $W5M5A,120522,030005,660d0028449ce246,1,DAS 2,4901.5490N,1621.2736W,23.6,190,28.7,14.0,13.7,93.8,12.7,13.7,94.4,12.8,1003.1,2.36,3.03,8.3,239,42*66
 
INSERT
STATION sbdservice
IRID_ID 300224010734970
BODY 
Content-Type: application/x-zip-compressed; name="SBMmessage.sbd"
Content-Disposition: attachment; filename="300224010734970_003471.sbd"
Content-Transfer-Encoding: base64

JFc1TTVBLDEyMDUyMiwwNDAwMDUsNjYwZDAwMjg0NDljZTI0NiwxLERBUyAy
LDQ5MDEuNTU4Mk4sMTYyMS4yOTY4VywyNS4xLDE4OSwzMS4xLDE0LjAsMTMu
Nyw5MS44LDEyLjQsMTMuNyw5Mi42LDEyLjUsMTAwMi43LDIuNjIsMy45OSw5
LjEsMjQyLDM3KjYxDQoNCiRXNU01QSwxMjA1MjIsMDQwMDA1LDY2MGQwMDI4
NDQ5Y2UyNDYsMixEQVMgMiwxMi45LDEzLjAsMC4yLDAuNCwwLjAxLDExNjgs
MTE3OCwxNTYsNjI5LDAsMjIuMiwxNS40NCw5MjQqNUQNCg0KJFc1TTVBLDEy
MDUyMiwwNDAwMDUsNjYwZDAwMjg0NDljZTI0NiwzLDdGMDA3NDAyM0EwMDAw
NTMzMjMwMzEzMjMwMzUzMjMyMzAzMzM0MzAzMDMwNTU1QTAwMzEzMjMwMzUz
MjMyMzAzMzM0MzAyQzU0NDE0MjMwMzAzMDMwMzAyQzJEMzAzNTMxMkUzMTJD
MkMzMTMyMkUzNDMxMkMzNDJFMzAyQzMzMzYzMDMwMkMzNjMwMkMzNjMwMkMz
MTJDMzAzMDM1MzczMDJDMzMyRTM0MzIyQzMxMkUzMjM2MkMzODM1MkMzMDJD
MzAyRTMxMzczMjJDMkIzMDMwMkUzMDBEMEFCODEwNzNGQ0E5QUI3RjAwNjcw
MjNBMDAwMDU3MzIzMDMxMzIzMDM1MzIzMjMwMzMzNDMwMzAzMEZGNEQwMDAw
ODBGQjQ0MDA4MDAyNDQwMEQwMDQ0NzAwMDBFMjQyNzIwMUUwM0ZCNDdBRTI0
MEVENDg3RjQwNDA1RDI3NDAwQ0FEMDY0MUZEREM0QzQwMTcxRjA5NDEwMDBF
REE0MDVENzQxMTQxQ0ZFNzE0NDEwNjE0MzA0MDg2Mjk3MjQzQUVGRjEyNDI0
NTQ1QUQzQzg3MUFGQzUwNDlBQTdGMDI3RTAyM0EwMDAwNEI1NjQ4MjAzNzMy
MzAzMTMyMzAzNTMyMzIzMDMzMzQzMDMwMzAzMTAwMDAwMDBBRDdBMzNEMEFE
N0EzM0I4QTI5NzI0M0FFRkYxMjQyOTZDRDhFNDM0RUM4NTc0MkQwNUQ5MzQz
NDkzNTE3NDI3NUNBOEU0M0FGQzQwQjQyRTAwODhDNDNFQ0YyRkQ0MTFCMzk4
QjQzOUZBOEYwNDFCQkVDODY0M0U1QzhGNDQxNzkxNTgzNDMwQjcwRjc0MUU2
NDc4MjQzRERDRDA3NDI4QTc0ODA0MzE5OUQxQTQyRjhBMzc1NDMxRDdGMjU0
MkYyMTU2MTQzODFEMTNGNDI5QTBCNEQ0MzlDQkEzQzQyMEU1ODUwNDMyMEE5
Mjk0MjhEM0Y1MjQzOUI3NTA3NDIwMjkzNEI0MzNGMEJGNTQxQTA1QjQ3NDM5
ODJEMDg0MjJFM0E0QjQzRTMwMTI1NDI4MzZGNEQ0Mzk4NUUyQzQyNkQzRDRE
NDNCRDU3MkI0MkM1MjE0QzQzOEI0MTJFNDI4QkJFNDc0MzkxNjgyODQyMTA4
NTQ5NDNDNTQ4MUM0MjA0MDA0QzQzRTExMjI5NDI5M0M2NDQ0MzA4NTAyRDQy
QjJEQjNFNDM2NDEyMUE0MkVCOEEzRDQzQjg4MzJCNDI0QTYyM0E0M0IzMzYz
RjQyOUFBMTNFNDNGRUI5Mjg0MjMwMTQ0NjQzQzRCQjE2NDJGMzVCNEE0Mzcz
RjExRDQyMTIzRDQ5NDM1MTUyNDk0MjZERTkzODQzQkZCMjY5NDI3RDU2Mzc0
M0YzMkU1NDQyMTg4ODQ3NDMwQURFNTk0MkE2Mjc1NjQzRDcyMTVBNDJBNTg2
NTM0Mzk4RkM1NzQyN0FEQTNCNDM0MEEzNDk0MjQ0RDQzNjQzRTU1ODNFNDJE
MDc0Mzg0M0M4MTA1MjQyMUQ3NTQzNDM2OTdENzM0MkE1ODE0MzQzMUE3OTZE
NDJENTVCM0M0M0Q2OUQ1QzQyRDdDMzM2NDM5QjVGNTI0MjhGNjkzQTQzNTI4
NzU3NDIyMERBMzU0M0ZEQUY3MDQyREI1MjI0NDNGQUQ5NzE0MkY0MUIzMDQz
RkRBOTczNDJBODAzNDE0M0Y3MTk3OTQyMjA4MDQxNDM0QjBENzM0MkU5RERB
RTNFNThEMEREM0YyRTc1Nzc0MDlFRTJEMzQwMkQ5MzEwNDFCRjhBRUY0MDI1
MEUzMTQxRjc3NkYxNDA5QjY4NkY0MEQzRTkyODQwNEYxQTJCNDBBRjE4RDUz
RjI5RUQwMTQwMTcwQjUxNDA5RUM4M0Y0MDhDRjBDMjNGRUQ1QkRGM0ZGQ0VC
NDc0MEQ3QUQxQTQwMzY0Q0NFM0YzOTIxQzgzRkRBRDEwQjQwOUNDREIwM0ZC
NDM1OTYzRkFEN0JGRTNGN0FDNDM4M0Y3MTQ4RjkzRTc0QUY0NDNGQzM0MTQx
M0Y3RjRBMkYzRkM0NENDODNFODM4MDkyM0UzMkM4QTAzRUVGRDhBRjNFMTk0
Q0Q1M0U2RjNFOEIzRTZBOTI0MDNFODFEQ0JCM0VDMjM0NkUzRThCOTEwRjNF
Qzc0QUNGM0QzRDk3NTYzRTlEQzQ2RjNFMQ==

--SBD.Boundary.605592468
PROCESS /noc/users/iridburst/exec/irid_300224010734970_upd.pl
Last Run  ----1970-01-01 00:00:00 
MONTH  5 
DATA  xxrecord 2012-05-22 04:00:05 :: $W5M5A,120522,040005,660d0028449ce246,1,DAS 2,4901.5582N,1621.2968W,25.1,189,31.1,14.0,13.7,91.8,12.4,13.7,92.6,12.5,1002.7,2.62,3.99,9.1,242,37*61
 
INSERT
STATION sbdservice
IRID_ID 300224010734970
BODY 
Content-Type: application/x-zip-compressed; name="SBMmessage.sbd"
Content-Disposition: attachment; filename="300224010734970_003472.sbd"
Content-Transfer-Encoding: base64

JFc1TTVBLDEyMDUyMiwwNTAwMDUsNjYwZDAwMjg0NDljZTI0NiwxLERBUyAy
LDQ5MDEuNTc1OU4sMTYyMS4zMTg3VywyNS4wLDE4NiwzMS4xLDE0LjAsMTMu
Niw5MS41LDEyLjMsMTMuNSw5My4zLDEyLjUsMTAwMi4zLDIuNjUsNC4xMSwx
MCwyNDcsMzYqNDgNCg0KJFc1TTVBLDEyMDUyMiwwNTAwMDUsNjYwZDAwMjg0
NDljZTI0NiwyLERBUyAyLDEyLjgsMTMuMCwwLjIsMC40LDAuMDEsMTE2OSwx
MTc5LDE1Niw2MjgsMCwyNjcuOCwxNS40NCw5MjEqNjANCg0KJFc1TTVBLDEy
MDUyMiwwNTAwMDUsNjYwZDAwMjg0NDljZTI0NiwzLDdGMDA3NDAyM0EwMDAw
NTMzMjMwMzEzMjMwMzUzMjMyMzAzNDM0MzAzMDMwNTU1QTAwMzEzMjMwMzUz
MjMyMzAzNDM0MzAyQzU0NDE0MjMwMzAzMDMwMzAyQzJEMzAzNTMxMkUzMTJD
MkMzMTMyMkUzNDMwMkMzNDJFMzAyQzMzMzYzMDMwMkMzNjMwMkMzNjMwMkMz
MTJDMzAzMDM1MzczMDJDMzMyRTM0MzIyQzMxMkUzMjM2MkMzODM2MkMzMDJD
MzAyRTMxMzczMjJDMkIzMDMwMkUzMDBEMEFCOTEwNTcxQjY3M0Q3RjAwNjcw
MjNBMDAwMDU3MzIzMDMxMzIzMDM1MzIzMjMwMzQzNDMwMzAzMEZGNEQwMDAw
ODBGQjQ0MDA4MDAyNDQwMEUwMkI0NzAwMDBEQzQyNTQ2OEUyM0Y4MEQzRTg0
MDIzNzI4MzQwM0VBODI5NDAwNTQwMEI0MTkwNDI1NzQwNDQ0RjBCNDEzNUY5
REY0MDAxMDAyMDQxNEU5NTFGNDE1NUY2MzA0MDE4NUY3NzQzNzE2RDExNDJB
NzMxQUQzQ0U5MTlGNjlBMTlGODdGMDI3MjAyM0EwMDAwNEI1NjQ4MjAzNzMy
MzAzMTMyMzAzNTMyMzIzMDM0MzQzMDMwMzAzMDAwMDAwMDBBRDdBMzNEMEFE
N0EzM0IxQzVGNzc0MzcwNkQxMTQyOTAyNTkzNDM4QjA5NTY0Mjk4Q0Q5MTQz
M0ZERTNCNDIxMjNBOEU0M0Y3QjAwRTQyMTk5NThENDM5MkM1REE0MTRFMzM4
RDQzRjhDMEQyNDE3NkE1OEE0M0FCQTVGMjQxN0IyOTg1NDNFMjk5MTA0MjVD
NzM4MTQzN0UzMzA2NDJEQkI3N0I0MzFBRjYwMjQyMDdBQzY5NDNGRjlGMTk0
MkI5Q0Q2MDQzRThDQTFGNDJERDNCNjY0MzIxNzkyMjQyQjIyODY1NDM4NjM5
MjM0MkJCMEY2NjQzN0EzQjJENDIzQzJENjU0Mzg5NDAzQTQyNDE1QTVFNDM4
QzY2Mjc0MjcxODc1NjQzRDQzRTIxNDI0QzZENEI0M0VFRUQzNDQyQjU1QTRB
NDMyMUZBMkI0MkVCNjY0QTQzRkFGRDE4NDJBODUwNEI0MzJGMkYxMzQyNjIw
OTRFNDMzQ0QxMTU0MkQ4RDY0OTQzMTQzNDI4NDJGQjE5NDM0MzE3MDUyQjQy
MzlEQTQ3NDM4RDg2Mjk0Mjc0MDY1MzQzQjY4RDNFNDIyMEZGNDk0M0Q2NkI0
QTQyODM2ODNENDMwOEM0M0Y0MkQ3ODczODQzREExQzQ3NDI0QjYxMzQ0M0Ey
RDE1NzQyRjY2MzNDNDMzMTJDNDk0MkQ3MDg0NDQzNjQxODJDNDIwM0RDNDM0
MzAxQTczNDQyMjYxNzQxNDNFODAzNEI0MjE5OUI0NDQzNUJDQTRCNDI1NUM5
NDY0MzkwNDY1QzQyNjNGMDQ1NDNDRTNFNkE0MkY2RDM0MjQzMjM4MzVBNDJB
MEQ3M0Y0MzdFMUQ1NDQyNjM5MTQzNDNENzhGNjI0MjM5QjYzRTQzOTU4OTc1
NDI2QTQ0NDU0M0ExNkY4MzQyODAyOTVENDM5RDZDODk0MkQ0N0Y2QTQzMDAw
Njg2NDJCMjNFNzc0M0I2NkQ3NDQyQ0VGMDgwNDNDNkUyNzM0MjQ0NEQ1RTQz
QTcyNDhGNDIyNUNFMjE0M0FDN0M4QjQyQkZBRjFFM0ZGREY0OEQzRkU1RTEw
RTQwNkQwMDI0NDFEMjAxMzU0MTY5RjZENTQwMTFGN0NFNDBGQjEzQUI0MDlC
NEVEMjQwN0QwQjk5NDA2RkMwNjY0MDk2MTQyNDQwNEFFOTg4NDBFRTZFMzI0
MEJGMjlBQjNGMkYyMTI1NDAzNjhEMDg0MEM4Q0ZERjNGNzg1MEMzM0ZCOEM2
RjEzRjgzRDBDQzNGQzgwMUM1M0ZFRkNEOTMzRjcxQ0NDNDNGMjU1MUMwM0Yx
RUVCMEQzRjIyRjMzMTNGQTRDNTNEM0Y3RDc1MzEzRjhFRkU4OTNFNEUwOEEy
M0VENEY3MjkzRjM0RTdCMjNFQjBBMzhBM0UyMUVFQUYzRTJGMkM2OTNFQjk5
MjZBM0UxMkQzNkMzRTNFNTI5QjNFQ0I3RTREM0VDNUVGQTczRENEN0FDQzNE
RjgwNjlGM0Q4ODYzOEEzREE2MEFBRjNEOQ==

--SBD.Boundary.605592468
PROCESS /noc/users/iridburst/exec/irid_300224010734970_upd.pl
Last Run  ----1970-01-01 00:00:00 
MONTH  5 
DATA  xxrecord 2012-05-22 05:00:05 :: $W5M5A,120522,050005,660d0028449ce246,1,DAS 2,4901.5759N,1621.3187W,25.0,186,31.1,14.0,13.6,91.5,12.3,13.5,93.3,12.5,1002.3,2.65,4.11,10,247,36*48
 
INSERT
STATION sbdservice
IRID_ID 300224010734970
BODY 
Content-Type: application/x-zip-compressed; name="SBMmessage.sbd"
Content-Disposition: attachment; filename="300224010734970_003473.sbd"
Content-Transfer-Encoding: base64

JFc1TTVBLDEyMDUyMiwwNjAwMDUsNjYwZDAwMjg0NDljZTI0NiwxLERBUyAy
LDQ5MDEuNTg2ME4sMTYyMS4zMzg1VywyNC4yLDE4OCwyOS45LDE0LjAsMTMu
Nyw5MC44LDEyLjIsMTMuNyw5MS42LDEyLjQsMTAwMi4wLDIuNzcsNC4wNSw5
LjUsMjMzLDM5KjYwDQoNCiRXNU01QSwxMjA1MjIsMDYwMDA1LDY2MGQwMDI4
NDQ5Y2UyNDYsMixEQVMgMiwxMi44LDEzLjAsMC4yLDAuNCwwLjAxLDExNzAs
MTE4MCwxNTYsNjI4LDAsNTYuOSwxNS44NCw5MjMqNTINCg0KJFc1TTVBLDEy
MDUyMiwwNjAwMDUsNjYwZDAwMjg0NDljZTI0NiwzLDdGMDA3NDAyM0EwMDAw
NTMzMjMwMzEzMjMwMzUzMjMyMzAzNTM0MzAzMDMwNTU1QTAwMzEzMjMwMzUz
MjMyMzAzNTM0MzAyQzU0NDE0MjMwMzAzMDMwMzAyQzJEMzAzNTMxMkUzMTJD
MkMzMTMyMkUzNDMwMkMzNDJFMzAyQzMzMzYzMDMwMkMzNjMwMkMzNjMwMkMz
MTJDMzAzMDM1MzczMDJDMzMyRTM0MzIyQzMxMkUzMjM2MkMzODM3MkMzMDJD
MzAyRTMxMzczMzJDMkIzMDMwMkUzMDBEMEFCQzEwNDY0NTU1NTk3RjAwNjcw
MjNBMDAwMDU3MzIzMDMxMzIzMDM1MzIzMjMwMzUzNDMwMzAzMEZGNEQwMDAw
ODBGQjQ0MDA4MDAyNDQwMEYwNTI0NzAwMDBFNDQyQUIwOEUyM0ZDN0Y1RTE0
MEVBN0I4MTQwNzM1MTMxNDA1RTI5MDM0MTk5NDM1QTQwMTQwOTA4NDExN0Q4
REY0MDg2NjExODQxN0Q1ODE2NDE4RTk1MzY0MERBRUE2ODQzMDkxMzFDNDJG
OTkwQjgzQ0FDMUM1Q0RFMDQ5NzdGMDI3RTAyM0EwMDAwNEI1NjQ4MjAzNzMy
MzAzMTMyMzAzNTMyMzIzMDM1MzQzMDMwMzAzMTAwMDAwMDBBRDdBMzNEMEFE
N0EzM0JERUVBNjg0MzAzMTMxQzQyQUNDOThENDMxMjhBM0M0MkRGMjM4QTQz
RjEzMTI4NDJENzk2ODM0M0M5REUxMzQyQTBGRjdGNDM1RjVDMEY0MjlBNEU3
RjQzQzY4ODA0NDIzNEFCN0I0MzE2RjdGNzQxN0U1RDc5NDNEQUIzMDY0MjE2
MTM3QTQzM0ExNzE5NDIzNDI0NkU0MzVCQzgyMzQyQkUxNzY1NDNCQ0NDMjQ0
MkNDMUI3NDQzRTYxRDNGNDJGOEM1N0I0MzQ1ODY0RDQyMDgwMzVDNDMzREQ1
NDE0MjRGRDM0RDQzRjQzMjFCNDJCNzY2NDk0M0NGODcxQjQyODhCQjRBNDMz
OUUxMjM0MkM5Nzg0QTQzNEI2ODEyNDIyRkU2NDE0MzBCNjkwQzQyMjQ3RDM2
NDM5MDFGMkQ0MkZGREM0NTQzQTBDRDJFNDI4RDQ0NEY0M0ZBQjUxNjQyMTUz
NjRGNDM2QzQxMjM0MjNFN0M0NTQzNEM1MDNCNDJCMTQ5MzY0M0YxMTczRjQy
QjJGNzMzNDM1QzIyM0U0MjVCMjgzQTQzRUY4RjMyNDJBQ0FGNDE0MzY3RkMy
RDQyMDFGQjQ3NDM1MjQzMzU0MjA2RTY0NjQzQTcyRTQ5NDI3Njk1M0E0M0M1
MDM2ODQyNDExMzMzNDNDMDRGNUE0MkZFMjgzNDQzNzE3RDNENDIyNTUyMzg0
MzcyQzI0MzQyMENGNTNDNDMwRkQzNUQ0MkU5OUYzRDQzNzU0MjY0NDIzMTc1
M0I0MzM5ODM1QjQyREIwMTMxNDMyMjA2NEQ0MkUzMDYyMjQzQjhDQTQyNDI4
QzFEMjQ0M0E1Q0Q2RjQyQkY2QjQ3NDM5NjdDNkI0MkEzNEM0QTQzQTA0MDVC
NDJGNjkyNDE0MzVDNDM1QTQyN0QxOTM4NDMzNjc4NkE0MjJENzEzNTQzOUJG
NTg3NDJDOURCMjU0MzNEMjY4RjQyREQwNTJDNDM5NUVFODE0MjVGNDc0QTQz
OTI0MzdFNDIxNkZBNTE0MzJFOEQ4MjQyOTI5RDNFNDNBQjk2ODU0Mjg1OEVF
RDNFMEEwQjYxM0Y5ODU3NEQ0MDJEMTgwRTQxOTJBMzAwNDE4MUVBMjM0MUM2
MjUwRjQxNjE5RkZENDBBQjdBRjA0MEUxQzRBRDQwMkY2MjM3NDA0Q0IyMDU0
MDY1M0FDODNGRTRFNzM3NDA2NDZENTU0MDE1MjA3RTQwMkNEODZENDBGOEFB
MjY0MDAwQUMzRjNGQTJBQTU2M0Y2NDE0QjYzRjFCMUU5NTNGODhGOEI0M0ZC
QkE1OEMzRjJCQ0YyRDNGRjZBRDg1M0Y5OURFNEEzRjkyMUY4NTNGQkY3RTRG
M0Y1OEU1QzIzRTVFQTM3RjNFQzVFOUZBM0U2RjI0MEYzRjZBNUM4NjNFRTI4
OUE1M0U2REE2OUIzRTcxRDY5RTNFQ0Y2QjM4M0U5NkE0MDYzRTREMkIyNzNF
OTBDQTZFM0VFODhGQzUzREMxMTJDRjNEMw==

--SBD.Boundary.605592468
PROCESS /noc/users/iridburst/exec/irid_300224010734970_upd.pl
Last Run  ----1970-01-01 00:00:00 
MONTH  5 
DATA  xxrecord 2012-05-22 06:00:05 :: $W5M5A,120522,060005,660d0028449ce246,1,DAS 2,4901.5860N,1621.3385W,24.2,188,29.9,14.0,13.7,90.8,12.2,13.7,91.6,12.4,1002.0,2.77,4.05,9.5,233,39*60
 
INSERT
STATION sbdservice
IRID_ID 300224010734970
BODY 
Content-Type: application/x-zip-compressed; name="SBMmessage.sbd"
Content-Disposition: attachment; filename="300224010734970_003474.sbd"
Content-Transfer-Encoding: base64

JFc1TTVBLDEyMDUyMiwwNzAwMDUsNjYwZDAwMjg0NDljZTI0NiwxLERBUyAy
LDQ5MDEuNTk5Nk4sMTYyMS4zNTc3VywyNy41LDE4NCwzNi40LDE0LjAsMTMu
OCw5MC4yLDEyLjIsMTMuNyw5MS40LDEyLjQsMTAwMS44LDIuODEsMy44OCwx
MCwyMjksNDAqNDgNCg0KJFc1TTVBLDEyMDUyMiwwNzAwMDUsNjYwZDAwMjg0
NDljZTI0NiwyLERBUyAyLDEyLjgsMTMuMCwwLjIsMC40LDAuMDEsMTE3MSwx
MTgxLDE1Niw2MjgsMCwxMS44LDE1LjQ0LDkyMyo1RA0KDQokVzVNNUEsMTIw
NTIyLDA3MDAwNSw2NjBkMDAyODQ0OWNlMjQ2LDMsN0YwMDc0MDIzQTAwMDA1
MzMyMzAzMTMyMzAzNTMyMzIzMDM2MzQzMDMwMzA1NTVBMDAzMTMyMzAzNTMy
MzIzMDM2MzQzMDJDNTQ0MTQyMzAzMDMwMzAzMDJDMkQzMDM1MzEyRTMxMkMy
QzMxMzIyRTM0MzEyQzM0MkUzMDJDMzMzNjMwMzAyQzM2MzAyQzM2MzAyQzMx
MkMzMDMwMzUzNzMwMkMzMzJFMzQzMjJDMzEyRTMyMzYyQzM4MzgyQzMwMkMz
MDJFMzEzNzMyMkMyQjMwMzAyRTMwMEQwQUJFMTA1QUFGNjcwRTdGMDA2NzAy
M0EwMDAwNTczMjMwMzEzMjMwMzUzMjMyMzAzNjM0MzAzMDMwRkY0RDAwMDA4
MEZCNDQwMDgwMDI0NDAwMDA3QTQ3MDAwMEVDNDI3ODVFRUIzRjVGMjVEOTQw
MTY5NTc4NDAxMDhCMzM0MERFNEMwMjQxMzE1QTU4NDAzRkZGMDE0MUFENTNE
OTQwMDEwMDIwNDE2QkQ2MTQ0MUJDNTkzQzQwN0FBMDY0NDNCQkJEMUY0MjQ1
NDFDMjNDOUUxQTczRDBGNjRFN0YwMjdFMDIzQTAwMDA0QjU2NDgyMDM3MzIz
MDMxMzIzMDM1MzIzMjMwMzYzNDMwMzAzMDMxMDAwMDAwOTk5OTk5M0QwQUQ3
QTMzQjdEQTA2NDQzQkFCRDFGNDJDRjFCODk0MzU0RUQ2QTQyQzg2ODhBNDM1
RkM4NEE0MkRFNDY4RDQzREY2RjJGNDI4OUIzOEE0MzQxRjExMDQyMjI3Mjgy
NDM2QUEzRjQ0MTc2ODQ4MDQzRkEzNUZFNDE5MUFEODI0MzExQUUxNDQyQkIz
QjgyNDMyNkQ2MTU0MkU0QTM3RTQzQ0U2NzBCNDJCODIyNzQ0MzM0OTYxRjQy
MzAyNjYxNDMwN0I3MzQ0MjI4Njc1OTQzODJDNjNFNDI3RDA5NTg0MzcyRjE0
NDQyMTZGNjRGNDNBNzU5NDA0MkQyMEU0MjQzNUIxNTI1NDI1QURFNDQ0MzQw
QjcwRTQyNTIzMDRFNDM4RjU5MjA0MjkwMzc0RDQzREQ5RTJGNDJENTBFM0Y0
MzNBRDgxRjQyOEFCRjNBNDNDNDQzMTQ0MjM4QkEzRTQzQzg3NzE2NDIyNTE3
NDM0M0FGN0IwRjQyMzg5RTQ3NDMzNjUzMEE0MkJBRDU0QTQzNUE3NjEwNDI5
OTk0NDU0Mzc5OUMyMjQyMTlEMTNFNDMyMDkyMjg0MkI3MkUzQTQzNDgwMTM1
NDJGMTlGMzA0M0I4MDczRTQyQjI4NzM0NDMxMTlDNEM0MkU2OUI0NDQzQTlD
MTU2NDJFNzdGM0Y0MzdDREQ1NDQyNzk0ODM4NDM0MTUyNTM0MjU0RDAyRjQz
ODdBRTUwNDI2RDA0MjM0MzA0OUIzRTQyREE4MTIwNDMxQzVFNDY0MjlCQTky
RDQzNTdBMDVENDJGQkRGM0E0M0Y5RkE2MzQyQUZCNzJENDMxMUQ5NzQ0Mjgy
OUEyMTQzQzNCNzcxNDJFMjhDMkI0MzVCRjI1QzQyREY5QTJENDMwRDExNjI0
MjQ1OTQyQTQzQTg2RDgxNDIwRDAyMkU0MzYyRTk4MjQyMzg2OTMzNDNENzBB
N0I0MkZEQTk0NzQzNjMzQjdFNDI0NTQwNEE0MzY5OTg4MTQyRDA5RjJCNDMy
OUEwODc0MkM4Q0IxODQzQUUzQzg2NDIwOEM3M0M0MzAwQjY3QjQyNTM3RDY5
M0UxMDc3MkUzRkQxNTQ5MDNGNEM5MDA5NDAyOTkxQUQ0MDUyRjIzMjQxN0Ez
MkMzNDA2NzZDRTI0MEM3NkMxMjQxNkFBNkQ1NDBDQzQxRjI0MDQ0NTdBRDQw
MzE0QzZCNDBFNTI2NDg0MDk2ODQxRjQwMUZFNTU4NDBEQkYyODU0MEY2NUEy
QzQwRjhGRTM5NDBERDAwMTI0MEVFMDEwNDQwRTAwODJDNDBGQ0E5MkY0MDVF
MDlEOTNGRTZDMTk2M0ZDMzY1NDYzRkUyNTE1MDNGQjQzNjAzM0YzOTM4RjQz
RTcyNDkwMjNGNEFEOTAzM0ZEOTNCQkUzRUU5Qzk4MzNFNUY4RkFDM0U0QTY4
QzczRTc4NUFDQTNFQ0EyQUM2M0U3MDUzQzkzRTk5OTM5NjNFMDM4Q0I1M0Uw
QjBGOUYzRURFNzI5NzNFOTBBOTQyM0U5Nw==

--SBD.Boundary.605592468
PROCESS /noc/users/iridburst/exec/irid_300224010734970_upd.pl
Last Run  ----1970-01-01 00:00:00 
MONTH  5 
DATA  xxrecord 2012-05-22 07:00:05 :: $W5M5A,120522,070005,660d0028449ce246,1,DAS 2,4901.5996N,1621.3577W,27.5,184,36.4,14.0,13.8,90.2,12.2,13.7,91.4,12.4,1001.8,2.81,3.88,10,229,40*48
 
INSERT
STATION sbdservice
IRID_ID 300224010734970
BODY 
Content-Type: application/x-zip-compressed; name="SBMmessage.sbd"
Content-Disposition: attachment; filename="300224010734970_003475.sbd"
Content-Transfer-Encoding: base64

JFc1TTVBLDEyMDUyMiwwODAwMDUsNjYwZDAwMjg0NDljZTI0NiwxLERBUyAy
LDQ5MDEuNjA0M04sMTYyMS4zNjg0VywyNi42LDE4NywzMy4wLDE0LjAsMTMu
NCw5NC43LDEyLjUsMTMuNCw5NS42LDEyLjcsMTAwMy43LDMuMTUsNC4xOCwx
MCwyMzAsNDAqNDENCg0KJFc1TTVBLDEyMDUyMiwwODAwMDUsNjYwZDAwMjg0
NDljZTI0NiwyLERBUyAyLDEyLjksMTMuMCwwLjIsMC40LDAuMDEsMTE3Miwx
MTgyLDE1Niw2MjksMCwyMjUuNywxNS40NCw5MjMqNjgNCg0KJFc1TTVBLDEy
MDUyMiwwODAwMDUsNjYwZDAwMjg0NDljZTI0NiwzLDdGMDA3NDAyM0EwMDAw
NTMzMjMwMzEzMjMwMzUzMjMyMzAzNzM0MzAzMDMwNTU1QTAwMzEzMjMwMzUz
MjMyMzAzNzM0MzAyQzU0NDE0MjMwMzAzMDMwMzAyQzJEMzAzNTMxMkUzMTJD
MkMzMTMyMkUzNDMyMkMzNDJFMzAyQzMzMzYzMDMwMkMzNjMwMkMzNjMwMkMz
MTJDMzAzMDM1MzczMDJDMzMyRTM0MzIyQzMxMkUzMjM2MkMzODM5MkMzMDJD
MzAyRTMxMzczMjJDMkIzMDMwMkUzMDBEMEFDMTEwMzlBQkNFRTY3RjAwNjcw
MjNBMDAwMDU3MzIzMDMxMzIzMDM1MzIzMjMwMzczNDMwMzAzMEZGNEQwMDAw
ODBGQjQ0MDA4MDAyNDQwMDg4OTA0NzAwMDBEODQyMTk3ODA1NDBCMzVERUU0
MEZGQzg4NTQwQzQ2RjQ5NDBCMDU0MDE0MUI0NkM3MjQwQ0M4NjAxNDE0OUZE
RTI0MDAxMDAyMDQxQTY0ODBGNDE5RTBDNEY0MDBDQTI2NTQzOEY0RjFFNDJE
OTcwRUMzQzk4MUMzRkRCOEQ2MTdGMDI1QTAyM0EwMDAwNEI1NjQ4MjAzNzMy
MzAzMTMyMzAzNTMyMzIzMDM3MzQzMDMwMzAyRTAwMDAwMDk5OTk5OTNEMEFE
N0EzM0IxMEEyNjU0MzhDNEYxRTQyNEJGRkE0NDMwQTE0OEU0MjI5NkM5RjQz
MDg0MDg1NDI3OTJDOTY0MzVCRkY0MTQyQTRDNDhDNDNFOEVCMTU0MjY3NDI4
ODQzNERCMUVENDExMDZBODQ0M0NFNzgwRTQyMDkyNDgwNDNFODlEMTk0MjlF
Qjk3NzQzMDEwODBENDJEMjRBNzM0MzhDMjcwQzQyODA5QjZFNDMxREM3MUE0
MjM3M0Q2MjQzRDNGQTE4NDIyNzE2NTg0M0M4NDQxOTQyMUU4QTU0NDNFN0U2
MjU0MkY2MEY0QzQzQzgyNjMwNDJGNTg3NDA0M0I5QjUzNDQyRjM2ODQ1NDMz
QUIzMzM0MjNDQUI0RTQzQkU4QjIyNDIwMTUwNEM0MzRFODEyODQyMkQ5OTQ5
NDM4MTk4M0I0MjhCQjc0NDQzRDY5QjUxNDI4M0M2NEE0MzQ1NTI1MzQyNDRD
NTQxNDNGNTYyMkY0MkMzMkIzQzQzMEVFMTE2NDJGN0U0M0U0M0M3NEQxMzQy
RkY2MjQwNDNFNEVFMEY0MkQzQUYzQjQzMDVGMDExNDIyQUY3M0Q0MzkyOEUy
QzQyMzdERjRBNDM5RTQxNTI0Mjk0OUEzRjQzRThCODVENDIzQTEzMjk0Mzk1
ODk1OTQyMjY0MDFENDNGNDQ1NTQ0MjM4MTIyMTQzNTEyMzU4NDJGNDJGMzc0
MzFEQzk1RjQyQkZBMDNBNDMxRkY5NTE0MkYyMjkzNTQzNEE1NTVCNDI1NzEy
M0Y0M0I4NkM2MjQyOTM1NDQ1NDMwMTE1NjI0MjQwOTE0MTQzQkEzODYxNDJG
NDBBM0Y0M0IxQkY2MzQyRDg0MzQ0NDNBOTYwNzA0MkQzQkQ0QTQzMkUzMTZB
NDJCNTNGNDg0MzI4RUI2RDQyNzlFRDQzNDNCRjQwN0E0MjgyQzYzQzQzMzA1
ODg0NDIzODYxNTU0M0I5QzM4QzQyNUY0MzY0NDNCMEUwOEU0MkQ5ODg3RDNF
NDRCMkI3M0VEMkYzN0EzRjQ2QjUzMDQwQTI4MUVGNDA4RTJEMkY0MTgzNjQy
RTQxOTM2MjE4NDE4ODM4MkI0MUY4ODcwRTQxNjgyQTE0NDE1ODc3MDM0MTk2
MTJCNDQwNTVCMkQ0NDA4OTU1QjY0MDlGODE4MjQwNTJCQjkzNDBGQ0FCNDg0
MEE0REM5NTNGQ0Q0NTQ2M0ZCRTMzNjczRjQ4MjA1NzNGMTQyOURGM0Y2MzE2
MDk0MEFGRjlENzNGQTMzMkU3M0YxNjA4QjQzRjkyMjA0MTNGOEQ2QjVCM0Y2
Nzc0RTIzRUZGNzZBNjNFQjA0RjQyM0VENzUwNTczRTIxNUFBMzNFMDNGRkJG
M0U5M0ZBNzEzRTA3OTk2QzNFODA5M0EwM0U1MUI4N0MzRTk0QkQ2RDNFQTlE
QTU0M0U5MjkyNjczRUIzRDQ3RjNFMUEwODFCM0U4ODlFMzIzRTU0RDQ4NzNF
ODU5NDk3QUMqMUINCg0K

--SBD.Boundary.605592468
PROCESS /noc/users/iridburst/exec/irid_300224010734970_upd.pl
Last Run  ----1970-01-01 00:00:00 
MONTH  5 
DATA  xxrecord 2012-05-22 08:00:05 :: $W5M5A,120522,080005,660d0028449ce246,1,DAS 2,4901.6043N,1621.3684W,26.6,187,33.0,14.0,13.4,94.7,12.5,13.4,95.6,12.7,1003.7,3.15,4.18,10,230,40*41
 
INSERT
STATION sbdservice
IRID_ID 300224010734970
BODY 
Content-Type: application/x-zip-compressed; name="SBMmessage.sbd"
Content-Disposition: attachment; filename="300224010734970_003476.sbd"
Content-Transfer-Encoding: base64

JFc1TTVBLDEyMDUyMiwwOTAwMDUsNjYwZDAwMjg0NDljZTI0NiwxLERBUyAy
LDQ5MDEuNTg1Nk4sMTYyMS4zNDcxVywyMS44LDIwNSwyNi40LDEzLjksMTMu
NCw5My45LDEyLjUsMTMuNSw5NC45LDEyLjcsMTAwNC44LDIuOTIsNC4yMiw5
LjUsMjI1LDQwKjY3DQoNCiRXNU01QSwxMjA1MjIsMDkwMDA1LDY2MGQwMDI4
NDQ5Y2UyNDYsMixEQVMgMiwxMy4wLDEzLjEsMC4yLDAuNCwwLjAxLDExNzMs
MTE4MywxNTYsNjI5LDAsNS45LDE1Ljg0LDkyMyo2Mg0KDQokVzVNNUEsMTIw
NTIyLDA5MDAwNSw2NjBkMDAyODQ0OWNlMjQ2LDMsN0YwMDc0MDIzQTAwMDA1
MzMyMzAzMTMyMzAzNTMyMzIzMDM4MzQzMDMwMzA1NTVBMDAzMTMyMzAzNTMy
MzIzMDM4MzQzMDJDNTQ0MTQyMzAzMDMwMzAzMDJDMkQzMDM1MzEyRTMxMkMy
QzMxMzIyRTM1MzAyQzM0MkUzMDJDMzMzNjMwMzAyQzM2MzAyQzM2MzAyQzMx
MkMzMDMwMzUzNzMwMkMzMzJFMzQzMjJDMzEyRTMyMzYyQzM5MzAyQzMwMkMz
MDJFMzEzNzMyMkMyQjMwMzAyRTMwMEQwQUI5MTBFNDlDRTU1MDdGMDA2NzAy
M0EwMDAwNTczMjMwMzEzMjMwMzUzMjMyMzAzODM0MzAzMDMwRkY0RDAwMDA4
MEZCNDQwMDgwMDI0NDAwMTBBNDQ3MDAwMEUyNDJCMERGRjYzRjBDNDZFMDQw
MjgxQzg3NDA3RTIwM0I0MDg4MzcwNjQxOTExQTY4NDAxMEVFRkU0MEIwOEVE
QzQwODY2MTE4NDE5RENDMTA0MTEwREQ0NzQwM0I1MjYxNDMxQTY0MUY0MkQ4
MUNERDNDQzQxQkE3QTQ5Q0IxN0YwMjRFMDIzQTAwMDA0QjU2NDgyMDM3MzIz
MDMxMzIzMDM1MzIzMjMwMzgzNDMwMzAzMDJEMDAwMDAwMEFEN0EzM0QwQUQ3
QTMzQjNGNTI2MTQzMTg2NDFGNDI5QTgyODY0Mzc4MEY0RDQyQTlEMzgzNDM2
MUU2MTc0MjJGQUI4NTQzMzczNjBGNDJERTlBODk0M0IwRTYyNjQyMDE2RDg0
NDNFMUE5Mjc0MkE4OTg3QzQzNEJFNjBENDJEQTE4Nzc0MzY2NzUwRTQyMDg2
QjY3NDMyMTU3MTY0MkQzOTY1QTQzNEMyNDAyNDI0QTRENTc0MzE0MUUxNzQy
RkJFNDRENDNCMEQ1Mzg0Mjk1REM1MTQzOEZDNTM1NDI5MEVENUM0M0RDMkQz
MzQyNDEwQzRBNDNEOUQwM0U0MkU0QTUzRTQzOUUzNDEwNDI5M0M0NDM0MzM5
Q0FGODQxRUI5MjQwNDNEQ0UzMDk0MkI2RjEzRDQzN0I5QzIxNDIwQUQ2NEE0
M0YwNjgzMjQyMzNDRDQ5NDNEQzU5MkM0MjRFMUIzODQzMTZFRTI3NDIyQUUz
M0I0M0ExNkQyQTQyQjMyNjQ5NDM3OEU3MzM0MkNDQjE0OTQzNUIwMjQzNDJF
ODYyNUI0Mzk5M0E0NTQyNzY1RDU1NDMzNThDNDY0MjJDOUY0MDQzM0JFNTQ0
NDJERUFEMzY0M0QyODAzMzQyQTY1QTM1NDMxMzNFMkU0MjEyNUEzNTQzMUQ2
RjNBNDI1NzZBM0M0M0QyNDQ0NDQyNTBGRjNENDNEMThCMzY0MjEzRDEzRTQz
OUNGQzMyNDI5MUU0NDg0MzUwOUUzRTQyQjQ2RDU2NDM4MEJCNTA0MkExRjA1
QzQzODE1RTdCNDIzMDYwNEY0MzlDNEU3RTQyMjBCRTNGNDNFOEMwNkE0MjA3
MjAzOTQzMzdGMDZBNDIzRUQyM0E0M0Q2MkY3RTQyNjkxQzI0NDM1RjhEOEI0
MkUwNjY0MTQzNDA0Mjk0NDI4NzUyNTc0MzgxNUI4QTQyN0I3NDNENDNBRUZC
ODM0MjI3MTEyMzQzMTE2MDgxNDI4NkM1MUUzRjIxNjk1RDQwMkU4OUNGNDA5
MjUxOTE0MEFEREJERjQwOEVBRDNGNDE1MzA4MTk0MTkxMThFMTQwMkQ3RDE5
NDE1RDE5MEE0MTM1MTA0ODQwQTkwOEJCNDA4NDA2N0M0MDcwRjAyRTQwNTMx
NDc3NDBFNkE0NkM0MEE0MDAzMDQwNjQyRjIxNDA3MUE4RDAzRjUzODdFMjNG
OTZBNjBGNDAzRDk0RDIzRjRBQTUzNDQwRDgyOThDM0ZFOTcxMDkzRkRDREE1
RTNGODM3QjQ2M0Y1REY1MTUzRjc4RkM5NTNGOUQwQzcwM0Y2NjFGM0EzRkQw
OEU3MDNGMzI5RDg2M0Y2RTQ4NDIzRjhBNTdGQTNFMTRGMjI3M0U5NTlENzgz
RTY2QTI3MTNFNkVCNTkzM0VEMDBCNUIzRUIzRkM1QTNFMjJGQjQ0M0U1RTgy
ODMzRTA3QzU4NDNFRUQ1RTE3M0VGMjYzMzI5NSoxRA0KDQo=

--SBD.Boundary.605592468
PROCESS /noc/users/iridburst/exec/irid_300224010734970_upd.pl
Last Run  ----1970-01-01 00:00:00 
MONTH  5 
DATA  xxrecord 2012-05-22 09:00:05 :: $W5M5A,120522,090005,660d0028449ce246,1,DAS 2,4901.5856N,1621.3471W,21.8,205,26.4,13.9,13.4,93.9,12.5,13.5,94.9,12.7,1004.8,2.92,4.22,9.5,225,40*67
 
INSERT
STATION sbdservice
IRID_ID 300224010734970
BODY 
Content-Type: application/x-zip-compressed; name="SBMmessage.sbd"
Content-Disposition: attachment; filename="300224010734970_003477.sbd"
Content-Transfer-Encoding: base64

JFc1TTVBLDEyMDUyMiwxMDAwMDUsNjYwZDAwMjg0NDljZTI0NiwxLERBUyAy
LDQ5MDEuNTUxNE4sMTYyMS4yODY0VywxOS40LDE5NSwyNy41LDEzLjksMTMu
NCw5MS42LDEyLjEsMTMuNSw5Mi41LDEyLjMsMTAwNS43LDMuMTMsNC45NCw5
LjEsMjIyLDM4KjYwDQoNCiRXNU01QSwxMjA1MjIsMTAwMDA1LDY2MGQwMDI4
NDQ5Y2UyNDYsMixEQVMgMiwxMy40LDEzLjYsMC4yLDAuNCwwLjAxLDExNzQs
MTE4NCwxNTYsNjI4LDAsNTEuMywxNS44NCw5MjIqNTINCg0KJFc1TTVBLDEy
MDUyMiwxMDAwMDUsNjYwZDAwMjg0NDljZTI0NiwzLDdGMDA3NDAyM0EwMDAw
NTMzMjMwMzEzMjMwMzUzMjMyMzAzOTM0MzAzMDMwNTU1QTAwMzEzMjMwMzUz
MjMyMzAzOTM0MzAyQzU0NDE0MjMwMzAzMDMwMzAyQzJEMzAzNTMxMkUzMTJD
MkMzMTMyMkUzOTM3MkMzNDJFMzAyQzMzMzYzMDMwMkMzNjMwMkMzNjMwMkMz
MTJDMzAzMDM1MzczMDJDMzMyRTM0MzIyQzMxMkUzMjM2MkMzOTMxMkMzMDJD
MzAyRTMxMzYzNzJDMkIzMDMwMkUzMDBEMEFDQTEwRDMyREZFM0Q3RjAwNjcw
MjNBMDAwMDU3MzIzMDMxMzIzMDM1MzIzMjMwMzkzNDMwMzAzMEZGNEQwMDAw
ODBGQjQ0MDA4MDAyNDQwMDk4Qjc0NzAwMDBENjQyNDIxRTA0NDAwNDAzRjE0
MDY4MjY5RTQwREI0RjQ4NDA1Q0M3MTA0MURBRjk3MzQwQjAwMzEyNDEzOTkw
RTk0MDVENzQxMTQxNjMwNDE3NDEyNjU1NTM0MEFFNUI1RTQzQjA0MTE5NDJG
MzVGRjYzQ0Q1MUEzQ0M3RkI1QjdGMDI1QTAyM0EwMDAwNEI1NjQ4MjAzNzMy
MzAzMTMyMzAzNTMyMzIzMDM5MzQzMDMwMzAyRTAwMDAwMDk5OTk5OTNEMEFE
N0EzM0JCMTVCNUU0M0IyNDExOTQyMDZGRTdGNDNFQUMxMTg0MkU4NzE4MTQz
QzI1N0ZDNDEwNkI4ODE0M0Q5MjRFMjQxRThFNzdFNDNDNDhFRjk0MTVDQTg3
NDQzOEYzODA3NDI0RTQxNzI0MzcwNjcwRTQyN0U1OTc3NDNGNkZBMEY0MjAw
QTA3MzQzMzE4MzE5NDI3RjI2NUM0M0VFQkExQjQyMUMzOTRFNDMwMzJCRkM0
MTgyOTk0RjQzMEQzOTE1NDIyNEMwNEU0M0JERkQ0RjQyNzk1ODMwNDMxNjIz
Mzc0MjdEMUIzOTQzODI0QTJGNDI0QUE2NDk0MzAxNjkyQzQyMTM3NDQzNDND
ODUyMkE0MkVEMDY0MTQzQUE0QTIzNDJEMjU3NEE0M0Y2RTQyOTQyMzM3NTRE
NDMxQUVCNDU0Mjc0NDUzNzQzMjBCNjQxNDI1MTM0Mjk0M0VDNDIyNzQyMDE2
RTI4NDM2MTJDMkM0Mjk4MDUzMTQzNEExQjM0NDJCM0RDMzk0MzIxRTkzQTQy
RjM0ODQyNDMyNUM4M0M0Mjc3NDM0NTQzRDBEQjMzNDIxRTU3NDE0MzA1MkYz
MTQyOTEwMDNENDM4MzI1Mzg0MkZDQ0U0MDQzMTY5RjUwNDJBRjFGM0Y0M0I2
NTg2MTQyOTJCOTJENDM3NkVDNTM0MjhGMTkyOTQzMEJEMTU2NDIxNjgyMjk0
M0Y4NTA3MzQyOEYwODQzNDMyQTA0ODE0MkJCQTk1NDQzODdDNTRGNDI1M0Y0
NDg0MzkyMjE0MTQyM0I1QjMwNDNGOEY3NUI0MkUzRjIxNjQzRTIyQzZBNDI3
QTk3MjA0M0Y2Rjk2ODQyRjE3MjNDNDMyMEQ4Njc0MkI5Rjg0NzQzMzM3NzZE
NDJEQkE3M0Y0M0FBNjk3ODQyNjY2NTI1NDMwQzg3Nzg0MkE5NzQxRTQzRURG
MzZENDJDMjdEMUY0MzJDRjY3MTQyOTVGRjBGNDM3NEQyOEQ0MkZFRUEzOTNG
OEQ2NjE4NDA0RjE0MDE0MUZCOUMyQjQxODczRDE5NDFCRTQ3MUQ0MTlDNDcz
RDQxQzU0NjQ2NDEzOTk3Qzc0MEQzRTczMzQxRTMxN0Y5NDBFODYwREYzRkJD
MTc0NTQwN0VFRTkxNDAxNTIyNzI0MEYxRDQ4QjQwNjMzMzk1NDAwMENERkMz
RkUzOTBBRDNGMDY5NkM3M0ZFQjJFRjAzRkUxQTlBMDNGMzFCRThDM0ZEMEMw
MjkzRjVENjU0ODNGRUUwRjhBM0ZDQjIwODYzRkY2OTBDQzNGOEVCNDg4M0Yy
MjZCRUQzRTEwM0JGRDNFQjkxOTFBM0YyMjRCRTEzRUQ1NEI1QzNFRTNDRDdB
M0UyMUVGRDMzRTI3M0U5NzNFNUZFNkI5M0U3MjI5QUEzRUM3RURFQzNFMjg5
MTEwM0ZDRjIxOUYzRUQwQUM3MzNFOUNEN0ExM0VDNThEMjAzRTIzRDc1OTNF
RENBRTM0MEIqNkMNCg0K

--SBD.Boundary.605592468
PROCESS /noc/users/iridburst/exec/irid_300224010734970_upd.pl
Last Run  ----1970-01-01 00:00:00 
MONTH  5 
DATA  xxrecord 2012-05-22 10:00:05 :: $W5M5A,120522,100005,660d0028449ce246,1,DAS 2,4901.5514N,1621.2864W,19.4,195,27.5,13.9,13.4,91.6,12.1,13.5,92.5,12.3,1005.7,3.13,4.94,9.1,222,38*60
 
INSERT
STATION sbdservice
IRID_ID 300224010734970
BODY 
Content-Type: application/x-zip-compressed; name="SBMmessage.sbd"
Content-Disposition: attachment; filename="300224010734970_003478.sbd"
Content-Transfer-Encoding: base64

JFc1TTVBLDEyMDUyMiwxMTAwMDUsNjYwZDAwMjg0NDljZTI0NiwxLERBUyAy
LDQ5MDEuNTA5NE4sMTYyMS4yMDUzVywxNy4xLDIwNywyMS4yLDEzLjksMTMu
Myw4OS42LDExLjYsMTMuNCw5MC4xLDExLjgsMTAwNi4wLDMuNzgsNS4xMSwx
MC41LDIyOSwzNCo1OQ0KDQokVzVNNUEsMTIwNTIyLDExMDAwNSw2NjBkMDAy
ODQ0OWNlMjQ2LDIsREFTIDIsMTQuMywxNC41LDAuMiwwLjMsMC4wMSwxMTc1
LDExODUsMTU2LDYyOCwwLDEzLjksMTUuODQsOTI3KjU5DQoNCiRXNU01QSwx
MjA1MjIsMTEwMDA1LDY2MGQwMDI4NDQ5Y2UyNDYsMyw3RjAwNzQwMjNBMDAw
MDUzMzIzMDMxMzIzMDM1MzIzMjMxMzAzNDMwMzAzMDU1NUEwMDMxMzIzMDM1
MzIzMjMxMzAzNDMwMkM1NDQxNDIzMDMwMzAzMDMwMkMyRDMwMzUzMTJFMzEy
QzJDMzEzMzJFMzgzMzJDMzQyRTMwMkMzMzM2MzAzMDJDMzYzMDJDMzYzMDJD
MzEyQzMwMzAzNTM3MzAyQzMzMkUzNDMyMkMzMTJFMzIzNjJDMzkzMjJDMzAy
QzMwMkUzMTM2MzMyQzJCMzAzMDJFMzAwRDBBQkIxMDg1OTY4NUU3N0YwMDY3
MDIzQTAwMDA1NzMyMzAzMTMyMzAzNTMyMzIzMTMwMzQzMDMwMzBGRjREMDAw
MDgwRkI0NDAwODAwMjQ0MDAyMENCNDcwMDAwRDQ0MkM0RDYxRDQwMEQ2MEYy
NDA0OEFBQTM0MEEzM0E3MjQwODYwMjExNDExNEMwOEI0MDIwMjYwNjQxNjQ1
MkYxNDBDQTZCMjg0MUFDRUMxRDQxRjNDODdDNDAyNzQ4NjU0M0M2MDYwOTQy
OERDRjM4M0QwQTFDMzQ5MDE2QjE3RjAyMzYwMjNBMDAwMDRCNTY0ODIwMzcz
MjMwMzEzMjMwMzUzMjMyMzEzMDM0MzAzMDMwMkIwMDAwMDAwQUQ3QTMzRDBB
RDdBMzNCMkI0ODY1NDNDNTA2MDk0MjJDQzA4MDQzNUM4RTAwNDIyMUQ3ODI0
MzNDRTBEOTQxQUFGRDgyNDM2NDI0REY0MUIwMUE4MDQzNUE0MEU5NDFCNUVC
N0I0M0FFMkJGMDQxRkUzNzdBNDNFODhFRkU0MTMwRDU3NDQzNUFGMDBBNDI2
MjdFNkM0MzM1ODExNzQyQThBNTVFNDNDNDcxMjQ0MkQxRDQ1NjQzREM1MTEy
NDJEODIxNTU0M0ZFODRGNTQxMTkwRDRCNDNBRDI2Rjg0MTE0Q0U0MjQzMkFF
NDBCNDJCRDI5NDg0MzAzMDkyMzQyOEZFMDRFNDMxN0U3MjA0MjAxNDM0RDQz
MDc1MDExNDI3MDQ4NDU0M0IyRkEwQjQyMzQyNTQ3NDNFMEE2MTk0Mjc2RDI0
RjQzNkQxRjNENDJDNjdENDU0MzlDRDA0ODQyNkIwQjM5NDNCMTdEMzM0MjVC
MjEzNTQzQzIxODI4NDIwQjc4MzU0MzM0RjUyNzQyRkM4QjNBNDMxNDhEMjE0
Mjk1Mzg0NTQzMTNEQzIyNDI3MkY0NDc0M0Q4MDczODQyNTlFNTQzNDMxMTYz
NDQ0MkQ4RTY0MzQzMjA0MzQ0NDIzNEYyNDU0MzA4M0Y0RTQyRUZFNDQ0NDM4
NzU3Njk0MkRBQkIzQzQzNDk1QTY1NDI4Q0RFMzI0M0E0MEQ1MDQyQ0U1NjJE
NDNBQzZGNDc0MjM3MDQyNTQzQUIwRjVFNDJBQ0JFMjU0M0Q2MUQ2MzQyNzk3
MDI1NDNFNzM3NUY0MkE4NzAyNjQzMkUyQzYxNDIwRjRFMzk0M0VBMEQ3ODQy
OTk2RjQzNDM5NEExODU0MkYyRUUzMzQzNzdBRjgzNDJDNENBMkU0M0U0MTk4
NjQyNDYzNDJBNDM2NDI3OEY0MkM3M0UyMzQzNzhDQzhDNDIxMzlFNTA0MDFC
NUNCQTQwQUNGODlCNDFEQzIxQUU0MTgxMkM4OTQxMDc2NzVDNDEwQkU5REY0
MDk1MURFMDQwQzZCMjFGNDFCRTBFM0U0MUU3Q0Y4RDQxRDdBMzFFNDEzMDQw
MDI0MTlERUU4QTQwM0M2QThGNDBBMjFBODA0MDBFNEE3MzQwNDMzQzcwNDAx
MjM2QjEzRjRBMDhBRTNGODEyMUUxM0ZFQUMzRDgzRkM2NzBDMjNGNjk2Rjk1
M0ZEQzU0OEQzRjM1OTFBNzNGQkYyOTkyM0ZDQzIxQTczRkJGMjY3QTNGRkY4
NkM0M0UxRURGMTczRjY0MDZDOTNFMTgyRENGM0VGQTYyNzAzRUU4RUM2MzNF
NUQ4MjUzM0U2MUEyODgzRTg0MkE4RDNFRDYxMDFEM0VFMEU3NTkzRUQ2REZD
MzNFNkM3RDlFM0U2NTE5MkEzRTVDNDE3REYzKjEyDQoNCg==

--SBD.Boundary.605592468
PROCESS /noc/users/iridburst/exec/irid_300224010734970_upd.pl
Last Run  ----1970-01-01 00:00:00 
MONTH  5 
DATA  xxrecord 2012-05-22 11:00:05 :: $W5M5A,120522,110005,660d0028449ce246,1,DAS 2,4901.5094N,1621.2053W,17.1,207,21.2,13.9,13.3,89.6,11.6,13.4,90.1,11.8,1006.0,3.78,5.11,10.5,229,34*59
 
INSERT
STATION sbdservice
IRID_ID 300224010734970
BODY 
Content-Type: application/x-zip-compressed; name="SBMmessage.sbd"
Content-Disposition: attachment; filename="300224010734970_003479.sbd"
Content-Transfer-Encoding: base64

JFc1TTVBLDEyMDUyMiwxMjAwMDUsNjYwZDAwMjg0NDljZTI0NiwxLERBUyAy
LDQ5MDEuNDcxNE4sMTYyMS4xNDQwVywxOC42LDIxNSwyMy4yLDE0LjAsMTMu
NSw4OC42LDExLjYsMTMuNSw4OS4zLDExLjgsMTAwNi44LDMuNTMsNS4zNCw5
LjUsMjMyLDM2KjZDDQoNCiRXNU01QSwxMjA1MjIsMTIwMDA1LDY2MGQwMDI4
NDQ5Y2UyNDYsMixEQVMgMiwxNC40LDE0LjUsMC4yLDAuMywwLjAxLDExNzYs
MTE4NiwxNTYsNjI4LDAsNTguNiwxNS44NCw5MjQqNUUNCg0KJFc1TTVBLDEy
MDUyMiwxMjAwMDUsNjYwZDAwMjg0NDljZTI0NiwzLDdGMDA3NDAyM0EwMDAw
NTMzMjMwMzEzMjMwMzUzMjMyMzEzMTM0MzAzMDMwNTU1QTAwMzEzMjMwMzUz
MjMyMzEzMTM0MzAyQzU0NDE0MjMwMzAzMDMwMzAyQzJEMzAzNTMxMkUzMTJD
MkMzMTMzMkUzODM0MkMzNDJFMzAyQzMzMzYzMDMwMkMzNjMwMkMzNjMwMkMz
MTJDMzAzMDM1MzczMDJDMzMyRTM0MzIyQzMxMkUzMjM2MkMzOTMzMkMzMDJD
MzAyRTMxMzYzMjJDMkIzMDMwMkUzMDBEMEFCRDEwNTFFRkZEMzA3RjAwNjcw
MjNBMDAwMDU3MzIzMDMxMzIzMDM1MzIzMjMxMzEzNDMwMzAzMEZGNEQwMDAw
ODBGQjQ0MDA4MDAyNDQwMEE4REU0NzAwMDBDRTQyODI2NjEyNDAyNTNERjY0
MDdBRDBBQTQwOEIyMzYyNDA1QzMwMTE0MTg5MzY4RDQwQkExMTBGNDFCRTlD
RjI0MDg2NjExODQxODQ3NDE5NDEzQkY3NkI0MEE0QUY2NzQzMjgyNTExNDI2
NEEwMjMzRDg1MUI2MTZCMjczQzdGMDIzNjAyM0EwMDAwNEI1NjQ4MjAzNzMy
MzAzMTMyMzAzNTMyMzIzMTMxMzQzMDMwMzAyQjAwMDAwMDBBRDdBMzNEMEFE
N0EzM0JBOUFGNjc0MzIyMjUxMTQyQjNCMDg3NDNCNTUyMUE0MjhFMDc4ODQz
QUUyQTA4NDIwODc0ODg0M0JBQjhFOTQxNjdEMDhBNDMwNTIyREY0MUNFMzY4
NjQzNDZGOTA4NDJBQ0M2NzY0MzY1REEwMTQyNTJERTZDNDNGODJGMDU0MkZE
NzY2MjQzRUU4NTFDNDJBNjAyNTM0MzU2NjcxQzQyNzlCRDRDNDMyN0ExMEY0
MjYwOTU0RDQzNjIxQjE4NDI1RjYyNDI0MzY4NDYyMjQyOUEyMTNDNDNEMDY3
MUU0Mjc3RDk0MDQzODAyNjJENDJFREE2NDU0Mzk1OUUyMTQyOTcxMzQyNDM2
OTk4MTU0MkY0RTgzQjQzNEEzNDFENDIxNTc0M0U0MzBCMzkyNzQyODk2MjRB
NDM4QTRGMzA0MjA4NzQ0RTQzRjQ2NDNENDJCNDdCNDU0M0REODgzQTQyOEFC
QzM5NDNGMzhGMzA0MjFFRkUzOTQzNEQzOTM5NDI1RkY5Mzg0MzM0OTUzNDQy
RENFQTM4NDMwODA1MkE0Mjg1OTIzRDQzNzBDRDMwNDI4NTQ3M0Q0MzhBNDQz
NjQyN0QzMTNENDM1MjMwM0M0MkFFNUU0MDQzQTk3NjQ0NDJDRDk4NDk0MzAy
RTI1MTQyN0M0OTUzNDM1QjU3M0E0MjQzMjg1MDQzRDM5NzJFNDJEQjQ5NDM0
MzU1MzI0ODQyRUVBNjNENDNGREY4N0I0MjY0M0Q0QjQzNDUzRjg5NDJEOUZG
NTE0MzdFMTQ4MjQyMTdFMjUyNDM5RjhEODE0MjFENDg1MjQzMkNCQjg2NDIy
RjlFNEY0MzcxQUI4ODQyOTg2NjQ5NDMwNjgxODc0MjE5NkUyNjQzOUU4MThD
NDI4MENBMTc0MzY4MTc4RjQyNzZGOTJENDM5MUUyOTE0MkExNzMxMzQwNjU4
Q0VGNDA4QURDMkQ0MUU5OTg4MzQxNDhGQzQ5NDFCNDQ2QUI0MTAwMDc2RDQx
MkQxRDE4NDE5QUY5RTM0MDc5QzczOTQxNzVCMDA4NDE0OUU4Q0M0MEFCNzRF
NjQwOTg2OERDM0ZGRDBDMzA0MDRCQjA2MzQwQUY1MTEyNDA1MTM0MUI0MDE5
N0EwODQwODIyQ0UyM0ZFNzIxODYzRjBCOUJBMDNGMkEwN0I5M0YwRkJFN0Qz
RjU3MTg1NzNGQzVFREFCM0ZDN0Q3NTUzRkI4ODA0OTNGNzRCRDQ0M0YzQ0Yx
QjkzRTIyRDc4MTNGODA5MzcyM0ZDQ0NDRDYzRTdBRjk3RjNFQUIxNTY3M0VG
Q0Q3OTYzRTUyQTVDRDNFMjc1QzVGM0VCMEQyMjUzRUM1QkY3QTNFOEE4RDQ5
M0U1QkRCNDgzRTJFMEFDODNENTJERkIyRjAqMTINCg0K

--SBD.Boundary.605592468
PROCESS /noc/users/iridburst/exec/irid_300224010734970_upd.pl
Last Run  ----1970-01-01 00:00:00 
MONTH  5 
DATA  xxrecord 2012-05-22 12:00:05 :: $W5M5A,120522,120005,660d0028449ce246,1,DAS 2,4901.4714N,1621.1440W,18.6,215,23.2,14.0,13.5,88.6,11.6,13.5,89.3,11.8,1006.8,3.53,5.34,9.5,232,36*6C
 
INSERT
STATION sbdservice
IRID_ID 300224010734970
BODY 
Content-Type: application/x-zip-compressed; name="SBMmessage.sbd"
Content-Disposition: attachment; filename="300224010734970_003480.sbd"
Content-Transfer-Encoding: base64

JFc1TTVBLDEyMDUyMiwxMzAwMDUsNjYwZDAwMjg0NDljZTI0NiwxLERBUyAy
LDQ5MDEuNDU1Nk4sMTYyMS4xMjY3VywxNC42LDIxMCwxOS45LDE0LjAsMTMu
NCw4OC44LDExLjYsMTMuNSw4OS40LDExLjgsMTAwNy4zLDMuNCw0Ljk1LDEw
LDIyNyw0MSo3Qw0KDQokVzVNNUEsMTIwNTIyLDEzMDAwNSw2NjBkMDAyODQ0
OWNlMjQ2LDIsREFTIDIsMTMuOCwxMy45LDAuMiwwLjQsMC4wMSwxMTc3LDEx
ODcsMTU2LDYyOCwwLDcuMSwxNS44NCw5MjUqNjQNCg0KJFc1TTVBLDEyMDUy
MiwxMzAwMDUsNjYwZDAwMjg0NDljZTI0NiwzLDdGMDA3NDAyM0EwMDAwNTMz
MjMwMzEzMjMwMzUzMjMyMzEzMjM0MzAzMDMwNTU1QTAwMzEzMjMwMzUzMjMy
MzEzMjM0MzAyQzU0NDE0MjMwMzAzMDMwMzAyQzJEMzAzNTMxMkUzMTJDMkMz
MTMzMkUzMjM4MkMzNDJFMzAyQzMzMzYzMDMwMkMzNjMwMkMzNjMwMkMzMTJD
MzAzMDM1MzczMDJDMzMyRTM0MzIyQzMxMkUzMjM2MkMzOTM0MkMzMDJDMzAy
RTMxMzYzNzJDMkIzMDMwMkUzMDBEMEFDMjEwRDgwRkZFNUM3RjAwNjcwMjNB
MDAwMDU3MzIzMDMxMzIzMDM1MzIzMjMxMzIzNDMwMzAzMEZGNEQwMDAwODBG
QjQ0MDA4MDAyNDQwMDMwRjI0NzAwMDBEMDQyNENCNDEwNDAwNzk5RjQ0MDgx
NTk5RTQwN0ZDMzU5NDA5NUMzMEM0MThGRjc4NDQwNzNCNDA0NDE5QzA3RjA0
MDAxMDAyMDQxMTlERTFCNDFBMTVCNjQ0MDA0RUU2MjQzQ0M3NDI0NDJEREQy
MTUzREM0MUNGM0ZFMjkxNTdGMDIzNjAyM0EwMDAwNEI1NjQ4MjAzNzMyMzAz
MTMyMzAzNTMyMzIzMTMyMzQzMDMwMzAyQjAwMDAwMDBBRDdBMzNEMEFEN0Ez
M0IwOEVFNjI0M0M4NzQyNDQyODRFRTdDNDNEMkUyMzM0MjZDMUQ3QjQzOEE0
QTFENDI4NzFENzc0MzIyQjcyQTQyMUFBNzcyNDMwNTBBMjk0MjY2MzE3MTQz
Rjg3OTEzNDIyNkYyNkI0M0UxQjgwNzQyNjA1ODY5NDM5MDI0MTk0MjI4QTM2
QTQzQzUxODI4NDJGREQzNjA0MzdCRjAxRTQyOEJDNzVCNDNGMzRCMjI0MkEz
OUU1RTQzRERBRDJBNDIxNkVGNUY0MzI3REEyOTQyQ0QzNjU3NDM3Q0Y2MjI0
MjkxQUM0OTQzMDVEQzIwNDI5OTJBMzg0MzE1QkMxRjQyMjQ3NDM5NDM1RDRC
Mjg0MkEyMkM0NDQzRDFDNDFGNDIzRjk3NDk0MzA2QzMxNzQyRTUwNjUyNDNE
OTc4MjY0MjEzQTc1RDQzMUZCNDMxNDIzOEQ3NTc0M0M2RDY0RDQyNDkyOTQ0
NDNBODM4NTI0MkJFMUIzMDQzMkJFMjQwNDJCRDU5MkM0MzFBQTI0QTQyNUNF
MzM5NDM1QkMzNTM0MkJDNkU0MTQzNEE3RDRBNDI2RDJFNDc0MzYyN0I0MTQy
NUM2NTRBNDNEMzVCNEI0MkFCODU0QjQzOEZCRjU0NDI3MjI5NTI0MzE2N0Y1
ODQyN0RCNzRDNDMzMUYwNTU0MkUwOEYzNzQzMUU3RjRENDJBNTFDMzM0M0JB
REE0RTQyNDJDMzNDNDMyQTI3NjA0MjJEMjQzMjQzQzMzQTcyNDJFNDJEMkU0
M0E3MUY3QjQyQzgxQTQxNDM3RDc3ODI0MjA0QzY0NTQzQTFDQTdENDJCRjIz
M0E0MzBFNTk2QzQyRjg3QTQ1NDMzNTJDNkE0MjdBMDc2MDQzOTQ3MDc1NDJB
MjBBNjM0M0MyMjE4NTQyODQyMjVFNDMxOTAzODQ0MjgxRTFGQzNGQkZGREQ5
NDBDMjZGNkU0MUJERTcxQjQxNTU0MTg1NDExRTYzNDU0MTAyRDEwMzQxMDlD
NEUwNDA5Qjg4NTY0MUMwODIwQjQxMTEwMzBFNDFEMDE4MDU0MTcwQjJFODQw
QTAzMEI0NDA5MUFBRTIzRkMwRjExMzQwMURCMjFFNDAzRkU2M0I0MDVDRTcw
OTQwMUQ2MUUwM0ZDNUM3MkYzRjg0MUJBODNGQzNBRDZFM0YxRDlENEMzRjdF
MDlGRDNFQ0VGRDZDM0YzQkE2NEIzRkU3MzdCMzNGMUJGRDhCM0YwQjQ3MkMz
RkNBOTQ0RDNGNzVGNEU2M0UxOTcyRTYzRUNGRTU4MzNFMTk5NEI2M0UyNUFF
QUIzRTEyQUEzQjNFMUQyNTYxM0VFODVCODIzRTZGRjA1MDNFRTFFM0U5M0Q3
QzkyQUMzRDY3MDQ2RjNFRjVFODMwNkUqMTANCg0K

--SBD.Boundary.605592468
PROCESS /noc/users/iridburst/exec/irid_300224010734970_upd.pl
Last Run  ----1970-01-01 00:00:00 
MONTH  5 
DATA  xxrecord 2012-05-22 13:00:05 :: $W5M5A,120522,130005,660d0028449ce246,1,DAS 2,4901.4556N,1621.1267W,14.6,210,19.9,14.0,13.4,88.8,11.6,13.5,89.4,11.8,1007.3,3.4,4.95,10,227,41*7C
 
INSERT
STATION sbdservice
IRID_ID 300224010734970
BODY 
Content-Type: application/x-zip-compressed; name="SBMmessage.sbd"
Content-Disposition: attachment; filename="300224010734970_003481.sbd"
Content-Transfer-Encoding: base64

JFc1TTVBLDEyMDUyMiwxNDAwMDUsNjYwZDAwMjg0NDljZTI0NiwxLERBUyAy
LDQ5MDEuNDU5MU4sMTYyMS4xNTAyVywxMy4yLDIwMCwxNi41LDE0LjAsMTMu
Myw5MS4xLDExLjksMTMuNCw5MS42LDEyLjAsMTAwNy4wLDMuNTEsNS43OSwx
MCwyMzcsMzYqNEMNCg0KJFc1TTVBLDEyMDUyMiwxNDAwMDUsNjYwZDAwMjg0
NDljZTI0NiwyLERBUyAyLDEzLjIsMTMuNSwwLjIsMC42LDAuMDEsMTE3OCwx
MTg4LDE1Niw2MjgsMCwyLjYsMTUuODQsOTI0KjY0DQoNCiRXNU01QSwxMjA1
MjIsMTQwMDA1LDY2MGQwMDI4NDQ5Y2UyNDYsMyw3RjAwNzQwMjNBMDAwMDUz
MzIzMDMxMzIzMDM1MzIzMjMxMzMzNDMwMzAzMDU1NUEwMDMxMzIzMDM1MzIz
MjMxMzMzNDMwMkM1NDQxNDIzMDMwMzAzMDMwMkMyRDMwMzUzMTJFMzEyQzJD
MzEzMjJFMzgzNTJDMzQyRTMwMkMzMzM2MzAzMDJDMzYzMDJDMzYzMDJDMzEy
QzMwMzAzNTM3MzAyQzMzMkUzNDMyMkMzMTJFMzIzNjJDMzkzNTJDMzAyQzMw
MkUzMTM2MzkyQzJCMzAzMDJFMzAwRDBBQzgxMDIxMTU3MzI1N0YwMDY3MDIz
QTAwMDA1NzMyMzAzMTMyMzAzNTMyMzIzMTMzMzQzMDMwMzBGRjREMDAwMDgw
RkI0NDAwODAwMjQ0MDBEQzAyNDgwMDAwQ0E0MjlEQTkwRjQwNjVBOUZENDAx
QzUxQjk0MDczQzA2MDQwQkM0RDFBNDFDMjg3OEE0MDMyNjAxRDQxNzcxQUY5
NDAwMTAwMjA0MTNDQjgyNDQxRkJBNTY4NDBGNUU4NkM0M0MwRTUwRjQyQkQw
QTIxM0RGNzFDMENFOTdGRUU3RjAyMkEwMjNBMDAwMDRCNTY0ODIwMzczMjMw
MzEzMjMwMzUzMjMyMzEzMzM0MzAzMDMwMkEwMDAwMDAwQUQ3QTMzRDBBRDdB
MzNCRjhFODZDNDNCQkU1MEY0MjYxRTc4MDQzQzJBNTE4NDJFODk4ODQ0MzBE
OTgwMzQyQzBDRDg0NDM1RjY2RTg0MTgwQzA4MDQzNkZCNEVDNDE4RUI3Nzc0
M0RGNkFFODQxMzEyOTc1NDM0Q0VGRjE0MTM2RUQ3MDQzOTA5NjBENDI0MTg0
NjU0MzQxOEIyNTQyQjE1OTRFNDM0NTZFMkI0MkYzNDk0NzQzQjdCNTEzNDJF
NTdBNEY0MzNGMUYxMjQyMDNCRDU3NDM3OEY3MjI0MkJCQjA0QzQzRDVCQTQy
NDI0MjU2NDc0M0IyODU0NjQyRkE3RjRGNDNFRDc1M0Q0MjlBNkI0QjQzOUQ2
QjNBNDI3NzZENDM0MzRDQkMyNzQyNEM3MTQ3NDNGMUE3MjU0MkMzMTg1MDQz
RDcxQzNCNDI1MzY5NTM0M0RENTc0MjQyNEFDRDRGNDM2OUI3M0Q0Mjg3Mzc0
QTQzMDYyNDNFNDIwQUU3NTA0M0RFRDI1MjQyNEIxMzU3NDMzODVBNTY0MjE3
NDk0MzQzODgwRTQzNDJFN0QzM0Q0MzQzMDQ0MTQyNUEwMzRBNDMzRTBGNUQ0
MkZFMkY1MDQzQzk0NTZBNDJGQzAzNTQ0MzRGNkE2NTQyMTFGQjU2NDM0QjJC
Njg0MkM3QzE1NzQzNjBFNDc3NDI0NTE2NUE0M0FEMjI3NTQyRkRGRjUwNDMw
NTcxNkI0Mjg5NkE1NDQzRUIyQTc5NDIxMjM4NzQ0MzBERDI4MDQyMTZEOTc1
NDMzRDZFNzc0MkMwMDE2OTQzMkY2ODc3NDJCQzhBNEI0MzY3RTI3NDQyMkYz
MTMzNDNEMzNGNjI0MjJFNjAyRTQzNDVDNDY4NDI5QzgzNDY0MzdFMjg4MjQy
NjYyOTZBNDNBNEIwOEE0MjEwRENGOTNGQzIzNTA0NDEyNjI1QTg0MUNCRTQ5
NDQxOEJCNUI2NDE3OUVDOEI0MTI0QjUzQTQxMkIzM0ZBNDBCRDg2QTE0MDE4
NDFCNTQwQ0I2NkE2NDAyOTkwM0Q0MDQ0MDMwNDQwRDM3RjE1NDAxN0FBNTk0
MDNGMzJERjNGQTNEQTQ5NDA0MThCODA0MDVFNTQ0NjQwQzNBMTAyNDA3QjlE
QkUzRkIzMTg5RDNGNzQ2REZDM0VFRkQzM0YzRjRBMDMyMzNGQTE3Rjc3M0Y0
MzRBMzIzRkRGNjIyRjNGQkI1MTgyM0Y5NkUzM0QzRjc2NkQ1ODNFRTA3NEMx
M0UwNzk4QzEzRTc2MTRBQTNFNjA4MjhGM0VBQURFOTIzRUM1NDkzMDNFREZG
NDhGM0U5OUVCMTEzRjUxMDNENDNFNkE0MTlCM0U2NTU4NTYzRTlBMzY2NEVB
KjY3DQoNCg==

--SBD.Boundary.605592468
PROCESS /noc/users/iridburst/exec/irid_300224010734970_upd.pl
Last Run  ----1970-01-01 00:00:00 
MONTH  5 
DATA  xxrecord 2012-05-22 14:00:05 :: $W5M5A,120522,140005,660d0028449ce246,1,DAS 2,4901.4591N,1621.1502W,13.2,200,16.5,14.0,13.3,91.1,11.9,13.4,91.6,12.0,1007.0,3.51,5.79,10,237,36*4C
 
INSERT
STATION sbdservice
IRID_ID 300224010734970
BODY 
Content-Type: application/x-zip-compressed; name="SBMmessage.sbd"
Content-Disposition: attachment; filename="300224010734970_003482.sbd"
Content-Transfer-Encoding: base64

JFc1TTVBLDEyMDUyMiwxNTAwMDUsNjYwZDAwMjg0NDljZTI0NiwxLERBUyAy
LDQ5MDEuNDk0NE4sMTYyMS4yMDkzVywxMy45LDE4NywxNi45LDE0LjAsMTMu
Miw5Mi44LDEyLjAsMTMuMiw5My4xLDEyLjEsMTAwNy4zLDMuMiw0LjM0LDEw
LDIzNywzOSo3RA0KDQokVzVNNUEsMTIwNTIyLDE1MDAwNSw2NjBkMDAyODQ0
OWNlMjQ2LDIsREFTIDIsMTMuNywxNC40LDAuMiwwLjksMC4wMSwxMTc5LDEx
ODksMTU2LDYyOCwwLDIwNi44LDE1Ljg0LDkyMSo2NA0KDQokVzVNNUEsMTIw
NTIyLDE1MDAwNSw2NjBkMDAyODQ0OWNlMjQ2LDMsN0YwMDc0MDIzQTAwMDA1
MzMyMzAzMTMyMzAzNTMyMzIzMTM0MzQzMDMwMzA1NTVBMDAzMTMyMzAzNTMy
MzIzMTM0MzQzMDJDNTQ0MTQyMzAzMDMwMzAzMDJDMkQzMDM1MzEyRTMxMkMy
QzMxMzMyRTM3MzcyQzM0MkUzMDJDMzMzNjMwMzAyQzM2MzAyQzM2MzAyQzMx
MkMzMDMwMzUzNzMwMkMzMzJFMzQzMjJDMzEyRTMyMzYyQzM5MzYyQzMwMkMz
MDJFMzEzNjMzMkMyQjMwMzAyRTMwMEQwQUM2MTBGMDQ1QzZDNjdGMDA2NzAy
M0EwMDAwNTczMjMwMzEzMjMwMzUzMjMyMzEzNDM0MzAzMDMwRkY0RDAwMDA4
MEZCNDQwMDgwMDI0NDAwQTAwQzQ4MDAwMENBNDI1OTIxMDc0MEJFODJGRDQw
RUEwNzhCNDBFQ0QwNEM0MDJGMjcwRjQxRDI5NDc4NDA3ODA5MTY0MTcyRURG
MzQwMDEwMDIwNDE4RENDMTk0MTRFMDY1NjQwREU0NDZENDNGNTE1MUM0MjYw
Q0MwMDNERTMxQTBCMjJFMTc4N0YwMjQyMDIzQTAwMDA0QjU2NDgyMDM3MzIz
MDMxMzIzMDM1MzIzMjMxMzQzNDMwMzAzMDJDMDAwMDAwOTk5OTk5M0QwQUQ3
QTMzQkUxNDQ2RDQzRjUxNTFDNDI5MkNGODU0MzAyMjAwNDQyOTA0OTg0NDNC
Q0Q3MDA0Mjk0Qjk4MzQzMUZEQjBFNDJEOEJDODM0MzMyREQwQTQyNTExMzgw
NDM1REE0RjA0MUIyMDk3ODQzNTQ5NkVFNDEyRDIyNzA0MzNBQUQwNjQyNUY0
MTY1NDMzNTQ3MDY0MjZCQzM2OTQzMUIxRDFBNDI1NTRFNzM0MzlDODkzQzQy
NjM4QzY2NDM1MEEyNDM0Mjk5Qjk2MTQzRUMxQjMyNDIxN0ZGNjM0MzdCNTU0
MzQyRjE2NzVCNDM4OEExNUM0MkZBMzE1QTQzRkM1MDNFNDI2MzY5NUU0MzNB
MjcyMTQyMTkwMDVCNDM0QUNBMTQ0MkFFREI0RTQzMEU3NzE3NDJBM0U0NEU0
MzY2NkIzMjQyQzQ5MjVBNDMzNzMzNEU0MkU1MEE2MzQzMUVFRDYwNDJFQTE1
NTE0M0JBMkE2MjQyOTVEMjM3NDMwQzM4NDI0MkVFRkQzNzQzNUQwNjRCNDJG
MjUwNDc0MzFEMDI1ODQyNEUyRjQ4NDNDRDk3NTQ0Mjk2OTI1MjQzQ0IxRjUy
NDJBNUE2NjA0M0UwRDI0NjQyRDMwMTY1NDNFQkE1NUI0MkFEMkU2NjQzRDE1
Mzc1NDJFQ0Y3Njc0MzAwMDY3MjQyMDhCNjY4NDM0QkIwNjg0MjA4N0M2MDQz
M0JGQTVBNDI4MjhGNEM0M0YzNDQ3MDQyQTJGMDFDNDMwNzVFN0I0MjgwNUUx
NTQzRDRGRjY4NDIyMkMzMjY0MzI5Njc1QTQyNEI5MDI5NDNEMzNGNUI0MjU0
NDEyOTQzNzc4MzY5NDI2QjIwMzM0MzFDN0U3MjQyQTA0RTIzNDM4NTE0NkQ0
MkM2MUMxNzQzQjQ1NzVENDI0Nzk3MkE0MzQxOUY3QzQyMTJFQTU1NDM1MDU2
ODg0MjZCQjBCOTNGQzgzQjZCNDA4MUQxRTE0MDUyQTQxMDQxMUQ3NTQwNDFE
NEM3NzQ0MTIyRTQ0NTQxMTcxMTJGNDEyNDg4NTQ0MUFGNDIwQTQxMTQxNzM3
NDBBNkVCQkI0MDBDODI5NjQwMURFODAxNDA1RUZDMkQ0MDNCOUU4MjQwMDdB
NDA0NDAzRjhFMkE0MDVFQkRGNTNGOEVFN0I2M0Y3RTM4NTMzRjNBQkU5ODNG
NjYwOTlGM0ZBQjdCQTQzRjJCQjI1NzNGMzk2Mjk1M0ZBQ0NDMDczRjJDQUYy
QzNGNDEzOUY1M0U1REY3MDMzRkZFN0YyMjNGMDNCOEVFM0UzRkM0MjIzRjNF
MTZFQTNFM0IyQ0E3M0U2RDVEODAzRTI2OTdCMDNFQzREREM0M0UyNUFCOTcz
RUNFQTIzNTNFNkRCMTM1M0UyRTM1MjEzRTQ3NjYzNjNFQTNGMjUwM0U0RTky
NzIxMio2QQ0KDQo=

--SBD.Boundary.605592468
PROCESS /noc/users/iridburst/exec/irid_300224010734970_upd.pl
Last Run  ----1970-01-01 00:00:00 
MONTH  5 
DATA  xxrecord 2012-05-22 15:00:05 :: $W5M5A,120522,150005,660d0028449ce246,1,DAS 2,4901.4944N,1621.2093W,13.9,187,16.9,14.0,13.2,92.8,12.0,13.2,93.1,12.1,1007.3,3.2,4.34,10,237,39*7D
 
INSERT
STATION sbdservice
IRID_ID 300224010734970
BODY 
Content-Type: application/x-zip-compressed; name="SBMmessage.sbd"
Content-Disposition: attachment; filename="300224010734970_003483.sbd"
Content-Transfer-Encoding: base64

JFc1TTVBLDEyMDUyMiwxNjAwMDUsNjYwZDAwMjg0NDljZTI0NiwxLERBUyAy
LDQ5MDEuNTM4ME4sMTYyMS4yOTI4VywxMy4yLDE4NCwxNi4xLDE0LjAsMTMu
MSw5My4wLDEyLjAsMTMuMSw5My40LDEyLjEsMTAwNy43LDIuODMsMy42Niwx
MCwyMzksMzkqNEENCg0KJFc1TTVBLDEyMDUyMiwxNjAwMDUsNjYwZDAwMjg0
NDljZTI0NiwyLERBUyAyLDE0LjQsMTQuNSwwLjIsMC40LDAuMDEsMTE4MCwx
MTkwLDE1Niw2MjgsMCw2NC42LDE1Ljg0LDkyNCo1Qw0KDQokVzVNNUEsMTIw
NTIyLDE2MDAwNSw2NjBkMDAyODQ0OWNlMjQ2LDMsN0YwMDc0MDIzQTAwMDA1
MzMyMzAzMTMyMzAzNTMyMzIzMTM1MzQzMDMwMzA1NTVBMDAzMTMyMzAzNTMy
MzIzMTM1MzQzMDJDNTQ0MTQyMzAzMDMwMzAzMDJDMkQzMDM1MzEyRTMxMkMy
QzMxMzMyRTM4MzYyQzM0MkUzMDJDMzMzNjMwMzAyQzM2MzAyQzM2MzAyQzMx
MkMzMDMwMzUzNzMwMkMzMzJFMzQzMjJDMzEyRTMyMzYyQzM5MzcyQzMwMkMz
MDJFMzEzNjMzMkMyQjMwMzAyRTMwMEQwQUM4MTA1RDIxQTQyNDdGMDA2NzAy
M0EwMDAwNTczMjMwMzEzMjMwMzUzMjMyMzEzNTM0MzAzMDMwRkY0RDAwMDA4
MEZCNDQwMDgwMDI0NDAwNjQxNjQ4MDAwMEJDNDJFNzlGMDA0MDk5NEQwNjQx
MzA3RjZBNDAwNjMzMzU0MDkzMDQxMjQxQzFDNzUxNDA0NzAwMEY0MUMwM0NG
NDQwMDEwMDIwNDE3MjU0MUI0MTQyREI0MjQwRkFCRTZFNDNCRjk3MUQ0Mjg0
ODJDRjNDQTcxOURGRDVFMjg1N0YwMjVBMDIzQTAwMDA0QjU2NDgyMDM3MzIz
MDMxMzIzMDM1MzIzMjMxMzUzNDMwMzAzMDJFMDAwMDAwOTk5OTk5M0QwQUQ3
QTMzQkZFQkU2RTQzQkE5NzFENDIyRDNFN0M0MzlGRjQyQjQyM0JDMzc2NDM0
QTJGMTA0MjQyNkI3NzQzQTI2OTBGNDI1NDJDN0Y0M0Y3RjIxRjQyRjA2Nzgy
NDMzNEU1MTk0MjA2RTk3RTQzMUYwRTAzNDJGQUQzNzk0MzRBQ0RFMzQxOTZC
OTc4NDMyMjE1RUE0MTAxQ0Y3ODQzODgwODE0NDJDQjkwN0U0MzhEM0M0MzQy
QjIxRDZGNDMyMDhGNTI0MjAwQkI0RDQzM0IyMTMzNDJGOTRENDk0M0ExMzgz
MzQyOUU5NTVCNDMzQ0ZGNDQ0MjdBOEM2NTQzRUMxMDQ2NDJCMEZGNTU0MzVE
NjM0NzQyRjE2OTRBNDM3OTk0NEY0MjVCMkI1NTQzNDMwRTNFNDI1NUI3NTM0
M0FCRTgzNTQyRDJFODRFNDM2RUE1NDI0MkNBMUY1ODQzRTU5QzM5NDJGODA3
NTk0MzU2NzEyQTQyRENGNzQ3NDMzNTE2Mzc0MjY2NTAzNTQzMTk4NDQxNDJC
OTU0Mzc0MzlEQzc1QzQyNDc3RDQ1NDMzQjdENkY0MkY4QTM0MDQzQzJFMTc4
NDIwMkY5MzQ0MzhBNzA2RTQyNUEwOTM0NDM3MjA3NTM0MkY4MzUzODQzNENE
RjQ3NDJGODlFMzY0M0IyQTc1NjQyNTk3MzM0NDNBNzQ5Njg0MkU0RDI0MzQz
OTc4Qzg0NDJFQ0M1NTg0MzdFNTQ4ODQyNzNEMTUyNDNBMTFGNzk0MjBGNkYz
RjQzMjAxODY2NDIxMTUzMjg0MzdCQkU2OTQyQUY3MjJFNDNCQzZBODM0MjE1
NzQ2MjQzNDVFNTg0NDI3OUE4NkM0Mzc5N0Y3ODQyNTI2MTY5NDMwREZENzI0
MkJEMjM2QTQzNDdENzZENDIxOTU5NjQ0MzBCQkE4MTQyQkMyNzM3NDM1NjBD
OEU0MjJEQTcxMDQzMTg4RTgzNDJBRjNBMTQ0M0VDQTQ4NzQyNTg2RkNDM0Y0
QjMwNEE0MDMwNTVENjQwQTVBMEVBNDAwOTgyMUY0MTcxMDA1NzQxOEQ4MTRG
NDEzQzNFMzA0MUIwMDUwQTQxMENENEYxM0ZCNTEyNDI0MEM3RTBBNzQwMzZG
MTgwNDA2MzA2MkQ0MENEMzcwQzQwNEE5NUExM0ZFOEM4MUUzRkE5RDkxOTQw
OTBCMjYwNDBEN0FEOUEzRjRBQzM4ODNGNDkyODg5M0ZGMjIxNUIzRjMwNDU4
QjNGQTNFQjQwM0Y3NzAzMjkzRkVFNTNEQzNFOTk4OTc1M0VGMzhEQ0QzRUIy
QTgzQjNGMUFBMDM4M0ZFNjk0QzIzRTE3OEI4QTNFQUU0RDIwM0VGRDRGOEEz
RTI1QkUzNDNFMkY0NTNEM0UwRjA4NEQzRTQ3NzI2MzNFODE2OUY1M0RDQjVF
QjAzRTU4QUQ5QzNFREE1OTU4M0UxRTgxRTEzRERCQTQzODNFNTQyNjFCM0VE
RkNEQzQ3NSo2Nw0KDQo=

--SBD.Boundary.605592468
PROCESS /noc/users/iridburst/exec/irid_300224010734970_upd.pl
Last Run  ----1970-01-01 00:00:00 
MONTH  5 
DATA  xxrecord 2012-05-22 16:00:05 :: $W5M5A,120522,160005,660d0028449ce246,1,DAS 2,4901.5380N,1621.2928W,13.2,184,16.1,14.0,13.1,93.0,12.0,13.1,93.4,12.1,1007.7,2.83,3.66,10,239,39*4A
 
INSERT
STATION sbdservice
IRID_ID 300224010734970
BODY 
Content-Type: application/x-zip-compressed; name="SBMmessage.sbd"
Content-Disposition: attachment; filename="300224010734970_003484.sbd"
Content-Transfer-Encoding: base64

JFc1TTVBLDEyMDUyMiwxNzAwMDUsNjYwZDAwMjg0NDljZTI0NiwxLERBUyAy
LDQ5MDEuNTc0ME4sMTYyMS4zNzc1VywxNC4zLDE4NywxOS4zLDE0LjAsMTMu
MSw5My4wLDEyLjAsMTMuMiw5My4zLDEyLjEsMTAwNy41LDMuMDcsNS4wNCwx
MC41LDIzOSwzOSo1RQ0KDQokVzVNNUEsMTIwNTIyLDE3MDAwNSw2NjBkMDAy
ODQ0OWNlMjQ2LDIsREFTIDIsMTMuOCwxMy45LDAuMiwwLjQsMC4wMSwxMTgx
LDExOTEsMTU2LDYyOCwwLDEuMCwxNS44NCw5MjQqNjgNCg0KJFc1TTVBLDEy
MDUyMiwxNzAwMDUsNjYwZDAwMjg0NDljZTI0NiwzLDdGMDA3NDAyM0EwMDAw
NTMzMjMwMzEzMjMwMzUzMjMyMzEzNjM0MzAzMDMwNTU1QTAwMzEzMjMwMzUz
MjMyMzEzNjM0MzAyQzU0NDE0MjMwMzAzMDMwMzAyQzJEMzAzNTMxMkUzMTJD
MkMzMTMzMkUzMjM4MkMzNDJFMzAyQzMzMzYzMDMwMkMzNjMwMkMzNjMwMkMz
MTJDMzAzMDM1MzczMDJDMzMyRTM0MzIyQzMxMkUzMjM2MkMzOTM4MkMzMDJD
MzAyRTMxMzYzNjJDMkIzMDMwMkUzMDBEMEFDOTEwMjhEQjg4OTU3RjAwNjcw
MjNBMDAwMDU3MzIzMDMxMzIzMDM1MzIzMjMxMzYzNDMwMzAzMEZGNEQwMDAw
ODBGQjQ0MDA4MDAyNDQwMDI4MjA0ODAwMDBDQTQyRTU1Q0Y5M0Y1QTczRkU0
MDg2NDJBMTQwNzgzRTQ0NDA0QjM0MTQ0MTM4REE3NDQwNjIyOTE3NDE2NEMy
Rjk0MENBNkIyODQxNTc3OTI3NDE0RUY2NDc0MDYyRTM2RTQzRUI4NTFENDI0
NzAwRTEzQzdBMUMyNkMyMjFBQzdGMDI0RTAyM0EwMDAwNEI1NjQ4MjAzNzMy
MzAzMTMyMzAzNTMyMzIzMTM2MzQzMDMwMzAyRDAwMDAwMDk5OTk5OTNEMEFE
N0EzM0I2NkUzNkU0M0U3ODUxRDQyRjI5RThBNDMzMUQyMkU0MjQzNDA4NTQz
NTFCRDIzNDJDNzcwODM0MzkyRjExOTQyQTc0OTgzNDM0QzhGMDU0MjE4MTU4
MDQzMzRBMDBCNDJERjdCNzg0MzI1QzMwRDQyMUM4Qzc1NDNCODY3MEM0MjIy
MzM2RDQzRDI1NDEwNDIwMjNGNjY0MzA1QjkxNTQyMDQ2RDYyNDNBMURFMjE0
MkYzMjQ1QjQzNEQ2RDI0NDI0REFENTQ0MzBFN0YxQjQyN0YxODUyNDMxRTc4
MkI0MjQ1REE0ODQzOTVDRTRDNDIxNTNBNTE0MzRGRDM1NTQyNEVDMTU3NDNC
QTk1M0E0MkJBOTc1MzQzNkI4MDNGNDIyRTUyNjE0MzczMkE2MTQyNkFEQTdF
NDMyNjYwNzY0MjY4NTA2QTQzNDUwNDg4NDI2RjgyMzU0M0MwM0Y3NzQyRjM1
MTQyNDMwMTgxNEY0MjNGNjA0RDQzMDlGNDJGNDI5NzZBNEQ0M0YzQTQzMDQy
MUMyMTU0NDNBRDlFNDU0MjJGQzc2NzQzQjVBODY2NDIyMjJGNjA0MzEzQTY2
NDQyNEY2MDU4NDMyNzIwNTk0MkMyNEI1NzQzQjMwQTU3NDI4MENBNEM0M0Q3
MUU0NDQyOEUzNDQ4NDMxNEJBM0U0MjVGQzk0RDQzOUMzOTU4NDI0MzM0NEI0
M0NBMTE2NjQyRjc0NDQ0NDM3MTQ2NjE0MjlCRjI0NTQzODU3MzU1NDJCQkIw
Mzg0MzRDNEY0MDQyNDdGODMwNDNDOUM5NDM0MjYxNTIzOTQzRUE0RTU5NDJB
MkRCNEI0Mzc1Mzk4MzQyQTA2RjY2NDM1QjU0OEM0MjlDQzQ2NjQzMkJGRTg4
NDI5MkVGNDg0MzlEMzQ4RTQyNTc1QTJENDM5NDRDODg0MjZDNDMyRTQzNzEw
RDg3NDJCN0Q3MjY0MzlBRDU4NjQyRDFBQTNBM0ZDRTgyRTgzRjYzNjg2ODQw
RkREOTU1NDE1M0ZGQkE0MUM5REM4MDQxRDdBOUU3NDA4QUZFQzM0MDI1NDhF
MDQwRUQ3Q0MwNDA1NDcyQUM0MEM2QkNDMzQwQ0I3NTNBNDBDRkE1MUM0MDJG
MUZDQjNGNjA1MEJEM0YxRUIwRTUzRjVFRjM2NjNGNzhBQTEzM0Y4M0U0MUYz
RkI4REEyNTNGQTZFMjMxM0ZDQTQyOTEzRjMzRTA0NDNGMDYyQ0Y1M0U1MkNF
OUEzRTY3MTkxNzNGOTAxMTREM0Y4RkM5MzIzRkNDNkEwODNGQjBCRjNFM0Yw
RjJBMTkzRjI5QTgxODNGOURBRDE3M0ZCQUEyNjQzRUM4Qjc1MjNFN0NCODYw
M0VFNkIwNEQzRTQzRjc0NDNFM0ExNDUwM0UwNjE2ODEzRTc0NkJFMTNENzVG
ODMxM0VBNjE0NTgzRTQxMTIzRDNFNTdEM0M0NTMqMUMNCg0K

--SBD.Boundary.605592468
PROCESS /noc/users/iridburst/exec/irid_300224010734970_upd.pl
Last Run  ----1970-01-01 00:00:00 
MONTH  5 
DATA  xxrecord 2012-05-22 17:00:05 :: $W5M5A,120522,170005,660d0028449ce246,1,DAS 2,4901.5740N,1621.3775W,14.3,187,19.3,14.0,13.1,93.0,12.0,13.2,93.3,12.1,1007.5,3.07,5.04,10.5,239,39*5E
 
INSERT
STATION sbdservice
IRID_ID 300224010734970
BODY 
Content-Type: application/x-zip-compressed; name="SBMmessage.sbd"
Content-Disposition: attachment; filename="300224010734970_003485.sbd"
Content-Transfer-Encoding: base64

JFc1TTVBLDEyMDUyMiwxODAwMDUsNjYwZDAwMjg0NDljZTI0NiwxLERBUyAy
LDQ5MDEuNjEzNk4sMTYyMS40NjkxVywxNC40LDE4MiwxOC44LDE0LjEsMTMu
MCw5NC4wLDEyLjAsMTMuMCw5NC4yLDEyLjEsMTAwNy41LDIuODEsNC4xOCwx
MC41LDI0MSw0MSo1MQ0KDQokVzVNNUEsMTIwNTIyLDE4MDAwNSw2NjBkMDAy
ODQ0OWNlMjQ2LDIsREFTIDIsMTMuMSwxMy4zLDAuMiwwLjQsMC4wMSwxMTgy
LDExOTIsMTU2LDYyOSwwLDMzMS4zLDE1Ljg0LDkyMyo2MQ0KDQokVzVNNUEs
MTIwNTIyLDE4MDAwNSw2NjBkMDAyODQ0OWNlMjQ2LDMsN0YwMDc0MDIzQTAw
MDA1MzMyMzAzMTMyMzAzNTMyMzIzMTM3MzQzMDMwMzA1NTVBMDAzMTMyMzAz
NTMyMzIzMTM3MzQzMDJDNTQ0MTQyMzAzMDMwMzAzMDJDMkQzMDM1MzEyRTMx
MkMyQzMxMzIyRTM2MzgyQzM0MkUzMDJDMzMzNjMwMzAyQzM2MzAyQzM2MzAy
QzMxMkMzMDMwMzUzNzMwMkMzMzJFMzQzMjJDMzEyRTMyMzYyQzM5MzkyQzMw
MkMzMDJFMzEzNzMxMkMyQjMwMzAyRTMwMEQwQUNBMTAyMDVDREI5NDdGMDA2
NzAyM0EwMDAwNTczMjMwMzEzMjMwMzUzMjMyMzEzNzM0MzAzMDMwRkY0RDAw
MDA4MEZCNDQwMDgwMDI0NDAwRUMyOTQ4MDAwMENDNDIxRDlFRUEzRkEyRjdG
OTQwNjA5Rjg1NDAyNUYzMzM0MEI4NTYxNDQxNjVEQTUyNDAzNTUzMTI0MTgx
RjhGNzQwQ0E2QjI4NDEyRTQ0MjQ0MTMzQkEzRjQwNEY5QTcwNDMxODQzMjI0
Mjg3NzNDQTNDM0MxREZCOTQ5QjU5N0YwMjVBMDIzQTAwMDA0QjU2NDgyMDM3
MzIzMDMxMzIzMDM1MzIzMjMxMzczNDMwMzAzMDJFMDAwMDAwOTk5OTk5M0Qw
QUQ3QTMzQjUzOUE3MDQzMTg0MzIyNDI5NUJEN0M0M0NDRTAwRDQyRENDRjdD
NDNDNkY3RUQ0MUU3QUE3RjQzMjQ1NDBFNDIyNkJEODM0M0MxMkUyODQyNTZG
NDg3NDM0MDJGMEU0Mjk0NjA4ODQzRTEwNkU1NDE2MkZBN0U0M0RDQkIyRDQy
QzJDOTVBNDMyNDk0MzY0MjRGMUU1MDQzOTFDRDM1NDIwQjg0NTQ0Mzc2M0Ez
QTQyMjczODUyNDNCMjM4Mjc0MkE5NTc1MTQzMjIyMTMzNDJDRTA0NUU0MzE1
MzUzRjQyMDNGQTVDNDM2ODExMjc0MjFDMjA0RTQzRkJBMTBGNDJDRjFGNDM0
MzRGM0MyNzQyMUJGMzQ3NDMwRjlBNEQ0MjAwRjc1QTQzMTMxRTQxNDJDREQw
NTk0M0VERTA0MTQyNDdGOTQ4NDM1MEUzMzY0MkI0OEQzRTQzMjVEMzJBNDJC
RDg1NDE0MzA4ODEzMjQyRUY4QzU5NDNGNDkzNEE0MkY3M0I1QjQzRDIzMTVC
NDIxMjFGNTA0MzJCOTk0QzQyOTdFRTUwNDMwQkY5M0Y0MjE4MjE1MTQzN0FF
OTVDNDJDMkI4Njk0M0U2MDA3NzQyODNBMjcyNDM1QzdGN0Q0MjFEQjk1QjQz
QjdFNzg5NDIxODg3NUM0MzQ2NzE4QTQyRjg2RjU4NDNBNEY2ODA0MkQ2MjI0
QTQzNTIwQzcyNDI3QUNBNEI0M0MwMjk2RjQyRDU1MzUzNDMwNzM4NzY0MkVD
MzI2MTQzRjA1Njg1NDJFRUFCNTU0MzBDNjI4OTQyM0E4MjQyNDM0QjRBODQ0
MjUyNTI1MDQzOUE1RjgwNDI0RTExNUQ0MzE2QTk2RTQyM0M2QjU3NDNDNzUy
NjY0MkZCQjE0MzQzNjk0NTZENDIwNjVCMzc0M0RFRkQ3QTQyQjk4OTRBNDM0
MUZDODY0MkI3Qzk1NjQzQjE5OThENDJERUY1NDM0MzVGRTQ5NDQyNEU4NTVE
M0ZEODA2MTM0MDNEOUIxQTQxOEZEMkYxNDA0ODQyN0U0MTE2MjA3RTQxNDBE
QkU3NDA2OEQ5RTU0MDIxMkY5MDQwNjNCMzg2NDA4MEZFRTc0MEE5NDEzNjQw
RkY3NzBDNDAyNkY0MzM0MDZFOUM0NDQwNjY0RjlEM0ZBNEZEOEYzRjM0QkVD
MTNGNzE2Mjk2M0YwOTI1QUQzRkMzQjRCQjNGRTYwRDZGM0YyNjRDRjUzRTI2
QkUwNDNGMTFCQjM0M0Y3N0RBODUzRkU2MEVGODNFNUEyNjFBM0Y3MDMxMDcz
RjE4NzM3RjNFM0U1QzRFM0UxRkMxNDczRUY1NzlBMTNFMUU1M0QzM0VCMjIz
RDMzRTVCRjAyNTNFMTNEQTlFM0VDRDM2NUMzRUNEMTc4QjNFQkY4OTU5M0VF
N0NDNjkzRUQ4MDAzOTNFRkI2MDJBM0U1QzQ5MzkzRTg2NkQ1QjNFNDAwMzI4
M0VGQTU1ODRBQioxRQ0KDQo=

--SBD.Boundary.605592468
PROCESS /noc/users/iridburst/exec/irid_300224010734970_upd.pl
Last Run  ----1970-01-01 00:00:00 
MONTH  5 
DATA  xxrecord 2012-05-22 18:00:05 :: $W5M5A,120522,180005,660d0028449ce246,1,DAS 2,4901.6136N,1621.4691W,14.4,182,18.8,14.1,13.0,94.0,12.0,13.0,94.2,12.1,1007.5,2.81,4.18,10.5,241,41*51
 
INSERT
STATION sbdservice
IRID_ID 300224010734970
BODY 
Content-Type: application/x-zip-compressed; name="SBMmessage.sbd"
Content-Disposition: attachment; filename="300224010734970_003486.sbd"
Content-Transfer-Encoding: base64

JFc1TTVBLDEyMDUyMiwxOTAwMDUsNjYwZDAwMjg0NDljZTI0NiwxLERBUyAy
LDQ5MDEuNjMzN04sMTYyMS41MDI5VywxNC4yLDE3NCwxOC4wLDE0LjAsMTIu
OSw5Mi44LDExLjcsMTIuOSw5My4yLDExLjgsMTAwNy41LDIuOTEsNC41Nywx
MC41LDI0NywzNSo1OQ0KDQokVzVNNUEsMTIwNTIyLDE5MDAwNSw2NjBkMDAy
ODQ0OWNlMjQ2LDIsREFTIDIsMTMuMSwxMy4yLDAuMiwwLjQsMC4wMSwxMTgz
LDExOTMsMTU2LDYyOCwwLDMyNy42LDE1Ljg0LDkyNCo2NQ0KDQokVzVNNUEs
MTIwNTIyLDE5MDAwNSw2NjBkMDAyODQ0OWNlMjQ2LDMsN0YwMDc1MDIzQTAw
MDA1MzMyMzAzMTMyMzAzNTMyMzIzMTM4MzQzMDMwMzA1NTVCMDAzMTMyMzAz
NTMyMzIzMTM4MzQzMDJDNTQ0MTQyMzAzMDMwMzAzMDJDMkQzMDM1MzEyRTMx
MkMyQzMxMzIyRTM2MzEyQzM0MkUzMDJDMzMzNjMwMzAyQzM2MzAyQzM2MzAy
QzMxMkMzMDMwMzUzNzMwMkMzMzJFMzQzMjJDMzEyRTMyMzYyQzMxMzAzMDJD
MzAyQzMwMkUzMTM3MzEyQzJCMzAzMDJFMzAwRDBBRTQxMDBCOUJBMjA3N0Yw
MDY3MDIzQTAwMDA1NzMyMzAzMTMyMzAzNTMyMzIzMTM4MzQzMDMwMzBGRjRE
MDAwMDgwRkI0NDAwODAwMjQ0MDBCMDMzNDgwMDAwQkM0MkQ0NTkwMDQwNzUz
MjA4NDE1NjI1OTI0MDkyMDkzQTQwN0E4QjIyNDEyNUEwNjk0MDM0RkYyMTQx
Q0I3REZFNDBDQTZCMjg0MTVGNTAyOTQxOTU4NDQxNDA5RUNBNzY0MzBDMjEw
RDQyNEVFNUQyM0NEOTFBOUU1OTY2NjU3RjAyNEUwMjNBMDAwMDRCNTY0ODIw
MzczMjMwMzEzMjMwMzUzMjMyMzEzODM0MzAzMDMwMkQwMDAwMDA5OTk5OTkz
RDBBRDdBMzNCQTJDQTc2NDMwQzIxMEQ0MjNBRDA4NTQzOTJCNDMzNDIwOUM2
ODc0MzZBNEYxNjQyQzk0Qjg3NDNGNjlDRjc0MTA4QkY4NDQzN0YzM0NGNDFB
QTQ3ODI0MzZCREVCQzQxRDA1QjdFNDM0RUY4RTQ0MTU0RDE3NjQzRkU1OTE4
NDI4MjAzNzE0M0NDN0Y0MTQyRTRCMzY2NDM1QjM1NEY0MjY3ODA2MjQzMjdG
NTI3NDIwNDEwNkE0MzIyRjUwQjQyMDIwODZFNDM1NDBGMTU0MjMzRTM1QzQz
QjVGQTM2NDI3RDhCNEE0M0M1QjU0NTQyMjcwMjRCNDM5NTRFNkU0MkY3Q0Q1
QzQzMkY5ODdGNDI3OTdBNTI0M0E5MEY1NTQyQ0E3QzRGNDMxQzNCM0E0MjEy
QTY1NjQzN0U5QzRDNDI5MEYyNTM0MzRGQUM1QzQyREI0MjQ5NDNCRTIyNUU0
MjUwNUY0NDQzRDk2MDU5NDJDRTBGNDY0M0VFNkM1NjQyNzcxRTRCNDMwMEQ0
NTg0MjZEMzQ1MjQzODg2QzYxNDJEOENBNUU0Mzc2REI1RDQyMEJDNjU5NDM4
MTBBNTc0MkQ1OEU0RDQzNTZGMjU3NDI1QjVENDY0M0IwOTQ1NjQyMDJBMDUw
NDMzMjYyNTc0MjYxOTk0RTQzMEE2QTVENDI0QjlBMkU0MzA4OTA2MjQyMDAx
QTIyNDM5RTc3NUQ0MkU5QUQzRDQzNUQzNDcxNDJGNDQyNTk0M0NDMjU1RjQy
MzI4NTRFNDM0N0NGNUI0MjJGOUIzRTQzMDg3RTY5NDJFNDA4NTU0MzY1NzU3
RjQyMUU0RDVBNDMxQTA3ODM0MjI4REY0RjQzNjZGMDg2NDI3OTUyMzU0M0U1
MTE4RTQyNzdFQzIwNDM0NTg0ODg0MjQ0QjQxQzQzMTdEODgxNDIxOTA4MUQ0
MzhCMTA3RDQyRUM2MDI3NDM2QzVGODA0MkQ5RUYyNzNGNzc4MEU0M0YyQjZE
MEY0MUExQUY4OTQxMzdGOEJDNDE1RDhENjU0MUVFMzZFMzQwNDEyODhGNDA5
QUZCNEE0MEZEN0MzNzQwQzcyQjlBNDBGM0U4RjgzRkFEMkEyNTQwNEUwMDAx
NDBENDEwQTczRjRBNDc0RDNGN0E1RjkwM0ZFRjA3OTQzRjVDQzQyNTNGMkM4
ODM4M0ZBMjJDMzczRjI1NDY2RTNGOTAyODRGM0YyNjI1MzMzRjkzQTYxOTNG
QTUzQjA0M0ZDQjQyNDMzRjNBMDQyQjNGN0JDMDAxM0ZCOEI5NjQzRjc5OTkx
MzNGQUYxMkIzM0U3RDkzRkEzRUU1NjQ0OTNGODgzRTE5M0Y0QzdDQkYzRUFD
RTM2RDNFNTYyMkVGM0QxQ0E2MTQzRTQ0RDQ1MTNFRTJCNkQ4M0Q4RTk1REIz
RDU0NkNGNjNEOUJCQUY4M0Q0NjY5QjEzRDcwNzUzQ0IwKjYxDQoNCg==

--SBD.Boundary.605592468
PROCESS /noc/users/iridburst/exec/irid_300224010734970_upd.pl
Last Run  ----1970-01-01 00:00:00 
MONTH  5 
DATA  xxrecord 2012-05-22 19:00:05 :: $W5M5A,120522,190005,660d0028449ce246,1,DAS 2,4901.6337N,1621.5029W,14.2,174,18.0,14.0,12.9,92.8,11.7,12.9,93.2,11.8,1007.5,2.91,4.57,10.5,247,35*59
 
INSERT
STATION sbdservice
IRID_ID 300224010734970
BODY 
Content-Type: application/x-zip-compressed; name="SBMmessage.sbd"
Content-Disposition: attachment; filename="300224010734970_003487.sbd"
Content-Transfer-Encoding: base64

JFc1TTVBLDEyMDUyMiwyMDAwMDUsNjYwZDAwMjg0NDljZTI0NiwxLERBUyAy
LDQ5MDEuNjM4NU4sMTYyMS41MDA1VywxNS4wLDE2MiwxOC41LDE0LjAsMTMu
MCw5My4zLDExLjksMTMuMCw5My42LDEyLjAsMTAwNy41LDIuODgsNC4wOCwx
MC41LDI0NCw0Mio1Rg0KDQokVzVNNUEsMTIwNTIyLDIwMDAwNSw2NjBkMDAy
ODQ0OWNlMjQ2LDIsREFTIDIsMTMuMCwxMy4yLDAuMiwwLjQsMC4wMSwxMTg0
LDExOTQsMTU2LDYyOCwwLDI0NS4wLDE1Ljg0LDkyMyo2QQ0KDQokVzVNNUEs
MTIwNTIyLDIwMDAwNSw2NjBkMDAyODQ0OWNlMjQ2LDMsN0YwMDc1MDIzQTAw
MDA1MzMyMzAzMTMyMzAzNTMyMzIzMTM5MzQzMDMwMzA1NTVCMDAzMTMyMzAz
NTMyMzIzMTM5MzQzMDJDNTQ0MTQyMzAzMDMwMzAzMDJDMkQzMDM1MzEyRTMx
MkMyQzMxMzIyRTM1MzcyQzM0MkUzMDJDMzMzNjMwMzAyQzM2MzAyQzM2MzAy
QzMxMkMzMDMwMzUzNzMwMkMzMzJFMzQzMjJDMzEyRTMyMzYyQzMxMzAzMTJD
MzAyQzMwMkUzMTM3MzEyQzJCMzAzMDJFMzAwRDBBRUIxMDhEQTc2RTdGN0Yw
MDY3MDIzQTAwMDA1NzMyMzAzMTMyMzAzNTMyMzIzMTM5MzQzMDMwMzBGRjRE
MDAwMDgwRkI0NDAwODAwMjQ0MDA3NDNENDgwMDAwQzY0MjlFNThGNDNGMTcw
NzAyNDFBREFGODI0MDQ5NTQzODQwMEZBMTE2NDEwNkY1NUM0MEQ2QzUxNTQx
RDQzNUY1NDBDQTZCMjg0MTkzNzAyNjQxMTQ0NTNFNDA1OERFNzM0MzE0NTIy
ODQyODA5RUM2M0MxNzFCRDA0MDk5M0I3RjAyNUEwMjNBMDAwMDRCNTY0ODIw
MzczMjMwMzEzMjMwMzUzMjMyMzEzOTM0MzAzMDMwMkUwMDAwMDA5OTk5OTkz
RDBBRDdBMzNCNUNERTczNDMwRTUyMjg0MjYwRjY4OTQzMzlGODI1NDIyNTMz
ODg0M0YzMkQxRTQyMURGQzg4NDMxMjgxMTY0MjY4ODU4NzQzNDY0MDEyNDI5
QURCODE0M0RBQTYwNzQyODA4NzgwNDMzQjgxMEU0MkZDRkU4MzQzODU1MjJF
NDIyQzMyNzQ0MzhENDQyRjQyQkQyNDY3NDMzQTgxMTI0MjAzQ0Q2NjQzM0JB
RDI0NDI3RDhBNUY0MzMyOUEzMzQyM0QyQTVDNDMzMkQzMzA0MjI1NjQ2NDQz
NUFCQzVCNDJGRkNDNzE0MzY1MEU3OTQyRjNBMjY2NDNDNkJFNzQ0MjM1RTE1
NTQzQkMxODVENDJEMjUxNTQ0MzcxMjY0QzQyM0ZBNzU3NDNCMzk2MkI0MjNC
MjE1ODQzMDFGMTI2NDI5RkJDNTU0MzI3QTI1MDQyNjRCOTRFNDNEODk2NkI0
MkZDQjQzQzQzQjMxRTZGNDI5QjE3M0U0MzQyQ0Q2NDQyNzYyRTQwNDM4QTBE
NUE0Mjg5NzU0NTQzNkNGMzY0NDI2NEY0NEM0MzREOTI3NzQyMjA4QTMxNDNB
RTU1NzQ0MjlBM0EzMzQzRDY1MzU2NDJGRjAzNDM0MzMyMzc0RDQyM0YxNDQ2
NDNFRUI0NUE0MjMwQzk0MzQzODc3OTY4NDIxREQ3NDQ0M0FBRUQ1QzQyN0My
MDNFNDMzM0MzNEY0MjNCMjkzODQzRTg4QTY2NDI5RTY0M0U0M0RDMkY3NzQy
M0YyMjM2NDMxRDFENzc0MjE4OUYyODQzQkU1QjY3NDJFNzA3MjU0MzExRkE2
QzQyNzY0NTIxNDM4OUU1N0E0MkQxRUQyRjQzMzBEOTdGNDIzNEU4MzE0MzQy
RDg4MjQyOEJBNzI0NDM0Mjc0N0Q0MjY0NTYyRTQzM0M3OTczNDIyMTg5NDE0
M0Q3QkM3RjQyRjhGNDRFNDM4NDBFODM0MjI5RjY0MzQzRENGRjgxNDI0MUZC
MTQzRkY0RDg0MDQwNTIyRTA0NDE5MzVFMzc0MTlGM0U2OTQxODA1RDJGNDE3
M0RFRTc0MDMwNTBCQTQwNjAyMzBENDEyQThFRTQ0MEQ2QUU4NTQwMEVGODQw
NDBEMzMyMkE0MDA0MkE3ODNGRDREQTg2M0ZCQzlEQkMzRjMxQzNBMDNGQkZF
N0NDM0Y2RjExQTMzRjA2MTUwNzQwNEY4RUI3M0Y4NEFGMTgzRjdGMDAyMzNG
QzEzRTUzM0ZDREQzNzQzRjgwQTQxRDNGRTk0MEVGM0U1MzE2MUEzRkRFRjgx
NjNGNkU5RUFCM0UxMzQwODYzRTYxOTk5OTNFNjZGQURCM0VGREVCQUQzRTNG
Mzk5NDNFNjIyNzk0M0VDRjNEQzUzRTdFNzZERjNFNzlFQ0M3M0U2OEE5OTYz
RUNDMUQ1QjNFQTQ3ODM4M0UyNDQ5NTQzRTlFMjhGMzNEM0I2MjMzM0U0MUY3
MTAzRTBFQkI2QkQ2KjE3DQoNCg==

--SBD.Boundary.605592468
PROCESS /noc/users/iridburst/exec/irid_300224010734970_upd.pl
Last Run  ----1970-01-01 00:00:00 
MONTH  5 
DATA  xxrecord 2012-05-22 20:00:05 :: $W5M5A,120522,200005,660d0028449ce246,1,DAS 2,4901.6385N,1621.5005W,15.0,162,18.5,14.0,13.0,93.3,11.9,13.0,93.6,12.0,1007.5,2.88,4.08,10.5,244,42*5F
 
INSERT
STATION sbdservice
IRID_ID 300224010734970
BODY 
Content-Type: application/x-zip-compressed; name="SBMmessage.sbd"
Content-Disposition: attachment; filename="300224010734970_003488.sbd"
Content-Transfer-Encoding: base64

JFc1TTVBLDEyMDUyMiwyMTAwMDUsNjYwZDAwMjg0NDljZTI0NiwxLERBUyAy
LDQ5MDEuNjE5N04sMTYyMS40NTE0VywxNS4yLDE2OCwxOS4wLDE0LjAsMTMu
MSw5NC4yLDEyLjIsMTMuMiw5NC41LDEyLjMsMTAwNy44LDIuOTcsMy43Nywx
MC41LDI1MiwzOSo1QQ0KDQokVzVNNUEsMTIwNTIyLDIxMDAwNSw2NjBkMDAy
ODQ0OWNlMjQ2LDIsREFTIDIsMTMuMCwxMy4yLDAuMiwwLjQsMC4wMSwxMTg1
LDExOTUsMTU2LDYyOCwwLDMyMi43LDE1Ljg0LDkyMyo2Qw0KDQokVzVNNUEs
MTIwNTIyLDIxMDAwNSw2NjBkMDAyODQ0OWNlMjQ2LDMsN0YwMDc1MDIzQTAw
MDA1MzMyMzAzMTMyMzAzNTMyMzIzMjMwMzQzMDMwMzA1NTVCMDAzMTMyMzAz
NTMyMzIzMjMwMzQzMDJDNTQ0MTQyMzAzMDMwMzAzMDJDMkQzMDM1MzEyRTMx
MkMyQzMxMzIyRTM1MzQyQzM0MkUzMDJDMzMzNjMwMzAyQzM2MzAyQzM2MzAy
QzMxMkMzMDMwMzUzNzMwMkMzMzJFMzQzMjJDMzEyRTMyMzYyQzMxMzAzMjJD
MzAyQzMwMkUzMTM3MzIyQzJCMzAzMDJFMzAwRDBBRTIxMDdBQzlFM0E0N0Yw
MDY3MDIzQTAwMDA1NzMyMzAzMTMyMzAzNTMyMzIzMjMwMzQzMDMwMzBGRjRE
MDAwMDgwRkI0NDAwODAwMjQ0MDAzODQ3NDgwMDAwRDA0Mjk2NUZGQTNGQzcz
REY2NDBEQjIxNzE0MDUyMkEzRTQwRTY0MTEyNDFEMEVCNUE0MDFGRjUxMjQx
RDNCQUYzNDBDQTZCMjg0MUE5QzkyODQxQjNCRTQ3NDA5QTNFN0M0MzlFNDMx
QjQyMjJCMkRDM0NFMTFFQ0I5RTYyNkE3RjAyNEUwMjNBMDAwMDRCNTY0ODIw
MzczMjMwMzEzMjMwMzUzMjMyMzIzMDM0MzAzMDMwMkQwMDAwMDAwQUQ3QTMz
RDBBRDdBMzNCOUUzRTdDNDM5QzQzMUI0MkY4MjE4RjQzMkMyQUU1NDEzQjYw
OEQ0M0M1ODlFRDQxQTQwMThBNDNFODRCRjU0MUMxN0I4NjQzRkQwQkVCNDEz
Q0RGODQ0MzE3NzQwMTQyNUZBRDgyNDNDNzU4MTY0MjI4RDM3RDQzOTRCQTA3
NDJBMDM1NzY0MzUxRTIwRTQyMEMxRjZBNDMxQzZCMzY0MjJFMTg2NjQzRkZD
MDRFNDI3OEZFNkQ0Mzg3OEM1MTQyNUVBRDYwNDNERkRENTU0MkNEQ0M1MzQz
MkJDQjRFNDJFQkRGNjM0MzE3RDM1QTQyMDE5Njc5NDNCOUIwNTE0MkJCRkQ3
QjQzODJDRjQzNDJBOTc3NUQ0M0YxODI3NzQyMTBCRjQ4NDNBQUZENzE0MkU4
MkQ1NjQzREY1MDUwNDIxNEI5NUU0Mzk0QkUzQjQyNTk5MjVFNDM3NzIxNDA0
MkVERkI0OTQzRUJDNDJDNDIzNTU0M0M0M0ZCNTMxQjQyNzczODNDNDM4RDND
M0M0MjA3MTgzQjQzRTUxRDVGNDJBQUI4Mzk0MzJGMzY3MDQyNzE0QzNFNDMx
MDlEN0Q0MkI5QUE0ODQzMDYwQzc2NDJGRDY1NEE0Mzk1RkQ2QTQyRUYyMzQ1
NDMxMTg1ODA0MjAzMEQzODQzNDlGNjZCNDI5NTgwNDM0MzdDMDU0NTQyM0Qw
NzQyNDNCMDA5NDc0MjcwNzMzNzQzNDQyQjU2NDI4MDQxNDI0MzAyOUY2MjQy
RkE2MzRDNDNDQjY3NjE0MjZCNjk0QjQzQTc3QzYyNDIwRTVBNEE0MzYxOUU3
NzQyRDMzNzI3NDMzMkVFNzc0MkFEQjQxODQzN0VENDZGNDIyNDAyMTc0MzIz
Qzg4MDQyRjgyNzMyNDM0NUZFOEE0MjE5OUY0MzQzNTlCNTg3NDJFNzA2MkQ0
M0ExMDU4NzQyMEVCNTIzNDMxM0VEODM0MjFCNTVCNDNGRTU4QjI1NDE3NEFB
NjQ0MTBGQjE5RjQxMDk0ODVGNDE0OTVDMDI0MTg4NUFCQTQwMEQ0QTk0NDBD
REFDNzE0MDgzQzA1MDQwODAwMTc0NDA3Q0FFMUE0MDkwOTY2MjQwMzEzOTJD
NDAwNUI5RkEzRkQ5M0NDMjNGRDk5RTgxM0YyRTMzNzQzRjMzRTJBQTNGM0E4
NTk2M0ZERUVCQTQzRkQ4MUZCMzNGMDZDQTkyM0YwRTdDMjYzRjlFNDMzMzNG
Nzc1MDgzM0Y0NTgwNjEzRkYzOTMzMDNGMEI0MzJEM0Y1MjkwNDUzRTRFNzU5
QzNFNDg3NjI4M0YwMEUwMTYzRjJBQ0QyQjNGQjhGNUJEM0VFQTI1QzkzRTM4
QzBFRDNFNTY0NTM0M0VDNjUyMEUzRTRDMUY2QjNFNjYwMjc0M0U0MDRFMzYz
RTQwNjQwRDNFMzY2NzEzM0VFNTQwMjAzRTg2RURDOTA2KjEwDQoNCg==

--SBD.Boundary.605592468
PROCESS /noc/users/iridburst/exec/irid_300224010734970_upd.pl
Last Run  ----1970-01-01 00:00:00 
MONTH  5 
DATA  xxrecord 2012-05-22 21:00:05 :: $W5M5A,120522,210005,660d0028449ce246,1,DAS 2,4901.6197N,1621.4514W,15.2,168,19.0,14.0,13.1,94.2,12.2,13.2,94.5,12.3,1007.8,2.97,3.77,10.5,252,39*5A
 
INSERT
STATION sbdservice
IRID_ID 300224010734970
BODY 
Content-Type: application/x-zip-compressed; name="SBMmessage.sbd"
Content-Disposition: attachment; filename="300224010734970_003489.sbd"
Content-Transfer-Encoding: base64

JFc1TTVBLDEyMDUyMiwyMjAwMDUsNjYwZDAwMjg0NDljZTI0NiwxLERBUyAy
LDQ5MDEuNTc4Nk4sMTYyMS4zNjgzVywxNS42LDE3MCwxOS42LDE0LjAsMTMu
MSw5My4wLDEyLjAsMTMuMSw5My40LDEyLjEsMTAwOC4wLDIuODcsMy44OSwx
MC41LDI1MCwzNyo1Ng0KDQokVzVNNUEsMTIwNTIyLDIyMDAwNSw2NjBkMDAy
ODQ0OWNlMjQ2LDIsREFTIDIsMTMuMCwxMy4xLDAuMiwwLjQsMC4wMSwxMTg2
LDExOTYsMTU2LDYyOCwwLDMzOS43LDE1Ljg0LDkyMio2Nw0KDQokVzVNNUEs
MTIwNTIyLDIyMDAwNSw2NjBkMDAyODQ0OWNlMjQ2LDMsN0YwMDc1MDIzQTAw
MDA1MzMyMzAzMTMyMzAzNTMyMzIzMjMxMzQzMDMwMzA1NTVCMDAzMTMyMzAz
NTMyMzIzMjMxMzQzMDJDNTQ0MTQyMzAzMDMwMzAzMDJDMkQzMDM1MzEyRTMx
MkMyQzMxMzIyRTM1MzEyQzM0MkUzMDJDMzMzNjMwMzAyQzM2MzAyQzM2MzAy
QzMxMkMzMDMwMzUzNzMwMkMzMzJFMzQzMjJDMzEyRTMyMzYyQzMxMzAzMzJD
MzAyQzMwMkUzMTM3MzIyQzJCMzAzMDJFMzAwRDBBRTExMDVGMDAyMjA1N0Yw
MDY3MDIzQTAwMDA1NzMyMzAzMTMyMzAzNTMyMzIzMjMxMzQzMDMwMzBGRjRE
MDAwMDgwRkI0NDAwODAwMjQ0MDBGQzUwNDgwMDAwRDA0MjFDNTFGMjNGQjVF
MkY3NDBBNTJFNzk0MEExODUzNzQwREIxMTEwNDEwRDFFNUI0MDg4NzIxNTQx
ODNCNkVGNDBDQTZCMjg0MUU5Q0MyNzQxN0JGODQwNDAwNjlENzk0MzczQTUx
NDQyQ0E5RENCM0NCMDFFRUY2MDE2QUE3RjAyNzIwMjNBMDAwMDRCNTY0ODIw
MzczMjMwMzEzMjMwMzUzMjMyMzIzMTM0MzAzMDMwMzAwMDAwMDA5OTk5OTkz
RDBBRDdBMzNCMEE5RDc5NDM2RUE1MTQ0MjUzQjA5MTQzQjY2OTU3NDJDNjYw
OTE0M0YxQzUzQzQyMTJGRjhCNDNEMEQwMjM0MkIxQjM4NTQzMzlBQUY2NDEx
MjREODQ0MzM1QTlDNjQxMzgxRDg0NDMyNzM5RTY0MUFGQzc4MzQzNDAxMDEy
NDI3MkNBODI0M0VDQzMwRjQyNTY0MTgxNDNDRDc5MTA0MjYwMEM3QzQzMjU2
NjFDNDIxRUIzNkM0M0M5MzIzMzQyRTkwMzYwNDM3REREM0Y0MjMwOTc1RTQz
NEUzRTQ2NDJFMDhENTI0MzhGM0IzRDQyOTlENzRGNDNGQTUzMzY0MjhCQ0Y0
QjQzQkYwRTM1NDJDMjk0NTU0M0MxODE0QjQyODY5NzZDNDM5Rjg0NDY0MjY3
Q0Y2QzQzMUIxRjQxNDJCN0Y5NkI0MzE3QTQzQjQyMDQxRTYxNDNGMjEyNDI0
MjExNUI1MDQzRjU1RDYzNDJDRjNENDc0MzAxOEY4MTQyMzg2NjRDNDNBMTE1
ODA0MkYzMjA0QjQzREY4NTY2NDI5NTlENEU0M0ZBNzM1ODQyRUE3QzU0NDM5
NkRENjQ0MjIzMUE0MjQzNzI0RTdCNDIyNjg3NDc0MzIwMUY3NDQyQ0I2OTNG
NDM2MTc2NjY0MkJGOUMyQTQzQUMyODRCNDIxMEY3MjY0M0E4NjAzQTQyNjg3
QTMwNDNFRDUzNTE0MkY5NjAzQzQzMEQ0RjZBNDI0NENBMjc0MzQzRkY3QzQy
RTAxNTIxNDM5RDcxN0Y0MjM1M0IzMDQzQjAzRDdBNDI5NjkyMUQ0MzdFNUI3
MDQyNEI3ODEyNDNFQzYyNkE0MkQ5RDMxOTQzRjQ2Mjc2NDJEN0RDNEQ0MzQ5
OUU4RTQyOTAzMTcxNDMyRDFGOEM0MjVGRTc1MDQzQjlDMzhFNDI5RTI2M0U0
M0VGQTc4RjQyNTgzMDNCNDNCNEQyOTc0MjYzMTcxNzQzMDJCQTkzNDJGNDNC
MEM0MzE3QTc4NTQyOUM1QjExNDMxQ0MyODk0MjBGQkMwNjNGQzFCM0M4M0Y0
RTgzNDQ0MDE3NEMwRjQxQkVEQ0QzNDE2MzIyNzk0MTcyOURCQjQwRjNGREY0
NDAzN0I5OTk0MDZBMDQ1NDQwMEMwNzA0NDBFMDk1RUQzRkZDRkYxRTQwOTJG
MjhFNDBENzEwNkM0MDBBQTZCODNGMTc0MkE0M0Y4MjZDQjYzRkExNEE5ODNG
MEU1Q0I0M0YyNUMzQjIzRkNDMEM4NzNGMUUzQTBCM0ZBRjk2MDMzRkU0NDIz
NzNGMjkwMTZBM0Y2MjM3REYzRTczRTFBMzNFMjI4QkREM0U4QTc4MDQzRjBF
RTgzOTNGODM1MTJCM0YzM0JBQjczRTg0N0Y5NTNFNTQxNkI5M0U3MkM4Q0Qz
RURGMDNGMDNFMUE1QTcxM0VCNUY2MDIzRjQxRjI4MTNFM0Q4MDBFM0U5MzAw
NzMzRURDOUM3OTNFMEQ4MEU0M0QwMTg2MA==

--SBD.Boundary.605592468
PROCESS /noc/users/iridburst/exec/irid_300224010734970_upd.pl
Last Run  ----1970-01-01 00:00:00 
MONTH  5 
DATA  xxrecord 2012-05-22 22:00:05 :: $W5M5A,120522,220005,660d0028449ce246,1,DAS 2,4901.5786N,1621.3683W,15.6,170,19.6,14.0,13.1,93.0,12.0,13.1,93.4,12.1,1008.0,2.87,3.89,10.5,250,37*56
 
INSERT
STATION sbdservice
IRID_ID 300224010734970
BODY 
Content-Type: application/x-zip-compressed; name="SBMmessage.sbd"
Content-Disposition: attachment; filename="300224010734970_003490.sbd"
Content-Transfer-Encoding: base64

JFc1TTVBLDEyMDUyMiwyMzAwMDUsNjYwZDAwMjg0NDljZTI0NiwxLERBUyAy
LDQ5MDEuNTM1NE4sMTYyMS4yODA0VywxNC4yLDE3MywxNy40LDE0LjEsMTMu
Miw5My43LDEyLjIsMTMuMiw5NC4xLDEyLjMsMTAwNy45LDIuODEsNC4yMSwx
MS4xLDI0NCw0NCo1Mw0KDQokVzVNNUEsMTIwNTIyLDIzMDAwNSw2NjBkMDAy
ODQ0OWNlMjQ2LDIsREFTIDIsMTIuOSwxMy4xLDAuMiwwLjQsMC4wMSwxMTg3
LDExOTcsMTU2LDYyOCwwLDMyNC4yLDE1Ljg0LDkyMyo2Ng0KDQokVzVNNUEs
MTIwNTIyLDIzMDAwNSw2NjBkMDAyODQ0OWNlMjQ2LDMsN0YwMDc1MDIzQTAw
MDA1MzMyMzAzMTMyMzAzNTMyMzIzMjMyMzQzMDMwMzA1NTVCMDAzMTMyMzAz
NTMyMzIzMjMyMzQzMDJDNTQ0MTQyMzAzMDMwMzAzMDJDMkQzMDM1MzEyRTMx
MkMyQzMxMzIyRTM0MzkyQzM0MkUzMDJDMzMzNjMwMzAyQzM2MzAyQzM2MzAy
QzMxMkMzMDMwMzUzNzMwMkMzMzJFMzQzMjJDMzEyRTMyMzYyQzMxMzAzNDJD
MzAyQzMwMkUzMTM3MzIyQzJCMzAzMDJFMzAwRDBBRUExMDBFRjBFOUNCN0Yw
MDY3MDIzQTAwMDA1NzMyMzAzMTMyMzAzNTMyMzIzMjMyMzQzMDMwMzBGRjRE
MDAwMDgwRkI0NDAwODAwMjQ0MDBDMDVBNDgwMDAwREE0MkY3QjJERTNGOEJD
MkVBNDAyQ0JEODY0MEJDMTIzNDQwNEM0MDExNDFBQ0NENUY0MEYwQjYwQzQx
ODlEMEU5NDAxREM3MzE0MUNBRkEyNzQxMERDMDM5NDBBNjgyNzQ0MzM2OTUy
RTQyMDkzN0JDM0MwMjFGOTQwQjNCQzU3RjAyNzIwMjNBMDAwMDRCNTY0ODIw
MzczMjMwMzEzMjMwMzUzMjMyMzIzMjM0MzAzMDMwMzAwMDAwMDA5OTk5OTkz
RDBBRDdBMzNCQUE4Mjc0NDMzMTk1MkU0MkEwRUM5MDQzN0FCNzVENDJGNjAz
OEE0M0RBOTcyQjQyOTU1MjhBNDM5RTg3MDg0MjExQjE4QTQzMTQ1NTE3NDI4
MUUwODQ0MzZFNjIzMzQyNDBGNzdBNDM2RTFFMzg0MjA0QTQ3NTQzQjM2MDM2
NDI4NDI4NzQ0Mzg3QjkxRjQyNjY3Njc1NDNERTQxMTM0MjQ3QzM3NTQzNTI2
NTE2NDI1OUI1NkY0M0IwNDQxNzQyODc1ODY5NDM5QUMwMjc0MkQwOTA2ODQz
QTA3QTQwNDI0MERBNjg0Mzc2MDg1NDQyQTU0OTYwNDNCNEIwNjI0Mjg0RUE1
OTQzMzFDQjQ2NDI0MzkwNTY0M0Y5MjYzNzQyREU2ODRGNDNEQjg3MkI0MkY0
MDA1MjQzRkU3QjM0NDI5RTNDNkE0M0VEMUY1MDQyODREQzcyNDNFNzRENUQ0
MjA2MUE2MDQzRDY0NDdBNDJDQURFMzg0M0NFOEM2QzQyNTFGMDI4NDMxMDc1
NUE0MjRENEEyQjQzNzA1NTUzNDIxOUEzMzE0MzExM0QyRjQyNzI4NzJGNDM3
RUUwMkM0MkFEMDUyQjQzMjNGMjRENDJEOUQ3MjQ0MzZGMTM0QzQyRTM2MjJD
NDM4ODI4NTQ0MkY0MDE0QzQzQ0ExODY3NDJCRUU5MzI0MzYwQzE2QzQyODNF
RTFENDMzOUJCNEI0MjEwNTUyODQzMjk0MjQ1NDJBRjNCMkE0MzQwRjU1NjQy
RUNDNzE4NDM2QzlFNUU0MjQ2MDIxNjQzNEE2QzRBNDI2RjMyMUQ0MzIzQTE0
NzQyMkVGMTIxNDM0QTQ5NjE0MjYzOTkyQzQzN0UwRDgyNDJGOUM5MzU0M0M5
RTU4NTQyQUMwNjM2NDNCOUUyODE0MjdFRkYyRTQzQUE1OTc2NDIwNENGMjY0
M0FDODA4NDQyOUY5NTNBNDNEQjE4OTI0MkJFRTE3NzQzMkIxQzhDNDJFNzgx
ODE0MzU0Mzk4NjQyQUExRDY4NDM5QjU3OTA0MjY4MDgzNTNGMTUyN0M0M0ZC
QjUxRTU0MERENjk0NTQxMEU1MDMyNDE4NkQ2MkQ0MTU3QkE2RTQwNEE3N0M4
NDBDNUJDMDE0MTEyQTA3RDQwMkRFNjlBNDA1NERDN0U0MDREQjA2ODQwNjlD
RjE1NDBBODkwOTgzRjFENjhBOTNGRUE0RUNCM0ZGQTM4MjA0MDg1NDkwMDQw
RUQwNEI1M0YwOTlEQTUzRjUyMzhGRTNFNDkzMDM1M0YxMDgyMkYzRjgxNTAz
NzNGQzVGODcyM0ZCMkQ4NzYzRjc2NEIyRTNGQjI1RjJGM0YwNkVGQkIzRTA0
QzdCQjNFQ0I1REIyM0U0Q0M2ODQzRTYyMDlCRDNFMzE4N0U2M0VFOTY3OUEz
RURDNzBFQTNFQ0U4MzAyM0Y3NEFDOTYzRTI0ODNBNDNFRUM1RDkyM0VCNTZB
NDQzRTZDRkQ5MDNFODVERTg4M0U2RDc5OA==

--SBD.Boundary.605592468
PROCESS /noc/users/iridburst/exec/irid_300224010734970_upd.pl
Last Run  ----1970-01-01 00:00:00 
MONTH  5 
DATA  xxrecord 2012-05-22 23:00:05 :: $W5M5A,120522,230005,660d0028449ce246,1,DAS 2,4901.5354N,1621.2804W,14.2,173,17.4,14.1,13.2,93.7,12.2,13.2,94.1,12.3,1007.9,2.81,4.21,11.1,244,44*53
 
INSERT
STATION sbdservice
IRID_ID 300224010734970
BODY 
Content-Type: application/x-zip-compressed; name="SBMmessage.sbd"
Content-Disposition: attachment; filename="300224010734970_003491.sbd"
Content-Transfer-Encoding: base64

JFc1TTVBLDEyMDUyMywwMDAwMDUsNjYwZDAwMjg0NDljZTI0NiwxLERBUyAy
LDQ5MDEuNDk5M04sMTYyMS4yMDk2VywxNS44LDE2OCwyMS4xLDE0LjEsMTMu
MSw5NS4wLDEyLjMsMTMuMiw5NS4zLDEyLjQsMTAwNy4zLDIuNzksNC4zMiwx
MC41LDI1MywzOCo1MQ0KDQokVzVNNUEsMTIwNTIzLDAwMDAwNSw2NjBkMDAy
ODQ0OWNlMjQ2LDIsREFTIDIsMTIuOSwxMy4xLDAuMiwwLjQsMC4wMSwxMTg4
LDExOTgsMTU1LDYyNywwLDM1My40LDE1Ljg0LDkyNCo2Qg0KDQokVzVNNUEs
MTIwNTIzLDAwMDAwNSw2NjBkMDAyODQ0OWNlMjQ2LDMsN0YwMDc1MDIzQTAw
MDA1MzMyMzAzMTMyMzAzNTMyMzIzMjMzMzQzMDMwMzA1NTVCMDAzMTMyMzAz
NTMyMzIzMjMzMzQzMDJDNTQ0MTQyMzAzMDMwMzAzMDJDMkQzMDM1MzEyRTMx
MkMyQzMxMzIyRTM0MzcyQzM0MkUzMDJDMzMzNjMwMzAyQzM2MzAyQzM2MzAy
QzMxMkMzMDMwMzUzNzMwMkMzMzJFMzQzMjJDMzEyRTMyMzYyQzMxMzAzNTJD
MzAyQzMwMkUzMTM3MzIyQzJCMzAzMDJFMzAwRDBBRUExMENBMDNEMTY4N0Yw
MDY3MDIzQTAwMDA1NzMyMzAzMTMyMzAzNTMyMzIzMjMzMzQzMDMwMzBGRjRE
MDAwMDgwRkI0NDAwODAwMjQ0MDA4NDY0NDgwMDAwRDA0MkFDQzVFNjNGODU3
NUY1NDBEMjE0OEE0MDFFQzYzMjQwMjM5MDEzNDFGQTVFNUY0MENCRkExNDQx
RUM5NUY0NDBDQTZCMjg0MTFGNTgyNTQxMzA5RjNCNDA5ODVDN0Q0MzdGODgx
NzQyN0U0MkMxM0M0MTFFNUYwNEI1NkY3RjAyNUEwMjNBMDAwMDRCNTY0ODIw
MzczMjMwMzEzMjMwMzUzMjMyMzIzMzM0MzAzMDMwMkUwMDAwMDA5OTk5OTkz
RDBBRDdBMzNCOUI1QzdENDM3Rjg4MTc0MkQzQkY5OTQzQjZDRDQ1NDJFRDdD
OTM0MzRCOTczNTQyM0RFOThGNDM4NjcxMjA0MjQzNTg4QzQzMDUxQUUyNDE3
RUEzODc0M0VFRTdCRDQxNjRBNDgyNDNCMzNFREI0MTFDMkQ3QzQzRjE5QjA2
NDI4MjBBNzY0MzQzQTUyMzQyMEFDMjY5NDMxRDBCNTE0MkMyMzU3MzQzMDI5
NzVFNDJDMTdFODQ0MzhBODc0RTQyMDRDNjg4NDMzMDA5NEM0MjNGMUE4MDQz
ODc5NzRENDJDQTQzNzQ0Mzg4RDU1NTQyNTY3MTcyNDM5Q0U5NUI0MkJDOUU2
ODQzMjQ0MTU2NDJFNjRGNTE0MzU3MTI1MDQyNDk3NDUwNDM1RDRENTc0Mjk1
OUI1NjQzQTZDRTY4NDIwRjJBNTY0M0JFREQ3NjQyRUYzQTU1NDM2NEM3N0U0
MkY5NEIzQjQzOERERjc4NDI1M0Q3MzA0Mzc5MEI2QTQyNjRDMjQ0NDNCRTVG
NzA0MjQ1RkM0MzQzNURGNDY2NDI0OTZEMzY0MzRCRTIzNjQyQTQxMDM3NDNG
MDgyMjg0MjZDNTEzRTQzQzM4QjNENDJDQjg4Mzg0M0ZGMkE0RjQyNzlBQzJC
NDM1QTMwNDk0MkE1NkMyNDQzMUZEMzNFNDIxQzgwMjA0MzJERTEyQTQyMTFC
MDIyNDNCQ0YxMzU0MjlEQkMyQjQzNDM0NTVDNDJFQjcwMkI0MzY0MkY4MTQy
MDEyODNFNDM3MTREOEQ0MjY4Q0Y1MDQzMTg5QTgxNDIxREFBMzM0MzhBNkE2
NDQyRjNGOTIzNDNFRUZDNjc0MkVEMEExMTQzMDEzMTc5NDIzNTg4MTY0MzQ0
NzA3MzQyMDQ3NTFGNDMxM0I5NzQ0MkFBMjgyRDQzQjUwQTg4NDIyMDE2NEM0
MzM0NDU4ODQyMzkzQzUyNDNBOTk5ODQ0MjMxRDYzRjQzODVBNjhCNDI2NDZF
NDIzRjc0MTVFRDNGQjJERTk3NDBFNUU1MUQ0MTUyNzg5QzQxNzY3QzZBNDEx
NzE2NEI0MUYwMEMxMTQxMTg3MDEyNDA4MThDMTA0MDE1RDQwQzQwNzQzMkM0
M0Y0RkExRTkzRjlERDNGRTNGOUNFQzExNDBEQTNCQkYzRjBBQUZGRTNGOEIx
MDA0NDBERUJEOUEzRkZBNzlENDNFRkIxNkUxM0VGNjkwRjYzRTg0M0MyMjNG
OTNFMEE5M0U3NDVERDQzRTY2NjM0MDNGNDY4RDgzM0Y5NTU0RDQzRUQxQjlD
MTNFMjUyNDAxM0ZFQkIzMDYzRjE1Qzc2NzNGRENENTgxM0ZBNDJGMEEzRkYx
MkFERTNFNTRDMTk3M0VFMTgxNjMzRUQyQzk1RDNFOEJFNTlEM0VCMjUyMTEz
RTgzQTVGMzNEOThGQjUyM0U3MDRCNzIzRTAzMkQ4RjNFMTUzRDg2M0U3ODU1
MzAzRTNEMTJEQzdFKjExDQoNCg==

--SBD.Boundary.605592468
PROCESS /noc/users/iridburst/exec/irid_300224010734970_upd.pl
Last Run  ----1970-01-01 00:00:00 
MONTH  5 
DATA  xxrecord 2012-05-23 00:00:05 :: $W5M5A,120523,000005,660d0028449ce246,1,DAS 2,4901.4993N,1621.2096W,15.8,168,21.1,14.1,13.1,95.0,12.3,13.2,95.3,12.4,1007.3,2.79,4.32,10.5,253,38*51
 
INSERT
STATION sbdservice
IRID_ID 300224010734970
BODY 
Content-Type: application/x-zip-compressed; name="SBMmessage.sbd"
Content-Disposition: attachment; filename="300224010734970_003492.sbd"
Content-Transfer-Encoding: base64

JFc1TTVBLDEyMDUyMywwMTAwMDUsNjYwZDAwMjg0NDljZTI0NiwxLERBUyAy
LDQ5MDEuNDY3N04sMTYyMS4xNDcyVywxMy45LDE5OSwxNy42LDE0LjEsMTIu
OSw5NS4wLDEyLjEsMTIuOSw5NS4yLDEyLjIsMTAwNy43LDIuNzUsNC4wNSwx
MC41LDI0Nyw0Mio1MQ0KDQokVzVNNUEsMTIwNTIzLDAxMDAwNSw2NjBkMDAy
ODQ0OWNlMjQ2LDIsREFTIDIsMTIuOSwxMy4xLDAuMiwwLjQsMC4wMSwxMTg5
LDExOTksMTU2LDYyOCwwLDI5My42LDE1Ljg0LDkyMio2Rg0KDQokVzVNNUEs
MTIwNTIzLDAxMDAwNSw2NjBkMDAyODQ0OWNlMjQ2LDMsN0YwMDc1MDIzQTAw
MDA1MzMyMzAzMTMyMzAzNTMyMzMzMDMwMzQzMDMwMzA1NTVCMDAzMTMyMzAz
NTMyMzMzMDMwMzQzMDJDNTQ0MTQyMzAzMDMwMzAzMDJDMkQzMDM1MzEyRTMx
MkMyQzMxMzIyRTM0MzYyQzM0MkUzMDJDMzMzNjMwMzAyQzM2MzAyQzM2MzAy
QzMxMkMzMDMwMzUzNzMwMkMzMzJFMzQzMjJDMzEyRTMyMzYyQzMxMzAzNjJD
MzAyQzMwMkUzMTM3MzIyQzJCMzAzMDJFMzAwRDBBRTYxMDFBMkUxMUM4N0Yw
MDY3MDIzQTAwMDA1NzMyMzAzMTMyMzAzNTMyMzMzMDMwMzQzMDMwMzBGRjRE
MDAwMDgwRkI0NDAwQzAwMjQ0MDAwMDdBNDUwMDAwRDY0MkUzRjlEQjNGMjYz
OEYxNDA0NzlFODE0MDdGNDgzMDQwNTVBMjEyNDEyQ0ExNUQ0MEU1NDAxNTQx
OTM4OEVGNDBDQTZCMjg0MUVERDcyMjQxNTJCRjM2NDAzOUYyNzY0M0QwM0Qy
OTQyNTMzQ0I5M0NFRjFERjQwQTQ0RUE3RjAyNUEwMjNBMDAwMDRCNTY0ODIw
MzczMjMwMzEzMjMwMzUzMjMzMzAzMDM0MzAzMDMwMkUwMDAwMDAwQUQ3QTMz
RDBBRDdBMzNCM0RGMjc2NDNDRTNEMjk0MkEwNkM5MjQzOTBBRjU5NDIxQkU5
OTA0MzUzMEIyQTQyMzNDRThGNDMzMTY5MDM0MjgyREE4RTQzNEY1REU4NDFC
MkJEOEM0M0EzRjIxRjQyOEUxNzg0NDNGMjRDNDU0MkMwMjE2OTQzMDYzQTJC
NDIyQjZENjY0MzA0QjMyMjQyOTIyOTY5NDMyQkJGMjg0MkRDMjM1RTQzNjA5
NzI3NDI4MTc5NTQ0MzIyQzcxRjQyOTgzNzUxNDMwMkE2Mjc0MjZGNDQ1NDQz
MDMwODQ2NDJFQUE5NjM0MzRENjA4MTQyNDA0MTUzNDM3RDAzOTE0MjlFRTc0
QzQzNkY4NDgxNDJDMEExNEE0M0JGQTc3NTQyRjYzRjQ3NDM1NTY0NzA0MkU3
NzI0NDQzMjg5NDVENDI5RDU3NDU0MzFGNzY1QzQyOUFBQjM1NDM2NDQ0NUU0
MjM0OUYyQzQzMjg4NjU1NDI0OTEyM0U0M0YzQTA3NTQyQTdCMDRFNDMzQjU1
NzE0MjMzMjQ0QzQzM0UzMzU3NDJGQkVENTA0MzdBMDg2QzQyMDREMzZFNDMz
NUMzN0Q0MkFCOTk0ODQzQTAyMTdDNDI5MjM3Mzk0M0FGNEY1OTQyOTg5MTND
NDMzRTlCNEY0MjA1NUUyRjQzRTM4NzRBNDI0NkQzMjA0M0YyODg1NDQyNUIx
QjFDNDM5RUE2NTk0MkRCMzUxOTQzNTVENjQ4NDI4RjlDMTc0MzAwQjY1NzQy
MDZFMDI3NDMwNUE2Njc0MjYyMjgzOTQzMTYyNjZBNDIzRjA5MzA0MzAyOEU3
MTQyODk4RjI3NDNDNTk3NzM0MjdGQjMzQzQzNTRCNTgwNDIwNkQ5NDI0MzYy
MzU4MjQyQzc1MzI5NDMwMzlGN0E0Mjg4MkEwQjQzMUVGRjZENDJGRDlGMEQ0
M0Q2MDY3RTQyQ0UyMzNFNDM2RjRGODQ0MjhCQUM1MTQzMUFFQzgzNDI1Qjc0
QkEzRkEyMDFEQjQwRUQyRDQ0NDEyMTcwNTI0MUIxN0EwMjQxQzQ5NDRGNDBG
NkE4Qjc0MEZEOTIzODQxOEIwMzhDNDBEQ0E1OEU0MDM4NkY5MzQwNTJCNTg3
NDBGM0FBMzg0MEZFNEY5MTNGRkM4MDMxM0ZDOTYxMjczRkNBNzY0QTNGQ0Y1
RkQ1M0UyNzI3NjQzRkM3MjU5MzNGQjAxNzcxM0ZCOEI1MkIzRjAyQUJEQzNF
RDI2MTQ1M0YzMUIxOTQzRjFERDMxNzNGRjkzRkQ2M0U4MkVDMTIzRkNBQkEz
MDNGRUU1ODVDM0ZCQkQ0MUIzRkY5NUQzMjNGRkYwOEE2M0U3OEUwOEYzRTU5
MjY3RjNFRTc4N0FEM0UzNzM2OUQzRUFFRDI1ODNFNDdERDQ4M0UwNkNDQ0Mz
RTNCRjM3RTNFNUMzNEYwM0RFNzZFRkYzRDY0OUVCNjNEMzRGMkU2M0RGOTY5
Q0EzRERDQjlGMUFDKjEwDQoNCg==

--SBD.Boundary.605592468
PROCESS /noc/users/iridburst/exec/irid_300224010734970_upd.pl
Last Run  ----1970-01-01 00:00:00 
MONTH  5 
DATA  xxrecord 2012-05-23 01:00:05 :: $W5M5A,120523,010005,660d0028449ce246,1,DAS 2,4901.4677N,1621.1472W,13.9,199,17.6,14.1,12.9,95.0,12.1,12.9,95.2,12.2,1007.7,2.75,4.05,10.5,247,42*51
 
INSERT
STATION sbdservice
IRID_ID 300224010734970
BODY 
Content-Type: application/x-zip-compressed; name="SBMmessage.sbd"
Content-Disposition: attachment; filename="300224010734970_003493.sbd"
Content-Transfer-Encoding: base64

JFc1TTVBLDEyMDUyMywwMjAwMDUsNjYwZDAwMjg0NDljZTI0NiwxLERBUyAy
LDQ5MDEuNDQxOE4sMTYyMS4xMDI5VywxMi42LDIxMiwxNS4yLDE0LjEsMTIu
OSw5NS40LDEyLjIsMTMuMCw5NS43LDEyLjMsMTAwNy43LDIuOTIsNC45Niwx
MC41LDI0OCw0MCo1RQ0KDQokVzVNNUEsMTIwNTIzLDAyMDAwNSw2NjBkMDAy
ODQ0OWNlMjQ2LDIsREFTIDIsMTIuOSwxMy4xLDAuMiwwLjQsMC4wMSwxMTkw
LDEyMDAsMTU2LDYyOCwwLDExNS42LDE1Ljg0LDkyNyo2Rg0KDQokVzVNNUEs
MTIwNTIzLDAyMDAwNSw2NjBkMDAyODQ0OWNlMjQ2LDMsN0YwMDc1MDIzQTAw
MDA1MzMyMzAzMTMyMzAzNTMyMzMzMDMxMzQzMDMwMzA1NTVCMDAzMTMyMzAz
NTMyMzMzMDMxMzQzMDJDNTQ0MTQyMzAzMDMwMzAzMDJDMkQzMDM1MzEyRTMx
MkMyQzMxMzIyRTM0MzUyQzM0MkUzMDJDMzMzNjMwMzAyQzM2MzAyQzM2MzAy
QzMxMkMzMDMwMzUzNzMwMkMzMzJFMzQzMjJDMzEyRTMyMzYyQzMxMzAzNzJD
MzAyQzMwMkUzMTM3MzIyQzJCMzAzMDJFMzAwRDBBRTcxMDQwQUZEQTE5N0Yw
MDY3MDIzQTAwMDA1NzMyMzAzMTMyMzAzNTMyMzMzMDMxMzQzMDMwMzBGRjRE
MDAwMDgwRkI0NDAwQzAwMjQ0MDBDMDVBNDYwMDAwQzI0MjY2NzZGMjNGODBD
RjA0NDEyQUQ4OUU0MEM0MjczQjQwNkUwNzE1NDEyNjYwNkM0MDJEOTIxQTQx
NkJEODAwNDFDQTZCMjg0MTEwRTkyODQxQ0M5RDQzNDA1NDkyNzc0M0YxNzYx
RTQyMjVGMkRDM0M3OTFDNzlFODY2RTc3RjAyMzYwMjNBMDAwMDRCNTY0ODIw
MzczMjMwMzEzMjMwMzUzMjMzMzAzMTM0MzAzMDMwMkIwMDAwMDAwQUQ3QTMz
RDBBRDdBMzNCNTg5Mjc3NDNFRTc2MUU0MjBGMjk5MTQzMzE2RjRFNDI2QjQ5
OEQ0M0Q3RjYxMDQyNUU4NTg5NDNFREFBMEI0MjYwMEM4MzQzRjNERjA3NDJG
QTFEN0Q0MzM1QkUwMTQyQUUxNTdCNDNGMUJGMDc0MkUwNkU3NzQzODI2QTFD
NDIzQTM3NzA0Mzk2MjMzMTQyMDRGQTZCNDNEREQzMzg0MjIwODY2MzQzQURB
OTMwNDIzNEMwNUY0M0EyMTYyRDQyMjQ5NTVGNDMzQThENTE0MjcxRTM2MjQz
QkM3QzZDNDIwOTQ0NkI0MzcwQUI2MzQyMkIxMTU3NDMzODgzNTg0Mjc4QzU0
MzQzMUQzQjQ1NDJGNDY4NDk0MzQ4OTc1MjQyNDY4NzUyNDM3MDE1NkM0MkY0
QUQzMjQzNDE3NTVGNDJGNUE3MkE0Mzc0QTQyNjQyOEUzQzMwNDM3NjM1MTQ0
MkYzN0EyQTQzQUQ4RDM2NDIxQ0Y3MUI0M0M0MDc2QTQyMkVCNjFENDNGMEYx
ODQ0MjQ3OUYyMDQzQUNEMjc4NDJFMjI1MkU0MzlFNkMzRDQyRjRCMTM1NDM4
RTFDMkY0MkQyOUEzMDQzREQyMzMxNDIyNjkxMkM0M0RDRjIzNTQyRTE2RDJB
NDMyQkJGNDM0MkZBNzgyNzQzMzc4QzUzNDJBREMzMjQ0MzI2Njc1OTQyNzkz
QzI2NDM2NDc4Njc0MkFFOTkzNzQzRDBCNDdBNDIyMEQyMzk0M0Y3MzM3NjQy
MUYxODM2NDNBNzVCODU0MjI4MDk1OTQzOTYwMjhCNDJFMDFENEM0Mzg2MkQ4
MTQyNTI0RjM2NDNGQ0JGNzA0MjU3QTczMzQzQkQxMjgwNDJDOTlCNDE0MzVB
NDU4NzQyQ0UwMDQ4NDM2NDM4ODA0MjczNzY0NzQzNzYyMzdCNDIxQ0JENTkz
RkU0NzlDQTQwMDVCNDg4NDFGRDczQjE0MUUwQ0Q3ODQxMjE3QUUzNDBBN0VD
Qzg0MEZBMkM5RjQwNTEwRENFNDBFOEU0NUI0MDRFNzQ0NTQwNTFCMzBDNDBF
MjZCQUMzRjE4MzJGNTNGQzYwN0IwM0ZCNjkxRjIzRjkyRjdCQTNGN0FEMTgx
M0ZGMTlGMUQzRjMwN0Q5NDNGOTY0MkFBM0Y0QUYxNEQzRjUwRUUwOTNGMzQw
M0Q2M0VGODQ1MkUzRUZEOENFRjNFQTc2RTA3M0YyMEI5NkYzRTBDNTlERjNF
QzAyQzI1M0Y3MzU0Q0UzRTc0QUVBRDNFQTk1M0E2M0VCQjhFN0YzRTFDNTQz
RDNFMDA3QjZEM0U3RUQ1NjIzRTI4Q0QyMDNFMTI3NjI5M0UwQTI3RUUzRDE4
NzMwNTNFRjcyMTAzM0U2MTMyNDEzRTZDMUVFMzdEKjFFDQoNCg==

--SBD.Boundary.605592468
PROCESS /noc/users/iridburst/exec/irid_300224010734970_upd.pl
Last Run  ----1970-01-01 00:00:00 
MONTH  5 
DATA  xxrecord 2012-05-23 02:00:05 :: $W5M5A,120523,020005,660d0028449ce246,1,DAS 2,4901.4418N,1621.1029W,12.6,212,15.2,14.1,12.9,95.4,12.2,13.0,95.7,12.3,1007.7,2.92,4.96,10.5,248,40*5E
 
INSERT
STATION sbdservice
IRID_ID 300224010734970
BODY 
Content-Type: application/x-zip-compressed; name="SBMmessage.sbd"
Content-Disposition: attachment; filename="300224010734970_003494.sbd"
Content-Transfer-Encoding: base64

JFc1TTVBLDEyMDUyMywwMzAwMDUsNjYwZDAwMjg0NDljZTI0NiwxLERBUyAy
LDQ5MDEuNDQ2NU4sMTYyMS4xMTU0VywxMS4yLDE4OCwxMy45LDE0LjEsMTIu
Miw4Ni43LDEwLjAsMTIuMiw4Ny41LDEwLjIsMTAwNy4xLDIuODcsNC40OSwx
MC41LDI0Niw0Mio1Mw0KDQokVzVNNUEsMTIwNTIzLDAzMDAwNSw2NjBkMDAy
ODQ0OWNlMjQ2LDIsREFTIDIsMTIuOSwxMy4wLDAuMiwwLjQsMC4wMSwxMTkx
LDEyMDEsMTU2LDYyOCwwLDUuMiwxNS44NCw5MjUqNjkNCg0KJFc1TTVBLDEy
MDUyMywwMzAwMDUsNjYwZDAwMjg0NDljZTI0NiwzLDdGMDA3NTAyM0EwMDAw
NTMzMjMwMzEzMjMwMzUzMjMzMzAzMjM0MzAzMDMwNTU1QjAwMzEzMjMwMzUz
MjMzMzAzMjM0MzAyQzU0NDE0MjMwMzAzMDMwMzAyQzJEMzAzNTMxMkUzMTJD
MkMzMTMyMkUzNDMzMkMzNDJFMzAyQzMzMzYzMDMwMkMzNjMwMkMzNjMwMkMz
MTJDMzAzMDM1MzczMDJDMzMyRTM0MzIyQzMxMkUzMjM2MkMzMTMwMzgyQzMw
MkMzMDJFMzEzNzMyMkMyQjMwMzAyRTMwMEQwQUU3MTA0Mjc2RjFCNzdGMDA2
NzAyM0EwMDAwNTczMjMwMzEzMjMwMzUzMjMzMzAzMjM0MzAzMDMwRkY0RDAw
MDA4MEZCNDQwMEMwMDI0NDAwODBCQjQ2MDAwMERBNDIyODBDREQzRkZDRkZF
QjQwMDI5RjhGNDAzQzg0Mzc0MEVDREUxNzQxQzA2OTc1NDAxNkU2MTc0MTA2
OUJGNjQwQ0E2QjI4NDE2NTgzMjc0MTYxMjUzRDQwRUE5MDc1NDNGN0E3Mjk0
MkVBQzZDMzNDRDExRjE4NDkyREJEN0YwMjY2MDIzQTAwMDA0QjU2NDgyMDM3
MzIzMDMxMzIzMDM1MzIzMzMwMzIzNDMwMzAzMDJGMDAwMDAwOTk5OTk5M0Qw
QUQ3QTMzQkVFOTA3NTQzRjNBNzI5NDJFRkJFOUM0MzVBMjg2RjQyRjZFMzkx
NDM3MjExNjI0MjY0MTU4NTQzM0YwMDI0NDIxNUE4ODM0MzBBQUYxMzQyRjMw
MDg0NDM3RDlCMDA0MkYxRkQ4MzQzMzVEMDA0NDI0QjRGODM0MzA0NDkyMDQy
MTZFMTc3NDM3NjNBMjY0MkYyMjM2RDQzNzAwQzMxNDJCMDFFNjk0MzYxOEY0
NTQyNjA5QjY0NDM4RTcyNTQ0MkNGNDc1NDQzRTc4OTU4NDI4QzIzNDQ0MzI4
OTE0RDQyNDc4NDNENDNBMUVBNjg0MkM3NjA0MjQzQ0ZFNzdFNDI0MTE3NTg0
MzA1MTQ2NzQyMzdDMzYxNDMxMzI2NjU0MjAyMUY2NzQzMEMwRDgwNDJBMDQ5
NjU0MzU1OTU3RjQyRUQ3ODU3NDMwQzU2NjU0MjQ3QTM0NjQzNTdFRTRCNDJE
RDU0MzY0MzZFODYzQTQyQjYyMTM1NDNDQzg1Mzk0MjY3MDYzQzQzMzQ0RTM4
NDJEMzdFMzU0M0JBMjEyQTQyNENBRjJENDNGRDJEM0M0MjhERTYyRTQzOTE0
NDYwNDJDREE2MzM0MzM1Qjg2NjQyMDY4RDJFNDNCNUYzNjI0MkI5ODMzMTQz
QzZFODQxNDI5NDlCMzU0MzZBNUMzNzQyMTE1MTMyNDNEN0VCNDQ0MkEyQ0Iy
RDQzRDkzNTQ2NDJBN0I3MkU0M0VEQjczNTQyRUU3MTM3NDNBRDg5Mzc0MkJD
MjgzRDQzNUI3NzRENDIyMENGMjk0MzM0Mjg2MjQyNkRDRjFFNDM0NzQzNEU0
MkNGNjYyODQzQUFFMjYzNDI0ODA0NEU0MzdEMDI4NDQyRkE3MzQ4NDM5MjdG
N0Q0Mjk3NDgzRDQzNjQwQjc4NDJBQTM0MjI0MzU4QkQ4NDQyOEZDNjA1NDNB
NTRGODU0MjQyRjcxRTQzQkYzQzhGNDIzMUY1MzI0MzEwRUU4RjQyODU5NzI4
NDM3OEI4OEQ0MjhGNTAyODNGMTlDQjBBNDBFMjNDOTM0MEE2MEI1OTQxRDQx
NkE1NDFGMURBNzc0MTQwNUQ4NDQwNzY4N0E3NDA3MEQyQTI0MDY1NTFBRDQw
NDZDN0JGNDAxMjQxRTYzRjY5QUNDNDNGNDZGNzkwM0Y0Q0Y5MzMzRjJFOTM5
OTNGN0E3OENGM0Y4OTI4QkQzRjQ3MEZEMzNGQ0I0OEIyM0Y3MzBGN0QzRjU2
MjI5MDNGRjlGRTYwM0ZDMkUwMjkzRjdEODhBQjNGQjRCRDE5M0ZFMTRCMzgz
RjNGNURGMTNFMUE0MzVEM0UyN0U5RDMzRUE5MTM2MjNGMjc3RUVEM0VGNzQ3
QkIzRTcyNjNBRTNFN0NENEQ0M0VFRjE5ODUzRTNCMkY3RDNFNDgyODkyM0VC
NzA2MzczRUJEQzFBQjNEQUREOTI4M0U3NzQ3MkEzRTg3OUJGMDNEQTZEOEM4
M0RBRDk3MkMzRTAzMTk2RDNFQUJBMTNDMw==

--SBD.Boundary.605592468
PROCESS /noc/users/iridburst/exec/irid_300224010734970_upd.pl
Last Run  ----1970-01-01 00:00:00 
MONTH  5 
DATA  xxrecord 2012-05-23 03:00:05 :: $W5M5A,120523,030005,660d0028449ce246,1,DAS 2,4901.4465N,1621.1154W,11.2,188,13.9,14.1,12.2,86.7,10.0,12.2,87.5,10.2,1007.1,2.87,4.49,10.5,246,42*53
 
INSERT
STATION sbdservice
IRID_ID 300224010734970
BODY 
Content-Type: application/x-zip-compressed; name="SBMmessage.sbd"
Content-Disposition: attachment; filename="300224010734970_003495.sbd"
Content-Transfer-Encoding: base64

JFc1TTVBLDEyMDUyMywwNDAwMDUsNjYwZDAwMjg0NDljZTI0NiwxLERBUyAy
LDQ5MDEuNDY5OU4sMTYyMS4xNjU3VywxMC45LDE3NywxMy45LDE0LjEsMTIu
NCw4OS4zLDEwLjcsMTIuNCw4OS43LDEwLjgsMTAwNy42LDIuNiw0LjI5LDEx
LjEsMjQ2LDQ1KjZCDQoNCiRXNU01QSwxMjA1MjMsMDQwMDA1LDY2MGQwMDI4
NDQ5Y2UyNDYsMixEQVMgMiwxMi45LDEzLjAsMC4yLDAuOSwwLjAxLDExOTIs
MTIwMiwxNTYsNjI5LDAsNy4yLDE1Ljg0LDkyNio2Mw0KDQokVzVNNUEsMTIw
NTIzLDA0MDAwNSw2NjBkMDAyODQ0OWNlMjQ2LDMsN0YwMDc1MDIzQTAwMDA1
MzMyMzAzMTMyMzAzNTMyMzMzMDMzMzQzMDMwMzA1NTVCMDAzMTMyMzAzNTMy
MzMzMDMzMzQzMDJDNTQ0MTQyMzAzMDMwMzAzMDJDMkQzMDM1MzEyRTMxMkMy
QzMxMzIyRTM0MzIyQzM0MkUzMDJDMzMzNjMwMzAyQzM2MzAyQzM2MzAyQzMx
MkMzMDMwMzUzNzMwMkMzMzJFMzQzMjJDMzEyRTMyMzYyQzMxMzAzOTJDMzAy
QzMwMkUzMTM3MzIyQzJCMzAzMDJFMzAwRDBBRTgxMEJENUUzMDQ2N0YwMDY3
MDIzQTAwMDA1NzMyMzAzMTMyMzAzNTMyMzMzMDMzMzQzMDMwMzBGRjREMDAw
MDgwRkI0NDAwQzAwMjQ0MDBEMDA0NDcwMDAwQ0U0Mjg0MzFDRTNGOEYxNkY4
NDBGNDMzODk0MDczQTgyNjQwNkU3QjE1NDE5REI0NUM0MDBFOUQxQTQxNjc3
QUZGNDAxREM3MzE0MUFFRkUyQjQxNjA0ODJFNDBEODIxNzY0MzNFNEQzMjQy
NEU1MkIxM0M2MDFDRTYwQkYwNkE3RjAyNDIwMjNBMDAwMDRCNTY0ODIwMzcz
MjMwMzEzMjMwMzUzMjMzMzAzMzM0MzAzMDMwMkMwMDAwMDA5OTk5OTkzRDBB
RDdBMzNCREMyMTc2NDMzQjREMzI0MkIxRjE4QzQzQUM0MTRBNDI0QzA4OEU0
MzkxRUQyQjQyQjUzNjhENDNFMDZDMDc0MkI5RTM4NzQzM0U2ODBGNDIxNTZF
ODU0M0M1NzIyNDQyOTMwODg0NDNDRTgzMkQ0MkRGOEQ3RjQzRUI3MjIyNDJF
MEQwN0E0M0EzMTgyNzQyNDRGMzc1NDNGOUNDMzE0MkIyRDE2OTQzRUNENjQ5
NDJGM0Q1NTg0MzJDODk2OTQyMjZEOTQ1NDM5MkJENjI0MjEzRTI0MTQzNTlG
QTQ4NDI5QTczNDM0M0Q1MDIzQzQyNUQxNTQ5NDM3NkM0NTY0MjlENTg1MzQz
RjBCQTcyNDI4NkU1NDc0MzQ2NUI2QjQyNDQ1QTQ0NDNGOTdBNjc0MjQyRTU0
MDQzMDUyODZENDI1QUQzM0I0MzQyNTE1OTQyNkYxQjNFNDNENDAxNUM0MkNC
MDczNzQzQjBBMjczNDI3QTI0Mjg0Mzg5Njk3NTQyRjU2MzIyNDMwNzk0NTM0
MkI2MDAyODQzREI1MzU0NDI4MEQxMkY0M0VFQkY1NzQyMDYyNTJGNDM2Q0FG
NEQ0MkI5MzEyRjQzNEQ2ODUwNDI5RTY1MzY0MzE3Nzk2NjQyQjA4NzQxNDND
RjhCNzQ0MkIyNTY0NzQzODIxRDcyNDI0NTc0M0Q0Mzk0RkI2QzQyNDk0NTJD
NDM1MzczNzI0MjNCNTAzMDQzREI2RDc1NDIxMjE4MkE0M0FCMTE0RTQyMUM1
MzFGNDM2NTA2Mzg0MjE3NUMxQjQzRDI4ODY3NDIwMzUxMzI0MzRENzM4ODQy
NjNCMTRFNDMzQTVFN0Q0MkNGMzM1ODQzNEMzQjcxNDIzREQzNUQ0MzIwRjg2
NzQyNzc3RDVBNDMyQ0QyNUI0MkZBQzY1MTQzQTY0NTY2NDJFQzM4NTA0M0NC
QjI3MDQyQTE1QUREM0U1M0EwOTYzRjBCNTc5RjQwNDYwQjY5NDEyQzYwNDY0
MUNCOEYyMjQxRThENkRBNDA1MkI2QzM0MEQ2OUFENjQwQURGMTg2NDA0RjdB
MDg0MDM1NTcxNTQwRUQ5QTJENDA3OURGMjM0MDJEQUVCRjNGMzkwODU1M0Y4
RUM3M0QzRjg0QUVBNzNGMjZDNkEwM0Y2MDI1N0QzRjkwNzY4RDNGRTQ0NTFG
M0Y1QTgyOTkzRTlENDdDRTNFMTlGMzlEM0U5MTc5QjMzRUIzN0MwNjNGQkU2
M0RFM0U5MjY0MDYzRkREODJERjNFQjEwNDg2M0U1RjE2QTczRUY1OTU2ODNF
RTIyNjNBM0VGRjNGMzAzRTI1RUI5MTNFNzBDMjIzM0U0M0JCMkIzRUVCNzNC
RDNENkFBQUI2M0QyN0VDRkQzREJCRkNFNDNERTE2RTQ1M0UyQzc0N0UzRTFB
NDcwREVBKjFCDQoNCg==

--SBD.Boundary.605592468
PROCESS /noc/users/iridburst/exec/irid_300224010734970_upd.pl
Last Run  ----1970-01-01 00:00:00 
MONTH  5 
DATA  xxrecord 2012-05-23 04:00:05 :: $W5M5A,120523,040005,660d0028449ce246,1,DAS 2,4901.4699N,1621.1657W,10.9,177,13.9,14.1,12.4,89.3,10.7,12.4,89.7,10.8,1007.6,2.6,4.29,11.1,246,45*6B
 
INSERT
STATION sbdservice
IRID_ID 300224010734970
BODY 
Content-Type: application/x-zip-compressed; name="SBMmessage.sbd"
Content-Disposition: attachment; filename="300224010734970_003496.sbd"
Content-Transfer-Encoding: base64

JFc1TTVBLDEyMDUyMywwNTAwMDUsNjYwZDAwMjg0NDljZTI0NiwxLERBUyAy
LDQ5MDEuNTA3Mk4sMTYyMS4yMjkyVywxMi4wLDE4NSwxNC41LDE0LjEsMTIu
Nyw4Ny43LDEwLjcsMTIuNyw4OC4xLDEwLjgsMTAwNy45LDIuNiw0LjQ5LDEx
LjEsMjQ4LDQzKjY3DQoNCiRXNU01QSwxMjA1MjMsMDUwMDA1LDY2MGQwMDI4
NDQ5Y2UyNDYsMixEQVMgMiwxMi44LDEzLjAsMC4yLDAuNCwwLjAxLDExOTMs
MTIwMywxNTYsNjI4LDAsOS4yLDE1Ljg0LDkyMyo2NA0KDQokVzVNNUEsMTIw
NTIzLDA1MDAwNSw2NjBkMDAyODQ0OWNlMjQ2LDMsN0YwMDc1MDIzQTAwMDA1
MzMyMzAzMTMyMzAzNTMyMzMzMDM0MzQzMDMwMzA1NTVCMDAzMTMyMzAzNTMy
MzMzMDM0MzQzMDJDNTQ0MTQyMzAzMDMwMzAzMDJDMkQzMDM1MzEyRTMxMkMy
QzMxMzIyRTM0MzEyQzM0MkUzMDJDMzMzNjMwMzAyQzM2MzAyQzM2MzAyQzMx
MkMzMDMwMzUzNzMwMkMzMzJFMzQzMjJDMzEyRTMyMzYyQzMxMzEzMDJDMzAy
QzMwMkUzMTM3MzMyQzJCMzAzMDJFMzAwRDBBRTExMDlBM0YyM0I4N0YwMDY3
MDIzQTAwMDA1NzMyMzAzMTMyMzAzNTMyMzMzMDM0MzQzMDMwMzBGRjREMDAw
MDgwRkI0NDAwQzAwMjQ0MDBFMDJCNDcwMDAwQ0U0MjhBRDVDQzNGNTZGMEY3
NDAxQTlCOEY0MDhFNjIyNjQwNEY3RTE5NDExQjlGNTA0MDIxQjkxMjQxM0E2
OEZCNDAxREM3MzE0MUY5RjEyQjQxMEI3QTJFNDA2RDg3Nzg0MzE0RkEyQTQy
QjBGNUFFM0MwNjFFQzFDMjMwMzU3RjAyNDIwMjNBMDAwMDRCNTY0ODIwMzcz
MjMwMzEzMjMwMzUzMjMzMzAzNDM0MzAzMDMwMkMwMDAwMDA5OTk5OTkzRDBB
RDdBMzNCNzE4Nzc4NDMxMkZBMkE0MjI0OEM4OTQzNDQzQTQyNDIwNEIzODY0
MzcxMDYyOTQyOTM3QTdGNDM3MTAyMDI0MjYwODc4MTQzNDYyMTA3NDIyNDkw
ODc0MzYwNDgxNzQyMzQzOThDNDNDMkUwMTI0MkVBQzk4NzQzQUU4ODEwNDJG
QzZEODI0M0JEQTkxOTQyMDdBRDc2NDNCODQ1MkI0MjhCRjQ2MjQzMDBENzQx
NDJGMDBBNUM0M0JBNjg0NTQyRjMxODU2NDM2NDg2Mzc0MjVBOTk2MjQzMDBB
QzU0NDIzMDNCODU0M0YxQjY0RjQyNkVGQzgwNDNBNkNENUE0MjE2OUI1ODQz
NzBFQzY3NDIzMEY4NDk0M0M4RTQ3NzQyRjIxQjU5NDNENzAxOEQ0MkM1MTY1
RDQzRkFBNDcxNDIzRkJDNTA0M0I1NUI1ODQyMzNEMjRBNDM2RDdFNjY0MjlC
QTY0NDQzMUREMTZBNDIxNzY5Mzg0M0IwNjY1QjQyNUEwMjMwNDMxM0Q5NEU0
MjU5N0UyQTQzQUZEQzQ0NDJDMDM4MkU0M0E1MTg0QTQyNkI5OTQ0NDNBQkYz
NUM0MjdGNUQ0RTQzOTU0Mjc2NDIzNDk4MUY0Mzk0REM4NTQyQTEwQTFDNDM1
MjM2N0Q0MjEyMzIyMzQzNUNCNjc1NDIyNzU0MjY0MzlFRkE2NDQyM0ZDODI5
NDM4QjBGNTg0MjI0ODIyRDQzM0JBMDY3NDJGQjU0MzE0MzJGODU3ODQyQjMw
QzMxNDMwQzNFNzU0MjgxOEI0MzQzMEVEQjZFNDIwMzE3NTI0M0YwOTI4MjQy
NTE4QzJBNDNBODREOTU0MkQ2N0YyNDQzRjgyMzgwNDIyNzFDMkU0Mzg5QkQ3
ODQyRjlBNTIyNDNGRDg2ODE0MkQyMDQxQTQzRUUyNzdCNDIwN0U1MUM0MzhE
NTI3NTQyNUMyRDY1M0Y1QTg5NEY0MDgyNkZCQTQwOUY5MjU0NDFGOUNGMzY0
MTQ1MzRCNTQwOUY2Q0I3NDA3QjlDMDA0MTk4QjRCNDQwMDFGRjMxNDAyNkQ1
NTA0MDRDMTM5QjQwMUQwNzQyNDA2N0MyMjE0MDNCMkRGQzNGQ0VEOUYxM0ZD
Q0ZCQjUzRjcyRTNBMDNFOTNBNTAzM0ZDQzc1OUIzRjZGMUE1ODNGNDI1NkZD
M0U3QjEyMzAzRkU4MEExNTNGNTkyNDE4M0Y5MjYwRkYzRTk0RTNDNjNFM0Qy
QjMxM0UwMjZEODEzRTI2QjI5RjNFREEwNTgxM0UwQUJERDkzRUIzODgxMjNG
MUJEQkFFM0U2MUI1MjYzRUMwNEEwRjNFRDgyQTM0M0U3NTFCNDUzRTQ3MThD
MDNERDQyODFEM0VEODcwNzQzRUFENzg2OTNFMUM4QzIwM0VEOEYyREQzRDkx
MjQwMDM2KjZBDQoNCg==

--SBD.Boundary.605592468
PROCESS /noc/users/iridburst/exec/irid_300224010734970_upd.pl
Last Run  ----1970-01-01 00:00:00 
MONTH  5 
DATA  xxrecord 2012-05-23 05:00:05 :: $W5M5A,120523,050005,660d0028449ce246,1,DAS 2,4901.5072N,1621.2292W,12.0,185,14.5,14.1,12.7,87.7,10.7,12.7,88.1,10.8,1007.9,2.6,4.49,11.1,248,43*67
 
INSERT
STATION sbdservice
IRID_ID 300224010734970
BODY 
Content-Type: application/x-zip-compressed; name="SBMmessage.sbd"
Content-Disposition: attachment; filename="300224010734970_003497.sbd"
Content-Transfer-Encoding: base64

JFc1TTVBLDEyMDUyMywwNjAwMDUsNjYwZDAwMjg0NDljZTI0NiwxLERBUyAy
LDQ5MDEuNTQ0M04sMTYyMS4yOTk0VywxMS41LDE4NywxMy45LDE0LjEsMTMu
MCw5Mi40LDExLjgsMTMuMCw5Mi44LDExLjksMTAwOS4wLDIuMTYsMy4wMywx
MS44LDI0Niw0Nio1Ng0KDQokVzVNNUEsMTIwNTIzLDA2MDAwNSw2NjBkMDAy
ODQ0OWNlMjQ2LDIsREFTIDIsMTIuOCwxMy4wLDAuMiwwLjQsMC4wMSwxMTk0
LDEyMDQsMTU2LDYyOCwwLDMyOC4yLDE1Ljg0LDkyMyo2Nw0KDQokVzVNNUEs
MTIwNTIzLDA2MDAwNSw2NjBkMDAyODQ0OWNlMjQ2LDMsN0YwMDc1MDIzQTAw
MDA1MzMyMzAzMTMyMzAzNTMyMzMzMDM1MzQzMDMwMzA1NTVCMDAzMTMyMzAz
NTMyMzMzMDM1MzQzMDJDNTQ0MTQyMzAzMDMwMzAzMDJDMkQzMDM1MzEyRTMx
MkMyQzMxMzIyRTM0MzAyQzM0MkUzMDJDMzMzNjMwMzAyQzM2MzAyQzM2MzAy
QzMxMkMzMDMwMzUzNzMwMkMzMzJFMzQzMjJDMzEyRTMyMzYyQzMxMzEzMTJD
MzAyQzMwMkUzMTM3MzIyQzJCMzAzMDJFMzAwRDBBRTExMDIzMDEyMTQ2N0Yw
MDY3MDIzQTAwMDA1NzMyMzAzMTMyMzAzNTMyMzMzMDM1MzQzMDMwMzBGRjRE
MDAwMDgwRkI0NDAwQzAwMjQ0MDBGMDUyNDcwMDAwQzY0MkU2NUNCODNGREEw
QjAxNDExOEJDNDE0MEFGMkMwQTQwMzkwRDE5NDFENjZEMjU0MDY3OTExRTQx
NUQ1NUY5NDAzQzNDM0M0MUJERTAzNjQxMEQ2NzEyNDBFQ0Y4NzU0MzM4MzMz
ODQyREE3NzZBM0M0RDFCM0NBMDA0OEE3RjAyNEUwMjNBMDAwMDRCNTY0ODIw
MzczMjMwMzEzMjMwMzUzMjMzMzAzNTM0MzAzMDMwMkQwMDAwMDA5OTk5OTkz
RDBBRDdBMzNCRjBGODc1NDMzNTMzMzg0MkQ3QzY4OTQzM0FFQjU1NDIwMzE3
ODQ0M0M3MDkxQzQyOTNBMTgyNDM1NTQ0MDg0MjMyQ0E4MjQzOTcxNTEwNDI0
NTYzODU0M0UwNkIxNjQyODJFNjg2NDNFNzczMzE0MkRBOEY4MzQzQkNFQjVF
NDIxQjZEODI0MzNGMzY1RjQyQUE3RDgxNDM5QkQwNTQ0MjBFMDY3RTQzNkM0
NzNENDIxOERENzg0MzZENTUzOTQyODQxRTY2NDNBMzRENTI0MjRBMUI1ODQz
RTJFNjU5NDJDNENBNTA0MzFGOEI1QzQyN0M2NjNBNDMzQzYzNTE0MjlCQkEz
MTQzMjdGQjQyNDJBQjk3MzI0MzA4QzA1NTQyRTUwQjM1NDMxNkU2NzA0MkVC
RkM0MDQzMzc0RjcyNDI0RDYzNEE0MzkwMzY2NzQyNTUyNDU2NDNDREVDNTI0
MjY1MEM1MjQzQUI0NzU4NDJFRTlBM0M0Mzg4N0Q3OTQyQzI1NjM4NDM5MDJC
ODE0MjlGQ0YzNDQzREU1RTc1NDJCNTg4MkI0MzU5NDQ2NDQyNTYxMzQwNDNF
RTc2Njc0Mjk0QzM0QjQzN0U4QzVBNDI3RTZFNDA0MzlGNzA1QzQyNTM3ODNB
NDNFQzA5N0I0MjNBRDU0RDQzRDhFODg2NDJDRTc2NDY0M0YxNkM3NDQyRDlF
QTM4NDM1MzM1NUM0MjRCMUIyMDQzMUQxMDY1NDJGQkE5MjM0MzhDN0I4RDQy
OEJGRDYxNDM2MUI3OEI0MkI4Q0I1NDQzQ0EyRTg1NDJCRkQzNEI0MzM1QjY4
NjQyMjJDNzNFNDMxRDc3OEM0MjQwRTQzNTQzNjY5NDhGNDJCREZBNTU0M0FB
QjQ4RTQyQkVDMjVBNDM0NzQ0ODg0MkU2Q0Q0MzQzNjREMTg4NDI0RkJBM0E0
MzFBNjU4OTQyMTRDOTM3NDM3ODNGOEQ0Mjg4RTQxNTNGRjc5QTUxNDAxNjQw
MTg0MTY3NjAwMjQxRTk4NEFGNDAxMUYzODM0MDdDNTczMDQwQUE2Rjc3NDAz
Rjg3MDE0MDc1MTIzQTQwMkNBNTY0NDBENzdBREYzRjU3RTBFRjNGQzdCM0NF
M0Y0NkU3QUUzRjhCQ0E4RjNGNDlCMDZCM0ZEMDgzM0IzRjkzNDQ2QjNGNEZD
RjRFM0ZCMTJCNTczRkJERkMwMzNGMzA3QkZCM0VBRTBBRjkzRTBFNEE4OTNF
QkRBMTY0M0U3MEFDRjMzRTU5RjE0OTNGNUY0MDE2M0ZDOTdCQTEzRTMwNDg4
OTNFQjFFMzcyM0VCNzkyODUzRUJGRTMxRjNFQjRFMkIyM0QzQTVFODczRDA0
OTc1OTNENUY1RkQyM0M1NzgwOEQzREY2N0VDODNERDEzNUEwM0QzNDdDMUEz
RTA3NzBDODNEOTAwQ0JDM0RGNEYwOTMzRDkwQjM0Q0QyKjY5DQoNCg==

--SBD.Boundary.605592468
PROCESS /noc/users/iridburst/exec/irid_300224010734970_upd.pl
Last Run  ----1970-01-01 00:00:00 
MONTH  5 
DATA  xxrecord 2012-05-23 06:00:05 :: $W5M5A,120523,060005,660d0028449ce246,1,DAS 2,4901.5443N,1621.2994W,11.5,187,13.9,14.1,13.0,92.4,11.8,13.0,92.8,11.9,1009.0,2.16,3.03,11.8,246,46*56
 
INSERT
STATION sbdservice
IRID_ID 300224010734970
BODY 
Content-Type: application/x-zip-compressed; name="SBMmessage.sbd"
Content-Disposition: attachment; filename="300224010734970_003498.sbd"
Content-Transfer-Encoding: base64

JFc1TTVBLDEyMDUyMywwNzAwMDUsNjYwZDAwMjg0NDljZTI0NiwxLERBUyAy
LDQ5MDEuNTY4M04sMTYyMS4zNTE2VywxMS4xLDIwNCwxMy45LDE0LjEsMTMu
MSw5Mi42LDExLjksMTMuMSw5My4wLDEyLjAsMTAxMC40LDIuNTgsMy45Niwx
MC41LDI0Niw0Mio1MA0KDQokVzVNNUEsMTIwNTIzLDA3MDAwNSw2NjBkMDAy
ODQ0OWNlMjQ2LDIsREFTIDIsMTMuMiwxMy40LDAuMiwwLjQsMC4wMSwxMTk1
LDEyMDUsMTU2LDYyOCwwLDg4LjMsMTUuODQsOTIxKjUzDQoNCiRXNU01QSwx
MjA1MjMsMDcwMDA1LDY2MGQwMDI4NDQ5Y2UyNDYsMyw3RjAwNzUwMjNBMDAw
MDUzMzIzMDMxMzIzMDM1MzIzMzMwMzYzNDMwMzAzMDU1NUIwMDMxMzIzMDM1
MzIzMzMwMzYzNDMwMkM1NDQxNDIzMDMwMzAzMDMwMkMyRDMwMzUzMTJFMzEy
QzJDMzEzMjJFMzczMDJDMzQyRTMwMkMzMzM2MzAzMDJDMzYzMDJDMzYzMDJD
MzEyQzMwMzAzNTM3MzAyQzMzMkUzNDMyMkMzMTJFMzIzNjJDMzEzMTMyMkMz
MDJDMzAyRTMxMzczMDJDMkIzMDMwMkUzMDBEMEFFNDEwODA4QjQ5NTU3RjAw
NjcwMjNBMDAwMDU3MzIzMDMxMzIzMDM1MzIzMzMwMzYzNDMwMzAzMEZGNEQw
MDAwODBGQjQ0MDBDMDAyNDQwMDAwN0E0NzAwMDBEMDQyMDQ0MkNEM0ZFMDU2
RjU0MDA0NTQ3RDQwNDRENTI0NDA5QTYzMTQ0MTg4RjA1MTQwN0E4MDFGNDE1
NTU1RkI0MENBNkIyODQxMTY4QjI5NDExMDU1MkQ0MDlBNzA3NjQzMzQyMzI3
NDI2ODQ0QUMzQzVGMUFEQzA3M0MzRTdGMDI0MjAyM0EwMDAwNEI1NjQ4MjAz
NzMyMzAzMTMyMzAzNTMyMzMzMDM2MzQzMDMwMzAyQzAwMDAwMDk5OTk5OTNE
MEFEN0EzM0I5RTcwNzY0MzM0MjMyNzQyMzcwRjgyNDM0MTQyMkQ0MkY1QjM4
NjQzRUU4MTFBNDI5OEY4ODY0MzBFQ0EwNjQyRThCRjg2NDNDNkY4RkE0MUI1
RUY4NzQzRkMyN0Y3NDFFODlGODU0MzFGQ0IxQjQyNzAyQzc5NDNBODdGMzg0
MjRBMTA2RTQzRjA3NDMzNDI0MkUwNkE0M0IxOTEyMTQyQTAwNTY5NDNCQjQy
MjU0MkVDQzk1NjQzQkI1ODMwNDJGQjRFNDg0M0E0MzAyRTQyNzBCQjQ3NDMz
QzRGNTM0MjYxNkU0OTQzMEM5RTY2NDI0QUFGNEU0MzA5MzM2OTQyNTM1NzU2
NDM1Mjg4NzI0MkNGOTU1QzQzNDQ1RTc1NDI5QTk0Njg0MzZBOTk1MjQyOTMw
QjY1NDM4MDEzNEQ0MjQzQTk1RDQzN0Y4RDY4NDIwRUNENTQ0Mzk2NjI3NDQy
MDBBMjU2NDNDOTQ1Njk0MjM3RDY1NjQzN0RDNzYyNDI1RjI1NEQ0M0Q1ODQ1
MzQyQzQ1QTUwNDM1MjIxNUE0MkYyM0M2MjQzNDZEMzgwNDI1RTkyNTk0MzlE
QzE4MDQyMjdDNjU4NDM5Q0M0NkU0MkUyOEQ1NDQzQjE4NzdDNDIxRjQwNTA0
MzRCRTA4MDQyMjhBNDVCNDM1QUIxN0U0MjlBREM1QTQzMUY1Rjg0NDJGNjM2
NTA0M0ExMEU2ODQyOTJCNDQ0NDM1QTc4NUI0MkM1MDQzQzQzMDFENTY4NDI0
NzU2Mzc0Mzk1Q0Y2NDQyRjI0QTMxNDMwRjVCNDE0MjUzMDczNDQzNjg1RTU0
NDI1NDU2M0Q0M0U5NTg2RjQyMjY4QzNENDM5M0MwNzg0MjVEQzczOTQzODBD
Rjg3NDIyQUI0MUY0MzIyRUY4QjQyNEVFNzE4NDM2OTJFOEQ0MjE2M0UzQzQz
MDYwRDk0NDJEQkI4QUMzRTU5QzUzQzQwQ0U5MEQ1NDBBQzIzMzc0MTEyQkQ3
NzQxRTdCNDBDNDE1OUI2OTU0MDZDN0Y0OTQwNUIzRThCNDA3NDlBODg0MDJC
QkIyNjQwOEU5QjQ5NDAxNERCMDY0MDNCQTMxOTQwNUJEQjA4NDBFRDA2Nzcz
RjZEMEQ5MTNGNzIyN0JFM0Y5N0IzMkI0MDk0M0Q5RDNGQTVGNThFM0Y0QzEz
M0EzRkU5RjAxQjNGMTg2Mzc1M0Y4MkY0MkEzRjY0ODA4MDNFQ0I5REMzM0VE
MUY3MDczRjRGMUZEQzNFRDBDMzkyM0VFODA4NjMzRUY1MzYwMzNFODVEOTI2
M0VDNDlBOTczRTNCNUE4RDNFOUQzNTgzM0VGRjhCMjMzRUM0RUEwOTNFNzk4
QjJFM0VDMEU1MDkzRTQ4MzVFQjNERDU3MEQ1M0RGQURFNDgzRDUxOTBDRjNE
Q0EzNzE0OEYqNkYNCg0K

--SBD.Boundary.605592468
PROCESS /noc/users/iridburst/exec/irid_300224010734970_upd.pl
Last Run  ----1970-01-01 00:00:00 
MONTH  5 
DATA  xxrecord 2012-05-23 07:00:05 :: $W5M5A,120523,070005,660d0028449ce246,1,DAS 2,4901.5683N,1621.3516W,11.1,204,13.9,14.1,13.1,92.6,11.9,13.1,93.0,12.0,1010.4,2.58,3.96,10.5,246,42*50
 
INSERT
STATION sbdservice
IRID_ID 300224010734970
BODY 
Content-Type: application/x-zip-compressed; name="SBMmessage.sbd"
Content-Disposition: attachment; filename="300224010734970_003499.sbd"
Content-Transfer-Encoding: base64

JFc1TTVBLDEyMDUyMywwODAwMDUsNjYwZDAwMjg0NDljZTI0NiwxLERBUyAy
LDQ5MDEuNTg5MU4sMTYyMS40MDE5VywxMS43LDE5NiwxNS4zLDE0LjEsMTMu
Miw5MS44LDExLjksMTMuMyw5Mi4zLDEyLjAsMTAxMC45LDIuNzUsNC40MSwx
MCwyNDUsMzcqNDYNCg0KJFc1TTVBLDEyMDUyMywwODAwMDUsNjYwZDAwMjg0
NDljZTI0NiwyLERBUyAyLDE0LjMsMTQuNSwwLjIsMC4zLDAuMDEsMTE5Niwx
MjA2LDE1Niw2MjgsMCwxOTIuNSwxNS44NCw5MjQqNjINCg0KJFc1TTVBLDEy
MDUyMywwODAwMDUsNjYwZDAwMjg0NDljZTI0NiwzLDdGMDA3NTAyM0EwMDAw
NTMzMjMwMzEzMjMwMzUzMjMzMzAzNzM0MzAzMDMwNTU1QjAwMzEzMjMwMzUz
MjMzMzAzNzM0MzAyQzU0NDE0MjMwMzAzMDMwMzAyQzJEMzAzNTMxMkUzMTJD
MkMzMTMzMkUzODMyMkMzNDJFMzAyQzMzMzYzMDMwMkMzNjMwMkMzNjMwMkMz
MTJDMzAzMDM1MzczMDJDMzMyRTM0MzIyQzMxMkUzMjM2MkMzMTMxMzMyQzMw
MkMzMDJFMzEzNjMyMkMyQjMwMzAyRTMwMEQwQUVCMTA3RDlCRTA5RTdGMDA2
NzAyM0EwMDAwNTczMjMwMzEzMjMwMzUzMjMzMzAzNzM0MzAzMDMwRkY0RDAw
MDA4MEZCNDQwMEMwMDI0NDAwODg5MDQ3MDAwMEIyNDI4RTdFRUQzRjNERTkw
RjQxRDYxQThENDA2QkJDMkY0MEQzRjExRDQxOTdBNzVDNDBERDZCMUE0MURC
QjUwNDQxMDEwMDIwNDExRDdDMjU0MUUzNUUzNTQwQTNDQTc0NDM0RkY5MTQ0
MjRBQTJDMjNDOUMxRDg3Nzc5RDE3N0YwMjM2MDIzQTAwMDA0QjU2NDgyMDM3
MzIzMDMxMzIzMDM1MzIzMzMwMzczNDMwMzAzMDJCMDAwMDAwOTk5OTk5M0Qw
QUQ3QTMzQkE3Q0E3NDQzNEVGOTE0NDI3NDhGOEI0M0FBQzMxNDQyRDgwQjhB
NDNEODhFMTY0MjA1NzY4NDQzM0E0NTA2NDJFMTFCODA0MzlERTFENTQxN0FF
QjdBNDNDNzhDQzk0MTYyODc3QjQzRjRCRkY3NDExMzYwODA0M0Q5N0UxNTQy
QzRDRjdDNDNFMTlEMkU0MjhBMDg2RjQzQjBDOTNFNDI5MUE0NjY0M0M1RkI2
MDQyNEMwMzYzNDMzRTg0NjI0MjUyNTE1RjQzRDY3NDRGNDIzOUVBNEY0Mzgx
QjI0QzQyQUQ4NjNFNDMzRkFCM0M0MjQ2MTczRjQzMzY1QTMzNDJBMjhENEM0
Mzk5Mzk0MjQyMTdDNjU0NDM0M0JGNEQ0MjE4OUU1NjQzNjI2NDVBNDIzOUJB
NUQ0Mzg0N0M3NzQyOUZBMDM5NDMyM0EzODk0MkE5MzMyQjQzNzZGQzU3NDI3
RUI2M0U0MzI5NTQ0NTQyNkY2MDU5NDNEMEEzNUU0MjNDMjE2NjQzNkM0MTgy
NDIyNzRBMzg0MzQxOTM3RTQyOUMxNjM2NDNCQzJGNTk0MjdGNjc0QzQzOTgx
MzVDNDIxODFGNTk0MzREMkM2NTQyQjEzNzYzNDM1M0NFNjk0MkExNjA2MDQz
NjhDMTY1NDIzQjQ5NDA0MzJDQjI3MjQyQ0I0ODMzNDMwNjBEODE0MkE1ODU0
NjQzMTNFNzg5NDI3OUE2NEE0MzRFN0I4NDQyRjdCRDRDNDM1MzExODA0MkZB
QUY0MjQzMDhGRjgyNDIzOEJENDY0MzZGMzg4NzQyNjQ1NTYwNDM2QzVGODc0
MkVGRDA1QzQzMUMxODhCNDIyOTI4MzU0M0UyQTQ4RjQyRTVCQTU4NDNBNUVG
OTE0MjZGNEM4NTQzOEVBMThGNDJBRTFFODQ0MzRDMDc5NzQyNTQxQjc4M0Y0
MDYxNEE0MDQ0QTlCNDQwRUU0MDY0NDFBNzkyODk0MTExQUI4RjQxNjAyMTA1
NDE1NjUwODk0MDFGRkU0QjQwRTI4QTIxNDBEODU5MDg0MDRGNDcxQzQwOTFB
NkVCM0ZFRDcyRTgzRjE2NkJFODNGNEUwMzlFM0ZCMUZCNDUzRjAzM0I1MDNG
QkZFMjlEM0Y1MjgwMEYzRjFBQzgxQjNGNDE3RTU5M0ZEOTUyMEEzRjZBNkEw
NDNGODc4OUFFM0U2OTQ0RTQzRTlGOTkwMTNGMEQ5NUJCM0VDQzEyQjgzRUM2
REQ2RjNFOEQ1RDQ3M0UyRjEyREYzREU2QzYxQTNFNjg5ODIzM0UxMEZBMjkz
RTI4N0I0RDNFQ0FBNDJBM0UxQjk1NDUzRTAzMDgyRDNFMjU5NEZDM0RGRDQ0
NjUzRUY2ODQyMjNFNzA5QjJFM0VBRUE2N0Y5Nyo2MA0KDQo=

--SBD.Boundary.605592468
PROCESS /noc/users/iridburst/exec/irid_300224010734970_upd.pl
Last Run  ----1970-01-01 00:00:00 
MONTH  5 
DATA  xxrecord 2012-05-23 08:00:05 :: $W5M5A,120523,080005,660d0028449ce246,1,DAS 2,4901.5891N,1621.4019W,11.7,196,15.3,14.1,13.2,91.8,11.9,13.3,92.3,12.0,1010.9,2.75,4.41,10,245,37*46
 
INSERT
STATION sbdservice
IRID_ID 300224010734970
BODY 
Content-Type: application/x-zip-compressed; name="SBMmessage.sbd"
Content-Disposition: attachment; filename="300224010734970_003500.sbd"
Content-Transfer-Encoding: base64

JFc1TTVBLDEyMDUyMywwOTAwMDUsNjYwZDAwMjg0NDljZTI0NiwxLERBUyAy
LDQ5MDEuNTk3OE4sMTYyMS40MjI5VywxMi4xLDE5NiwxNS4yLDE0LjEsMTMu
Myw5Mi4xLDEyLjAsMTMuNCw5Mi40LDEyLjIsMTAxMi40LDIuNTUsNC4wOCwx
MC41LDI0NSw0MCo1Qw0KDQokVzVNNUEsMTIwNTIzLDA5MDAwNSw2NjBkMDAy
ODQ0OWNlMjQ2LDIsREFTIDIsMTQuNCwxNC41LDAuMiwwLjQsMC4wMSwxMTk3
LDEyMDcsMTU2LDYyOCwwLDMxNy4yLDE1Ljg0LDkyMSo2RQ0KDQokVzVNNUEs
MTIwNTIzLDA5MDAwNSw2NjBkMDAyODQ0OWNlMjQ2LDMsN0YwMDc1MDIzQTAw
MDA1MzMyMzAzMTMyMzAzNTMyMzMzMDM4MzQzMDMwMzA1NTVCMDAzMTMyMzAz
NTMyMzMzMDM4MzQzMDJDNTQ0MTQyMzAzMDMwMzAzMDJDMkQzMDM1MzEyRTMx
MkMyQzMxMzMyRTM4MzQyQzM0MkUzMDJDMzMzNjMwMzAyQzM2MzAyQzM2MzAy
QzMxMkMzMDMwMzUzNzMwMkMzMzJFMzQzMjJDMzEyRTMyMzYyQzMxMzEzNDJD
MzAyQzMwMkUzMTM2MzMyQzJCMzAzMDJFMzAwRDBBRjAxMDJFQjg5NEE3N0Yw
MDY3MDIzQTAwMDA1NzMyMzAzMTMyMzAzNTMyMzMzMDM4MzQzMDMwMzBGRjRE
MDAwMDgwRkI0NDAwQzAwMjQ0MDAxMEE0NDcwMDAwQ0U0MkQzNEJDQzNGRkJB
QUY5NDA0M0E0ODI0MDU0NjkyMzQwMzRBQTE3NDFGMjdGNEM0MDU2MEQxNTQx
NDEwOUZCNDBDQTZCMjg0MTI3NTUyQjQxMjA3MDI5NDBBNjM2NzU0MzJDOUQy
MDQyQkZENDk5M0MwMzFDNDNCNTRBRjU3RjAyNzIwMjNBMDAwMDRCNTY0ODIw
MzczMjMwMzEzMjMwMzUzMjMzMzAzODM0MzAzMDMwMzAwMDAwMDA5OTk5OTkz
RDBBRDdBMzNCQUEzNjc1NDMyRTlEMjA0Mjc4QjA4QzQzNkExQTIxNDJFMDUz
ODY0MzFEQjQwMDQyQ0I0RDgwNDMwQUI3RTY0MTA0NTY3RDQzMDY3RkU1NDFG
REU0N0U0Mzc0QzZFQjQxODE0MzgxNDM0NUFBMDM0MkMzRkM4MjQzNUQxQzE1
NDJGNEYzODQ0M0E1OTcxRTQyOTBDNzg3NDM3MjZGMkQ0MjM0MkM4NjQzRDE2
QjUyNDI1OTk5NzE0MzU2RjU2NDQyRUMyQTYwNDNEOUZDNTg0MjVBMzE1NjQz
NkJCMDYyNDIxOEI4NDU0MzA5NjI0RDQyMzJGQjNGNDM1RDQzNDY0MjI1MjY0
QjQzNzY5MzdDNDI5QkU5NjM0Mzc4QjQ4NDQyNEE4RjRENDNCMjAxODc0MjEx
MTMzOTQzMzRCNDg2NDI3MTMyNEQ0M0FDQ0M4MzQyOTE1MzU4NDM0QjAzNkM0
MkE2QkU0OTQzQzZERTQ0NDJDMDUzNDI0MzJDNTczMTQyQjI1RDQzNDNBQzQz
NDM0MjBFNkY0NzQzNkJERjRDNDI3MUZENDc0MzY3NjA0QTQyRDE2MDQ3NDMx
MUU0NjU0MkEwOTk0OTQzQjdBMzdDNDIzNTQ2NTE0MzUxMTg3NjQyNTJEMzNC
NDMxNTQ5NzY0MkZGN0QzMTQzRDhBMDdCNDI3REZGMkY0MzNGM0E3RjQyMkE4
QTI2NDMzMDU2NzE0MkQ1OTIzNjQzQkE2QTgxNDIzQzQzNDU0MzMwQ0Y4MDQy
NEUwMTM5NDMzNjEyODA0MjU2RjUzNTQzMDQ0Mjg5NDIwQkE2NDE0M0NCMDI4
QzQyREEzNjM4NDMyQTQwODM0MjQzQUIzQjQzNUUyQzgyNDI4NzJBM0Q0M0VE
MTU4RTQyNEYzNTNGNDMzQTFDOTY0MjVCQTYzMTQzQjE1Qjk0NDI4RkY5MDk0
MzVBMDY4RjQyMERERjE1NDMwNDEwOEQ0MjZCQ0U1MjQzN0QyMzg3NDIzQUQ3
NUM0M0YwM0Y4NzQyQTU2RjU0NDNFNjhCOEY0MjQ5MUZDNDNGNjA4MEVCM0Y4
NDBFQ0M0MEIxNkY1MTQxNTVBQzZDNDE2REIwRDQ0MDU2ODBCOTQwMUVEQkE0
NDBEMDk4NjA0MDBBQzczMDQwMkY0OTBBNDBBNjEzRjczRjIzMDhDQjNGRTA3
QTE5NDAzM0FCRjAzRjQ5OUI0ODNGRDZBNTZEM0YwODA3QUMzRjRCODQ2NTNG
RkVBOTg1M0Y5RUZBNDIzRkU1MjU3RjNGQTA2MjkzM0YxOTNBMTUzRkMwRDk4
MjNGRUUxRDFEM0Y2NDEwMDAzRjcwM0RDOTNFNUFBNkFGM0U3NkQwMDczRjg4
OEZCNjNFNzAwMjI0M0U4MUJFM0EzRUNGRTFGRjNEQjUzOTQyM0VFRkI1NDkz
RUZGREYwQTNFRkY0MkJCM0RBNzg5NzkzRDQ4MDFGNTNERUVDODE1M0UzQjIw
MDczRUM1NDhBMjNEMEYwNkEwM0Q0NTY0Qg==

--SBD.Boundary.605592468
PROCESS /noc/users/iridburst/exec/irid_300224010734970_upd.pl
Last Run  ----1970-01-01 00:00:00 
MONTH  5 
DATA  xxrecord 2012-05-23 09:00:05 :: $W5M5A,120523,090005,660d0028449ce246,1,DAS 2,4901.5978N,1621.4229W,12.1,196,15.2,14.1,13.3,92.1,12.0,13.4,92.4,12.2,1012.4,2.55,4.08,10.5,245,40*5C
 
INSERT
STATION sbdservice
IRID_ID 300224010734970
BODY 
Content-Type: application/x-zip-compressed; name="SBMmessage.sbd"
Content-Disposition: attachment; filename="300224010734970_003501.sbd"
Content-Transfer-Encoding: base64

JFc1TTVBLDEyMDUyMywxMDAwMDUsNjYwZDAwMjg0NDljZTI0NiwxLERBUyAy
LDQ5MDEuNTg5OU4sMTYyMS40MTQwVywxMS45LDE5NSwxNC43LDE0LjIsMTMu
Myw5Mi4yLDEyLjAsMTMuNCw5Mi40LDEyLjIsMTAxMi43LDIuNDcsMy45OSwx
MS4xLDIzOCw0Nio1Qw0KDQokVzVNNUEsMTIwNTIzLDEwMDAwNSw2NjBkMDAy
ODQ0OWNlMjQ2LDIsREFTIDIsMTMuNywxMy45LDAuMiwwLjMsMC4wMSwxMTk4
LDEyMDgsMTU2LDYyOCwwLDMxOC42LDE2LjIzLDkyNSo2Rg0KDQokVzVNNUEs
MTIwNTIzLDEwMDAwNSw2NjBkMDAyODQ0OWNlMjQ2LDMsN0YwMDc1MDIzQTAw
MDA1MzMyMzAzMTMyMzAzNTMyMzMzMDM5MzQzMDMwMzA1NTVCMDAzMTMyMzAz
NTMyMzMzMDM5MzQzMDJDNTQ0MTQyMzAzMDMwMzAzMDJDMkQzMDM1MzEyRTMx
MkMyQzMxMzMyRTMyMzgyQzM0MkUzMDJDMzMzNjMwMzAyQzM2MzAyQzM2MzAy
QzMxMkMzMDMwMzUzNzMwMkMzMzJFMzQzMjJDMzEyRTMyMzYyQzMxMzEzNTJD
MzAyQzMwMkUzMTM2MzYyQzJCMzAzMDJFMzAwRDBBRjMxMDdGMTg0M0MzN0Yw
MDY3MDIzQTAwMDA1NzMyMzAzMTMyMzAzNTMyMzMzMDM5MzQzMDMwMzBGRjRE
MDAwMDgwRkI0NDAwQzAwMjQ0MDA5OEI3NDcwMDAwREM0MjQ2MENDODNGOTQ2
MkU5NDBFMDI3N0Y0MEMzNTUxRTQwREI5QjE0NDE3OUQ0NEE0MDNDMTUxNjQx
OTVFRUVBNDAxREM3MzE0MUQxOEMyNzQxRDg0MTI2NDA3RTczNkQ0MzNGRkUz
NTQyNkI5Rjk0M0MzOTFFRTY1MEQ2MjQ3RjAyN0UwMjNBMDAwMDRCNTY0ODIw
MzczMjMwMzEzMjMwMzUzMjMzMzAzOTM0MzAzMDMwMzEwMDAwMDA5OTk5OTkz
RDBBRDdBMzNCODI3MzZENDMzQ0ZFMzU0MjYwRDU4OTQzM0Q5RTE3NDI1OUEx
OEY0MzE5MzMyRjQyOUVDQTg3NDMxMzUyMzM0MjFDRjI4MDQzREQ1RjBFNDJB
OTY3ODI0MzBFRTgwMDQyMTgyNjg0NDM2MTlDMUE0MkE0OTU3QzQzODFERTI2
NDIyMEU0NkU0MzQ2MkYyNDQyNkQwMTYyNDM0MTRGM0Q0MjI4OUQ3MTQzOEZD
NzYyNDJCNjg2ODI0MzY0QzA2MDQyRUUwOTY4NDNCODVBNTA0MjZEMEU1OTQz
NDM2RTI1NDI0QTI1NTc0MzFBNTIyQjQyRTZCNTQ5NDNFMTRCNEY0MjcxM0Mz
MzQzRDY3QjRENDJFNUMxMzI0M0Y4MjE1NjQyMUMyMDQxNDM3REM0N0Q0MjJG
MDQ0MjQzOTJFNjgxNDI1QTNFM0U0M0FDNzQ4NDQyRjFBQTMxNDNFNUI3ODY0
MkJFOEQyRjQzREQ5NzZENDJFRTUzNDU0MzYwQzc1QTQyMTZEQjU2NDMyRkJD
NTI0MkQxRTI0NTQzOTdGQjZBNDJCODM2MkY0MzgxMDM2RDQyMDMzMjMxNDMw
M0QyNkQ0Mjk0RTE1MjQzMUU5RTdBNDIxREZDNjI0M0I1Nzk2NTQyOTc3OTYx
NDNBRUZCNjE0MjMxQ0U0NTQzMEU4MTc2NDJGN0IwMzQ0M0I1NDc2OTQyRDk1
MTM4NDM4NzlGNUU0Mjg5MDYzOTQzQTQwNzYyNDJBNDNFNDE0M0JEMjk3MzQy
ODk0RTUxNDM3QUQ1N0Q0MjkzMTU0QTQzQTU2OTc3NDI2N0M1MzI0M0Q2MjA2
ODQyQ0Y3NzI2NDMzMkU0NjM0MkY4MjQyODQzMzgxRTg2NDJBOTBFNTE0Mzky
OTg4NTQyN0JBNDQwNDNCREJGN0Y0MjM0MUEzMDQzRDczMjgzNDI5NTE5MkM0
MzE3Rjk4QzQyRURDRDE1NDMzM0Q3OEU0MjBCRjgwNTQzRDQ4MjkwNDJFNDUz
MzA0MzdBNUU5QjQyMjZERDZENDM3RUYzOTk0MjZEQUI5RDQzNkUyRkEwNDIy
NjY2NzgzRjczNzdDMTNGMTYxNzdENDA0ODhGMTc0MUE0OTkxMDQxNDM2M0Qy
NDA2QTUxRTk0MDc3Qzk5MzQwRTlFODUyNDAxQjA2MjQ0MDczRkM0QjQwQjc5
MTQ4NDBCODg0QTI0MDIzNDAzNjQwNTEwREZFM0Y0QzRBRkQzRkQ3OUFFNTNG
N0YwM0ExM0ZBMzQzQUUzRjYyNjg4NTNGRDAwRTYyM0ZCNUNENDkzRkVENDU1
QzNGODRDRDVDM0ZCQzQ1MkIzRjdFMTZENjNFNkFBNzkxM0UzNDVGQzAzRTg2
RTNGMTNFNUNBNjYzM0VBQ0YwNEEzRUMyRjg3NzNFM0E1NzgwM0U4Qzg1RDAz
RTE3MjNDNDNFMTBCREFEM0U5MDA2QjMzRUNGOTY4RDNFMEIxNTVFM0VCMjE4
QkMzRDg1QzhCNTNENzU5RjI1M0U1NUVDMQ==

--SBD.Boundary.605592468
PROCESS /noc/users/iridburst/exec/irid_300224010734970_upd.pl
Last Run  ----1970-01-01 00:00:00 
MONTH  5 
DATA  xxrecord 2012-05-23 10:00:05 :: $W5M5A,120523,100005,660d0028449ce246,1,DAS 2,4901.5899N,1621.4140W,11.9,195,14.7,14.2,13.3,92.2,12.0,13.4,92.4,12.2,1012.7,2.47,3.99,11.1,238,46*5C
 
INSERT
STATION sbdservice
IRID_ID 300224010734970
BODY 
Content-Type: application/x-zip-compressed; name="SBMmessage.sbd"
Content-Disposition: attachment; filename="300224010734970_003502.sbd"
Content-Transfer-Encoding: base64

JFc1TTVBLDEyMDUyMywxMTAwMDUsNjYwZDAwMjg0NDljZTI0NiwxLERBUyAy
LDQ5MDEuNTcxNE4sMTYyMS4zODI1VywxMi45LDE5MiwxNS41LDE0LjIsMTMu
Myw5MS4yLDExLjksMTMuNCw5MS41LDEyLjEsMTAxMy4zLDIuNDUsMy41OCwx
MCwyNDEsNDIqNEINCg0KJFc1TTVBLDEyMDUyMywxMTAwMDUsNjYwZDAwMjg0
NDljZTI0NiwyLERBUyAyLDEzLjgsMTMuOSwwLjIsMC4zLDAuMDEsMTE5OSwx
MjA5LDE1Niw2MjgsMCwzMjEuMywxNS44NCw5MjEqNjQNCg0KJFc1TTVBLDEy
MDUyMywxMTAwMDUsNjYwZDAwMjg0NDljZTI0NiwzLDdGMDA3NTAyM0EwMDAw
NTMzMjMwMzEzMjMwMzUzMjMzMzEzMDM0MzAzMDMwNTU1QjAwMzEzMjMwMzUz
MjMzMzEzMDM0MzAyQzU0NDE0MjMwMzAzMDMwMzAyQzJEMzAzNTMxMkUzMTJD
MkMzMTMzMkUzMjM3MkMzNDJFMzAyQzMzMzYzMDMwMkMzNjMwMkMzNjMwMkMz
MTJDMzAzMDM1MzczMDJDMzMyRTM0MzIyQzMxMkUzMjM2MkMzMTMxMzYyQzMw
MkMzMDJFMzEzNjM2MkMyQjMwMzAyRTMwMEQwQUVCMTA3QTY4RDQwNDdGMDA2
NzAyM0EwMDAwNTczMjMwMzEzMjMwMzUzMjMzMzEzMDM0MzAzMDMwRkY0RDAw
MDA4MEZCNDQwMEMwMDI0NDAwMjBDQjQ3MDAwMEQ2NDJEMUY3QkUzRjU0Q0VF
RTQwN0MyMzY1NDA0QkY3MUM0MDAzM0YxQzQxRDc2QTQwNDA2RDRCMTA0MUY1
QTBFRTQwMDEwMDIwNDExMjMwMjE0MUZDOUIxRjQwNDYzODcxNDM3NUFFMjY0
MjU4NzI4NDNDQzExQjkyNUQ1N0FCN0YwMkFFMDIzQTAwMDA0QjU2NDgyMDM3
MzIzMDMxMzIzMDM1MzIzMzMxMzAzNDMwMzAzMDM1MDAwMDAwQjgxRTg1M0Qw
QUQ3QTMzQjQ5Mzg3MTQzNzJBRTI2NDJCQjlEOTc0MzA3MEUwNjQyRTVGQzky
NDNBQ0U4MDA0MjZEQzQ5MDQzRDVDN0ZFNDE3MDdEOEM0M0M4MjlGMzQxMjYy
Qzg3NDNDREUyRjA0MUVEMUI4MjQzQjJBODA3NDJDMjcyODE0M0M0MDUwOTQy
NUExQjgxNDNDNEY1MDg0MjJDN0Q3RDQzNUZDODFENDIzMjM4Nzg0M0E2NTkz
NTQyRUM2ODczNDM3QzhGMkY0MkRBN0E2ODQzRUI4OTFCNDI2RERGNUY0M0Mz
NDMyQjQyREU1MzRENDM0NDkzNTI0MjFCMjMzQjQzRTIzRTU5NDI4MDRCMzM0
MzFGRTA1RTQyMzM0ODMwNDM1Mzc5NUI0Mjk2RUIyQzQzRTM0MjRENDJGM0Ez
MkM0MzQyRkM0OTQyQzk0QTNBNDM2NkMxNEM0MkUwODQ0RTQzN0IzMzQ3NDIx
Q0E3NTU0MzRDNzc0NzQyOEU4OTVFNDM1QzRBM0Y0MkNBOEY2NTQzMkQ0NTQy
NDI2MzMwNUU0M0UzMkY1RjQyM0FEMzQ1NDMyRjQxNzE0MkY0MjAyRDQzQTI2
NzgxNDJEM0ZEMkI0MzA5QkY4MjQyMTA1QTQyNDM1QzI2Nzc0MkQ1OTA1RDQz
RUUyNzZCNDJGRTY5NjU0MzI2M0M3NjQyNTc1MDY2NDM4NzBEODI0MjczQUY1
RjQzMDcxQzg2NDIxMThENTk0M0U3Q0I4NzQyMjE1OTYzNDMwNTJDNzM0MkM1
NzA1ODQzOTNENzY1NDJBMjcxMzc0Mzg0NjM1QTQyM0M4NzI4NDM2NzE3NUU0
MkI5OTYxODQzOTYyQzdBNDIwRUYxMDg0MzI5RTg2RTQyREM5NTBFNDMzRjZC
NkQ0MkRCODUxRTQzRjk4RDgxNDIyQjM3Mzc0Mzk1MEQ4NTQyQkUxQzNBNDM3
MjI5ODA0MjkzODczRTQzNzY1NTgyNDIxRkY5NTY0MzVBQUU4QTQyM0ZFOTVB
NDMxRjk0OEE0MkQzQTM1MDQzMEZENzhDNDJEMUY4NTQ0MzZCRDI5NzQyN0FC
RDcxNDM2N0IyOUY0MjA5QkY5OTQzODg5MzlFNDI5NkEwQTg0M0ZBOUE5QjQy
NTAzOTlDNDM3NDRGOUE0MjQ1QUUzQzNGN0Q5NDlFM0ZEQUJGMEQ0MDkyOTE5
MzQwQjc4Q0JENDAxRjNDOTI0MDk3MEFCOTQwMkM4QTFGNDE4MzYyQzM0MDNB
NzkyMDQwNTY2QjA5NDAzOUFEODM0MDUwNDI4NjQwNDIzRkI3M0Y0OENGRkUz
RjVBMzIwQzQwQ0NBQTI5NDA0RjAxRTMzRjU3N0Y4NjNGOUU2QjgwM0Y2QTMy
RjUzRTJFNjA0MzNGQjY5RDhCM0YyNTM0NjczRkExNzMxNjNGN0ZDQUZEM0Uw
NENBQUMzRTE0NkJBMjNFRkFDRDhGM0U0RDJBQUEzRUU5RThFNzNFRUREOTc3
M0U3MEIxQTAzRTZENjQ3MTNFQUU3OEJDMw==

--SBD.Boundary.605592468
PROCESS /noc/users/iridburst/exec/irid_300224010734970_upd.pl
Last Run  ----1970-01-01 00:00:00 
MONTH  5 
DATA  xxrecord 2012-05-23 11:00:05 :: $W5M5A,120523,110005,660d0028449ce246,1,DAS 2,4901.5714N,1621.3825W,12.9,192,15.5,14.2,13.3,91.2,11.9,13.4,91.5,12.1,1013.3,2.45,3.58,10,241,42*4B
 
INSERT
STATION sbdservice
IRID_ID 300224010734970
BODY 
Content-Type: application/x-zip-compressed; name="SBMmessage.sbd"
Content-Disposition: attachment; filename="300224010734970_003503.sbd"
Content-Transfer-Encoding: base64

JFc1TTVBLDEyMDUyMywxMjAwMDUsNjYwZDAwMjg0NDljZTI0NiwxLERBUyAy
LDQ5MDEuNTYxM04sMTYyMS4zNTIzVywxMy4zLDE5MSwxNi40LDE0LjMsMTMu
NCw5MC4xLDExLjgsMTMuNSw5MC41LDEyLjAsMTAxMy44LDIuNDMsMy40Miwx
MS4xLDI0NSw0Myo1Ng0KDQokVzVNNUEsMTIwNTIzLDEyMDAwNSw2NjBkMDAy
ODQ0OWNlMjQ2LDIsREFTIDIsMTMuOCwxMy45LDAuMiwwLjUsMC4wMSwxMjAw
LDEyMTAsMTU2LDYyOCwwLDMyMC4yLDE2LjIzLDkyNSo2MA0KDQokVzVNNUEs
MTIwNTIzLDEyMDAwNSw2NjBkMDAyODQ0OWNlMjQ2LDMsN0YwMDc1MDIzQTAw
MDA1MzMyMzAzMTMyMzAzNTMyMzMzMTMxMzQzMDMwMzA1NTVCMDAzMTMyMzAz
NTMyMzMzMTMxMzQzMDJDNTQ0MTQyMzAzMDMwMzAzMDJDMkQzMDM1MzEyRTMx
MkMyQzMxMzMyRTMyMzgyQzM0MkUzMDJDMzMzNjMwMzAyQzM2MzAyQzM2MzAy
QzMxMkMzMDMwMzUzNzMwMkMzMzJFMzQzMjJDMzEyRTMyMzYyQzMxMzEzNzJD
MzAyQzMwMkUzMTM2MzYyQzJCMzAzMDJFMzAwRDBBRUUxMERFNzkwQjM1N0Yw
MDY3MDIzQTAwMDA1NzMyMzAzMTMyMzAzNTMyMzMzMTMxMzQzMDMwMzBGRjRE
MDAwMDgwRkI0NDAwQzAwMjQ0MDBBOERFNDcwMDAwQzY0MkJCRTBEMTNGNUNF
MzAwNDEzODJFNUI0MDQwQUYxQjQwRkJEMTI0NDFCQTY3MzM0MEQwMTMxNjQx
RjAxQkY0NDAxREM3MzE0MTlGMjkzMTQxMzUxMjIyNDAxRTMwNzU0M0QxQjky
QTQyNDFGRTg4M0NEMjFDNjhBRUM2NTQ3RjAyOTYwMjNBMDAwMDRCNTY0ODIw
MzczMjMwMzEzMjMwMzUzMjMzMzEzMTM0MzAzMDMwMzMwMDAwMDBCODFFODUz
RDBBRDdBMzNCMjIzMDc1NDNDRUI5MkE0MkJBMDE4NjQzQjNCRjQ0NDI5MTMz
ODg0M0FDRTAzNzQyNDIxRThDNDM3NzhBMUE0MjQwRDU4QTQzMjlGNkZFNDE0
ODg5ODU0M0JEODNEQTQxMENDMTgzNDNDNDJGREY0MURDOUU4MTQzMUYzNTE0
NDI0MjREN0Q0MzkwMjA0NzQyRUE4QzdDNDM3MDUyNjE0MkRDMjM3MzQzRDVB
RjNENDJEMkE4NzU0MzQzRjkzNzQyMkFFRjdENDM5QkQ5NjI0Mjk5NUE3MjQz
NzU1Rjg2NDI0NzJDNTk0Mzk0OTg3OTQyNkFCNDYxNDM4RTY0NzY0MjgxOTI0
NjQzQTA5QzYyNDI5NDM2MzI0MzJCODAyRDQyNUVGRjMzNDM2QzdGMkE0MkEy
MjA0MDQzMDE0MzRDNDJGNTE1Njk0M0NEMjE4MzQyOThBOTZFNDNCQ0RCODI0
MjFGMjMzRTQzMEM0ODYxNDJBQUE0MkE0MzhCMzQ0NzQyODBERDMwNDMyNERD
NUI0MjNEREUzNzQzODg0OTc1NDJBOEQ2NDk0M0VFRjQ3QzQyMjhBRjQ5NDNG
MjU4NkM0MjlCNjgyODQzQkZENzQ1NDJBMTU4MjQ0MzYzRDgzMTQyQTQwNTJB
NDM2RkQyNDQ0Mjc2NTg0MTQzRDgwRTYzNDI2NEFGNTk0MzNCMDY3MTQyN0VF
NjVCNDNENTVBODU0MjNFOEI2QzQzREVCMTg3NDI5QUE0Nzg0M0RENjA3RTQy
ODczNTVFNDNCOTg2N0U0MjMzMjQ0RjQzMTY3NzczNDI2OEI5NTM0MzdGNkU3
MDQyNTRENzQ4NDNCQkM0ODI0MkMwQzczMTQzQ0NDRjg5NDI3OTg2NDU0M0Y5
Mzk4NzQyNjlEOTU5NDMyRDcxNzg0MkFBMDQ2MTQzNEM5MTgzNDI5QkE5Njc0
MzJFNEU4RDQyMEM4RDYyNDMzNzRCOTA0Mjk2Q0Q3NTQzODFGNTk1NDIwRUJG
OEI0M0VERkU5MzQyNDJGNjlCNDMyOEYwOUU0MjM1NUMxQjQwRDQwQTlENDI5
NTkyMzY0M0JDMTFBMTQyNzdERDBENDNFQkVFOTU0Mjk0MUZGNTNFRDczRjgy
M0ZCMzY0Q0EzRkZCRjI0RjQwODhFNzBENDFBRjdENkM0MTJFM0IxQjQxMDRG
MjQ3NDA5ODgzREUzRkM1Q0IyQzQwMEUxQzlENDAzNUQwNDA0MDFGNzNFMDNG
MzFFODgxM0ZBMUY2MDc0MDJCNkRGNTNGQTEwNjMxNDBEOTQ5NDQ0MDc0QjZC
MDNGNjQ0N0M3M0VGNEZFRTIzRTMzQjBENjNFNjA1OTEyM0Y4NTI5RDkzRTFE
MDFGNzNFQjFCRTA0M0YxMzA4RTIzRUQ1N0ZFQjNFMzE0QTA0M0ZGMkQzQTgz
RTgxRTM4MDNFODQyMEM3M0UxRjY0RDYzRUJERDA3RjNFRThBNEMwM0U5RkQ3
NkUzRTJGQjg4ODNFRTMwODkxM0U2QjFBNg==

--SBD.Boundary.605592468
PROCESS /noc/users/iridburst/exec/irid_300224010734970_upd.pl
Last Run  ----1970-01-01 00:00:00 
MONTH  5 
DATA  xxrecord 2012-05-23 12:00:05 :: $W5M5A,120523,120005,660d0028449ce246,1,DAS 2,4901.5613N,1621.3523W,13.3,191,16.4,14.3,13.4,90.1,11.8,13.5,90.5,12.0,1013.8,2.43,3.42,11.1,245,43*56
 
INSERT
STATION sbdservice
IRID_ID 300224010734970
BODY 
Content-Type: application/x-zip-compressed; name="SBMmessage.sbd"
Content-Disposition: attachment; filename="300224010734970_003504.sbd"
Content-Transfer-Encoding: base64

JFc1TTVBLDEyMDUyMywxMzAwMDUsNjYwZDAwMjg0NDljZTI0NiwxLERBUyAy
LDQ5MDEuNTQxNE4sMTYyMS4yOTg2VywxMy4wLDE4NywxNS40LDE0LjMsMTMu
NSw5MC42LDEyLjAsMTMuNiw5MS4wLDEyLjEsMTAxNC41LDIuMzgsMy4zNSwx
MS4xLDI0Myw0Nio1OQ0KDQokVzVNNUEsMTIwNTIzLDEzMDAwNSw2NjBkMDAy
ODQ0OWNlMjQ2LDIsREFTIDIsMTMuOCwxMy45LDAuMiwwLjQsMC4wMSwxMjAx
LDEyMTEsMTU2LDYyOCwwLDMzMy4xLDE1Ljg0LDkyNio2Qw0KDQokVzVNNUEs
MTIwNTIzLDEzMDAwNSw2NjBkMDAyODQ0OWNlMjQ2LDMsN0YwMDc1MDIzQTAw
MDA1MzMyMzAzMTMyMzAzNTMyMzMzMTMyMzQzMDMwMzA1NTVCMDAzMTMyMzAz
NTMyMzMzMTMyMzQzMDJDNTQ0MTQyMzAzMDMwMzAzMDJDMkQzMDM1MzEyRTMx
MkMyQzMxMzMyRTMyMzgyQzM0MkUzMDJDMzMzNjMwMzAyQzM2MzAyQzM2MzAy
QzMxMkMzMDMwMzUzNzMwMkMzMzJFMzQzMjJDMzEyRTMyMzYyQzMxMzEzODJD
MzAyQzMwMkUzMTM2MzYyQzJCMzAzMDJFMzAwRDBBRjAxMDQ1OUY3N0I2N0Yw
MDY3MDIzQTAwMDA1NzMyMzAzMTMyMzAzNTMyMzMzMTMyMzQzMDMwMzBGRjRE
MDAwMDgwRkI0NDAwQzAwMjQ0MDAzMEYyNDcwMDAwQ0U0MkE4MEVDODNGQUFD
MEY3NDAxOEI0NTY0MDVGNTQxODQwQjg1NTE2NDE5QUJEMzY0MEUxNzAxRDQx
MDQzQkYxNDAxREM3MzE0MUYwRDQyQzQxRDA5QzIxNDAwMTM1NzM0MzM5MDkz
NjQyNUMzQjg5M0NGQjFCMjg2RkQyODQ3RjAyQTIwMjNBMDAwMDRCNTY0ODIw
MzczMjMwMzEzMjMwMzUzMjMzMzEzMjM0MzAzMDMwMzQwMDAwMDBCODFFODUz
RDBBRDdBMzNCMDQzNTczNDMzNzA5MzY0MjhBNjc4ODQzQUMyNTMyNDIwMjg1
OEU0MzhENDkyQTQyMUVGNzkyNDNBMjBCMTQ0MkI3ODU4RjQzQTE5MDBFNDIy
NUVEODk0M0U0QTExMDQyQ0I4Njg3NDNEQzAxMEM0MkQ3Qzg4NjQzNjYwNzBF
NDJENkJBODc0MzhEMjAxODQyQ0Q1QTg3NDNFRDYzMjE0Mjk2NDA3QTQzOEQy
QzM0NDI1MDZFNjU0Mzc4RDkzQTQyQzcyOTU4NDM3RDczNTQ0MkE5REU1NTQz
RkJEQjcxNDI4QkU5NTc0M0EyNkE3RjQyQjU0NDRENDMyNzQ4N0U0MkMyOTQz
NzQzOTU2MDcxNDI1MThDMkI0M0I2QTA2NzQyOUQyNDMzNDMyRDg2Njg0MkE0
QTA0MDQzOTRGMDY1NDI4QjUyNDA0M0UyMUE1MDQyQzM3MTNENDMwOEE5Mzk0
MkU5MDQzQzQzQkIzRjQ5NDJCNTkyMkQ0MzEzQjE0MzQyMEJCMzI3NDMxQUFC
NDI0Mjc1Q0EyRjQzQkY5ODVGNDI0OEFDMkU0M0JDM0U1RjQyREY2NjJBNDM1
RDlBNjM0MjY4QzkyQjQzOTFDQjY0NDI2MDBDM0E0M0UzRTI1OTQyMUI4RjRC
NDM3NzkyNTQ0MkE2OTg0NzQzRDk0NTYxNDJBQUUxMzY0MzZBRDA3ODQyQzhB
NzJGNDM3MjU2OEU0MjUwNjcwRTQzQUYwOTk0NDJCRTkxMjE0MzkxQzk4MTQy
OUYzODMxNDM1QkI1NzM0MkI5QTczQzQzMTk0OTgzNDIyQTYxNDE0MzREMjg4
RTQyRDlCRTVFNDMwOEM0ODE0MjM3Njc2MDQzMkI2QjZENDI0N0FDNUY0Mzk0
RjM3NTQyMzIwQTU2NDNBMTUyNzY0MkFDNTM0NzQzQ0YyQTZBNDJCRDkwNTY0
MzMxMzg3RjQyRjJCMDczNDMwOUEwODY0MkE4OEY3NjQzQzFEMzkxNDJCRTQz
Njk0MzNERDA5OTQyRUFCMzRFNDM4ODg1OUI0MjE1NjhGMDQyQjhBOTk3NDI0
RDQ3RjA0MjEyOTI5MzQyRDYyMjExNDM4OEFDOTY0MkU3ODc1QzQzMjhCQTlE
NDJFMzI5RkUzRTdCQkY1MzNGNDEzQzBDNDBCRkJFNDA0MDQxNEJCNjQwMjhG
NTFENDFBMzA2RUE0MDVBMzhCQzQwNjcxNzlDNDBCMkRGOUY0MEMyMDhBNDQw
NDQ3MjFGNDA5MDk5MzA0MDgxRDExQTQwQ0Q3NTI3NDAxOTc5NjUzRkM3ODRC
MDNGMDI1NjlEM0Y5N0Y1NTYzRkMwNjFCMzNGQTg4MzA1NDA1NjRFOEQzRjJF
OEU1RjNGNzAwNTI0M0YwQzJBRTAzRTlERjc1NDNGNDVEODM3M0Y0NUM5MTgz
RkEyMDMwNjNGMkIwMzI1M0YzN0E1QkUzRTIyQjk2NDNFRTRDRTcwM0U3M0NE
NTQzRTgzMjU3QjNFMEJEQUIwM0VBMEJCNg==

--SBD.Boundary.605592468
PROCESS /noc/users/iridburst/exec/irid_300224010734970_upd.pl
Last Run  ----1970-01-01 00:00:00 
MONTH  5 
DATA  xxrecord 2012-05-23 13:00:05 :: $W5M5A,120523,130005,660d0028449ce246,1,DAS 2,4901.5414N,1621.2986W,13.0,187,15.4,14.3,13.5,90.6,12.0,13.6,91.0,12.1,1014.5,2.38,3.35,11.1,243,46*59
 
INSERT
STATION sbdservice
IRID_ID 300224010734970
BODY 
Content-Type: application/x-zip-compressed; name="SBMmessage.sbd"
Content-Disposition: attachment; filename="300224010734970_003505.sbd"
Content-Transfer-Encoding: base64

JFc1TTVBLDEyMDUyMywxNDAwMDUsNjYwZDAwMjg0NDljZTI0NiwxLERBUyAy
LDQ5MDEuNTIzN04sMTYyMS4yNTc0VywxMi4wLDE4MSwxNC43LDE0LjMsMTMu
NSw5MS41LDEyLjIsMTMuNiw5MS44LDEyLjMsMTAxNC44LDIuNDgsMy43Nywx
MS4xLDI1MSw0MCo1RQ0KDQokVzVNNUEsMTIwNTIzLDE0MDAwNSw2NjBkMDAy
ODQ0OWNlMjQ2LDIsREFTIDIsMTMuOCwxMy45LDAuMiwwLjQsMC4wMSwxMjAy
LDEyMTIsMTU2LDYyOCwwLDM0Mi4xLDE2LjIzLDkyNCo2MQ0KDQokVzVNNUEs
MTIwNTIzLDE0MDAwNSw2NjBkMDAyODQ0OWNlMjQ2LDMsN0YwMDc1MDIzQTAw
MDA1MzMyMzAzMTMyMzAzNTMyMzMzMTMzMzQzMDMwMzA1NTVCMDAzMTMyMzAz
NTMyMzMzMTMzMzQzMDJDNTQ0MTQyMzAzMDMwMzAzMDJDMkQzMDM1MzEyRTMx
MkMyQzMxMzMyRTMyMzgyQzM0MkUzMDJDMzMzNjMwMzAyQzM2MzAyQzM2MzAy
QzMxMkMzMDMwMzUzNzMwMkMzMzJFMzQzMjJDMzEyRTMyMzYyQzMxMzEzOTJD
MzAyQzMwMkUzMTM2MzUyQzJCMzAzMDJFMzAwRDBBRjExMEEwNDNFRTFGN0Yw
MDY3MDIzQTAwMDA1NzMyMzAzMTMyMzAzNTMyMzMzMTMzMzQzMDMwMzBGRjRE
MDAwMDgwRkI0NDAwQzAwMjQ0MDBEQzAyNDgwMDAwREE0Mjg2NUZCRjNGNjY3
M0VCNDAzMDRENzE0MEY1OTExRTQwMEI2QzFDNDExRDZENTQ0MDhDNEMyNTQx
OEMwMUZFNDAxREM3MzE0MUVGNkIzMjQxRDVCRjI1NDBFOERGN0E0MzE1RTYx
RTQyRTNEQzkxM0NDRTFERkE2Mjc5MTU3RjAyNjYwMjNBMDAwMDRCNTY0ODIw
MzczMjMwMzEzMjMwMzUzMjMzMzEzMzM0MzAzMDMwMkYwMDAwMDAyOTVDOEYz
RDBBRDdBMzNCRUFERjdBNDMxMUU2MUU0MjlBMzk4RjQzMUEyMjI5NDJDRDQ2
OEU0M0E0NTM0NDQyRkE1Qzg2NDM2MjcxMjM0MjRFMzM4QjQzOTUyOEZBNDE1
NjY5OEM0M0I0MThGNTQxMEM0NjhBNDM0NTQ2MEU0MkJCMkY4MjQzNzM3MjIx
NDI1QUFGNzI0M0E5QUUwQjQyMDYzRDZDNDM1MUUyMEQ0MjBCQjI2ODQzOTBF
OTJGNDJENUJBNjU0MzgwRUY1NTQyODMxQzVDNDM1RTlENTg0MkYyMTM0OTQz
NEJFNTQ1NDI1NjZEM0E0MzRBM0Y0MTQyMDQzNTNCNDNDQTcyNEI0MjZGQTc0
ODQzM0Q5NDRGNDJGODNCNTI0M0I5NDU2NTQyRUUxODRCNDMyMUI3N0U0MkI2
RUI0MDQzNjUzRDY2NDIzMEI3NDA0M0IxQjQzODQyRDE5RjQ0NDNBRTQwMjA0
MjM1NjU0NDQzRjI1NTM2NDJBQjJEM0I0Mzk0Nzc1QjQyMDY1RTM4NDNEN0NC
NjE0MkFENjMzMjQzRkYxQzVDNDI4QjlBMkY0Mzk4RkM3MDQyNjkzOTRCNDND
RkY1NzE0MkMxQzA0RTQzMzNGNDRCNDJBNUQ2NTI0M0U0MTA1MTQyM0ExMDU5
NDMxOTExN0M0MjJCQTg0NTQzRTBERjc2NDI1NzA0NDA0MzYzODI1NDQyQjY5
QjQ0NDM2REY1NTc0MkFEMjk0QzQzNzg5ODYxNDIyNTY3NDk0M0I2REE2RDQy
MDNDMTNGNDNBMzlCNTg0MkE2NTk0MTQzNjg5MjQwNDI0NkUzNDU0MzAzMTA1
MzQyRENCRjNGNDNBQTU5Njk0MjhFQjEzRDQzOEM3MjcyNDI4NjM5NTI0MzdF
QjM4MTQyN0IyMzYwNDM2NzVEOTA0MjQ3REU0QTQzRDI2MDhENDI4NTBGNTI0
MzM0Rjk4NDQyOUJBRTVGNDNDQkVDODY0MkEwODg2MDQzNkExNjhFNDJBN0Iy
NDU0M0ZCQUY5NzQyNTA2MjVCM0Y5NTJDNjczRkFDMEMwQTQwNDUwNDQyNDE5
QkY3OUY0MUZBNDFDMzQwRTJGMDg0NDBFMzgwNzI0MEJGNjRBRDQwNzZDRjZG
NDAzNzI5QzUzRjIyRkZDMzNGN0MwNkRFM0Y5MDZDRjMzRjlFRDBGRTNGNjdC
OUI2M0Y3Q0IzNzQzRkQzNEU4OTNGQTJBRDczM0ZBQjNGNzEzRjYzQzQ3MjNG
RTJGQjM3M0ZGRTA0NEQzRkQyQzAxQjNGMjJGMDAxM0Y2M0NCREYzRURFOEFE
RjNFRkNBN0ZCM0U1MTI0Q0EzRTcyQTM3QjNFOTFCMjNDM0U2RjNFQTQzRTY1
QTg4OTNFNkY1NkMxM0U1MTFFNjQzRUU4NDE4OTNFRUIwNEEwM0UzRDc3NUIz
RTU1MUU0QzNFNEFBNDE3M0UxNzg0NjQzRDYyNEU5OTNENjIzMUY0M0Q1NEZF
RTEzREFFNjE0MDNFQTMyNTZBM0VDNDQxNA==

--SBD.Boundary.605592468
PROCESS /noc/users/iridburst/exec/irid_300224010734970_upd.pl
Last Run  ----1970-01-01 00:00:00 
MONTH  5 
DATA  xxrecord 2012-05-23 14:00:05 :: $W5M5A,120523,140005,660d0028449ce246,1,DAS 2,4901.5237N,1621.2574W,12.0,181,14.7,14.3,13.5,91.5,12.2,13.6,91.8,12.3,1014.8,2.48,3.77,11.1,251,40*5E
 
INSERT
STATION sbdservice
IRID_ID 300224010734970
BODY 
Content-Type: application/x-zip-compressed; name="SBMmessage.sbd"
Content-Disposition: attachment; filename="300224010734970_003506.sbd"
Content-Transfer-Encoding: base64

JFc1TTVBLDEyMDUyMywxNTAwMDUsNjYwZDAwMjg0NDljZTI0NiwxLERBUyAy
LDQ5MDEuNTIzME4sMTYyMS4yNDkyVywxMi44LDE3NCwxNi4wLDE0LjQsMTMu
Niw5Mi4wLDEyLjMsMTMuNiw5Mi41LDEyLjQsMTAxNS4zLDIuNDMsMy4xNCwx
MS4xLDI0Nyw0MSo1RQ0KDQokVzVNNUEsMTIwNTIzLDE1MDAwNSw2NjBkMDAy
ODQ0OWNlMjQ2LDIsREFTIDIsMTMuOCwxMy45LDAuMiwwLjQsMC4wMSwxMjAz
LDEyMTMsMTU2LDYyOCwwLDI5OC4xLDE2LjIzLDkyNio2NA0KDQokVzVNNUEs
MTIwNTIzLDE1MDAwNSw2NjBkMDAyODQ0OWNlMjQ2LDMsN0YwMDc1MDIzQTAw
MDA1MzMyMzAzMTMyMzAzNTMyMzMzMTM0MzQzMDMwMzA1NTVCMDAzMTMyMzAz
NTMyMzMzMTM0MzQzMDJDNTQ0MTQyMzAzMDMwMzAzMDJDMkQzMDM1MzEyRTMx
MkMyQzMxMzMyRTMyMzcyQzM0MkUzMDJDMzMzNjMwMzAyQzM2MzAyQzM2MzAy
QzMxMkMzMDMwMzUzNzMwMkMzMzJFMzQzMjJDMzEyRTMyMzYyQzMxMzIzMDJD
MzAyQzMwMkUzMTM2MzYyQzJCMzAzMDJFMzAwRDBBRUExMEY3ODg5MzlCN0Yw
MDY3MDIzQTAwMDA1NzMyMzAzMTMyMzAzNTMyMzMzMTM0MzQzMDMwMzBGRjRE
MDAwMDgwRkI0NDAwQzAwMjQ0MDBBMDBDNDgwMDAwQzg0MjdBNEFDNzNGQUQ4
QjAwNDEwRUQ5NDg0MDM2NzkxQjQwQjMwNjFDNDE0MjE4M0I0MEJFNjcxRTQx
MzQxOUZFNDAxREM3MzE0MTdEQzMzMjQxNzY4QjIxNDBBMTQ1Nzc0MzAyNjUy
MjQyN0U3NjhBM0M1NTE5QjQ5MUUxRTM3RjAyNzIwMjNBMDAwMDRCNTY0ODIw
MzczMjMwMzEzMjMwMzUzMjMzMzEzNDM0MzAzMDMwMzAwMDAwMDBCODFFODUz
RDBBRDdBMzNCQTU0NTc3NDMwMDY1MjI0MkYyQTU4NTQzNTAwNjMxNDIxMEJC
OEE0M0UwRTMwODQyOTU4OTkyNDM0NTYwRUY0MUQyQUY5MzQzRTc4NEY1NDFE
NEE5OEE0MzExODFGRDQxQ0Y1Mjg1NDMwMjA3REQ0MTBDNDQ4NTQzMjM5QUZC
NDExNkU0ODE0MzdBQ0IzMjQyNkQ0MzY2NDM3RTgwNDg0MjRFNzk1RTQzNDky
RTUyNDIzMzEyNzQ0MzkwRDY1NTQyMjAwMjcwNDM1Q0MxMzY0MkRERUM1RTQz
RTg2RjMxNDJFOTNENTM0MzA5QTIzQTQyODkwOTY0NDM2MjczNTM0MkVBNkM3
MDQzMDFERTY2NDI1MzY4NTI0MzE0ODI3NTQyMDZGNTM5NDMzNDc0NEI0MkYx
MjEzQzQzQTQ4NDQyNDIzRTc4NDU0MzE5NkU0ODQyMzBEMjQ5NDMyRjk0NTM0
MjY5ODM0MzQzRDk3ODUzNDI5QUZENDA0M0E2QjQ0NzQyNjA2ODNFNDM0OUE2
NEQ0MjMxQjIzNTQzOUM5MjU1NDJEMTg2MkU0MzlGN0Y0QTQyQ0UwMTJENDM0
QTUyNDY0MkJBRTkyNzQzNDdFODQ2NDI2OTIzMjI0MzEyRkIyRDQyRTFGQjFF
NDM1RkY4Mjc0MkI2N0ExQTQzMURFNDUyNDIyNUFGMTE0MzEzNTM3ODQyNTJE
OTFCNDNCMjM3Njc0Mjc4M0MyRTQzMjM3QzVCNDI5MkYxM0U0MzBBMTM1RjQy
QkFBODMxNDMyODk2NEE0MjNBMjUyQjQzQzQ5MTM1NDJDMDAzMzQ0M0I3RjA2
MjQyMzEwNzNCNDMzNjIxODc0MjQyOUQzMjQzMkM0NDg2NDJERTA0Mjc0MzI1
M0Y3MDQyQkM3RjFDNDNDMzE4NTc0MkY4REIxQzQzRDUwMDc2NDJDOUFDMTk0
M0ZBNkI4NTQyMDU4QjEwNDM3N0EzODc0MkMwNDYxNjQzQzQ5ODg3NDIwMzBF
MEE0M0I3RTE3NjQyQThFRDAwNDM0MjQ1NkM0MjlBMUZBODNFNEYzQjlCM0ZE
OEFBMzE0MDM3RENCMTQwMTAwRjEwNDE2NjAyM0M0MTc4M0VFRDQwMDkyRThF
NDA4RDIxNUE0MDk0N0IzQTQwQTU4NUQ5M0YwQ0FCNUE0MDM3ODk3MDQwQ0Q0
MjNCNDBFMURERkEzRjIwOTUxNDQwRUU2NjkzM0Y1NDdEQjQzRjk3Q0Q5RDNG
RjdGODhFM0ZEMjRENTYzRkI5ODgyNTNGOERGOTE3M0ZGNTE0RkYzRTFFMUQz
MTNGMzY3NzIxM0ZENTJBOUUzRTI1Mzk4RTNFOUNENEIwM0U2MjcwOTYzRUYz
RkYzMjNFMTIzOTBFM0U0NzZCQUYzRUVFMjFGRTNFNDAwMzRDM0UyQjhGODUz
RTM1MkM5QTNFMUIwMDVBM0U0RjYzMjIzRUE5OUFGQTNERUNFMzM0M0VGOTZB
M0YzRTFEREMxNzNFNEI2MTA5M0U2ODM3RQ==

--SBD.Boundary.605592468
PROCESS /noc/users/iridburst/exec/irid_300224010734970_upd.pl
Last Run  ----1970-01-01 00:00:00 
MONTH  5 
DATA  xxrecord 2012-05-23 15:00:05 :: $W5M5A,120523,150005,660d0028449ce246,1,DAS 2,4901.5230N,1621.2492W,12.8,174,16.0,14.4,13.6,92.0,12.3,13.6,92.5,12.4,1015.3,2.43,3.14,11.1,247,41*5E
 
INSERT
STATION sbdservice
IRID_ID 300224010734970
BODY 
Content-Type: application/x-zip-compressed; name="SBMmessage.sbd"
Content-Disposition: attachment; filename="300224010734970_003507.sbd"
Content-Transfer-Encoding: base64

JFc1TTVBLDEyMDUyMywxNjAwMDUsNjYwZDAwMjg0NDljZTI0NiwxLERBUyAy
LDQ5MDEuNTUyNk4sMTYyMS4zMDE5VywxMy4yLDE3MywxNy4wLDE0LjUsMTMu
Niw5MS43LDEyLjMsMTMuNiw5Mi4xLDEyLjQsMTAxNS4yLDIuNjksNS4zOCwx
MC41LDI1MSwzOCo1QQ0KDQokVzVNNUEsMTIwNTIzLDE2MDAwNSw2NjBkMDAy
ODQ0OWNlMjQ2LDIsREFTIDIsMTMuOCwxMy45LDAuMiwwLjQsMC4wMSwxMjA0
LDEyMTQsMTU2LDYyOCwwLDM0NS41LDE2LjIzLDkyNSo2MQ0KDQokVzVNNUEs
MTIwNTIzLDE2MDAwNSw2NjBkMDAyODQ0OWNlMjQ2LDMsN0YwMDc1MDIzQTAw
MDA1MzMyMzAzMTMyMzAzNTMyMzMzMTM1MzQzMDMwMzA1NTVCMDAzMTMyMzAz
NTMyMzMzMTM1MzQzMDJDNTQ0MTQyMzAzMDMwMzAzMDJDMkQzMDM1MzEyRTMx
MkMyQzMxMzMyRTMyMzcyQzM0MkUzMDJDMzMzNjMwMzAyQzM2MzAyQzM2MzAy
QzMxMkMzMDMwMzUzNzMwMkMzMzJFMzQzMjJDMzEyRTMyMzYyQzMxMzIzMTJD
MzAyQzMwMkUzMTM2MzYyQzJCMzAzMDJFMzAwRDBBRUMxMEM0RjdGQUY0N0Yw
MDY3MDIzQTAwMDA1NzMyMzAzMTMyMzAzNTMyMzMzMTM1MzQzMDMwMzBGRjRE
MDAwMDgwRkI0NDAwQzAwMjQ0MDA2NDE2NDgwMDAwQkE0MkI4OTZFNjNGN0RF
MTA5NDExRTFEQUM0MENGRDgyQjQwNTJFNDFENDE2NzJBNTc0MDM5OUQxQzQx
RDAzNDA0NDFDQTZCMjg0MTU1MTQyNzQxN0I3MTM0NDA5MjQ2N0I0M0RBRUYx
ODQyQTRDREFDM0MzQzFDRTlGNjVGRUU3RjAyNzIwMjNBMDAwMDRCNTY0ODIw
MzczMjMwMzEzMjMwMzUzMjMzMzEzNTM0MzAzMDMwMzAwMDAwMDBCODFFODUz
RDBBRDdBMzNCOTY0NjdCNDNEOEVGMTg0MkNCMzc4OTQzODk5MjA1NDI3MEMw
OEQ0MzAwNTgwODQyREFERDkxNDM1ODBDRkY0MTFENkI4RTQzOENBOEYwNDEy
MjkyODk0MzZDMjRFNTQxODBGNzg1NDMzREI5RTk0MTU3OTQ4NTQzRDhBNUZB
NDEwNjE3ODY0MzZCREIwMjQyMzcwRjg0NDMzRkIzMDY0MjY4QjU3ODQzMDdF
NDI0NDIyQzdDNkE0M0VDMjczNTQyMzVERTU1NDM2NjNBNDI0MjYzQ0YzQzQz
RUUxNzM4NDJBMUVFMzY0M0U5ODkzOTQyMDk0QTQ2NDM1RjNGNDM0MjFBRjg0
OTQzOTBERTQ1NDJGMDNENDU0MzFDNDI1RDQyMzhBMjQxNDMyOUJCNzM0MjFB
NTA0QTQzQkYxRDgzNDJBOEMzNDM0M0VEODE4ODQyQUFEOTIyNDMxNkVGNjk0
MkRBNjAyMzQzRjQ4QjYwNDI0NkIwMzE0M0U2MDE2OTQyRDNCRTQ2NDMyOTVC
NTY0MjNEQUY0ODQzNzBGQzVCNDI0RUM5NDA0MzZGMzc3QjQyMUM5NzFGNDNG
NzA3OEU0MjE0QTMwRDQzREIyRDk1NDIzQTI3Mjc0M0IwNjA5MDQyRDNFNDI1
NDM2QUY3ODk0MjMxOTYyODQzRkREMjg0NDJFODJFMjc0M0VENTQ3QzQyMDND
NDJBNDMxQTlGNzA0MjBCOUY0MTQzMDVFRTYzNDI1MTJDNDc0M0IzMzg2OTQy
OUFBMTJFNDM1MDEyN0Q0MkQzREUxRTQzOEMzODdCNDJEMkY1MkM0M0EyQzA4
MDQyM0MzOTQxNDMwNkQxODU0MjgxNjk0NTQzOTA1NTgwNDJCRjNFM0Y0MzRF
MTY4NTQyRjNDMjUzNDM1RTU3OTI0MjE0NDI2MDQzQTBEMDhENDIyNkUyM0M0
MzBFRjE4NTQyQzg5QjFDNDNGODgzN0M0Mjg4NDAxNTQzMDhDNzc3NDIzMDk1
MTY0MzVDMEE3RTQyQzQ2MDEwNDMyNUM3Nzk0Mjc4RDA0NTNGODJBOUJDM0Y3
NTRFMEI0MDA0QzM4RjQwNEMzREU3NDA2NURDNDg0MTlDODQ3QTQxRTJBMTY1
NDFCOTBFQ0I0MEZFQTU5RTQwMjk5MTZBNDA5MzI4NzU0MDBDRDgyMDQwNkQ3
MkMzM0ZEQUMzQ0MzRkZDRUEwNDQwNkNGMjlFM0Y0REE0QUEzRjUxQzRDMTNG
REE3QjcyM0ZBNzA4NzUzRjU1NTcyQTNGMzY3RkI3M0U4NDZFQjIzRTI5NTAz
QTNGMTJFRDBFM0YyNEZEOTkzRUQyOEQyNTNFNDJCNTBGM0VEMjcyMjAzRURF
NThBNTNFMUEyQjhGM0U4RUZDMTUzRURCQTA5RDNFRDQyOUIyM0VCQjQ2NTcz
RUUyM0JBMDNFQ0QyRTY4M0VDNUFDQjEzREJCOTM0RTNFNDkyMjM3M0U4RTI4
MDMzRUQzOEYyQjNFODJEODI5M0VFMTNEMA==

--SBD.Boundary.605592468
PROCESS /noc/users/iridburst/exec/irid_300224010734970_upd.pl
Last Run  ----1970-01-01 00:00:00 
MONTH  5 
DATA  xxrecord 2012-05-23 16:00:05 :: $W5M5A,120523,160005,660d0028449ce246,1,DAS 2,4901.5526N,1621.3019W,13.2,173,17.0,14.5,13.6,91.7,12.3,13.6,92.1,12.4,1015.2,2.69,5.38,10.5,251,38*5A
 
INSERT
STATION sbdservice
IRID_ID 300224010734970
BODY 
Content-Type: application/x-zip-compressed; name="SBMmessage.sbd"
Content-Disposition: attachment; filename="300224010734970_003508.sbd"
Content-Transfer-Encoding: base64

JFc1TTVBLDEyMDUyMywxNzAwMDUsNjYwZDAwMjg0NDljZTI0NiwxLERBUyAy
LDQ5MDEuNTcwN04sMTYyMS4zNDc3VywxMi42LDE3NCwxNS4xLDE0LjUsMTMu
Nyw5MS40LDEyLjMsMTMuNyw5MS45LDEyLjUsMTAxNS44LDIuNTMsMy40Niwx
MS4xLDI1MywzOCo1NQ0KDQokVzVNNUEsMTIwNTIzLDE3MDAwNSw2NjBkMDAy
ODQ0OWNlMjQ2LDIsREFTIDIsMTMuNywxMy45LDAuMiwwLjgsMC4wMSwxMjA1
LDEyMTUsMTU2LDYyOSwwLDc0LjcsMTYuMjMsOTIxKjU1DQoNCiRXNU01QSwx
MjA1MjMsMTcwMDA1LDY2MGQwMDI4NDQ5Y2UyNDYsMyw3RjAwNzUwMjNBMDAw
MDUzMzIzMDMxMzIzMDM1MzIzMzMxMzYzNDMwMzAzMDU1NUIwMDMxMzIzMDM1
MzIzMzMxMzYzNDMwMkM1NDQxNDIzMDMwMzAzMDMwMkMyRDMwMzUzMTJFMzEy
QzJDMzEzMzJFMzIzNzJDMzQyRTMwMkMzMzM2MzAzMDJDMzYzMDJDMzYzMDJD
MzEyQzMwMzAzNTM3MzAyQzMzMkUzNDMyMkMzMTJFMzIzNjJDMzEzMjMyMkMz
MDJDMzAyRTMxMzYzNjJDMkIzMDMwMkUzMDBEMEFFRTEwNTlBRkNCNEQ3RjAw
NjcwMjNBMDAwMDU3MzIzMDMxMzIzMDM1MzIzMzMxMzYzNDMwMzAzMEZGNEQw
MDAwODBGQjQ0MDBDMDAyNDQwMDI4MjA0ODAwMDBDNjQyMkY0QkQwM0YwMUIz
MDA0MTAwNUM1RDQwNzAwOTIyNDA0RUVBMjM0MTU3RTI0MTQwN0RFQTJBNDFC
NjRGMDM0MTFEQzczMTQxQTExRDMzNDE0RjlCMkU0MDBFMzE3RDQzREEyODE4
NDJCRDBEQTUzQzUyMTgzMDA0QzQyRTdGMDI1QTAyM0EwMDAwNEI1NjQ4MjAz
NzMyMzAzMTMyMzAzNTMyMzMzMTM2MzQzMDMwMzAyRTAwMDAwMEI4MUU4NTNE
MEFEN0EzM0IxMDMxN0Q0M0RDMjgxODQyNkQyNDg4NDMxQTQ3MTg0MjlDOUE4
OTQzNzIwNzA1NDJBMjk0OEM0M0ExOUNFNTQxQTg5QjhBNDMyOUI4QkQ0MUM0
RUU4OTQzMkQ5RkJBNDE0REQ5OEE0MzFGMTFERjQxRkI5RjhCNDNERTFFMDU0
Mjk0Qjg4QTQzMjBCRDA2NDJEMkRGODY0MzFDQ0IxNTQyNjBGMDcyNDM4QTA1
NDM0MkZDQTM1RTQzNjY3NTRENDJGRkI1NTQ0MzEzOUM1OTQyRTAzMzRENDM1
QTRCNjY0MjEyNEU0QjQzMUNENjcxNDJBMzQxM0Y0Mzk4RkM1QzQyNzcyNDND
NDM4Njk1NTE0MjI3OUI0QTQzOEQ0MjY2NDI5NTVFNEE0MzAzRUM2NTQyMDlG
NjNCNDNBMUUwNTE0MkI0NDMzQzQzMEI4OTRCNDI0Q0U0NDU0MzA3MDk0QzQy
MkE2OTQ4NDNDM0EyNTQ0MjcxM0IyRDQzMDk4NTY2NDI5RUE1MUQ0MzVCQkE1
QTQyQzQ0ODI3NDM3QkFCNTk0MjVDOTMyQTQzRjNCMjNFNDI1MDkwMjY0MzY4
QjEyRTQyRDJEMDI1NDMxRjYzMkY0MkIxQUYzMTQzMTg5RTU0NDI5QkNCNDM0
MzI0NjI2OTQyOEY2MTM0NDNGODAzNjI0MkJDNjAxRDQzNTMwMjU5NDI3M0Y4
MEM0M0Q2QTI1ODQyRDQ5RDBDNDNGNTk1NUE0MjNDODkxMzQzNTQyRjU3NDIw
RTAwMTA0MzQ1MEI0ODQyQjIyNzE3NDNENEQ0NUU0MkUxMUQyRjQzQkZDMTc0
NDI1OUFCMzQ0M0QwRUE3MTQyNUQwMDM1NDMyRjIyN0M0MjcwRkEzQjQzNzE1
NTg3NDIxQUVDNDI0M0YwQTM5MjQyNzM2MDJCNDNFRkFBOTM0MkVDMTcwOTQz
NTJFOThBNDJBRjJDMDM0MzFGQjM4OTQyOTczRTM4NDM3MUZFOEQ0MjIzRTU5
NjNGODk1QURFM0ZBMEVBMTk0MDFDREQ5MzQwQURBNzQ2NDEwOUIwN0M0MTZG
RjQwODQxMERBNkU4NDA2NDJGQzI0MDA3Nzc0MzQwQzY1QjMwNDA4NEM3MEU0
MDE3ODQ0MzQwOUVFQTBCNDA4QzFCMTk0MDk1RDYxQTQwMTNDNzc5M0YwMDdB
QjAzRjA1ODkzNTNGODI0MzgyM0ZBN0I4N0MzRjI4MDQ2NjNGRUQ5NjM4M0ZG
NzkxMTkzRjdEMUQwMzNGQTI0MzFGM0Y5QTU3MTYzRkEzMkREQjNFQjE1Q0Qx
M0VGNEY3Q0QzRTEzQ0Q1ODNFMEM1MjdCM0VBMkQwOEIzRUMyMDU4NjNFNkM1
Nzk2M0U5NUE0ODQzRTU3OEI2MTNFMTFFMkIyM0U2QTZBOTkzRUQyMDEwMzNF
NUU0NENEM0QyQTBGMUIzRTMxMDIyRTNFMkNDOTA4M0U1N0FBRDMzRDc4MThD
OTNENTk1NDQ5NkQqNjANCg0K

--SBD.Boundary.605592468
PROCESS /noc/users/iridburst/exec/irid_300224010734970_upd.pl
Last Run  ----1970-01-01 00:00:00 
MONTH  5 
DATA  xxrecord 2012-05-23 17:00:05 :: $W5M5A,120523,170005,660d0028449ce246,1,DAS 2,4901.5707N,1621.3477W,12.6,174,15.1,14.5,13.7,91.4,12.3,13.7,91.9,12.5,1015.8,2.53,3.46,11.1,253,38*55
 
INSERT
STATION sbdservice
IRID_ID 300224010734970
BODY 
Content-Type: application/x-zip-compressed; name="SBMmessage.sbd"
Content-Disposition: attachment; filename="300224010734970_003509.sbd"
Content-Transfer-Encoding: base64

JFc1TTVBLDEyMDUyMywxODAwMDUsNjYwZDAwMjg0NDljZTI0NiwxLERBUyAy
LDQ5MDEuNTgzOE4sMTYyMS4zNzU2VywxMy4zLDE2OCwxNi4wLDE0LjUsMTMu
Nyw5Mi4zLDEyLjUsMTMuNyw5Mi43LDEyLjYsMTAxNS43LDIuNTksMy42NSwx
MC41LDI0NCw0MSo1Nw0KDQokVzVNNUEsMTIwNTIzLDE4MDAwNSw2NjBkMDAy
ODQ0OWNlMjQ2LDIsREFTIDIsMTMuNywxMy45LDAuMiwwLjMsMC4wMSwxMjA2
LDEyMTYsMTU2LDYyOCwwLDM0MC41LDE2LjIzLDkyMSo2Ng0KDQokVzVNNUEs
MTIwNTIzLDE4MDAwNSw2NjBkMDAyODQ0OWNlMjQ2LDMsN0YwMDc1MDIzQTAw
MDA1MzMyMzAzMTMyMzAzNTMyMzMzMTM3MzQzMDMwMzA1NTVCMDAzMTMyMzAz
NTMyMzMzMTM3MzQzMDJDNTQ0MTQyMzAzMDMwMzAzMDJDMkQzMDM1MzEyRTMx
MkMyQzMxMzMyRTMyMzcyQzM0MkUzMDJDMzMzNjMwMzAyQzM2MzAyQzM2MzAy
QzMxMkMzMDMwMzUzNzMwMkMzMzJFMzQzMjJDMzEyRTMyMzYyQzMxMzIzMzJD
MzAyQzMwMkUzMTM2MzYyQzJCMzAzMDJFMzAwRDBBRjAxMEU4Q0IzQTdCN0Yw
MDY3MDIzQTAwMDA1NzMyMzAzMTMyMzAzNTMyMzMzMTM3MzQzMDMwMzBGRjRE
MDAwMDgwRkI0NDAwQzAwMjQ0MDBFQzI5NDgwMDAwRDg0MkIzRTdDMzNGMjcz
N0VENDBEQUJGNjk0MDNCRTIyNTQwMTE5NjFBNDFFMUY5NEE0MDA3REUxQjQx
MTJERUYyNDBDQTZCMjg0MUYwMDAyQjQxNkU2NTJBNDA4Qzg2NzQ0M0U3Mzgy
MzQyMzJGQjk5M0NDMjFFM0U0NkE3RDU3RjAyNzIwMjNBMDAwMDRCNTY0ODIw
MzczMjMwMzEzMjMwMzUzMjMzMzEzNzM0MzAzMDMwMzAwMDAwMDAyOTVDOEYz
RDBBRDdBMzNCOTA4Njc0NDNFNDM4MjM0MjBBODU4QjQzOTRFMjBFNDI3MDFG
OEY0M0Q3NkNGNjQxQkQ1QThENDM3NEVCREE0MTNDRjY4QjQzQzY5MURBNDFE
NUIxODk0MzAwRDlEQTQxRTkwNDg5NDNENzg1RTY0MTkyQkQ4OTQzQUJGODE1
NDI3M0M1ODU0M0RBREMyRjQyOEE3RjgyNDNEMzlDMkY0MkZEMDk3QjQzQTNE
NjQ2NDJFNkY5NTg0Mzc2OUU1NDQyMDQ3NDNCNDNBQUYyMzM0MjY2MkEzMTQz
NzExMzNDNDJFRjM0MkY0MzQ5RkI2MjQyMUE3NzJENDM4RTExNkQ0MjFDNEEy
RjQzMDI3MzVCNDJFRDk2MkE0M0M1MTg2NDQyNTNFOTI5NDNBQzdGODE0MjE1
RTc0NzQzNEJFNDg0NDJDOTcxNDY0M0RBRTY2NTQyQzBGMDNDNDNGREE4NEI0
MkFBMjU0MTQzRjEzNzVENDIzM0JFNDc0M0JBQzU2NjQyRTBDQjNFNDM0Qzc4
NkQ0MkY0NzUzNTQzREFBMjc5NDIwODkyMzc0M0Y1ODA2RDQyMzE0QzQ1NDM0
MTdBNTM0MjU5NUU0OTQzQTQ4MzRDNDIxNDM2NDI0Mzc4QUI1QzQyNDQ1MDM1
NDM2NkUxNjI0MkY3NEUzMzQzMUJBNDRBNDI1MjRDMzU0Mzg3ODY0NzQyNkRC
NDM5NDM5NDhGNUE0MkREN0YzQzQzQjVGNjYwNDIwNDE5MzM0MzUzOUM2MDQy
NTk4MjJCNDNEQzhCNUU0MkNFQkUyMzQzMkFBRjRCNDJEREU1MUQ0M0QzNjQ0
RTQyN0Q2QjI0NDNBOEE5NzA0MjJGQjIzNzQzQzNDRDZGNDI0N0RDM0U0MzQ1
RkQ3QjQyRTBCQzM5NDM1QUYxODQ0Mjg5NUI0QzQzMjlFMjgzNDI4ODM0NjA0
M0E0NkM3RjQyQ0I3NzIyNDMzOUUzOEI0MjA0QkRGQTQyMDIzODdGNDI2RDE0
RjQ0MjhFODY5MDQyNkU4NEZDNDI0REE4OTg0Mjg0RUZBMTNGQjc3NEY0M0ZC
NDIxNzk0MEE3MjJEMTQwM0U0MjMwNDE4N0VENDk0MTMyQkE5MDQwMEFDRDhF
NDA5NjRFOUM0MDNGNTk4NzQwNTQ2NzZCNDA2RTc1OTI0MDBFNTI4MjQwMDVG
NzIyNDA2OTU5QTMzRjkwOTQ4NzNGMURGNTVFM0ZFQ0VFMzYzRkQ3MUUyRTNG
NzRFODZFM0Y5MTUxOEIzRkI0QkU1NDNGNTBFRTFCM0YwQjA0MDQzRjY0MEUy
OTNGRkY2NEQ4M0U3RjY2QjMzRUM1OEYwRTNGMThCNkJDM0U1Mzc5QjczRTFB
Q0UxMDNGMjcyOTJFM0ZEOEE3RjAzRTJFRDAwMDNGMzJBOEJEM0UyODlGOUEz
RTdBRDJCMzNFRkM2Rjk0M0U4RTUxMUMzRTVGODA3NTNFMjlDNDNDM0UwMDI5
OEYzRTMzMDhCQTNFMUQ4QjZEM0UzRUIyNA==

--SBD.Boundary.605592468
PROCESS /noc/users/iridburst/exec/irid_300224010734970_upd.pl
Last Run  ----1970-01-01 00:00:00 
MONTH  5 
DATA  xxrecord 2012-05-23 18:00:05 :: $W5M5A,120523,180005,660d0028449ce246,1,DAS 2,4901.5838N,1621.3756W,13.3,168,16.0,14.5,13.7,92.3,12.5,13.7,92.7,12.6,1015.7,2.59,3.65,10.5,244,41*57
 
INSERT
STATION sbdservice
IRID_ID 300224010734970
BODY 
Content-Type: application/x-zip-compressed; name="SBMmessage.sbd"
Content-Disposition: attachment; filename="300224010734970_003510.sbd"
Content-Transfer-Encoding: base64

JFc1TTVBLDEyMDUyMywxOTAwMDUsNjYwZDAwMjg0NDljZTI0NiwxLERBUyAy
LDQ5MDEuNjA0OE4sMTYyMS40MjU4VywsLCwxNC41LDEzLjcsOTMuMywxMi42
LCwsLCwsLCwsKjQwDQoNCiRXNU01QSwxMjA1MjMsMTkwMDA1LDY2MGQwMDI4
NDQ5Y2UyNDYsMixEQVMgMiwxMy44LDEzLjksMC4yLDAuNCwwLjAxLDEyMDcs
LDE1NiwsMCwsMTYuMjMsOTE1KjdEDQoNCiRXNU01QSwxMjA1MjMsMTkwMDA1
LDY2MGQwMDI4NDQ5Y2UyNDYsMywqMUYNCg0K

--SBD.Boundary.605592468
PROCESS /noc/users/iridburst/exec/irid_300224010734970_upd.pl
Last Run  ----1970-01-01 00:00:00 
MONTH  5 
DATA  xxrecord 2012-05-23 19:00:05 :: $W5M5A,120523,190005,660d0028449ce246,1,DAS 2,4901.6048N,1621.4258W,,,,14.5,13.7,93.3,12.6,,,,,,,,,*40
 
INSERT
STATION sbdservice
IRID_ID 300224010734970
BODY 
Content-Type: application/x-zip-compressed; name="SBMmessage.sbd"
Content-Disposition: attachment; filename="300224010734970_003511.sbd"
Content-Transfer-Encoding: base64

JFc1TTVBLDEyMDUyMywyMDAwMDUsNjYwZDAwMjg0NDljZTI0NiwxLERBUyAy
LDQ5MDEuNjE3Mk4sMTYyMS40NjY5VywxMy45LDE1NiwxNy42LDE0LjUsMTMu
Niw5My4xLDEyLjUsMTMuNiw5My42LDEyLjYsMTAxNS43LDIuNTUsMy4yOSwx
MS4xLDI0MSw0MCo1NA0KDQokVzVNNUEsMTIwNTIzLDIwMDAwNSw2NjBkMDAy
ODQ0OWNlMjQ2LDIsREFTIDIsMTMuMiwxMy40LDAuMiwwLjQsMC4wMSwxMjA4
LDEyMTksMTU2LDYyOCwwLDMzOS4yLDE2LjIzLDkyNSo2RQ0KDQokVzVNNUEs
MTIwNTIzLDIwMDAwNSw2NjBkMDAyODQ0OWNlMjQ2LDMsN0YwMDc1MDIzQTAw
MDA1MzMyMzAzMTMyMzAzNTMyMzMzMTM5MzQzMDMwMzA1NTVCMDAzMTMyMzAz
NTMyMzMzMTM5MzQzMDJDNTQ0MTQyMzAzMDMwMzAzMDJDMkQzMDM1MzEyRTMx
MkMyQzMxMzIyRTM2MzkyQzM0MkUzMDJDMzMzNjMwMzAyQzM2MzAyQzM2MzAy
QzMxMkMzMDMwMzUzNzMwMkMzMzJFMzQzMjJDMzEyRTMyMzYyQzMxMzIzNTJD
MzAyQzMwMkUzMTM2MzkyQzJCMzAzMDJFMzAwRDBBRkMxMDZFNzdGREUyN0Yw
MDY3MDIzQTAwMDA1NzMyMzAzMTMyMzAzNTMyMzMzMTM5MzQzMDMwMzBGRjRE
MDAwMDgwRkI0NDAwQzAwMjQ0MDA3NDNENDgwMDAwQzA0MjlDNkJEQTNGNDUy
MjA1NDFGNkM3NTI0MDNDODQyMzQwN0Q2QjFENDE1RjgwM0Y0MEQzNDMxMzQx
MUM0NUZENDAxREM3MzE0MTA2OTEyRjQxQTlEOTJDNDA2QTMyNzE0Mzc3MzUy
MDQyRjcyNDlEM0M5NDFBNTVGMEFBNjU3RjAyNzIwMjNBMDAwMDRCNTY0ODIw
MzczMjMwMzEzMjMwMzUzMjMzMzEzOTM0MzAzMDMwMzAwMDAwMDBCODFFODUz
RDBBRDdBMzNCNkUzMjcxNDM3MzM1MjA0MjExMUU5NDQzNEYzOTJDNDJDMDE3
OTM0MzVGMjQxQzQyNEE4RDhFNDM4ODM0MDc0MkQ5QzQ4QjQzRjNFREZDNDE4
MUQ3ODk0MzhBODdGNTQxQUQ0QTgzNDM5NkFCMDE0MkRBMDU3QjQzNzU1Q0Yw
NDE0MUJEN0U0M0IzOUYwNTQyMzlBQzgzNDNENjRFMjM0MkJERDg3RDQzQ0Q5
RjJGNDI2RDRBNjc0M0Q4OTQzRjQyRTU1NTUxNDNFNEMzMzQ0MkNBMzY0ODQz
QUY3RjNFNDI1NjU3NDc0MzAzQkU2NjQyRjhGMzRENDNCOEQyNTc0MkNDQTc0
NDQzQjZDMTM1NDI1ODQzM0M0MzdFOEI0MTQyRkQ3NTM4NDNGQUIxNTA0MkM4
MDkzQTQzMDYwQzY1NDI4MTM3MkI0M0I2MzY3MzQyODYzODJGNDMxMDI4N0Y0
MkEzODk1NDQzMTc1Mzc3NDI1RUQwNUM0M0IxQzc1NDQyQjAwNzYyNDM2RjMz
NTM0MkYyOUI1OTQzMkQyQjQ4NDJEREZDNEQ0Mzk2NDgzNDQyMzA4MjUwNDNF
MjI1NTE0MkRFMTU1RDQzMUE5QjZDNDJDNzc0NUE0MzIxOTU2QzQyMzlDRjRC
NDNEREU1NTM0MkEwRDA0MTQzREE5NzRBNDI4NTRFM0Y0Mzc1NzY1QjQyQkY5
QzQ5NDM3QUJCNTY0MjQzN0IzQzQzOERENTZDNDI2NDM0MjM0Mzk0MUE2MTQy
RDJBRTI1NDNDM0Y3NTY0MkYzOTYyQTQzQ0M5NjY1NDJCN0Q3MkU0M0U3NEE3
RTQyM0ExQzNDNDM3RjJEODM0MkM2MUY0RTQzNkExMTg0NDI3M0ZFNTA0M0FF
RUE4MjQyOTBDQjRDNDNFNkUwNzk0MkYwQUMzRjQzQTlDRDcyNDJCNDRBM0U0
MzkxRTU3MjQyQzg1ODNFNDM5NkJBN0I0MjY0ODAzMDQzNTQ4MjgyNDI3N0Y2
MEQ0MzI0RDg4MjQyMUIyQkZBNDIwMjREN0M0MkI5RUE1NTNGMDM2QjgwM0Yx
QkE4RjkzRjMwN0I1RDQwNDFCNTE2NDFBMkJDNzU0MThDOEQzQzQxMUI5REJG
NDA5RUNBODY0MDY2MzUxNjQwQzlERjBGNDBBRjU0OUU0MEE3N0VDRDQwMzgw
MzEzNDBEQzc2OUIzRkNFMUZFNDNGOERGNjAzNDA4QzBCQUUzRjhFNDI1NTNG
OUJEOTUyM0YwRUNBNUQzRjcyQjBGMzNFRjA2OTAxM0YyOTQ1Q0YzRThGMzdC
MDNFQjhBOEM4M0UzNTExQUMzRTBDMDUzMjNGNTQ3NENCM0UyQjU3RkQzRTgw
QjhEMTNFMTlGMTJFM0U0QUJFNjQzRTAwNDE5OTNFRkUzOTE1M0Y2NzA3MzMz
RjkyRDdFRjNFQ0Q3QTg5M0U0RjU2M0MzRUE1RjkwRjNFNzVEMTE1M0VEQ0Iz
NkMzRTg4M0E2QzNFQ0Y4MzMxM0U3QTk0NQ==

--SBD.Boundary.605592468
PROCESS /noc/users/iridburst/exec/irid_300224010734970_upd.pl
Last Run  ----1970-01-01 00:00:00 
MONTH  5 
DATA  xxrecord 2012-05-23 20:00:05 :: $W5M5A,120523,200005,660d0028449ce246,1,DAS 2,4901.6172N,1621.4669W,13.9,156,17.6,14.5,13.6,93.1,12.5,13.6,93.6,12.6,1015.7,2.55,3.29,11.1,241,40*54
 
INSERT
STATION sbdservice
IRID_ID 300224010734970
BODY 
Content-Type: application/x-zip-compressed; name="SBMmessage.sbd"
Content-Disposition: attachment; filename="300224010734970_003512.sbd"
Content-Transfer-Encoding: base64

JFc1TTVBLDEyMDUyMywyMTAwMDUsNjYwZDAwMjg0NDljZTI0NiwxLERBUyAy
LDQ5MDEuNjIxME4sMTYyMS40ODAzVywxNC45LDE1MywxOS4wLDE0LjUsMTMu
NSw5My4zLDEyLjUsMTMuNiw5My43LDEyLjYsMTAxNS43LDIuOCwzLjg3LDEw
LDI1OCwzNio3MQ0KDQokVzVNNUEsMTIwNTIzLDIxMDAwNSw2NjBkMDAyODQ0
OWNlMjQ2LDIsREFTIDIsMTMuMSwxMy4yLDAuMiwwLjQsMC4wMSwxMjA5LDEy
MjAsMTU2LDYyOCwwLDM1NS4wLDE2LjIzLDkyMCo2Qw0KDQokVzVNNUEsMTIw
NTIzLDIxMDAwNSw2NjBkMDAyODQ0OWNlMjQ2LDMsN0YwMDc1MDIzQTAwMDA1
MzMyMzAzMTMyMzAzNTMyMzMzMjMwMzQzMDMwMzA1NTVCMDAzMTMyMzAzNTMy
MzMzMjMwMzQzMDJDNTQ0MTQyMzAzMDMwMzAzMDJDMkQzMDM1MzEyRTMxMkMy
QzMxMzIyRTM2MzMyQzM0MkUzMDJDMzMzNjMwMzAyQzM2MzAyQzM2MzAyQzMx
MkMzMDMwMzUzNzMwMkMzMzJFMzQzMjJDMzEyRTMyMzYyQzMxMzIzNjJDMzAy
QzMwMkUzMTM3MzAyQzJCMzAzMDJFMzAwRDBBRTcxMDY5REE5OTZFN0YwMDY3
MDIzQTAwMDA1NzMyMzAzMTMyMzAzNTMyMzMzMjMwMzQzMDMwMzBGRjREMDAw
MDgwRkI0NDAwQzAwMjQ0MDAzODQ3NDgwMDAwQkE0MkEyQzRGMzNGQkE2MzA5
NDE3ODg1Nzc0MEFDNEMzMzQwOTMyQTFGNDFFMTk1NTA0MDUzN0UyODQxRDE2
ODAxNDEwMTAwMjA0MTE0QTIyQzQxODIwQzNENDBCMUM5ODA0M0FDRjYwRjQy
NzYzRkJEM0MzODFCRUYyMkJFOTk3RjAyNzIwMjNBMDAwMDRCNTY0ODIwMzcz
MjMwMzEzMjMwMzUzMjMzMzIzMDM0MzAzMDMwMzAwMDAwMDAyOTVDOEYzRDBB
RDdBMzNCQjJDOTgwNDNBOEY2MEY0MjhFMTE4QjQzMEM1RjAyNDI4QzcwOEM0
MzZDOTBEQjQxNEZCRThBNDM2MTU2RTc0MTUyNjk4QjQzOEExQTA1NDIwOTk2
OEM0MzI2QjlGRTQxNTg1QTg5NDNGNkIwQ0I0MURFNTY4ODQzMkZFREIyNDE4
Q0M3ODc0MzZCODJDMTQxNzM1RDg1NDNBOUZGMDM0MjNGNjI4MzQzMUMxRjND
NDJFQUIxNzE0MzY5RDY1NTQyREUwRDVGNDM2QkI2NEI0MjY1NTI1QTQzMUMw
QTQ4NDJBRjVBNTY0Mzc5RjM1MzQyODIwMDQ5NDM2ODkyNkM0MkY3MzE0NTQz
RDUzNjY5NDIxNDc3NEI0MzU3NTc1MzQyNTE4MDQ5NDM2QTY4NTg0MjZBNTUz
NzQzMjJDODc5NDI5RjU1MzQ0M0M2QUY4MjQyQUI0MDJENDNCNDg2Nzk0Mjc5
MDIyNDQzMkU5QzU0NDI5NDM4MkQ0MzUwRDY1NDQyNENFNDM4NDM2NDYyNTU0
MjlBQzAyQzQzMUQ3RTRCNDI1QUEyMUE0MzU3MEU1QTQyNzUwQTBFNDNDRDUz
N0Q0MjU4MzAyNjQzNDdDMDgyNDI4MkUzMzQ0M0FCNzE1RjQyMDIxMzM1NDMw
OEYxNTE0MjgxNkIzRjQzQTU5ODUwNDJDQThEM0I0MzM5QTM1MjQyM0RGNjJE
NDMwNEY2NjM0MjBDNjczODQzRjE2MzczNDJGNjEyNDg0MzZERUY2QjQyMDRE
QjNGNDNFOTMxNTc0Mjc3QUIzMjQzRkE0NzRENDJDRUJGMjQ0MzlBN0Q2MzQy
QUEzRDBFNDNEMEQ1ODA0Mjk5MzRGQTQyNUZCMzc2NDI4OTI3MDM0MzA1QUM2
NDQyRTJENzE0NDM3N0IyNzg0MjA2RTUzNTQzMEE1RDg4NDJDOTlBNDM0M0VF
MjA4NjQyRDM1MjNENDNERjk2ODc0MjM2NDAzQTQzQTkzNTg3NDJEQTU0Mjc0
MzRCNDA4MzQyQjI0NUY2NDI3OTA0ODE0MkJGODI3OTNGRTM2OEI4NDA5OTZF
NEM0MUQ5QTMwNTQxREI5M0FCNDA4NkEyMjg0MUQ5N0Y0QzQxRkRCMjJCNDFC
QUY3QzA0MDdGQjk3RDQwMTZCMDU1NDA5NEZBNTk0MEE1MzExMzQwQjRGNTMz
NDAzMzRCMDA0MDc2NzQxQzQwODUzNTA0NDAwRjlCQjUzRjVEQTE4MjNGMEY0
M0MxM0U5M0MyOUIzRTNCRjQwNzNGQUJBOEYzM0VEODhBQkMzRTkxNzYyNTNG
NkE5NjBGM0YwMzlBQzAzRUJGRjVDNzNFOUYzQThFM0U0NDZBOUUzRTQxNTJE
MTNFNDhBM0M4M0UwNDhDOEYzRUYxNTQ5MzNFM0NCQTgxM0U2QkI3QUEzRTI0
NkEwMzNGODBEMzhGM0VCMkY1MkUzRUI3REUxMDNFMEY3MjI4M0UxQjQxMzkz
RTBCRUM4MTNFRTY1QjY2M0UwRjMzMjgzRQ==

--SBD.Boundary.605592468
PROCESS /noc/users/iridburst/exec/irid_300224010734970_upd.pl
Last Run  ----1970-01-01 00:00:00 
MONTH  5 
DATA  xxrecord 2012-05-23 21:00:05 :: $W5M5A,120523,210005,660d0028449ce246,1,DAS 2,4901.6210N,1621.4803W,14.9,153,19.0,14.5,13.5,93.3,12.5,13.6,93.7,12.6,1015.7,2.8,3.87,10,258,36*71
 
INSERT
STATION sbdservice
IRID_ID 300224010734970
BODY 
Content-Type: application/x-zip-compressed; name="SBMmessage.sbd"
Content-Disposition: attachment; filename="300224010734970_003513.sbd"
Content-Transfer-Encoding: base64

JFc1TTVBLDEyMDUyMywyMjAwMDUsNjYwZDAwMjg0NDljZTI0NiwxLERBUyAy
LDQ5MDEuNjE5N04sMTYyMS40ODUwVywxNS41LDE1NSwxOS40LDE0LjUsMTMu
NSw5My4zLDEyLjUsMTMuNiw5My44LDEyLjYsMTAxNi4yLDIuMjUsMy43Miwx
MC41LDI0Niw0Myo1RA0KDQokVzVNNUEsMTIwNTIzLDIyMDAwNSw2NjBkMDAy
ODQ0OWNlMjQ2LDIsREFTIDIsMTMuMCwxMy4yLDAuMiwwLjQsMC4wMSwxMjEw
LDEyMjEsMTU2LDYyOCwwLDIyLjYsMTYuMjMsOTIwKjUyDQoNCiRXNU01QSwx
MjA1MjMsMjIwMDA1LDY2MGQwMDI4NDQ5Y2UyNDYsMyw3RjAwNzUwMjNBMDAw
MDUzMzIzMDMxMzIzMDM1MzIzMzMyMzEzNDMwMzAzMDU1NUIwMDMxMzIzMDM1
MzIzMzMyMzEzNDMwMkM1NDQxNDIzMDMwMzAzMDMwMkMyRDMwMzUzMTJFMzEy
QzJDMzEzMjJFMzUzNzJDMzQyRTMwMkMzMzM2MzAzMDJDMzYzMDJDMzYzMDJD
MzEyQzMwMzAzNTM3MzAyQzMzMkUzNDMyMkMzMTJFMzIzNjJDMzEzMjM3MkMz
MDJDMzAyRTMxMzczMTJDMkIzMDMwMkUzMDBEMEFFRDEwNjgzNTU5M0Q3RjAw
NjcwMjNBMDAwMDU3MzIzMDMxMzIzMDM1MzIzMzMyMzEzNDMwMzAzMEZGNEQw
MDAwODBGQjQ0MDBDMDAyNDQwMEZDNTA0ODAwMDBERTQyQjc1QUI1M0ZBQkMy
RTc0MDlCRDE2RDQwQkYxMTEwNDA4NDk5MTk0MUYzNUUzNzQwMUEwODIwNDFF
MzUzRjM0MENBNkIyODQxQjc4MTJCNDFEOTVEMTk0MDg2N0E3NjQzQzFCRTJB
NDIwNzg5NzczQzdBMUVGMzQ2QTFBNTdGMDI4QTAyM0EwMDAwNEI1NjQ4MjAz
NzMyMzAzMTMyMzAzNTMyMzMzMjMxMzQzMDMwMzAzMjAwMDAwMDI5NUM4RjNE
MEFEN0EzM0I4OTdBNzY0M0MxQkUyQTQyRUVEOTg0NDNENDNBMjY0MkNCQTI4
NDQzQjk1REY0NDFCNjYxODc0M0Y2RUJGNjQxMDhGMjg1NDNFRjEwMTM0MkJB
MTU4MzQzQzFBQTBCNDJDNDVFODM0M0IzRTAwMzQyNTE0QTgzNDNFRkJGMTg0
MkU2REY4MjQzNzFCNDI0NDJDNDU2ODU0MzA0OEYxODQyRTNFOTg0NDNGRkQ0
MjY0Mjk0NkU3OTQzMzM0MDQzNDI4MTM1NjU0MzAxODM0QzQyM0RBNTUzNDNC
NkRFNjg0Mjc1MDc0QzQzQzE5NDdENDI4N0IwNDI0MzcwNDk1RTQyQUI0NzQw
NDNGNDBFNEE0MjYxQzQ0QjQzNTk4RTRGNDI0MjM4NEM0M0VERjg0QjQyN0ZE
NDQ0NDNERUVBNEU0MjBDRUU0MjQzQkY0ODVFNDJGRkFEMzY0M0ZBNkQ2NzQy
OEQ3RTQyNDNCNkZDNTU0MkU3RkQ0NzQzNDEzMjY2NDJBRDhCMzU0M0VEMDg4
NDQyOTRGMzMzNDNGQTVDNkY0MjZDQTAzNTQzQTM0MzY5NDJGQ0YxMzI0M0JC
Qzk4MDQyQTAwMzM5NDM2QjY0NzQ0MjY4MDIzNjQzOUU5NzYzNDJDNTQzMkY0
M0Y1MUU2QjQyNkM1ODM5NDNDRDQzODA0MkNBNjMzMjQzNjRDQjhGNDI2OUY3
Mjk0M0JEMjQ4QjQyNTRGMTM5NDMxOTI5N0Y0Mjk0QzgyNjQzRDg0NDg1NDIx
MDkyMEI0M0UxRkQ4MjQyMDE1NTBCNDM5OERENzY0MkNCRjgxMDQzNkZFQzZE
NDJGOEE3MjA0MzFFMDU2QTQyREQ3QTFENDNEMkYwNkQ0MkE0QkQxMjQzOTA1
MDc4NDJCNjk4MjE0M0ZBMTk3RjQyMkVCQjI4NDMxRDhEODU0MjUwRTg0MTQz
QThDNjhBNDI2RjQ0NEU0M0Y4NUQ4ODQyRjA0ODFDNDM1NjBBOTA0MjRGQjZG
OTQyNzJGODhGNDJGNjU1Rjg0Mjg1NEI5NDQyOUE0QTBENDMwMkZBOTM0MjNF
OTEyOTQzRkU5RTkzNDIyMEZENTAzRkQ4RjMwQzQwNDg4QUI4NDA2Rjg4QjI0
MEUxMDFENjQwM0QzMzAxNDFCNEU2OTE0MDU5Qjc4OTQwOUE2RTlENDA2ODI1
ODI0MDk2RTc0ODQwRDQ2MUVBM0ZGMTM1QzAzRkU0NjlBRjNGNDA1Mzk5M0ZE
QzJGQTQzRjkwQUVGQjNGMTgyNUY5M0YyNUNCN0MzRkRCRjUzODNGOTREQ0Mw
M0VEQzI2MTgzRkQ0MUMxOTNGMzBEODg2M0U5NUQ0QjEzRTNBNzEyMjNGQTAz
NTYxM0VCNTBBNkQzRTY4MUI3QTNFM0E0ODExM0VENUQwRjIzRDVBMkRBRTNE
RDY3OTJBM0UzQTkxNUEzRTEzMUI4MzNFM0M4NjRFM0VDODA5ODIzRUIxNkNE
NjNFNkExNjg1M0VERkRGODIzRTg3M0E0QQ==

--SBD.Boundary.605592468
PROCESS /noc/users/iridburst/exec/irid_300224010734970_upd.pl
Last Run  ----1970-01-01 00:00:00 
MONTH  5 
DATA  xxrecord 2012-05-23 22:00:05 :: $W5M5A,120523,220005,660d0028449ce246,1,DAS 2,4901.6197N,1621.4850W,15.5,155,19.4,14.5,13.5,93.3,12.5,13.6,93.8,12.6,1016.2,2.25,3.72,10.5,246,43*5D
 
INSERT
STATION sbdservice
IRID_ID 300224010734970
BODY 
Content-Type: application/x-zip-compressed; name="SBMmessage.sbd"
Content-Disposition: attachment; filename="300224010734970_003514.sbd"
Content-Transfer-Encoding: base64

JFc1TTVBLDEyMDUyMywyMzAwMDUsNjYwZDAwMjg0NDljZTI0NiwxLERBUyAy
LDQ5MDEuNjA4M04sMTYyMS40NTg2VywxNC45LDE1NCwxOC45LDE0LjUsMTMu
NSw5Mi4xLDEyLjIsMTMuNSw5Mi42LDEyLjMsMTAxNS44LDIuMjgsMy4zNywx
MS4xLDI0NCw0Nio1NA0KDQokVzVNNUEsMTIwNTIzLDIzMDAwNSw2NjBkMDAy
ODQ0OWNlMjQ2LDIsREFTIDIsMTMuMCwxMy4yLDAuMiwwLjQsMC4wMSwxMjEx
LDEyMjIsMTU2LDYyNywwLDMxNS4wLDE2LjIzLDkyNSo2QQ0KDQokVzVNNUEs
MTIwNTIzLDIzMDAwNSw2NjBkMDAyODQ0OWNlMjQ2LDMsN0YwMDc1MDIzQTAw
MDA1MzMyMzAzMTMyMzAzNTMyMzMzMjMyMzQzMDMwMzA1NTVCMDAzMTMyMzAz
NTMyMzMzMjMyMzQzMDJDNTQ0MTQyMzAzMDMwMzAzMDJDMkQzMDM1MzEyRTMx
MkMyQzMxMzIyRTM1MzMyQzM0MkUzMDJDMzMzNjMwMzAyQzM2MzAyQzM2MzAy
QzMxMkMzMDMwMzUzNzMwMkMzMzJFMzQzMjJDMzEyRTMyMzYyQzMxMzIzODJD
MzAyQzMwMkUzMTM3MzEyQzJCMzAzMDJFMzAwRDBBRUIxMDA3OUNGMkJCN0Yw
MDY3MDIzQTAwMDA1NzMyMzAzMTMyMzAzNTMyMzMzMjMyMzQzMDMwMzBGRjRE
MDAwMDgwRkI0NDAwQzAwMjQ0MDBDMDVBNDgwMDAwRTA0Mjg3QTVCNTNGQjdD
QkUzNDAyNEUwNTc0MEFFQjAxMTQwMENCMDE3NDEwNDNGMzI0MDE5QjUyMjQx
QjRBOEU3NDAxREM3MzE0MThGRDEyRTQxRjY4NDE3NDAyODhFNzM0M0JEMkQz
NjQyNkRCQzczM0NCRDFEMDI1QTAyQjk3RjAyQTIwMjNBMDAwMDRCNTY0ODIw
MzczMjMwMzEzMjMwMzUzMjMzMzIzMjM0MzAzMDMwMzQwMDAwMDAyOTVDOEYz
RDBBRDdBMzNCMkI4RTczNDNCRTJEMzY0MjFBQ0E4NDQzMTkzNTQ2NDIyMjEy
OTE0MzNBRDgyNzQyRjM1RDk1NDM1MzQwMTY0MjlEQkM5MTQzRjA3RTJBNDI4
MkU0OEU0MzAxNzMzNTQyQURCNDhBNDNDRjI1MzU0MkZFOTY4MTQzOUE4MjE4
NDJCNTJCN0Y0M0MyNUYxNTQyNzQyRDdDNDNCRjM2Mzg0MkQ4RkI2QjQzQjg2
NTM1NDJFNEIwNjg0M0Y4QjgyMjQyRkM1RjYzNDMxNkFBMjU0MjQ3QTA0OTQz
NjE5QjJBNDIzMjEwMzI0M0Y4NDIzNTQyRTk2RjJFNDMzQzlENEE0MjM4RUYz
QzQzNDgyRjVBNDI3QUNCNDk0M0UzMzI3NzQyREQ3NDQ3NDNCRDUwNzg0Mjkz
Nzk0MjQzQkUwODU2NDJFRURBNEU0M0JGRTY2NDQyOTA3NzU2NDNEMDkwNzE0
MjMyMTc0OTQzNEM2NTY2NDIxMTBCMkQ0M0FFQTM2MzQyRjI5RjE4NDMzQUNB
NEQ0MjQ5RDUyMjQzQzVFMzRBNDJEMjBDMzE0MzBBRkQzRDQyNzEyRjJCNDM2
MzI3NEI0MjBGMjQxODQzMUUxMzYwNDI0MUZDMUY0M0YwODk1ODQyNTU0RjJC
NDMxQkE0MzE0MjVCRDQyMjQzOTg2NjQyNDI0QjAzMEY0MzkwQjI1MzQyMkZG
MzE0NDMzNjJDNEY0MkZEMkYyNzQzRDdCQjRGNDJDMTI3MkU0M0U5ODc1RTQy
RjQyOTE5NDM4OEEwNjE0MjU3NDIxMTQzNzk0MTU5NDIzMEExMTY0MzQ4Qzk1
MzQyQTlCMjE5NDM4Nzk0NEM0MkU0N0ExQjQzRDg3ODU0NDIzMkNCMjU0M0I0
MEE3MDQyMDY3QjFFNDNCQ0NGN0Q0MjM2QzExNDQzOTdBOTdENDJFNzM1MUQ0
Mzk5NUI3RTQyNDZBRTE4NDM1RUM0ODA0MjJCRjUwODQzNEUyQjdCNDJDOURE
MDE0M0ZGM0Y3NTQyNUEyMjBCNDM4MDlFODM0MjEzQUYxMjQzQzIzRjk1NDIy
N0YyMzI0MzhDQUI5RDQyRjM5RDQzNDNCMjBCOUU0MjM5QThENDQyRDA3QzlE
NDJFQUM0OEYzRTZFMDlEMjNGMzJFRTRFNDAwQTQyOTc0MEQwRUEyMDQxQzQ2
Qjk0NDBDRjYxQjI0MDBBMjNCQzQwOUI2MzRCNDA4ODk2NDY0MEM5RDcyRTQw
NzlFRTExNDA2MTk3MjM0MDdEMzQxQzQwQzQwQ0E3M0ZCOUQxRUQzRkZBNzkz
NTNGREY5ODU2M0Y5RkY0OEEzRjgyNjcxQzNGQjg4QTAwM0ZEQjIxMTIzRkM4
QTNFNTNFNTQ4MTI1M0Y3MThBMEEzRkU0RTVGQjNFNjYzQ0E3M0U4RTc4NUEz
RTJGQTI5OTNFRTI0ODAxM0ZEQzYyRDQzRTQzODZGMTNFRDVBN0UwM0U3Q0RD
MEEzRkJBQTg5MTNFODc1RDQyM0VGM0REOQ==

--SBD.Boundary.605592468
PROCESS /noc/users/iridburst/exec/irid_300224010734970_upd.pl
Last Run  ----1970-01-01 00:00:00 
MONTH  5 
DATA  xxrecord 2012-05-23 23:00:05 :: $W5M5A,120523,230005,660d0028449ce246,1,DAS 2,4901.6083N,1621.4586W,14.9,154,18.9,14.5,13.5,92.1,12.2,13.5,92.6,12.3,1015.8,2.28,3.37,11.1,244,46*54
 
INSERT
STATION sbdservice
IRID_ID 300224010734970
BODY 
Content-Type: application/x-zip-compressed; name="SBMmessage.sbd"
Content-Disposition: attachment; filename="300224010734970_003515.sbd"
Content-Transfer-Encoding: base64

JFc1TTVBLDEyMDUyNCwwMDAwMDUsNjYwZDAwMjg0NDljZTI0NiwxLERBUyAy
LDQ5MDEuNTkwOU4sMTYyMS40MTIzVywxNS44LDE0OSwxOS42LDE0LjUsMTMu
NCw5MS43LDEyLjEsMTMuNCw5Mi4yLDEyLjIsMTAxNS43LDIuMywzLjQ4LDEw
LjUsMjUxLDQzKjZBDQoNCiRXNU01QSwxMjA1MjQsMDAwMDA1LDY2MGQwMDI4
NDQ5Y2UyNDYsMixEQVMgMiwxMy4wLDEzLjEsMC4yLDAuNCwwLjAxLDEyMTIs
MTIyMywxNTYsNjI4LDAsMzI0LjMsMTYuMjMsOTIxKjY3DQoNCiRXNU01QSwx
MjA1MjQsMDAwMDA1LDY2MGQwMDI4NDQ5Y2UyNDYsMyw3RjAwNzUwMjNBMDAw
MDUzMzIzMDMxMzIzMDM1MzIzMzMyMzMzNDMwMzAzMDU1NUIwMDMxMzIzMDM1
MzIzMzMyMzMzNDMwMkM1NDQxNDIzMDMwMzAzMDMwMkMyRDMwMzUzMTJFMzEy
QzJDMzEzMjJFMzUzMTJDMzQyRTMwMkMzMzM2MzAzMDJDMzYzMDJDMzYzMDJD
MzEyQzMwMzAzNTM3MzAyQzMzMkUzNDMyMkMzMTJFMzIzNjJDMzEzMjM5MkMz
MDJDMzAyRTMxMzczMTJDMkIzMDMwMkUzMDBEMEFFQjEwNTk5MzFCRkM3RjAw
NjcwMjNBMDAwMDU3MzIzMDMxMzIzMDM1MzIzMzMyMzMzNDMwMzAzMEZGNEQw
MDAwODBGQjQ0MDBDMDAyNDQwMDg0NjQ0ODAwMDBEMDQyMUU2QkJEM0ZDQzE4
RjY0MDdENzI1RTQwMkZGODEyNDBGNzdGMUY0MUNGNTgzODQwRDA2MTEyNDE1
Qzc5RjE0MENBNkIyODQxRENBMzJCNDEyNEVFMTk0MDMzRTM3QTQzNDU3QTJB
NDI4RkJCN0IzQ0VBMURCQzE0MUIyMTdGMDJBMjAyM0EwMDAwNEI1NjQ4MjAz
NzMyMzAzMTMyMzAzNTMyMzMzMjMzMzQzMDMwMzAzNDAwMDAwMDI5NUM4RjNE
MEFEN0EzM0IzN0UzN0E0MzQ0N0EyQTQyNzQ0Mzg3NDMzNjQ4NDU0MjNDNUI4
NTQzMkQ3ODA0NDJGMkFGODU0MzkzRkQxMTQyNUFFQzhCNDM2QTgxMjA0MjQx
NDE4RjQzNDMzNjA3NDIyRjA2OEM0MzhENEFGRjQxMEY5Mzg2NDM4RjNCMTE0
MjJBMzc3QzQzRDFGQTExNDJCQzIzNzU0M0M5N0MxQjQyNEMyMjczNDNEMTYx
Mzk0MjY5RTY2RTQzNkQ3NDJGNDIxMjZCNkQ0M0ZCRjczMTQyN0M5MjcyNDM4
RjlCNjE0MkVDRjA3OTQzNzZBRjg4NDJCRUMwNjA0MzBENzc3NzQyQkI0MDU0
NDMzMzQyNTg0MjRGODcyRjQzQzU4NjcxNDIyQkU0MEY0Mzk0NjU3NDQyNDc5
ODI0NDM3N0YxODE0MjVCMDU0RTQzRjM1QzY5NDJEMEI0NEY0MzZEMjI1MDQy
MENBQjM5NDMxMkIxNUM0MkRGQkEyMTQzRkRDNjY3NDI3NDU0MzU0MzZDRjA4
MjQyOUMzMzRCNDM1RjMzODQ0Mjc3MjUzRDQzMTE3QzcyNDI4MDA1Mzg0M0Uz
QkM1MzQyQ0JCMjMxNDNGQzYzNDA0MjgyRjYyOTQzMjQ4NzFCNDI5MUQ3MkI0
MzE4RDYyRTQyRkI2RTMyNDM1QUFBNUY0MjJFNDQzMDQzNDA2NTYxNDIzMjNB
MkE0MzhFMUU1RjQyRTM4RDI5NDNCODFCNUY0MjUxNTQyNTQzODEyNzVENDI3
RTMxMjE0MzAxNjY1NTQyRDg5MjFFNDMxRDAyM0I0MkU0N0ExNjQzN0U1NzNB
NDJCQUQ2MTY0M0NCQzg1RDQyRjg1OTFDNDM2MUZENkY0MjA1ODgxNzQzRDg5
QzcxNDJGNTcxMEE0MzBBNkU3MDQyQTM5NEZDNDJGNjI5NkY0MkJFMTdFRDQy
MTg2RjdBNDJCOTdGMDc0MzlCRTg4RTQyMjc4MjMyNDNENUIxOTg0MkY1RDlF
NDQyQjA5NDlBNDIzQjg2Q0E0MjE4MUU5NzQyNDQwQkYzNDJDQzRBOUI0Mjc3
NTlGODQyMEZBOTlCNDI4ODNFRTY0MkI3NEI5MjQyQzU3M0VGNDJEMTY4OEY0
MkYzOTRFMjNFMDA5OTE4NDBGQ0ZERTc0MDQ3RUI4QTQwQjBGN0I5NDAzRjlB
MEI0MTU0MzFCMDQwRTcwN0FDNDBDNURCNEM0MDQ4NENFNjNGQzUyRTk5NDA5
MDY1ODg0MDhBRTcyNTQwQjExQkE5M0Y0MDhEODkzRkE1NzY4RTNGNjA1MDI3
M0Y5NDBENTMzRkRCN0MwMTNGQzNCRTk1M0VDMzZCMDUzRkZGODk2RDNGNjE0
QzA5M0ZFOUE3ODczRTcyQzI5RjNFRTQ0MTg2M0VBODE2RTAzRUFDM0M3QzNF
MDM2NkU2M0VBMTg2QkUzRTMxRDE1OTNFNUU1MzhBM0U4QUNCQzYzRTQ4MzQ5
NTNFMUYzMUFCM0VBNEYzNzEzRUI3NEYyQQ==

--SBD.Boundary.605592468
PROCESS /noc/users/iridburst/exec/irid_300224010734970_upd.pl
Last Run  ----1970-01-01 00:00:00 
MONTH  5 
DATA  xxrecord 2012-05-24 00:00:05 :: $W5M5A,120524,000005,660d0028449ce246,1,DAS 2,4901.5909N,1621.4123W,15.8,149,19.6,14.5,13.4,91.7,12.1,13.4,92.2,12.2,1015.7,2.3,3.48,10.5,251,43*6A
 
INSERT
STATION sbdservice
IRID_ID 300224010734970
BODY 
Content-Type: application/x-zip-compressed; name="SBMmessage.sbd"
Content-Disposition: attachment; filename="300224010734970_003516.sbd"
Content-Transfer-Encoding: base64

JFc1TTVBLDEyMDUyNCwwMTAwMDUsNjYwZDAwMjg0NDljZTI0NiwxLERBUyAy
LDQ5MDEuNTc1OU4sMTYyMS4zNTY4VywxNC40LDE1MiwxOC43LDE0LjQsMTMu
NCw5MS4yLDEyLjAsMTMuNCw5MS44LDEyLjEsMTAxNS43LDIuMjksMy4zOCwx
MC41LDI1Myw0Myo1OQ0KDQokVzVNNUEsMTIwNTI0LDAxMDAwNSw2NjBkMDAy
ODQ0OWNlMjQ2LDIsREFTIDIsMTIuOSwxMy4xLDAuMiwwLjQsMC4wMSwxMjEz
LDEyMjQsMTU2LDYyOCwwLDMyOS4xLDE2LjIzLDkxOSo2Qw0KDQokVzVNNUEs
MTIwNTI0LDAxMDAwNSw2NjBkMDAyODQ0OWNlMjQ2LDMsN0YwMDc1MDIzQTAw
MDA1MzMyMzAzMTMyMzAzNTMyMzQzMDMwMzQzMDMwMzA1NTVCMDAzMTMyMzAz
NTMyMzQzMDMwMzQzMDJDNTQ0MTQyMzAzMDMwMzAzMDJDMkQzMDM1MzEyRTMx
MkMyQzMxMzIyRTM0MzkyQzM0MkUzMDJDMzMzNjMwMzAyQzM2MzAyQzM2MzAy
QzMxMkMzMDMwMzUzNzMwMkMzMzJFMzQzMjJDMzEyRTMyMzYyQzMxMzMzMDJD
MzAyQzMwMkUzMTM3MzEyQzJCMzAzMDJFMzAwRDBBRTYxMEQxQUMxNjkzN0Yw
MDY3MDIzQTAwMDA1NzMyMzAzMTMyMzAzNTMyMzQzMDMwMzQzMDMwMzBGRjRE
MDAwMDgwRkI0NDAwMDAwMzQ0MDAwMDdBNDUwMDAwREE0MkFCMEFCODNGRDAx
NEVCNDAwNDZDNTg0MEVFRDMxMjQwNTkzMzE2NDFFNDk0Mzc0MDRDRTkxODQx
RjQwOUU2NDBDQTZCMjg0MTU4RTAyNTQxMjFDRjFCNDA4MjA2N0Q0M0E1Q0Qy
QTQyRTQzQzdFM0MwRDFDMzUzMzczMDI3RjAyQTIwMjNBMDAwMDRCNTY0ODIw
MzczMjMwMzEzMjMwMzUzMjM0MzAzMDM0MzAzMDMwMzQwMDAwMDAyOTVDOEYz
RDBBRDdBMzNCODYwNjdENDNBMUNEMkE0MjI0M0Y4RjQzM0U4OTIzNDIyQjdD
OTE0M0Q0QzhGQjQxQjYzNTkyNDM1NzhGRTY0MTBFREQ5NDQzMDU0OEZBNDEw
QkIwOTQ0Mzk5MjcxODQyMTM1NDhGNDNDNjY0MjQ0MkUyNDE4QTQzQUM3QTBF
NDJBNTE2OEE0MzdBNTQwQTQyQ0E3RTg0NDNFOEI1Mzc0MjY5RjE2QzQzMzVE
NzJDNDJGRDdENjM0M0IyNkExMzQyQ0Y3RDY3NDMyNkQyMjc0MkFBM0I1QzQz
Q0RGRjUwNDJBMkM2M0Y0M0JCMzA1QTQyQ0ZEQTQ5NDM2QTc5NUI0MjQwMDg1
QzQzQzk4QzU3NDI0QzI1NUQ0MzZENDE1NjQyMTMxRDUwNDM1MEExODI0MkJC
RDMxQzQzNjY5QzhENDI5RkExMjY0M0Y3OTE3QzQyNDU5QzI4NDNCMDRGNDk0
MjJGRDUyMjQzMEQxNzM5NDIzMkFBMUQ0M0IxQUM0NjQyQUI0OTI5NDNBRjMy
NTQ0Mjk3QzcyRTQzNUM1OTU4NDJDOTc2Mjg0MzE5RDk1ODQyMDM3MzI3NDMz
RThCNUQ0MkZEQjcyODQzRjM2NjU5NDJCQzU4Mjc0MzZCMUI1NTQyQzc2MDIx
NDNFQ0E0NTM0MkFGQ0MxQTQzNDQzNjQyNDJFMTA4MTk0MzkwMDgzRjQyOTBG
MTIzNDNEMUEyNEI0MjMyODEzNDQzRTc0MjM5NDJGNTMzMzc0M0ExMkIyRjQy
ODExNzMzNDNGNzIyNEM0Mjc4QTIyQzQzN0ZFOTY5NDJEOUYyMjU0M0EwMjY4
MTQyNDdGRDE5NDM3OUE5NzY0MjVFRkMxNzQzMDhGNjY4NDI4MUQxMTI0Mzc3
NTg2OTQyODFGQjEyNDNDM0Q1NzE0MkMwRDgyNzQzRDA2RDgxNDJDODYzMjE0
MzgyRjc4MDQyRDYxMDE4NDM1RDg4NzU0MjA5OEUwQjQzRTRFNzZGNDIzRjBC
RkI0MkJGNTQ3NzQyRjZDODA1NDNBQ0QwODY0MkVGNDUxMDQzQTMxNzhCNDJB
NEIwMDI0MzMyQjE4QTQyNEE4OUU1NDI2MjEyOEI0MjUyRkNFMTQyOUFEMzhF
NDI3MDI3MjIzRjkxRjYwRTQwRkQwNjkwNDBBRkRFNkQ0MDE4MjNFMDQwQkZB
NUU0NDBGQUE1RDI0MDIzM0VEMDQwNTdFNDVCNDBBMjYzNEM0MEFGOTYzNjQw
RUNCOTQ5NDBFQzYzQTgzRkVCRDkxNzQwMDM3MTBGNDBBQzMwQ0YzRkFBNTY3
RjNGMDk4MzE5M0ZFRTY3MkEzRjUwRUIyOTNGMEMxQjNFM0Y3NUEyQTIzRUUw
NDA2RDNFNjZBNjA1M0ZFMzhDNDQzRjAzRTUzOTNGQUMwNDEzM0YzMjE3M0Uz
Rjc2MjdERDNFNjA2Q0Y4M0UyMzM0NEYzRjRDODcxMzNGRkU1NTZGM0U3NEIy
QzMzRTk5RUU4NjNFMERBOTVGM0VBQUFCRA==

--SBD.Boundary.605592468
PROCESS /noc/users/iridburst/exec/irid_300224010734970_upd.pl
Last Run  ----1970-01-01 00:00:00 
MONTH  5 
DATA  xxrecord 2012-05-24 01:00:05 :: $W5M5A,120524,010005,660d0028449ce246,1,DAS 2,4901.5759N,1621.3568W,14.4,152,18.7,14.4,13.4,91.2,12.0,13.4,91.8,12.1,1015.7,2.29,3.38,10.5,253,43*59
 
INSERT
STATION sbdservice
IRID_ID 300224010734970
BODY 
Content-Type: application/x-zip-compressed; name="SBMmessage.sbd"
Content-Disposition: attachment; filename="300224010734970_003517.sbd"
Content-Transfer-Encoding: base64

JFc1TTVBLDEyMDUyNCwwMjAwMDUsNjYwZDAwMjg0NDljZTI0NiwxLERBUyAy
LDQ5MDEuNTU1M04sMTYyMS4zMDM1VywxNC4xLDE1MywxNi42LDE0LjQsMTMu
Myw5MC43LDExLjksMTMuNCw5MS4zLDEyLjAsMTAxNS41LDIuMTcsMy4yMSwx
MS4xLDI0NCw0MSo1MQ0KDQokVzVNNUEsMTIwNTI0LDAyMDAwNSw2NjBkMDAy
ODQ0OWNlMjQ2LDIsREFTIDIsMTIuOSwxMy4xLDAuMiwwLjQsMC4wMSwxMjE0
LDEyMjUsMTU2LDYyOCwwLDMzOS45LDE2LjIzLDkyMSo2Qg0KDQokVzVNNUEs
MTIwNTI0LDAyMDAwNSw2NjBkMDAyODQ0OWNlMjQ2LDMsN0YwMDc1MDIzQTAw
MDA1MzMyMzAzMTMyMzAzNTMyMzQzMDMxMzQzMDMwMzA1NTVCMDAzMTMyMzAz
NTMyMzQzMDMxMzQzMDJDNTQ0MTQyMzAzMDMwMzAzMDJDMkQzMDM1MzEyRTMx
MkMyQzMxMzIyRTM0MzcyQzM0MkUzMDJDMzMzNjMwMzAyQzM2MzAyQzM2MzAy
QzMxMkMzMDMwMzUzNzMwMkMzMzJFMzQzMjJDMzEyRTMyMzYyQzMxMzMzMTJD
MzAyQzMwMkUzMTM3MzIyQzJCMzAzMDJFMzAwRDBBRTcxMDk1QTY3OTcwN0Yw
MDY3MDIzQTAwMDA1NzMyMzAzMTMyMzAzNTMyMzQzMDMxMzQzMDMwMzBGRjRE
MDAwMDgwRkI0NDAwMDAwMzQ0MDBDMDVBNDYwMDAwRDY0MjkzM0VCNTNGODc4
QkVGNDAxNTlCNEQ0MDg3MzAwQjQwNzFBQzEzNDE0MjhCMkM0MEI0N0YxODQx
MTQ2NUVDNDAxREM3MzE0MTI2OEEzMTQxQTcwMzE0NDA2MjJDNzQ0MzNDNkIy
NDQyQzYyRjY1M0M0ODE5MDcwQTk2OTg3RjAyOEEwMjNBMDAwMDRCNTY0ODIw
MzczMjMwMzEzMjMwMzUzMjM0MzAzMTM0MzAzMDMwMzIwMDAwMDBCODFFODUz
RDBBRDdBMzNCNjUyQzc0NDMzRDZCMjQ0Mjk1RjQ3RTQzMTFGMTIxNDJDMkEx
ODE0MzBDMjEyNDQyRkQyRThGNDM3Q0QwMEU0MjZBM0U5MjQzM0QwNkU4NDE0
OTg0OEU0MzU2MTdFRTQxRDk5MDg5NDM4MTRDMDA0MjBCQTg4ODQzMTBCQzFD
NDI0MEYzODk0MzRBMTUyRTQyRDBCMzgxNDMzOEJGMkM0MkM4RUE3QzQzNzQ3
MzE4NDI3QTY4N0U0MzAzODMxQzQyMTAyNzczNDMxMDZFMkU0MkNDMUM1OTQz
ODM3OTNCNDIxMDU3NEU0MzIwRjUzMzQyQjJEMjU0NDMwQjIyNEE0MkE1Qzc0
RjQzNzEyRDY2NDJBRUQwMzk0MzIzQjM1NTQyOERBQzM0NDM4NUNGNDg0MjRC
QTc0QjQzMUU1MTY5NDI1RjI5NTg0MzBBRDc3QjQyOTMyRTMyNDM5RUEwN0I0
MjZEQUUyOTQzQ0JDQzY1NDI5MzA5MzI0MzQ0MUU1ODQyQjA0QzMyNDMzQTYw
NDk0MkNEOTEzQjQzOTQ3QzVCNDIzMDQ2MzY0Mzc3OTk2ODQyMEE5OTFGNDM3
NTA5NTQ0MjA5Q0QwRTQzMzk4RjI2NDI1MUJEMTA0MzNFQ0IyNDQyMkE5RTE4
NDM1NDI3Mjk0MkE1MEYxQjQzMkM5QTI3NDJEMkUwMTk0MzhBNTIzMDQyOUNB
NzE3NDM4MjAwMzQ0MjhFNkExNzQzNjU1QTMwNDI1RkI5MTQ0MzBEOUMzNDQy
MUY5NDEzNDNCNzJEM0Y0MkQ2RDExOTQzRTI3MzQzNDJFNzEyMUY0M0EzNDgz
RTQyQzdEMzIwNDM3M0Q2NDg0MjI1QTQyQTQzRDhFNjVGNDI0NTIxMjM0MzBE
MzQ2MTQyQTQyRDE2NDM1QUM1NUM0MkM4MjcxMDQzNDAwNDYyNDIxQ0JGMEY0
M0EwMkE2QTQyNUUwRDFDNDM1NEFCN0I0MkFFMjUxRjQzNTg1Mzg2NDIyRTFE
MUI0M0IzRDE4RDQyMDU0RTI4NDMzRTQ1OTE0MkMzMjYwRjQzRDFDMDhFNDIx
RUE1MDA0M0M5QzA4RDQyREExQ0FDM0VBMkIxMEIzRkJEQzVDQzNGQ0QwMjk2
NDA1M0U2REM0MDE4MjBGQjQwNEU1NTg1NDBDNTNCMTM0MDkyQTg0RDQwNDMx
RTYzNDA2NUNGNEQ0MDI4MUYzQjQwQ0JERTVFNDBFMjg2ODQ0MDI3MkMwNDQw
QjEwOUFCM0ZEQjFEQzIzRjdGMDU4NjNGNUI0N0IxM0VGQzNDRjIzRTdBQ0NE
NDNFNkU0Q0VBM0VERkMzRTAzRTZFQTVEOTNFQ0ZGMjE2M0ZGMEEwRjIzRUEw
QTAyODNGMUZCMzk5M0U3Qzg2MTIzRkNGNEQyRjNGMkU2OEY2M0VBNDI0Q0Ez
RUIyRDdDNzNFMUYwQ0MzM0UzMjlBRTEzRTE5RUMyMzNGOUY1RkFGM0U1Rjk2
Q0MzRTFDNTM0RjNFMjlCQzJFM0UwOUZCMA==

--SBD.Boundary.605592468
PROCESS /noc/users/iridburst/exec/irid_300224010734970_upd.pl
Last Run  ----1970-01-01 00:00:00 
MONTH  5 
DATA  xxrecord 2012-05-24 02:00:05 :: $W5M5A,120524,020005,660d0028449ce246,1,DAS 2,4901.5553N,1621.3035W,14.1,153,16.6,14.4,13.3,90.7,11.9,13.4,91.3,12.0,1015.5,2.17,3.21,11.1,244,41*51
 
INSERT
STATION sbdservice
IRID_ID 300224010734970
BODY 
Content-Type: application/x-zip-compressed; name="SBMmessage.sbd"
Content-Disposition: attachment; filename="300224010734970_003518.sbd"
Content-Transfer-Encoding: base64

JFc1TTVBLDEyMDUyNCwwMzAwMDUsNjYwZDAwMjg0NDljZTI0NiwxLERBUyAy
LDQ5MDEuNTQwOE4sMTYyMS4yNzQ0VywxNC41LDE1MCwxNy4yLDE0LjQsMTMu
Myw5MS4yLDExLjksMTMuNCw5MS43LDEyLjAsMTAxNS4zLDIuMTUsMy4wOSwx
MC41LDI0MCw0Mio1MQ0KDQokVzVNNUEsMTIwNTI0LDAzMDAwNSw2NjBkMDAy
ODQ0OWNlMjQ2LDIsREFTIDIsMTIuOSwxMy4xLDAuMiwwLjQsMC4wMSwxMjE1
LDEyMjYsMTU2LDYyOCwwLDMzNi43LDE2LjIzLDkyNCo2Qw0KDQokVzVNNUEs
MTIwNTI0LDAzMDAwNSw2NjBkMDAyODQ0OWNlMjQ2LDMsN0YwMDc1MDIzQTAw
MDA1MzMyMzAzMTMyMzAzNTMyMzQzMDMyMzQzMDMwMzA1NTVCMDAzMTMyMzAz
NTMyMzQzMDMyMzQzMDJDNTQ0MTQyMzAzMDMwMzAzMDJDMkQzMDM1MzEyRTMx
MkMyQzMxMzIyRTM0MzYyQzM0MkUzMDJDMzMzNjMwMzAyQzM2MzAyQzM2MzAy
QzMxMkMzMDMwMzUzNzMwMkMzMzJFMzQzMjJDMzEyRTMyMzYyQzMxMzMzMjJD
MzAyQzMwMkUzMTM3MzIyQzJCMzAzMDJFMzAwRDBBRTgxMEEwQzUyNTUzN0Yw
MDY3MDIzQTAwMDA1NzMyMzAzMTMyMzAzNTMyMzQzMDMyMzQzMDMwMzBGRjRE
MDAwMDgwRkI0NDAwMDAwMzQ0MDA4MEJCNDYwMDAwRTA0MjAxMzNBNzNGMDgw
QUU1NDBENkM1NDU0MDkzRTIwOTQwM0RGNDExNDE4NzhGMkE0MDc5OUExQTQx
NEQxM0U3NDBDQTZCMjg0MTQ1RUQyODQxRDMwMjBGNDA2QTEyNzA0M0RFNUIy
NjQyODU5MTU2M0NGMTFBMjk0OEQwOUY3RjAyOTYwMjNBMDAwMDRCNTY0ODIw
MzczMjMwMzEzMjMwMzUzMjM0MzAzMjM0MzAzMDMwMzMwMDAwMDBCODFFODUz
RDBBRDdBMzNCNkUxMjcwNDNEQTVCMjY0MkI0OEU4MTQzMUU4QTRFNDI0N0Y2
ODU0M0UzNjMyRjQyN0NCNjgxNDMyMDFFMjE0MjQyMUM4MTQzRDIyODE1NDI2
NEEzODI0MzhGOUIwOTQyMTJFNTg0NDNDNjFFRTg0MTc1QjM4NTQzQUFDM0VE
NDFDRTVEODU0M0MwNTkwOTQyN0ExQzgzNDMwMDgwMTA0MjVBMEE3QjQzQ0I4
MzM3NDI5RUYwNkU0MzNFNUQ1NDQyMzFFMjZBNDNCNTlCMzI0MjIzNDY2OTQz
MzU3MTIwNDJDMUJENjQ0M0IyNDMzRDQyMkRBNjYyNDNBQjY4NkM0MkI0Qjc2
QTQzNDQ5MTY4NDI4RDMwNjE0M0FBRUE1QTQyM0MxMDUxNDM2QTEwNTQ0MkY4
Mzk0MjQzNDhDRDUyNDIzNEVDMjQ0M0NDNTE2NjQyODNCODE0NDMwMTVBNTg0
MjczMEMyQTQzQjk0MzVDNDJGNDYzNDM0MzdFRDA1QjQyQkZFMjRFNDM0MDZE
NUI0MjY0MzM0RTQzRTlEODRGNDIxMTM4NDM0MzNFQ0M1MzQyMUMzNTJGNDMz
MEFDNjc0MjRGOEExRTQzQ0Y3ODZENDI4RjA3MzQ0M0NBNkY2MDQyMThDQTNC
NDNBREI3M0M0MjdCOUYzNDQzMzVERjI4NDIzRjA0MzA0M0VBNzAzMTQyQUM1
MDJCNDNCQkIxNTI0MjA4QzIyMjQzN0E4ODRCNDIyOTJCMjE0MzdGRjczRjQy
NEVDMDIyNDNERDk0NDc0MjE5NjQyNDQzRjQ0OTRCNDI0NzkxMUQ0MzhFQzU0
QjQyQkRDRjEzNDMzMDVFM0Y0MkYxQjIwRDQzNDZGMjNBNDJCODBDMTk0M0ZB
NTM1RjQyQTc0NzJGNDMwRTY4NkI0MkE5MzkyNTQzQjI3Njc2NDJERTM5MUQ0
MzYxNUM2QjQyNUE1RDI1NDNDNzhCNjg0MkFEOTYyMjQzNDNCRDgwNDJBNTUx
MkQ0MzI3OEE4QjQyRjJDNzQ0NDMzRTU0ODI0Mjk4NEEzNzQzOTIwODg2NDIx
MkFGMDY0MzZDRjI4NjQyNkZDQTAzNDM0MEE4ODQ0MjQwNTVCNTNFOTlDMDIx
M0ZBMjlDRjIzRjI1MUMzOTQwNEU1MjVDNDAzQzQxRDY0MDcxNzNERjQwMEU3
NTcxNDAyNzg1OUQ0MDkxQzIxNjQwOTQ3MkMwM0Y5N0QyMTA0MEQ4OTI3MzQw
QzM5QTJCNDBFNTBDQTYzRkY4N0NDRTNGNTRCQTlFM0ZFMDJENTczRkJGMkM0
QTNGMEUyNjI2M0ZGOTg5MEIzRjA0MUUzRjNGNTcxQzEzM0ZDRTEzOTEzRTk5
Qzg5NTNFNEU1MDA4M0YzRDQ5MjIzRkY5N0VDMTNFREJEOUZDM0U4QTY0Mjcz
RkE5NUFBMDNGMkU1ODI5M0ZBQ0FBOTgzRTFDMThGMDNFMDg5RUE2M0VCOTlD
ODIzRTU3ODA5ODNFRDQzQzdGM0UyMDQxQQ==

--SBD.Boundary.605592468
PROCESS /noc/users/iridburst/exec/irid_300224010734970_upd.pl
Last Run  ----1970-01-01 00:00:00 
MONTH  5 
DATA  xxrecord 2012-05-24 03:00:05 :: $W5M5A,120524,030005,660d0028449ce246,1,DAS 2,4901.5408N,1621.2744W,14.5,150,17.2,14.4,13.3,91.2,11.9,13.4,91.7,12.0,1015.3,2.15,3.09,10.5,240,42*51
 
INSERT
STATION sbdservice
IRID_ID 300224010734970
BODY 
Content-Type: application/x-zip-compressed; name="SBMmessage.sbd"
Content-Disposition: attachment; filename="300224010734970_003519.sbd"
Content-Transfer-Encoding: base64

JFc1TTVBLDEyMDUyNCwwNDAwMDUsNjYwZDAwMjg0NDljZTI0NiwxLERBUyAy
LDQ5MDEuNTM1Mk4sMTYyMS4yNjQwVywxMy40LDE0NywxNi44LDE0LjQsMTMu
Myw5MC43LDExLjgsMTMuMyw5MS4yLDExLjksMTAxNS4yLDIuMDksMy4wOCwx
MS44LDI1Miw0MSo1Qw0KDQokVzVNNUEsMTIwNTI0LDA0MDAwNSw2NjBkMDAy
ODQ0OWNlMjQ2LDIsREFTIDIsMTIuOSwxMy4xLDAuMiwwLjMsMC4wMSwxMjE2
LDEyMjcsMTU2LDYyOCwwLDEyOS40LDE2LjIzLDkyMyo2Ng0KDQokVzVNNUEs
MTIwNTI0LDA0MDAwNSw2NjBkMDAyODQ0OWNlMjQ2LDMsN0YwMDc1MDIzQTAw
MDA1MzMyMzAzMTMyMzAzNTMyMzQzMDMzMzQzMDMwMzA1NTVCMDAzMTMyMzAz
NTMyMzQzMDMzMzQzMDJDNTQ0MTQyMzAzMDMwMzAzMDJDMkQzMDM1MzEyRTMx
MkMyQzMxMzIyRTM0MzQyQzM0MkUzMDJDMzMzNjMwMzAyQzM2MzAyQzM2MzAy
QzMxMkMzMDMwMzUzNzMwMkMzMzJFMzQzMjJDMzEyRTMyMzYyQzMxMzMzMzJD
MzAyQzMwMkUzMTM3MzIyQzJCMzAzMDJFMzAwRDBBRTgxMEZFQ0FDQzE0N0Yw
MDY3MDIzQTAwMDA1NzMyMzAzMTMyMzAzNTMyMzQzMDMzMzQzMDMwMzBGRjRE
MDAwMDgwRkI0NDAwMDAwMzQ0MDBEMDA0NDcwMDAwRDA0MjMxQjlBNTNGMjcy
NkY1NDAxQTY4NDU0MDNFOEEwNTQwNkEyQzIxNDFCRjlFMjQ0MEJCMDkxOTQx
QUNFOEVDNDAzQzNDM0M0MUU5NjUzQjQxNTlCNjA3NDBCRTFGN0M0MzE1ODgy
MjQyODIwMTQ0M0MyRjE5M0Q1QTcwQkM3RjAyN0UwMjNBMDAwMDRCNTY0ODIw
MzczMjMwMzEzMjMwMzUzMjM0MzAzMzM0MzAzMDMwMzEwMDAwMDAyOTVDOEYz
RDBBRDdBMzNCQzIxRjdDNDMxMDg4MjI0MjFGNjE4RjQzMjg2RTM1NDIwMDgx
OTE0M0ZDNTYwQzQyMDgwQTkwNDNEMzZEQ0Y0MTI2MDc4RTQzRTMyMkQyNDFF
MkJDOEM0M0ZGNkQxNjQyREQxRDhENDMzMTQ5Mzc0MjM4QUM4RjQzMDhFRjQ1
NDIwQjI5OEE0MzU0REM1MjQyMTdGQzdGNDNERDIwMTQ0MjZGODQ3RTQzMjYz
QTA1NDI2RjAzNzU0MzdDOTkzODQyODdGMTVBNDNDMEQ3NEY0MjkyQjkzQzQz
REM4MDM2NDI0MUE2MzY0MzI0RDEyMjQyNjI0MDNCNDM4MzBGMzc0MkQwNDQz
RTQzOUYxMDU2NDIzMjMzNDM0MzVEOEQ2RDQyQUNDMTM3NDM5QzcyNzc0Mjgx
QzgyRDQzQUJEMTVFNDIwODc0M0E0MzE0MTY2NTQyMzdCQTM0NDMyMTQ5NzM0
MjcxNEEyQjQzMjFDOTZENDI5QTQ4MkY0MzIyRDc2QjQyM0M0RTJCNDNBNDVE
NjU0MkNBNzAxQjQzMDdCNzQyNDI3NDM2MEQ0M0VBODQzMDQyNkE1NDBCNDM4
RjM3NDc0MkFFQzkyMzQzNEUwODU4NDJCQjJBMkE0MzE1NDM0MzQyNzAzMzJE
NDNFNzZDNEI0Mjg1NkYzMTQzMTY5NjYyNDJBOEUxMjM0M0RGNjE1RTQyQTY2
RDIwNDM5ODczNTI0MjgwNjAyNDQzRTA3MzQ5NDIzM0IwMUQ0MzlBNDA1MDQy
NzM2ODEzNDM0NjdDNTU0MjhCOTIxNDQzOTlBMTQ2NDI2REQ3MUY0MzMyRDk0
MzQyNzM1QjJFNDM1RTQzNEE0MkE4RUEyQjQzMTQ1MjYwNDIwNDBCMjA0MzUx
QzQ3NjQyQTMyRTBFNDM4RjIwODA0MjM2NzkwRDQzNjE3RjgwNDI0RThBMUQ0
M0Y2NUI3MDQyMDBGOTI5NDMzMkYyNjY0MkIxREEyRTQzNTg1Mzc4NDI0M0Y3
Mjg0M0JGQTY4QjQyQTc2MjA1NDNGQTgzOTM0MkIzMTZFOTQyQTNERjkxNDJG
MjU3RjYzRTBEMEY2MTNGNDdCMjk4NDA0RUIzMkE0MTI0NDJDQzQwRTY1RTUy
NDA0MkIxM0M0MDU5RDM4NzNGOEY5NjIzNDAyODU4Mzg0MEM0ODNCRDNGNDlB
M0I3M0Y5M0U1OUUzRjgxNDZCQTNGNjNBODgzM0ZENThGODYzRkEyRkM5NzNG
RkU4NDE0M0YxMzdERTEzRTVFQjhGRjNFMkU0MUVEM0UzMUE0MUIzRjlBMjQw
MjNGMzAwRTk2M0U5RDE2MUQzRkRGQjQ0MzNGMjQwNkQ3M0UwRkVGMTMzRjhG
MDRENzNFQzRCQThDM0U4RUVGNjczRTA5QTQ5RDNFNjQ2MDc0M0U4NEEzRTEz
RTIwRDBFRTNFMTgxQTdGM0VCQzVFOTEzRTZDNDg4NDNFMDg4NTgxM0VDN0Qz
QTQzRTAzMTYxRTNFQkQyNEZFM0Q1QzhCOA==

--SBD.Boundary.605592468
PROCESS /noc/users/iridburst/exec/irid_300224010734970_upd.pl
Last Run  ----1970-01-01 00:00:00 
MONTH  5 
DATA  xxrecord 2012-05-24 04:00:05 :: $W5M5A,120524,040005,660d0028449ce246,1,DAS 2,4901.5352N,1621.2640W,13.4,147,16.8,14.4,13.3,90.7,11.8,13.3,91.2,11.9,1015.2,2.09,3.08,11.8,252,41*5C
 
INSERT
STATION sbdservice
IRID_ID 300224010734970
BODY 
Content-Type: application/x-zip-compressed; name="SBMmessage.sbd"
Content-Disposition: attachment; filename="300224010734970_003520.sbd"
Content-Transfer-Encoding: base64

JFc1TTVBLDEyMDUyNCwwNTAwMDUsNjYwZDAwMjg0NDljZTI0NiwxLERBUyAy
LDQ5MDEuNTQzMU4sMTYyMS4yNzEwVywxMy4xLDE0OCwxNi4yLDE0LjQsMTMu
Myw5MS4zLDExLjksMTMuMyw5MS44LDEyLjAsMTAxNS4yLDEuODYsMi40NCwx
MCwyMzgsNDUqNEQNCg0KJFc1TTVBLDEyMDUyNCwwNTAwMDUsNjYwZDAwMjg0
NDljZTI0NiwyLERBUyAyLDEyLjksMTMuMCwwLjIsMC41LDAuMDEsMTIxNywx
MjI4LDE1Niw2MjgsMCwzNDQuMSwxNS44NCw5MjQqNkINCg0KJFc1TTVBLDEy
MDUyNCwwNTAwMDUsNjYwZDAwMjg0NDljZTI0NiwzLDdGMDA3NTAyM0EwMDAw
NTMzMjMwMzEzMjMwMzUzMjM0MzAzNDM0MzAzMDMwNTU1QjAwMzEzMjMwMzUz
MjM0MzAzNDM0MzAyQzU0NDE0MjMwMzAzMDMwMzAyQzJEMzAzNTMxMkUzMTJD
MkMzMTMyMkUzNDMzMkMzNDJFMzAyQzMzMzYzMDMwMkMzNjMwMkMzNjMwMkMz
MTJDMzAzMDM1MzczMDJDMzMyRTM0MzIyQzMxMkUzMjM2MkMzMTMzMzQyQzMw
MkMzMDJFMzEzNzMyMkMyQjMwMzAyRTMwMEQwQUU5MTA1N0IyRThBRTdGMDA2
NzAyM0EwMDAwNTczMjMwMzEzMjMwMzUzMjM0MzAzNDM0MzAzMDMwRkY0RDAw
MDA4MEZCNDQwMDAwMDM0NDAwRTAyQjQ3MDAwMERBNDIxMzM2OTgzRkRDOThF
OTQwQTk3NzFDNDA4MDkxRUUzRjQ2NzUxMjQxODlCMDBDNDBFRjM1MTA0MTMx
QUNFNTQwMDEwMDIwNDFDQjM3MUU0MUE5NDVGODNGQjYzOTZFNDM3ODcwMzM0
MjY3RTUyMzNDRDExQjczQzZFRTg3N0YwMjk2MDIzQTAwMDA0QjU2NDgyMDM3
MzIzMDMxMzIzMDM1MzIzNDMwMzQzNDMwMzAzMDMzMDAwMDAwMjk1QzhGM0Qw
QUQ3QTMzQkJBMzk2RTQzNzM3MDMzNDI1MDAzODA0Mzk5OUIxNDQyQzdGMDg0
NDNFMDg5RUQ0MTI3NTU4NzQzOERFOTAyNDI3MDIwODg0M0M2OEEzRTQyRTYz
Qzg4NDMyQjJFNTU0MkQyNTM4ODQzRUJCRDJFNDI1NzU2ODk0Mzg2QjcxMDQy
NEFFODg3NDM1RkM0MTI0MjNFNjI3ODQzQTlEQjM1NDIzMDQ5NUY0M0EwQ0Mz
MzQyNzBBQzU2NDM4RjQ4MkQ0MjdCRTQ1MjQzMDMwNDM1NDIzNTY4NTc0MzI1
QUQ0NTQyQUQxRTVFNDM1NTE1NjE0MjZBMjE1RTQzREY5ODg0NDJBQ0UxNTc0
MzlDOEI5MjQyMTkwMDE1NDM0QTZEODQ0MjBCNkQyODQzOUVDMTY3NDJDNUQ2
NTE0MzREMDE1NjQyQkIyQTY2NDM2NDU3NEU0MjBGOTE1QjQzQTc1NzY0NDJF
NTE3M0M0MzJBNEQ3MTQyNjcxODMzNDMxRTlGNkI0MjY4MTczOTQzQ0NDNzY1
NDJDNDkxMzU0Mzk5QjQ0OTQyNUNBQjJFNDMxMDZDMzk0MjlFN0QyOTQzRTYx
MjQ2NDI1NDg2MzQ0MzNBMzc1NzQyRUIxQjNBNDNCMzdDMzM0MjMzQkIyRDQz
QTFDNTFDNDJDODNBMjM0M0NBRkIxNDQyRUI5MzIxNDM0OEJGMkQ0MkFGMDkz
MzQzMkU3NjVFNDI0MDk3NDA0M0RFOTQ2RDQyMTJGRDE5NDM5NUJBNTE0Mjcy
OTkwNzQzMzVDNjQ3NDJDQjA5RTM0MjJCNkE0QjQyRTcyM0YwNDJDNDlENUM0
MkNBMjAxRjQzNjFEQTY3NDI5Q0UxMkQ0M0E2OEQ1RjQyRjBEMjI0NDNGQkZF
NjY0MjczNUIxNDQzRDUwMjYzNDI2NEM5MTE0MzJBRjU2MzQyRjJERjBENDNF
MzI0NzI0MjUzQjkxMDQzNzNDMDg0NDIzRjJCMEE0MzlCNjE4QjQyRjMwOEU2
NDJDRTNDODc0MjMxMzREQjQyQkE3NTg2NDI2NTgxMDI0M0RENDE4RjQyQjcw
NzBBNDNENjRFOTE0Mjc1MzAwRTQzQ0Y0QTk1NDI1QTI5REYzRTNFMTdDMTNG
Qjg4RTA5NDAzNTM3QTEzRkMwMzk3NTNGMEZGQzgxNDBENkEwQzc0MEYxODc5
MTQwRUM5MTRBNDBGQjM2NDk0MDZEMjIxOTQwMDMxODEyNDA1RDcwMDA0MDAw
MTA4NzNGREE1RDVBM0ZGMDZGMjczRjg5N0VGMjNFQzFGNjRGM0ZFODdBMDMz
RjlENzZFNjNFOEVGRkJGM0VFODBGRDgzRTY5OTk5NTNFQzUyMUE5M0U0NzZC
QTYzRTIyQjBFOTNFQUNGNEU0M0UxNEE0OTAzRTgwMURDRTNFMDdGRjMxM0Yx
QkU0MkMzRjA0QTdCODNFRUMyQTU0M0VENDM0QjgzRDhGQUFGNDNEMjk5MTNC
M0UzRDhGQjQzRDk2Q0UwRDNFQzM2Qzc5Mw==

--SBD.Boundary.605592468
PROCESS /noc/users/iridburst/exec/irid_300224010734970_upd.pl
Last Run  ----1970-01-01 00:00:00 
MONTH  5 
DATA  xxrecord 2012-05-24 05:00:05 :: $W5M5A,120524,050005,660d0028449ce246,1,DAS 2,4901.5431N,1621.2710W,13.1,148,16.2,14.4,13.3,91.3,11.9,13.3,91.8,12.0,1015.2,1.86,2.44,10,238,45*4D
 
INSERT
STATION sbdservice
IRID_ID 300224010734970
BODY 
Content-Type: application/x-zip-compressed; name="SBMmessage.sbd"
Content-Disposition: attachment; filename="300224010734970_003521.sbd"
Content-Transfer-Encoding: base64

JFc1TTVBLDEyMDUyNCwwNjAwMDUsNjYwZDAwMjg0NDljZTI0NiwxLERBUyAy
LDQ5MDEuNTQ2NE4sMTYyMS4yNzk5VywxMi4yLDE1NCwxNS4wLDE0LjQsMTMu
Miw5MS45LDExLjksMTMuMyw5Mi4zLDEyLjAsMTAxNS42LDIuMTgsMy4zLDEx
LjEsMjMzLDQwKjYwDQoNCiRXNU01QSwxMjA1MjQsMDYwMDA1LDY2MGQwMDI4
NDQ5Y2UyNDYsMixEQVMgMiwxMi45LDEzLjAsMC4yLDAuNCwwLjAxLDEyMTgs
MTIyOSwxNTYsNjI4LDAsMjQuNiwxNi4yMyw5MjUqNUENCg0KJFc1TTVBLDEy
MDUyNCwwNjAwMDUsNjYwZDAwMjg0NDljZTI0NiwzLDdGMDA3NTAyM0EwMDAw
NTMzMjMwMzEzMjMwMzUzMjM0MzAzNTM0MzAzMDMwNTU1QjAwMzEzMjMwMzUz
MjM0MzAzNTM0MzAyQzU0NDE0MjMwMzAzMDMwMzAyQzJEMzAzNTMxMkUzMTJD
MkMzMTMyMkUzNDMyMkMzNDJFMzAyQzMzMzYzMDMwMkMzNjMwMkMzNjMwMkMz
MTJDMzAzMDM1MzczMDJDMzMyRTM0MzIyQzMxMkUzMjM2MkMzMTMzMzUyQzMw
MkMzMDJFMzEzNzMyMkMyQjMwMzAyRTMwMEQwQUVBMTAwNDJGNjY1MzdGMDA2
NzAyM0EwMDAwNTczMjMwMzEzMjMwMzUzMjM0MzAzNTM0MzAzMDMwRkY0RDAw
MDA4MEZCNDQwMDAwMDM0NDAwRjA1MjQ3MDAwMEQ4NDI3RjBEQjczRjg0NjRF
QzQwQjk3QjUzNDA2MjZEMEI0MDk5QzIxMDQxNTU4MTI2NDA2QUYyMEU0MTM4
RDlFQzQwMURDNzMxNDEyOUE2Mjg0MTEzMTgxNTQwMTZEQzY4NDM0ODQzMjE0
MjgyQTQ3MjNDQTkxQUZFOUVEQjJCN0YwMjY2MDIzQTAwMDA0QjU2NDgyMDM3
MzIzMDMxMzIzMDM1MzIzNDMwMzUzNDMwMzAzMDJGMDAwMDAwOTk5OTk5M0Qw
QUQ3QTMzQjFBREM2ODQzNDY0MzIxNDI0NzBEODY0M0I2QTIyOTQyQUI2Nzg4
NDM1RjI5MEU0MkM2MTY4OTQzMTRCMEVCNDEyQ0YyODg0MzlEMzVFOTQxMDY3
MTg4NDNBRDBFMDQ0MjE3MjU4MTQzMDkwRjExNDIyRkFDNzc0M0M4OTEwNzQy
MDVGODc3NDM4NjE0MTU0MkNEMUQ3OTQzM0JGMTMwNDJGN0FENjg0MzgxMjM0
RDQyMzg2MzUzNDM4ODZBNDU0MjA2RTM0OTQzMjE3MjNBNDJCNEI3NDc0M0Mx
OUUyMzQyNzQ5QTQ0NDMzQzkyMUQ0MjY1REY0MzQzM0NBRTQ2NDI1Q0E0NDU0
MzAxM0I2MzQyNTk5MjM2NDNEMkIxNTE0MkNEMjgyQTQzRjYwQjI2NDJENEU1
MkI0M0VGMzYxQjQyRjQ0MTM2NDNEMkM2MzM0MkRGNkUzMjQzNzk0NjQzNDJG
ODQ0Mjg0M0FEMkM1OTQyODRERDMwNDM2RDMzNkU0MjdGQkMzMjQzOTJGRTY5
NDJGMUU5Mjg0MzU3MTE1OTQyNzY4RDFDNDM0RjA2NEU0MkJDODgxQjQzRkFC
OTRENDJCQUJFMjQ0MzAxMzQ1NDQyRDkyOTE3NDM5ODNBNTM0MjZDRTgwRjQz
MUFEOTQwNDIzMjI3MUE0MzU5MkI0MjQyMUM2RDFGNDM1QkY4NTA0MjU4MDcy
MjQzOUFBQjY2NDJFQTMxMzI0M0MzNzI2RjQyMzhBNzE3NDMzQUQyNkQ0MkYx
QkFGMDQyOTZGNzRBNDIyMjE5MDE0MzQ1RDk1ODQyQjNBMDE5NDNFOUNFNkU0
MjdGMDkyMjQzM0FBNjY5NDI3QjFCMUY0MzI0NDM2MDQyMUQ1NTE3NDNGN0Qx
NUU0MjVENTIxODQzNTQzMjZENDI3MzgzMUE0MzEyQzk3RDQyODI0MTBCNDNF
NUQxNzU0MkFFNTcwQzQzNzlFMDZGNDI1MjIzMDY0M0YxNjg4NDQyQUY0RTEz
NDMwN0Y1ODk0MkVGQ0MwRTNGREQ0NEM3M0Y0NUQ4OTQ0MDQ4NTZGQTQwNkU2
N0IzNDA5MkJEODA0MDhCQURCNTQwNEVDNkE4NDBGRkYyMkI0MDQ1QUQxQjQw
MDc4RTJCNDA5RDNDNUQ0MDBEMjUxRDQwMkY5QjI3NDA2NEMwQkYzRkE3NTBB
NTNGMzA2Q0E5M0YyNzlENzYzRkVDNjY5QjNGNzgzNDRBM0ZCMkJDMjIzRjI0
N0UxNjNGMzNCNDI1M0Y2QkE4M0IzRjFBNjcxNzNGODdGQkQxM0UzRjRDREEz
RTVCQUNEODNFMTk5N0MzM0UyNjgyMkQzRjc5NzVBNDNFNDZBRjhGM0U4REY5
QkUzREFBQjMyMDNFQjlFMEYyM0Q0M0NCNDIzRTJGNzU1QTNFQzA5NzRDM0Uz
RUJFMEEzRTlCQjUzMjNFNTAwNDI5M0VDNDUxRjgzRDZDOTBERTNERDlDREUx
M0QxOThEREEzRDlEMEE5QjNENTFDRjEyMw==

--SBD.Boundary.605592468
PROCESS /noc/users/iridburst/exec/irid_300224010734970_upd.pl
Last Run  ----1970-01-01 00:00:00 
MONTH  5 
DATA  xxrecord 2012-05-24 06:00:05 :: $W5M5A,120524,060005,660d0028449ce246,1,DAS 2,4901.5464N,1621.2799W,12.2,154,15.0,14.4,13.2,91.9,11.9,13.3,92.3,12.0,1015.6,2.18,3.3,11.1,233,40*60
 
INSERT
STATION sbdservice
IRID_ID 300224010734970
BODY 
Content-Type: application/x-zip-compressed; name="SBMmessage.sbd"
Content-Disposition: attachment; filename="300224010734970_003522.sbd"
Content-Transfer-Encoding: base64

JFc1TTVBLDEyMDUyNCwwNzAwMDUsNjYwZDAwMjg0NDljZTI0NiwxLERBUyAy
LDQ5MDEuNTYyM04sMTYyMS4zMTk3VywxMi41LDE1MCwxNi43LDE0LjMsMTMu
Myw5MC42LDExLjgsMTMuMyw5MS4yLDExLjksMTAxNi4wLDEuOTIsMy42NSwx
MCwyMzUsNDIqNDENCg0KJFc1TTVBLDEyMDUyNCwwNzAwMDUsNjYwZDAwMjg0
NDljZTI0NiwyLERBUyAyLDEyLjksMTMuMSwwLjIsMC41LDAuMDEsMTIxOSwx
MjMwLDE1Niw2MjgsMCwzMC40LDE1Ljg0LDkyNio1OA0KDQokVzVNNUEsMTIw
NTI0LDA3MDAwNSw2NjBkMDAyODQ0OWNlMjQ2LDMsN0YwMDc1MDIzQTAwMDA1
MzMyMzAzMTMyMzAzNTMyMzQzMDM2MzQzMDMwMzA1NTVCMDAzMTMyMzAzNTMy
MzQzMDM2MzQzMDJDNTQ0MTQyMzAzMDMwMzAzMDJDMkQzMDM1MzEyRTMxMkMy
QzMxMzIyRTM0MzgyQzM0MkUzMDJDMzMzNjMwMzAyQzM2MzAyQzM2MzAyQzMx
MkMzMDMwMzUzNzMwMkMzMzJFMzQzMjJDMzEyRTMyMzYyQzMxMzMzNjJDMzAy
QzMwMkUzMTM3MzIyQzJCMzAzMDJFMzAwRDBBRjIxMEZFRDgxNDI3N0YwMDY3
MDIzQTAwMDA1NzMyMzAzMTMyMzAzNTMyMzQzMDM2MzQzMDMwMzBGRjREMDAw
MDgwRkI0NDAwMDAwMzQ0MDAwMDdBNDcwMDAwRTQ0MjM4REFBMTNGNzhEQ0Uw
NDBENDk5Njk0MDUxMDdGNjNGRjlGMzEwNDEyRjc2MUE0MEE4NUMwQjQxOTM4
NURGNDAwMTAwMjA0MUIyODAxRTQxQkZEMDA0NDA5NDJBNkI0M0UxOUUyNjQy
Q0Q4NTNDM0NFODFDOTNCRUQ1REY3RjAyOEEwMjNBMDAwMDRCNTY0ODIwMzcz
MjMwMzEzMjMwMzUzMjM0MzAzNjM0MzAzMDMwMzIwMDAwMDA5OTk5OTkzRDBB
RDdBMzNCOTgyQTZCNDNFMjlFMjY0MjE2RTU3OTQzMzgyRDQ1NDI3NkNDODA0
MzBDMDkxNTQyODhFQTgyNDMzODc5RTI0MTA2NzY4NTQzRTMwOUZCNDFEMzRF
OEI0M0IxOEEwMzQyNjdFMjhDNDM5ODZFRUU0MUExQjg4OTQzM0Q3NzEyNDI2
NUZDODA0MzBGQzMzQjQyQTRCMDcxNDNGNDQwMzg0MjAwQzk2OTQzMUZGNjM0
NDJFNUY0NjI0MzExRTM0MDQyQzE3NDVCNDMxNzc5NUY0MjVGNTE0OTQzRjBG
NTYyNDI4Njc1M0Q0M0UxQTU0QTQyOTIyOTM4NDNFMjUyNUI0MjU2NjczOTQz
N0I2QjY3NDJDOUQyM0I0MzhGMjk2NzQyM0U2MjQzNDNERDYwNEU0MkIwMjI0
OTQzMDhDQzM0NDJCNzI4NDA0MzNGQjczNDQyREI2RDNCNDM5MzAzMkM0Mjgz
M0QzODQzRkNDMzFFNDIyNDQ1M0E0M0NCN0QwRTQyNDlGQjM5NDM0MjkzMTg0
MjNERkUzMDQzNjlBQjJFNDIxMzlDMjM0M0VCMjk0MTQyQUZDQjFDNDNFNTBG
MzU0MkREQkIxOTQzQTQ5QjIxNDI4NTlBMTU0MzQyOTcyQTQyNjQ3NDFBNDM4
NEJCNTU0Mjg2NDAxRTQzQjI1OTc0NDJGQUUxMjg0M0QwQjI1NTQyODdCMTI3
NDM3ODMzMzE0MjFGQ0IyMzQzQjg3QTQwNDIyMUVBMUM0MzVCOUY1QzQyOUVD
NjE2NDMxODNGNEQ0MkE1OUIyMzQzODNBQjU1NDI0RjMwNDE0MzRBRDQ3RDQy
NzY3NzRBNDM4MTM2OEI0MjBDOUUwQjQzNUE3RDg3NDIzOEE5RTY0MjNGQTE2
OTQyMkRDQUU1NDIwMzQ0NzA0MjgwRTUwNDQzRjMxODgzNDIzMkVGMTA0MzUy
Mzg4ODQyMjhBNjNBNDM5RUQ0OEM0MjhEQ0QzMTQzNjBDMDhDNDJCNjExMDY0
M0Q4MzY4QTQyNUU4RkUxNDI2RjA2ODM0MjAzNkRGNDQyQ0EwMjg2NDIwODhC
MEE0M0FGRDg4QzQyMEJFOTA4M0YxNjMzNEIzRjE2OUUzQTQwNUNGMTdCNDAw
NzU2OEM0MDIxOEJCNjQwMEZGQjhENDBBNDFFMjA0MEMzRTVERjNGOEIxMTZB
NDBCMjRCNDg0MEVERTk4QjNGNEJDMTY5M0Y0QkEzQjYzRjM4RTQ3RDNGRDA4
M0MzM0Y2MzdENjczRjU2RDk0MjNGRkY0RjE5M0Y1OUMxNDAzRkI5QzI0MTNG
NzRCMjJEM0Y1NUIxOUIzRkZBQUU4QTNGMEREMzRFM0ZGMURGMEQzRkNCRjgw
MzNGMkFGRTM5M0ZFODNGQTMzRTg1NUIzRTNFQzEwRUY4M0Q2RjM4OTkzRTgx
MUUyMzNGRTUyREFEM0UxQkMzODYzRUY3REUzNjNFQUI1MzExM0VEMjM3MjUz
RTAyNTFFMzNEOEQ1QURCM0Q1ODkzQkIzRA==

--SBD.Boundary.605592468
PROCESS /noc/users/iridburst/exec/irid_300224010734970_upd.pl
Last Run  ----1970-01-01 00:00:00 
MONTH  5 
DATA  xxrecord 2012-05-24 07:00:05 :: $W5M5A,120524,070005,660d0028449ce246,1,DAS 2,4901.5623N,1621.3197W,12.5,150,16.7,14.3,13.3,90.6,11.8,13.3,91.2,11.9,1016.0,1.92,3.65,10,235,42*41
 
INSERT
STATION sbdservice
IRID_ID 300224010734970
BODY 
Content-Type: application/x-zip-compressed; name="SBMmessage.sbd"
Content-Disposition: attachment; filename="300224010734970_003523.sbd"
Content-Transfer-Encoding: base64

JFc1TTVBLDEyMDUyNCwwODAwMDUsNjYwZDAwMjg0NDljZTI0NiwxLERBUyAy
LDQ5MDEuNTcwMU4sMTYyMS4zMzkzVywxMS4yLDE0MywxNC4xLDE0LjMsMTMu
NCw4OC4zLDExLjUsMTMuNSw4OC45LDExLjcsMTAxNi44LDEuOTQsMywxMS4x
LDIzNiw0NSo3Rg0KDQokVzVNNUEsMTIwNTI0LDA4MDAwNSw2NjBkMDAyODQ0
OWNlMjQ2LDIsREFTIDIsMTMuMCwxMy4yLDAuMiwwLjQsMC4wMSwxMjIwLDEy
MzEsMTU2LDYyOCwwLDMzNy41LDE2LjIzLDkyMyo2OA0KDQokVzVNNUEsMTIw
NTI0LDA4MDAwNSw2NjBkMDAyODQ0OWNlMjQ2LDMsN0YwMDc1MDIzQTAwMDA1
MzMyMzAzMTMyMzAzNTMyMzQzMDM3MzQzMDMwMzA1NTVCMDAzMTMyMzAzNTMy
MzQzMDM3MzQzMDJDNTQ0MTQyMzAzMDMwMzAzMDJDMkQzMDM1MzEyRTMxMkMy
QzMxMzIyRTM1MzQyQzM0MkUzMDJDMzMzNjMwMzAyQzM2MzAyQzM2MzAyQzMx
MkMzMDMwMzUzNzMwMkMzMzJFMzQzMjJDMzEyRTMyMzYyQzMxMzMzNzJDMzAy
QzMwMkUzMTM3MzEyQzJCMzAzMDJFMzAwRDBBRjAxMEIyN0ZERENEN0YwMDY3
MDIzQTAwMDA1NzMyMzAzMTMyMzAzNTMyMzQzMDM3MzQzMDMwMzBGRjREMDAw
MDgwRkI0NDAwMDAwMzQ0MDA4ODkwNDcwMDAwREM0MkU1Qzg5QjNGMThGNEU4
NDBFNDJGNDA0MDRBRUNGNzNGNjNFQjEyNDEwMTBDMUQ0MDk5RjMxRDQxRUI5
NUUxNDAxREM3MzE0MTZEMkQyNDQxNkI5OEZDM0ZEQTJBNkM0MzQ3QTczMjQy
OUM1NDI3M0MxQTFFMTg4MDBBQzE3RjAyQTIwMjNBMDAwMDRCNTY0ODIwMzcz
MjMwMzEzMjMwMzUzMjM0MzAzNzM0MzAzMDMwMzQwMDAwMDAyOTVDOEYzRDBB
RDdBMzNCREUyQTZDNDM0M0E3MzI0MkI4REU4MjQzRjNCODMxNDJBRUQxODc0
MzU3MEEyMjQyQjE0MjhBNDNCM0MzMzQ0MkExN0U4RDQzOTA4MTIwNDJENkUx
OEI0MzJDQUIxMDQyRUQwQjg4NDNGQ0FCMTk0MkVDQUE4NTQzMEFDODIwNDIz
QzAyODQ0MzdBMjkyNzQyNEI3MjdFNDM1RTM5MzQ0MjQ4QzA3MTQzRDlCMzJG
NDIwNkJGNjk0MzY2M0EyRjQyMzY5MTVDNDNFNDZENDg0MjdCOUYzRDQzMDc2
RDQ0NDI3MkZEM0Y0M0E5NUIzQTQyNzcxNzUwNDM0NDJEM0I0MjUzQUM0RDQz
NDYwMTRGNDI4MENGMzE0Mzg4RTI1MDQyQzhERjI2NDMzRTFFMzE0MkNENzkz
MjQzRTE1MDM1NDJDNEM1M0M0M0NDRTc0MTQyNDUxQzJGNDNBNDFCNEQ0MjQz
MjExNjQzQ0M4NjUzNDIwRUE1MUQ0MzY3MEY1MDQyNjgwQjMzNDMzRTM2Mzc0
MjcyODUzQzQzRjUwMTUwNDJBREUzNDA0M0U5NkE3NjQyRjYxMjJGNDM0MUNG
NkE0MjA4NjYxRjQzNDc4ODM4NDJGMjJCMUU0MzRDMzcyNjQyRDVFQTIzNDNF
MDVGMzQ0MkE0MEIyNTQzOTNDNjMzNDIyNTkyMjU0MzgyNDIzQjQyQkZBMDFF
NDM0MEMzNTY0MjZCQ0UyNjQzNkY3MzYxNDJGRDVCMkY0M0RFNDM0QTQyRkRD
MDI5NDMzMkVDMzg0MkNGMTUyMTQzNjcxRTRBNDJBNTE4MUI0MzNENzc2MTQy
MThENDE4NDMxQTU3NzQ0MkY1MjAxODQzQzg3MzgyNDJGNjNCMTg0MzgxODI4
NzQyOEEyMzM1NDM1QjlGODI0MkU4QkIzRDQzRTU4RjdDNDI3RDRCM0M0MzVG
MTE4QTQyODM0MDBFNDMxMDZDOEY0MkFBOEExMjQzNDg1MDgwNDJFNEE2MTg0
Mzk4OTk4NTQyM0E1M0U0NDI4RDQxOTA0MkE5NzJEQjQyREIxMTg5NDIzMzNC
RUY0MkREQ0U4NjQyNEJBMjA3NDM3NDMxOEM0MjA4NTYwNzQzNzRFMDhFNDJE
NjM5RjQzRTMwMDk4NDNGNDJBRERGM0ZEQTI1MEY0MEVGMTA4RTQwRUM2MjhB
NDAxOTA1NzY0MEVCMDY1QjQwNEIzMDUxNDBFQTAxMjA0MDA4M0VGMDNGREU1
NzY5M0YzQzY0NjEzRkNBMTBGNDNGN0E2NDE4NDA3MEM5RDQzRjhBNEQ3OTNG
MkQ2Mjc4M0YxNzc0MkEzRjQyMzYxNDNGNzM0NjJCM0Y3Q0RGMDUzRkFDRUND
QjNFN0ZDRkY4M0VFRjQ3NjgzRTU0NEU5MzNFODZGM0ExM0UwN0E1QTMzRTlB
NDA3ODNFRjA5RkM1M0VDQzdDMjgzRkJBMTBENzNFNzc0QjM3M0U1REZGMDYz
RTk1ODRBMTNFMUM0RTg4M0U3RTU0NDQzRQ==

--SBD.Boundary.605592468
PROCESS /noc/users/iridburst/exec/irid_300224010734970_upd.pl
Last Run  ----1970-01-01 00:00:00 
MONTH  5 
DATA  xxrecord 2012-05-24 08:00:05 :: $W5M5A,120524,080005,660d0028449ce246,1,DAS 2,4901.5701N,1621.3393W,11.2,143,14.1,14.3,13.4,88.3,11.5,13.5,88.9,11.7,1016.8,1.94,3,11.1,236,45*7F
 
INSERT
STATION sbdservice
IRID_ID 300224010734970
BODY 
Content-Type: application/x-zip-compressed; name="SBMmessage.sbd"
Content-Disposition: attachment; filename="300224010734970_003524.sbd"
Content-Transfer-Encoding: base64

JFc1TTVBLDEyMDUyNCwwOTAwMDUsNjYwZDAwMjg0NDljZTI0NiwxLERBUyAy
LDQ5MDEuNTcxNU4sMTYyMS4zNTM4VywxMy4xLDEzNywxNi4yLDE0LjMsMTMu
NSw4Ny4wLDExLjQsMTMuNiw4Ny42LDExLjUsMTAxNy41LDEuODQsMi44MSwx
MC41LDIyOCw0NSo1Mw0KDQokVzVNNUEsMTIwNTI0LDA5MDAwNSw2NjBkMDAy
ODQ0OWNlMjQ2LDIsREFTIDIsMTMuMywxMy41LDAuMiwwLjQsMC4wMSwxMjIx
LDEyMzIsMTU2LDYyNywwLDMzMS4wLDE2LjIzLDkyNSo2NQ0KDQokVzVNNUEs
MTIwNTI0LDA5MDAwNSw2NjBkMDAyODQ0OWNlMjQ2LDMsN0YwMDc1MDIzQTAw
MDA1MzMyMzAzMTMyMzAzNTMyMzQzMDM4MzQzMDMwMzA1NTVCMDAzMTMyMzAz
NTMyMzQzMDM4MzQzMDJDNTQ0MTQyMzAzMDMwMzAzMDJDMkQzMDM1MzEyRTMx
MkMyQzMxMzIyRTM4MzEyQzM0MkUzMDJDMzMzNjMwMzAyQzM2MzAyQzM2MzAy
QzMxMkMzMDMwMzUzNzMwMkMzMzJFMzQzMjJDMzEyRTMyMzYyQzMxMzMzODJD
MzAyQzMwMkUzMTM2MzgyQzJCMzAzMDJFMzAwRDBBRjgxMDMxOUM2NDY0N0Yw
MDY3MDIzQTAwMDA1NzMyMzAzMTMyMzAzNTMyMzQzMDM4MzQzMDMwMzBGRjRE
MDAwMDgwRkI0NDAwMDAwMzQ0MDAxMEE0NDcwMDAwRjA0MjMzQzQ5MTNGOUE4
OEQ1NDA1QTIzMzQ0MDE4MjVFQjNGNUVFQjBENDE3RUY2MTg0MDY2RDAwRjQx
MzE4QUQ5NDBDQTZCMjg0MUIyQTQyNTQxQkVGQkY3M0Y0RkI5NjM0MzI2Q0Mz
NTQyNDlGNzIzM0M5MTFEMDc1RkU4OTk3RjAyQTIwMjNBMDAwMDRCNTY0ODIw
MzczMjMwMzEzMjMwMzUzMjM0MzAzODM0MzAzMDMwMzQwMDAwMDA5OTk5OTkz
RDBBRDdBMzNCNTNCOTYzNDMyM0NDMzU0MjUyMEE3QzQzMUNEODM0NDJBQ0E5
ODI0MzZDNEQyNjQyRTJDMjg1NDMwOTVEMUI0Mjc0NEY4NjQzRERBNjFDNDIy
M0E5ODU0M0UyRUEyMTQyRjFDODg0NDM2RjBBMUQ0MkI2MTU4MzQzQjk1QTFE
NDI4MEM3NzU0MzEzQTAzMzQyQkVBQzZFNDMyRkY0NDQ0MkZDQUQ3QzQzREE5
NjU0NDJCNDJFN0E0MzNCM0Q0NjQyNTFFNjVFNDM1NTBBMzA0MjM3MzQ1MzQz
OUQwMDMwNDI0MzBDNTA0MzZFMDI0QTQyNzJCMjRGNDNCNDcxNUQ0MkZBNjUz
QzQzMEQ4QTU0NDJGODRCMzE0M0RDRUE0MDQyNUE3NjMyNDNCRTY0MzM0MjY3
ODAzNzQzODVFRTMyNDJCNzZEM0M0MzYzMjAyNjQyNjQ1NDNGNDNGMjlCMjU0
MkY1NzUzQzQzOTc4NDU3NDJFQzkxMUQ0M0Q0QjQ2MjQyRURCRTE4NDM5RTU0
MzA0MkQxQkExRTQzMTBGNzJCNDI2OUJEMkM0MzMzRkYzMDQyQjkzNTNBNDNE
QjIxMzk0MjYyRDEzMjQzNzJFRjUxNDIyMzkzMUY0Mzk4NzI1QTQyQzYzNjBG
NDM1MzA1NkM0MjM4RUZGRjQyN0FBMzY5NDIxRTI1MUQ0M0MxQ0M2QjQyOTAy
NTJENDMyMzMwNkI0MkRBOTkyMTQzNzhDRjZCNDIwMjAyMTg0MzY2NUY2MDQy
QUNDRTE3NDM3RUU5NTc0MjMwQ0IxNTQzNEZERDYwNDJBNUY1MEQ0M0JGOEE2
RTQyMEMzMDExNDNENTQ0NjY0MjNBREUxQTQzNDUyMTY4NDI3MEI1MDc0M0U3
NTg3QTQyNjc1MEU4NDJGQTM2ODE0MkFCNTQxMzQzMzRCMDg1NDIyRTZBMTc0
MzA2RDk4MTQyRDA5RjA5NDM2Qzg3ODE0MkRCMEUwODQzMTgxOTgzNDJFMUQz
MDc0M0E1MEE4NTQyMjgwRUZFNDJFMTgwODg0MkNFNUFFODQyNUIxNDhENDJB
MzIwMDY0MzQwNDk5MjQyREVCQzFENDMyMjk4OTg0MjA1RjZCRjQyRDM0Qzky
NDIyRDlGRjkzRTAzMEI2RjNGRjVGM0Q0M0Y4QUQ5OEY0MDlBRTk5MjQwQUQ5
RTJFNDBDNTQxMkY0MEE3OTAwRjQwQjI2NjI2NDBGOEU4NzIzRjFCOTM5MjNG
MUM2QjI1NDAyMEU0Mjc0MDU2MEFCNTNGRTg2RTExM0Y2MjNBODQzRjJBQjhE
MTNGNzlDNUM4M0YyRUFFQjQzRkQ4OTU1NTNGOTM1RTRGM0Y4RDQxQUYzRTND
RjU0NTNFNTQ3QkJGM0U3QjZEQUQzRTg1NTJEQTNFRkY2NUY4M0VGQTNBQjYz
RTc1MjVDNDNFMDg3MzkxM0UzMEVBOUEzRTM5NENBOTNFRDBERUQ4M0U2QzY3
QUYzRUMyOTYzNzNFOUE0ODhDM0U0NDFBMg==

--SBD.Boundary.605592468
PROCESS /noc/users/iridburst/exec/irid_300224010734970_upd.pl
Last Run  ----1970-01-01 00:00:00 
MONTH  5 
DATA  xxrecord 2012-05-24 09:00:05 :: $W5M5A,120524,090005,660d0028449ce246,1,DAS 2,4901.5715N,1621.3538W,13.1,137,16.2,14.3,13.5,87.0,11.4,13.6,87.6,11.5,1017.5,1.84,2.81,10.5,228,45*53
 
INSERT
STATION sbdservice
IRID_ID 300224010734970
BODY 
Content-Type: application/x-zip-compressed; name="SBMmessage.sbd"
Content-Disposition: attachment; filename="300224010734970_003525.sbd"
Content-Transfer-Encoding: base64

JFc1TTVBLDEyMDUyNCwxMDAwMDUsNjYwZDAwMjg0NDljZTI0NiwxLERBUyAy
LDQ5MDEuNTYyMU4sMTYyMS4zNDIyVywxMi44LDEzOSwxNS40LDE0LjMsMTMu
Niw4OC4zLDExLjcsMTMuNiw4OS4yLDExLjgsMTAxNy44LDEuNzUsMy4xNiwx
MS4xLDIyNyw0MCo1Qw0KDQokVzVNNUEsMTIwNTI0LDEwMDAwNSw2NjBkMDAy
ODQ0OWNlMjQ2LDIsREFTIDIsMTMuNywxNC40LDAuMiwwLjQsMC4wMSwxMjIy
LDEyMzMsMTU2LDYyOCwwLDM1NS45LDE2LjIzLDkyMyo2Rg0KDQokVzVNNUEs
MTIwNTI0LDEwMDAwNSw2NjBkMDAyODQ0OWNlMjQ2LDMsN0YwMDc1MDIzQTAw
MDA1MzMyMzAzMTMyMzAzNTMyMzQzMDM5MzQzMDMwMzA1NTVCMDAzMTMyMzAz
NTMyMzQzMDM5MzQzMDJDNTQ0MTQyMzAzMDMwMzAzMDJDMkQzMDM1MzEyRTMx
MkMyQzMxMzMyRTM4MzMyQzM0MkUzMDJDMzMzNjMwMzAyQzM2MzAyQzM2MzAy
QzMxMkMzMDMwMzUzNzMwMkMzMzJFMzQzMjJDMzEyRTMyMzYyQzMxMzMzOTJD
MzAyQzMwMkUzMTM2MzMyQzJCMzAzMDJFMzAwRDBBRjgxMDI1RkUwRjk2N0Yw
MDY3MDIzQTAwMDA1NzMyMzAzMTMyMzAzNTMyMzQzMDM5MzQzMDMwMzBGRjRE
MDAwMDgwRkI0NDAwMDAwMzQ0MDA5OEI3NDcwMDAwREM0MkM5Nzg5MTNGQjAy
MUU4NDA1NjFBNEE0MEI2NDJFMDNGQThFRDA4NDFCRTY2MEU0MDdGRTMwODQx
M0NDQURENDAxREM3MzE0MTk4MjMyMzQxQ0M0MUU5M0YxQkUwNjI0MzU1QTQx
RjQyMUI0QzEwM0M5NjFDMTg3RDE2NTk3RjAyQUUwMjNBMDAwMDRCNTY0ODIw
MzczMjMwMzEzMjMwMzUzMjM0MzAzOTM0MzAzMDMwMzUwMDAwMDAyOTVDOEYz
RDBBRDdBMzNCMUVFMDYyNDM1NUE0MUY0MjdEQzY3MzQzNTE1RTI4NDI1MEYy
Nzk0MzlFODYwQTQyN0M4NTgwNDNCRDY5RUM0MUQ3RjA4MjQzOUJFNUMxNDE2
NEJFODM0M0IyMThDNTQxNURDRjgyNDNBNkMwRkQ0MTEzNTI3RjQzMjRBMjBG
NDI0MTJDN0U0MzIzQzRGQTQxOTAzRTgwNDM5NjEzMTI0MjlEQzA3MzQzOURE
ODNCNDI1NjJGNUY0MzVEQjYyMjQyNEZEMzVGNDNCOTU4MTg0MkU1Qzg2MDQz
NjU4QTRENDJCNjc5NTE0M0NCQzI1OTQyMEREQTQwNDM1N0E4NDg0MjM1MUUz
NTQzOEQxNzM5NDJEMzk3Mzc0MzI0NUI0MzQyQUVCNjM0NDM3MEVBNEU0MjIw
M0QyNDQzNjUxODQ3NDIwMEU3MUU0MzY1MUYzQTQyNEYxMjJFNDM3ODU5M0U0
MkQyNUEzNTQzNEVGMzNFNDI4NDlEMjg0MzRENTg0NzQyM0Y0QjIyNDM4MUM4
M0Q0MjlBMDQyNzQzQzY4RDIzNDJEQTYwMkE0M0E0M0MyNDQyNjU2RTI0NDND
MEI4M0Q0MjBDQTExRjQzRjg1QzU5NDJBM0QzMjM0MzE4ODM2QTQyODBBRjIx
NDNBQTVBNjQ0MjhFNTMxQTQzN0NFRTVCNDIyQ0M1MUQ0MzA4Q0Y2ODQyOTYx
QzEwNDNCMjVEOEE0MjdGMjBGNTQyNkREODdFNDJBREIwMDM0M0MwRTM2QjQy
NzMyNTAzNDNBQUUzNUU0MkFBQTcwMzQzQzcyODYwNDI0OTc1MDI0M0JBRkY2
ODQyNTUyRDBFNDMwMDNENkY0MjdFMkQyNjQzODQ1Mzc2NDJEQzk4MjE0M0Y2
NEQ3NjQyOUY5MzFCNDNFNDgxNzg0MjlGMTIyMTQzNzUwMjgzNDIwMDNCMEQ0
M0FFNTA4RDQyMjVDQUI4NDJEQTY3ODg0MkI4NTY5MzQyMzI1NTg0NDJDOUJD
OTY0MjFDM0I5MjQyN0IyQUQ3NDJCNUU5OEU0MkI3M0RDNzQyMjIxNTgyNDI5
NDA0QjI0MkJFN0E4QjQyQjlFREIyNDI0OEI1OTY0MjE1QkVCMjQyRjJBMTk4
NDJBQkJENjU0MkJFNjM5MjQyOTk2MTY0M0U4NEIyMkYzRkJDNUMwODQwQ0E1
ODI4NDBFNkQxODM0MDkzNjVFQjNGRjBCNEVDM0YyRDFBNjM0MDQ3Mzc1NzQw
RUY5Q0Q3M0Y4M0M1MUM0MEM5ODJFRDNGMEJCNTI5M0ZGN0ZGOUEzRjdDRTI1
QzNGQTg5MDBBM0YyREExMjQzRjI4Q0M1MjNGRTIwQjM1M0ZENEQyODAzRjcy
NkUyNTNGODIwOTMyM0Y2OEM3MTEzRkQyMzg4MjNFNjc1REVBM0VFOTg2QkEz
RTlCOERCRTNFNDU4MUY3M0UzMzJFMDczRjdERDVBNTNFNDFENjhEM0VBMDBF
QTgzRTIxNEMwODNFQTY0NTE4M0U4RDkxNw==

--SBD.Boundary.605592468
PROCESS /noc/users/iridburst/exec/irid_300224010734970_upd.pl
Last Run  ----1970-01-01 00:00:00 
MONTH  5 
DATA  xxrecord 2012-05-24 10:00:05 :: $W5M5A,120524,100005,660d0028449ce246,1,DAS 2,4901.5621N,1621.3422W,12.8,139,15.4,14.3,13.6,88.3,11.7,13.6,89.2,11.8,1017.8,1.75,3.16,11.1,227,40*5C
 
INSERT
STATION sbdservice
IRID_ID 300224010734970
BODY 
Content-Type: application/x-zip-compressed; name="SBMmessage.sbd"
Content-Disposition: attachment; filename="300224010734970_003526.sbd"
Content-Transfer-Encoding: base64

JFc1TTVBLDEyMDUyNCwxMTAwMDUsNjYwZDAwMjg0NDljZTI0NiwxLERBUyAy
LDQ5MDEuNTM1OE4sMTYyMS4yOTI5VywxMy4xLDEzNywxNi41LDE0LjQsMTMu
Niw5MS44LDEyLjMsMTMuNiw5Mi40LDEyLjMsMTAxOC4yLDEuNzEsMi44NSw4
LjcsMjI2LDQ2KjYxDQoNCiRXNU01QSwxMjA1MjQsMTEwMDA1LDY2MGQwMDI4
NDQ5Y2UyNDYsMixEQVMgMiwxNC4zLDE0LjUsMC4yLDAuOCwwLjAxLDEyMjMs
MTIzNCwxNTYsNjI4LDAsMTI5LjEsMTYuMjMsOTI0KjYwDQoNCiRXNU01QSwx
MjA1MjQsMTEwMDA1LDY2MGQwMDI4NDQ5Y2UyNDYsMyw3RjAwNzUwMjNBMDAw
MDUzMzIzMDMxMzIzMDM1MzIzNDMxMzAzNDMwMzAzMDU1NUIwMDMxMzIzMDM1
MzIzNDMxMzAzNDMwMkM1NDQxNDIzMDMwMzAzMDMwMkMyRDMwMzUzMTJFMzEy
QzJDMzEzMzJFMzgzMzJDMzQyRTMwMkMzMzM2MzAzMDJDMzYzMDJDMzYzMDJD
MzEyQzMwMzAzNTM3MzAyQzMzMkUzNDMyMkMzMTJFMzIzNjJDMzEzNDMwMkMz
MDJDMzAyRTMxMzYzMzJDMkIzMDMwMkUzMDBEMEFFODEwQzg0NTRBMjM3RjAw
NjcwMjNBMDAwMDU3MzIzMDMxMzIzMDM1MzIzNDMxMzAzNDMwMzAzMEZGNEQw
MDAwODBGQjQ0MDAwMDAzNDQwMDIwQ0I0NzAwMDBFRTQyMDg0Qzg3M0ZDQTY5
RDg0MDM4NDczNjQwQzBBNkRBM0ZCQUU4MEE0MTU4NjIwQjQwQUQwQjE0NDEw
N0E5REI0MDY1MjEwQjQxMzkxNjFBNDE5REE1RTQzRkI0RTY2MTQzMEU4NDM2
NDI3QkY5MEEzQzNBMUI4MjUwNzAzNTdGMDJBMjAyM0EwMDAwNEI1NjQ4MjAz
NzMyMzAzMTMyMzAzNTMyMzQzMTMwMzQzMDMwMzAzNDAwMDAwMDk5OTk5OTNE
MEFEN0EzM0JCN0U2NjE0MzBDODQzNjQyNjA3QTdFNDM4QzhERkE0MTRBOTY4
MjQzREFEMzA2NDI1OTc5ODU0M0Q0QTEwNzQyOEM3OTg2NDNGMEQ2MjI0MjQw
RUQ4MzQzNDAyNzNENDI5MjExNzg0MzlGMzAzMjQyMTQzRjZBNDM0MURFMjE0
MkMyQTY2NjQzMUU2MjFFNDI3RTY4Njg0MzFFNzgyQjQyOUNCRTY1NDM2MUJE
MzQ0MjJCMzc2MTQzQjg0QTJENDIzMTZENTM0MzYzMUQyRDQyNjQ4RDQ0NDNF
NTY2MkU0MkFFMUI0QjQzRjUzMDQxNDIzQTA1NDg0MzVCQzE1MTQyMTUzQTMx
NDM4RjlFNTE0MjhGOEMyNzQzMkY5RjU2NDI4NEY0MkQ0MzMxRTg1RjQyNjNE
NDRCNDMyNzVCNjU0MjNDNTA1ODQzMDc4NDVFNDJDMTQ4NTE0M0RBODU0RjQy
NzY4MDNGNDM5MjM4NDk0MkVGRjEzMjQzQzM3MzRENDIxNTY3MzU0Mzk3QkU0
MzQyRTQwRDJFNDM3QjdDMkQ0Mjg0N0EyODQzREVGODNBNDIyMEVCMzI0M0Q3
QkY1QjQyMDMzQjM4NDMxMjk1NjU0MkQ3QTUyMDQzNkJBQTcyNDI2N0NBMDE0
MzRCNUQ2RTQyMDM0RjAwNDMzNTNFNzk0MkY1OTAwNTQzNTY3NDc4NDJERjE1
MEM0M0QzOEU2RjQyNUJEOTE5NDM3OTlFNzY0MkNDMzkxODQzQTAxNDc1NDJD
NjlDMDY0MzIwRDI2QzQyNUVCQkZGNDI3MEVGODA0MkFCMEYxNTQzNkRGMzhE
NDJBOTJEMkY0MzU3QzU4ODQyMkFENjI4NDNGQjFFODg0MkNFMzcwQTQzRDM0
QjgyNDI4RjQ1RjU0MkFFQkE3MTQyNkU2OTAzNDNEQzdGODI0MjQ2NjgwRjQz
M0UxQTg2NDI5QzdBMDE0MzQ0NEI4OTQyODZFOERENDIxRkQxOTU0MjU5N0E5
ODQyNjVCMTlCNDI4RjQ2OTY0MUIxMkE5QjQyNkJBODJFNDFFNTY3OTg0MjQw
NkEwOTQyNTI2RTlCNDJFMjA5Q0M0MjRBQTc5NTQyOEQwRkM2NDI5NEI5OEY0
MkE4OUU5NTNGQ0M3MjhGM0Y4MzA3M0M0MDNFMkU1NzQwMDNFRTMwNDBGQTFE
RjIzRjA2MEVDOTNGRjVCMjBENDAzRDhDNkI0MDFCNkMzQTQwNEFEOUMzM0Y2
NkRFNjIzRjM1ODA4NTNGQUNEODk4M0ZDNzE3N0IzRjNCRjgzQzNGRjE5NjZF
M0YxNDEyMEEzRjI2Nzk5NDNFOTg2OUQ3M0U4MEYyRTEzRThDMTdDMjNFOUVC
RkI1M0UzNUQ1QjkzRTYwNUEyQzNGMzIzNjBCM0YxNTAwQUIzRUU3OUNDNTNF
QjQxNjVEM0VFODI4RTkzRDlCMDE4RjNEMkRENDkyM0RGODJDNUEzRTgyMjU1
MTNFNDlENzY1M0VBOTQxODkzRUVEODBGQw==

--SBD.Boundary.605592468
PROCESS /noc/users/iridburst/exec/irid_300224010734970_upd.pl
Last Run  ----1970-01-01 00:00:00 
MONTH  5 
DATA  xxrecord 2012-05-24 11:00:05 :: $W5M5A,120524,110005,660d0028449ce246,1,DAS 2,4901.5358N,1621.2929W,13.1,137,16.5,14.4,13.6,91.8,12.3,13.6,92.4,12.3,1018.2,1.71,2.85,8.7,226,46*61
 
INSERT
STATION sbdservice
IRID_ID 300224010734970
BODY 
Content-Type: application/x-zip-compressed; name="SBMmessage.sbd"
Content-Disposition: attachment; filename="300224010734970_003527.sbd"
Content-Transfer-Encoding: base64

JFc1TTVBLDEyMDUyNCwxMjAwMDUsNjYwZDAwMjg0NDljZTI0NiwxLERBUyAy
LDQ5MDEuNTEzNE4sMTYyMS4yMzgzVywxMy43LDEzOCwxNi42LDE0LjUsMTMu
NSw5Mi4yLDEyLjMsMTMuNiw5Mi43LDEyLjQsMTAxNy45LDEuNzUsMi41MSw5
LjUsMjI4LDQ2KjYxDQoNCiRXNU01QSwxMjA1MjQsMTIwMDA1LDY2MGQwMDI4
NDQ5Y2UyNDYsMixEQVMgMiwxMy44LDEzLjksMC4yLDAuNCwwLjAxLDEyMjQs
MTIzNSwxNTYsNjI3LDAsMzI4LjAsMTYuMjMsOTI0KjYzDQoNCiRXNU01QSwx
MjA1MjQsMTIwMDA1LDY2MGQwMDI4NDQ5Y2UyNDYsMyw3RjAwNzUwMjNBMDAw
MDUzMzIzMDMxMzIzMDM1MzIzNDMxMzEzNDMwMzAzMDU1NUIwMDMxMzIzMDM1
MzIzNDMxMzEzNDMwMkM1NDQxNDIzMDMwMzAzMDMwMkMyRDMwMzUzMTJFMzEy
QzJDMzEzMzJFMzIzNzJDMzQyRTMwMkMzMzM2MzAzMDJDMzYzMDJDMzYzMDJD
MzEyQzMwMzAzNTM3MzAyQzMzMkUzNDMyMkMzMTJFMzIzNjJDMzEzNDMxMkMz
MDJDMzAyRTMxMzYzNjJDMkIzMDMwMkUzMDBEMEFFQjEwNzU0RDAzRkY3RjAw
NjcwMjNBMDAwMDU3MzIzMDMxMzIzMDM1MzIzNDMxMzEzNDMwMzAzMEZGNEQw
MDAwODBGQjQ0MDAwMDAzNDQwMEE4REU0NzAwMDBGQzQyQUM5RDg5M0Y2RkRG
Q0I0MEI2N0QyMDQwMkY3M0RGM0Y3QUJBMDQ0MUJBRkYwNzQwNjRENDEyNDE4
QkQ5Q0U0MDg2NjExODQxMEFFMjE5NDEwRjdGRTczRkY5RDM2MzQzQzYyRjM4
NDI1MTM4MEUzQzdFMUUyN0IxNEM0RTdGMDJBRTAyM0EwMDAwNEI1NjQ4MjAz
NzMyMzAzMTMyMzAzNTMyMzQzMTMxMzQzMDMwMzAzNTAwMDAwMDk5OTk5OTNE
MEFEN0EzM0JGQ0QzNjM0M0M1MkYzODQyQzVBMjgyNDMwOTRCMjE0MkUyMjk4
NTQzRUI2MTBFNDJENzZDOEE0MzU1QTQwQTQyMzZFOThBNDMwNjk3MjE0MjZC
Rjg4NTQzQTU4QTQxNDI3NUQ2ODM0MzMwRDIzQjQyRjZEQTgzNDM5OUEyMUU0
MjNBQkU3RTQzNTZDRDE5NDJCNjFENkU0M0Y0RjUyNDQyQTQwMTY3NDM0OEVB
M0Y0MjUyMzQ2RTQzOTY0QzQxNDJFODY1NkI0MzhENjMyNzQyNkFDQzVGNDMx
ODc2MUQ0MjhEQjQ1NjQzRTNDQzJENDI3Q0NDNDg0M0RFNTk2ODQyNjlGQzMw
NDNCRTgyN0U0MkU3OEMzMDQzRjZCRDZCNDI4ODNENDA0MzNFRTA1QzQyODZG
QTQzNDMyNzQ4NUI0MjM3QUIyRDQzNjBGQzQxNDI0OTE1MkI0M0QwQUIyMzQy
OThEODMwNDMxMDg4Mjg0MkQzNTgzMzQzQjY5RTM2NDJGRkE4MzQ0MzdDMkY0
QTQyQUVBNDIxNDM0MDc1NTE0MjI0RDkxNTQzNTdDRTNENDI5MzEwMUI0MzA1
REI0QjQyOTdCNjI0NDMwQTM5NUU0MjIwNUEzMjQzMzI2MDU3NDI2OTQxMkY0
MzMxMkYzRjQyMEY1NDJGNDNEQUVCNDA0Mjg5MzEyOTQzRjA5QjUyNDJFRkNB
MTY0MzNEREM1NDQyODMyRDBDNDMwNzU4NDg0MkQ1NTcwQzQzRkRGNzQ1NDI4
RUU0MEQ0M0YxQzQ1NTQyMjUxMzBENDNFREY5Njg0MjQ1OEUwNjQzNzAxRjY0
NDIyNUEzMDI0MzFGMTM1NDQyOEJBNDA4NDMzNUQ2NTQ0MkRFNEUxNjQzNDk1
NTVFNDJDOTkwMjg0MzYzMzY2QzQyNzY1NzMxNDM0MDBBNzk0MkNCNDYwRTQz
MjkxRDc4NDJERTlBRkQ0MkJBQkI3MzQyQkEwOEZDNDI4NDFFODY0MkI3NjJF
MjQyQjhBRDhCNDJDRkFBRDU0MkIzNEQ5MDQyOTFBRkM4NDI3MTQ2OTg0MjQ1
NzM5RDQyRjFCMzkzNDIyQ0Q1QzQ0MkE1OTg4QjQyRDhDOUU3NDJFOEJBOEY0
MkQyOTlGRjQyQTBCNDk4NDIwRkM0RTkzRTg4QUI3NzNGNkI0MUYzM0ZGOEJD
MTU0MDcwNTMzQzQwQ0MwOTJDNDA0ODg4NjE0MEI1NTYxMDQwMDVDNjZBM0ZF
RDRDQUQzRjlDNDlCRTNGQjBBNDBGNDA1MDgzRTgzRkM2QTBDNzNGNTFGMEE4
M0YxQjQ3NzEzRjNDMzcwMjNGRkY0NURFM0UzQUY3RUEzRTFGNTUwMzNGQjYy
MzVBM0YxNEJBOTgzRjcxMjIwNzNGNTFDNkVDM0VGQzlGQUYzRTdERTZDRTNF
QTBBQkI3M0UyQzA1QUEzRThCRjY4MDNFREMxMUFFM0VEODhDMDYzRjA4QkVE
MzNFNzE4OEU3M0U4OEVEQjQzRTc2QThBNQ==

--SBD.Boundary.605592468
PROCESS /noc/users/iridburst/exec/irid_300224010734970_upd.pl
Last Run  ----1970-01-01 00:00:00 
MONTH  5 
DATA  xxrecord 2012-05-24 12:00:05 :: $W5M5A,120524,120005,660d0028449ce246,1,DAS 2,4901.5134N,1621.2383W,13.7,138,16.6,14.5,13.5,92.2,12.3,13.6,92.7,12.4,1017.9,1.75,2.51,9.5,228,46*61
 
INSERT
STATION sbdservice
IRID_ID 300224010734970
BODY 
Content-Type: application/x-zip-compressed; name="SBMmessage.sbd"
Content-Disposition: attachment; filename="300224010734970_003528.sbd"
Content-Transfer-Encoding: base64

JFc1TTVBLDEyMDUyNCwxMzAwMDUsNjYwZDAwMjg0NDljZTI0NiwxLERBUyAy
LDQ5MDEuNDgzNU4sMTYyMS4xNzcwVywxMy43LDEzOCwxNy41LDE0LjUsMTMu
Niw5Mi42LDEyLjQsMTMuNiw5Mi45LDEyLjUsMTAxNy44LDEuNzEsMi44NCwx
MC41LDIyNSw0NCo1NQ0KDQokVzVNNUEsMTIwNTI0LDEzMDAwNSw2NjBkMDAy
ODQ0OWNlMjQ2LDIsREFTIDIsMTMuOCwxMy45LDAuMiwwLjQsMC4wMSwxMjI1
LDEyMzYsMTU2LDYyOCwwLDMyMy42LDE2LjIzLDkyNSo2Mw0KDQokVzVNNUEs
MTIwNTI0LDEzMDAwNSw2NjBkMDAyODQ0OWNlMjQ2LDMsN0YwMDc1MDIzQTAw
MDA1MzMyMzAzMTMyMzAzNTMyMzQzMTMyMzQzMDMwMzA1NTVCMDAzMTMyMzAz
NTMyMzQzMTMyMzQzMDJDNTQ0MTQyMzAzMDMwMzAzMDJDMkQzMDM1MzEyRTMx
MkMyQzMxMzMyRTMyMzcyQzM0MkUzMDJDMzMzNjMwMzAyQzM2MzAyQzM2MzAy
QzMxMkMzMDMwMzUzNzMwMkMzMzJFMzQzMjJDMzEyRTMyMzYyQzMxMzQzMjJD
MzAyQzMwMkUzMTM2MzYyQzJCMzAzMDJFMzAwRDBBRUQxMDhDNzlGNzQyN0Yw
MDY3MDIzQTAwMDA1NzMyMzAzMTMyMzAzNTMyMzQzMTMyMzQzMDMwMzBGRjRE
MDAwMDgwRkI0NDAwMDAwMzQ0MDAzMEYyNDcwMDAwRjg0MjFGRDA4QzNGRjJF
MUNGNDA3OEJFMzU0MDg1RDJEQTNGMjAyNTAzNDFFM0NEMDg0MDMxMjlGRjQw
NDM3MEQzNDBDQTZCMjg0MTE1NTEwQjQxQTlDOUU2M0Y0MTBDNjE0MzVCQ0Ez
MDQyRUM3QzBGM0NBRTFEMTdGNUFGN0M3RjAyOTYwMjNBMDAwMDRCNTY0ODIw
MzczMjMwMzEzMjMwMzUzMjM0MzEzMjM0MzAzMDMwMzMwMDAwMDA5OTk5OTkz
RDBBRDdBMzNCNDQwQzYxNDM1OENBMzA0MjE0MzE3NTQzQzRGRTQxNDIwM0U0
N0E0M0UzNjkyQTQyQzhBNzgzNDNGQjFBMUE0MjQwNDc4QTQzQ0IyMzBBNDJF
MDY4OEQ0MzU4NkYwNDQyNDczNDhFNDM5OThEMDU0MjlCRDM4QTQzOEQ5NzEw
NDI0RDY5ODA0M0RERTYxRjQyQzYzQzcyNDNBRjcyMjY0MkVFNjY2MDQzNjE5
RDNGNDJCOUVENTM0MzFFNEYzODQyRjk1QzU0NDM0Mzc1M0E0MjBFRDM1OTQz
MjVFRjU5NDI2MzE1NTM0M0EzODI1MDQyRDZCMDQ5NDM4QTk5MkQ0MjdCNkIz
QzQzODlERTM0NDJFQTJBMkI0MzgxQzE2MzQyMTI0MjMzNDMzMEMyNTk0MjNC
RkI0MzQzNTg1RDExNDIzMkJENDc0M0NFN0EwNDQyMEZDNDRBNDMwNUJFMDU0
MkQyQzA0OTQzRjk0MTE5NDIyQTEyNDQ0MzgyMDk1NjQyODA0RTM5NDM5OTA2
NzM0MjUwMEEzRDQzRjYxMTYyNDI4RjE2Mzk0M0VDMzA1NDQyQzZBQzM0NDNC
MDI5NTc0Mjk0NTYzNjQzODlENzRFNDIzMzEyM0E0M0ZGRjQ0QTQyQkMyQjMz
NDM5OUZBNTQ0MjBFQTAyNzQzQzM3MDU4NDJCQkM3MjY0M0JGRDU2ODQyMTQz
MTFGNDM5RkJGNzk0MkFFNzcxRTQzMjA5QTdENDI3ODcyMzE0M0U4NkI2MzQy
NDdENDJDNDM2MEI3NDk0MjAwNDUyODQzNzAxMTQ2NDIyMUZEMkI0MzZCQjY0
RTQyNjhBRDMxNDM3MjFDN0E0MkIwMjgzQTQzMzBFOThBNDJDMkQ2MjE0M0NG
OTI3RDQyMkQxNzE4NDM4NDk1NkY0MjU5ODMxMDQzNEE5QjgwNDI2NkIxMDg0
MzhCOEM4MzQyRjI5RDBFNDNFMTRFODQ0MkYyQTEwODQzRDExRThBNDJBMkE2
RUQ0MjdGQ0I4RTQyQ0I1OTlDNDI1NTk4OTE0MjM2RjQ5MzQyNDQxMTkyNDJB
NUNCMDQ0MzZBNjU5MzQyMjU0NDE3NDM1RjE1OTI0Mjg2QTNCODNFMzA2MDIy
M0Y0M0RDOTMzRkFBOTJGQjNGMkE1RjMwNDBCMjIzMUQ0MDAxOURGMDNGMjE5
NDJCNDAwMDc0MUQ0MDYxRkNERjNGNkE1QzJFNDBGRDQ5QUEzRkYzQ0Q2QTNG
MjA4OUYwM0Y2MUJGMUI0MDcxRkJGRDNGRUU5MjlEM0ZFRTFEMzQzRkQ4REE3
QjNGNjM3MzgwM0Y2RjVGMTMzRjk0MUFERDNFMUQ3OEFBM0UwMjRBQkYzRTNB
QUNBNzNFRDI0REJBM0UyRTUyNjUzRTA5MTg4QjNFM0FEQ0ExM0VGQjAzNTkz
RUZGRDJDRDNFNTMwNThDM0U5MjI4MUEzRTQ1REI1OTNFNzdDNzAwM0U5QzQ2
MjYzRTUxMTg4MzNFN0IxNzMzM0U4QzA1RQ==

--SBD.Boundary.605592468
PROCESS /noc/users/iridburst/exec/irid_300224010734970_upd.pl
Last Run  ----1970-01-01 00:00:00 
MONTH  5 
DATA  xxrecord 2012-05-24 13:00:05 :: $W5M5A,120524,130005,660d0028449ce246,1,DAS 2,4901.4835N,1621.1770W,13.7,138,17.5,14.5,13.6,92.6,12.4,13.6,92.9,12.5,1017.8,1.71,2.84,10.5,225,44*55
 
INSERT
STATION sbdservice
IRID_ID 300224010734970
BODY 
Content-Type: application/x-zip-compressed; name="SBMmessage.sbd"
Content-Disposition: attachment; filename="300224010734970_003529.sbd"
Content-Transfer-Encoding: base64

JFc1TTVBLDEyMDUyNCwxNDAwMDUsNjYwZDAwMjg0NDljZTI0NiwxLERBUyAy
LDQ5MDEuNDY4ME4sMTYyMS4xNDcyVywxMy4wLDE0MSwxNS44LDE0LjYsMTMu
Niw5Mi4zLDEyLjMsMTMuNiw5Mi43LDEyLjUsMTAxNy44LDEuNTksMi40MSwx
MS4xLDIyMCw0OCo1NQ0KDQokVzVNNUEsMTIwNTI0LDE0MDAwNSw2NjBkMDAy
ODQ0OWNlMjQ2LDIsREFTIDIsMTMuNywxMy45LDAuMiwwLjUsMC4wMSwxMjI2
LDEyMzcsMTU2LDYyOCwwLDMyOS43LDE2LjIzLDkyNCo2Mg0KDQokVzVNNUEs
MTIwNTI0LDE0MDAwNSw2NjBkMDAyODQ0OWNlMjQ2LDMsN0YwMDc1MDIzQTAw
MDA1MzMyMzAzMTMyMzAzNTMyMzQzMTMzMzQzMDMwMzA1NTVCMDAzMTMyMzAz
NTMyMzQzMTMzMzQzMDJDNTQ0MTQyMzAzMDMwMzAzMDJDMkQzMDM1MzEyRTMx
MkMyQzMxMzMyRTMyMzcyQzM0MkUzMDJDMzMzNjMwMzAyQzM2MzAyQzM2MzAy
QzMxMkMzMDMwMzUzNzMwMkMzMzJFMzQzMjJDMzEyRTMyMzYyQzMxMzQzMzJD
MzAyQzMwMkUzMTM2MzUyQzJCMzAzMDJFMzAwRDBBRUUxMDVCOTMwQzY5N0Yw
MDY3MDIzQTAwMDA1NzMyMzAzMTMyMzAzNTMyMzQzMTMzMzQzMDMwMzBGRjRE
MDAwMDgwRkI0NDAwMDAwMzQ0MDBEQzAyNDgwMDAwMDM0MzlEQzg3ODNGMDRB
REMzNDAyQTFFMUE0MDhGMDdDQjNGREE1ODAyNDEzNEI4MDI0MERDRTgwQTQx
Nzk2NkM3NDAxREM3MzE0MTA4Q0MxRjQxRkMxOUQ0M0Y1MTEzNUM0MzJCMDI0
MDQyQTIxMUYxM0JBQjE5OUFCNkFFM0I3RjAyQUUwMjNBMDAwMDRCNTY0ODIw
MzczMjMwMzEzMjMwMzUzMjM0MzEzMzM0MzAzMDMwMzUwMDAwMDA5OTk5OTkz
RDBBRDdBMzNCNTUxMzVDNDMyODAyNDA0MjRBNzU3MjQzNzkyRTJFNDJEMjM1
Nzk0MzEwNkYxQjQyNEMzMTgwNDM4RUQ3MDc0MjdDQUE4MjQzQjg3RjFFNDI0
RUI2ODM0Mzg4OEUzOTQyQzRCODdDNDNDNTYxNTU0MkNDMDA3MjQzNTUzNjM5
NDI5NEJFNzY0MzYxMzQyMDQyNUMwODdDNDMyQUI0MjM0MjU3MDk3OTQzODVG
MzMwNDJFNjk5NzE0MzBBRkEyRjQyOUE2RDZFNDMxQzQ1MzI0MjUwQjE2NjQz
QTIyQTU1NDI1NzgwNTE0MzMyMDQ2RTQyQUE1RDNFNDNCN0Q0NTk0MjE1RkQz
MjQzODdCRjRENDIxNjcxMkE0MzdENzQ1RDQyQTA1NDIzNDM3OUFDNTI0MjU2
QTUyNDQzMEQ2MzNGNDIwQzkzM0I0MzZCRjE0QzQyMUZBRjRFNDM0ODI2NDc0
MkMwMTg0NzQzQTFFOTU5NDJDODVENDQ0MzE4MzI3RDQyNkMxMjMzNDM3OUJG
OTE0Mjc4RkIxODQzQTNENTcwNDIxODExMjU0MzQwNEY0MTQyNDIzQzMwNDNF
N0Y3MzY0MkY0Q0QyNDQzMDQ2MzY4NDJFMjM3MDk0MzAwMkE3MTQyRUJFMDBE
NDMwNTlENjI0MkRCNkMxRDQzRTUyNDY2NDJGNjZFMjg0MzNCMEI1NjQyOTlE
RjI5NDM2MTEwM0U0MkUzM0EyNjQzODVCNTNDNDI0OTBFMUY0MzVEMzE0QjQy
Njc2NzE0NDM0MDYxNjU0MkM4MzMxMDQzOTIxMjc2NDIyNjM4MUM0M0U5NkU2
RDQyQ0VDMjFCNDNBRDQ3NkM0MjE1MzcxMzQzMDFGNTdBNDI0RjZGMDM0M0U3
MEE3QTQyRUFGRUY2NDIwMTY3NzQ0MjZGRDFGOTQyNjIxMDc5NDJFRDhCMjA0
M0Y0NEU4NDQyRkQ2QjJGNDNBMjcxODg0MkFEMURDRTQyQzBBMThENDI2MEVE
QkE0MkFCNzM4ODQyRkQ4MzExNDMzM0U2OTA0MjFBNTIxNDQzRjhBNjk1NDI2
Qjc2OTg0MkM2NTc5MzQyMjlGQzU1NDJBMTE2OTY0MkIwREI4QTQzRDYzODlF
NDIxMUFDOEU0MzIwNjc5QjQyOTJGMTg0M0U0Rjk3MzkzRjMyQTFEODNGM0Iy
RjRCNDBERTJEQkMzRjFCODQzQzNGM0JFRTk4M0ZGNkVEMzE0MEM1MkVGMzNG
QzAzOUY2M0Y2NzUzNDIzRkQyNDlFMzNGNEVENUFGM0Y3NDYzMDUzRkM2M0U4
MDNGMzI3QjhDM0ZFRTRBMzgzRjRDQTA3MTNGRUMzMjZDM0ZCNkRDNDgzRkM0
NjVFNTNFMkE4RTFFM0ZGREE4QTgzRUZEODhFQjNEMTIyMjk5M0VDQ0Q3RTQz
RUNENTcwODNGOEUxMEFCM0VDN0M3NDYzRTNDMzE4NzNFRkM2MkIxM0UzQ0E4
QTIzRTcyQzBDODNFOTY5OURFM0VCMTg1Qw==

--SBD.Boundary.605592468
PROCESS /noc/users/iridburst/exec/irid_300224010734970_upd.pl
Last Run  ----1970-01-01 00:00:00 
MONTH  5 
DATA  xxrecord 2012-05-24 14:00:05 :: $W5M5A,120524,140005,660d0028449ce246,1,DAS 2,4901.4680N,1621.1472W,13.0,141,15.8,14.6,13.6,92.3,12.3,13.6,92.7,12.5,1017.8,1.59,2.41,11.1,220,48*55
 
INSERT
STATION sbdservice
IRID_ID 300224010734970
BODY 
Content-Type: application/x-zip-compressed; name="SBMmessage.sbd"
Content-Disposition: attachment; filename="300224010734970_003530.sbd"
Content-Transfer-Encoding: base64

JFc1TTVBLDEyMDUyNCwxNTAwMDUsNjYwZDAwMjg0NDljZTI0NiwxLERBUyAy
LDQ5MDEuNDYyME4sMTYyMS4xMTg2VywxMi43LDE0NCwxNS41LDE0LjYsMTMu
Niw5Mi43LDEyLjUsMTMuNyw5My4xLDEyLjYsMTAxOC4yLDEuNDcsMi4xNyw5
LjUsMjMwLDQ5KjZEDQoNCiRXNU01QSwxMjA1MjQsMTUwMDA1LDY2MGQwMDI4
NDQ5Y2UyNDYsMixEQVMgMiwxMy44LDEzLjksMC4yLDAuNCwwLjAxLDEyMjcs
MTIzOCwxNTYsNjI4LDAsMzM2LjYsMTYuMjMsOTI0KjZDDQoNCiRXNU01QSwx
MjA1MjQsMTUwMDA1LDY2MGQwMDI4NDQ5Y2UyNDYsMyw3RjAwNzUwMjNBMDAw
MDUzMzIzMDMxMzIzMDM1MzIzNDMxMzQzNDMwMzAzMDU1NUIwMDMxMzIzMDM1
MzIzNDMxMzQzNDMwMkM1NDQxNDIzMDMwMzAzMDMwMkMyRDMwMzUzMTJFMzEy
QzJDMzEzMzJFMzIzNzJDMzQyRTMwMkMzMzM2MzAzMDJDMzYzMDJDMzYzMDJD
MzEyQzMwMzAzNTM3MzAyQzMzMkUzNDMyMkMzMTJFMzIzNjJDMzEzNDM0MkMz
MDJDMzAyRTMxMzYzNjJDMkIzMDMwMkUzMDBEMEFGMTEwRUZBMzBBMjg3RjAw
NjcwMjNBMDAwMDU3MzIzMDMxMzIzMDM1MzIzNDMxMzQzNDMwMzAzMEZGNEQw
MDAwODBGQjQ0MDAwMDAzNDQwMEEwMEM0ODAwMDBGRTQyRDQ1MjZFM0ZCRDE1
Q0E0MEE2MTgwQjQwNTVGRUJCM0YxOERGRkM0MDg1NzlERDNGNjQ4REZGNDBC
RTFGQzk0MDg2NjExODQxRTE1NDE2NDFFQzA1QzQzRjZENTU2NjQzMjU4NTQ1
NDJEODEwQzgzQjM1MUUwNzM0QThFNjdGMDJEMjAyM0EwMDAwNEI1NjQ4MjAz
NzMyMzAzMTMyMzAzNTMyMzQzMTM0MzQzMDMwMzAzODAwMDAwMDI5NUM4RjNE
MEFEN0EzM0I3MTU1NjY0MzFFODU0NTQyRDVFRDYzNDMxRTEzNjI0MkRFREY4
MTQzMEI5MTFENDJBMTM4ODk0M0QyRjcyNjQyNzZFMjhDNDMyMDIyNEU0MjRC
MTc4NzQzMzYyRjZCNDJEMkJCODI0MzU4OTg2MzQyQUIwNjg2NDM0Rjk4MkY0
MjQ0QTk4MzQzRkJGOTE4NDJGMEMwN0Q0MzQ0RDkyMzQyNTIzNjczNDNFQUI0
NDM0Mjk4Mzc3NDQzMzY4NTU3NDI4MDU3NzU0MzFFOUI1QjQyNDE3QzY4NDM4
N0E1NEM0MkQzRjM2NTQzQkZERjNGNDJCMDEwNjc0MzJBMzY2NzQyQjdEMzU2
NDNCQkU5N0Y0MjE1NEE0RjQzRTcyQjY0NDJFMzVENEI0MzY3NDA0NzQyQjFF
ODRENDM1MjM0NTU0MjgwMTY0ODQzQjc5NTZENDI4QTMxM0Q0MzQ5RDI1MTQy
ODU0QzQwNDM2RjgwNDA0Mjg3NzE0NDQzMUMyQzNCNDIzQjlEM0U0Mzc1OTYz
MzQyMjE1NzM0NDMxRkZEMzg0Mjk1NDcyRDQzMUU1RjUxNDIzNzYyMUM0MzBB
ODg2MjQyRDRDMTEwNDM2RDU4NTA0MjI4N0UxRDQzRkNFOTUxNDI4RjVBMkQ0
M0VDMTY1MTQyRDk2RjI3NDM0MEE1NTY0MjVEMTQxMDQzMzE0MTVBNDIzREE5
MDQ0M0VENjY0MjQyQkU3NzA4NDM0RjgzNTA0MjE2OEIxMTQzMUQyODU5NDIz
RUZFMEQ0M0RBQ0Y0QTQyMTc5QjBBNDMxNEYzM0U0MjVBQzAxODQzMkMwNTQ5
NDJFOUI0MjU0Mzg2MzE1RjQyNjc3ODI0NDNBREQyNzY0MjFGODcxRDQzREE0
Qjc0NDJFOUJEMTk0MzU3OEI2QTQyNkQxODE1NDNGQzM2NzI0MjAzQzYxNTQz
ODg1ODdFNDJFQjk1MjM0M0MwOUM4NjQyODJEQzFBNDNGNTNFOEI0Mjk2Mjgy
MjQzMjY3Qzg4NDIzRTgyMjQ0MzlGQ0U4MjQyQkYzODE1NDM2MEYyODA0MkE3
RTMwQjQzQTE0RDg3NDIzRUI4MDE0M0MwMzQ4RTQyMDMwRkU3NDJCNDFBOTc0
Mjc4NjgwMDQyMTI3NzlDNDIzMDQyMjY0MkI4RDI5ODQyNTFFNDk4NDI5MTk3
OTA0MkM2MEFCOTQyNzIxMDhCNDI2RUIzODQzREEyMTFCQjNFRUMzMzQ3M0Y5
RTQzMkYzRjZFOURCRDNFNUJFMDA0M0Y3QjE1MDQ0MERFQzk2RjQwQUQ5OTQw
NDAxQUYyODMzRkJEMzNERDNGRDA3NThDM0ZDM0ZFODIzRjRDNDE5QjNGNTcx
NzY5M0ZCMjNGNEUzRkIzMEFFQTNFREE2QTUxM0ZGN0U2NTAzRjQ4NEU4MDNF
RDU0NzkwM0UxQTlCODkzRTVCRkJDQTNFOUY1RkU5M0VEQkUyOEIzRTcwNTY4
RDNFQ0EzOTNCM0VERUEzQTEzRTREOUNDOA==

--SBD.Boundary.605592468
PROCESS /noc/users/iridburst/exec/irid_300224010734970_upd.pl
Last Run  ----1970-01-01 00:00:00 
MONTH  5 
DATA  xxrecord 2012-05-24 15:00:05 :: $W5M5A,120524,150005,660d0028449ce246,1,DAS 2,4901.4620N,1621.1186W,12.7,144,15.5,14.6,13.6,92.7,12.5,13.7,93.1,12.6,1018.2,1.47,2.17,9.5,230,49*6D
 
INSERT
STATION sbdservice
IRID_ID 300224010734970
BODY 
Content-Type: application/x-zip-compressed; name="SBMmessage.sbd"
Content-Disposition: attachment; filename="300224010734970_003531.sbd"
Content-Transfer-Encoding: base64

JFc1TTVBLDEyMDUyNCwxNjAwMDUsNjYwZDAwMjg0NDljZTI0NiwxLERBUyAy
LDQ5MDEuNDcwNk4sMTYyMS4xMjAxVywxMS4zLDEzOSwxNC4zLDE0LjYsMTMu
Nyw5Mi45LDEyLjUsMTMuNyw5My4zLDEyLjcsMTAxOC40LDEuNDksMi4xMiw5
LjUsMjMzLDQ1KjYzDQoNCiRXNU01QSwxMjA1MjQsMTYwMDA1LDY2MGQwMDI4
NDQ5Y2UyNDYsMixEQVMgMiwxMy43LDEzLjksMC4yLDAuNCwwLjAxLDEyMjgs
MTIzOSwxNTYsNjI3LDAsMzE1LjAsMTYuNjIsOTI1KjYyDQoNCiRXNU01QSwx
MjA1MjQsMTYwMDA1LDY2MGQwMDI4NDQ5Y2UyNDYsMyw3RjAwNzUwMjNBMDAw
MDUzMzIzMDMxMzIzMDM1MzIzNDMxMzUzNDMwMzAzMDU1NUIwMDMxMzIzMDM1
MzIzNDMxMzUzNDMwMkM1NDQxNDIzMDMwMzAzMDMwMkMyRDMwMzUzMTJFMzEy
QzJDMzEzMzJFMzIzNzJDMzQyRTMwMkMzMzM2MzAzMDJDMzYzMDJDMzYzMDJD
MzEyQzMwMzAzNTM3MzAyQzMzMkUzNDMyMkMzMTJFMzIzNjJDMzEzNDM1MkMz
MDJDMzAyRTMxMzYzNjJDMkIzMDMwMkUzMDBEMEFGMzEwQjhCMEE2NDM3RjAw
NjcwMjNBMDAwMDU3MzIzMDMxMzIzMDM1MzIzNDMxMzUzNDMwMzAzMEZGNEQw
MDAwODBGQjQ0MDAwMDAzNDQwMDY0MTY0ODAwMDBFMjQyRDAwNTgzM0YzMUZF
RTE0MDRENkQwNzQwRDFDQkJFM0YxQUUwMDA0MTM2M0FERjNGRTdEQkZGNDAy
N0VBRDU0MDg2NjExODQxMTExNjBFNDEzRjg1Q0EzRkEwNDE2OTQzQTRBRDMz
NDI1QjlFRDEzQjg0MURGNkQ1MEMwRDdGMDJDNjAyM0EwMDAwNEI1NjQ4MjAz
NzMyMzAzMTMyMzAzNTMyMzQzMTM1MzQzMDMwMzAzNzAwMDAwMEI4MUU4NTNE
MEFEN0EzM0JBNDQxNjk0M0ExQUQzMzQyN0MxRTZFNDM4MjRENzU0MkI5MDQ3
MzQzNTc1QjU3NDI5QUFGODE0M0U4MTgzQzQyMTg4QjgyNDM3MUVCMTY0MkNE
MEY4NDQzM0FBNzBENDI1MDdFODU0M0ZGNUIxMjQyMkNFMDgzNDNFMzAxMjU0
MkQ5N0Q4NTQzM0Y4QzJENDJBQzU5ODk0MzQ3RUQyNTQyN0MzNzg5NDM2RDU0
Mzk0MjVENUM4MzQzNzNFNTRFNDI1NDQwNzc0M0ZEODQzMjQyMkZGMzY5NDND
RTYwMjY0MjMwOUI2MzQzRkY5NzIwNDJBMzZGNTk0M0JCREQxQjQyODI2QjRG
NDMzNTMzMUI0MjI4QTM0NTQzRTI3NTJDNDJFRjUzNDI0M0Y1MzI0MTQyNUE3
QjRDNDM5NTI2NEQ0MjkzNjUzRjQzNTNFMjNENDJDRUQzM0I0MzIxQzAyODQy
NUIxRDQ1NDMwMUJCM0I0MjBBNDM0RjQzMjY1MDQ3NDI2OTk2NTI0M0M2NTc0
QzQyM0MwQjRDNDM0MDI0NUY0MjU5QTg0OTQzODE2MjRDNDJDMDVFNDc0MzI3
MzEzQzQyMjFCQTQzNDNEOEM0NDk0MjY1NUEzQzQzMzI1RTgwNDIwMEREMUU0
MzRBQTg4OTQyMzAwNjIxNDNCRDc1NkQ0MjM0OEQyQzQzNUVGNzVCNDI0QzM0
Mzc0MzdGOTM1RDQyOUQxMTJFNDM5NkY0NUE0MjVFNDMyMjQzN0UzQjU2NDJD
OUI4MTc0MzczMTA2MjQyRUY4OTE1NDNGMEM3NjE0MjExMzMxOTQzNzQ5NDZB
NDIxODI0MjY0M0JGMkQ2OTQyNkNGQTIxNDMwMTEyNkM0MkU2RDgxMTQzRTU3
QTYyNDI3NkE0MEQ0M0IxQTY1NTQyRjEyRjBGNDMwQzgzNTY0MkI4MDUwRDQz
MjM2MjU0NDI3QjlGRkE0MkNCNDA2MjQyRjQyMEVBNDIxRUM2ODU0MjYzQ0Qy
NTQzNEFCRjk2NDI2NjA0Mzg0M0Y0MkU5NDQyNzczRTNCNDM5MEYzOEU0MjhG
RUIzQTQzMUM5NTkzNDJCRkU4RTQ0MkIyMUI5RDQyRDIzRDFFNDI2RTY2OTg0
MjkzREU4NTNGQjVDQTlBNDI5RjlCOUE0MzhEQTc5RDQyQjc0ODY3NDMyMjZD
OTE0Mjk5RUM5MDNEOUUwRjAwM0U4RTc5QTUzRTJDNzgwQjNGMUJGM0I0M0Y2
RjY0Q0EzRjA5ODg4NTNGNjNCQkJFM0YyQTJDMzg0MDEwNzkxNzQwMkU5M0Ez
M0Y2MjRCQjgzRjdGNzhBQzNGQkE1N0FBM0ZEMUMyMEI0MDUyNDhGQzNGNzhD
MDkwM0YxQjQyMDMzRjQzMDVCNjNFQTNCNUY4M0U5MUI0MUMzRkNGNEVGMDNF
QjVGQzMwM0Y5M0I1RTczRTM1QjY3MzNFRDlBODgwM0VFOUEyQUEzRTdCRjg4
ODNFOEZDNTcwM0U3RERDNkUzRTg4MjhDMQ==

--SBD.Boundary.605592468
PROCESS /noc/users/iridburst/exec/irid_300224010734970_upd.pl
Last Run  ----1970-01-01 00:00:00 
MONTH  5 
DATA  xxrecord 2012-05-24 16:00:05 :: $W5M5A,120524,160005,660d0028449ce246,1,DAS 2,4901.4706N,1621.1201W,11.3,139,14.3,14.6,13.7,92.9,12.5,13.7,93.3,12.7,1018.4,1.49,2.12,9.5,233,45*63
 
INSERT
STATION sbdservice
IRID_ID 300224010734970
BODY 
Content-Type: application/x-zip-compressed; name="SBMmessage.sbd"
Content-Disposition: attachment; filename="300224010734970_003532.sbd"
Content-Transfer-Encoding: base64

JFc1TTVBLDEyMDUyNCwxNzAwMDUsNjYwZDAwMjg0NDljZTI0NiwxLERBUyAy
LDQ5MDEuNDcxN04sMTYyMS4xMjcxVywxMC4zLDEzMywxMy4yLDE0LjcsMTMu
Niw5Mi44LDEyLjUsMTMuNyw5My4yLDEyLjYsMTAxNy43LDEuNDYsMi4wOSwx
MC41LDIzMiw0OCo1NA0KDQokVzVNNUEsMTIwNTI0LDE3MDAwNSw2NjBkMDAy
ODQ0OWNlMjQ2LDIsREFTIDIsMTMuOCwxMy45LDAuMiwwLjgsMC4wMSwxMjI5
LDEyNDAsMTU2LDYyOCwwLDY3LjcsMTYuNjIsOTIyKjU2DQoNCiRXNU01QSwx
MjA1MjQsMTcwMDA1LDY2MGQwMDI4NDQ5Y2UyNDYsMyw3RjAwNzUwMjNBMDAw
MDUzMzIzMDMxMzIzMDM1MzIzNDMxMzYzNDMwMzAzMDU1NUIwMDMxMzIzMDM1
MzIzNDMxMzYzNDMwMkM1NDQxNDIzMDMwMzAzMDMwMkMyRDMwMzUzMTJFMzEy
QzJDMzEzMzJFMzIzNzJDMzQyRTMwMkMzMzM2MzAzMDJDMzYzMDJDMzYzMDJD
MzEyQzMwMzAzNTM3MzAyQzMzMkUzNDMyMkMzMTJFMzIzNjJDMzEzNDM2MkMz
MDJDMzAyRTMxMzYzNjJDMkIzMDMwMkUzMDBEMEFGNTEwNDE4NDUyRkU3RjAw
NjcwMjNBMDAwMDU3MzIzMDMxMzIzMDM1MzIzNDMxMzYzNDMwMzAzMEZGNEQw
MDAwODBGQjQ0MDAwMDAzNDQwMDI4MjA0ODAwMDBFRTQyRTcyMDc1M0YxQjI1
RDc0MEFDQjEwNTQwRDY2QkJBM0Y0MTE5MDg0MTAzNUVERTNGOTgyQ0Y5NDBG
RDNFQ0U0MENBNkIyODQxQzgyRDFGNDFDQjE0QzQzRjE4RUM2NzQzMzI0QzQx
NDJEMjE4QzUzQkQ1MUIzOUE0REQ3MTdGMDJCQTAyM0EwMDAwNEI1NjQ4MjAz
NzMyMzAzMTMyMzAzNTMyMzQzMTM2MzQzMDMwMzAzNjAwMDAwMEI4MUU4NTNE
MEFEN0EzM0IxQ0VDNjc0MzJBNEM0MTQyODczNjNCNDM0NEI4OEU0MkRFQkY0
OTQzRkEwMzg4NDJFNjA3N0M0M0FFODg2ODQyMjVENjgwNDM5M0RFNDU0MkEw
RUU3NzQzN0Y0NzQ2NDJGMTcyODQ0MzRFN0MyQTQyOTY3RTg3NDMyRDQ0MjU0
MkQ2OEQ4OTQzNEZCNzQ2NDJCMDE0OEU0MzFFQ0Q1QzQyMjVBRDg5NDNEMDQ4
NTM0MkU1NDg4MDQzOThBQjNENDIxQUU2N0I0M0RGREUyRDQyNUVFNTc3NDM1
NzNDMkE0MjU4QUI2QjQzOTgzRjI4NDIzNDIxNjE0M0YzRTgzRDQyNThFOTVC
NDM0NDNDNEU0MkYyRkQ1MjQzODcyQTM5NDI0RkM2NDg0MzJDRUUyOTQyMzZB
MzQ0NDM3NUU4MzI0MjdCMjA0NTQzMDczQjJENDI5QzU0M0M0MzQzNEEzNzQy
QkI5MzJFNDNDREFCNjM0MjZCQzkyRjQzMUQ0RDgzNDI4NjQ4MjE0M0IzN0U3
MTQyQkUxOTIwNDNCNEQ4NTM0MkY5NUMyQTQzMTlCQjUwNDJDNDQ3MzI0MzQ4
NkE0RDQyNDY4ODMwNDNBRTY0Mzg0MkQxQzgyQTQzODE2RTUzNDI3MzY1MjE0
MzY1Mzg3MDQyQ0ZBOTI0NDM1RTc4NTM0MjdCMkIzMTQzREI1MzJENDIwREE1
MzE0M0EwNzYzMTQyRTVGRTFFNDNGQUM1NjM0MkZDMTEwRjQzQUEwMjc1NDI2
N0YyMUY0MzQ4QTg3RTQyNTc5RjM1NDMwQTUwNzY0MjQ5MUMyQzQzOEMxMzY1
NDJGQUYyMjk0MzkyRjQ0ODQyNTRCQzJGNDNFMTI4NDk0MjM0ODcyNTQzMTA2
MTY1NDI5MzM2MEM0M0IyQzU2MTQyOTE4RjE2NDM5MjlBNjA0MkYwRjMxRjQz
QUVDQjYxNDJDNjY5MUE0M0E2RDY2MzQyOUY2MzE0NDNDMEFGNzM0MkEyQzUy
QzQzOUY0MThBNDJEQzMzM0Y0MzE3Qjc5QTQyREQxOUIzNDM4MTlGOTk0MjQ4
N0IyOTQyQTM1QTk1NDIyM0FGQUI0MjE2RTU4ODQyRTFEM0IyNDI1OTQ0OEI0
MjlCQjE5MjQyNkQ4Njk2NDI1RDZBOTg0MjdCNDU5NzQyRUQzQjY2M0RFQzUy
REUzRDkyN0Y4ODNFQUE4OUNCM0VEMzU5QkQzRTJEOENEODNGRDRBRTNCNDA3
MUMyREYzRkRFRTZBRTNGOUVDMThBM0Y4MjYxREEzRjZFREVGNzNGQkFFOUM0
M0YwRDVCQUUzRjYyQ0U5MzNGQjM3MDg5M0ZERkVFMTgzRjJGQzAxMTNGNTgx
N0U3M0VENzMzODQzRjRBNzYzNDNGNzcyMDZBM0U0MUQ4MEUzRUEwMjQ4MTNF
MTNDMEJDM0VCNTk3OUIzRTdBNUJDNjNFMkI4QzBGM0YzQjI0OTgzRTY3ODJC
MDNFMkIxM0I3M0U4RDMxQTUzRTQ1NDJBMQ==

--SBD.Boundary.605592468
PROCESS /noc/users/iridburst/exec/irid_300224010734970_upd.pl
Last Run  ----1970-01-01 00:00:00 
MONTH  5 
DATA  xxrecord 2012-05-24 17:00:05 :: $W5M5A,120524,170005,660d0028449ce246,1,DAS 2,4901.4717N,1621.1271W,10.3,133,13.2,14.7,13.6,92.8,12.5,13.7,93.2,12.6,1017.7,1.46,2.09,10.5,232,48*54
 
INSERT
STATION sbdservice
IRID_ID 300224010734970
BODY 
Content-Type: application/x-zip-compressed; name="SBMmessage.sbd"
Content-Disposition: attachment; filename="300224010734970_003533.sbd"
Content-Transfer-Encoding: base64

JFc1TTVBLDEyMDUyNCwxODAwMDUsNjYwZDAwMjg0NDljZTI0NiwxLERBUyAy
LDQ5MDEuNDg1OE4sMTYyMS4xNDk3VywxMi4wLDEyNywxNC4zLDE0LjcsMTMu
NSw5Mi4wLDEyLjIsMTMuNiw5Mi40LDEyLjQsMTAxNy42LDEuNSwyLjg4LDEw
LjUsMjI3LDQ3KjZGDQoNCiRXNU01QSwxMjA1MjQsMTgwMDA1LDY2MGQwMDI4
NDQ5Y2UyNDYsMixEQVMgMiwxMy4zLDEzLjksMC4yLDAuNCwwLjAxLDEyMzAs
MTI0MSwxNTYsNjI4LDAsMjc4LjMsMTYuNjIsOTI0KjY5DQoNCiRXNU01QSwx
MjA1MjQsMTgwMDA1LDY2MGQwMDI4NDQ5Y2UyNDYsMyw3RjAwNzUwMjNBMDAw
MDUzMzIzMDMxMzIzMDM1MzIzNDMxMzczNDMwMzAzMDU1NUIwMDMxMzIzMDM1
MzIzNDMxMzczNDMwMkM1NDQxNDIzMDMwMzAzMDMwMkMyRDMwMzUzMTJFMzEy
QzJDMzEzMzJFMzIzODJDMzQyRTMwMkMzMzM2MzAzMDJDMzYzMDJDMzYzMDJD
MzEyQzMwMzAzNTM3MzAyQzMzMkUzNDMyMkMzMTJFMzIzNjJDMzEzNDM3MkMz
MDJDMzAyRTMxMzYzNjJDMkIzMDMwMkUzMDBEMEFGODEwMkQ0QzA3Qzc3RjAw
NjcwMjNBMDAwMDU3MzIzMDMxMzIzMDM1MzIzNDMxMzczNDMwMzAzMEZGNEQw
MDAwODBGQjQ0MDAwMDAzNDQwMEVDMjk0ODAwMDBGMjQyMkI4NTZFM0YxRDNB
RDI0MEJFOUMzODQwODg5OUMwM0ZGRUJBMDI0MTI4OThGMjNGQTFERDBDNDE5
Mjc3RDc0MENBNkIyODQxN0U2MjFENDE1QjVDQzkzRjlGREM2MjQzRThBRDNC
NDJFNzJERDUzQjYzMUY3NDU5NjFDRjdGMDJBRTAyM0EwMDAwNEI1NjQ4MjAz
NzMyMzAzMTMyMzAzNTMyMzQzMTM3MzQzMDMwMzAzNTAwMDAwMDI5NUM4RjNE
MEFEN0EzM0JBMkRDNjI0M0U5QUQzQjQyMzAxNTg1NDM4MkQ0NzM0MkU4NEY4
ODQzRUJGMjNGNDIyQkFEODQ0M0ZFNjYxNDQyNEE4MzdENDMzNDg4MUY0MkFG
MUE3QjQzRjI0QjJBNDJCNjRDODA0MzlCRUEzMTQyMDJCRTdBNDMyMjNBMzQ0
MjhBRjY3MDQzQjIxQTJDNDJGQzRBNzY0M0FFNUYyOTQyOEM1ODgxNDNGOTZF
NDQ0MjAyQkQ4MDQzMzY5NzZFNDI3OEJENUM0MzQ4OTU1MDQyNzEyRDUzNDM2
QkY4MkM0MjdCMDE1NDQzOTNBNzNGNDI3NTAxNjE0M0ZCQkEzNzQyNkIxQjZB
NDNCNUZFMkI0MjQ5NzY1QjQzMkJFMzM5NDI3QjkzNDY0MzRGQTMzRjQyMDE5
NzNBNDM0OTY0Mzg0MjZCREMzNDQzMkRFNDJENDI1RkE2MkM0MzA3NUYzMDQy
NUNBODI2NDM5REFGM0I0MkFEOTMyODQzMTVDRTM4NDJCOTlDMzY0M0IzMjcz
OTQyNTM5NjQ3NDMxOUI3NDU0MkM0RDczRDQzNEMxNTYyNDI4QzMwMzE0MzhG
ODA2QjQyMDZCQjNCNDMzNDNBNTE0MjIyNzIzRjQzRDk1MjRFNDJFMDdBMzQ0
MzRBODE2MjQyNEIwODIzNDM0RkM3NTg0MjM0RkUyNTQzNkJCRTRENDJDMDVD
MjU0MzZBNDE1MTQyRjhBMjI4NDM3RTA1NUM0MkMxQjQzOTQzN0QwNzQ4NDI4
QjAxMzc0M0RBQjg0MDQyRkM5NzExNDMwNDcwNTQ0MjIzODJGNzQyMkM0QjQw
NDJDNDczRjc0MkVCRDU0MTQyMzEyMzA1NDNCNUQ3NUM0MjI3MUMwMDQzRDZG
MTcxNDJCMDAyRTI0MjBFNkI2QTQyQjRDMkY2NDI1RjM2ODM0MkU1QzcyNDQz
NTcyNDhBNDI2RkQ0MjI0MzJFNDE4NTQyMUNFNTBGNDNEQkU0ODA0MkVGNTEw
QTQzQzFFQjdENDI3RTRBMUM0MzY0Mjc4RjQyQTdFOTA4NDNFNTNEOTA0MkFF
ODZFRjQyNEI5NDg3NDI3ODk3REE0MjAzQjQ4MDQyNEUxREMxNDJFQzU2ODc0
MkQzRTRBNjQyMUZGQzhGNDI2QTRCOTYzREU2NTA1RTNFQkJCRTA5M0ZFMTM0
MkQzRjA2RTc5NjNGNENEOTQ3NDA1MTIwMjc0MEREQkYyQTQwMjFDRTAwNDA0
OEZCMTk0MDRBMUQ0MjNGMUM2MTkxM0Y5NEQzQkQzRjMzQUE4QjNGMUFBQjVC
M0Y1NjMyMzUzRjU3QTkzRDNGNjE2QTcxM0ZBNDMxNDIzRjU3N0QxMjNGREFC
OEM0M0VFNUUzRkIzRTRERTcxMjNGRUJEOUEyM0VFNjkzNDczRTI4RDlDMzNF
Q0U2RTBGM0U4NzY5MkUzRUFENDQ4MDNFREU0RjI3M0U2ODA1OEEzRTFENDA5
NjNFMUM0MDc0M0VERDM5QzIzREFENUY1OQ==

--SBD.Boundary.605592468
PROCESS /noc/users/iridburst/exec/irid_300224010734970_upd.pl
Last Run  ----1970-01-01 00:00:00 
MONTH  5 
DATA  xxrecord 2012-05-24 18:00:05 :: $W5M5A,120524,180005,660d0028449ce246,1,DAS 2,4901.4858N,1621.1497W,12.0,127,14.3,14.7,13.5,92.0,12.2,13.6,92.4,12.4,1017.6,1.5,2.88,10.5,227,47*6F
 
INSERT
STATION sbdservice
IRID_ID 300224010734970
BODY 
Content-Type: application/x-zip-compressed; name="SBMmessage.sbd"
Content-Disposition: attachment; filename="300224010734970_003534.sbd"
Content-Transfer-Encoding: base64

JFc1TTVBLDEyMDUyNCwxOTAwMDUsNjYwZDAwMjg0NDljZTI0NiwxLERBUyAy
LDQ5MDEuNTAxMU4sMTYyMS4xNzY1VywxMS4wLDEzNSwxMy4xLDE0LjcsMTMu
NCw5Mi42LDEyLjIsMTMuNCw5Mi45LDEyLjMsMTAxNy43LDEuNDksMi40NCw5
LjUsMjI1LDQ3KjZEDQoNCiRXNU01QSwxMjA1MjQsMTkwMDA1LDY2MGQwMDI4
NDQ5Y2UyNDYsMixEQVMgMiwxMy4xLDEzLjMsMC4yLDAuNCwwLjAxLDEyMzEs
MTI0MiwxNTYsNjI3LDAsMzM5LjUsMTYuNjIsOTI1KjZFDQoNCiRXNU01QSwx
MjA1MjQsMTkwMDA1LDY2MGQwMDI4NDQ5Y2UyNDYsMyw3RjAwNzUwMjNBMDAw
MDUzMzIzMDMxMzIzMDM1MzIzNDMxMzgzNDMwMzAzMDU1NUIwMDMxMzIzMDM1
MzIzNDMxMzgzNDMwMkM1NDQxNDIzMDMwMzAzMDMwMkMyRDMwMzUzMTJFMzEy
QzJDMzEzMjJFMzczMzJDMzQyRTMwMkMzMzM2MzAzMDJDMzYzMDJDMzYzMDJD
MzEyQzMwMzAzNTM3MzAyQzMzMkUzNDMyMkMzMTJFMzIzNjJDMzEzNDM4MkMz
MDJDMzAyRTMxMzYzOTJDMkIzMDMwMkUzMDBEMEFGQzEwN0NDNjE3RDU3RjAw
NjcwMjNBMDAwMDU3MzIzMDMxMzIzMDM1MzIzNDMxMzgzNDMwMzAzMEZGNEQw
MDAwODBGQjQ0MDAwMDAzNDQwMEIwMzM0ODAwMDBFQzQyQTMwQjZBM0ZFOEE0
RDg0MEY4NzMxQzQwMTU1NUJFM0Y2RkM3MDg0MTlERDBGNDNGM0NEOTBCNDFC
RDcyRDk0MDg2NjExODQxOUQ1MTE2NDEzNzJFQzgzRkQzREU2MDQzQjYyRDNE
NDIxQTQ1QzIzQjlGMUQyNTE3RDRFMzdGMDJFQTAyM0EwMDAwNEI1NjQ4MjAz
NzMyMzAzMTMyMzAzNTMyMzQzMTM4MzQzMDMwMzAzQTAwMDAwMDBBRDcyMzNE
MEFEN0EzM0JEN0RFNjA0M0FGMkQzRDQyNTEzMzAwNDM1NUFDNUU0MjlFNjMw
MzQzRTc3NTc5NDIwRDFFMTA0MzU0MUI5MjQyNjZBNTc4NDM0QzVCOUE0MjFB
Njg3OTQzN0VCNjk0NDI1QzZBODc0MzZGMjc5MjQyQTJFMTgzNDM0MjhBODk0
MjBFRjE3NjQzMDZDRTQ0NDJGMEY2ODA0MzRENUY0NDQyMDE2NjhCNDNDRUEy
NjI0MjlBMDE4RDQzMDUzOTZGNDI0ODNFN0U0MzBDQ0E1MzQyRjI3Rjc4NDM5
QzdFMjg0MkVDMzk3NzQzMDM3NTFENDJDQzdFNzM0M0MwRjIyMTQyRThEQjcy
NDM4NDc3MjM0MjNBN0Y3MTQzRTYzNjJDNDJCNDFDNUU0MzQxRDQzRTQyODEx
MzUyNDM3MTMzNDI0Mjc1QjA1QTQzRjE4NzQ0NDJCQkQxNUM0M0NEQjAzNTQy
OUQ2QzQ3NDM3RkUwMzE0MjhBREYyRDQzOTZGMzQzNDI2MkQwMkI0M0IyNEM2
QTQyMjAyRDQyNDMzQzQ5ODc0Mjc4MTQ0NjQzNTY5QzgzNDJEM0JDM0I0Mzkz
RUM1MTQyODJCQTJGNDMzODYzMzA0MkRDODYyQTQzNzlCQzM1NDIzODgwMjY0
MzY0Nzk0MjQyMDBDMTI4NDM3MjkwNEM0MjEzOTgzNjQzNDAyMjUxNDJEQTZF
Mzg0MzIxQzA2MzQyQTc1RTQxNDNCMkYxNzU0Mjk0NTE0OTQzMkUzMTY1NDIy
NDY5M0U0M0RDQjc1NjQyNjI4MTM3NDM4MjI4NDk0MjhBQzEzOTQzMzFCRDUx
NDIzODBBMkQ0M0Y4OUE2QjQyQTk0ODI3NDM0MTM5NUQ0Mjk5NTYyMjQzQTY0
MDQ4NDI3N0Y0MEY0MzVGNTE0RjQyODUyMTAyNDNBRDY1NEQ0MkQwMzcwNzQz
MkRCMzRDNDIyNTJGMTI0M0Q2NEU1QTQyQkRGRjIwNDNCNDQxNUY0MjU5Mjkx
RTQzM0MxNDYyNDIzQTgxMDg0MzYxMjk3RTQyRkIwNEY5NDI0RTgzODc0Mjcz
OUEwRDQzQTNDOTgyNDJERTNFMUI0MzNEMUE3MzQyQ0Y0RTFENDM0NDFBNjY0
MjRGRkMxNTQzNDNCRDY2NDI0OTU3MDY0M0I0OUM3QTQyMTI5RDBGNDM3QkE1
ODU0MkQ5ODEyRjQzNUU3Njk0NDIyMEFDRTc0MkEyQTQ5QjQyQjhFQURENDJD
RUY1OTM0MjNBMDhDRjNDQzJCRkUzM0JDNDc1ODczQkQ3NjAzMTNDN0EwNUMz
M0NFRDAxMTUzRDEyRjIwQjNFRTk1MEI0M0UwNEUzMzIzRjBBODIyQTNGQ0Qy
ODQ2M0ZFMEJFNTkzRkU3RUMwRjQwQkU4Nzg1NDA5MjI1NDE0MDAwMDhGOTNG
RjBEMTgzM0Y4NzM5Q0MzRjhDNENGRDNGNDhGNzk5M0ZBRUZCOTEzRkNFRDQ0
QjNGQkMyNkNEM0VFOUJENzYzRTM5MzA3NQ==

--SBD.Boundary.605592468
PROCESS /noc/users/iridburst/exec/irid_300224010734970_upd.pl
Last Run  ----1970-01-01 00:00:00 
MONTH  5 
DATA  xxrecord 2012-05-24 19:00:05 :: $W5M5A,120524,190005,660d0028449ce246,1,DAS 2,4901.5011N,1621.1765W,11.0,135,13.1,14.7,13.4,92.6,12.2,13.4,92.9,12.3,1017.7,1.49,2.44,9.5,225,47*6D
 
INSERT
STATION sbdservice
IRID_ID 300224010734970
BODY 
Content-Type: application/x-zip-compressed; name="SBMmessage.sbd"
Content-Disposition: attachment; filename="300224010734970_003535.sbd"
Content-Transfer-Encoding: base64

JFc1TTVBLDEyMDUyNCwyMDAwMDUsNjYwZDAwMjg0NDljZTI0NiwxLERBUyAy
LDQ5MDEuNTAxNk4sMTYyMS4xODE3VywxMC41LDEyOCwxMi44LDE0LjcsMTMu
Myw5MS44LDEyLjAsMTMuMyw5Mi4zLDEyLjEsMTAxNy43LDEuNDEsMi4xNSw5
LjEsMjMwLDQ3KjYxDQoNCiRXNU01QSwxMjA1MjQsMjAwMDA1LDY2MGQwMDI4
NDQ5Y2UyNDYsMixEQVMgMiwxMy4wLDEzLjIsMC4yLDAuNCwwLjAxLDEyMzIs
MTI0MywxNTYsNjI4LDAsMTguMywxNi4yMyw5MTkqNTUNCg0KJFc1TTVBLDEy
MDUyNCwyMDAwMDUsNjYwZDAwMjg0NDljZTI0NiwzLDdGMDA3NTAyM0EwMDAw
NTMzMjMwMzEzMjMwMzUzMjM0MzEzOTM0MzAzMDMwNTU1QjAwMzEzMjMwMzUz
MjM0MzEzOTM0MzAyQzU0NDE0MjMwMzAzMDMwMzAyQzJEMzAzNTMxMkUzMTJD
MkMzMTMyMkUzNTM5MkMzNDJFMzAyQzMzMzYzMDMwMkMzNjMwMkMzNjMwMkMz
MTJDMzAzMDM1MzczMDJDMzMyRTM0MzIyQzMxMkUzMjM2MkMzMTM0MzkyQzMw
MkMzMDJFMzEzNzMwMkMyQjMwMzAyRTMwMEQwQUZBMTA0OTg2MTE4RTdGMDA2
NzAyM0EwMDAwNTczMjMwMzEzMjMwMzUzMjM0MzEzOTM0MzAzMDMwRkY0RDAw
MDA4MEZCNDQwMDAwMDM0NDAwNzQzRDQ4MDAwMEYwNDIyNDk3NjgzRkY2NkFE
NjQwNUZFQTA5NDBDREI4QjQzRjhGOTUwNTQxNkRDQUUyM0YzQjU5MEM0MTQz
MEFEODQwNUQ3NDExNDE0NjVGMTM0MTVBQjRCRTNGNzhGMjY1NDM5MzhFM0M0
MkZBMjNCODNCNEYxRERCNEZEOTVEN0YwMkM2MDIzQTAwMDA0QjU2NDgyMDM3
MzIzMDMxMzIzMDM1MzIzNDMxMzkzNDMwMzAzMDM3MDAwMDAwQjgxRTg1M0Qw
QUQ3QTMzQjdDRjI2NTQzOTI4RTNDNDI3NDc2Mzc0MzAyQjI4MTQyOEE5NDRE
NDM1NzU5NzM0MjgyNjI3MTQzODg1Qjg0NDI3NjY3OEI0MzA5NTM5MzQyRTA4
MzdDNDM2OUZDNzU0MkEyMDI4OTQzMjdFNzQ1NDJCNjMxOEU0MzFEQTkyNzQy
NEE0NThBNDM0Nzg4MzI0MjU3QUY4MTQzOERGQzJDNDJBNEZBNzU0MzlGQjIx
NTQyOUNFMjZGNDMxRDJCMEQ0MkY4MzI2RjQzQUFCOTJDNDI0NjcyNjU0MzU1
Q0Y0NTQyRDdDMjVBNDMxNDU5NDk0MjI3RDA1ODQzQTM5MjQ4NDJFODlFNTE0
MzkzODg1ODQyQkQ0OTNBNDMyREE0NTE0MkNDMzAzQTQzNjRDNDRDNDJBNzI2
NDI0MzM3Q0Y1NjQyNTQyNDNENDMxMUJDNDQ0MjU4QzAzNzQzNjhBMjM5NDIz
MjgzMzA0MzM3OTc1MzQyNzBDNDMwNDNDRjZGNUI0MjQ4Q0MyRjQzRUM4MzVC
NDIyQjlDMTk0M0NDNjE3NjQyM0Y5RUZCNDIyRkUyNjQ0MkY2Q0EwNDQzODE2
NTUzNDJENDI0MEU0M0FERUQ1ODQyRkRFNjE0NDNEREQ3NTM0MkQyQzUxNTQz
QTY3QzYyNDJGQzgzMTM0MzA1OUI2QzQyNjM3RjE4NDNFNkNENTE0MjRENzQy
MjQzODU1RjM1NDI3QzFEMjY0M0QzNTYzOTQyREJDRDIyNDM1OEIyNDY0MkNC
MjgxMTQzOTdBOTRBNDJBRjAxMDA0M0MwNUY0RjQyNzE0QzA4NDMwNjEzNkQ0
MjhEOEMxNzQzNThDODZFNDIzMjY3MTQ0MzkyQTI3MjQyODRGODA2NDMwRDJE
ODU0MjFGNUUwNTQzNzFDMTgxNDIwRTNEMDc0MzQwM0E3MzQyMzYyRUZFNDJC
RTQ2NkE0MjM1NEZGNjQyRTNBNDc1NDIyMkU1MTI0MzgxREU4NDQyNTM2QzM3
NDM3MjA0ODY0MkQ3Rjg0NzQzRTE5NThCNDI4NTQwNEI0MzQ1QzI5NTQyNUQx
RjRENDMzRTJBOUI0MjA2RjA0MjQzNDFEQjk5NDIyRjZFMzY0MzE5RjY5NDQy
MTNGNDIyNDMzMUQ3OTY0MjY0RTEyMjQyQjBFNzlDNDIxOTAzRkM0MDBCNEU5
QTQyNkVDQzlGM0RCQTU4OTYzRDk0NjIwMjNFOUI1NzAyM0UwNzA4MDAzRkM0
NTA5RTNGNDRFN0Q1M0Y2NkMxMDM0MDc5QzEzNzQwQUVBMjVBNDA1QUQxMTE0
MEEyNTVCNzNGMTI4Q0FDM0Y1OERFODAzRjdDRjMzRTNGQTRBMzA5M0Y2QkYz
MUMzRkMzNUZFNDNFOUVGOEE4M0VGMDFBRjEzRUM0QjIwNjNGOUY2NzA2M0Y3
QUE3QkUzRTI0RUVBRDNFNDJBRTJFM0U5RDk5NkYzRTJCQjJDMzNFNkIyNDFF
M0VBOEZBNDYzRTk1MUU1MTNFMjJERTcyMw==

--SBD.Boundary.605592468
PROCESS /noc/users/iridburst/exec/irid_300224010734970_upd.pl
Last Run  ----1970-01-01 00:00:00 
MONTH  5 
DATA  xxrecord 2012-05-24 20:00:05 :: $W5M5A,120524,200005,660d0028449ce246,1,DAS 2,4901.5016N,1621.1817W,10.5,128,12.8,14.7,13.3,91.8,12.0,13.3,92.3,12.1,1017.7,1.41,2.15,9.1,230,47*61
 
INSERT
STATION sbdservice
IRID_ID 300224010734970
BODY 
Content-Type: application/x-zip-compressed; name="SBMmessage.sbd"
Content-Disposition: attachment; filename="300224010734970_003536.sbd"
Content-Transfer-Encoding: base64

JFc1TTVBLDEyMDUyNCwyMTAwMDUsNjYwZDAwMjg0NDljZTI0NiwxLERBUyAy
LDQ5MDEuNDgzME4sMTYyMS4xNTYxVyw4LjUsMTExLDExLjcsMTQuNywxMy4y
LDkyLjksMTIuMSwxMy4zLDkzLjIsMTIuMiwxMDE3LjUsMS41MSwyLjIyLDku
NSwyMTIsNDgqNTMNCg0KJFc1TTVBLDEyMDUyNCwyMTAwMDUsNjYwZDAwMjg0
NDljZTI0NiwyLERBUyAyLDEzLjAsMTMuMiwwLjIsMC40LDAuMDEsMTIzMywx
MjQ0LDE1Niw2MjgsMCwzNDcuMSwxNi4yMyw5MjQqNjcNCg0KJFc1TTVBLDEy
MDUyNCwyMTAwMDUsNjYwZDAwMjg0NDljZTI0NiwzLDdGMDA3NTAyM0EwMDAw
NTMzMjMwMzEzMjMwMzUzMjM0MzIzMDM0MzAzMDMwNTU1QjAwMzEzMjMwMzUz
MjM0MzIzMDM0MzAyQzU0NDE0MjMwMzAzMDMwMzAyQzJEMzAzNTMxMkUzMTJD
MkMzMTMyMkUzNTM0MkMzNDJFMzAyQzMzMzYzMDMwMkMzNjMwMkMzNjMwMkMz
MTJDMzAzMDM1MzczMDJDMzMyRTM0MzIyQzMxMkUzMjM2MkMzMTM1MzAyQzMw
MkMzMDJFMzEzNzMxMkMyQjMwMzAyRTMwMEQwQUU2MTA2ODk1MTVGODdGMDA2
NzAyM0EwMDAwNTczMjMwMzEzMjMwMzUzMjM0MzIzMDM0MzAzMDMwRkY0RDAw
MDA4MEZCNDQwMDAwMDM0NDAwMzg0NzQ4MDAwMEU4NDI1OTE3N0UzRjc0RjBE
RTQwNkZFNDBENDAyMzM5QzEzRkRGQzAwMTQxOUI1QkYyM0YxOEEwMDY0MTMw
NTREMDQwODY2MTE4NDE4NTkxMTY0MTg4QThDNzNGMTUwMjU0NDM2NTVFNDE0
MjZBODZEOTNCNjQxQkM2OEE3MDM5N0YwMjk2MDIzQTAwMDA0QjU2NDgyMDM3
MzIzMDMxMzIzMDM1MzIzNDMyMzAzNDMwMzAzMDMzMDAwMDAwOTk5OTk5M0Qw
QUQ3QTMzQjE5MDI1NDQzNjE1RTQxNDJEMzE5OTM0M0M2ODI2ODQyQkZCMDg5
NDMwNzQ2NzM0MjA2OUQ3RTQzQjkyQjZBNDJGNDExNzg0M0FCQzk0QjQyRTdF
RDZGNDNGRUU2NEM0MjcwMEU3MTQzNjYxNDNCNDJBMjk2NzM0M0FCMDAxOTQy
ODFERDc0NDNBMDRDMjc0MjU1NTA3NDQzNURGQjRFNDI5NDlCNjI0M0Q4Q0E1
NDQyMEJBNDUyNDMzQ0QyNDQ0MjU5NTA1MzQzMTA2QzM3NDI3MUNGNTk0M0Yy
M0MyQzQyNEY2NDU1NDM5QTgyMUY0MjVDQjQ0OTQzNjQ5QjIzNDJFOTJGM0E0
MzJFQkIyNzQyOTVBQzJGNDM3NUYwMjI0MkUxQ0IyOTQzQkQ4NDM3NDIxNDVE
MUM0MzREMjczQjQyRTQ2MzEzNDNDOTYyMzU0MkZBMzYwNzQzRjc1MTQ3NDI3
QTVFMDE0Mzg0NUU1MDQyQTM2MTFBNDM5MUY0NUQ0MkIxRkUxRTQzNjU0QTVG
NDJBNjczMDk0MzdGREQ2MDQyQzg4OEVFNDJDQ0IzNjc0MkE5MTQwOTQzN0RD
Mzc5NDJBM0M0MUU0MzRBODY2QjQyOUYwRjJGNDNENTRBODU0MkYwOUQwRDQz
MThDQTk3NDIwM0E5MjM0MzU2MDg4NDQyNjI3NjM1NDM3MEU0NEU0MkVFNTQy
NTQzOTQ0MjUxNDJCQTQ1MEI0Mzc2Q0Y0MjQyMDc2OTA1NDM4N0MyMzc0MjY3
MTMwODQzNUY2MzRFNDIwMDc1MTA0M0U4RDc2QTQyQzY3QTBDNDM0OTZFNkI0
MjFEODcwMzQzMEY2RTYxNDI5NkY2MEI0MzQ1MDY1RTQyREE3ODE2NDMzMEIw
NUU0MkRBMzAxRDQzNzBGNjcxNDJERTdDMUU0M0RFRkU4OTQyRTBGNDFGNDM4
M0JFODM0MjExNjAyQjQzRjdCNzc3NDIzRjg5Mjk0M0FBRDk4OTQyRDA4RUE3
NDIzQjZFOTY0MjZEMTg4OTQyREJFRTg4NDI4RjdEQTQ0MkYwODM5MDQyNzdC
OUFFNDNGRUE3OUU0MkIzN0I5RDQzREYzMDk4NDI2NUE1MUYzRUFERDNDMTNF
NjJBNkZEM0U2MzM1OTIzRkIwM0ZGNzNGNzJGQjBBNDA1NDlBNTg0MEI4N0Yz
QjQwRTFBMURGM0YzRDkxQjIzRkI1Njk2NDNGOUUyNTFEM0YzMUI1NzAzRjdD
MTc0ODNGOTgzMzhEM0Y1Qzc3MDQzRjgwRUIzRTNGNDY3NTIzM0ZDRDA1MkYz
RkIzOTUwRDNGQUQ3QzQ4M0ZEOUUwQjIzRTQzRUZBMTNFMTQ3RTM0M0Y3NzY4
RUQzRTg4NzBBNTNFODhDQjlGM0VFNzc1Q0YzRTA0QzQxNjNFMDczQjAxM0U1
NENCRUIzREMxRDFGNDNENjBBMjE3M0U4RjVGMjgzRTU5MUU5RTNFREJBREFE
M0U0N0QyRTczRDk5Mjc1NzNFRDlGRTJDMw==

--SBD.Boundary.605592468
PROCESS /noc/users/iridburst/exec/irid_300224010734970_upd.pl
Last Run  ----1970-01-01 00:00:00 
MONTH  5 
DATA  xxrecord 2012-05-24 21:00:05 :: $W5M5A,120524,210005,660d0028449ce246,1,DAS 2,4901.4830N,1621.1561W,8.5,111,11.7,14.7,13.2,92.9,12.1,13.3,93.2,12.2,1017.5,1.51,2.22,9.5,212,48*53
 
INSERT
STATION sbdservice
IRID_ID 300224010734970
BODY 
Content-Type: application/x-zip-compressed; name="SBMmessage.sbd"
Content-Disposition: attachment; filename="300224010734970_003537.sbd"
Content-Transfer-Encoding: base64

JFc1TTVBLDEyMDUyNCwyMjAwMDUsNjYwZDAwMjg0NDljZTI0NiwxLERBUyAy
LDQ5MDEuNDY1OE4sMTYyMS4xNDAxVyw5LjgsOTIsMTIuNSwxNC42LDEzLjMs
OTMuNiwxMi4zLDEzLjMsOTQuMCwxMi40LDEwMTcuNCwxLjMyLDIuMDUsOS41
LDIxMSw1MCo2NA0KDQokVzVNNUEsMTIwNTI0LDIyMDAwNSw2NjBkMDAyODQ0
OWNlMjQ2LDIsREFTIDIsMTMuMCwxMy4xLDAuMiwwLjQsMC4wMSwxMjM0LDEy
NDUsMTU2LDYyOCwwLDM0Mi45LDE2LjIzLDkyMio2QQ0KDQokVzVNNUEsMTIw
NTI0LDIyMDAwNSw2NjBkMDAyODQ0OWNlMjQ2LDMsN0YwMDc1MDIzQTAwMDA1
MzMyMzAzMTMyMzAzNTMyMzQzMjMxMzQzMDMwMzA1NTVCMDAzMTMyMzAzNTMy
MzQzMjMxMzQzMDJDNTQ0MTQyMzAzMDMwMzAzMDJDMkQzMDM1MzEyRTMxMkMy
QzMxMzIyRTM1MzEyQzM0MkUzMDJDMzMzNjMwMzAyQzM2MzAyQzM2MzAyQzMx
MkMzMDMwMzUzNzMwMkMzMzJFMzQzMjJDMzEyRTMyMzYyQzMxMzUzMTJDMzAy
QzMwMkUzMTM3MzEyQzJCMzAzMDJFMzAwRDBBRTUxMDRENUNENDU5N0YwMDY3
MDIzQTAwMDA1NzMyMzAzMTMyMzAzNTMyMzQzMjMxMzQzMDMwMzBGRjREMDAw
MDgwRkI0NDAwMDAwMzQ0MDBGQzUwNDgwMDAwMDI0MzkwNzc1MDNGNjkyNkM2
NDBBQjZGMDM0MDRGMTRBOTNGQjlCRDAxNDFGQjE3RDczRkUwRDQwNTQxQkZC
OUNGNDA4NjYxMTg0MTdEQjcxNDQxQUJBNUIzM0YxNzEyNTM0MzczQjM0OTQy
MzIyOUFGM0IxRjFDNTU1NzI1RTI3RjAyQTIwMjNBMDAwMDRCNTY0ODIwMzcz
MjMwMzEzMjMwMzUzMjM0MzIzMTM0MzAzMDMwMzQwMDAwMDA5OTk5OTkzRDBB
RDdBMzNCMUMxMjUzNDM3MUIzNDk0MjQ4OTY3QzQzOUNGNjU2NDI0Nzk1ODE0
Mzg2OTM2MjQyQTQ2Qzg1NDM1NDdFNDI0MjkzOEM4MTQzNjFDMjRENDI3MkYw
NzA0M0NGM0M2QzQyMkI4QzVGNDM3NUYwNEU0MjkxQTU1RTQzRTc2ODIxNDI1
OEY3NjU0MzM1QjkyOTQyNzAwNzcxNDMxQTNDNDc0MkVDQTQ3MTQzMDE4OTQ1
NDJEMUYxNjY0M0VBMDk0QjQyNDI2QzRGNDNDOTNENjE0MkMyNTE0RTQzMERD
ODczNDI1RkQ5NDc0MzlCODQ3ODQyRUU2NjNFNDM1QkE4NzE0MkFENUU0ODQz
NEU1MTVGNDI0NjQwNEQ0MzRDMjU0NzQyRTgyMzQwNDM2NkU1M0Q0MjdCNzIy
RDQzQjE1QjQwNDJFNjQ5MjM0MzkyRjY1QTQyREJBRTE5NDM0NDUzNUI0Mjcz
Q0YwRDQzMUU1NzQ5NDI1RDBGMDA0M0JBNEMyQjQyODc4RjAyNDNFQ0ZDMUM0
MjM1OUYwNjQzNEUyMjI1NDIyRjA5MDc0MzZGQzAzOTQyMTREMzFGNDM4RjM3
NTU0MjM5MEIzQjQzRkMzRDM2NDJBNkNCMzI0Mzc2MUYzMTQyRjE0MzIyNDNF
QzJCMzU0MjBFNTcyMTQzMjREQzNCNDJDQTAxMjA0M0JGQzU0RjQyMzUxMDEy
NDNGNzM0NTM0MkY5MzUxMzQzMjBFNTNFNDI3MzczMjE0MzlEMkIzNDQyMTU2
RDFGNDNCQjY2NEQ0MjczQkQxMjQzMkVGQTY2NDJGRUU0MDg0MzAxNUQ2NDQy
QjU5RTBENDNEQjZDNUE0Mjk0NjMxQjQzNzQ3RjVFNDI5MzdBMjE0M0I2MTI1
RTQyQzRBODA5NDNGQzNFODA0Mjg5MTFFMDQyMTA0QThCNDI3RkNEQ0Q0MjMw
OTE5MTQyRTM2MkU5NDJEREM1OEY0MkExRTgwRjQzMzlBQzhFNDJFM0RGMTM0
MzI4QzA5MTQyNTExNkU5NDJBMjBGOTQ0MjQ3RjlDNjQyRjJEMTg4NDJFODY0
RDY0MjQyMkM3RjQyQTMzMERENDJFNjkxN0Y0MkJBRDZEMDQyRTdBMzg2NDI5
RDA2MTgzRUQ1Mjc3RDNFRjREQTI0M0YyNTcwQjMzRjlGRTI5MzNGNDk5NERB
M0ZGN0Y1MTY0MDNEMDQxNDQwNERGMURBM0Y3ODAyQzgzRjk1NzU1MjNGMTZG
NEQ3M0UxOEI5RDczRTM1Qjg0MTNGMEMwMjIwM0Y5RTIxMUMzRkRGMUUzMTNG
OUFGMjA1M0YyQkU5MDIzRjdFN0U4RTNFRUJGN0ZBM0VBQzZFRDgzRUFBRTM5
NTNFRTE4QkQ1M0U2Nzc1ODkzRTczRDUyMTNFRDU0QjI2M0U2RTc1MEQzRTdB
NTg1OTNFM0MwRjY0M0UxQ0FFNjczRTkwNUY5MjNFNEI0NTc1M0U0N0NFMjcz
RTI0NEQwQzNFNDhGODJFM0VDNDM5REMzRA==

--SBD.Boundary.605592468
PROCESS /noc/users/iridburst/exec/irid_300224010734970_upd.pl
Last Run  ----1970-01-01 00:00:00 
MONTH  5 
DATA  xxrecord 2012-05-24 22:00:05 :: $W5M5A,120524,220005,660d0028449ce246,1,DAS 2,4901.4658N,1621.1401W,9.8,92,12.5,14.6,13.3,93.6,12.3,13.3,94.0,12.4,1017.4,1.32,2.05,9.5,211,50*64
 
INSERT
STATION sbdservice
IRID_ID 300224010734970
BODY 
Content-Type: application/x-zip-compressed; name="SBMmessage.sbd"
Content-Disposition: attachment; filename="300224010734970_003538.sbd"
Content-Transfer-Encoding: base64

JFc1TTVBLDEyMDUyNCwyMzAwMDUsNjYwZDAwMjg0NDljZTI0NiwxLERBUyAy
LDQ5MDEuNDM0OE4sMTYyMS4xMDM3VywxMC4xLDkwLDEyLjcsMTQuNiwxMy4z
LDk0LjQsMTIuNCwxMy4zLDk0LjksMTIuNSwxMDE3LjAsMS40OCwyLjI1LDcu
NywyMzIsNDkqNTUNCg0KJFc1TTVBLDEyMDUyNCwyMzAwMDUsNjYwZDAwMjg0
NDljZTI0NiwyLERBUyAyLDEzLjAsMTMuMSwwLjIsMC40LDAuMDEsMTIzNSwx
MjQ2LDE1Niw2MjgsMCwzNDUuMywxNi4yMyw5MjYqNjANCg0KJFc1TTVBLDEy
MDUyNCwyMzAwMDUsNjYwZDAwMjg0NDljZTI0NiwzLDdGMDA3NTAyM0EwMDAw
NTMzMjMwMzEzMjMwMzUzMjM0MzIzMjM0MzAzMDMwNTU1QjAwMzEzMjMwMzUz
MjM0MzIzMjM0MzAyQzU0NDE0MjMwMzAzMDMwMzAyQzJEMzAzNTMxMkUzMTJD
MkMzMTMyMkUzNDM5MkMzNDJFMzAyQzMzMzYzMDMwMkMzNjMwMkMzNjMwMkMz
MTJDMzAzMDM1MzczMDJDMzMyRTM0MzIyQzMxMkUzMjM2MkMzMTM1MzIyQzMw
MkMzMDJFMzEzNzMyMkMyQjMwMzAyRTMwMEQwQUVGMTA3NTNENDUzNTdGMDA2
NzAyM0EwMDAwNTczMjMwMzEzMjMwMzUzMjM0MzIzMjM0MzAzMDMwRkY0RDAw
MDA4MEZCNDQwMDAwMDM0NDAwQzA1QTQ4MDAwMEYyNDIxQTI2NzAzRjZBODVE
MzQwNTAwOTEwNDAxMERBQkMzRkQ0NkEwMjQxNEI0NkUyM0Y1MERGRkQ0MDEy
QTZEMDQwNjMyN0Y2NDBBQTZDMEI0MUE0RjFDMzNGMEUwNjY4NDM2RTNBNDQ0
MkE2OTlEMDNCQkUxQzRDMTYzOTJEN0YwMkEyMDIzQTAwMDA0QjU2NDgyMDM3
MzIzMDMxMzIzMDM1MzIzNDMyMzIzNDMwMzAzMDM0MDAwMDAwOTk5OTk5M0Qw
QUQ3QTMzQjExMDY2ODQzNkQzQTQ0NDI4MEM5ODQ0MzgyNTU2RTQyRjIxNjhC
NDNDREUzNjA0MkQxN0Q5MjQzODlCRDVFNDI0NDg3OTM0MzYxMkE3RTQyREFG
Mzg2NDNDNDFCNzI0MjUzNTA4NDQzQUI5NDQyNDI5MjZDODE0M0Y5MzQyNzQy
MTdBODdGNDM5OTM2MkE0MjlDNUM3RDQzMUVENjM4NDI1OTFBNzk0MzVFRUU0
QTQyNEMzNDc1NDM5NUQ1MkE0MjAwMDI3MTQzOEQwNjE5NDIwQjIyNkI0Mzc2
NDYzQzQyOEM4QjU5NDNDOUZGNkE0MkU5NkI0QzQzQTQzNDZCNDI2NkQyNDM0
M0U3NEU1QjQyNzQzQjMyNDM2MkRCNjM0MjkyODMyNDQzRkI0ODY1NDJGQjBC
Mjg0Mzk4Qzk1NTQyMDNGQjM2NDNCNDRGNDE0MkVDNDIzMzQzRDkyRTQ2NDI4
RjlEMjI0M0Q2ODk0QTQyQUI1QzFFNDNCOUVCNDY0MkIzNTkyMzQzOTRFRDQ4
NDI2QjlEMjk0MzA4MkU1OTQyMDgwRDMwNDMxOUVFNzM0MjRDODAxQjQzN0Mz
MDc2NDI0ODMyMDI0M0NBNjQ0MDQyQ0VFOUYzNDI0REQ2MzQ0MjYwMTAwMTQz
NENEQzRCNDIwM0E4MEM0M0I4NTU1NDQyRDMzRUY5NDJDMjk2NzU0MjkyQjRE
RjQyMzkwQjg1NDI1NkRGRUI0MkQyMzg3NTQyRkIwM0YwNDIyN0RBNjI0Mjcz
MjVEQTQyQTYwQzZBNDI2OTRFQkE0MjE1OUI1QzQyQkFCQkFCNDIxQjNGNTI0
MjdDOTVBRDQyQUYzODY2NDI5RDVBQkE0MkM3MDI3MDQyOEIxNUUwNDJGNTlF
NzQ0MkI5NEUxMTQzMkFBQjZGNDJBMUIwMTU0M0Q1NDg2RTQyODhDNzBCNDNC
MkQ3NzI0MjVDQzkxMDQzQTBGMDc1NDJBODg4MUM0M0RGODA4MjQyMEEyMEY2
NDI0OEMwODk0MjZBOEFFNzQyMTNFQjg4NDJDMkUxMTI0MzIzNTc4NjQyOUUz
MjI1NDNFNjIzODE0MjA2NzExNTQzQUZEMjg4NDI3OUYzRTQ0MkI0NEI3QjQy
NjIzOTE4M0VEODg3OEEzRTM1MDIyNzNGRjFGNzQ5M0ZFNjk4MUEzRjFDNDky
QTQwQTNDNDBFNDAxRTYwMzg0MDczMjVGQjNGMzI2OUI2M0ZEQTg5RUYzRkU3
OTgzOTQwNzREQzhCM0ZBMTY3MTgzRjJFMERGNzNFQUIyOEE5M0VFQjk1MTUz
RkFFMTNDNjNFREQ0RUM0M0UxM0EyMUIzRjAyQUQ0ODNGNDYxNTA0M0YwRDZB
RDIzRTkwQTI5MTNFQTlGQ0E5M0VGQUI4NTUzRTA4OTJEQzNENDZCMDgxM0Uz
M0EzOTAzRUQ5MTE0QzNFNjE1RjQ0M0U4OUYzMkMzRTA2NTNFMzNERjRCREY4
M0QyMUIyMDAzRUNCRUFFMTNENDBCMkZCMw==

--SBD.Boundary.605592468
PROCESS /noc/users/iridburst/exec/irid_300224010734970_upd.pl
Last Run  ----1970-01-01 00:00:00 
MONTH  5 
DATA  xxrecord 2012-05-24 23:00:05 :: $W5M5A,120524,230005,660d0028449ce246,1,DAS 2,4901.4348N,1621.1037W,10.1,90,12.7,14.6,13.3,94.4,12.4,13.3,94.9,12.5,1017.0,1.48,2.25,7.7,232,49*55
 
INSERT
STATION sbdservice
IRID_ID 300224010734970
BODY 
Content-Type: application/x-zip-compressed; name="SBMmessage.sbd"
Content-Disposition: attachment; filename="300224010734970_003539.sbd"
Content-Transfer-Encoding: base64

JFc1TTVBLDEyMDUyNSwwMDAwMDUsNjYwZDAwMjg0NDljZTI0NiwxLERBUyAy
LDQ5MDEuNDAxME4sMTYyMS4wNTcxVyw3LjEsODgsOS4xLDE0LjYsMTMuMSw5
NS41LDEyLjQsMTMuMiw5NS43LDEyLjUsMTAxNi45LDEuNDcsMi40MywxMCwy
NDUsNDcqNzQNCg0KJFc1TTVBLDEyMDUyNSwwMDAwMDUsNjYwZDAwMjg0NDlj
ZTI0NiwyLERBUyAyLDEyLjksMTMuMSwwLjIsMC41LDAuMDEsMTIzNiwxMjQ3
LDE1Niw2MjgsMCwzNDUuOCwxNi4yMyw5MjUqNjMNCg0KJFc1TTVBLDEyMDUy
NSwwMDAwMDUsNjYwZDAwMjg0NDljZTI0NiwzLDdGMDA3NTAyM0EwMDAwNTMz
MjMwMzEzMjMwMzUzMjM0MzIzMzM0MzAzMDMwNTU1QjAwMzEzMjMwMzUzMjM0
MzIzMzM0MzAyQzU0NDE0MjMwMzAzMDMwMzAyQzJEMzAzNTMxMkUzMTJDMkMz
MTMyMkUzNDM3MkMzNDJFMzAyQzMzMzYzMDMwMkMzNjMwMkMzNjMwMkMzMTJD
MzAzMDM1MzczMDJDMzMyRTM0MzIyQzMxMkUzMjM2MkMzMTM1MzMyQzMwMkMz
MDJFMzEzNzMxMkMyQjMwMzAyRTMwMEQwQUVFMTAzMTM3MkFENjdGMDA2NzAy
M0EwMDAwNTczMjMwMzEzMjMwMzUzMjM0MzIzMzM0MzAzMDMwRkY0RDAwMDA4
MEZCNDQwMDAwMDM0NDAwODQ2NDQ4MDAwMEVFNDJFMEIwNzkzRkFDNDREODQw
MjhCMzFCNDAwNjlFQkMzRjY2RkEwNTQxOEYwQUYxM0ZFMEM1MEI0MUVCOTVE
MDQwMDEwMDIwNDExMkEyMTk0MUE3NzJDODNGNjcxRTc1NDM2REQ2M0M0MjM3
N0FEQTNCMUIxREIxMzcxMjBCN0YwMjk2MDIzQTAwMDA0QjU2NDgyMDM3MzIz
MDMxMzIzMDM1MzIzNDMyMzMzNDMwMzAzMDMzMDAwMDAwOTk5OTk5M0QwQUQ3
QTMzQjZBMUU3NTQzNkJENjNDNDI5RDM0ODE0M0EzRjI2RjQyQUQyRDgxNDNF
QkY0NjE0MjBBNEI4NDQzQUM0MjU4NDJDOTg2ODg0M0YwQ0I1RDQyOEU3OTkw
NDMwRDBCNEU0MjVDMDM5MzQzMzhGMTQwNDI1N0YzOEQ0MzNFMUYzNDQyMkVD
NDg0NDM1N0NEMDc0MkZERkQ4MzQzMEQ2RTAzNDIxQjQ4ODM0MzJDOEMyRTQy
MUNCNzdCNDM5NEQ2MzY0MkY4NjY3QzQzNkVDMjMzNDI4NTFFNjg0MzAxQjI1
QTQyQTlENDUwNDMzRDEwNDQ0MkUzRDI1NjQzRTY2ODJBNDJBMkE5NTk0M0Qx
Q0MxMzQyNDJDNzU1NDNCMDc1MTI0MjRFRTE0QTQzRUVFQjM3NDJBNTc2M0U0
M0QzMjI1NjQyQUFEMzNBNDMyOUNCNTk0MjdGMkMzMjQzODk3RTRENDI1M0Mw
MjY0M0Y0RDc0RjQyRTBFRjFFNDM1QjlDNjE0MjJCMzkyNTQzMTE4MTZBNDIy
RTBFMjA0MzYwQ0M3MTQyRUM3NDFCNDNFNkVDNjY0MjIwNkYxOTQzNzFDQjVB
NDJENEJDMEU0MzYzMzM2MDQyMUNBNjA1NDNFNDcxNTU0MjYzQzEwMjQzRTAx
RTU5NDJFRjNDRjY0MkU3MTk1RDQyN0M2N0Y2NDIzQzcxNDg0MjBCRUVFRTQy
NkE1RjQyNDJGQjJDREY0MkYyQjE0RjQyQzFDMkU5NDJGMUU0NkY0MkE1Rjcw
QTQzOTAyQTc3NDI4NjkyRjI0MjRBMTc3QTQyRDIxRkJBNDI4QTlDNzI0MjRF
N0RCRjQyREFBRDcyNDI2NEQyRkI0MjJBRTQ3NDQyQjQwOTBENDM5MEIzNkU0
MkYzMDIxMTQzREJCNDdENDIxODY5MDg0M0VDNTY4ODQyNzBDNjAwNDM5MDE4
ODM0MjRDMTQxMzQzMUFCNTc0NDI1RTIwMzA0Mzk2Qjg3MzQyN0Q4ODNCNDNF
RDNGODY0MkZDQTUwQTQzNDU4ODhGNDI1RjNDRDc0MkE5RDI5MTQyNEMyM0ZD
NDIyREQ1OTk0MjhBRDUyMzQzRjdDRTk2NDI0QUZGNzkzRUZBNEFFODNFOTVD
ODIyM0ZGMDM0OTYzRjMzMzdDQjNGQ0Q2NTY3NDA0RDVBMTA0MEY3RjkyRDQw
MTMwQjJENDBFRjY3OEUzRkUwRTg4MjNGNDlEREEwM0Y2MkJCMTAzRjFFQ0M1
NTNGRTQwODRBM0Y1QTVDNDMzRjg4NDUwQTNGNjM5RDQzM0Y0NTBFRDczRTJB
MTM4QzNFNTZCMkI2M0VERTA4QzIzRTg2ODc4RjNFM0MyRjYzM0U3RDlEOUIz
RURENjY2RTNFQTYzNEFDM0UzQzA4M0QzRTlEMjM5RjNFMTQ4RDkzM0U2OTc5
OTczRTUyMUJGMzNFMDIzQkVBM0U5NjkwNzMzRThBQzRFNjNEQUUxQjFDM0U1
N0NCMDYzRTFFMzIxNDNFRkYxNDBEM0UzRg==

--SBD.Boundary.605592468
PROCESS /noc/users/iridburst/exec/irid_300224010734970_upd.pl
Last Run  ----1970-01-01 00:00:00 
MONTH  5 
DATA  xxrecord 2012-05-25 00:00:05 :: $W5M5A,120525,000005,660d0028449ce246,1,DAS 2,4901.4010N,1621.0571W,7.1,88,9.1,14.6,13.1,95.5,12.4,13.2,95.7,12.5,1016.9,1.47,2.43,10,245,47*74
 
INSERT
STATION sbdservice
IRID_ID 300224010734970
BODY 
Content-Type: application/x-zip-compressed; name="SBMmessage.sbd"
Content-Disposition: attachment; filename="300224010734970_003540.sbd"
Content-Transfer-Encoding: base64

JFc1TTVBLDEyMDUyNSwwMTAwMDUsNjYwZDAwMjg0NDljZTI0NiwxLERBUyAy
LDQ5MDEuMzY1Mk4sMTYyMS4wMDY2Vyw4LjcsOTYsMTAuOSwxNC42LDEzLjMs
OTUuNiwxMi42LDEzLjMsOTUuOSwxMi43LDEwMTYuMywxLjM3LDIuMTQsOC43
LDIyMSw1MCo2Mg0KDQokVzVNNUEsMTIwNTI1LDAxMDAwNSw2NjBkMDAyODQ0
OWNlMjQ2LDIsREFTIDIsMTIuOSwxMy4xLDAuMiwwLjUsMC4wMSwxMjM3LDEy
NDgsMTU2LDYyOCwwLDE1My4xLDE2LjIzLDkyMCo2NQ0KDQokVzVNNUEsMTIw
NTI1LDAxMDAwNSw2NjBkMDAyODQ0OWNlMjQ2LDMsN0YwMDc1MDIzQTAwMDA1
MzMyMzAzMTMyMzAzNTMyMzUzMDMwMzQzMDMwMzA1NTVCMDAzMTMyMzAzNTMy
MzUzMDMwMzQzMDJDNTQ0MTQyMzAzMDMwMzAzMDJDMkQzMDM1MzEyRTMxMkMy
QzMxMzIyRTM0MzYyQzM0MkUzMDJDMzMzNjMwMzAyQzM2MzAyQzM2MzAyQzMx
MkMzMDMwMzUzNzMwMkMzMzJFMzQzMjJDMzEyRTMyMzYyQzMxMzUzNDJDMzAy
QzMwMkUzMTM3MzEyQzJCMzAzMDJFMzAwRDBBRUExMEMwQUI2RDlDN0YwMDY3
MDIzQTAwMDA1NzMyMzAzMTMyMzAzNTMyMzUzMDMwMzQzMDMwMzBGRjREMDAw
MDgwRkI0NDAwNDAwMzQ0MDAwMDdBNDUwMDAwRkM0MjYyNDM2MjNGRjk4RUNC
NDBDOTBEMDk0MDJEQ0RBRTNGNURGMkZFNDBFRjIxREQzRkY4OTAwMzQxNUIx
N0NENDA2NTIxMEI0MTQzQUUwQTQxMzEwOEJBM0Y1OUIyNUM0MzFGQ0Y0ODQy
MjNBMkJEM0I5MDFDNEYxM0RENEY3RjAyOEEwMjNBMDAwMDRCNTY0ODIwMzcz
MjMwMzEzMjMwMzUzMjM1MzAzMDM0MzAzMDMwMzIwMDAwMDAwQUQ3QTMzRDBB
RDdBMzNCNURCMjVDNDMxOUNGNDg0MkEyMTY2RTQzQzBFRjhCNDJEQUVCODE0
MzFBMEQ4ODQyRUU2RDdGNDMwQ0QxNjg0MjhBQkM3MTQzNjMxMDU0NDJBQjM2
N0E0M0VCQzU1MDQyMzM1MjgxNDNGNjk3M0Q0MjhFQzg3NzQzMTNBODIxNDJB
QzQ0NzA0MzhEMjgwQTQyRjVCNDcxNDM2MjdCMTQ0MjVFREE2QzQzRjU2NDM2
NDI1REZGNUI0MzUzMUQ0NTQyOTlEQzVDNDNBOEFBNDM0MjNCRjA2MzQzMjIy
NDQ0NDIwRUQ2NUY0MzBGOTM0QTQyQzg2MzVFNDM0RUY1NEE0MjkyNjk1NTQz
MTY5RjVENDI3MkM1M0I0M0Y2NTU1RjQyMTVCNjQwNDNFQ0IzNDc0MkFENUEz
QTQzREM0MzY1NDI3QTVBMjA0MzdBRTc3MDQyMkI0RjJDNDMxMzUwNkM0Mjcw
QkQyQzQzN0VBRjZBNDIyRTcwMUE0M0I1MTE2MjQyMzgzNzFBNDMzRkMyNjA0
MjdEMTczNjQzNTYwRDYwNDJENjg1MkM0M0UzQjA1NjQyODE2NjE1NDMzOTY5
NEU0MkRDNjMyODQzNkRCRTZGNDI5MDZGMzE0MzYzRTE2QzQyQTg0OTIyNDND
RjQwNzU0MjJDNUUwQTQzRjYzRTdCNDIwMzFCMDA0M0M3NUE2MTQyQTlBRkZF
NDJCN0ExNjA0MjhCODJFRTQyNjM1NzY2NDJENTQ2RUI0MkRERUI3QjQyMUZC
NzA5NDNENUVEODQ0Mjg3MkQwMzQzRDlBODg2NDI0RjYxRUQ0Mjk4MDc4NDQy
MTNEM0U4NDIwQTBEODI0MjREQzVEQTQyMTJBNDg0NDI5Q0QwQjg0MkM0Q0E4
NjQyMjY0MEIyNDI2QkI0ODY0MjZBMkNERDQyNUE5RThGNDJERjc2MEQ0Mzg4
QzQ5NTQyNDU1M0QyNDI4NjZFOTc0MjVCNEZCMDQyNjUwRjkyNDIxRjNFREE0
MjA1RDM4RTQyNUZBNEY0NDJFREIxODg0MjBENDVENzQyNTZBNDgyNDJGQ0NF
QzA0MjlDNzk4MDQyRjMwNjRBM0U3NUQ4RjQzRUYxN0Y0QTNGMDNDMzYzM0ZF
OTBDQTkzRjJBNTRFQjNGMjc0RkRCM0ZDOUQ0MjI0MDI3NkVFRDNGOUIxQUUy
M0Y0MjUyQTYzRkU5Q0I4NjNGQjU0RTM2M0YzOTAzODYzRjdCMjE0NzNGM0Y1
MzlCM0UyMjA1Q0MzRTcxMThGRDNFRUJBRjAwM0YzRTI0MTEzRkRGQTUxRTNG
RTMzMzFEM0YzMEE3OEYzRTlEQ0U5ODNFMEU2ODlFM0U4RkE4NjgzRTk3NjEw
RTNFRUVCNURDM0Q2MTA4NDEzRUMyNzY4MjNFNjVBQjA2M0UwQjU2RkEzRDQy
RDUxMjNFMzZDQUIyM0Q0NDQ4QTUzRDhFM0QxRjNFNzRBRDdDM0VBNDM1Njcz
RUU2OUExMjNFOUY0QTE2M0U1OTMyRUQzRA==

--SBD.Boundary.605592468
PROCESS /noc/users/iridburst/exec/irid_300224010734970_upd.pl
Last Run  ----1970-01-01 00:00:00 
MONTH  5 
DATA  xxrecord 2012-05-25 01:00:05 :: $W5M5A,120525,010005,660d0028449ce246,1,DAS 2,4901.3652N,1621.0066W,8.7,96,10.9,14.6,13.3,95.6,12.6,13.3,95.9,12.7,1016.3,1.37,2.14,8.7,221,50*62
 
INSERT
STATION sbdservice
IRID_ID 300224010734970
BODY 
Content-Type: application/x-zip-compressed; name="SBMmessage.sbd"
Content-Disposition: attachment; filename="300224010734970_003541.sbd"
Content-Transfer-Encoding: base64

JFc1TTVBLDEyMDUyNSwwMjAwMDUsNjYwZDAwMjg0NDljZTI0NiwxLERBUyAy
LDQ5MDEuMzMzOE4sMTYyMC45NTg4Vyw3LjAsODQsOC44LDE0LjYsMTMuMiw5
NS4zLDEyLjUsMTMuMiw5NS42LDEyLjYsMTAxNS44LDEuNTksMy4zMSw5LjUs
MjI5LDQ4KjVBDQoNCiRXNU01QSwxMjA1MjUsMDIwMDA1LDY2MGQwMDI4NDQ5
Y2UyNDYsMixEQVMgMiwxMi45LDEzLjEsMC4yLDAuNiwwLjAxLDEyMzgsMTI0
OSwxNTYsNjI4LDAsNjkuMCwxNi4yMyw5MjMqNTENCg0KJFc1TTVBLDEyMDUy
NSwwMjAwMDUsNjYwZDAwMjg0NDljZTI0NiwzLDdGMDA3NTAyM0EwMDAwNTMz
MjMwMzEzMjMwMzUzMjM1MzAzMTM0MzAzMDMwNTU1QjAwMzEzMjMwMzUzMjM1
MzAzMTM0MzAyQzU0NDE0MjMwMzAzMDMwMzAyQzJEMzAzNTMxMkUzMTJDMkMz
MTMyMkUzNDM0MkMzNDJFMzAyQzMzMzYzMDMwMkMzNjMwMkMzNjMwMkMzMTJD
MzAzMDM1MzczMDJDMzMyRTM0MzIyQzMxMkUzMjM2MkMzMTM1MzUyQzMwMkMz
MDJFMzEzNzMyMkMyQjMwMzAyRTMwMEQwQUVCMTAxRTVERDM5QjdGMDA2NzAy
M0EwMDAwNTczMjMwMzEzMjMwMzUzMjM1MzAzMTM0MzAzMDMwRkY0RDAwMDA4
MEZCNDQwMDQwMDM0NDAwQzA1QTQ2MDAwMEU4NDIxOEFBODQzRjVEMzREQjQw
OTRFRDUzNDBGRjY5Q0IzRkQ0QzcwNTQxNUQwQkY5M0ZENTk3RkM0MEQwQTdE
MDQwODY2MTE4NDEyRDE2MTc0MThBMDJENTNGNTgwRDY1NDMyMkEzNDE0MjBE
MERGRDNCQTUxRDM4NUNGRkVGN0YwMjdFMDIzQTAwMDA0QjU2NDgyMDM3MzIz
MDMxMzIzMDM1MzIzNTMwMzEzNDMwMzAzMDMxMDAwMDAwN0IxNEFFM0QwQUQ3
QTMzQjVDMEQ2NTQzMjNBMzQxNDI1QTk4OTE0MzBEN0M4ODQyMDZEQThFNDM3
REQ3N0E0MjIxODQ4ODQzRDgwMjU2NDIyMThBODY0MzEyODQzRDQyRDZFNzg3
NDNFMTI3M0E0MkY0NDU4OTQzMzlERDQxNDIxQUJBODA0MzRGMjM0MTQyMzA0
OTZENDM5Qjg2MUY0MjQ4RDk2NjQzNjVBMDA1NDJEQzhBNjE0M0RCRkFFRDQx
RjNBMDVENDM0MkE1RkY0MTc1RDY1QzQzNDc5MTIzNDJDMDg1NjA0MzJFMEE1
QTQyM0VFMTU2NDMyNzQzNjU0MkFEMDM0RTQzODlCQjUyNDJCNjEyNDg0MzlB
ODE1RTQyMDVENTI2NDNGQzY5NUU0MkFBRTcxRjQzOUE5MTRENDJENzQwMjg0
M0QyNEQ1NzQyQTY1RTJCNDM0MEVGNTI0MkMyOTQyMjQzQjUwMzQ3NDIyQzAx
MTk0Mzk0NTU2MDQyMjU5RjEyNDMwODZGNzI0MjY2RTAyMTQzQTY1NTYzNDIw
QjkyMjA0M0Q4QTg0QzQyMTdCQjE1NDM4RTFENDk0MkVGNTkwQjQzNjMwRTU1
NDJCRDZEMTQ0MzVEMEM2RTQyNTg5NjJBNDM5NUQyNzc0MkE0OTEyRDQzNTk4
NTYzNDJENDc2MjY0M0RDNjM2NDQyNTE4QTIwNDM4QkZENzc0MjU3RjAwRTQz
MzBBNzc2NDI4OTE0RkU0MjRCREI2OTQyQjQwQUYwNDI1NTVBODA0MjI0Qzcw
OTQzNEJEMTg5NDIyRTlBMkM0MzFFNzk2NzQyQUVGQzI2NDNFNEQxNDc0MjdC
NUUxMTQzQzNEMDZBNDJBNzhFMEQ0MzU3NkU4MjQyRUZDNjAwNDM5OThFODk0
MkM5OTk4NDQyQUVFMzkxNDI5MjNDRUI0MTIwMUU5NDQyRjdDNzI2NDMzMDkw
OTc0MjI0MzMxNDQzOEM5RDgyNDJGNDk2MDM0MzY1MTg4NjQyNjY1NDEwNDNB
MjJCOTU0MjAxODYyMzQzODMwQTkxNDIzMDA5MTc0MzMxMTg5MDQyMkYzOTBE
M0YzNEQ0N0QzRjdGNTRDNzNGOTQ3OTQ1NDA5MkNCODQ0MEM3QTQwRTQwRDNC
NDg3M0ZFQUYyQzkzRjlENjNFRjNGNzk3RjA4NDBDQkY1RUMzRkE3MUIwRDNG
NzA1NDFEM0Y4REJFODYzRkI4MTdBRTNGQzI5OTFDM0YwNkExRjAzRTNDQTQ0
MzNGQThEQkQyM0VGM0ZERjIzRURGMjYzRDNGQzg0MzNEM0Y5RDVDMDEzRjYw
NUJCMjNFNEU5RDAwM0Y3OEM3RTQzRTNERkVGRjNFMTRCOTY0M0U0NzQ5RUEz
REY3OTYyNjNFQzU2OTVEM0U3MkM2RjIzREIzRUIzNzNFNjJDQzFGM0UyREUz
NDMzRTRFMkQ2OTNFNjYwRjJCM0VENjMxNTgzRTNBMzk5RDNEMDRDRUMwM0RE
N0VEREEzRDQwRUY3NTNEMjJBOUI4M0QxRQ==

--SBD.Boundary.605592468
PROCESS /noc/users/iridburst/exec/irid_300224010734970_upd.pl
Last Run  ----1970-01-01 00:00:00 
MONTH  5 
DATA  xxrecord 2012-05-25 02:00:05 :: $W5M5A,120525,020005,660d0028449ce246,1,DAS 2,4901.3338N,1620.9588W,7.0,84,8.8,14.6,13.2,95.3,12.5,13.2,95.6,12.6,1015.8,1.59,3.31,9.5,229,48*5A
 
INSERT
STATION sbdservice
IRID_ID 300224010734970
BODY 
Content-Type: application/x-zip-compressed; name="SBMmessage.sbd"
Content-Disposition: attachment; filename="300224010734970_003542.sbd"
Content-Transfer-Encoding: base64

JFc1TTVBLDEyMDUyNSwwMzAwMDUsNjYwZDAwMjg0NDljZTI0NiwxLERBUyAy
LDQ5MDEuMzA4NU4sMTYyMC45MTk3Vyw5LjQsMTAyLDEyLjQsMTQuNiwxMy4w
LDk0LjksMTIuMiwxMy4xLDk1LjEsMTIuMywxMDE1LjIsMS40MiwyLjI0LDku
NSwyMTksNTIqNTQNCg0KJFc1TTVBLDEyMDUyNSwwMzAwMDUsNjYwZDAwMjg0
NDljZTI0NiwyLERBUyAyLDEyLjksMTMuMCwwLjIsMC40LDAuMDEsMTIzOSwx
MjUwLDE1Niw2MjcsMCwzNDIuNywxNi4yMyw5MjUqNkUNCg0KJFc1TTVBLDEy
MDUyNSwwMzAwMDUsNjYwZDAwMjg0NDljZTI0NiwzLDdGMDA3NTAyM0EwMDAw
NTMzMjMwMzEzMjMwMzUzMjM1MzAzMjM0MzAzMDMwNTU1QjAwMzEzMjMwMzUz
MjM1MzAzMjM0MzAyQzU0NDE0MjMwMzAzMDMwMzAyQzJEMzAzNTMxMkUzMTJD
MkMzMTMyMkUzNDMzMkMzNDJFMzAyQzMzMzYzMDMwMkMzNjMwMkMzNjMwMkMz
MTJDMzAzMDM1MzczMDJDMzMyRTM0MzIyQzMxMkUzMjM2MkMzMTM1MzYyQzMw
MkMzMDJFMzEzNzMxMkMyQjMwMzAyRTMwMEQwQUVCMTA3ODNBOUQ4NDdGMDA2
NzAyM0EwMDAwNTczMjMwMzEzMjMwMzUzMjM1MzAzMjM0MzAzMDMwRkY0RDAw
MDA4MEZCNDQwMDQwMDM0NDAwODBCQjQ2MDAwMEZBNDIxQUNBNkMzRjZFOTlD
QzQwMTI4RTBGNDA0QkE4QjUzRjE1M0VGNzQwRTEzOERGM0ZBMUY2RjY0MDgx
MjdDODQwODY2MTE4NDEyQ0YzMTc0MTI4NzNCRjNGOEU3NjVCNDM5OUQ2NEU0
MjBEMjdDNzNCMkMxRUE5NzMzNEYwN0YwMkEyMDIzQTAwMDA0QjU2NDgyMDM3
MzIzMDMxMzIzMDM1MzIzNTMwMzIzNDMwMzAzMDM0MDAwMDAwMEFEN0EzM0Qw
QUQ3QTMzQjkyNzY1QjQzOTdENjRFNDJEMjMwNkQ0M0RERTY1MDQyNjgxRTc4
NDNCNjRBNTI0MkM0RTI4MDQzNjQzNzQ3NDJDQjk1ODQ0MzExNjg0OTQyMTlE
NDg1NDNENEIwNTY0MkM0Mjk4NTQzN0E5NTUwNDI3MkI5ODI0M0IwOTAzRTQy
NDA5NzdGNDMwODNDM0U0MjA2MTY3NTQzNTc1NTQyNDIzOEQ3NkM0MzQxQzYz
MzQyRUY0NDY1NDNEQ0IyMzQ0MkJENjM1QzQzMUQ5NDUyNDJFNjYzNTg0MzRD
MTczNTQyRjExNjUwNDM4RTYxMjU0MjE3OTEzMjQzMUZBRjNDNDJGRUE0MUE0
M0QwQkU0RjQyOEMzNTE5NDNFOTQ3NjU0MjM0QTQyNjQzMDQ2QjY5NDIyODc5
Mjc0M0Y3OUM1OTQyQUMwOTFGNDMyQzM5NDc0MjJBN0QxODQzNERDRjQ3NDJC
RjE4MTc0MzY1QUE1QTQyOUEwNTE0NDM0MjhCNkU0MkEwRjcxNTQzMjJERTZE
NDJFODc3MjA0M0MwQUE0NzQyRkIwQzI0NDMzRDRFM0M0MjI2QzEyMDQzRTRG
MDRFNDIzRDMwMTE0MzlDNTc1RjQyNkFEMUU0NDI5QkY1NjM0MjA2M0JEQzQy
MTlDMzczNDJGMDdFMDM0MzZCN0U2NzQyOThGMUVBNDIzRjZFNTA0MjM2MjJD
RjQyQzI4ODYwNDJBRkY5RDI0MjE4RjI3QjQyNDhBNEY5NDI4OTgyODc0MkY2
OTkxMzQzNDk5Rjg1NDJGNTM2MDk0Mzc3MEM2RjQyNjJGQkYxNDI5OEY3Njc0
MkFGMUNDODQyMTc5NzY5NDI4NzQxQzU0MjM5NzY4MDQyQkIzNUZGNDJDOUFB
OTE0MkJCRkRGMzQyNUMzMThENDIzNTdCQzI0MkNGM0Y3RTQyMkNDNkJGNDIy
MkM5ODY0MkEzREUwOTQzOTdCRTk0NDI1MTFBMjg0M0Q2OTc5NzQyQUNENDVG
NDNFNkJGOTg0MkE5NjNFODQyRjk1Qjk3NDI1M0E3REI0MkY5Njc4OTQyQTIw
RkU4NDI5RjlGOEM0MjgzMDZGMjQyMzBCNTkyNDIxOTlFMDE0M0VCOUU5NjQy
OEU3NzEwM0U5QzFGMEEzRkVFMzA5NzNGM0UwQkYyM0YyRTEwRkQzRjZGMUMz
NDQwMkY0QkUzM0YyNjNDNkMzRjFGOTVDOTNGNkJGOEI5M0Y1QzBCNDAzRkNE
RDAwODNGNjZDQjkwM0ZGOUMzNzMzRkJDMjMyMDNGOUE1NzAxM0Y0NTYwRDAz
RTIxNTRGMjNFOUIyMUU2M0VGNTA1MjkzRjZCMUYyMTNGM0NFNEZEM0VGMUY5
RTIzRTQ1Qzc4NzNFOUIwQTlDM0UxRENCRkEzRTQ1MjZEMjNFQkUwOUUxM0Ux
RUYwNUYzRUY5NUQ0RTNFMjlFMDQxM0VGMUJCM0QzRTBFMUE3NDNFMzMxMzQw
M0VDMjRDRjUzRDQ2ODBFQjNEQjA3NUY4Mw==

--SBD.Boundary.605592468
PROCESS /noc/users/iridburst/exec/irid_300224010734970_upd.pl
Last Run  ----1970-01-01 00:00:00 
MONTH  5 
DATA  xxrecord 2012-05-25 03:00:05 :: $W5M5A,120525,030005,660d0028449ce246,1,DAS 2,4901.3085N,1620.9197W,9.4,102,12.4,14.6,13.0,94.9,12.2,13.1,95.1,12.3,1015.2,1.42,2.24,9.5,219,52*54
 
INSERT
STATION sbdservice
IRID_ID 300224010734970
BODY 
Content-Type: application/x-zip-compressed; name="SBMmessage.sbd"
Content-Disposition: attachment; filename="300224010734970_003543.sbd"
Content-Transfer-Encoding: base64

JFc1TTVBLDEyMDUyNSwwNDAwMDUsNjYwZDAwMjg0NDljZTI0NiwxLERBUyAy
LDQ5MDEuMzEzME4sMTYyMC45MjQzVyw3LjksOTcsOS45LDE0LjYsMTMuMCw5
My4yLDExLjksMTMuMCw5My43LDEyLjAsMTAxNC45LDEuMzIsMS45OSw4LjMs
MjIzLDUyKjVGDQoNCiRXNU01QSwxMjA1MjUsMDQwMDA1LDY2MGQwMDI4NDQ5
Y2UyNDYsMixEQVMgMiwxMi45LDEzLjAsMC4yLDAuNCwwLjAxLDEyNDAsMTI1
MSwxNTYsNjI5LDAsMzUxLjIsMTYuMjMsOTIxKjZCDQoNCiRXNU01QSwxMjA1
MjUsMDQwMDA1LDY2MGQwMDI4NDQ5Y2UyNDYsMyw3RjAwNzUwMjNBMDAwMDUz
MzIzMDMxMzIzMDM1MzIzNTMwMzMzNDMwMzAzMDU1NUIwMDMxMzIzMDM1MzIz
NTMwMzMzNDMwMkM1NDQxNDIzMDMwMzAzMDMwMkMyRDMwMzUzMTJFMzEyQzJD
MzEzMjJFMzQzMjJDMzQyRTMwMkMzMzM2MzAzMDJDMzYzMDJDMzYzMDJDMzEy
QzMwMzAzNTM3MzAyQzMzMkUzNDMyMkMzMTJFMzIzNjJDMzEzNTM3MkMzMDJD
MzAyRTMxMzczMjJDMkIzMDMwMkUzMDBEMEFFRDEwQ0YzMjgxM0Q3RjAwNjcw
MjNBMDAwMDU3MzIzMDMxMzIzMDM1MzIzNTMwMzMzNDMwMzAzMEZGNEQwMDAw
ODBGQjQ0MDA0MDAzNDQwMEQwMDQ0NzAwMDBGQTQyQ0RBRDVBM0ZERTg2Q0M0
MDAzNDhGRTNGQ0VBRUE4M0Y4RUVGMDA0MUVBNUVEMDNGODQxRTAzNDFFOUI4
Qzg0MDU2NTUwNTQxQ0NCNDA5NDEzOEE1QjAzRjY4NDQ1RjQzMERGQTRFNDI2
NEY3QUIzQkE4MUZFRUQ3RTg4NDdGMDJBMjAyM0EwMDAwNEI1NjQ4MjAzNzMy
MzAzMTMyMzAzNTMyMzUzMDMzMzQzMDMwMzAzNDAwMDAwMDBBRDdBMzNEMEFE
N0EzM0I2QzQ0NUY0MzA2RkE0RTQyNkE2RTdFNDMxRDcyODI0MjBCNzE4MDQz
RDM5Mjg2NDJCQzVGN0U0M0M3RDI2QjQyOERGNjg2NDNEMzBDNTE0MkNBMUY4
QjQzQTIyQzQ2NDI4NjREODM0M0E2NUU0QjQyOEE2Mjc1NDNFOEEwMzQ0Mjgz
QzE3NzQzQUJDOTI2NDJGNDI2N0E0M0FBOTkyQTQyNDg5QjZDNDM0MkMwMzY0
MkM4MEQ1RTQzQzFBQTNBNDJDN0QyNjM0MzkxM0UzOTQyQkE1NTYzNDMwQTAz
MzU0MjMxRUM1OTQzNTk0NzNFNDJENUE4NTg0M0E3MTg0RjQyNkUwOTUxNDNG
NzlDNTY0MjkyQzQzODQzQzRENjVFNDI5NDgzMjI0M0NCM0M2QzQyODA1RDIw
NDNGQTgzNzc0MjE1NkEyRDQzQTBDOTZFNDI1QjkzNDA0Mzg4NjU3RDQyMjZG
MDQ2NDNDRkUyNzQ0MkE3MDkzQjQzQkE2MTUyNDI0NjQ1MzI0M0IzN0Y1NjQy
ODNBMDI0NDMxM0ZBNTg0Mjg2ODgyMjQzQzI2MTNCNDIzNDk4MjY0M0VGMDA0
RjQyMTdDOTM5NDM1RjY2Nzg0Mjg3RjQzNDQzQkYyMjdDNDJFQzdGMEY0M0Mx
OTY3MzQyRjRDMkYyNDIyOTJDODU0MjNCRERDQzQyQzE4QjhBNDIwN0M1RDg0
MjFBODk3ODQyNzZCNEZGNDI1MjhGNjY0Mjk3RkIwMjQzNkE3QTcwNDIzOUE4
RDE0MjcyMkU4NjQyMTlCOTlDNDJCN0NDOEI0MjA3QTBEMjQyRTBDQjkwNDJF
NTY2RTE0MjJEMDQ4ODQyNjU5REFDNDIzN0Y0NzQ0MkM2M0I4RTQyOTg0QTgw
NDIzRjg0QTg0MjE3QjI4QTQyM0FBQ0MyNDI5ODFEODY0MkQ4QjJDRDQyRDhC
ODhBNDI5QUY1RDE0MjMwREU5NzQyNEM3NkUyNDJFMzFBOUI0MjBFODEwNjQz
RDJFMzk5NDJDMDc0QUQ0Mjc5NjI5NDQyREZBOTlDNDJGOTJEOEE0MjBGQjBE
QjQyQ0ZBQzg4NDI1NUEyMEU0Mzk0MTA4RDQyQUU4MDJFNDNCMjE2OTc0MjA5
QUE5RDNENDYyNzkzM0UxNTVDM0IzRjBBRkVBQTNGNUM5MUIzM0YyRDE4NTQz
RjBFRDFDODNGMzE3MENCM0Y2MUM5RTIzRjcwNjM5MTNGQjJGMUJDM0YzRDVB
OTEzRkI1RDU0QzNGM0E3MDJDM0Y1MjhBMjMzRjkyRkI1OTNGNjcyOTEzM0ZF
QTM0QjUzRTNBN0FBRDNFMkMxQTA4M0YxRjU3RjIzRTEwMTNDMjNFNEExN0U2
M0U3MjZEQzMzRTkxREJBMjNFNDEwMTkxM0UzQTY3OTAzRTgzOUQxMDNFQTVD
NzZFM0UwMUM3MjgzRUQyRTY4RTNENjg3QUVEM0QxMTgyNDczRUFGMzgwQTNF
ODdDNzU3M0U1Qjk4MTMzRTk3RTZFNTNEOQ==

--SBD.Boundary.605592468
PROCESS /noc/users/iridburst/exec/irid_300224010734970_upd.pl
Last Run  ----1970-01-01 00:00:00 
MONTH  5 
DATA  xxrecord 2012-05-25 04:00:05 :: $W5M5A,120525,040005,660d0028449ce246,1,DAS 2,4901.3130N,1620.9243W,7.9,97,9.9,14.6,13.0,93.2,11.9,13.0,93.7,12.0,1014.9,1.32,1.99,8.3,223,52*5F
 
INSERT
STATION sbdservice
IRID_ID 300224010734970
BODY 
Content-Type: application/x-zip-compressed; name="SBMmessage.sbd"
Content-Disposition: attachment; filename="300224010734970_003544.sbd"
Content-Transfer-Encoding: base64

JFc1TTVBLDEyMDUyNSwwNTAwMDUsNjYwZDAwMjg0NDljZTI0NiwxLERBUyAy
LDQ5MDEuMzMxOE4sMTYyMC45NDM0Vyw4LjQsOTYsMTEuMCwxNC42LDEyLjYs
OTQuNiwxMS44LDEyLjcsOTQuNywxMS45LDEwMTQuMywxLjQ2LDIuMyw5LjUs
MjMyLDQ3KjU3DQoNCiRXNU01QSwxMjA1MjUsMDUwMDA1LDY2MGQwMDI4NDQ5
Y2UyNDYsMixEQVMgMiwxMi44LDEzLjAsMC4yLDAuNCwwLjAxLDEyNDEsMTI1
MiwxNTYsNjI4LDAsMzIxLjIsMTYuMjMsOTI3KjY5DQoNCiRXNU01QSwxMjA1
MjUsMDUwMDA1LDY2MGQwMDI4NDQ5Y2UyNDYsMyw3RjAwNzUwMjNBMDAwMDUz
MzIzMDMxMzIzMDM1MzIzNTMwMzQzNDMwMzAzMDU1NUIwMDMxMzIzMDM1MzIz
NTMwMzQzNDMwMkM1NDQxNDIzMDMwMzAzMDMwMkMyRDMwMzUzMTJFMzEyQzJD
MzEzMjJFMzQzMTJDMzQyRTMwMkMzMzM2MzAzMDJDMzYzMDJDMzYzMDJDMzEy
QzMwMzAzNTM3MzAyQzMzMkUzNDMyMkMzMTJFMzIzNjJDMzEzNTM4MkMzMDJD
MzAyRTMxMzczMjJDMkIzMDMwMkUzMDBEMEFFRTEwMkI4OTk1REM3RjAwNjcw
MjNBMDAwMDU3MzIzMDMxMzIzMDM1MzIzNTMwMzQzNDMwMzAzMEZGNEQwMDAw
ODBGQjQ0MDA0MDAzNDQwMEUwMkI0NzAwMDBFQTQyM0ZBMjZFM0ZFRTA4REM0
MDczNTUxMzQwRkUyMkJCM0Y0QjBFMDc0MUE1MkVFMzNGMDRFMDA4NDE3RDQ5
RDg0MDg2NjExODQxRTNDQjE2NDFBOTlGQzEzRjY5ODI2NzQzQTQxNTNCNDJB
MDBBRDAzQjkzMUMzRkFGRUNFQzdGMDI4QTAyM0EwMDAwNEI1NjQ4MjAzNzMy
MzAzMTMyMzAzNTMyMzUzMDM0MzQzMDMwMzAzMjAwMDAwMDBBRDdBMzNEMEFE
N0EzM0I2RDgyNjc0M0EzMTUzQjQyOTk2NjkzNDM1MUE2OTM0MkM0RTM4QzQz
NTg2Nzk4NDIxMEY0ODk0MzNFMzI2RTQyNzAwRjg4NDMwMjE0MkY0MkZBQUY4
NTQzMkI4MTE1NDI4NjZGODI0M0ZDODUxODQyQzQ3ODdBNDM0NUE2MjM0MjlD
RkU2NzQzQTJEODFENDJDRjgxNUQ0MzgwOTYxRjQyRUQ2NTU5NDNFRTRBMkU0
MkU5MEM1QjQzN0I2QTM3NDIxN0EzNTg0M0FBNTk0MzQyQTY2QjUzNDNGMjVC
NTc0MkE3Nzg1NzQzRTYwNTcwNDI4ODFGNjY0MzdFRkQ4MDQyMThFNTY3NDM2
MjU0NzY0MjNCRDQ1ODQzRDQxMjYwNDIyQzVCNEI0MzZEODA1OTQyMDRDNTM1
NDNCRjEzNEI0MjIzRDUxRTQzRDcwNjQ0NDIwMDM0MEI0MzExNEE0QjQyMkZG
REZDNDJCN0IyNUI0Mjk3RDIwRDQzMTBENDZDNDIxNzdGMjI0MzVGQzk2MTQy
OEQ4MTI0NDM0NDZFNTk0Mjg2MkUyQTQzRDcxMjYwNDI5RTcxMjU0MzMwODg2
OTQyMzZFMjFGNDNBRDhBNjU0MjlFODMxNzQzRkVFMjY1NDJCRTlDMTA0M0RC
MzQ3MTQyNDI0MDA5NDMxRUJGODQ0MkI5MjIwQTQzQTI2NTdFNDJGRUM0MTM0
M0E0NTY1RTQyQkE0MzBDNDMwNUZDNUY0MjU3RDRFMjQyRTM0RTU2NDJDQzc4
RDI0MjFCN0Q1ODQyNDVEOUQ5NDIzMDU5NzE0MkNBOUVEQzQyNEE1NjZBNDJE
NjRBRDg0MkU3NzU3MzQyMDY2MEE4NDI2Qjk2N0Q0MjdEMDVBMDQyRDRFNTZG
NDJFMDQzQ0U0MkE4NDE3QzQyOEFBREQ2NDJFNTAxN0Y0MjE5MjNCQTQyRTU5
QTZFNDJBQUJBQUU0MjQ1MDY4NDQyRDA0N0YzNDIwRURCOTg0MkIyREIyMDQz
NUZDOTkyNDJBNUQ5RjU0MkEzM0Q4NjQyNTQ2NEU1NDIzMDE0ODk0Mjg4RTNG
MTQyQTNBRDkwNDI4RUIwNjgzRTc0MTQwMTNGNjI2OTA3M0ZDMkI2REQzRkVC
OUQzODQwQ0JCRjgzNDBBQUM3NEM0MEY2OEJDQTNGQzU1ODFDNDBFQ0EzQTMz
RkUyREEzMjNGNjQzNkY5M0VCMTA3RDgzRUI3N0Q5RTNFNDk4RkRDM0U4M0ZB
RjAzRUQ2MzEzQzNGRkQ2REI3M0VCQTk2QjAzRTMyMTQxQjNGOUMyQzAyM0Y1
QjdBNEMzRTY4QTgxOTNFNUNFQjc5M0VBNkE1OEEzRTZGMkE0MzNFMzI1OTRE
M0UxMUI1NzMzRTM4MThBNDNFNkE5MUQ2M0U2QTMzNjMzRTdENTkyRTNFQ0NC
RDFEM0U0Nzk3Q0QzRDlGNEZGMjNEMzhDOEI1M0Q2NTIxQUUzREE5OTE3MzNF
MTA2M0Q1M0Q5QUNGQzAzRDYzNUQ5MzNERA==

--SBD.Boundary.605592468
PROCESS /noc/users/iridburst/exec/irid_300224010734970_upd.pl
Last Run  ----1970-01-01 00:00:00 
MONTH  5 
DATA  xxrecord 2012-05-25 05:00:05 :: $W5M5A,120525,050005,660d0028449ce246,1,DAS 2,4901.3318N,1620.9434W,8.4,96,11.0,14.6,12.6,94.6,11.8,12.7,94.7,11.9,1014.3,1.46,2.3,9.5,232,47*57
 
INSERT
STATION sbdservice
IRID_ID 300224010734970
BODY 
Content-Type: application/x-zip-compressed; name="SBMmessage.sbd"
Content-Disposition: attachment; filename="300224010734970_003545.sbd"
Content-Transfer-Encoding: base64

JFc1TTVBLDEyMDUyNSwwNjAwMDUsNjYwZDAwMjg0NDljZTI0NiwxLERBUyAy
LDQ5MDEuMzU1N04sMTYyMC45NzI4Vyw5LjUsNjIsMTEuNywxNC42LDEyLjUs
OTYuMywxMi4wLDEyLjYsOTYuMiwxMi4wLDEwMTMuOSwxLjE4LDIuMjEsOS41
LDIyOSw1NSo2Nw0KDQokVzVNNUEsMTIwNTI1LDA2MDAwNSw2NjBkMDAyODQ0
OWNlMjQ2LDIsREFTIDIsMTIuOCwxMy4wLDAuMiwwLjUsMC4wMSwxMjQyLDEy
NTMsMTU2LDYyOCwwLDIzMS4zLDE2LjIzLDkyNCo2Qg0KDQokVzVNNUEsMTIw
NTI1LDA2MDAwNSw2NjBkMDAyODQ0OWNlMjQ2LDMsN0YwMDc1MDIzQTAwMDA1
MzMyMzAzMTMyMzAzNTMyMzUzMDM1MzQzMDMwMzA1NTVCMDAzMTMyMzAzNTMy
MzUzMDM1MzQzMDJDNTQ0MTQyMzAzMDMwMzAzMDJDMkQzMDM1MzEyRTMxMkMy
QzMxMzIyRTM0MzAyQzM0MkUzMDJDMzMzNjMwMzAyQzM2MzAyQzM2MzAyQzMx
MkMzMDMwMzUzNzMwMkMzMzJFMzQzMjJDMzEyRTMyMzYyQzMxMzUzOTJDMzAy
QzMwMkUzMTM3MzIyQzJCMzAzMDJFMzAwRDBBRUYxMDRBMjI3OUEzN0YwMDY3
MDIzQTAwMDA1NzMyMzAzMTMyMzAzNTMyMzUzMDM1MzQzMDMwMzBGRjREMDAw
MDgwRkI0NDAwNDAwMzQ0MDBGMDUyNDcwMDAwRkU0MkRCNDI0MjNGQzg5MkM5
NDBDMDk1MEQ0MEYwNEE5NzNGMDNBMkVFNDBDRjlDQkUzRkZBRjdGMjQwQ0U2
OUM3NDA4NjYxMTg0MUFCOEUxMTQxNTRBMDlGM0YxQTA5NjU0MzM1NEU1QTQy
RTk0OThCM0IyOTIwQjcxMzUzQkM3RjAyQTIwMjNBMDAwMDRCNTY0ODIwMzcz
MjMwMzEzMjMwMzUzMjM1MzAzNTM0MzAzMDMwMzQwMDAwMDA5OTk5OTkzRDBB
RDdBMzNCMUQwOTY1NDMzNTRFNUE0MjIxMzE4NDQzQjQ4MTlFNDJGRUJBQjM0
MzhCNTQ5NDQyQjc2RkE2NDNGNkM5ODg0MjJEQjM4OTQzQzhGNDc0NDI2NTgz
ODA0MzhFNkMzMDQyOEM2RDgzNDMxNDM0Mzg0MkEyMEE4OTQzOUJBMzQ2NDI4
Q0FFOEE0MzcwN0U1RTQyNjg1OTg0NDM4QUZEN0Q0MjEzQTQ3MzQzMUMzRjZD
NDI5RTFBNzM0MzU0RDg0RDQyMDAyMDc3NDNCREM2NDc0MjBBMDM2QzQzNDc3
RjNENDIwMjNENUU0MzQxRkEyODQyNEY3MjVBNDMyQzQ1MUU0MkVEQzY1QzQz
RkZCODE5NDJEM0NDNTQ0MzE2MkY0NDQyRDFEMTRCNDM0NjUyNjI0MkRGMDU0
NzQzQTRDOTZDNDI5MzVEMUQ0MzJEN0Q3ODQyRTEzQjEyNDNERkE1Njk0MkM2
RkMyMDQzQjhFODZGNDI4QTM2MzA0MzBDQzI3NTQyOTI3MzM2NDNBQTRBNjY0
MkFDQTMyQzQzMkJFRTYwNDJENEIwMTI0MzIwOUU1MTQyNDQxRUVBNDJGMjU5
NDg0MjkyMTZFMzQyNTkyRDUzNDJBQzI5RkU0MjRCM0I1QjQyQzRBN0UwNDI2
QTQ2NUM0MkM0MjdCRDQyODZGMDU3NDJGQjg3Q0I0MjQ2MzA2RDQyNzdDRUU5
NDI0OUIwN0M0MkNDRERFQzQyQURGNzgxNDI1OEQzRjQ0MjkzNEE4NTQyMDUx
M0U0NDI5RDVCODM0MjNBODlDMDQyNTRDMDczNDJGOEVEQzc0MjkxQUM3NDQy
MDZDQzA2NDM0N0JFN0M0MkE2OUExNzQzRDcyMjZGNDI5OUFFMDU0MzA2MDM3
NDQyMjkwODAxNDNBNDU2ODE0MkQ0NUIxOTQzNUU2NTg3NDIxMTIzMDc0M0E2
QzM4NDQyMjc0NUJCNDJCNDdDOTA0MjhBMkYxRjQyNkFEMDhBNDJGODY4MTc0
MkJDOTE4RDQyQTkyOTg4NDNBNTk5OUM0MkY3MjYxRjQyNTczNzlFNDI5QTIz
Nzk0MkI1RkI4RTQyQ0ZEQTk1NDJDRkM5OTI0MjczRkRFQjQyQjkwQzlGNDI1
NzJEQkQzRDlFNzI3NDNFMjM4Q0ExM0U2MUQ0RkYzRURGRTcxNjNGQ0Q1MTc0
M0YwMDk5REQzRjI4MzdEODNGNkI1NzcxM0YyMThGMzMzRkMwNEY4MjNGNjk1
QzhEM0Y5OUU2MjkzRkRGQjE0RjNGMkE3QkY3M0U0MjZCRDkzRUU1REZCRTNF
MTBGMkY2M0U2NzgyRUIzRThCODJFQzNFNTRDOTI2M0Y0MDMyMDEzRkI2NEM5
NjNFQjFFQkE0M0UwN0Y0ODEzRUFDNTk3MDNFREU2Njc3M0U1OEE5NjQzRUIz
NDM1NTNFOTdEQzFGM0UwQTg4MDEzRUJFRkJFNDNEQkQ4ODhFM0RCM0MwMjQz
RUU2OUU1RDNFREU4RTIxM0UxNEJBMTIzRQ==

--SBD.Boundary.605592468
PROCESS /noc/users/iridburst/exec/irid_300224010734970_upd.pl
Last Run  ----1970-01-01 00:00:00 
MONTH  5 
DATA  xxrecord 2012-05-25 06:00:05 :: $W5M5A,120525,060005,660d0028449ce246,1,DAS 2,4901.3557N,1620.9728W,9.5,62,11.7,14.6,12.5,96.3,12.0,12.6,96.2,12.0,1013.9,1.18,2.21,9.5,229,55*67
 
INSERT
STATION sbdservice
IRID_ID 300224010734970
BODY 
Content-Type: application/x-zip-compressed; name="SBMmessage.sbd"
Content-Disposition: attachment; filename="300224010734970_003546.sbd"
Content-Transfer-Encoding: base64

JFc1TTVBLDEyMDUyNSwwNzAwMDUsNjYwZDAwMjg0NDljZTI0NiwxLERBUyAy
LDQ5MDEuMzg4NE4sMTYyMS4wMTUzVyw4LjYsNjMsMTAuNCwxNC42LDEyLjks
OTMuOCwxMS45LDEyLjksOTQuMCwxMi4wLDEwMTQuMSwxLjMsMS45LDguMywy
MzMsNTEqNjUNCg0KJFc1TTVBLDEyMDUyNSwwNzAwMDUsNjYwZDAwMjg0NDlj
ZTI0NiwyLERBUyAyLDEzLjAsMTMuMSwwLjIsMC40LDAuMDEsMTI0MywxMjU0
LDE1Niw2MjgsMCwzMjcuOCwxNi4yMyw5MTkqNjYNCg0KJFc1TTVBLDEyMDUy
NSwwNzAwMDUsNjYwZDAwMjg0NDljZTI0NiwzLDdGMDA3NTAyM0EwMDAwNTMz
MjMwMzEzMjMwMzUzMjM1MzAzNjM0MzAzMDMwNTU1QjAwMzEzMjMwMzUzMjM1
MzAzNjM0MzAyQzU0NDE0MjMwMzAzMDMwMzAyQzJEMzAzNTMxMkUzMTJDMkMz
MTMyMkUzNDM3MkMzNDJFMzAyQzMzMzYzMDMwMkMzNjMwMkMzNjMwMkMzMTJD
MzAzMDM1MzczMDJDMzMyRTM0MzIyQzMxMkUzMjM2MkMzMTM2MzAyQzMwMkMz
MDJFMzEzNzMyMkMyQjMwMzAyRTMwMEQwQUVGMTA2NzFCMDcwMzdGMDA2NzAy
M0EwMDAwNTczMjMwMzEzMjMwMzUzMjM1MzAzNjM0MzAzMDMwRkY0RDAwMDA4
MEZCNDQwMDQwMDM0NDAwMDA3QTQ3MDAwMEVBNDJFQTlCNTkzRjQ5QzhEOTQw
MkE1N0YzM0Y5MDBFQTYzRjM1OTZGRTQwNTUwMkQyM0ZCNUNFRjM0MDdEMTBD
QzQwNTY1NTA1NDExNkY1MDc0MTZGNDZBQTNGOTc0QjY5NDMzODNBNEE0MkE3
Qzk5RTNCNzMxRDk2Mjg1MTRBN0YwMkEyMDIzQTAwMDA0QjU2NDgyMDM3MzIz
MDMxMzIzMDM1MzIzNTMwMzYzNDMwMzAzMDM0MDAwMDAwMEFEN0EzM0QwQUQ3
QTMzQjlDNEI2OTQzMzIzQTRBNDI1QjhGNEI0MzUwMEU5MDQyQ0QxMThDNDFD
NTc0OUE0MjEyQUE4RTQzOTE1NTkxNDIzNzE2N0I0MzYyN0I2NzQyMDZBRDgz
NDM3NjJBNUY0MjkwRTM4QjQzNTZEMjU0NDJDQjAyOEE0MzdCQjIzRTQyQzk2
NTgzNDNGQTdEMjg0MkVCRDY4MDQzOTg4NzI3NDI1OUZEN0E0MzFFNTkyQzQy
QjE0MDZENDM0MjczMjg0Mjk2MjY2QTQzQ0M2RTNDNDI0MkUzNjk0MzJFQjM1
MDQyQkNCNjY2NDNCRjBBNUE0MjhDRjY2NTQzNUI4QTRCNDI3RUJENUI0MzBD
MzkzOTQyQ0IxMTU3NDM2NzFDNUE0MjhDNEQ0QjQzRjg4ODhDNDI4QTAxMTI0
M0I2QTA3NjQyNkY3MjE0NDM1RUY3NEI0MjU3NjExRjQzQkQwOTNGNDIxNUUz
MjA0MzM2NzYzQjQyMzBGNjFCNDNFQThFNDc0MjYyRTgxRDQzNDc4RDU5NDJD
Qzk3MjE0MzZFMTU0OTQyREJGMTE3NDNDQkRGNUQ0MkJFOUFFRTQyRjA5Qjc5
NDIzRTVBRDE0MkVBREY1RTQyMTFEQkU1NDJCNjAwNUM0MjdGMzZFMjQyMDNC
RTZBNDIxNzYzQ0I0MkVERDg2RjQyNzQyRkVFNDJBNzJEN0E0MkNDMTcwQzQz
M0Q1RDcyNDI4OUYzMEQ0M0NDNEI3NTQyNDZDNTAxNDNGQkEyNkY0MjVENDBG
ODQyRENBQTU3NDIwQzkxRUY0MjQ1OTU1MzQyQ0ZGNzAzNDMyNzNDNzk0MkEz
RDIwQzQzMkE5RDdGNDI1MDVGRjQ0MkE2MUY3RTQyM0ZBMkNDNDI3MUI5ODI0
Mjc3MDNFQTQyMUY1RDdGNDIzMjA5RUQ0MjM2MTg3QzQyRkFCOUVGNDJBRDMw
OEI0MkQxNDBEQTQyNjgxNjg5NDJGM0EwRTg0MjM4Mzg4QTQyODZCMzIxNDM1
Q0Y0ODg0MjFERkUzMDQzOUFDRjc0NDI5NTU5Mjc0MzE1MTM2NzQyQzQ3MDA0
NDM4RTcxN0Y0MjVGM0JFRDQyNzBFMzhBNDJGNDEyMEY0MzEzOTk5NjQyM0M0
RjFEM0U0RkNDQTAzRURERUUwODNGMTE3RTI2M0Y1NjIyOTAzRjA1RDA0ODNG
QUM3M0U2M0Y2OUVBMUE0MEU2RTUyNzQwOEI0RENFM0ZFQTEyNTUzRjU4MUEx
NjNGMkJBM0Q0M0VGNjcyQzIzRTEwRUNFNDNFQ0NBQzA5M0ZCM0UxRUUzRTYx
QjI5MjNFOTg4MEMxM0UwNTE1MDczRjhBODEyNzNGRTIzNDQ4M0ZEMDY1Q0Ez
RTAzREE4MzNFREMwNjRGM0UxQTk3MEMzRTEzMThBNzNEQUJENzA1M0U5NkYx
NDUzRTE2RjVGMzNEMDIyNUZGM0QxMDgwRjkzREQzRjdGQTNEN0I5OENCM0Q4
ODk4MzQzRTcxQkM0NDNFQkFBRkZBM0RGMA==

--SBD.Boundary.605592468
PROCESS /noc/users/iridburst/exec/irid_300224010734970_upd.pl
Last Run  ----1970-01-01 00:00:00 
MONTH  5 
DATA  xxrecord 2012-05-25 07:00:05 :: $W5M5A,120525,070005,660d0028449ce246,1,DAS 2,4901.3884N,1621.0153W,8.6,63,10.4,14.6,12.9,93.8,11.9,12.9,94.0,12.0,1014.1,1.3,1.9,8.3,233,51*65
 
INSERT
STATION sbdservice
IRID_ID 300224010734970
BODY --

From sbdservice@sbd.iridium.com Fri May 25 09:02:13 2012
Return-Path: <sbdservice@sbd.iridium.com>
Received: from istbsp01.sbd.iridium.com (outbound.sbd.iridium.com [12.47.179.11])
	by mercury.noc.soton.ac.uk (8.13.1/8.12.11) with ESMTP id q4P828OM020850
	for <iridburst@noc.soton.ac.uk>; Fri, 25 May 2012 09:02:09 +0100
Reply-To: <sbdservice@sbd.iridium.com>
From: sbdservice@sbd.iridium.com
To: iridburst@noc.soton.ac.uk
Subject: SBD Msg From Unit: 300224010734970
MIME-Version: 1.0
Content-Type: multipart/mixed;boundary="SBD.Boundary.605592468"
Message-Id: <19740412024625.760E4FFBB32C80C7@istbsp01.sbd.iridium.com>
Date: Fri, 25 May 2012 08:02:08 +0000 (GMT)
X-NOCS-MailScanner-Information: Please contact the ISP for more information
X-NOCS-MailScanner-ID: q4P828OM020850
X-NOCS-MailScanner: Found to be clean
X-NOCS-MailScanner-SpamCheck: not spam (whitelisted),
	SpamAssassin (not cached, score=-6.599, required 5,
	autolearn=not spam, BAYES_00 -2.60, RCVD_IN_DNSWL_MED -4.00)
X-NOCS-MailScanner-From: sbdservice@sbd.iridium.com
X-Spam-Status: No

SBM Message
--SBD.Boundary.605592468
PROCESS /noc/users/iridburst/exec/irid_300224010734970_upd.pl
Last Run  ----1970-01-01 00:00:00 
MONTH  5 
DATA  xxrecord 2012-05-25 07:00:05 :: $W5M5A,120525,070005,660d0028449ce246,1,DAS 2,4901.3884N,1621.0153W,8.6,63,10.4,14.6,12.9,93.8,11.9,12.9,94.0,12.0,1014.1,1.3,1.9,8.3,233,51*65
 
STATION sbdservice
IRID_ID 300224010734970
BODY --

From sbdservice@sbd.iridium.com Fri May 25 10:01:00 2012
Return-Path: <sbdservice@sbd.iridium.com>
Received: from istbsp02.sbd.iridium.com (outbound.sbd.iridium.com [12.47.179.11])
	by mercury.noc.soton.ac.uk (8.13.1/8.12.11) with ESMTP id q4P90qvE029366
	for <iridburst@noc.soton.ac.uk>; Fri, 25 May 2012 10:00:52 +0100
Reply-To: <sbdservice@sbd.iridium.com>
From: sbdservice@sbd.iridium.com
To: iridburst@noc.soton.ac.uk
Subject: SBD Msg From Unit: 300224010734970
MIME-Version: 1.0
Content-Type: multipart/mixed;boundary="SBD.Boundary.605592468"
Message-Id: <19740412024625.B8455EDB7F71188D@istbsp02.sbd.iridium.com>
Date: Fri, 25 May 2012 09:00:52 +0000 (GMT)
X-NOCS-MailScanner-Information: Please contact the ISP for more information
X-NOCS-MailScanner-ID: q4P90qvE029366
X-NOCS-MailScanner: Found to be clean
X-NOCS-MailScanner-SpamCheck: not spam (whitelisted),
	SpamAssassin (not cached, score=-6.599, required 5,
	autolearn=not spam, BAYES_00 -2.60, RCVD_IN_DNSWL_MED -4.00)
X-NOCS-MailScanner-From: sbdservice@sbd.iridium.com
X-Spam-Status: No

SBM Message
--SBD.Boundary.605592468
PROCESS /noc/users/iridburst/exec/irid_300224010734970_upd.pl
Last Run  ----1970-01-01 00:00:00 
MONTH  5 
DATA  xxrecord 2012-05-25 07:00:05 :: $W5M5A,120525,070005,660d0028449ce246,1,DAS 2,4901.3884N,1621.0153W,8.6,63,10.4,14.6,12.9,93.8,11.9,12.9,94.0,12.0,1014.1,1.3,1.9,8.3,233,51*65
 
STATION sbdservice
IRID_ID 300224010734970
BODY --

From sbdservice@sbd.iridium.com Fri May 25 11:00:56 2012
Return-Path: <sbdservice@sbd.iridium.com>
Received: from istbsp02.sbd.iridium.com (outbound.sbd.iridium.com [12.47.179.11])
	by mercury.noc.soton.ac.uk (8.13.1/8.12.11) with ESMTP id q4PA0pFL007304
	for <iridburst@noc.soton.ac.uk>; Fri, 25 May 2012 11:00:52 +0100
Reply-To: <sbdservice@sbd.iridium.com>
From: sbdservice@sbd.iridium.com
To: iridburst@noc.soton.ac.uk
Subject: SBD Msg From Unit: 300224010734970
MIME-Version: 1.0
Content-Type: multipart/mixed;boundary="SBD.Boundary.605592468"
Message-Id: <19740412024625.ABC16EC87740FC7D@istbsp02.sbd.iridium.com>
Date: Fri, 25 May 2012 10:00:51 +0000 (GMT)
X-NOCS-MailScanner-Information: Please contact the ISP for more information
X-NOCS-MailScanner-ID: q4PA0pFL007304
X-NOCS-MailScanner: Found to be clean
X-NOCS-MailScanner-SpamCheck: not spam (whitelisted),
	SpamAssassin (not cached, score=-6.599, required 5,
	autolearn=not spam, BAYES_00 -2.60, RCVD_IN_DNSWL_MED -4.00)
X-NOCS-MailScanner-From: sbdservice@sbd.iridium.com
X-Spam-Status: No

SBM Message
--SBD.Boundary.605592468
PROCESS /noc/users/iridburst/exec/irid_300224010734970_upd.pl
Last Run  ----1970-01-01 00:00:00 
MONTH  5 
DATA  xxrecord 2012-05-25 07:00:05 :: $W5M5A,120525,070005,660d0028449ce246,1,DAS 2,4901.3884N,1621.0153W,8.6,63,10.4,14.6,12.9,93.8,11.9,12.9,94.0,12.0,1014.1,1.3,1.9,8.3,233,51*65
 
STATION sbdservice
IRID_ID 300224010734970
BODY --

From sbdservice@sbd.iridium.com Fri May 25 12:01:01 2012
Return-Path: <sbdservice@sbd.iridium.com>
Received: from istbsp02.sbd.iridium.com (outbound.sbd.iridium.com [12.47.179.11])
	by mercury.noc.soton.ac.uk (8.13.1/8.12.11) with ESMTP id q4PB0tIe017071
	for <iridburst@noc.soton.ac.uk>; Fri, 25 May 2012 12:00:56 +0100
Reply-To: <sbdservice@sbd.iridium.com>
From: sbdservice@sbd.iridium.com
To: iridburst@noc.soton.ac.uk
Subject: SBD Msg From Unit: 300224010734970
MIME-Version: 1.0
Content-Type: multipart/mixed;boundary="SBD.Boundary.605592468"
Message-Id: <19740412024625.40806CEB3B602904@istbsp02.sbd.iridium.com>
Date: Fri, 25 May 2012 11:00:54 +0000 (GMT)
X-NOCS-MailScanner-Information: Please contact the ISP for more information
X-NOCS-MailScanner-ID: q4PB0tIe017071
X-NOCS-MailScanner: Found to be clean
X-NOCS-MailScanner-SpamCheck: not spam (whitelisted),
	SpamAssassin (not cached, score=-6.599, required 5,
	autolearn=not spam, BAYES_00 -2.60, RCVD_IN_DNSWL_MED -4.00)
X-NOCS-MailScanner-From: sbdservice@sbd.iridium.com
X-Spam-Status: No

SBM Message
--SBD.Boundary.605592468
PROCESS /noc/users/iridburst/exec/irid_300224010734970_upd.pl
Last Run  ----1970-01-01 00:00:00 
MONTH  5 
DATA  xxrecord 2012-05-25 07:00:05 :: $W5M5A,120525,070005,660d0028449ce246,1,DAS 2,4901.3884N,1621.0153W,8.6,63,10.4,14.6,12.9,93.8,11.9,12.9,94.0,12.0,1014.1,1.3,1.9,8.3,233,51*65
 
STATION sbdservice
IRID_ID 300224010734970
BODY --

From sbdservice@sbd.iridium.com Fri May 25 13:00:51 2012
Return-Path: <sbdservice@sbd.iridium.com>
Received: from istbsp02.sbd.iridium.com (outbound.sbd.iridium.com [12.47.179.11])
	by mercury.noc.soton.ac.uk (8.13.1/8.12.11) with ESMTP id q4PC0lfD025892
	for <iridburst@noc.soton.ac.uk>; Fri, 25 May 2012 13:00:47 +0100
Reply-To: <sbdservice@sbd.iridium.com>
From: sbdservice@sbd.iridium.com
To: iridburst@noc.soton.ac.uk
Subject: SBD Msg From Unit: 300224010734970
MIME-Version: 1.0
Content-Type: multipart/mixed;boundary="SBD.Boundary.605592468"
Message-Id: <19740412024625.621D6FEB7340E85B@istbsp02.sbd.iridium.com>
Date: Fri, 25 May 2012 12:00:46 +0000 (GMT)
X-NOCS-MailScanner-Information: Please contact the ISP for more information
X-NOCS-MailScanner-ID: q4PC0lfD025892
X-NOCS-MailScanner: Found to be clean
X-NOCS-MailScanner-SpamCheck: not spam (whitelisted),
	SpamAssassin (not cached, score=-6.599, required 5,
	autolearn=not spam, BAYES_00 -2.60, RCVD_IN_DNSWL_MED -4.00)
X-NOCS-MailScanner-From: sbdservice@sbd.iridium.com
X-Spam-Status: No

SBM Message
--SBD.Boundary.605592468
PROCESS /noc/users/iridburst/exec/irid_300224010734970_upd.pl
Last Run  ----1970-01-01 00:00:00 
MONTH  5 
DATA  xxrecord 2012-05-25 07:00:05 :: $W5M5A,120525,070005,660d0028449ce246,1,DAS 2,4901.3884N,1621.0153W,8.6,63,10.4,14.6,12.9,93.8,11.9,12.9,94.0,12.0,1014.1,1.3,1.9,8.3,233,51*65
 
STATION sbdservice
IRID_ID 300224010734970
BODY --

From sbdservice@sbd.iridium.com Fri May 25 14:00:59 2012
Return-Path: <sbdservice@sbd.iridium.com>
Received: from istbsp02.sbd.iridium.com (outbound.sbd.iridium.com [12.47.179.11])
	by mercury.noc.soton.ac.uk (8.13.1/8.12.11) with ESMTP id q4PD0rdY001634
	for <iridburst@noc.soton.ac.uk>; Fri, 25 May 2012 14:00:54 +0100
Reply-To: <sbdservice@sbd.iridium.com>
From: sbdservice@sbd.iridium.com
To: iridburst@noc.soton.ac.uk
Subject: SBD Msg From Unit: 300224010734970
MIME-Version: 1.0
Content-Type: multipart/mixed;boundary="SBD.Boundary.605592468"
Message-Id: <19740412024625.69436FF9B341E72D@istbsp02.sbd.iridium.com>
Date: Fri, 25 May 2012 13:00:51 +0000 (GMT)
X-NOCS-MailScanner-Information: Please contact the ISP for more information
X-NOCS-MailScanner-ID: q4PD0rdY001634
X-NOCS-MailScanner: Found to be clean
X-NOCS-MailScanner-SpamCheck: not spam (whitelisted),
	SpamAssassin (not cached, score=-6.599, required 5,
	autolearn=not spam, BAYES_00 -2.60, RCVD_IN_DNSWL_MED -4.00)
X-NOCS-MailScanner-From: sbdservice@sbd.iridium.com
X-Spam-Status: No

SBM Message
--SBD.Boundary.605592468
PROCESS /noc/users/iridburst/exec/irid_300224010734970_upd.pl
Last Run  ----1970-01-01 00:00:00 
MONTH  5 
DATA  xxrecord 2012-05-25 07:00:05 :: $W5M5A,120525,070005,660d0028449ce246,1,DAS 2,4901.3884N,1621.0153W,8.6,63,10.4,14.6,12.9,93.8,11.9,12.9,94.0,12.0,1014.1,1.3,1.9,8.3,233,51*65
 
STATION sbdservice
IRID_ID 300224010734970
BODY --

From sbdservice@sbd.iridium.com Fri May 25 15:01:03 2012
Return-Path: <sbdservice@sbd.iridium.com>
Received: from istbsp02.sbd.iridium.com (outbound.sbd.iridium.com [12.47.179.11])
	by mercury.noc.soton.ac.uk (8.13.1/8.12.11) with ESMTP id q4PE0wXW012303
	for <iridburst@noc.soton.ac.uk>; Fri, 25 May 2012 15:00:59 +0100
Reply-To: <sbdservice@sbd.iridium.com>
From: sbdservice@sbd.iridium.com
To: iridburst@noc.soton.ac.uk
Subject: SBD Msg From Unit: 300224010734970
MIME-Version: 1.0
Content-Type: multipart/mixed;boundary="SBD.Boundary.605592468"
Message-Id: <19740412024625.52E54DEBFF61FB2C@istbsp02.sbd.iridium.com>
Date: Fri, 25 May 2012 14:00:54 +0000 (GMT)
X-NOCS-MailScanner-Information: Please contact the ISP for more information
X-NOCS-MailScanner-ID: q4PE0wXW012303
X-NOCS-MailScanner: Found to be clean
X-NOCS-MailScanner-SpamCheck: not spam (whitelisted),
	SpamAssassin (not cached, score=-6.599, required 5,
	autolearn=not spam, BAYES_00 -2.60, RCVD_IN_DNSWL_MED -4.00)
X-NOCS-MailScanner-From: sbdservice@sbd.iridium.com
X-Spam-Status: No

SBM Message
--SBD.Boundary.605592468
PROCESS /noc/users/iridburst/exec/irid_300224010734970_upd.pl
Last Run  ----1970-01-01 00:00:00 
MONTH  5 
DATA  xxrecord 2012-05-25 07:00:05 :: $W5M5A,120525,070005,660d0028449ce246,1,DAS 2,4901.3884N,1621.0153W,8.6,63,10.4,14.6,12.9,93.8,11.9,12.9,94.0,12.0,1014.1,1.3,1.9,8.3,233,51*65
 
STATION sbdservice
IRID_ID 300224010734970
BODY --

From sbdservice@sbd.iridium.com Fri May 25 16:00:54 2012
Return-Path: <sbdservice@sbd.iridium.com>
Received: from istbsp01.sbd.iridium.com (outbound.sbd.iridium.com [12.47.179.11])
	by mercury.noc.soton.ac.uk (8.13.1/8.12.11) with ESMTP id q4PF0nLf021535
	for <iridburst@noc.soton.ac.uk>; Fri, 25 May 2012 16:00:50 +0100
Reply-To: <sbdservice@sbd.iridium.com>
From: sbdservice@sbd.iridium.com
To: iridburst@noc.soton.ac.uk
Subject: SBD Msg From Unit: 300224010734970
MIME-Version: 1.0
Content-Type: multipart/mixed;boundary="SBD.Boundary.605592468"
Message-Id: <19740412024625.12B16DEB7B1D42AA@istbsp01.sbd.iridium.com>
Date: Fri, 25 May 2012 15:00:49 +0000 (GMT)
X-NOCS-MailScanner-Information: Please contact the ISP for more information
X-NOCS-MailScanner-ID: q4PF0nLf021535
X-NOCS-MailScanner: Found to be clean
X-NOCS-MailScanner-SpamCheck: not spam (whitelisted),
	SpamAssassin (not cached, score=-6.599, required 5,
	autolearn=not spam, BAYES_00 -2.60, RCVD_IN_DNSWL_MED -4.00)
X-NOCS-MailScanner-From: sbdservice@sbd.iridium.com
X-Spam-Status: No

SBM Message
--SBD.Boundary.605592468
PROCESS /noc/users/iridburst/exec/irid_300224010734970_upd.pl
Last Run  ----1970-01-01 00:00:00 
MONTH  5 
DATA  xxrecord 2012-05-25 07:00:05 :: $W5M5A,120525,070005,660d0028449ce246,1,DAS 2,4901.3884N,1621.0153W,8.6,63,10.4,14.6,12.9,93.8,11.9,12.9,94.0,12.0,1014.1,1.3,1.9,8.3,233,51*65
 
STATION sbdservice
IRID_ID 300224010734970
BODY --

From sbdservice@sbd.iridium.com Fri May 25 17:00:59 2012
Return-Path: <sbdservice@sbd.iridium.com>
Received: from istbsp01.sbd.iridium.com (outbound.sbd.iridium.com [12.47.179.11])
	by mercury.noc.soton.ac.uk (8.13.1/8.12.11) with ESMTP id q4PG0t1r029887
	for <iridburst@noc.soton.ac.uk>; Fri, 25 May 2012 17:00:55 +0100
Reply-To: <sbdservice@sbd.iridium.com>
From: sbdservice@sbd.iridium.com
To: iridburst@noc.soton.ac.uk
Subject: SBD Msg From Unit: 300224010734970
MIME-Version: 1.0
Content-Type: multipart/mixed;boundary="SBD.Boundary.605592468"
Message-Id: <19740412024625.C9925EE87F1F2C09@istbsp01.sbd.iridium.com>
Date: Fri, 25 May 2012 16:00:54 +0000 (GMT)
X-NOCS-MailScanner-Information: Please contact the ISP for more information
X-NOCS-MailScanner-ID: q4PG0t1r029887
X-NOCS-MailScanner: Found to be clean
X-NOCS-MailScanner-SpamCheck: not spam (whitelisted),
	SpamAssassin (not cached, score=-6.599, required 5,
	autolearn=not spam, BAYES_00 -2.60, RCVD_IN_DNSWL_MED -4.00)
X-NOCS-MailScanner-From: sbdservice@sbd.iridium.com
X-Spam-Status: No

SBM Message
--SBD.Boundary.605592468
PROCESS /noc/users/iridburst/exec/irid_300224010734970_upd.pl
Last Run  ----1970-01-01 00:00:00 
MONTH  5 
DATA  xxrecord 2012-05-25 07:00:05 :: $W5M5A,120525,070005,660d0028449ce246,1,DAS 2,4901.3884N,1621.0153W,8.6,63,10.4,14.6,12.9,93.8,11.9,12.9,94.0,12.0,1014.1,1.3,1.9,8.3,233,51*65
 
STATION sbdservice
IRID_ID 300224010734970
BODY --

From sbdservice@sbd.iridium.com Fri May 25 18:01:01 2012
Return-Path: <sbdservice@sbd.iridium.com>
Received: from istbsp01.sbd.iridium.com (outbound.sbd.iridium.com [12.47.179.11])
	by mercury.noc.soton.ac.uk (8.13.1/8.12.11) with ESMTP id q4PH0vhl005031
	for <iridburst@noc.soton.ac.uk>; Fri, 25 May 2012 18:00:57 +0100
Reply-To: <sbdservice@sbd.iridium.com>
From: sbdservice@sbd.iridium.com
To: iridburst@noc.soton.ac.uk
Subject: SBD Msg From Unit: 300224010734970
MIME-Version: 1.0
Content-Type: multipart/mixed;boundary="SBD.Boundary.605592468"
Message-Id: <19740412024625.BD384CDAB70D1FBA@istbsp01.sbd.iridium.com>
Date: Fri, 25 May 2012 17:00:56 +0000 (GMT)
X-NOCS-MailScanner-Information: Please contact the ISP for more information
X-NOCS-MailScanner-ID: q4PH0vhl005031
X-NOCS-MailScanner: Found to be clean
X-NOCS-MailScanner-SpamCheck: not spam (whitelisted),
	SpamAssassin (not cached, score=-6.599, required 5,
	autolearn=not spam, BAYES_00 -2.60, RCVD_IN_DNSWL_MED -4.00)
X-NOCS-MailScanner-From: sbdservice@sbd.iridium.com
X-Spam-Status: No

SBM Message
--SBD.Boundary.605592468
PROCESS /noc/users/iridburst/exec/irid_300224010734970_upd.pl
Last Run  ----1970-01-01 00:00:00 
MONTH  5 
DATA  xxrecord 2012-05-25 07:00:05 :: $W5M5A,120525,070005,660d0028449ce246,1,DAS 2,4901.3884N,1621.0153W,8.6,63,10.4,14.6,12.9,93.8,11.9,12.9,94.0,12.0,1014.1,1.3,1.9,8.3,233,51*65
 
STATION sbdservice
IRID_ID 300224010734970
BODY --

From sbdservice@sbd.iridium.com Fri May 25 19:00:56 2012
Return-Path: <sbdservice@sbd.iridium.com>
Received: from istbsp02.sbd.iridium.com (outbound.sbd.iridium.com [12.47.179.11])
	by mercury.noc.soton.ac.uk (8.13.1/8.12.11) with ESMTP id q4PI0qKS011384
	for <iridburst@noc.soton.ac.uk>; Fri, 25 May 2012 19:00:52 +0100
Reply-To: <sbdservice@sbd.iridium.com>
From: sbdservice@sbd.iridium.com
To: iridburst@noc.soton.ac.uk
Subject: SBD Msg From Unit: 300224010734970
MIME-Version: 1.0
Content-Type: multipart/mixed;boundary="SBD.Boundary.605592468"
Message-Id: <19740412024625.C5AB4CDA73723C0F@istbsp02.sbd.iridium.com>
Date: Fri, 25 May 2012 18:00:51 +0000 (GMT)
X-NOCS-MailScanner-Information: Please contact the ISP for more information
X-NOCS-MailScanner-ID: q4PI0qKS011384
X-NOCS-MailScanner: Found to be clean
X-NOCS-MailScanner-SpamCheck: not spam (whitelisted),
	SpamAssassin (not cached, score=-6.599, required 5,
	autolearn=not spam, BAYES_00 -2.60, RCVD_IN_DNSWL_MED -4.00)
X-NOCS-MailScanner-From: sbdservice@sbd.iridium.com
X-Spam-Status: No

SBM Message
--SBD.Boundary.605592468
PROCESS /noc/users/iridburst/exec/irid_300224010734970_upd.pl
Last Run  ----1970-01-01 00:00:00 
MONTH  5 
DATA  xxrecord 2012-05-25 07:00:05 :: $W5M5A,120525,070005,660d0028449ce246,1,DAS 2,4901.3884N,1621.0153W,8.6,63,10.4,14.6,12.9,93.8,11.9,12.9,94.0,12.0,1014.1,1.3,1.9,8.3,233,51*65
 
STATION sbdservice
IRID_ID 300224010734970
BODY --

From sbdservice@sbd.iridium.com Fri May 25 20:01:00 2012
Return-Path: <sbdservice@sbd.iridium.com>
Received: from istbsp01.sbd.iridium.com (outbound.sbd.iridium.com [12.47.179.11])
	by mercury.noc.soton.ac.uk (8.13.1/8.12.11) with ESMTP id q4PJ0tWl017161
	for <iridburst@noc.soton.ac.uk>; Fri, 25 May 2012 20:00:55 +0100
Reply-To: <sbdservice@sbd.iridium.com>
From: sbdservice@sbd.iridium.com
To: iridburst@noc.soton.ac.uk
Subject: SBD Msg From Unit: 300224010734970
MIME-Version: 1.0
Content-Type: multipart/mixed;boundary="SBD.Boundary.605592468"
Message-Id: <19740412024625.A9844FEBB70F36FC@istbsp01.sbd.iridium.com>
Date: Fri, 25 May 2012 19:00:53 +0000 (GMT)
X-NOCS-MailScanner-Information: Please contact the ISP for more information
X-NOCS-MailScanner-ID: q4PJ0tWl017161
X-NOCS-MailScanner: Found to be clean
X-NOCS-MailScanner-SpamCheck: not spam (whitelisted),
	SpamAssassin (not cached, score=-6.599, required 5,
	autolearn=not spam, BAYES_00 -2.60, RCVD_IN_DNSWL_MED -4.00)
X-NOCS-MailScanner-From: sbdservice@sbd.iridium.com
X-Spam-Status: No

SBM Message
--SBD.Boundary.605592468
PROCESS /noc/users/iridburst/exec/irid_300224010734970_upd.pl
Last Run  ----1970-01-01 00:00:00 
MONTH  5 
DATA  xxrecord 2012-05-25 07:00:05 :: $W5M5A,120525,070005,660d0028449ce246,1,DAS 2,4901.3884N,1621.0153W,8.6,63,10.4,14.6,12.9,93.8,11.9,12.9,94.0,12.0,1014.1,1.3,1.9,8.3,233,51*65
 
STATION sbdservice
IRID_ID 300224010734970
BODY --

From sbdservice@sbd.iridium.com Fri May 25 21:01:06 2012
Return-Path: <sbdservice@sbd.iridium.com>
Received: from istbsp02.sbd.iridium.com (outbound.sbd.iridium.com [12.47.179.11])
	by mercury.noc.soton.ac.uk (8.13.1/8.12.11) with ESMTP id q4PK12Me023038
	for <iridburst@noc.soton.ac.uk>; Fri, 25 May 2012 21:01:02 +0100
Reply-To: <sbdservice@sbd.iridium.com>
From: sbdservice@sbd.iridium.com
To: iridburst@noc.soton.ac.uk
Subject: SBD Msg From Unit: 300224010734970
MIME-Version: 1.0
Content-Type: multipart/mixed;boundary="SBD.Boundary.605592468"
Message-Id: <19740412024625.F3977DCAF342BF38@istbsp02.sbd.iridium.com>
Date: Fri, 25 May 2012 20:01:00 +0000 (GMT)
X-NOCS-MailScanner-Information: Please contact the ISP for more information
X-NOCS-MailScanner-ID: q4PK12Me023038
X-NOCS-MailScanner: Found to be clean
X-NOCS-MailScanner-SpamCheck: not spam (whitelisted),
	SpamAssassin (not cached, score=-6.599, required 5,
	autolearn=not spam, BAYES_00 -2.60, RCVD_IN_DNSWL_MED -4.00)
X-NOCS-MailScanner-From: sbdservice@sbd.iridium.com
X-Spam-Status: No

SBM Message
--SBD.Boundary.605592468
PROCESS /noc/users/iridburst/exec/irid_300224010734970_upd.pl
Last Run  ----1970-01-01 00:00:00 
MONTH  5 
DATA  xxrecord 2012-05-25 07:00:05 :: $W5M5A,120525,070005,660d0028449ce246,1,DAS 2,4901.3884N,1621.0153W,8.6,63,10.4,14.6,12.9,93.8,11.9,12.9,94.0,12.0,1014.1,1.3,1.9,8.3,233,51*65
 
STATION sbdservice
IRID_ID 300224010734970
BODY --

From sbdservice@sbd.iridium.com Fri May 25 22:01:02 2012
Return-Path: <sbdservice@sbd.iridium.com>
Received: from istbsp01.sbd.iridium.com (outbound.sbd.iridium.com [12.47.179.11])
	by mercury.noc.soton.ac.uk (8.13.1/8.12.11) with ESMTP id q4PL0uXL028190
	for <iridburst@noc.soton.ac.uk>; Fri, 25 May 2012 22:00:59 +0100
Reply-To: <sbdservice@sbd.iridium.com>
From: sbdservice@sbd.iridium.com
To: iridburst@noc.soton.ac.uk
Subject: SBD Msg From Unit: 300224010734970
MIME-Version: 1.0
Content-Type: multipart/mixed;boundary="SBD.Boundary.605592468"
Message-Id: <19740412024625.D0EF5EF9F71C9697@istbsp01.sbd.iridium.com>
Date: Fri, 25 May 2012 21:00:55 +0000 (GMT)
X-NOCS-MailScanner-Information: Please contact the ISP for more information
X-NOCS-MailScanner-ID: q4PL0uXL028190
X-NOCS-MailScanner: Found to be clean
X-NOCS-MailScanner-SpamCheck: not spam (whitelisted),
	SpamAssassin (not cached, score=-6.599, required 5,
	autolearn=not spam, BAYES_00 -2.60, RCVD_IN_DNSWL_MED -4.00)
X-NOCS-MailScanner-From: sbdservice@sbd.iridium.com
X-Spam-Status: No

SBM Message
--SBD.Boundary.605592468
PROCESS /noc/users/iridburst/exec/irid_300224010734970_upd.pl
Last Run  ----1970-01-01 00:00:00 
MONTH  5 
DATA  xxrecord 2012-05-25 07:00:05 :: $W5M5A,120525,070005,660d0028449ce246,1,DAS 2,4901.3884N,1621.0153W,8.6,63,10.4,14.6,12.9,93.8,11.9,12.9,94.0,12.0,1014.1,1.3,1.9,8.3,233,51*65
 
STATION sbdservice
IRID_ID 300224010734970
BODY --

From sbdservice@sbd.iridium.com Fri May 25 23:00:55 2012
Return-Path: <sbdservice@sbd.iridium.com>
Received: from istbsp02.sbd.iridium.com (outbound.sbd.iridium.com [12.47.179.11])
	by mercury.noc.soton.ac.uk (8.13.1/8.12.11) with ESMTP id q4PM0p0A000532
	for <iridburst@noc.soton.ac.uk>; Fri, 25 May 2012 23:00:51 +0100
Reply-To: <sbdservice@sbd.iridium.com>
From: sbdservice@sbd.iridium.com
To: iridburst@noc.soton.ac.uk
Subject: SBD Msg From Unit: 300224010734970
MIME-Version: 1.0
Content-Type: multipart/mixed;boundary="SBD.Boundary.605592468"
Message-Id: <19740412024625.8B695DCBB3612994@istbsp02.sbd.iridium.com>
Date: Fri, 25 May 2012 22:00:50 +0000 (GMT)
X-NOCS-MailScanner-Information: Please contact the ISP for more information
X-NOCS-MailScanner-ID: q4PM0p0A000532
X-NOCS-MailScanner: Found to be clean
X-NOCS-MailScanner-SpamCheck: not spam (whitelisted),
	SpamAssassin (not cached, score=-6.599, required 5,
	autolearn=not spam, BAYES_00 -2.60, RCVD_IN_DNSWL_MED -4.00)
X-NOCS-MailScanner-From: sbdservice@sbd.iridium.com
X-Spam-Status: No

SBM Message
--SBD.Boundary.605592468
PROCESS /noc/users/iridburst/exec/irid_300224010734970_upd.pl
Last Run  ----1970-01-01 00:00:00 
MONTH  5 
DATA  xxrecord 2012-05-25 07:00:05 :: $W5M5A,120525,070005,660d0028449ce246,1,DAS 2,4901.3884N,1621.0153W,8.6,63,10.4,14.6,12.9,93.8,11.9,12.9,94.0,12.0,1014.1,1.3,1.9,8.3,233,51*65
 
STATION sbdservice
IRID_ID 300224010734970
BODY --

From sbdservice@sbd.iridium.com Sat May 26 00:00:58 2012
Return-Path: <sbdservice@sbd.iridium.com>
Received: from istbsp02.sbd.iridium.com (outbound.sbd.iridium.com [12.47.179.11])
	by mercury.noc.soton.ac.uk (8.13.1/8.12.11) with ESMTP id q4PN0r9a005175
	for <iridburst@noc.soton.ac.uk>; Sat, 26 May 2012 00:00:54 +0100
Reply-To: <sbdservice@sbd.iridium.com>
From: sbdservice@sbd.iridium.com
To: iridburst@noc.soton.ac.uk
Subject: SBD Msg From Unit: 300224010734970
MIME-Version: 1.0
Content-Type: multipart/mixed;boundary="SBD.Boundary.605592468"
Message-Id: <19740412024625.2F5C4EF93762D5D1@istbsp02.sbd.iridium.com>
Date: Fri, 25 May 2012 23:00:52 +0000 (GMT)
X-NOCS-MailScanner-Information: Please contact the ISP for more information
X-NOCS-MailScanner-ID: q4PN0r9a005175
X-NOCS-MailScanner: Found to be clean
X-NOCS-MailScanner-SpamCheck: not spam (whitelisted),
	SpamAssassin (not cached, score=-6.599, required 5,
	autolearn=not spam, BAYES_00 -2.60, RCVD_IN_DNSWL_MED -4.00)
X-NOCS-MailScanner-From: sbdservice@sbd.iridium.com
X-Spam-Status: No

SBM Message
--SBD.Boundary.605592468
PROCESS /noc/users/iridburst/exec/irid_300224010734970_upd.pl
Last Run  ----1970-01-01 00:00:00 
MONTH  5 
DATA  xxrecord 2012-05-25 07:00:05 :: $W5M5A,120525,070005,660d0028449ce246,1,DAS 2,4901.3884N,1621.0153W,8.6,63,10.4,14.6,12.9,93.8,11.9,12.9,94.0,12.0,1014.1,1.3,1.9,8.3,233,51*65
 
STATION sbdservice
IRID_ID 300224010734970
BODY --

From sbdservice@sbd.iridium.com Sat May 26 01:00:51 2012
Return-Path: <sbdservice@sbd.iridium.com>
Received: from istbsp01.sbd.iridium.com (outbound.sbd.iridium.com [12.47.179.11])
	by mercury.noc.soton.ac.uk (8.13.1/8.12.11) with ESMTP id q4Q00kXf009960
	for <iridburst@noc.soton.ac.uk>; Sat, 26 May 2012 01:00:46 +0100
Reply-To: <sbdservice@sbd.iridium.com>
From: sbdservice@sbd.iridium.com
To: iridburst@noc.soton.ac.uk
Subject: SBD Msg From Unit: 300224010734970
MIME-Version: 1.0
Content-Type: multipart/mixed;boundary="SBD.Boundary.605592468"
Message-Id: <19740412024625.70506CEBBB3DD51A@istbsp01.sbd.iridium.com>
Date: Sat, 26 May 2012 00:00:46 +0000 (GMT)
X-NOCS-MailScanner-Information: Please contact the ISP for more information
X-NOCS-MailScanner-ID: q4Q00kXf009960
X-NOCS-MailScanner: Found to be clean
X-NOCS-MailScanner-SpamCheck: not spam (whitelisted),
	SpamAssassin (not cached, score=-6.599, required 5,
	autolearn=not spam, BAYES_00 -2.60, RCVD_IN_DNSWL_MED -4.00)
X-NOCS-MailScanner-From: sbdservice@sbd.iridium.com
X-Spam-Status: No

SBM Message
--SBD.Boundary.605592468
PROCESS /noc/users/iridburst/exec/irid_300224010734970_upd.pl
Last Run  ----1970-01-01 00:00:00 
MONTH  5 
DATA  xxrecord 2012-05-25 07:00:05 :: $W5M5A,120525,070005,660d0028449ce246,1,DAS 2,4901.3884N,1621.0153W,8.6,63,10.4,14.6,12.9,93.8,11.9,12.9,94.0,12.0,1014.1,1.3,1.9,8.3,233,51*65
 
STATION sbdservice
IRID_ID 300224010734970
BODY --

From sbdservice@sbd.iridium.com Sat May 26 02:01:02 2012
Return-Path: <sbdservice@sbd.iridium.com>
Received: from istbsp01.sbd.iridium.com (outbound.sbd.iridium.com [12.47.179.11])
	by mercury.noc.soton.ac.uk (8.13.1/8.12.11) with ESMTP id q4Q10t7w014912
	for <iridburst@noc.soton.ac.uk>; Sat, 26 May 2012 02:00:56 +0100
Reply-To: <sbdservice@sbd.iridium.com>
From: sbdservice@sbd.iridium.com
To: iridburst@noc.soton.ac.uk
Subject: SBD Msg From Unit: 300224010734970
MIME-Version: 1.0
Content-Type: multipart/mixed;boundary="SBD.Boundary.605592468"
Message-Id: <19740412024625.CBB56FDBBB3E14F6@istbsp01.sbd.iridium.com>
Date: Sat, 26 May 2012 01:00:55 +0000 (GMT)
X-NOCS-MailScanner-Information: Please contact the ISP for more information
X-NOCS-MailScanner-ID: q4Q10t7w014912
X-NOCS-MailScanner: Found to be clean
X-NOCS-MailScanner-SpamCheck: not spam (whitelisted),
	SpamAssassin (not cached, score=-6.599, required 5,
	autolearn=not spam, BAYES_00 -2.60, RCVD_IN_DNSWL_MED -4.00)
X-NOCS-MailScanner-From: sbdservice@sbd.iridium.com
X-Spam-Status: No

SBM Message
--SBD.Boundary.605592468
PROCESS /noc/users/iridburst/exec/irid_300224010734970_upd.pl
Last Run  ----1970-01-01 00:00:00 
MONTH  5 
DATA  xxrecord 2012-05-25 07:00:05 :: $W5M5A,120525,070005,660d0028449ce246,1,DAS 2,4901.3884N,1621.0153W,8.6,63,10.4,14.6,12.9,93.8,11.9,12.9,94.0,12.0,1014.1,1.3,1.9,8.3,233,51*65
 
STATION sbdservice
IRID_ID 300224010734970
BODY --

From sbdservice@sbd.iridium.com Sat May 26 03:00:56 2012
Return-Path: <sbdservice@sbd.iridium.com>
Received: from istbsp02.sbd.iridium.com (outbound.sbd.iridium.com [12.47.179.11])
	by mercury.noc.soton.ac.uk (8.13.1/8.12.11) with ESMTP id q4Q20prv019683
	for <iridburst@noc.soton.ac.uk>; Sat, 26 May 2012 03:00:52 +0100
Reply-To: <sbdservice@sbd.iridium.com>
From: sbdservice@sbd.iridium.com
To: iridburst@noc.soton.ac.uk
Subject: SBD Msg From Unit: 300224010734970
MIME-Version: 1.0
Content-Type: multipart/mixed;boundary="SBD.Boundary.605592468"
Message-Id: <19740412024625.168D5EC8FB73052F@istbsp02.sbd.iridium.com>
Date: Sat, 26 May 2012 02:00:50 +0000 (GMT)
X-NOCS-MailScanner-Information: Please contact the ISP for more information
X-NOCS-MailScanner-ID: q4Q20prv019683
X-NOCS-MailScanner: Found to be clean
X-NOCS-MailScanner-SpamCheck: not spam (whitelisted),
	SpamAssassin (not cached, score=-6.599, required 5,
	autolearn=not spam, BAYES_00 -2.60, RCVD_IN_DNSWL_MED -4.00)
X-NOCS-MailScanner-From: sbdservice@sbd.iridium.com
X-Spam-Status: No

SBM Message
--SBD.Boundary.605592468
PROCESS /noc/users/iridburst/exec/irid_300224010734970_upd.pl
Last Run  ----1970-01-01 00:00:00 
MONTH  5 
DATA  xxrecord 2012-05-25 07:00:05 :: $W5M5A,120525,070005,660d0028449ce246,1,DAS 2,4901.3884N,1621.0153W,8.6,63,10.4,14.6,12.9,93.8,11.9,12.9,94.0,12.0,1014.1,1.3,1.9,8.3,233,51*65
 
STATION sbdservice
IRID_ID 300224010734970
BODY --

From sbdservice@sbd.iridium.com Sat May 26 04:00:54 2012
Return-Path: <sbdservice@sbd.iridium.com>
Received: from istbsp02.sbd.iridium.com (outbound.sbd.iridium.com [12.47.179.11])
	by mercury.noc.soton.ac.uk (8.13.1/8.12.11) with ESMTP id q4Q30oXe024451
	for <iridburst@noc.soton.ac.uk>; Sat, 26 May 2012 04:00:50 +0100
Reply-To: <sbdservice@sbd.iridium.com>
From: sbdservice@sbd.iridium.com
To: iridburst@noc.soton.ac.uk
Subject: SBD Msg From Unit: 300224010734970
MIME-Version: 1.0
Content-Type: multipart/mixed;boundary="SBD.Boundary.605592468"
Message-Id: <19740412024625.CE7A7CCB7770372E@istbsp02.sbd.iridium.com>
Date: Sat, 26 May 2012 03:00:49 +0000 (GMT)
X-NOCS-MailScanner-Information: Please contact the ISP for more information
X-NOCS-MailScanner-ID: q4Q30oXe024451
X-NOCS-MailScanner: Found to be clean
X-NOCS-MailScanner-SpamCheck: not spam (whitelisted),
	SpamAssassin (not cached, score=-6.599, required 5,
	autolearn=not spam, BAYES_00 -2.60, RCVD_IN_DNSWL_MED -4.00)
X-NOCS-MailScanner-From: sbdservice@sbd.iridium.com
X-Spam-Status: No

SBM Message
--SBD.Boundary.605592468
PROCESS /noc/users/iridburst/exec/irid_300224010734970_upd.pl
Last Run  ----1970-01-01 00:00:00 
MONTH  5 
DATA  xxrecord 2012-05-25 07:00:05 :: $W5M5A,120525,070005,660d0028449ce246,1,DAS 2,4901.3884N,1621.0153W,8.6,63,10.4,14.6,12.9,93.8,11.9,12.9,94.0,12.0,1014.1,1.3,1.9,8.3,233,51*65
 
STATION sbdservice
IRID_ID 300224010734970
BODY --

From sbdservice@sbd.iridium.com Sat May 26 05:01:00 2012
Return-Path: <sbdservice@sbd.iridium.com>
Received: from istbsp02.sbd.iridium.com (outbound.sbd.iridium.com [12.47.179.11])
	by mercury.noc.soton.ac.uk (8.13.1/8.12.11) with ESMTP id q4Q40thG029605
	for <iridburst@noc.soton.ac.uk>; Sat, 26 May 2012 05:00:55 +0100
Reply-To: <sbdservice@sbd.iridium.com>
From: sbdservice@sbd.iridium.com
To: iridburst@noc.soton.ac.uk
Subject: SBD Msg From Unit: 300224010734970
MIME-Version: 1.0
Content-Type: multipart/mixed;boundary="SBD.Boundary.605592468"
Message-Id: <19740412024625.421E4DFB3F7134B1@istbsp02.sbd.iridium.com>
Date: Sat, 26 May 2012 04:00:54 +0000 (GMT)
X-NOCS-MailScanner-Information: Please contact the ISP for more information
X-NOCS-MailScanner-ID: q4Q40thG029605
X-NOCS-MailScanner: Found to be clean
X-NOCS-MailScanner-SpamCheck: not spam (whitelisted),
	SpamAssassin (not cached, score=-6.599, required 5,
	autolearn=not spam, BAYES_00 -2.60, RCVD_IN_DNSWL_MED -4.00)
X-NOCS-MailScanner-From: sbdservice@sbd.iridium.com
X-Spam-Status: No

SBM Message
--SBD.Boundary.605592468
PROCESS /noc/users/iridburst/exec/irid_300224010734970_upd.pl
Last Run  ----1970-01-01 00:00:00 
MONTH  5 
DATA  xxrecord 2012-05-25 07:00:05 :: $W5M5A,120525,070005,660d0028449ce246,1,DAS 2,4901.3884N,1621.0153W,8.6,63,10.4,14.6,12.9,93.8,11.9,12.9,94.0,12.0,1014.1,1.3,1.9,8.3,233,51*65
 
STATION sbdservice
IRID_ID 300224010734970
BODY --

From sbdservice@sbd.iridium.com Sat May 26 06:01:02 2012
Return-Path: <sbdservice@sbd.iridium.com>
Received: from istbsp01.sbd.iridium.com (outbound.sbd.iridium.com [12.47.179.11])
	by mercury.noc.soton.ac.uk (8.13.1/8.12.11) with ESMTP id q4Q50ubk001942
	for <iridburst@noc.soton.ac.uk>; Sat, 26 May 2012 06:00:56 +0100
Reply-To: <sbdservice@sbd.iridium.com>
From: sbdservice@sbd.iridium.com
To: iridburst@noc.soton.ac.uk
Subject: SBD Msg From Unit: 300224010734970
MIME-Version: 1.0
Content-Type: multipart/mixed;boundary="SBD.Boundary.605592468"
Message-Id: <19740412024625.884D5FFAF70EB21B@istbsp01.sbd.iridium.com>
Date: Sat, 26 May 2012 05:00:55 +0000 (GMT)
X-NOCS-MailScanner-Information: Please contact the ISP for more information
X-NOCS-MailScanner-ID: q4Q50ubk001942
X-NOCS-MailScanner: Found to be clean
X-NOCS-MailScanner-SpamCheck: not spam (whitelisted),
	SpamAssassin (not cached, score=-6.599, required 5,
	autolearn=not spam, BAYES_00 -2.60, RCVD_IN_DNSWL_MED -4.00)
X-NOCS-MailScanner-From: sbdservice@sbd.iridium.com
X-Spam-Status: No

SBM Message
--SBD.Boundary.605592468
PROCESS /noc/users/iridburst/exec/irid_300224010734970_upd.pl
Last Run  ----1970-01-01 00:00:00 
MONTH  5 
DATA  xxrecord 2012-05-25 07:00:05 :: $W5M5A,120525,070005,660d0028449ce246,1,DAS 2,4901.3884N,1621.0153W,8.6,63,10.4,14.6,12.9,93.8,11.9,12.9,94.0,12.0,1014.1,1.3,1.9,8.3,233,51*65
 
STATION sbdservice
IRID_ID 300224010734970
BODY --

From sbdservice@sbd.iridium.com Sat May 26 07:01:07 2012
Return-Path: <sbdservice@sbd.iridium.com>
Received: from istbsp02.sbd.iridium.com (outbound.sbd.iridium.com [12.47.179.11])
	by mercury.noc.soton.ac.uk (8.13.1/8.12.11) with ESMTP id q4Q612l8008937
	for <iridburst@noc.soton.ac.uk>; Sat, 26 May 2012 07:01:02 +0100
Reply-To: <sbdservice@sbd.iridium.com>
From: sbdservice@sbd.iridium.com
To: iridburst@noc.soton.ac.uk
Subject: SBD Msg From Unit: 300224010734970
MIME-Version: 1.0
Content-Type: multipart/mixed;boundary="SBD.Boundary.605592468"
Message-Id: <19740412024625.B27F7CCBFB6175BC@istbsp02.sbd.iridium.com>
Date: Sat, 26 May 2012 06:01:02 +0000 (GMT)
X-NOCS-MailScanner-Information: Please contact the ISP for more information
X-NOCS-MailScanner-ID: q4Q612l8008937
X-NOCS-MailScanner: Found to be clean
X-NOCS-MailScanner-SpamCheck: not spam (whitelisted),
	SpamAssassin (not cached, score=-6.599, required 5,
	autolearn=not spam, BAYES_00 -2.60, RCVD_IN_DNSWL_MED -4.00)
X-NOCS-MailScanner-From: sbdservice@sbd.iridium.com
X-Spam-Status: No

SBM Message
--SBD.Boundary.605592468
PROCESS /noc/users/iridburst/exec/irid_300224010734970_upd.pl
Last Run  ----1970-01-01 00:00:00 
MONTH  5 
DATA  xxrecord 2012-05-25 07:00:05 :: $W5M5A,120525,070005,660d0028449ce246,1,DAS 2,4901.3884N,1621.0153W,8.6,63,10.4,14.6,12.9,93.8,11.9,12.9,94.0,12.0,1014.1,1.3,1.9,8.3,233,51*65
 
STATION sbdservice
IRID_ID 300224010734970
BODY --

From sbdservice@sbd.iridium.com Sat May 26 08:00:59 2012
Return-Path: <sbdservice@sbd.iridium.com>
Received: from istbsp02.sbd.iridium.com (outbound.sbd.iridium.com [12.47.179.11])
	by mercury.noc.soton.ac.uk (8.13.1/8.12.11) with ESMTP id q4Q70t5T013468
	for <iridburst@noc.soton.ac.uk>; Sat, 26 May 2012 08:00:55 +0100
Reply-To: <sbdservice@sbd.iridium.com>
From: sbdservice@sbd.iridium.com
To: iridburst@noc.soton.ac.uk
Subject: SBD Msg From Unit: 300224010734970
MIME-Version: 1.0
Content-Type: multipart/mixed;boundary="SBD.Boundary.605592468"
Message-Id: <19740412024625.18064FEB3F404620@istbsp02.sbd.iridium.com>
Date: Sat, 26 May 2012 07:00:55 +0000 (GMT)
X-NOCS-MailScanner-Information: Please contact the ISP for more information
X-NOCS-MailScanner-ID: q4Q70t5T013468
X-NOCS-MailScanner: Found to be clean
X-NOCS-MailScanner-SpamCheck: not spam (whitelisted),
	SpamAssassin (not cached, score=-6.599, required 5,
	autolearn=not spam, BAYES_00 -2.60, RCVD_IN_DNSWL_MED -4.00)
X-NOCS-MailScanner-From: sbdservice@sbd.iridium.com
X-Spam-Status: No

SBM Message
--SBD.Boundary.605592468
PROCESS /noc/users/iridburst/exec/irid_300224010734970_upd.pl
Last Run  ----1970-01-01 00:00:00 
MONTH  5 
DATA  xxrecord 2012-05-25 07:00:05 :: $W5M5A,120525,070005,660d0028449ce246,1,DAS 2,4901.3884N,1621.0153W,8.6,63,10.4,14.6,12.9,93.8,11.9,12.9,94.0,12.0,1014.1,1.3,1.9,8.3,233,51*65
 
STATION sbdservice
IRID_ID 300224010734970
BODY --

From sbdservice@sbd.iridium.com Sat May 26 09:00:57 2012
Return-Path: <sbdservice@sbd.iridium.com>
Received: from istbsp01.sbd.iridium.com (outbound.sbd.iridium.com [12.47.179.11])
	by mercury.noc.soton.ac.uk (8.13.1/8.12.11) with ESMTP id q4Q80rXv018708
	for <iridburst@noc.soton.ac.uk>; Sat, 26 May 2012 09:00:54 +0100
Reply-To: <sbdservice@sbd.iridium.com>
From: sbdservice@sbd.iridium.com
To: iridburst@noc.soton.ac.uk
Subject: SBD Msg From Unit: 300224010734970
MIME-Version: 1.0
Content-Type: multipart/mixed;boundary="SBD.Boundary.605592468"
Message-Id: <19740412024625.D3BE7EE8730FCF66@istbsp01.sbd.iridium.com>
Date: Sat, 26 May 2012 08:00:53 +0000 (GMT)
X-NOCS-MailScanner-Information: Please contact the ISP for more information
X-NOCS-MailScanner-ID: q4Q80rXv018708
X-NOCS-MailScanner: Found to be clean
X-NOCS-MailScanner-SpamCheck: not spam (whitelisted),
	SpamAssassin (not cached, score=-6.599, required 5,
	autolearn=not spam, BAYES_00 -2.60, RCVD_IN_DNSWL_MED -4.00)
X-NOCS-MailScanner-From: sbdservice@sbd.iridium.com
X-Spam-Status: No

SBM Message
--SBD.Boundary.605592468
PROCESS /noc/users/iridburst/exec/irid_300224010734970_upd.pl
Last Run  ----1970-01-01 00:00:00 
MONTH  5 
DATA  xxrecord 2012-05-25 07:00:05 :: $W5M5A,120525,070005,660d0028449ce246,1,DAS 2,4901.3884N,1621.0153W,8.6,63,10.4,14.6,12.9,93.8,11.9,12.9,94.0,12.0,1014.1,1.3,1.9,8.3,233,51*65
 
STATION sbdservice
IRID_ID 300224010734970
BODY --

From sbdservice@sbd.iridium.com Sat May 26 10:00:57 2012
Return-Path: <sbdservice@sbd.iridium.com>
Received: from istbsp01.sbd.iridium.com (outbound.sbd.iridium.com [12.47.179.11])
	by mercury.noc.soton.ac.uk (8.13.1/8.12.11) with ESMTP id q4Q90nMx024512
	for <iridburst@noc.soton.ac.uk>; Sat, 26 May 2012 10:00:49 +0100
Reply-To: <sbdservice@sbd.iridium.com>
From: sbdservice@sbd.iridium.com
To: iridburst@noc.soton.ac.uk
Subject: SBD Msg From Unit: 300224010734970
MIME-Version: 1.0
Content-Type: multipart/mixed;boundary="SBD.Boundary.605592468"
Message-Id: <19740412024625.0FBF5FEBF71DE958@istbsp01.sbd.iridium.com>
Date: Sat, 26 May 2012 09:00:49 +0000 (GMT)
X-NOCS-MailScanner-Information: Please contact the ISP for more information
X-NOCS-MailScanner-ID: q4Q90nMx024512
X-NOCS-MailScanner: Found to be clean
X-NOCS-MailScanner-SpamCheck: not spam (whitelisted),
	SpamAssassin (not cached, score=-6.599, required 5,
	autolearn=not spam, BAYES_00 -2.60, RCVD_IN_DNSWL_MED -4.00)
X-NOCS-MailScanner-From: sbdservice@sbd.iridium.com
X-Spam-Status: No

SBM Message
--SBD.Boundary.605592468
PROCESS /noc/users/iridburst/exec/irid_300224010734970_upd.pl
Last Run  ----1970-01-01 00:00:00 
MONTH  5 
DATA  xxrecord 2012-05-25 07:00:05 :: $W5M5A,120525,070005,660d0028449ce246,1,DAS 2,4901.3884N,1621.0153W,8.6,63,10.4,14.6,12.9,93.8,11.9,12.9,94.0,12.0,1014.1,1.3,1.9,8.3,233,51*65
 
STATION sbdservice
IRID_ID 300224010734970
BODY --

From sbdservice@sbd.iridium.com Sat May 26 11:00:59 2012
Return-Path: <sbdservice@sbd.iridium.com>
Received: from istbsp02.sbd.iridium.com (outbound.sbd.iridium.com [12.47.179.11])
	by mercury.noc.soton.ac.uk (8.13.1/8.12.11) with ESMTP id q4QA0tGg030064
	for <iridburst@noc.soton.ac.uk>; Sat, 26 May 2012 11:00:56 +0100
Reply-To: <sbdservice@sbd.iridium.com>
From: sbdservice@sbd.iridium.com
To: iridburst@noc.soton.ac.uk
Subject: SBD Msg From Unit: 300224010734970
MIME-Version: 1.0
Content-Type: multipart/mixed;boundary="SBD.Boundary.605592468"
Message-Id: <19740412024625.3F344DD8F342A2BE@istbsp02.sbd.iridium.com>
Date: Sat, 26 May 2012 10:00:55 +0000 (GMT)
X-NOCS-MailScanner-Information: Please contact the ISP for more information
X-NOCS-MailScanner-ID: q4QA0tGg030064
X-NOCS-MailScanner: Found to be clean
X-NOCS-MailScanner-SpamCheck: not spam (whitelisted),
	SpamAssassin (not cached, score=-6.599, required 5,
	autolearn=not spam, BAYES_00 -2.60, RCVD_IN_DNSWL_MED -4.00)
X-NOCS-MailScanner-From: sbdservice@sbd.iridium.com
X-Spam-Status: No

SBM Message
--SBD.Boundary.605592468
PROCESS /noc/users/iridburst/exec/irid_300224010734970_upd.pl
Last Run  ----1970-01-01 00:00:00 
MONTH  5 
DATA  xxrecord 2012-05-25 07:00:05 :: $W5M5A,120525,070005,660d0028449ce246,1,DAS 2,4901.3884N,1621.0153W,8.6,63,10.4,14.6,12.9,93.8,11.9,12.9,94.0,12.0,1014.1,1.3,1.9,8.3,233,51*65
 
STATION sbdservice
IRID_ID 300224010734970
BODY --

From sbdservice@sbd.iridium.com Sat May 26 12:00:58 2012
Return-Path: <sbdservice@sbd.iridium.com>
Received: from istbsp01.sbd.iridium.com (outbound.sbd.iridium.com [12.47.179.11])
	by mercury.noc.soton.ac.uk (8.13.1/8.12.11) with ESMTP id q4QB0t1C003124
	for <iridburst@noc.soton.ac.uk>; Sat, 26 May 2012 12:00:55 +0100
Reply-To: <sbdservice@sbd.iridium.com>
From: sbdservice@sbd.iridium.com
To: iridburst@noc.soton.ac.uk
Subject: SBD Msg From Unit: 300224010734970
MIME-Version: 1.0
Content-Type: multipart/mixed;boundary="SBD.Boundary.605592468"
Message-Id: <19740412024625.91E55DF9B30E7B6F@istbsp01.sbd.iridium.com>
Date: Sat, 26 May 2012 11:00:54 +0000 (GMT)
X-NOCS-MailScanner-Information: Please contact the ISP for more information
X-NOCS-MailScanner-ID: q4QB0t1C003124
X-NOCS-MailScanner: Found to be clean
X-NOCS-MailScanner-SpamCheck: not spam (whitelisted),
	SpamAssassin (not cached, score=-6.599, required 5,
	autolearn=not spam, BAYES_00 -2.60, RCVD_IN_DNSWL_MED -4.00)
X-NOCS-MailScanner-From: sbdservice@sbd.iridium.com
X-Spam-Status: No

SBM Message
--SBD.Boundary.605592468
PROCESS /noc/users/iridburst/exec/irid_300224010734970_upd.pl
Last Run  ----1970-01-01 00:00:00 
MONTH  5 
DATA  xxrecord 2012-05-25 07:00:05 :: $W5M5A,120525,070005,660d0028449ce246,1,DAS 2,4901.3884N,1621.0153W,8.6,63,10.4,14.6,12.9,93.8,11.9,12.9,94.0,12.0,1014.1,1.3,1.9,8.3,233,51*65
 
STATION sbdservice
IRID_ID 300224010734970
BODY --

From sbdservice@sbd.iridium.com Sat May 26 13:01:01 2012
Return-Path: <sbdservice@sbd.iridium.com>
Received: from istbsp01.sbd.iridium.com (outbound.sbd.iridium.com [12.47.179.11])
	by mercury.noc.soton.ac.uk (8.13.1/8.12.11) with ESMTP id q4QC0tUp008870
	for <iridburst@noc.soton.ac.uk>; Sat, 26 May 2012 13:00:56 +0100
Reply-To: <sbdservice@sbd.iridium.com>
From: sbdservice@sbd.iridium.com
To: iridburst@noc.soton.ac.uk
Subject: SBD Msg From Unit: 300224010734970
MIME-Version: 1.0
Content-Type: multipart/mixed;boundary="SBD.Boundary.605592468"
Message-Id: <19740412024625.5C024DC87B2C4DC9@istbsp01.sbd.iridium.com>
Date: Sat, 26 May 2012 12:00:55 +0000 (GMT)
X-NOCS-MailScanner-Information: Please contact the ISP for more information
X-NOCS-MailScanner-ID: q4QC0tUp008870
X-NOCS-MailScanner: Found to be clean
X-NOCS-MailScanner-SpamCheck: not spam (whitelisted),
	SpamAssassin (not cached, score=-6.599, required 5,
	autolearn=not spam, BAYES_00 -2.60, RCVD_IN_DNSWL_MED -4.00)
X-NOCS-MailScanner-From: sbdservice@sbd.iridium.com
X-Spam-Status: No

SBM Message
--SBD.Boundary.605592468
PROCESS /noc/users/iridburst/exec/irid_300224010734970_upd.pl
Last Run  ----1970-01-01 00:00:00 
MONTH  5 
DATA  xxrecord 2012-05-25 07:00:05 :: $W5M5A,120525,070005,660d0028449ce246,1,DAS 2,4901.3884N,1621.0153W,8.6,63,10.4,14.6,12.9,93.8,11.9,12.9,94.0,12.0,1014.1,1.3,1.9,8.3,233,51*65
 
STATION sbdservice
IRID_ID 300224010734970
BODY --

From sbdservice@sbd.iridium.com Sat May 26 14:00:58 2012
Return-Path: <sbdservice@sbd.iridium.com>
Received: from istbsp02.sbd.iridium.com (outbound.sbd.iridium.com [12.47.179.11])
	by mercury.noc.soton.ac.uk (8.13.1/8.12.11) with ESMTP id q4QD0rE1013884
	for <iridburst@noc.soton.ac.uk>; Sat, 26 May 2012 14:00:53 +0100
Reply-To: <sbdservice@sbd.iridium.com>
From: sbdservice@sbd.iridium.com
To: iridburst@noc.soton.ac.uk
Subject: SBD Msg From Unit: 300224010734970
MIME-Version: 1.0
Content-Type: multipart/mixed;boundary="SBD.Boundary.605592468"
Message-Id: <19740412024625.F2636DD97770DD82@istbsp02.sbd.iridium.com>
Date: Sat, 26 May 2012 13:00:52 +0000 (GMT)
X-NOCS-MailScanner-Information: Please contact the ISP for more information
X-NOCS-MailScanner-ID: q4QD0rE1013884
X-NOCS-MailScanner: Found to be clean
X-NOCS-MailScanner-SpamCheck: not spam (whitelisted),
	SpamAssassin (not cached, score=-6.599, required 5,
	autolearn=not spam, BAYES_00 -2.60, RCVD_IN_DNSWL_MED -4.00)
X-NOCS-MailScanner-From: sbdservice@sbd.iridium.com
X-Spam-Status: No

SBM Message
--SBD.Boundary.605592468
PROCESS /noc/users/iridburst/exec/irid_300224010734970_upd.pl
Last Run  ----1970-01-01 00:00:00 
MONTH  5 
DATA  xxrecord 2012-05-25 07:00:05 :: $W5M5A,120525,070005,660d0028449ce246,1,DAS 2,4901.3884N,1621.0153W,8.6,63,10.4,14.6,12.9,93.8,11.9,12.9,94.0,12.0,1014.1,1.3,1.9,8.3,233,51*65
 
STATION sbdservice
IRID_ID 300224010734970
BODY --

From sbdservice@sbd.iridium.com Sat May 26 15:00:59 2012
Return-Path: <sbdservice@sbd.iridium.com>
Received: from istbsp01.sbd.iridium.com (outbound.sbd.iridium.com [12.47.179.11])
	by mercury.noc.soton.ac.uk (8.13.1/8.12.11) with ESMTP id q4QE0sbE019327
	for <iridburst@noc.soton.ac.uk>; Sat, 26 May 2012 15:00:55 +0100
Reply-To: <sbdservice@sbd.iridium.com>
From: sbdservice@sbd.iridium.com
To: iridburst@noc.soton.ac.uk
Subject: SBD Msg From Unit: 300224010734970
MIME-Version: 1.0
Content-Type: multipart/mixed;boundary="SBD.Boundary.605592468"
Message-Id: <19740412024625.B26F4DC97B0FD57D@istbsp01.sbd.iridium.com>
Date: Sat, 26 May 2012 14:00:53 +0000 (GMT)
X-NOCS-MailScanner-Information: Please contact the ISP for more information
X-NOCS-MailScanner-ID: q4QE0sbE019327
X-NOCS-MailScanner: Found to be clean
X-NOCS-MailScanner-SpamCheck: not spam (whitelisted),
	SpamAssassin (not cached, score=-6.599, required 5,
	autolearn=not spam, BAYES_00 -2.60, RCVD_IN_DNSWL_MED -4.00)
X-NOCS-MailScanner-From: sbdservice@sbd.iridium.com
X-Spam-Status: No

SBM Message
--SBD.Boundary.605592468
PROCESS /noc/users/iridburst/exec/irid_300224010734970_upd.pl
Last Run  ----1970-01-01 00:00:00 
MONTH  5 
DATA  xxrecord 2012-05-25 07:00:05 :: $W5M5A,120525,070005,660d0028449ce246,1,DAS 2,4901.3884N,1621.0153W,8.6,63,10.4,14.6,12.9,93.8,11.9,12.9,94.0,12.0,1014.1,1.3,1.9,8.3,233,51*65
 
STATION sbdservice
IRID_ID 300224010734970
BODY --

From sbdservice@sbd.iridium.com Sat May 26 16:00:58 2012
Return-Path: <sbdservice@sbd.iridium.com>
Received: from istbsp02.sbd.iridium.com (outbound.sbd.iridium.com [12.47.179.11])
	by mercury.noc.soton.ac.uk (8.13.1/8.12.11) with ESMTP id q4QF0qcx024247
	for <iridburst@noc.soton.ac.uk>; Sat, 26 May 2012 16:00:53 +0100
Reply-To: <sbdservice@sbd.iridium.com>
From: sbdservice@sbd.iridium.com
To: iridburst@noc.soton.ac.uk
Subject: SBD Msg From Unit: 300224010734970
MIME-Version: 1.0
Content-Type: multipart/mixed;boundary="SBD.Boundary.605592468"
Message-Id: <19740412024625.0D836EDB7742A736@istbsp02.sbd.iridium.com>
Date: Sat, 26 May 2012 15:00:50 +0000 (GMT)
X-NOCS-MailScanner-Information: Please contact the ISP for more information
X-NOCS-MailScanner-ID: q4QF0qcx024247
X-NOCS-MailScanner: Found to be clean
X-NOCS-MailScanner-SpamCheck: not spam (whitelisted),
	SpamAssassin (not cached, score=-6.599, required 5,
	autolearn=not spam, BAYES_00 -2.60, RCVD_IN_DNSWL_MED -4.00)
X-NOCS-MailScanner-From: sbdservice@sbd.iridium.com
X-Spam-Status: No

SBM Message
--SBD.Boundary.605592468
PROCESS /noc/users/iridburst/exec/irid_300224010734970_upd.pl
Last Run  ----1970-01-01 00:00:00 
MONTH  5 
DATA  xxrecord 2012-05-25 07:00:05 :: $W5M5A,120525,070005,660d0028449ce246,1,DAS 2,4901.3884N,1621.0153W,8.6,63,10.4,14.6,12.9,93.8,11.9,12.9,94.0,12.0,1014.1,1.3,1.9,8.3,233,51*65
 
STATION sbdservice
IRID_ID 300224010734970
BODY --

From sbdservice@sbd.iridium.com Sat May 26 17:00:57 2012
Return-Path: <sbdservice@sbd.iridium.com>
Received: from istbsp02.sbd.iridium.com (outbound.sbd.iridium.com [12.47.179.11])
	by mercury.noc.soton.ac.uk (8.13.1/8.12.11) with ESMTP id q4QG0rr4029269
	for <iridburst@noc.soton.ac.uk>; Sat, 26 May 2012 17:00:53 +0100
Reply-To: <sbdservice@sbd.iridium.com>
From: sbdservice@sbd.iridium.com
To: iridburst@noc.soton.ac.uk
Subject: SBD Msg From Unit: 300224010734970
MIME-Version: 1.0
Content-Type: multipart/mixed;boundary="SBD.Boundary.605592468"
Message-Id: <19740412024625.F4C07DD837527862@istbsp02.sbd.iridium.com>
Date: Sat, 26 May 2012 16:00:52 +0000 (GMT)
X-NOCS-MailScanner-Information: Please contact the ISP for more information
X-NOCS-MailScanner-ID: q4QG0rr4029269
X-NOCS-MailScanner: Found to be clean
X-NOCS-MailScanner-SpamCheck: not spam (whitelisted),
	SpamAssassin (not cached, score=-6.599, required 5,
	autolearn=not spam, BAYES_00 -2.60, RCVD_IN_DNSWL_MED -4.00)
X-NOCS-MailScanner-From: sbdservice@sbd.iridium.com
X-Spam-Status: No

SBM Message
--SBD.Boundary.605592468
PROCESS /noc/users/iridburst/exec/irid_300224010734970_upd.pl
Last Run  ----1970-01-01 00:00:00 
MONTH  5 
DATA  xxrecord 2012-05-25 07:00:05 :: $W5M5A,120525,070005,660d0028449ce246,1,DAS 2,4901.3884N,1621.0153W,8.6,63,10.4,14.6,12.9,93.8,11.9,12.9,94.0,12.0,1014.1,1.3,1.9,8.3,233,51*65
 
STATION sbdservice
IRID_ID 300224010734970
BODY --

From sbdservice@sbd.iridium.com Sat May 26 18:00:54 2012
Return-Path: <sbdservice@sbd.iridium.com>
Received: from istbsp02.sbd.iridium.com (outbound.sbd.iridium.com [12.47.179.11])
	by mercury.noc.soton.ac.uk (8.13.1/8.12.11) with ESMTP id q4QH0nDB002060
	for <iridburst@noc.soton.ac.uk>; Sat, 26 May 2012 18:00:50 +0100
Reply-To: <sbdservice@sbd.iridium.com>
From: sbdservice@sbd.iridium.com
To: iridburst@noc.soton.ac.uk
Subject: SBD Msg From Unit: 300224010734970
MIME-Version: 1.0
Content-Type: multipart/mixed;boundary="SBD.Boundary.605592468"
Message-Id: <19740412024625.A1287DC973507C21@istbsp02.sbd.iridium.com>
Date: Sat, 26 May 2012 17:00:49 +0000 (GMT)
X-NOCS-MailScanner-Information: Please contact the ISP for more information
X-NOCS-MailScanner-ID: q4QH0nDB002060
X-NOCS-MailScanner: Found to be clean
X-NOCS-MailScanner-SpamCheck: not spam (whitelisted),
	SpamAssassin (not cached, score=-6.599, required 5,
	autolearn=not spam, BAYES_00 -2.60, RCVD_IN_DNSWL_MED -4.00)
X-NOCS-MailScanner-From: sbdservice@sbd.iridium.com
X-Spam-Status: No

SBM Message
--SBD.Boundary.605592468
PROCESS /noc/users/iridburst/exec/irid_300224010734970_upd.pl
Last Run  ----1970-01-01 00:00:00 
MONTH  5 
DATA  xxrecord 2012-05-25 07:00:05 :: $W5M5A,120525,070005,660d0028449ce246,1,DAS 2,4901.3884N,1621.0153W,8.6,63,10.4,14.6,12.9,93.8,11.9,12.9,94.0,12.0,1014.1,1.3,1.9,8.3,233,51*65
 
STATION sbdservice
IRID_ID 300224010734970
BODY --

From sbdservice@sbd.iridium.com Sat May 26 19:00:53 2012
Return-Path: <sbdservice@sbd.iridium.com>
Received: from istbsp02.sbd.iridium.com (outbound.sbd.iridium.com [12.47.179.11])
	by mercury.noc.soton.ac.uk (8.13.1/8.12.11) with ESMTP id q4QI0mUp007106
	for <iridburst@noc.soton.ac.uk>; Sat, 26 May 2012 19:00:49 +0100
Reply-To: <sbdservice@sbd.iridium.com>
From: sbdservice@sbd.iridium.com
To: iridburst@noc.soton.ac.uk
Subject: SBD Msg From Unit: 300224010734970
MIME-Version: 1.0
Content-Type: multipart/mixed;boundary="SBD.Boundary.605592468"
Message-Id: <19740412024625.0B706FDA735383C0@istbsp02.sbd.iridium.com>
Date: Sat, 26 May 2012 18:00:48 +0000 (GMT)
X-NOCS-MailScanner-Information: Please contact the ISP for more information
X-NOCS-MailScanner-ID: q4QI0mUp007106
X-NOCS-MailScanner: Found to be clean
X-NOCS-MailScanner-SpamCheck: not spam (whitelisted),
	SpamAssassin (not cached, score=-6.599, required 5,
	autolearn=not spam, BAYES_00 -2.60, RCVD_IN_DNSWL_MED -4.00)
X-NOCS-MailScanner-From: sbdservice@sbd.iridium.com
X-Spam-Status: No

SBM Message
--SBD.Boundary.605592468
PROCESS /noc/users/iridburst/exec/irid_300224010734970_upd.pl
Last Run  ----1970-01-01 00:00:00 
MONTH  5 
DATA  xxrecord 2012-05-25 07:00:05 :: $W5M5A,120525,070005,660d0028449ce246,1,DAS 2,4901.3884N,1621.0153W,8.6,63,10.4,14.6,12.9,93.8,11.9,12.9,94.0,12.0,1014.1,1.3,1.9,8.3,233,51*65
 
STATION sbdservice
IRID_ID 300224010734970
BODY --

From sbdservice@sbd.iridium.com Sat May 26 20:00:56 2012
Return-Path: <sbdservice@sbd.iridium.com>
Received: from istbsp02.sbd.iridium.com (outbound.sbd.iridium.com [12.47.179.11])
	by mercury.noc.soton.ac.uk (8.13.1/8.12.11) with ESMTP id q4QJ0pta011624
	for <iridburst@noc.soton.ac.uk>; Sat, 26 May 2012 20:00:52 +0100
Reply-To: <sbdservice@sbd.iridium.com>
From: sbdservice@sbd.iridium.com
To: iridburst@noc.soton.ac.uk
Subject: SBD Msg From Unit: 300224010734970
MIME-Version: 1.0
Content-Type: multipart/mixed;boundary="SBD.Boundary.605592468"
Message-Id: <19740412024625.99EC4CC873510893@istbsp02.sbd.iridium.com>
Date: Sat, 26 May 2012 19:00:50 +0000 (GMT)
X-NOCS-MailScanner-Information: Please contact the ISP for more information
X-NOCS-MailScanner-ID: q4QJ0pta011624
X-NOCS-MailScanner: Found to be clean
X-NOCS-MailScanner-SpamCheck: not spam (whitelisted),
	SpamAssassin (not cached, score=-6.599, required 5,
	autolearn=not spam, BAYES_00 -2.60, RCVD_IN_DNSWL_MED -4.00)
X-NOCS-MailScanner-From: sbdservice@sbd.iridium.com
X-Spam-Status: No

SBM Message
--SBD.Boundary.605592468
PROCESS /noc/users/iridburst/exec/irid_300224010734970_upd.pl
Last Run  ----1970-01-01 00:00:00 
MONTH  5 
DATA  xxrecord 2012-05-25 07:00:05 :: $W5M5A,120525,070005,660d0028449ce246,1,DAS 2,4901.3884N,1621.0153W,8.6,63,10.4,14.6,12.9,93.8,11.9,12.9,94.0,12.0,1014.1,1.3,1.9,8.3,233,51*65
 
STATION sbdservice
IRID_ID 300224010734970
BODY --

From sbdservice@sbd.iridium.com Sat May 26 21:00:55 2012
Return-Path: <sbdservice@sbd.iridium.com>
Received: from istbsp02.sbd.iridium.com (outbound.sbd.iridium.com [12.47.179.11])
	by mercury.noc.soton.ac.uk (8.13.1/8.12.11) with ESMTP id q4QK0p7g016286
	for <iridburst@noc.soton.ac.uk>; Sat, 26 May 2012 21:00:52 +0100
Reply-To: <sbdservice@sbd.iridium.com>
From: sbdservice@sbd.iridium.com
To: iridburst@noc.soton.ac.uk
Subject: SBD Msg From Unit: 300224010734970
MIME-Version: 1.0
Content-Type: multipart/mixed;boundary="SBD.Boundary.605592468"
Message-Id: <19740412024625.A1CF6EC97B73E99D@istbsp02.sbd.iridium.com>
Date: Sat, 26 May 2012 20:00:51 +0000 (GMT)
X-NOCS-MailScanner-Information: Please contact the ISP for more information
X-NOCS-MailScanner-ID: q4QK0p7g016286
X-NOCS-MailScanner: Found to be clean
X-NOCS-MailScanner-SpamCheck: not spam (whitelisted),
	SpamAssassin (not cached, score=-6.599, required 5,
	autolearn=not spam, BAYES_00 -2.60, RCVD_IN_DNSWL_MED -4.00)
X-NOCS-MailScanner-From: sbdservice@sbd.iridium.com
X-Spam-Status: No

SBM Message
--SBD.Boundary.605592468
PROCESS /noc/users/iridburst/exec/irid_300224010734970_upd.pl
Last Run  ----1970-01-01 00:00:00 
MONTH  5 
DATA  xxrecord 2012-05-25 07:00:05 :: $W5M5A,120525,070005,660d0028449ce246,1,DAS 2,4901.3884N,1621.0153W,8.6,63,10.4,14.6,12.9,93.8,11.9,12.9,94.0,12.0,1014.1,1.3,1.9,8.3,233,51*65
 
STATION sbdservice
IRID_ID 300224010734970
BODY --

From sbdservice@sbd.iridium.com Sat May 26 22:00:55 2012
Return-Path: <sbdservice@sbd.iridium.com>
Received: from istbsp02.sbd.iridium.com (outbound.sbd.iridium.com [12.47.179.11])
	by mercury.noc.soton.ac.uk (8.13.1/8.12.11) with ESMTP id q4QL0o8w020623
	for <iridburst@noc.soton.ac.uk>; Sat, 26 May 2012 22:00:50 +0100
Reply-To: <sbdservice@sbd.iridium.com>
From: sbdservice@sbd.iridium.com
To: iridburst@noc.soton.ac.uk
Subject: SBD Msg From Unit: 300224010734970
MIME-Version: 1.0
Content-Type: multipart/mixed;boundary="SBD.Boundary.605592468"
Message-Id: <19740412024625.FED25EFB3360420B@istbsp02.sbd.iridium.com>
Date: Sat, 26 May 2012 21:00:50 +0000 (GMT)
X-NOCS-MailScanner-Information: Please contact the ISP for more information
X-NOCS-MailScanner-ID: q4QL0o8w020623
X-NOCS-MailScanner: Found to be clean
X-NOCS-MailScanner-SpamCheck: not spam (whitelisted),
	SpamAssassin (not cached, score=-6.599, required 5,
	autolearn=not spam, BAYES_00 -2.60, RCVD_IN_DNSWL_MED -4.00)
X-NOCS-MailScanner-From: sbdservice@sbd.iridium.com
X-Spam-Status: No

SBM Message
--SBD.Boundary.605592468
PROCESS /noc/users/iridburst/exec/irid_300224010734970_upd.pl
Last Run  ----1970-01-01 00:00:00 
MONTH  5 
DATA  xxrecord 2012-05-25 07:00:05 :: $W5M5A,120525,070005,660d0028449ce246,1,DAS 2,4901.3884N,1621.0153W,8.6,63,10.4,14.6,12.9,93.8,11.9,12.9,94.0,12.0,1014.1,1.3,1.9,8.3,233,51*65
 
STATION sbdservice
IRID_ID 300224010734970
BODY --

From sbdservice@sbd.iridium.com Sat May 26 23:00:59 2012
Return-Path: <sbdservice@sbd.iridium.com>
Received: from istbsp01.sbd.iridium.com (outbound.sbd.iridium.com [12.47.179.11])
	by mercury.noc.soton.ac.uk (8.13.1/8.12.11) with ESMTP id q4QM0tcR025440
	for <iridburst@noc.soton.ac.uk>; Sat, 26 May 2012 23:00:55 +0100
Reply-To: <sbdservice@sbd.iridium.com>
From: sbdservice@sbd.iridium.com
To: iridburst@noc.soton.ac.uk
Subject: SBD Msg From Unit: 300224010734970
MIME-Version: 1.0
Content-Type: multipart/mixed;boundary="SBD.Boundary.605592468"
Message-Id: <19740412024625.25397FEA7F0EE1B7@istbsp01.sbd.iridium.com>
Date: Sat, 26 May 2012 22:00:52 +0000 (GMT)
X-NOCS-MailScanner-Information: Please contact the ISP for more information
X-NOCS-MailScanner-ID: q4QM0tcR025440
X-NOCS-MailScanner: Found to be clean
X-NOCS-MailScanner-SpamCheck: not spam (whitelisted),
	SpamAssassin (not cached, score=-6.599, required 5,
	autolearn=not spam, BAYES_00 -2.60, RCVD_IN_DNSWL_MED -4.00)
X-NOCS-MailScanner-From: sbdservice@sbd.iridium.com
X-Spam-Status: No

SBM Message
--SBD.Boundary.605592468
PROCESS /noc/users/iridburst/exec/irid_300224010734970_upd.pl
Last Run  ----1970-01-01 00:00:00 
MONTH  5 
DATA  xxrecord 2012-05-25 07:00:05 :: $W5M5A,120525,070005,660d0028449ce246,1,DAS 2,4901.3884N,1621.0153W,8.6,63,10.4,14.6,12.9,93.8,11.9,12.9,94.0,12.0,1014.1,1.3,1.9,8.3,233,51*65
 
STATION sbdservice
IRID_ID 300224010734970
BODY --

From sbdservice@sbd.iridium.com Sun May 27 00:01:19 2012
Return-Path: <sbdservice@sbd.iridium.com>
Received: from istbsp01.sbd.iridium.com (outbound.sbd.iridium.com [12.47.179.11])
	by mercury.noc.soton.ac.uk (8.13.1/8.12.11) with ESMTP id q4QN1EbU030171
	for <iridburst@noc.soton.ac.uk>; Sun, 27 May 2012 00:01:15 +0100
Reply-To: <sbdservice@sbd.iridium.com>
From: sbdservice@sbd.iridium.com
To: iridburst@noc.soton.ac.uk
Subject: SBD Msg From Unit: 300224010734970
MIME-Version: 1.0
Content-Type: multipart/mixed;boundary="SBD.Boundary.605592468"
Message-Id: <19740412024625.F6CE7DC8332F15B6@istbsp01.sbd.iridium.com>
Date: Sat, 26 May 2012 23:01:14 +0000 (GMT)
X-NOCS-MailScanner-Information: Please contact the ISP for more information
X-NOCS-MailScanner-ID: q4QN1EbU030171
X-NOCS-MailScanner: Found to be clean
X-NOCS-MailScanner-SpamCheck: not spam (whitelisted),
	SpamAssassin (not cached, score=-6.599, required 5,
	autolearn=not spam, BAYES_00 -2.60, RCVD_IN_DNSWL_MED -4.00)
X-NOCS-MailScanner-From: sbdservice@sbd.iridium.com
X-Spam-Status: No

SBM Message
--SBD.Boundary.605592468
PROCESS /noc/users/iridburst/exec/irid_300224010734970_upd.pl
Last Run  ----1970-01-01 00:00:00 
MONTH  5 
DATA  xxrecord 2012-05-25 07:00:05 :: $W5M5A,120525,070005,660d0028449ce246,1,DAS 2,4901.3884N,1621.0153W,8.6,63,10.4,14.6,12.9,93.8,11.9,12.9,94.0,12.0,1014.1,1.3,1.9,8.3,233,51*65
 
STATION sbdservice
IRID_ID 300224010734970
BODY --

From sbdservice@sbd.iridium.com Sun May 27 01:00:55 2012
Return-Path: <sbdservice@sbd.iridium.com>
Received: from istbsp01.sbd.iridium.com (outbound.sbd.iridium.com [12.47.179.11])
	by mercury.noc.soton.ac.uk (8.13.1/8.12.11) with ESMTP id q4R00ofe002021
	for <iridburst@noc.soton.ac.uk>; Sun, 27 May 2012 01:00:51 +0100
Reply-To: <sbdservice@sbd.iridium.com>
From: sbdservice@sbd.iridium.com
To: iridburst@noc.soton.ac.uk
Subject: SBD Msg From Unit: 300224010734970
MIME-Version: 1.0
Content-Type: multipart/mixed;boundary="SBD.Boundary.605592468"
Message-Id: <19740412024625.54E96ECAFB0D33DC@istbsp01.sbd.iridium.com>
Date: Sun, 27 May 2012 00:00:50 +0000 (GMT)
X-NOCS-MailScanner-Information: Please contact the ISP for more information
X-NOCS-MailScanner-ID: q4R00ofe002021
X-NOCS-MailScanner: Found to be clean
X-NOCS-MailScanner-SpamCheck: not spam (whitelisted),
	SpamAssassin (not cached, score=-6.599, required 5,
	autolearn=not spam, BAYES_00 -2.60, RCVD_IN_DNSWL_MED -4.00)
X-NOCS-MailScanner-From: sbdservice@sbd.iridium.com
X-Spam-Status: No

SBM Message
--SBD.Boundary.605592468
PROCESS /noc/users/iridburst/exec/irid_300224010734970_upd.pl
Last Run  ----1970-01-01 00:00:00 
MONTH  5 
DATA  xxrecord 2012-05-25 07:00:05 :: $W5M5A,120525,070005,660d0028449ce246,1,DAS 2,4901.3884N,1621.0153W,8.6,63,10.4,14.6,12.9,93.8,11.9,12.9,94.0,12.0,1014.1,1.3,1.9,8.3,233,51*65
 
STATION sbdservice
IRID_ID 300224010734970
BODY --

From sbdservice@sbd.iridium.com Sun May 27 02:01:01 2012
Return-Path: <sbdservice@sbd.iridium.com>
Received: from istbsp02.sbd.iridium.com (outbound.sbd.iridium.com [12.47.179.11])
	by mercury.noc.soton.ac.uk (8.13.1/8.12.11) with ESMTP id q4R10sEK006896
	for <iridburst@noc.soton.ac.uk>; Sun, 27 May 2012 02:00:55 +0100
Reply-To: <sbdservice@sbd.iridium.com>
From: sbdservice@sbd.iridium.com
To: iridburst@noc.soton.ac.uk
Subject: SBD Msg From Unit: 300224010734970
MIME-Version: 1.0
Content-Type: multipart/mixed;boundary="SBD.Boundary.605592468"
Message-Id: <19740412024625.A25A4ED97F70ACF2@istbsp02.sbd.iridium.com>
Date: Sun, 27 May 2012 01:00:53 +0000 (GMT)
X-NOCS-MailScanner-Information: Please contact the ISP for more information
X-NOCS-MailScanner-ID: q4R10sEK006896
X-NOCS-MailScanner: Found to be clean
X-NOCS-MailScanner-SpamCheck: not spam (whitelisted),
	SpamAssassin (not cached, score=-6.599, required 5,
	autolearn=not spam, BAYES_00 -2.60, RCVD_IN_DNSWL_MED -4.00)
X-NOCS-MailScanner-From: sbdservice@sbd.iridium.com
X-Spam-Status: No

SBM Message
--SBD.Boundary.605592468
PROCESS /noc/users/iridburst/exec/irid_300224010734970_upd.pl
Last Run  ----1970-01-01 00:00:00 
MONTH  5 
DATA  xxrecord 2012-05-25 07:00:05 :: $W5M5A,120525,070005,660d0028449ce246,1,DAS 2,4901.3884N,1621.0153W,8.6,63,10.4,14.6,12.9,93.8,11.9,12.9,94.0,12.0,1014.1,1.3,1.9,8.3,233,51*65
 
STATION sbdservice
IRID_ID 300224010734970
BODY --

From sbdservice@sbd.iridium.com Sun May 27 03:00:57 2012
Return-Path: <sbdservice@sbd.iridium.com>
Received: from istbsp01.sbd.iridium.com (outbound.sbd.iridium.com [12.47.179.11])
	by mercury.noc.soton.ac.uk (8.13.1/8.12.11) with ESMTP id q4R20qn2011542
	for <iridburst@noc.soton.ac.uk>; Sun, 27 May 2012 03:00:53 +0100
Reply-To: <sbdservice@sbd.iridium.com>
From: sbdservice@sbd.iridium.com
To: iridburst@noc.soton.ac.uk
Subject: SBD Msg From Unit: 300224010734970
MIME-Version: 1.0
Content-Type: multipart/mixed;boundary="SBD.Boundary.605592468"
Message-Id: <19740412024625.10914FD97B2CCEAD@istbsp01.sbd.iridium.com>
Date: Sun, 27 May 2012 02:00:51 +0000 (GMT)
X-NOCS-MailScanner-Information: Please contact the ISP for more information
X-NOCS-MailScanner-ID: q4R20qn2011542
X-NOCS-MailScanner: Found to be clean
X-NOCS-MailScanner-SpamCheck: not spam (whitelisted),
	SpamAssassin (not cached, score=-6.599, required 5,
	autolearn=not spam, BAYES_00 -2.60, RCVD_IN_DNSWL_MED -4.00)
X-NOCS-MailScanner-From: sbdservice@sbd.iridium.com
X-Spam-Status: No

SBM Message
--SBD.Boundary.605592468
PROCESS /noc/users/iridburst/exec/irid_300224010734970_upd.pl
Last Run  ----1970-01-01 00:00:00 
MONTH  5 
DATA  xxrecord 2012-05-25 07:00:05 :: $W5M5A,120525,070005,660d0028449ce246,1,DAS 2,4901.3884N,1621.0153W,8.6,63,10.4,14.6,12.9,93.8,11.9,12.9,94.0,12.0,1014.1,1.3,1.9,8.3,233,51*65
 
STATION sbdservice
IRID_ID 300224010734970
BODY --

From sbdservice@sbd.iridium.com Sun May 27 04:00:55 2012
Return-Path: <sbdservice@sbd.iridium.com>
Received: from istbsp01.sbd.iridium.com (outbound.sbd.iridium.com [12.47.179.11])
	by mercury.noc.soton.ac.uk (8.13.1/8.12.11) with ESMTP id q4R30oPg015915
	for <iridburst@noc.soton.ac.uk>; Sun, 27 May 2012 04:00:51 +0100
Reply-To: <sbdservice@sbd.iridium.com>
From: sbdservice@sbd.iridium.com
To: iridburst@noc.soton.ac.uk
Subject: SBD Msg From Unit: 300224010734970
MIME-Version: 1.0
Content-Type: multipart/mixed;boundary="SBD.Boundary.605592468"
Message-Id: <19740412024625.4F4B4FDBF72E6D04@istbsp01.sbd.iridium.com>
Date: Sun, 27 May 2012 03:00:50 +0000 (GMT)
X-NOCS-MailScanner-Information: Please contact the ISP for more information
X-NOCS-MailScanner-ID: q4R30oPg015915
X-NOCS-MailScanner: Found to be clean
X-NOCS-MailScanner-SpamCheck: not spam (whitelisted),
	SpamAssassin (not cached, score=-6.599, required 5,
	autolearn=not spam, BAYES_00 -2.60, RCVD_IN_DNSWL_MED -4.00)
X-NOCS-MailScanner-From: sbdservice@sbd.iridium.com
X-Spam-Status: No

SBM Message
--SBD.Boundary.605592468
PROCESS /noc/users/iridburst/exec/irid_300224010734970_upd.pl
Last Run  ----1970-01-01 00:00:00 
MONTH  5 
DATA  xxrecord 2012-05-25 07:00:05 :: $W5M5A,120525,070005,660d0028449ce246,1,DAS 2,4901.3884N,1621.0153W,8.6,63,10.4,14.6,12.9,93.8,11.9,12.9,94.0,12.0,1014.1,1.3,1.9,8.3,233,51*65
 
STATION sbdservice
IRID_ID 300224010734970
BODY --

From sbdservice@sbd.iridium.com Sun May 27 05:01:00 2012
Return-Path: <sbdservice@sbd.iridium.com>
Received: from istbsp02.sbd.iridium.com (outbound.sbd.iridium.com [12.47.179.11])
	by mercury.noc.soton.ac.uk (8.13.1/8.12.11) with ESMTP id q4R40uIj007510
	for <iridburst@noc.soton.ac.uk>; Sun, 27 May 2012 05:00:56 +0100
Reply-To: <sbdservice@sbd.iridium.com>
From: sbdservice@sbd.iridium.com
To: iridburst@noc.soton.ac.uk
Subject: SBD Msg From Unit: 300224010734970
MIME-Version: 1.0
Content-Type: multipart/mixed;boundary="SBD.Boundary.605592468"
Message-Id: <19740412024625.DB9B6CF937738238@istbsp02.sbd.iridium.com>
Date: Sun, 27 May 2012 04:00:55 +0000 (GMT)
X-NOCS-MailScanner-Information: Please contact the ISP for more information
X-NOCS-MailScanner-ID: q4R40uIj007510
X-NOCS-MailScanner: Found to be clean
X-NOCS-MailScanner-SpamCheck: not spam (whitelisted),
	SpamAssassin (not cached, score=-6.599, required 5,
	autolearn=not spam, BAYES_00 -2.60, RCVD_IN_DNSWL_MED -4.00)
X-NOCS-MailScanner-From: sbdservice@sbd.iridium.com
X-Spam-Status: No

SBM Message
--SBD.Boundary.605592468
PROCESS /noc/users/iridburst/exec/irid_300224010734970_upd.pl
Last Run  ----1970-01-01 00:00:00 
MONTH  5 
DATA  xxrecord 2012-05-25 07:00:05 :: $W5M5A,120525,070005,660d0028449ce246,1,DAS 2,4901.3884N,1621.0153W,8.6,63,10.4,14.6,12.9,93.8,11.9,12.9,94.0,12.0,1014.1,1.3,1.9,8.3,233,51*65
 
STATION sbdservice
IRID_ID 300224010734970
BODY --

From sbdservice@sbd.iridium.com Sun May 27 06:00:57 2012
Return-Path: <sbdservice@sbd.iridium.com>
Received: from istbsp02.sbd.iridium.com (outbound.sbd.iridium.com [12.47.179.11])
	by mercury.noc.soton.ac.uk (8.13.1/8.12.11) with ESMTP id q4R50pvP012458
	for <iridburst@noc.soton.ac.uk>; Sun, 27 May 2012 06:00:51 +0100
Reply-To: <sbdservice@sbd.iridium.com>
From: sbdservice@sbd.iridium.com
To: iridburst@noc.soton.ac.uk
Subject: SBD Msg From Unit: 300224010734970
MIME-Version: 1.0
Content-Type: multipart/mixed;boundary="SBD.Boundary.605592468"
Message-Id: <19740412024625.870D6ED83361D4D3@istbsp02.sbd.iridium.com>
Date: Sun, 27 May 2012 05:00:50 +0000 (GMT)
X-NOCS-MailScanner-Information: Please contact the ISP for more information
X-NOCS-MailScanner-ID: q4R50pvP012458
X-NOCS-MailScanner: Found to be clean
X-NOCS-MailScanner-SpamCheck: not spam (whitelisted),
	SpamAssassin (not cached, score=-6.599, required 5,
	autolearn=not spam, BAYES_00 -2.60, RCVD_IN_DNSWL_MED -4.00)
X-NOCS-MailScanner-From: sbdservice@sbd.iridium.com
X-Spam-Status: No

SBM Message
--SBD.Boundary.605592468
PROCESS /noc/users/iridburst/exec/irid_300224010734970_upd.pl
Last Run  ----1970-01-01 00:00:00 
MONTH  5 
DATA  xxrecord 2012-05-25 07:00:05 :: $W5M5A,120525,070005,660d0028449ce246,1,DAS 2,4901.3884N,1621.0153W,8.6,63,10.4,14.6,12.9,93.8,11.9,12.9,94.0,12.0,1014.1,1.3,1.9,8.3,233,51*65
 
STATION sbdservice
IRID_ID 300224010734970
BODY --

From sbdservice@sbd.iridium.com Sun May 27 07:00:55 2012
Return-Path: <sbdservice@sbd.iridium.com>
Received: from istbsp02.sbd.iridium.com (outbound.sbd.iridium.com [12.47.179.11])
	by mercury.noc.soton.ac.uk (8.13.1/8.12.11) with ESMTP id q4R60pZM020063
	for <iridburst@noc.soton.ac.uk>; Sun, 27 May 2012 07:00:52 +0100
Reply-To: <sbdservice@sbd.iridium.com>
From: sbdservice@sbd.iridium.com
To: iridburst@noc.soton.ac.uk
Subject: SBD Msg From Unit: 300224010734970
MIME-Version: 1.0
Content-Type: multipart/mixed;boundary="SBD.Boundary.605592468"
Message-Id: <19740412024625.CF865CCAF7418375@istbsp02.sbd.iridium.com>
Date: Sun, 27 May 2012 06:00:51 +0000 (GMT)
X-NOCS-MailScanner-Information: Please contact the ISP for more information
X-NOCS-MailScanner-ID: q4R60pZM020063
X-NOCS-MailScanner: Found to be clean
X-NOCS-MailScanner-SpamCheck: not spam (whitelisted),
	SpamAssassin (not cached, score=-6.599, required 5,
	autolearn=not spam, BAYES_00 -2.60, RCVD_IN_DNSWL_MED -4.00)
X-NOCS-MailScanner-From: sbdservice@sbd.iridium.com
X-Spam-Status: No

SBM Message
--SBD.Boundary.605592468
PROCESS /noc/users/iridburst/exec/irid_300224010734970_upd.pl
Last Run  ----1970-01-01 00:00:00 
MONTH  5 
DATA  xxrecord 2012-05-25 07:00:05 :: $W5M5A,120525,070005,660d0028449ce246,1,DAS 2,4901.3884N,1621.0153W,8.6,63,10.4,14.6,12.9,93.8,11.9,12.9,94.0,12.0,1014.1,1.3,1.9,8.3,233,51*65
 
STATION sbdservice
IRID_ID 300224010734970
BODY --

From sbdservice@sbd.iridium.com Sun May 27 08:01:04 2012
Return-Path: <sbdservice@sbd.iridium.com>
Received: from istbsp02.sbd.iridium.com (outbound.sbd.iridium.com [12.47.179.11])
	by mercury.noc.soton.ac.uk (8.13.1/8.12.11) with ESMTP id q4R70xvu025574
	for <iridburst@noc.soton.ac.uk>; Sun, 27 May 2012 08:00:59 +0100
Reply-To: <sbdservice@sbd.iridium.com>
From: sbdservice@sbd.iridium.com
To: iridburst@noc.soton.ac.uk
Subject: SBD Msg From Unit: 300224010734970
MIME-Version: 1.0
Content-Type: multipart/mixed;boundary="SBD.Boundary.605592468"
Message-Id: <19740412024625.AA855ECA7342FC41@istbsp02.sbd.iridium.com>
Date: Sun, 27 May 2012 07:00:57 +0000 (GMT)
X-NOCS-MailScanner-Information: Please contact the ISP for more information
X-NOCS-MailScanner-ID: q4R70xvu025574
X-NOCS-MailScanner: Found to be clean
X-NOCS-MailScanner-SpamCheck: not spam (whitelisted),
	SpamAssassin (not cached, score=-6.599, required 5,
	autolearn=not spam, BAYES_00 -2.60, RCVD_IN_DNSWL_MED -4.00)
X-NOCS-MailScanner-From: sbdservice@sbd.iridium.com
X-Spam-Status: No

SBM Message
--SBD.Boundary.605592468
PROCESS /noc/users/iridburst/exec/irid_300224010734970_upd.pl
Last Run  ----1970-01-01 00:00:00 
MONTH  5 
DATA  xxrecord 2012-05-25 07:00:05 :: $W5M5A,120525,070005,660d0028449ce246,1,DAS 2,4901.3884N,1621.0153W,8.6,63,10.4,14.6,12.9,93.8,11.9,12.9,94.0,12.0,1014.1,1.3,1.9,8.3,233,51*65
 
STATION sbdservice
IRID_ID 300224010734970
BODY --

From sbdservice@sbd.iridium.com Sun May 27 09:01:02 2012
Return-Path: <sbdservice@sbd.iridium.com>
Received: from istbsp02.sbd.iridium.com (outbound.sbd.iridium.com [12.47.179.11])
	by mercury.noc.soton.ac.uk (8.13.1/8.12.11) with ESMTP id q4R80uDj032056
	for <iridburst@noc.soton.ac.uk>; Sun, 27 May 2012 09:00:57 +0100
Reply-To: <sbdservice@sbd.iridium.com>
From: sbdservice@sbd.iridium.com
To: iridburst@noc.soton.ac.uk
Subject: SBD Msg From Unit: 300224010734970
MIME-Version: 1.0
Content-Type: multipart/mixed;boundary="SBD.Boundary.605592468"
Message-Id: <19740412024625.63FB6EE87F6225D4@istbsp02.sbd.iridium.com>
Date: Sun, 27 May 2012 08:00:56 +0000 (GMT)
X-NOCS-MailScanner-Information: Please contact the ISP for more information
X-NOCS-MailScanner-ID: q4R80uDj032056
X-NOCS-MailScanner: Found to be clean
X-NOCS-MailScanner-SpamCheck: not spam (whitelisted),
	SpamAssassin (not cached, score=-6.599, required 5,
	autolearn=not spam, BAYES_00 -2.60, RCVD_IN_DNSWL_MED -4.00)
X-NOCS-MailScanner-From: sbdservice@sbd.iridium.com
X-Spam-Status: No

SBM Message
--SBD.Boundary.605592468
PROCESS /noc/users/iridburst/exec/irid_300224010734970_upd.pl
Last Run  ----1970-01-01 00:00:00 
MONTH  5 
DATA  xxrecord 2012-05-25 07:00:05 :: $W5M5A,120525,070005,660d0028449ce246,1,DAS 2,4901.3884N,1621.0153W,8.6,63,10.4,14.6,12.9,93.8,11.9,12.9,94.0,12.0,1014.1,1.3,1.9,8.3,233,51*65
 
STATION sbdservice
IRID_ID 300224010734970
BODY --

From sbdservice@sbd.iridium.com Sun May 27 10:01:02 2012
Return-Path: <sbdservice@sbd.iridium.com>
Received: from istbsp02.sbd.iridium.com (outbound.sbd.iridium.com [12.47.179.11])
	by mercury.noc.soton.ac.uk (8.13.1/8.12.11) with ESMTP id q4R90wQd005999
	for <iridburst@noc.soton.ac.uk>; Sun, 27 May 2012 10:00:58 +0100
Reply-To: <sbdservice@sbd.iridium.com>
From: sbdservice@sbd.iridium.com
To: iridburst@noc.soton.ac.uk
Subject: SBD Msg From Unit: 300224010734970
MIME-Version: 1.0
Content-Type: multipart/mixed;boundary="SBD.Boundary.605592468"
Message-Id: <19740412024625.0EC44EFB3372E861@istbsp02.sbd.iridium.com>
Date: Sun, 27 May 2012 09:00:57 +0000 (GMT)
X-NOCS-MailScanner-Information: Please contact the ISP for more information
X-NOCS-MailScanner-ID: q4R90wQd005999
X-NOCS-MailScanner: Found to be clean
X-NOCS-MailScanner-SpamCheck: not spam (whitelisted),
	SpamAssassin (not cached, score=-6.599, required 5,
	autolearn=not spam, BAYES_00 -2.60, RCVD_IN_DNSWL_MED -4.00)
X-NOCS-MailScanner-From: sbdservice@sbd.iridium.com
X-Spam-Status: No

SBM Message
--SBD.Boundary.605592468
PROCESS /noc/users/iridburst/exec/irid_300224010734970_upd.pl
Last Run  ----1970-01-01 00:00:00 
MONTH  5 
DATA  xxrecord 2012-05-25 07:00:05 :: $W5M5A,120525,070005,660d0028449ce246,1,DAS 2,4901.3884N,1621.0153W,8.6,63,10.4,14.6,12.9,93.8,11.9,12.9,94.0,12.0,1014.1,1.3,1.9,8.3,233,51*65
 
STATION sbdservice
IRID_ID 300224010734970
BODY --

From sbdservice@sbd.iridium.com Sun May 27 11:00:53 2012
Return-Path: <sbdservice@sbd.iridium.com>
Received: from istbsp02.sbd.iridium.com (outbound.sbd.iridium.com [12.47.179.11])
	by mercury.noc.soton.ac.uk (8.13.1/8.12.11) with ESMTP id q4RA0njh012100
	for <iridburst@noc.soton.ac.uk>; Sun, 27 May 2012 11:00:49 +0100
Reply-To: <sbdservice@sbd.iridium.com>
From: sbdservice@sbd.iridium.com
To: iridburst@noc.soton.ac.uk
Subject: SBD Msg From Unit: 300224010734970
MIME-Version: 1.0
Content-Type: multipart/mixed;boundary="SBD.Boundary.605592468"
Message-Id: <19740412024625.82FF6FFBFB40568F@istbsp02.sbd.iridium.com>
Date: Sun, 27 May 2012 10:00:48 +0000 (GMT)
X-NOCS-MailScanner-Information: Please contact the ISP for more information
X-NOCS-MailScanner-ID: q4RA0njh012100
X-NOCS-MailScanner: Found to be clean
X-NOCS-MailScanner-SpamCheck: not spam (whitelisted),
	SpamAssassin (not cached, score=-6.599, required 5,
	autolearn=not spam, BAYES_00 -2.60, RCVD_IN_DNSWL_MED -4.00)
X-NOCS-MailScanner-From: sbdservice@sbd.iridium.com
X-Spam-Status: No

SBM Message
--SBD.Boundary.605592468
PROCESS /noc/users/iridburst/exec/irid_300224010734970_upd.pl
Last Run  ----1970-01-01 00:00:00 
MONTH  5 
DATA  xxrecord 2012-05-25 07:00:05 :: $W5M5A,120525,070005,660d0028449ce246,1,DAS 2,4901.3884N,1621.0153W,8.6,63,10.4,14.6,12.9,93.8,11.9,12.9,94.0,12.0,1014.1,1.3,1.9,8.3,233,51*65
 
STATION sbdservice
IRID_ID 300224010734970
BODY --

From sbdservice@sbd.iridium.com Sun May 27 12:01:00 2012
Return-Path: <sbdservice@sbd.iridium.com>
Received: from istbsp02.sbd.iridium.com (outbound.sbd.iridium.com [12.47.179.11])
	by mercury.noc.soton.ac.uk (8.13.1/8.12.11) with ESMTP id q4RB0suo018095
	for <iridburst@noc.soton.ac.uk>; Sun, 27 May 2012 12:00:56 +0100
Reply-To: <sbdservice@sbd.iridium.com>
From: sbdservice@sbd.iridium.com
To: iridburst@noc.soton.ac.uk
Subject: SBD Msg From Unit: 300224010734970
MIME-Version: 1.0
Content-Type: multipart/mixed;boundary="SBD.Boundary.605592468"
Message-Id: <19740412024625.44826FEB7763272B@istbsp02.sbd.iridium.com>
Date: Sun, 27 May 2012 11:00:53 +0000 (GMT)
X-NOCS-MailScanner-Information: Please contact the ISP for more information
X-NOCS-MailScanner-ID: q4RB0suo018095
X-NOCS-MailScanner: Found to be clean
X-NOCS-MailScanner-SpamCheck: not spam (whitelisted),
	SpamAssassin (not cached, score=-6.599, required 5,
	autolearn=not spam, BAYES_00 -2.60, RCVD_IN_DNSWL_MED -4.00)
X-NOCS-MailScanner-From: sbdservice@sbd.iridium.com
X-Spam-Status: No

SBM Message
--SBD.Boundary.605592468
PROCESS /noc/users/iridburst/exec/irid_300224010734970_upd.pl
Last Run  ----1970-01-01 00:00:00 
MONTH  5 
DATA  xxrecord 2012-05-25 07:00:05 :: $W5M5A,120525,070005,660d0028449ce246,1,DAS 2,4901.3884N,1621.0153W,8.6,63,10.4,14.6,12.9,93.8,11.9,12.9,94.0,12.0,1014.1,1.3,1.9,8.3,233,51*65
 
STATION sbdservice
IRID_ID 300224010734970
BODY --

From sbdservice@sbd.iridium.com Sun May 27 13:00:53 2012
Return-Path: <sbdservice@sbd.iridium.com>
Received: from istbsp02.sbd.iridium.com (outbound.sbd.iridium.com [12.47.179.11])
	by mercury.noc.soton.ac.uk (8.13.1/8.12.11) with ESMTP id q4RC0oXE023611
	for <iridburst@noc.soton.ac.uk>; Sun, 27 May 2012 13:00:50 +0100
Reply-To: <sbdservice@sbd.iridium.com>
From: sbdservice@sbd.iridium.com
To: iridburst@noc.soton.ac.uk
Subject: SBD Msg From Unit: 300224010734970
MIME-Version: 1.0
Content-Type: multipart/mixed;boundary="SBD.Boundary.605592468"
Message-Id: <19740412024625.1DCC6FEB3B731A5B@istbsp02.sbd.iridium.com>
Date: Sun, 27 May 2012 12:00:50 +0000 (GMT)
X-NOCS-MailScanner-Information: Please contact the ISP for more information
X-NOCS-MailScanner-ID: q4RC0oXE023611
X-NOCS-MailScanner: Found to be clean
X-NOCS-MailScanner-SpamCheck: not spam (whitelisted),
	SpamAssassin (not cached, score=-6.599, required 5,
	autolearn=not spam, BAYES_00 -2.60, RCVD_IN_DNSWL_MED -4.00)
X-NOCS-MailScanner-From: sbdservice@sbd.iridium.com
X-Spam-Status: No

SBM Message
--SBD.Boundary.605592468
PROCESS /noc/users/iridburst/exec/irid_300224010734970_upd.pl
Last Run  ----1970-01-01 00:00:00 
MONTH  5 
DATA  xxrecord 2012-05-25 07:00:05 :: $W5M5A,120525,070005,660d0028449ce246,1,DAS 2,4901.3884N,1621.0153W,8.6,63,10.4,14.6,12.9,93.8,11.9,12.9,94.0,12.0,1014.1,1.3,1.9,8.3,233,51*65
 
STATION sbdservice
IRID_ID 300224010734970
BODY --

From sbdservice@sbd.iridium.com Sun May 27 14:01:00 2012
Return-Path: <sbdservice@sbd.iridium.com>
Received: from istbsp01.sbd.iridium.com (outbound.sbd.iridium.com [12.47.179.11])
	by mercury.noc.soton.ac.uk (8.13.1/8.12.11) with ESMTP id q4RD0sTA028530
	for <iridburst@noc.soton.ac.uk>; Sun, 27 May 2012 14:00:55 +0100
Reply-To: <sbdservice@sbd.iridium.com>
From: sbdservice@sbd.iridium.com
To: iridburst@noc.soton.ac.uk
Subject: SBD Msg From Unit: 300224010734970
MIME-Version: 1.0
Content-Type: multipart/mixed;boundary="SBD.Boundary.605592468"
Message-Id: <19740412024625.776E4EF8731EC708@istbsp01.sbd.iridium.com>
Date: Sun, 27 May 2012 13:00:54 +0000 (GMT)
X-NOCS-MailScanner-Information: Please contact the ISP for more information
X-NOCS-MailScanner-ID: q4RD0sTA028530
X-NOCS-MailScanner: Found to be clean
X-NOCS-MailScanner-SpamCheck: not spam (whitelisted),
	SpamAssassin (not cached, score=-6.599, required 5,
	autolearn=not spam, BAYES_00 -2.60, RCVD_IN_DNSWL_MED -4.00)
X-NOCS-MailScanner-From: sbdservice@sbd.iridium.com
X-Spam-Status: No

SBM Message
--SBD.Boundary.605592468
PROCESS /noc/users/iridburst/exec/irid_300224010734970_upd.pl
Last Run  ----1970-01-01 00:00:00 
MONTH  5 
DATA  xxrecord 2012-05-25 07:00:05 :: $W5M5A,120525,070005,660d0028449ce246,1,DAS 2,4901.3884N,1621.0153W,8.6,63,10.4,14.6,12.9,93.8,11.9,12.9,94.0,12.0,1014.1,1.3,1.9,8.3,233,51*65
 
STATION sbdservice
IRID_ID 300224010734970
BODY --

From sbdservice@sbd.iridium.com Sun May 27 15:00:53 2012
Return-Path: <sbdservice@sbd.iridium.com>
Received: from istbsp01.sbd.iridium.com (outbound.sbd.iridium.com [12.47.179.11])
	by mercury.noc.soton.ac.uk (8.13.1/8.12.11) with ESMTP id q4RE0nE2001150
	for <iridburst@noc.soton.ac.uk>; Sun, 27 May 2012 15:00:49 +0100
Reply-To: <sbdservice@sbd.iridium.com>
From: sbdservice@sbd.iridium.com
To: iridburst@noc.soton.ac.uk
Subject: SBD Msg From Unit: 300224010734970
MIME-Version: 1.0
Content-Type: multipart/mixed;boundary="SBD.Boundary.605592468"
Message-Id: <19740412024625.C2444EEAF71E1E01@istbsp01.sbd.iridium.com>
Date: Sun, 27 May 2012 14:00:48 +0000 (GMT)
X-NOCS-MailScanner-Information: Please contact the ISP for more information
X-NOCS-MailScanner-ID: q4RE0nE2001150
X-NOCS-MailScanner: Found to be clean
X-NOCS-MailScanner-SpamCheck: not spam (whitelisted),
	SpamAssassin (not cached, score=-6.599, required 5,
	autolearn=not spam, BAYES_00 -2.60, RCVD_IN_DNSWL_MED -4.00)
X-NOCS-MailScanner-From: sbdservice@sbd.iridium.com
X-Spam-Status: No

SBM Message
--SBD.Boundary.605592468
PROCESS /noc/users/iridburst/exec/irid_300224010734970_upd.pl
Last Run  ----1970-01-01 00:00:00 
MONTH  5 
DATA  xxrecord 2012-05-25 07:00:05 :: $W5M5A,120525,070005,660d0028449ce246,1,DAS 2,4901.3884N,1621.0153W,8.6,63,10.4,14.6,12.9,93.8,11.9,12.9,94.0,12.0,1014.1,1.3,1.9,8.3,233,51*65
 
STATION sbdservice
IRID_ID 300224010734970
BODY --

From sbdservice@sbd.iridium.com Sun May 27 16:01:09 2012
Return-Path: <sbdservice@sbd.iridium.com>
Received: from istbsp02.sbd.iridium.com (outbound.sbd.iridium.com [12.47.179.11])
	by mercury.noc.soton.ac.uk (8.13.1/8.12.11) with ESMTP id q4RF12EF006323
	for <iridburst@noc.soton.ac.uk>; Sun, 27 May 2012 16:01:03 +0100
Reply-To: <sbdservice@sbd.iridium.com>
From: sbdservice@sbd.iridium.com
To: iridburst@noc.soton.ac.uk
Subject: SBD Msg From Unit: 300224010734970
MIME-Version: 1.0
Content-Type: multipart/mixed;boundary="SBD.Boundary.605592468"
Message-Id: <19740412024625.24006DD9B350AEF6@istbsp02.sbd.iridium.com>
Date: Sun, 27 May 2012 15:01:01 +0000 (GMT)
X-NOCS-MailScanner-Information: Please contact the ISP for more information
X-NOCS-MailScanner-ID: q4RF12EF006323
X-NOCS-MailScanner: Found to be clean
X-NOCS-MailScanner-SpamCheck: not spam (whitelisted),
	SpamAssassin (not cached, score=-6.599, required 5,
	autolearn=not spam, BAYES_00 -2.60, RCVD_IN_DNSWL_MED -4.00)
X-NOCS-MailScanner-From: sbdservice@sbd.iridium.com
X-Spam-Status: No

SBM Message
--SBD.Boundary.605592468
PROCESS /noc/users/iridburst/exec/irid_300224010734970_upd.pl
Last Run  ----1970-01-01 00:00:00 
MONTH  5 
DATA  xxrecord 2012-05-25 07:00:05 :: $W5M5A,120525,070005,660d0028449ce246,1,DAS 2,4901.3884N,1621.0153W,8.6,63,10.4,14.6,12.9,93.8,11.9,12.9,94.0,12.0,1014.1,1.3,1.9,8.3,233,51*65
 
STATION sbdservice
IRID_ID 300224010734970
BODY --

From sbdservice@sbd.iridium.com Sun May 27 17:00:57 2012
Return-Path: <sbdservice@sbd.iridium.com>
Received: from istbsp02.sbd.iridium.com (outbound.sbd.iridium.com [12.47.179.11])
	by mercury.noc.soton.ac.uk (8.13.1/8.12.11) with ESMTP id q4RG0qwk010859
	for <iridburst@noc.soton.ac.uk>; Sun, 27 May 2012 17:00:53 +0100
Reply-To: <sbdservice@sbd.iridium.com>
From: sbdservice@sbd.iridium.com
To: iridburst@noc.soton.ac.uk
Subject: SBD Msg From Unit: 300224010734970
MIME-Version: 1.0
Content-Type: multipart/mixed;boundary="SBD.Boundary.605592468"
Message-Id: <19740412024625.D43D4DC8FB62532F@istbsp02.sbd.iridium.com>
Date: Sun, 27 May 2012 16:00:52 +0000 (GMT)
X-NOCS-MailScanner-Information: Please contact the ISP for more information
X-NOCS-MailScanner-ID: q4RG0qwk010859
X-NOCS-MailScanner: Found to be clean
X-NOCS-MailScanner-SpamCheck: not spam (whitelisted),
	SpamAssassin (not cached, score=-6.599, required 5,
	autolearn=not spam, BAYES_00 -2.60, RCVD_IN_DNSWL_MED -4.00)
X-NOCS-MailScanner-From: sbdservice@sbd.iridium.com
X-Spam-Status: No

SBM Message
--SBD.Boundary.605592468
PROCESS /noc/users/iridburst/exec/irid_300224010734970_upd.pl
Last Run  ----1970-01-01 00:00:00 
MONTH  5 
DATA  xxrecord 2012-05-25 07:00:05 :: $W5M5A,120525,070005,660d0028449ce246,1,DAS 2,4901.3884N,1621.0153W,8.6,63,10.4,14.6,12.9,93.8,11.9,12.9,94.0,12.0,1014.1,1.3,1.9,8.3,233,51*65
 
STATION sbdservice
IRID_ID 300224010734970
BODY --

From sbdservice@sbd.iridium.com Sun May 27 18:00:58 2012
Return-Path: <sbdservice@sbd.iridium.com>
Received: from istbsp01.sbd.iridium.com (outbound.sbd.iridium.com [12.47.179.11])
	by mercury.noc.soton.ac.uk (8.13.1/8.12.11) with ESMTP id q4RH0rcg015980
	for <iridburst@noc.soton.ac.uk>; Sun, 27 May 2012 18:00:54 +0100
Reply-To: <sbdservice@sbd.iridium.com>
From: sbdservice@sbd.iridium.com
To: iridburst@noc.soton.ac.uk
Subject: SBD Msg From Unit: 300224010734970
MIME-Version: 1.0
Content-Type: multipart/mixed;boundary="SBD.Boundary.605592468"
Message-Id: <19740412024625.8ACF4CCB7B0CEDAC@istbsp01.sbd.iridium.com>
Date: Sun, 27 May 2012 17:00:53 +0000 (GMT)
X-NOCS-MailScanner-Information: Please contact the ISP for more information
X-NOCS-MailScanner-ID: q4RH0rcg015980
X-NOCS-MailScanner: Found to be clean
X-NOCS-MailScanner-SpamCheck: not spam (whitelisted),
	SpamAssassin (not cached, score=-6.599, required 5,
	autolearn=not spam, BAYES_00 -2.60, RCVD_IN_DNSWL_MED -4.00)
X-NOCS-MailScanner-From: sbdservice@sbd.iridium.com
X-Spam-Status: No

SBM Message
--SBD.Boundary.605592468
PROCESS /noc/users/iridburst/exec/irid_300224010734970_upd.pl
Last Run  ----1970-01-01 00:00:00 
MONTH  5 
DATA  xxrecord 2012-05-25 07:00:05 :: $W5M5A,120525,070005,660d0028449ce246,1,DAS 2,4901.3884N,1621.0153W,8.6,63,10.4,14.6,12.9,93.8,11.9,12.9,94.0,12.0,1014.1,1.3,1.9,8.3,233,51*65
 
STATION sbdservice
IRID_ID 300224010734970
BODY --

From sbdservice@sbd.iridium.com Sun May 27 19:00:54 2012
Return-Path: <sbdservice@sbd.iridium.com>
Received: from istbsp01.sbd.iridium.com (outbound.sbd.iridium.com [12.47.179.11])
	by mercury.noc.soton.ac.uk (8.13.1/8.12.11) with ESMTP id q4RI0n7b020592
	for <iridburst@noc.soton.ac.uk>; Sun, 27 May 2012 19:00:49 +0100
Reply-To: <sbdservice@sbd.iridium.com>
From: sbdservice@sbd.iridium.com
To: iridburst@noc.soton.ac.uk
Subject: SBD Msg From Unit: 300224010734970
MIME-Version: 1.0
Content-Type: multipart/mixed;boundary="SBD.Boundary.605592468"
Message-Id: <19740412024625.D94F7ED9333E616C@istbsp01.sbd.iridium.com>
Date: Sun, 27 May 2012 18:00:48 +0000 (GMT)
X-NOCS-MailScanner-Information: Please contact the ISP for more information
X-NOCS-MailScanner-ID: q4RI0n7b020592
X-NOCS-MailScanner: Found to be clean
X-NOCS-MailScanner-SpamCheck: not spam (whitelisted),
	SpamAssassin (not cached, score=-6.599, required 5,
	autolearn=not spam, BAYES_00 -2.60, RCVD_IN_DNSWL_MED -4.00)
X-NOCS-MailScanner-From: sbdservice@sbd.iridium.com
X-Spam-Status: No

SBM Message
--SBD.Boundary.605592468
PROCESS /noc/users/iridburst/exec/irid_300224010734970_upd.pl
Last Run  ----1970-01-01 00:00:00 
MONTH  5 
DATA  xxrecord 2012-05-25 07:00:05 :: $W5M5A,120525,070005,660d0028449ce246,1,DAS 2,4901.3884N,1621.0153W,8.6,63,10.4,14.6,12.9,93.8,11.9,12.9,94.0,12.0,1014.1,1.3,1.9,8.3,233,51*65
 
STATION sbdservice
IRID_ID 300224010734970
BODY --

From sbdservice@sbd.iridium.com Sun May 27 20:00:55 2012
Return-Path: <sbdservice@sbd.iridium.com>
Received: from istbsp02.sbd.iridium.com (outbound.sbd.iridium.com [12.47.179.11])
	by mercury.noc.soton.ac.uk (8.13.1/8.12.11) with ESMTP id q4RJ0qZP025128
	for <iridburst@noc.soton.ac.uk>; Sun, 27 May 2012 20:00:52 +0100
Reply-To: <sbdservice@sbd.iridium.com>
From: sbdservice@sbd.iridium.com
To: iridburst@noc.soton.ac.uk
Subject: SBD Msg From Unit: 300224010734970
MIME-Version: 1.0
Content-Type: multipart/mixed;boundary="SBD.Boundary.605592468"
Message-Id: <19740412024625.1CC66CEAB353BEAF@istbsp02.sbd.iridium.com>
Date: Sun, 27 May 2012 19:00:51 +0000 (GMT)
X-NOCS-MailScanner-Information: Please contact the ISP for more information
X-NOCS-MailScanner-ID: q4RJ0qZP025128
X-NOCS-MailScanner: Found to be clean
X-NOCS-MailScanner-SpamCheck: not spam (whitelisted),
	SpamAssassin (not cached, score=-6.599, required 5,
	autolearn=not spam, BAYES_00 -2.60, RCVD_IN_DNSWL_MED -4.00)
X-NOCS-MailScanner-From: sbdservice@sbd.iridium.com
X-Spam-Status: No

SBM Message
--SBD.Boundary.605592468
PROCESS /noc/users/iridburst/exec/irid_300224010734970_upd.pl
Last Run  ----1970-01-01 00:00:00 
MONTH  5 
DATA  xxrecord 2012-05-25 07:00:05 :: $W5M5A,120525,070005,660d0028449ce246,1,DAS 2,4901.3884N,1621.0153W,8.6,63,10.4,14.6,12.9,93.8,11.9,12.9,94.0,12.0,1014.1,1.3,1.9,8.3,233,51*65
 
STATION sbdservice
IRID_ID 300224010734970
BODY --

From sbdservice@sbd.iridium.com Sun May 27 21:00:54 2012
Return-Path: <sbdservice@sbd.iridium.com>
Received: from istbsp01.sbd.iridium.com (outbound.sbd.iridium.com [12.47.179.11])
	by mercury.noc.soton.ac.uk (8.13.1/8.12.11) with ESMTP id q4RK0oor030049
	for <iridburst@noc.soton.ac.uk>; Sun, 27 May 2012 21:00:50 +0100
Reply-To: <sbdservice@sbd.iridium.com>
From: sbdservice@sbd.iridium.com
To: iridburst@noc.soton.ac.uk
Subject: SBD Msg From Unit: 300224010734970
MIME-Version: 1.0
Content-Type: multipart/mixed;boundary="SBD.Boundary.605592468"
Message-Id: <19740412024625.A0974FEB331E8FD3@istbsp01.sbd.iridium.com>
Date: Sun, 27 May 2012 20:00:49 +0000 (GMT)
X-NOCS-MailScanner-Information: Please contact the ISP for more information
X-NOCS-MailScanner-ID: q4RK0oor030049
X-NOCS-MailScanner: Found to be clean
X-NOCS-MailScanner-SpamCheck: not spam (whitelisted),
	SpamAssassin (not cached, score=-6.599, required 5,
	autolearn=not spam, BAYES_00 -2.60, RCVD_IN_DNSWL_MED -4.00)
X-NOCS-MailScanner-From: sbdservice@sbd.iridium.com
X-Spam-Status: No

SBM Message
--SBD.Boundary.605592468
PROCESS /noc/users/iridburst/exec/irid_300224010734970_upd.pl
Last Run  ----1970-01-01 00:00:00 
MONTH  5 
DATA  xxrecord 2012-05-25 07:00:05 :: $W5M5A,120525,070005,660d0028449ce246,1,DAS 2,4901.3884N,1621.0153W,8.6,63,10.4,14.6,12.9,93.8,11.9,12.9,94.0,12.0,1014.1,1.3,1.9,8.3,233,51*65
 
STATION sbdservice
IRID_ID 300224010734970
BODY --

From sbdservice@sbd.iridium.com Sun May 27 22:00:58 2012
Return-Path: <sbdservice@sbd.iridium.com>
Received: from istbsp02.sbd.iridium.com (outbound.sbd.iridium.com [12.47.179.11])
	by mercury.noc.soton.ac.uk (8.13.1/8.12.11) with ESMTP id q4RL0tLJ002150
	for <iridburst@noc.soton.ac.uk>; Sun, 27 May 2012 22:00:55 +0100
Reply-To: <sbdservice@sbd.iridium.com>
From: sbdservice@sbd.iridium.com
To: iridburst@noc.soton.ac.uk
Subject: SBD Msg From Unit: 300224010734970
MIME-Version: 1.0
Content-Type: multipart/mixed;boundary="SBD.Boundary.605592468"
Message-Id: <19740412024625.E4AD6DF97B6313D6@istbsp02.sbd.iridium.com>
Date: Sun, 27 May 2012 21:00:54 +0000 (GMT)
X-NOCS-MailScanner-Information: Please contact the ISP for more information
X-NOCS-MailScanner-ID: q4RL0tLJ002150
X-NOCS-MailScanner: Found to be clean
X-NOCS-MailScanner-SpamCheck: not spam (whitelisted),
	SpamAssassin (not cached, score=-6.599, required 5,
	autolearn=not spam, BAYES_00 -2.60, RCVD_IN_DNSWL_MED -4.00)
X-NOCS-MailScanner-From: sbdservice@sbd.iridium.com
X-Spam-Status: No

SBM Message
--SBD.Boundary.605592468
PROCESS /noc/users/iridburst/exec/irid_300224010734970_upd.pl
Last Run  ----1970-01-01 00:00:00 
MONTH  5 
DATA  xxrecord 2012-05-25 07:00:05 :: $W5M5A,120525,070005,660d0028449ce246,1,DAS 2,4901.3884N,1621.0153W,8.6,63,10.4,14.6,12.9,93.8,11.9,12.9,94.0,12.0,1014.1,1.3,1.9,8.3,233,51*65
 
STATION sbdservice
IRID_ID 300224010734970
BODY --

From sbdservice@sbd.iridium.com Sun May 27 23:00:53 2012
Return-Path: <sbdservice@sbd.iridium.com>
Received: from istbsp02.sbd.iridium.com (outbound.sbd.iridium.com [12.47.179.11])
	by mercury.noc.soton.ac.uk (8.13.1/8.12.11) with ESMTP id q4RM0nYa006955
	for <iridburst@noc.soton.ac.uk>; Sun, 27 May 2012 23:00:49 +0100
Reply-To: <sbdservice@sbd.iridium.com>
From: sbdservice@sbd.iridium.com
To: iridburst@noc.soton.ac.uk
Subject: SBD Msg From Unit: 300224010734970
MIME-Version: 1.0
Content-Type: multipart/mixed;boundary="SBD.Boundary.605592468"
Message-Id: <19740412024625.68004DFBFB516CF5@istbsp02.sbd.iridium.com>
Date: Sun, 27 May 2012 22:00:48 +0000 (GMT)
X-NOCS-MailScanner-Information: Please contact the ISP for more information
X-NOCS-MailScanner-ID: q4RM0nYa006955
X-NOCS-MailScanner: Found to be clean
X-NOCS-MailScanner-SpamCheck: not spam (whitelisted),
	SpamAssassin (not cached, score=-6.599, required 5,
	autolearn=not spam, BAYES_00 -2.60, RCVD_IN_DNSWL_MED -4.00)
X-NOCS-MailScanner-From: sbdservice@sbd.iridium.com
X-Spam-Status: No

SBM Message
--SBD.Boundary.605592468
PROCESS /noc/users/iridburst/exec/irid_300224010734970_upd.pl
Last Run  ----1970-01-01 00:00:00 
MONTH  5 
DATA  xxrecord 2012-05-25 07:00:05 :: $W5M5A,120525,070005,660d0028449ce246,1,DAS 2,4901.3884N,1621.0153W,8.6,63,10.4,14.6,12.9,93.8,11.9,12.9,94.0,12.0,1014.1,1.3,1.9,8.3,233,51*65
 
STATION sbdservice
IRID_ID 300224010734970
BODY --

From sbdservice@sbd.iridium.com Mon May 28 00:01:02 2012
Return-Path: <sbdservice@sbd.iridium.com>
Received: from istbsp02.sbd.iridium.com (outbound.sbd.iridium.com [12.47.179.11])
	by mercury.noc.soton.ac.uk (8.13.1/8.12.11) with ESMTP id q4RN0tev011505
	for <iridburst@noc.soton.ac.uk>; Mon, 28 May 2012 00:00:55 +0100
Reply-To: <sbdservice@sbd.iridium.com>
From: sbdservice@sbd.iridium.com
To: iridburst@noc.soton.ac.uk
Subject: SBD Msg From Unit: 300224010734970
MIME-Version: 1.0
Content-Type: multipart/mixed;boundary="SBD.Boundary.605592468"
Message-Id: <19740412024625.9E785DDA7F70F574@istbsp02.sbd.iridium.com>
Date: Sun, 27 May 2012 23:00:54 +0000 (GMT)
X-NOCS-MailScanner-Information: Please contact the ISP for more information
X-NOCS-MailScanner-ID: q4RN0tev011505
X-NOCS-MailScanner: Found to be clean
X-NOCS-MailScanner-SpamCheck: not spam (whitelisted),
	SpamAssassin (not cached, score=-6.599, required 5,
	autolearn=not spam, BAYES_00 -2.60, RCVD_IN_DNSWL_MED -4.00)
X-NOCS-MailScanner-From: sbdservice@sbd.iridium.com
X-Spam-Status: No

SBM Message
--SBD.Boundary.605592468
PROCESS /noc/users/iridburst/exec/irid_300224010734970_upd.pl
Last Run  ----1970-01-01 00:00:00 
MONTH  5 
DATA  xxrecord 2012-05-25 07:00:05 :: $W5M5A,120525,070005,660d0028449ce246,1,DAS 2,4901.3884N,1621.0153W,8.6,63,10.4,14.6,12.9,93.8,11.9,12.9,94.0,12.0,1014.1,1.3,1.9,8.3,233,51*65
 
STATION sbdservice
IRID_ID 300224010734970
BODY --

From sbdservice@sbd.iridium.com Mon May 28 01:01:07 2012
Return-Path: <sbdservice@sbd.iridium.com>
Received: from istbsp02.sbd.iridium.com (outbound.sbd.iridium.com [12.47.179.11])
	by mercury.noc.soton.ac.uk (8.13.1/8.12.11) with ESMTP id q4S0117d016262
	for <iridburst@noc.soton.ac.uk>; Mon, 28 May 2012 01:01:02 +0100
Reply-To: <sbdservice@sbd.iridium.com>
From: sbdservice@sbd.iridium.com
To: iridburst@noc.soton.ac.uk
Subject: SBD Msg From Unit: 300224010734970
MIME-Version: 1.0
Content-Type: multipart/mixed;boundary="SBD.Boundary.605592468"
Message-Id: <19740412024625.F8567CFBBB628B8D@istbsp02.sbd.iridium.com>
Date: Mon, 28 May 2012 00:01:01 +0000 (GMT)
X-NOCS-MailScanner-Information: Please contact the ISP for more information
X-NOCS-MailScanner-ID: q4S0117d016262
X-NOCS-MailScanner: Found to be clean
X-NOCS-MailScanner-SpamCheck: not spam (whitelisted),
	SpamAssassin (not cached, score=-6.599, required 5,
	autolearn=not spam, BAYES_00 -2.60, RCVD_IN_DNSWL_MED -4.00)
X-NOCS-MailScanner-From: sbdservice@sbd.iridium.com
X-Spam-Status: No

SBM Message
--SBD.Boundary.605592468
PROCESS /noc/users/iridburst/exec/irid_300224010734970_upd.pl
Last Run  ----1970-01-01 00:00:00 
MONTH  5 
DATA  xxrecord 2012-05-25 07:00:05 :: $W5M5A,120525,070005,660d0028449ce246,1,DAS 2,4901.3884N,1621.0153W,8.6,63,10.4,14.6,12.9,93.8,11.9,12.9,94.0,12.0,1014.1,1.3,1.9,8.3,233,51*65
 
STATION sbdservice
IRID_ID 300224010734970
BODY --

From sbdservice@sbd.iridium.com Mon May 28 02:02:57 2012
Return-Path: <sbdservice@sbd.iridium.com>
Received: from ixe-mta-29.emailfiltering.com (ixe-mta-29-tx.emailfiltering.com [194.116.199.160])
	by mercury.noc.soton.ac.uk (8.13.1/8.12.11) with ESMTP id q4S12qVc021816
	for <iridburst@noc.soton.ac.uk>; Mon, 28 May 2012 02:02:52 +0100
X-CTCH-RefID: str=0001.0A0B020D.4FC2CE4D.0015:SCGMA481786,ss=1,fgs=1024
X-Cloudmark-Analysis: v=1.1 cv=1ZJl5r6T02t3ssDJpbJl8Xxylw1JfjekHO2GOiFsk2o= c=1 sm=0 a=qTeDA8_pTN8A:10 a=sFjqOyMgm8SnhUXIoa15IA==:17 a=wmOMn14AuFFs1_YdqVIA:9 a=CjuIK1q_8ugA:10 a=DFPVWWDHDBjWjm3sllwA:9 a=ADqXiXMc7YHOvYHy0nAuHA==:117
Received: from outbound.sbd.iridium.com ([12.47.179.11])
	by ixe-mta-29.emailfiltering.com with emfmta (version 4.8.5.86) vanilla id 905003174
	;a4bbd99df7cc8a14; Mon, 28 May 2012 02:01:01 +0100
Reply-To: <sbdservice@sbd.iridium.com>
From: sbdservice@sbd.iridium.com
To: iridburst@noc.soton.ac.uk
Subject: SBD Msg From Unit: 300224010734970
MIME-Version: 1.0
Content-Type: multipart/mixed;boundary="SBD.Boundary.605592468"
Message-Id: <19740412024625.A6334DCB3B432418@istbsp02.sbd.iridium.com>
Date: Mon, 28 May 2012 01:00:54 +0000 (GMT)
X-NOCS-MailScanner-Information: Please contact the ISP for more information
X-NOCS-MailScanner-ID: q4S12qVc021816
X-NOCS-MailScanner: Found to be clean
X-NOCS-MailScanner-SpamCheck: not spam (whitelisted),
	SpamAssassin (not cached, score=-3.599, required 5,
	autolearn=not spam, BAYES_00 -2.60, RCVD_IN_DNSWL_LOW -1.00)
X-NOCS-MailScanner-From: sbdservice@sbd.iridium.com
X-Spam-Status: No

SBM Message
--SBD.Boundary.605592468
PROCESS /noc/users/iridburst/exec/irid_300224010734970_upd.pl
Last Run  ----1970-01-01 00:00:00 
MONTH  5 
DATA  xxrecord 2012-05-25 07:00:05 :: $W5M5A,120525,070005,660d0028449ce246,1,DAS 2,4901.3884N,1621.0153W,8.6,63,10.4,14.6,12.9,93.8,11.9,12.9,94.0,12.0,1014.1,1.3,1.9,8.3,233,51*65
 
STATION sbdservice
IRID_ID 300224010734970
BODY --

From sbdservice@sbd.iridium.com Mon May 28 03:01:01 2012
Return-Path: <sbdservice@sbd.iridium.com>
Received: from istbsp01.sbd.iridium.com (outbound.sbd.iridium.com [12.47.179.11])
	by mercury.noc.soton.ac.uk (8.13.1/8.12.11) with ESMTP id q4S20sbY026582
	for <iridburst@noc.soton.ac.uk>; Mon, 28 May 2012 03:00:54 +0100
Reply-To: <sbdservice@sbd.iridium.com>
From: sbdservice@sbd.iridium.com
To: iridburst@noc.soton.ac.uk
Subject: SBD Msg From Unit: 300224010734970
MIME-Version: 1.0
Content-Type: multipart/mixed;boundary="SBD.Boundary.605592468"
Message-Id: <19740412024625.185C6CE8FB0FB1C5@istbsp01.sbd.iridium.com>
Date: Mon, 28 May 2012 02:00:52 +0000 (GMT)
X-NOCS-MailScanner-Information: Please contact the ISP for more information
X-NOCS-MailScanner-ID: q4S20sbY026582
X-NOCS-MailScanner: Found to be clean
X-NOCS-MailScanner-SpamCheck: not spam (whitelisted),
	SpamAssassin (not cached, score=-6.599, required 5,
	autolearn=not spam, BAYES_00 -2.60, RCVD_IN_DNSWL_MED -4.00)
X-NOCS-MailScanner-From: sbdservice@sbd.iridium.com
X-Spam-Status: No

SBM Message
--SBD.Boundary.605592468
PROCESS /noc/users/iridburst/exec/irid_300224010734970_upd.pl
Last Run  ----1970-01-01 00:00:00 
MONTH  5 
DATA  xxrecord 2012-05-25 07:00:05 :: $W5M5A,120525,070005,660d0028449ce246,1,DAS 2,4901.3884N,1621.0153W,8.6,63,10.4,14.6,12.9,93.8,11.9,12.9,94.0,12.0,1014.1,1.3,1.9,8.3,233,51*65
 
STATION sbdservice
IRID_ID 300224010734970
BODY --

From sbdservice@sbd.iridium.com Mon May 28 04:00:59 2012
Return-Path: <sbdservice@sbd.iridium.com>
Received: from istbsp02.sbd.iridium.com (outbound.sbd.iridium.com [12.47.179.11])
	by mercury.noc.soton.ac.uk (8.13.1/8.12.11) with ESMTP id q4S30uWC031833
	for <iridburst@noc.soton.ac.uk>; Mon, 28 May 2012 04:00:56 +0100
Reply-To: <sbdservice@sbd.iridium.com>
From: sbdservice@sbd.iridium.com
To: iridburst@noc.soton.ac.uk
Subject: SBD Msg From Unit: 300224010734970
MIME-Version: 1.0
Content-Type: multipart/mixed;boundary="SBD.Boundary.605592468"
Message-Id: <19740412024625.FFF86DC83F53EFB1@istbsp02.sbd.iridium.com>
Date: Mon, 28 May 2012 03:00:55 +0000 (GMT)
X-NOCS-MailScanner-Information: Please contact the ISP for more information
X-NOCS-MailScanner-ID: q4S30uWC031833
X-NOCS-MailScanner: Found to be clean
X-NOCS-MailScanner-SpamCheck: not spam (whitelisted),
	SpamAssassin (not cached, score=-6.599, required 5,
	autolearn=not spam, BAYES_00 -2.60, RCVD_IN_DNSWL_MED -4.00)
X-NOCS-MailScanner-From: sbdservice@sbd.iridium.com
X-Spam-Status: No

SBM Message
--SBD.Boundary.605592468
PROCESS /noc/users/iridburst/exec/irid_300224010734970_upd.pl
Last Run  ----1970-01-01 00:00:00 
MONTH  5 
DATA  xxrecord 2012-05-25 07:00:05 :: $W5M5A,120525,070005,660d0028449ce246,1,DAS 2,4901.3884N,1621.0153W,8.6,63,10.4,14.6,12.9,93.8,11.9,12.9,94.0,12.0,1014.1,1.3,1.9,8.3,233,51*65
 
STATION sbdservice
IRID_ID 300224010734970
BODY --

From sbdservice@sbd.iridium.com Mon May 28 05:00:56 2012
Return-Path: <sbdservice@sbd.iridium.com>
Received: from istbsp02.sbd.iridium.com (outbound.sbd.iridium.com [12.47.179.11])
	by mercury.noc.soton.ac.uk (8.13.1/8.12.11) with ESMTP id q4S40qK1004707
	for <iridburst@noc.soton.ac.uk>; Mon, 28 May 2012 05:00:52 +0100
Reply-To: <sbdservice@sbd.iridium.com>
From: sbdservice@sbd.iridium.com
To: iridburst@noc.soton.ac.uk
Subject: SBD Msg From Unit: 300224010734970
MIME-Version: 1.0
Content-Type: multipart/mixed;boundary="SBD.Boundary.605592468"
Message-Id: <19740412024625.89126EEA3F61EF89@istbsp02.sbd.iridium.com>
Date: Mon, 28 May 2012 04:00:51 +0000 (GMT)
X-NOCS-MailScanner-Information: Please contact the ISP for more information
X-NOCS-MailScanner-ID: q4S40qK1004707
X-NOCS-MailScanner: Found to be clean
X-NOCS-MailScanner-SpamCheck: not spam (whitelisted),
	SpamAssassin (not cached, score=-6.599, required 5,
	autolearn=not spam, BAYES_00 -2.60, RCVD_IN_DNSWL_MED -4.00)
X-NOCS-MailScanner-From: sbdservice@sbd.iridium.com
X-Spam-Status: No

SBM Message
--SBD.Boundary.605592468
PROCESS /noc/users/iridburst/exec/irid_300224010734970_upd.pl
Last Run  ----1970-01-01 00:00:00 
MONTH  5 
DATA  xxrecord 2012-05-25 07:00:05 :: $W5M5A,120525,070005,660d0028449ce246,1,DAS 2,4901.3884N,1621.0153W,8.6,63,10.4,14.6,12.9,93.8,11.9,12.9,94.0,12.0,1014.1,1.3,1.9,8.3,233,51*65
 
STATION sbdservice
IRID_ID 300224010734970
BODY --

From sbdservice@sbd.iridium.com Mon May 28 06:00:55 2012
Return-Path: <sbdservice@sbd.iridium.com>
Received: from istbsp01.sbd.iridium.com (outbound.sbd.iridium.com [12.47.179.11])
	by mercury.noc.soton.ac.uk (8.13.1/8.12.11) with ESMTP id q4S50osQ010037
	for <iridburst@noc.soton.ac.uk>; Mon, 28 May 2012 06:00:50 +0100
Reply-To: <sbdservice@sbd.iridium.com>
From: sbdservice@sbd.iridium.com
To: iridburst@noc.soton.ac.uk
Subject: SBD Msg From Unit: 300224010734970
MIME-Version: 1.0
Content-Type: multipart/mixed;boundary="SBD.Boundary.605592468"
Message-Id: <19740412024625.AC8A5CC8370F05A8@istbsp01.sbd.iridium.com>
Date: Mon, 28 May 2012 05:00:49 +0000 (GMT)
X-NOCS-MailScanner-Information: Please contact the ISP for more information
X-NOCS-MailScanner-ID: q4S50osQ010037
X-NOCS-MailScanner: Found to be clean
X-NOCS-MailScanner-SpamCheck: not spam (whitelisted),
	SpamAssassin (not cached, score=-6.599, required 5,
	autolearn=not spam, BAYES_00 -2.60, RCVD_IN_DNSWL_MED -4.00)
X-NOCS-MailScanner-From: sbdservice@sbd.iridium.com
X-Spam-Status: No

SBM Message
--SBD.Boundary.605592468
PROCESS /noc/users/iridburst/exec/irid_300224010734970_upd.pl
Last Run  ----1970-01-01 00:00:00 
MONTH  5 
DATA  xxrecord 2012-05-25 07:00:05 :: $W5M5A,120525,070005,660d0028449ce246,1,DAS 2,4901.3884N,1621.0153W,8.6,63,10.4,14.6,12.9,93.8,11.9,12.9,94.0,12.0,1014.1,1.3,1.9,8.3,233,51*65
 
STATION sbdservice
IRID_ID 300224010734970
BODY --

From sbdservice@sbd.iridium.com Mon May 28 07:01:01 2012
Return-Path: <sbdservice@sbd.iridium.com>
Received: from istbsp02.sbd.iridium.com (outbound.sbd.iridium.com [12.47.179.11])
	by mercury.noc.soton.ac.uk (8.13.1/8.12.11) with ESMTP id q4S60s1g018097
	for <iridburst@noc.soton.ac.uk>; Mon, 28 May 2012 07:00:54 +0100
Reply-To: <sbdservice@sbd.iridium.com>
From: sbdservice@sbd.iridium.com
To: iridburst@noc.soton.ac.uk
Subject: SBD Msg From Unit: 300224010734970
MIME-Version: 1.0
Content-Type: multipart/mixed;boundary="SBD.Boundary.605592468"
Message-Id: <19740412024625.E6467CDA3B721250@istbsp02.sbd.iridium.com>
Date: Mon, 28 May 2012 06:00:54 +0000 (GMT)
X-NOCS-MailScanner-Information: Please contact the ISP for more information
X-NOCS-MailScanner-ID: q4S60s1g018097
X-NOCS-MailScanner: Found to be clean
X-NOCS-MailScanner-SpamCheck: not spam (whitelisted),
	SpamAssassin (not cached, score=-6.599, required 5,
	autolearn=not spam, BAYES_00 -2.60, RCVD_IN_DNSWL_MED -4.00)
X-NOCS-MailScanner-From: sbdservice@sbd.iridium.com
X-Spam-Status: No

SBM Message
--SBD.Boundary.605592468
PROCESS /noc/users/iridburst/exec/irid_300224010734970_upd.pl
Last Run  ----1970-01-01 00:00:00 
MONTH  5 
DATA  xxrecord 2012-05-25 07:00:05 :: $W5M5A,120525,070005,660d0028449ce246,1,DAS 2,4901.3884N,1621.0153W,8.6,63,10.4,14.6,12.9,93.8,11.9,12.9,94.0,12.0,1014.1,1.3,1.9,8.3,233,51*65
 
STATION sbdservice
IRID_ID 300224010734970
BODY --

From sbdservice@sbd.iridium.com Mon May 28 08:00:36 2012
Return-Path: <sbdservice@sbd.iridium.com>
Received: from istbsp02.sbd.iridium.com (outbound.sbd.iridium.com [12.47.179.11])
	by mercury.noc.soton.ac.uk (8.13.1/8.12.11) with ESMTP id q4S70WIV023607
	for <iridburst@noc.soton.ac.uk>; Mon, 28 May 2012 08:00:32 +0100
Reply-To: <sbdservice@sbd.iridium.com>
From: sbdservice@sbd.iridium.com
To: iridburst@noc.soton.ac.uk
Subject: SBD Msg From Unit: 300224010734970
MIME-Version: 1.0
Content-Type: multipart/mixed;boundary="SBD.Boundary.605592468"
Message-Id: <19740412024625.139C7FF87B725CAC@istbsp02.sbd.iridium.com>
Date: Mon, 28 May 2012 07:00:31 +0000 (GMT)
X-NOCS-MailScanner-Information: Please contact the ISP for more information
X-NOCS-MailScanner-ID: q4S70WIV023607
X-NOCS-MailScanner: Found to be clean
X-NOCS-MailScanner-SpamCheck: not spam (whitelisted),
	SpamAssassin (not cached, score=-6.599, required 5,
	autolearn=not spam, BAYES_00 -2.60, RCVD_IN_DNSWL_MED -4.00)
X-NOCS-MailScanner-From: sbdservice@sbd.iridium.com
X-Spam-Status: No

SBM Message
--SBD.Boundary.605592468
PROCESS /noc/users/iridburst/exec/irid_300224010734970_upd.pl
Last Run  ----1970-01-01 00:00:00 
MONTH  5 
DATA  xxrecord 2012-05-25 07:00:05 :: $W5M5A,120525,070005,660d0028449ce246,1,DAS 2,4901.3884N,1621.0153W,8.6,63,10.4,14.6,12.9,93.8,11.9,12.9,94.0,12.0,1014.1,1.3,1.9,8.3,233,51*65
 
STATION sbdservice
IRID_ID 300224010734970
BODY --

From sbdservice@sbd.iridium.com Mon May 28 09:01:19 2012
Return-Path: <sbdservice@sbd.iridium.com>
Received: from istbsp02.sbd.iridium.com (outbound.sbd.iridium.com [12.47.179.11])
	by mercury.noc.soton.ac.uk (8.13.1/8.12.11) with ESMTP id q4S81BIe002360
	for <iridburst@noc.soton.ac.uk>; Mon, 28 May 2012 09:01:12 +0100
Reply-To: <sbdservice@sbd.iridium.com>
From: sbdservice@sbd.iridium.com
To: iridburst@noc.soton.ac.uk
Subject: SBD Msg From Unit: 300224010734970
MIME-Version: 1.0
Content-Type: multipart/mixed;boundary="SBD.Boundary.605592468"
Message-Id: <19740412024625.A4494DD93341AB03@istbsp02.sbd.iridium.com>
Date: Mon, 28 May 2012 08:01:11 +0000 (GMT)
X-NOCS-MailScanner-Information: Please contact the ISP for more information
X-NOCS-MailScanner-ID: q4S81BIe002360
X-NOCS-MailScanner: Found to be clean
X-NOCS-MailScanner-SpamCheck: not spam (whitelisted),
	SpamAssassin (not cached, score=-6.599, required 5,
	autolearn=not spam, BAYES_00 -2.60, RCVD_IN_DNSWL_MED -4.00)
X-NOCS-MailScanner-From: sbdservice@sbd.iridium.com
X-Spam-Status: No

SBM Message
--SBD.Boundary.605592468
PROCESS /noc/users/iridburst/exec/irid_300224010734970_upd.pl
Last Run  ----1970-01-01 00:00:00 
MONTH  5 
DATA  xxrecord 2012-05-25 07:00:05 :: $W5M5A,120525,070005,660d0028449ce246,1,DAS 2,4901.3884N,1621.0153W,8.6,63,10.4,14.6,12.9,93.8,11.9,12.9,94.0,12.0,1014.1,1.3,1.9,8.3,233,51*65
 
STATION sbdservice
IRID_ID 300224010734970
BODY --

From sbdservice@sbd.iridium.com Mon May 28 10:01:05 2012
Return-Path: <sbdservice@sbd.iridium.com>
Received: from istbsp01.sbd.iridium.com (outbound.sbd.iridium.com [12.47.179.11])
	by mercury.noc.soton.ac.uk (8.13.1/8.12.11) with ESMTP id q4S9101n010706
	for <iridburst@noc.soton.ac.uk>; Mon, 28 May 2012 10:01:00 +0100
Reply-To: <sbdservice@sbd.iridium.com>
From: sbdservice@sbd.iridium.com
To: iridburst@noc.soton.ac.uk
Subject: SBD Msg From Unit: 300224010734970
MIME-Version: 1.0
Content-Type: multipart/mixed;boundary="SBD.Boundary.605592468"
Message-Id: <19740412024625.D5C16EEBFF3E25B9@istbsp01.sbd.iridium.com>
Date: Mon, 28 May 2012 09:00:59 +0000 (GMT)
X-NOCS-MailScanner-Information: Please contact the ISP for more information
X-NOCS-MailScanner-ID: q4S9101n010706
X-NOCS-MailScanner: Found to be clean
X-NOCS-MailScanner-SpamCheck: not spam (whitelisted),
	SpamAssassin (not cached, score=-6.599, required 5,
	autolearn=not spam, BAYES_00 -2.60, RCVD_IN_DNSWL_MED -4.00)
X-NOCS-MailScanner-From: sbdservice@sbd.iridium.com
X-Spam-Status: No

SBM Message
--SBD.Boundary.605592468
PROCESS /noc/users/iridburst/exec/irid_300224010734970_upd.pl
Last Run  ----1970-01-01 00:00:00 
MONTH  5 
DATA  xxrecord 2012-05-25 07:00:05 :: $W5M5A,120525,070005,660d0028449ce246,1,DAS 2,4901.3884N,1621.0153W,8.6,63,10.4,14.6,12.9,93.8,11.9,12.9,94.0,12.0,1014.1,1.3,1.9,8.3,233,51*65
 
STATION sbdservice
IRID_ID 300224010734970
BODY --

From sbdservice@sbd.iridium.com Mon May 28 11:00:55 2012
Return-Path: <sbdservice@sbd.iridium.com>
Received: from istbsp01.sbd.iridium.com (outbound.sbd.iridium.com [12.47.179.11])
	by mercury.noc.soton.ac.uk (8.13.1/8.12.11) with ESMTP id q4SA0ooT020293
	for <iridburst@noc.soton.ac.uk>; Mon, 28 May 2012 11:00:51 +0100
Reply-To: <sbdservice@sbd.iridium.com>
From: sbdservice@sbd.iridium.com
To: iridburst@noc.soton.ac.uk
Subject: SBD Msg From Unit: 300224010734970
MIME-Version: 1.0
Content-Type: multipart/mixed;boundary="SBD.Boundary.605592468"
Message-Id: <19740412024625.0CC17EEB370F76DD@istbsp01.sbd.iridium.com>
Date: Mon, 28 May 2012 10:00:49 +0000 (GMT)
X-NOCS-MailScanner-Information: Please contact the ISP for more information
X-NOCS-MailScanner-ID: q4SA0ooT020293
X-NOCS-MailScanner: Found to be clean
X-NOCS-MailScanner-SpamCheck: not spam (whitelisted),
	SpamAssassin (not cached, score=-6.599, required 5,
	autolearn=not spam, BAYES_00 -2.60, RCVD_IN_DNSWL_MED -4.00)
X-NOCS-MailScanner-From: sbdservice@sbd.iridium.com
X-Spam-Status: No

SBM Message
--SBD.Boundary.605592468
PROCESS /noc/users/iridburst/exec/irid_300224010734970_upd.pl
Last Run  ----1970-01-01 00:00:00 
MONTH  5 
DATA  xxrecord 2012-05-25 07:00:05 :: $W5M5A,120525,070005,660d0028449ce246,1,DAS 2,4901.3884N,1621.0153W,8.6,63,10.4,14.6,12.9,93.8,11.9,12.9,94.0,12.0,1014.1,1.3,1.9,8.3,233,51*65
 
STATION sbdservice
IRID_ID 300224010734970
BODY --

From sbdservice@sbd.iridium.com Mon May 28 12:01:01 2012
Return-Path: <sbdservice@sbd.iridium.com>
Received: from istbsp02.sbd.iridium.com (outbound.sbd.iridium.com [12.47.179.11])
	by mercury.noc.soton.ac.uk (8.13.1/8.12.11) with ESMTP id q4SB0s32029109
	for <iridburst@noc.soton.ac.uk>; Mon, 28 May 2012 12:00:55 +0100
Reply-To: <sbdservice@sbd.iridium.com>
From: sbdservice@sbd.iridium.com
To: iridburst@noc.soton.ac.uk
Subject: SBD Msg From Unit: 300224010734970
MIME-Version: 1.0
Content-Type: multipart/mixed;boundary="SBD.Boundary.605592468"
Message-Id: <19740412024625.17386CCA7F4088DF@istbsp02.sbd.iridium.com>
Date: Mon, 28 May 2012 11:00:54 +0000 (GMT)
X-NOCS-MailScanner-Information: Please contact the ISP for more information
X-NOCS-MailScanner-ID: q4SB0s32029109
X-NOCS-MailScanner: Found to be clean
X-NOCS-MailScanner-SpamCheck: not spam (whitelisted),
	SpamAssassin (not cached, score=-6.599, required 5,
	autolearn=not spam, BAYES_00 -2.60, RCVD_IN_DNSWL_MED -4.00)
X-NOCS-MailScanner-From: sbdservice@sbd.iridium.com
X-Spam-Status: No

SBM Message
--SBD.Boundary.605592468
PROCESS /noc/users/iridburst/exec/irid_300224010734970_upd.pl
Last Run  ----1970-01-01 00:00:00 
MONTH  5 
DATA  xxrecord 2012-05-25 07:00:05 :: $W5M5A,120525,070005,660d0028449ce246,1,DAS 2,4901.3884N,1621.0153W,8.6,63,10.4,14.6,12.9,93.8,11.9,12.9,94.0,12.0,1014.1,1.3,1.9,8.3,233,51*65
 
STATION sbdservice
IRID_ID 300224010734970
BODY --

From sbdservice@sbd.iridium.com Mon May 28 13:01:03 2012
Return-Path: <sbdservice@sbd.iridium.com>
Received: from istbsp02.sbd.iridium.com (outbound.sbd.iridium.com [12.47.179.11])
	by mercury.noc.soton.ac.uk (8.13.1/8.12.11) with ESMTP id q4SC0xmH005235
	for <iridburst@noc.soton.ac.uk>; Mon, 28 May 2012 13:00:59 +0100
Reply-To: <sbdservice@sbd.iridium.com>
From: sbdservice@sbd.iridium.com
To: iridburst@noc.soton.ac.uk
Subject: SBD Msg From Unit: 300224010734970
MIME-Version: 1.0
Content-Type: multipart/mixed;boundary="SBD.Boundary.605592468"
Message-Id: <19740412024625.31306EC87F62F34B@istbsp02.sbd.iridium.com>
Date: Mon, 28 May 2012 12:00:58 +0000 (GMT)
X-NOCS-MailScanner-Information: Please contact the ISP for more information
X-NOCS-MailScanner-ID: q4SC0xmH005235
X-NOCS-MailScanner: Found to be clean
X-NOCS-MailScanner-SpamCheck: not spam (whitelisted),
	SpamAssassin (not cached, score=-6.599, required 5,
	autolearn=not spam, BAYES_00 -2.60, RCVD_IN_DNSWL_MED -4.00)
X-NOCS-MailScanner-From: sbdservice@sbd.iridium.com
X-Spam-Status: No

SBM Message
--SBD.Boundary.605592468
PROCESS /noc/users/iridburst/exec/irid_300224010734970_upd.pl
Last Run  ----1970-01-01 00:00:00 
MONTH  5 
DATA  xxrecord 2012-05-25 07:00:05 :: $W5M5A,120525,070005,660d0028449ce246,1,DAS 2,4901.3884N,1621.0153W,8.6,63,10.4,14.6,12.9,93.8,11.9,12.9,94.0,12.0,1014.1,1.3,1.9,8.3,233,51*65
 
STATION sbdservice
IRID_ID 300224010734970
BODY --

From sbdservice@sbd.iridium.com Mon May 28 14:01:16 2012
Return-Path: <sbdservice@sbd.iridium.com>
Received: from istbsp02.sbd.iridium.com (outbound.sbd.iridium.com [12.47.179.11])
	by mercury.noc.soton.ac.uk (8.13.1/8.12.11) with ESMTP id q4SD0pTu013315
	for <iridburst@noc.soton.ac.uk>; Mon, 28 May 2012 14:00:52 +0100
Reply-To: <sbdservice@sbd.iridium.com>
From: sbdservice@sbd.iridium.com
To: iridburst@noc.soton.ac.uk
Subject: SBD Msg From Unit: 300224010734970
MIME-Version: 1.0
Content-Type: multipart/mixed;boundary="SBD.Boundary.605592468"
Message-Id: <19740412024625.C32E7DEBFF60DC13@istbsp02.sbd.iridium.com>
Date: Mon, 28 May 2012 13:00:51 +0000 (GMT)
X-NOCS-MailScanner-Information: Please contact the ISP for more information
X-NOCS-MailScanner-ID: q4SD0pTu013315
X-NOCS-MailScanner: Found to be clean
X-NOCS-MailScanner-SpamCheck: not spam (whitelisted),
	SpamAssassin (not cached, score=-6.599, required 5,
	autolearn=not spam, BAYES_00 -2.60, RCVD_IN_DNSWL_MED -4.00)
X-NOCS-MailScanner-From: sbdservice@sbd.iridium.com
X-Spam-Status: No

SBM Message
--SBD.Boundary.605592468
PROCESS /noc/users/iridburst/exec/irid_300224010734970_upd.pl
Last Run  ----1970-01-01 00:00:00 
MONTH  5 
DATA  xxrecord 2012-05-25 07:00:05 :: $W5M5A,120525,070005,660d0028449ce246,1,DAS 2,4901.3884N,1621.0153W,8.6,63,10.4,14.6,12.9,93.8,11.9,12.9,94.0,12.0,1014.1,1.3,1.9,8.3,233,51*65
 
STATION sbdservice
IRID_ID 300224010734970
BODY --

From sbdservice@sbd.iridium.com Mon May 28 15:00:58 2012
Return-Path: <sbdservice@sbd.iridium.com>
Received: from istbsp02.sbd.iridium.com (outbound.sbd.iridium.com [12.47.179.11])
	by mercury.noc.soton.ac.uk (8.13.1/8.12.11) with ESMTP id q4SE0smQ022841
	for <iridburst@noc.soton.ac.uk>; Mon, 28 May 2012 15:00:54 +0100
Reply-To: <sbdservice@sbd.iridium.com>
From: sbdservice@sbd.iridium.com
To: iridburst@noc.soton.ac.uk
Subject: SBD Msg From Unit: 300224010734970
MIME-Version: 1.0
Content-Type: multipart/mixed;boundary="SBD.Boundary.605592468"
Message-Id: <19740412024625.08405ED97B70A184@istbsp02.sbd.iridium.com>
Date: Mon, 28 May 2012 14:00:54 +0000 (GMT)
X-NOCS-MailScanner-Information: Please contact the ISP for more information
X-NOCS-MailScanner-ID: q4SE0smQ022841
X-NOCS-MailScanner: Found to be clean
X-NOCS-MailScanner-SpamCheck: not spam (whitelisted),
	SpamAssassin (not cached, score=-6.599, required 5,
	autolearn=not spam, BAYES_00 -2.60, RCVD_IN_DNSWL_MED -4.00)
X-NOCS-MailScanner-From: sbdservice@sbd.iridium.com
X-Spam-Status: No

SBM Message
--SBD.Boundary.605592468
PROCESS /noc/users/iridburst/exec/irid_300224010734970_upd.pl
Last Run  ----1970-01-01 00:00:00 
MONTH  5 
DATA  xxrecord 2012-05-25 07:00:05 :: $W5M5A,120525,070005,660d0028449ce246,1,DAS 2,4901.3884N,1621.0153W,8.6,63,10.4,14.6,12.9,93.8,11.9,12.9,94.0,12.0,1014.1,1.3,1.9,8.3,233,51*65
 
STATION sbdservice
IRID_ID 300224010734970
BODY --

From sbdservice@sbd.iridium.com Mon May 28 16:00:55 2012
Return-Path: <sbdservice@sbd.iridium.com>
Received: from istbsp01.sbd.iridium.com (outbound.sbd.iridium.com [12.47.179.11])
	by mercury.noc.soton.ac.uk (8.13.1/8.12.11) with ESMTP id q4SF0o22031373
	for <iridburst@noc.soton.ac.uk>; Mon, 28 May 2012 16:00:50 +0100
Reply-To: <sbdservice@sbd.iridium.com>
From: sbdservice@sbd.iridium.com
To: iridburst@noc.soton.ac.uk
Subject: SBD Msg From Unit: 300224010734970
MIME-Version: 1.0
Content-Type: multipart/mixed;boundary="SBD.Boundary.605592468"
Message-Id: <19740412024625.60475CCABB0CA33A@istbsp01.sbd.iridium.com>
Date: Mon, 28 May 2012 15:00:50 +0000 (GMT)
X-NOCS-MailScanner-Information: Please contact the ISP for more information
X-NOCS-MailScanner-ID: q4SF0o22031373
X-NOCS-MailScanner: Found to be clean
X-NOCS-MailScanner-SpamCheck: not spam (whitelisted),
	SpamAssassin (not cached, score=-6.599, required 5,
	autolearn=not spam, BAYES_00 -2.60, RCVD_IN_DNSWL_MED -4.00)
X-NOCS-MailScanner-From: sbdservice@sbd.iridium.com
X-Spam-Status: No

SBM Message
--SBD.Boundary.605592468
PROCESS /noc/users/iridburst/exec/irid_300224010734970_upd.pl
Last Run  ----1970-01-01 00:00:00 
MONTH  5 
DATA  xxrecord 2012-05-25 07:00:05 :: $W5M5A,120525,070005,660d0028449ce246,1,DAS 2,4901.3884N,1621.0153W,8.6,63,10.4,14.6,12.9,93.8,11.9,12.9,94.0,12.0,1014.1,1.3,1.9,8.3,233,51*65
 
STATION sbdservice
IRID_ID 300224010734970
BODY --

From sbdservice@sbd.iridium.com Mon May 28 17:01:03 2012
Return-Path: <sbdservice@sbd.iridium.com>
Received: from istbsp01.sbd.iridium.com (outbound.sbd.iridium.com [12.47.179.11])
	by mercury.noc.soton.ac.uk (8.13.1/8.12.11) with ESMTP id q4SG0tFm006977
	for <iridburst@noc.soton.ac.uk>; Mon, 28 May 2012 17:00:55 +0100
Reply-To: <sbdservice@sbd.iridium.com>
From: sbdservice@sbd.iridium.com
To: iridburst@noc.soton.ac.uk
Subject: SBD Msg From Unit: 300224010734970
MIME-Version: 1.0
Content-Type: multipart/mixed;boundary="SBD.Boundary.605592468"
Message-Id: <19740412024625.A0375CFAFB0D4FDE@istbsp01.sbd.iridium.com>
Date: Mon, 28 May 2012 16:00:54 +0000 (GMT)
X-NOCS-MailScanner-Information: Please contact the ISP for more information
X-NOCS-MailScanner-ID: q4SG0tFm006977
X-NOCS-MailScanner: Found to be clean
X-NOCS-MailScanner-SpamCheck: not spam (whitelisted),
	SpamAssassin (not cached, score=-6.599, required 5,
	autolearn=not spam, BAYES_00 -2.60, RCVD_IN_DNSWL_MED -4.00)
X-NOCS-MailScanner-From: sbdservice@sbd.iridium.com
X-Spam-Status: No

SBM Message
--SBD.Boundary.605592468
PROCESS /noc/users/iridburst/exec/irid_300224010734970_upd.pl
Last Run  ----1970-01-01 00:00:00 
MONTH  5 
DATA  xxrecord 2012-05-25 07:00:05 :: $W5M5A,120525,070005,660d0028449ce246,1,DAS 2,4901.3884N,1621.0153W,8.6,63,10.4,14.6,12.9,93.8,11.9,12.9,94.0,12.0,1014.1,1.3,1.9,8.3,233,51*65
 
STATION sbdservice
IRID_ID 300224010734970
BODY --

From sbdservice@sbd.iridium.com Mon May 28 18:00:56 2012
Return-Path: <sbdservice@sbd.iridium.com>
Received: from istbsp01.sbd.iridium.com (outbound.sbd.iridium.com [12.47.179.11])
	by mercury.noc.soton.ac.uk (8.13.1/8.12.11) with ESMTP id q4SH0q1j014792
	for <iridburst@noc.soton.ac.uk>; Mon, 28 May 2012 18:00:52 +0100
Reply-To: <sbdservice@sbd.iridium.com>
From: sbdservice@sbd.iridium.com
To: iridburst@noc.soton.ac.uk
Subject: SBD Msg From Unit: 300224010734970
MIME-Version: 1.0
Content-Type: multipart/mixed;boundary="SBD.Boundary.605592468"
Message-Id: <19740412024625.250F6ECA331E39E0@istbsp01.sbd.iridium.com>
Date: Mon, 28 May 2012 17:00:51 +0000 (GMT)
X-NOCS-MailScanner-Information: Please contact the ISP for more information
X-NOCS-MailScanner-ID: q4SH0q1j014792
X-NOCS-MailScanner: Found to be clean
X-NOCS-MailScanner-SpamCheck: not spam (whitelisted),
	SpamAssassin (not cached, score=-6.599, required 5,
	autolearn=not spam, BAYES_00 -2.60, RCVD_IN_DNSWL_MED -4.00)
X-NOCS-MailScanner-From: sbdservice@sbd.iridium.com
X-Spam-Status: No

SBM Message
--SBD.Boundary.605592468
PROCESS /noc/users/iridburst/exec/irid_300224010734970_upd.pl
Last Run  ----1970-01-01 00:00:00 
MONTH  5 
DATA  xxrecord 2012-05-25 07:00:05 :: $W5M5A,120525,070005,660d0028449ce246,1,DAS 2,4901.3884N,1621.0153W,8.6,63,10.4,14.6,12.9,93.8,11.9,12.9,94.0,12.0,1014.1,1.3,1.9,8.3,233,51*65
 
STATION sbdservice
IRID_ID 300224010734970
BODY --

From sbdservice@sbd.iridium.com Mon May 28 19:00:57 2012
Return-Path: <sbdservice@sbd.iridium.com>
Received: from istbsp01.sbd.iridium.com (outbound.sbd.iridium.com [12.47.179.11])
	by mercury.noc.soton.ac.uk (8.13.1/8.12.11) with ESMTP id q4SI0rUM020825
	for <iridburst@noc.soton.ac.uk>; Mon, 28 May 2012 19:00:53 +0100
Reply-To: <sbdservice@sbd.iridium.com>
From: sbdservice@sbd.iridium.com
To: iridburst@noc.soton.ac.uk
Subject: SBD Msg From Unit: 300224010734970
MIME-Version: 1.0
Content-Type: multipart/mixed;boundary="SBD.Boundary.605592468"
Message-Id: <19740412024625.625E4FC8BB3D7477@istbsp01.sbd.iridium.com>
Date: Mon, 28 May 2012 18:00:52 +0000 (GMT)
X-NOCS-MailScanner-Information: Please contact the ISP for more information
X-NOCS-MailScanner-ID: q4SI0rUM020825
X-NOCS-MailScanner: Found to be clean
X-NOCS-MailScanner-SpamCheck: not spam (whitelisted),
	SpamAssassin (not cached, score=-6.599, required 5,
	autolearn=not spam, BAYES_00 -2.60, RCVD_IN_DNSWL_MED -4.00)
X-NOCS-MailScanner-From: sbdservice@sbd.iridium.com
X-Spam-Status: No

SBM Message
--SBD.Boundary.605592468
PROCESS /noc/users/iridburst/exec/irid_300224010734970_upd.pl
Last Run  ----1970-01-01 00:00:00 
MONTH  5 
DATA  xxrecord 2012-05-25 07:00:05 :: $W5M5A,120525,070005,660d0028449ce246,1,DAS 2,4901.3884N,1621.0153W,8.6,63,10.4,14.6,12.9,93.8,11.9,12.9,94.0,12.0,1014.1,1.3,1.9,8.3,233,51*65
 
STATION sbdservice
IRID_ID 300224010734970
BODY --

From sbdservice@sbd.iridium.com Mon May 28 20:01:07 2012
Return-Path: <sbdservice@sbd.iridium.com>
Received: from istbsp01.sbd.iridium.com (outbound.sbd.iridium.com [12.47.179.11])
	by mercury.noc.soton.ac.uk (8.13.1/8.12.11) with ESMTP id q4SJ12pv026291
	for <iridburst@noc.soton.ac.uk>; Mon, 28 May 2012 20:01:02 +0100
Reply-To: <sbdservice@sbd.iridium.com>
From: sbdservice@sbd.iridium.com
To: iridburst@noc.soton.ac.uk
Subject: SBD Msg From Unit: 300224010734970
MIME-Version: 1.0
Content-Type: multipart/mixed;boundary="SBD.Boundary.605592468"
Message-Id: <19740412024625.D26C6EFB7B0C1039@istbsp01.sbd.iridium.com>
Date: Mon, 28 May 2012 19:01:01 +0000 (GMT)
X-NOCS-MailScanner-Information: Please contact the ISP for more information
X-NOCS-MailScanner-ID: q4SJ12pv026291
X-NOCS-MailScanner: Found to be clean
X-NOCS-MailScanner-SpamCheck: not spam (whitelisted),
	SpamAssassin (not cached, score=-6.599, required 5,
	autolearn=not spam, BAYES_00 -2.60, RCVD_IN_DNSWL_MED -4.00)
X-NOCS-MailScanner-From: sbdservice@sbd.iridium.com
X-Spam-Status: No

SBM Message
--SBD.Boundary.605592468
PROCESS /noc/users/iridburst/exec/irid_300224010734970_upd.pl
Last Run  ----1970-01-01 00:00:00 
MONTH  5 
DATA  xxrecord 2012-05-25 07:00:05 :: $W5M5A,120525,070005,660d0028449ce246,1,DAS 2,4901.3884N,1621.0153W,8.6,63,10.4,14.6,12.9,93.8,11.9,12.9,94.0,12.0,1014.1,1.3,1.9,8.3,233,51*65
 
STATION sbdservice
IRID_ID 300224010734970
BODY --

From sbdservice@sbd.iridium.com Mon May 28 21:01:00 2012
Return-Path: <sbdservice@sbd.iridium.com>
Received: from istbsp01.sbd.iridium.com (outbound.sbd.iridium.com [12.47.179.11])
	by mercury.noc.soton.ac.uk (8.13.1/8.12.11) with ESMTP id q4SK0tVh031833
	for <iridburst@noc.soton.ac.uk>; Mon, 28 May 2012 21:00:55 +0100
Reply-To: <sbdservice@sbd.iridium.com>
From: sbdservice@sbd.iridium.com
To: iridburst@noc.soton.ac.uk
Subject: SBD Msg From Unit: 300224010734970
MIME-Version: 1.0
Content-Type: multipart/mixed;boundary="SBD.Boundary.605592468"
Message-Id: <19740412024625.45236EFAB72FCD7E@istbsp01.sbd.iridium.com>
Date: Mon, 28 May 2012 20:00:53 +0000 (GMT)
X-NOCS-MailScanner-Information: Please contact the ISP for more information
X-NOCS-MailScanner-ID: q4SK0tVh031833
X-NOCS-MailScanner: Found to be clean
X-NOCS-MailScanner-SpamCheck: not spam (whitelisted),
	SpamAssassin (not cached, score=-6.599, required 5,
	autolearn=not spam, BAYES_00 -2.60, RCVD_IN_DNSWL_MED -4.00)
X-NOCS-MailScanner-From: sbdservice@sbd.iridium.com
X-Spam-Status: No

SBM Message
--SBD.Boundary.605592468
PROCESS /noc/users/iridburst/exec/irid_300224010734970_upd.pl
Last Run  ----1970-01-01 00:00:00 
MONTH  5 
DATA  xxrecord 2012-05-25 07:00:05 :: $W5M5A,120525,070005,660d0028449ce246,1,DAS 2,4901.3884N,1621.0153W,8.6,63,10.4,14.6,12.9,93.8,11.9,12.9,94.0,12.0,1014.1,1.3,1.9,8.3,233,51*65
 
STATION sbdservice
IRID_ID 300224010734970
BODY --

From sbdservice@sbd.iridium.com Mon May 28 22:00:58 2012
Return-Path: <sbdservice@sbd.iridium.com>
Received: from istbsp01.sbd.iridium.com (outbound.sbd.iridium.com [12.47.179.11])
	by mercury.noc.soton.ac.uk (8.13.1/8.12.11) with ESMTP id q4SL0sA7004555
	for <iridburst@noc.soton.ac.uk>; Mon, 28 May 2012 22:00:55 +0100
Reply-To: <sbdservice@sbd.iridium.com>
From: sbdservice@sbd.iridium.com
To: iridburst@noc.soton.ac.uk
Subject: SBD Msg From Unit: 300224010734970
MIME-Version: 1.0
Content-Type: multipart/mixed;boundary="SBD.Boundary.605592468"
Message-Id: <19740412024625.A4A04CD9BF1EBC13@istbsp01.sbd.iridium.com>
Date: Mon, 28 May 2012 21:00:54 +0000 (GMT)
X-NOCS-MailScanner-Information: Please contact the ISP for more information
X-NOCS-MailScanner-ID: q4SL0sA7004555
X-NOCS-MailScanner: Found to be clean
X-NOCS-MailScanner-SpamCheck: not spam (whitelisted),
	SpamAssassin (not cached, score=-6.599, required 5,
	autolearn=not spam, BAYES_00 -2.60, RCVD_IN_DNSWL_MED -4.00)
X-NOCS-MailScanner-From: sbdservice@sbd.iridium.com
X-Spam-Status: No

SBM Message
--SBD.Boundary.605592468
PROCESS /noc/users/iridburst/exec/irid_300224010734970_upd.pl
Last Run  ----1970-01-01 00:00:00 
MONTH  5 
DATA  xxrecord 2012-05-25 07:00:05 :: $W5M5A,120525,070005,660d0028449ce246,1,DAS 2,4901.3884N,1621.0153W,8.6,63,10.4,14.6,12.9,93.8,11.9,12.9,94.0,12.0,1014.1,1.3,1.9,8.3,233,51*65
 
STATION sbdservice
IRID_ID 300224010734970
BODY --

From sbdservice@sbd.iridium.com Mon May 28 23:00:55 2012
Return-Path: <sbdservice@sbd.iridium.com>
Received: from istbsp02.sbd.iridium.com (outbound.sbd.iridium.com [12.47.179.11])
	by mercury.noc.soton.ac.uk (8.13.1/8.12.11) with ESMTP id q4SM0plq009782
	for <iridburst@noc.soton.ac.uk>; Mon, 28 May 2012 23:00:52 +0100
Reply-To: <sbdservice@sbd.iridium.com>
From: sbdservice@sbd.iridium.com
To: iridburst@noc.soton.ac.uk
Subject: SBD Msg From Unit: 300224010734970
MIME-Version: 1.0
Content-Type: multipart/mixed;boundary="SBD.Boundary.605592468"
Message-Id: <19740412024625.82D57EE83F512901@istbsp02.sbd.iridium.com>
Date: Mon, 28 May 2012 22:00:50 +0000 (GMT)
X-NOCS-MailScanner-Information: Please contact the ISP for more information
X-NOCS-MailScanner-ID: q4SM0plq009782
X-NOCS-MailScanner: Found to be clean
X-NOCS-MailScanner-SpamCheck: not spam (whitelisted),
	SpamAssassin (not cached, score=-6.599, required 5,
	autolearn=not spam, BAYES_00 -2.60, RCVD_IN_DNSWL_MED -4.00)
X-NOCS-MailScanner-From: sbdservice@sbd.iridium.com
X-Spam-Status: No

SBM Message
--SBD.Boundary.605592468
PROCESS /noc/users/iridburst/exec/irid_300224010734970_upd.pl
Last Run  ----1970-01-01 00:00:00 
MONTH  5 
DATA  xxrecord 2012-05-25 07:00:05 :: $W5M5A,120525,070005,660d0028449ce246,1,DAS 2,4901.3884N,1621.0153W,8.6,63,10.4,14.6,12.9,93.8,11.9,12.9,94.0,12.0,1014.1,1.3,1.9,8.3,233,51*65
 
STATION sbdservice
IRID_ID 300224010734970
BODY --

From sbdservice@sbd.iridium.com Tue May 29 00:00:55 2012
Return-Path: <sbdservice@sbd.iridium.com>
Received: from istbsp01.sbd.iridium.com (outbound.sbd.iridium.com [12.47.179.11])
	by mercury.noc.soton.ac.uk (8.13.1/8.12.11) with ESMTP id q4SN0oJ4014664
	for <iridburst@noc.soton.ac.uk>; Tue, 29 May 2012 00:00:51 +0100
Reply-To: <sbdservice@sbd.iridium.com>
From: sbdservice@sbd.iridium.com
To: iridburst@noc.soton.ac.uk
Subject: SBD Msg From Unit: 300224010734970
MIME-Version: 1.0
Content-Type: multipart/mixed;boundary="SBD.Boundary.605592468"
Message-Id: <19740412024625.FAC77FF8332C0163@istbsp01.sbd.iridium.com>
Date: Mon, 28 May 2012 23:00:50 +0000 (GMT)
X-NOCS-MailScanner-Information: Please contact the ISP for more information
X-NOCS-MailScanner-ID: q4SN0oJ4014664
X-NOCS-MailScanner: Found to be clean
X-NOCS-MailScanner-SpamCheck: not spam (whitelisted),
	SpamAssassin (not cached, score=-6.599, required 5,
	autolearn=not spam, BAYES_00 -2.60, RCVD_IN_DNSWL_MED -4.00)
X-NOCS-MailScanner-From: sbdservice@sbd.iridium.com
X-Spam-Status: No

SBM Message
--SBD.Boundary.605592468
PROCESS /noc/users/iridburst/exec/irid_300224010734970_upd.pl
Last Run  ----1970-01-01 00:00:00 
MONTH  5 
DATA  xxrecord 2012-05-25 07:00:05 :: $W5M5A,120525,070005,660d0028449ce246,1,DAS 2,4901.3884N,1621.0153W,8.6,63,10.4,14.6,12.9,93.8,11.9,12.9,94.0,12.0,1014.1,1.3,1.9,8.3,233,51*65
 
STATION sbdservice
IRID_ID 300224010734970
BODY --

From sbdservice@sbd.iridium.com Tue May 29 01:01:09 2012
Return-Path: <sbdservice@sbd.iridium.com>
Received: from istbsp01.sbd.iridium.com (outbound.sbd.iridium.com [12.47.179.11])
	by mercury.noc.soton.ac.uk (8.13.1/8.12.11) with ESMTP id q4T014wq019604
	for <iridburst@noc.soton.ac.uk>; Tue, 29 May 2012 01:01:04 +0100
Reply-To: <sbdservice@sbd.iridium.com>
From: sbdservice@sbd.iridium.com
To: iridburst@noc.soton.ac.uk
Subject: SBD Msg From Unit: 300224010734970
MIME-Version: 1.0
Content-Type: multipart/mixed;boundary="SBD.Boundary.605592468"
Message-Id: <19740412024625.036D7FE9BB1D8777@istbsp01.sbd.iridium.com>
Date: Tue, 29 May 2012 00:01:03 +0000 (GMT)
X-NOCS-MailScanner-Information: Please contact the ISP for more information
X-NOCS-MailScanner-ID: q4T014wq019604
X-NOCS-MailScanner: Found to be clean
X-NOCS-MailScanner-SpamCheck: not spam (whitelisted),
	SpamAssassin (not cached, score=-6.599, required 5,
	autolearn=not spam, BAYES_00 -2.60, RCVD_IN_DNSWL_MED -4.00)
X-NOCS-MailScanner-From: sbdservice@sbd.iridium.com
X-Spam-Status: No

SBM Message
--SBD.Boundary.605592468
PROCESS /noc/users/iridburst/exec/irid_300224010734970_upd.pl
Last Run  ----1970-01-01 00:00:00 
MONTH  5 
DATA  xxrecord 2012-05-25 07:00:05 :: $W5M5A,120525,070005,660d0028449ce246,1,DAS 2,4901.3884N,1621.0153W,8.6,63,10.4,14.6,12.9,93.8,11.9,12.9,94.0,12.0,1014.1,1.3,1.9,8.3,233,51*65
 
STATION sbdservice
IRID_ID 300224010734970
BODY --

From sbdservice@sbd.iridium.com Tue May 29 02:00:56 2012
Return-Path: <sbdservice@sbd.iridium.com>
Received: from istbsp01.sbd.iridium.com (outbound.sbd.iridium.com [12.47.179.11])
	by mercury.noc.soton.ac.uk (8.13.1/8.12.11) with ESMTP id q4T10pMB024776
	for <iridburst@noc.soton.ac.uk>; Tue, 29 May 2012 02:00:52 +0100
Reply-To: <sbdservice@sbd.iridium.com>
From: sbdservice@sbd.iridium.com
To: iridburst@noc.soton.ac.uk
Subject: SBD Msg From Unit: 300224010734970
MIME-Version: 1.0
Content-Type: multipart/mixed;boundary="SBD.Boundary.605592468"
Message-Id: <19740412024625.02826EEAB70C6093@istbsp01.sbd.iridium.com>
Date: Tue, 29 May 2012 01:00:50 +0000 (GMT)
X-NOCS-MailScanner-Information: Please contact the ISP for more information
X-NOCS-MailScanner-ID: q4T10pMB024776
X-NOCS-MailScanner: Found to be clean
X-NOCS-MailScanner-SpamCheck: not spam (whitelisted),
	SpamAssassin (not cached, score=-6.599, required 5,
	autolearn=not spam, BAYES_00 -2.60, RCVD_IN_DNSWL_MED -4.00)
X-NOCS-MailScanner-From: sbdservice@sbd.iridium.com
X-Spam-Status: No

SBM Message
--SBD.Boundary.605592468
PROCESS /noc/users/iridburst/exec/irid_300224010734970_upd.pl
Last Run  ----1970-01-01 00:00:00 
MONTH  5 
DATA  xxrecord 2012-05-25 07:00:05 :: $W5M5A,120525,070005,660d0028449ce246,1,DAS 2,4901.3884N,1621.0153W,8.6,63,10.4,14.6,12.9,93.8,11.9,12.9,94.0,12.0,1014.1,1.3,1.9,8.3,233,51*65
 
STATION sbdservice
IRID_ID 300224010734970
BODY --

From sbdservice@sbd.iridium.com Tue May 29 03:00:57 2012
Return-Path: <sbdservice@sbd.iridium.com>
Received: from istbsp01.sbd.iridium.com (outbound.sbd.iridium.com [12.47.179.11])
	by mercury.noc.soton.ac.uk (8.13.1/8.12.11) with ESMTP id q4T20q0N030340
	for <iridburst@noc.soton.ac.uk>; Tue, 29 May 2012 03:00:52 +0100
Reply-To: <sbdservice@sbd.iridium.com>
From: sbdservice@sbd.iridium.com
To: iridburst@noc.soton.ac.uk
Subject: SBD Msg From Unit: 300224010734970
MIME-Version: 1.0
Content-Type: multipart/mixed;boundary="SBD.Boundary.605592468"
Message-Id: <19740412024625.45764EDABF2FA86B@istbsp01.sbd.iridium.com>
Date: Tue, 29 May 2012 02:00:51 +0000 (GMT)
X-NOCS-MailScanner-Information: Please contact the ISP for more information
X-NOCS-MailScanner-ID: q4T20q0N030340
X-NOCS-MailScanner: Found to be clean
X-NOCS-MailScanner-SpamCheck: not spam (whitelisted),
	SpamAssassin (not cached, score=-6.599, required 5,
	autolearn=not spam, BAYES_00 -2.60, RCVD_IN_DNSWL_MED -4.00)
X-NOCS-MailScanner-From: sbdservice@sbd.iridium.com
X-Spam-Status: No

SBM Message
--SBD.Boundary.605592468
PROCESS /noc/users/iridburst/exec/irid_300224010734970_upd.pl
Last Run  ----1970-01-01 00:00:00 
MONTH  5 
DATA  xxrecord 2012-05-25 07:00:05 :: $W5M5A,120525,070005,660d0028449ce246,1,DAS 2,4901.3884N,1621.0153W,8.6,63,10.4,14.6,12.9,93.8,11.9,12.9,94.0,12.0,1014.1,1.3,1.9,8.3,233,51*65
 
STATION sbdservice
IRID_ID 300224010734970
BODY --

From sbdservice@sbd.iridium.com Tue May 29 04:00:56 2012
Return-Path: <sbdservice@sbd.iridium.com>
Received: from istbsp01.sbd.iridium.com (outbound.sbd.iridium.com [12.47.179.11])
	by mercury.noc.soton.ac.uk (8.13.1/8.12.11) with ESMTP id q4T30oMx002850
	for <iridburst@noc.soton.ac.uk>; Tue, 29 May 2012 04:00:51 +0100
Reply-To: <sbdservice@sbd.iridium.com>
From: sbdservice@sbd.iridium.com
To: iridburst@noc.soton.ac.uk
Subject: SBD Msg From Unit: 300224010734970
MIME-Version: 1.0
Content-Type: multipart/mixed;boundary="SBD.Boundary.605592468"
Message-Id: <19740412024625.17F95DFAFB0E3D4F@istbsp01.sbd.iridium.com>
Date: Tue, 29 May 2012 03:00:50 +0000 (GMT)
X-NOCS-MailScanner-Information: Please contact the ISP for more information
X-NOCS-MailScanner-ID: q4T30oMx002850
X-NOCS-MailScanner: Found to be clean
X-NOCS-MailScanner-SpamCheck: not spam (whitelisted),
	SpamAssassin (not cached, score=-6.599, required 5,
	autolearn=not spam, BAYES_00 -2.60, RCVD_IN_DNSWL_MED -4.00)
X-NOCS-MailScanner-From: sbdservice@sbd.iridium.com
X-Spam-Status: No

SBM Message
--SBD.Boundary.605592468
PROCESS /noc/users/iridburst/exec/irid_300224010734970_upd.pl
Last Run  ----1970-01-01 00:00:00 
MONTH  5 
DATA  xxrecord 2012-05-25 07:00:05 :: $W5M5A,120525,070005,660d0028449ce246,1,DAS 2,4901.3884N,1621.0153W,8.6,63,10.4,14.6,12.9,93.8,11.9,12.9,94.0,12.0,1014.1,1.3,1.9,8.3,233,51*65
 
STATION sbdservice
IRID_ID 300224010734970
BODY --

From sbdservice@sbd.iridium.com Tue May 29 05:00:52 2012
Return-Path: <sbdservice@sbd.iridium.com>
Received: from istbsp02.sbd.iridium.com (outbound.sbd.iridium.com [12.47.179.11])
	by mercury.noc.soton.ac.uk (8.13.1/8.12.11) with ESMTP id q4T40mS2008162
	for <iridburst@noc.soton.ac.uk>; Tue, 29 May 2012 05:00:48 +0100
Reply-To: <sbdservice@sbd.iridium.com>
From: sbdservice@sbd.iridium.com
To: iridburst@noc.soton.ac.uk
Subject: SBD Msg From Unit: 300224010734970
MIME-Version: 1.0
Content-Type: multipart/mixed;boundary="SBD.Boundary.605592468"
Message-Id: <19740412024625.AAEE5EE9F75054C8@istbsp02.sbd.iridium.com>
Date: Tue, 29 May 2012 04:00:47 +0000 (GMT)
X-NOCS-MailScanner-Information: Please contact the ISP for more information
X-NOCS-MailScanner-ID: q4T40mS2008162
X-NOCS-MailScanner: Found to be clean
X-NOCS-MailScanner-SpamCheck: not spam (whitelisted),
	SpamAssassin (not cached, score=-6.599, required 5,
	autolearn=not spam, BAYES_00 -2.60, RCVD_IN_DNSWL_MED -4.00)
X-NOCS-MailScanner-From: sbdservice@sbd.iridium.com
X-Spam-Status: No

SBM Message
--SBD.Boundary.605592468
PROCESS /noc/users/iridburst/exec/irid_300224010734970_upd.pl
Last Run  ----1970-01-01 00:00:00 
MONTH  5 
DATA  xxrecord 2012-05-25 07:00:05 :: $W5M5A,120525,070005,660d0028449ce246,1,DAS 2,4901.3884N,1621.0153W,8.6,63,10.4,14.6,12.9,93.8,11.9,12.9,94.0,12.0,1014.1,1.3,1.9,8.3,233,51*65
 
STATION sbdservice
IRID_ID 300224010734970
BODY --

From sbdservice@sbd.iridium.com Tue May 29 06:01:01 2012
Return-Path: <sbdservice@sbd.iridium.com>
Received: from istbsp01.sbd.iridium.com (outbound.sbd.iridium.com [12.47.179.11])
	by mercury.noc.soton.ac.uk (8.13.1/8.12.11) with ESMTP id q4T50sPT013299
	for <iridburst@noc.soton.ac.uk>; Tue, 29 May 2012 06:00:54 +0100
Reply-To: <sbdservice@sbd.iridium.com>
From: sbdservice@sbd.iridium.com
To: iridburst@noc.soton.ac.uk
Subject: SBD Msg From Unit: 300224010734970
MIME-Version: 1.0
Content-Type: multipart/mixed;boundary="SBD.Boundary.605592468"
Message-Id: <19740412024625.9C294DFBF31F6D98@istbsp01.sbd.iridium.com>
Date: Tue, 29 May 2012 05:00:53 +0000 (GMT)
X-NOCS-MailScanner-Information: Please contact the ISP for more information
X-NOCS-MailScanner-ID: q4T50sPT013299
X-NOCS-MailScanner: Found to be clean
X-NOCS-MailScanner-SpamCheck: not spam (whitelisted),
	SpamAssassin (not cached, score=-6.599, required 5,
	autolearn=not spam, BAYES_00 -2.60, RCVD_IN_DNSWL_MED -4.00)
X-NOCS-MailScanner-From: sbdservice@sbd.iridium.com
X-Spam-Status: No

SBM Message
--SBD.Boundary.605592468
PROCESS /noc/users/iridburst/exec/irid_300224010734970_upd.pl
Last Run  ----1970-01-01 00:00:00 
MONTH  5 
DATA  xxrecord 2012-05-25 07:00:05 :: $W5M5A,120525,070005,660d0028449ce246,1,DAS 2,4901.3884N,1621.0153W,8.6,63,10.4,14.6,12.9,93.8,11.9,12.9,94.0,12.0,1014.1,1.3,1.9,8.3,233,51*65
 
STATION sbdservice
IRID_ID 300224010734970
BODY --

From sbdservice@sbd.iridium.com Tue May 29 07:01:32 2012
Return-Path: <sbdservice@sbd.iridium.com>
Received: from istbsp01.sbd.iridium.com (outbound.sbd.iridium.com [12.47.179.11])
	by mercury.noc.soton.ac.uk (8.13.1/8.12.11) with ESMTP id q4T61P3k020684
	for <iridburst@noc.soton.ac.uk>; Tue, 29 May 2012 07:01:25 +0100
Reply-To: <sbdservice@sbd.iridium.com>
From: sbdservice@sbd.iridium.com
To: iridburst@noc.soton.ac.uk
Subject: SBD Msg From Unit: 300224010734970
MIME-Version: 1.0
Content-Type: multipart/mixed;boundary="SBD.Boundary.605592468"
Message-Id: <19740412024625.90B57EFBFF1DB97C@istbsp01.sbd.iridium.com>
Date: Tue, 29 May 2012 06:01:24 +0000 (GMT)
X-NOCS-MailScanner-Information: Please contact the ISP for more information
X-NOCS-MailScanner-ID: q4T61P3k020684
X-NOCS-MailScanner: Found to be clean
X-NOCS-MailScanner-SpamCheck: not spam (whitelisted),
	SpamAssassin (not cached, score=-6.599, required 5,
	autolearn=not spam, BAYES_00 -2.60, RCVD_IN_DNSWL_MED -4.00)
X-NOCS-MailScanner-From: sbdservice@sbd.iridium.com
X-Spam-Status: No

SBM Message
--SBD.Boundary.605592468
PROCESS /noc/users/iridburst/exec/irid_300224010734970_upd.pl
Last Run  ----1970-01-01 00:00:00 
MONTH  5 
DATA  xxrecord 2012-05-25 07:00:05 :: $W5M5A,120525,070005,660d0028449ce246,1,DAS 2,4901.3884N,1621.0153W,8.6,63,10.4,14.6,12.9,93.8,11.9,12.9,94.0,12.0,1014.1,1.3,1.9,8.3,233,51*65
 
STATION sbdservice
IRID_ID 300224010734970
BODY 
Content-Type: text/plain;charset=US-ASCII
Content-Disposition: inline
Content-Transfer-Encoding: 7bit

MOMSN: 3641
MTMSN: 0
Time of Session (UTC): Tue May 29 07:00:35 2012
Session Status: 00 - Transfer OK
Message Size (bytes): 1960

Unit Location: Lat = 48.978050 Long = -16.343277
CEPradius = 5



-- 
This message has been scanned for viruses and
dangerous content by MailScanner, and is
believed to be clean.


--SBD.Boundary.605592468
PROCESS /noc/users/iridburst/exec/irid_300224010734970_upd.pl
Last Run  ----1970-01-01 00:00:00 
MONTH  5 
DATA  xxrecord 2012-05-25 07:00:05 :: $W5M5A,120525,070005,660d0028449ce246,1,DAS 2,4901.3884N,1621.0153W,8.6,63,10.4,14.6,12.9,93.8,11.9,12.9,94.0,12.0,1014.1,1.3,1.9,8.3,233,51*65
 
STATION sbdservice
IRID_ID 300224010734970
BODY 
Content-Type: text/plain;charset=US-ASCII
Content-Disposition: inline
Content-Transfer-Encoding: 7bit

MOMSN: 3642
MTMSN: 0
Time of Session (UTC): Tue May 29 08:00:41 2012
Session Status: 00 - Transfer OK
Message Size (bytes): 1960

Unit Location: Lat = 49.035341 Long = -16.306167
CEPradius = 2



-- 
This message has been scanned for viruses and
dangerous content by MailScanner, and is
believed to be clean.


--SBD.Boundary.605592468
PROCESS /noc/users/iridburst/exec/irid_300224010734970_upd.pl
Last Run  ----1970-01-01 00:00:00 
MONTH  5 
DATA  xxrecord 2012-05-25 07:00:05 :: $W5M5A,120525,070005,660d0028449ce246,1,DAS 2,4901.3884N,1621.0153W,8.6,63,10.4,14.6,12.9,93.8,11.9,12.9,94.0,12.0,1014.1,1.3,1.9,8.3,233,51*65
 
STATION sbdservice
IRID_ID 300224010734970
BODY 
Content-Type: text/plain;charset=US-ASCII
Content-Disposition: inline
Content-Transfer-Encoding: 7bit

MOMSN: 3643
MTMSN: 0
Time of Session (UTC): Tue May 29 09:00:33 2012
Session Status: 00 - Transfer OK
Message Size (bytes): 1960

Unit Location: Lat = 49.020042 Long = -16.411144
CEPradius = 2



-- 
This message has been scanned for viruses and
dangerous content by MailScanner, and is
believed to be clean.


--SBD.Boundary.605592468
PROCESS /noc/users/iridburst/exec/irid_300224010734970_upd.pl
Last Run  ----1970-01-01 00:00:00 
MONTH  5 
DATA  xxrecord 2012-05-25 07:00:05 :: $W5M5A,120525,070005,660d0028449ce246,1,DAS 2,4901.3884N,1621.0153W,8.6,63,10.4,14.6,12.9,93.8,11.9,12.9,94.0,12.0,1014.1,1.3,1.9,8.3,233,51*65
 
STATION sbdservice
IRID_ID 300224010734970
BODY 
Content-Type: text/plain;charset=US-ASCII
Content-Disposition: inline
Content-Transfer-Encoding: 7bit

MOMSN: 3644
MTMSN: 0
Time of Session (UTC): Tue May 29 10:00:27 2012
Session Status: 00 - Transfer OK
Message Size (bytes): 1960

Unit Location: Lat = 49.020042 Long = -16.411144
CEPradius = 3



-- 
This message has been scanned for viruses and
dangerous content by MailScanner, and is
believed to be clean.


--SBD.Boundary.605592468
PROCESS /noc/users/iridburst/exec/irid_300224010734970_upd.pl
Last Run  ----1970-01-01 00:00:00 
MONTH  5 
DATA  xxrecord 2012-05-25 07:00:05 :: $W5M5A,120525,070005,660d0028449ce246,1,DAS 2,4901.3884N,1621.0153W,8.6,63,10.4,14.6,12.9,93.8,11.9,12.9,94.0,12.0,1014.1,1.3,1.9,8.3,233,51*65
 
STATION sbdservice
IRID_ID 300224010734970
BODY 
Content-Type: text/plain;charset=US-ASCII
Content-Disposition: inline
Content-Transfer-Encoding: 7bit

MOMSN: 3645
MTMSN: 0
Time of Session (UTC): Tue May 29 11:00:31 2012
Session Status: 00 - Transfer OK
Message Size (bytes): 1960

Unit Location: Lat = 49.001651 Long = -16.343277
CEPradius = 3



-- 
This message has been scanned for viruses and
dangerous content by MailScanner, and is
believed to be clean.


--SBD.Boundary.605592468
PROCESS /noc/users/iridburst/exec/irid_300224010734970_upd.pl
Last Run  ----1970-01-01 00:00:00 
MONTH  5 
DATA  xxrecord 2012-05-25 07:00:05 :: $W5M5A,120525,070005,660d0028449ce246,1,DAS 2,4901.3884N,1621.0153W,8.6,63,10.4,14.6,12.9,93.8,11.9,12.9,94.0,12.0,1014.1,1.3,1.9,8.3,233,51*65
 
STATION sbdservice
IRID_ID 300224010734970
BODY 
Content-Type: text/plain;charset=US-ASCII
Content-Disposition: inline
Content-Transfer-Encoding: 7bit

MOMSN: 3646
MTMSN: 0
Time of Session (UTC): Tue May 29 12:00:43 2012
Session Status: 00 - Transfer OK
Message Size (bytes): 1960

Unit Location: Lat = 49.009277 Long = -16.290818
CEPradius = 2



-- 
This message has been scanned for viruses and
dangerous content by MailScanner, and is
believed to be clean.


--SBD.Boundary.605592468
PROCESS /noc/users/iridburst/exec/irid_300224010734970_upd.pl
Last Run  ----1970-01-01 00:00:00 
MONTH  5 
DATA  xxrecord 2012-05-25 07:00:05 :: $W5M5A,120525,070005,660d0028449ce246,1,DAS 2,4901.3884N,1621.0153W,8.6,63,10.4,14.6,12.9,93.8,11.9,12.9,94.0,12.0,1014.1,1.3,1.9,8.3,233,51*65
 
STATION sbdservice
IRID_ID 300224010734970
BODY 
Content-Type: text/plain;charset=US-ASCII
Content-Disposition: inline
Content-Transfer-Encoding: 7bit

MOMSN: 3647
MTMSN: 0
Time of Session (UTC): Tue May 29 13:00:33 2012
Session Status: 00 - Transfer OK
Message Size (bytes): 1960

Unit Location: Lat = 49.020042 Long = -16.411144
CEPradius = 1



-- 
This message has been scanned for viruses and
dangerous content by MailScanner, and is
believed to be clean.


--SBD.Boundary.605592468
PROCESS /noc/users/iridburst/exec/irid_300224010734970_upd.pl
Last Run  ----1970-01-01 00:00:00 
MONTH  5 
DATA  xxrecord 2012-05-25 07:00:05 :: $W5M5A,120525,070005,660d0028449ce246,1,DAS 2,4901.3884N,1621.0153W,8.6,63,10.4,14.6,12.9,93.8,11.9,12.9,94.0,12.0,1014.1,1.3,1.9,8.3,233,51*65
 
STATION sbdservice
IRID_ID 300224010734970
BODY 
Content-Type: text/plain;charset=US-ASCII
Content-Disposition: inline
Content-Transfer-Encoding: 7bit

MOMSN: 3648
MTMSN: 0
Time of Session (UTC): Tue May 29 14:00:38 2012
Session Status: 00 - Transfer OK
Message Size (bytes): 1960

Unit Location: Lat = 49.258723 Long = -21.535585
CEPradius = 390



-- 
This message has been scanned for viruses and
dangerous content by MailScanner, and is
believed to be clean.


--SBD.Boundary.605592468
PROCESS /noc/users/iridburst/exec/irid_300224010734970_upd.pl
Last Run  ----1970-01-01 00:00:00 
MONTH  5 
DATA  xxrecord 2012-05-25 07:00:05 :: $W5M5A,120525,070005,660d0028449ce246,1,DAS 2,4901.3884N,1621.0153W,8.6,63,10.4,14.6,12.9,93.8,11.9,12.9,94.0,12.0,1014.1,1.3,1.9,8.3,233,51*65
 
STATION sbdservice
IRID_ID 300224010734970
BODY 
Content-Type: text/plain;charset=US-ASCII
Content-Disposition: inline
Content-Transfer-Encoding: 7bit

MOMSN: 3648
MTMSN: 0
Time of Session (UTC): Tue May 29 14:00:38 2012
Session Status: 00 - Transfer OK
Message Size (bytes): 1960

Unit Location: Lat = 49.258723 Long = -21.535585
CEPradius = 390



-- 
This message has been scanned for viruses and
dangerous content by MailScanner, and is
believed to be clean.


--SBD.Boundary.605592468
PROCESS /noc/users/iridburst/exec/irid_300224010734970_upd.pl
Last Run  ----1970-01-01 00:00:00 
MONTH  5 
DATA  xxrecord 2012-05-25 07:00:05 :: $W5M5A,120525,070005,660d0028449ce246,1,DAS 2,4901.3884N,1621.0153W,8.6,63,10.4,14.6,12.9,93.8,11.9,12.9,94.0,12.0,1014.1,1.3,1.9,8.3,233,51*65
 
STATION sbdservice
IRID_ID 300224010734970
BODY 
Content-Type: text/plain;charset=US-ASCII
Content-Disposition: inline
Content-Transfer-Encoding: 7bit

MOMSN: 3649
MTMSN: 0
Time of Session (UTC): Tue May 29 15:00:33 2012
Session Status: 00 - Transfer OK
Message Size (bytes): 1960

Unit Location: Lat = 49.001651 Long = -16.343277
CEPradius = 2



-- 
This message has been scanned for viruses and
dangerous content by MailScanner, and is
believed to be clean.


--SBD.Boundary.605592468
PROCESS /noc/users/iridburst/exec/irid_300224010734970_upd.pl
Last Run  ----1970-01-01 00:00:00 
MONTH  5 
DATA  xxrecord 2012-05-25 07:00:05 :: $W5M5A,120525,070005,660d0028449ce246,1,DAS 2,4901.3884N,1621.0153W,8.6,63,10.4,14.6,12.9,93.8,11.9,12.9,94.0,12.0,1014.1,1.3,1.9,8.3,233,51*65
 
STATION sbdservice
IRID_ID 300224010734970
BODY 
Content-Type: text/plain;charset=US-ASCII
Content-Disposition: inline
Content-Transfer-Encoding: 7bit

MOMSN: 3646
MTMSN: 0
Time of Session (UTC): Tue May 29 12:00:43 2012
Session Status: 00 - Transfer OK
Message Size (bytes): 1960

Unit Location: Lat = 49.009277 Long = -16.290818
CEPradius = 2



-- 
This message has been scanned for viruses and
dangerous content by MailScanner, and is
believed to be clean.


--SBD.Boundary.605592468
PROCESS /noc/users/iridburst/exec/irid_300224010734970_upd.pl
Last Run  ----1970-01-01 00:00:00 
MONTH  5 
DATA  xxrecord 2012-05-25 07:00:05 :: $W5M5A,120525,070005,660d0028449ce246,1,DAS 2,4901.3884N,1621.0153W,8.6,63,10.4,14.6,12.9,93.8,11.9,12.9,94.0,12.0,1014.1,1.3,1.9,8.3,233,51*65
 
STATION sbdservice
IRID_ID 300224010734970
BODY 
Content-Type: text/plain;charset=US-ASCII
Content-Disposition: inline
Content-Transfer-Encoding: 7bit

MOMSN: 3646
MTMSN: 0
Time of Session (UTC): Tue May 29 12:00:43 2012
Session Status: 00 - Transfer OK
Message Size (bytes): 1960

Unit Location: Lat = 49.009277 Long = -16.290818
CEPradius = 2



-- 
This message has been scanned for viruses and
dangerous content by MailScanner, and is
believed to be clean.


--SBD.Boundary.605592468
PROCESS /noc/users/iridburst/exec/irid_300224010734970_upd.pl
Last Run  ----1970-01-01 00:00:00 
MONTH  5 
DATA  xxrecord 2012-05-25 07:00:05 :: $W5M5A,120525,070005,660d0028449ce246,1,DAS 2,4901.3884N,1621.0153W,8.6,63,10.4,14.6,12.9,93.8,11.9,12.9,94.0,12.0,1014.1,1.3,1.9,8.3,233,51*65
 
STATION sbdservice
IRID_ID 300224010734970
BODY 
Content-Type: text/plain;charset=US-ASCII
Content-Disposition: inline
Content-Transfer-Encoding: 7bit

MOMSN: 3648
MTMSN: 0
Time of Session (UTC): Tue May 29 14:00:38 2012
Session Status: 00 - Transfer OK
Message Size (bytes): 1960

Unit Location: Lat = 49.258723 Long = -21.535585
CEPradius = 390



-- 
This message has been scanned for viruses and
dangerous content by MailScanner, and is
believed to be clean.


--SBD.Boundary.605592468
PROCESS /noc/users/iridburst/exec/irid_300224010734970_upd.pl
Last Run  ----1970-01-01 00:00:00 
MONTH  5 
DATA  xxrecord 2012-05-25 07:00:05 :: $W5M5A,120525,070005,660d0028449ce246,1,DAS 2,4901.3884N,1621.0153W,8.6,63,10.4,14.6,12.9,93.8,11.9,12.9,94.0,12.0,1014.1,1.3,1.9,8.3,233,51*65
 
STATION sbdservice
IRID_ID 300224010734970
BODY 
Content-Type: text/plain;charset=US-ASCII
Content-Disposition: inline
Content-Transfer-Encoding: 7bit

MOMSN: 3644
MTMSN: 0
Time of Session (UTC): Tue May 29 10:00:27 2012
Session Status: 00 - Transfer OK
Message Size (bytes): 1960

Unit Location: Lat = 49.020042 Long = -16.411144
CEPradius = 3



-- 
This message has been scanned for viruses and
dangerous content by MailScanner, and is
believed to be clean.


--SBD.Boundary.605592468
PROCESS /noc/users/iridburst/exec/irid_300224010734970_upd.pl
Last Run  ----1970-01-01 00:00:00 
MONTH  5 
DATA  xxrecord 2012-05-25 07:00:05 :: $W5M5A,120525,070005,660d0028449ce246,1,DAS 2,4901.3884N,1621.0153W,8.6,63,10.4,14.6,12.9,93.8,11.9,12.9,94.0,12.0,1014.1,1.3,1.9,8.3,233,51*65
 
STATION sbdservice
IRID_ID 300224010734970
BODY 
Content-Type: text/plain;charset=US-ASCII
Content-Disposition: inline
Content-Transfer-Encoding: 7bit

MOMSN: 3644
MTMSN: 0
Time of Session (UTC): Tue May 29 10:00:27 2012
Session Status: 00 - Transfer OK
Message Size (bytes): 1960

Unit Location: Lat = 49.020042 Long = -16.411144
CEPradius = 3



-- 
This message has been scanned for viruses and
dangerous content by MailScanner, and is
believed to be clean.


--SBD.Boundary.605592468
PROCESS /noc/users/iridburst/exec/irid_300224010734970_upd.pl
Last Run  ----1970-01-01 00:00:00 
MONTH  5 
DATA  xxrecord 2012-05-25 07:00:05 :: $W5M5A,120525,070005,660d0028449ce246,1,DAS 2,4901.3884N,1621.0153W,8.6,63,10.4,14.6,12.9,93.8,11.9,12.9,94.0,12.0,1014.1,1.3,1.9,8.3,233,51*65
 
STATION sbdservice
IRID_ID 300224010734970
BODY 
Content-Type: text/plain;charset=US-ASCII
Content-Disposition: inline
Content-Transfer-Encoding: 7bit

MOMSN: 3650
MTMSN: 0
Time of Session (UTC): Tue May 29 16:00:32 2012
Session Status: 00 - Transfer OK
Message Size (bytes): 1960

Unit Location: Lat = 49.001651 Long = -16.343277
CEPradius = 10



-- 
This message has been scanned for viruses and
dangerous content by MailScanner, and is
believed to be clean.


--SBD.Boundary.605592468
PROCESS /noc/users/iridburst/exec/irid_300224010734970_upd.pl
Last Run  ----1970-01-01 00:00:00 
MONTH  5 
DATA  xxrecord 2012-05-25 07:00:05 :: $W5M5A,120525,070005,660d0028449ce246,1,DAS 2,4901.3884N,1621.0153W,8.6,63,10.4,14.6,12.9,93.8,11.9,12.9,94.0,12.0,1014.1,1.3,1.9,8.3,233,51*65
 
STATION sbdservice
IRID_ID 300224010734970
BODY 
Content-Type: text/plain;charset=US-ASCII
Content-Disposition: inline
Content-Transfer-Encoding: 7bit

MOMSN: 3041
MTMSN: 0
Time of Session (UTC): Fri May  4 07:00:29 2012
Session Status: 00 - Transfer OK
Message Size (bytes): 1395

Unit Location: Lat = 48.798451 Long = -16.506295
CEPradius = 3



-- 
This message has been scanned for viruses and
dangerous content by MailScanner, and is
believed to be clean.


--SBD.Boundary.605592468
PROCESS /noc/users/iridburst/exec/irid_300224010734970_upd.pl
Last Run  ----1970-01-01 00:00:00 
MONTH  5 
DATA  xxrecord 2012-05-25 07:00:05 :: $W5M5A,120525,070005,660d0028449ce246,1,DAS 2,4901.3884N,1621.0153W,8.6,63,10.4,14.6,12.9,93.8,11.9,12.9,94.0,12.0,1014.1,1.3,1.9,8.3,233,51*65
 
STATION sbdservice
IRID_ID 300224010734970
BODY 
Content-Type: text/plain;charset=US-ASCII
Content-Disposition: inline
Content-Transfer-Encoding: 7bit

MOMSN: 3042
MTMSN: 0
Time of Session (UTC): Fri May  4 08:00:31 2012
Session Status: 00 - Transfer OK
Message Size (bytes): 1420

Unit Location: Lat = 48.855776 Long = -16.469519
CEPradius = 4



-- 
This message has been scanned for viruses and
dangerous content by MailScanner, and is
believed to be clean.


--SBD.Boundary.605592468
PROCESS /noc/users/iridburst/exec/irid_300224010734970_upd.pl
Last Run  ----1970-01-01 00:00:00 
MONTH  5 
DATA  xxrecord 2012-05-25 07:00:05 :: $W5M5A,120525,070005,660d0028449ce246,1,DAS 2,4901.3884N,1621.0153W,8.6,63,10.4,14.6,12.9,93.8,11.9,12.9,94.0,12.0,1014.1,1.3,1.9,8.3,233,51*65
 
STATION sbdservice
IRID_ID 300224010734970
BODY 
Content-Type: text/plain;charset=US-ASCII
Content-Disposition: inline
Content-Transfer-Encoding: 7bit

MOMSN: 3043
MTMSN: 0
Time of Session (UTC): Fri May  4 09:00:32 2012
Session Status: 00 - Transfer OK
Message Size (bytes): 1442

Unit Location: Lat = 48.798451 Long = -16.506295
CEPradius = 3



-- 
This message has been scanned for viruses and
dangerous content by MailScanner, and is
believed to be clean.


--SBD.Boundary.605592468
PROCESS /noc/users/iridburst/exec/irid_300224010734970_upd.pl
Last Run  ----1970-01-01 00:00:00 
MONTH  5 
DATA  xxrecord 2012-05-25 07:00:05 :: $W5M5A,120525,070005,660d0028449ce246,1,DAS 2,4901.3884N,1621.0153W,8.6,63,10.4,14.6,12.9,93.8,11.9,12.9,94.0,12.0,1014.1,1.3,1.9,8.3,233,51*65
 
STATION sbdservice
IRID_ID 300224010734970
BODY 
Content-Type: text/plain;charset=US-ASCII
Content-Disposition: inline
Content-Transfer-Encoding: 7bit

MOMSN: 3044
MTMSN: 0
Time of Session (UTC): Fri May  4 10:00:33 2012
Session Status: 00 - Transfer OK
Message Size (bytes): 1611

Unit Location: Lat = 49.018115 Long = -19.473429
CEPradius = 228



-- 
This message has been scanned for viruses and
dangerous content by MailScanner, and is
believed to be clean.


--SBD.Boundary.605592468
PROCESS /noc/users/iridburst/exec/irid_300224010734970_upd.pl
Last Run  ----1970-01-01 00:00:00 
MONTH  5 
DATA  xxrecord 2012-05-25 07:00:05 :: $W5M5A,120525,070005,660d0028449ce246,1,DAS 2,4901.3884N,1621.0153W,8.6,63,10.4,14.6,12.9,93.8,11.9,12.9,94.0,12.0,1014.1,1.3,1.9,8.3,233,51*65
 
STATION sbdservice
IRID_ID 300224010734970
BODY 
Content-Type: text/plain;charset=US-ASCII
Content-Disposition: inline
Content-Transfer-Encoding: 7bit

MOMSN: 3045
MTMSN: 0
Time of Session (UTC): Fri May  4 11:00:31 2012
Session Status: 00 - Transfer OK
Message Size (bytes): 1661

Unit Location: Lat = 48.955038 Long = -16.500483
CEPradius = 2



-- 
This message has been scanned for viruses and
dangerous content by MailScanner, and is
believed to be clean.


--SBD.Boundary.605592468
PROCESS /noc/users/iridburst/exec/irid_300224010734970_upd.pl
Last Run  ----1970-01-01 00:00:00 
MONTH  5 
DATA  xxrecord 2012-05-25 07:00:05 :: $W5M5A,120525,070005,660d0028449ce246,1,DAS 2,4901.3884N,1621.0153W,8.6,63,10.4,14.6,12.9,93.8,11.9,12.9,94.0,12.0,1014.1,1.3,1.9,8.3,233,51*65
 
STATION sbdservice
IRID_ID 300224010734970
BODY 
Content-Type: text/plain;charset=US-ASCII
Content-Disposition: inline
Content-Transfer-Encoding: 7bit

MOMSN: 3046
MTMSN: 0
Time of Session (UTC): Fri May  4 12:00:34 2012
Session Status: 00 - Transfer OK
Message Size (bytes): 1707

Unit Location: Lat = 49.211654 Long = -18.382846
CEPradius = 151



-- 
This message has been scanned for viruses and
dangerous content by MailScanner, and is
believed to be clean.


--SBD.Boundary.605592468
PROCESS /noc/users/iridburst/exec/irid_300224010734970_upd.pl
Last Run  ----1970-01-01 00:00:00 
MONTH  5 
DATA  xxrecord 2012-05-25 07:00:05 :: $W5M5A,120525,070005,660d0028449ce246,1,DAS 2,4901.3884N,1621.0153W,8.6,63,10.4,14.6,12.9,93.8,11.9,12.9,94.0,12.0,1014.1,1.3,1.9,8.3,233,51*65
 
STATION sbdservice
IRID_ID 300224010734970
BODY 
Content-Type: text/plain;charset=US-ASCII
Content-Disposition: inline
Content-Transfer-Encoding: 7bit

MOMSN: 3047
MTMSN: 0
Time of Session (UTC): Fri May  4 13:00:33 2012
Session Status: 00 - Transfer OK
Message Size (bytes): 1588

Unit Location: Lat = 49.072554 Long = -16.599618
CEPradius = 2



-- 
This message has been scanned for viruses and
dangerous content by MailScanner, and is
believed to be clean.


--SBD.Boundary.605592468
PROCESS /noc/users/iridburst/exec/irid_300224010734970_upd.pl
Last Run  ----1970-01-01 00:00:00 
MONTH  5 
DATA  xxrecord 2012-05-25 07:00:05 :: $W5M5A,120525,070005,660d0028449ce246,1,DAS 2,4901.3884N,1621.0153W,8.6,63,10.4,14.6,12.9,93.8,11.9,12.9,94.0,12.0,1014.1,1.3,1.9,8.3,233,51*65
 
STATION sbdservice
IRID_ID 300224010734970
BODY 
Content-Type: text/plain;charset=US-ASCII
Content-Disposition: inline
Content-Transfer-Encoding: 7bit

MOMSN: 3048
MTMSN: 0
Time of Session (UTC): Fri May  4 14:00:33 2012
Session Status: 00 - Transfer OK
Message Size (bytes): 1442

Unit Location: Lat = 48.902367 Long = -16.312575
CEPradius = 100



-- 
This message has been scanned for viruses and
dangerous content by MailScanner, and is
believed to be clean.


--SBD.Boundary.605592468
PROCESS /noc/users/iridburst/exec/irid_300224010734970_upd.pl
Last Run  ----1970-01-01 00:00:00 
MONTH  5 
DATA  xxrecord 2012-05-25 07:00:05 :: $W5M5A,120525,070005,660d0028449ce246,1,DAS 2,4901.3884N,1621.0153W,8.6,63,10.4,14.6,12.9,93.8,11.9,12.9,94.0,12.0,1014.1,1.3,1.9,8.3,233,51*65
 
STATION sbdservice
IRID_ID 300224010734970
BODY 
Content-Type: text/plain;charset=US-ASCII
Content-Disposition: inline
Content-Transfer-Encoding: 7bit

MOMSN: 3049
MTMSN: 0
Time of Session (UTC): Fri May  4 15:00:33 2012
Session Status: 00 - Transfer OK
Message Size (bytes): 1660

Unit Location: Lat = 48.981054 Long = -16.516007
CEPradius = 2



-- 
This message has been scanned for viruses and
dangerous content by MailScanner, and is
believed to be clean.


--SBD.Boundary.605592468
PROCESS /noc/users/iridburst/exec/irid_300224010734970_upd.pl
Last Run  ----1970-01-01 00:00:00 
MONTH  5 
DATA  xxrecord 2012-05-25 07:00:05 :: $W5M5A,120525,070005,660d0028449ce246,1,DAS 2,4901.3884N,1621.0153W,8.6,63,10.4,14.6,12.9,93.8,11.9,12.9,94.0,12.0,1014.1,1.3,1.9,8.3,233,51*65
 
STATION sbdservice
IRID_ID 300224010734970
BODY 
Content-Type: text/plain;charset=US-ASCII
Content-Disposition: inline
Content-Transfer-Encoding: 7bit

MOMSN: 3050
MTMSN: 0
Time of Session (UTC): Fri May  4 16:00:30 2012
Session Status: 00 - Transfer OK
Message Size (bytes): 1586

Unit Location: Lat = 48.876353 Long = -15.121161
CEPradius = 114



-- 
This message has been scanned for viruses and
dangerous content by MailScanner, and is
believed to be clean.


--SBD.Boundary.605592468
PROCESS /noc/users/iridburst/exec/irid_300224010734970_upd.pl
Last Run  ----1970-01-01 00:00:00 
MONTH  5 
DATA  xxrecord 2012-05-25 07:00:05 :: $W5M5A,120525,070005,660d0028449ce246,1,DAS 2,4901.3884N,1621.0153W,8.6,63,10.4,14.6,12.9,93.8,11.9,12.9,94.0,12.0,1014.1,1.3,1.9,8.3,233,51*65
 
STATION sbdservice
IRID_ID 300224010734970
BODY 
Content-Type: text/plain;charset=US-ASCII
Content-Disposition: inline
Content-Transfer-Encoding: 7bit

MOMSN: 3051
MTMSN: 0
Time of Session (UTC): Fri May  4 17:00:30 2012
Session Status: 00 - Transfer OK
Message Size (bytes): 1683

Unit Location: Lat = 48.955038 Long = -16.500483
CEPradius = 4



-- 
This message has been scanned for viruses and
dangerous content by MailScanner, and is
believed to be clean.


--SBD.Boundary.605592468
PROCESS /noc/users/iridburst/exec/irid_300224010734970_upd.pl
Last Run  ----1970-01-01 00:00:00 
MONTH  5 
DATA  xxrecord 2012-05-25 07:00:05 :: $W5M5A,120525,070005,660d0028449ce246,1,DAS 2,4901.3884N,1621.0153W,8.6,63,10.4,14.6,12.9,93.8,11.9,12.9,94.0,12.0,1014.1,1.3,1.9,8.3,233,51*65
 
STATION sbdservice
IRID_ID 300224010734970
BODY 
Content-Type: text/plain;charset=US-ASCII
Content-Disposition: inline
Content-Transfer-Encoding: 7bit

MOMSN: 3052
MTMSN: 0
Time of Session (UTC): Fri May  4 18:00:33 2012
Session Status: 00 - Transfer OK
Message Size (bytes): 1419

Unit Location: Lat = 49.004654 Long = -16.516007
CEPradius = 2



-- 
This message has been scanned for viruses and
dangerous content by MailScanner, and is
believed to be clean.


--SBD.Boundary.605592468
PROCESS /noc/users/iridburst/exec/irid_300224010734970_upd.pl
Last Run  ----1970-01-01 00:00:00 
MONTH  5 
DATA  xxrecord 2012-05-25 07:00:05 :: $W5M5A,120525,070005,660d0028449ce246,1,DAS 2,4901.3884N,1621.0153W,8.6,63,10.4,14.6,12.9,93.8,11.9,12.9,94.0,12.0,1014.1,1.3,1.9,8.3,233,51*65
 
STATION sbdservice
IRID_ID 300224010734970
BODY 
Content-Type: text/plain;charset=US-ASCII
Content-Disposition: inline
Content-Transfer-Encoding: 7bit

MOMSN: 3053
MTMSN: 0
Time of Session (UTC): Fri May  4 19:00:35 2012
Session Status: 00 - Transfer OK
Message Size (bytes): 1491

Unit Location: Lat = 48.967219 Long = -16.223055
CEPradius = 190



-- 
This message has been scanned for viruses and
dangerous content by MailScanner, and is
believed to be clean.


--SBD.Boundary.605592468
PROCESS /noc/users/iridburst/exec/irid_300224010734970_upd.pl
Last Run  ----1970-01-01 00:00:00 
MONTH  5 
DATA  xxrecord 2012-05-25 07:00:05 :: $W5M5A,120525,070005,660d0028449ce246,1,DAS 2,4901.3884N,1621.0153W,8.6,63,10.4,14.6,12.9,93.8,11.9,12.9,94.0,12.0,1014.1,1.3,1.9,8.3,233,51*65
 
STATION sbdservice
IRID_ID 300224010734970
BODY 
Content-Type: text/plain;charset=US-ASCII
Content-Disposition: inline
Content-Transfer-Encoding: 7bit

MOMSN: 3054
MTMSN: 0
Time of Session (UTC): Fri May  4 20:00:32 2012
Session Status: 00 - Transfer OK
Message Size (bytes): 1419

Unit Location: Lat = 49.020042 Long = -16.411144
CEPradius = 2



-- 
This message has been scanned for viruses and
dangerous content by MailScanner, and is
believed to be clean.


--SBD.Boundary.605592468
PROCESS /noc/users/iridburst/exec/irid_300224010734970_upd.pl
Last Run  ----1970-01-01 00:00:00 
MONTH  5 
DATA  xxrecord 2012-05-25 07:00:05 :: $W5M5A,120525,070005,660d0028449ce246,1,DAS 2,4901.3884N,1621.0153W,8.6,63,10.4,14.6,12.9,93.8,11.9,12.9,94.0,12.0,1014.1,1.3,1.9,8.3,233,51*65
 
STATION sbdservice
IRID_ID 300224010734970
BODY 
Content-Type: text/plain;charset=US-ASCII
Content-Disposition: inline
Content-Transfer-Encoding: 7bit

MOMSN: 3055
MTMSN: 0
Time of Session (UTC): Fri May  4 21:00:30 2012
Session Status: 00 - Transfer OK
Message Size (bytes): 1417

Unit Location: Lat = 49.004654 Long = -16.516007
CEPradius = 4



-- 
This message has been scanned for viruses and
dangerous content by MailScanner, and is
believed to be clean.


--SBD.Boundary.605592468
PROCESS /noc/users/iridburst/exec/irid_300224010734970_upd.pl
Last Run  ----1970-01-01 00:00:00 
MONTH  5 
DATA  xxrecord 2012-05-25 07:00:05 :: $W5M5A,120525,070005,660d0028449ce246,1,DAS 2,4901.3884N,1621.0153W,8.6,63,10.4,14.6,12.9,93.8,11.9,12.9,94.0,12.0,1014.1,1.3,1.9,8.3,233,51*65
 
STATION sbdservice
IRID_ID 300224010734970
BODY 
Content-Type: text/plain;charset=US-ASCII
Content-Disposition: inline
Content-Transfer-Encoding: 7bit

MOMSN: 3056
MTMSN: 0
Time of Session (UTC): Fri May  4 22:00:35 2012
Session Status: 00 - Transfer OK
Message Size (bytes): 1538

Unit Location: Lat = 48.848085 Long = -16.521778
CEPradius = 3



-- 
This message has been scanned for viruses and
dangerous content by MailScanner, and is
believed to be clean.


--SBD.Boundary.605592468
PROCESS /noc/users/iridburst/exec/irid_300224010734970_upd.pl
Last Run  ----1970-01-01 00:00:00 
MONTH  5 
DATA  xxrecord 2012-05-25 07:00:05 :: $W5M5A,120525,070005,660d0028449ce246,1,DAS 2,4901.3884N,1621.0153W,8.6,63,10.4,14.6,12.9,93.8,11.9,12.9,94.0,12.0,1014.1,1.3,1.9,8.3,233,51*65
 
STATION sbdservice
IRID_ID 300224010734970
BODY 
Content-Type: text/plain;charset=US-ASCII
Content-Disposition: inline
Content-Transfer-Encoding: 7bit

MOMSN: 3057
MTMSN: 0
Time of Session (UTC): Fri May  4 23:00:32 2012
Session Status: 00 - Transfer OK
Message Size (bytes): 1344

Unit Location: Lat = 48.816694 Long = -16.574008
CEPradius = 8



-- 
This message has been scanned for viruses and
dangerous content by MailScanner, and is
believed to be clean.


--SBD.Boundary.605592468
PROCESS /noc/users/iridburst/exec/irid_300224010734970_upd.pl
Last Run  ----1970-01-01 00:00:00 
MONTH  5 
DATA  xxrecord 2012-05-25 07:00:05 :: $W5M5A,120525,070005,660d0028449ce246,1,DAS 2,4901.3884N,1621.0153W,8.6,63,10.4,14.6,12.9,93.8,11.9,12.9,94.0,12.0,1014.1,1.3,1.9,8.3,233,51*65
 
STATION sbdservice
IRID_ID 300224010734970
BODY 
Content-Type: text/plain;charset=US-ASCII
Content-Disposition: inline
Content-Transfer-Encoding: 7bit

MOMSN: 3058
MTMSN: 0
Time of Session (UTC): Sat May  5 00:00:32 2012
Session Status: 00 - Transfer OK
Message Size (bytes): 1369

Unit Location: Lat = 48.848085 Long = -16.521778
CEPradius = 4



-- 
This message has been scanned for viruses and
dangerous content by MailScanner, and is
believed to be clean.


--SBD.Boundary.605592468
PROCESS /noc/users/iridburst/exec/irid_300224010734970_upd.pl
Last Run  ----1970-01-01 00:00:00 
MONTH  5 
DATA  xxrecord 2012-05-25 07:00:05 :: $W5M5A,120525,070005,660d0028449ce246,1,DAS 2,4901.3884N,1621.0153W,8.6,63,10.4,14.6,12.9,93.8,11.9,12.9,94.0,12.0,1014.1,1.3,1.9,8.3,233,51*65
 
STATION sbdservice
IRID_ID 300224010734970
BODY 
Content-Type: text/plain;charset=US-ASCII
Content-Disposition: inline
Content-Transfer-Encoding: 7bit

MOMSN: 3059
MTMSN: 0
Time of Session (UTC): Sat May  5 01:00:33 2012
Session Status: 00 - Transfer OK
Message Size (bytes): 1442

Unit Location: Lat = 48.855776 Long = -16.469519
CEPradius = 7



-- 
This message has been scanned for viruses and
dangerous content by MailScanner, and is
believed to be clean.


--SBD.Boundary.605592468
PROCESS /noc/users/iridburst/exec/irid_300224010734970_upd.pl
Last Run  ----1970-01-01 00:00:00 
MONTH  5 
DATA  xxrecord 2012-05-25 07:00:05 :: $W5M5A,120525,070005,660d0028449ce246,1,DAS 2,4901.3884N,1621.0153W,8.6,63,10.4,14.6,12.9,93.8,11.9,12.9,94.0,12.0,1014.1,1.3,1.9,8.3,233,51*65
 
STATION sbdservice
IRID_ID 300224010734970
BODY 
Content-Type: text/plain;charset=US-ASCII
Content-Disposition: inline
Content-Transfer-Encoding: 7bit

MOMSN: 3060
MTMSN: 0
Time of Session (UTC): Sat May  5 02:00:30 2012
Session Status: 00 - Transfer OK
Message Size (bytes): 1323

Unit Location: Lat = 48.829809 Long = -16.454080
CEPradius = 2



-- 
This message has been scanned for viruses and
dangerous content by MailScanner, and is
believed to be clean.


--SBD.Boundary.605592468
PROCESS /noc/users/iridburst/exec/irid_300224010734970_upd.pl
Last Run  ----1970-01-01 00:00:00 
MONTH  5 
DATA  xxrecord 2012-05-25 07:00:05 :: $W5M5A,120525,070005,660d0028449ce246,1,DAS 2,4901.3884N,1621.0153W,8.6,63,10.4,14.6,12.9,93.8,11.9,12.9,94.0,12.0,1014.1,1.3,1.9,8.3,233,51*65
 
STATION sbdservice
IRID_ID 300224010734970
BODY 
Content-Type: text/plain;charset=US-ASCII
Content-Disposition: inline
Content-Transfer-Encoding: 7bit

MOMSN: 3061
MTMSN: 0
Time of Session (UTC): Sat May  5 03:00:34 2012
Session Status: 00 - Transfer OK
Message Size (bytes): 1418

Unit Location: Lat = 48.840373 Long = -16.574008
CEPradius = 2



-- 
This message has been scanned for viruses and
dangerous content by MailScanner, and is
believed to be clean.


--SBD.Boundary.605592468
PROCESS /noc/users/iridburst/exec/irid_300224010734970_upd.pl
Last Run  ----1970-01-01 00:00:00 
MONTH  5 
DATA  xxrecord 2012-05-25 07:00:05 :: $W5M5A,120525,070005,660d0028449ce246,1,DAS 2,4901.3884N,1621.0153W,8.6,63,10.4,14.6,12.9,93.8,11.9,12.9,94.0,12.0,1014.1,1.3,1.9,8.3,233,51*65
 
STATION sbdservice
IRID_ID 300224010734970
BODY 
Content-Type: text/plain;charset=US-ASCII
Content-Disposition: inline
Content-Transfer-Encoding: 7bit

MOMSN: 3062
MTMSN: 0
Time of Session (UTC): Sat May  5 04:00:32 2012
Session Status: 00 - Transfer OK
Message Size (bytes): 1420

Unit Location: Lat = 48.915959 Long = -16.605145
CEPradius = 12



-- 
This message has been scanned for viruses and
dangerous content by MailScanner, and is
believed to be clean.


--SBD.Boundary.605592468
PROCESS /noc/users/iridburst/exec/irid_300224010734970_upd.pl
Last Run  ----1970-01-01 00:00:00 
MONTH  5 
DATA  xxrecord 2012-05-25 07:00:05 :: $W5M5A,120525,070005,660d0028449ce246,1,DAS 2,4901.3884N,1621.0153W,8.6,63,10.4,14.6,12.9,93.8,11.9,12.9,94.0,12.0,1014.1,1.3,1.9,8.3,233,51*65
 
STATION sbdservice
IRID_ID 300224010734970
BODY 
Content-Type: text/plain;charset=US-ASCII
Content-Disposition: inline
Content-Transfer-Encoding: 7bit

MOMSN: 3063
MTMSN: 0
Time of Session (UTC): Sat May  5 05:00:30 2012
Session Status: 00 - Transfer OK
Message Size (bytes): 1515

Unit Location: Lat = 48.955038 Long = -16.500483
CEPradius = 4



-- 
This message has been scanned for viruses and
dangerous content by MailScanner, and is
believed to be clean.


--SBD.Boundary.605592468
PROCESS /noc/users/iridburst/exec/irid_300224010734970_upd.pl
Last Run  ----1970-01-01 00:00:00 
MONTH  5 
DATA  xxrecord 2012-05-25 07:00:05 :: $W5M5A,120525,070005,660d0028449ce246,1,DAS 2,4901.3884N,1621.0153W,8.6,63,10.4,14.6,12.9,93.8,11.9,12.9,94.0,12.0,1014.1,1.3,1.9,8.3,233,51*65
 
STATION sbdservice
IRID_ID 300224010734970
BODY 
Content-Type: text/plain;charset=US-ASCII
Content-Disposition: inline
Content-Transfer-Encoding: 7bit

MOMSN: 3064
MTMSN: 0
Time of Session (UTC): Sat May  5 06:00:31 2012
Session Status: 00 - Transfer OK
Message Size (bytes): 1298

Unit Location: Lat = 48.988759 Long = -16.463590
CEPradius = 3



-- 
This message has been scanned for viruses and
dangerous content by MailScanner, and is
believed to be clean.


--SBD.Boundary.605592468
PROCESS /noc/users/iridburst/exec/irid_300224010734970_upd.pl
Last Run  ----1970-01-01 00:00:00 
MONTH  5 
DATA  xxrecord 2012-05-25 07:00:05 :: $W5M5A,120525,070005,660d0028449ce246,1,DAS 2,4901.3884N,1621.0153W,8.6,63,10.4,14.6,12.9,93.8,11.9,12.9,94.0,12.0,1014.1,1.3,1.9,8.3,233,51*65
 
STATION sbdservice
IRID_ID 300224010734970
BODY 
Content-Type: text/plain;charset=US-ASCII
Content-Disposition: inline
Content-Transfer-Encoding: 7bit

MOMSN: 3065
MTMSN: 0
Time of Session (UTC): Sat May  5 07:00:32 2012
Session Status: 00 - Transfer OK
Message Size (bytes): 1344

Unit Location: Lat = 48.973326 Long = -16.568396
CEPradius = 2



-- 
This message has been scanned for viruses and
dangerous content by MailScanner, and is
believed to be clean.


--SBD.Boundary.605592468
PROCESS /noc/users/iridburst/exec/irid_300224010734970_upd.pl
Last Run  ----1970-01-01 00:00:00 
MONTH  5 
DATA  xxrecord 2012-05-25 07:00:05 :: $W5M5A,120525,070005,660d0028449ce246,1,DAS 2,4901.3884N,1621.0153W,8.6,63,10.4,14.6,12.9,93.8,11.9,12.9,94.0,12.0,1014.1,1.3,1.9,8.3,233,51*65
 
STATION sbdservice
IRID_ID 300224010734970
BODY 
Content-Type: text/plain;charset=US-ASCII
Content-Disposition: inline
Content-Transfer-Encoding: 7bit

MOMSN: 3066
MTMSN: 0
Time of Session (UTC): Sat May  5 08:00:31 2012
Session Status: 00 - Transfer OK
Message Size (bytes): 1325

Unit Location: Lat = 49.012359 Long = -16.463590
CEPradius = 13



-- 
This message has been scanned for viruses and
dangerous content by MailScanner, and is
believed to be clean.


--SBD.Boundary.605592468
PROCESS /noc/users/iridburst/exec/irid_300224010734970_upd.pl
Last Run  ----1970-01-01 00:00:00 
MONTH  5 
DATA  xxrecord 2012-05-25 07:00:05 :: $W5M5A,120525,070005,660d0028449ce246,1,DAS 2,4901.3884N,1621.0153W,8.6,63,10.4,14.6,12.9,93.8,11.9,12.9,94.0,12.0,1014.1,1.3,1.9,8.3,233,51*65
 
STATION sbdservice
IRID_ID 300224010734970
BODY 
Content-Type: text/plain;charset=US-ASCII
Content-Disposition: inline
Content-Transfer-Encoding: 7bit

MOMSN: 3067
MTMSN: 0
Time of Session (UTC): Sat May  5 09:01:04 2012
Session Status: 00 - Transfer OK
Message Size (bytes): 1367

Unit Location: Lat = 49.030685 Long = -16.531560
CEPradius = 9



-- 
This message has been scanned for viruses and
dangerous content by MailScanner, and is
believed to be clean.


--SBD.Boundary.605592468
PROCESS /noc/users/iridburst/exec/irid_300224010734970_upd.pl
Last Run  ----1970-01-01 00:00:00 
MONTH  5 
DATA  xxrecord 2012-05-25 07:00:05 :: $W5M5A,120525,070005,660d0028449ce246,1,DAS 2,4901.3884N,1621.0153W,8.6,63,10.4,14.6,12.9,93.8,11.9,12.9,94.0,12.0,1014.1,1.3,1.9,8.3,233,51*65
 
STATION sbdservice
IRID_ID 300224010734970
BODY 
Content-Type: text/plain;charset=US-ASCII
Content-Disposition: inline
Content-Transfer-Encoding: 7bit

MOMSN: 3068
MTMSN: 0
Time of Session (UTC): Sat May  5 10:00:30 2012
Session Status: 00 - Transfer OK
Message Size (bytes): 1393

Unit Location: Lat = 49.220596 Long = -20.974349
CEPradius = 330



-- 
This message has been scanned for viruses and
dangerous content by MailScanner, and is
believed to be clean.


--SBD.Boundary.605592468
PROCESS /noc/users/iridburst/exec/irid_300224010734970_upd.pl
Last Run  ----1970-01-01 00:00:00 
MONTH  5 
DATA  xxrecord 2012-05-25 07:00:05 :: $W5M5A,120525,070005,660d0028449ce246,1,DAS 2,4901.3884N,1621.0153W,8.6,63,10.4,14.6,12.9,93.8,11.9,12.9,94.0,12.0,1014.1,1.3,1.9,8.3,233,51*65
 
STATION sbdservice
IRID_ID 300224010734970
BODY 
Content-Type: text/plain;charset=US-ASCII
Content-Disposition: inline
Content-Transfer-Encoding: 7bit

MOMSN: 3069
MTMSN: 0
Time of Session (UTC): Sat May  5 11:00:32 2012
Session Status: 00 - Transfer OK
Message Size (bytes): 1418

Unit Location: Lat = 48.947324 Long = -16.552828
CEPradius = 2



-- 
This message has been scanned for viruses and
dangerous content by MailScanner, and is
believed to be clean.


--SBD.Boundary.605592468
PROCESS /noc/users/iridburst/exec/irid_300224010734970_upd.pl
Last Run  ----1970-01-01 00:00:00 
MONTH  5 
DATA  xxrecord 2012-05-25 07:00:05 :: $W5M5A,120525,070005,660d0028449ce246,1,DAS 2,4901.3884N,1621.0153W,8.6,63,10.4,14.6,12.9,93.8,11.9,12.9,94.0,12.0,1014.1,1.3,1.9,8.3,233,51*65
 
STATION sbdservice
IRID_ID 300224010734970
BODY 
Content-Type: text/plain;charset=US-ASCII
Content-Disposition: inline
Content-Transfer-Encoding: 7bit

MOMSN: 3070
MTMSN: 0
Time of Session (UTC): Sat May  5 12:00:31 2012
Session Status: 00 - Transfer OK
Message Size (bytes): 1347

Unit Location: Lat = 49.167681 Long = -21.128213
CEPradius = 350



-- 
This message has been scanned for viruses and
dangerous content by MailScanner, and is
believed to be clean.


--SBD.Boundary.605592468
PROCESS /noc/users/iridburst/exec/irid_300224010734970_upd.pl
Last Run  ----1970-01-01 00:00:00 
MONTH  5 
DATA  xxrecord 2012-05-25 07:00:05 :: $W5M5A,120525,070005,660d0028449ce246,1,DAS 2,4901.3884N,1621.0153W,8.6,63,10.4,14.6,12.9,93.8,11.9,12.9,94.0,12.0,1014.1,1.3,1.9,8.3,233,51*65
 
STATION sbdservice
IRID_ID 300224010734970
BODY 
Content-Type: text/plain;charset=US-ASCII
Content-Disposition: inline
Content-Transfer-Encoding: 7bit

MOMSN: 3071
MTMSN: 0
Time of Session (UTC): Sat May  5 13:00:30 2012
Session Status: 00 - Transfer OK
Message Size (bytes): 1324

Unit Location: Lat = 48.931412 Long = -16.500483
CEPradius = 2



-- 
This message has been scanned for viruses and
dangerous content by MailScanner, and is
believed to be clean.


--SBD.Boundary.605592468
PROCESS /noc/users/iridburst/exec/irid_300224010734970_upd.pl
Last Run  ----1970-01-01 00:00:00 
MONTH  5 
DATA  xxrecord 2012-05-25 07:00:05 :: $W5M5A,120525,070005,660d0028449ce246,1,DAS 2,4901.3884N,1621.0153W,8.6,63,10.4,14.6,12.9,93.8,11.9,12.9,94.0,12.0,1014.1,1.3,1.9,8.3,233,51*65
 
STATION sbdservice
IRID_ID 300224010734970
BODY 
Content-Type: text/plain;charset=US-ASCII
Content-Disposition: inline
Content-Transfer-Encoding: 7bit

MOMSN: 3072
MTMSN: 0
Time of Session (UTC): Sat May  5 14:00:32 2012
Session Status: 00 - Transfer OK
Message Size (bytes): 1345

Unit Location: Lat = 49.020612 Long = -18.417655
CEPradius = 151



-- 
This message has been scanned for viruses and
dangerous content by MailScanner, and is
believed to be clean.


--SBD.Boundary.605592468
PROCESS /noc/users/iridburst/exec/irid_300224010734970_upd.pl
Last Run  ----1970-01-01 00:00:00 
MONTH  5 
DATA  xxrecord 2012-05-25 07:00:05 :: $W5M5A,120525,070005,660d0028449ce246,1,DAS 2,4901.3884N,1621.0153W,8.6,63,10.4,14.6,12.9,93.8,11.9,12.9,94.0,12.0,1014.1,1.3,1.9,8.3,233,51*65
 
STATION sbdservice
IRID_ID 300224010734970
BODY 
Content-Type: text/plain;charset=US-ASCII
Content-Disposition: inline
Content-Transfer-Encoding: 7bit

MOMSN: 3073
MTMSN: 0
Time of Session (UTC): Sat May  5 15:00:31 2012
Session Status: 00 - Transfer OK
Message Size (bytes): 1370

Unit Location: Lat = 48.955038 Long = -16.500483
CEPradius = 3



-- 
This message has been scanned for viruses and
dangerous content by MailScanner, and is
believed to be clean.


--SBD.Boundary.605592468
PROCESS /noc/users/iridburst/exec/irid_300224010734970_upd.pl
Last Run  ----1970-01-01 00:00:00 
MONTH  5 
DATA  xxrecord 2012-05-25 07:00:05 :: $W5M5A,120525,070005,660d0028449ce246,1,DAS 2,4901.3884N,1621.0153W,8.6,63,10.4,14.6,12.9,93.8,11.9,12.9,94.0,12.0,1014.1,1.3,1.9,8.3,233,51*65
 
STATION sbdservice
IRID_ID 300224010734970
BODY 
Content-Type: text/plain;charset=US-ASCII
Content-Disposition: inline
Content-Transfer-Encoding: 7bit

MOMSN: 3074
MTMSN: 0
Time of Session (UTC): Sat May  5 16:00:29 2012
Session Status: 00 - Transfer OK
Message Size (bytes): 1300

Unit Location: Lat = 49.015792 Long = -17.380120
CEPradius = 95



-- 
This message has been scanned for viruses and
dangerous content by MailScanner, and is
believed to be clean.


--SBD.Boundary.605592468
PROCESS /noc/users/iridburst/exec/irid_300224010734970_upd.pl
Last Run  ----1970-01-01 00:00:00 
MONTH  5 
DATA  xxrecord 2012-05-25 07:00:05 :: $W5M5A,120525,070005,660d0028449ce246,1,DAS 2,4901.3884N,1621.0153W,8.6,63,10.4,14.6,12.9,93.8,11.9,12.9,94.0,12.0,1014.1,1.3,1.9,8.3,233,51*65
 
STATION sbdservice
IRID_ID 300224010734970
BODY 
Content-Type: text/plain;charset=US-ASCII
Content-Disposition: inline
Content-Transfer-Encoding: 7bit

MOMSN: 3075
MTMSN: 0
Time of Session (UTC): Sat May  5 17:00:29 2012
Session Status: 00 - Transfer OK
Message Size (bytes): 1275

Unit Location: Lat = 48.888512 Long = -18.952668
CEPradius = 205



-- 
This message has been scanned for viruses and
dangerous content by MailScanner, and is
believed to be clean.


--SBD.Boundary.605592468
PROCESS /noc/users/iridburst/exec/irid_300224010734970_upd.pl
Last Run  ----1970-01-01 00:00:00 
MONTH  5 
DATA  xxrecord 2012-05-25 07:00:05 :: $W5M5A,120525,070005,660d0028449ce246,1,DAS 2,4901.3884N,1621.0153W,8.6,63,10.4,14.6,12.9,93.8,11.9,12.9,94.0,12.0,1014.1,1.3,1.9,8.3,233,51*65
 
STATION sbdservice
IRID_ID 300224010734970
BODY 
Content-Type: text/plain;charset=US-ASCII
Content-Disposition: inline
Content-Transfer-Encoding: 7bit

MOMSN: 3076
MTMSN: 0
Time of Session (UTC): Sat May  5 18:00:30 2012
Session Status: 00 - Transfer OK
Message Size (bytes): 1325

Unit Location: Lat = 49.012359 Long = -16.463590
CEPradius = 3



-- 
This message has been scanned for viruses and
dangerous content by MailScanner, and is
believed to be clean.


--SBD.Boundary.605592468
PROCESS /noc/users/iridburst/exec/irid_300224010734970_upd.pl
Last Run  ----1970-01-01 00:00:00 
MONTH  5 
DATA  xxrecord 2012-05-25 07:00:05 :: $W5M5A,120525,070005,660d0028449ce246,1,DAS 2,4901.3884N,1621.0153W,8.6,63,10.4,14.6,12.9,93.8,11.9,12.9,94.0,12.0,1014.1,1.3,1.9,8.3,233,51*65
 
STATION sbdservice
IRID_ID 300224010734970
BODY 
Content-Type: text/plain;charset=US-ASCII
Content-Disposition: inline
Content-Transfer-Encoding: 7bit

MOMSN: 3077
MTMSN: 0
Time of Session (UTC): Sat May  5 19:00:37 2012
Session Status: 00 - Transfer OK
Message Size (bytes): 1321

Unit Location: Lat = 49.020042 Long = -16.411144
CEPradius = 100



-- 
This message has been scanned for viruses and
dangerous content by MailScanner, and is
believed to be clean.


--SBD.Boundary.605592468
PROCESS /noc/users/iridburst/exec/irid_300224010734970_upd.pl
Last Run  ----1970-01-01 00:00:00 
MONTH  5 
DATA  xxrecord 2012-05-25 07:00:05 :: $W5M5A,120525,070005,660d0028449ce246,1,DAS 2,4901.3884N,1621.0153W,8.6,63,10.4,14.6,12.9,93.8,11.9,12.9,94.0,12.0,1014.1,1.3,1.9,8.3,233,51*65
 
STATION sbdservice
IRID_ID 300224010734970
BODY 
Content-Type: text/plain;charset=US-ASCII
Content-Disposition: inline
Content-Transfer-Encoding: 7bit

MOMSN: 3078
MTMSN: 0
Time of Session (UTC): Sat May  5 20:00:31 2012
Session Status: 00 - Transfer OK
Message Size (bytes): 1319

Unit Location: Lat = 48.988759 Long = -16.463590
CEPradius = 3



-- 
This message has been scanned for viruses and
dangerous content by MailScanner, and is
believed to be clean.


--SBD.Boundary.605592468
PROCESS /noc/users/iridburst/exec/irid_300224010734970_upd.pl
Last Run  ----1970-01-01 00:00:00 
MONTH  5 
DATA  xxrecord 2012-05-25 07:00:05 :: $W5M5A,120525,070005,660d0028449ce246,1,DAS 2,4901.3884N,1621.0153W,8.6,63,10.4,14.6,12.9,93.8,11.9,12.9,94.0,12.0,1014.1,1.3,1.9,8.3,233,51*65
 
STATION sbdservice
IRID_ID 300224010734970
BODY 
Content-Type: text/plain;charset=US-ASCII
Content-Disposition: inline
Content-Transfer-Encoding: 7bit

MOMSN: 3079
MTMSN: 0
Time of Session (UTC): Sat May  5 21:00:30 2012
Session Status: 00 - Transfer OK
Message Size (bytes): 1323

Unit Location: Lat = 48.968163 Long = -16.793438
CEPradius = 20



-- 
This message has been scanned for viruses and
dangerous content by MailScanner, and is
believed to be clean.


--SBD.Boundary.605592468
PROCESS /noc/users/iridburst/exec/irid_300224010734970_upd.pl
Last Run  ----1970-01-01 00:00:00 
MONTH  5 
DATA  xxrecord 2012-05-25 07:00:05 :: $W5M5A,120525,070005,660d0028449ce246,1,DAS 2,4901.3884N,1621.0153W,8.6,63,10.4,14.6,12.9,93.8,11.9,12.9,94.0,12.0,1014.1,1.3,1.9,8.3,233,51*65
 
STATION sbdservice
IRID_ID 300224010734970
BODY 
Content-Type: text/plain;charset=US-ASCII
Content-Disposition: inline
Content-Transfer-Encoding: 7bit

MOMSN: 3080
MTMSN: 0
Time of Session (UTC): Sat May  5 22:00:45 2012
Session Status: 00 - Transfer OK
Message Size (bytes): 1367

Unit Location: Lat = 49.012359 Long = -16.463590
CEPradius = 6



-- 
This message has been scanned for viruses and
dangerous content by MailScanner, and is
believed to be clean.


--SBD.Boundary.605592468
PROCESS /noc/users/iridburst/exec/irid_300224010734970_upd.pl
Last Run  ----1970-01-01 00:00:00 
MONTH  5 
DATA  xxrecord 2012-05-25 07:00:05 :: $W5M5A,120525,070005,660d0028449ce246,1,DAS 2,4901.3884N,1621.0153W,8.6,63,10.4,14.6,12.9,93.8,11.9,12.9,94.0,12.0,1014.1,1.3,1.9,8.3,233,51*65
 
STATION sbdservice
IRID_ID 300224010734970
BODY 
Content-Type: text/plain;charset=US-ASCII
Content-Disposition: inline
Content-Transfer-Encoding: 7bit

MOMSN: 3081
MTMSN: 0
Time of Session (UTC): Sat May  5 22:03:55 2012
Session Status: 00 - Transfer OK
Message Size (bytes): 1367

Unit Location: Lat = 48.962731 Long = -16.448109
CEPradius = 3



-- 
This message has been scanned for viruses and
dangerous content by MailScanner, and is
believed to be clean.


--SBD.Boundary.605592468
PROCESS /noc/users/iridburst/exec/irid_300224010734970_upd.pl
Last Run  ----1970-01-01 00:00:00 
MONTH  5 
DATA  xxrecord 2012-05-25 07:00:05 :: $W5M5A,120525,070005,660d0028449ce246,1,DAS 2,4901.3884N,1621.0153W,8.6,63,10.4,14.6,12.9,93.8,11.9,12.9,94.0,12.0,1014.1,1.3,1.9,8.3,233,51*65
 
STATION sbdservice
IRID_ID 300224010734970
BODY 
Content-Type: text/plain;charset=US-ASCII
Content-Disposition: inline
Content-Transfer-Encoding: 7bit

MOMSN: 3082
MTMSN: 0
Time of Session (UTC): Sat May  5 23:00:33 2012
Session Status: 00 - Transfer OK
Message Size (bytes): 1395

Unit Location: Lat = 48.863444 Long = -16.417233
CEPradius = 15



-- 
This message has been scanned for viruses and
dangerous content by MailScanner, and is
believed to be clean.


--SBD.Boundary.605592468
PROCESS /noc/users/iridburst/exec/irid_300224010734970_upd.pl
Last Run  ----1970-01-01 00:00:00 
MONTH  5 
DATA  xxrecord 2012-05-25 07:00:05 :: $W5M5A,120525,070005,660d0028449ce246,1,DAS 2,4901.3884N,1621.0153W,8.6,63,10.4,14.6,12.9,93.8,11.9,12.9,94.0,12.0,1014.1,1.3,1.9,8.3,233,51*65
 
STATION sbdservice
IRID_ID 300224010734970
BODY 
Content-Type: text/plain;charset=US-ASCII
Content-Disposition: inline
Content-Transfer-Encoding: 7bit

MOMSN: 3083
MTMSN: 0
Time of Session (UTC): Sun May  6 00:00:30 2012
Session Status: 00 - Transfer OK
Message Size (bytes): 1345

Unit Location: Lat = 48.855776 Long = -16.469519
CEPradius = 2



-- 
This message has been scanned for viruses and
dangerous content by MailScanner, and is
believed to be clean.


--SBD.Boundary.605592468
PROCESS /noc/users/iridburst/exec/irid_300224010734970_upd.pl
Last Run  ----1970-01-01 00:00:00 
MONTH  5 
DATA  xxrecord 2012-05-25 07:00:05 :: $W5M5A,120525,070005,660d0028449ce246,1,DAS 2,4901.3884N,1621.0153W,8.6,63,10.4,14.6,12.9,93.8,11.9,12.9,94.0,12.0,1014.1,1.3,1.9,8.3,233,51*65
 
STATION sbdservice
IRID_ID 300224010734970
BODY 
Content-Type: text/plain;charset=US-ASCII
Content-Disposition: inline
Content-Transfer-Encoding: 7bit

MOMSN: 3084
MTMSN: 0
Time of Session (UTC): Sun May  6 01:00:37 2012
Session Status: 00 - Transfer OK
Message Size (bytes): 1442

Unit Location: Lat = 49.055852 Long = -12.427757
CEPradius = 309



-- 
This message has been scanned for viruses and
dangerous content by MailScanner, and is
believed to be clean.


--SBD.Boundary.605592468
PROCESS /noc/users/iridburst/exec/irid_300224010734970_upd.pl
Last Run  ----1970-01-01 00:00:00 
MONTH  5 
DATA  xxrecord 2012-05-25 07:00:05 :: $W5M5A,120525,070005,660d0028449ce246,1,DAS 2,4901.3884N,1621.0153W,8.6,63,10.4,14.6,12.9,93.8,11.9,12.9,94.0,12.0,1014.1,1.3,1.9,8.3,233,51*65
 
STATION sbdservice
IRID_ID 300224010734970
BODY 
Content-Type: text/plain;charset=US-ASCII
Content-Disposition: inline
Content-Transfer-Encoding: 7bit

MOMSN: 3085
MTMSN: 0
Time of Session (UTC): Sun May  6 02:00:38 2012
Session Status: 00 - Transfer OK
Message Size (bytes): 1442

Unit Location: Lat = 48.840373 Long = -16.574008
CEPradius = 2



-- 
This message has been scanned for viruses and
dangerous content by MailScanner, and is
believed to be clean.


--SBD.Boundary.605592468
PROCESS /noc/users/iridburst/exec/irid_300224010734970_upd.pl
Last Run  ----1970-01-01 00:00:00 
MONTH  5 
DATA  xxrecord 2012-05-25 07:00:05 :: $W5M5A,120525,070005,660d0028449ce246,1,DAS 2,4901.3884N,1621.0153W,8.6,63,10.4,14.6,12.9,93.8,11.9,12.9,94.0,12.0,1014.1,1.3,1.9,8.3,233,51*65
 
STATION sbdservice
IRID_ID 300224010734970
BODY 
Content-Type: text/plain;charset=US-ASCII
Content-Disposition: inline
Content-Transfer-Encoding: 7bit

MOMSN: 3086
MTMSN: 0
Time of Session (UTC): Sun May  6 03:00:29 2012
Session Status: 00 - Transfer OK
Message Size (bytes): 1419

Unit Location: Lat = 48.798451 Long = -16.506295
CEPradius = 12



-- 
This message has been scanned for viruses and
dangerous content by MailScanner, and is
believed to be clean.


--SBD.Boundary.605592468
PROCESS /noc/users/iridburst/exec/irid_300224010734970_upd.pl
Last Run  ----1970-01-01 00:00:00 
MONTH  5 
DATA  xxrecord 2012-05-25 07:00:05 :: $W5M5A,120525,070005,660d0028449ce246,1,DAS 2,4901.3884N,1621.0153W,8.6,63,10.4,14.6,12.9,93.8,11.9,12.9,94.0,12.0,1014.1,1.3,1.9,8.3,233,51*65
 
STATION sbdservice
IRID_ID 300224010734970
BODY 
Content-Type: text/plain;charset=US-ASCII
Content-Disposition: inline
Content-Transfer-Encoding: 7bit

MOMSN: 3087
MTMSN: 0
Time of Session (UTC): Sun May  6 04:00:29 2012
Session Status: 00 - Transfer OK
Message Size (bytes): 1561

Unit Location: Lat = 48.905412 Long = -16.484987
CEPradius = 2



-- 
This message has been scanned for viruses and
dangerous content by MailScanner, and is
believed to be clean.


--SBD.Boundary.605592468
PROCESS /noc/users/iridburst/exec/irid_300224010734970_upd.pl
Last Run  ----1970-01-01 00:00:00 
MONTH  5 
DATA  xxrecord 2012-05-25 07:00:05 :: $W5M5A,120525,070005,660d0028449ce246,1,DAS 2,4901.3884N,1621.0153W,8.6,63,10.4,14.6,12.9,93.8,11.9,12.9,94.0,12.0,1014.1,1.3,1.9,8.3,233,51*65
 
STATION sbdservice
IRID_ID 300224010734970
BODY 
Content-Type: text/plain;charset=US-ASCII
Content-Disposition: inline
Content-Transfer-Encoding: 7bit

MOMSN: 3088
MTMSN: 0
Time of Session (UTC): Sun May  6 05:00:33 2012
Session Status: 00 - Transfer OK
Message Size (bytes): 1634

Unit Location: Lat = 48.981054 Long = -16.516007
CEPradius = 2



-- 
This message has been scanned for viruses and
dangerous content by MailScanner, and is
believed to be clean.


--SBD.Boundary.605592468
PROCESS /noc/users/iridburst/exec/irid_300224010734970_upd.pl
Last Run  ----1970-01-01 00:00:00 
MONTH  5 
DATA  xxrecord 2012-05-25 07:00:05 :: $W5M5A,120525,070005,660d0028449ce246,1,DAS 2,4901.3884N,1621.0153W,8.6,63,10.4,14.6,12.9,93.8,11.9,12.9,94.0,12.0,1014.1,1.3,1.9,8.3,233,51*65
 
STATION sbdservice
IRID_ID 300224010734970
BODY 
Content-Type: text/plain;charset=US-ASCII
Content-Disposition: inline
Content-Transfer-Encoding: 7bit

MOMSN: 3089
MTMSN: 0
Time of Session (UTC): Sun May  6 06:00:32 2012
Session Status: 00 - Transfer OK
Message Size (bytes): 1443

Unit Location: Lat = 48.955038 Long = -16.500483
CEPradius = 3



-- 
This message has been scanned for viruses and
dangerous content by MailScanner, and is
believed to be clean.


--SBD.Boundary.605592468
PROCESS /noc/users/iridburst/exec/irid_300224010734970_upd.pl
Last Run  ----1970-01-01 00:00:00 
MONTH  5 
DATA  xxrecord 2012-05-25 07:00:05 :: $W5M5A,120525,070005,660d0028449ce246,1,DAS 2,4901.3884N,1621.0153W,8.6,63,10.4,14.6,12.9,93.8,11.9,12.9,94.0,12.0,1014.1,1.3,1.9,8.3,233,51*65
 
STATION sbdservice
IRID_ID 300224010734970
BODY 
Content-Type: text/plain;charset=US-ASCII
Content-Disposition: inline
Content-Transfer-Encoding: 7bit

MOMSN: 3090
MTMSN: 0
Time of Session (UTC): Sun May  6 07:00:32 2012
Session Status: 00 - Transfer OK
Message Size (bytes): 1442

Unit Location: Lat = 48.962731 Long = -16.448109
CEPradius = 3



-- 
This message has been scanned for viruses and
dangerous content by MailScanner, and is
believed to be clean.


--SBD.Boundary.605592468
PROCESS /noc/users/iridburst/exec/irid_300224010734970_upd.pl
Last Run  ----1970-01-01 00:00:00 
MONTH  5 
DATA  xxrecord 2012-05-25 07:00:05 :: $W5M5A,120525,070005,660d0028449ce246,1,DAS 2,4901.3884N,1621.0153W,8.6,63,10.4,14.6,12.9,93.8,11.9,12.9,94.0,12.0,1014.1,1.3,1.9,8.3,233,51*65
 
STATION sbdservice
IRID_ID 300224010734970
BODY 
Content-Type: text/plain;charset=US-ASCII
Content-Disposition: inline
Content-Transfer-Encoding: 7bit

MOMSN: 3091
MTMSN: 0
Time of Session (UTC): Sun May  6 08:00:40 2012
Session Status: 00 - Transfer OK
Message Size (bytes): 1490

Unit Location: Lat = 48.962731 Long = -16.448109
CEPradius = 2



-- 
This message has been scanned for viruses and
dangerous content by MailScanner, and is
believed to be clean.


--SBD.Boundary.605592468
PROCESS /noc/users/iridburst/exec/irid_300224010734970_upd.pl
Last Run  ----1970-01-01 00:00:00 
MONTH  5 
DATA  xxrecord 2012-05-25 07:00:05 :: $W5M5A,120525,070005,660d0028449ce246,1,DAS 2,4901.3884N,1621.0153W,8.6,63,10.4,14.6,12.9,93.8,11.9,12.9,94.0,12.0,1014.1,1.3,1.9,8.3,233,51*65
 
STATION sbdservice
IRID_ID 300224010734970
BODY 
Content-Type: text/plain;charset=US-ASCII
Content-Disposition: inline
Content-Transfer-Encoding: 7bit

MOMSN: 3092
MTMSN: 0
Time of Session (UTC): Sun May  6 09:00:31 2012
Session Status: 00 - Transfer OK
Message Size (bytes): 1465

Unit Location: Lat = 48.955038 Long = -16.500483
CEPradius = 2



-- 
This message has been scanned for viruses and
dangerous content by MailScanner, and is
believed to be clean.


--SBD.Boundary.605592468
PROCESS /noc/users/iridburst/exec/irid_300224010734970_upd.pl
Last Run  ----1970-01-01 00:00:00 
MONTH  5 
DATA  xxrecord 2012-05-25 07:00:05 :: $W5M5A,120525,070005,660d0028449ce246,1,DAS 2,4901.3884N,1621.0153W,8.6,63,10.4,14.6,12.9,93.8,11.9,12.9,94.0,12.0,1014.1,1.3,1.9,8.3,233,51*65
 
STATION sbdservice
IRID_ID 300224010734970
BODY 
Content-Type: text/plain;charset=US-ASCII
Content-Disposition: inline
Content-Transfer-Encoding: 7bit

MOMSN: 3093
MTMSN: 0
Time of Session (UTC): Sun May  6 10:00:32 2012
Session Status: 00 - Transfer OK
Message Size (bytes): 1491

Unit Location: Lat = 49.012359 Long = -16.463590
CEPradius = 5



-- 
This message has been scanned for viruses and
dangerous content by MailScanner, and is
believed to be clean.


--SBD.Boundary.605592468
PROCESS /noc/users/iridburst/exec/irid_300224010734970_upd.pl
Last Run  ----1970-01-01 00:00:00 
MONTH  5 
DATA  xxrecord 2012-05-25 07:00:05 :: $W5M5A,120525,070005,660d0028449ce246,1,DAS 2,4901.3884N,1621.0153W,8.6,63,10.4,14.6,12.9,93.8,11.9,12.9,94.0,12.0,1014.1,1.3,1.9,8.3,233,51*65
 
STATION sbdservice
IRID_ID 300224010734970
BODY 
Content-Type: text/plain;charset=US-ASCII
Content-Disposition: inline
Content-Transfer-Encoding: 7bit

MOMSN: 3094
MTMSN: 0
Time of Session (UTC): Sun May  6 11:00:30 2012
Session Status: 00 - Transfer OK
Message Size (bytes): 1421

Unit Location: Lat = 48.962731 Long = -16.448109
CEPradius = 3



-- 
This message has been scanned for viruses and
dangerous content by MailScanner, and is
believed to be clean.


--SBD.Boundary.605592468
PROCESS /noc/users/iridburst/exec/irid_300224010734970_upd.pl
Last Run  ----1970-01-01 00:00:00 
MONTH  5 
DATA  xxrecord 2012-05-25 07:00:05 :: $W5M5A,120525,070005,660d0028449ce246,1,DAS 2,4901.3884N,1621.0153W,8.6,63,10.4,14.6,12.9,93.8,11.9,12.9,94.0,12.0,1014.1,1.3,1.9,8.3,233,51*65
 
STATION sbdservice
IRID_ID 300224010734970
BODY 
Content-Type: text/plain;charset=US-ASCII
Content-Disposition: inline
Content-Transfer-Encoding: 7bit

MOMSN: 3095
MTMSN: 0
Time of Session (UTC): Sun May  6 12:00:34 2012
Session Status: 00 - Transfer OK
Message Size (bytes): 1491

Unit Location: Lat = 48.981054 Long = -16.516007
CEPradius = 8



-- 
This message has been scanned for viruses and
dangerous content by MailScanner, and is
believed to be clean.


--SBD.Boundary.605592468
PROCESS /noc/users/iridburst/exec/irid_300224010734970_upd.pl
Last Run  ----1970-01-01 00:00:00 
MONTH  5 
DATA  xxrecord 2012-05-25 07:00:05 :: $W5M5A,120525,070005,660d0028449ce246,1,DAS 2,4901.3884N,1621.0153W,8.6,63,10.4,14.6,12.9,93.8,11.9,12.9,94.0,12.0,1014.1,1.3,1.9,8.3,233,51*65
 
STATION sbdservice
IRID_ID 300224010734970
BODY 
Content-Type: text/plain;charset=US-ASCII
Content-Disposition: inline
Content-Transfer-Encoding: 7bit

MOMSN: 3096
MTMSN: 0
Time of Session (UTC): Sun May  6 13:00:34 2012
Session Status: 00 - Transfer OK
Message Size (bytes): 1610

Unit Location: Lat = 48.967219 Long = -16.223055
CEPradius = 3



-- 
This message has been scanned for viruses and
dangerous content by MailScanner, and is
believed to be clean.


--SBD.Boundary.605592468
PROCESS /noc/users/iridburst/exec/irid_300224010734970_upd.pl
Last Run  ----1970-01-01 00:00:00 
MONTH  5 
DATA  xxrecord 2012-05-25 07:00:05 :: $W5M5A,120525,070005,660d0028449ce246,1,DAS 2,4901.3884N,1621.0153W,8.6,63,10.4,14.6,12.9,93.8,11.9,12.9,94.0,12.0,1014.1,1.3,1.9,8.3,233,51*65
 
STATION sbdservice
IRID_ID 300224010734970
BODY 
Content-Type: text/plain;charset=US-ASCII
Content-Disposition: inline
Content-Transfer-Encoding: 7bit

MOMSN: 3097
MTMSN: 0
Time of Session (UTC): Sun May  6 14:00:32 2012
Session Status: 00 - Transfer OK
Message Size (bytes): 1490

Unit Location: Lat = 49.152327 Long = -20.119123
CEPradius = 294



-- 
This message has been scanned for viruses and
dangerous content by MailScanner, and is
believed to be clean.


--SBD.Boundary.605592468
PROCESS /noc/users/iridburst/exec/irid_300224010734970_upd.pl
Last Run  ----1970-01-01 00:00:00 
MONTH  5 
DATA  xxrecord 2012-05-25 07:00:05 :: $W5M5A,120525,070005,660d0028449ce246,1,DAS 2,4901.3884N,1621.0153W,8.6,63,10.4,14.6,12.9,93.8,11.9,12.9,94.0,12.0,1014.1,1.3,1.9,8.3,233,51*65
 
STATION sbdservice
IRID_ID 300224010734970
BODY 
Content-Type: text/plain;charset=US-ASCII
Content-Disposition: inline
Content-Transfer-Encoding: 7bit

MOMSN: 3098
MTMSN: 0
Time of Session (UTC): Sun May  6 15:00:31 2012
Session Status: 00 - Transfer OK
Message Size (bytes): 1466

Unit Location: Lat = 48.985677 Long = -16.290818
CEPradius = 2



-- 
This message has been scanned for viruses and
dangerous content by MailScanner, and is
believed to be clean.


--SBD.Boundary.605592468
PROCESS /noc/users/iridburst/exec/irid_300224010734970_upd.pl
Last Run  ----1970-01-01 00:00:00 
MONTH  5 
DATA  xxrecord 2012-05-25 07:00:05 :: $W5M5A,120525,070005,660d0028449ce246,1,DAS 2,4901.3884N,1621.0153W,8.6,63,10.4,14.6,12.9,93.8,11.9,12.9,94.0,12.0,1014.1,1.3,1.9,8.3,233,51*65
 
STATION sbdservice
IRID_ID 300224010734970
BODY 
Content-Type: text/plain;charset=US-ASCII
Content-Disposition: inline
Content-Transfer-Encoding: 7bit

MOMSN: 3099
MTMSN: 0
Time of Session (UTC): Sun May  6 16:00:39 2012
Session Status: 00 - Transfer OK
Message Size (bytes): 1489

Unit Location: Lat = 49.136102 Long = -20.048732
CEPradius = 297



-- 
This message has been scanned for viruses and
dangerous content by MailScanner, and is
believed to be clean.


--SBD.Boundary.605592468
PROCESS /noc/users/iridburst/exec/irid_300224010734970_upd.pl
Last Run  ----1970-01-01 00:00:00 
MONTH  5 
DATA  xxrecord 2012-05-25 07:00:05 :: $W5M5A,120525,070005,660d0028449ce246,1,DAS 2,4901.3884N,1621.0153W,8.6,63,10.4,14.6,12.9,93.8,11.9,12.9,94.0,12.0,1014.1,1.3,1.9,8.3,233,51*65
 
STATION sbdservice
IRID_ID 300224010734970
BODY 
Content-Type: text/plain;charset=US-ASCII
Content-Disposition: inline
Content-Transfer-Encoding: 7bit

MOMSN: 3100
MTMSN: 0
Time of Session (UTC): Sun May  6 17:00:34 2012
Session Status: 00 - Transfer OK
Message Size (bytes): 1960

Unit Location: Lat = 48.967219 Long = -16.223055
CEPradius = 2



-- 
This message has been scanned for viruses and
dangerous content by MailScanner, and is
believed to be clean.


--SBD.Boundary.605592468
PROCESS /noc/users/iridburst/exec/irid_300224010734970_upd.pl
Last Run  ----1970-01-01 00:00:00 
MONTH  5 
DATA  xxrecord 2012-05-25 07:00:05 :: $W5M5A,120525,070005,660d0028449ce246,1,DAS 2,4901.3884N,1621.0153W,8.6,63,10.4,14.6,12.9,93.8,11.9,12.9,94.0,12.0,1014.1,1.3,1.9,8.3,233,51*65
 
STATION sbdservice
IRID_ID 300224010734970
BODY 
Content-Type: text/plain;charset=US-ASCII
Content-Disposition: inline
Content-Transfer-Encoding: 7bit

MOMSN: 3101
MTMSN: 0
Time of Session (UTC): Sun May  6 18:00:42 2012
Session Status: 00 - Transfer OK
Message Size (bytes): 1960

Unit Location: Lat = 49.035341 Long = -16.306167
CEPradius = 4



-- 
This message has been scanned for viruses and
dangerous content by MailScanner, and is
believed to be clean.


--SBD.Boundary.605592468
PROCESS /noc/users/iridburst/exec/irid_300224010734970_upd.pl
Last Run  ----1970-01-01 00:00:00 
MONTH  5 
DATA  xxrecord 2012-05-25 07:00:05 :: $W5M5A,120525,070005,660d0028449ce246,1,DAS 2,4901.3884N,1621.0153W,8.6,63,10.4,14.6,12.9,93.8,11.9,12.9,94.0,12.0,1014.1,1.3,1.9,8.3,233,51*65
 
STATION sbdservice
IRID_ID 300224010734970
BODY 
Content-Type: text/plain;charset=US-ASCII
Content-Disposition: inline
Content-Transfer-Encoding: 7bit

MOMSN: 3102
MTMSN: 0
Time of Session (UTC): Sun May  6 19:00:34 2012
Session Status: 00 - Transfer OK
Message Size (bytes): 1960

Unit Location: Lat = 48.998390 Long = -16.170584
CEPradius = 7



-- 
This message has been scanned for viruses and
dangerous content by MailScanner, and is
believed to be clean.


--SBD.Boundary.605592468
PROCESS /noc/users/iridburst/exec/irid_300224010734970_upd.pl
Last Run  ----1970-01-01 00:00:00 
MONTH  5 
DATA  xxrecord 2012-05-25 07:00:05 :: $W5M5A,120525,070005,660d0028449ce246,1,DAS 2,4901.3884N,1621.0153W,8.6,63,10.4,14.6,12.9,93.8,11.9,12.9,94.0,12.0,1014.1,1.3,1.9,8.3,233,51*65
 
STATION sbdservice
IRID_ID 300224010734970
BODY 
Content-Type: text/plain;charset=US-ASCII
Content-Disposition: inline
Content-Transfer-Encoding: 7bit

MOMSN: 3103
MTMSN: 0
Time of Session (UTC): Sun May  6 20:00:38 2012
Session Status: 00 - Transfer OK
Message Size (bytes): 1960

Unit Location: Lat = 49.001651 Long = -16.343277
CEPradius = 2



-- 
This message has been scanned for viruses and
dangerous content by MailScanner, and is
believed to be clean.


--SBD.Boundary.605592468
PROCESS /noc/users/iridburst/exec/irid_300224010734970_upd.pl
Last Run  ----1970-01-01 00:00:00 
MONTH  5 
DATA  xxrecord 2012-05-25 07:00:05 :: $W5M5A,120525,070005,660d0028449ce246,1,DAS 2,4901.3884N,1621.0153W,8.6,63,10.4,14.6,12.9,93.8,11.9,12.9,94.0,12.0,1014.1,1.3,1.9,8.3,233,51*65
 
STATION sbdservice
IRID_ID 300224010734970
BODY 
Content-Type: text/plain;charset=US-ASCII
Content-Disposition: inline
Content-Transfer-Encoding: 7bit

MOMSN: 3104
MTMSN: 0
Time of Session (UTC): Sun May  6 21:00:34 2012
Session Status: 00 - Transfer OK
Message Size (bytes): 1960

Unit Location: Lat = 49.065908 Long = -15.456728
CEPradius = 100



-- 
This message has been scanned for viruses and
dangerous content by MailScanner, and is
believed to be clean.


--SBD.Boundary.605592468
PROCESS /noc/users/iridburst/exec/irid_300224010734970_upd.pl
Last Run  ----1970-01-01 00:00:00 
MONTH  5 
DATA  xxrecord 2012-05-25 07:00:05 :: $W5M5A,120525,070005,660d0028449ce246,1,DAS 2,4901.3884N,1621.0153W,8.6,63,10.4,14.6,12.9,93.8,11.9,12.9,94.0,12.0,1014.1,1.3,1.9,8.3,233,51*65
 
STATION sbdservice
IRID_ID 300224010734970
BODY 
Content-Type: text/plain;charset=US-ASCII
Content-Disposition: inline
Content-Transfer-Encoding: 7bit

MOMSN: 3105
MTMSN: 0
Time of Session (UTC): Sun May  6 22:00:36 2012
Session Status: 00 - Transfer OK
Message Size (bytes): 1960

Unit Location: Lat = 48.970402 Long = -16.395707
CEPradius = 6



-- 
This message has been scanned for viruses and
dangerous content by MailScanner, and is
believed to be clean.


--SBD.Boundary.605592468
PROCESS /noc/users/iridburst/exec/irid_300224010734970_upd.pl
Last Run  ----1970-01-01 00:00:00 
MONTH  5 
DATA  xxrecord 2012-05-25 07:00:05 :: $W5M5A,120525,070005,660d0028449ce246,1,DAS 2,4901.3884N,1621.0153W,8.6,63,10.4,14.6,12.9,93.8,11.9,12.9,94.0,12.0,1014.1,1.3,1.9,8.3,233,51*65
 
STATION sbdservice
IRID_ID 300224010734970
BODY 
Content-Type: text/plain;charset=US-ASCII
Content-Disposition: inline
Content-Transfer-Encoding: 7bit

MOMSN: 3106
MTMSN: 0
Time of Session (UTC): Sun May  6 23:00:50 2012
Session Status: 00 - Transfer OK
Message Size (bytes): 1960

Unit Location: Lat = 49.084606 Long = -14.899667
CEPradius = 129



-- 
This message has been scanned for viruses and
dangerous content by MailScanner, and is
believed to be clean.


--SBD.Boundary.605592468
PROCESS /noc/users/iridburst/exec/irid_300224010734970_upd.pl
Last Run  ----1970-01-01 00:00:00 
MONTH  5 
DATA  xxrecord 2012-05-25 07:00:05 :: $W5M5A,120525,070005,660d0028449ce246,1,DAS 2,4901.3884N,1621.0153W,8.6,63,10.4,14.6,12.9,93.8,11.9,12.9,94.0,12.0,1014.1,1.3,1.9,8.3,233,51*65
 
STATION sbdservice
IRID_ID 300224010734970
BODY 
Content-Type: text/plain;charset=US-ASCII
Content-Disposition: inline
Content-Transfer-Encoding: 7bit

MOMSN: 3107
MTMSN: 0
Time of Session (UTC): Mon May  7 00:00:33 2012
Session Status: 00 - Transfer OK
Message Size (bytes): 1960

Unit Location: Lat = 49.020042 Long = -16.411144
CEPradius = 2



-- 
This message has been scanned for viruses and
dangerous content by MailScanner, and is
believed to be clean.


--SBD.Boundary.605592468
PROCESS /noc/users/iridburst/exec/irid_300224010734970_upd.pl
Last Run  ----1970-01-01 00:00:00 
MONTH  5 
DATA  xxrecord 2012-05-25 07:00:05 :: $W5M5A,120525,070005,660d0028449ce246,1,DAS 2,4901.3884N,1621.0153W,8.6,63,10.4,14.6,12.9,93.8,11.9,12.9,94.0,12.0,1014.1,1.3,1.9,8.3,233,51*65
 
STATION sbdservice
IRID_ID 300224010734970
BODY 
Content-Type: text/plain;charset=US-ASCII
Content-Disposition: inline
Content-Transfer-Encoding: 7bit

MOMSN: 3108
MTMSN: 0
Time of Session (UTC): Mon May  7 01:00:35 2012
Session Status: 00 - Transfer OK
Message Size (bytes): 1960

Unit Location: Lat = 49.092949 Long = -14.620874
CEPradius = 155



-- 
This message has been scanned for viruses and
dangerous content by MailScanner, and is
believed to be clean.


--SBD.Boundary.605592468
PROCESS /noc/users/iridburst/exec/irid_300224010734970_upd.pl
Last Run  ----1970-01-01 00:00:00 
MONTH  5 
DATA  xxrecord 2012-05-25 07:00:05 :: $W5M5A,120525,070005,660d0028449ce246,1,DAS 2,4901.3884N,1621.0153W,8.6,63,10.4,14.6,12.9,93.8,11.9,12.9,94.0,12.0,1014.1,1.3,1.9,8.3,233,51*65
 
STATION sbdservice
IRID_ID 300224010734970
BODY 
Content-Type: text/plain;charset=US-ASCII
Content-Disposition: inline
Content-Transfer-Encoding: 7bit

MOMSN: 3109
MTMSN: 0
Time of Session (UTC): Mon May  7 02:00:40 2012
Session Status: 00 - Transfer OK
Message Size (bytes): 1960

Unit Location: Lat = 48.970402 Long = -16.395707
CEPradius = 3



-- 
This message has been scanned for viruses and
dangerous content by MailScanner, and is
believed to be clean.


--SBD.Boundary.605592468
PROCESS /noc/users/iridburst/exec/irid_300224010734970_upd.pl
Last Run  ----1970-01-01 00:00:00 
MONTH  5 
DATA  xxrecord 2012-05-25 07:00:05 :: $W5M5A,120525,070005,660d0028449ce246,1,DAS 2,4901.3884N,1621.0153W,8.6,63,10.4,14.6,12.9,93.8,11.9,12.9,94.0,12.0,1014.1,1.3,1.9,8.3,233,51*65
 
STATION sbdservice
IRID_ID 300224010734970
BODY 
Content-Type: text/plain;charset=US-ASCII
Content-Disposition: inline
Content-Transfer-Encoding: 7bit

MOMSN: 3110
MTMSN: 0
Time of Session (UTC): Mon May  7 03:00:35 2012
Session Status: 00 - Transfer OK
Message Size (bytes): 1960

Unit Location: Lat = 49.027703 Long = -16.358670
CEPradius = 6



-- 
This message has been scanned for viruses and
dangerous content by MailScanner, and is
believed to be clean.


--SBD.Boundary.605592468
PROCESS /noc/users/iridburst/exec/irid_300224010734970_upd.pl
Last Run  ----1970-01-01 00:00:00 
MONTH  5 
DATA  xxrecord 2012-05-25 07:00:05 :: $W5M5A,120525,070005,660d0028449ce246,1,DAS 2,4901.3884N,1621.0153W,8.6,63,10.4,14.6,12.9,93.8,11.9,12.9,94.0,12.0,1014.1,1.3,1.9,8.3,233,51*65
 
STATION sbdservice
IRID_ID 300224010734970
BODY 
Content-Type: text/plain;charset=US-ASCII
Content-Disposition: inline
Content-Transfer-Encoding: 7bit

MOMSN: 3111
MTMSN: 0
Time of Session (UTC): Mon May  7 04:00:32 2012
Session Status: 00 - Transfer OK
Message Size (bytes): 1960

Unit Location: Lat = 49.001651 Long = -16.343277
CEPradius = 2



-- 
This message has been scanned for viruses and
dangerous content by MailScanner, and is
believed to be clean.


--SBD.Boundary.605592468
PROCESS /noc/users/iridburst/exec/irid_300224010734970_upd.pl
Last Run  ----1970-01-01 00:00:00 
MONTH  5 
DATA  xxrecord 2012-05-25 07:00:05 :: $W5M5A,120525,070005,660d0028449ce246,1,DAS 2,4901.3884N,1621.0153W,8.6,63,10.4,14.6,12.9,93.8,11.9,12.9,94.0,12.0,1014.1,1.3,1.9,8.3,233,51*65
 
STATION sbdservice
IRID_ID 300224010734970
BODY 
Content-Type: text/plain;charset=US-ASCII
Content-Disposition: inline
Content-Transfer-Encoding: 7bit

MOMSN: 3112
MTMSN: 0
Time of Session (UTC): Mon May  7 05:00:40 2012
Session Status: 00 - Transfer OK
Message Size (bytes): 1960

Unit Location: Lat = 49.036816 Long = -13.093134
CEPradius = 250



-- 
This message has been scanned for viruses and
dangerous content by MailScanner, and is
believed to be clean.


--SBD.Boundary.605592468
PROCESS /noc/users/iridburst/exec/irid_300224010734970_upd.pl
Last Run  ----1970-01-01 00:00:00 
MONTH  5 
DATA  xxrecord 2012-05-25 07:00:05 :: $W5M5A,120525,070005,660d0028449ce246,1,DAS 2,4901.3884N,1621.0153W,8.6,63,10.4,14.6,12.9,93.8,11.9,12.9,94.0,12.0,1014.1,1.3,1.9,8.3,233,51*65
 
STATION sbdservice
IRID_ID 300224010734970
BODY 
Content-Type: text/plain;charset=US-ASCII
Content-Disposition: inline
Content-Transfer-Encoding: 7bit

MOMSN: 3113
MTMSN: 0
Time of Session (UTC): Mon May  7 06:00:36 2012
Session Status: 00 - Transfer OK
Message Size (bytes): 1960

Unit Location: Lat = 48.978050 Long = -16.343277
CEPradius = 2



-- 
This message has been scanned for viruses and
dangerous content by MailScanner, and is
believed to be clean.


--SBD.Boundary.605592468
PROCESS /noc/users/iridburst/exec/irid_300224010734970_upd.pl
Last Run  ----1970-01-01 00:00:00 
MONTH  5 
DATA  xxrecord 2012-05-25 07:00:05 :: $W5M5A,120525,070005,660d0028449ce246,1,DAS 2,4901.3884N,1621.0153W,8.6,63,10.4,14.6,12.9,93.8,11.9,12.9,94.0,12.0,1014.1,1.3,1.9,8.3,233,51*65
 
STATION sbdservice
IRID_ID 300224010734970
BODY 
Content-Type: text/plain;charset=US-ASCII
Content-Disposition: inline
Content-Transfer-Encoding: 7bit

MOMSN: 3114
MTMSN: 0
Time of Session (UTC): Mon May  7 07:00:38 2012
Session Status: 00 - Transfer OK
Message Size (bytes): 1960

Unit Location: Lat = 48.978050 Long = -16.343277
CEPradius = 4



-- 
This message has been scanned for viruses and
dangerous content by MailScanner, and is
believed to be clean.


--SBD.Boundary.605592468
PROCESS /noc/users/iridburst/exec/irid_300224010734970_upd.pl
Last Run  ----1970-01-01 00:00:00 
MONTH  5 
DATA  xxrecord 2012-05-25 07:00:05 :: $W5M5A,120525,070005,660d0028449ce246,1,DAS 2,4901.3884N,1621.0153W,8.6,63,10.4,14.6,12.9,93.8,11.9,12.9,94.0,12.0,1014.1,1.3,1.9,8.3,233,51*65
 
STATION sbdservice
IRID_ID 300224010734970
BODY 
Content-Type: text/plain;charset=US-ASCII
Content-Disposition: inline
Content-Transfer-Encoding: 7bit

MOMSN: 3115
MTMSN: 0
Time of Session (UTC): Mon May  7 08:00:34 2012
Session Status: 00 - Transfer OK
Message Size (bytes): 1960

Unit Location: Lat = 49.035341 Long = -16.306167
CEPradius = 3



-- 
This message has been scanned for viruses and
dangerous content by MailScanner, and is
believed to be clean.


--SBD.Boundary.605592468
PROCESS /noc/users/iridburst/exec/irid_300224010734970_upd.pl
Last Run  ----1970-01-01 00:00:00 
MONTH  5 
DATA  xxrecord 2012-05-25 07:00:05 :: $W5M5A,120525,070005,660d0028449ce246,1,DAS 2,4901.3884N,1621.0153W,8.6,63,10.4,14.6,12.9,93.8,11.9,12.9,94.0,12.0,1014.1,1.3,1.9,8.3,233,51*65
 
STATION sbdservice
IRID_ID 300224010734970
BODY 
Content-Type: text/plain;charset=US-ASCII
Content-Disposition: inline
Content-Transfer-Encoding: 7bit

MOMSN: 3116
MTMSN: 0
Time of Session (UTC): Mon May  7 09:00:34 2012
Session Status: 00 - Transfer OK
Message Size (bytes): 1960

Unit Location: Lat = 48.978050 Long = -16.343277
CEPradius = 3



-- 
This message has been scanned for viruses and
dangerous content by MailScanner, and is
believed to be clean.


--SBD.Boundary.605592468
PROCESS /noc/users/iridburst/exec/irid_300224010734970_upd.pl
Last Run  ----1970-01-01 00:00:00 
MONTH  5 
DATA  xxrecord 2012-05-25 07:00:05 :: $W5M5A,120525,070005,660d0028449ce246,1,DAS 2,4901.3884N,1621.0153W,8.6,63,10.4,14.6,12.9,93.8,11.9,12.9,94.0,12.0,1014.1,1.3,1.9,8.3,233,51*65
 
STATION sbdservice
IRID_ID 300224010734970
BODY 
Content-Type: text/plain;charset=US-ASCII
Content-Disposition: inline
Content-Transfer-Encoding: 7bit

MOMSN: 3117
MTMSN: 0
Time of Session (UTC): Mon May  7 10:00:28 2012
Session Status: 00 - Transfer OK
Message Size (bytes): 1960

Unit Location: Lat = 48.970402 Long = -16.395707
CEPradius = 6



-- 
This message has been scanned for viruses and
dangerous content by MailScanner, and is
believed to be clean.


--SBD.Boundary.605592468
PROCESS /noc/users/iridburst/exec/irid_300224010734970_upd.pl
Last Run  ----1970-01-01 00:00:00 
MONTH  5 
DATA  xxrecord 2012-05-25 07:00:05 :: $W5M5A,120525,070005,660d0028449ce246,1,DAS 2,4901.3884N,1621.0153W,8.6,63,10.4,14.6,12.9,93.8,11.9,12.9,94.0,12.0,1014.1,1.3,1.9,8.3,233,51*65
 
STATION sbdservice
IRID_ID 300224010734970
BODY 
Content-Type: text/plain;charset=US-ASCII
Content-Disposition: inline
Content-Transfer-Encoding: 7bit

MOMSN: 3118
MTMSN: 0
Time of Session (UTC): Mon May  7 11:00:33 2012
Session Status: 00 - Transfer OK
Message Size (bytes): 1960

Unit Location: Lat = 48.978050 Long = -16.343277
CEPradius = 7



-- 
This message has been scanned for viruses and
dangerous content by MailScanner, and is
believed to be clean.


--SBD.Boundary.605592468
PROCESS /noc/users/iridburst/exec/irid_300224010734970_upd.pl
Last Run  ----1970-01-01 00:00:00 
MONTH  5 
DATA  xxrecord 2012-05-25 07:00:05 :: $W5M5A,120525,070005,660d0028449ce246,1,DAS 2,4901.3884N,1621.0153W,8.6,63,10.4,14.6,12.9,93.8,11.9,12.9,94.0,12.0,1014.1,1.3,1.9,8.3,233,51*65
 
STATION sbdservice
IRID_ID 300224010734970
BODY 
Content-Type: text/plain;charset=US-ASCII
Content-Disposition: inline
Content-Transfer-Encoding: 7bit

MOMSN: 3119
MTMSN: 0
Time of Session (UTC): Mon May  7 12:00:35 2012
Session Status: 13 - Incomplete Transfer
Message Size (bytes): 0

Unit Location: Lat = 49.360910 Long = -22.611371
CEPradius = 463



-- 
This message has been scanned for viruses and
dangerous content by MailScanner, and is
believed to be clean.


--SBD.Boundary.605592468
PROCESS /noc/users/iridburst/exec/irid_300224010734970_upd.pl
Last Run  ----1970-01-01 00:00:00 
MONTH  5 
DATA  xxrecord 2012-05-25 07:00:05 :: $W5M5A,120525,070005,660d0028449ce246,1,DAS 2,4901.3884N,1621.0153W,8.6,63,10.4,14.6,12.9,93.8,11.9,12.9,94.0,12.0,1014.1,1.3,1.9,8.3,233,51*65
 
STATION sbdservice
IRID_ID 300224010734970
BODY --

From sbdservice@sbd.iridium.com Mon May 7 13:05:04 2012
Return-Path: <sbdservice@sbd.iridium.com>
Received: from istbsp01.sbd.iridium.com (outbound.sbd.iridium.com [12.47.179.11])
	by mercury.noc.soton.ac.uk (8.13.1/8.12.11) with ESMTP id q47C51hd002155
	for <iridburst@noc.soton.ac.uk>; Mon, 7 May 2012 13:05:01 +0100
Reply-To: <sbdservice@sbd.iridium.com>
From: sbdservice@sbd.iridium.com
To: iridburst@noc.soton.ac.uk
Subject: SBD Msg From Unit: 300224010734970
MIME-Version: 1.0
Content-Type: multipart/mixed;boundary="SBD.Boundary.605592468"
Message-Id: <19740412024625.6C117EF97B0F752E@istbsp01.sbd.iridium.com>
Date: Mon,  7 May 2012 12:05:00 +0000 (GMT)
X-NOCS-MailScanner-Information: Please contact the ISP for more information
X-NOCS-MailScanner-ID: q47C51hd002155
X-NOCS-MailScanner: Found to be clean
X-NOCS-MailScanner-SpamCheck: not spam (whitelisted),
	SpamAssassin (not cached, score=-6.599, required 5,
	autolearn=not spam, BAYES_00 -2.60, RCVD_IN_DNSWL_MED -4.00)
X-NOCS-MailScanner-From: sbdservice@sbd.iridium.com
X-Spam-Status: No

SBM Message
--SBD.Boundary.605592468
PROCESS /noc/users/iridburst/exec/irid_300224010734970_upd.pl
Last Run  ----1970-01-01 00:00:00 
MONTH  5 
DATA  xxrecord 2012-05-25 07:00:05 :: $W5M5A,120525,070005,660d0028449ce246,1,DAS 2,4901.3884N,1621.0153W,8.6,63,10.4,14.6,12.9,93.8,11.9,12.9,94.0,12.0,1014.1,1.3,1.9,8.3,233,51*65
 
STATION sbdservice
IRID_ID 300224010734970
BODY --

From sbdservice@sbd.iridium.com Mon May 7 14:01:01 2012
Return-Path: <sbdservice@sbd.iridium.com>
Received: from istbsp01.sbd.iridium.com (outbound.sbd.iridium.com [12.47.179.11])
	by mercury.noc.soton.ac.uk (8.13.1/8.12.11) with ESMTP id q47D0s1D008332
	for <iridburst@noc.soton.ac.uk>; Mon, 7 May 2012 14:00:55 +0100
Reply-To: <sbdservice@sbd.iridium.com>
From: sbdservice@sbd.iridium.com
To: iridburst@noc.soton.ac.uk
Subject: SBD Msg From Unit: 300224010734970
MIME-Version: 1.0
Content-Type: multipart/mixed;boundary="SBD.Boundary.605592468"
Message-Id: <19740412024625.2BFF5CEBB73FC531@istbsp01.sbd.iridium.com>
Date: Mon,  7 May 2012 13:00:54 +0000 (GMT)
X-NOCS-MailScanner-Information: Please contact the ISP for more information
X-NOCS-MailScanner-ID: q47D0s1D008332
X-NOCS-MailScanner: Found to be clean
X-NOCS-MailScanner-SpamCheck: not spam (whitelisted),
	SpamAssassin (not cached, score=-6.599, required 5,
	autolearn=not spam, BAYES_00 -2.60, RCVD_IN_DNSWL_MED -4.00)
X-NOCS-MailScanner-From: sbdservice@sbd.iridium.com
X-Spam-Status: No

SBM Message
--SBD.Boundary.605592468
PROCESS /noc/users/iridburst/exec/irid_300224010734970_upd.pl
Last Run  ----1970-01-01 00:00:00 
MONTH  5 
DATA  xxrecord 2012-05-25 07:00:05 :: $W5M5A,120525,070005,660d0028449ce246,1,DAS 2,4901.3884N,1621.0153W,8.6,63,10.4,14.6,12.9,93.8,11.9,12.9,94.0,12.0,1014.1,1.3,1.9,8.3,233,51*65
 
STATION sbdservice
IRID_ID 300224010734970
BODY --

From sbdservice@sbd.iridium.com Mon May 7 15:01:05 2012
Return-Path: <sbdservice@sbd.iridium.com>
Received: from istbsp02.sbd.iridium.com (outbound.sbd.iridium.com [12.47.179.11])
	by mercury.noc.soton.ac.uk (8.13.1/8.12.11) with ESMTP id q47E117Z014315
	for <iridburst@noc.soton.ac.uk>; Mon, 7 May 2012 15:01:01 +0100
Reply-To: <sbdservice@sbd.iridium.com>
From: sbdservice@sbd.iridium.com
To: iridburst@noc.soton.ac.uk
Subject: SBD Msg From Unit: 300224010734970
MIME-Version: 1.0
Content-Type: multipart/mixed;boundary="SBD.Boundary.605592468"
Message-Id: <19740412024625.97987FF8F340710F@istbsp02.sbd.iridium.com>
Date: Mon,  7 May 2012 14:01:00 +0000 (GMT)
X-NOCS-MailScanner-Information: Please contact the ISP for more information
X-NOCS-MailScanner-ID: q47E117Z014315
X-NOCS-MailScanner: Found to be clean
X-NOCS-MailScanner-SpamCheck: not spam (whitelisted),
	SpamAssassin (not cached, score=-6.599, required 5,
	autolearn=not spam, BAYES_00 -2.60, RCVD_IN_DNSWL_MED -4.00)
X-NOCS-MailScanner-From: sbdservice@sbd.iridium.com
X-Spam-Status: No

SBM Message
--SBD.Boundary.605592468
PROCESS /noc/users/iridburst/exec/irid_300224010734970_upd.pl
Last Run  ----1970-01-01 00:00:00 
MONTH  5 
DATA  xxrecord 2012-05-25 07:00:05 :: $W5M5A,120525,070005,660d0028449ce246,1,DAS 2,4901.3884N,1621.0153W,8.6,63,10.4,14.6,12.9,93.8,11.9,12.9,94.0,12.0,1014.1,1.3,1.9,8.3,233,51*65
 
STATION sbdservice
IRID_ID 300224010734970
BODY --

From sbdservice@sbd.iridium.com Mon May 7 16:00:58 2012
Return-Path: <sbdservice@sbd.iridium.com>
Received: from istbsp02.sbd.iridium.com (outbound.sbd.iridium.com [12.47.179.11])
	by mercury.noc.soton.ac.uk (8.13.1/8.12.11) with ESMTP id q47F0r8u021366
	for <iridburst@noc.soton.ac.uk>; Mon, 7 May 2012 16:00:53 +0100
Reply-To: <sbdservice@sbd.iridium.com>
From: sbdservice@sbd.iridium.com
To: iridburst@noc.soton.ac.uk
Subject: SBD Msg From Unit: 300224010734970
MIME-Version: 1.0
Content-Type: multipart/mixed;boundary="SBD.Boundary.605592468"
Message-Id: <19740412024625.CB2C6DD8BF6095A1@istbsp02.sbd.iridium.com>
Date: Mon,  7 May 2012 15:00:53 +0000 (GMT)
X-NOCS-MailScanner-Information: Please contact the ISP for more information
X-NOCS-MailScanner-ID: q47F0r8u021366
X-NOCS-MailScanner: Found to be clean
X-NOCS-MailScanner-SpamCheck: not spam (whitelisted),
	SpamAssassin (not cached, score=-6.599, required 5,
	autolearn=not spam, BAYES_00 -2.60, RCVD_IN_DNSWL_MED -4.00)
X-NOCS-MailScanner-From: sbdservice@sbd.iridium.com
X-Spam-Status: No

SBM Message
--SBD.Boundary.605592468
PROCESS /noc/users/iridburst/exec/irid_300224010734970_upd.pl
Last Run  ----1970-01-01 00:00:00 
MONTH  5 
DATA  xxrecord 2012-05-25 07:00:05 :: $W5M5A,120525,070005,660d0028449ce246,1,DAS 2,4901.3884N,1621.0153W,8.6,63,10.4,14.6,12.9,93.8,11.9,12.9,94.0,12.0,1014.1,1.3,1.9,8.3,233,51*65
 
STATION sbdservice
IRID_ID 300224010734970
BODY --

From sbdservice@sbd.iridium.com Mon May 7 17:01:01 2012
Return-Path: <sbdservice@sbd.iridium.com>
Received: from istbsp01.sbd.iridium.com (outbound.sbd.iridium.com [12.47.179.11])
	by mercury.noc.soton.ac.uk (8.13.1/8.12.11) with ESMTP id q47G0uJK028709
	for <iridburst@noc.soton.ac.uk>; Mon, 7 May 2012 17:00:56 +0100
Reply-To: <sbdservice@sbd.iridium.com>
From: sbdservice@sbd.iridium.com
To: iridburst@noc.soton.ac.uk
Subject: SBD Msg From Unit: 300224010734970
MIME-Version: 1.0
Content-Type: multipart/mixed;boundary="SBD.Boundary.605592468"
Message-Id: <19740412024625.7A687DD87F1E3815@istbsp01.sbd.iridium.com>
Date: Mon,  7 May 2012 16:00:54 +0000 (GMT)
X-NOCS-MailScanner-Information: Please contact the ISP for more information
X-NOCS-MailScanner-ID: q47G0uJK028709
X-NOCS-MailScanner: Found to be clean
X-NOCS-MailScanner-SpamCheck: not spam (whitelisted),
	SpamAssassin (not cached, score=-6.599, required 5,
	autolearn=not spam, BAYES_00 -2.60, RCVD_IN_DNSWL_MED -4.00)
X-NOCS-MailScanner-From: sbdservice@sbd.iridium.com
X-Spam-Status: No

SBM Message
--SBD.Boundary.605592468
PROCESS /noc/users/iridburst/exec/irid_300224010734970_upd.pl
Last Run  ----1970-01-01 00:00:00 
MONTH  5 
DATA  xxrecord 2012-05-25 07:00:05 :: $W5M5A,120525,070005,660d0028449ce246,1,DAS 2,4901.3884N,1621.0153W,8.6,63,10.4,14.6,12.9,93.8,11.9,12.9,94.0,12.0,1014.1,1.3,1.9,8.3,233,51*65
 
STATION sbdservice
IRID_ID 300224010734970
BODY --

From sbdservice@sbd.iridium.com Mon May 7 18:01:06 2012
Return-Path: <sbdservice@sbd.iridium.com>
Received: from istbsp02.sbd.iridium.com (outbound.sbd.iridium.com [12.47.179.11])
	by mercury.noc.soton.ac.uk (8.13.1/8.12.11) with ESMTP id q47H11bL002985
	for <iridburst@noc.soton.ac.uk>; Mon, 7 May 2012 18:01:02 +0100
Reply-To: <sbdservice@sbd.iridium.com>
From: sbdservice@sbd.iridium.com
To: iridburst@noc.soton.ac.uk
Subject: SBD Msg From Unit: 300224010734970
MIME-Version: 1.0
Content-Type: multipart/mixed;boundary="SBD.Boundary.605592468"
Message-Id: <19740412024625.B7867EC83F6240B8@istbsp02.sbd.iridium.com>
Date: Mon,  7 May 2012 17:01:00 +0000 (GMT)
X-NOCS-MailScanner-Information: Please contact the ISP for more information
X-NOCS-MailScanner-ID: q47H11bL002985
X-NOCS-MailScanner: Found to be clean
X-NOCS-MailScanner-SpamCheck: not spam (whitelisted),
	SpamAssassin (not cached, score=-6.599, required 5,
	autolearn=not spam, BAYES_00 -2.60, RCVD_IN_DNSWL_MED -4.00)
X-NOCS-MailScanner-From: sbdservice@sbd.iridium.com
X-Spam-Status: No

SBM Message
--SBD.Boundary.605592468
PROCESS /noc/users/iridburst/exec/irid_300224010734970_upd.pl
Last Run  ----1970-01-01 00:00:00 
MONTH  5 
DATA  xxrecord 2012-05-25 07:00:05 :: $W5M5A,120525,070005,660d0028449ce246,1,DAS 2,4901.3884N,1621.0153W,8.6,63,10.4,14.6,12.9,93.8,11.9,12.9,94.0,12.0,1014.1,1.3,1.9,8.3,233,51*65
 
STATION sbdservice
IRID_ID 300224010734970
BODY --

From sbdservice@sbd.iridium.com Mon May 7 19:01:51 2012
Return-Path: <sbdservice@sbd.iridium.com>
Received: from istbsp01.sbd.iridium.com (outbound.sbd.iridium.com [12.47.179.11])
	by mercury.noc.soton.ac.uk (8.13.1/8.12.11) with ESMTP id q47I1l2Q008868
	for <iridburst@noc.soton.ac.uk>; Mon, 7 May 2012 19:01:48 +0100
Reply-To: <sbdservice@sbd.iridium.com>
From: sbdservice@sbd.iridium.com
To: iridburst@noc.soton.ac.uk
Subject: SBD Msg From Unit: 300224010734970
MIME-Version: 1.0
Content-Type: multipart/mixed;boundary="SBD.Boundary.605592468"
Message-Id: <19740412024625.EF794EE9FB3FDACF@istbsp01.sbd.iridium.com>
Date: Mon,  7 May 2012 18:01:34 +0000 (GMT)
X-NOCS-MailScanner-Information: Please contact the ISP for more information
X-NOCS-MailScanner-ID: q47I1l2Q008868
X-NOCS-MailScanner: Found to be clean
X-NOCS-MailScanner-SpamCheck: not spam (whitelisted),
	SpamAssassin (not cached, score=-6.599, required 5,
	autolearn=not spam, BAYES_00 -2.60, RCVD_IN_DNSWL_MED -4.00)
X-NOCS-MailScanner-From: sbdservice@sbd.iridium.com
X-Spam-Status: No

SBM Message
--SBD.Boundary.605592468
PROCESS /noc/users/iridburst/exec/irid_300224010734970_upd.pl
Last Run  ----1970-01-01 00:00:00 
MONTH  5 
DATA  xxrecord 2012-05-25 07:00:05 :: $W5M5A,120525,070005,660d0028449ce246,1,DAS 2,4901.3884N,1621.0153W,8.6,63,10.4,14.6,12.9,93.8,11.9,12.9,94.0,12.0,1014.1,1.3,1.9,8.3,233,51*65
 
STATION sbdservice
IRID_ID 300224010734970
BODY --

From sbdservice@sbd.iridium.com Mon May 7 20:01:06 2012
Return-Path: <sbdservice@sbd.iridium.com>
Received: from istbsp01.sbd.iridium.com (outbound.sbd.iridium.com [12.47.179.11])
	by mercury.noc.soton.ac.uk (8.13.1/8.12.11) with ESMTP id q47J11Mq014087
	for <iridburst@noc.soton.ac.uk>; Mon, 7 May 2012 20:01:01 +0100
Reply-To: <sbdservice@sbd.iridium.com>
From: sbdservice@sbd.iridium.com
To: iridburst@noc.soton.ac.uk
Subject: SBD Msg From Unit: 300224010734970
MIME-Version: 1.0
Content-Type: multipart/mixed;boundary="SBD.Boundary.605592468"
Message-Id: <19740412024625.C4004EEABB1D8F5C@istbsp01.sbd.iridium.com>
Date: Mon,  7 May 2012 19:01:01 +0000 (GMT)
X-NOCS-MailScanner-Information: Please contact the ISP for more information
X-NOCS-MailScanner-ID: q47J11Mq014087
X-NOCS-MailScanner: Found to be clean
X-NOCS-MailScanner-SpamCheck: not spam (whitelisted),
	SpamAssassin (not cached, score=-6.599, required 5,
	autolearn=not spam, BAYES_00 -2.60, RCVD_IN_DNSWL_MED -4.00)
X-NOCS-MailScanner-From: sbdservice@sbd.iridium.com
X-Spam-Status: No

SBM Message
--SBD.Boundary.605592468
PROCESS /noc/users/iridburst/exec/irid_300224010734970_upd.pl
Last Run  ----1970-01-01 00:00:00 
MONTH  5 
DATA  xxrecord 2012-05-25 07:00:05 :: $W5M5A,120525,070005,660d0028449ce246,1,DAS 2,4901.3884N,1621.0153W,8.6,63,10.4,14.6,12.9,93.8,11.9,12.9,94.0,12.0,1014.1,1.3,1.9,8.3,233,51*65
 
STATION sbdservice
IRID_ID 300224010734970
BODY --

From sbdservice@sbd.iridium.com Mon May 7 21:01:09 2012
Return-Path: <sbdservice@sbd.iridium.com>
Received: from istbsp02.sbd.iridium.com (outbound.sbd.iridium.com [12.47.179.11])
	by mercury.noc.soton.ac.uk (8.13.1/8.12.11) with ESMTP id q47K14sM019549
	for <iridburst@noc.soton.ac.uk>; Mon, 7 May 2012 21:01:05 +0100
Reply-To: <sbdservice@sbd.iridium.com>
From: sbdservice@sbd.iridium.com
To: iridburst@noc.soton.ac.uk
Subject: SBD Msg From Unit: 300224010734970
MIME-Version: 1.0
Content-Type: multipart/mixed;boundary="SBD.Boundary.605592468"
Message-Id: <19740412024625.EA1D4DEB3F634F81@istbsp02.sbd.iridium.com>
Date: Mon,  7 May 2012 20:01:03 +0000 (GMT)
X-NOCS-MailScanner-Information: Please contact the ISP for more information
X-NOCS-MailScanner-ID: q47K14sM019549
X-NOCS-MailScanner: Found to be clean
X-NOCS-MailScanner-SpamCheck: not spam (whitelisted),
	SpamAssassin (not cached, score=-6.599, required 5,
	autolearn=not spam, BAYES_00 -2.60, RCVD_IN_DNSWL_MED -4.00)
X-NOCS-MailScanner-From: sbdservice@sbd.iridium.com
X-Spam-Status: No

SBM Message
--SBD.Boundary.605592468
PROCESS /noc/users/iridburst/exec/irid_300224010734970_upd.pl
Last Run  ----1970-01-01 00:00:00 
MONTH  5 
DATA  xxrecord 2012-05-25 07:00:05 :: $W5M5A,120525,070005,660d0028449ce246,1,DAS 2,4901.3884N,1621.0153W,8.6,63,10.4,14.6,12.9,93.8,11.9,12.9,94.0,12.0,1014.1,1.3,1.9,8.3,233,51*65
 
STATION sbdservice
IRID_ID 300224010734970
BODY --

From sbdservice@sbd.iridium.com Mon May 7 22:00:56 2012
Return-Path: <sbdservice@sbd.iridium.com>
Received: from istbsp02.sbd.iridium.com (outbound.sbd.iridium.com [12.47.179.11])
	by mercury.noc.soton.ac.uk (8.13.1/8.12.11) with ESMTP id q47L0qmg024615
	for <iridburst@noc.soton.ac.uk>; Mon, 7 May 2012 22:00:52 +0100
Reply-To: <sbdservice@sbd.iridium.com>
From: sbdservice@sbd.iridium.com
To: iridburst@noc.soton.ac.uk
Subject: SBD Msg From Unit: 300224010734970
MIME-Version: 1.0
Content-Type: multipart/mixed;boundary="SBD.Boundary.605592468"
Message-Id: <19740412024625.D2667EEBF342AFC7@istbsp02.sbd.iridium.com>
Date: Mon,  7 May 2012 21:00:52 +0000 (GMT)
X-NOCS-MailScanner-Information: Please contact the ISP for more information
X-NOCS-MailScanner-ID: q47L0qmg024615
X-NOCS-MailScanner: Found to be clean
X-NOCS-MailScanner-SpamCheck: not spam (whitelisted),
	SpamAssassin (not cached, score=-6.599, required 5,
	autolearn=not spam, BAYES_00 -2.60, RCVD_IN_DNSWL_MED -4.00)
X-NOCS-MailScanner-From: sbdservice@sbd.iridium.com
X-Spam-Status: No

SBM Message
--SBD.Boundary.605592468
PROCESS /noc/users/iridburst/exec/irid_300224010734970_upd.pl
Last Run  ----1970-01-01 00:00:00 
MONTH  5 
DATA  xxrecord 2012-05-25 07:00:05 :: $W5M5A,120525,070005,660d0028449ce246,1,DAS 2,4901.3884N,1621.0153W,8.6,63,10.4,14.6,12.9,93.8,11.9,12.9,94.0,12.0,1014.1,1.3,1.9,8.3,233,51*65
 
STATION sbdservice
IRID_ID 300224010734970
BODY --

From sbdservice@sbd.iridium.com Mon May 7 23:00:57 2012
Return-Path: <sbdservice@sbd.iridium.com>
Received: from istbsp01.sbd.iridium.com (outbound.sbd.iridium.com [12.47.179.11])
	by mercury.noc.soton.ac.uk (8.13.1/8.12.11) with ESMTP id q47M0q2B029737
	for <iridburst@noc.soton.ac.uk>; Mon, 7 May 2012 23:00:52 +0100
Reply-To: <sbdservice@sbd.iridium.com>
From: sbdservice@sbd.iridium.com
To: iridburst@noc.soton.ac.uk
Subject: SBD Msg From Unit: 300224010734970
MIME-Version: 1.0
Content-Type: multipart/mixed;boundary="SBD.Boundary.605592468"
Message-Id: <19740412024625.F3636DE93B0F29D0@istbsp01.sbd.iridium.com>
Date: Mon,  7 May 2012 22:00:51 +0000 (GMT)
X-NOCS-MailScanner-Information: Please contact the ISP for more information
X-NOCS-MailScanner-ID: q47M0q2B029737
X-NOCS-MailScanner: Found to be clean
X-NOCS-MailScanner-SpamCheck: not spam (whitelisted),
	SpamAssassin (not cached, score=-6.599, required 5,
	autolearn=not spam, BAYES_00 -2.60, RCVD_IN_DNSWL_MED -4.00)
X-NOCS-MailScanner-From: sbdservice@sbd.iridium.com
X-Spam-Status: No

SBM Message
--SBD.Boundary.605592468
PROCESS /noc/users/iridburst/exec/irid_300224010734970_upd.pl
Last Run  ----1970-01-01 00:00:00 
MONTH  5 
DATA  xxrecord 2012-05-25 07:00:05 :: $W5M5A,120525,070005,660d0028449ce246,1,DAS 2,4901.3884N,1621.0153W,8.6,63,10.4,14.6,12.9,93.8,11.9,12.9,94.0,12.0,1014.1,1.3,1.9,8.3,233,51*65
 
STATION sbdservice
IRID_ID 300224010734970
BODY --

From sbdservice@sbd.iridium.com Tue May 8 00:00:59 2012
Return-Path: <sbdservice@sbd.iridium.com>
Received: from istbsp01.sbd.iridium.com (outbound.sbd.iridium.com [12.47.179.11])
	by mercury.noc.soton.ac.uk (8.13.1/8.12.11) with ESMTP id q47N0tgh002975
	for <iridburst@noc.soton.ac.uk>; Tue, 8 May 2012 00:00:55 +0100
Reply-To: <sbdservice@sbd.iridium.com>
From: sbdservice@sbd.iridium.com
To: iridburst@noc.soton.ac.uk
Subject: SBD Msg From Unit: 300224010734970
MIME-Version: 1.0
Content-Type: multipart/mixed;boundary="SBD.Boundary.605592468"
Message-Id: <19740412024625.98484CE9731E2A0F@istbsp01.sbd.iridium.com>
Date: Mon,  7 May 2012 23:00:54 +0000 (GMT)
X-NOCS-MailScanner-Information: Please contact the ISP for more information
X-NOCS-MailScanner-ID: q47N0tgh002975
X-NOCS-MailScanner: Found to be clean
X-NOCS-MailScanner-SpamCheck: not spam (whitelisted),
	SpamAssassin (not cached, score=-6.599, required 5,
	autolearn=not spam, BAYES_00 -2.60, RCVD_IN_DNSWL_MED -4.00)
X-NOCS-MailScanner-From: sbdservice@sbd.iridium.com
X-Spam-Status: No

SBM Message
--SBD.Boundary.605592468
PROCESS /noc/users/iridburst/exec/irid_300224010734970_upd.pl
Last Run  ----1970-01-01 00:00:00 
MONTH  5 
DATA  xxrecord 2012-05-25 07:00:05 :: $W5M5A,120525,070005,660d0028449ce246,1,DAS 2,4901.3884N,1621.0153W,8.6,63,10.4,14.6,12.9,93.8,11.9,12.9,94.0,12.0,1014.1,1.3,1.9,8.3,233,51*65
 
STATION sbdservice
IRID_ID 300224010734970
BODY --

From sbdservice@sbd.iridium.com Tue May 8 01:01:01 2012
Return-Path: <sbdservice@sbd.iridium.com>
Received: from istbsp02.sbd.iridium.com (outbound.sbd.iridium.com [12.47.179.11])
	by mercury.noc.soton.ac.uk (8.13.1/8.12.11) with ESMTP id q4800ubj008095
	for <iridburst@noc.soton.ac.uk>; Tue, 8 May 2012 01:00:56 +0100
Reply-To: <sbdservice@sbd.iridium.com>
From: sbdservice@sbd.iridium.com
To: iridburst@noc.soton.ac.uk
Subject: SBD Msg From Unit: 300224010734970
MIME-Version: 1.0
Content-Type: multipart/mixed;boundary="SBD.Boundary.605592468"
Message-Id: <19740412024625.6F466CE83F505220@istbsp02.sbd.iridium.com>
Date: Tue,  8 May 2012 00:00:53 +0000 (GMT)
X-NOCS-MailScanner-Information: Please contact the ISP for more information
X-NOCS-MailScanner-ID: q4800ubj008095
X-NOCS-MailScanner: Found to be clean
X-NOCS-MailScanner-SpamCheck: not spam (whitelisted),
	SpamAssassin (not cached, score=-6.599, required 5,
	autolearn=not spam, BAYES_00 -2.60, RCVD_IN_DNSWL_MED -4.00)
X-NOCS-MailScanner-From: sbdservice@sbd.iridium.com
X-Spam-Status: No

SBM Message
--SBD.Boundary.605592468
PROCESS /noc/users/iridburst/exec/irid_300224010734970_upd.pl
Last Run  ----1970-01-01 00:00:00 
MONTH  5 
DATA  xxrecord 2012-05-25 07:00:05 :: $W5M5A,120525,070005,660d0028449ce246,1,DAS 2,4901.3884N,1621.0153W,8.6,63,10.4,14.6,12.9,93.8,11.9,12.9,94.0,12.0,1014.1,1.3,1.9,8.3,233,51*65
 
STATION sbdservice
IRID_ID 300224010734970
BODY --

From sbdservice@sbd.iridium.com Tue May 8 02:00:56 2012
Return-Path: <sbdservice@sbd.iridium.com>
Received: from istbsp02.sbd.iridium.com (outbound.sbd.iridium.com [12.47.179.11])
	by mercury.noc.soton.ac.uk (8.13.1/8.12.11) with ESMTP id q4810pv9013023
	for <iridburst@noc.soton.ac.uk>; Tue, 8 May 2012 02:00:51 +0100
Reply-To: <sbdservice@sbd.iridium.com>
From: sbdservice@sbd.iridium.com
To: iridburst@noc.soton.ac.uk
Subject: SBD Msg From Unit: 300224010734970
MIME-Version: 1.0
Content-Type: multipart/mixed;boundary="SBD.Boundary.605592468"
Message-Id: <19740412024625.2DD74DDBBF40A677@istbsp02.sbd.iridium.com>
Date: Tue,  8 May 2012 01:00:50 +0000 (GMT)
X-NOCS-MailScanner-Information: Please contact the ISP for more information
X-NOCS-MailScanner-ID: q4810pv9013023
X-NOCS-MailScanner: Found to be clean
X-NOCS-MailScanner-SpamCheck: not spam (whitelisted),
	SpamAssassin (not cached, score=-6.599, required 5,
	autolearn=not spam, BAYES_00 -2.60, RCVD_IN_DNSWL_MED -4.00)
X-NOCS-MailScanner-From: sbdservice@sbd.iridium.com
X-Spam-Status: No

SBM Message
--SBD.Boundary.605592468
PROCESS /noc/users/iridburst/exec/irid_300224010734970_upd.pl
Last Run  ----1970-01-01 00:00:00 
MONTH  5 
DATA  xxrecord 2012-05-25 07:00:05 :: $W5M5A,120525,070005,660d0028449ce246,1,DAS 2,4901.3884N,1621.0153W,8.6,63,10.4,14.6,12.9,93.8,11.9,12.9,94.0,12.0,1014.1,1.3,1.9,8.3,233,51*65
 
STATION sbdservice
IRID_ID 300224010734970
BODY --

From sbdservice@sbd.iridium.com Tue May 8 03:01:03 2012
Return-Path: <sbdservice@sbd.iridium.com>
Received: from istbsp01.sbd.iridium.com (outbound.sbd.iridium.com [12.47.179.11])
	by mercury.noc.soton.ac.uk (8.13.1/8.12.11) with ESMTP id q4820uHD018174
	for <iridburst@noc.soton.ac.uk>; Tue, 8 May 2012 03:00:57 +0100
Reply-To: <sbdservice@sbd.iridium.com>
From: sbdservice@sbd.iridium.com
To: iridburst@noc.soton.ac.uk
Subject: SBD Msg From Unit: 300224010734970
MIME-Version: 1.0
Content-Type: multipart/mixed;boundary="SBD.Boundary.605592468"
Message-Id: <19740412024625.470B4EC83F1CD52B@istbsp01.sbd.iridium.com>
Date: Tue,  8 May 2012 02:00:55 +0000 (GMT)
X-NOCS-MailScanner-Information: Please contact the ISP for more information
X-NOCS-MailScanner-ID: q4820uHD018174
X-NOCS-MailScanner: Found to be clean
X-NOCS-MailScanner-SpamCheck: not spam (whitelisted),
	SpamAssassin (not cached, score=-6.599, required 5,
	autolearn=not spam, BAYES_00 -2.60, RCVD_IN_DNSWL_MED -4.00)
X-NOCS-MailScanner-From: sbdservice@sbd.iridium.com
X-Spam-Status: No

SBM Message
--SBD.Boundary.605592468
PROCESS /noc/users/iridburst/exec/irid_300224010734970_upd.pl
Last Run  ----1970-01-01 00:00:00 
MONTH  5 
DATA  xxrecord 2012-05-25 07:00:05 :: $W5M5A,120525,070005,660d0028449ce246,1,DAS 2,4901.3884N,1621.0153W,8.6,63,10.4,14.6,12.9,93.8,11.9,12.9,94.0,12.0,1014.1,1.3,1.9,8.3,233,51*65
 
STATION sbdservice
IRID_ID 300224010734970
BODY --

From sbdservice@sbd.iridium.com Tue May 8 04:01:02 2012
Return-Path: <sbdservice@sbd.iridium.com>
Received: from istbsp01.sbd.iridium.com (outbound.sbd.iridium.com [12.47.179.11])
	by mercury.noc.soton.ac.uk (8.13.1/8.12.11) with ESMTP id q4830w9d023026
	for <iridburst@noc.soton.ac.uk>; Tue, 8 May 2012 04:00:59 +0100
Reply-To: <sbdservice@sbd.iridium.com>
From: sbdservice@sbd.iridium.com
To: iridburst@noc.soton.ac.uk
Subject: SBD Msg From Unit: 300224010734970
MIME-Version: 1.0
Content-Type: multipart/mixed;boundary="SBD.Boundary.605592468"
Message-Id: <19740412024625.B0A47CEA731EEA6E@istbsp01.sbd.iridium.com>
Date: Tue,  8 May 2012 03:00:58 +0000 (GMT)
X-NOCS-MailScanner-Information: Please contact the ISP for more information
X-NOCS-MailScanner-ID: q4830w9d023026
X-NOCS-MailScanner: Found to be clean
X-NOCS-MailScanner-SpamCheck: not spam (whitelisted),
	SpamAssassin (not cached, score=-6.599, required 5,
	autolearn=not spam, BAYES_00 -2.60, RCVD_IN_DNSWL_MED -4.00)
X-NOCS-MailScanner-From: sbdservice@sbd.iridium.com
X-Spam-Status: No

SBM Message
--SBD.Boundary.605592468
PROCESS /noc/users/iridburst/exec/irid_300224010734970_upd.pl
Last Run  ----1970-01-01 00:00:00 
MONTH  5 
DATA  xxrecord 2012-05-25 07:00:05 :: $W5M5A,120525,070005,660d0028449ce246,1,DAS 2,4901.3884N,1621.0153W,8.6,63,10.4,14.6,12.9,93.8,11.9,12.9,94.0,12.0,1014.1,1.3,1.9,8.3,233,51*65
 
STATION sbdservice
IRID_ID 300224010734970
BODY --

From sbdservice@sbd.iridium.com Tue May 8 05:00:56 2012
Return-Path: <sbdservice@sbd.iridium.com>
Received: from istbsp02.sbd.iridium.com (outbound.sbd.iridium.com [12.47.179.11])
	by mercury.noc.soton.ac.uk (8.13.1/8.12.11) with ESMTP id q4840ppC028296
	for <iridburst@noc.soton.ac.uk>; Tue, 8 May 2012 05:00:51 +0100
Reply-To: <sbdservice@sbd.iridium.com>
From: sbdservice@sbd.iridium.com
To: iridburst@noc.soton.ac.uk
Subject: SBD Msg From Unit: 300224010734970
MIME-Version: 1.0
Content-Type: multipart/mixed;boundary="SBD.Boundary.605592468"
Message-Id: <19740412024625.B4424EC877439D20@istbsp02.sbd.iridium.com>
Date: Tue,  8 May 2012 04:00:50 +0000 (GMT)
X-NOCS-MailScanner-Information: Please contact the ISP for more information
X-NOCS-MailScanner-ID: q4840ppC028296
X-NOCS-MailScanner: Found to be clean
X-NOCS-MailScanner-SpamCheck: not spam (whitelisted),
	SpamAssassin (not cached, score=-6.599, required 5,
	autolearn=not spam, BAYES_00 -2.60, RCVD_IN_DNSWL_MED -4.00)
X-NOCS-MailScanner-From: sbdservice@sbd.iridium.com
X-Spam-Status: No

SBM Message
--SBD.Boundary.605592468
PROCESS /noc/users/iridburst/exec/irid_300224010734970_upd.pl
Last Run  ----1970-01-01 00:00:00 
MONTH  5 
DATA  xxrecord 2012-05-25 07:00:05 :: $W5M5A,120525,070005,660d0028449ce246,1,DAS 2,4901.3884N,1621.0153W,8.6,63,10.4,14.6,12.9,93.8,11.9,12.9,94.0,12.0,1014.1,1.3,1.9,8.3,233,51*65
 
STATION sbdservice
IRID_ID 300224010734970
BODY --

From sbdservice@sbd.iridium.com Tue May 8 06:00:55 2012
Return-Path: <sbdservice@sbd.iridium.com>
Received: from istbsp02.sbd.iridium.com (outbound.sbd.iridium.com [12.47.179.11])
	by mercury.noc.soton.ac.uk (8.13.1/8.12.11) with ESMTP id q4850qWr000938
	for <iridburst@noc.soton.ac.uk>; Tue, 8 May 2012 06:00:52 +0100
Reply-To: <sbdservice@sbd.iridium.com>
From: sbdservice@sbd.iridium.com
To: iridburst@noc.soton.ac.uk
Subject: SBD Msg From Unit: 300224010734970
MIME-Version: 1.0
Content-Type: multipart/mixed;boundary="SBD.Boundary.605592468"
Message-Id: <19740412024625.11654CE877714339@istbsp02.sbd.iridium.com>
Date: Tue,  8 May 2012 05:00:51 +0000 (GMT)
X-NOCS-MailScanner-Information: Please contact the ISP for more information
X-NOCS-MailScanner-ID: q4850qWr000938
X-NOCS-MailScanner: Found to be clean
X-NOCS-MailScanner-SpamCheck: not spam (whitelisted),
	SpamAssassin (not cached, score=-6.599, required 5,
	autolearn=not spam, BAYES_00 -2.60, RCVD_IN_DNSWL_MED -4.00)
X-NOCS-MailScanner-From: sbdservice@sbd.iridium.com
X-Spam-Status: No

SBM Message
--SBD.Boundary.605592468
PROCESS /noc/users/iridburst/exec/irid_300224010734970_upd.pl
Last Run  ----1970-01-01 00:00:00 
MONTH  5 
DATA  xxrecord 2012-05-25 07:00:05 :: $W5M5A,120525,070005,660d0028449ce246,1,DAS 2,4901.3884N,1621.0153W,8.6,63,10.4,14.6,12.9,93.8,11.9,12.9,94.0,12.0,1014.1,1.3,1.9,8.3,233,51*65
 
STATION sbdservice
IRID_ID 300224010734970
BODY --

From sbdservice@sbd.iridium.com Tue May 8 07:00:58 2012
Return-Path: <sbdservice@sbd.iridium.com>
Received: from istbsp02.sbd.iridium.com (outbound.sbd.iridium.com [12.47.179.11])
	by mercury.noc.soton.ac.uk (8.13.1/8.12.11) with ESMTP id q4860r62008694
	for <iridburst@noc.soton.ac.uk>; Tue, 8 May 2012 07:00:54 +0100
Reply-To: <sbdservice@sbd.iridium.com>
From: sbdservice@sbd.iridium.com
To: iridburst@noc.soton.ac.uk
Subject: SBD Msg From Unit: 300224010734970
MIME-Version: 1.0
Content-Type: multipart/mixed;boundary="SBD.Boundary.605592468"
Message-Id: <19740412024625.75405CDA3B617A80@istbsp02.sbd.iridium.com>
Date: Tue,  8 May 2012 06:00:53 +0000 (GMT)
X-NOCS-MailScanner-Information: Please contact the ISP for more information
X-NOCS-MailScanner-ID: q4860r62008694
X-NOCS-MailScanner: Found to be clean
X-NOCS-MailScanner-SpamCheck: not spam (whitelisted),
	SpamAssassin (not cached, score=-6.599, required 5,
	autolearn=not spam, BAYES_00 -2.60, RCVD_IN_DNSWL_MED -4.00)
X-NOCS-MailScanner-From: sbdservice@sbd.iridium.com
X-Spam-Status: No

SBM Message
--SBD.Boundary.605592468
PROCESS /noc/users/iridburst/exec/irid_300224010734970_upd.pl
Last Run  ----1970-01-01 00:00:00 
MONTH  5 
DATA  xxrecord 2012-05-25 07:00:05 :: $W5M5A,120525,070005,660d0028449ce246,1,DAS 2,4901.3884N,1621.0153W,8.6,63,10.4,14.6,12.9,93.8,11.9,12.9,94.0,12.0,1014.1,1.3,1.9,8.3,233,51*65
 
STATION sbdservice
IRID_ID 300224010734970
BODY --

From sbdservice@sbd.iridium.com Tue May 8 08:01:06 2012
Return-Path: <sbdservice@sbd.iridium.com>
Received: from istbsp02.sbd.iridium.com (outbound.sbd.iridium.com [12.47.179.11])
	by mercury.noc.soton.ac.uk (8.13.1/8.12.11) with ESMTP id q48710qu014411
	for <iridburst@noc.soton.ac.uk>; Tue, 8 May 2012 08:01:01 +0100
Reply-To: <sbdservice@sbd.iridium.com>
From: sbdservice@sbd.iridium.com
To: iridburst@noc.soton.ac.uk
Subject: SBD Msg From Unit: 300224010734970
MIME-Version: 1.0
Content-Type: multipart/mixed;boundary="SBD.Boundary.605592468"
Message-Id: <19740412024625.00D76DEBF753781D@istbsp02.sbd.iridium.com>
Date: Tue,  8 May 2012 07:01:00 +0000 (GMT)
X-NOCS-MailScanner-Information: Please contact the ISP for more information
X-NOCS-MailScanner-ID: q48710qu014411
X-NOCS-MailScanner: Found to be clean
X-NOCS-MailScanner-SpamCheck: not spam (whitelisted),
	SpamAssassin (not cached, score=-6.599, required 5,
	autolearn=not spam, BAYES_00 -2.60, RCVD_IN_DNSWL_MED -4.00)
X-NOCS-MailScanner-From: sbdservice@sbd.iridium.com
X-Spam-Status: No

SBM Message
--SBD.Boundary.605592468
PROCESS /noc/users/iridburst/exec/irid_300224010734970_upd.pl
Last Run  ----1970-01-01 00:00:00 
MONTH  5 
DATA  xxrecord 2012-05-25 07:00:05 :: $W5M5A,120525,070005,660d0028449ce246,1,DAS 2,4901.3884N,1621.0153W,8.6,63,10.4,14.6,12.9,93.8,11.9,12.9,94.0,12.0,1014.1,1.3,1.9,8.3,233,51*65
 
STATION sbdservice
IRID_ID 300224010734970
BODY --

From sbdservice@sbd.iridium.com Tue May 8 09:00:58 2012
Return-Path: <sbdservice@sbd.iridium.com>
Received: from istbsp02.sbd.iridium.com (outbound.sbd.iridium.com [12.47.179.11])
	by mercury.noc.soton.ac.uk (8.13.1/8.12.11) with ESMTP id q4880nBI025673
	for <iridburst@noc.soton.ac.uk>; Tue, 8 May 2012 09:00:50 +0100
Reply-To: <sbdservice@sbd.iridium.com>
From: sbdservice@sbd.iridium.com
To: iridburst@noc.soton.ac.uk
Subject: SBD Msg From Unit: 300224010734970
MIME-Version: 1.0
Content-Type: multipart/mixed;boundary="SBD.Boundary.605592468"
Message-Id: <19740412024625.B3A36CE9F7608E07@istbsp02.sbd.iridium.com>
Date: Tue,  8 May 2012 08:00:49 +0000 (GMT)
X-NOCS-MailScanner-Information: Please contact the ISP for more information
X-NOCS-MailScanner-ID: q4880nBI025673
X-NOCS-MailScanner: Found to be clean
X-NOCS-MailScanner-SpamCheck: not spam (whitelisted),
	SpamAssassin (not cached, score=-6.599, required 5,
	autolearn=not spam, BAYES_00 -2.60, RCVD_IN_DNSWL_MED -4.00)
X-NOCS-MailScanner-From: sbdservice@sbd.iridium.com
X-Spam-Status: No

SBM Message
--SBD.Boundary.605592468
PROCESS /noc/users/iridburst/exec/irid_300224010734970_upd.pl
Last Run  ----1970-01-01 00:00:00 
MONTH  5 
DATA  xxrecord 2012-05-25 07:00:05 :: $W5M5A,120525,070005,660d0028449ce246,1,DAS 2,4901.3884N,1621.0153W,8.6,63,10.4,14.6,12.9,93.8,11.9,12.9,94.0,12.0,1014.1,1.3,1.9,8.3,233,51*65
 
STATION sbdservice
IRID_ID 300224010734970
BODY --

From sbdservice@sbd.iridium.com Tue May 8 10:01:18 2012
Return-Path: <sbdservice@sbd.iridium.com>
Received: from istbsp01.sbd.iridium.com (outbound.sbd.iridium.com [12.47.179.11])
	by mercury.noc.soton.ac.uk (8.13.1/8.12.11) with ESMTP id q4891COk003263
	for <iridburst@noc.soton.ac.uk>; Tue, 8 May 2012 10:01:13 +0100
Reply-To: <sbdservice@sbd.iridium.com>
From: sbdservice@sbd.iridium.com
To: iridburst@noc.soton.ac.uk
Subject: SBD Msg From Unit: 300224010734970
MIME-Version: 1.0
Content-Type: multipart/mixed;boundary="SBD.Boundary.605592468"
Message-Id: <19740412024625.6AEF6EC9BF0EAFD8@istbsp01.sbd.iridium.com>
Date: Tue,  8 May 2012 09:01:12 +0000 (GMT)
X-NOCS-MailScanner-Information: Please contact the ISP for more information
X-NOCS-MailScanner-ID: q4891COk003263
X-NOCS-MailScanner: Found to be clean
X-NOCS-MailScanner-SpamCheck: not spam (whitelisted),
	SpamAssassin (not cached, score=-6.599, required 5,
	autolearn=not spam, BAYES_00 -2.60, RCVD_IN_DNSWL_MED -4.00)
X-NOCS-MailScanner-From: sbdservice@sbd.iridium.com
X-Spam-Status: No

SBM Message
--SBD.Boundary.605592468
PROCESS /noc/users/iridburst/exec/irid_300224010734970_upd.pl
Last Run  ----1970-01-01 00:00:00 
MONTH  5 
DATA  xxrecord 2012-05-25 07:00:05 :: $W5M5A,120525,070005,660d0028449ce246,1,DAS 2,4901.3884N,1621.0153W,8.6,63,10.4,14.6,12.9,93.8,11.9,12.9,94.0,12.0,1014.1,1.3,1.9,8.3,233,51*65
 
STATION sbdservice
IRID_ID 300224010734970
BODY 
Content-Type: text/plain;charset=US-ASCII
Content-Disposition: inline
Content-Transfer-Encoding: 7bit

MOMSN: 3140
MTMSN: 0
Time of Session (UTC): Tue May  8 09:01:20 2012
Session Status: 00 - Transfer OK
Message Size (bytes): 1960

Unit Location: Lat = 49.001651 Long = -16.343277
CEPradius = 3



-- 
This message has been scanned for viruses and
dangerous content by MailScanner, and is
believed to be clean.


--SBD.Boundary.605592468
PROCESS /noc/users/iridburst/exec/irid_300224010734970_upd.pl
Last Run  ----1970-01-01 00:00:00 
MONTH  5 
DATA  xxrecord 2012-05-25 07:00:05 :: $W5M5A,120525,070005,660d0028449ce246,1,DAS 2,4901.3884N,1621.0153W,8.6,63,10.4,14.6,12.9,93.8,11.9,12.9,94.0,12.0,1014.1,1.3,1.9,8.3,233,51*65
 
STATION sbdservice
IRID_ID 300224010734970
BODY 
Content-Type: text/plain;charset=US-ASCII
Content-Disposition: inline
Content-Transfer-Encoding: 7bit

MOMSN: 3141
MTMSN: 0
Time of Session (UTC): Tue May  8 10:00:38 2012
Session Status: 00 - Transfer OK
Message Size (bytes): 1960

Unit Location: Lat = 49.001651 Long = -16.343277
CEPradius = 1



-- 
This message has been scanned for viruses and
dangerous content by MailScanner, and is
believed to be clean.


--SBD.Boundary.605592468
PROCESS /noc/users/iridburst/exec/irid_300224010734970_upd.pl
Last Run  ----1970-01-01 00:00:00 
MONTH  5 
DATA  xxrecord 2012-05-25 07:00:05 :: $W5M5A,120525,070005,660d0028449ce246,1,DAS 2,4901.3884N,1621.0153W,8.6,63,10.4,14.6,12.9,93.8,11.9,12.9,94.0,12.0,1014.1,1.3,1.9,8.3,233,51*65
 
STATION sbdservice
IRID_ID 300224010734970
BODY 
Content-Type: text/plain;charset=US-ASCII
Content-Disposition: inline
Content-Transfer-Encoding: 7bit

MOMSN: 3142
MTMSN: 0
Time of Session (UTC): Tue May  8 11:00:41 2012
Session Status: 00 - Transfer OK
Message Size (bytes): 1960

Unit Location: Lat = 49.020042 Long = -16.411144
CEPradius = 2



-- 
This message has been scanned for viruses and
dangerous content by MailScanner, and is
believed to be clean.


--SBD.Boundary.605592468
PROCESS /noc/users/iridburst/exec/irid_300224010734970_upd.pl
Last Run  ----1970-01-01 00:00:00 
MONTH  5 
DATA  xxrecord 2012-05-25 07:00:05 :: $W5M5A,120525,070005,660d0028449ce246,1,DAS 2,4901.3884N,1621.0153W,8.6,63,10.4,14.6,12.9,93.8,11.9,12.9,94.0,12.0,1014.1,1.3,1.9,8.3,233,51*65
 
STATION sbdservice
IRID_ID 300224010734970
BODY 
Content-Type: text/plain;charset=US-ASCII
Content-Disposition: inline
Content-Transfer-Encoding: 7bit

MOMSN: 3143
MTMSN: 0
Time of Session (UTC): Tue May  8 12:00:33 2012
Session Status: 00 - Transfer OK
Message Size (bytes): 1960

Unit Location: Lat = 49.027703 Long = -16.358670
CEPradius = 6



-- 
This message has been scanned for viruses and
dangerous content by MailScanner, and is
believed to be clean.


--SBD.Boundary.605592468
PROCESS /noc/users/iridburst/exec/irid_300224010734970_upd.pl
Last Run  ----1970-01-01 00:00:00 
MONTH  5 
DATA  xxrecord 2012-05-25 07:00:05 :: $W5M5A,120525,070005,660d0028449ce246,1,DAS 2,4901.3884N,1621.0153W,8.6,63,10.4,14.6,12.9,93.8,11.9,12.9,94.0,12.0,1014.1,1.3,1.9,8.3,233,51*65
 
STATION sbdservice
IRID_ID 300224010734970
BODY 
Content-Type: text/plain;charset=US-ASCII
Content-Disposition: inline
Content-Transfer-Encoding: 7bit

MOMSN: 3144
MTMSN: 0
Time of Session (UTC): Tue May  8 13:00:35 2012
Session Status: 00 - Transfer OK
Message Size (bytes): 1960

Unit Location: Lat = 49.001651 Long = -16.343277
CEPradius = 3



-- 
This message has been scanned for viruses and
dangerous content by MailScanner, and is
believed to be clean.


--SBD.Boundary.605592468
PROCESS /noc/users/iridburst/exec/irid_300224010734970_upd.pl
Last Run  ----1970-01-01 00:00:00 
MONTH  5 
DATA  xxrecord 2012-05-25 07:00:05 :: $W5M5A,120525,070005,660d0028449ce246,1,DAS 2,4901.3884N,1621.0153W,8.6,63,10.4,14.6,12.9,93.8,11.9,12.9,94.0,12.0,1014.1,1.3,1.9,8.3,233,51*65
 
STATION sbdservice
IRID_ID 300224010734970
BODY 
Content-Type: text/plain;charset=US-ASCII
Content-Disposition: inline
Content-Transfer-Encoding: 7bit

MOMSN: 3145
MTMSN: 0
Time of Session (UTC): Tue May  8 14:00:32 2012
Session Status: 00 - Transfer OK
Message Size (bytes): 1960

Unit Location: Lat = 48.994004 Long = -16.395707
CEPradius = 4



-- 
This message has been scanned for viruses and
dangerous content by MailScanner, and is
believed to be clean.


--SBD.Boundary.605592468
PROCESS /noc/users/iridburst/exec/irid_300224010734970_upd.pl
Last Run  ----1970-01-01 00:00:00 
MONTH  5 
DATA  xxrecord 2012-05-25 07:00:05 :: $W5M5A,120525,070005,660d0028449ce246,1,DAS 2,4901.3884N,1621.0153W,8.6,63,10.4,14.6,12.9,93.8,11.9,12.9,94.0,12.0,1014.1,1.3,1.9,8.3,233,51*65
 
STATION sbdservice
IRID_ID 300224010734970
BODY 
Content-Type: text/plain;charset=US-ASCII
Content-Disposition: inline
Content-Transfer-Encoding: 7bit

MOMSN: 3146
MTMSN: 0
Time of Session (UTC): Tue May  8 15:00:32 2012
Session Status: 00 - Transfer OK
Message Size (bytes): 1960

Unit Location: Lat = 48.994004 Long = -16.395707
CEPradius = 3



-- 
This message has been scanned for viruses and
dangerous content by MailScanner, and is
believed to be clean.


--SBD.Boundary.605592468
PROCESS /noc/users/iridburst/exec/irid_300224010734970_upd.pl
Last Run  ----1970-01-01 00:00:00 
MONTH  5 
DATA  xxrecord 2012-05-25 07:00:05 :: $W5M5A,120525,070005,660d0028449ce246,1,DAS 2,4901.3884N,1621.0153W,8.6,63,10.4,14.6,12.9,93.8,11.9,12.9,94.0,12.0,1014.1,1.3,1.9,8.3,233,51*65
 
STATION sbdservice
IRID_ID 300224010734970
BODY 
Content-Type: text/plain;charset=US-ASCII
Content-Disposition: inline
Content-Transfer-Encoding: 7bit

MOMSN: 3147
MTMSN: 0
Time of Session (UTC): Tue May  8 16:00:33 2012
Session Status: 00 - Transfer OK
Message Size (bytes): 1960

Unit Location: Lat = 49.027703 Long = -16.358670
CEPradius = 3



-- 
This message has been scanned for viruses and
dangerous content by MailScanner, and is
believed to be clean.


--SBD.Boundary.605592468
PROCESS /noc/users/iridburst/exec/irid_300224010734970_upd.pl
Last Run  ----1970-01-01 00:00:00 
MONTH  5 
DATA  xxrecord 2012-05-25 07:00:05 :: $W5M5A,120525,070005,660d0028449ce246,1,DAS 2,4901.3884N,1621.0153W,8.6,63,10.4,14.6,12.9,93.8,11.9,12.9,94.0,12.0,1014.1,1.3,1.9,8.3,233,51*65
 
STATION sbdservice
IRID_ID 300224010734970
BODY 
Content-Type: text/plain;charset=US-ASCII
Content-Disposition: inline
Content-Transfer-Encoding: 7bit

MOMSN: 3148
MTMSN: 0
Time of Session (UTC): Tue May  8 17:00:30 2012
Session Status: 00 - Transfer OK
Message Size (bytes): 1960

Unit Location: Lat = 49.001651 Long = -16.343277
CEPradius = 9



-- 
This message has been scanned for viruses and
dangerous content by MailScanner, and is
believed to be clean.


--SBD.Boundary.605592468
PROCESS /noc/users/iridburst/exec/irid_300224010734970_upd.pl
Last Run  ----1970-01-01 00:00:00 
MONTH  5 
DATA  xxrecord 2012-05-25 07:00:05 :: $W5M5A,120525,070005,660d0028449ce246,1,DAS 2,4901.3884N,1621.0153W,8.6,63,10.4,14.6,12.9,93.8,11.9,12.9,94.0,12.0,1014.1,1.3,1.9,8.3,233,51*65
 
STATION sbdservice
IRID_ID 300224010734970
BODY 
Content-Type: text/plain;charset=US-ASCII
Content-Disposition: inline
Content-Transfer-Encoding: 7bit

MOMSN: 3149
MTMSN: 0
Time of Session (UTC): Tue May  8 18:00:34 2012
Session Status: 00 - Transfer OK
Message Size (bytes): 1960

Unit Location: Lat = 49.027703 Long = -16.358670
CEPradius = 3



-- 
This message has been scanned for viruses and
dangerous content by MailScanner, and is
believed to be clean.


--SBD.Boundary.605592468
PROCESS /noc/users/iridburst/exec/irid_300224010734970_upd.pl
Last Run  ----1970-01-01 00:00:00 
MONTH  5 
DATA  xxrecord 2012-05-25 07:00:05 :: $W5M5A,120525,070005,660d0028449ce246,1,DAS 2,4901.3884N,1621.0153W,8.6,63,10.4,14.6,12.9,93.8,11.9,12.9,94.0,12.0,1014.1,1.3,1.9,8.3,233,51*65
 
STATION sbdservice
IRID_ID 300224010734970
BODY 
Content-Type: text/plain;charset=US-ASCII
Content-Disposition: inline
Content-Transfer-Encoding: 7bit

MOMSN: 3150
MTMSN: 0
Time of Session (UTC): Tue May  8 19:00:36 2012
Session Status: 00 - Transfer OK
Message Size (bytes): 1960

Unit Location: Lat = 49.027703 Long = -16.358670
CEPradius = 4



-- 
This message has been scanned for viruses and
dangerous content by MailScanner, and is
believed to be clean.


--SBD.Boundary.605592468
PROCESS /noc/users/iridburst/exec/irid_300224010734970_upd.pl
Last Run  ----1970-01-01 00:00:00 
MONTH  5 
DATA  xxrecord 2012-05-25 07:00:05 :: $W5M5A,120525,070005,660d0028449ce246,1,DAS 2,4901.3884N,1621.0153W,8.6,63,10.4,14.6,12.9,93.8,11.9,12.9,94.0,12.0,1014.1,1.3,1.9,8.3,233,51*65
 
STATION sbdservice
IRID_ID 300224010734970
BODY 
Content-Type: text/plain;charset=US-ASCII
Content-Disposition: inline
Content-Transfer-Encoding: 7bit

MOMSN: 3151
MTMSN: 0
Time of Session (UTC): Tue May  8 20:00:34 2012
Session Status: 00 - Transfer OK
Message Size (bytes): 1960

Unit Location: Lat = 49.069672 Long = -16.426609
CEPradius = 3



-- 
This message has been scanned for viruses and
dangerous content by MailScanner, and is
believed to be clean.


--SBD.Boundary.605592468
PROCESS /noc/users/iridburst/exec/irid_300224010734970_upd.pl
Last Run  ----1970-01-01 00:00:00 
MONTH  5 
DATA  xxrecord 2012-05-25 07:00:05 :: $W5M5A,120525,070005,660d0028449ce246,1,DAS 2,4901.3884N,1621.0153W,8.6,63,10.4,14.6,12.9,93.8,11.9,12.9,94.0,12.0,1014.1,1.3,1.9,8.3,233,51*65
 
STATION sbdservice
IRID_ID 300224010734970
BODY 
Content-Type: text/plain;charset=US-ASCII
Content-Disposition: inline
Content-Transfer-Encoding: 7bit

MOMSN: 3152
MTMSN: 0
Time of Session (UTC): Tue May  8 21:00:33 2012
Session Status: 00 - Transfer OK
Message Size (bytes): 1943

Unit Location: Lat = 49.027703 Long = -16.358670
CEPradius = 5



-- 
This message has been scanned for viruses and
dangerous content by MailScanner, and is
believed to be clean.


--SBD.Boundary.605592468
PROCESS /noc/users/iridburst/exec/irid_300224010734970_upd.pl
Last Run  ----1970-01-01 00:00:00 
MONTH  5 
DATA  xxrecord 2012-05-25 07:00:05 :: $W5M5A,120525,070005,660d0028449ce246,1,DAS 2,4901.3884N,1621.0153W,8.6,63,10.4,14.6,12.9,93.8,11.9,12.9,94.0,12.0,1014.1,1.3,1.9,8.3,233,51*65
 
STATION sbdservice
IRID_ID 300224010734970
BODY 
Content-Type: text/plain;charset=US-ASCII
Content-Disposition: inline
Content-Transfer-Encoding: 7bit

MOMSN: 3153
MTMSN: 0
Time of Session (UTC): Tue May  8 22:00:39 2012
Session Status: 00 - Transfer OK
Message Size (bytes): 1895

Unit Location: Lat = 49.077345 Long = -16.374091
CEPradius = 5



-- 
This message has been scanned for viruses and
dangerous content by MailScanner, and is
believed to be clean.


--SBD.Boundary.605592468
PROCESS /noc/users/iridburst/exec/irid_300224010734970_upd.pl
Last Run  ----1970-01-01 00:00:00 
MONTH  5 
DATA  xxrecord 2012-05-25 07:00:05 :: $W5M5A,120525,070005,660d0028449ce246,1,DAS 2,4901.3884N,1621.0153W,8.6,63,10.4,14.6,12.9,93.8,11.9,12.9,94.0,12.0,1014.1,1.3,1.9,8.3,233,51*65
 
STATION sbdservice
IRID_ID 300224010734970
BODY 
Content-Type: text/plain;charset=US-ASCII
Content-Disposition: inline
Content-Transfer-Encoding: 7bit

MOMSN: 3154
MTMSN: 0
Time of Session (UTC): Tue May  8 23:00:34 2012
Session Status: 00 - Transfer OK
Message Size (bytes): 1943

Unit Location: Lat = 49.038078 Long = -17.050426
CEPradius = 100



-- 
This message has been scanned for viruses and
dangerous content by MailScanner, and is
believed to be clean.


--SBD.Boundary.605592468
PROCESS /noc/users/iridburst/exec/irid_300224010734970_upd.pl
Last Run  ----1970-01-01 00:00:00 
MONTH  5 
DATA  xxrecord 2012-05-25 07:00:05 :: $W5M5A,120525,070005,660d0028449ce246,1,DAS 2,4901.3884N,1621.0153W,8.6,63,10.4,14.6,12.9,93.8,11.9,12.9,94.0,12.0,1014.1,1.3,1.9,8.3,233,51*65
 
STATION sbdservice
IRID_ID 300224010734970
BODY 
Content-Type: text/plain;charset=US-ASCII
Content-Disposition: inline
Content-Transfer-Encoding: 7bit

MOMSN: 3155
MTMSN: 0
Time of Session (UTC): Wed May  9 00:00:33 2012
Session Status: 00 - Transfer OK
Message Size (bytes): 1919

Unit Location: Lat = 49.027703 Long = -16.358670
CEPradius = 2



-- 
This message has been scanned for viruses and
dangerous content by MailScanner, and is
believed to be clean.


--SBD.Boundary.605592468
PROCESS /noc/users/iridburst/exec/irid_300224010734970_upd.pl
Last Run  ----1970-01-01 00:00:00 
MONTH  5 
DATA  xxrecord 2012-05-25 07:00:05 :: $W5M5A,120525,070005,660d0028449ce246,1,DAS 2,4901.3884N,1621.0153W,8.6,63,10.4,14.6,12.9,93.8,11.9,12.9,94.0,12.0,1014.1,1.3,1.9,8.3,233,51*65
 
STATION sbdservice
IRID_ID 300224010734970
BODY 
Content-Type: text/plain;charset=US-ASCII
Content-Disposition: inline
Content-Transfer-Encoding: 7bit

MOMSN: 3156
MTMSN: 0
Time of Session (UTC): Wed May  9 01:00:37 2012
Session Status: 00 - Transfer OK
Message Size (bytes): 1892

Unit Location: Lat = 49.015183 Long = -16.636397
CEPradius = 75



-- 
This message has been scanned for viruses and
dangerous content by MailScanner, and is
believed to be clean.


--SBD.Boundary.605592468
PROCESS /noc/users/iridburst/exec/irid_300224010734970_upd.pl
Last Run  ----1970-01-01 00:00:00 
MONTH  5 
DATA  xxrecord 2012-05-25 07:00:05 :: $W5M5A,120525,070005,660d0028449ce246,1,DAS 2,4901.3884N,1621.0153W,8.6,63,10.4,14.6,12.9,93.8,11.9,12.9,94.0,12.0,1014.1,1.3,1.9,8.3,233,51*65
 
STATION sbdservice
IRID_ID 300224010734970
BODY 
Content-Type: text/plain;charset=US-ASCII
Content-Disposition: inline
Content-Transfer-Encoding: 7bit

MOMSN: 3157
MTMSN: 0
Time of Session (UTC): Wed May  9 02:00:38 2012
Session Status: 00 - Transfer OK
Message Size (bytes): 1868

Unit Location: Lat = 49.012359 Long = -16.463590
CEPradius = 2



-- 
This message has been scanned for viruses and
dangerous content by MailScanner, and is
believed to be clean.


--SBD.Boundary.605592468
PROCESS /noc/users/iridburst/exec/irid_300224010734970_upd.pl
Last Run  ----1970-01-01 00:00:00 
MONTH  5 
DATA  xxrecord 2012-05-25 07:00:05 :: $W5M5A,120525,070005,660d0028449ce246,1,DAS 2,4901.3884N,1621.0153W,8.6,63,10.4,14.6,12.9,93.8,11.9,12.9,94.0,12.0,1014.1,1.3,1.9,8.3,233,51*65
 
STATION sbdservice
IRID_ID 300224010734970
BODY 
Content-Type: text/plain;charset=US-ASCII
Content-Disposition: inline
Content-Transfer-Encoding: 7bit

MOMSN: 3158
MTMSN: 0
Time of Session (UTC): Wed May  9 03:00:32 2012
Session Status: 00 - Transfer OK
Message Size (bytes): 1894

Unit Location: Lat = 49.028442 Long = -15.960424
CEPradius = 150



-- 
This message has been scanned for viruses and
dangerous content by MailScanner, and is
believed to be clean.


--SBD.Boundary.605592468
PROCESS /noc/users/iridburst/exec/irid_300224010734970_upd.pl
Last Run  ----1970-01-01 00:00:00 
MONTH  5 
DATA  xxrecord 2012-05-25 07:00:05 :: $W5M5A,120525,070005,660d0028449ce246,1,DAS 2,4901.3884N,1621.0153W,8.6,63,10.4,14.6,12.9,93.8,11.9,12.9,94.0,12.0,1014.1,1.3,1.9,8.3,233,51*65
 
STATION sbdservice
IRID_ID 300224010734970
BODY 
Content-Type: text/plain;charset=US-ASCII
Content-Disposition: inline
Content-Transfer-Encoding: 7bit

MOMSN: 3159
MTMSN: 0
Time of Session (UTC): Wed May  9 04:00:35 2012
Session Status: 00 - Transfer OK
Message Size (bytes): 1868

Unit Location: Lat = 49.027703 Long = -16.358670
CEPradius = 2



-- 
This message has been scanned for viruses and
dangerous content by MailScanner, and is
believed to be clean.


--SBD.Boundary.605592468
PROCESS /noc/users/iridburst/exec/irid_300224010734970_upd.pl
Last Run  ----1970-01-01 00:00:00 
MONTH  5 
DATA  xxrecord 2012-05-25 07:00:05 :: $W5M5A,120525,070005,660d0028449ce246,1,DAS 2,4901.3884N,1621.0153W,8.6,63,10.4,14.6,12.9,93.8,11.9,12.9,94.0,12.0,1014.1,1.3,1.9,8.3,233,51*65
 
STATION sbdservice
IRID_ID 300224010734970
BODY 
Content-Type: text/plain;charset=US-ASCII
Content-Disposition: inline
Content-Transfer-Encoding: 7bit

MOMSN: 3160
MTMSN: 0
Time of Session (UTC): Wed May  9 05:00:33 2012
Session Status: 00 - Transfer OK
Message Size (bytes): 1871

Unit Location: Lat = 48.983074 Long = -15.096910
CEPradius = 115



-- 
This message has been scanned for viruses and
dangerous content by MailScanner, and is
believed to be clean.


--SBD.Boundary.605592468
PROCESS /noc/users/iridburst/exec/irid_300224010734970_upd.pl
Last Run  ----1970-01-01 00:00:00 
MONTH  5 
DATA  xxrecord 2012-05-25 07:00:05 :: $W5M5A,120525,070005,660d0028449ce246,1,DAS 2,4901.3884N,1621.0153W,8.6,63,10.4,14.6,12.9,93.8,11.9,12.9,94.0,12.0,1014.1,1.3,1.9,8.3,233,51*65
 
STATION sbdservice
IRID_ID 300224010734970
BODY 
Content-Type: text/plain;charset=US-ASCII
Content-Disposition: inline
Content-Transfer-Encoding: 7bit

MOMSN: 3161
MTMSN: 0
Time of Session (UTC): Wed May  9 06:00:33 2012
Session Status: 00 - Transfer OK
Message Size (bytes): 1869

Unit Location: Lat = 49.012359 Long = -16.463590
CEPradius = 2



-- 
This message has been scanned for viruses and
dangerous content by MailScanner, and is
believed to be clean.


--SBD.Boundary.605592468
PROCESS /noc/users/iridburst/exec/irid_300224010734970_upd.pl
Last Run  ----1970-01-01 00:00:00 
MONTH  5 
DATA  xxrecord 2012-05-25 07:00:05 :: $W5M5A,120525,070005,660d0028449ce246,1,DAS 2,4901.3884N,1621.0153W,8.6,63,10.4,14.6,12.9,93.8,11.9,12.9,94.0,12.0,1014.1,1.3,1.9,8.3,233,51*65
 
STATION sbdservice
IRID_ID 300224010734970
BODY 
Content-Type: text/plain;charset=US-ASCII
Content-Disposition: inline
Content-Transfer-Encoding: 7bit

MOMSN: 3162
MTMSN: 0
Time of Session (UTC): Wed May  9 07:00:37 2012
Session Status: 00 - Transfer OK
Message Size (bytes): 1920

Unit Location: Lat = 49.001651 Long = -16.343277
CEPradius = 3



-- 
This message has been scanned for viruses and
dangerous content by MailScanner, and is
believed to be clean.


--SBD.Boundary.605592468
PROCESS /noc/users/iridburst/exec/irid_300224010734970_upd.pl
Last Run  ----1970-01-01 00:00:00 
MONTH  5 
DATA  xxrecord 2012-05-25 07:00:05 :: $W5M5A,120525,070005,660d0028449ce246,1,DAS 2,4901.3884N,1621.0153W,8.6,63,10.4,14.6,12.9,93.8,11.9,12.9,94.0,12.0,1014.1,1.3,1.9,8.3,233,51*65
 
STATION sbdservice
IRID_ID 300224010734970
BODY 
Content-Type: text/plain;charset=US-ASCII
Content-Disposition: inline
Content-Transfer-Encoding: 7bit

MOMSN: 3163
MTMSN: 0
Time of Session (UTC): Wed May  9 08:00:35 2012
Session Status: 00 - Transfer OK
Message Size (bytes): 1920

Unit Location: Lat = 49.001651 Long = -16.343277
CEPradius = 2



-- 
This message has been scanned for viruses and
dangerous content by MailScanner, and is
believed to be clean.


--SBD.Boundary.605592468
PROCESS /noc/users/iridburst/exec/irid_300224010734970_upd.pl
Last Run  ----1970-01-01 00:00:00 
MONTH  5 
DATA  xxrecord 2012-05-25 07:00:05 :: $W5M5A,120525,070005,660d0028449ce246,1,DAS 2,4901.3884N,1621.0153W,8.6,63,10.4,14.6,12.9,93.8,11.9,12.9,94.0,12.0,1014.1,1.3,1.9,8.3,233,51*65
 
STATION sbdservice
IRID_ID 300224010734970
BODY 
Content-Type: text/plain;charset=US-ASCII
Content-Disposition: inline
Content-Transfer-Encoding: 7bit

MOMSN: 3164
MTMSN: 0
Time of Session (UTC): Wed May  9 09:00:36 2012
Session Status: 00 - Transfer OK
Message Size (bytes): 1848

Unit Location: Lat = 49.012359 Long = -16.463590
CEPradius = 3



-- 
This message has been scanned for viruses and
dangerous content by MailScanner, and is
believed to be clean.


--SBD.Boundary.605592468
PROCESS /noc/users/iridburst/exec/irid_300224010734970_upd.pl
Last Run  ----1970-01-01 00:00:00 
MONTH  5 
DATA  xxrecord 2012-05-25 07:00:05 :: $W5M5A,120525,070005,660d0028449ce246,1,DAS 2,4901.3884N,1621.0153W,8.6,63,10.4,14.6,12.9,93.8,11.9,12.9,94.0,12.0,1014.1,1.3,1.9,8.3,233,51*65
 
STATION sbdservice
IRID_ID 300224010734970
BODY 
Content-Type: text/plain;charset=US-ASCII
Content-Disposition: inline
Content-Transfer-Encoding: 7bit

MOMSN: 3165
MTMSN: 0
Time of Session (UTC): Wed May  9 10:00:38 2012
Session Status: 00 - Transfer OK
Message Size (bytes): 1920

Unit Location: Lat = 49.027703 Long = -16.358670
CEPradius = 4



-- 
This message has been scanned for viruses and
dangerous content by MailScanner, and is
believed to be clean.


--SBD.Boundary.605592468
PROCESS /noc/users/iridburst/exec/irid_300224010734970_upd.pl
Last Run  ----1970-01-01 00:00:00 
MONTH  5 
DATA  xxrecord 2012-05-25 07:00:05 :: $W5M5A,120525,070005,660d0028449ce246,1,DAS 2,4901.3884N,1621.0153W,8.6,63,10.4,14.6,12.9,93.8,11.9,12.9,94.0,12.0,1014.1,1.3,1.9,8.3,233,51*65
 
STATION sbdservice
IRID_ID 300224010734970
BODY 
Content-Type: text/plain;charset=US-ASCII
Content-Disposition: inline
Content-Transfer-Encoding: 7bit

MOMSN: 3166
MTMSN: 0
Time of Session (UTC): Wed May  9 11:00:37 2012
Session Status: 00 - Transfer OK
Message Size (bytes): 1847

Unit Location: Lat = 49.020042 Long = -16.411144
CEPradius = 4



-- 
This message has been scanned for viruses and
dangerous content by MailScanner, and is
believed to be clean.


--SBD.Boundary.605592468
PROCESS /noc/users/iridburst/exec/irid_300224010734970_upd.pl
Last Run  ----1970-01-01 00:00:00 
MONTH  5 
DATA  xxrecord 2012-05-25 07:00:05 :: $W5M5A,120525,070005,660d0028449ce246,1,DAS 2,4901.3884N,1621.0153W,8.6,63,10.4,14.6,12.9,93.8,11.9,12.9,94.0,12.0,1014.1,1.3,1.9,8.3,233,51*65
 
STATION sbdservice
IRID_ID 300224010734970
BODY 
Content-Type: text/plain;charset=US-ASCII
Content-Disposition: inline
Content-Transfer-Encoding: 7bit

MOMSN: 3167
MTMSN: 0
Time of Session (UTC): Wed May  9 12:00:36 2012
Session Status: 00 - Transfer OK
Message Size (bytes): 1920

Unit Location: Lat = 48.970402 Long = -16.395707
CEPradius = 4



-- 
This message has been scanned for viruses and
dangerous content by MailScanner, and is
believed to be clean.


--SBD.Boundary.605592468
PROCESS /noc/users/iridburst/exec/irid_300224010734970_upd.pl
Last Run  ----1970-01-01 00:00:00 
MONTH  5 
DATA  xxrecord 2012-05-25 07:00:05 :: $W5M5A,120525,070005,660d0028449ce246,1,DAS 2,4901.3884N,1621.0153W,8.6,63,10.4,14.6,12.9,93.8,11.9,12.9,94.0,12.0,1014.1,1.3,1.9,8.3,233,51*65
 
STATION sbdservice
IRID_ID 300224010734970
BODY 
Content-Type: text/plain;charset=US-ASCII
Content-Disposition: inline
Content-Transfer-Encoding: 7bit

MOMSN: 3168
MTMSN: 0
Time of Session (UTC): Wed May  9 13:00:32 2012
Session Status: 00 - Transfer OK
Message Size (bytes): 1922

Unit Location: Lat = 48.970402 Long = -16.395707
CEPradius = 5



-- 
This message has been scanned for viruses and
dangerous content by MailScanner, and is
believed to be clean.


--SBD.Boundary.605592468
PROCESS /noc/users/iridburst/exec/irid_300224010734970_upd.pl
Last Run  ----1970-01-01 00:00:00 
MONTH  5 
DATA  xxrecord 2012-05-25 07:00:05 :: $W5M5A,120525,070005,660d0028449ce246,1,DAS 2,4901.3884N,1621.0153W,8.6,63,10.4,14.6,12.9,93.8,11.9,12.9,94.0,12.0,1014.1,1.3,1.9,8.3,233,51*65
 
STATION sbdservice
IRID_ID 300224010734970
BODY 
Content-Type: text/plain;charset=US-ASCII
Content-Disposition: inline
Content-Transfer-Encoding: 7bit

MOMSN: 3169
MTMSN: 0
Time of Session (UTC): Wed May  9 14:00:42 2012
Session Status: 00 - Transfer OK
Message Size (bytes): 1922

Unit Location: Lat = 49.027703 Long = -16.358670
CEPradius = 2



-- 
This message has been scanned for viruses and
dangerous content by MailScanner, and is
believed to be clean.


--SBD.Boundary.605592468
PROCESS /noc/users/iridburst/exec/irid_300224010734970_upd.pl
Last Run  ----1970-01-01 00:00:00 
MONTH  5 
DATA  xxrecord 2012-05-25 07:00:05 :: $W5M5A,120525,070005,660d0028449ce246,1,DAS 2,4901.3884N,1621.0153W,8.6,63,10.4,14.6,12.9,93.8,11.9,12.9,94.0,12.0,1014.1,1.3,1.9,8.3,233,51*65
 
STATION sbdservice
IRID_ID 300224010734970
BODY 
Content-Type: text/plain;charset=US-ASCII
Content-Disposition: inline
Content-Transfer-Encoding: 7bit

MOMSN: 3170
MTMSN: 0
Time of Session (UTC): Wed May  9 15:00:35 2012
Session Status: 00 - Transfer OK
Message Size (bytes): 1922

Unit Location: Lat = 49.020042 Long = -16.411144
CEPradius = 2



-- 
This message has been scanned for viruses and
dangerous content by MailScanner, and is
believed to be clean.


--SBD.Boundary.605592468
PROCESS /noc/users/iridburst/exec/irid_300224010734970_upd.pl
Last Run  ----1970-01-01 00:00:00 
MONTH  5 
DATA  xxrecord 2012-05-25 07:00:05 :: $W5M5A,120525,070005,660d0028449ce246,1,DAS 2,4901.3884N,1621.0153W,8.6,63,10.4,14.6,12.9,93.8,11.9,12.9,94.0,12.0,1014.1,1.3,1.9,8.3,233,51*65
 
STATION sbdservice
IRID_ID 300224010734970
BODY 
Content-Type: text/plain;charset=US-ASCII
Content-Disposition: inline
Content-Transfer-Encoding: 7bit

MOMSN: 3171
MTMSN: 0
Time of Session (UTC): Wed May  9 16:00:36 2012
Session Status: 00 - Transfer OK
Message Size (bytes): 1894

Unit Location: Lat = 48.988759 Long = -16.463590
CEPradius = 14



-- 
This message has been scanned for viruses and
dangerous content by MailScanner, and is
believed to be clean.


--SBD.Boundary.605592468
PROCESS /noc/users/iridburst/exec/irid_300224010734970_upd.pl
Last Run  ----1970-01-01 00:00:00 
MONTH  5 
DATA  xxrecord 2012-05-25 07:00:05 :: $W5M5A,120525,070005,660d0028449ce246,1,DAS 2,4901.3884N,1621.0153W,8.6,63,10.4,14.6,12.9,93.8,11.9,12.9,94.0,12.0,1014.1,1.3,1.9,8.3,233,51*65
 
STATION sbdservice
IRID_ID 300224010734970
BODY 
Content-Type: text/plain;charset=US-ASCII
Content-Disposition: inline
Content-Transfer-Encoding: 7bit

MOMSN: 3172
MTMSN: 0
Time of Session (UTC): Wed May  9 17:00:36 2012
Session Status: 00 - Transfer OK
Message Size (bytes): 1895

Unit Location: Lat = 49.001651 Long = -16.343277
CEPradius = 2



-- 
This message has been scanned for viruses and
dangerous content by MailScanner, and is
believed to be clean.


--SBD.Boundary.605592468
PROCESS /noc/users/iridburst/exec/irid_300224010734970_upd.pl
Last Run  ----1970-01-01 00:00:00 
MONTH  5 
DATA  xxrecord 2012-05-25 07:00:05 :: $W5M5A,120525,070005,660d0028449ce246,1,DAS 2,4901.3884N,1621.0153W,8.6,63,10.4,14.6,12.9,93.8,11.9,12.9,94.0,12.0,1014.1,1.3,1.9,8.3,233,51*65
 
STATION sbdservice
IRID_ID 300224010734970
BODY 
Content-Type: text/plain;charset=US-ASCII
Content-Disposition: inline
Content-Transfer-Encoding: 7bit

MOMSN: 3173
MTMSN: 0
Time of Session (UTC): Wed May  9 18:00:36 2012
Session Status: 00 - Transfer OK
Message Size (bytes): 1919

Unit Location: Lat = 49.043618 Long = -16.411144
CEPradius = 4



-- 
This message has been scanned for viruses and
dangerous content by MailScanner, and is
believed to be clean.


--SBD.Boundary.605592468
PROCESS /noc/users/iridburst/exec/irid_300224010734970_upd.pl
Last Run  ----1970-01-01 00:00:00 
MONTH  5 
DATA  xxrecord 2012-05-25 07:00:05 :: $W5M5A,120525,070005,660d0028449ce246,1,DAS 2,4901.3884N,1621.0153W,8.6,63,10.4,14.6,12.9,93.8,11.9,12.9,94.0,12.0,1014.1,1.3,1.9,8.3,233,51*65
 
STATION sbdservice
IRID_ID 300224010734970
BODY 
Content-Type: text/plain;charset=US-ASCII
Content-Disposition: inline
Content-Transfer-Encoding: 7bit

MOMSN: 3174
MTMSN: 0
Time of Session (UTC): Wed May  9 19:00:32 2012
Session Status: 00 - Transfer OK
Message Size (bytes): 1920

Unit Location: Lat = 49.027703 Long = -16.358670
CEPradius = 2



-- 
This message has been scanned for viruses and
dangerous content by MailScanner, and is
believed to be clean.


--SBD.Boundary.605592468
PROCESS /noc/users/iridburst/exec/irid_300224010734970_upd.pl
Last Run  ----1970-01-01 00:00:00 
MONTH  5 
DATA  xxrecord 2012-05-25 07:00:05 :: $W5M5A,120525,070005,660d0028449ce246,1,DAS 2,4901.3884N,1621.0153W,8.6,63,10.4,14.6,12.9,93.8,11.9,12.9,94.0,12.0,1014.1,1.3,1.9,8.3,233,51*65
 
STATION sbdservice
IRID_ID 300224010734970
BODY 
Content-Type: text/plain;charset=US-ASCII
Content-Disposition: inline
Content-Transfer-Encoding: 7bit

MOMSN: 3175
MTMSN: 0
Time of Session (UTC): Wed May  9 20:00:34 2012
Session Status: 00 - Transfer OK
Message Size (bytes): 1870

Unit Location: Lat = 49.012359 Long = -16.463590
CEPradius = 2



-- 
This message has been scanned for viruses and
dangerous content by MailScanner, and is
believed to be clean.


--SBD.Boundary.605592468
PROCESS /noc/users/iridburst/exec/irid_300224010734970_upd.pl
Last Run  ----1970-01-01 00:00:00 
MONTH  5 
DATA  xxrecord 2012-05-25 07:00:05 :: $W5M5A,120525,070005,660d0028449ce246,1,DAS 2,4901.3884N,1621.0153W,8.6,63,10.4,14.6,12.9,93.8,11.9,12.9,94.0,12.0,1014.1,1.3,1.9,8.3,233,51*65
 
STATION sbdservice
IRID_ID 300224010734970
BODY 
Content-Type: text/plain;charset=US-ASCII
Content-Disposition: inline
Content-Transfer-Encoding: 7bit

MOMSN: 3176
MTMSN: 0
Time of Session (UTC): Wed May  9 21:00:35 2012
Session Status: 00 - Transfer OK
Message Size (bytes): 1870

Unit Location: Lat = 49.012359 Long = -16.463590
CEPradius = 3



-- 
This message has been scanned for viruses and
dangerous content by MailScanner, and is
believed to be clean.


--SBD.Boundary.605592468
PROCESS /noc/users/iridburst/exec/irid_300224010734970_upd.pl
Last Run  ----1970-01-01 00:00:00 
MONTH  5 
DATA  xxrecord 2012-05-25 07:00:05 :: $W5M5A,120525,070005,660d0028449ce246,1,DAS 2,4901.3884N,1621.0153W,8.6,63,10.4,14.6,12.9,93.8,11.9,12.9,94.0,12.0,1014.1,1.3,1.9,8.3,233,51*65
 
STATION sbdservice
IRID_ID 300224010734970
BODY 
Content-Type: text/plain;charset=US-ASCII
Content-Disposition: inline
Content-Transfer-Encoding: 7bit

MOMSN: 3177
MTMSN: 0
Time of Session (UTC): Wed May  9 22:00:32 2012
Session Status: 00 - Transfer OK
Message Size (bytes): 1895

Unit Location: Lat = 49.020042 Long = -16.411144
CEPradius = 8



-- 
This message has been scanned for viruses and
dangerous content by MailScanner, and is
believed to be clean.


--SBD.Boundary.605592468
PROCESS /noc/users/iridburst/exec/irid_300224010734970_upd.pl
Last Run  ----1970-01-01 00:00:00 
MONTH  5 
DATA  xxrecord 2012-05-25 07:00:05 :: $W5M5A,120525,070005,660d0028449ce246,1,DAS 2,4901.3884N,1621.0153W,8.6,63,10.4,14.6,12.9,93.8,11.9,12.9,94.0,12.0,1014.1,1.3,1.9,8.3,233,51*65
 
STATION sbdservice
IRID_ID 300224010734970
BODY 
Content-Type: text/plain;charset=US-ASCII
Content-Disposition: inline
Content-Transfer-Encoding: 7bit

MOMSN: 3178
MTMSN: 0
Time of Session (UTC): Wed May  9 23:00:32 2012
Session Status: 00 - Transfer OK
Message Size (bytes): 1872

Unit Location: Lat = 48.986143 Long = -19.161048
CEPradius = 210



-- 
This message has been scanned for viruses and
dangerous content by MailScanner, and is
believed to be clean.


--SBD.Boundary.605592468
PROCESS /noc/users/iridburst/exec/irid_300224010734970_upd.pl
Last Run  ----1970-01-01 00:00:00 
MONTH  5 
DATA  xxrecord 2012-05-25 07:00:05 :: $W5M5A,120525,070005,660d0028449ce246,1,DAS 2,4901.3884N,1621.0153W,8.6,63,10.4,14.6,12.9,93.8,11.9,12.9,94.0,12.0,1014.1,1.3,1.9,8.3,233,51*65
 
STATION sbdservice
IRID_ID 300224010734970
BODY 
Content-Type: text/plain;charset=US-ASCII
Content-Disposition: inline
Content-Transfer-Encoding: 7bit

MOMSN: 3179
MTMSN: 0
Time of Session (UTC): Thu May 10 00:00:35 2012
Session Status: 00 - Transfer OK
Message Size (bytes): 1825

Unit Location: Lat = 49.020042 Long = -16.411144
CEPradius = 4



-- 
This message has been scanned for viruses and
dangerous content by MailScanner, and is
believed to be clean.


--SBD.Boundary.605592468
PROCESS /noc/users/iridburst/exec/irid_300224010734970_upd.pl
Last Run  ----1970-01-01 00:00:00 
MONTH  5 
DATA  xxrecord 2012-05-25 07:00:05 :: $W5M5A,120525,070005,660d0028449ce246,1,DAS 2,4901.3884N,1621.0153W,8.6,63,10.4,14.6,12.9,93.8,11.9,12.9,94.0,12.0,1014.1,1.3,1.9,8.3,233,51*65
 
STATION sbdservice
IRID_ID 300224010734970
BODY 
Content-Type: text/plain;charset=US-ASCII
Content-Disposition: inline
Content-Transfer-Encoding: 7bit

MOMSN: 3180
MTMSN: 0
Time of Session (UTC): Thu May 10 01:00:35 2012
Session Status: 00 - Transfer OK
Message Size (bytes): 1920

Unit Location: Lat = 48.938485 Long = -18.797685
CEPradius = 196



-- 
This message has been scanned for viruses and
dangerous content by MailScanner, and is
believed to be clean.


--SBD.Boundary.605592468
PROCESS /noc/users/iridburst/exec/irid_300224010734970_upd.pl
Last Run  ----1970-01-01 00:00:00 
MONTH  5 
DATA  xxrecord 2012-05-25 07:00:05 :: $W5M5A,120525,070005,660d0028449ce246,1,DAS 2,4901.3884N,1621.0153W,8.6,63,10.4,14.6,12.9,93.8,11.9,12.9,94.0,12.0,1014.1,1.3,1.9,8.3,233,51*65
 
STATION sbdservice
IRID_ID 300224010734970
BODY 
Content-Type: text/plain;charset=US-ASCII
Content-Disposition: inline
Content-Transfer-Encoding: 7bit

MOMSN: 3181
MTMSN: 0
Time of Session (UTC): Thu May 10 02:00:34 2012
Session Status: 00 - Transfer OK
Message Size (bytes): 1916

Unit Location: Lat = 49.020042 Long = -16.411144
CEPradius = 3



-- 
This message has been scanned for viruses and
dangerous content by MailScanner, and is
believed to be clean.


--SBD.Boundary.605592468
PROCESS /noc/users/iridburst/exec/irid_300224010734970_upd.pl
Last Run  ----1970-01-01 00:00:00 
MONTH  5 
DATA  xxrecord 2012-05-25 07:00:05 :: $W5M5A,120525,070005,660d0028449ce246,1,DAS 2,4901.3884N,1621.0153W,8.6,63,10.4,14.6,12.9,93.8,11.9,12.9,94.0,12.0,1014.1,1.3,1.9,8.3,233,51*65
 
STATION sbdservice
IRID_ID 300224010734970
BODY 
Content-Type: text/plain;charset=US-ASCII
Content-Disposition: inline
Content-Transfer-Encoding: 7bit

MOMSN: 3182
MTMSN: 0
Time of Session (UTC): Thu May 10 03:00:32 2012
Session Status: 00 - Transfer OK
Message Size (bytes): 1960

Unit Location: Lat = 49.081709 Long = -15.749822
CEPradius = 86



-- 
This message has been scanned for viruses and
dangerous content by MailScanner, and is
believed to be clean.


--SBD.Boundary.605592468
PROCESS /noc/users/iridburst/exec/irid_300224010734970_upd.pl
Last Run  ----1970-01-01 00:00:00 
MONTH  5 
DATA  xxrecord 2012-05-25 07:00:05 :: $W5M5A,120525,070005,660d0028449ce246,1,DAS 2,4901.3884N,1621.0153W,8.6,63,10.4,14.6,12.9,93.8,11.9,12.9,94.0,12.0,1014.1,1.3,1.9,8.3,233,51*65
 
STATION sbdservice
IRID_ID 300224010734970
BODY 
Content-Type: text/plain;charset=US-ASCII
Content-Disposition: inline
Content-Transfer-Encoding: 7bit

MOMSN: 3183
MTMSN: 0
Time of Session (UTC): Thu May 10 04:00:33 2012
Session Status: 00 - Transfer OK
Message Size (bytes): 1960

Unit Location: Lat = 49.027703 Long = -16.358670
CEPradius = 2



-- 
This message has been scanned for viruses and
dangerous content by MailScanner, and is
believed to be clean.


--SBD.Boundary.605592468
PROCESS /noc/users/iridburst/exec/irid_300224010734970_upd.pl
Last Run  ----1970-01-01 00:00:00 
MONTH  5 
DATA  xxrecord 2012-05-25 07:00:05 :: $W5M5A,120525,070005,660d0028449ce246,1,DAS 2,4901.3884N,1621.0153W,8.6,63,10.4,14.6,12.9,93.8,11.9,12.9,94.0,12.0,1014.1,1.3,1.9,8.3,233,51*65
 
STATION sbdservice
IRID_ID 300224010734970
BODY 
Content-Type: text/plain;charset=US-ASCII
Content-Disposition: inline
Content-Transfer-Encoding: 7bit

MOMSN: 3184
MTMSN: 0
Time of Session (UTC): Thu May 10 05:00:38 2012
Session Status: 00 - Transfer OK
Message Size (bytes): 1960

Unit Location: Lat = 49.073397 Long = -17.344227
CEPradius = 130



-- 
This message has been scanned for viruses and
dangerous content by MailScanner, and is
believed to be clean.


--SBD.Boundary.605592468
PROCESS /noc/users/iridburst/exec/irid_300224010734970_upd.pl
Last Run  ----1970-01-01 00:00:00 
MONTH  5 
DATA  xxrecord 2012-05-25 07:00:05 :: $W5M5A,120525,070005,660d0028449ce246,1,DAS 2,4901.3884N,1621.0153W,8.6,63,10.4,14.6,12.9,93.8,11.9,12.9,94.0,12.0,1014.1,1.3,1.9,8.3,233,51*65
 
STATION sbdservice
IRID_ID 300224010734970
BODY 
Content-Type: text/plain;charset=US-ASCII
Content-Disposition: inline
Content-Transfer-Encoding: 7bit

MOMSN: 3185
MTMSN: 0
Time of Session (UTC): Thu May 10 06:00:33 2012
Session Status: 00 - Transfer OK
Message Size (bytes): 1960

Unit Location: Lat = 49.001651 Long = -16.343277
CEPradius = 2



-- 
This message has been scanned for viruses and
dangerous content by MailScanner, and is
believed to be clean.


--SBD.Boundary.605592468
PROCESS /noc/users/iridburst/exec/irid_300224010734970_upd.pl
Last Run  ----1970-01-01 00:00:00 
MONTH  5 
DATA  xxrecord 2012-05-25 07:00:05 :: $W5M5A,120525,070005,660d0028449ce246,1,DAS 2,4901.3884N,1621.0153W,8.6,63,10.4,14.6,12.9,93.8,11.9,12.9,94.0,12.0,1014.1,1.3,1.9,8.3,233,51*65
 
STATION sbdservice
IRID_ID 300224010734970
BODY 
Content-Type: text/plain;charset=US-ASCII
Content-Disposition: inline
Content-Transfer-Encoding: 7bit

MOMSN: 3186
MTMSN: 0
Time of Session (UTC): Thu May 10 07:00:34 2012
Session Status: 00 - Transfer OK
Message Size (bytes): 1960

Unit Location: Lat = 48.943297 Long = -14.579504
CEPradius = 144



-- 
This message has been scanned for viruses and
dangerous content by MailScanner, and is
believed to be clean.


--SBD.Boundary.605592468
PROCESS /noc/users/iridburst/exec/irid_300224010734970_upd.pl
Last Run  ----1970-01-01 00:00:00 
MONTH  5 
DATA  xxrecord 2012-05-25 07:00:05 :: $W5M5A,120525,070005,660d0028449ce246,1,DAS 2,4901.3884N,1621.0153W,8.6,63,10.4,14.6,12.9,93.8,11.9,12.9,94.0,12.0,1014.1,1.3,1.9,8.3,233,51*65
 
STATION sbdservice
IRID_ID 300224010734970
BODY 
Content-Type: text/plain;charset=US-ASCII
Content-Disposition: inline
Content-Transfer-Encoding: 7bit

MOMSN: 3187
MTMSN: 0
Time of Session (UTC): Thu May 10 08:00:35 2012
Session Status: 00 - Transfer OK
Message Size (bytes): 1960

Unit Location: Lat = 49.027703 Long = -16.358670
CEPradius = 3



-- 
This message has been scanned for viruses and
dangerous content by MailScanner, and is
believed to be clean.


--SBD.Boundary.605592468
PROCESS /noc/users/iridburst/exec/irid_300224010734970_upd.pl
Last Run  ----1970-01-01 00:00:00 
MONTH  5 
DATA  xxrecord 2012-05-25 07:00:05 :: $W5M5A,120525,070005,660d0028449ce246,1,DAS 2,4901.3884N,1621.0153W,8.6,63,10.4,14.6,12.9,93.8,11.9,12.9,94.0,12.0,1014.1,1.3,1.9,8.3,233,51*65
 
STATION sbdservice
IRID_ID 300224010734970
BODY 
Content-Type: text/plain;charset=US-ASCII
Content-Disposition: inline
Content-Transfer-Encoding: 7bit

MOMSN: 3188
MTMSN: 0
Time of Session (UTC): Thu May 10 09:00:35 2012
Session Status: 00 - Transfer OK
Message Size (bytes): 1960

Unit Location: Lat = 49.007489 Long = -13.810671
CEPradius = 200



-- 
This message has been scanned for viruses and
dangerous content by MailScanner, and is
believed to be clean.


--SBD.Boundary.605592468
PROCESS /noc/users/iridburst/exec/irid_300224010734970_upd.pl
Last Run  ----1970-01-01 00:00:00 
MONTH  5 
DATA  xxrecord 2012-05-25 07:00:05 :: $W5M5A,120525,070005,660d0028449ce246,1,DAS 2,4901.3884N,1621.0153W,8.6,63,10.4,14.6,12.9,93.8,11.9,12.9,94.0,12.0,1014.1,1.3,1.9,8.3,233,51*65
 
STATION sbdservice
IRID_ID 300224010734970
BODY 
Content-Type: text/plain;charset=US-ASCII
Content-Disposition: inline
Content-Transfer-Encoding: 7bit

MOMSN: 3189
MTMSN: 0
Time of Session (UTC): Thu May 10 10:00:34 2012
Session Status: 00 - Transfer OK
Message Size (bytes): 1960

Unit Location: Lat = 49.020042 Long = -16.411144
CEPradius = 3



-- 
This message has been scanned for viruses and
dangerous content by MailScanner, and is
believed to be clean.


--SBD.Boundary.605592468
PROCESS /noc/users/iridburst/exec/irid_300224010734970_upd.pl
Last Run  ----1970-01-01 00:00:00 
MONTH  5 
DATA  xxrecord 2012-05-25 07:00:05 :: $W5M5A,120525,070005,660d0028449ce246,1,DAS 2,4901.3884N,1621.0153W,8.6,63,10.4,14.6,12.9,93.8,11.9,12.9,94.0,12.0,1014.1,1.3,1.9,8.3,233,51*65
 
STATION sbdservice
IRID_ID 300224010734970
BODY 
Content-Type: text/plain;charset=US-ASCII
Content-Disposition: inline
Content-Transfer-Encoding: 7bit

MOMSN: 3190
MTMSN: 0
Time of Session (UTC): Thu May 10 11:00:34 2012
Session Status: 00 - Transfer OK
Message Size (bytes): 1960

Unit Location: Lat = 48.978050 Long = -16.343277
CEPradius = 11



-- 
This message has been scanned for viruses and
dangerous content by MailScanner, and is
believed to be clean.


--SBD.Boundary.605592468
PROCESS /noc/users/iridburst/exec/irid_300224010734970_upd.pl
Last Run  ----1970-01-01 00:00:00 
MONTH  5 
DATA  xxrecord 2012-05-25 07:00:05 :: $W5M5A,120525,070005,660d0028449ce246,1,DAS 2,4901.3884N,1621.0153W,8.6,63,10.4,14.6,12.9,93.8,11.9,12.9,94.0,12.0,1014.1,1.3,1.9,8.3,233,51*65
 
STATION sbdservice
IRID_ID 300224010734970
BODY 
Content-Type: text/plain;charset=US-ASCII
Content-Disposition: inline
Content-Transfer-Encoding: 7bit

MOMSN: 3191
MTMSN: 0
Time of Session (UTC): Thu May 10 12:00:34 2012
Session Status: 00 - Transfer OK
Message Size (bytes): 1960

Unit Location: Lat = 48.970402 Long = -16.395707
CEPradius = 4



-- 
This message has been scanned for viruses and
dangerous content by MailScanner, and is
believed to be clean.


--SBD.Boundary.605592468
PROCESS /noc/users/iridburst/exec/irid_300224010734970_upd.pl
Last Run  ----1970-01-01 00:00:00 
MONTH  5 
DATA  xxrecord 2012-05-25 07:00:05 :: $W5M5A,120525,070005,660d0028449ce246,1,DAS 2,4901.3884N,1621.0153W,8.6,63,10.4,14.6,12.9,93.8,11.9,12.9,94.0,12.0,1014.1,1.3,1.9,8.3,233,51*65
 
STATION sbdservice
IRID_ID 300224010734970
BODY 
Content-Type: text/plain;charset=US-ASCII
Content-Disposition: inline
Content-Transfer-Encoding: 7bit

MOMSN: 3192
MTMSN: 0
Time of Session (UTC): Thu May 10 13:00:30 2012
Session Status: 00 - Transfer OK
Message Size (bytes): 1960

Unit Location: Lat = 49.012359 Long = -16.463590
CEPradius = 2



-- 
This message has been scanned for viruses and
dangerous content by MailScanner, and is
believed to be clean.


--SBD.Boundary.605592468
PROCESS /noc/users/iridburst/exec/irid_300224010734970_upd.pl
Last Run  ----1970-01-01 00:00:00 
MONTH  5 
DATA  xxrecord 2012-05-25 07:00:05 :: $W5M5A,120525,070005,660d0028449ce246,1,DAS 2,4901.3884N,1621.0153W,8.6,63,10.4,14.6,12.9,93.8,11.9,12.9,94.0,12.0,1014.1,1.3,1.9,8.3,233,51*65
 
STATION sbdservice
IRID_ID 300224010734970
BODY 
Content-Type: text/plain;charset=US-ASCII
Content-Disposition: inline
Content-Transfer-Encoding: 7bit

MOMSN: 3193
MTMSN: 0
Time of Session (UTC): Thu May 10 14:00:35 2012
Session Status: 00 - Transfer OK
Message Size (bytes): 1960

Unit Location: Lat = 49.027703 Long = -16.358670
CEPradius = 8



-- 
This message has been scanned for viruses and
dangerous content by MailScanner, and is
believed to be clean.


--SBD.Boundary.605592468
PROCESS /noc/users/iridburst/exec/irid_300224010734970_upd.pl
Last Run  ----1970-01-01 00:00:00 
MONTH  5 
DATA  xxrecord 2012-05-25 07:00:05 :: $W5M5A,120525,070005,660d0028449ce246,1,DAS 2,4901.3884N,1621.0153W,8.6,63,10.4,14.6,12.9,93.8,11.9,12.9,94.0,12.0,1014.1,1.3,1.9,8.3,233,51*65
 
STATION sbdservice
IRID_ID 300224010734970
BODY 
Content-Type: text/plain;charset=US-ASCII
Content-Disposition: inline
Content-Transfer-Encoding: 7bit

MOMSN: 3194
MTMSN: 0
Time of Session (UTC): Thu May 10 15:00:30 2012
Session Status: 00 - Transfer OK
Message Size (bytes): 1960

Unit Location: Lat = 49.020042 Long = -16.411144
CEPradius = 10



-- 
This message has been scanned for viruses and
dangerous content by MailScanner, and is
believed to be clean.


--SBD.Boundary.605592468
PROCESS /noc/users/iridburst/exec/irid_300224010734970_upd.pl
Last Run  ----1970-01-01 00:00:00 
MONTH  5 
DATA  xxrecord 2012-05-25 07:00:05 :: $W5M5A,120525,070005,660d0028449ce246,1,DAS 2,4901.3884N,1621.0153W,8.6,63,10.4,14.6,12.9,93.8,11.9,12.9,94.0,12.0,1014.1,1.3,1.9,8.3,233,51*65
 
STATION sbdservice
IRID_ID 300224010734970
BODY 
Content-Type: text/plain;charset=US-ASCII
Content-Disposition: inline
Content-Transfer-Encoding: 7bit

MOMSN: 3195
MTMSN: 0
Time of Session (UTC): Thu May 10 16:00:34 2012
Session Status: 00 - Transfer OK
Message Size (bytes): 1960

Unit Location: Lat = 49.001651 Long = -16.343277
CEPradius = 2



-- 
This message has been scanned for viruses and
dangerous content by MailScanner, and is
believed to be clean.


--SBD.Boundary.605592468
PROCESS /noc/users/iridburst/exec/irid_300224010734970_upd.pl
Last Run  ----1970-01-01 00:00:00 
MONTH  5 
DATA  xxrecord 2012-05-25 07:00:05 :: $W5M5A,120525,070005,660d0028449ce246,1,DAS 2,4901.3884N,1621.0153W,8.6,63,10.4,14.6,12.9,93.8,11.9,12.9,94.0,12.0,1014.1,1.3,1.9,8.3,233,51*65
 
STATION sbdservice
IRID_ID 300224010734970
BODY 
Content-Type: text/plain;charset=US-ASCII
Content-Disposition: inline
Content-Transfer-Encoding: 7bit

MOMSN: 3196
MTMSN: 0
Time of Session (UTC): Thu May 10 17:00:40 2012
Session Status: 00 - Transfer OK
Message Size (bytes): 1960

Unit Location: Lat = 49.001651 Long = -16.343277
CEPradius = 1



-- 
This message has been scanned for viruses and
dangerous content by MailScanner, and is
believed to be clean.


--SBD.Boundary.605592468
PROCESS /noc/users/iridburst/exec/irid_300224010734970_upd.pl
Last Run  ----1970-01-01 00:00:00 
MONTH  5 
DATA  xxrecord 2012-05-25 07:00:05 :: $W5M5A,120525,070005,660d0028449ce246,1,DAS 2,4901.3884N,1621.0153W,8.6,63,10.4,14.6,12.9,93.8,11.9,12.9,94.0,12.0,1014.1,1.3,1.9,8.3,233,51*65
 
STATION sbdservice
IRID_ID 300224010734970
BODY 
Content-Type: text/plain;charset=US-ASCII
Content-Disposition: inline
Content-Transfer-Encoding: 7bit

MOMSN: 3197
MTMSN: 0
Time of Session (UTC): Thu May 10 18:00:36 2012
Session Status: 00 - Transfer OK
Message Size (bytes): 1960

Unit Location: Lat = 49.012359 Long = -16.463590
CEPradius = 2



-- 
This message has been scanned for viruses and
dangerous content by MailScanner, and is
believed to be clean.


--SBD.Boundary.605592468
PROCESS /noc/users/iridburst/exec/irid_300224010734970_upd.pl
Last Run  ----1970-01-01 00:00:00 
MONTH  5 
DATA  xxrecord 2012-05-25 07:00:05 :: $W5M5A,120525,070005,660d0028449ce246,1,DAS 2,4901.3884N,1621.0153W,8.6,63,10.4,14.6,12.9,93.8,11.9,12.9,94.0,12.0,1014.1,1.3,1.9,8.3,233,51*65
 
STATION sbdservice
IRID_ID 300224010734970
BODY 
Content-Type: text/plain;charset=US-ASCII
Content-Disposition: inline
Content-Transfer-Encoding: 7bit

MOMSN: 3198
MTMSN: 0
Time of Session (UTC): Thu May 10 19:00:35 2012
Session Status: 13 - Incomplete Transfer
Message Size (bytes): 0

Unit Location: Lat = 49.020042 Long = -16.411144
CEPradius = 3



-- 
This message has been scanned for viruses and
dangerous content by MailScanner, and is
believed to be clean.


--SBD.Boundary.605592468
PROCESS /noc/users/iridburst/exec/irid_300224010734970_upd.pl
Last Run  ----1970-01-01 00:00:00 
MONTH  5 
DATA  xxrecord 2012-05-25 07:00:05 :: $W5M5A,120525,070005,660d0028449ce246,1,DAS 2,4901.3884N,1621.0153W,8.6,63,10.4,14.6,12.9,93.8,11.9,12.9,94.0,12.0,1014.1,1.3,1.9,8.3,233,51*65
 
STATION sbdservice
IRID_ID 300224010734970
BODY 
Content-Type: application/x-zip-compressed; name="SBMmessage.sbd"
Content-Disposition: attachment; filename="300224010734970_003198.sbd"
Content-Transfer-Encoding: base64

JFc1TTVBLDEyMDUxMCwxOTAwMDUsNjYwZDAwMjg0NDljZTI0NiwxLERBUyAy
LDQ5MDEuMTI0ME4sMTYyMy43ODY2VywxNi44LDMzOSwyMC4xLDE0LjAsMTEu
NCw3MS4xLDYuMywxMS40LDcxLjksNi41LDEwMTkuOCwxLjk0LDMuMTYsNy40
LDgsNTEqNjQNCg0KJFc1TTVBLDEyMDUxMCwxOTAwMDUsNjYwZDAwMjg0NDlj
ZTI0NiwyLERBUyAyLDEzLjQsMTQuMCwwLjIsMC4zLDAuMDEsOTAxLDkwNywx
NTYsNjI4LDAsMTQwLjMsMTUuMDUsOTIxKjZFDQoNCiRXNU01QSwxMjA1MTAs
MTkwMDA1LDY2MGQwMDI4NDQ5Y2UyNDYsMyw3RjAwNzQwMjNBMDAwMDUzMzIz
MDMxMzIzMDM1MzEzMDMxMzgzNDMwMzAzMDU1NUEwMDMxMzIzMDM1MzEzMDMx
MzgzNDMwMkM1NDQxNDIzMDMwMzAzMDMwMkMyRDMwMzUzMTJFMzEyQzJDMzEz
MzJFMzIzNTJDMzQyRTMwMkMzMzM2MzAzMDJDMzYzMDJDMzYzMDJDMzEyQzMw
MzAzNTM3MzAyQzMzMkUzNDMyMkMzMTJFMzIzNjJDMzYzNTJDMzAyQzMwMkUz
MTM2MzYyQzJCMzAzMDJFMzAwRDBBQkYxMENFNUU4OUU1N0YwMDY3MDIzQTAw
MDA1NzMyMzAzMTMyMzAzNTMxMzAzMTM4MzQzMDMwMzBGRjREMDAwMDgwRkI0
NDAwMDBGRjQzMDBCMDMzNDgwMDAwMDg0MzJBRENBQzNGRjkxM0JENDA0NjU3
NEE0MDc3NjJGODNGODMxNEQ5NDA1MjUyMUM0MDgwQUZFMTQwRjMxQUIzNDA3
QzA5RUQ0MDc5NjdFNjQwMkQ3NjA2NDA0OERGRkI0MDcyNzg0QTQyRTRENDRC
M0NBQzFFMDE3RENCNTg3RjAyOEEwMjNBMDAwMDRCNTY0ODIwMzczMjMwMzEz
MjMwMzUzMTMwMzEzODM0MzAzMDMwMzIwMDAwMDBFQjUxQjgzRDBBRDdBMzNC
NThERkZCNDA3MDc4NEE0MkY5NUVBNTQzNTM3Rjg4NDJCQUUzNDI0MTAxNzA4
QTQyNEMyQUYyNDFBNERBODU0Mjk3QUM5MzQwRDEyMTgzNDIyRkEzREU0MThE
M0I2OTQyQkMxMzY2NDIyMDA1NkU0MjYxQUY4RDQyREU5Qjg4NDI0NjgzRTA0
MTcwQzA4NDQyRTVGQ0E0NDEwMzQxNEM0MjJEQkY5NjQxOURDMzJCNDI5NDE2
NDY0MUEwNDQyQzQyNjE4ODBDNDFGQUVBMjM0MjFFRjNCRjQwQjQzRDEzNDJF
NDQyQjM0MzM5MUYxMzQyOTUzRkFFNDNCQjY5MzI0MjA5RTdBNzQzOEI5ODY3
NDJEMzA5QjE0M0MwMkU2MTQyMDlBOEM4NDA3NDhBM0I0MjgzODRDNjQwRjJB
QTM2NDI0MEI5QTE0MEQ1OTI0MzQyQTVFRTA4M0Y5RDNDMkE0MjNEQTNCMjQz
ODg2ODE3NDJDRDNDQjM0M0YzNTEyODQyM0E5Q0FFNDM4MjczMzY0MkQ0M0VB
QTQzMEQyNzI3NDI3RkVDQUQ0MzUzQ0QzMzQyNEMzMUIyNDNCRERBNEU0MjU1
MzE0QTQwOEJCQzVCNDJDNEYxNjc0MDhCRUY1NTQyQUU0Q0FENDM1RTQwNTI0
MkUwREJBNjQzNDE0NjRENDJEQkI4QTY0MzAxQkM0MTQyMUFGM0FBNDNFOEM4
NDU0MjkwM0RBODQzMzcxNjU2NDIwRUNDOUY0MzI1RDE1NDQyQTA5N0ExNDM2
QUQ0NkE0MjY5REZBQjQzRTBEQzgwNDI4NzE3QUM0MzY5QTA4MjQyMEM4M0E1
NDNCNDY3N0Y0MjY2NjVBODQzMTY1QTdFNDI2NTkxQTU0M0ZBOTY4MTQyMjcx
NjlBNDNFQTdCODA0MjVBRUVBNDQzRERFMzg3NDJDNTJCQUU0MzBDMTM4QzQy
NzFFNEE2NDNENEUwOEM0MkFGMENBNTQzMzQwQzg5NDI3NzZGOUQ0MzU3QTQ4
NTQyRjVDOEExNDM3MTQ2OEE0MjU3QzEyQjQxNjk3MDhDNDI1QkMzREQ0MUM3
OEQ5MDQyODA3MzgxM0VEMkM3MDMzRkM3QTA3MDNGNjBFNDgwM0ZGQUE1QzQz
RkVCQTIyNDQwOTM3MzIwNDAzQkJBMzY0MDFENUEzQTQwQjdEMTg2NDA3NjBG
MTg0MEJBRjUyMjQwNzY5Mjc3NDA5N0Q2MDQ0MDYyMUU5MDNGRTJGMDQ5M0ZC
QTdGODkzRkVBQkNDMTNGRUIyOENBM0ZERTMwNkUzRjIxNDg4MjNGMUQ2RTAz
NDA2REQ5OTgzRjg5RUQzODNGRjNCMzk0M0YyQjcxMzkzRjQ1RTM1MDNGOEQ4
QTQwM0ZBRDlDMkIzRjUzNzk3ODNGM0RBRjZCM0ZCMDY3M0YzRkQxNDA1NzNG
NkE4MTAxM0ZEM0RBREEzRUJENEFBODNFRkJDNjlBM0U0MTI3RjMzRUFBNERD
RDNFMEVBNzdBM0VFNTc0N0MzRTVDNjMxNw==

--SBD.Boundary.605592468
PROCESS /noc/users/iridburst/exec/irid_300224010734970_upd.pl
Last Run  ----1970-01-01 00:00:00 
MONTH  5 
DATA  xxrecord 2012-05-10 19:00:05 :: $W5M5A,120510,190005,660d0028449ce246,1,DAS 2,4901.1240N,1623.7866W,16.8,339,20.1,14.0,11.4,71.1,6.3,11.4,71.9,6.5,1019.8,1.94,3.16,7.4,8,51*64
 
INSERT
STATION sbdservice
IRID_ID 300224010734970
BODY 
Content-Type: application/x-zip-compressed; name="SBMmessage.sbd"
Content-Disposition: attachment; filename="300224010734970_003199.sbd"
Content-Transfer-Encoding: base64

JFc1TTVBLDEyMDUxMCwyMDAwMDUsNjYwZDAwMjg0NDljZTI0NiwxLERBUyAy
LDQ5MDEuMTUyN04sMTYyMy44OTg3VywxNi4wLDM0OSwyMC41LDE0LjAsMTEu
Myw3My44LDYuOCwxMS40LDc0LjQsNy4wLDEwMjEuMSwyLjEsMy45NCw3LjQs
Niw0OCo1OA0KDQokVzVNNUEsMTIwNTEwLDIwMDAwNSw2NjBkMDAyODQ0OWNl
MjQ2LDIsREFTIDIsMTMuMiwxMy40LDAuMiwwLjQsMC4wMSw5MDIsOTA4LDE1
Niw2MjgsMCwzOC45LDE0LjY2LDkyMyo1OA0KDQokVzVNNUEsMTIwNTEwLDIw
MDAwNSw2NjBkMDAyODQ0OWNlMjQ2LDMsN0YwMDc0MDIzQTAwMDA1MzMyMzAz
MTMyMzAzNTMxMzAzMTM5MzQzMDMwMzA1NTVBMDAzMTMyMzAzNTMxMzAzMTM5
MzQzMDJDNTQ0MTQyMzAzMDMwMzAzMDJDMkQzMDM1MzEyRTMxMkMyQzMxMzIy
RTM4MzIyQzM0MkUzMDJDMzMzNjMwMzAyQzM2MzAyQzM2MzAyQzMxMkMzMDMw
MzUzNzMwMkMzMzJFMzQzMjJDMzEyRTMyMzYyQzM2MzYyQzMwMkMzMDJFMzEz
NzMwMkMyQjMwMzAyRTMwMEQwQUJFMTAwRTA5OEU2RDdGMDA2NzAyM0EwMDAw
NTczMjMwMzEzMjMwMzUzMTMwMzEzOTM0MzAzMDMwRkY0RDAwMDA4MEZCNDQw
MDAwRkY0MzAwNzQzRDQ4MDAwMDBFNDM4MEYwQTkzRjMwNTNCNDQwREY0NTdD
NDBGODg5MDY0MEI1Q0RENjQwOUE0RTJCNDA2RTdCRDk0MEY0MjBCQTQwN0Mw
OUVENDBERUM3RUQ0MDY1MTgwRjQwNUIwRENDNDAwRUREM0Y0MjcxODM2NjND
Q0UxRTkxOEVGODUzN0YwMjhBMDIzQTAwMDA0QjU2NDgyMDM3MzIzMDMxMzIz
MDM1MzEzMDMxMzkzNDMwMzAzMDMyMDAwMDAwRUI1MUI4M0QwQUQ3QTMzQjY2
MERDQzQwMEFERDNGNDJCRDNERjk0MEU1RkI1NjQyMTc3N0JDNDEzREI0NzE0
MjBCNzY1MTQyOTI5RjgxNDI2QzgxRDM0MTY0MjI2QzQyMjk2QkNBNDExOUIw
NUY0MkMzQTQxNTQyOEJGMjVGNDJCQjJFMDY0MjI1QkI0MjQyNDc0NjAyNDI1
NTI3M0I0MjE5NjZGQzQxNzJFMzM0NDIyNDc5QUM0MTNFNzMyMjQyMDRCQzY3
NDE2RTMzMjU0MjE3MjU1QzQxRUUzODNGNDIxMEE1ODM0MEExMTkzNDQyQzIw
OUIzNDM2QTVDMkQ0MjFDMDExNTQxMUVFMDI4NDIxNkVBMTE0MUU0MTQyNjQy
OEJDREFFNDM1QUNGM0U0MjlGMThBNjQzMDM5NjQ4NDJFN0UzQTY0MzgyQTEz
RjQyRjU3REE2NDMzRjJFM0U0MkIwQURBNzQzRDY1ODRCNDJDN0UxQTk0MzMw
OEM0RjQyNkRGNUE2NDMxOTE4Mzc0MjI4REFBNDQzNTFGOTFFNDJBNkQwQTA0
MzUwQUEzMDQyMzlCNEEzNDNBNzY5NEU0Mjc5QTlBRDQzRjQxRjU3NDJEQzlB
QUM0MzIzQzk2MDQyM0U2Q0E3NDNFOENGNUQ0MjhGQjNBNDQzMDE4NjUyNDI3
MjREQTI0MzAxRjQ2MDQyQTBGMkEyNDNBNUY3NzM0MjhCRDRBNDQzNzRCQTdD
NDI4MUIwQTM0MzlFNzU4QjQyODJERjlENDMyMDc0ODk0MjFEOUE5QjQzMkFG
NDgxNDIwOUI1QUE0M0Q0REE4QzQyODI1QUE1NDNBMTI0OEU0MkRFMzBBMjQz
RUMwNjgzNDIwOUZDQUI0Mzg5QjU3RTQyNTI2OUFFNDMzRUEwN0Y0MkI1OEVB
NjQzN0IwRTgwNDI4MTQ5OUU0MzA2NTQ4MDQyNEUzMzlGNDM4RThCODc0MjU5
OThBNzQzNDAyQzg4NDJFRjMxQTQ0M0YyOUM3NzQyODc0NEEyNDM3QjUwNkM0
Mjk4OEY5RTQzMTJEMjY1NDJBQTAxOUM0MzNDRkE2NzQyMDU5QjlFNDMxQ0Ez
NzU0MkVCNjExMDNGNkUwRTE5M0Y2NjVEMTgzRkE5RjM2RjNGOTE4MkM0M0Yx
MDQ5QzIzRkM2QzYwMDQwNzA0MEE2NDAzRjM1OEU0MDJCNDAwRTQxRkE2MDhG
NDA0MTA2RTUzRkM5MzUwQTQwRkZFRUZCM0ZBMTlDMDE0MENDRDc0MDQwOUUz
OUQ4M0Y2RUQzOTQzRkIzNERBNTNGOEE4MTUyM0YzMjM2RTczRUNBMzk2NzNG
RTFEOTc1M0YzMDVEQjIzRkM0NDE0ODNGMzYxQTQ4M0Y4RENGOTUzRjc3QkFB
ODNGMTZBRjVCM0YxNjgzMjQzRkZERjYxNzNGNzExRkE0M0UyMDU3Q0MzRUE0
OUJBQjNFREY5NUFEM0U5MTgwOUQzRTQ2QTMyNTNFRTAzMzE1M0VEQTgxQjkz
RUFCMjlCNDNFMzAzNTg1M0UzODA5NjczRQ==

--SBD.Boundary.605592468
PROCESS /noc/users/iridburst/exec/irid_300224010734970_upd.pl
Last Run  ----1970-01-01 00:00:00 
MONTH  5 
DATA  xxrecord 2012-05-10 20:00:05 :: $W5M5A,120510,200005,660d0028449ce246,1,DAS 2,4901.1527N,1623.8987W,16.0,349,20.5,14.0,11.3,73.8,6.8,11.4,74.4,7.0,1021.1,2.1,3.94,7.4,6,48*58
 
INSERT
STATION sbdservice
IRID_ID 300224010734970
BODY 
Content-Type: application/x-zip-compressed; name="SBMmessage.sbd"
Content-Disposition: attachment; filename="300224010734970_003200.sbd"
Content-Transfer-Encoding: base64

JFc1TTVBLDEyMDUxMCwyMTAwMDUsNjYwZDAwMjg0NDljZTI0NiwxLERBUyAy
LDQ5MDEuMTY4N04sMTYyMy45NzY1VywxNi41LDM0OCwyMS4zLDE0LjAsMTEu
Miw3MS4yLDYuMiwxMS4zLDcxLjgsNi40LDEwMjIuMiwyLjEzLDMuMDcsNy43
LDksNDgqNkQNCg0KJFc1TTVBLDEyMDUxMCwyMTAwMDUsNjYwZDAwMjg0NDlj
ZTI0NiwyLERBUyAyLDEzLjEsMTMuMywwLjIsMC40LDAuMDEsOTAzLDkwOSwx
NTYsNjI3LDAsMjE1LjYsMTQuNjYsOTI4KjZCDQoNCiRXNU01QSwxMjA1MTAs
MjEwMDA1LDY2MGQwMDI4NDQ5Y2UyNDYsMyw3RjAwNzQwMjNBMDAwMDUzMzIz
MDMxMzIzMDM1MzEzMDMyMzAzNDMwMzAzMDU1NUEwMDMxMzIzMDM1MzEzMDMy
MzAzNDMwMkM1NDQxNDIzMDMwMzAzMDMwMkMyRDMwMzUzMTJFMzEyQzJDMzEz
MjJFMzYzNzJDMzQyRTMwMkMzMzM2MzAzMDJDMzYzMDJDMzYzMDJDMzEyQzMw
MzAzNTM3MzAyQzMzMkUzNDMyMkMzMTJFMzIzNjJDMzYzNzJDMzAyQzMwMkUz
MTM3MzAyQzJCMzAzMDJFMzAwRDBBQkExMEE0RUZDRjRBN0YwMDY3MDIzQTAw
MDA1NzMyMzAzMTMyMzAzNTMxMzAzMjMwMzQzMDMwMzBGRjREMDAwMDgwRkI0
NDAwMDBGRjQzMDAzODQ3NDgwMDAwMEY0MzlCQ0FBRjNGODNCNEIzNDBBRTgx
NDQ0MDJGMkQwODQwNEQxQURBNDAxMkZGMjY0MDM2RjFEQzQwOTg0N0I2NDA2
MzI3RjY0MEE0MDFGMzQwNzY3QTExNDBCOTdCMDk0MUFBRjkzRDQyNzhGNTZC
M0NENzFEQkRDMzE4QUU3RjAyOTYwMjNBMDAwMDRCNTY0ODIwMzczMjMwMzEz
MjMwMzUzMTMwMzIzMDM0MzAzMDMwMzMwMDAwMDA3QjE0QUUzRDBBRDdBMzNC
Q0Y3QjA5NDFBOUY5M0Q0Mjk4NjQwRTQxODhERDMwNDI3RUVDMDU0MUUxNTMz
RTQyQTk4NDU1NDFGQTU2NUI0MkY0MzVDMzQxQkIwRjY3NDIxNjJBMjY0MjhF
QTA2RTQyMjIxMjQ5NDI5MTIzODI0MjBGNTA2NjQyQzNFODg1NDJGOTk1NTE0
MkFERDY2NDQyMUIwRDNFNDIwQjJBNEQ0MjgzRUUwMDQyNDA1MjUwNDI2MEVF
NTI0MTU5ODczQjQyM0VGNDhDNDBEMTY0MjA0MjQ3ODJCMjQzRTcwRTIyNDI1
NjVDQUQ0MzE1N0MyMjQyRjRCOUFCNDM4OEI0MEU0MkU4NThBQzQzRTk0QjAx
NDIyQkI3QUQ0MzUwRDZGQzQxQURBREIzNDM2QkI0MTQ0MjUxRTgyNDQxRTU5
NTQzNDIxNkQ5QUI0MzU0NEI1QjQyREQwNkFCNDMyNzEzNEI0MkVDN0VBRDQz
RkRGNTM2NDJBRjc1QjI0M0ZDOEMyQjQyQTE2NTgxNDE2N0QzMTc0MjRGNEZB
NDQwRjM0NjFFNDJFMjVDQUQ0MzU3RkUyMDQyOTdCQ0FBNDMzNDM1MkQ0MjI4
QjNBODQzMzc0NDJDNDJDNjExQUE0MzJCRkYyQjQyRDUyREFFNDMwNjJEM0Q0
MjlGNzFCMDQzMUI4RDQ4NDI4MUMzQUE0MzVBMzY0MTQyMzM1Q0E5NDNERjdB
NTI0MjUzQ0RBNjQzQkM1NjZDNDJGNDFCQUM0M0E3QTg4NDQyODc5NUIwNDM3
OTQxODU0MjYxREZBOTQzRjQ3OTc3NDI4MjRFQUU0M0Q1MjA3OTQyRjM0MDZD
NDFCQUYwN0U0MjU3OTU3MDQxMzBDNDgxNDIzN0RGQTg0MzIxQjQ4NTQyOEVC
MUEyNDMxNjBDODE0MjcxM0VBQzQzNEQ2RDcyNDI2RDZCQjM0MzVBNTE2MTQy
NTRCOUIwNDNERTBDNjg0MjY0MzBBNjQzNDhCMDZGNDI4Q0I0OUU0MzZBMkE2
RjQyNTgzMDlFNDNGMEVBNzM0MjVEMjZBOTQzQTI5RTg3NDIwM0JBQUY0Mzc1
MzM5MTQyNzg1RUFBNDNGRkE5OTI0MjhGMjI3RTNFRTczRkE5M0U2N0YyNEUz
RkVEQzg0MDNGMTlFRTQ3M0ZEQUNBRTQzRjVBRjdENTNGRjE3NjMwNDAxODdB
QUU0MDdCMURCRjQwNjYzRjlBNDA5NTQ5NzE0MDlDNzZFOTNGOUU0NjkzM0ZD
MjYxMDM0MDdFNkYyMjQwRTNGNjY0NDBGMjg0MEE0MDYzRkIzMzNGQ0QwMzFG
M0Y4OEFDNkYzRjIxNDFDNzNGMUFFOUVDM0Y0QUVGQTUzRkRBMENBMDNGRUMy
QUM5M0ZFRjhEMUQzRkQ2NDJGNDNFNTU3QkYyM0YyQzYxREUzRjgzRUQwMzNG
MDY5QkZCM0UyMjBEQkUzRTM1MDZCNTNFOUIyMkNBM0VGQTIyODMzRThDQkJG
MTNFQjI3MDIzM0YwMzg2REQzRUU4NEIzMA==

--SBD.Boundary.605592468
PROCESS /noc/users/iridburst/exec/irid_300224010734970_upd.pl
Last Run  ----1970-01-01 00:00:00 
MONTH  5 
DATA  xxrecord 2012-05-10 21:00:05 :: $W5M5A,120510,210005,660d0028449ce246,1,DAS 2,4901.1687N,1623.9765W,16.5,348,21.3,14.0,11.2,71.2,6.2,11.3,71.8,6.4,1022.2,2.13,3.07,7.7,9,48*6D
 
INSERT
STATION sbdservice
IRID_ID 300224010734970
BODY 
Content-Type: application/x-zip-compressed; name="SBMmessage.sbd"
Content-Disposition: attachment; filename="300224010734970_003201.sbd"
Content-Transfer-Encoding: base64

JFc1TTVBLDEyMDUxMCwyMjAwMDUsNjYwZDAwMjg0NDljZTI0NiwxLERBUyAy
LDQ5MDEuMTY4N04sMTYyNC4wMjcxVywxNC45LDM0OSwxOC4wLDEzLjksMTEu
Miw3MS41LDYuMiwxMS4yLDcyLjIsNi40LDEwMjMuNCwyLjA1LDMuNTcsNi45
LDksNDUqNjANCg0KJFc1TTVBLDEyMDUxMCwyMjAwMDUsNjYwZDAwMjg0NDlj
ZTI0NiwyLERBUyAyLDEzLjEsMTMuMiwwLjIsMC40LDAuMDEsOTA0LDkxMCwx
NTYsNjI4LDAsMTcwLjgsMTQuNjYsOTIyKjZEDQoNCiRXNU01QSwxMjA1MTAs
MjIwMDA1LDY2MGQwMDI4NDQ5Y2UyNDYsMyw3RjAwNzQwMjNBMDAwMDUzMzIz
MDMxMzIzMDM1MzEzMDMyMzEzNDMwMzAzMDU1NUEwMDMxMzIzMDM1MzEzMDMy
MzEzNDMwMkM1NDQxNDIzMDMwMzAzMDMwMkMyRDMwMzUzMTJFMzEyQzJDMzEz
MjJFMzYzMzJDMzQyRTMwMkMzMzM2MzAzMDJDMzYzMDJDMzYzMDJDMzEyQzMw
MzAzNTM3MzAyQzMzMkUzNDMyMkMzMTJFMzIzNjJDMzYzODJDMzAyQzMwMkUz
MTM3MzAyQzJCMzAzMDJFMzAwRDBBQjgxMDI3MEQ2RUZGN0YwMDY3MDIzQTAw
MDA1NzMyMzAzMTMyMzAzNTMxMzAzMjMxMzQzMDMwMzBGRjREMDAwMDgwRkI0
NDAwMDBGRjQzMDBGQzUwNDgwMDAwMTA0MzI0RTNBNTNGQzgwNkIzNDA2MDM2
NjQ0MDRCNEUwMzQwMEY1OEQzNDBGRDRDMkI0MDIzRENDRTQwMDc4M0I3NDA4
RUIwREM0MDg4OUZEQjQwM0E2MTA5NDAwQTM1MTY0MTE2N0QzNTQyRjAwRjUy
M0M1RjFCN0UyMEU5OEE3RjAyQTIwMjNBMDAwMDRCNTY0ODIwMzczMjMwMzEz
MjMwMzUzMTMwMzIzMTM0MzAzMDMwMzQwMDAwMDA3QjE0QUUzRDBBRDdBMzNC
MTczNTE2NDExNjdEMzU0MkQ3MkY3MTQxOTFGODdENDI4NThEMDE0MkM1QjU0
NDQyMkNGQkQ3NDExRDg0MjU0MkEwMjhCQzQxRDk2NjJFNDI4OEYwRTU0MTRD
QkI0RDQyODQzOEZFNDFCQzk5NTQ0MkVBMkZGMzQxQTIxNzNCNDJFNDI5RTQ0
MTU5Q0MyQTQyRkM4RURGNDFBOUEyMzg0MkVDRjlEQzQxMkY5QTRFNDI2Mjky
RjQ0MTRDMjAzMzQyNjE1QzA1NDIyMTAzMDI0MjlFNjlFRDQxQkMwMkZGNDFG
QjBGOTM0MTQ1NDQyODQyMDRCQUIyNDM0RTYxMzQ0MjVBMDhCMjQzOTY2ODFB
NDIxMEE3QjM0M0E5N0YxMTQyNENGOEFGNDMzODBCMjM0Mjg0MURBNjQzQTk3
OTNDNDIwNDlDQTM0MzhDQjUzQzQyQUQzRUFCNDNEQTU1Mzg0MkU2RjVBNzQz
MDRBMjNFNDI0MDFCQTk0MzNGMDIzRTQyNTVBOUFFNDNGNDZCMzg0MjY3OUZB
RTQzQjg3QzQxNDI4NkVFNkI0MTdDNEU2QTQyRUZCREY1NDEwMDYzNjI0MjJG
RjE4OTNGRTdFNzY5NDJDNjZDQTQ0MzI2Mzk1ODQyNEM1MUEzNDM2QUY2NTA0
MjNCOThBOTQzRjRCQTU5NDI5RkI0QTYzREE0RDk1QzQyODQ4OEJCNDAwNTFC
NkI0MjU4NTRCMTQzMDA4QzdCNDJBNzU2QUQ0MzVENUY4MjQyRjQ4NDQ0M0Y3
RjgyODY0MkQ1NTI0RjQxMUQxMzgzNDJDNDQxRjE0MEI0NDc4MTQyRDc0QTNE
M0Y2MTk2N0Y0MkFFMzVCMzQzRUQxRDgxNDIzQjQxOEY0MDZBRDE4MDQyM0JF
N0IyNDM3N0QzN0Q0MjQzN0RBODQzQTQwQzgwNDI2RDBEQTY0MzE4RDQ2RTQy
M0FBRUE5NDNCMTMwNjE0MjZDOTA2ODQwOEVFMDdFNDIzRTk4QjE0M0UwOUM4
OTQyMEFBREE0NDNFQjkwOEE0MkQwMEU5NDQwRUEyNzkwNDJBRUI3ODE0MTJE
NjA4QTQyQUQwREE4NDM0Q0UyOEU0Mjk0RkI5NjQzN0IwMjg5NDJGRUY1RTkz
REFCRUM5MzNFNjI1RDMzM0Y1OEE2QjczRjQ0N0VCQTNGQTJCQjkxM0Y1NDE0
MUU0MEMyODAzRTQwOTNDRjI1NDA5NkE1MEY0MEY5MzAxQjQwN0I3Qjc4NDAx
N0ZDN0Q0MERFODkxNTQwMzEyMUNBM0YzNUUwMjY0MDFEQ0Y2NjQwRkEyOTI0
NDAwQkExQzczRjc2NEY1RjNGOTRDRThDM0Y1MEE2Q0YzRkZGNThCRDNGRUY2
NEY4M0ZBNUFDN0EzRjc4NkE2NTNFMTIxRkVCM0VDMUZERDMzRUJDNjVFRTNF
NzdEMTIzM0Y4Q0I3RUUzRTRGNTgwMTNGMTBBQzI4M0Y0Njc4MTEzRkVFMDcy
NTNGMDI1NDNFM0U3NTJCQkUzRTgzRTQ4RQ==

--SBD.Boundary.605592468
PROCESS /noc/users/iridburst/exec/irid_300224010734970_upd.pl
Last Run  ----1970-01-01 00:00:00 
MONTH  5 
DATA  xxrecord 2012-05-10 22:00:05 :: $W5M5A,120510,220005,660d0028449ce246,1,DAS 2,4901.1687N,1624.0271W,14.9,349,18.0,13.9,11.2,71.5,6.2,11.2,72.2,6.4,1023.4,2.05,3.57,6.9,9,45*60
 
INSERT
STATION sbdservice
IRID_ID 300224010734970
BODY 
Content-Type: application/x-zip-compressed; name="SBMmessage.sbd"
Content-Disposition: attachment; filename="300224010734970_003202.sbd"
Content-Transfer-Encoding: base64

JFc1TTVBLDEyMDUxMCwyMzAwMDUsNjYwZDAwMjg0NDljZTI0NiwxLERBUyAy
LDQ5MDEuMTUyMk4sMTYyNC4wMDQ1VywxNS4xLDM0NSwxOC44LDEzLjksMTEu
MCw2OS4wLDUuNSwxMS4wLDY5LjYsNS43LDEwMjQuMywyLDMuMDIsNi45LDEs
NDQqNDENCg0KJFc1TTVBLDEyMDUxMCwyMzAwMDUsNjYwZDAwMjg0NDljZTI0
NiwyLERBUyAyLDEzLjEsMTMuMiwwLjIsMC41LDAuMDEsOTA1LDkxMSwxNTYs
NjI3LDAsMTk4LjYsMTQuNjYsOTI1KjZEDQoNCiRXNU01QSwxMjA1MTAsMjMw
MDA1LDY2MGQwMDI4NDQ5Y2UyNDYsMyw3RjAwNzQwMjNBMDAwMDUzMzIzMDMx
MzIzMDM1MzEzMDMyMzIzNDMwMzAzMDU1NUEwMDMxMzIzMDM1MzEzMDMyMzIz
NDMwMkM1NDQxNDIzMDMwMzAzMDMwMkMyRDMwMzUzMTJFMzEyQzJDMzEzMjJF
MzYzMDJDMzQyRTMwMkMzMzM2MzAzMDJDMzYzMDJDMzYzMDJDMzEyQzMwMzAz
NTM3MzAyQzMzMkUzNDMyMkMzMTJFMzIzNjJDMzYzOTJDMzAyQzMwMkUzMTM3
MzAyQzJCMzAzMDJFMzAwRDBBQjcxMDlGQkQ4RDkzN0YwMDY3MDIzQTAwMDA1
NzMyMzAzMTMyMzAzNTMxMzAzMjMyMzQzMDMwMzBGRjREMDAwMDgwRkI0NDAw
MDBGRjQzMDBDMDVBNDgwMDAwMEY0M0IzNUJBNTNGOUZGNEI0NDBCNjY4NDE0
MDgxMDMwMDQwMTc1MURBNDAxMTI1MUI0MEM3MjZEODQwOURFMEI1NDA4RUIw
REM0MDY4RTFFODQwMEIxNzA2NDA4MkJGQjMzRkM3RkYyRjQyNDMzMDRBM0NG
RDFEQkJEMTgwMUY3RjAyQTIwMjNBMDAwMDRCNTY0ODIwMzczMjMwMzEzMjMw
MzUzMTMwMzIzMjM0MzAzMDMwMzQwMDAwMDBFQjUxQjgzRDBBRDdBMzNCMDZD
MEIzM0ZDNEZGMkY0MjVEM0FCMTQzQjQ3QjI2NDI2QzkwQjM0MzQ0M0UxNDQy
Q0YxRUUyNDBCNjc0MTE0MkY4RjRBNzQxMDBBQjM5NDJFODJGQUI0MUE2NUEz
QTQyQjE0MTQ3NDEwQTc0MzY0MjUwMkVDQjQxNTE2MTMxNDJDNTNGREQ0MTI5
ODYxODQyRkZDODk0NDE5MzhFMDM0MkYwN0ZEQzQwODY0NTE3NDI2OThFQjA0
M0VFQkMxNTQyMjFCREIxNDNDODk4MEY0MkFCQTlGQjNGNjc1MjMyNDIwNjA0
QjI0M0NDNzMzQzQyNzkyN0IyNDM5MTc1MjU0MjI3NTkwQTQwNEQ2QzI2NDIz
NDkyQjM0MDc1QTYzODQyOTQ4RTk0M0Y1Q0MzMzE0MjdBQ0ZBRDQzRkVEMjM4
NDI0NTkwQUQ0MzVDMTM0MjQyRTQxNkIzNDNEMEY5NDc0MkFBRjZBRDQzRUMx
NzNGNDI1NEQ1QTU0M0QwOTUyQzQyQzI4QkExNDNCOTZBMkQ0MjVFQjRBNDQz
RTMwRjM2NDI2ODIyQjI0MzUyODAzQTQyQzJGMkNENDA5QkM5M0M0MjcwQjhC
MjQzOEM3OTQ2NDIzNEJBQUE0MzUxODc0MTQyMjU4MEE2NDM4N0MwMzI0MjJG
NzJBNDQzOTVCNDM3NDJGQTMxQTM0M0ZENjY1MjQyRkRGREE5NDM4RDVBN0I0
MjcyNzdCMzQzMTMwRTg2NDI3QUE1Mjc0MTcyQUI4OTQyMEVCNDEwNDE4M0E4
OEQ0MkYwMjQ0QjQxQzZGRjgyNDI2RDA0NDE0MTBBRjA2NjQyMjIzRkYyM0U4
Qjg1NjU0MjczOEFBRTQzNjc3MjgxNDJDQ0VGQTQ0MzdCQzA4RjQyRDdENEEw
NDM4RDlFOEM0Mjc3MDZBNjQzNzQ3MDg5NDJDMzQ3QTc0MzE1RTk4RDQyMzAz
NUFDNDMxQTk1OEQ0MjA4RDRCMDQzMkIxNTg2NDJDQjZCQUU0M0Y1QTI4NzQy
NjQxQkFDNDNDMzA3OTA0MjkyMjBBMzQzNjk3NjhCNDI1QTM4QTM0M0VEODk4
MjQyRUM5QUEwNDM1MUI1ODQ0MkM5MjU5OTQzMEQ0MzgzNDJFQzY3RTYzRTk5
RDQ4NzNFODA4NDU4M0YxREMwODgzRjgzQkM5MjNGRUM4QjE5NDBCQTJCMzc0
MDc1MEY2RDQwMDIxNDZENDBGOEMxMjQ0MDRDNjI1NzQwRDEwNzg0NDA5RUIy
MTU0MEMxOTI5QjNGNjAyNzQ5NDA2MzU2RTUzRjAyMjQ1MDNGQkI3RkEzM0ZC
OTI3OEMzRjNCRDE5MjNGQUNBMjg3M0Y3QTQ0MkMzRjQxNDI3NTNGNjIyMjcw
M0ZENzExMzAzRkNFNzcxRTNGQ0IzNDY2M0Y2NzVGOEEzRkM5MzM1NjNGQTE0
MTRBM0Y1OTQ0MkIzRjcxQUQ4QjNFMzdCOTdBM0VEQzQ1MDUzRjFDQTlDRTNF
MkQ5OTNGM0VDMTE3QzczRTNERTdGNzNFNw==

--SBD.Boundary.605592468
PROCESS /noc/users/iridburst/exec/irid_300224010734970_upd.pl
Last Run  ----1970-01-01 00:00:00 
MONTH  5 
DATA  xxrecord 2012-05-10 23:00:05 :: $W5M5A,120510,230005,660d0028449ce246,1,DAS 2,4901.1522N,1624.0045W,15.1,345,18.8,13.9,11.0,69.0,5.5,11.0,69.6,5.7,1024.3,2,3.02,6.9,1,44*41
 
INSERT
STATION sbdservice
IRID_ID 300224010734970
BODY 
Content-Type: application/x-zip-compressed; name="SBMmessage.sbd"
Content-Disposition: attachment; filename="300224010734970_003203.sbd"
Content-Transfer-Encoding: base64

JFc1TTVBLDEyMDUxMSwwMDAwMDUsNjYwZDAwMjg0NDljZTI0NiwxLERBUyAy
LDQ5MDEuMTU0N04sMTYyMy45MDM0VywxMi40LDM0OSwxNS4zLDEzLjgsMTAu
OCw3Mi4yLDYuMCwxMC45LDcyLjYsNi4yLDEwMjUuMiwxLjk2LDIuODgsOC4z
LDQsNDYqNjINCg0KJFc1TTVBLDEyMDUxMSwwMDAwMDUsNjYwZDAwMjg0NDlj
ZTI0NiwyLERBUyAyLDEzLjAsMTMuMiwwLjIsMC41LDAuMDEsOTA2LDkxMiwx
NTYsNjI4LDAsMTgyLjUsMTQuMjcsOTIyKjY5DQoNCiRXNU01QSwxMjA1MTEs
MDAwMDA1LDY2MGQwMDI4NDQ5Y2UyNDYsMyw3RjAwNzQwMjNBMDAwMDUzMzIz
MDMxMzIzMDM1MzEzMDMyMzMzNDMwMzAzMDU1NUEwMDMxMzIzMDM1MzEzMDMy
MzMzNDMwMkM1NDQxNDIzMDMwMzAzMDMwMkMyRDMwMzUzMTJFMzEyQzJDMzEz
MjJFMzUzODJDMzQyRTMwMkMzMzM2MzAzMDJDMzYzMDJDMzYzMDJDMzEyQzMw
MzAzNTM3MzAyQzMzMkUzNDMyMkMzMTJFMzIzNjJDMzczMDJDMzAyQzMwMkUz
MTM3MzAyQzJCMzAzMDJFMzAwRDBBQjcxMEIzMEYxODA5N0YwMDY3MDIzQTAw
MDA1NzMyMzAzMTMyMzAzNTMxMzAzMjMzMzQzMDMwMzBGRjREMDAwMDgwRkI0
NDAwMDBGRjQzMDA4NDY0NDgwMDAwMEE0MzFBQjRBNDNGOTQ2REI4NDBBRTVB
Mzg0MDNEQUVGQTNGRTQyQ0Q3NDAzMUVCMTU0MEYwNUZENjQwNTNFM0I3NDA1
NjU1MDU0MUM1N0VFRjQwMjAyNzA1NDA1QzFFODg0MDdERDMzNjQyOTI1ODQ0
M0NBNTFEMjU5M0JBM0Y3RjAyOTYwMjNBMDAwMDRCNTY0ODIwMzczMjMwMzEz
MjMwMzUzMTMwMzIzMzM0MzAzMDMwMzMwMDAwMDA3QjE0QUUzRDBBRDdBMzNC
OEExRTg4NDA3QUQzMzY0MjcyQ0YwRjQxRjRBOTBGNDI0NTExMDQ0MTg3RjEx
MDQyRTU2QjZCNDFCMzBGNDc0Mjc1OEVGOTQxNjRENzYxNDIxNTFGQ0M0MTU4
NTE1QjQyODlEOEI0NDE5RTQwNjI0MkJGMTRGRTQxNjE1NTU2NDI0NzYzMzM0
Mjk2QzkzRjQyREZDNzZENDIzOUQ1Mzc0MjM2RjIzQTQyMzc2NzQxNDJENzg1
OEM0MTFENEIyNTQyMzRDOTZCM0Y0RDE0MDU0MjZGMDJCMjQzM0I4NjE4NDI0
OTM1OTU0MDVCNTAyQjQyMkY0Q0JFM0ZGQTc0Mjk0MjMzQzhBRjQzM0Q2MjIx
NDI0RTA3QUQ0Mzc3MTkyMzQyRDBEMEE5NDNGNUQ3MUI0MjZFNjVBOTQzRTdD
RDFENDI2RUVCQTc0Mzk4MDEzODQyMkI0N0FCNDM2RTBCNDU0MkZCQkJBRTQz
MzBGQTJFNDJDNzgwQTg0MzhGQUEzRTQyMkZCQUE4NDNEMzg3NEM0MkM0OTRB
RDQzMEUxQzM5NDJBNzQyQUY0Mzc5N0MyQzQyRDZFOUFENDNGOUU1MkE0MkY0
N0VBQjQzQjU2MTI5NDJBOUNEQUQ0MzdGNDkyRTQyMTAyNkIwNDM2ODQ1MzQ0
MjVGNEJBOTQzQTRFODRENDIwN0E1QTU0MzE0QjU2RDQyMkEwQkE3NDM3NUMy
N0I0MjQ4MzNBMTQzQ0IzNzdFNDI3NzUyOUQ0MzgyRjc2RDQyQzEzM0FBNDND
MDJENzQ0MkQzQzY0RTQxNkI3NDcwNDIxMDA2Qjk0MEI4OTI4MzQyRUYzOUE1
NDM5ODcyOEM0MjM4OEJCMjQzNjMwNDkxNDI0MURFMTE0MjYxRkM3RDQyNzg4
NjQyNDEyNTU2ODM0MjZFQzRBNzQzNzA2ODdENDJDOTBDQTU0MzMyOTQ1NTQy
NTE5MEE2NDMxNDhENDQ0MjFFOUY5RTQzQzQ5NDYxNDIyNjI0OTQ0MzY5NDg2
QzQyQUE2Mjk3NDM5QjlEODI0MkY2QTVBNDQzOERBRThDNDI5RkI5QUE0MzBB
MDI5MjQyMjdENDg5NDNBNUNDOTA0MjNFNDQ5NzNFQkQzODJBM0ZDNDYzQkQz
RTMxQUNGRTNFODAxQkE5M0Y1Q0Q3QUYzRjkyQ0RGNTNGQjA5NzczNDAzQ0JB
Mzk0MDI0QkUzMTQwRTZDOTNBNDAxMTY0NTI0MENDQTUwRjQwRDk2RUVBM0ZB
OUQ1RTkzRkY5RENGQzNGQTY4ODA0NDA2NDYyRDAzRjU3NjcyQjQwQzI1NUIz
M0Y5REM4OTkzRjU0OUM5MzNGRjRBRjgzM0Y3RUQ3MUYzRjk3OTk5MzNGMUJC
NjdCM0ZCRTE3QkMzRjRGODNBMzNGRkY2NDIyM0ZCNzRFNTAzRkU1MzEwNzNG
OUM2REQxM0UyQTI5MDUzRkQyNjk5QTNFN0I0ODM2M0U0QjYwQjYzRTdCN0I5
MjNFRDk0NTk1M0UyNEZEQzUzRUYyOTUyNw==

--SBD.Boundary.605592468
PROCESS /noc/users/iridburst/exec/irid_300224010734970_upd.pl
Last Run  ----1970-01-01 00:00:00 
MONTH  5 
DATA  xxrecord 2012-05-11 00:00:05 :: $W5M5A,120511,000005,660d0028449ce246,1,DAS 2,4901.1547N,1623.9034W,12.4,349,15.3,13.8,10.8,72.2,6.0,10.9,72.6,6.2,1025.2,1.96,2.88,8.3,4,46*62
 
INSERT
STATION sbdservice
IRID_ID 300224010734970
BODY 
Content-Type: application/x-zip-compressed; name="SBMmessage.sbd"
Content-Disposition: attachment; filename="300224010734970_003204.sbd"
Content-Transfer-Encoding: base64

JFc1TTVBLDEyMDUxMSwwMTAwMDUsNjYwZDAwMjg0NDljZTI0NiwxLERBUyAy
LDQ5MDEuMTM5OU4sMTYyMy42OTA2VywxMi41LDEyLDE1LjUsMTMuOCwxMC43
LDcwLjksNS43LDEwLjgsNzEuNSw1LjgsMTAyNi4zLDEuOTMsMi43NSw3LjQs
Niw0NCo1Qw0KDQokVzVNNUEsMTIwNTExLDAxMDAwNSw2NjBkMDAyODQ0OWNl
MjQ2LDIsREFTIDIsMTMuMCwxMy4yLDAuMiwwLjQsMC4wMSw5MDcsOTEzLDE1
Niw2MjgsMCw3MS41LDE0LjI3LDkyNCo1Mg0KDQokVzVNNUEsMTIwNTExLDAx
MDAwNSw2NjBkMDAyODQ0OWNlMjQ2LDMsN0YwMDc0MDIzQTAwMDA1MzMyMzAz
MTMyMzAzNTMxMzEzMDMwMzQzMDMwMzA1NTVBMDAzMTMyMzAzNTMxMzEzMDMw
MzQzMDJDNTQ0MTQyMzAzMDMwMzAzMDJDMkQzMDM1MzEyRTMxMkMyQzMxMzIy
RTM1MzYyQzM0MkUzMDJDMzMzNjMwMzAyQzM2MzAyQzM2MzAyQzMxMkMzMDMw
MzUzNzMwMkMzMzJFMzQzMjJDMzEyRTMyMzYyQzM3MzEyQzMwMkMzMDJFMzEz
NzMxMkMyQjMwMzAyRTMwMEQwQUIzMTA0QThGQzM4ODdGMDA2NzAyM0EwMDAw
NTczMjMwMzEzMjMwMzUzMTMxMzAzMDM0MzAzMDMwRkY0RDAwMDA4MEZCNDQw
MDgwRkY0MzAwMDA3QTQ1MDAwMDA2NDNEMTg3QTMzRjRENDlDMDQwODY0RDMw
NDA3MzE5RjczRjRBMTRFMDQwM0VDNDExNDBGRkZDRTc0MDRDOUZCRTQwN0Mw
OUVENDBGQTRERTg0MDEyN0EwMjQwODk5REJBNDA2QjgwMkU0MjVEREIzRDND
QTExRTQ4MjMyRERGN0YwMkEyMDIzQTAwMDA0QjU2NDgyMDM3MzIzMDMxMzIz
MDM1MzEzMTMwMzAzNDMwMzAzMDM0MDAwMDAwN0IxNEFFM0QwQUQ3QTMzQkE5
OURCQTQwNkU4MDJFNDI3NkEwQjI0MzBCM0Q0NDQyOTZDMEIyNDNCOTY4MTA0
MkM5QTBBMDQwN0U0OUVFNDE5OUIzMzQ0MUQwQTkwRTQyMTQxMzlENDE4RTZB
NjE0MjUxQTM5ODQxMjc1RjZENDI2M0FBODA0MUZGNDM0RjQyQzJFRkJFNDE1
NjBENEM0Mjk0MUIxNzQyRDNFRDUxNDIwQUMwMUU0MjMyM0MzMDQyQjkyMkY4
NDEyRDVFMDc0MkRCQUJBQjQxODk2ODAwNDIwRjAyOUM0MDc0RUMwOTQyMkU2
MEIxNDNGMDRERkE0MUZCMjhBRjQzOEI0RTA1NDI0ODc1QUQ0MzhEOUQxMzQy
RjhCN0FBNDM1MzhEMUM0MjQ1M0ZBQTQzNkY4MzIzNDJEQTlBQjA0MzM0Nzcz
MjQyNUQ1MjhBNDFGNzQwMzc0MjA4QjlCMDQzQUVEMTUxNDI4MzZBOUM0MzM0
NUMzRDQyMTdEQTlCNDNCQUIxMzM0MjMyREVBMzQzQjZFNTQwNDIwQzg0QTQ0
MzhDOTYzQTQyNTlBM0E2NDMyQjdGMzk0MjUwQzdBQjQzRjI1NTQ5NDJGNTdG
QUQ0MzYzRjk0NDQyNEYzQkIwNDM2NjcyNEM0MjVBNTQ5OTQxNTlBRjczNDIz
MjE4QTc0MUIxNTc3QTQyODMwMzI2NDFENDVFN0Y0MkZGNDVBMzQzMTU2NTgx
NDI3NUNBOUM0M0Y5MzQ2NDQyRDQyRkE4NDM5RDFENjU0MkVDRDU1OTQwQjk5
NjZDNDIwMUVCQjM0MzFGOUM4MjQyOTM4NkFENDNGMDkxODM0MkUyMzhBNjQz
NkRGNTdENDIzQUVEQTQ0MzYyRkE3MTQyOTU0NUFFNDNDMzI4ODA0MkIzNDAy
OTQxM0M3Qjg0NDIzNUYzQzg0MTExQTE4MjQyMzVDRjI3NDFGODQyOEE0MkEy
NDFBNTQzMTZBMjkxNDIwREQwOTI0MzQ0OEY5QjQyQkRFNUFBNDMzNTcwOEU0
MjVFM0RBQzQzNUJFMzdDNDJFMTcxQjE0M0YwODc4NTQyNjlERjRGNDI4ODQ5
OEQ0MjJCNkY1MTQyNkVBQzhBNDI2REU5MDk0MjZCNzY5MDQyOEQ5NjhDM0VC
QkJCMzMzRjNCMUVBMTNGRjkwRDhEM0Y5MUYwNjEzRjk3MDBFRDNGNDQ5RjM3
NDBFRkVEMEY0MDkwMEEwNjQwOTdDQTNBNDBFMTI5OEI0MDMxQ0U4NTQwREJD
ODQ2NDBFNTc0NTE0MEVFQzdGQTNGRTU5Q0FBM0Y1MkVGOEEzRjg0MzYxMjQw
OTk3REMwM0ZFMjIyM0IzRjRBQUExNzNGMTA2RDM1M0Y4OTM1MkEzRjc0REUw
MDNGQzNCMjRBM0YyOUVBOEEzRkVGRTQ0OTNGMzhGMjMxM0Y0M0M2RjEzRUZD
MkI1NjNFNTkwMkI3M0VFNEIwNjQzRTg5QjkzQjNFNjhCMkY2M0VDNjVBREUz
RTFDRjA5OTNFMkUzRjFCM0VGQkRDN0EzRQ==

--SBD.Boundary.605592468
PROCESS /noc/users/iridburst/exec/irid_300224010734970_upd.pl
Last Run  ----1970-01-01 00:00:00 
MONTH  5 
DATA  xxrecord 2012-05-11 01:00:05 :: $W5M5A,120511,010005,660d0028449ce246,1,DAS 2,4901.1399N,1623.6906W,12.5,12,15.5,13.8,10.7,70.9,5.7,10.8,71.5,5.8,1026.3,1.93,2.75,7.4,6,44*5C
 
INSERT
STATION sbdservice
IRID_ID 300224010734970
BODY 
Content-Type: application/x-zip-compressed; name="SBMmessage.sbd"
Content-Disposition: attachment; filename="300224010734970_003205.sbd"
Content-Transfer-Encoding: base64

JFc1TTVBLDEyMDUxMSwwMjAwMDUsNjYwZDAwMjg0NDljZTI0NiwxLERBUyAy
LDQ5MDEuMTQzNk4sMTYyMy40MTg3VywxMC44LDYsMTMuNSwxMy44LDEwLjcs
NzIuMiw1LjksMTAuNyw3Mi41LDYuMCwxMDI2LjgsMS45MywzLjIzLDcuMSw5
LDQ1KjYwDQoNCiRXNU01QSwxMjA1MTEsMDIwMDA1LDY2MGQwMDI4NDQ5Y2Uy
NDYsMixEQVMgMiwxMy4wLDEzLjIsMC4yLDAuNCwwLjAxLDkwOCw5MTQsMTU2
LDYyOCwwLDE3OS43LDE0LjI3LDkyNSo2Mw0KDQokVzVNNUEsMTIwNTExLDAy
MDAwNSw2NjBkMDAyODQ0OWNlMjQ2LDMsN0YwMDc0MDIzQTAwMDA1MzMyMzAz
MTMyMzAzNTMxMzEzMDMxMzQzMDMwMzA1NTVBMDAzMTMyMzAzNTMxMzEzMDMx
MzQzMDJDNTQ0MTQyMzAzMDMwMzAzMDJDMkQzMDM1MzEyRTMxMkMyQzMxMzIy
RTM1MzUyQzM0MkUzMDJDMzMzNjMwMzAyQzM2MzAyQzM2MzAyQzMxMkMzMDMw
MzUzNzMwMkMzMzJFMzQzMjJDMzEyRTMyMzYyQzM3MzIyQzMwMkMzMDJFMzEz
NzMxMkMyQjMwMzAyRTMwMEQwQUI0MTBCQUQ5OUY2RjdGMDA2NzAyM0EwMDAw
NTczMjMwMzEzMjMwMzUzMTMxMzAzMTM0MzAzMDMwRkY0RDAwMDA4MEZCNDQw
MDgwRkY0MzAwQzA1QTQ2MDAwMDA2NDNFMEFDQTUzRkFGNzlCRjQwRjBEMjRF
NDBFQ0MxRjYzRjEwRTJEQjQwMTQxOTFDNDBENkU1RTQ0MDkyQzRCRTQwNDk5
MkU0NDAwRTY2RUM0MERGRTUwMzQwRkI4MzBDNDEyOUM4MzI0Mjk1N0U0NDND
NzEyMjg0OTQ1MzcxN0YwMjhBMDIzQTAwMDA0QjU2NDgyMDM3MzIzMDMxMzIz
MDM1MzEzMTMwMzEzNDMwMzAzMDMyMDAwMDAwRUI1MUI4M0QwQUQ3QTMzQjA2
ODQwQzQxMjdDODMyNDIxNjVDMDA0MUM3NDEzNDQyMTUwRjNFNDEzRkFFMUM0
MjYxNjI1NjQxRkU1OTFFNDI4OTE2QUI0MTNBMDEyMzQyM0ZDNkYxNDE4QTU4
MkM0MjE4QUYyNTQyREE0NDQ3NDJBM0VGMEI0MkFBRTQ2MTQyOTQ2NjkyNDE2
MTQ4NEQ0MjE3MkM5OTQxMDNCRTQxNDI4NUJGQzg0MUZGQTEzNzQyNUJDQThF
NDEwOUYzMUQ0MjUyOUM2MjQxQUFBNzBENDI1OTFFN0Y0MTQyQjIxODQyOEFC
RDI1NDFGMDcxMjE0MjAwNkVCMzQzOUJERDExNDJERDMzQjE0MzRGRUUwOTQy
OUUxRkIwNDM4NjkzMUQ0MkNDNUVBOTQzMjUzNjM3NDIwODExQTM0MzFGODYy
RTQyMUNFNEE5NDMwNkFCMkY0MjVCOUNBRjQzODBENDM4NDJEMjY5QTk0M0E4
QkEzNDQyMTVERkE3NDMxNTJGMzY0Mjc1MjNBQjQzQjk4QjM2NDJDMkJCQTc0
M0UxQjMyNzQyRTcwNkEzNDNBMUFFMkI0MjI3N0JBODQzNTNDRjQwNDJDRTIw
QUU0M0VEQkE0RDQyQTFGMEIyNDMwQkZCNUE0MjQxN0ZCMjQzODRFNjYwNDJF
QTBCQUQ0M0UxRjg2QzQyRjlBRUIwNDMxNDk3ODU0MjU5MDlBQjQxQUNBNzg1
NDJFMDgzOTc0MTk1ODg3RjQyQkM2NjhCNDBENTcyN0M0MjFBREQyQjQwOEFB
QTZDNDI2QUIyQUU0M0U1RUU2MDQyRjU4MjlFNDNBRDRDNjc0MjE5MjU5NzQz
NkUwMzZCNDIwQzA2OTg0MzhFMjA3MzQyNzAwQTlCNDMwQThGNkU0Mjc5NzU5
NzQzNkRGNTZCNDIwRTlEOTc0MzlDMkY3NDQyN0FGRjk5NDNCM0ExNzg0MjFC
NDBBMzQzRjQ2MzhBNDIzNkQ2MTE0MjZEQTM4RTQyQzg3RDQxNDI3QzIyOTE0
MkFCMTA0QjQxMDc2Nzk4NDJCM0Y4RUY0MDc3OEQ5MjQyNDg1MTNBNDExMzMy
OTQ0MkNCNUU5RjNFMjJENzFCM0YwNUIyODgzRjkzM0U0NTQwOTkyRDRGNDBF
RkFFMDQ0MEJBRUVGNDNGQ0MyNUVEM0ZBNUJCMzU0MDhEREE1NzQwRjdDNTg3
NDA0N0FDNzk0MDNEQjAyNDQwQ0E4Q0YwM0YxNjM4RTUzRjk4OTcxMTQwRUFC
Qzk0M0YyNjUyQjMzRUE1NDQxOTNGRDg4MTcxM0YxRTE3NDMzRkE3QTg5MDNG
NEY5QzdEM0YzMjg2QTQzRjE3NDg1MDNGMEI0QzA1M0YzNDcwMzAzRkYwMzAz
MTNGQjJFQTA1M0YyQjUyRkEzRUU5QzRCODNFQUFCRkMxM0VBNTQ2QkQzRUZC
Mjg4RTNFMDIxMjgzM0UyNTJEMEIzRTRGMjUxQTNFOUQyRTczM0U3N0QxQTYz
RUQzOUM1QjNFOEUwMjMzM0VBNzFBNjczRQ==

--SBD.Boundary.605592468
PROCESS /noc/users/iridburst/exec/irid_300224010734970_upd.pl
Last Run  ----1970-01-01 00:00:00 
MONTH  5 
DATA  xxrecord 2012-05-11 02:00:05 :: $W5M5A,120511,020005,660d0028449ce246,1,DAS 2,4901.1436N,1623.4187W,10.8,6,13.5,13.8,10.7,72.2,5.9,10.7,72.5,6.0,1026.8,1.93,3.23,7.1,9,45*60
 
INSERT
STATION sbdservice
IRID_ID 300224010734970
BODY 
Content-Type: application/x-zip-compressed; name="SBMmessage.sbd"
Content-Disposition: attachment; filename="300224010734970_003206.sbd"
Content-Transfer-Encoding: base64

JFc1TTVBLDEyMDUxMSwwMzAwMDUsNjYwZDAwMjg0NDljZTI0NiwxLERBUyAy
LDQ5MDEuMTQ2Mk4sMTYyMy4xNTk2VywxMC4zLDE3LDEzLjgsMTMuOCw5Ljgs
NzguNSw2LjMsOS45LDc4LjgsNi40LDEwMjcuNCwxLjk5LDIuOTQsNy43LDE3
LDQ3KjYwDQoNCiRXNU01QSwxMjA1MTEsMDMwMDA1LDY2MGQwMDI4NDQ5Y2Uy
NDYsMixEQVMgMiwxMy4wLDEzLjEsMC4yLDAuNCwwLjAxLDkwOSw5MTUsMTU2
LDYyOCwwLDk1LjYsMTMuODgsOTI0KjUwDQoNCiRXNU01QSwxMjA1MTEsMDMw
MDA1LDY2MGQwMDI4NDQ5Y2UyNDYsMyw3RjAwNzQwMjNBMDAwMDUzMzIzMDMx
MzIzMDM1MzEzMTMwMzIzNDMwMzAzMDU1NUEwMDMxMzIzMDM1MzEzMTMwMzIz
NDMwMkM1NDQxNDIzMDMwMzAzMDMwMkMyRDMwMzUzMTJFMzEyQzJDMzEzMjJF
MzUzMzJDMzQyRTMwMkMzMzM2MzAzMDJDMzYzMDJDMzYzMDJDMzEyQzMwMzAz
NTM3MzAyQzMzMkUzNDMyMkMzMTJFMzIzNjJDMzczMzJDMzAyQzMwMkUzMTM3
MzIyQzJCMzAzMDJFMzAwRDBBQjUxMEFGMDU0OERDN0YwMDY3MDIzQTAwMDA1
NzMyMzAzMTMyMzAzNTMxMzEzMDMyMzQzMDMwMzBGRjREMDAwMDgwRkI0NDAw
ODBGRjQzMDA4MEJCNDYwMDAwMDc0MzIyMkVBMDNGMEQzMEJGNDAwNjMyM0M0
MEU4QUJGRTNGRUVBN0U4NDBCNThCMTc0MDk2NjZFRDQwRDczMUJENDA2MzI3
RjY0MDMxMzdGMjQwODI0MDAyNDBDRTNBODg0MUExMjMzQTQyNTdFNDNFM0My
RDFFQTgwMjg3ODI3RjAyOEEwMjNBMDAwMDRCNTY0ODIwMzczMjMwMzEzMjMw
MzUzMTMxMzAzMjM0MzAzMDMwMzIwMDAwMDBFQjUxQjgzRDBBRDdBMzNCQ0Yz
QTg4NDE5RjIzM0E0MkIzNDBCMzQxQzg4OTIyNDI3RENCODE0MTZEOUUwQjQy
N0JCRjk1NDExM0Y1RkU0MTVCMzBENzQxNzFDRTAxNDJDNjA3MDE0MjIxQUYy
ODQyRDRDMTA1NDI3RTAxNEQ0MkNCMzUyMjQyRENDNTYwNDI2MzFBNEU0MkM2
MkQ2MDQyRTk2NjI0NDJBM0Y5NDg0MkM5NkZDNDQxMzNFODM2NDIxREY3RUY0
MDM4NjUxRjQyMEZEMDE3NDE2QzQwMUM0MkY1MDZFMDQxQTlGODMzNDJGQzUy
Q0Q0MTdGODUzRDQyQjUxMkU0M0VGMzlCNDE0MjUzNDhBNzQzOTUzNDRCNDJF
MUM2QUQ0MzVBMEQzNjQyQUNCNzZEM0YyOEU5MjY0MkFDREQ3NDQwRDkxRTM5
NDIzRDQ4QjM0MzIyQzczMzQyRjc5MEIyNDM4NjYyMUE0MjA3ODRCMTQzOTUy
MzIzNDJGQjc5QUI0MzVBRTU0NzQyREZFN0IwNDMyRjE3NDA0MkI4RjA5RjNG
NThDQzNENDI5NkQ1QjA0MzU2RDM0MzQyRDIyMkFGNDNBRjIxNDk0MkVCMEI2
NzQwMkQxQzRENDIxNUZGMUU0MTc3NEQ0RjQyM0NDOUFGNDNCMEU2NjE0MkEz
OTBBNzQzMUZEQjY2NDI0OEQ0QUY0M0YyNjM2NDQyOEREMUIzNDNDNTI2NkY0
MjczOEE3NDQwRjVFNzgzNDI4RTVFQjM0Mzg3QUQ4NzQyNjREQkIyNDM3QTJC
OEE0MjE2QkUxNDQyMEE5NDg3NDI3MjZENTc0MjU3NzM4MjQyMTg0NjRGNDIw
RTY5ODM0MjIyMEIwMDQyMkIyQTg1NDI2NEY0OTE0MUY2NDU3QjQyM0MxQUFB
NDFCNTZDODA0MjVCNzQ2MDQxMUM1QzhDNDI5QkFEQzE0MDM0RkQ4MDQyRjYy
NzhFNDBGOTIzNzA0MjBBMTdBNTQwQ0I0QzgwNDI3MEZEQjA0MzBERDY4RDQy
QjQ2OUEwNDM0RjNEOEM0MjM4MjFBMDQzODA0Rjg4NDJFMkY3NjU0MTA0MEE5
NzQyNTBCNDI5M0Y0MkRDQkIzRkM5RkVDRjNGMzg3RTBENDA1N0VEMTY0MEUz
NzQzMzQwMTUxNkU1M0YyNjVFRTAzRjY5Qzk5MTQwNkE1QTQxNDA2MzVDNjQ0
MDQxRDE0MjQwNzg4MUVBM0Y3ODFCQkEzRjMwRjQ5ODNGMzdDRjA0M0Y3MTc0
NTMzRjc0MTBCQTNGMzlGMjlCM0YxMDM4OTgzRjUwNzVFOTNGODI1NTRFM0Y0
NDE3QzkzRTQ5NDkxMTNGQzkwNDVBM0ZCNTgyMTYzRjhEREUxNjNGREQ1NjMy
M0YzNzlENUYzRjExQTJERDNFMTM1NUI4M0UzMTAyMzczRjQ1MzNBNTNFNTc5
RjIzM0U4OTUzREQzRDBEQ0YzNjNFQzU3OTMyM0U1OUVENDkzRUQ2QTY4MzNF
OTMyNjc5M0U0QTA2QUUzRTA4MTg5MzNFOA==

--SBD.Boundary.605592468
PROCESS /noc/users/iridburst/exec/irid_300224010734970_upd.pl
Last Run  ----1970-01-01 00:00:00 
MONTH  5 
DATA  xxrecord 2012-05-11 03:00:05 :: $W5M5A,120511,030005,660d0028449ce246,1,DAS 2,4901.1462N,1623.1596W,10.3,17,13.8,13.8,9.8,78.5,6.3,9.9,78.8,6.4,1027.4,1.99,2.94,7.7,17,47*60
 
INSERT
STATION sbdservice
IRID_ID 300224010734970
BODY 
Content-Type: application/x-zip-compressed; name="SBMmessage.sbd"
Content-Disposition: attachment; filename="300224010734970_003207.sbd"
Content-Transfer-Encoding: base64

JFc1TTVBLDEyMDUxMSwwNDAwMDUsNjYwZDAwMjg0NDljZTI0NiwxLERBUyAy
LDQ5MDEuMTU0Nk4sMTYyMi45MDI1VywxMS45LDI5LDE0LjYsMTMuOCwxMC43
LDY2LjksNC44LDEwLjcsNjcuOSw1LjAsMTAyNy44LDEuOTUsMy40OCw4Ljcs
MTUsNDEqNjMNCg0KJFc1TTVBLDEyMDUxMSwwNDAwMDUsNjYwZDAwMjg0NDlj
ZTI0NiwyLERBUyAyLDEzLjAsMTMuMSwwLjIsMC40LDAuMDEsOTEwLDkxNiwx
NTYsNjI4LDAsMTQ5LjYsMTMuODgsOTE4KjYzDQoNCiRXNU01QSwxMjA1MTEs
MDQwMDA1LDY2MGQwMDI4NDQ5Y2UyNDYsMyw3RjAwNzQwMjNBMDAwMDUzMzIz
MDMxMzIzMDM1MzEzMTMwMzMzNDMwMzAzMDU1NUEwMDMxMzIzMDM1MzEzMTMw
MzMzNDMwMkM1NDQxNDIzMDMwMzAzMDMwMkMyRDMwMzUzMTJFMzEyQzJDMzEz
MjJFMzUzMjJDMzQyRTMwMkMzMzM2MzAzMDJDMzYzMDJDMzYzMDJDMzEyQzMw
MzAzNTM3MzAyQzMzMkUzNDMyMkMzMTJFMzIzNjJDMzczNDJDMzAyQzMwMkUz
MTM3MzIyQzJCMzAzMDJFMzAwRDBBQjYxMDk2NTBCQUZEN0YwMDY3MDIzQTAw
MDA1NzMyMzAzMTMyMzAzNTMxMzEzMDMzMzQzMDMwMzBGRjREMDAwMDgwRkI0
NDAwODBGRjQzMDBEMDA0NDcwMDAwRkE0MjhCMjhBMzNGNENBQUNENDBCMEEw
NUU0MEZEMzVGOTNGN0IxNkVENDBDRjdDMUQ0MDRBQjhGNDQwQTlEQkM0NDA2
NTIxMEI0MURGRUYwMDQxQzU4QkZGM0YzMEU3NzA0MTE5MEMyNTQyRjY5OTM2
M0NGQzIwQTIwMDBGMzg3RjAyOEEwMjNBMDAwMDRCNTY0ODIwMzczMjMwMzEz
MjMwMzUzMTMxMzAzMzM0MzAzMDMwMzIwMDAwMDA3QjE0QUUzRDBBRDdBMzNC
MzZFNzcwNDExNzBDMjU0MjZCQjNBRjQzNEZBMjI5NDJCQTZFNkYzRTE4RTMw
NDQyQkM4OTg0NDEyRDNGRDg0MUI5NDFCRTQxNTdBQ0YzNDE4QTRFREI0MTNB
NDYxQzQyRDRGREUzNDE2NzI5MjA0MjYxQUVENDQxMkVFQTEyNDIyNzMwQzE0
MTlGRUMwQzQyQTI3MEM0NDEzQUFFMjQ0MkQ1MDNDODQxMEE2RDI0NDIzOTEy
QjE0MUQ1N0QxMTQyMjFDMTc1NDE4OUVFMTM0MjE3NDhDMDQwQTAwMDI1NDI2
QjcwNTY0MDY4RUQzMzQyMTdDMUI2NDAyQTQ5MkU0MkU3QTE0ODQxQTAwQzFB
NDJGMUJENTM0MUIwRDQwQjQyODQ2RTQ3NDEwQTU3MTU0MjZBRjcyRDQxQTU2
NzJENDI5M0ZEMzUzRjU0NDQyQjQyRTE4N0IyNDMzQjlGMUM0MkUzOTlCMTQz
MDMxMjMxNDJBMThBQjE0M0JFOTk0NDQyRUI0RkQyNDA0RDMxNDY0MjFCRUZC
MjQzNDM4RTUzNDIwQjZDQUI0M0MxNDY1RjQyNzhGNjk0M0YxODM3NTM0MjM0
MEJDMDQwQUNCMDQwNDIxMTZEMEE0MEEyRjYzRDQyNjk5MTUwM0ZDQTY3NDk0
MjMwQUUxRjNGOEZGNjY1NDI2NzFFQUM0MzBBQ0I4MDQyRkZCNEFDNDM2NjU4
ODI0MkQ3MjNCMjQzOEI1RTdDNDI3NkI2QjA0MzRDN0I3MzQyOThDMkE3NDMx
MzAzNzQ0MjgxNEFBRDQzMUVCQzgyNDI1ODFGQzY0MTA4NjU4OTQyOUZFODU4
M0VFREZBOEY0MkFBMDhBNzQzMzM0MDgzNDI2QzNDQUI0MzdEQzc3OTQyRUI3
NEIwNDM4RTdENkE0MjkwMjdBRjQzOTFDQjY0NDI5RjQ0QUY0M0FFQUI3QTQy
OTNCRkFGNDMwQ0Q5N0M0MkZBQTdCMzQzNjczRTg1NDI1ODc3Mjc0MUVGNEY4
OTQyOTUyMEIxNDNENEFFODc0MkI4NEFBQjQzN0U2ODg5NDI3NkJCMjM0MTJF
NkY4RTQyNEExMUE2M0VGREU0MzMzRjEwMjFEOTNGN0RGNjAzNDBCRDJFRTkz
RkY2QjA1MjQwQzc1Qjk2NDAzODNGNjI0MDRFRTZFRTNGRDIwNTdENDA5Mzc1
OTM0MDNDMjBEQzNGM0U0QzREM0Y3MkFFMjEzRjA5NUI3NDNGMzI2MTg2M0Yy
Q0I0RjczRjJCNTRBRjNGMDQ4MDI5M0Y1MDBDM0YzRjY4NTk3QzNGMEFENTgw
M0ZGMTdGRkIzRTdFQ0IyMjNGMDQ3M0ZBM0VENkY0OUYzRTQ5OTRGMjNFQkIx
OTIzM0Y0MjRFOTczRUQ2OTZCNzNFODA4MDg5M0UzMjVBQUUzRUE0RkVCQzNF
MUIwQzE0M0ZDQzA0QzIzRUYwOEM1MTNFNDZEQjc1M0U4RDJFNjYzRTg5NEYz
NDNFMEE1OEFDM0VDMTdBOEUzRTY0RUE3Qw==

--SBD.Boundary.605592468
PROCESS /noc/users/iridburst/exec/irid_300224010734970_upd.pl
Last Run  ----1970-01-01 00:00:00 
MONTH  5 
DATA  xxrecord 2012-05-11 04:00:05 :: $W5M5A,120511,040005,660d0028449ce246,1,DAS 2,4901.1546N,1622.9025W,11.9,29,14.6,13.8,10.7,66.9,4.8,10.7,67.9,5.0,1027.8,1.95,3.48,8.7,15,41*63
 
INSERT
STATION sbdservice
IRID_ID 300224010734970
BODY 
Content-Type: application/x-zip-compressed; name="SBMmessage.sbd"
Content-Disposition: attachment; filename="300224010734970_003208.sbd"
Content-Transfer-Encoding: base64

JFc1TTVBLDEyMDUxMSwwNTAwMDUsNjYwZDAwMjg0NDljZTI0NiwxLERBUyAy
LDQ5MDEuMTg1OE4sMTYyMi42OTEwVywxMS42LDI4LDE0LjgsMTMuOCwxMC43
LDY3LjIsNC45LDEwLjgsNjcuOCw1LjAsMTAyOC41LDEuNzgsMi43LDguNywx
NSw0Myo1Qw0KDQokVzVNNUEsMTIwNTExLDA1MDAwNSw2NjBkMDAyODQ0OWNl
MjQ2LDIsREFTIDIsMTMuMCwxMy4xLDAuMiwwLjQsMC4wMSw5MTEsOTE3LDE1
Niw2MjgsMCwxMzYuNiwxMy44OCw5MjcqNjYNCg0KJFc1TTVBLDEyMDUxMSww
NTAwMDUsNjYwZDAwMjg0NDljZTI0NiwzLDdGMDA3NDAyM0EwMDAwNTMzMjMw
MzEzMjMwMzUzMTMxMzAzNDM0MzAzMDMwNTU1QTAwMzEzMjMwMzUzMTMxMzAz
NDM0MzAyQzU0NDE0MjMwMzAzMDMwMzAyQzJEMzAzNTMxMkUzMTJDMkMzMTMy
MkUzNTMxMkMzNDJFMzAyQzMzMzYzMDMwMkMzNjMwMkMzNjMwMkMzMTJDMzAz
MDM1MzczMDJDMzMyRTM0MzIyQzMxMkUzMjM2MkMzNzM1MkMzMDJDMzAyRTMx
MzczMjJDMkIzMDMwMkUzMDBEMEFCNzEwODIwNDE0QkE3RjAwNjcwMjNBMDAw
MDU3MzIzMDMxMzIzMDM1MzEzMTMwMzQzNDMwMzAzMEZGNEQwMDAwODBGQjQ0
MDA4MEZGNDMwMEUwMkI0NzAwMDAwOTQzMTRCQjk1M0ZFQkU1QkE0MDcxRkUy
QzQwMkEzQ0U0M0Y0MDg5RTU0MDg5OEQwOTQwMzlDMEQ5NDAyM0E2QkM0MDY1
MjEwQjQxMzUxOTA1NDE3NTc5RjUzRkEwQzU3NTQxOThBNzJCNDI1QTk2MkEz
QzA1MUUyODAwODEwQzdGMDI3RTAyM0EwMDAwNEI1NjQ4MjAzNzMyMzAzMTMy
MzAzNTMxMzEzMDM0MzQzMDMwMzAzMTAwMDAwMEVCNTFCODNEMEFEN0EzM0JB
M0M1NzU0MTk2QTcyQjQyOTNFRTEyNDFGRDRBMUE0MjRFMTU3RjQxQzQ4QTA1
NDJDQkI4QUQ0MTI5NDIwQTQyQ0M2Q0I2NDFGNUUyMjM0MkI1OTVBMjQxNDE0
RTBGNDIyOUVGQjI0MUM2REVEMDQxMUFBQUU5NDEzRDc3MDI0MjMzOEQyNTQy
QjdBRTM2NDIxNEVBRUU0MTFBMjkzODQyQTg3QThCNDE0MDA3MjY0MjE4QzA5
MzQxOUU5MzI4NDIxMjc4QzQ0MThDRTIyQjQyRkRBNkMyNDE5NTJCMzE0MjU2
QjY3QTQxMDE5MjJDNDI3MEI0NTA0MTVBODkxRjQyNTU2RThFNDE3NkQ4MzU0
MjVBNzM4RTQxNDYwQzNGNDJERkM1RDM0MDQ0NzkyMzQyMzM5NUNBNDA1QTRC
MEM0MjZCNTAwMDQxOTkwQjIyNDJCNjgxQjI0MzIwMDYzODQyOUQxMkIyNDMx
NTZDMzE0MkZGNDYwNTQwQTUyNTNBNDI5MTk1QjM0MzQ4QjQ1MjQyQTE1MkIx
NDM0RDk0NjU0MjUyQkZBRDQzMTJGNDY5NDI5QTk1QUI0MzZENUE2RTQyOURC
QUFCNDNFNUE3N0Y0MjgxRTA2QzQwMDhEQjczNDI2RkEwMzE0MTkwMjk2MDQy
MzY2QTAzNDFFNjU4NjY0MjI1M0Q4QTNENDQ4NzY0NDIxRUVDQjA0M0MyMzA1
RDQyRTcyN0FFNDMxMTBDNkI0MjkzQkVBNTQzQkVCNDdCNDJFMjc3OUU0MzND
OEM3ODQyQzAzNEEzNDMwOEI2ODA0MkVGQzZBNjQzQTY4MzgwNDJFRDBCQTQ0
MzE1QUQ4MzQyN0ZGNEIyNDNFMDcyODU0MkE5QzA2NzQxNjNFQjdCNDIyRUYx
QkE0MDYyQjQ3MzQyQTUzMDBCNDEzNjlBNkE0MkQ0RUM1MzNGMTgwRjZENDI5
QzI1QTk0M0VFOTE2MjQyRjNCMUE4NDMyMkM1Njk0MkY4OTFCMjQzMUI0Rjc5
NDJGMTRDQkY0MUJGOUU3RjQyODY5Q0RDNDFCNEI1ODg0MkQxOUUxQjNGN0Y5
MDU4M0Y2M0Q5MDM0MDE1M0RGRTNGMzIwNTE3NDAyNUExODA0MEQwM0YxOTQw
NzkyNjBGNDA1RTZCRDczRjg1REEyMzQwMTRBN0ZGM0Y5MkZCMjQ0MDFBNTRF
MzNGNEM0M0RBM0Y2MEFDREQzRjE4NjIzQjNGNDk3NjNFM0Y4Rjk3OUYzRkYy
Qzk1QTNGOEJBRTFEM0Y5Qzk0MEMzRjdBRjU2MjNGODE1MDNGM0ZBNkUyRUYz
RTg1RDFERTNFNzE0REQwM0VEQ0Q1QzMzRTU5MjVDQzNEMDk4NEE3M0U1NkE4
MEUzRjk0QjEwNTNGNDZCNUI4M0U5MTZBNDMzRjczODFGMTNFRDUyMzUxM0U4
QjlEMTYzRTcxNzlERTNFQUZDN0IzM0U2QTM0NzYzRTc0ODBBNzNFRDFDRkMx
M0UwQTgyODQzRUY3QzkxMzNFREI1RDUyMw==

--SBD.Boundary.605592468
PROCESS /noc/users/iridburst/exec/irid_300224010734970_upd.pl
Last Run  ----1970-01-01 00:00:00 
MONTH  5 
DATA  xxrecord 2012-05-11 05:00:05 :: $W5M5A,120511,050005,660d0028449ce246,1,DAS 2,4901.1858N,1622.6910W,11.6,28,14.8,13.8,10.7,67.2,4.9,10.8,67.8,5.0,1028.5,1.78,2.7,8.7,15,43*5C
 
INSERT
STATION sbdservice
IRID_ID 300224010734970
BODY 
Content-Type: application/x-zip-compressed; name="SBMmessage.sbd"
Content-Disposition: attachment; filename="300224010734970_003209.sbd"
Content-Transfer-Encoding: base64

JFc1TTVBLDEyMDUxMSwwNjAwMDUsNjYwZDAwMjg0NDljZTI0NiwxLERBUyAy
LDQ5MDEuMTk2Mk4sMTYyMi40ODg5VywxMy4wLDMwLDE2LjEsMTMuOCwxMS4w
LDY4LjQsNS40LDExLjAsNjkuMSw1LjYsMTAyOS4yLDEuOTcsMy4xLDkuMSwx
NywzOSo1MQ0KDQokVzVNNUEsMTIwNTExLDA2MDAwNSw2NjBkMDAyODQ0OWNl
MjQ2LDIsREFTIDIsMTMuMCwxMy4xLDAuMiwwLjQsMC4wMSw5MTIsOTE4LDE1
Niw2MjgsMCwxNTUuMSwxMy44OCw5MTgqNjcNCg0KJFc1TTVBLDEyMDUxMSww
NjAwMDUsNjYwZDAwMjg0NDljZTI0NiwzLDdGMDA3NDAyM0EwMDAwNTMzMjMw
MzEzMjMwMzUzMTMxMzAzNTM0MzAzMDMwNTU1QTAwMzEzMjMwMzUzMTMxMzAz
NTM0MzAyQzU0NDE0MjMwMzAzMDMwMzAyQzJEMzAzNTMxMkUzMTJDMkMzMTMy
MkUzNTMwMkMzNDJFMzAyQzMzMzYzMDMwMkMzNjMwMkMzNjMwMkMzMTJDMzAz
MDM1MzczMDJDMzMyRTM0MzIyQzMxMkUzMjM2MkMzNzM2MkMzMDJDMzAyRTMx
MzczMjJDMkIzMDMwMkUzMDBEMEFCODEwRkU4Q0E0NzU3RjAwNjcwMjNBMDAw
MDU3MzIzMDMxMzIzMDM1MzEzMTMwMzUzNDMwMzAzMEZGNEQwMDAwODBGQjQ0
MDA4MEZGNDMwMEYwNTI0NzAwMDBGRTQyMjAyRUExM0YxN0I5Qzc0MDc2NjQ0
NjQwQzJGRkZCM0Y1N0FERUY0MDFBOUUxQzQwQTBCMUY1NDA1MURCQzU0MDVE
NzQxMTQxRTdBNjA2NDE3NTc3MDM0MEI1RDM4OTQxOTY0MzFDNDIzNjgzNDAz
Q0Q4MUZDQjIyNkU2QjdGMDJBMjAyM0EwMDAwNEI1NjQ4MjAzNzMyMzAzMTMy
MzAzNTMxMzEzMDM1MzQzMDMwMzAzNDAwMDAwMDdCMTRBRTNEMEFEN0EzM0JC
N0QzODk0MTkxNDMxQzQyQ0M0Q0IyNDM4QjVGMjE0MjAxREIxNzQxMDI0NTAz
NDIyMTNGNzY0MUE4OTlDMzQxRkMyQjkwNDEyQ0Q5QzM0MUVBNDhCRTQxRjND
NTA3NDIyNDc1RDA0MUNBMTMwRDQyNkQxM0JDNDFGMTM0MDk0MkNBRjg5RTQx
ODczRjA5NDJENUJGQkI0MTA0NjYwOTQyMDFDREQ2NDE1QzdFMDI0MjlGREFD
QjQxRkY2MTE4NDI2M0ExQ0M0MTg3QTMzOTQyNDYxOUJDNDFFNTBDMzk0MkQ2
NjFBMjQxOTNCNzI3NDJFNTU1OTA0MTYzQkYxNDQyRjgyRjgxNDE5M0Q2MDE0
MkVCODk3RTQxODFFMDBCNDIzRjFGNzI0MUQyNkYxMDQyREUzNzRDNDFDMUY1
MTA0MjdCRkEwQjQxNUJCQzE5NDJDQUVGQjUzRjdCRDcxODQyN0MxMkIzNDM3
Q0I1MUY0MjJFREI3NzQwRTg5NjMyNDI2MjlGMDI0MTQzNzIzNTQyOEU1RjNG
NDAxRTA0NDQ0MjJDMkM5NzQwRDk3QzRGNDJFRkE1ODk0MDZEMzE0QzQyRjlG
NEIzNDM1N0ZCMzU0MkI3NzAxMTNGQzk2QzQ0NDI5MjRBRkIzRDgzODc4MTQy
ODQzRjA1NDExQ0YxNzk0MjcwMUVCMzQzMzk3MDY2NDI0QzI2QjA0M0FEQjA3
NzQyRDU0RUFGNDMwREUyODc0MjQ1RDk4MDQwNjU4MThENDI4REE0QTM0MTRC
NjQ4ODQyRTgyQzhBNDA3MUVCN0M0MkUxNUNCRjQwMzMzRjcxNDI2QzYzMTE0
MTBCMkM3RDQyMEMwRkFDNDM0OEIzODg0MjMyMkZBRjQzNjdCQThDNDI3NjFD
RTc0MTY5Njk4ODQyMEU3REU0NDE3MEI0OEM0MjUzMEJBMDQzODhDRThDNDJF
MkM3OUM0MzRFODU3ODQyRkY3NTlGNDM0NTlFN0Y0MkU3QTFBMDQzODc3Nzg5
NDI5RUEwQTU0MzdCNjA5MTQyM0NCM0E0NDNCNDczOTM0MjA0MUZBNzQzRjFC
Njk2NDI2Njc1QjI0MzQ1MTA5OTQyMzczRUE5NDNFMzdGOUE0MjcxQzY5NzNF
RTI1MzE3M0Y0NjYwN0EzRkQyOENCRTNGMUEwMURGM0YzQzgwOUE0MDk0OTg4
QzQwNDEyMzY4NDBEOThFODY0MDBBRDA4NjQwRDQxRUZDM0ZGM0VERDUzRjNB
RkRDQjNGRTNCQkUxM0Y1NkNBMTg0MDQzOTVGNjNGM0Q0RkE1M0ZFNTI1QjAz
RjdEMTk5MTNGOEE0MDM2M0YyQzAzODIzRjhDM0E1MTNGMjhCNjEyM0YwNzgw
QTMzRUQ2MkFCMzNFN0U1NjBFM0Y0QzVEMUQzRjE3MTZGMjNFMEI3RDczM0U1
OEEzM0MzRURCQjEzMzNFRUY2REQ2M0U5ODNFQjkzRUQ2MDY5MjNFNDkyRTM1
M0U1MTNBMzAzRUYwOTUzQjNFNUUyMDk5Mw==

--SBD.Boundary.605592468
PROCESS /noc/users/iridburst/exec/irid_300224010734970_upd.pl
Last Run  ----1970-01-01 00:00:00 
MONTH  5 
DATA  xxrecord 2012-05-11 06:00:05 :: $W5M5A,120511,060005,660d0028449ce246,1,DAS 2,4901.1962N,1622.4889W,13.0,30,16.1,13.8,11.0,68.4,5.4,11.0,69.1,5.6,1029.2,1.97,3.1,9.1,17,39*51
 
INSERT
STATION sbdservice
IRID_ID 300224010734970
BODY 
Content-Type: application/x-zip-compressed; name="SBMmessage.sbd"
Content-Disposition: attachment; filename="300224010734970_003210.sbd"
Content-Transfer-Encoding: base64

JFc1TTVBLDEyMDUxMSwwNzAwMDUsNjYwZDAwMjg0NDljZTI0NiwxLERBUyAy
LDQ5MDEuMjc5Nk4sMTYyMi40NTg1VywxMS4zLDMyLDE0LjIsMTMuOCwxMS4w
LDcwLjIsNS44LDExLjEsNzAuNiw1LjksMTAzMC4xLDEuOTgsMy4wMSw4Ljcs
MjAsMzkqNjANCg0KJFc1TTVBLDEyMDUxMSwwNzAwMDUsNjYwZDAwMjg0NDlj
ZTI0NiwyLERBUyAyLDEzLjEsMTMuMiwwLjIsMC40LDAuMDEsOTEzLDkxOSwx
NTYsNjI4LDAsNzYuMywxMy44OCw5MjEqNUMNCg0KJFc1TTVBLDEyMDUxMSww
NzAwMDUsNjYwZDAwMjg0NDljZTI0NiwzLDdGMDA3NDAyM0EwMDAwNTMzMjMw
MzEzMjMwMzUzMTMxMzAzNjM0MzAzMDMwNTU1QTAwMzEzMjMwMzUzMTMxMzAz
NjM0MzAyQzU0NDE0MjMwMzAzMDMwMzAyQzJEMzAzNTMxMkUzMTJDMkMzMTMy
MkUzNjM0MkMzNDJFMzAyQzMzMzYzMDMwMkMzNjMwMkMzNjMwMkMzMTJDMzAz
MDM1MzczMDJDMzMyRTM0MzIyQzMxMkUzMjM2MkMzNzM3MkMzMDJDMzAyRTMx
MzczMTJDMkIzMDMwMkUzMDBEMEFCRTEwQzZBOUI3NTg3RjAwNjcwMjNBMDAw
MDU3MzIzMDMxMzIzMDM1MzEzMTMwMzYzNDMwMzAzMEZGNEQwMDAwODBGQjQ0
MDA4MEZGNDMwMDAwN0E0NzAwMDBGRTQyMjZDQzlGM0Y4OUQ0Q0E0MDBBODA0
MDQwREFFMUZDM0ZBNUExMDI0MTE2MEUyNDQwMDUyMUY0NDBCMEVFQzY0MDY1
MjEwQjQxOUM4NjBCNDEyM0E4MDM0MDNCQ0U5QzQxNDdBODFCNDJBM0JCNDMz
QzcxMUQxMTEwNzYzMzdGMDI4QTAyM0EwMDAwNEI1NjQ4MjAzNzMyMzAzMTMy
MzAzNTMxMzEzMDM2MzQzMDMwMzAzMjAwMDAwMDdCMTRBRTNEMEFEN0EzM0Iz
QUNFOUM0MTQ1QTgxQjQyRjYzRDA3NDFDQkEwMjg0MkQzMTg5NzQxODA5MjBB
NDJFOThDRTM0MUY0M0JFQzQxODMxNTAxNDJGMTM5RjM0MUY1MTFGQzQxMUZG
QjA3NDI3N0U2Q0I0MUEwMDNGRDQxNEEyNUI0NDFFMTE2RUM0MTFCRDhBQjQx
OTBBNDBCNDIyNjkyQUI0MUI2OEQyQTQyRkU2MTlGNDFGNTJBMkU0MkIzNzc5
NzQxQzM2MzEyNDJCMUU0N0M0MUZEOEUwOTQyRDc4MjVGNDFFQTc3MDc0MjM0
MUVBRDQxMEUxOUZGNDE1NDdCQ0U0MTVCNzAwNDQyOTc5MkIzNDFBOEY2MjE0
MjJCNTkyOTQxMEM1MzI5NDJDMjBEMjY0MTRCQUUyOTQyQTZENjk5NDFGOUI4
MUE0MjZDOERCNDQxMjgxRDBDNDJBMUVGNzQ0MTlFMzMyMzQyQkU0QzNGNDA1
OTYxMkY0MkNENzc0NjQxNzIxMTM0NDI5MzA1QkM0MTA0OTA0QzQyQzc0MkFD
NDFBMDUxNTY0MjA3OUVCRjQwMkFEMDYwNDI5QzM5QTk0M0NDMzg1RDQyMUNF
NUFDNDMxNjcxNUQ0MjM3QzIxMTQxNzNEOTVGNDJBRUQ2OTQ0MEE2OUM2MzQy
NDI2OEFDNDNFMzk5NTg0MkM1Q0VBQTQzMzZGRjY1NDJCRUFFMUM0MEQzRUQ3
OTQyNzREQkI5NDExOUYzNUU0MjIyRjM3NzQxMUY0MDY5NDJBNDFCMDc0MTY1
MzI4OTQyOTM1NTAxNDEyRDMyOEE0Mjc2OTZBOTQzM0ExNzc2NDIwNkUyQUU0
M0NEQzQ3NjQyQjg2MUIwNDFDMDdDNzc0MkM2MzdENjQxOTNGODZGNDIxMjUy
QjY0MUQzMDE2ODQyODc0MUEwNDFFQTU1NzE0MjYzQTYwNzQyMkM0OTgyNDJD
RjhENDc0MjBFMTU4NTQyRjgwRkQxNDExQThEOEU0MkIxMDIwODQxQzMwQzkz
NDIwQTlCRjU0MTMwNDU4QjQyNjUzOTFDNDIyQkU5ODk0MkQ4MkRCMjQzMUE5
MDkzNDI3MDkyQjAzRTg5MDA0ODNGOUQzRkE1M0YyODVCNTE0MDExMTgwRTQw
RUQ0Nzk0NDA5MzVFQTM0MDZBMzA4OTQwNERFNjQwNDBBRTAxRDEzRkRCODdB
RjNGREFBRTBBNDBDODBDQUIzRjlBQjZENTNGQTIzNDAyNDA2QTMxOTkzRjc4
QUY3OTNGOTEzOUIzM0ZDQzgxOTgzRjc0RTJCRjNGNjA2RTUxM0ZGQkQyMzMz
RkMwOEMyRTNGOTU0NzIyM0Y1MkI4MDgzRjlEQzZFQzNFRDI4NkU4M0U1RTM0
MTMzRkM2RTdGODNFRTg4N0JDM0UyQUUxMUIzRjdCNzgwMzNGMUNGRDJFM0VG
REVBRTIzRTkzMUNDRTNFMDc1QzkyM0U3QTNENjQzRUQ1QTk1RjNFMTA2QjI3
M0UwMjUyMzczRTY5MjU4MjNFQjk1NzhFMw==

--SBD.Boundary.605592468
PROCESS /noc/users/iridburst/exec/irid_300224010734970_upd.pl
Last Run  ----1970-01-01 00:00:00 
MONTH  5 
DATA  xxrecord 2012-05-11 07:00:05 :: $W5M5A,120511,070005,660d0028449ce246,1,DAS 2,4901.2796N,1622.4585W,11.3,32,14.2,13.8,11.0,70.2,5.8,11.1,70.6,5.9,1030.1,1.98,3.01,8.7,20,39*60
 
INSERT
STATION sbdservice
IRID_ID 300224010734970
BODY 
Content-Type: application/x-zip-compressed; name="SBMmessage.sbd"
Content-Disposition: attachment; filename="300224010734970_003211.sbd"
Content-Transfer-Encoding: base64

JFc1TTVBLDEyMDUxMSwwODAwMDUsNjYwZDAwMjg0NDljZTI0NiwxLERBUyAy
LDQ5MDEuMzcyMU4sMTYyMi40OTg1VywxMy41LDM5LDE2LjIsMTMuOCwxMS4z
LDY2LjIsNS4zLDExLjQsNjYuOSw1LjUsMTAzMS4wLDEuODcsMi42NiwxMCwy
Niw0MSo0QQ0KDQokVzVNNUEsMTIwNTExLDA4MDAwNSw2NjBkMDAyODQ0OWNl
MjQ2LDIsREFTIDIsMTMuNiwxNC40LDAuMiwwLjQsMC4wMSw5MTQsOTIwLDE1
Niw2MjcsMCwyMzUuMywxMy44OCw5MjEqNjINCg0KJFc1TTVBLDEyMDUxMSww
ODAwMDUsNjYwZDAwMjg0NDljZTI0NiwzLDdGMDA3NDAyM0EwMDAwNTMzMjMw
MzEzMjMwMzUzMTMxMzAzNzM0MzAzMDMwNTU1QTAwMzEzMjMwMzUzMTMxMzAz
NzM0MzAyQzU0NDE0MjMwMzAzMDMwMzAyQzJEMzAzNTMxMkUzMTJDMkMzMTMz
MkUzNzMyMkMzNDJFMzAyQzMzMzYzMDMwMkMzNjMwMkMzNjMwMkMzMTJDMzAz
MDM1MzczMDJDMzMyRTM0MzIyQzMxMkUzMjM2MkMzNzM4MkMzMDJDMzAyRTMx
MzYzNDJDMkIzMDMwMkUzMDBEMEFDMjEwMEQ1MEQ4REM3RjAwNjcwMjNBMDAw
MDU3MzIzMDMxMzIzMDM1MzEzMTMwMzczNDMwMzAzMEZGNEQwMDAwODBGQjQ0
MDA4MEZGNDMwMDg4OTA0NzAwMDBGQzQyN0MwRTlFM0YxRDJEQ0M0MENFNkUy
QTQwMDI1NUVGM0Y0Mzk1Rjc0MEU3RTQwRTQwNEY3NkVGNDA2OTVCQzQ0MDAx
MDAyMDQxRkZERTE1NDFBODkwRkMzRjBGQkFDQzQxNjlEMDIzNDJGQkI0MzAz
Q0NEMUYwMkRCQjE5MTdGMDI5NjAyM0EwMDAwNEI1NjQ4MjAzNzMyMzAzMTMy
MzAzNTMxMzEzMDM3MzQzMDMwMzAzMzAwMDAwMDdCMTRBRTNEMEFEN0EzM0Iw
REJBQ0M0MTY5RDAyMzQyQ0IxM0Y3NDA1NkVFNDU0MkM0QjkxNjQyNjEzMDBC
NDJCODJFMUY0MjIwREJBMTQxREU1RDEyNDJGM0FDQkM0MTE5MDMwQjQyRTU1
MEZBNDEyNUVERjk0MTZEOTgyNDQyNjA2QUEwNDFDMDQ2NDk0MjYwRkM5NjQx
QTZGNDYzNDI2QzlEMUI0MjU2OUY1NjQyNDE2OUY3NDExOUNEMzM0MjM4QzI5
RTQxNTU5QTE2NDJERDVGOTI0MTNGNzgwMTQyMDBBNzk1NDFDNUVFMDM0MjY1
Q0M5ODQxM0FCQjFCNDI1QTUxQUE0MTVFQjcwRTQyMDdFOEJCNDFDMDlBRTg0
MUNDNzQ5MjQxQjlDQ0Y4NDFGQjI2OTM0MTg2N0IwODQyMUQ1N0RFNDFFMTIx
MTg0MjJDNUZDMTQxNTcwMTJFNDI4N0QzMTg0MUVFMjQ0MjQyNzczMTFENDE1
OTlGNTI0MkQzRjNDRDQxRDcwNDUxNDJEMkU5RjU0MUIyOTM0NzQyNDBGNUQy
NDFGNjBEM0I0MkY5QjM3RjQxMUJFMzM0NDIwM0EzODQ0MTc1QkM1MTQyNzRE
N0RBNDE3RjhEODI0MjAwQUEwRTQyRUI2NzgxNDI3OTExRjU0MThDOTA1RTQy
OUZDNzk3NDFFNjZFNTA0MjFBNUZGOTQwRkE3RjU5NDIwMTA3MDI0MDgyNEU2
OTQyQTk3MjFFNDFEMkMzNzU0Mjg1QUZEMzQxOEVENTdDNDJFRTFBMDQ0MjI3
QzE4MDQyQkEyMkQzNDE4NUJDN0I0MjNFMDVCQTQwOEQ3RTc2NDIzMkNFQjE0
MzJGRkI2QTQyNEUwQkIzNDNBQzY1NjM0MkFBMTQzQjQxMkE1RDZCNDI3MDU4
RUU0MTYwRDA4MDQyNTE2MjJBNDIwOEYxOEE0MkE1RTRDNTQxQkY5NDhCNDJB
OUYyM0E0MjU2RjY4MjQyNTA1NzY4NDIyQTRFN0I0MjY3QkExMjQyNzVDNzg2
NDJBOTY2RTczRTdENjA4RjQyNEFEM0E3NDM0Rjg1OEU0MjcxNTZBQzQzNjEw
NTg0NDIyOTQ4QjM0MzUzNkY4NTQyMzFBRDMyM0VDODRBMEEzRjcwODMzRTQw
NEE3QTg5NDAyNTE3Mjg0MEYyNUQ2MDQwMkJEOTVCNDA3RjdCMEQ0MDRGMUFD
RTNGRjI4QTEyNDBFNDhFQjMzRjRFRjVENTNGQ0ZCOTAxNDBCNEEyRDIzRjQ1
RkFGQTNGNDYzQkM3M0ZEM0YyOUQzRjZCMDlBMjNGNzhGMzNDM0ZERThGM0Iz
RjQ0NjVCQjNFQkQwNEE2M0UxQzJDMjIzRjNCRjI0RjNGMjE2QzAxM0YyMTQ0
NUEzRjg2RjE1MTNGMzExNEJBM0U2MjE3RkQzRDZGQUM3NDNFNDNEQzk3M0Ux
Mjc1ODIzRUZERTc5MTNFRjEzMkI5M0VEMUMxMzQzRUQ2OTU4MjNFNDZGOThB
M0U0MzFDODIzRUUzOUU5MjNFMzU4QzlDMw==

--SBD.Boundary.605592468
PROCESS /noc/users/iridburst/exec/irid_300224010734970_upd.pl
Last Run  ----1970-01-01 00:00:00 
MONTH  5 
DATA  xxrecord 2012-05-11 08:00:05 :: $W5M5A,120511,080005,660d0028449ce246,1,DAS 2,4901.3721N,1622.4985W,13.5,39,16.2,13.8,11.3,66.2,5.3,11.4,66.9,5.5,1031.0,1.87,2.66,10,26,41*4A
 
INSERT
STATION sbdservice
IRID_ID 300224010734970
BODY 
Content-Type: application/x-zip-compressed; name="SBMmessage.sbd"
Content-Disposition: attachment; filename="300224010734970_003212.sbd"
Content-Transfer-Encoding: base64

JFc1TTVBLDEyMDUxMSwwOTAwMDUsNjYwZDAwMjg0NDljZTI0NiwxLERBUyAy
LDQ5MDEuMzk3NE4sMTYyMi41MzcyVywxNC4zLDMxLDE2LjcsMTMuOSwxMS4z
LDY1LjQsNS4xLDExLjUsNjYuMSw1LjMsMTAzMS44LDIuMTYsMy45OSw5LjEs
MjgsMzYqNjgNCg0KJFc1TTVBLDEyMDUxMSwwOTAwMDUsNjYwZDAwMjg0NDlj
ZTI0NiwyLERBUyAyLDEzLjUsMTQuNCwwLjIsMC40LDAuMDEsOTE1LDkyMSwx
NTYsNjI4LDAsOTAuNCwxMy44OCw5MjQqNTANCg0KJFc1TTVBLDEyMDUxMSww
OTAwMDUsNjYwZDAwMjg0NDljZTI0NiwzLDdGMDA3NDAyM0EwMDAwNTMzMjMw
MzEzMjMwMzUzMTMxMzAzODM0MzAzMDMwNTU1QTAwMzEzMjMwMzUzMTMxMzAz
ODM0MzAyQzU0NDE0MjMwMzAzMDMwMzAyQzJEMzAzNTMxMkUzMTJDMkMzMTMz
MkUzNjM5MkMzNDJFMzAyQzMzMzYzMDMwMkMzNjMwMkMzNjMwMkMzMTJDMzAz
MDM1MzczMDJDMzMyRTM0MzIyQzMxMkUzMjM2MkMzNzM5MkMzMDJDMzAyRTMx
MzYzNDJDMkIzMDMwMkUzMDBEMEFDQTEwN0FGMTgxOEU3RjAwNjcwMjNBMDAw
MDU3MzIzMDMxMzIzMDM1MzEzMTMwMzgzNDMwMzAzMEZGNEQwMDAwODBGQjQ0
MDA4MEZGNDMwMDEwQTQ0NzAwMDBGMDQyN0QzMUI2M0ZCMTdCRDU0MEZGOTE3
RjQwOTJFRjA5NDAzODZGRkQ0MDIwNDAyOTQwMzEzREYzNDBBMkQ1Q0I0MDVE
NzQxMTQxRTBFQjA3NDFFNzFGMTI0MDBFMDFERDQxNkM3MzBGNDJFRjVFNkYz
Q0FBMUVENDE1NzBEQTdGMDI2NjAyM0EwMDAwNEI1NjQ4MjAzNzMyMzAzMTMy
MzAzNTMxMzEzMDM4MzQzMDMwMzAyRjAwMDAwMDdCMTRBRTNEMEFEN0EzM0Iw
QjAxREQ0MTY4NzMwRjQyMDI3MEE5NDE4Mzc0Mzk0MjUyMDBDRjQxQjQwNjJB
NDI1NTE0MTI0MkQzNzNGRDQxNzI3MDAwNDIwOURBREE0MUZBMzZFMjQxMTFD
NENCNDFFNzhGQjg0MThDODJEOTQxNDlDNjk5NDFBNDk2RjA0MTFBNDZDMjQx
MkI3MDA2NDIzQjUwRkE0MUIxRTgwNzQyNkU1MzAwNDJBMDVCMEU0MkE5Q0VG
ODQxRDA3MzAyNDI3ODUxRTM0MTZGNzJGMDQxQTJFOEI2NDFEOTdBMDA0Mjgw
MUY5NjQxRTlDQTAxNDIzMjE1QjY0MTNEQzkwODQyNUQ5NjExNDJENkU0MUM0
MjY3QjYzOTQyQUVDNjE4NDIyN0VBMjc0MjNGMzYxODQyRjdENUZFNDE5ODBG
MjM0MjNBODg5RDQxMkU2RjFGNDI5NURFNUY0MTY3MDkxMjQyQkQ0MTg4NDE1
OEJBMTQ0MjFEQzREMTQxN0REQjJDNDIxMDY3NDE0MjgzRkI1NTQyMjg0RDMz
NDI0RDYwNTY0MkQxQUZGNjQxMTI5RjVDNDI0NTVGRDE0MUYzNEU1MTQyOTFC
MUNBNDE2NTYxNDU0MjUwNzVCRDQxOUUzNzUyNDJBRDYyQzg0MUFGRTg2MjQy
MzI4MkQ4NDFEMjIzNkI0MkI5RTMxMDQyOTg4ODZFNDI0OEZGMkU0MjFEQ0I1
RTQyMjI5ODM2NDJBQURGNUE0MkEwMEY0OTQyRjUzRDgxNDI0MDk5NzU0MjlG
NzA4NDQyODZDQjgyNDIyQzQ2NzY0MjY3REI3NzQyODVGOTgwNDI0RUFGMDc0
MkM0MkM5MDQyNkFGQjJGNDE1NkU1OEE0MjhDM0I3MjQxNTUwMzg0NDI5NTIy
RUY0MTAxMEU4NDQyNDBGMDJDNDJFM0VGODQ0MjBCM0VCNjQxOTM3Mjg1NDI3
Nzg4QUY0M0E5NUU3QTQyQUJERUE5NDMzNjkzODA0Mjg5OTc5RDQxRjg5MTkz
NDJDN0YyMDgzRkEzQkU5OTNFRjc2OUJGM0Y2NTE4NTY0MEU3MTY4OTQwRTAw
REM0NDA3MDU5QTc0MDBDRUE2OTQwMjlDNzg0NDBCNzdEM0U0MEY2MzE4OTQw
MzcwNzlCNDBENjA3MEQ0MENEMjExMzQwNDQzOTAyNDBFQjA4OUEzRjM2N0Ez
RjNGMEQ0MjUwM0Y2NkU0ODEzRjA5RkI2NzNGMkNBOTJCM0YwMzJGODkzRjFD
QTAxRDNGRTkzRTg0M0VFMTg3QjkzRUE5MUVCNzNFREZGRERBM0UyMUU1Nzkz
RjZENTc0MjNGNUYwOTUwM0Y2MjQzMUQzRkMyOTVDRDNFQTlDQjlEM0U0OENB
QjAzRURFMjg2MzNFQkFEMUMxM0U3NjYyQjUzRTFFQzI2QjNFRDZCNDQzM0U2
NjdGNEYzRTg4OTlEODNFREJDQTA3M0YyQzA3OTIzRUM3NDI2OTNFRTI1NjUz
M0VGQjU0MEUzRUFENjExOTNFNDFBM0JDOA==

--SBD.Boundary.605592468
PROCESS /noc/users/iridburst/exec/irid_300224010734970_upd.pl
Last Run  ----1970-01-01 00:00:00 
MONTH  5 
DATA  xxrecord 2012-05-11 09:00:05 :: $W5M5A,120511,090005,660d0028449ce246,1,DAS 2,4901.3974N,1622.5372W,14.3,31,16.7,13.9,11.3,65.4,5.1,11.5,66.1,5.3,1031.8,2.16,3.99,9.1,28,36*68
 
INSERT
STATION sbdservice
IRID_ID 300224010734970
BODY 
Content-Type: application/x-zip-compressed; name="SBMmessage.sbd"
Content-Disposition: attachment; filename="300224010734970_003213.sbd"
Content-Transfer-Encoding: base64

JFc1TTVBLDEyMDUxMSwxMDAwMDUsNjYwZDAwMjg0NDljZTI0NiwxLERBUyAy
LDQ5MDEuNDE3NE4sMTYyMi42MjczVywxMi42LDQzLDE2LjQsMTMuOSwxMS40
LDY1LjUsNS4xLDExLjQsNjYuMyw1LjMsMTAzMi45LDEuOTksMy4wMSw4LDMz
LDM5KjcwDQoNCiRXNU01QSwxMjA1MTEsMTAwMDA1LDY2MGQwMDI4NDQ5Y2Uy
NDYsMixEQVMgMiwxMy44LDEzLjksMC4yLDAuNCwwLjAxLDkxNiw5MjIsMTU2
LDYyOCwwLDI4NC42LDEzLjg4LDkyMSo2Rg0KDQokVzVNNUEsMTIwNTExLDEw
MDAwNSw2NjBkMDAyODQ0OWNlMjQ2LDMsN0YwMDc0MDIzQTAwMDA1MzMyMzAz
MTMyMzAzNTMxMzEzMDM5MzQzMDMwMzA1NTVBMDAzMTMyMzAzNTMxMzEzMDM5
MzQzMDJDNTQ0MTQyMzAzMDMwMzAzMDJDMkQzMDM1MzEyRTMxMkMyQzMxMzMy
RTMyMzkyQzM0MkUzMDJDMzMzNjMwMzAyQzM2MzAyQzM2MzAyQzMxMkMzMDMw
MzUzNzMwMkMzMzJFMzQzMjJDMzEyRTMyMzYyQzM4MzAyQzMwMkMzMDJFMzEz
NjM2MkMyQjMwMzAyRTMwMEQwQUMxMTA2RkE0REE5RDdGMDA2NzAyM0EwMDAw
NTczMjMwMzEzMjMwMzUzMTMxMzAzOTM0MzAzMDMwRkY0RDAwMDA4MEZCNDQw
MDgwRkY0MzAwOThCNzQ3MDAwMDA0NDNCRkFEQTMzRjg4RkVDMjQwMEFDODQw
NDA5OTAyRkYzRkM5RjNFRjQwMTYyRDFCNDA0MDFGRkE0MEM4M0JCRTQwMDAw
MDAwNDE1QURCMDA0MThBRkUwMzQwNDA5NDA0NDI5QjZGMUE0MjVDMjM0MjND
Q0QxQzQxNjgzRjYzN0YwMjdFMDIzQTAwMDA0QjU2NDgyMDM3MzIzMDMxMzIz
MDM1MzEzMTMwMzkzNDMwMzAzMDMxMDAwMDAwN0IxNEFFM0QwQUQ3QTMzQjND
OTQwNDQyOTg2RjFBNDI0NDI5RTc0MThFOEEzOTQyNjI5MTBBNDJEMEQ1MDA0
MjYyRTRGQzQxRjFGNkQzNDFDQjIyMDM0MjM0MUM5QjQxNTE3ODBBNDIwNkMx
QkU0MTNEODEyMzQyOUE3MTBENDIwRjVDM0Y0MkJERUQyMzQyODFCOTEzNDI5
NDU3MEM0MkVCNTFFRjQxRTAxMUZDNDE0MkZDRUM0MTcyMDIxNDQyMEQ3NzFD
NDIxRTYzNTE0MjgwQTYyMDQyNTQyRTVENDIyNUU1MTc0MjlGOTg0RTQyMjgw
QTE3NDJFNTE3MUU0MjJGODAxOTQyMzdBMEY0NDExMEIxMDk0MjA2MkZGMzQx
QzQ5QUQ4NDEzREVGMDc0MjNGMzdDRDQxMDBFMzBBNDIzRDRBMDc0MkE5RDMw
NzQyQzYyQjFFNDI0M0U2MEY0MjhGMkVENDQxMTQ4OTFBNDI2RDNFNUQ0MTNE
RkMxNzQyNDU2MjA3NDFBQ0M4MjA0MjA3MTgzNDQxMzA3ODM5NDJENkU1QjI0
MUI5N0Q0QzQyOEU3QTg5NDEyQjE2NEI0MjFFRTk1RjQxMzdBODQ1NDJDQzc0
MEI0MTU0QUEzOTQyNDk1M0I5NDA1QkY3NDA0MkVCRUEzNjQxOTQ1RTU1NDI1
REY3Qjc0MTI1NDc2ODQyOEM2MTA1NDJGMzM0NjQ0MjAyQTgyNTQyQUQxNzRE
NDJDMTE2MTU0MkI5RTA1RTQyN0IyMzBDNDI2RTdBODE0MjVDNTM3MzQyRTE2
NTgzNDJGMThFNjk0MkIyQTg4MjQyMDYxNUI1NDEzNzQyODQ0MkNDQTBGRDQx
M0U3RjgyNDI5QzZDMkI0MkFCOTY4MDQyOTU2NDFCNDIxMkUwODQ0MkU2QUY1
NjQyNUUzNTg5NDIwQjE5OTM0MkRGOEQ4MjQyRTU5M0ExNDIxRjdFNzg0MkFG
OTBBMTQyQkY4NDZBNDJCQkNENUM0MkE5MkE3OTQyQzc1NjU0NDEyQTkzODI0
MkZCOEJCMTQzQ0QzNzg2NDJCOUFBQUY0MzAwMkQ4MzQyMjE0M0RBM0VEODVD
NjIzRjJCQzU2NDNGOUU0QjE5NDBCNTQzNkQ0MDczNDkxQTQwNzkwOTIzNDAy
MEI0NjA0MDc1NjlEQjQwNzY2RUZCM0YwNUUwRTQzRkFCODc0ODNGNjlCQ0VB
M0U5MkRGNjMzRkU2QzUwMjQwQTRBQTI4NDBCNDdBQzEzRjFFQzY5RTNGNkVG
OUIwM0ZEOUI1NEIzRjAyNkQ1RjNGRjIyRDk3M0YyNzUwM0YzRjFGRDI4MTNF
QzA3QkEwM0VCMUNGOTYzRTVBQzZDNzNFQkQ0MjNBM0YxN0UzNzAzRjZBRTQx
QTNGMDJENkQ0M0UxNEE3MTQzRjcwREYwOTNGQTY0NDE2M0Y2MTY5MDYzRjlE
RTVEMjNFODlEQUNBM0U3OTVFQkMzRUFBNDVERDNFREI5NjI0M0Y2ODVFOTcz
RUZCQjk4MjNFMUQ3MkMyM0VBRjFCODgzRQ==

--SBD.Boundary.605592468
PROCESS /noc/users/iridburst/exec/irid_300224010734970_upd.pl
Last Run  ----1970-01-01 00:00:00 
MONTH  5 
DATA  xxrecord 2012-05-11 10:00:05 :: $W5M5A,120511,100005,660d0028449ce246,1,DAS 2,4901.4174N,1622.6273W,12.6,43,16.4,13.9,11.4,65.5,5.1,11.4,66.3,5.3,1032.9,1.99,3.01,8,33,39*70
 
INSERT
STATION sbdservice
IRID_ID 300224010734970
BODY 
Content-Type: application/x-zip-compressed; name="SBMmessage.sbd"
Content-Disposition: attachment; filename="300224010734970_003214.sbd"
Content-Transfer-Encoding: base64

JFc1TTVBLDEyMDUxMSwxMTAwMDUsNjYwZDAwMjg0NDljZTI0NiwxLERBUyAy
LDQ5MDEuNDI2Nk4sMTYyMi43NzA5VywxMS45LDU3LDE0LjYsMTQuMCwxMS40
LDYzLjMsNC42LDExLjQsNjQuMCw0LjksMTAzNC4wLDEuOTEsMi43NCw4Ljcs
MzUsNDEqNjcNCg0KJFc1TTVBLDEyMDUxMSwxMTAwMDUsNjYwZDAwMjg0NDlj
ZTI0NiwyLERBUyAyLDEzLjgsMTMuOSwwLjIsMC40LDAuMDEsOTE3LDkyMywx
NTYsNjI3LDAsMjk0LjAsMTQuMjcsOTI0KjYxDQoNCiRXNU01QSwxMjA1MTEs
MTEwMDA1LDY2MGQwMDI4NDQ5Y2UyNDYsMyw3RjAwNzQwMjNBMDAwMDUzMzIz
MDMxMzIzMDM1MzEzMTMxMzAzNDMwMzAzMDU1NUEwMDMxMzIzMDM1MzEzMTMx
MzAzNDMwMkM1NDQxNDIzMDMwMzAzMDMwMkMyRDMwMzUzMTJFMzEyQzJDMzEz
MzJFMzIzOTJDMzQyRTMwMkMzMzM2MzAzMDJDMzYzMDJDMzYzMDJDMzEyQzMw
MzAzNTM3MzAyQzMzMkUzNDMyMkMzMTJFMzIzNjJDMzgzMTJDMzAyQzMwMkUz
MTM2MzcyQzJCMzAzMDJFMzAwRDBBQkIxMDAwNTQwMjNCN0YwMDY3MDIzQTAw
MDA1NzMyMzAzMTMyMzAzNTMxMzEzMTMwMzQzMDMwMzBGRjREMDAwMDgwRkI0
NDAwODBGRjQzMDAyMENCNDcwMDAwMEI0MzU2ODA5ODNGMzgzOUI5NDA4NDJB
MkY0MDAxQjZGNDNGMEFGNkU3NDA0MUMyMTU0MDk1NjhGMTQwMjc2QUI5NDA2
NTIxMEI0MUY1MjgwNzQxRTcwRUZFM0ZCNDI0MEE0MkM0NTQyMzQyRTREMDMx
M0NDRDFDNjY4OTQ1Q0M3RjAyOTYwMjNBMDAwMDRCNTY0ODIwMzczMjMwMzEz
MjMwMzUzMTMxMzEzMDM0MzAzMDMwMzMwMDAwMDA3QjE0QUUzRDBBRDdBMzNC
QjMyNDBBNDJDNDU0MjM0MjM3MzYzNzQxMjEwNzJFNDI5MUJDQkY0MTUxMUYx
QjQyQzcxQzE2NDI1RkM5RUE0MTAwODcyMjQyMTY0Q0U1NDFCNkEyMkU0MjBD
RERGODQxMDAzOTJFNDJDQjI1MEQ0MjlDRUUyNTQyQ0FDRTFGNDJGN0QxMUY0
MkM2Q0MyRDQyQjk2ODBCNDJENDA5MkU0MjM5NkEyMjQyNkI2NTI3NDI1NDVD
M0Q0MjZFOEYxRjQyOUQ4OTIzNDIzMEI5MTQ0MjM1RkVGNzQxMEEzQzA0NDJE
NzlGMDI0MjA0RTAxMTQyNUZCNEQ5NDFCQzM5MTI0MkJEMENDQjQxQkQ1MUYy
NDFCQ0I4REE0MUIzMDdDRDQxQjRGMkJFNDFFMUI2RTE0MTkyQzY5QzQxRjJB
QjE4NDI4M0ZBOUI0MTU3NEIzMDQyRUFGRUI4NDFBQzg1MjI0MkYwN0RDOTQx
QjI3QjM1NDJENjNCMEE0MkZCRDAzNzQyMDk5NDI4NDI0RDBEMTc0MjBGNkNE
RjQxMzIwQTJCNDI2QkJBMjg0MTg1RUIyRjQyRDEyQjVDNDExQUMwMkM0MjYw
NkU4OTQxMEU0MjM5NDJFRjk3ODE0MURFQTY0QzQyQUY1OEYyNDA5MzcyNUY0
MkIwQzJEQzQwQzQ2NjdFNDJGNDg5ODY0MTU3RkU4MDQyQ0UxMDkzNDE5MkM1
NkM0MjNCQjZCMjQxNDcwODZCNDJBRTU1QkU0MTgxNUE3RTQyOURBRTc4NDFG
RkY5ODM0MjhFRjQ5NDQxNzMyNzgzNDJENzA0NDM0MjhCMEY4MzQyM0M1ODhF
NDI1MkFCN0E0MkU3QzY5NTQyRjE5MzgxNDJDQ0JGOEI0MjdGODI4RTQyNDQ0
RTUzNDIyN0Y5OTg0MjhEQ0YzMDQyN0E3MDk5NDIwQjE4NDI0MkU5NzU4RTQy
NDM0RDVDNDI4REJBODE0MkM2OTU3RjQyRTQzOTgxNDJGNkNFNTM0MkQ2MDU4
RDQyQTYyMDQ4NDI5OTNBOEE0MjQyMzQ0MjQyMTE0Njg5NDJCQ0Y4RDEzRjY1
OEQ4RjQyQUM1M0EzNDM1Mjg1OEM0MjYyNjI2RjNFNENDMUUxM0VCMUNGOEUz
RjA3MkEzRDQwNzBGN0U3M0ZEMjM3NUQ0MERDRDk1RTQwOUE2OTIzNDA5MDkw
QkIzRjE5MDNCQzNGNURBMTJGNDAwNkJERDMzRjE1RDhCMjNGREQzQUQ1M0ZF
RjUxRDUzRjREMjNGRTNGOEJDNDA1NDA2NjAyMEU0MDkzODc0ODNGRjI1MjNG
M0ZGMkUzNEEzRjc1OEY4MzNFODEyODc3M0U5NzY5MjUzRkU5NDMxODNGNjRD
NEU3M0U0RDY1MjIzRjkzNzMzRjNGNDg4QjM0M0Y4RUJBMUUzRkE3Mzk4MDNF
MDE1NkRDM0UxM0M0MkMzRkVGQUE1MTNGOUZGOENCM0U4MDFGMjMzRTQ4MzdC
ODNFMEUyRTk4M0U0MTAzQjIzRTZGNDkwMw==

--SBD.Boundary.605592468
PROCESS /noc/users/iridburst/exec/irid_300224010734970_upd.pl
Last Run  ----1970-01-01 00:00:00 
MONTH  5 
DATA  xxrecord 2012-05-11 11:00:05 :: $W5M5A,120511,110005,660d0028449ce246,1,DAS 2,4901.4266N,1622.7709W,11.9,57,14.6,14.0,11.4,63.3,4.6,11.4,64.0,4.9,1034.0,1.91,2.74,8.7,35,41*67
 
INSERT
STATION sbdservice
IRID_ID 300224010734970
BODY 
Content-Type: application/x-zip-compressed; name="SBMmessage.sbd"
Content-Disposition: attachment; filename="300224010734970_003215.sbd"
Content-Transfer-Encoding: base64

JFc1TTVBLDEyMDUxMSwxMjAwMDUsNjYwZDAwMjg0NDljZTI0NiwxLERBUyAy
LDQ5MDEuNDEyOE4sMTYyMi44NzMwVywxMi4xLDU5LDE1LjQsMTQuMCwxMS40
LDYzLjQsNC43LDExLjQsNjQuMiw0LjksMTAzNC44LDEuODUsMy40OSw4Ljcs
MzYsNDAqNkENCg0KJFc1TTVBLDEyMDUxMSwxMjAwMDUsNjYwZDAwMjg0NDlj
ZTI0NiwyLERBUyAyLDEzLjYsMTMuOSwwLjIsMC44LDAuMDEsOTE4LDkyNCwx
NTYsNjI3LDAsMTMwLjAsMTQuMjcsOTI5KjY4DQoNCiRXNU01QSwxMjA1MTEs
MTIwMDA1LDY2MGQwMDI4NDQ5Y2UyNDYsMyw3RjAwNzQwMjNBMDAwMDUzMzIz
MDMxMzIzMDM1MzEzMTMxMzEzNDMwMzAzMDU1NUEwMDMxMzIzMDM1MzEzMTMx
MzEzNDMwMkM1NDQxNDIzMDMwMzAzMDMwMkMyRDMwMzUzMTJFMzEyQzJDMzEz
MzJFMzIzOTJDMzQyRTMwMkMzMzM2MzAzMDJDMzYzMDJDMzYzMDJDMzEyQzMw
MzAzNTM3MzAyQzMzMkUzNDMyMkMzMTJFMzIzNjJDMzgzMjJDMzAyQzMwMkUz
MTM2MzYyQzJCMzAzMDJFMzAwRDBBQkMxMDU3ODg1NDJDN0YwMDY3MDIzQTAw
MDA1NzMyMzAzMTMyMzAzNTMxMzEzMTMxMzQzMDMwMzBGRjREMDAwMDgwRkI0
NDAwODBGRjQzMDBBOERFNDcwMDAwMDU0MzZBNUY5OTNGQTEyNEMxNDAxQzRD
NUY0MERDMzdFQzNGNDYwNEVCNDA4RTRBMUE0MDA1NTNFQjQwRDYxMkJENDA2
NTIxMEI0MTJDNDMwQjQxOTVBQkY4M0ZDNUVCMEY0MjNFQTkxRTQyQzVGMzJC
M0MwODFERjExMDE0NTI3RjAyQTIwMjNBMDAwMDRCNTY0ODIwMzczMjMwMzEz
MjMwMzUzMTMxMzEzMTM0MzAzMDMwMzQwMDAwMDA3QjE0QUUzRDBBRDdBMzNC
QzVFQjBGNDIzQkE5MUU0MkU4MTRBNjQxNzQxNzBFNDJGNjA3RjA0MTA5MENF
MjQxMkMzRTE2NDI1Q0NDQzA0MUEwMDQxNzQyQjlERUNENDEyRkEwMTg0MkFF
Q0FEMTQxRENDMjIzNDIyODRCREI0MUQyMjUyODQyRUY2NDE1NDIzODk4MjQ0
MkJDNUY0RTQyOTQ4RDE2NDIzMTI1NEM0MjdDQTIyMDQyNTZEMzIzNDJGNjE1
MkM0MkZEOTExRTQyRjQ2QzFCNDI0RTFCMkQ0MjZEOTMxOTQyMzVFMjEyNDI2
NUVDMTM0MkQ3MTQwQTQyMjE3QkQ4NDE1NjgwMUU0MkNBQ0VGRjQxOEU3NzFD
NDI3Qzk1MTQ0Mjg3Q0IwQTQyRjQ3MUNCNDFFMDU2MTE0MjMyQ0JBMzQxQUMx
NjA4NDJDMDIwQUI0MUM1RDgwMDQyNUE1MUUxNDE4NTRCMEE0MkRGMDVGNzQx
NzEwNTBGNDIyNTk0QzA0MTdCRjcxQTQyN0U5NEI2NDFGMjAzMkI0MjBFMzFF
RTQxMEMxQzI2NDI5MkI0MDQ0MkJEMUIyNTQyMjE3NTBFNDI0QUFDMzc0Mjc0
M0EwMzQyRDdEQzQ3NDIxMjkzMUU0MkQzRDQzODQyODBBRTNCNDIyMkI2MzA0
MjE5Mzg1QzQyREQ3MjU4NDJDMDUyOTU0MkE3MDQ3QTQyQkFBNzgzNDJDREYx
NkI0MjAxMzMzMjQyRUE4NjdENDI3RDRBMDYzRDZENzU3NTQyQURCRkIyNDM2
Q0VENjQ0MjBDNDI3MTQxNkQxMTcyNDIzRUU4MUQ0MjhBQTU3ODQyOUVGNDAy
NDI1RTI4NzQ0MkZFMDk4MzQxMjEzQTcwNDIyOEQ0MjU0MUMzNkQ3RTQyNUYz
NUEwNDFGODgzOEI0MjA5ODgzMDQyNTc1NzhGNDI5QjE0NDM0MkRBMjA4NDQy
NjBFMDZENDI0OUE3ODA0MjMyQzE5OTQyNTJGMDgyNDIxMTIzQUI0MjQ1OTE4
OTQyQkVCRTdCNDIxQjJFOEI0MjU1Qzc0MjQyRENGMDg4NDIyNjUwRUI0MUMw
QjM5NTQyMzhEQ0FCNDNFNTREOTE0MjIxN0ExNDQxOTQyNjk0NDJFNENFMjMz
Rjg5MTYzQTNGMjUyOTBENDAxMzM4RkUzRjg0NjNEMzNGOUVCRjY5NDBENkMz
OTY0MDQ2MUNFMTNGOTYzMEU3M0Y4QjhEMjA0MEVCMjExNTQwRUFCMzdBM0Y2
MjkxQzUzRjFGNUNCODNGQURENDM5M0YxMjU5NEUzRjAxNEJBQzNGRjg0NjFC
M0Y3RTkyNkQzRjJBMDQ4QTNGNEEzNjkxM0ZBNzNGOUEzRkI5Mjg1QjNGMEU5
OUREM0U3MTA4MjEzRkVCMjQyOTNGMzJCQzA2M0YyQUI5RDUzRTUyNUMwODNG
NTJBMzY4M0ZFNTg4NEMzRUExQkM2MzNFQkY3MjA5M0Y0NDM3QjQzRTU2MTI5
RDNFQkMyODJCM0ZDNDFEMDgzRjZDQUZFMQ==

--SBD.Boundary.605592468
PROCESS /noc/users/iridburst/exec/irid_300224010734970_upd.pl
Last Run  ----1970-01-01 00:00:00 
MONTH  5 
DATA  xxrecord 2012-05-11 12:00:05 :: $W5M5A,120511,120005,660d0028449ce246,1,DAS 2,4901.4128N,1622.8730W,12.1,59,15.4,14.0,11.4,63.4,4.7,11.4,64.2,4.9,1034.8,1.85,3.49,8.7,36,40*6A
 
INSERT
STATION sbdservice
IRID_ID 300224010734970
BODY 
Content-Type: application/x-zip-compressed; name="SBMmessage.sbd"
Content-Disposition: attachment; filename="300224010734970_003216.sbd"
Content-Transfer-Encoding: base64

JFc1TTVBLDEyMDUxMSwxMzAwMDUsNjYwZDAwMjg0NDljZTI0NiwxLERBUyAy
LDQ5MDEuNDEyNU4sMTYyMi45NTYwVywxMS44LDc0LDE0LjAsMTQuMCwxMS40
LDYzLjQsNC44LDExLjUsNjQuMiw1LjAsMTAzNS40LDEuODcsMi43NSw3Ljcs
MzAsMzQqNkQNCg0KJFc1TTVBLDEyMDUxMSwxMzAwMDUsNjYwZDAwMjg0NDlj
ZTI0NiwyLERBUyAyLDEzLjgsMTMuOSwwLjIsMC40LDAuMDEsOTE5LDkyNSwx
NTYsNjI3LDAsMjc3LjQsMTQuMjcsOTI1KjYzDQoNCiRXNU01QSwxMjA1MTEs
MTMwMDA1LDY2MGQwMDI4NDQ5Y2UyNDYsMyw3RjAwNzQwMjNBMDAwMDUzMzIz
MDMxMzIzMDM1MzEzMTMxMzIzNDMwMzAzMDU1NUEwMDMxMzIzMDM1MzEzMTMx
MzIzNDMwMkM1NDQxNDIzMDMwMzAzMDMwMkMyRDMwMzUzMTJFMzEyQzJDMzEz
MzJFMzIzOTJDMzQyRTMwMkMzMzM2MzAzMDJDMzYzMDJDMzYzMDJDMzEyQzMw
MzAzNTM3MzAyQzMzMkUzNDMyMkMzMTJFMzIzNjJDMzgzMzJDMzAyQzMwMkUz
MTM2MzcyQzJCMzAzMDJFMzAwRDBBQkYxMEU0MDdGMkJDN0YwMDY3MDIzQTAw
MDA1NzMyMzAzMTMyMzAzNTMxMzEzMTMyMzQzMDMwMzBGRjREMDAwMDgwRkI0
NDAwODBGRjQzMDAzMEYyNDcwMDAwRkE0MjlBMDNBMTNGMDhFNkNDNDBGQ0ZE
MkY0MEU1RTNFRjNGOENDN0Y2NDA5NDQzMTM0MDQ1QTZGMjQwMDBGMEM3NDA2
MzI3RjY0MDJDM0FGRTQwOTA4OEZGM0ZDQkU4RUM0MUZBNjUwNjQyMDA5ODM3
M0M1QTIzMTg1RkRGQUU3RjAyOEEwMjNBMDAwMDRCNTY0ODIwMzczMjMwMzEz
MjMwMzUzMTMxMzEzMjM0MzAzMDMwMzIwMDAwMDBFQjUxQjgzRDBBRDdBMzNC
QzZFOEVDNDFGODY1MDY0MkQ2QjYzRDQxNDZGNjE3NDJBNzJGQjk0MUJEMDEw
NzQyNUVCM0M3NDFBMUJERUY0MTUyQzNDRjQxRTE3N0M2NDE3RkY1Q0Y0MTNC
N0VCMDQxNDNEOEQ1NDEzN0QxQ0U0MUE5MEFGRjQxMTVDNkVCNDEzMEY1MDQ0
MjBERTZDNDQxNkQ1NUZFNDE1QkNDQkQ0MTA3MzNGRjQxRDc0MDA1NDI3QkRB
MDc0MjNGODEyOTQyQzQxQTA0NDIxOUI1MUQ0MjI2RjMwMjQyQzEwNTBENDJG
RkY5MDA0MkI2MTgwRjQyMzk5M0U5NDE1RUZGMEY0MjJDQzFCRDQxQTI4MjEz
NDJGMTVCQjA0MUZFRUExQzQyRjEwMzlBNDE2RUQ0MEQ0MjcxRkY1QjQxNDdD
NkZGNDExOUFBNDE0MUY5NjUwQjQyNTBFRDg4NDE5NDVGMTU0MjYzNzAwNTQy
MUQ2RTBENDJEOUJFNDE0MkFDODUxRDQyQzExMjMzNDIxMTU2NDg0MjE4M0Mw
NzQyMDRGNDQwNDI1RkY1MTk0MjFGRkIzNDQyQjRENjRDNDIzQjYxMzY0MkRC
ODE0ODQyNTFDRDRFNDI4NDUwMjE0MjI5QTA3ODQyODczMTA0NDJGNzk5N0U0
MkFERDI5RTQxMzZGMDRFNDJBQzMyNjE0MTZGRTM0NzQyMTg4NjA2NDFGNTVD
NzE0MkM1NDhFRTQxRjk5MDhBNDJBNUE3MDQ0MkFBMEE4MDQyQTY2RTg0NDFG
OEM3NzA0MjM4QzlDRDQxNTdBMDg1NDIwQTM1MkQ0Mjk5NEE4ODQyQTVFMEYw
NDFBNTFCN0Q0MkFDMEZEMzQxNjA4Qjg4NDJCRTg3QjM0MzY3QzY5MTQyRDc5
MzY1NDJGMTU5OTg0MjE0QThDRTQyOTIwNTgxNDIzNDZCOTI0MkNGNTI4NjQy
MUY2MDAzNDI0ODdBODU0MjIwNjExQzQyN0IyRDg3NDI0RTcyMzI0MjI0Mzk4
ODQyQkMwNDNCNDJCRjQwODg0MkY1NDQ4RDQyQTQ3RDg4NDI5Njc1QUY0MjQ2
RDY4MDQyNTQxODEzM0ZGREZFMDgzRjUyNjRBOTNGQzYzQjE2NDA0NEFGN0I0
MEYzMzgzQzQwN0FGMDNGNDA3MjgxQTk0MEU0OThCMDQwNjUzNjM0NDA1NTNE
RUQzRkFFRTg5NDNGMDI4MkJDM0ZDRkY4Q0YzRkFDMTdBQTNGQzlBOThBM0Yz
MkRDNEYzRkRFNEY2QjNGNEM1MjY4M0YxNkFFODAzRkYxQzEyMDNGMDg3MzE1
M0ZGNjcyQTYzRUNBMjhDNDNFMzBCODMyM0Y1QUJFMUUzRkNBMkFBRDNFOERG
N0I5M0U1NDZGOTEzRTk5QTc1NzNFOUZBNEM1M0VBQTE0RTczRTBCOEY5QzNF
RTZBNTg3M0UyOTZFNDIzRTZFREY5MTNFMDM4MTMyM0U0QUEzNzMzRUU1QTcz
QTNFRjZDNkMzM0Q5QjgyMDAzRTk0ODA4OQ==

--SBD.Boundary.605592468
PROCESS /noc/users/iridburst/exec/irid_300224010734970_upd.pl
Last Run  ----1970-01-01 00:00:00 
MONTH  5 
DATA  xxrecord 2012-05-11 13:00:05 :: $W5M5A,120511,130005,660d0028449ce246,1,DAS 2,4901.4125N,1622.9560W,11.8,74,14.0,14.0,11.4,63.4,4.8,11.5,64.2,5.0,1035.4,1.87,2.75,7.7,30,34*6D
 
INSERT
STATION sbdservice
IRID_ID 300224010734970
BODY 
Content-Type: application/x-zip-compressed; name="SBMmessage.sbd"
Content-Disposition: attachment; filename="300224010734970_003217.sbd"
Content-Transfer-Encoding: base64

JFc1TTVBLDEyMDUxMSwxNDAwMDUsNjYwZDAwMjg0NDljZTI0NiwxLERBUyAy
LDQ5MDEuMzc2N04sMTYyMi45Nzk5VywxMS40LDc5LDE0LjcsMTQuMSwxMS42
LDYzLjUsNC45LDExLjcsNjQuNCw1LjIsMTAzNi4wLDEuODUsMy4yMiw5LjUs
MzUsMzcqNjYNCg0KJFc1TTVBLDEyMDUxMSwxNDAwMDUsNjYwZDAwMjg0NDlj
ZTI0NiwyLERBUyAyLDEzLjgsMTMuOSwwLjIsMC40LDAuMDEsOTIwLDkyNiwx
NTYsNjI3LDAsMjU1LjQsMTQuMjcsOTI1KjZEDQoNCiRXNU01QSwxMjA1MTEs
MTQwMDA1LDY2MGQwMDI4NDQ5Y2UyNDYsMyw3RjAwNzQwMjNBMDAwMDUzMzIz
MDMxMzIzMDM1MzEzMTMxMzMzNDMwMzAzMDU1NUEwMDMxMzIzMDM1MzEzMTMx
MzMzNDMwMkM1NDQxNDIzMDMwMzAzMDMwMkMyRDMwMzUzMTJFMzEyQzJDMzEz
MzJFMzIzOTJDMzQyRTMwMkMzMzM2MzAzMDJDMzYzMDJDMzYzMDJDMzEyQzMw
MzAzNTM3MzAyQzMzMkUzNDMyMkMzMTJFMzIzNjJDMzgzNDJDMzAyQzMwMkUz
MTM2MzYyQzJCMzAzMDJFMzAwRDBBQzAxMEJENTU1QUI3N0YwMDY3MDIzQTAw
MDA1NzMyMzAzMTMyMzAzNTMxMzEzMTMzMzQzMDMwMzBGRjREMDAwMDgwRkI0
NDAwODBGRjQzMDBEQzAyNDgwMDAwRkU0MjIzMzM5NDNGMkE1OUM5NDA5RTMz
NEU0MDg2RTRFQzNGQTY5QkY3NDAzQkIzMEY0MDdFMkZGRjQwNDMxQUM1NDA4
NjYxMTg0MURFRjAxNzQxRUMyMUVGM0ZDMUI3MEI0MkQzMzQxNTQyM0VFNzIw
M0MyNDFGM0JFNUM5NzI3RjAyOTYwMjNBMDAwMDRCNTY0ODIwMzczMjMwMzEz
MjMwMzUzMTMxMzEzMzM0MzAzMDMwMzMwMDAwMDBFQjUxQjgzRDBBRDdBMzNC
QkRCNzBCNDJENTM0MTU0MjY5REMwRTQyM0JEMTEyNDJDNDdFMjY0MjE3NDMw
QjQyNEFCQjFBNDI4OUZFQzQ0MUMwMjIwRjQyNzBCQTlFNDExRTdGMEM0Mjg4
ODFCQzQxMDNFODBBNDJERkEzMUQ0MkY2RUZFNzQxM0MyNDI5NDI2NkFCREU0
MUM2QzAxNzQyQjE0NEVGNDExRDY2MTI0MjU3NUIwQzQyMkYyNjI5NDIyOTU1
MUI0MjkwNzg0NjQyNkM0MjA2NDIyQTZCNDM0MkZDQjhFMTQxOUVGQzJGNDJG
QThEMDY0MjZCMjgzMzQyQ0YxRDMwNDIzMTczMzA0MkM4MDEyQjQyMzY4QzEw
NDI0RTY3MjE0MkREMjQwNTQyQTA5RDBGNDI1RTAyMDc0MkVDNkVDMTQxOEUz
NDEzNDIyNUM5NUU0MTEzRjYxMzQyOTMyOEE3NDE1MEE2MzU0MjMyOEExQTQy
RkJDRDVCNDJCNjg3MTQ0MkVCREQ0NDQyQTEyNjFGNDIyODNFMkU0Mjk5MDUy
NTQyNjNCRjIyNDJBMUVCMTQ0MjJDRjIyQjQyODVEOTAwNDI4RDEyNEM0MkZF
RjYwNTQyOEUwNDY1NDJCQTY1NEU0MkQxMkM1RjQyNzZFRTQ0NDIyMzg2NUE0
MkZGNEEwQzQyREQzNzVDNDI4NjBEMTM0MkIzMUY1QzQyNzEyRDBGNDIwQUM5
NzA0MjNBRjM0RjQyQzlDQzdCNDI4RjMzODg0MkE1RjQ3MjQyRjM2NzEzNDI0
NjU0ODE0MjZERjlCMjQzNzkzRjgzNDIyRDBEOTg0MTJERjM4NzQyQ0Y0NDE4
NDIxNkUzODE0MkMyMTAzOTQyMzVERTgxNDJFMUExN0E0MjM2RUY3ODQyNEYz
NDYwNDJFRDg5Nzk0MjM4QkI0NzQyQjVFNzg0NDI1RDhCNzM0MkJCMTA4QzQy
NDg0NkE1NDFGRUE4OTA0MjdCQUFBQjQzNkYxODgzNDI2OTFEMTY0MTFGMTM4
NDQyNkIzMzIyNDIzMjQ5ODI0MjI0MEU2QzQyRDJBQzg5NDIyQUQwODU0MjRE
QzE4QTQyMjczNDNGNDI4NzU0OEM0Mjk4NjAxQTNGNTgyODJCM0Y3QkNEMkU0
MDIwOUZFNzQwMjJBNDY2NDAxNjY4QUEzRjI2OTlCNjNGOEQ5NjE4NDAxM0Ey
QkMzRjIxQzlGMTNGOUJDM0IzM0ZBMTI0REMzRjlDRTNBMTNGNTdBQzMwM0Y3
MzZGMkUzRjc0Rjg2NjNGNDdDQzdEM0ZEQjJGOTUzRjA5RDg3OTNGNDExQjgx
M0ZGNkM0NDIzRjE4NTg4ODNFNTRGMUJEM0U2REFERUYzRTM3MjMyNDNGRTRC
OTZEM0Y3Q0JDMTEzRkUyMEQ4ODNFQzgxM0I0M0U1NEVEQUYzRUExRTU4NjNF
ODAyMTA0M0VGRTdFOUUzRUQ4NDdBNzNFRjdDOTg3M0UyMTQyMzczRThENTA0
NjNFMEQ1QTM3M0VDMDk4NUUzRTA0MzE0RQ==

--SBD.Boundary.605592468
PROCESS /noc/users/iridburst/exec/irid_300224010734970_upd.pl
Last Run  ----1970-01-01 00:00:00 
MONTH  5 
DATA  xxrecord 2012-05-11 14:00:05 :: $W5M5A,120511,140005,660d0028449ce246,1,DAS 2,4901.3767N,1622.9799W,11.4,79,14.7,14.1,11.6,63.5,4.9,11.7,64.4,5.2,1036.0,1.85,3.22,9.5,35,37*66
 
INSERT
STATION sbdservice
IRID_ID 300224010734970
BODY 
Content-Type: application/x-zip-compressed; name="SBMmessage.sbd"
Content-Disposition: attachment; filename="300224010734970_003218.sbd"
Content-Transfer-Encoding: base64

JFc1TTVBLDEyMDUxMSwxNTAwMDUsNjYwZDAwMjg0NDljZTI0NiwxLERBUyAy
LDQ5MDEuMzQwOU4sMTYyMi45Mjk3VywxMS4zLDY2LDEzLjgsMTQuMSwxMS43
LDY1LjIsNS4zLDExLjcsNjYuMCw1LjYsMTAzNi4zLDEuODMsMi40NSw5LjEs
MzcsMzUqNkUNCg0KJFc1TTVBLDEyMDUxMSwxNTAwMDUsNjYwZDAwMjg0NDlj
ZTI0NiwyLERBUyAyLDEzLjYsMTMuOSwwLjIsMC40LDAuMDEsOTIxLDkyNywx
NTYsNjI3LDAsMjU1LjAsMTQuMjcsOTI0KjY3DQoNCiRXNU01QSwxMjA1MTEs
MTUwMDA1LDY2MGQwMDI4NDQ5Y2UyNDYsMyw3RjAwNzQwMjNBMDAwMDUzMzIz
MDMxMzIzMDM1MzEzMTMxMzQzNDMwMzAzMDU1NUEwMDMxMzIzMDM1MzEzMTMx
MzQzNDMwMkM1NDQxNDIzMDMwMzAzMDMwMkMyRDMwMzUzMTJFMzEyQzJDMzEz
MzJFMzIzOTJDMzQyRTMwMkMzMzM2MzAzMDJDMzYzMDJDMzYzMDJDMzEyQzMw
MzAzNTM3MzAyQzMzMkUzNDMyMkMzMTJFMzIzNjJDMzgzNTJDMzAyQzMwMkUz
MTM2MzYyQzJCMzAzMDJFMzAwRDBBQzIxMEU0Mjg3MjAzN0YwMDY3MDIzQTAw
MDA1NzMyMzAzMTMyMzAzNTMxMzEzMTM0MzQzMDMwMzBGRjREMDAwMDgwRkI0
NDAwODBGRjQzMDBBMDBDNDgwMDAwRkM0MkExQzY5NzNGOUQyQUNENDA3ODlB
MUM0MDE4OUJFQTNGNDlCQUY1NDAwN0JGMEI0MDBBMDJFQjQwQzg3NUM3NDA1
RDc0MTE0MUMzRTUxMjQxRTk1OUYwM0Y1ODE1MTM0MkIzOEUwQzQyMDU2MTIz
M0NDMzFEQjIxODlGQzE3RjAyOTYwMjNBMDAwMDRCNTY0ODIwMzczMjMwMzEz
MjMwMzUzMTMxMzEzNDM0MzAzMDMwMzMwMDAwMDBFQjUxQjgzRDBBRDdBMzNC
NTcxNTEzNDJCMjhFMEM0MjAyNUJDQzQxQThFRUZENDE5MzZCMEE0MjM3RjNE
NjQxNkUxQzE2NDJCQjY0Qjg0MTE2NzgxNDQyQTAzNjhGNDE4MEMzMEM0MjQ2
MzY5OTQxQUM3RkVBNDExQUI4Qzk0MTg2ODZDRDQxMDU5ODAyNDI4N0U1MTc0
MjQ5OEYwRDQyQUIyODMwNDIyODc4MTk0MkQ5NjMyRTQyRDFERDIzNDIyMjMy
MzI0MkE3RDYyNDQyQTYxQTEzNDJFMkE1MkQ0MjU0M0RFRjQxMDg5OTEzNDI1
MkFBRTE0MTQyRjAwQTQyMEM3MDlENDE2MUFGMDc0MjhBRDBBODQxOTU1NzA3
NDI5RTE3MDI0MkM1QUUxQjQyMDM5MDFFNDJDMjdBMTg0MkVBN0YzMjQyRDQ3
NzEyNDI2MEM5MjM0MkE5RTczODQyQTI2OUUzNDE3RThGNTc0MjQ1RkQxMjQy
OEM4NTU0NDJGNTNEMkY0MkEyMDI1MTQyOTQ1MzIzNDJDNjdCNTA0MkJCNTlB
RjQxNzkxNzQ5NDJBMDUwNDg0MTZERjYzQjQyQzQyQ0VBNDEwQkNEM0U0MjJF
MzI0QzQyNDFBMTM0NDJFNDEwNzY0MjYzQjUzRTQyMEEzQzRFNDIyNkJCNjc0
MkMyN0UwRjQyMjcwNzc3NDJDMEEwRjM0MUFGNUU2RjQyNEQ3RjBDNDI2RjA3
NkM0MkJBNzkxNTQyMkQ4NTgwNDI0OTBDMkY0MkE0NUU4ODQyNTAxMjY2NDI2
QjZGODA0MkFBMjU5NDQyRUZEMDdDNDI4QzM4QUE0MjkzNEI3OTQyRTMwNDU3
NDI3N0QwODE0MkQ2RkFGRjQxNDBDNzdFNDI4OUMwMUE0MjY4QkQ3RjQyNjM5
NTgzNDE2RERCNjc0MkExNkI0QjQxMUVBRjc2NDI1QjBBOTQ0MjE4REE4RjQy
ODVDNThBNDIxMDVCOEM0MjNDMTE2NDQyOTNDMzg1NDI2QzgwQTM0MkVFQjg3
RjQyOTIyRkI1NDI2MEMzNzg0MjFFMUM5MzQyRTNBQzg2NDIzNDY0ODg0MjNE
REM4QzQyNjRGOUE2NDI4RUVFOTQ0MjU5QjY1NzNGMEVDN0RBM0ZBQkYyMjI0
MDZFMEI5NDQwNEFCNTk3NDBEODlFMEI0MDJDMjFDQTNGRUFDMDJFNDA0NzQ2
MTc0MDA4QkQwNDQwRUE5RTAzNDBDRTFBOEQzRjQxNjU2QjNGMTcwQjkxM0Y1
MjI1N0UzRkZCQTQ0QjNGOTM0QzM0M0YwQUQwMkIzRjREMDE1NzNGNUY2MkI1
M0U0MzgxRTIzRUU1MkFGMzNFNUJBMkIyM0U3MjEwOTQzRTNEQTEzMzNGRDY0
RjIxM0YwRDlGMDgzRjJEQzUwNDNGNEI0Qzg2M0U2QkE2ODIzRUJBQzg5ODNF
QTVEREMxM0U0NTkxRTIzRTgxMjY2MjNFMjUzMTFBM0UwQUJCNTAzRTdERDI5
RTNFRkMxQjU0M0U1MEFDMTUzRUM5RTM4Mw==

--SBD.Boundary.605592468
PROCESS /noc/users/iridburst/exec/irid_300224010734970_upd.pl
Last Run  ----1970-01-01 00:00:00 
MONTH  5 
DATA  xxrecord 2012-05-11 15:00:05 :: $W5M5A,120511,150005,660d0028449ce246,1,DAS 2,4901.3409N,1622.9297W,11.3,66,13.8,14.1,11.7,65.2,5.3,11.7,66.0,5.6,1036.3,1.83,2.45,9.1,37,35*6E
 
INSERT
STATION sbdservice
IRID_ID 300224010734970
BODY 
Content-Type: application/x-zip-compressed; name="SBMmessage.sbd"
Content-Disposition: attachment; filename="300224010734970_003219.sbd"
Content-Transfer-Encoding: base64

JFc1TTVBLDEyMDUxMSwxNjAwMDUsNjYwZDAwMjg0NDljZTI0NiwxLERBUyAy
LDQ5MDEuMjk2Mk4sMTYyMi44NjIzVywxMi41LDc0LDE1LjcsMTQuMSwxMS43
LDYyLjEsNC43LDExLjgsNjMuMCw0LjksMTAzNi40LDEuNzIsMi4zOSw5LjEs
NDEsMzkqNjMNCg0KJFc1TTVBLDEyMDUxMSwxNjAwMDUsNjYwZDAwMjg0NDlj
ZTI0NiwyLERBUyAyLDEzLjgsMTMuOSwwLjIsMC40LDAuMDEsOTIyLDkyOCwx
NTYsNjI4LDAsMjc0LjIsMTQuMjcsOTI3KjZCDQoNCiRXNU01QSwxMjA1MTEs
MTYwMDA1LDY2MGQwMDI4NDQ5Y2UyNDYsMyw3RjAwNzQwMjNBMDAwMDUzMzIz
MDMxMzIzMDM1MzEzMTMxMzUzNDMwMzAzMDU1NUEwMDMxMzIzMDM1MzEzMTMx
MzUzNDMwMkM1NDQxNDIzMDMwMzAzMDMwMkMyRDMwMzUzMTJFMzEyQzJDMzEz
MzJFMzIzOTJDMzQyRTMwMkMzMzM2MzAzMDJDMzYzMDJDMzYzMDJDMzEyQzMw
MzAzNTM3MzAyQzMzMkUzNDMyMkMzMTJFMzIzNjJDMzgzNjJDMzAyQzMwMkUz
MTM2MzYyQzJCMzAzMDJFMzAwRDBBQzQxMDZCNjFDQTk1N0YwMDY3MDIzQTAw
MDA1NzMyMzAzMTMyMzAzNTMxMzEzMTM1MzQzMDMwMzBGRjREMDAwMDgwRkI0
NDAwODBGRjQzMDA2NDE2NDgwMDAwMDQ0M0QwOUY5MDNGMURCOEMyNDBFNEIw
MTg0MDI5ODZEQzNGOTEwMUY0NDBCQjcwMDM0MDE0MTlGNTQwNkFCNUJCNDA1
RDc0MTE0MUIxOEUxMjQxMUQ1REU4M0ZGNkVGMjM0MjI2RjgxQjQyMkNERDE2
M0NDNzFEMTQ2QjkxMEU3RjAyQUUwMjNBMDAwMDRCNTY0ODIwMzczMjMwMzEz
MjMwMzUzMTMxMzEzNTM0MzAzMDMwMzUwMDAwMDBFQjUxQjgzRDBBRDdBMzNC
RjRFRjIzNDIyM0Y4MUI0MjUwMEVFNjQxODgxNDA3NDI5QzVBMEQ0MjQ5QzFE
QjQxQ0VBMjA0NDJCNzI0Q0Y0MUFBNzAxNzQyQTUxRUE5NDFEMzRGMjM0MjE5
MzBBNzQxRTJBQjM3NDI4NzhFRjU0MTIwQkMzODQyRTA2MzE5NDJBRkQ3MTk0
MjVDQkEyRTQyOEM2OTI5NDI5NERDMzM0MjQxQjgxQzQyNkNFNzJFNDIxQTQ4
MUM0MkExNTgyRjQyMTBBRTNFNDI0RUYxMkM0Mjc5QUQ1MTQyOEVBRjFGNDI4
RDkxNDQ0MkRFNTAyRjQyQjk4RjFFNDJCNjY0MzU0MjBFMTYwMTQyNzQ5ODMx
NDI5Nzk5REM0MTQ2N0QyNjQyNEREMEM1NDEzMDQ2MTk0MjVGNzc4NzQxNjIy
RTJENDI5RTA0QTU0MTg2MzczRjQyQzE5RDA2NDJFNkMxMjg0MjY0Q0QxNDQy
QzBGRTE2NDI5NUEzMjU0MjNEOUQxOTQyMUEyRjNGNDIwRERCMUY0MkZEMzUz
NDQyNDVDRDM1NDI1MzMzMjU0MkUxMDI0ODQyNTIzNTMwNDI1RjVCNEQ0MkYw
NzgyNTQyNzE3NzQ1NDI5Q0NGMDE0MjNBNjgyRDQyOTVGN0M1NDE4OTNBMjc0
MjFENjhEODQxRjIzQTU0NDIxMUMzMjU0Mjc3Qzc3NzQyQzJGRDU5NDIxNTBG
NzU0MjEzNUM4RTQyQzM2NjY4NDI3MjkyOTk0MkQ0ODY2QTQyNUNCNjc1NDJC
QzU1ODI0MjA3MDM2MDQyMUQxNzg4NDI0RDExNjg0Mjk2Rjc4RjQyODdDMjVD
NDJDQzhFOEY0Mjk3ODcwQTQyMjIxRjg3NDIxNkYwMTM0MjcyRjE4QjQyRUU0
MEE5NDJBRkVFOEE0MjgyMzE4RjQyODRCMDg4NDI0RTJFODM0Mjc3REY4ODQy
QUE3NzZCNDIzNUYyOEI0MkU1MkM4QTQxRTFGQzhENDI1MUFGQUU0MzRBRDc4
NDQyQTYyNUIzNDM1NjQ0OEE0MkREQzc2OTQyQThCMjk1NDJGNTFBRkQ0MkI3
ODY4NzQyNDYwMDFFNDMxOTBGODM0MjI2OTY0RTQzREVGMzk5NDJDRTBCQjI0
M0M2QUE5NzQyNkY0NTBGM0ZFQjhGQkEzRjM1OENFNjNGMTM2OTc0NDAyMEM3
ODY0MDM2NzgyNDQwODhBNTE2NDA1NEUzQjMzRjlERkNFMDNGQjc4Q0QyM0Yw
QkY5M0UzRjRERDk2QjNGNzVCNjkzM0Y2RDExNzMzRjE4NkIzMTNGNjkyNDZC
M0Y4MzE4NDkzRkFFMjY0MDNGNURCRTAzM0ZFMjM1RTIzRTIzNUUyNjNGRUNB
OTJGM0ZCNzZEMjUzRjYyMTVFMzNFMjYxMTIxM0Y3MDFGMEMzRjgyRDlDMzNF
OUY1N0YyM0U4MzFCRDIzRUNFMzYyRjNGMEZCNzExM0Y5MUUyQTAzRTFCMDZG
RTNFM0RBNjUyM0Y0RDY2RTczRTM4NUEyQg==

--SBD.Boundary.605592468
PROCESS /noc/users/iridburst/exec/irid_300224010734970_upd.pl
Last Run  ----1970-01-01 00:00:00 
MONTH  5 
DATA  xxrecord 2012-05-11 16:00:05 :: $W5M5A,120511,160005,660d0028449ce246,1,DAS 2,4901.2962N,1622.8623W,12.5,74,15.7,14.1,11.7,62.1,4.7,11.8,63.0,4.9,1036.4,1.72,2.39,9.1,41,39*63
 
INSERT
STATION sbdservice
IRID_ID 300224010734970
BODY 
Content-Type: application/x-zip-compressed; name="SBMmessage.sbd"
Content-Disposition: attachment; filename="300224010734970_003220.sbd"
Content-Transfer-Encoding: base64

JFc1TTVBLDEyMDUxMSwxNzAwMDUsNjYwZDAwMjg0NDljZTI0NiwxLERBUyAy
LDQ5MDEuMjQ2Mk4sMTYyMi43NzY4VywxMC44LDgyLDE0LjYsMTQuMSwxMS44
LDY0LjEsNS4yLDExLjksNjQuOSw1LjUsMTAzNy4wLDEuNjUsMi44NCw5LjEs
NDMsMzgqNjENCg0KJFc1TTVBLDEyMDUxMSwxNzAwMDUsNjYwZDAwMjg0NDlj
ZTI0NiwyLERBUyAyLDEzLjgsMTMuOSwwLjIsMC41LDAuMDEsOTIzLDkyOSwx
NTYsNjI4LDAsMTQ2LjEsMTQuMjcsOTI2KjZCDQoNCiRXNU01QSwxMjA1MTEs
MTcwMDA1LDY2MGQwMDI4NDQ5Y2UyNDYsMyw3RjAwNzQwMjNBMDAwMDUzMzIz
MDMxMzIzMDM1MzEzMTMxMzYzNDMwMzAzMDU1NUEwMDMxMzIzMDM1MzEzMTMx
MzYzNDMwMkM1NDQxNDIzMDMwMzAzMDMwMkMyRDMwMzUzMTJFMzEyQzJDMzEz
MzJFMzIzODJDMzQyRTMwMkMzMzM2MzAzMDJDMzYzMDJDMzYzMDJDMzEyQzMw
MzAzNTM3MzAyQzMzMkUzNDMyMkMzMTJFMzIzNjJDMzgzNzJDMzAyQzMwMkUz
MTM2MzYyQzJCMzAzMDJFMzAwRDBBQzUxMDA5NTU2MjU3N0YwMDY3MDIzQTAw
MDA1NzMyMzAzMTMyMzAzNTMxMzEzMTM2MzQzMDMwMzBGRjREMDAwMDgwRkI0
NDAwODBGRjQzMDAyODIwNDgwMDAwMDk0MzhDRkQ4MjNGQjdERkJBNDBFMkZC
MzU0MEU2QkNEMjNGRDlEMEVFNDBBMTk4MDg0MDc3RDBGRjQwRUUyNkM0NDA1
RDc0MTE0MTQ2MzMxMDQxNTVGOUUxM0Y1QzdDMkI0Mjg0QkIxNjQyNUYzRjEx
M0NBMDIwMjkyMTE2QjM3RjAyOEEwMjNBMDAwMDRCNTY0ODIwMzczMjMwMzEz
MjMwMzUzMTMxMzEzNjM0MzAzMDMwMzIwMDAwMDBFQjUxQjgzRDBBRDdBMzNC
NTk3QzJCNDI4NEJCMTY0MjJDMkIwRDQyMjg0RkU5NDE5QTJDRUQ0MTFEMTZC
ODQxMjJGRkVDNDE4NjJFQzA0MTIwNjgxRTQyQjJCRUM2NDFCRjREMzI0MjQ5
QzVDNTQxOUVEQzMxNDJGNDg5REM0MURGRDQzODQyODg2NDAyNDJDRERGNDg0
MjU4REYxODQyQTU0RTRDNDJDNEY0M0M0MjFBN0YzRjQyRjNGODRENDI3Mzgx
MjY0MkFBNEEzQjQyREZCMjFENDI3Rjk4MUM0MkUxNzQyMjQyQUMwMjBBNDJD
OTRBMUU0MjhGMTgxNzQyMjFDNzEwNDI5MDNFMTk0MjAwQjUwRjQyNzdDODEw
NDJGMTJCMTc0MkQ4RjYxQTQyNjhGNDE1NDJBMjQ0MTE0MkY1MTIwQjQyNUYz
RjBENDJGOEYxMDM0MkY0MEMyODQyQTA3MzE5NDIxQjNEMkQ0Mjk1NDQzQjQy
RDhGRTFGNDIyMkNEMzY0MjkwQTMyMjQyRTI0QTMwNDI5QTlCMjg0MkNFQTEz
MTQyMzVDNjJDNDJFMjM1MjQ0Mjg0NzAzRTQyMjVENTBFNDJCNTU2NUE0MkNB
RTJEQzQxQzdCQTU4NDIwNjYwMUE0MjAyNDg0OTQyNTdBODU3NDIyRjE2NjI0
MkNFMjI4MjQyQTg3RDY3NDIxOEE2NzY0MkI5QjE2MDQyQzJDQzVGNDI2MTFC
NkY0MkFGNTY2ODQyMERFRTg5NDI5RUYwQjA0M0U2NDg5ODQyMTExQUM4NDEy
MEJDOEM0MjFBMUU2NzQyMUIwQjVDNDIwODlCODE0MjZGQTQ2NjQyQUVENDgz
NDI0RjU4ODk0MjAxMzQ0MDQyQTFDNzhENDJCQzk2NkQ0MjQzOUI4QjQyRjZG
QjZBNDIxMTQzOEI0MjBBOTY3RDQyRkUzNTg0NDI5NzEzN0E0MjMxRDE3MjQy
MUJBMjVBNDJCNjlDN0E0MkRGMEI5NzQyMjBBQjg4NDJBQUY4QzQ0MjI1RTk3
RTQyMkJEOUNENDI4MDQ1N0Y0MjNBRTQwRDQzRUJFMzhCNDJBMDEzMjI0MzlE
QUI4NDQyMTg5REQwM0U5RkUzODMzRjgxODExNTQwRTMwNTM4NDA1REY5OEE0
MDBCNjJDRjNGNkY1QjAzNDBERTNDMjI0MEZEMEZFMTNGMzcyQjcwM0YwNDNC
Q0MzRjNFRENDNjNGNEQyMUI3M0Y0NzEzOTEzRjVDMDg2QjNGRjU1RTkzM0ZD
NDZDNzczRjNDRDQ4QjNGODQ4NjM3M0ZGRUMxMTMzRjkwRTFBOTNFRjIwREFE
M0VENUZDQTQzRTEzNzZBMzNFNkNFRkQ1M0UwNDc1QUIzRTRFRTNDRTNFMEZB
OEM5M0U1NjVFOUEzRTdEMDZBMTNFRjE2Q0NBM0U4NTg1MDUzRkZFODc1ODNF
MDMzQzREM0VBOUQ4NUMzRTBDQzIwNjNFNzU5MkJGM0VGNkRGQUEzRTRDRDVE
QjNEODYyMjI3M0UwNjNGMjEzRUREMEYxQQ==

--SBD.Boundary.605592468
PROCESS /noc/users/iridburst/exec/irid_300224010734970_upd.pl
Last Run  ----1970-01-01 00:00:00 
MONTH  5 
DATA  xxrecord 2012-05-11 17:00:05 :: $W5M5A,120511,170005,660d0028449ce246,1,DAS 2,4901.2462N,1622.7768W,10.8,82,14.6,14.1,11.8,64.1,5.2,11.9,64.9,5.5,1037.0,1.65,2.84,9.1,43,38*61
 
INSERT
STATION sbdservice
IRID_ID 300224010734970
BODY 
Content-Type: application/x-zip-compressed; name="SBMmessage.sbd"
Content-Disposition: attachment; filename="300224010734970_003221.sbd"
Content-Transfer-Encoding: base64

JFc1TTVBLDEyMDUxMSwxODAwMDUsNjYwZDAwMjg0NDljZTI0NiwxLERBUyAy
LDQ5MDEuMjA5NU4sMTYyMi43MTgxVywxMS41LDc5LDE0LjIsMTQuMSwxMS44
LDYzLjYsNS4xLDExLjksNjQuNCw1LjQsMTAzNy40LDEuNTQsMi4yOSw5LjEs
NDEsNDAqNkMNCg0KJFc1TTVBLDEyMDUxMSwxODAwMDUsNjYwZDAwMjg0NDlj
ZTI0NiwyLERBUyAyLDEzLjUsMTMuOSwwLjIsMC40LDAuMDEsOTI0LDkzMCwx
NTYsNjI3LDAsMTI1LjMsMTQuNjYsOTI2KjZBDQoNCiRXNU01QSwxMjA1MTEs
MTgwMDA1LDY2MGQwMDI4NDQ5Y2UyNDYsMyw3RjAwNzQwMjNBMDAwMDUzMzIz
MDMxMzIzMDM1MzEzMTMxMzczNDMwMzAzMDU1NUEwMDMxMzIzMDM1MzEzMTMx
MzczNDMwMkM1NDQxNDIzMDMwMzAzMDMwMkMyRDMwMzUzMTJFMzEyQzJDMzEz
MzJFMzIzNjJDMzQyRTMwMkMzMzM2MzAzMDJDMzYzMDJDMzYzMDJDMzEyQzMw
MzAzNTM3MzAyQzMzMkUzNDMyMkMzMTJFMzIzNjJDMzgzODJDMzAyQzMwMkUz
MTM2MzYyQzJCMzAzMDJFMzAwRDBBQzUxMDM3RUE1OTgxN0YwMDY3MDIzQTAw
MDA1NzMyMzAzMTMyMzAzNTMxMzEzMTM3MzQzMDMwMzBGRjREMDAwMDgwRkI0
NDAwODBGRjQzMDBFQzI5NDgwMDAwMDk0M0RBMUE4MTNGNDlERkJBNDAwQUE3
MTI0MEEzQ0JDNDNGQjVBQ0U0NDBDNTE3RjAzRkQwRDVFODQwMUVBOEI4NDA1
RDc0MTE0MTFFQzkwRTQxNTFCQ0QxM0YwRjE2MjU0MjhBQzAxRjQyRTQyQkY5
M0JDQjFGNzU1QzNGNDE3RjAyQTIwMjNBMDAwMDRCNTY0ODIwMzczMjMwMzEz
MjMwMzUzMTMxMzEzNzM0MzAzMDMwMzQwMDAwMDBFQjUxQjgzRDBBRDdBMzNC
MEUxNjI1NDI4NkMwMUY0MkRGNDNDOTQxN0Q4NjJENDIzQTRDQTQ0MUIzQ0NG
ODQxOTZFQkJDNDE3RTIxQzc0MUFBN0JGOTQxNEVFMEJBNDExNEQ3MUM0MjI2
RThDRjQxMzcwRTM1NDIxODY4RkI0MTM0MTIzQjQyQjE3QTEzNDJBMThGMjI0
MkQ1RkMxMDQyQ0U0RTFENDI2NzM3MTU0MkZDREE0RTQyRjIwMDM5NDI2RDcz
ODk0MkVGODI0QjQyOEI2QTcwNDI3NUM0NDg0MjU5MkE2QzQyMzdBOTQ0NDJD
QzI3NTc0MkU3MTkzQzQyRTQxMjQ0NDI0MjJDNDA0MkZDQ0EwRDQyQjhGQTM0
NDIxQzAwRDg0MTM3RDUxMDQyMzRDNEQ4NDEzNDA1MTY0MkJCMzFFMjQxODQy
NTNENDJGRjAzMTM0MkE5RkIyRDQyRTZGRDJCNDJEM0EyMDY0MkNBRjEyQzQy
QzhGOTA2NDIxODk3MTI0MkNDNDUyQTQyQjY3MkY5NDEzNjg4NDA0MjEzM0VG
RTQxNDM5MDRGNDIyQkJFMDM0MjgwQUI1NTQyMTgyMTMyNDJBNjkyNTM0MjRE
RkI1NDQyQzNFNDRCNDI5NDExNDk0MkYzMTU0MzQyQjBGNjQ5NDJGMDk1M0U0
MjdCMEQ1RDQyQzk3RjQ0NDI1Q0RBNDQ0MkI0OTA1RjQyRENDMzFBNDJCNzAy
NkY0MjNBQjIyRDQyNzVENzZGNDI5QzQyRjI0MUQwODc2QjQyRUFDM0Y1NDEy
MzhCNjk0Mjk0QjQ0NzQyMTI2RTY5NDI1RkI0NTA0MjFFNUM3ODQyQjRDQTcx
NDI3Q0RCODY0MjYxREI5NjQyOTAxNDgzNDJGNDVEOEQ0MkNCMzg3MTQyNTJG
RDY2NDJCMEI3NzA0MjkwQzA1QTQyQzE4NjZFNDJEQkY2N0Y0MjRENUE2QjQy
RUM4MDZDNDI0Qzk2NzE0MkUxQkIzODQyOTBBOTcyNDIwMDQwNDI0MkU0RkM3
NzQyMUM5QTk5NDIxQkJGN0M0MkQ3NzJEMjQyNUQwNDgwNDI4NEQ5RkM0Mjk4
QTA5RTQyQjYxRTgzNDM1MzQzOTk0MjNGQTY2QjQzMjUwNjlDNDIxOEUzQTIz
RTgwRDIwMDNGNkZBRDAxNDAwMzMzMDc0MDk1Njc0NzQwQjc1QzA2NDA5OTY5
REUzRkU2QTNCQjNGOERDQUUyM0ZGNjNBNTAzRjk2NThGRTNFNzdFQjAwM0Y1
NEY2NUIzRjJEODA1MjNGOUJFOTkwM0Y1N0IwOTYzRjlFRDBBQzNGQjY5ODJC
M0YyQzZGMjMzRkRCM0YzOTNGM0Q2Rjg3M0YzMUI0MjIzRkY2MUY4RDNFQzdE
OEU5M0VFMzNFQjgzRTMyQzI4MDNFM0UyQ0NGM0VFNDAzQ0EzRUU5NDNDMDNF
REI5NkI1M0UzN0FFRUEzRTFERTQ0RTNFRUZBREIxM0UzMjYzOTczRTIxNTg0
MTNFMUY4RTU1M0UxQzFFMDIzRTFBREQ1OQ==

--SBD.Boundary.605592468
PROCESS /noc/users/iridburst/exec/irid_300224010734970_upd.pl
Last Run  ----1970-01-01 00:00:00 
MONTH  5 
DATA  xxrecord 2012-05-11 18:00:05 :: $W5M5A,120511,180005,660d0028449ce246,1,DAS 2,4901.2095N,1622.7181W,11.5,79,14.2,14.1,11.8,63.6,5.1,11.9,64.4,5.4,1037.4,1.54,2.29,9.1,41,40*6C
 
INSERT
STATION sbdservice
IRID_ID 300224010734970
BODY 
Content-Type: application/x-zip-compressed; name="SBMmessage.sbd"
Content-Disposition: attachment; filename="300224010734970_003222.sbd"
Content-Transfer-Encoding: base64

JFc1TTVBLDEyMDUxMSwxOTAwMDUsNjYwZDAwMjg0NDljZTI0NiwxLERBUyAy
LDQ5MDEuMjI0N04sMTYyMi42NTQ5VywxMC45LDcxLDE0LjUsMTQuMSwxMS44
LDY0LjYsNS40LDExLjksNjUuNCw1LjcsMTAzOC4wLDEuNTgsMi4xNyw5LjUs
NDQsNDAqNjgNCg0KJFc1TTVBLDEyMDUxMSwxOTAwMDUsNjYwZDAwMjg0NDlj
ZTI0NiwyLERBUyAyLDEzLjMsMTMuOCwwLjIsMC41LDAuMDEsOTI1LDkzMSwx
NTYsNjI3LDAsMjU4LjAsMTQuNjYsOTI2KjY3DQoNCiRXNU01QSwxMjA1MTEs
MTkwMDA1LDY2MGQwMDI4NDQ5Y2UyNDYsMyw3RjAwNzQwMjNBMDAwMDUzMzIz
MDMxMzIzMDM1MzEzMTMxMzgzNDMwMzAzMDU1NUEwMDMxMzIzMDM1MzEzMTMx
MzgzNDMwMkM1NDQxNDIzMDMwMzAzMDMwMkMyRDMwMzUzMTJFMzEyQzJDMzEz
MzJFMzEzMTJDMzQyRTMwMkMzMzM2MzAzMDJDMzYzMDJDMzYzMDJDMzEyQzMw
MzAzNTM3MzAyQzMzMkUzNDMyMkMzMTJFMzIzNjJDMzgzOTJDMzAyQzMwMkUz
MTM2MzYyQzJCMzAzMDJFMzAwRDBBQzExMDk0QjYzQUYwN0YwMDY3MDIzQTAw
MDA1NzMyMzAzMTMyMzAzNTMxMzEzMTM4MzQzMDMwMzBGRjREMDAwMDgwRkI0
NDAwODBGRjQzMDBCMDMzNDgwMDAwMDg0M0Q2RjU4MjNGQzhENUJENDA2RENB
MEE0MEMxQjRDQTNGREUwQ0Y1NDAyOTZFRUYzRjJEMUQwMjQxNjU3NEJFNDA4
NjYxMTg0MUQ3MDkxODQxQjhBOEQ2M0Y5OEFBMzE0MjE0MUMxRTQyNkE2RjAw
M0NGODFEOTYxQjQ5N0M3RjAyQTIwMjNBMDAwMDRCNTY0ODIwMzczMjMwMzEz
MjMwMzUzMTMxMzEzODM0MzAzMDMwMzQwMDAwMDBFQjUxQjgzRDBBRDdBMzNC
OTdBQTMxNDIwRjFDMUU0MjU2QkIwRDQyNDcwQTE3NDI3MTVBMDU0Mjc3OURG
QTQxMEIwNjE2NDJBODc4QUU0MTUwMTIxQjQyOEZDOEFBNDFFMzY5Mjk0MjAx
MjdFMjQxMDZENTM1NDJEMkMyRkI0MTQwN0EyOTQyOUQzRDEwNDJFNjRBMjk0
MjcyRTgyNzQyQzI3NzNBNDI3RUVGMkE0MjlBQzYzMjQyMTYzQjM0NDJGNjk5
MTk0MjYyNzYyQjQyRTlEMzI3NDJFMzFBMjc0MjM1QzQ0MzQyMTdCMDM3NDIy
MzlGN0Y0MjhENTk0NDQyNzgzQjhFNDIzOTY4NEE0MjhBQ0Y1QzQyMDBDNjUw
NDI2NDQzMzY0MkZCQkU1NzQyNDIyNjNFNDJGOTcyNDc0MkREQ0IyQzQyRUM3
NzI0NDI5NTg1Mzg0MjlDQzUyRDQyQjAxMDQ0NDI3NDM0M0E0MjQ3OTUyOTQy
NjQ3RTJENDI1NTlBMkI0MjQ0NTkxQTQyRDYzNjUwNDJCMUQ2MTY0MkQyNzE2
MjQyQTY5RTJFNDJBMEE1MzA0MjdCQzc0ODQyQjU1NzIxNDJGQjdBNDI0MkRG
NkMzRTQyQTdFNjQxNDI4MDM4M0Y0MjhGMjQ0MDQyMjU1MDQ0NDI5RDhDNEE0
MjdENjc0MzQyQzE4NzYzNDJCRTlCMEU0MkUwMEE3NTQyRTgwQzg3NDFGNTBB
NzQ0MkE4OTMxNjNFM0M3Qzc2NDJFQTM1QjQ0MEVCRUE4ODQyRUZEQzYzNDI1
NEUwODI0MjAxNkU2QjQyNzU3ODYwNDIwRDVENDg0MkY1OUY3RjQyQTIxN0ZF
NDFDMTM1OEI0MjQ4Njc0NzQyNzJFRTgzNDJERTI4NzY0MjFCNTQ3RTQyQjY5
OTcwNDJDMjhFNzY0MjdBQ0U4RjQyODhDNDZBNDJGRTNEQUU0MkUyOEI3NjQy
MkU1QkQ1NDJFQkQ5ODM0MkNBMDJFMDQyOTQ1MTg2NDI3NkFBRjk0MjYxNzQ3
ODQyMzYwQzA0NDM3MzMwNjY0MkFCNDhFMjQyMDM0RjgzNDJEQkUzOEU0MkM1
Mzc4RjQyMzgzNTMwNDJDQkI0OTg0MjI0REYzMDQxMDMzMDlBNDI5ODBGODUz
RTI4MDk2MDNGM0U0MDM1NDA3RURBQUE0MDUzQTZBNjNGRjNFREREM0YzMUI2
RDgzRjY3NEJGNzNGREEwQ0ZGM0YyRkI2OUIzRkQ5RTQ3RDNGMENFMjk1M0ZB
OEVDMkMzRjFGMzYwNjNGNEE5REU0M0U0RUNGNjMzRjA4NjUxMzNGQUJCRDAz
M0YxNjNERjczRTY0QzUwOTNGNzI1RUUwM0VEQjFEREEzRTlCRjk0MTNGOEI5
QjEzM0YyNUZBRjkzRUVGRUU2QzNFMTdDN0FGM0U3REM0QTUzRTdCOTQ1MzNF
ODMxMDhFM0U2NTY1RTIzRTAwNEY5OTNFMTYzRUZGM0Q2MzI0N0UzRTVFMzA5
MjNFRjRDQzZDM0VDNDY4OEMzRTA3REEwNw==

--SBD.Boundary.605592468
PROCESS /noc/users/iridburst/exec/irid_300224010734970_upd.pl
Last Run  ----1970-01-01 00:00:00 
MONTH  5 
DATA  xxrecord 2012-05-11 19:00:05 :: $W5M5A,120511,190005,660d0028449ce246,1,DAS 2,4901.2247N,1622.6549W,10.9,71,14.5,14.1,11.8,64.6,5.4,11.9,65.4,5.7,1038.0,1.58,2.17,9.5,44,40*68
 
INSERT
STATION sbdservice
IRID_ID 300224010734970
BODY 
Content-Type: application/x-zip-compressed; name="SBMmessage.sbd"
Content-Disposition: attachment; filename="300224010734970_003223.sbd"
Content-Transfer-Encoding: base64

JFc1TTVBLDEyMDUxMSwyMDAwMDUsNjYwZDAwMjg0NDljZTI0NiwxLERBUyAy
LDQ5MDEuMjM1MU4sMTYyMi42NTE5VywxMS4wLDc0LDEzLjQsMTQuMSwxMS44
LDY1LjgsNS42LDExLjgsNjYuNiw1LjgsMTAzOC43LDEuNzIsMi44OSw4LDM3
LDM2KjdGDQoNCiRXNU01QSwxMjA1MTEsMjAwMDA1LDY2MGQwMDI4NDQ5Y2Uy
NDYsMixEQVMgMiwxMy4zLDEzLjUsMC4yLDAuNCwwLjAxLDkyNiw5MzIsMTU2
LDYyOCwwLDEyNC45LDE0LjY2LDkyNSo2Qw0KDQokVzVNNUEsMTIwNTExLDIw
MDAwNSw2NjBkMDAyODQ0OWNlMjQ2LDMsN0YwMDc0MDIzQTAwMDA1MzMyMzAz
MTMyMzAzNTMxMzEzMTM5MzQzMDMwMzA1NTVBMDAzMTMyMzAzNTMxMzEzMTM5
MzQzMDJDNTQ0MTQyMzAzMDMwMzAzMDJDMkQzMDM1MzEyRTMxMkMyQzMxMzIy
RTM5MzYyQzM0MkUzMDJDMzMzNjMwMzAyQzM2MzAyQzM2MzAyQzMxMkMzMDMw
MzUzNzMwMkMzMzJFMzQzMjJDMzEyRTMyMzYyQzM5MzAyQzMwMkMzMDJFMzEz
NjM4MkMyQjMwMzAyRTMwMEQwQUM4MTA5RTA2MURDNjdGMDA2NzAyM0EwMDAw
NTczMjMwMzEzMjMwMzUzMTMxMzEzOTM0MzAzMDMwRkY0RDAwMDA4MEZCNDQw
MDgwRkY0MzAwNzQzRDQ4MDAwMDAyNDM4RUQ2OEMzRjA2QzFDNTQwNEFERTM4
NDBFODE1REMzRkY5QjlFRDQwQkY3RDA3NDBEOUMwRjE0MEM1MDZDNDQwMDAw
MDAwNDE0M0Y3MDM0MTQ1NDZFNDNGMUMxOTEzNDI2NTgyMEU0MkExMEQxNTND
RTYxQzZGNDVFMjQyN0YwMjk2MDIzQTAwMDA0QjU2NDgyMDM3MzIzMDMxMzIz
MDM1MzEzMTMxMzkzNDMwMzAzMDMzMDAwMDAwRUI1MUI4M0QwQUQ3QTMzQjFC
MTkxMzQyNjM4MjBFNDIyN0MyMDY0MjE1NkVFMTQxOEQ5OTI1NDJFNEM2RDE0
MTZBMEM0MDQyRDNGRUM4NDE4MzJEMzc0MjZGQUFCNDQxMDZBOTE3NDI4OTgw
OEM0MUFBQzcwQTQyQTA0MDkxNDE5MTdGMDU0MjYzQzBCOTQxNDI3NjBDNDJC
RTI4RTY0MTg1ODgxOTQyMjk0MzBFNDIwNzcyMDE0MkFBRjUyMDQyRkRDREM5
NDFFNzBBMUU0MjhCRTYwODQyNTJDQzI2NDI4QzdGMjg0MjRBNzIzRTQyMUU4
RTBDNDJFRThDMzg0MkU2RUMwNDQyMEIzNDE4NDJGQjcwMUU0MkY4RDYxOTQy
MTQzRjM0NDI4MDdDNDY0MjQ5REYxNzQyNzFBMjQ4NDIzQzg4RUE0MTZGQzMz
RTQyNTFCMzQ1NDE5QkQ5NDk0MjA4MTgxOTQxQ0EzMzM5NDI0NUYwODk0MTdG
RTgzODQyNEQ3RjFBNDIzMDEwMzg0MkM2QkM1QjQyNDRCODIwNDIzNkI5N0I0
MkRCQ0UyODQyMUM5QjQ3NDIzNTVGNTY0MkFENDgyNjQyQTVDOTRDNDI5QUE3
MkU0MjU1MkU0NzQyNDU1NTAyNDJFRDIzNUY0MjI5OTdCQTQxOTU5MjZDNDI3
MEY3RDE0MTU2QjQ2RDQyNDIzNEQwNDFBQUIwN0E0MkE1ODMwRTQyM0JBQTg1
NDI4NDExNDg0MjdGNkM4QjQyNzQwMzlDNDEzOTc4OTU0MkFGMzM0RDQyOEZB
Rjk3NDI3REM3OTk0MkE4MjU4ODQyOUI1MjcxNDIxMjA0N0U0Mjg0RjUyODQy
QjVDMDZFNDIzQzQ5RDI0MUEwNjE2MzQyNDM3RkFFNDFFMjQwNzM0MjZBRkI2
MjQyNTQ4QTgwNDJFOUFDOUM0MjcyMDE3NjQyQjZGMjNENDJEMDg3N0U0MkZF
NDFERDQxNzU3QTVDNDJBOUEzMDc0MkI3RUQ3MTQyQzUyMjI4NDJFNTY4OEI0
MjAxMjUyRDQyOTUxOTk2NDIzQjUzQzA0MjQ4Qzg5QzQyNDkwN0I1NDJDNTZD
OTM0MkIwMDZBODQyQjUzQTdCNDJBMTdGQTEzRTUxMUQ2NzNGNDM3OEIxM0Y2
NUJGQkEzRjVEQTExQzQwQjMyQjdFNDBEMjgxNkI0MEI0MEY5MjQwRjVERUYw
M0ZCMzg3QjgzRjY1QjU5MDNGNzg2RjUxM0Y4MDVGNjMzRkZGQTY5NjNGN0RF
OEFFM0ZBRTgzOTAzRjE3OUU0NjNGOUVCNDNEM0Y3OUQwMDYzRjY0Q0NBNTNF
NzQ4ODU3M0YwNDNBRkIzRUM3RkQyODNGRkQxNDI4M0Y1QjM1QzAzRTZGOEQy
RTNFQkJCRkJDM0VDNUNGMDkzRjExMkFCMDNFNEM1MkNEM0VFODBDOUMzRUZG
NDlDRjNFN0E5N0RGM0UyRjQ1MTEzRTNGN0ZBMjNENUFFQkI4M0RERUZENEQz
RTM3RDUyQTNFQTAxQkNCM0Q2NDIwMkYzRQ==

--SBD.Boundary.605592468
PROCESS /noc/users/iridburst/exec/irid_300224010734970_upd.pl
Last Run  ----1970-01-01 00:00:00 
MONTH  5 
DATA  xxrecord 2012-05-11 20:00:05 :: $W5M5A,120511,200005,660d0028449ce246,1,DAS 2,4901.2351N,1622.6519W,11.0,74,13.4,14.1,11.8,65.8,5.6,11.8,66.6,5.8,1038.7,1.72,2.89,8,37,36*7F
 
INSERT
STATION sbdservice
IRID_ID 300224010734970
BODY 
Content-Type: application/x-zip-compressed; name="SBMmessage.sbd"
Content-Disposition: attachment; filename="300224010734970_003224.sbd"
Content-Transfer-Encoding: base64

JFc1TTVBLDEyMDUxMSwyMTAwMDUsNjYwZDAwMjg0NDljZTI0NiwxLERBUyAy
LDQ5MDEuMzA1Mk4sMTYyMi42OTI5VywxMS4zLDgwLDE0LjIsMTQuMSwxMS43
LDY1LjIsNS40LDExLjgsNjYuMiw1LjcsMTAzOS41LDEuNTUsMi42NSw3LjEs
NDYsNDEqNjcNCg0KJFc1TTVBLDEyMDUxMSwyMTAwMDUsNjYwZDAwMjg0NDlj
ZTI0NiwyLERBUyAyLDEzLjEsMTMuMywwLjIsMC40LDAuMDEsOTI3LDkzMywx
NTYsNjI3LDAsMTg3LjAsMTQuNjYsOTIyKjYxDQoNCiRXNU01QSwxMjA1MTEs
MjEwMDA1LDY2MGQwMDI4NDQ5Y2UyNDYsMyw3RjAwNzQwMjNBMDAwMDUzMzIz
MDMxMzIzMDM1MzEzMTMyMzAzNDMwMzAzMDU1NUEwMDMxMzIzMDM1MzEzMTMy
MzAzNDMwMkM1NDQxNDIzMDMwMzAzMDMwMkMyRDMwMzUzMTJFMzEyQzJDMzEz
MjJFMzYzODJDMzQyRTMwMkMzMzM2MzAzMDJDMzYzMDJDMzYzMDJDMzEyQzMw
MzAzNTM3MzAyQzMzMkUzNDMyMkMzMTJFMzIzNjJDMzkzMTJDMzAyQzMwMkUz
MTM3MzEyQzJCMzAzMDJFMzAwRDBBQkExMDFEOTBBODVEN0YwMDY3MDIzQTAw
MDA1NzMyMzAzMTMyMzAzNTMxMzEzMjMwMzQzMDMwMzBGRjREMDAwMDgwRkI0
NDAwODBGRjQzMDAzODQ3NDgwMDAwMDg0M0U1OTM4MDNGMzMyOUJFNDBBQ0E3
Mjk0MDQxN0JDNjNGOUM0M0U0NDAyQjZGRjUzRjZBQ0RFMjQwMDc3Q0I4NDA0
OTkyRTQ0MERDMUVGQzQwNUE4MENEM0Y2MDA3MzY0MkMzNjQyNDQyNDAwQUVD
M0I4QTFFMzRENjAxOTY3RjAyQUUwMjNBMDAwMDRCNTY0ODIwMzczMjMwMzEz
MjMwMzUzMTMxMzIzMDM0MzAzMDMwMzUwMDAwMDBFQjUxQjgzRDBBRDdBMzNC
NUMwNzM2NDJDNDY0MjQ0MkI0RDkxMTQyNjFBODQ3NDJCOEM2M0M0MjNEODkz
NjQyNTU0RDM2NDIxRTRDMTc0MjE1NkMyRjQyMTg0QTAxNDI1RTJFMjc0MjFD
MjhGMzQxNzRFRTBBNDJFRDAxRUU0MTBBM0RFMTQxNDBDNjA1NDIwQ0ZDMEQ0
Mjk4QzIzMDQyNUIzQjMwNDJFQTE1MkQ0MjUzMTQyNjQyQUUyRDEyNDJFMjgy
M0Q0MjM4RDExMTQyMjczRTQ2NDJEMEE0MEE0MjIxRTEyRTQyNThFNUZGNDFB
N0E2Mjg0MjIxMTQxOTQyRDFFODJCNDIyNUE3MkI0Mjc4MTIxODQyQzg5ODIw
NDI2QkNFM0E0Mjg5RDYxQTQyRTQ2MjRBNDI5MTlCMUU0MjVFMkEyRjQyNjlE
QTMyNDJCMjFCNEQ0MkU1MEMzRTQyMUI3ODcwNDIzRkUxNDA0MkU0RUU4MjQy
MkNBMDMzNDI2RTkzNjQ0Mjg3NUQyQzQyNDc4NjFBNDJDRjI3MzQ0MjBDRDUx
RjQyODA1RDI0NDI3MUNCMzI0MjIwMDYyODQyQjU2NDUwNDI5OTM5NDg0MjMw
MkM2RDQyQTk5QjUzNDI1ODNENkU0MjhGOEE2MjQyRjIwQTYxNDIzQkYwNzg0
MjRGQkIxMDQyRENGMjc0NDJFQkQ0MDI0MkQ1RDM0QzQyRTcxMkY3NDFDQkFC
NTQ0MkI5MEEyMTQyRjcwMzgwNDJCMTBDQTA0MkYxODc4NTQyOTNFRkE4NDJD
RTA0ODg0MjJDMzhERDQyMzIxQzg4NDJBNDk0REU0MkI4MDY4QTQyRTZCNjZF
NDI5RTFDOEY0MjI3ODA1QTQyMkY1NjhCNDI5Q0Y2QTI0MkEyNjQ4MjQyREE4
NEI0NDI1MTk2NzU0MkJCMTI5RTQyRDUwMDgxNDJGMTAyMkY0MkM2NTM4RjQy
MjNEMjAyNDJBRjA0OTc0MjkwOUI5RTQxOUJFQzhGNDI4NDIwQUQ0MDEyMjA3
NTQyRjM2QjgzNDE0MzZCODQ0MjdDMkQzNjQyRkEwNTkyNDI4NjZDOUI0MkU5
QUE5NDQyMTBCMkIwNDJGMTMxODg0MjM1MTBCNzQyQzFDQTg3NDIzNEMxRUU0
MjZCM0I5QjQyOUFDQTY0M0VBMTIzQUQzRTREQjI1QzNGM0EwNEU5M0YwRUQ3
RjUzRkQzQ0EwRDQwOTNCNEQyM0ZGMTc3OTMzRjFDMTU4ODNGM0FENkE5M0Y4
Nzc0MTY0MEM2NjRFNTNGN0VGMUIyM0ZEMTA0N0QzRjc1NEI2RjNGQUJBMjFF
M0ZDNUJDODQzRjFFRjk3NDNGOEEwQkQ0M0UwNUMxMUMzRkNEM0IyRjNGMzA0
NUVFM0UyMTUxRkMzRTU2NUQwMTNGMjlBNzExM0ZCQkNFMkEzRjM1OTVENTNF
MzUyRDgyM0UxOTdGNzMzRTU3RjQxRjNFRjUyNjNBM0VENkNENEUzRTRCQ0U5
MjNFRTNBMDMyM0U3Mjc4MDEzRTVDM0M2Nw==

--SBD.Boundary.605592468
PROCESS /noc/users/iridburst/exec/irid_300224010734970_upd.pl
Last Run  ----1970-01-01 00:00:00 
MONTH  5 
DATA  xxrecord 2012-05-11 21:00:05 :: $W5M5A,120511,210005,660d0028449ce246,1,DAS 2,4901.3052N,1622.6929W,11.3,80,14.2,14.1,11.7,65.2,5.4,11.8,66.2,5.7,1039.5,1.55,2.65,7.1,46,41*67
 
INSERT
STATION sbdservice
IRID_ID 300224010734970
BODY 
Content-Type: application/x-zip-compressed; name="SBMmessage.sbd"
Content-Disposition: attachment; filename="300224010734970_003225.sbd"
Content-Transfer-Encoding: base64

JFc1TTVBLDEyMDUxMSwyMjAwMDUsNjYwZDAwMjg0NDljZTI0NiwxLERBUyAy
LDQ5MDEuMzE1N04sMTYyMi43MjEwVywxMC43LDgwLDEzLjQsMTQuMSwxMS42
LDY0LjEsNS4xLDExLjcsNjUuMCw1LjMsMTA0MC4zLDEuNDcsMi4yNCw5LjEs
NDUsMzkqNjQNCg0KJFc1TTVBLDEyMDUxMSwyMjAwMDUsNjYwZDAwMjg0NDlj
ZTI0NiwyLERBUyAyLDEzLjEsMTMuMiwwLjIsMC40LDAuMDEsOTI4LDkzNCwx
NTYsNjI3LDAsMjkwLjMsMTQuMjcsOTI1KjZGDQoNCiRXNU01QSwxMjA1MTEs
MjIwMDA1LDY2MGQwMDI4NDQ5Y2UyNDYsMyw3RjAwNzQwMjNBMDAwMDUzMzIz
MDMxMzIzMDM1MzEzMTMyMzEzNDMwMzAzMDU1NUEwMDMxMzIzMDM1MzEzMTMy
MzEzNDMwMkM1NDQxNDIzMDMwMzAzMDMwMkMyRDMwMzUzMTJFMzEyQzJDMzEz
MjJFMzYzMzJDMzQyRTMwMkMzMzM2MzAzMDJDMzYzMDJDMzYzMDJDMzEyQzMw
MzAzNTM3MzAyQzMzMkUzNDMyMkMzMTJFMzIzNjJDMzkzMjJDMzAyQzMwMkUz
MTM3MzEyQzJCMzAzMDJFMzAwRDBBQjcxMERDNDU4MkYxN0YwMDY3MDIzQTAw
MDA1NzMyMzAzMTMyMzAzNTMxMzEzMjMxMzQzMDMwMzBGRjREMDAwMDgwRkI0
NDAwODBGRjQzMDBGQzUwNDgwMDAwMDk0MzNDNjg3RDNGMjYxNUJCNDA2MzI3
MEY0MDY2MDFCQzNGMkRBRURGNDBCRDIwRTQzRjUzRjNFRjQwNjIyN0JBNDA1
RDc0MTE0MUM2OTEwRDQxMkU0OENCM0ZBRDQ4MzI0MkY1ODYxRDQyOTYwMUVD
M0JCOTFDQjc4NkZEQjE3RjAyQTIwMjNBMDAwMDRCNTY0ODIwMzczMjMwMzEz
MjMwMzUzMTMxMzIzMTM0MzAzMDMwMzQwMDAwMDBFQjUxQjgzRDBBRDdBMzNC
QTk0ODMyNDJGMTg2MUQ0MjI1QkEzQTQyRkE1MzQ0NDIzMDM2NDc0MjM5NDgx
MDQyMzg2MDM2NDJGRDY2RUQ0MUVGODcxNzQyQjQyNERDNDE1NEJDMEI0MkZD
NzVDODQxOUMzOTAxNDI2MEQwQzg0MUFCQTYwMzQyMjc0NkQ3NDE1REMwMkM0
MkUyOTBFNDQxQzg1QjM3NDI1NTdDMDc0MjEyRTcwRjQyQkZDQTE2NDIwQzk2
MDU0MkE1RkMxNTQyMThFMDBENDIzODdEMUY0MjAyRDMxNjQyRTI0MDJCNDIz
MkZFM0I0Mjc2MDMyQTQyMDc5RDU5NDI2N0I4MjE0MjgxMzczNTQyMDkzNjI1
NDIwRjYxMDE0MjJERjcxNTQyNUVCQ0Y4NDFGM0QxMTk0MkVBNzkxMTQyOUZG
QjIzNDIzODc5MkQ0MkM4RjYzODQyNUQwODQ0NDJCQTVENDk0MkNFQTE0OTQy
QjFDOTNGNDJENDIwM0M0MjBFNTg0MjQyQkUwOUY2NDFFQkY5NEY0MjE3QUVD
MTQxOTJGMjZCNDIwQjNGODQ0MjhFREE4MTQyOUQ0Rjg2NDI0MzM1NkY0MkQ2
M0YzRDQyNzRENjZENDI5MzEzMEU0MkFGQjA3MTQyMEY3RDE4NDJEMEIyN0E0
MjUzQTdDNzQxNzNENDg4NDJFMjFBNkU0MkYzOTM5MzQyNzk5OEI3NDIwQTFD
ODM0MkEzOUE5RjQyM0QzNjZFNDIzREQ1QTA0MjEwRTc2MDQyMzcwRENENDI4
MURGNDc0MjNCNURGMTQyMjI2RjMxNDI0NzU5RUQ0MkNDM0U1RDQyOUI1MUM1
NDJCODgwODY0MjRDODFCQjQyNTI2Rjg3NDI0NTY3QjY0MjJFRjE4NjQyRUFG
MEIxNDIwNDc2OEQ0MkVENUFDQjQyOEQxMjhGNDI4NkQxRTY0MjlCMzk4QTQy
NEM1NEVFNDJGRTIwODU0MkZCMjVBRjQyMzc5QzhCNDIyODUzNjA0MkYzNjE4
NDQyMEIzQUExNDJGQjM1ODk0MjZBNjlGMjQyOUIwMjhDNDI0ODA4MDE0M0My
RTU5MTQyNENFREE2NDJENTcyOUM0MkIzMzFBRjQyRjQ4NTlCNDIzRjFDMTYz
RTE4RDkzQzNGQUNFN0I0M0Y0NEUwQzIzRjUyQ0E0QjQwNUMxQzNBNDBFMERC
MDI0MDFEQzQ5OTNGRjUzNTg1M0Y5MDJCOTIzRjM3Njk5RDNGMjQ4Nzg0M0Y4
MDdFMTYzRkQ3NkQzMTNGRDU1QTI2M0YwRTM4NTMzRjBFMUM5NDNGOTIwNjg3
M0YxRDI1RUMzRTRDMjRDODNFMEVGOEJCM0UxNTNBMkEzRjVDQkVFRjNFNTdG
OENBM0VDQ0YxMjEzRUVGNzExQTNFOUI5RDM0M0U5MUVCNzUzRTlGNzM4QjNF
MjZGQzgzM0VDN0I5QjUzRUQ4Q0RFNjNFMUEwRjAzM0YxQjAyREYzRUIxREND
NjNFODk0QzI2M0VFMDk5MTEzRTZBMTAzNQ==

--SBD.Boundary.605592468
PROCESS /noc/users/iridburst/exec/irid_300224010734970_upd.pl
Last Run  ----1970-01-01 00:00:00 
MONTH  5 
DATA  xxrecord 2012-05-11 22:00:05 :: $W5M5A,120511,220005,660d0028449ce246,1,DAS 2,4901.3157N,1622.7210W,10.7,80,13.4,14.1,11.6,64.1,5.1,11.7,65.0,5.3,1040.3,1.47,2.24,9.1,45,39*64
 
INSERT
STATION sbdservice
IRID_ID 300224010734970
BODY 
Content-Type: application/x-zip-compressed; name="SBMmessage.sbd"
Content-Disposition: attachment; filename="300224010734970_003226.sbd"
Content-Transfer-Encoding: base64

JFc1TTVBLDEyMDUxMSwyMzAwMDUsNjYwZDAwMjg0NDljZTI0NiwxLERBUyAy
LDQ5MDEuMzQwMU4sMTYyMi43Nzk1VywxMS4xLDc1LDE1LjMsMTQuMSwxMS42
LDY1LjcsNS40LDExLjYsNjYuNyw1LjYsMTA0MC43LDEuNTIsMi44OCw3Ljcs
NDEsMzkqNkYNCg0KJFc1TTVBLDEyMDUxMSwyMzAwMDUsNjYwZDAwMjg0NDlj
ZTI0NiwyLERBUyAyLDEzLjAsMTMuMiwwLjIsMC4zLDAuMDEsOTI5LDkzNSwx
NTYsNjI3LDAsMTI1LjIsMTQuMjcsOTI2KjY3DQoNCiRXNU01QSwxMjA1MTEs
MjMwMDA1LDY2MGQwMDI4NDQ5Y2UyNDYsMyw3RjAwNzQwMjNBMDAwMDUzMzIz
MDMxMzIzMDM1MzEzMTMyMzIzNDMwMzAzMDU1NUEwMDMxMzIzMDM1MzEzMTMy
MzIzNDMwMkM1NDQxNDIzMDMwMzAzMDMwMkMyRDMwMzUzMTJFMzEyQzJDMzEz
MjJFMzYzMDJDMzQyRTMwMkMzMzM2MzAzMDJDMzYzMDJDMzYzMDJDMzEyQzMw
MzAzNTM3MzAyQzMzMkUzNDMyMkMzMTJFMzIzNjJDMzkzMzJDMzAyQzMwMkUz
MTM3MzIyQzJCMzAzMDJFMzAwRDBBQjcxMDdBOEYxQjUzN0YwMDY3MDIzQTAw
MDA1NzMyMzAzMTMyMzAzNTMxMzEzMjMyMzQzMDMwMzBGRjREMDAwMDgwRkI0
NDAwODBGRjQzMDBDMDVBNDgwMDAwMDc0MzY1MUQ3QzNGQjY5RkJFNDA1QTI0
Mzg0MDA3MkVDMjNGQjNDQUUwNDBGMTM4RjUzRkIzNjlERTQwQUJBQkMyNDA2
MzI3RjY0MDEwNjkwMzQxQjg1NkNFM0Y2N0YyMjE0MjZDNDYxQjQyMEVGNEVF
M0I0RjFGMzVGN0Q4MEQ3RjAyOTYwMjNBMDAwMDRCNTY0ODIwMzczMjMwMzEz
MjMwMzUzMTMxMzIzMjM0MzAzMDMwMzMwMDAwMDBFQjUxQjgzRDBBRDdBMzNC
NjNGMjIxNDI2OTQ2MUI0MjA1QzM0QjQxODRBRjEzNDJDMjE5OUE0MUI4QkQx
OTQyNUQ5OTE0NDI4M0JDMDQ0MjFCMjkyNjQyNDA1N0JFNDEzMDY5MUU0MjVD
QjhDMjQxOUNFQzIzNDIxRUIxRjY0MTNCRkIzMjQyMTA1MjExNDJGQkU2MUE0
MjJFNDYwMzQyQzc1MDBENDI2NENGRUE0MTkwRUQxRTQyQUQzQjA0NDIzNTFC
MzQ0Mjk4OTAwRTQyQUM0RDMwNDJCREI4MTI0MjYxODkyQzQyNTA2ODFDNDJF
M0NFMzA0MkM3OUYyNjQyNUQxNjM4NDI1RTU4MUY0MjY4RDEzRTQyMjAwOTI0
NDI4OEZDMjI0MjM1NDYyMDQyNzA2NDI5NDI4MUNEMUI0MkNEODM1NDQyM0E2
OTJGNDIxMjE2NDc0MkE3MTI1NjQyNzdENzBFNDI1N0RENzg0MkFDODAwNzQy
MENFMDZGNDI1Q0IyQzc0MTNFRDc1MjQyODJENUM0NDE5NzE1NDE0MkMwOUMw
RjQyQjk1QjUxNDIzRTc1NDg0MjM3OEM3NDQyNzg2RDA0NDI3M0Y4NzM0MkUx
MDBDQjQxNTNGODU1NDI2MzY2RDE0MUE1NDE2MzQyOUM5MzMzNDJBRTA4OEE0
MjcxMjBDNTQyOEYyQzgwNDJEOUZDQkU0MkJEMzE2RjQyRTE2REE5NDJGREM1
N0M0MjhEQkU2QjQyMzJENjg3NDI5MDc0Njg0MjI0MEU4NjQyNjdGNzcxNDJD
MkQyODI0MjVENEI1RDQxN0E2QjgyNDI2MDg2QjI0M0I1QTE1MzQyQ0Q5MjlG
NDFFNzc1NTk0Mjg4RUIyMDQyNDc4NjZGNDJDNkU1MUY0MjIyQTQ4MDQyRTEy
MDFCNDIyMDRCODc0MjZEQjY5ODQyRjNGQjg4NDIzOUVEQTg0MjA0QUI4NjQy
REIzQUQ5NDI3Njc5OTI0MkU1RDMxNDQzQTRBMDk1NDI3MjBCNjE0MjU0REU5
QTQyQzY4Njc4NDE1NkJEODQ0Mjc4RTZDMTQxMTUyRDc3NDIwNDNCNTM0MjlE
MTY4OTQyOUM3MTlGNDI5NkYzOEU0MkE5OEMwRTNGOTFGOTY2M0YxODZENjMz
RjJFMTYxNTQwNkU1MjI4NDA0ODEyQjkzRjBDOTc4RTNGRkNDNTJDNDAyOTZC
MkQ0MDc5NzRGQjNGQjYyQ0ZFM0YzMzA5NDEzRjFDNzYyQTNGQTQwRDIzM0Yw
MjRCNjkzRjExRTQyNjNGQzI3NTIxM0Y3MEUxMkYzRjgzRDZERTNFQkFGNkIy
M0VENEQwQkQzRUZDNzBENzNFQzcyMTA1M0Y4MjhDM0IzRkYwMTYwMDNGODlB
Njg5M0U5RjFCOEEzRUE3OTVEOTNFREIzOEE5M0U2NkMzMUYzRUYwQjU2NTNF
N0RBRTlEM0U1M0VCN0YzRTc1MEQwMzNFNTNBMTBDM0VEMzhEOTIzRUQ2NDBF
NTNEMDVEOUM3M0QwQTI0MEQzRTk5QzYyRQ==

--SBD.Boundary.605592468
PROCESS /noc/users/iridburst/exec/irid_300224010734970_upd.pl
Last Run  ----1970-01-01 00:00:00 
MONTH  5 
DATA  xxrecord 2012-05-11 23:00:05 :: $W5M5A,120511,230005,660d0028449ce246,1,DAS 2,4901.3401N,1622.7795W,11.1,75,15.3,14.1,11.6,65.7,5.4,11.6,66.7,5.6,1040.7,1.52,2.88,7.7,41,39*6F
 
INSERT
STATION sbdservice
IRID_ID 300224010734970
BODY 
Content-Type: application/x-zip-compressed; name="SBMmessage.sbd"
Content-Disposition: attachment; filename="300224010734970_003227.sbd"
Content-Transfer-Encoding: base64

JFc1TTVBLDEyMDUxMiwwMDAwMDUsNjYwZDAwMjg0NDljZTI0NiwxLERBUyAy
LDQ5MDEuMzQwOU4sMTYyMi43NzY3VywxMS44LDg1LDE1LjIsMTQuMSwxMS41
LDY0LjcsNS4xLDExLjYsNjUuNSw1LjMsMTA0MC45LDEuNTQsMi43NSw5LjEs
NTEsMzYqNjANCg0KJFc1TTVBLDEyMDUxMiwwMDAwMDUsNjYwZDAwMjg0NDlj
ZTI0NiwyLERBUyAyLDEzLjAsMTMuMiwwLjIsMC40LDAuMDEsOTMwLDkzNiwx
NTYsNjI3LDAsMTU4LjYsMTQuMjcsOTI0KjY1DQoNCiRXNU01QSwxMjA1MTIs
MDAwMDA1LDY2MGQwMDI4NDQ5Y2UyNDYsMyw3RjAwNzQwMjNBMDAwMDUzMzIz
MDMxMzIzMDM1MzEzMTMyMzMzNDMwMzAzMDU1NUEwMDMxMzIzMDM1MzEzMTMy
MzMzNDMwMkM1NDQxNDIzMDMwMzAzMDMwMkMyRDMwMzUzMTJFMzEyQzJDMzEz
MjJFMzUzODJDMzQyRTMwMkMzMzM2MzAzMDJDMzYzMDJDMzYzMDJDMzEyQzMw
MzAzNTM3MzAyQzMzMkUzNDMyMkMzMTJFMzIzNjJDMzkzNDJDMzAyQzMwMkUz
MTM3MzIyQzJCMzAzMDJFMzAwRDBBQzAxMEM3NTk0QzI4N0YwMDY3MDIzQTAw
MDA1NzMyMzAzMTMyMzAzNTMxMzEzMjMzMzQzMDMwMzBGRjREMDAwMDgwRkI0
NDAwODBGRjQzMDA4NDY0NDgwMDAwMDc0MzIzMjE4MTNGNjBCNkJENDA1NkNE
MkY0MEM5QzVDNDNGNDE3NEU1NDA4N0IwRjkzRkI3NkFFQjQwQzI3RUI5NDA1
RDc0MTE0MTlDOTEwQTQxMzZBQ0QwM0ZDRjMxNEE0MjE1NDgxMTQyRjFDRUZB
M0IwQjIwMTUwNUY0ODc3RjAyQTIwMjNBMDAwMDRCNTY0ODIwMzczMjMwMzEz
MjMwMzUzMTMxMzIzMzM0MzAzMDMwMzQwMDAwMDBFQjUxQjgzRDBBRDdBMzNC
Q0UzMTRBNDIxMzQ4MTE0MjgwQUMyMTQyODEyODA4NDI0ODE4MTk0MkQ2QUIw
NTQyOERGOTE3NDJEMzBBREM0MTk4MTczNDQyN0QxNkI0NDEwQzNCM0U0MjYw
RkNBQTQxOTVEODNFNDI0NTA1RDk0MTMzNzgyQTQyRjk1REZFNDFGNzk0MTc0
MjYwQjFFNDQxMkI1RTFFNDI1Qzg3QzM0MTRGM0YxRTQyRUVENEM3NDFEMDA1
MTk0MjkyNjVGMDQxODY1NTJENDI3MjA2MTk0MkYwQUU1RDQyNjlDQTM5NDJF
NTQyNjM0MjkzNEQzMjQyNkU2MzVDNDJDQUJGMEI0MjNFNjI1MzQyMkNBNDAx
NDI3OUEzNDY0MjJDM0EwRjQyNTQyNTMwNDIyQUJBMEI0MjFGMTYxRjQyMEJC
MzA2NDI0OEY0Mjg0MkQzODQxNzQyQ0U5RjMzNDJCMUM1M0Q0MkRBQjA1MjQy
MDM4ODVDNDJFNTgxQTg0MjA5QTc0QTQyRDY5NjhGNDJEODFCNEQ0MjQzODA3
NzQyNTI0RjUyNDIyNjJBOUE0MjNDQjA2QTQyRUY4OEExNDIxRkQ1NUU0MkIz
OUE4RjQyQkUzRDQ2NDJBNDFFOEQ0MkMwNDY0RDQyNkY4RjhDNDJBOEZDNjQ0
MkEwODg4NjQyRTQ5OTdCNDJDNTQwQTY0MjQ0M0Q4NDQyRkFGQjlCNDI5Nzkz
Nzk0MjAyNTM3QTQyRjg1ODY2NDIzRkQyNUQ0MkM4NkU2NjQyQjBBOTY5NDIz
RUIwN0I0MjRCODU5MzQyMkFBQTdCNDI3NDBGOTU0MjU4Qjc3RTQyOUVBNjgx
NDJDRDE3N0I0Mjk4RTQ4MjQyQ0EwRjc3NDJGNTQ2OTA0MkZFOTA3QzQyODgw
Mzg4NDIwQzExN0U0MkZFMDY5QTQyMUQ3NTg1NDJGNkYwRTQ0MkIyMUM3RjQy
QjlERkRBNDI2MTRFNzg0MjA0NTFFNjQyMTdFOTgxNDI2NTQwRjc0MkFGMjM3
RjQyM0M5ODAyNDM4MTk2Nzg0MjUyNEYwQTQzNzVCRTg2NDIxQUQ4Mjc0MzY2
MUQ5NzQyMTZGNDkwNDM0MUUwOTg0MjhGNDFBRTQzOTE2Nzk4NDJFRjU5MkIz
RTc1NkQ2NjNFNjU0MTg0M0ZFNERDMUU0MDhENEQ0MDQwOTkwNjk4M0YwNzIz
Q0YzRkQ1NzBDNDNGNDhBMzBCNDAxRTBCRTEzRkI5MzQ5MzNGRTYyNzQyM0Y2
MjU3MUMzRjUwNEY4MzNGRUY5RUMyM0Y0RDJCRDEzRkVFMTgyOTNGQ0E0NzJB
M0Y1QkNGNkQzRkVFMzU1QjNGN0Q2MjMxM0Y3MjA2QTkzRTQ5ODEyMzNFQ0RB
REExM0U3OTlERTczRTE0NzQ3RTNFQzA5NkEwM0U4QTBFMTgzRkMwQkJGNDNF
NUMwNkVEM0VGQzE4N0UzRTY1NjM5NzNFQjU0MUNFM0U0QjZFMzAzRUJEOUYx
QjNFRDYzRkYyM0RDNDBGOTQzRURFMjg5OQ==

--SBD.Boundary.605592468
PROCESS /noc/users/iridburst/exec/irid_300224010734970_upd.pl
Last Run  ----1970-01-01 00:00:00 
MONTH  5 
DATA  xxrecord 2012-05-12 00:00:05 :: $W5M5A,120512,000005,660d0028449ce246,1,DAS 2,4901.3409N,1622.7767W,11.8,85,15.2,14.1,11.5,64.7,5.1,11.6,65.5,5.3,1040.9,1.54,2.75,9.1,51,36*60
 
INSERT
STATION sbdservice
IRID_ID 300224010734970
BODY 
Content-Type: application/x-zip-compressed; name="SBMmessage.sbd"
Content-Disposition: attachment; filename="300224010734970_003228.sbd"
Content-Transfer-Encoding: base64

JFc1TTVBLDEyMDUxMiwwMTAwMDUsNjYwZDAwMjg0NDljZTI0NiwxLERBUyAy
LDQ5MDEuMzQwN04sMTYyMi43MDkwVywxMS41LDgxLDE0LjIsMTQuMSwxMS41
LDY2LjksNS41LDExLjUsNjcuNiw1LjcsMTA0MS4wLDEuNTksMi4xOSw5LjEs
NDQsMzYqNkQNCg0KJFc1TTVBLDEyMDUxMiwwMTAwMDUsNjYwZDAwMjg0NDlj
ZTI0NiwyLERBUyAyLDEzLjAsMTMuMiwwLjIsMC40LDAuMDEsOTMxLDkzNywx
NTYsNjI3LDAsMjUzLjEsMTQuMjcsOTIyKjZEDQoNCiRXNU01QSwxMjA1MTIs
MDEwMDA1LDY2MGQwMDI4NDQ5Y2UyNDYsMyw3RjAwNzQwMjNBMDAwMDUzMzIz
MDMxMzIzMDM1MzEzMjMwMzAzNDMwMzAzMDU1NUEwMDMxMzIzMDM1MzEzMjMw
MzAzNDMwMkM1NDQxNDIzMDMwMzAzMDMwMkMyRDMwMzUzMTJFMzEyQzJDMzEz
MjJFMzUzNjJDMzQyRTMwMkMzMzM2MzAzMDJDMzYzMDJDMzYzMDJDMzEyQzMw
MzAzNTM3MzAyQzMzMkUzNDMyMkMzMTJFMzIzNjJDMzkzNTJDMzAyQzMwMkUz
MTM3MzIyQzJCMzAzMDJFMzAwRDBBQkIxMEY1MjlBM0I5N0YwMDY3MDIzQTAw
MDA1NzMyMzAzMTMyMzAzNTMxMzIzMDMwMzQzMDMwMzBGRjREMDAwMDgwRkI0
NDAwMDAwMDQ0MDAwMDdBNDUwMDAwMEI0M0MxMEE3RjNGMTE4Q0I5NDAxQTIz
MEM0MDVENEVDQjNGMUY5RUVCNDBGQUY0RjYzRkFGMjNFRjQwNzc0RkI4NDA1
RDc0MTE0MUU3MjcwRTQxNDJDNEQyM0ZDQjlEMkU0MjZDM0IwRTQyRDcxRUZF
M0IxNzFDM0YzNDJCODk3RjAyQUUwMjNBMDAwMDRCNTY0ODIwMzczMjMwMzEz
MjMwMzUzMTMyMzAzMDM0MzAzMDMwMzUwMDAwMDBFQjUxQjgzRDBBRDdBMzNC
Qzk5RDJFNDI2ODNCMEU0MkQ0RUQ5MjQxMjYyRDQ5NDIyMDYzQzg0MUM4NDgx
NTQyM0NFN0ZBNDFEMDFFQzU0MUM4QjcwNjQyM0JGNzg2NDFDODhCMDg0MjBF
MTE3OTQxNURDQjAwNDI1MzJBOUQ0MTIyMzgwMjQyQUQ0N0RGNDEwQTM1MTk0
MjZDQUNFNTQxREZFMTIyNDJCMEY5RDk0MUZFRTQyQjQyNkYwREYxNDFFQTU4
MUQ0MjU1RDNFRDQxNEI5OTBDNDI1M0IxMEU0MkFDNUUyNTQyNkQ2NDJDNDJC
MkQ4M0U0MkJBNzUzOTQyNTYwQjRBNDJBQzI1MzY0MjkyNzQ0RjQyODNBNzMx
NDIwMjVBMzk0MkI3MTYzMjQyODg2NzNCNDI4QzMwMjk0MjRGNTkzQTQyMjFE
NTE1NDIxMjlEMzg0MjBEQTcwQzQyQjlGRjQ4NDI0NEU2MTc0MkQ2QUM1MTQy
MjcyNjE0NDJDMzQ3NEU0MkQ2NzAwQjQyMEJFQzUzNDJDQzhBM0I0MjUzRTI1
QjQyNzYyQjY4NDIyRDEyMzY0MjZGMTQ2NTQyMkM3RjNGNDJBQjI0NUU0MkM3
M0Y2ODQyMjkwNDU5NDJBREMyODk0Mjg5Qzk0RDQyNTBBQjk2NDJFNjdCNTU0
MkU2MEU4RDQyOTU4NTc5NDI4MjMzMjA0MkU4MzU4MjQyNDcyOTVDNDJEREJB
ODg0MkU2MDZCOTQyNDM3Nzg5NDI2ODkwQjM0Mjk4ODc4QjQyNTgxRDgyNDI1
RDg5OEI0MjA1OEE4MzQyMDlBOThENDIxNEYwQjU0MjVDQjg4ODQyMkJGNkMx
NDI3MjYxODA0MkI5NjFEMDQyM0Q0QTdFNDIwNDIwOEM0MjEyRTk4NjQyRjI0
QjEwNDI0QzVFNzQ0MkM5OEYwRDQyQjBFQzcxNDI4M0VBMjA0MkE1QzM4MjQy
NDQ0OEY4NDEyQjIyOEI0MjYzRjhENTQxNDA3ODg4NDI3NDA1MjM0MjM5QUQ4
NTQyNzhGMTNBNDI3QzRDOEQ0MjEzOUVCNjQyNEY2OThGNDI2MjI1RDE0MkI0
NTg4QTQyMzMzNjhBNDI2QUY5OTc0MjQ1OEIxOTQyRTJGMzlGNDIyNTc1RDU0
Mjg4MjNBMDQyODMzNDFDM0U3NjA1QUIzRTYyRjQ4MTNGMUYzRjAzNDAwOTQz
NkM0MDRBNDI1RDQwQjNENEQxM0Y1ODA5MDA0MEFGNUJBRDNGNTBFMzczM0Y1
MEQ3NUMzRkRGRjc3QTNGOTM0Nzg2M0Y1REM0NzAzRkY2RDYyQTNGNjVDMTQ1
M0Y4Rjk3RjMzRTIxQjgyQTNGMTQ1RjE0M0ZGOUY2NTIzRjU5RTExOTNGRkE2
OTIzM0ZDMTgzM0MzRjUzODc5RDNFRjE0QjNFM0U1ODNBOTMzRUU1RDhDMTNF
OUMyN0FFM0VDODVFMUMzRjg2QkYyMDNGQUIxNjdDM0VDNzNDQjIzRUFBODU3
QzNFRjQ4NEMwM0VCNUE5QUMzRTRBNzU3Mg==

--SBD.Boundary.605592468
PROCESS /noc/users/iridburst/exec/irid_300224010734970_upd.pl
Last Run  ----1970-01-01 00:00:00 
MONTH  5 
DATA  xxrecord 2012-05-12 01:00:05 :: $W5M5A,120512,010005,660d0028449ce246,1,DAS 2,4901.3407N,1622.7090W,11.5,81,14.2,14.1,11.5,66.9,5.5,11.5,67.6,5.7,1041.0,1.59,2.19,9.1,44,36*6D
 
INSERT
STATION sbdservice
IRID_ID 300224010734970
BODY 
Content-Type: application/x-zip-compressed; name="SBMmessage.sbd"
Content-Disposition: attachment; filename="300224010734970_003229.sbd"
Content-Transfer-Encoding: base64

JFc1TTVBLDEyMDUxMiwwMjAwMDUsNjYwZDAwMjg0NDljZTI0NiwxLERBUyAy
LDQ5MDEuMzE1NE4sMTYyMi41NzI3VywxMC4xLDgzLDE0LjYsMTQuMSwxMS40
LDY2LjYsNS40LDExLjQsNjcuMiw1LjUsMTA0MS4xLDEuNDUsMS44Niw5LjEs
NDgsNDAqNkINCg0KJFc1TTVBLDEyMDUxMiwwMjAwMDUsNjYwZDAwMjg0NDlj
ZTI0NiwyLERBUyAyLDEzLjAsMTMuMiwwLjIsMC40LDAuMDEsOTMyLDkzOCwx
NTYsNjI4LDAsMjk5LjksMTMuODgsOTI0KjY3DQoNCiRXNU01QSwxMjA1MTIs
MDIwMDA1LDY2MGQwMDI4NDQ5Y2UyNDYsMyw3RjAwNzQwMjNBMDAwMDUzMzIz
MDMxMzIzMDM1MzEzMjMwMzEzNDMwMzAzMDU1NUEwMDMxMzIzMDM1MzEzMjMw
MzEzNDMwMkM1NDQxNDIzMDMwMzAzMDMwMkMyRDMwMzUzMTJFMzEyQzJDMzEz
MjJFMzUzNTJDMzQyRTMwMkMzMzM2MzAzMDJDMzYzMDJDMzYzMDJDMzEyQzMw
MzAzNTM3MzAyQzMzMkUzNDMyMkMzMTJFMzIzNjJDMzkzNjJDMzAyQzMwMkUz
MTM3MzIyQzJCMzAzMDJFMzAwRDBBQkMxMDA1N0ZGRjVFN0YwMDY3MDIzQTAw
MDA1NzMyMzAzMTMyMzAzNTMxMzIzMDMxMzQzMDMwMzBGRjREMDAwMDgwRkI0
NDAwMDAwMDQ0MDBDMDVBNDYwMDAwMTE0MzUzRTQ2RjNGRjUwM0IxNDBDQUVF
RUQzRjA3MjdCOTNGRTg4OURFNDA4QTNBREUzRjlCNjFERDQwODk0REFENDA1
RDc0MTE0MTYwMEEwQzQxNzY3OUMyM0Y5RDI4NDA0MjQzMkMxRjQyMzlBNEQ0
M0JGNDFDNzc1RUJEODI3RjAyQkEwMjNBMDAwMDRCNTY0ODIwMzczMjMwMzEz
MjMwMzUzMTMyMzAzMTM0MzAzMDMwMzYwMDAwMDA1QzhGQzIzRDBBRDdBMzNC
OUEyODQwNDI0NDJDMUY0MkQ4N0Q5QzQxOTJEODNFNDJFRUIwQ0U0MTczMEUw
RjQyODk3NUZBNDFERkZEQ0Q0MUMxNjcwNzQyMjNENEFDNDFFRkFBMTM0MjlC
NjJCODQxRURCQTIxNDI2ODc0RUE0MTZDNTcwRDQyOThBRTIzNDJEREQ2RkI0
MTc1NzAxRDQyQTFCNzA0NDIyODUxRUI0MUQwNUEwQjQyQkQ2Q0QyNDE3RkVG
MEE0MkFDQ0NFNTQxQ0MxNDBBNDI5RjUzMDk0MjhBOTAxRDQyOTgxNzIxNDI0
NDlFMjU0MjU5OEIzMjQyNUYxMDIwNDI5M0FGMkI0MjVFNjY0MTQyQzhGRDIx
NDIyMjFENEQ0MjZDREYyNTQyMUIzRjQ2NDI3M0Y5MUE0MkMzQkMzRTQyNTc5
OTFGNDJDREEzMzU0MjEwNUYzQjQyOThBRTU5NDJFNzU3NDk0MjMzMDI2RTQy
RkU5QzRCNDI5NzFGN0I0MjQxODM1NDQyMTY0QzhDNDJGQkI1NUE0MjNBODQ5
QjQyQUM3NjU0NDJCMkREQTg0MkFEMDg0MTQyQUJBQ0E1NDI0QzQzNEE0MkZB
RTk5MjQyQjAyMzU1NDIxOTg1OEE0MjAxMEU1NjQyRTI0NDhDNDJGMkU5NzE0
MjY2MDJBMzQyQkRBNTc3NDIzMEUzQkI0MkJENUM2MjQyQkQ0QkI3NDI0MTNF
NjM0MjEyRDQ5OTQyMzM3MjgzNDI0OUZGQTc0MkI2Rjg4MTQyMkE1RDhGNDIy
RjgwNkY0MkQzREUyQjQyRjc0QjgxNDI3OTBCREM0MTJBMDc4QjQyMEU2MTU4
NDJCOUVBOEE0MkZBQjk1NjQyNTRCRThCNDJBMDE0MTA0MjMyODg4ODQyQUI5
NzRCNDIwODczODU0MkJBNDM4QTQyRDFFRjg0NDJBNDg3OTg0MjhDNEE3OTQy
NDUxM0E4NDIxNUU5Njk0MjYyQjNCMTQyQUQxRTc3NDI3Njg2QUE0MjkzRjI4
ODQyNjVDNUJCNDJEODI5OEY0MjczMzhBOTQyRUNCNjhFNDI5NDhEOTg0MkE0
QTA5MTQyOEEyMDAwNDMxQjc1OTQ0MjY4QUYwQzQzOTc4NDkyNDJCMkI2OTc0
MjM4MDg4QzQyNzE2NDVCNDJBRTVBODM0MkU1RDE1MzNFMjkxMDFEM0Y1Q0Q5
NkMzRkUyQzkzMzQwNDgzOTJGNDAyMDZCOUIzRkY1REJFRTNFOUJGRTY0M0ZE
NzcyOUUzRjU0MDZERjNGNkFDOTMyM0ZBODlGM0MzRjZDQ0EyRDNGMTMyQkUz
M0U1OThDMTUzRjQ4NDMzQjNGRkRDMTI1M0Y2MzAzMkYzRjEwMUM0QTNGMjc5
QkMwM0VCNkVFMDgzRjYzRUNERjNFNkU5OERBM0VFNDBCMDczRkNFOERGMjNF
MURFNDQ4M0ZDM0FEMjkzRjU4QTBFMzNFNzY3MUM0M0UzQUE0NUYzRUMyNEI4
MDNFMzNBN0M2M0U4REI2QTQzRTg5ODU0Mg==

--SBD.Boundary.605592468
PROCESS /noc/users/iridburst/exec/irid_300224010734970_upd.pl
Last Run  ----1970-01-01 00:00:00 
MONTH  5 
DATA  xxrecord 2012-05-12 02:00:05 :: $W5M5A,120512,020005,660d0028449ce246,1,DAS 2,4901.3154N,1622.5727W,10.1,83,14.6,14.1,11.4,66.6,5.4,11.4,67.2,5.5,1041.1,1.45,1.86,9.1,48,40*6B
 
INSERT
STATION sbdservice
IRID_ID 300224010734970
BODY 
Content-Type: application/x-zip-compressed; name="SBMmessage.sbd"
Content-Disposition: attachment; filename="300224010734970_003230.sbd"
Content-Transfer-Encoding: base64

JFc1TTVBLDEyMDUxMiwwMzAwMDUsNjYwZDAwMjg0NDljZTI0NiwxLERBUyAy
LDQ5MDEuMjgyNU4sMTYyMi40MTE3VywxMS4wLDgwLDE0LjksMTQuMSwxMS4z
LDY0LjgsNC45LDExLjMsNjUuNiw1LjEsMTA0MS4wLDEuMzcsMi4wOCw4Ljcs
NDcsMzgqNjgNCg0KJFc1TTVBLDEyMDUxMiwwMzAwMDUsNjYwZDAwMjg0NDlj
ZTI0NiwyLERBUyAyLDEzLjAsMTMuMSwwLjIsMC40LDAuMDEsOTMzLDkzOSwx
NTYsNjI3LDAsMjcxLjcsMTMuODgsOTIzKjY1DQoNCiRXNU01QSwxMjA1MTIs
MDMwMDA1LDY2MGQwMDI4NDQ5Y2UyNDYsMyw3RjAwNzQwMjNBMDAwMDUzMzIz
MDMxMzIzMDM1MzEzMjMwMzIzNDMwMzAzMDU1NUEwMDMxMzIzMDM1MzEzMjMw
MzIzNDMwMkM1NDQxNDIzMDMwMzAzMDMwMkMyRDMwMzUzMTJFMzEyQzJDMzEz
MjJFMzUzMzJDMzQyRTMwMkMzMzM2MzAzMDJDMzYzMDJDMzYzMDJDMzEyQzMw
MzAzNTM3MzAyQzMzMkUzNDMyMkMzMTJFMzIzNjJDMzkzNzJDMzAyQzMwMkUz
MTM3MzIyQzJCMzAzMDJFMzAwRDBBQkMxMDkwNUE3RkFEN0YwMDY3MDIzQTAw
MDA1NzMyMzAzMTMyMzAzNTMxMzIzMDMyMzQzMDMwMzBGRjREMDAwMDgwRkI0
NDAwMDAwMDQ0MDA4MEJCNDYwMDAwMEI0MzQ4RDE2QTNGMEY5NEI4NDA4RDUz
MDU0MDI4QzBBRjNGMTVERUUwNDAyMTU3RDUzRjIwMzNEQjQwNTQwMkIyNDA2
NTIxMEI0MTEzODkwOTQxODRDOUJBM0Y0NjZCM0E0MjIxNDMxNzQyMDY5QUMz
M0I1MTE5NkRBQTIxNEE3RjAyQzYwMjNBMDAwMDRCNTY0ODIwMzczMjMwMzEz
MjMwMzUzMTMyMzAzMjM0MzAzMDMwMzcwMDAwMDBFQjUxQjgzRDBBRDdBMzNC
NDA2QjNBNDIxQzQzMTc0MjIwRDQxQjQxRDkwNDRBNDI1QjAwMTI0MkM5MTkz
QTQyQzA1QTI0NDJGRDZBRjU0MTczMEMxMDQyNTUxMkFDNDFDNEM2MDA0MjAy
RjBBODQxNzVGRUZDNDExOTg3QTQ0MUFEMTQwNzQyRTI2M0NENDEyOUUzMDk0
MjVGQjhGQTQxOEE5RDBFNDJDQzEwREM0MTgzNzMxODQyMDUwM0QwNDFBNEM4
MTk0MkM5MUFGNzQxNjE0RjI2NDJBRjhGMDc0MjFEM0QyQjQyREQ4RDA5NDI5
QkJFMUI0MjQ3NzYyMDQyNTE2QjJCNDI2MEVBMzU0MjJFNDk0MTQyOTg2MjQw
NDI3NjVFNDY0MkM3NTIyRDQyNEQ3RjRDNDI1MUNDMjU0MjExNUQ1NzQyRjlD
ODI2NDIzODgzNTI0MjI3MzMyNzQyQzlGRDMzNDI0RDIxMjg0MkU1NTIzMjQy
NzA2MTIwNDJDMkQ3M0M0MjAwNjgxQjQyQzFFQzRBNDJBNDI5MkE0MjY3RDM2
ODQyRTVGQjNDNDIyMjVGODU0MkQ4ODY0NzQyODdDNEEzNDJDMzUzNTI0MjE3
NURBOTQyNkI3NzY4NDI3OUYxQTE0MjNFRjA3RTQyNTQwNkNENDJGODE4ODU0
MjgyODM5MjQyODFGRTdFNDJDNUNGNjc0MjE2Rjg2RDQyQURBOTg1NDI3NDYy
NjY0Mjg5NkNBNTQyRUYzMDZBNDI3OEM3QjE0MjQyNTU3RTQyNUUxRkJFNDIy
RkY4OTA0MjM4NThFMjQyRUVDOTkwNDJGN0IxQjU0MjA4RDI4OTQyRUU4NzND
NDI5NjY3ODc0MjIwQUM4RDQxMThENjg5NDJBN0NCNUI0MkEwMzg5NTQyRUVE
N0YwNDJGQkM1ODI0MjE0RDhGNTQyQTc2MjYzNDI4NjU0RjI0MjU1Rjc1RjQy
QzYzNkYzNDIzREUyN0Y0Mjk0MDRGMzQyRjJCRDgxNDJFRkUyQzg0MkZCNzY4
NTQyNDUxQzk0NDI5QjA0ODk0MkU0ODIxRjQyOThFMDgzNDJGMjg1REY0MUUz
MDM4MDQyNjVCMThEM0YzODEwODM0MjQzNzVBNDQzMTkwODhCNDI4NjU0OUY0
M0Q2N0M5QzQyMjA3NEQ1NDJBRTIzOUI0MkQ1OEM4RDQxOUY3MDlDNDIyMzUw
ODkzRTU1MUZBRDNFMDREMjEyM0ZCRkYyQ0UzRjczQTdFRTNGOTREODBCNDA3
N0ZDRDkzRkFGMzU5QTNGNEU2NDlDM0YzQUE1QjkzRkFFMTczRDNGN0I4MjMx
M0YxMDU4MzYzRjhENkNCQzNFM0QyOEE2M0U3N0EwQkIzRTBBRDJCNDNFMURC
OTAwM0Y4NEIwQkIzRUMwQ0UwNzNGNDgzODA5M0Y0MThEMTgzRjA2Qzk2NjNG
NTdDRDFFM0Y3OURCRjYzRTU5MkIxOTNGN0YzNkRDM0VFNDg2QzIzRTE2OTYx
MDNFMkUwNTFFM0U4NTZCNjgzRUE0Rjg5QQ==

--SBD.Boundary.605592468
PROCESS /noc/users/iridburst/exec/irid_300224010734970_upd.pl
Last Run  ----1970-01-01 00:00:00 
MONTH  5 
DATA  xxrecord 2012-05-12 03:00:05 :: $W5M5A,120512,030005,660d0028449ce246,1,DAS 2,4901.2825N,1622.4117W,11.0,80,14.9,14.1,11.3,64.8,4.9,11.3,65.6,5.1,1041.0,1.37,2.08,8.7,47,38*68
 
INSERT
STATION sbdservice
IRID_ID 300224010734970
BODY 
Content-Type: application/x-zip-compressed; name="SBMmessage.sbd"
Content-Disposition: attachment; filename="300224010734970_003231.sbd"
Content-Transfer-Encoding: base64

JFc1TTVBLDEyMDUxMiwwNDAwMDUsNjYwZDAwMjg0NDljZTI0NiwxLERBUyAy
LDQ5MDEuMjQ0NU4sMTYyMi4yMjk2VywxMC43LDcyLDEzLjcsMTQuMCwxMS4y
LDY2LjUsNS4yLDExLjMsNjcuNCw1LjUsMTA0MS4xLDEuNSwyLjUsOC4zLDQ1
LDM3KjZFDQoNCiRXNU01QSwxMjA1MTIsMDQwMDA1LDY2MGQwMDI4NDQ5Y2Uy
NDYsMixEQVMgMiwxMy4wLDEzLjEsMC4yLDAuNCwwLjAxLDkzNCw5NDAsMTU2
LDYyNywwLDI1MC42LDEzLjg4LDkyNio2Qw0KDQokVzVNNUEsMTIwNTEyLDA0
MDAwNSw2NjBkMDAyODQ0OWNlMjQ2LDMsN0YwMDc0MDIzQTAwMDA1MzMyMzAz
MTMyMzAzNTMxMzIzMDMzMzQzMDMwMzA1NTVBMDAzMTMyMzAzNTMxMzIzMDMz
MzQzMDJDNTQ0MTQyMzAzMDMwMzAzMDJDMkQzMDM1MzEyRTMxMkMyQzMxMzIy
RTM1MzIyQzM0MkUzMDJDMzMzNjMwMzAyQzM2MzAyQzM2MzAyQzMxMkMzMDMw
MzUzNzMwMkMzMzJFMzQzMjJDMzEyRTMyMzYyQzM5MzgyQzMwMkMzMDJFMzEz
NzMyMkMyQjMwMzAyRTMwMEQwQUJEMTA5Mjk4RjI4QjdGMDA2NzAyM0EwMDAw
NTczMjMwMzEzMjMwMzUzMTMyMzAzMzM0MzAzMDMwRkY0RDAwMDA4MEZCNDQw
MDAwMDA0NDAwRDAwNDQ3MDAwMDA5NDM3MDlGN0QzRjQ1QUNCQTQwRjQwODIw
NDBCMUI4QkYzRkFCMDJGNDQwQzU3M0VBM0YxMjY2RjE0MDg4QTVCMzQwNTY1
NTA1NDFBQjI2MEE0MTI2QjhDQzNGNkVGNzM0NDI1OEQ4MTE0MkI3OUNFRDNC
MDkxRUY4RTQ2QkFFN0YwMkJBMDIzQTAwMDA0QjU2NDgyMDM3MzIzMDMxMzIz
MDM1MzEzMjMwMzMzNDMwMzAzMDM2MDAwMDAwRUI1MUI4M0QwQUQ3QTMzQjZB
RjczNDQyNTdEODExNDJDQThEQTE0MDBBMTExQjQyNjYzMzRGNDEzNjZFRDY0
MTg0Mzk5RDQxMjc1NUNCNDFCRUJGRjc0MTZBMzhCQzQxMzQzRDBFNDJDMTNG
OUQ0MUNGMDkwNzQyQzA2Nzk4NDE4RjQ5MDQ0MjZEMjU5RjQxNTdBRDBGNDI1
OTlEQzk0MTBBNTQwRTQyQ0JCREZBNDFFNkNGRjc0MTM5OURFNjQxRDM0OTAw
NDI2QzA5MDA0MkU5MTJGMjQxMkNGNTA0NDI2MDc4RTg0MUI3OTMwNjQyNkU0
RDFFNDIyNDI1MjY0MkI1RDEzMzQyRTY1RDQxNDI0MDYyMUI0MkY5ODIzRjQy
NzdBNjBFNDIwREExMTM0MjIzNDMwNTQyNjgwQTFGNDI4NEQ3MTY0MjM2RDc0
QTQyQUU0NzYxNDI4NDlCNEU0MjY1OEI4QTQyNjQ2NjUyNDI1MjAzODg0MkY1
NTU2MjQyQTMyNjdENDIyRkQyNjI0MkM1QUU5NDQyOEY2QjRBNDJCNEIwOUE0
MjFCRjAzQzQyNjQ2NEE2NDJBNEE4NEU0MjBGM0M5MTQyOUU3NzVBNDJFM0JC
NjM0MjQyODI1NTQyNkEyNzg0NDJERUU1NTg0MkZBRDNBNjQyQUFDMTQzNDI4
QTRGQjQ0MjY2MTMzRDQyN0E1Q0I5NDI2NUZFNUY0MjY3NDA4QzQyMEU1NDY0
NDJCMzU1NUE0MkJGOTE0QzQyRTdGOTVDNDJGMTg4NzQ0MjFDRjU0NzQyMDNG
Qzg4NDI4QTEyMEI0MkQ2MTE2RjQyMDVDNDJGNDI2QTk3NTI0MjEwNkY2NTQy
QzE5NzU1NDI5NjE0OUM0MjBEQUU2QjQyMDVDN0NBNDI2RTVDNzA0MjE1RUFE
NjQyNzE2MTY4NDIxQzM0REQ0MjJBM0U3MDQyMzE2NkU3NDIyNEYwODA0MjMz
NUVDRDQyRTgxNDg3NDIyNkY2MzE0MkY2NUU4NTQyODlGNDEwNDI5RUE5Nzk0
MjhGNkE1NTQyODQ2MTgzNDI3MjNDQTc0MjY3N0I5MTQyNkJFQUQxNDJCNzE2
OUM0MkYyMEQzQjQzMUY5RjlDNDJGNUVCNDE0MzhGQjc5MDQyQjA0NzQyNDNE
NTBBOTk0MjY4MDQ5MTQxOTBFMTk3NDJBNzFGMDYzRTdCNEQ3QzNGNDFGN0U3
M0ZEMkREOTQzRjZDNUIzMTQwMUE0NTM4NDA2RUU3NDE0MDAzNjU5MDNGRkM1
Q0UwM0UzNEQ2NDYzRkI3MUM0QzNGODcyNTc4M0Y3NzBDMzczRjVCRjEzODNG
MkVFMDA1M0Y0QTM1QzQzRTdENEMzODNGMDY3MkNEM0VBOThFQzMzRTE0OTAy
NjNGMzIzMTA1M0Y5OEE2QTkzRUNGOTlDNTNERUZCOUY1M0U1RDY1NEEzRjgx
NUU2RjNGMjkzRDgyM0ZBQzE5NkQzRjYxNkUwNTNGMjY2NkVBM0UxOENFQ0Mz
RTE5RkQ2NDNFMkEzODMyM0VBQUJBNTkzRQ==

--SBD.Boundary.605592468
PROCESS /noc/users/iridburst/exec/irid_300224010734970_upd.pl
Last Run  ----1970-01-01 00:00:00 
MONTH  5 
DATA  xxrecord 2012-05-12 04:00:05 :: $W5M5A,120512,040005,660d0028449ce246,1,DAS 2,4901.2445N,1622.2296W,10.7,72,13.7,14.0,11.2,66.5,5.2,11.3,67.4,5.5,1041.1,1.5,2.5,8.3,45,37*6E
 
INSERT
STATION sbdservice
IRID_ID 300224010734970
BODY 
Content-Type: application/x-zip-compressed; name="SBMmessage.sbd"
Content-Disposition: attachment; filename="300224010734970_003232.sbd"
Content-Transfer-Encoding: base64

JFc1TTVBLDEyMDUxMiwwNTAwMDUsNjYwZDAwMjg0NDljZTI0NiwxLERBUyAy
LDQ5MDEuMTk5Nk4sMTYyMi4wNjg5VywxMS4xLDk1LDE0LjAsMTQuMCwxMS4y
LDY2LjEsNS4xLDExLjIsNjYuOCw1LjMsMTA0MS4yLDEuNDIsMi41Myw4Ljcs
NTEsNDMqNjUNCg0KJFc1TTVBLDEyMDUxMiwwNTAwMDUsNjYwZDAwMjg0NDlj
ZTI0NiwyLERBUyAyLDEzLjAsMTMuMSwwLjIsMC40LDAuMDEsOTM1LDk0MSwx
NTYsNjI4LDAsMzI5LjUsMTMuODgsOTIxKjY5DQoNCiRXNU01QSwxMjA1MTIs
MDUwMDA1LDY2MGQwMDI4NDQ5Y2UyNDYsMyw3RjAwNzQwMjNBMDAwMDUzMzIz
MDMxMzIzMDM1MzEzMjMwMzQzNDMwMzAzMDU1NUEwMDMxMzIzMDM1MzEzMjMw
MzQzNDMwMkM1NDQxNDIzMDMwMzAzMDMwMkMyRDMwMzUzMTJFMzEyQzJDMzEz
MjJFMzUzMTJDMzQyRTMwMkMzMzM2MzAzMDJDMzYzMDJDMzYzMDJDMzEyQzMw
MzAzNTM3MzAyQzMzMkUzNDMyMkMzMTJFMzIzNjJDMzkzOTJDMzAyQzMwMkUz
MTM3MzIyQzJCMzAzMDJFMzAwRDBBQkUxMEI0RkEzRTRFN0YwMDY3MDIzQTAw
MDA1NzMyMzAzMTMyMzAzNTMxMzIzMDM0MzQzMDMwMzBGRjREMDAwMDgwRkI0
NDAwMDAwMDQ0MDBFMDJCNDcwMDAwMTA0M0YwMDE2NjNGQjhCM0IxNDA4NDIz
MjI0MDI0QkFCNTNGNDM5NERCNDBCRUM1RTIzRkE5OTFFNDQwNjA3Q0FGNDA2
NTIxMEI0MTgxMjYwNDQxOTkzREJDM0ZFRDY4NEQ0MjAwODUyQjQyQjZBREMy
M0I0NTFEOUY0N0YxNEE3RjAyQkEwMjNBMDAwMDRCNTY0ODIwMzczMjMwMzEz
MjMwMzUzMTMyMzAzNDM0MzAzMDMwMzYwMDAwMDBFQjUxQjgzRDBBRDdBMzNC
RUI2ODRENDJGRjg0MkI0MjdFODdCMzQzMDcwNzU1NDJGNTIxOUE0MUNERUUx
RDQyODQ4OUVFNDFEQUFFREM0MTY0RTYwOTQyNjM3MUNENDE3MDNERkU0MUJG
RjdENjQxM0IzNjAzNDI2ODg4Q0U0MUU4NjExMjQyREEzOUVBNDFFRTFBMEI0
MjkwRjkwNjQyNTlERUYzNDEyNzhDMDI0MkY3NjNFQTQxNzBFM0Y0NDFGNTNG
MDI0MjYyQ0QwMDQyQ0FBNTIzNDI0OTJGMTg0MjFFMTUzQTQyNTExRjMwNDIz
Q0NCMjM0MkQzOUM0MTQyOThDQTE3NDJEQ0JGM0E0MjcwNTkxRjQyN0UzRDJG
NDIxRkVDNTA0MkUxOTI1RDQyMEExRDg3NDIxRDc1NkY0MkMwOTA3NTQyMDlD
RTRFNDIwOTJCNEU0MjEyNzczRjQyN0ZCMDFDNDIxQkI4NTQ0MkQzNzM1MTQy
OEQ1OTgxNDIyOUM3QzQ0MjlDNEI2RjQyMjc0QkJCNDIwNTRCNEY0MjlGRjFC
NjQyQUFEODNGNDJGQ0EyQkY0MkVDODI0NTQyRTExREM1NDJGMUI2NTU0MkJF
N0JENjQyMjE0MjVDNDI2OERBREM0MkE0NDg1MTQyQzQ1OEMyNDJGRjg1NEI0
MjdGRjlBQzQyREQ5MDVBNDI4ODZCQjU0MjJDRUQ3MDQyODIwNENENDIyNDAx
N0U0MjQxNkU5NTQyNkI2RTgyNDJFNUQyNUE0MjdGOEI2QzQyM0Q5RDgyNDI1
RDRGNzY0MjI0N0I5QTQyOERCQzg0NDIxMjRDREU0MjFEMzc4OTQyOEZGREZG
NDI0NzgyODM0MkM2MjlFOTQyRERFRjgzNDI0OUM4REY0MjJENUY4QTQyNTJB
OUE5NDI3RjREOEY0MjY0QzYzNzQyQjYxOTg1NDIyNDVFMkI0MkRGNDU3RjQy
M0VCRTU4NDI2QzFBNzM0MjExNjM3MDQyRTRENDZFNDIyMzI0OEM0MkYzODg4
NTQyMUYwNEQwNDJBQjNCODc0MjM4OTZFMDQyRjRDMDc3NDI4MzAyRDU0MjQ5
RkM4MzQyRjZFRDkzNDJCQjBGODc0MjAwNDg1QjQyMTZDODg1NDJENjI3QTY0
MjRCNkI5NDQyODRBRDFGNDM5OTdGOEY0MjU2RUI2ODNFRDRCQTkxM0VCMEFF
MjIzRjVDN0Y5MTNGNkZEOUI3M0ZBRkZFRkYzRkNGRDBBQTNGODI5RkNFM0Yx
MkRDQzczRjJCNjM4NzNGODY0NTlGM0YzMkZDMjQzRjAxMUMzNDNGRjI4ODE2
M0ZCMTAxM0EzRjA3QUMwMjNGODAwQTA5M0ZFRjBDQjEzRUVEQjNFRjNFN0FF
QTFDM0Y1MTExQjkzRTlFMkEwQTNGQzZEMEZDM0UzODNEM0EzRjk2RDI0NzNG
RTQ0NjMzM0ZDNTFDOEEzRTVDMjU1RjNFRDBGQUE5M0VENkM1OUUzRTNEQTdB
RjNFN0FFMTgyM0UwRThGNzczRUY2NjBDRQ==

--SBD.Boundary.605592468
PROCESS /noc/users/iridburst/exec/irid_300224010734970_upd.pl
Last Run  ----1970-01-01 00:00:00 
MONTH  5 
DATA  xxrecord 2012-05-12 05:00:05 :: $W5M5A,120512,050005,660d0028449ce246,1,DAS 2,4901.1996N,1622.0689W,11.1,95,14.0,14.0,11.2,66.1,5.1,11.2,66.8,5.3,1041.2,1.42,2.53,8.7,51,43*65
 
INSERT
STATION sbdservice
IRID_ID 300224010734970
BODY 
Content-Type: application/x-zip-compressed; name="SBMmessage.sbd"
Content-Disposition: attachment; filename="300224010734970_003233.sbd"
Content-Transfer-Encoding: base64

JFc1TTVBLDEyMDUxMiwwNjAwMDUsNjYwZDAwMjg0NDljZTI0NiwxLERBUyAy
LDQ5MDEuMTgzOU4sMTYyMS45ODEyVywxMC42LDY4LDE1LjEsMTMuOSwxMS4y
LDY2LjEsNS4xLDExLjIsNjYuNyw1LjIsMTA0MS4zLDEuNTEsMi44OCw4Ljcs
NTMsMzcqNjQNCg0KJFc1TTVBLDEyMDUxMiwwNjAwMDUsNjYwZDAwMjg0NDlj
ZTI0NiwyLERBUyAyLDEzLjAsMTMuMSwwLjIsMC40LDAuMDEsOTM2LDk0Miwx
NTYsNjI4LDAsMjYwLjksMTMuODgsOTE5KjYxDQoNCiRXNU01QSwxMjA1MTIs
MDYwMDA1LDY2MGQwMDI4NDQ5Y2UyNDYsMyw3RjAwNzUwMjNBMDAwMDUzMzIz
MDMxMzIzMDM1MzEzMjMwMzUzNDMwMzAzMDU1NUIwMDMxMzIzMDM1MzEzMjMw
MzUzNDMwMkM1NDQxNDIzMDMwMzAzMDMwMkMyRDMwMzUzMTJFMzEyQzJDMzEz
MjJFMzUzMzJDMzQyRTMwMkMzMzM2MzAzMDJDMzYzMDJDMzYzMDJDMzEyQzMw
MzAzNTM3MzAyQzMzMkUzNDMyMkMzMTJFMzIzNjJDMzEzMDMwMkMzMDJDMzAy
RTMxMzczMjJDMkIzMDMwMkUzMDBEMEFFMTEwRTlGMUQ4QkE3RjAwNjcwMjNB
MDAwMDU3MzIzMDMxMzIzMDM1MzEzMjMwMzUzNDMwMzAzMEZGNEQwMDAwODBG
QjQ0MDAwMDAwNDQwMEYwNTI0NzAwMDAwQTQzM0I1QTdDM0Y5MDUwQkE0MDYy
MTIzODQwMDRGNkMwM0YwRjJFRTU0MDA5N0JFQzNGRDBERUU3NDBERUQ2QjY0
MDY1MjEwQjQxQ0U1QzBCNDFEODE1Q0IzRjVCOTE1MjQyQ0Q5QzEyNDI3RTVG
RUMzQjQ0MUQ0NkRDOUYwRjdGMDI5NjAyM0EwMDAwNEI1NjQ4MjAzNzMyMzAz
MTMyMzAzNTMxMzIzMDM1MzQzMDMwMzAzMzAwMDAwMDVDOEZDMjNEMEFEN0Ez
M0I1NzkxNTI0MkNDOUMxMjQyMzdEM0EzNDEyNkY1NDg0MkVFMUEwMTQyODJB
NDBBNDJDRTlBMjA0MkY0NDJCNDQxOUNDNzFGNDIxQ0QzOEM0MTBDMEYxRTQy
MUEzRTk1NDEyNzc1MjE0MjU3MEFCMDQxNzFDNTIxNDIxQjUxQzA0MTBGRDkx
RDQyQTZFQUNFNDE5MTk2MjU0MkZEMkIwNTQyRDNBNTIyNDI5OTNFMEQ0Mjcz
QUQwQjQyNThFRjBDNDJBQzcwMEU0MjYzRDgxQzQyMUQxNTNENDI1NzhFMkY0
MkJEQUM0RjQyOUE4RTFGNDI4NzVFNTI0MkNBQ0QxMzQyRjE2MDQ3NDI0MUNC
M0Y0MjUzRDk0OTQyQzQ5QjU3NDJCNzYwNzA0MjJCQzI0QTQyNTEzNjk3NDI0
ODg0NUM0MkJGRkJBNjQyM0EwODdBNDJFQkI5OEE0MkFFOTk4MDQyMkVCNzgx
NDI4NDEyNjE0MkM4QkM3MzQyQ0E1QTRCNDI4OEMyODQ0MjYwNDU1MjQyOTZE
QjhCNDJCMEJGNEQ0MkY2QkU4NTQyODU3ODI5NDIwMUYwOEU0MkY1RUMxQTQy
OTUyMDlDNDI4MjQ0NEM0MkUwREVCNjQyMEVDNzY0NDI0NUFGREM0MkI4OEY1
NTQyNDFEMEU5NDI5MUJDNUU0MjI4RDE5ODQyRUVGRjg5NDJFMDNCMzE0MkZG
OUQ4ODQyMjVENzcyNDIyQzJDOEU0MjdGNzcwMzQzMTVENDk0NDJCNzk0Qzc0
MkEwMkM4QzQyNkE5Q0EwNDJBRDFGN0Y0MkI3QzlBRTQyQTc2RjgzNDJBNDUy
QkY0MkUxOEU4RjQyRDIxRTlENDIyODM5OEQ0MkIwMjZCODQyRTI3Mzg3NDI3
REU2Q0U0MkUzMUI4MjQyMTAzNEFCNDI2ODNEODc0MkYyQjE5RTQyREYyNDkw
NDI1RUZBQTg0MkE3MUU4RTQyRURFM0NCNDJBN0FFODI0MkFCNENGQTQyREEz
Nzc0NDI4NUVDMTA0M0I4Nzk4MTQyRkE3RTE4NDNGQjk0ODc0MkE0MzUxRDQz
M0U4Njg4NDI2QkIwMTQ0MzhBQzE5MTQyQTJFNzQwM0VGQjZFRjQzRTc2MDc0
RjNGNEJFQzU1NDBFNDE0NkM0MEFEOUEzRTQwNTVGQTAxNDA3MTg0QjQzRjVB
OTUwMDNGMDNCOUY0M0VGMjI0OTYzRjI3NTEyRjNGMzkyRDE4M0Y4NDAxMzAz
RkU5NTQ0QzNGMUFCODA0M0Y5RUQ5MTIzRjlBM0IzNjNGODQ5NDgxM0Y2MTQ5
RkQzRUU3NkQ5NDNFQzA3MUI1M0VDNkJBQUYzRTRCM0QwQjNGNzlFREVDM0U4
QjY4MUYzRkVERTAxRDNGNzU1QzlFM0U5NDg5RDgzRUI3MEFCRjNFQzE5NTM3
M0VFODAyMEMzRTQwQzY0QjNFMDlGNjAxM0UwMEZGQTMzRDBGRkM4NjNFRURG
MEE1M0U3NkM1NzMzRUQxRjIxOTNFNjlDNA==

--SBD.Boundary.605592468
PROCESS /noc/users/iridburst/exec/irid_300224010734970_upd.pl
Last Run  ----1970-01-01 00:00:00 
MONTH  5 
DATA  xxrecord 2012-05-12 06:00:05 :: $W5M5A,120512,060005,660d0028449ce246,1,DAS 2,4901.1839N,1621.9812W,10.6,68,15.1,13.9,11.2,66.1,5.1,11.2,66.7,5.2,1041.3,1.51,2.88,8.7,53,37*64
 
INSERT
STATION sbdservice
IRID_ID 300224010734970
BODY 
Content-Type: application/x-zip-compressed; name="SBMmessage.sbd"
Content-Disposition: attachment; filename="300224010734970_003234.sbd"
Content-Transfer-Encoding: base64

JFc1TTVBLDEyMDUxMiwwNzAwMDUsNjYwZDAwMjg0NDljZTI0NiwxLERBUyAy
LDQ5MDEuMTk1Mk4sMTYyMS45NDI0VywxMS4yLDg1LDEzLjYsMTMuOSwxMS4z
LDY2LjEsNS4yLDExLjQsNjYuOCw1LjQsMTA0MS43LDEuNDYsMS45OCw4Ljcs
NTEsMzcqNjgNCg0KJFc1TTVBLDEyMDUxMiwwNzAwMDUsNjYwZDAwMjg0NDlj
ZTI0NiwyLERBUyAyLDEzLjQsMTMuOSwwLjIsMC40LDAuMDEsOTM3LDk0Mywx
NTYsNjI4LDAsMjU2LjIsMTMuODgsOTI1KjZEDQoNCiRXNU01QSwxMjA1MTIs
MDcwMDA1LDY2MGQwMDI4NDQ5Y2UyNDYsMyw3RjAwNzUwMjNBMDAwMDUzMzIz
MDMxMzIzMDM1MzEzMjMwMzYzNDMwMzAzMDU1NUIwMDMxMzIzMDM1MzEzMjMw
MzYzNDMwMkM1NDQxNDIzMDMwMzAzMDMwMkMyRDMwMzUzMTJFMzEyQzJDMzEz
MzJFMzAzOTJDMzQyRTMwMkMzMzM2MzAzMDJDMzYzMDJDMzYzMDJDMzEyQzMw
MzAzNTM3MzAyQzMzMkUzNDMyMkMzMTJFMzIzNjJDMzEzMDMxMkMzMDJDMzAy
RTMxMzYzODJDMkIzMDMwMkUzMDBEMEFFQTEwNkMxQTY3NDM3RjAwNjcwMjNB
MDAwMDU3MzIzMDMxMzIzMDM1MzEzMjMwMzYzNDMwMzAzMEZGNEQwMDAwODBG
QjQ0MDAwMDAwNDQwMDAwN0E0NzAwMDAxMTQzNUZBMzZFM0Y5NEFDQjE0MEQ2
QkFGRDNGM0MzQkJCM0YwNTZDREI0MDU2OTBERDNGMUZBRkU5NDBFMDU2QjQ0
MDY1MjEwQjQxQjJGODA3NDFCMjVGQzQzRjQ2MTk0QjQyRDE5NDEzNDI1NkU2
REEzQkZGMUQ3OThCQjYzQTdGMDI5NjAyM0EwMDAwNEI1NjQ4MjAzNzMyMzAz
MTMyMzAzNTMxMzIzMDM2MzQzMDMwMzAzMzAwMDAwMDVDOEZDMjNEMEFEN0Ez
M0I0MzE5NEI0MkQwOTQxMzQyM0ZEQkEwNDE3RkM3MjM0MkNBRDFFQzQxNEZB
NjBFNDJERTFCRjg0MTgyNjFGMzQxMUUwMDAxNDJFRjdDQkQ0MTRGNTIwMjQy
QUIwNThCNDFBMTkzMDc0MjcwMTI3RTQxNkFFQzFBNDIxNEY4OUQ0MTY4NUMy
MzQyQUUyN0QyNDE1NTUyMEU0MjBBMjkwNjQyRURFQUZFNDE1RjkwMTA0MkRD
NDgwNDQyQzhDNzE0NDI2REMzMEM0MkJFQUMxRjQyRjg3NDIzNDIzRUE1MjI0
MjIyNjMzQTQyQzNDNTE0NDIzQzUyNTU0MkZCN0YyMjQyMjkxMTg4NDI4QzZB
NTI0MkFCRTQ4QTQyRUJDQzYwNDJFRTRGOTI0MjVCQzk2NzQyRDYwODlGNDJD
ODExNTI0MjY2OTg5RjQyRjZGMjI5NDI3QTE0OUQ0MjJDMDEzMTQyNjIzQzhC
NDJFMjRFNDY0MkNBQkE1QjQyRUI3QTU3NDJBNkE5NEQ0MkM0Mjk1NjQyNEY5
OTdDNDJCMDk4NDk0MkM0NkNBQjQyQzczQTRGNDJCMjRCQzQ0MkEyMTE0MDQy
MDdGM0JDNDJGMjFDMzA0MjdCRDJDQTQyQzE2MDUyNDIyREY0RUE0MjJGMDI2
QzQyNzM4OEVGNDI3QjFGNzU0MkJCREJFQjQyMjlCMTc1NDI2M0VDRTI0MjlC
QkE2RTQyQkY1RkNCNDJBNDgzNzY0MjczOTlCMDQyRDkxMjdBNDJGNTkzQUE0
MkIyNTM4MzQyMTVFOEE5NDJBM0Y5OTE0Mjg3MjY2RDQyNjIwNzk3NDIzQUUz
M0Q0MjdGRDg4NjQyQjk5RTdCNDI0QTNBNzU0MkNBMjU5NjQyNzJGRDc2NDI0
RTZBN0Q0MkY0ODY2QTQyMkEwNDc0NDI2OTdENzE0MkM4MUI5MjQyNzk0MDdB
NDJEQTY0QTE0MkQ2NkU4MDQyRjhFN0JCNDI1NTU3OEU0MjVBOTdBMjQyRUFE
NzkxNDI1NEQyNUM0MjMzMzc4NzQyNzlDRDQxNDI2QTEyODQ0MjIxQzcyODQy
OEUzRTkxNDIzQjg5MTY0MjE2NDY5QTQyNUY5NDc4M0VBNEJFRDgzRTY4QUIz
MjNGMzgyREI3M0ZFQjAyNUU0MDUwRjA0QjQwQzU1QTA0NDAyNzhCODMzRjZG
RkE2MTNGNzU0QzRFM0ZCOTM5MzMzRjYzOTEzRjNGNUVDMEYwM0VDODAyOUIz
RkQzMDMzRDNGOEZGMEIzM0U4NThCODIzRkYzNUIzNjNGOUU5NTk3M0U2OUY4
MTEzRkFBQzI4MjNGNTU2OTJCM0Y0QTcxRTczRTRENzlCMTNFMDBCQzY2M0VF
NTBGNUYzRTI2NkM4QjNFRkY0RUREM0VGN0Y0OTQzRTJCNzI5MzNFMzdENzc2
M0U0NEJGRDEzRUU0MzQ5NDNFQTBGMzM0M0VEQjM0MDYzRUFFOTlFMTNERkRF
QUUyM0Q4QThBNjAzRTQyOTY4NTNFOEFEMw==

--SBD.Boundary.605592468
PROCESS /noc/users/iridburst/exec/irid_300224010734970_upd.pl
Last Run  ----1970-01-01 00:00:00 
MONTH  5 
DATA  xxrecord 2012-05-12 07:00:05 :: $W5M5A,120512,070005,660d0028449ce246,1,DAS 2,4901.1952N,1621.9424W,11.2,85,13.6,13.9,11.3,66.1,5.2,11.4,66.8,5.4,1041.7,1.46,1.98,8.7,51,37*68
 
INSERT
STATION sbdservice
IRID_ID 300224010734970
BODY 
Content-Type: application/x-zip-compressed; name="SBMmessage.sbd"
Content-Disposition: attachment; filename="300224010734970_003235.sbd"
Content-Transfer-Encoding: base64

JFc1TTVBLDEyMDUxMiwwODAwMDUsNjYwZDAwMjg0NDljZTI0NiwxLERBUyAy
LDQ5MDEuMjE0Mk4sMTYyMS45NjgxVywxMC43LDgxLDEzLjcsMTMuOSwxMS4z
LDY2LjUsNS4zLDExLjQsNjcuMyw1LjUsMTA0Mi4xLDEuNDksMi4zNCw4LDQ4
LDM3KjcxDQoNCiRXNU01QSwxMjA1MTIsMDgwMDA1LDY2MGQwMDI4NDQ5Y2Uy
NDYsMixEQVMgMiwxMy43LDE0LjQsMC4yLDAuMywwLjAxLDkzOCw5NDQsMTU2
LDYyNywwLDI2NS45LDEzLjg4LDkyMSo2NA0KDQokVzVNNUEsMTIwNTEyLDA4
MDAwNSw2NjBkMDAyODQ0OWNlMjQ2LDMsN0YwMDc1MDIzQTAwMDA1MzMyMzAz
MTMyMzAzNTMxMzIzMDM3MzQzMDMwMzA1NTVCMDAzMTMyMzAzNTMxMzIzMDM3
MzQzMDJDNTQ0MTQyMzAzMDMwMzAzMDJDMkQzMDM1MzEyRTMxMkMyQzMxMzMy
RTM4MzEyQzM0MkUzMDJDMzMzNjMwMzAyQzM2MzAyQzM2MzAyQzMxMkMzMDMw
MzUzNzMwMkMzMzJFMzQzMjJDMzEyRTMyMzYyQzMxMzAzMjJDMzAyQzMwMkUz
MTM2MzMyQzJCMzAzMDJFMzAwRDBBRTcxMEMyRkE1QkNBN0YwMDY3MDIzQTAw
MDA1NzMyMzAzMTMyMzAzNTMxMzIzMDM3MzQzMDMwMzBGRjREMDAwMDgwRkI0
NDAwMDAwMDQ0MDA4ODkwNDcwMDAwMEM0MzA3MkE3NjNGNjk1MkI3NDA3Mzg1
MTU0MDU5OUZCRTNGOTk1OERGNDBGRjI2RjIzRjM2RURERTQwODYyRUI2NDAw
MDAwMDA0MUREMTRGRTQwRTUxOUNDM0ZGMzFCM0U0MjI4RUIxMzQyQTQxREVG
M0I4MjFDMDc0OUU5RTE3RjAyOEEwMjNBMDAwMDRCNTY0ODIwMzczMjMwMzEz
MjMwMzUzMTMyMzAzNzM0MzAzMDMwMzIwMDAwMDBFQjUxQjgzRDBBRDdBMzNC
RUUxQjNFNDIyNUVCMTM0MjhDN0FGMzNFMERGRjRCNDJGODg2RDk0MEZGRDQz
NjQyNzUzMDg4NDE1MTRCMTY0MjI1MDIwMDQyMjQ4NERCNDFBQjQyMUI0MkZE
NzNBQTQxMTJFMTEwNDI3QTFBQUU0MUE3NzVGRDQxMTc1NjlDNDEzMDVCRjg0
MTQ4MjA4NjQxNkY3NUU3NDFDNjNGOTk0MTYwMzRERDQxOTEyQUIyNDEzMjdG
RkU0MUUxREVEMDQxMjZGNTBFNDJDQzQzMTA0Mjg1RjEzQzQyOTZCMDI4NDI2
QjVDNzM0MkEyN0QyMjQyOTIyNTdCNDIzMzFGMjg0MkE3RDM1MTQyRTY1OTJD
NDIzREMyNkU0MjAyNUMzRjQyNEY1M0IyNDJBMjU3NTU0MjI4RUJCNjQyNTA1
MTRGNDI2OEUwODM0MjVCNkIyNDQyMTg3OTU0NDI2OTU3MkM0MjA0NzMzMTQy
REJCRTUwNDJGQTYyNkE0MjI2NTU3MDQyM0FGMEIwNDJDQUEwNTY0MjRBQjJB
QzQyQzZDMTM2NDJERjlCOTY0MkMzNDYzMzQyNUNFMTk2NDIwQzRCNTA0MkJB
NzlBMTQyODJGMTYwNDJGMTRBOUE0MjU4MzE1RDQyODA1Rjg3NDIxMDc0NjA0
MkY1RDM0RTQyNEREMTc0NDJGMEVENjk0MjY5MzQ4MDQyNjYzMjkzNDJCNzk0
ODg0Mjg4OThFNTQxMDU0Mzk3NDIyOTVDNTk0MUMxNDE4QTQyRUZENzQ0NDI0
QTREODI0MkY0NEQ5MzQyQjU2NDgyNDI4QTlCRTU0MjVENUY4QTQyMjZERjEx
NDNBRkEzOEE0MjJGQzRFMjQyOTExMzhGNDIyNDVCOEU0MjU4NDA4NDQyOTY4
NjQ2NDJEN0Y3NzM0MkZEM0MyQTQyRTNGNDdBNDJEOTdBMjg0MkI0NTc3NDQy
NTQwNTM5NDJBMjNBN0E0MkRDNEU3RTQyNzBFODhENDIwMjVFOTI0MkQ0NkI5
NjQyQkU3RUEzNDNGMzA2OUU0MkU4OTE1QzQzNjk2ODk3NDI2MTMxMkY0MzYy
NkU5MjQyRTc0OEIwM0RBQzU4NjYzRTgzRDFCQzNFMzQ2QTRCM0Y5NzZCQkQz
RkNBOUYwNjQwOTkzRUQwM0ZBRDJCM0Q0MDJCNDAxODQwM0VBRkQwM0ZENzky
REUzRjc1REYyRjNGMTM3NjI3M0ZDRENFNkMzRjIwOEEyNzNGOUU1MjU2M0Y2
RUFDNjEzRkRENTM1MDNGRDM5OERGM0UwMUIzMjAzRjg4MEU2MjNGQjFBRDZE
M0Y0MTFFRkIzRTIzMEYyOTNGMzIwNjMyM0YxNjIwMDMzRjlBMTFCQzNFM0FD
QTk5M0U5MTQ2RDAzRTY2OTlGMTNFOEJEQkMyM0U3ODhDQTYzRTM0QjA5ODNF
Q0YwMkZGM0RBNUU5MTQzRTM4N0JBNTNFMUQ4NUY1M0U5RjNBNDkzRTU1RkU0
RTNEM0VFRjI3M0VGOUVGMUEzRUQ0RUQxNA==

--SBD.Boundary.605592468
PROCESS /noc/users/iridburst/exec/irid_300224010734970_upd.pl
Last Run  ----1970-01-01 00:00:00 
MONTH  5 
DATA  xxrecord 2012-05-12 08:00:05 :: $W5M5A,120512,080005,660d0028449ce246,1,DAS 2,4901.2142N,1621.9681W,10.7,81,13.7,13.9,11.3,66.5,5.3,11.4,67.3,5.5,1042.1,1.49,2.34,8,48,37*71
 
INSERT
STATION sbdservice
IRID_ID 300224010734970
BODY 
Content-Type: application/x-zip-compressed; name="SBMmessage.sbd"
Content-Disposition: attachment; filename="300224010734970_003236.sbd"
Content-Transfer-Encoding: base64

JFc1TTVBLDEyMDUxMiwwOTAwMDUsNjYwZDAwMjg0NDljZTI0NiwxLERBUyAy
LDQ5MDEuMjU4M04sMTYyMi4wNjczVywxMC42LDgxLDE0LjMsMTMuOSwxMS4y
LDY3LjMsNS40LDExLjIsNjcuOSw1LjUsMTA0Mi43LDEuMzYsMi4wNCw4LjMs
NjEsNDMqNjkNCg0KJFc1TTVBLDEyMDUxMiwwOTAwMDUsNjYwZDAwMjg0NDlj
ZTI0NiwyLERBUyAyLDE0LjEsMTQuNSwwLjIsMC40LDAuMDEsOTM5LDk0NSwx
NTYsNjI4LDAsMjY4LjYsMTMuODgsOTIzKjZEDQoNCiRXNU01QSwxMjA1MTIs
MDkwMDA1LDY2MGQwMDI4NDQ5Y2UyNDYsMyw3RjAwNzUwMjNBMDAwMDUzMzIz
MDMxMzIzMDM1MzEzMjMwMzgzNDMwMzAzMDU1NUIwMDMxMzIzMDM1MzEzMjMw
MzgzNDMwMkM1NDQxNDIzMDMwMzAzMDMwMkMyRDMwMzUzMTJFMzEyQzJDMzEz
MzJFMzgzNTJDMzQyRTMwMkMzMzM2MzAzMDJDMzYzMDJDMzYzMDJDMzEyQzMw
MzAzNTM3MzAyQzMzMkUzNDMyMkMzMTJFMzIzNjJDMzEzMDMzMkMzMDJDMzAy
RTMxMzYzMzJDMkIzMDMwMkUzMDBEMEFFRDEwQTU3OEZGOUU3RjAwNjcwMjNB
MDAwMDU3MzIzMDMxMzIzMDM1MzEzMjMwMzgzNDMwMzAzMEZGNEQwMDAwODBG
QjQ0MDAwMDAwNDQwMDEwQTQ0NzAwMDAxNzQzQTZFQTYwM0ZDRjRGQUE0MDlB
REMwMjQwQ0E4MEFEM0Y0RjhBRDM0MEY1MTREMDNGMUY1N0Q5NDBEOEYwQTk0
MDU2NTUwNTQxQ0UwMEY2NDAyMTI3QjkzRjJBOEQ3MzQyNDE1QjJCNDJDMDk1
QkQzQjA0MUUzOTg3QzNGNDdGMDJDNjAyM0EwMDAwNEI1NjQ4MjAzNzMyMzAz
MTMyMzAzNTMxMzIzMDM4MzQzMDMwMzAzNzAwMDAwMEVCNTFCODNEMEFEN0Ez
M0IyNzhENzM0MjNFNUIyQjQyREY0RkIxNDM3RDQxNjA0MjExOTMzMzQxRTUx
QzU1NDI0QkM3OUE0MTU1MkE0MDQyNzMzRkY2NDEzODI2MzY0MjU5OEExODQy
OTVBODIwNDI5MTE0MUQ0MjI0N0ZFNzQxNDdDRTFCNDIzM0Q1QkI0MURFMTEx
RDQyMUMzM0JGNDE5RjQ0MjU0MjkwQkZENTQxNzFFRjJFNDIzQzY5RTA0MTIy
ODQzQzQyNDE4NUU1NDFGRDEyNDM0MjJFM0JGRTQxMEQyRTJFNDJDMDMwMkE0
Mjk2NDQ4QTQyRThBQTU5NDI1QUQ1QUQ0MjFDNjA1QjQyRjk4Qzg4NDI3Q0RD
NTU0MjBGNDE1QjQyNjg4MzQ0NDJGRUM4NzA0MjIyNjc0OTQyODU2NkE2NDJG
NkY0NTU0MkE0NEZEMjQyQzdERTQ2NDJCNzMzQkE0MjAxQ0IzRjQyMjMyNDlG
NDJCNjdFM0U0MjNFQjc5NjQyREFCOTM0NDIyOTY2OUY0MjlDRTAzMTQyMkUw
ODlENDJGOUE4NDY0MjE5RkU5MzQyMTA4QzU1NDJGNDg5QTg0MkNFNzI0RDQy
RDY1N0I2NDJDNDVEM0E0MkYwM0FCMzQyNTMyMzUzNDJFQzU4Qzg0Mjk5Rjk4
NjQyNTUyRjlGNDI4Q0FFOEM0MjhGQjE3MjQyNkVBMTgzNDI1OEI3NkQ0MjJF
QTE4MDQyQTlEMzg4NDIwMEM5ODM0MkVEOTM5OTQyMkI1Mjg5NDIzRTM2QTA0
MkEyNDQ4OTQyRTJFMUNFNDIyOEYzODU0MjkxQkVEMTQyMzRDRDhCNDJBQkJC
ODY0MjE4ODg4QjQyMDM2M0EzNDIzNkE5ODc0Mjc2MUVDQTQyMzNGNzg5NDI5
QUVDODA0MkI1NjQ4OTQyOURFODRGNDI4QjQ1ODY0Mjg0RTFGMzQyNDk0Qzkw
NDIxQUQ0MUM0MzgxOTQ4MjQyQkQyRDA3NDM0QkUyOTA0MjE3QTY1NjQyNkFF
RDkyNDJCN0JGOUM0MkFDMTQ5MDQyQjIzMUM4NDI2QkFEODI0MkJERjhBNTQy
MEYwMjgyNDI0QzNFQUM0MkNBQUM4ODQyNUYyM0ZENDIyRDY3NzY0MjAwRTIw
NTQzNDY0NDc3NDI2OTA2MDM0M0M0QkQ4RTQyM0UzNzA2NDM5NUQ3OTY0MjRD
NjIxMTNFMDhGOEU4M0Q5QkM0MUQzRTYxQ0RCQjNEMjdCODAzM0YzQjI0OTQz
RkMzQUQwNDQwQUE4OERFM0Y1QTY4QzEzRkFBMUMwMDQwMjVBOUYzM0Y1NjlG
NjYzRkZEMjM4MTNFRTU1M0ZBM0U0MjlFMkEzRjE1NzY3ODNFN0JGM0U4M0Ux
NDFGNUUzRjNENkUxMzNGQkMzMTFBM0ZDNUFEMUMzRkY2M0U0RjNGRDZGODE4
M0YxMENDMUYzRjY3NTNDODNFRDJFOUQ2M0UzMEIzQTQzRUEwRTlGMDNFQUY1
Q0Q1M0UzQjNDMzQzRTRCNUE5NDNFNzBDRA==

--SBD.Boundary.605592468
PROCESS /noc/users/iridburst/exec/irid_300224010734970_upd.pl
Last Run  ----1970-01-01 00:00:00 
MONTH  5 
DATA  xxrecord 2012-05-12 09:00:05 :: $W5M5A,120512,090005,660d0028449ce246,1,DAS 2,4901.2583N,1622.0673W,10.6,81,14.3,13.9,11.2,67.3,5.4,11.2,67.9,5.5,1042.7,1.36,2.04,8.3,61,43*69
 
INSERT
STATION sbdservice
IRID_ID 300224010734970
BODY 
Content-Type: application/x-zip-compressed; name="SBMmessage.sbd"
Content-Disposition: attachment; filename="300224010734970_003237.sbd"
Content-Transfer-Encoding: base64

JFc1TTVBLDEyMDUxMiwxMDAwMDUsNjYwZDAwMjg0NDljZTI0NiwxLERBUyAy
LDQ5MDEuMzE2MU4sMTYyMi4xODg1VywxMC4zLDg0LDEzLjcsMTMuOSwxMS4z
LDY2LjcsNS4zLDExLjMsNjcuMyw1LjUsMTA0Mi44LDEuNDUsMi4yMyw4LjMs
NTksNDAqNjMNCg0KJFc1TTVBLDEyMDUxMiwxMDAwMDUsNjYwZDAwMjg0NDlj
ZTI0NiwyLERBUyAyLDEzLjgsMTMuOSwwLjIsMC40LDAuMDEsOTQwLDk0Niwx
NTYsNjI3LDAsMjgyLjUsMTMuODgsOTE5KjZDDQoNCiRXNU01QSwxMjA1MTIs
MTAwMDA1LDY2MGQwMDI4NDQ5Y2UyNDYsMyw3RjAwNzUwMjNBMDAwMDUzMzIz
MDMxMzIzMDM1MzEzMjMwMzkzNDMwMzAzMDU1NUIwMDMxMzIzMDM1MzEzMjMw
MzkzNDMwMkM1NDQxNDIzMDMwMzAzMDMwMkMyRDMwMzUzMTJFMzEyQzJDMzEz
MzJFMzIzOTJDMzQyRTMwMkMzMzM2MzAzMDJDMzYzMDJDMzYzMDJDMzEyQzMw
MzAzNTM3MzAyQzMzMkUzNDMyMkMzMTJFMzIzNjJDMzEzMDM0MkMzMDJDMzAy
RTMxMzYzNjJDMkIzMDMwMkUzMDBEMEFGMDEwQkQ0NTFDMzY3RjAwNjcwMjNB
MDAwMDU3MzIzMDMxMzIzMDM1MzEzMjMwMzkzNDMwMzAzMEZGNEQwMDAwODBG
QjQ0MDAwMDAwNDQwMDk4Qjc0NzAwMDAwRTQzQURBNzZEM0Y5QUMyQjU0MEJD
QjYwRTQwMjMyMUJBM0Y3ODdEREE0MEUyRDlFODNGMDNGMEQxNDA1MjJGQjI0
MDU2NTUwNTQxMTIzRTA1NDE4MjIwQkUzRkEzQkU2QTQyMUM3NjFGNDI2Qjc2
RDEzQkZGMUMxRDJGNTZEQzdGMDJCQTAyM0EwMDAwNEI1NjQ4MjAzNzMyMzAz
MTMyMzAzNTMxMzIzMDM5MzQzMDMwMzAzNjAwMDAwMDVDOEZDMjNEMEFEN0Ez
M0JBMEJFNkE0MjFCNzYxRjQyNDY3OUI3NDE1QkQxM0Y0Mjc5MjVENjQxMzMz
OTM3NDI3NURDMTE0MkM0QjAxNDQyNjgwNjFCNDIwQkRERDU0MTRCQTcwRjQy
NjlCQTlCNDE4QkQyMDY0MjVDREE5RDQxN0ZGNDBENDI1NENCQzA0MTExMTcy
NDQyRUY0MUQ0NDFGODVFMUM0MkEwNTBFRDQxMTAwNjE2NDIzQzYyMDQ0MkZD
MTUyODQyRkEwQTBBNDI2NjBGNDc0MkMzMDExQTQyNUM3OTY1NDI5NDFCMjQ0
MkRFMzQ1RTQyRjU4NzI3NDJFN0JENTQ0MkI5NTg1QzQyNTQwNTk1NDI1ODQ1
NTA0MjAyQUVBMzQyQjZEODJCNDJCNEVEQkI0MkRGRTkyQzQyQjJDNUNBNDJE
NTg1M0I0MjM4NENDODQyREMxNTRGNDI1OUNBRDY0MkUzNTM0QTQyMjBBM0Q2
NDI4MjI4NDk0MjEyQ0JCQzQyRUM1RTRFNDI3M0NEQTU0MkRBOUY1NTQyQTY5
MDg0NDI3RjY4NkE0MkJCNjA3QTQyQkFCQzdDNDIxMkU0OTI0MjZDMEE3OTQy
QUEyRjgyNDI4Q0Q1NjU0Mjg0NzA1RDQyOEE2NzQwNDJGMTNDODY0MjcwMUI0
RTQyQTBFNEFBNDJFOTlBNjg0Mjc2MzNDMDQyODlGRjdGNDI1NjBEQzQ0MjFB
MDM4ODQyN0JGQUIyNDI0RTIyODY0MkYwQTJBMDQyN0FFODhBNDI1REUzNzI0
MjIwQUY5MjQyMjU0MEEzNDI3Mjg0OTE0MjQzM0ZDQjQyNTYyQzhBNDI3NUE0
QjY0MkI2NUE4NzQyQzMzNTlGNDJFOTIwODg0MjRCQjkzRDQyRDA0RDhENDIw
NDZFRkM0MTBCODQ4RjQyRTQ1MUU5NDI2RUUzODk0MkYzNEFGNTQyODY2RDc4
NDJFOURGRTI0MkM3MjU4NDQyOTZFNkE2NDJCRkUwOEQ0MkExOEQwOTQyQjcy
MDg4NDIwQ0IzMUQ0MUIxM0I4MDQyOTY3QzE0M0ZGNjQ1ODQ0MjhFMzU0MjQx
QTkwNDhENDI4MkYzMDU0MjlEOUU4RjQyNTE0MzA4NDIxNUI0OTc0MkREQjg0
QjQxMTZGNzlCNDI0OTRFNkQ0MUEzMjQ5OTQyRURCNDFEM0UwQTE4M0IzRUQz
M0I5MTNFRkI3NTM5M0Y1QkNCMUQ0MDU4RTY0MjQwRjY4M0I2M0Y4RTBCOTIz
RjczQkY4OTNGNDUyQzZBM0ZDNDRBNDczRkU5REU2RTNGNzAwOEE5M0ZEM0Qy
NTYzRjIzNTJGMzNFMUM4NjBBM0ZDMEI4NzQzRjc5NkU4NDNGMzEwRDQzM0ZB
NDY2MkQzRjNEMUE2NzNGMDA2OTFBM0YzRjU1MEUzRjE4RDYzMTNGNDJBNjhG
M0VERjREMkMzRTVFN0M4MTNFMTkwMTdFM0UyQTFGQ0EzRTlCOUE4QTNFMDk1
RTI1M0VCNUU4RjQzRDNFOENDQjNENDc3Ng==

--SBD.Boundary.605592468
PROCESS /noc/users/iridburst/exec/irid_300224010734970_upd.pl
Last Run  ----1970-01-01 00:00:00 
MONTH  5 
DATA  xxrecord 2012-05-12 10:00:05 :: $W5M5A,120512,100005,660d0028449ce246,1,DAS 2,4901.3161N,1622.1885W,10.3,84,13.7,13.9,11.3,66.7,5.3,11.3,67.3,5.5,1042.8,1.45,2.23,8.3,59,40*63
 
INSERT
STATION sbdservice
IRID_ID 300224010734970
BODY 
Content-Type: application/x-zip-compressed; name="SBMmessage.sbd"
Content-Disposition: attachment; filename="300224010734970_003238.sbd"
Content-Transfer-Encoding: base64

JFc1TTVBLDEyMDUxMiwxMTAwMDUsNjYwZDAwMjg0NDljZTI0NiwxLERBUyAy
LDQ5MDEuMzc5NU4sMTYyMi4zMTg4VywxMS41LDkxLDE0LjcsMTQuMCwxMS4z
LDY2LjIsNS4yLDExLjQsNjYuOCw1LjUsMTA0Mi43LDEuMzIsMi4yMSw4LDU3
LDQ0KjcwDQoNCiRXNU01QSwxMjA1MTIsMTEwMDA1LDY2MGQwMDI4NDQ5Y2Uy
NDYsMixEQVMgMiwxMy44LDEzLjksMC4yLDAuNCwwLjAxLDk0MSw5NDcsMTU2
LDYyNywwLDE5MC43LDEzLjg4LDkyNSo2MA0KDQokVzVNNUEsMTIwNTEyLDEx
MDAwNSw2NjBkMDAyODQ0OWNlMjQ2LDMsN0YwMDc1MDIzQTAwMDA1MzMyMzAz
MTMyMzAzNTMxMzIzMTMwMzQzMDMwMzA1NTVCMDAzMTMyMzAzNTMxMzIzMTMw
MzQzMDJDNTQ0MTQyMzAzMDMwMzAzMDJDMkQzMDM1MzEyRTMxMkMyQzMxMzMy
RTMyMzkyQzM0MkUzMDJDMzMzNjMwMzAyQzM2MzAyQzM2MzAyQzMxMkMzMDMw
MzUzNzMwMkMzMzJFMzQzMjJDMzEyRTMyMzYyQzMxMzAzNTJDMzAyQzMwMkUz
MTM2MzYyQzJCMzAzMDJFMzAwRDBBRTkxMDY5RDk1OURDN0YwMDY3MDIzQTAw
MDA1NzMyMzAzMTMyMzAzNTMxMzIzMTMwMzQzMDMwMzBGRjREMDAwMDgwRkI0
NDAwMDAwMDQ0MDAyMENCNDcwMDAwMTc0MzExMjM1RDNGM0VEQ0FBNDAwNjY1
MEQ0MDM2NjdBOTNGOTE0MEM5NDA3MTQ5RDIzRkVERTBENTQwOTdDMUFGNDAw
MDAwMDA0MTMxQzJGQjQwODkwQkI1M0Y1RTA0NjQ0MkRCNDYyRTQyQjYzNEJB
M0IyOTFCMzUxOUQ4RkE3RjAyQTIwMjNBMDAwMDRCNTY0ODIwMzczMjMwMzEz
MjMwMzUzMTMyMzEzMDM0MzAzMDMwMzQwMDAwMDBFQjUxQjgzRDBBRDdBMzNC
NUUwNDY0NDJEQjQ2MkU0MkYzNjlBQTQzMTQ1ODNCNDIzMTE4QjM0M0Y1Q0Uz
RjQyRjFENUIwNDE0RDhFNEQ0MkFFMkZGNDQxMjc2QzQwNDIyODBGRTg0MUYw
QkYxMjQyRjgyOUUzNDE5M0I3RDg0MTZENUNFODQxRkE2NUFGNDFENDg1RjQ0
MUExODg5NTQxMkYyOTAzNDJCMDhBQTg0MUVDNTExRDQyN0I2QjAwNDI1RkU2
MzM0MkE0NzkyMTQyQzcyRDMzNDI1RDQ4MjU0MjAxMDI1MjQyMzk0MDIwNDJB
OEE1ODA0MkJBNDIyRTQyMTAzMjg0NDI1NjE2NDU0MkY0QkE3OTQyNjczQjQ5
NDI1RjE3ODE0MkE4ODU0MzQyM0M0RjdDNDI3NjMyNEE0MjA3QkQ5NTQyN0E4
QzU3NDJGMTk2Qzc0MjEzQjI1NTQyREJBOEVCNDI5REVCNTM0MkMwMDlEODQy
NzJCQjY1NDI4RkY5QjE0MkYwRjU1MTQyQTcxREJFNDJFQ0ZGNTM0MjFBRERD
QzQyMjNBRTYxNDI1NEJCREU0MkI5RjM2RTQyQzU2Q0M5NDIyQ0M1ODE0MkJG
Rjk1MzQyNTdCMjg3NDI1NTFGNkU0MkE0RDI3NzQyOUU2RkIyNDJDQjM4Njg0
MjIyQzJBMDQyMzdBNDZCNDJFNDQzODY0MjQxRTM3RDQyNTJFNDdENDI4QzJE
OEQ0Mjk0NDYyOTQyMDc0NThDNDIzOEQ2NTY0MkRFMEU4RDQyODhCOEMzNDIy
NUMxOEQ0MkFBMzNEMzQyRTk1NDhCNDJCRUQ1QjY0MjU4NDY4RTQyNDZCOEE3
NDJCQTgzOEQ0MjE1MDBENDQyODQ5MzdENDI3MzhDRDk0MjI1MjU3MTQyRjk2
QkFDNDJFRTlGODY0MkQ5OUMzQTQyNUM4NDkwNDI4NEJFQkM0MTJGNUM5NTQy
REVFM0I3NDJEQTUwOTY0Mjg1RjZCODQyNURCNDg4NDI3MDlBRDM0MjkzQjM4
NTQyRDExRUZCNDIyN0ZCN0I0MjYzQUIwODQzQzUwMzgzNDJDQjI2MEQ0MzUw
NEY5MzQyMTY1NjA5NDM3QjREOTk0MjMzODUyMDQzRkE2RDlENDI4NDQ1Q0Ez
RDVDQkU1MDNFRDM4QzMyM0U1NzhEOTAzRUVFMjkxRDNGNkFDNUFCM0YyQjI5
Q0UzRkU4NDcxQjQwMkFFMkQ3M0Y3M0E4MjQzRkJGM0UyMDNGNjZEQThDM0ZF
MkFBOEMzRkM0MjI5NTNGQjQzMTVDM0ZBQzA4M0QzRkJCNDQxRjNGRDBCNjQ1
M0YwRUUyNjEzRkJDRUU4MjNGMjg2NkRFM0VBOUEyOTMzRTQ2QTU3NTNFOUY1
M0VBM0U5NTREODUzRTRFMDI0OTNFRDU3MjNEM0U4QjRDMjAzRUUwOTMwODNF
NzYxRTdDM0U0RjYxRDAzRUI3MjFCNDNFMENEMjY3M0UyM0UyNzMzRTYyMzkz
QzNFNDAwQ0JCM0VDMEI3QUQzRTQ1NUM4Mw==

--SBD.Boundary.605592468
PROCESS /noc/users/iridburst/exec/irid_300224010734970_upd.pl
Last Run  ----1970-01-01 00:00:00 
MONTH  5 
DATA  xxrecord 2012-05-12 11:00:05 :: $W5M5A,120512,110005,660d0028449ce246,1,DAS 2,4901.3795N,1622.3188W,11.5,91,14.7,14.0,11.3,66.2,5.2,11.4,66.8,5.5,1042.7,1.32,2.21,8,57,44*70
 
INSERT
STATION sbdservice
IRID_ID 300224010734970
BODY 
Content-Type: application/x-zip-compressed; name="SBMmessage.sbd"
Content-Disposition: attachment; filename="300224010734970_003239.sbd"
Content-Transfer-Encoding: base64

JFc1TTVBLDEyMDUxMiwxMjAwMDUsNjYwZDAwMjg0NDljZTI0NiwxLERBUyAy
LDQ5MDEuNDI3OU4sMTYyMi4zODk1VywxMC41LDk0LDEzLjMsMTQuMSwxMS4z
LDY1LjYsNS4xLDExLjQsNjYuMSw1LjMsMTA0Mi43LDEuMzYsMi4yLDguMyw1
OCw0Myo1Qg0KDQokVzVNNUEsMTIwNTEyLDEyMDAwNSw2NjBkMDAyODQ0OWNl
MjQ2LDIsREFTIDIsMTMuOCwxMy45LDAuMiwwLjQsMC4wMSw5NDIsOTQ4LDE1
Niw2MjcsMCwyMTguNSwxNC4yNyw5MjIqNkINCg0KJFc1TTVBLDEyMDUxMiwx
MjAwMDUsNjYwZDAwMjg0NDljZTI0NiwzLDdGMDA3NTAyM0EwMDAwNTMzMjMw
MzEzMjMwMzUzMTMyMzEzMTM0MzAzMDMwNTU1QjAwMzEzMjMwMzUzMTMyMzEz
MTM0MzAyQzU0NDE0MjMwMzAzMDMwMzAyQzJEMzAzNTMxMkUzMTJDMkMzMTMz
MkUzMjM5MkMzNDJFMzAyQzMzMzYzMDMwMkMzNjMwMkMzNjMwMkMzMTJDMzAz
MDM1MzczMDJDMzMyRTM0MzIyQzMxMkUzMjM2MkMzMTMwMzYyQzMwMkMzMDJF
MzEzNjM1MkMyQjMwMzAyRTMwMEQwQUVBMTBDQTg3QTQwNjdGMDA2NzAyM0Ew
MDAwNTczMjMwMzEzMjMwMzUzMTMyMzEzMTM0MzAzMDMwRkY0RDAwMDA4MEZC
NDQwMDAwMDA0NDAwQThERTQ3MDAwMDE3NDNCMjZBNjMzRkI5QUJBQTQwRDBF
NTBDNDAyOUJEQUQzRjk4OUJDRDQwQjcxNUQyM0Y4RUZGRDY0MDM5MDJBQzQw
NTY1NTA1NDE3RDk4Rjk0MDgyODdCODNGNTBFMzY5NDI0NTI5MkE0MjI0QTVD
MzNCRkExRUVGQ0M0QzM1N0YwMkJBMDIzQTAwMDA0QjU2NDgyMDM3MzIzMDMx
MzIzMDM1MzEzMjMxMzEzNDMwMzAzMDM2MDAwMDAwNUM4RkMyM0QwQUQ3QTMz
QjRCRTM2OTQyNDMyOTJBNDIxNEVGMUU0MkIwQTIyNjQyRjYwQUY2NDE5OTVC
RjM0MTA3OEFBNDQxNkIzNEZDNDFFRjA5QjA0MUIyRDVGNzQxNDE3NjA0NDI2
MjYxQzk0MTY3OTEyOTQyQzMzQ0M4NDFBMDY2M0E0MkIwMzRGMDQxMjA4RjMx
NDIzQUIzMDQ0MkVGRDkyQzQyOUZEQjAyNDIyRTc2MjE0MjYxQzYwOTQyQjJE
ODE3NDI2NjEzMTY0MjM0NDg1MDQyOEQ4NjA4NDI1ODQ1NkE0MkRBRTEwMDQy
N0MxQjRENDJDMEI5MkM0MjU4N0E1RDQyNENGRDY1NDIwRDU5NDU0MjYwRjA2
RjQyQzFFRDM4NDI1Q0QxNjM0MjFFMTk4NjQyMzNCMzYzNDJDNTdDQUU0MjAw
MDc2MDQyQjFCRkEwNDJDMTg3NDY0MkVGQTFBMDQyNTkyNjI1NDJGQkMwQUM0
MjhBQUIyNTQyOTg0M0JFNDIzN0MzMzg0MkQyRURDMTQyRkI3QzFFNDJGRDkz
Qjg0MkFFRkExODQyQUU5N0MxNDJDM0I3NDU0MjRDNzBERjQyMUNEMjRGNDJF
ODJCQ0Y0MkQxMkY0OTQyMTg1OEExNDI0RjhFNTI0MjhBM0M4MjQyQUQxRTRG
NDI3MUEyNzc0MjcxNjc1QzQyRTMwNTMzNDJDQzc4NUY0MjY4MUMyQTQyNTQy
Mzc1NDJDQkQ5OTI0MkM4N0Y4QjQyM0Y2OEFDNDI5MTRBODQ0MkMwRTU5QjQy
NTc1OTdCNDI5OEM3ODU0MjI4Njc4NDQyQ0RBRTVBNDIxQTJFOEM0Mjk1NzI4
NjQyNEQwQThBNDI3QkU0OUE0MjJEQkQ4NjQyQjk2RjkyNDI4RjU0ODU0MkIw
RDRBOTQyQ0FBNTgxNDIzQkIwREQ0MkYyQkU3NzQyMkUzMUQ2NDI3ODI0ODU0
MjBDRUNCMjQyMEQ0NzhCNDI2MjZENEY0MjFFNDM4RTQyMjgzQ0ExNDFBMkUx
ODY0MkJGM0ZCRDQxQzIzQjg1NDI1MTcxRDU0MjlERTc5MTQyRkE1MjBGNDNG
RTEzOEQ0MjdBRDFFMjQyQjI5ODlBNDIzRURCMUQ0MjgxREY5NjQyRTU2NzAx
NDIzMDU3OTU0Mjc5N0NDQjQxQTBDRDk0NDI2MkZFMTczRUY2REIxNDNGNjFG
MzNCM0YzQjBEMjQzRkYxNzRDMDNGQ0RCNkQxM0YwNEVBQkUzRkJGMUU1MDNG
RDU3NzlBM0Y1RTkzNjUzRkY1MkQyNzNGMkIxNDM3M0Y0MkUxNzAzRjkzRDUz
NTNGQjNCOTRGM0ZFOENFMkYzRjFDN0ExRTNGRDU3MURBM0U2MzU2MUEzRjMw
OUUyRjNGNDdERDg2M0ZGQjcwMjYzRkQwRTc0ODNGQUUyQjEyM0ZCRjNDMDcz
RkY1QjRDRjNFQTJFOUJFM0UxNDM2REMzRTIzMDdGMjNFNzVGNkU2M0VFQzhF
QjQzRTBGRTVCNzNFMEQ4OTgyM0VFMjdDNg==

--SBD.Boundary.605592468
PROCESS /noc/users/iridburst/exec/irid_300224010734970_upd.pl
Last Run  ----1970-01-01 00:00:00 
MONTH  5 
DATA  xxrecord 2012-05-12 12:00:05 :: $W5M5A,120512,120005,660d0028449ce246,1,DAS 2,4901.4279N,1622.3895W,10.5,94,13.3,14.1,11.3,65.6,5.1,11.4,66.1,5.3,1042.7,1.36,2.2,8.3,58,43*5B
 
INSERT
STATION sbdservice
IRID_ID 300224010734970
BODY 
Content-Type: application/x-zip-compressed; name="SBMmessage.sbd"
Content-Disposition: attachment; filename="300224010734970_003240.sbd"
Content-Transfer-Encoding: base64

JFc1TTVBLDEyMDUxMiwxMzAwMDUsNjYwZDAwMjg0NDljZTI0NiwxLERBUyAy
LDQ5MDEuNDYyOE4sMTYyMi4zODA0Vyw5LjcsMTAyLDEyLjUsMTQuMiwxMS40
LDY1LjgsNS4zLDExLjUsNjYuNCw1LjUsMTA0Mi43LDEuMzcsMi4zLDguNyw2
OSw0Myo1RA0KDQokVzVNNUEsMTIwNTEyLDEzMDAwNSw2NjBkMDAyODQ0OWNl
MjQ2LDIsREFTIDIsMTMuOCwxMy45LDAuMiwwLjQsMC4wMSw5NDMsOTQ5LDE1
Niw2MjcsMCwzMDUuMiwxNC4yNyw5MjgqNkENCg0KJFc1TTVBLDEyMDUxMiwx
MzAwMDUsNjYwZDAwMjg0NDljZTI0NiwzLDdGMDA3NTAyM0EwMDAwNTMzMjMw
MzEzMjMwMzUzMTMyMzEzMjM0MzAzMDMwNTU1QjAwMzEzMjMwMzUzMTMyMzEz
MjM0MzAyQzU0NDE0MjMwMzAzMDMwMzAyQzJEMzAzNTMxMkUzMTJDMkMzMTMz
MkUzMjM5MkMzNDJFMzAyQzMzMzYzMDMwMkMzNjMwMkMzNjMwMkMzMTJDMzAz
MDM1MzczMDJDMzMyRTM0MzIyQzMxMkUzMjM2MkMzMTMwMzcyQzMwMkMzMDJF
MzEzNjM2MkMyQjMwMzAyRTMwMEQwQUVEMTBDN0ZFMDEwQTdGMDA2NzAyM0Ew
MDAwNTczMjMwMzEzMjMwMzUzMTMyMzEzMjM0MzAzMDMwRkY0RDAwMDA4MEZC
NDQwMDAwMDA0NDAwMzBGMjQ3MDAwMDEwNDM4NDJBNjUzRjE3OTlCMjQwNjRF
ODEyNDBFMEM0QUYzRjdGNTFDNTQwMzU3M0REM0YzN0Q1RDY0MDI3OTNBODQw
NjUyMTBCNDFDOTc5RUU0MDA1MTVCNTNGNTAzQjhBNDJGQjZDMkM0MjdERkRC
QjNCNzgxREZBN0ExQUY1N0YwMjk2MDIzQTAwMDA0QjU2NDgyMDM3MzIzMDMx
MzIzMDM1MzEzMjMxMzIzNDMwMzAzMDMzMDAwMDAwNUM4RkMyM0QwQUQ3QTMz
QjRFM0I4QTQyRjg2QzJDNDIzRUQ3QjY0MUE1OTk3MzQyMkI1ODAzNDI0NkQ0
M0Y0MkY3NEVFQTQxRUI0NTAwNDIxNDUzMDM0MkEzODZCMTQxRjRFMDIwNDIw
RkVEOUQ0MTVDNTcyODQyQTJFNEE2NDFEMjA1MUE0MjVBRkZCNDQxRjdBODBD
NDI2RjgxRDg0MUI1OTZGMTQxNDgxRDAyNDJBNzM4MEE0MjQxMjgwRTQyQ0Y0
RDQ0NDJGODkyMkU0MjM2NTg1NzQyMjg4MDVENDI0OTJCMkM0MjA2Nzg2MTQy
NzQyMzY0NDI4MEY4NTQ0MkNDMzFCNjQyMjY2MTRDNDJFRkFBQkQ0MkIxQ0Q1
MDQyQTQyNkIwNDJDM0JBNDk0MkMzOTJDOTQyNzU5MjM2NDJBQ0M0RDQ0MjlG
NTMxRTQyRkUxM0M1NDI5QzJDMDg0MkFBQThCNTQyN0QyRDE3NDJDNzJFQjk0
Mjk4QjQ0NzQyNTlBMERCNDI4NDdENDU0MkZEQ0VDRjQyOTFDQTM3NDI4QkIy
QkI0MjY3NTk0ODQyQTU1MkIxNDJENTU4NEU0MjlBQzFBQzQyMTFERDYzNDI4
MUQ1QTI0MjkxQzk3QzQyNkE1OUI0NDI3QTczNzM0MjhENUJCNjQyMDE5QjYz
NDIwQTI4QkM0MjhGN0M3MDQyQUQyOUM0NDJFMzJDN0Y0MkVFQkNGNjQyRkI3
RThBNDIwRTU4MEY0M0Q4MUI4QzQyREMxQUNGNDJDRjlBOTA0Mjg4QTc1NTQy
MjFFNDgzNDIwQThCMDU0MkMyMEY2MDQyM0QwMDBBNDI3RENCNkY0MkIwN0Y0
NjQyRUY3NTg1NDI2MjIxQkI0MjkxMDA4QTQyRThFMkFDNDJDNkE2ODc0MkFF
NjUyNDQyRTlEMDhCNDI1OEZCNjk0MjE0NjU5MTQyRjlBM0VCNDIwQ0UyOEE0
MjBGMUEwQTQzMTA2MTgyNDI1M0NCRTI0MkRBREI4QjQyODAxMTcwNDJBMDBF
OEQ0MjU0RUQ0QzQyRUNDRTgxNDJCMjJEODk0MjMwQTQ4NTQyQ0Y4MkFGNDJD
ODIzODg0MjgyQ0VCNjQyRDU4Qzg5NDI5Q0M2RkQzREVDMzc1RTNFNzRFMkUz
M0UzOENGNzUzRjIwMDZENTNGOUQyMjlEM0Y5NTBDQTgzRkEzMEY2ODNGREE0
RDRDM0YwMjU5NkEzRjlFQTYzNDNGOTMyODg5M0UwQjJCRDEzRTU4QUE0QzNG
RUY1MjU1M0Y4Nzc2OTMzRjlGMDc1RjNGNkFCNTMzM0Y4MUIxMjEzRkMxQkE3
NzNGOUVFNDg5M0Y0QkY1QTMzRTZDQTZCQjNFRDg5MjU0M0Y5RUVENEQzRjlB
M0UzMjNGNDgyNjg4M0UxQzcxOEMzRTU1RjIxMTNFMEJCRTcxM0U3MTNCQjUz
RTIwNkJCRDNFQTVFMzI1M0UzQUIwMUEzRUNEMUI4MDNFMzU4RjgzM0U3Qzgz
M0QzRTM1RjA1MTNFMEE0MjFCM0VGMkY0Mg==

--SBD.Boundary.605592468
PROCESS /noc/users/iridburst/exec/irid_300224010734970_upd.pl
Last Run  ----1970-01-01 00:00:00 
MONTH  5 
DATA  xxrecord 2012-05-12 13:00:05 :: $W5M5A,120512,130005,660d0028449ce246,1,DAS 2,4901.4628N,1622.3804W,9.7,102,12.5,14.2,11.4,65.8,5.3,11.5,66.4,5.5,1042.7,1.37,2.3,8.7,69,43*5D
 
INSERT
STATION sbdservice
IRID_ID 300224010734970
BODY 
Content-Type: application/x-zip-compressed; name="SBMmessage.sbd"
Content-Disposition: attachment; filename="300224010734970_003241.sbd"
Content-Transfer-Encoding: base64

JFc1TTVBLDEyMDUxMiwxNDAwMDUsNjYwZDAwMjg0NDljZTI0NiwxLERBUyAy
LDQ5MDEuNDgzNE4sMTYyMi4zMTQ2VywxMC41LDg5LDEzLjAsMTQuMiwxMS41
LDY3LjEsNS42LDExLjUsNjcuOCw1LjgsMTA0Mi40LDEuMywyLjMsOC4zLDY0
LDQ1KjZFDQoNCiRXNU01QSwxMjA1MTIsMTQwMDA1LDY2MGQwMDI4NDQ5Y2Uy
NDYsMixEQVMgMiwxMy44LDEzLjksMC4yLDAuNSwwLjAxLDk0NCw5NTAsMTU1
LDYyNywwLDIzNi44LDE0LjI3LDkyMyo2MA0KDQokVzVNNUEsMTIwNTEyLDE0
MDAwNSw2NjBkMDAyODQ0OWNlMjQ2LDMsN0YwMDc1MDIzQTAwMDA1MzMyMzAz
MTMyMzAzNTMxMzIzMTMzMzQzMDMwMzA1NTVCMDAzMTMyMzAzNTMxMzIzMTMz
MzQzMDJDNTQ0MTQyMzAzMDMwMzAzMDJDMkQzMDM1MzEyRTMxMkMyQzMxMzMy
RTMyMzkyQzM0MkUzMDJDMzMzNjMwMzAyQzM2MzAyQzM2MzAyQzMxMkMzMDMw
MzUzNzMwMkMzMzJFMzQzMjJDMzEyRTMyMzYyQzMxMzAzODJDMzAyQzMwMkUz
MTM2MzYyQzJCMzAzMDJFMzAwRDBBRUYxMDA0OTBCQkY3N0YwMDY3MDIzQTAw
MDA1NzMyMzAzMTMyMzAzNTMxMzIzMTMzMzQzMDMwMzBGRjREMDAwMDgwRkI0
NDAwMDAwMDQ0MDBEQzAyNDgwMDAwMjI0M0NDNzQ1MDNGMUIwODlFNDA4MjJE
MTM0MDJEMkJBNjNGNzI2NkMzNDAzNDA3RDAzRjQzNDlDOTQwQjAwNUE1NDA1
NjU1MDU0MTk1NDBEMDQwRDdDNEIwM0ZGRDZCN0U0MjZGMDgzMzQyOThCRUIx
M0JGMzFBMENDNTY4MTA3RjAyOTYwMjNBMDAwMDRCNTY0ODIwMzczMjMwMzEz
MjMwMzUzMTMyMzEzMzM0MzAzMDMwMzMwMDAwMDA1QzhGQzIzRDBBRDdBMzNC
Rjg2QjdFNDI2RjA4MzM0MkQwMkJBMzQxREYyRjY0NDIzMDRBQTE0MTNDNzIz
QTQyOTk4M0IzNDFBRjk1MDM0MjU0RkUwNTQyREFCNkY2NDFBMDdBMUU0MjJG
NkNFMjQxNUY2QTI1NDJFREE4RTA0MTMxQzQyMTQyNjVDN0Y1NDE2NzlBMDg0
MkE2NkQwQzQyMEYxMTAzNDI4QkM0MUM0MjUyNjQwRDQyMDNCNzJCNDIxRTc0
MEE0MkE0OEY0MzQyQTdBRDJENDIzMkM0NUM0MjEzQjA1MDQyOTE3MzQ1NDIz
NkU5NUU0MkMxMEMzMTQyMUZGQjY0NDI5Q0Q2M0Q0MjBERjI3QTQyNDZENTQ0
NDJEN0U5OTI0MkEyQkYzNzQyQUFGOTlDNDJFQjQ3Mjc0MjA3NTY5NDQyREVC
NzIwNDIxRTJGOEU0MjE3MDMyODQyOTZDMzk3NDI0NjAzMjY0MjJCNEQ5RTQy
NThFMDFDNDIwNUQxQTE0MjI1NkUyQjQyMDdFNUE3NDI3MkU5MkU0MkIxN0E5
OTQyRjdBMDMzNDIxODZDODM0Mjg4RDc0OTQyNjJFMjlGNDIwMDY3NUQ0MkM5
RTZEOTQyNjY5MjRENDJCRjRFRUM0MjYwNUQzRTQyQjBEREQ4NDI4NDNCNDk0
MjRCNDFDNDQyNjUwQzUzNDJERjYwQ0M0MkVDNzM3ODQyMTg4OUQ5NDI4RDk5
ODQ0MkY5ODlDMTQyRjY2OTcwNDI0MkQ5Qjc0MjM5RDQ2ODQyOEM1RjlGNDJG
MkM0NzI0MjA3QkY5QzQyMTFGNTc2NDIyNzg1Q0Q0MjkyMjY3RDQyQ0MxOUVB
NDJFMjRCNzc0MkM5QzJEMTQyMjQ2MDg4NDI0NUFBOEE0MkNCOUE4RTQyNzc0
ODNCNDJCMDZDNzE0MkY4NjIzRjQyN0E5MTcyNDI5MjdCM0I0MkNEM0U3RjQy
RjdCNDNBNDJCMUI1N0Y0MkM0NUFCNTQyODM0NzkxNDJEMUY2RjA0MjJCMkM5
MTQyQkMyQTcwNDJGMDc0ODU0MkE4Njg1NTQyNDE3MTgyNDIxMEU0OTU0MkEy
NTU5MzQyQzU4MDU3NDJDN0Q3OTg0MkNENzdFNzNENDM5MTA4M0U5OUU4OTUz
RTVFQTNFNTNFMjc0RjgyM0Y4RjJBQjkzRjY1RkI4MDNGNDUzODJBM0ZERTM0
MUYzRjdDNkJGOTNFNThGOTFBM0Y3Nzc1QUMzRUREMTkwQTNGOTg0MzgwM0ZD
OTYzODUzRjAxMDA3NzNGRjQ0RjhGM0ZBMjM0NzUzRkJBNzVBMDNGMTk3ODk0
M0YwQzkxMEUzRjUyRDQyRDNGRkM2RTMwM0Y2NTc3Q0MzRUVBNTJCMTNFQUIx
OEIzM0VFN0E0RkQzRUJFODYwMjNGN0E1N0U0M0U5N0JGMjkzRUUzN0MzODNF
NTMzNzdCM0U5QUIzODEzRTRBOEI4RjNFNDc5QjlBM0VDNDM5OTYzRTM5NzU4
MjNFMDlDQjg3M0UwNkM1MTgzRThCMjY3Mg==

--SBD.Boundary.605592468
PROCESS /noc/users/iridburst/exec/irid_300224010734970_upd.pl
Last Run  ----1970-01-01 00:00:00 
MONTH  5 
DATA  xxrecord 2012-05-12 14:00:05 :: $W5M5A,120512,140005,660d0028449ce246,1,DAS 2,4901.4834N,1622.3146W,10.5,89,13.0,14.2,11.5,67.1,5.6,11.5,67.8,5.8,1042.4,1.3,2.3,8.3,64,45*6E
 
INSERT
STATION sbdservice
IRID_ID 300224010734970
BODY 
Content-Type: application/x-zip-compressed; name="SBMmessage.sbd"
Content-Disposition: attachment; filename="300224010734970_003242.sbd"
Content-Transfer-Encoding: base64

JFc1TTVBLDEyMDUxMiwxNTAwMDUsNjYwZDAwMjg0NDljZTI0NiwxLERBUyAy
LDQ5MDEuNDcwOU4sMTYyMi4yMTk5Vyw4LjksODYsMTEuNiwxNC4zLDExLjYs
NjUuNSw1LjQsMTEuNiw2Ni41LDUuNiwxMDQyLjQsMS4yLDEuNzQsNS43LDYz
LDUxKjZEDQoNCiRXNU01QSwxMjA1MTIsMTUwMDA1LDY2MGQwMDI4NDQ5Y2Uy
NDYsMixEQVMgMiwxMy44LDEzLjksMC4yLDAuNCwwLjAxLDk0NSw5NTEsMTU2
LDYyOCwwLDY5LjYsMTQuMjcsOTI3KjVFDQoNCiRXNU01QSwxMjA1MTIsMTUw
MDA1LDY2MGQwMDI4NDQ5Y2UyNDYsMyw3RjAwNzUwMjNBMDAwMDUzMzIzMDMx
MzIzMDM1MzEzMjMxMzQzNDMwMzAzMDU1NUIwMDMxMzIzMDM1MzEzMjMxMzQz
NDMwMkM1NDQxNDIzMDMwMzAzMDMwMkMyRDMwMzUzMTJFMzEyQzJDMzEzMzJF
MzIzOTJDMzQyRTMwMkMzMzM2MzAzMDJDMzYzMDJDMzYzMDJDMzEyQzMwMzAz
NTM3MzAyQzMzMkUzNDMyMkMzMTJFMzIzNjJDMzEzMDM5MkMzMDJDMzAyRTMx
MzYzNzJDMkIzMDMwMkUzMDBEMEFGMjEwNDcyNjZERTY3RjAwNjcwMjNBMDAw
MDU3MzIzMDMxMzIzMDM1MzEzMjMxMzQzNDMwMzAzMEZGNEQwMDAwODBGQjQ0
MDAwMDAwNDQwMEEwMEM0ODAwMDAxQjQzRjcxNTRCM0ZFMkUxQTU0MDgyNkFE
RTNGMUUzQTlBM0Y4NjA5QzE0MDAzQjhCRDNGRjZBNUMzNDA3RTI3QTQ0MDZF
REJCNjQwMDhBQkJBNDBFNkFFQTMzRjMyNjE3QTQyODU2NzRCNDI0RTE3OTUz
QkU2MURBRTI5NDU3RjdGMDJDNjAyM0EwMDAwNEI1NjQ4MjAzNzMyMzAzMTMy
MzAzNTMxMzIzMTM0MzQzMDMwMzAzNzAwMDAwMEVCNTFCODNEMEFEN0EzM0Iy
RTYxN0E0MjgzNjc0QjQyMkI5Q0FCNDNFNzhCOEY0MkJBQzhCRTQxQTg3Njcw
NDI0NEJFRUE0MUUwM0IzMTQyRTA3OEIzNDE1NDJFMEI0MkVEQkQ2MTQxNzdD
N0ZGNDFBOTE4OUQ0MUQ5QkYwOTQyMzlDNTAxNDIzQUREMEM0MkMyNDcwRTQy
REUwMjBFNDJEMTQ1MEM0MkNCQzEyMzQyNThGRTRFNDI0NjJCNDY0MjNCRDQ4
RTQyN0RFMjUxNDIzRjE3Nzc0MkQ1NTE1OTQyQzgxODRFNDIzNzE3NEQ0MkNF
QTM4NjQyNjI4NjU1NDJDMTE0Qjc0MjQ4QkM1RTQyMkJDMENFNDI3MTNENTc0
MjZDMjU5QzQyNEZFMTQ0NDIzMDYzN0Q0MjIwN0QzNzQyRjg2QzU3NDJBNzNC
NTU0MjI2NzAxRTQyREYzNTczNDI3NDUxQjE0MkQ3RTU3NjQyMjM0OEQ1NDJD
NUMxNEM0MkY3MTZCMjQyOTUzOTVBNDI4QTc5OEU0MkI1QzY0RDQyQjg3NUE2
NDJBODczM0Q0Mjg5N0NBODQyNUFEODQ4NDI4OThGOTE0Mjk2RDc0ODQyMTRG
Nzg1NDJFNEJENDQ0MkIxRTE3NzQyMTc4MDUzNDIzQkQ3NkI0MkQ5MkU2MTQy
RTY4NjgzNDIxRTIwN0U0MjIyNENCNDQyNTgxMTg5NDIzRjBBQ0I0Mjg2MjA4
NTQyRTYyM0FDNDJGMEI4ODg0Mjc1NjQ2MzQyOEIzQjg0NDI0NEY0NjQ0MjYx
MDU3MTQyNDQ1RTYzNDIyQTVBNzQ0MjdCOTEzMzQyOTQ4OTg4NDJGNkJCQzk0
MTFBQkQ5MjQyRUM2MzFDNDJFMTI3OTU0MjUzQ0I5NTQyOEQ5RDhGNDJFRUUx
QTU0Mjk4N0M4MjQyOTY2QTkyNDIyNTJGODM0MjYwNDg5QTQyODVDMDg4NDJG
MTM4QkI0MjA2Njk4QTQyMEYwM0I5NDI3QTQ1ODQ0MkFENzBCMzQyRjcyRTdG
NDJGNEYyQjU0MjcxMkU3RjQyQzM3NURCNDIwREQ1ODE0MjA3QTFDMDQyN0RG
Nzg5NDI3RUFFOEI0MkRDOTk5MDQyNEY4RTI4NDM5RTRCOUI0MjY0Qzk1NDQz
RjIwNzlCNDI2NjFDMDA0MkU3NEQ5MTQyQkQ2ODAzNDI5RDJCODg0MkQyRTQ4
NTNEQjgzQkVCM0RBMTg5OEIzRTY1NjJBRTNFMUYyNTA3M0Y5Nzc1MzkzRjcy
OUQ4MDNGRTA1OTYzM0YzNTA1RTYzRUNBNUNCOTNFNjc0RDExM0Y5NkY5RkUz
RTVGRjZDNDNFREZCQjAxM0Y2RUY2MEYzRkIxRjczQjNGRjc5RTZBM0ZDQkJG
QjQzRjdENDIyQzNGQ0VCNUVCM0U5N0I1RDczRTYwNDc1MDNGQ0QwMEI4M0U0
N0ZFQkMzRUVDODMwQTNGMjJEOUMxM0VCM0E4MzQzRkJBMEE3RDNGRkIzMjI4
M0YxRTVCQzAzRTI5QTg5MjNFQjk3Qzc4Mw==

--SBD.Boundary.605592468
PROCESS /noc/users/iridburst/exec/irid_300224010734970_upd.pl
Last Run  ----1970-01-01 00:00:00 
MONTH  5 
DATA  xxrecord 2012-05-12 15:00:05 :: $W5M5A,120512,150005,660d0028449ce246,1,DAS 2,4901.4709N,1622.2199W,8.9,86,11.6,14.3,11.6,65.5,5.4,11.6,66.5,5.6,1042.4,1.2,1.74,5.7,63,51*6D
 
INSERT
STATION sbdservice
IRID_ID 300224010734970
BODY 
Content-Type: application/x-zip-compressed; name="SBMmessage.sbd"
Content-Disposition: attachment; filename="300224010734970_003243.sbd"
Content-Transfer-Encoding: base64

JFc1TTVBLDEyMDUxMiwxNjAwMDUsNjYwZDAwMjg0NDljZTI0NiwxLERBUyAy
LDQ5MDEuNDUxOU4sMTYyMi4xMTYxVyw4LjcsODYsMTEuNSwxNC4zLDExLjcs
NjYuNSw1LjcsMTEuNyw2OC4wLDYuMCwxMDQxLjksMS4xOSwyLDcuNyw1Nyw0
Nio3Mw0KDQokVzVNNUEsMTIwNTEyLDE2MDAwNSw2NjBkMDAyODQ0OWNlMjQ2
LDIsREFTIDIsMTMuOCwxMy45LDAuMiwwLjQsMC4wMSw5NDYsOTUyLDE1Niw2
MjgsMCw1Ny4yLDE0LjY2LDkyMSo1Nw0KDQokVzVNNUEsMTIwNTEyLDE2MDAw
NSw2NjBkMDAyODQ0OWNlMjQ2LDMsN0YwMDc1MDIzQTAwMDA1MzMyMzAzMTMy
MzAzNTMxMzIzMTM1MzQzMDMwMzA1NTVCMDAzMTMyMzAzNTMxMzIzMTM1MzQz
MDJDNTQ0MTQyMzAzMDMwMzAzMDJDMkQzMDM1MzEyRTMxMkMyQzMxMzMyRTMy
MzkyQzM0MkUzMDJDMzMzNjMwMzAyQzM2MzAyQzM2MzAyQzMxMkMzMDMwMzUz
NzMwMkMzMzJFMzQzMjJDMzEyRTMyMzYyQzMxMzEzMDJDMzAyQzMwMkUzMTM2
MzYyQzJCMzAzMDJFMzAwRDBBRUExMDBENTBDMjU1N0YwMDY3MDIzQTAwMDA1
NzMyMzAzMTMyMzAzNTMxMzIzMTM1MzQzMDMwMzBGRjREMDAwMDgwRkI0NDAw
MDAwMDQ0MDA2NDE2NDgwMDAwMTE0M0EzOUM0QTNGM0U0MUIwNDBENkYxRkYz
RjZENDM5ODNGMDU4QkM4NDA3REVEQzAzRkMyOThEMTQwM0YxRkFDNDA2MzI3
RjY0MEE4RTVERjQwODQ5RkEwM0ZFNjNGNjU0MjNCQUUzOTQyN0IyRjkzM0JG
NDFFOEY1Nzk1Q0Y3RjAyOTYwMjNBMDAwMDRCNTY0ODIwMzczMjMwMzEzMjMw
MzUzMTMyMzEzNTM0MzAzMDMwMzMwMDAwMDA1QzhGQzIzRDBBRDdBMzNCREYz
RjY1NDIzQkFFMzk0MjUwQjlBQTQzNEY3Rjc0NDJBRDVDQzU0MDNEMjkzRDQy
RDhCODNFNDFGRDE5RDY0MTU5QUM4NDQxRTEyMkE3NDEzNDM2QUY0MTZCNTJC
NTQxRTUxOEYwNDE3MTVCRjA0MTA2NTkyNzQyRkQ2QzFDNDI2NEEzM0Q0MkM3
MTcyNjQyQTNGRjI1NDIxRkFEMUI0MkE2OTgxMTQyMEU2MTFCNDI1NzQ1MEE0
MkIwQ0YzMjQyOEIyNzEzNDI3NDczNUM0MkJFNDk2NDQyQzhGNTgwNDJGMDcz
OUM0MkQ1REM3QjQyNkI2MjlENDI5RTE2NTc0MkJDRTU5QjQyQUQwMDQ5NDJC
MTEyOTQ0MjkyN0M0MDQyQTZDMzg5NDI4MkFEMkE0MjI5QzY4MTQyRkFGMzJD
NDJDMDFCOEM0MjU3OTUzRjQyQzBCQzlENDI5MkVENDI0MjIwMDk5QjQyMkQw
RTNFNDJFQkNBQjI0MkVGMTkzQzQyMEI5MEIxNDJGQkEyNDM0MjgzQTY5QTQy
NTc5RTQ1NDIzNjkzOTk0Mjg5MjQ1MTQyODVFODk0NDI5M0QzNUM0MjMxODI4
MjQyMjZENTVFNDIyNDNFOTI0MjdCNUY2RDQyQTdDRDlBNDIzMzNGNkM0MjA1
RkU2NjQyM0RCMzVCNDI4Q0E0ODc0MjFENEM3MzQyREI0RERENDJCMzUzODY0
MkZCMjNFQjQyRjNGQjgwNDJFM0I1QzY0MkQ0MDk2RjQyMERDQ0I5NDJFOEEz
NzU0MjU0M0Y5MzQyNUI5NjhENDI2MjA5MTQ0MjlFNkI4QzQyMDVGMzU1NDI1
N0NBOEI0MjQzOUY4MzQyRTQwNTkwNDJFNkQ5NUU0MjYyQTY4RjQyRkFFMDkx
NDIyNzk5ODg0MjgwMEZCNzQyRjRCRjdGNDI1NDFDQjU0MjQ2REE4MDQyMkFF
MUFENDI3M0UyODc0MkY2RUJBNjQyODlDMDhFNDI3NDdDMDA0M0NGMDc5MTQy
OTA1QzIwNDM3RkVCOEI0MkI1RDUyMzQzQzU5MDk3NDI0NzdEMUU0MzFGNEU5
NjQyNkYzQTMyNDM4OUZDODk0MkEwMURCMzNEMjlFRDREM0VCMURDQ0YzRTk1
REU0RTNGRjY0QzZEM0Y2QTdGMTUzRjcxRDA4NzNGQzRDNDkyM0Y5RENDODcz
RjE3MkI4RTNGMjNGNjFGM0Y0RTUxMTIzRjNERUVCMzNFMUU5MDgyM0VFRUQz
MDkzRjczOTI3MDNGN0UxMjhDM0Y0NDNFNTczRkMyRkQwNjNGOTA0NUM3M0U4
RDcwMUUzRjM5NDE0MDNFMjM2OEM4M0UxNDhERjYzRUE0MDQ5QTNFOUNCQ0Ex
M0UzRTlBODkzRUJFMjE0NzNFMTNGQjQ5M0U1QTlDQjQzREM5NUEwMDNFMDQz
RDMxM0U2MzE0NDUzRUU3MTcwNzNFMzIzRDgwM0U1MDgzNTQzRTEyRDMyOTNF
NUQxOTJGM0UyQzMyODgzRUVBQzM0MzNFMQ==

--SBD.Boundary.605592468
PROCESS /noc/users/iridburst/exec/irid_300224010734970_upd.pl
Last Run  ----1970-01-01 00:00:00 
MONTH  5 
DATA  xxrecord 2012-05-12 16:00:05 :: $W5M5A,120512,160005,660d0028449ce246,1,DAS 2,4901.4519N,1622.1161W,8.7,86,11.5,14.3,11.7,66.5,5.7,11.7,68.0,6.0,1041.9,1.19,2,7.7,57,46*73
 
INSERT
STATION sbdservice
IRID_ID 300224010734970
BODY 
Content-Type: application/x-zip-compressed; name="SBMmessage.sbd"
Content-Disposition: attachment; filename="300224010734970_003244.sbd"
Content-Transfer-Encoding: base64

JFc1TTVBLDEyMDUxMiwxNzAwMDUsNjYwZDAwMjg0NDljZTI0NiwxLERBUyAy
LDQ5MDEuNDI4NU4sMTYyMi4wMjQ4Vyw4LjgsOTEsMTEuNSwxNC4zLDExLjYs
NjcuMiw1LjcsMTEuNyw2Ny43LDUuOSwxMDQxLjQsMS4yNSwxLjg3LDUsNzEs
NTAqNEQNCg0KJFc1TTVBLDEyMDUxMiwxNzAwMDUsNjYwZDAwMjg0NDljZTI0
NiwyLERBUyAyLDEzLjgsMTMuOSwwLjIsMC40LDAuMDEsOTQ3LDk1MywxNTYs
NjI3LDAsMjYzLjcsMTQuNjYsOTI2KjZFDQoNCiRXNU01QSwxMjA1MTIsMTcw
MDA1LDY2MGQwMDI4NDQ5Y2UyNDYsMyw3RjAwNzUwMjNBMDAwMDUzMzIzMDMx
MzIzMDM1MzEzMjMxMzYzNDMwMzAzMDU1NUIwMDMxMzIzMDM1MzEzMjMxMzYz
NDMwMkM1NDQxNDIzMDMwMzAzMDMwMkMyRDMwMzUzMTJFMzEyQzJDMzEzMzJF
MzIzOTJDMzQyRTMwMkMzMzM2MzAzMDJDMzYzMDJDMzYzMDJDMzEyQzMwMzAz
NTM3MzAyQzMzMkUzNDMyMkMzMTJFMzIzNjJDMzEzMTMxMkMzMDJDMzAyRTMx
MzYzNjJDMkIzMDMwMkUzMDBEMEFFQzEwODBEMDMwMTk3RjAwNjcwMjNBMDAw
MDU3MzIzMDMxMzIzMDM1MzEzMjMxMzYzNDMwMzAzMEZGNEQwMDAwODBGQjQ0
MDAwMDAwNDQwMDI4MjA0ODAwMDAxNzQzQThENTU1M0ZGNjA0QUE0MDczQzlF
RTNGMTA5NjlGM0ZEQjhDQzQ0MEI1MzlDMjNGNDQ5NUNGNDBERDNBQTg0MDAx
MDBBMDQwRjM0QkI5NDA1RkUwQTkzRjhGQTI4RTQyRkNCNzQ5NDJBNTlEQTcz
QkZFMUY0QzlCOTNCRjdGMDI3RTAyM0EwMDAwNEI1NjQ4MjAzNzMyMzAzMTMy
MzAzNTMxMzIzMTM2MzQzMDMwMzAzMTAwMDAwMENDQ0NDQzNEMEFEN0EzM0I4
REEyOEU0MkY4Qjc0OTQyQTMwRTE1NDIzNDY3NDc0MjAzREJBRTQxNUNDNzMw
NDI0MEQxQzU0MUMxQzMwQjQyNzZFOURGNDFCQTEzRUI0MTgwNzlDNjQxMTBC
M0U5NDFFQTAwQUU0MTIwODhGRjQxQ0E4OUQyNDEwOTNCMzI0Mjk0QUQwRDQy
RjNEQzRGNDJFMTlFMUU0MjBEMkE2MDQyQzU3MjU2NDJDQjBENkI0MkZCRjkz
NTQyNUVERTYzNDIwMTM5NkY0MkJEQjA2NDQyRkRCNkI5NDIwMTE4NTY0MkVB
ODFDMTQyOTJCQjVBNDJERjY1Qjk0MkY2REM0QjQyREVDNUJCNDIzRTNFM0U0
MkIyMDhBRDQyNzdCNTYxNDJGMUUzQjU0MjlFRkM3MjQyNjQ4QkJDNDI3MDlB
NTU0MkUxMjBBODQyNjZEODMyNDIxMkE4QTY0MjFGQkUyNDQyQzAzM0JDNDI4
NTlFNDU0MkNBMzlENjQyMzk2MTU5NDI1QTJBREQ0MkE3Rjc1RTQyMEU1RTAy
NDNGQzU3NUY0MkY3RjJGODQyRUZEMzY5NDJFREMxRDE0MjdDOEY2QzQyMTU4
NEMzNDJFRTExNjY0MjQ1RUJBRTQyOUJFMzVENDI5NEEwQjE0MjQ1QkQ1QTQy
NkU4RDk5NDJBMEU1NjM0MjhDRDY2RTQyQ0Q1NDYzNDJBN0M5OUM0MkFDMEI3
MTQyNThBNkJDNDIyQkI5N0M0MkMzN0Y5OTQyMzIxRDc1NDJBRjhBODc0MjQ5
RDU2MTQyRDcyNTlDNDJFRkVFNzA0MjlENDdGMDQyNEJFMjg3NDI1MDNFMTI0
MzNCNEQ4OTQyQzNCMDAxNDM4Q0I5ODY0MkEwQTlFQTQyOEUxMDdGNDIxOTI3
RjE0MjIwNUU3QzQyNDVDNkUwNDIxMTlCODU0MkJFN0NBMDQyOEUzRTg2NDI4
MkEzNzc0MjdBNjk3RjQyNTVFRDU4NDI1MjkxODM0MjkxNkI1MjQyRDkwODhC
NDIwNUM0QjA0MkNEODY5NDQyMkUyNTE1NDM0MDhDOTc0MjlENEJBRjNFQjIx
MEQ4M0UwQ0UxREYzRTJFRDE3NDNGOTZDMzQ0M0ZCQTcxMjQzRjdERDgzODNG
MDlGQjhDM0ZCMzNCNzIzRjVEQzQyNTNGQzVCMTAyM0ZBRkQ3NzIzRjExQjc4
MjNGRTVCNDBDM0YxQTA5NzgzRkJGRjI4ODNGRDY0REM3M0U5MDVCNjgzRTBG
RTI0NTNGOEVFQjhGM0ZGM0ZDQjIzRkREQTJFODNFMjZDRjlDM0VGRjJFODAz
RTFGRDU5MzNFQUZFMEI1M0VDQUM4OUEzRTFBRTdCRDNFOUE1OTgwM0VCRUE1
NjIzRUNBQUYzNjNFM0FCRDU3M0U0REEyNzIzRUQ0MkQ1RjNFOEZDOTNFM0VD
RjBFNzYzRUM3QTIzNjNFMTdENjAzM0VCOTFENEEzRTc3NjEzRTNFNkZDNDA5
M0UyMzRBRTMzREFEQkIwQTNFMTE5N0Q0Mw==

--SBD.Boundary.605592468
PROCESS /noc/users/iridburst/exec/irid_300224010734970_upd.pl
Last Run  ----1970-01-01 00:00:00 
MONTH  5 
DATA  xxrecord 2012-05-12 17:00:05 :: $W5M5A,120512,170005,660d0028449ce246,1,DAS 2,4901.4285N,1622.0248W,8.8,91,11.5,14.3,11.6,67.2,5.7,11.7,67.7,5.9,1041.4,1.25,1.87,5,71,50*4D
 
INSERT
STATION sbdservice
IRID_ID 300224010734970
BODY 
Content-Type: application/x-zip-compressed; name="SBMmessage.sbd"
Content-Disposition: attachment; filename="300224010734970_003245.sbd"
Content-Transfer-Encoding: base64

JFc1TTVBLDEyMDUxMiwxODAwMDUsNjYwZDAwMjg0NDljZTI0NiwxLERBUyAy
LDQ5MDEuNDA4Nk4sMTYyMS45NTUyVyw4LjAsNzksMTEuNSwxNC4zLDExLjcs
NjcuMyw1LjksMTEuOSw2OC4wLDYuMSwxMDQxLjMsMS4xNiwxLjc1LDYuMywx
MDEsNTMqNjkNCg0KJFc1TTVBLDEyMDUxMiwxODAwMDUsNjYwZDAwMjg0NDlj
ZTI0NiwyLERBUyAyLDEzLjgsMTMuOSwwLjIsMC40LDAuMDEsOTQ4LDk1NCwx
NTYsNjI4LDAsNzcuNSwxNC42Niw5MjcqNTINCg0KJFc1TTVBLDEyMDUxMiwx
ODAwMDUsNjYwZDAwMjg0NDljZTI0NiwzLDdGMDA3NTAyM0EwMDAwNTMzMjMw
MzEzMjMwMzUzMTMyMzEzNzM0MzAzMDMwNTU1QjAwMzEzMjMwMzUzMTMyMzEz
NzM0MzAyQzU0NDE0MjMwMzAzMDMwMzAyQzJEMzAzNTMxMkUzMTJDMkMzMTMz
MkUzMjM5MkMzNDJFMzAyQzMzMzYzMDMwMkMzNjMwMkMzNjMwMkMzMTJDMzAz
MDM1MzczMDJDMzMyRTM0MzIyQzMxMkUzMjM2MkMzMTMxMzIyQzMwMkMzMDJF
MzEzNjM2MkMyQjMwMzAyRTMwMEQwQUVFMTBBMzc3OUE4MzdGMDA2NzAyM0Ew
MDAwNTczMjMwMzEzMjMwMzUzMTMyMzEzNzM0MzAzMDMwRkY0RDAwMDA4MEZC
NDQwMDAwMDA0NDAwRUMyOTQ4MDAwMDFDNDM5NDg3NDMzRkI0NzhBNTQwMDE4
OEUwM0Y1QzQ2OTQzRjNCQjFDMTQwNDJEOUI1M0ZBNTE2QzI0MEI4N0RBMzQw
MDAwMEM4NDBBOTYxQzM0MDhDNTM5RDNGNDk1RkNBNDIzRTM5NTI0MkU2Mjc4
OTNCMDcxREU5MERDNzM4N0YwMkEyMDIzQTAwMDA0QjU2NDgyMDM3MzIzMDMx
MzIzMDM1MzEzMjMxMzczNDMwMzAzMDM0MDAwMDAwRUI1MUI4M0QwQUQ3QTMz
QjQ3NUZDQTQyM0UzOTUyNDIyNjUxQTY0MzZENUQ4NjQyOTlBN0IzNDNGQjhB
NzU0MkMwNjU4NTQxRTE0NTQ2NDIzQkEwQjQ0MTU5NDMyMzQyQkUwQURBNDFC
NzQ1MDE0MkVERUREQzQxODBBRTAxNDI0MUU0RDA0MUIzODUxMTQyMEE0OUQy
NDE3MEQwMjQ0MjEwMUJGNDQxMTBDMjQ5NDIzODY1NDY0MjQzNzc3ODQyMzcy
Q0Q5NDJFMTZCN0E0Mjg3RkVFRDQyOUU1RjcxNDIwOTY3MEM0MzM3REE3MTQy
OEMyRTExNDMzQ0QyNDg0MkZGNTIwMDQzN0U0ODMxNDI0MDdCRUI0MjExRjky
NzQyOEE2N0YxNDI1NTlFMzY0MjcxNTJFRjQyM0UzRjU5NDJDNEIxRTU0MkMz
NTU3RTQyNzZBQUJFNDJGQkY4NzM0MjIxNUNCRDQyQjI2MzRBNDJBRTc5RDY0
MkUwODc0NDQyQTA4MkVFNDI3MEEzNDU0MkE2MjBFQjQyMzBGRTRDNDJFNTNC
Q0I0MkQyNzU0NTQyRkZFQUJCNDJCNjMxNEE0MjM4MzNCQzQyMDg5QjY4NDIy
M0E4Qzk0MjBFNjA3MzQyNUY5OEMyNDJDMTlGNkE0MjlEMTlDQzQyRDcwMjZC
NDIzRDVBREM0MjIwM0M3MzQyMDY0RUU1NDI3NkYyNkY0MjI0MzhGNTQyMTU3
NDc5NDI4QTU2MDY0MzkzRjY5MDQyM0RGRUIzNDIzODc0OTQ0MjQ2RjNENzQy
ODMzOThENDI2Q0E5MDY0MzM0OTc4OTQyMjhDNzAzNDNERTM5ODU0MjUyNUZG
RDQyNEM1Qjg2NDJCQ0JCMUE0MzhCRkE4QTQyRTY3RTI4NDNERTdBODI0MkQ4
QTkxQzQzM0M1NjgzNDJENUEyRjM0MkJENzM4ODQyMjRBNkE3NDIyNUIxODU0
MkVFNTI5ODQyRTNDNTg2NDIyQzQ0RTA0MkJEMzA4NzQyQkI3MUVDNDJBRDRB
ODE0MkY3NzRENjQyNzNDQzg3NDIxQkQ3QkU0MkI5NUY5NDQyQUUwMDNFNDJD
QzhBODU0MkFENzgzOTQyMjMyRTc5NDJFMkZGODE0MkMwMkY3QTQyN0NBMkFB
M0QyM0NEQ0IzREZCQTMwMjNFODhGRDUyM0UyNzVFRDgzRTM5MkMzMjNGMDg3
QjIwM0ZCM0M2MTAzRkQ4QTA0NzNGRjU2NkQ1M0UzNUYyNkYzRTNBQUYxRjNG
ODQ3MzJCM0Y5NTIxNkQzRkEwMzlBNTNGRDAzODcxM0Y5MzFBMTEzRjg3RTM0
RDNGNTU1QTlEM0U4QzA2NjEzRTc2QUMyQjNGMTlFQzc5M0ZEQUQ3NDUzRjM2
NEFBMjNFN0NENUMwM0VEMzFGQzMzRURCQUUyQTNFNjY1MUEzM0UzNzhCOTUz
RTQwODk5QjNFM0IzOTVEM0U0MTNGODEzRTFFNTc2MzNFRDE4QjEwM0U5MUNG
MkIzRUFCN0Q0RjNFRjEwNjk5M0UzRDRBNQ==

--SBD.Boundary.605592468
PROCESS /noc/users/iridburst/exec/irid_300224010734970_upd.pl
Last Run  ----1970-01-01 00:00:00 
MONTH  5 
DATA  xxrecord 2012-05-12 18:00:05 :: $W5M5A,120512,180005,660d0028449ce246,1,DAS 2,4901.4086N,1621.9552W,8.0,79,11.5,14.3,11.7,67.3,5.9,11.9,68.0,6.1,1041.3,1.16,1.75,6.3,101,53*69
 
INSERT
STATION sbdservice
IRID_ID 300224010734970
BODY 
Content-Type: application/x-zip-compressed; name="SBMmessage.sbd"
Content-Disposition: attachment; filename="300224010734970_003246.sbd"
Content-Transfer-Encoding: base64

JFc1TTVBLDEyMDUxMiwxOTAwMDUsNjYwZDAwMjg0NDljZTI0NiwxLERBUyAy
LDQ5MDEuMzc4Nk4sMTYyMS44Nzk5Vyw5LjAsODYsMTEuMywxNC4zLDExLjYs
NjcuNyw1LjksMTEuNyw2OC4wLDYuMSwxMDQwLjcsMS4yNSwyLjE3LDUuOSw5
Nyw1Mio1NA0KDQokVzVNNUEsMTIwNTEyLDE5MDAwNSw2NjBkMDAyODQ0OWNl
MjQ2LDIsREFTIDIsMTMuNywxMy45LDAuMiwwLjQsMC4wMSw5NDksOTU1LDE1
NSw2MjYsMCwyNjUuNCwxNC42Niw5MjMqNjUNCg0KJFc1TTVBLDEyMDUxMiwx
OTAwMDUsNjYwZDAwMjg0NDljZTI0NiwzLDdGMDA3NTAyM0EwMDAwNTMzMjMw
MzEzMjMwMzUzMTMyMzEzODM0MzAzMDMwNTU1QjAwMzEzMjMwMzUzMTMyMzEz
ODM0MzAyQzU0NDE0MjMwMzAzMDMwMzAyQzJEMzAzNTMxMkUzMTJDMkMzMTMz
MkUzMjM4MkMzNDJFMzAyQzMzMzYzMDMwMkMzNjMwMkMzNjMwMkMzMTJDMzAz
MDM1MzczMDJDMzMyRTM0MzIyQzMxMkUzMjM2MkMzMTMxMzMyQzMwMkMzMDJF
MzEzNjM2MkMyQjMwMzAyRTMwMEQwQUVGMTA0Q0MwQkI5NzdGMDA2NzAyM0Ew
MDAwNTczMjMwMzEzMjMwMzUzMTMyMzEzODM0MzAzMDMwRkY0RDAwMDA4MEZC
NDQwMDAwMDA0NDAwQjAzMzQ4MDAwMDFGNDNDQ0U5NEUzRkY0NjVBMTQwNDhC
ODBBNDAwNDRDQTAzRjMwODFCQzQwMDk2N0MzM0Y3NjY4QzA0MDZCQ0NBNTQw
M0MzQ0JDNDBCREZBQ0E0MDE3QzRBOTNGQTU1MEMxNDI2QTlBNTE0MjRFN0VB
MTNCMTkxRTE4MDYyOTVBN0YwMkEyMDIzQTAwMDA0QjU2NDgyMDM3MzIzMDMx
MzIzMDM1MzEzMjMxMzgzNDMwMzAzMDM0MDAwMDAwRUI1MUI4M0QwQUQ3QTMz
QkEyNTBDMTQyNjg5QTUxNDI0NTFDMkQ0MUU4QzI5NTQyMDU5MTRCNDIxMTJD
ODY0MjgzMDgyMzQyREMyMTZGNDI2RUMwMEQ0MkU5RjE1QjQyQTAyQTAxNDIx
Njg5M0Q0MjFGMDYwNzQyMUUyNDEwNDJBMjcxMTE0MkU3QThGRjQxOTA4MTA2
NDI3NDdFMDg0MkVGQkQwNjQyMEI0RjE0NDIwMDc3MkM0MjZBOEIyNzQyQUU2
RTgyNDJDNEQ3NEU0MjA0NTlEMjQyN0Q0NzY3NDJENzY2RjM0MjgzRUQ1OTQy
MENDREY5NDJDRjEwNjY0MjVDNkMwNDQzRDlGNjZBNDI2RjJEMDU0MzIyNkI1
NjQyRDk4NzAyNDNENEY5NTc0MkVFNTJGQTQyOTNGQjU4NDI1NTJERTE0MkU3
ODY0NzQyMTY2NUM4NDJFQTRGNjQ0MkVGODlEMTQyMjREOTgwNDI5QTBBQ0E0
MjM1MDA1QTQyMTAyMkJCNDJFODc5NDA0MjFDOENDQjQyMzRGQTQ1NDIxODg4
RTI0MjM4RkI0RjQyNDk1MUNENDIwQzhBNTM0MjZEMkJDMTQyQUZEQjU2NDJF
MTcyQTk0MjM0ODY1ODQyOEJGMkE4NDI0RUZDNDA0MkE5QTlDNjQyMEM3ODM5
NDIwNzFGREI0MjA2MUQ1NDQyMUZFMjAyNDM2QTdFNjA0MkYyRUIwNjQzMkQw
MTU0NDJFRDY5RjE0MkQ2Qjg2RTQyNUQ3RENBNDIzMEZFODQ0MjZCQUZENzQy
MjFGNjgyNDJDRjA5REE0Mjk1MDY3NjQyREQyNEMzNDJFRDFFNzI0MjYzMTA5
NzQyNjM1NTdDNDIwN0UzOUE0MjI4QjM4QjQyRDYxQ0VENDI2Q0UxODY0MjM4
QzNFMzQyQzk4RTdCNDI4Rjc3QkY0Mjg4MDk4OTQyQTE5NTAzNDM0MkRCOTM0
MjJGQzkxQzQzNTg3Mzg4NDIzNTA0MTg0M0Y0MTM4NzQyNjVGOEYzNDJENzU5
OTI0MjQyRjE2MTQyRkE0QTg0NDI2NUY0MzA0MjQxNDQ3MTQyOTRERTQ5NDIy
NDEyOTA0MjgxMTEyNzQzMUNCQjk5NDIwRDYzMjc0MzJGRTQ5NzQyQkFCQkI5
M0RCMDg5Q0IzRDE1NTMzRTNFQUI5MUFEM0UwQ0ZBQjQzRURDODNEOTNFNDc5
OTdEM0YyMTg4ODgzRkI2NDUwNTNGMjVCNTRGM0YwMkYyMTYzRkU2NEMxODNG
OEQ0QTc3M0ZFNjBBNjkzRkQ1MjA4QTNGQTAzRDkyM0Y1RTlBQTEzRkNBNEI0
QzNGNEIyNTNFM0Y1OEI5QzkzRTlDM0I2RjNFNTYwMzJCM0YzQUJCM0UzRjQw
MTkwNzNGQTdDQkFFM0UzN0E5MDMzRjBFRjEzNzNGQjEzRTk4M0VERTlGOUQz
RTU3QUNENjNFNEI5NTQ2M0VGMUYwQkYzRDY1NTU4RjNFQ0Q4OTczM0U2ODNG
ODczRTk0REQ5NDNFNDY0MjcxM0UyRjEzNA==

--SBD.Boundary.605592468
PROCESS /noc/users/iridburst/exec/irid_300224010734970_upd.pl
Last Run  ----1970-01-01 00:00:00 
MONTH  5 
DATA  xxrecord 2012-05-12 19:00:05 :: $W5M5A,120512,190005,660d0028449ce246,1,DAS 2,4901.3786N,1621.8799W,9.0,86,11.3,14.3,11.6,67.7,5.9,11.7,68.0,6.1,1040.7,1.25,2.17,5.9,97,52*54
 
INSERT
STATION sbdservice
IRID_ID 300224010734970
BODY 
Content-Type: application/x-zip-compressed; name="SBMmessage.sbd"
Content-Disposition: attachment; filename="300224010734970_003247.sbd"
Content-Transfer-Encoding: base64

JFc1TTVBLDEyMDUxMiwyMDAwMDUsNjYwZDAwMjg0NDljZTI0NiwxLERBUyAy
LDQ5MDEuMzgwME4sMTYyMS44ODcxVyw3LjcsOTYsMTAuNywxNC4zLDExLjYs
NjUuOSw1LjQsMTEuNiw2Ni44LDUuNywxMDQwLjUsMS4xOSwyLjA4LDYuMSw4
Nyw1Mio1MQ0KDQokVzVNNUEsMTIwNTEyLDIwMDAwNSw2NjBkMDAyODQ0OWNl
MjQ2LDIsREFTIDIsMTMuMywxMy44LDAuMiwwLjQsMC4wMSw5NTAsOTU2LDE1
Niw2MjcsMCwzMDQuMSwxNS4wNSw5MjIqNjUNCg0KJFc1TTVBLDEyMDUxMiwy
MDAwMDUsNjYwZDAwMjg0NDljZTI0NiwzLDdGMDA3NTAyM0EwMDAwNTMzMjMw
MzEzMjMwMzUzMTMyMzEzOTM0MzAzMDMwNTU1QjAwMzEzMjMwMzUzMTMyMzEz
OTM0MzAyQzU0NDE0MjMwMzAzMDMwMzAyQzJEMzAzNTMxMkUzMTJDMkMzMTMz
MkUzMjM0MkMzNDJFMzAyQzMzMzYzMDMwMkMzNjMwMkMzNjMwMkMzMTJDMzAz
MDM1MzczMDJDMzMyRTM0MzIyQzMxMkUzMjM2MkMzMTMxMzQyQzMwMkMzMDJF
MzEzNjM3MkMyQjMwMzAyRTMwMEQwQUVFMTBGNjUwNDEwODdGMDA2NzAyM0Ew
MDAwNTczMjMwMzEzMjMwMzUzMTMyMzEzOTM0MzAzMDMwRkY0RDAwMDA4MEZC
NDQwMDAwMDA0NDAwNzQzRDQ4MDAwMDFBNDMzN0EyNDUzRkQ4ODVBNzQwNEMx
MzA1NDBDNTk2OTgzRkJBRjNDMDQwRjdCQkM2M0ZDNjk0QkE0MEQ5RjZBNjQw
N0RGMEMxNDAxMjY4Qzg0MEZCQUE5RjNGMzI0RkFFNDIzMzI4NTE0MjQyQUU5
MTNCMTcyMEM4OThCNUEyN0YwMjk2MDIzQTAwMDA0QjU2NDgyMDM3MzIzMDMx
MzIzMDM1MzEzMjMxMzkzNDMwMzAzMDMzMDAwMDAwRUI1MUI4M0QwQUQ3QTMz
QjMwNEZBRTQyMzIyODUxNDIyNEZFQjI0M0VCODA4OTQyNTczNzY3NDE5QjFD
NjE0MjJGODY4QjQxMDA3NTVENDI1NDRDMUQ0MjJCMTg3NDQyREIwNjI0NDI0
NzA0NDY0MjVCMzQwNTQyODJCMzI0NDIxOTA1MEM0MjAzNkQzMjQyRUZGRTQ3
NDJEN0QyNEI0MjhFMDc0MTQyM0E4NjNDNDJGODMxMjI0MjFDNTczMzQyM0JC
RTFGNDJGN0E2NEM0MkIzQzc3RTQyOUVEQzYyNDIxOTA0QTk0Mjc5RTg1QzQy
MzcyN0JBNDI5MkIwNTk0MkFDRTRDMTQyNUI1ODQ4NDIxNkQ2REI0MjQxMEYz
ODQyMzc3M0Y1NDIxMjUxMzY0MkI2QUFFRTQyQzZENjRCNDJFOTVBQ0E0MkQ4
Nzk1QjQyMEJBMkJGNDJCOEVENEY0MjBBNDlDMTQyMzFBMTQ3NDI5NjBBQjI0
MjBBQjg0RjQyNTUzN0I5NDIyMUY4NEU0MkZFNUJDQjQyMDVEODQ4NDIwNjM5
RDE0MjIwQzA1ODQyRjgxNUU4NDIyQTMwNkU0MkY4MTFFMjQyNTYzMTU5NDJE
ODAwQzI0MjU5QTU1NTQyMzg2NkIyNDJCREMyNTI0MjM4OURCNDQyMUI5NzQx
NDI2M0ZBQzE0MjI0NkMzMDQyMjE2OUQzNDJBNDg5NDI0MkE4NTBGNjQyRjk5
QTYxNDIyMzdBMDY0M0NBMzQ2RTQyQTAyNTAzNDM5QzRBN0Q0MjMzNDJGMTQy
RjFFNDhDNDJBMTI0Q0I0MkRFRTU5MjQyNEVBMkM5NDJCQkE5ODg0MjdCRkRE
MTQyRTM4Qjg1NDI0QTc1REM0MjEwRTI4ODQyMTlFQUQzNDI4NjlCODc0MjI3
OTdEMjQyMEFEQTgxNDJFMkJCRjA0MjNFNEE3QjQyRUMxRTA2NDNGNDQ2ODU0
MkQyMDcxNjQzMDI5RjhBNDI0OEI1MjM0MzIwNkQ4NjQyMDZEQjBBNDMwNUQ5
OEU0Mjg5NkU4RDQyODdCMTg5NDIyQ0Q2NjU0MjNBMTA4MzQyMEY0Qzk0NDIx
OEZBODk0MjAzMDk5NjQyRjFEQjg4NDJBRDZBNDYzREZERkExRDNFMzc4Qzcw
M0U5MUREMDYzRTVCQUI5ODNFNzNDMTFCM0Y3QzhCQzgzRURCQzJEOTNFNTIy
QTcwM0YyRERGNzEzRkUzNDgzQzNGNkUyMTA1M0Y5NzE4NjAzRkIxQzcxMjNG
QzBDMDZDM0Y2NjY5ODgzRkI4NTg1QTNGQUZCNjUzM0YxOUVCMkQzRkE0OTQ3
RDNGQzRFREYzM0VEMTlCQzEzRTcyOEEwNTNGOUJGOTE2M0Y4N0RBNjIzRTNC
QzA5MTNFREJFN0FGM0VDQUU4RDAzRUVFMjM4MTNFRjUzOEVFM0U5QjFFQjQz
RTcwNDAzMjNFRDFDNzU4M0U0NUY1MzEzRUE3RkUzMTNFNTlGNzAxM0U3OTRE
MDgzRTVFRDNEQzNENTA4NUZBM0QzRTU1RA==

--SBD.Boundary.605592468
PROCESS /noc/users/iridburst/exec/irid_300224010734970_upd.pl
Last Run  ----1970-01-01 00:00:00 
MONTH  5 
DATA  xxrecord 2012-05-12 20:00:05 :: $W5M5A,120512,200005,660d0028449ce246,1,DAS 2,4901.3800N,1621.8871W,7.7,96,10.7,14.3,11.6,65.9,5.4,11.6,66.8,5.7,1040.5,1.19,2.08,6.1,87,52*51
 
INSERT
STATION sbdservice
IRID_ID 300224010734970
BODY 
Content-Type: application/x-zip-compressed; name="SBMmessage.sbd"
Content-Disposition: attachment; filename="300224010734970_003248.sbd"
Content-Transfer-Encoding: base64

JFc1TTVBLDEyMDUxMiwyMTAwMDUsNjYwZDAwMjg0NDljZTI0NiwxLERBUyAy
LDQ5MDEuNDMzOE4sMTYyMS45NTEyVyw4LjEsOTAsMTAuNiwxNC4zLDExLjQs
NjguMiw1LjgsMTEuNCw2OS4wLDYuMCwxMDQwLjQsMS4yNSwxLjkxLDUuNCw4
OCw1NCo1Qg0KDQokVzVNNUEsMTIwNTEyLDIxMDAwNSw2NjBkMDAyODQ0OWNl
MjQ2LDIsREFTIDIsMTMuMSwxMy4zLDAuMiwwLjQsMC4wMSw5NTEsOTU3LDE1
Niw2MjcsMCwxNzYuOCwxNC42Niw5MjcqNjINCg0KJFc1TTVBLDEyMDUxMiwy
MTAwMDUsNjYwZDAwMjg0NDljZTI0NiwzLDdGMDA3NTAyM0EwMDAwNTMzMjMw
MzEzMjMwMzUzMTMyMzIzMDM0MzAzMDMwNTU1QjAwMzEzMjMwMzUzMTMyMzIz
MDM0MzAyQzU0NDE0MjMwMzAzMDMwMzAyQzJEMzAzNTMxMkUzMTJDMkMzMTMy
MkUzNzMwMkMzNDJFMzAyQzMzMzYzMDMwMkMzNjMwMkMzNjMwMkMzMTJDMzAz
MDM1MzczMDJDMzMyRTM0MzIyQzMxMkUzMjM2MkMzMTMxMzUyQzMwMkMzMDJF
MzEzNzMwMkMyQjMwMzAyRTMwMEQwQUUxMTA0QjBBQjc2OTdGMDA2NzAyM0Ew
MDAwNTczMjMwMzEzMjMwMzUzMTMyMzIzMDM0MzAzMDMwRkY0RDAwMDA4MEZC
NDQwMDAwMDA0NDAwMzg0NzQ4MDAwMDE1NDM1QUU4NTAzRkY4MDBBRDQwNjgy
QUY0M0ZFNDU2QTAzRkE5MzRCRTQwQ0I2Q0M1M0Y4NzlCQzY0MDg4MjhBODQw
MTVGOUFDNDAyRjJDQjQ0MDFFRTRBNzNGRTQ5NUFGNDI4QTQ4NTk0MkNDNDU5
RjNCQ0IxRURDQzg1MTYwN0YwMkFFMDIzQTAwMDA0QjU2NDgyMDM3MzIzMDMx
MzIzMDM1MzEzMjMyMzAzNDMwMzAzMDM1MDAwMDAwRUI1MUI4M0QwQUQ3QTMz
QkUyOTVBRjQyOEE0ODU5NDIxMkFDOTE0M0IzNEQ4RTQyODgyN0IwNDNCODk0
OTM0Mjk1NTMwRTQxRjMxQzhENDI5RUFGRjM0MTlBNzQ4MDQyQTg1NTMwNDJC
QzU3NUQ0MjE1QzIzQTQyMDJFMzQ0NDI3MTUwMjM0MjY5OEYxRTQyMjE2RjBE
NDI0NjY5MUQ0MjhCNjQwNjQyOUM0QjM3NDJDNzFEMUY0MjcyMzc0RTQyMTRB
MTg1NDJCODMxNjI0MkNBOEU5NDQyMTFFNzRBNDI2MzkwODE0MkJGQjQ0QTQy
REVEQThGNDJDNTNFNzI0MkQ1OENEMjQyQkI2QTc2NDJCRDFCRUQ0MkVDMkI3
QjQyQTAyM0NBNDJCRTAzNzk0MjUzNTFCMTQyQTQzOTU0NDJFOTcyQUM0MkJF
NDQ0NDQyRDUwMEM1NDI3OTdCM0Y0MjU1NkVERjQyMDE2NzQ1NDI0QjUzRUM0
MkI0RkI1NDQyRDMyMkRBNDJBN0Y2NUM0Mjg1M0VDNjQyOTIyNDZENDI0MkNC
REQ0MkUxQ0U2ODQyNTJFRkU5NDJERjQ5NjI0MjQwMDEwNDQzODAxODY1NDI4
NzBGMTg0MzJGRkM1RTQyMEZCRTE4NDNCRTIwNjk0MjBGNjQxMzQzQjAzQjVD
NDIyNDMzMEI0M0U1OUE1RDQyQTU0Q0VFNDIyMTI3NzQ0MjEzOEJEMzQyMjJC
MzZENDI5QjAzRjM0MjZDOEM3MTQyMkE5N0Y2NDJCOEVBNzc0MjkwRTVCRjQy
MDQxODU3NDIyMzE4QzU0MkY2Rjg1MjQyNTlDN0RCNDI2ODI2NkY0MjA3NjEw
QTQzQjJGNDg3NDJBRjhFMjQ0MzJCMkU4RTQyQzVFNzFGNDM5RjhBOTU0MjBF
QjIxMTQzMzFBODhGNDJBQzBFMEE0MzMxRUI5NjQyQTUwODIxNDIzOTNBOTM0
MjBGQjNBRTQyQzRENDk0NDI3NkM5MDY0MzlCQzc5NTQyMUMzMjM2NDJDQjU1
OTY0MjJGNjY1RjQxRDVFQTk0NDI0OEUwN0E0MzY0NUI5NzQyQ0I2OTUzNDMz
MkQ3OTY0MkYzRDBERjQyQzE4NTlBNDJCNUM1ODY0MkQxMjE4RTQyMTlFMDhB
NDI4NjA4OEQ0MjVERjVENDNERjc2MDE1M0U5RjhFQzkzRDU0NDAxQTNFNjNC
QUUyM0U4RjQ3MkYzRjE1OUUxNDNGQkVFNTQyM0Y5NUFCNDIzRjI2NzczODNG
QTlCQjIxM0YzRjQ5OTAzRjg4NDc5QjNGOTM2MDNFM0Y1NTlEMEYzRkM2Mzcx
MzNGQ0JBMzQ5M0ZGOEE2MjEzRkVCMDQ1MzNGNzQ2NEVDM0Y5NTZGOTMzRkNB
MDUxQzNGRTE4RUU0M0U4NTk3NjIzRTIyRThEOTNFODc1MDAwM0Y5Mzc4MUQz
RjM0MjQ4MDNFQzU1NzdBM0VFMENDOTIzRUNBNUU3MjNFODQ4RTI4M0VFRjI5
ODQzRUNFNjI4NTNFMDY3MjNGM0UwRTUwOQ==

--SBD.Boundary.605592468
PROCESS /noc/users/iridburst/exec/irid_300224010734970_upd.pl
Last Run  ----1970-01-01 00:00:00 
MONTH  5 
DATA  xxrecord 2012-05-12 21:00:05 :: $W5M5A,120512,210005,660d0028449ce246,1,DAS 2,4901.4338N,1621.9512W,8.1,90,10.6,14.3,11.4,68.2,5.8,11.4,69.0,6.0,1040.4,1.25,1.91,5.4,88,54*5B
 
INSERT
STATION sbdservice
IRID_ID 300224010734970
BODY 
Content-Type: application/x-zip-compressed; name="SBMmessage.sbd"
Content-Disposition: attachment; filename="300224010734970_003249.sbd"
Content-Transfer-Encoding: base64

JFc1TTVBLDEyMDUxMiwyMjAwMDUsNjYwZDAwMjg0NDljZTI0NiwxLERBUyAy
LDQ5MDEuNTEwOU4sMTYyMi4wNzA0Vyw4LjEsOTAsMTEuMiwxNC4yLDExLjMs
NjYuOSw1LjQsMTEuNCw2Ny42LDUuNiwxMDQwLjcsMS4yMywxLjU2LDUuNCwx
MDEsNTAqNkINCg0KJFc1TTVBLDEyMDUxMiwyMjAwMDUsNjYwZDAwMjg0NDlj
ZTI0NiwyLERBUyAyLDEzLjEsMTMuMiwwLjIsMC40LDAuMDEsOTUyLDk1OCwx
NTYsNjI4LDAsMzI5LjIsMTQuNjYsOTIxKjY3DQoNCiRXNU01QSwxMjA1MTIs
MjIwMDA1LDY2MGQwMDI4NDQ5Y2UyNDYsMyw3RjAwNzUwMjNBMDAwMDUzMzIz
MDMxMzIzMDM1MzEzMjMyMzEzNDMwMzAzMDU1NUIwMDMxMzIzMDM1MzEzMjMy
MzEzNDMwMkM1NDQxNDIzMDMwMzAzMDMwMkMyRDMwMzUzMTJFMzEyQzJDMzEz
MjJFMzYzMzJDMzQyRTMwMkMzMzM2MzAzMDJDMzYzMDJDMzYzMDJDMzEyQzMw
MzAzNTM3MzAyQzMzMkUzNDMyMkMzMTJFMzIzNjJDMzEzMTM2MkMzMDJDMzAy
RTMxMzczMDJDMkIzMDMwMkUzMDBEMEFFNTEwMDBFMjVDNjg3RjAwNjcwMjNB
MDAwMDU3MzIzMDMxMzIzMDM1MzEzMjMyMzEzNDMwMzAzMEZGNEQwMDAwODBG
QjQ0MDAwMDAwNDQwMEZDNTA0ODAwMDAxODQzOTY1RTUzM0Y3MjlEQTg0MDMy
MzNDODNGRDJEMDlEM0ZFM0EzQzA0MDRDNkNCQTNGNzk3OEMyNDAzMkRDQTc0
MDE1RjlBQzQwOTJFOEI4NDA3QzM2QTgzRjlGQ0FDQTQyN0E3MjQ3NDJDNkE0
QTYzQkZFMjA2NDYzNjQ4MzdGMDI5NjAyM0EwMDAwNEI1NjQ4MjAzNzMyMzAz
MTMyMzAzNTMxMzIzMjMxMzQzMDMwMzAzMzAwMDAwMENDQ0NDQzNEMEFEN0Ez
M0I5Q0NBQ0E0MjcxNzI0NzQyOEFFRTQzNDI0MTdCN0M0MjRGMkM1QzQyOTg3
OTY0NDIzQzlGMTc0MjI4QTQ0QjQyM0ZBQTA3NDJBNTQ2MjI0MkRERDAxNTQy
QTAyNjE4NDI4RDlDNDQ0MjgwNkM0MjQyOUZCRjcyNDJENjlENkI0MjNGOUYy
RTQyMDkyMzZDNDJFNzg0NDk0MkI4MjA3MTQyNEExRUJCNDI4NjE0Nzk0Mjgw
NkJFMjQyQTAxNzU3NDI3NzlDRkE0MkIxQUUyQzQyNTA3QUY3NDI4RTc1MUQ0
MjY3RTJDRTQyRDQ0NzNGNDJCOEM5QTY0MjIyQTI0RDQyMjI4NUFENDJBQTQ0
NDg0MjA2MjNERjQyOEY5MjM4NDI5RENCRjk0MjNEQzEyNDQyRjM4QkZCNDIy
MzA0MjI0MjJGRTNGQTQyNTAxRDJCNDI0OUY0MDQ0MzNEMjMzNzQyQzk0QzAz
NDM4NEZENEM0MkUwMDREMDQyM0JDMzUyNDIyQTc5QUE0MjQ3NTg0NzQyMERC
NkEyNDJBRjg5NEU0Mjg1RURBMzQyQkYzRDZCNDIwNEMzQ0E0MjA0MDQ4MjQy
RkFEQTAxNDNGNzg0NkQ0MjRGQkRFODQyOTIwNjU3NDJGRjcwRjU0MkUzNTU1
QzQyMDg4NDA1NDM3NkZFNUU0MkIwMEIwRjQzNDNFQjVBNDI4RkFBMTI0M0JD
NDk2NzQyOURFQTExNDMxOUZDNkI0MjdGOEYwRTQzOEYwNjY4NDJGREVDMDg0
M0ZGQ0Y4MjQyMzI1MzE4NDNERjMxODg0MjEwMDMxRDQzOEMyRTg1NDJCREEz
RjI0MkNEQ0M4RDQyQjZEQTg5NDJCNzM0OEQ0MkREQjQ5NDQyOUMzNzkxNDJE
QjE1QkE0MjVEQUM5MzQyMkE1NEFCNDI0OUFGOUE0MjM2NjEzMjQzMzY3Rjkz
NDI0MDYxMjQ0M0NCQkQ4NTQyODExRDE3NDNFNzM0ODY0MkIwQUNGODQyMzMz
OTk1NDI4QjJCOTc0MkFCMjg5MTQyRjk4MTZCNDIzNzUxODk0MkU1N0E0MDQy
RjYzRDhBNDI5MUJFMzM0MjlCNjc5MDQyOEJDREQ4M0QyNzcyM0IzRTlFQjRB
QTNFOEZBQjUxM0Y0RTY1NUUzRkE3OUEzRTNGMEI5OTIwM0Y4Qzk5RDczRTlB
MURDNzNFQzIwODE3M0ZDQzFBNkEzRjYwNzk2RDNGODU0M0JGM0Y4M0FBNjIz
RjBERTE3MzNGQURBQTRDM0Y4Nzg3NjAzRjE5RDZDNzNGNzE3QkEzM0YwODJG
N0UzRjMwNjMxQjNGRDE5QjkxM0U5NTA2N0UzRUFBOTE4NzNFMzM4ODgyM0Uw
NUZGQjczRTFEMUU0MDNFQUQ1NzA3M0UyMEZCN0YzRTVBNjEwODNFRTNCQjJB
M0VENkIxODczRTYwQjc5RTNFQTlGRDA2M0UwRTE0MTUzRUI0RDY0RjNFMUEz
Qzc4M0UwOEY1MjYzRTkzRUIwODNFRTI1Mg==

--SBD.Boundary.605592468
PROCESS /noc/users/iridburst/exec/irid_300224010734970_upd.pl
Last Run  ----1970-01-01 00:00:00 
MONTH  5 
DATA  xxrecord 2012-05-12 22:00:05 :: $W5M5A,120512,220005,660d0028449ce246,1,DAS 2,4901.5109N,1622.0704W,8.1,90,11.2,14.2,11.3,66.9,5.4,11.4,67.6,5.6,1040.7,1.23,1.56,5.4,101,50*6B
 
INSERT
STATION sbdservice
IRID_ID 300224010734970
BODY 
Content-Type: application/x-zip-compressed; name="SBMmessage.sbd"
Content-Disposition: attachment; filename="300224010734970_003250.sbd"
Content-Transfer-Encoding: base64

JFc1TTVBLDEyMDUxMiwyMzAwMDUsNjYwZDAwMjg0NDljZTI0NiwxLERBUyAy
LDQ5MDEuNTY3OE4sMTYyMi4xODE3Vyw4LjMsOTcsMTAuNiwxNC4yLDExLjIs
NjcuNCw1LjQsMTEuMyw2OC4xLDUuNiwxMDQwLjEsMS4yNCwxLjk5LDUuNiw5
MCw0OSo1NA0KDQokVzVNNUEsMTIwNTEyLDIzMDAwNSw2NjBkMDAyODQ0OWNl
MjQ2LDIsREFTIDIsMTMuMCwxMy4yLDAuMiwwLjMsMC4wMSw5NTMsOTU5LDE1
Niw2MjgsMCw2MC4wLDE0LjY2LDkyOCo1NQ0KDQokVzVNNUEsMTIwNTEyLDIz
MDAwNSw2NjBkMDAyODQ0OWNlMjQ2LDMsN0YwMDc1MDIzQTAwMDA1MzMyMzAz
MTMyMzAzNTMxMzIzMjMyMzQzMDMwMzA1NTVCMDAzMTMyMzAzNTMxMzIzMjMy
MzQzMDJDNTQ0MTQyMzAzMDMwMzAzMDJDMkQzMDM1MzEyRTMxMkMyQzMxMzIy
RTM1MzkyQzM0MkUzMDJDMzMzNjMwMzAyQzM2MzAyQzM2MzAyQzMxMkMzMDMw
MzUzNzMwMkMzMzJFMzQzMjJDMzEyRTMyMzYyQzMxMzEzNzJDMzAyQzMwMkUz
MTM3MzEyQzJCMzAzMDJFMzAwRDBBRUQxMDJDMTI5M0QwN0YwMDY3MDIzQTAw
MDA1NzMyMzAzMTMyMzAzNTMxMzIzMjMyMzQzMDMwMzBGRjREMDAwMDgwRkI0
NDAwMDAwMDQ0MDBDMDVBNDgwMDAwMTM0MzM3QkU0OTNGNzM4QUFFNDAxMDM5
RkYzRjM2MkE5RTNGNTlEREJGNDA2MDgzQzUzRjE3NzdCNjQwMTkwNkE5NDAx
REM3QjE0MDBFQUNCRDQwMjNFRkExM0ZCNjY1QjM0MjI5RjY0MjQyNDFGNDkx
M0IwRDFEQjZGMjE4NTk3RjAyQTIwMjNBMDAwMDRCNTY0ODIwMzczMjMwMzEz
MjMwMzUzMTMyMzIzMjM0MzAzMDMwMzQwMDAwMDBFQjUxQjgzRDBBRDdBMzNC
QjQ2NUIzNDIyQkY2NDI0MjM1QTc5NzQzNkNEMThFNDJFMkJEOUM0MzYwOTU5
QjQyNzZFRDBCNDIyODk5NzE0MkFCQ0NGMjQxQzBDQzI1NDIzMzY0MDk0MkU3
M0YyQTQyNjFCRTFDNDJGQzRFMTA0MjM1REExRTQyRTE5RkVCNDEyMUUzMjI0
MjgzNzcwNjQyNTMzOTNENDI2RTczMzM0MjZDNDc2QTQyN0VBQzVDNDI0NTEz
MjY0MkNGQjQ2NTQyOEMxODYwNDIyNUM2N0Y0MjgxMUNCQzQyRTc4QTg0NDI4
RDlCQkY0MjUyMTM2QTQyMTY4QkI4NDI2MTI3NTE0MjI2RkFDRjQyN0U4QzQx
NDI4NEFCREQ0MkU3OEY0MDQyQkEzNUQ5NDIwMTdFMkI0MkQ0MjNERDQyMDY5
QTAwNDJGN0UxRDQ0MkQ2Q0YwQTQyMkVGMUMzNDI4Q0ZDM0Y0MjUwQUZDNzQy
N0UwRTY3NDI4OEJBQjY0MjA1Q0U2ODQyQkJDN0MwNDJBNUM5NTY0MjVCRThF
MTQyNDQ3MDNDNDI3OTMxRUY0MjExQ0UzOTQyREU1RDAzNDMxMkM5NEI0MkVC
OTMwOTQzOTNERTM3NDI1RTdGRTg0Mjg0OUE0MTQyMUU0Q0Q5NDIwM0JFM0E0
Mjc1MzJGMDQyNEE1QTM5NDI2NEExMDE0M0M0NEI0MTQyNTdBMUZCNDIzMzFG
NEY0MkEzREZEQTQyMkUxRjY3NDJBNkY4QkM0MkU3QTg4MDQyNTI4MEU4NDIx
OTlDODk0MkMwQTkwOTQzNEUxODhBNDIzQTQ2MEY0Mzc3NjA3OTQyOEM0MDBD
NDMyNEZCNkE0MjJFMzZFRjQyQUU4Qzg5NDJCRDQ1RDk0MjQwM0M4RjQyQjNE
MURCNDI3MTRGOEU0MjY1NUFDNTQyRDdCRThFNDJEM0ExQjQ0MjA1ODM4QTQy
QkRFM0Q1NDI1QzREOTE0MkEyMTgyMTQzRDlERThFNDIyRDc2MTU0Mzg1MEI5
MTQyRTc0NUY0NDI1QTg4OTc0MjdCQTIyQzQzMzU5MTlCNDI3RkY3MUM0MzhG
M0Y5RDQyMDFGQkI2NDIxQjZBOEU0MkJBRjVDQjQyQUE4OThGNDI5NDdCM0Yz
RDNEMzlBQjNENjlDOTIwM0VBRTkzOUQzRUQxMjZBMzNFNTJCQjBGM0ZBOTEx
ODEzRjFBNkI3NDNGREE3OEZFM0VBN0RBRjQzRUI0RjcyOTNGQkJBODVEM0ZB
RTg2MUQzRkFFNThGMTNFNzI0ODg2M0ZERTkwNTEzRkZCQTYyRjNGMkVCQzI0
M0Y1QzQ1QTkzRkY5MTFBMzNGODE1MzZGM0Y3QjQ3QzAzRTYxQUI4QzNFMDVB
QkZFM0U5RDIwRDczRTU1NjBEMjNFQUI5NzM1M0UzMDA4MDAzRUEzQURBMTNF
NkY3REQ2M0VDRTkwQTczRTEyRDc5MTNFMUVDMjRBM0U3Qjg1MTQzRTYxRkIx
RTNFNTg3QTQwM0VFM0JBODAzRTY3NEMwMA==

--SBD.Boundary.605592468
PROCESS /noc/users/iridburst/exec/irid_300224010734970_upd.pl
Last Run  ----1970-01-01 00:00:00 
MONTH  5 
DATA  xxrecord 2012-05-12 23:00:05 :: $W5M5A,120512,230005,660d0028449ce246,1,DAS 2,4901.5678N,1622.1817W,8.3,97,10.6,14.2,11.2,67.4,5.4,11.3,68.1,5.6,1040.1,1.24,1.99,5.6,90,49*54
 
INSERT
STATION sbdservice
IRID_ID 300224010734970
BODY 
Content-Type: application/x-zip-compressed; name="SBMmessage.sbd"
Content-Disposition: attachment; filename="300224010734970_003251.sbd"
Content-Transfer-Encoding: base64

JFc1TTVBLDEyMDUxMywwMDAwMDUsNjYwZDAwMjg0NDljZTI0NiwxLERBUyAy
LDQ5MDEuNjE4ME4sMTYyMi4yNjc2Vyw4LjIsOTgsMTAuNywxNC4xLDExLjEs
NjcuNyw1LjQsMTEuMiw2OC41LDUuNiwxMDM5LjQsMS4xMywxLjg1LDUuNiw5
Myw1Mio1Rg0KDQokVzVNNUEsMTIwNTEzLDAwMDAwNSw2NjBkMDAyODQ0OWNl
MjQ2LDIsREFTIDIsMTMuMCwxMy4yLDAuMiwwLjQsMC4wMSw5NTQsOTYwLDE1
Niw2MjcsMCwzMzMuMywxNC4yNyw5MjUqNkUNCg0KJFc1TTVBLDEyMDUxMyww
MDAwMDUsNjYwZDAwMjg0NDljZTI0NiwzLDdGMDA3NTAyM0EwMDAwNTMzMjMw
MzEzMjMwMzUzMTMyMzIzMzM0MzAzMDMwNTU1QjAwMzEzMjMwMzUzMTMyMzIz
MzM0MzAyQzU0NDE0MjMwMzAzMDMwMzAyQzJEMzAzNTMxMkUzMTJDMkMzMTMy
MkUzNTM3MkMzNDJFMzAyQzMzMzYzMDMwMkMzNjMwMkMzNjMwMkMzMTJDMzAz
MDM1MzczMDJDMzMyRTM0MzIyQzMxMkUzMjM2MkMzMTMxMzgyQzMwMkMzMDJF
MzEzNzMxMkMyQjMwMzAyRTMwMEQwQUVEMTA3QzlDQkRFNTdGMDA2NzAyM0Ew
MDAwNTczMjMwMzEzMjMwMzUzMTMyMzIzMzM0MzAzMDMwRkY0RDAwMDA4MEZC
NDQwMDAwMDA0NDAwODQ2NDQ4MDAwMDFBNDMxRjJENDAzRjEyNjFBNzQwMEFF
M0VDM0YxMjE3OTEzRkUzMzBDMDQwNkI0NUI3M0ZBMjM1QzY0MDE0MTNBODQw
MURDN0IxNDBDOTdDQzc0MDdGMkQ5OTNGRDBGQUI4NDIyRkNFNEQ0MjQwRkY4
NTNCQUIxQzhBQjdBQjlCN0YwMkEyMDIzQTAwMDA0QjU2NDgyMDM3MzIzMDMx
MzIzMDM1MzEzMjMyMzMzNDMwMzAzMDM0MDAwMDAwNUM4RkMyM0QwQUQ3QTMz
QkNERkFCODQyMkRDRTRENDI0MURBRkU0MDY2RTQ3MzQyQzYzQ0ZBNDFCNDUw
NTI0MkE5QTYzNDQyQkFBNTQ4NDI2M0Y5NDA0MkEwRTkyODQyNzY3NjUyNDIy
MjUwMUU0MkYzREI1NzQyREM3MDM2NDI3Nzk4NkQ0Mjg4OTYzNDQyODJCMjg1
NDJGMTk4M0E0MkM1QkI4MjQyREVGMTUxNDI1RDMwOTA0MjAzOTI2MjQyMDhD
MUM1NDIzOUI1NkQ0Mjc3MEFFNDQyNDQ0QjZGNDI3RjU2QzA0MjJENDg1QzQy
MDMwNkI5NDI1QUJBNDA0MjMwQ0FDOTQyOEE3NzQ4NDIyOUZCQzU0MkExNzA0
QjQyNkRFMUQxNDJFMjM3Mjg0MjIyREZFMTQyMjk5ODBGNDI4MkU5RjA0MjUy
MkQxNzQyMzhCMEVGNDJGRjdFMzI0MkMxMERDNjQyQjgyQzU5NDJDOTU3QUU0
MkNBOUM2MzQyM0YzQUM2NDI5M0JCNTQ0MjNCOURDNzQyRUIxQTYxNDJBNkEz
RDQ0MjI1Njc3ODQyQTlFMENBNDI4N0VBN0U0MjVGQzFBRjQyN0U4MTcwNDI3
MTNFQ0M0MjFDRUM2NDQyRkFBQ0YxNDI0OUJCNDY0MjZCRjZEQTQyNUExQTU4
NDJFODI1REM0MjBBMjI2OTQyNkE3REZFNDIxM0I3NjU0MkM5MjlGNTQyNUVD
Qjc2NDIwNjRCOTg0MkJCOEU4MDQyRUE1QThFNDIwMDQzNzk0MjY0OENBNjQy
MUFGQjc3NDJERkE3OUM0MjUyRDU3QTQyODJBOEMxNDI2NUJEODY0MjMzRDQx
MDQzRURDRjgwNDJBMThBMTI0MzNCRTI3QzQyOUEzQUVBNDIwM0FFODA0MjYy
OUJCNjQyRUMzQjc5NDI3N0I4Qjk0Mjc1NTU4ODQyREQwMzg3NDJGNUVBOTU0
MjdGNDVBQjQyQUM2ODk1NDI1NzRBQ0Y0MjA0QUE5MzQyRkU2NUNCNDI5QTRC
OTU0Mjk4MTJDQjQyODNDMjk3NDIwMTk1RjE0MkY0OUM5NTQyRDRERUI4NDI4
NzU5OTI0MjNERDgzMDQyRTVBQjg3NDJFQ0Q0MDg0MjhENkE4MDQyOTE1MjdD
M0Q3NURCMUQzRTk5NzQxNTNFRTRFNUFEM0UwQ0NGRUMzRTY1NEIwMDNGMTY5
MkRCM0UxNTkzNjgzRkIxQzQ4RDNGMzA0NkZGM0VCMDA4MTMzRjQ5OEFGRTNF
OEZCQTJCM0YwRUI2NDUzRkVDNjEzOTNGRkM0OTIzM0Y1N0QxMzMzRjNERjc4
RTNGRTI1RDU3M0Y3RTBBNTEzRjk3RjYwRTNGN0ZCNzFCM0Y1QUVBRUUzRUUz
QzdEQTNFQTM4NEFGM0UwRjU1NUEzRUZGRDY0QzNFNkE1QjA5M0U2NTJGMUEz
RUU5RkUxNTNFNTRBRTY2M0UyODIxM0QzRTA5RDFBMzNENjgwQkYwM0QwNDFD
MTYzRUNEOEQxNDNFNzkyQjM0M0U5N0NERQ==

--SBD.Boundary.605592468
PROCESS /noc/users/iridburst/exec/irid_300224010734970_upd.pl
Last Run  ----1970-01-01 00:00:00 
MONTH  5 
DATA  xxrecord 2012-05-13 00:00:05 :: $W5M5A,120513,000005,660d0028449ce246,1,DAS 2,4901.6180N,1622.2676W,8.2,98,10.7,14.1,11.1,67.7,5.4,11.2,68.5,5.6,1039.4,1.13,1.85,5.6,93,52*5F
 
INSERT
STATION sbdservice
IRID_ID 300224010734970
BODY 
Content-Type: application/x-zip-compressed; name="SBMmessage.sbd"
Content-Disposition: attachment; filename="300224010734970_003252.sbd"
Content-Transfer-Encoding: base64

JFc1TTVBLDEyMDUxMywwMTAwMDUsNjYwZDAwMjg0NDljZTI0NiwxLERBUyAy
LDQ5MDEuNjU5NU4sMTYyMi4zNjY2Vyw3LjEsMTE0LDEwLjMsMTQuMCwxMS4w
LDY3LjksNS4zLDExLjEsNjguNiw1LjUsMTAzOC44LDEuMDMsMS4zOSw4LjMs
ODQsNTEqNkYNCg0KJFc1TTVBLDEyMDUxMywwMTAwMDUsNjYwZDAwMjg0NDlj
ZTI0NiwyLERBUyAyLDEzLjAsMTMuMiwwLjIsMC45LDAuMDEsOTU1LDk2MSwx
NTYsNjI3LDAsMjk1LjgsMTQuMjcsOTIxKjYwDQoNCiRXNU01QSwxMjA1MTMs
MDEwMDA1LDY2MGQwMDI4NDQ5Y2UyNDYsMyw3RjAwNzUwMjNBMDAwMDUzMzIz
MDMxMzIzMDM1MzEzMzMwMzAzNDMwMzAzMDU1NUIwMDMxMzIzMDM1MzEzMzMw
MzAzNDMwMkM1NDQxNDIzMDMwMzAzMDMwMkMyRDMwMzUzMTJFMzEyQzJDMzEz
MjJFMzUzNTJDMzQyRTMwMkMzMzM2MzAzMDJDMzYzMDJDMzYzMDJDMzEyQzMw
MzAzNTM3MzAyQzMzMkUzNDMyMkMzMTJFMzIzNjJDMzEzMTM5MkMzMDJDMzAy
RTMxMzczMTJDMkIzMDMwMkUzMDBEMEFFODEwMkY3OEY0ODQ3RjAwNjcwMjNB
MDAwMDU3MzIzMDMxMzIzMDM1MzEzMzMwMzAzNDMwMzAzMEZGNEQwMDAwODBG
QjQ0MDA0MDAwNDQwMDAwN0E0NTAwMDAxRjQzM0JDRTJFM0ZFMkVCQTE0MEM0
RTJCMTNGRDA1MTg0M0ZGQjk4QkM0MDE5NEM5RTNGMEVCMEJGNDA3MjhGQTU0
MDU2NTUwNTQxMTFFN0Q4NDBFNzQzOEQzRjQxRURBODQyMjBGNTRDNDI1NTkz
NTQzQkVCMUVFQ0FBRTA4MTdGMDJCQTAyM0EwMDAwNEI1NjQ4MjAzNzMyMzAz
MTMyMzAzNTMxMzMzMDMwMzQzMDMwMzAzNjAwMDAwMDBBRDdBMzNEMEFEN0Ez
M0IzRkVEQTg0MjFGRjU0QzQyMzMwOTY2NDMzRTMxNjY0MkMyNTk3NzQzMjM2
NjgzNDIzQzAzODM0MzNCQTg5MzQyODI0REE2NDNFMUQyODU0MjQzNUYzMTQx
Mzg1MTdENDI4RDAzNkE0MjFGRTQ3MDQyMDVEMDY4NDI0NzQ2NTM0Mjg2N0Yz
OTQyOEY0MTE2NDJDMTRDMzA0MjE2MEFGNDQxMDU4MjI1NDI0NDI5MUU0MkU5
RjAyNzQyREVFQTU0NDI5QjA2NEY0MjM4NTU2RjQyRUI3MzFDNDI2NUQxNjg0
MjRENUIzODQyRkNBQTcxNDJFNDlEOEU0MjAwQjA3OTQyRjk3MEQzNDIzQkM4
NzQ0MjVBNzdGODQyMEJDNzU4NDI2OUZERkY0MkVDQ0EzRjQyQzI1N0U2NDIw
ODE0M0I0MkZFQUZDMzQyRDY2OTNGNDI4QjU2OUY0MkYxMjQzQTQyNDAxMkE2
NDIxRjU1Mzg0MkQ3NTZCOTQyNkQxQTNGNDI4NDZFQzY0MkIyMjc1NzQyQ0M1
OUNGNDIxOEIyNjY0MkU5RkRDOTQyRjc5NzU3NDI4MTM4QzQ0MkI0RUI1NTQy
MzREM0I4NDIzMDI0NTE0MjU0RjRBRDQyMjQ4QzNDNDJFNDc0QTE0MkVERUEz
RDQyMTI5RDk3NDJGQUMyNDk0MjM3MEFCOTQyMDYxRDU0NDJGRjEyRTU0MjJF
N0U0OTQyNjdGNkUwNDIyMzhBNEI0Mjg5NDdCRDQyRkJFNDUxNDIyODYwQjc0
MkQ5M0E1OTQyQjgzRUJBNDIwOTZDNkY0MkJDNjQ5NzQyMTNDRTcyNDI2RTVC
ODY0Mjg4NTI3MDQyNDk1REJBNDI2QURBNzk0MjRGMzNGNzQyODExQzgzNDIy
QTQ5MDg0M0NENTY4QTQyRUQ4OEQ1NDIxRkQwOEM0MkM5QzhDOTQyMDVBOThB
NDJDOTdBMDM0M0ZGNjU4QjQyOUU1NjBCNDMzODdFODY0MkU5NkQwQTQzRDAz
ODgzNDJFMUFDRkY0MkNCRTQ4NjQyNjU2QUQwNDIxMjY5ODY0MjAxODg5RDQy
NEY4RThDNDJGRDlBQ0U0MUY3MjE4RTQyNkJGRkY5NDE4RTRBOEE0MjQ5MjIx
ODQyQUExMjkyNDI1NDAxN0Y0MkRFNkQ5RDQyQzM4NDM0M0Q3MEJDRjIzQ0Q0
MjA1OTNEM0UwMUJGM0Q2QjRGNDYzRThFMkQ0NDNFODAxNjFDM0VFRTU2OUEz
RTFBOTM4OTNGOTVCOTVCM0ZGRDRFQjYzRTkxREQ4NTNFNzBENTdBM0VGOTBD
OTczRTBCQTk5RDNFNDUzMUU0M0UyQTBFMjMzRjAyMkZDODNFN0VDNTcyM0Y2
M0QxNUIzRjYzMEQwRTNGMTRFQzI5M0Y0NUUwMzkzRjU5NUVDRTNFMTkwMUQw
M0UxODM5RDQzRTIwQzU5RDNFOTgzQzc0M0U1QTgxODQzRTQyNjlENjNFRDZE
RDYxM0VFMUVDNDgzRUFENkU4QzNFODMwMA==

--SBD.Boundary.605592468
PROCESS /noc/users/iridburst/exec/irid_300224010734970_upd.pl
Last Run  ----1970-01-01 00:00:00 
MONTH  5 
DATA  xxrecord 2012-05-13 01:00:05 :: $W5M5A,120513,010005,660d0028449ce246,1,DAS 2,4901.6595N,1622.3666W,7.1,114,10.3,14.0,11.0,67.9,5.3,11.1,68.6,5.5,1038.8,1.03,1.39,8.3,84,51*6F
 
INSERT
STATION sbdservice
IRID_ID 300224010734970
BODY 
Content-Type: application/x-zip-compressed; name="SBMmessage.sbd"
Content-Disposition: attachment; filename="300224010734970_003253.sbd"
Content-Transfer-Encoding: base64

JFc1TTVBLDEyMDUxMywwMjAwMDUsNjYwZDAwMjg0NDljZTI0NiwxLERBUyAy
LDQ5MDEuNjc5N04sMTYyMi40NDc3Vyw3LjQsMTQzLDkuOCwxNC4wLDEwLjks
NjcuNiw1LjEsMTAuOSw2OC4zLDUuMywxMDM4LjIsMS4wMiwxLjU4LDcuNyw3
Niw0OSo1MQ0KDQokVzVNNUEsMTIwNTEzLDAyMDAwNSw2NjBkMDAyODQ0OWNl
MjQ2LDIsREFTIDIsMTMuMCwxMy4yLDAuMiwwLjQsMC4wMSw5NTYsOTYyLDE1
Niw2MjcsMCwzMTguMiwxMy44OCw5MjIqNjENCg0KJFc1TTVBLDEyMDUxMyww
MjAwMDUsNjYwZDAwMjg0NDljZTI0NiwzLDdGMDA3NTAyM0EwMDAwNTMzMjMw
MzEzMjMwMzUzMTMzMzAzMTM0MzAzMDMwNTU1QjAwMzEzMjMwMzUzMTMzMzAz
MTM0MzAyQzU0NDE0MjMwMzAzMDMwMzAyQzJEMzAzNTMxMkUzMTJDMkMzMTMy
MkUzNTM0MkMzNDJFMzAyQzMzMzYzMDMwMkMzNjMwMkMzNjMwMkMzMTJDMzAz
MDM1MzczMDJDMzMyRTM0MzIyQzMxMkUzMjM2MkMzMTMyMzAyQzMwMkMzMDJF
MzEzNzMyMkMyQjMwMzAyRTMwMEQwQUUxMTBCOUUwQTRCRDdGMDA2NzAyM0Ew
MDAwNTczMjMwMzEzMjMwMzUzMTMzMzAzMTM0MzAzMDMwRkY0RDAwMDA4MEZC
NDQwMDQwMDA0NDAwQzA1QTQ2MDAwMDFGNDM3Q0I5MjgzRjFGODNBMTQwRThC
N0M5M0ZGNkU0ODIzRkZBNEZCRDQwMjhEOUEzM0YzMkE3QzE0MDFERjNBNDQw
NjMyN0Y2NDAyRjdBRTE0MDM4RDQ4ODNGOUQ5NDk3NDIwQTkxNDQ0MjhCQkU0
RjNCMDQyMEFGREQyOTZCN0YwMkEyMDIzQTAwMDA0QjU2NDgyMDM3MzIzMDMx
MzIzMDM1MzEzMzMwMzEzNDMwMzAzMDM0MDAwMDAwRUI1MUI4M0QwQUQ3QTMz
QjlCOTQ5NzQyMEE5MTQ0NDJENUNGOEU0M0ZGNUM5MTQyQjZEQkIxNDNCM0FD
OTE0MjQ3NEVGRjQxODNCQzdDNDJDNTkzRjM0MTI5QUY3MjQyMzVBMzFBNDJG
Njg2NjA0MkFCREQxMzQyRUYyMzQ5NDJDN0JDMEI0MjVCQUY0RDQyQTlEQjMz
NDJGMjlFM0I0MkMxRjYyQTQyQkMzNTFFNDI2RjAwMjc0MjBEQ0IzMzQyMjRD
QjczNDI1RTBBNUE0MkZBQzNBQTQyMkRCQjVDNDJCRkM1QUI0MkRGODc2QjQy
QTI4QTlCNDIwMzA5NkI0MjUwQjVBNjQyQ0Q1ODUwNDI3QjVCQkU0MjE1MEQz
ODQyMjU1Q0IyNDIyOUYzMkY0MkZFRDI5NzQyOTQxMDI1NDI0QTdEOEE0MkE0
NDEzNjQyQzgzMTkxNDI0NkNFNTM0MjZGM0NBRDQyQTIwMzQxNDIwQkRBQkI0
MjA1RkIxQTQyMDExMEJCNDI3QTI4MTM0MkU4MjE5NDQyQzgxODNCNDJFRDky
OUE0MjdBRkI1MjQyQjREQ0MwNDIxN0EzM0Q0MkI4RERCMTQyRTYxQTIwNDIz
MTVBQTU0MkNGNjQyNDQyNEQ0NUNFNDIyMzFEMzg0Mjk0ODNENzQyMjExMjQx
NDI0QjFDQkU0MjM1REE0MTQyNUQzRUI2NDI1ODQ2NEQ0MkQ2NDY5RDQyN0ND
MjcxNDJFRUVBOEU0Mjg3NEQ3NzQyRThBN0NENDI3NkE5NjQ0MjYzODRENTQy
RTg1NzU0NDI5QkJDQUM0MkM4NDE1MDQyMUVGMTlENDJEODk4NEY0MjA0RjZB
OTQyNkE5QTcxNDI1OUE2RDA0MjMwOEQ4NTQyQTJGREZDNDJFNDJCN0M0MjE1
RkVGQjQyRDc2NDZFNDIyOUE5RjU0MkJBOTk4MTQyQTk2QUVDNDJCRDQ3OEY0
MjcxRDBCMTQyOEE2MDkyNDI5MTZCQzE0MkFDMUU5MTQyRUQ2QzAxNDNCN0JG
OEU0MjQyRDIxODQzMjVDNzgzNDJBNDEzMjM0M0MxQkI3RDQyMkY3MEU0NDIx
MjcxOTE0MjlENUVCQTQyMEIyRjhDNDJCQUFBRjE0MkU3ODA4RTQyODQ3MDQ1
M0Q0ODZBOUYzREEyNjNFQjNENEE0ODBFM0VDQUJBODUzRUJDMTkwQzNGOUUx
NDg5M0VDOUQ4RUIzRTkyQUY4NjNGQUJGQjRFM0Y2OTREQkEzRUM5RTU3RDNF
MDA5OUQzM0U3MjIwOTUzRTg0QUZBMTNFMjlBQTE4M0YwQzFCMEEzRkVBMDUz
NzNGOTM1OURCM0VGRUUyOUQzRThBN0ZFMTNFMjdDNTFFM0Y1RjI1RDgzRTIw
OTA4OTNFM0Y3NEE5M0VDNEIxQjYzRTQ0RDhCRDNFM0Y4NjY0M0U2MTZGQzEz
RUIzRUJDNTNFRDE1RjNBM0VDRTIwMzgzRTc4RjZFRjNEOTY2QkZEM0RDMzhF
MkMzRUY4QTI2OTNFQjkxOEEwM0QzRDgxMQ==

--SBD.Boundary.605592468
PROCESS /noc/users/iridburst/exec/irid_300224010734970_upd.pl
Last Run  ----1970-01-01 00:00:00 
MONTH  5 
DATA  xxrecord 2012-05-13 02:00:05 :: $W5M5A,120513,020005,660d0028449ce246,1,DAS 2,4901.6797N,1622.4477W,7.4,143,9.8,14.0,10.9,67.6,5.1,10.9,68.3,5.3,1038.2,1.02,1.58,7.7,76,49*51
 
INSERT
STATION sbdservice
IRID_ID 300224010734970
BODY 
Content-Type: application/x-zip-compressed; name="SBMmessage.sbd"
Content-Disposition: attachment; filename="300224010734970_003254.sbd"
Content-Transfer-Encoding: base64

JFc1TTVBLDEyMDUxMywwMzAwMDUsNjYwZDAwMjg0NDljZTI0NiwxLERBUyAy
LDQ5MDEuNjY1N04sMTYyMi40ODUwVyw2LjMsMTY3LDkuMCwxMy45LDEwLjks
NjguNSw1LjMsMTAuOSw2OS4yLDUuNSwxMDM3LjYsMSwxLjY4LDgsNzcsNTQq
NjUNCg0KJFc1TTVBLDEyMDUxMywwMzAwMDUsNjYwZDAwMjg0NDljZTI0Niwy
LERBUyAyLDEzLjAsMTMuMSwwLjIsMC40LDAuMDEsOTU3LDk2MywxNTYsNjI4
LDAsNi4zLDEzLjg4LDkyNCo2Nw0KDQokVzVNNUEsMTIwNTEzLDAzMDAwNSw2
NjBkMDAyODQ0OWNlMjQ2LDMsN0YwMDc1MDIzQTAwMDA1MzMyMzAzMTMyMzAz
NTMxMzMzMDMyMzQzMDMwMzA1NTVCMDAzMTMyMzAzNTMxMzMzMDMyMzQzMDJD
NTQ0MTQyMzAzMDMwMzAzMDJDMkQzMDM1MzEyRTMxMkMyQzMxMzIyRTM1MzMy
QzM0MkUzMDJDMzMzNjMwMzAyQzM2MzAyQzM2MzAyQzMxMkMzMDMwMzUzNzMw
MkMzMzJFMzQzMjJDMzEyRTMyMzYyQzMxMzIzMTJDMzAyQzMwMkUzMTM3MzEy
QzJCMzAzMDJFMzAwRDBBRTExMEFCMzNFQzUzN0YwMDY3MDIzQTAwMDA1NzMy
MzAzMTMyMzAzNTMxMzMzMDMyMzQzMDMwMzBGRjREMDAwMDgwRkI0NDAwNDAw
MDQ0MDA4MEJCNDYwMDAwMUM0MzQ5MjkyNTNGNTQ3NUE0NDBBNjY2RDczRjFC
MkI3RjNGMzI5NUM1NDBGMUI5OUUzRkEzQkFDODQwMjM5NkEyNDAwMDAwMDA0
MUQ1RjlFQTQwNkQxQzg1M0Y0NUU4OTk0MjZDNUE1NzQyMDNFRTM1M0JCOTFD
M0Y5RTY1NzY3RjAyQzYwMjNBMDAwMDRCNTY0ODIwMzczMjMwMzEzMjMwMzUz
MTMzMzAzMjM0MzAzMDMwMzcwMDAwMDA5OTk5OTkzRDBBRDdBMzNCNDNFODk5
NDI2QjVBNTc0MjM0NzEzNDQzNEJFQTY4NDI1RDAwM0E0M0YwRDA2NjQyMDRC
ODQ4NDNDRTBDNzE0MjI4RUE2MjQzNzIxNjgzNDI2MjNFODE0MzlFMjE5QzQy
MDA5NzE4NDIwNUY3OEU0MjAwRTk0QTQyOUNDOThBNDI4Q0VEODg0MkUzMTg4
QzQyRURDMDY2NDIyNUUzN0M0MkU1RTk2MTQyREYwQzRFNDIyOUQwNTY0MkQw
MEQzRjQyQUMzQTJENDI1QjE2NTM0MkQ0NEIwODQyQzJENjc3NDIwRUMxODU0
MkM5MDU4QTQyOTZDMzgwNDI4RTJGNzU0MjVGNjY3MTQyRkIyMDZBNDI3MTQ3
OUM0MkIxOTc4MjQyRTA2QUEyNDJFMTJBNzM0MjcxNUY4MDQyQTAwRDRENDIy
NzQxODM0Mjk1MDk0MDQyNENGNjk0NDI0MDBCM0E0MjBGMUI5MzQyNjlGRjQ0
NDIxNkQ1Qjk0MjEzRTA0NTQyRTMyREQ2NDI3QjA2Mjc0MkQ1OTFDQjQyRTAz
RjI2NDIyNjMzQjI0MjI5OTAzNzQyNDFGMEIwNDI4NjdCMkY0Mjg4NDRBNjQy
Mzk2QzE0NDIzMkMxOTI0MjMyQzAwNDQyRTE3Nzg4NDI0ODA0MjI0MjE3N0M5
RTQyMTA4QjQ4NDI1NjgyQTM0MjExQ0M0NzQyQTQwRjkxNDJDRjI2NTU0MkEw
MjlBMzQyNzIxRDY4NDI1RkQ5Qjg0MjI4NjI2QzQyNjkwRkI3NDI5QzhFNzY0
MjcwMkZDRDQyMDE1QTgxNDI5RTRDRTU0MjAzNUY4NzQyQzczNkZGNDI0ODg2
ODY0MjAyRjcwMjQzNUM3NTgyNDI2ODUxQkE0MkFFNDQ4NzQyRDQzRUE1NDJG
NEMzODc0Mjk2RTIwMDQzRDQzNjhCNDI3OENBMUM0MzNBNDI4NzQyMUQ2M0U4
NDIyMkQ5ODg0Mjk3NUFBQTQyRkYwODc1NDJCRDYyQkE0MkNBMEM2RTQyNTlE
MENFNDIxNzY5N0M0MjUyOTlCRjQyNDcyNzgzNDJDMDU2Q0Q0MkZBRTM4MzQy
NjAwMkEzNDIwMDcwOEI0MkQzRjMwQjQyNTFEMDgzNDJDQUNFOEY0MkM2REE5
MzQyQkQ5NTE1NDMwNTlCOTc0MjkzQjczMDQzNzREMjlCNDI2QTYyNEYzRDY1
MjM0QzNERUYxNjBDM0Q1QkRCRkMzQzVDRUI2RjNERERBQTM2M0UzRTU4MEYz
RUY2NTg1MDNFOTE1OUEyM0UzRjhCMzkzRkE2QkE4NTNGQTk2NkIzM0VEQkM3
MkIzRTc0NkEyNjNFQjhGQUQ2M0UzMkZCMTczRkY0QTVFQzNFNjMwMEMwM0Uy
Njc3MUMzRkJCRDQwMTNGMUM2RUI5M0U4REYxNzkzRTYyNThCQzNFMkE0NEU0
M0U5NTc2QTMzRTdCM0MwMTNGQ0QwNDBBM0YzNzAwMEUzRjk0MTREMDNFMDMw
MDY2M0UwN0ZDRTQzREZCQjAzRjNFOTM3Mg==

--SBD.Boundary.605592468
PROCESS /noc/users/iridburst/exec/irid_300224010734970_upd.pl
Last Run  ----1970-01-01 00:00:00 
MONTH  5 
DATA  xxrecord 2012-05-13 03:00:05 :: $W5M5A,120513,030005,660d0028449ce246,1,DAS 2,4901.6657N,1622.4850W,6.3,167,9.0,13.9,10.9,68.5,5.3,10.9,69.2,5.5,1037.6,1,1.68,8,77,54*65
 
INSERT
STATION sbdservice
IRID_ID 300224010734970
BODY 
Content-Type: application/x-zip-compressed; name="SBMmessage.sbd"
Content-Disposition: attachment; filename="300224010734970_003255.sbd"
Content-Transfer-Encoding: base64

JFc1TTVBLDEyMDUxMywwNDAwMDUsNjYwZDAwMjg0NDljZTI0NiwxLERBUyAy
LDQ5MDEuNjMyNk4sMTYyMi40NjYzVyw0LjQsMTc4LDYuOSwxMy45LDEwLjgs
NjYuOCw0LjksMTAuOCw2Ny4zLDUuMCwxMDM3LjAsMC44NywxLjU4LDgsNzgs
NTMqNEQNCg0KJFc1TTVBLDEyMDUxMywwNDAwMDUsNjYwZDAwMjg0NDljZTI0
NiwyLERBUyAyLDEzLjAsMTMuMSwwLjIsMC40LDAuMDEsOTU4LDk2NCwxNTYs
NjI3LDAsMjg4LjksMTMuODgsOTI2KjZCDQoNCiRXNU01QSwxMjA1MTMsMDQw
MDA1LDY2MGQwMDI4NDQ5Y2UyNDYsMyw3RjAwNzUwMjNBMDAwMDUzMzIzMDMx
MzIzMDM1MzEzMzMwMzMzNDMwMzAzMDU1NUIwMDMxMzIzMDM1MzEzMzMwMzMz
NDMwMkM1NDQxNDIzMDMwMzAzMDMwMkMyRDMwMzUzMTJFMzEyQzJDMzEzMjJF
MzUzMjJDMzQyRTMwMkMzMzM2MzAzMDJDMzYzMDJDMzYzMDJDMzEyQzMwMzAz
NTM3MzAyQzMzMkUzNDMyMkMzMTJFMzIzNjJDMzEzMjMyMkMzMDJDMzAyRTMx
MzczMTJDMkIzMDMwMkUzMDBEMEFFMjEwOEMxQTY0NUY3RjAwNjcwMjNBMDAw
MDU3MzIzMDMxMzIzMDM1MzEzMzMwMzMzNDMwMzAzMEZGNEQwMDAwODBGQjQ0
MDA0MDAwNDQwMEQwMDQ0NzAwMDAxQzQzRjNDRTE0M0ZBMDg5QTQ0MDcwN0JD
QTNGQ0NFNTVGM0Y5RkQwQzM0MDUyMzM4RTNGODAzOUM4NDBGMkY5QTM0MDAw
MDAwMDQxNjJFREQ4NDA1QUZCNkYzRjA4NjI5QzQyMEREMTUxNDJENzk2MTQz
QkUwMUU3QjhEMzkyQzdGMDJFQTAyM0EwMDAwNEI1NjQ4MjAzNzMyMzAzMTMy
MzAzNTMxMzMzMDMzMzQzMDMwMzAzQTAwMDAwMDk5OTk5OTNEMEFEN0EzM0Iw
NjYyOUM0MjA5RDE1MTQyRjk0NDY4NDM3MjVFOTQ0MjkzNjk3MzQzMjFBMzk1
NDIxNTgyMzk0MzY3ODc4MzQyQTdGMDJCNDM2MDk5NzQ0MkRCMUQwRDQzNjEx
MjgzNDJGREUzMDg0M0Q0NUM2RTQyRTcwQzA0NDMyQjMxNjM0MkEzMUJENzQy
OEJCNjY1NDI1QjZCQTQ0MjEzODI1NDQyOTFFRTY1NDI3NDVCMzg0Mjk3OUIz
ODQyMjNEMjJENDJFNjEzNDE0MkFBRDkzRTQyQjlGNTJFNDJCQjNDNDU0MkQ3
RUQyNjQyNkM2QzUyNDI0RDUyNkI0MkIyOEM3NDQyN0I4MjdCNDJBRkZGODA0
MjQzMzA2MDQyMUI5ODdCNDJDMDg0ODk0MjExQkE3QTQyNDc4MEM1NDJBNEE5
NzY0MjY0MTBDNzQyMUZGMjZFNDI2RUJEOUE0MkY0QjU1OTQyQTg5OUEwNDI4
Qjk5MUM0MjRGNjJCMTQyOUM1OUZGNDEwRUZBQzE0Mjg1MDIxNDQyREFDQ0Qz
NDI3RTVEMkE0MjNBN0RDQTQyOEVGRTJCNDI1NzA2QjY0MjE2OTYyRTQyNDdD
Q0JCNDI5OUZBM0I0MjI2MjBCRjQyQzI0NzUwNDIxRjNFQUU0MjVFNzY1MjQy
ODY4OEFFNDI0MTFGNDM0MkNCMThCMDQyNjQzMTRCNDIzOTEzQTc0MkZDNUI1
NjQyMkU3NEFGNDIzMTQ2NEI0MjcwRjFBODQyMzMyQjVGNDIwN0U4OTI0Mjc2
QjM3NzQyOTEwM0EyNDJDMzU0ODE0MjU2MDk4QjQyRUQwMjg0NDI1MkNENEM0
MjhDRjM4NDQyMTJBMkNGNDJFQ0U2OEE0MkQ3MzlDMTQyRkIxQTdDNDIzRDIy
QjU0MkY5MzM2QzQyMEM4NEM1NDJBMkEyNzE0MkJDNkNCMjQyQTcyNjc4NDJE
ODFDODk0MkU4MzE3RTQyQzg0QjgzNDIxRDZGODc0MjBBRDlBQzQyQTY5Qzg1
NDIyRDZFQzA0MjE2NzI4NDQyNkUzRUI3NDIyMURFOTE0MjI4OTc3MDQyRUQ0
NTk3NDJBMzRDMzM0MjlFQUQ5MjQyNjNGMEYyNDIyQzYwOUY0MkNEMzgzRTQz
NjBCRDhENDJFNjYxMzE0MzBENjI4QzQyMkM5NEI1NDJBQTAwOTM0MkQ5NTEz
RjQyNTE5QThBNDIzNEVENTc0MkIyQTE5QjQyRDkzNzM4NDM4QTQ0OUQ0MjFB
MUNBMzNDRDlGRTRDM0NBODg2QUEzQ0YwRjgwNDNERTZFRDhGM0RBMjg0OUYz
RDlBRDcwNzNFMDI4RDgyM0UzMzExQkEzRTA4NzJEMTNFMjQ2RDI2M0Y1MDYw
MTYzRkU3QTkwNDNGM0YyRUVGM0VCMDkyMTczRTc0MzRBQzNENUU3QkM2M0Uw
RkYzRTUzRUFBRTVDNzNFNzU5QjkzM0VCRkVGOTYzRTYxNzhFMzNFOUQ0QTFC
M0Y2MkNDQzczRUZBNEVCMDNFQzVBODNBMw==

--SBD.Boundary.605592468
PROCESS /noc/users/iridburst/exec/irid_300224010734970_upd.pl
Last Run  ----1970-01-01 00:00:00 
MONTH  5 
DATA  xxrecord 2012-05-13 04:00:05 :: $W5M5A,120513,040005,660d0028449ce246,1,DAS 2,4901.6326N,1622.4663W,4.4,178,6.9,13.9,10.8,66.8,4.9,10.8,67.3,5.0,1037.0,0.87,1.58,8,78,53*4D
 
INSERT
STATION sbdservice
IRID_ID 300224010734970
BODY 
Content-Type: application/x-zip-compressed; name="SBMmessage.sbd"
Content-Disposition: attachment; filename="300224010734970_003256.sbd"
Content-Transfer-Encoding: base64

JFc1TTVBLDEyMDUxMywwNTAwMDUsNjYwZDAwMjg0NDljZTI0NiwxLERBUyAy
LDQ5MDEuNTgyMk4sMTYyMi4zODE5Vyw1LjMsMjA4LDguMywxMy45LDEwLjcs
NjYuMSw0LjYsMTAuNyw2Ny4wLDQuOCwxMDM2LjMsMC45MiwxLjYzLDcuNyw4
Myw1Nio1Nw0KDQokVzVNNUEsMTIwNTEzLDA1MDAwNSw2NjBkMDAyODQ0OWNl
MjQ2LDIsREFTIDIsMTMuMCwxMy4xLDAuMiwwLjQsMC4wMSw5NTksOTY1LDE1
Niw2MjcsMCwzMjcuNiwxMy44OCw5MjUqNjINCg0KJFc1TTVBLDEyMDUxMyww
NTAwMDUsNjYwZDAwMjg0NDljZTI0NiwzLDdGMDA3NTAyM0EwMDAwNTMzMjMw
MzEzMjMwMzUzMTMzMzAzNDM0MzAzMDMwNTU1QjAwMzEzMjMwMzUzMTMzMzAz
NDM0MzAyQzU0NDE0MjMwMzAzMDMwMzAyQzJEMzAzNTMxMkUzMTJDMkMzMTMy
MkUzNTMwMkMzNDJFMzAyQzMzMzYzMDMwMkMzNjMwMkMzNjMwMkMzMTJDMzAz
MDM1MzczMDJDMzMyRTM0MzIyQzMxMkUzMjM2MkMzMTMyMzMyQzMwMkMzMDJF
MzEzNzMxMkMyQjMwMzAyRTMwMEQwQUUyMTBDQTY0MjYzQzdGMDA2NzAyM0Ew
MDAwNTczMjMwMzEzMjMwMzUzMTMzMzAzNDM0MzAzMDMwRkY0RDAwMDA4MEZC
NDQwMDQwMDA0NDAwRTAyQjQ3MDAwMDE0NDNGNkM0MTUzRkZDNENBRDQwMDQz
NkQwM0ZBRTgzNkIzRjM5MTVDQjQwQkZERjk4M0YwOTFFQzk0MDdBRjRBOTQw
NjMyN0Y2NDAyMzIyRTA0MEY1MEY3MzNGOEZFNEE2NDJENDBGNjE0MkE4OTkx
QjNCNDcxRTVCNzE0RTM0N0YwMkM2MDIzQTAwMDA0QjU2NDgyMDM3MzIzMDMx
MzIzMDM1MzEzMzMwMzQzNDMwMzAzMDM3MDAwMDAwOTk5OTk5M0QwQUQ3QTMz
QjhDRTRBNjQyQ0UwRjYxNDIxMTk4NEI0MzhCODY2RTQyMTFEQjM3NDM5RDY4
Nzg0MjJGNTYxMzQzN0Y1NjgyNDI2RUY4OUY0Mjc1MjU4MDQyNUQ1NTU5NDJB
MDIzODY0MkM1MjYwQzQzRTc4NTlBNDI0NTUwMjM0M0RENzU5MjQyQTg3REI5
NDI1NDVDOEI0Mjk4OEM4RDQyMTE0MDdGNDI3OEVBNUI0MkVEMDY3RjQyNkEx
ODE3NDIwMzA4NjM0MkREODMyRTQyNjJGNTRDNDJGODc0ODM0MjQ4ODM1NTQy
OTU2NEIxNDI4Q0FCNzA0MkJDRTNBMTQyMEU4MTdBNDJBOEQwQUQ0MkJCOUE3
MDQyRUY3OEI4NDJCRUIxNjM0MkM4QjFCMjQyMTYwMjU3NDI3Qzk5QkI0MkI2
MjU1QjQyMDBFMEFCNDI3QjY5NTg0MkRGRDg5NjQyREQxODM5NDJCMDlBQTA0
MkVGQzkzQzQyRDk3NEE2NDI2NjlFNDE0MkI2RkU5NTQyQzMxRTQwNDJCMDBG
QTI0MkI2RTUzRjQyQjBDN0E3NDIxOUM5M0E0MjhENzI5RjQyNjNFMDQyNDI1
OUIyQUQ0MkQ4MEM1NTQyMUUyMUJGNDI3OEI4NDY0MkNGQkNDNjQyN0MwRTNG
NDI3QjkxQjQ0MjIzQUQ0NzQyNzU4Mjk3NDIwRUM1NTE0MjZBREY5NDQyNkRD
NzdDNDI3QTlDQUE0MjM3NEY4RTQyREM4NjlBNDJBMTlEODU0Mjg3MjY5QzQy
MDUzOTc4NDI2OUNDRDQ0MkE3OTI4MTQyREMzODA4NDNBQjQ0ODg0MjREQTZD
NjQyODQ0Qzk1NDI5M0YzQzE0MjY2QUI5MzQyMTBBMDA0NDM0QTQ4OEU0MjQ5
QTM5RjQyMjdBNzhBNDI2QzQwNzc0MkMzMzI3QjQyMzUxM0QwNDI2NkI2ODY0
MjExRTgwNjQzN0E1RjdCNDJDNTlDMDE0MzVGN0M3NTQyMDBERjA2NDNDMkY3
Nzc0MkYyQzUxNjQzNDE0NTdCNDJCNDI4MkU0MzRBMUE3MzQyNTVEQjNDNDMx
MjcxNzQ0MjgwN0EzNzQzODA0NjhCNDJCMjcwRjc0MkIyMzA5NjQyNTg1QUVG
NDI2OUEzOTM0MkM3QTdGRDQyQkYyNTk3NDI2MjE3RTQ0MjIyNzg5QjQyNUE1
OUQ4M0NBQzU5MEEzRDlBMUFCNDNDODY1Q0U3M0NGRDRDNDkzRDFGM0NFMzNE
QTJFOTcyM0U1OTZGMDIzRTM0REEwOTNFNEU1OUIyM0VCQjM0MDkzRjdDNjc1
MzNGNUM1QzIwM0Y4MENBQzkzRTZCRjI4MDNFRURDNkRGM0U0MDEzRkMzRTY5
NkEwQTNGNTA1M0VEM0UxMUQ3QjAzRTM2QjAwRTNGN0Q2QkNEM0UzQkUwMkMz
RTIxNUM4RjNFODcyN0IxM0VDRkNCMDMzRjFDQTU4QjNFMTJBNTNEM0VDNzZE
MzUzRTFDMUU3NDNFRUZDRjE2M0VBOTMyRA==

--SBD.Boundary.605592468
PROCESS /noc/users/iridburst/exec/irid_300224010734970_upd.pl
Last Run  ----1970-01-01 00:00:00 
MONTH  5 
DATA  xxrecord 2012-05-13 05:00:05 :: $W5M5A,120513,050005,660d0028449ce246,1,DAS 2,4901.5822N,1622.3819W,5.3,208,8.3,13.9,10.7,66.1,4.6,10.7,67.0,4.8,1036.3,0.92,1.63,7.7,83,56*57
 
INSERT
STATION sbdservice
IRID_ID 300224010734970
BODY 
Content-Type: application/x-zip-compressed; name="SBMmessage.sbd"
Content-Disposition: attachment; filename="300224010734970_003257.sbd"
Content-Transfer-Encoding: base64

JFc1TTVBLDEyMDUxMywwNjAwMDUsNjYwZDAwMjg0NDljZTI0NiwxLERBUyAy
LDQ5MDEuNTMzOU4sMTYyMi4zMTQyVywzLjcsMjAwLDUuOCwxNC4wLDEwLjcs
NjQuOSw0LjQsMTAuNyw2NS43LDQuNiwxMDM1LjksMC45NiwxLjYxLDgsOTUs
NTMqNDgNCg0KJFc1TTVBLDEyMDUxMywwNjAwMDUsNjYwZDAwMjg0NDljZTI0
NiwyLERBUyAyLDEzLjAsMTMuMSwwLjIsMC40LDAuMDEsOTYwLDk2NiwxNTYs
NjI3LDAsMjY2LjYsMTMuNDksOTIzKjY3DQoNCiRXNU01QSwxMjA1MTMsMDYw
MDA1LDY2MGQwMDI4NDQ5Y2UyNDYsMyw3RjAwNzUwMjNBMDAwMDUzMzIzMDMx
MzIzMDM1MzEzMzMwMzUzNDMwMzAzMDU1NUIwMDMxMzIzMDM1MzEzMzMwMzUz
NDMwMkM1NDQxNDIzMDMwMzAzMDMwMkMyRDMwMzUzMTJFMzEyQzJDMzEzMjJF
MzUzMTJDMzQyRTMwMkMzMzM2MzAzMDJDMzYzMDJDMzYzMDJDMzEyQzMwMzAz
NTM3MzAyQzMzMkUzNDMyMkMzMTJFMzIzNjJDMzEzMjM0MkMzMDJDMzAyRTMx
MzczMjJDMkIzMDMwMkUzMDBEMEFFNjEwRDI4NjUzMTQ3RjAwNjcwMjNBMDAw
MDU3MzIzMDMxMzIzMDM1MzEzMzMwMzUzNDMwMzAzMEZGNEQwMDAwODBGQjQ0
MDA0MDAwNDQwMEYwNTI0NzAwMDAxNDQzN0I3QjIzM0YwOTAwQUU0MDVBN0RD
RTNGNzlDQTc1M0YyQ0EwQzc0MEVFOEE5OTNGOTI0OENGNDBCNkU4QUM0MDAw
MDAwMDQxRTZCN0ZBNDA1QkJDODIzRjdBNzNCRDQyOThDRTUyNDJFRTExM0Uz
QjdEMUU4M0Q1Njc0RTdGMDJBMjAyM0EwMDAwNEI1NjQ4MjAzNzMyMzAzMTMy
MzAzNTMxMzMzMDM1MzQzMDMwMzAzNDAwMDAwMEVCNTFCODNEMEFEN0EzM0I3
ODczQkQ0Mjk1Q0U1MjQyOTY0RDE4NDNBMzYzNkU0MjBFMEZGQzQyRkZCMDgw
NDIxMkIzQzA0MkRFQTc3RDQyNTlGQzZDNDIxREVBN0Y0Mjk4NTA0RDQyRDE4
ODgzNDI5Q0RCODQ0MkM2NEQ3QTQyREM3N0E0NDIwQURBNEM0MkJBODZCQTQy
RkE2QjNDNDIzQkQ1Qzc0MkFCOTY1NTQyMUQ5NUQ0NDJFMDMzNzU0MjRGMkZF
MTQyNEU2RDc0NDI1NENGRUI0MjUzMDY2QTQyMjU2QTAzNDMwMjBGNTI0MkNF
QjMwRjQzMkI2MDMwNDIxOTdCMEE0MzZGMUYzNjQyRTdENEVCNDJERDQ4Mzg0
MkM0QkZDQjQyREI5NzFCNDI1NjdDQkI0Mjk3MjIxMDQyQjczNEFBNDI0QTg5
MDU0MjlERUJBQzQyNDNGMDBENDJEOTZDQjg0MjQ2QUYyRDQyNDRDMkJBNDI3
MzU1M0Y0MkE2OUNCMzQyOEFCQzM1NDI4NTJBQkE0MkExNDQzQjQyNTE2QkIw
NDJGRkE3MkY0MjVCRUFBNTQyMjhCNjIzNDIyNTYwQjA0MkY1QTczRDQyM0ZG
REI3NDIzODlFNEU0MkFDNDBCODQyNkMzNTQ5NDI2ODk5QUQ0MjY2RkY0MjQy
NjY1MkE2NDIwQTY4NDQ0MjA2QzdCMTQyOEVFNDVCNDI4M0IzRDc0MjA4QzM4
MDQyMkI0REVDNDJBRkQ5ODI0MjVBRkNCRTQyOTY2Nzg1NDJCQjQwQjQ0MkMz
NkM4RDQyQjJDOEQwNDIxQTdBOTI0MjEwNDhENzQyNkI2QjhDNDIxOTAxOEI0
MkVEMEE4RDQyNTI1MTY0NDJDMDZFODU0MjI2MUY5RjQyRENENjdCNDIyREMw
QkQ0MkJCMEM3MDQyMjdCM0RCNDIyRDM2NzU0MjNCRkQwQjQzRDk3Nzc3NDJD
OEY3MTM0MzNCN0I3NDQyRUUzNjBCNDMwNDYzODM0MkFGOTgwOTQzMEEwQzg2
NDJCQjI5Rjg0MkQxQ0U3RTQyNkM5RkIwNDI1NjFBOEY0MjRDMERBOTQzNjRF
MDk3NDIzOEUwOTY0M0IwRjQ5QzQyNUNFNjEwNDNFMjhBOUE0MkM4NDczQzNE
OTBCNUFBM0RCNTQ4MTgzRUE3MDRDOTNFMDYyMUQ0M0VBQzIzRUYzRTBFRjE1
OTNGNUUxOTg3M0ZGODA3MTMzRjlEMzIwQTNGRTczODJGM0Y1ODU3RjIzRTRD
MTI0OTNFODRGNjYyM0UwMDZGQTAzRUFFRTZBQjNFQjgzNUY5M0U2OEE5OTkz
RTZBMzJFRDNFRDk1RkU5M0VBRTk1OEIzRTMzNDRCNjNFNEFEMjQ1M0U3MkNF
NEIzRUNDRDA2MzNFQ0Y0QTk5M0UzRTdGMjMzRTEzOUM0MTNFM0I2MUZCM0RB
MEQzNDAzRTQ2RkMzRjNFMTUzMjFGM0VDODdBODczREQ4NzhGRDNEMzhGRDNE
M0U5Mzg3MTEzRUYzNjYwOTNFRTU2OUJDMw==

--SBD.Boundary.605592468
PROCESS /noc/users/iridburst/exec/irid_300224010734970_upd.pl
Last Run  ----1970-01-01 00:00:00 
MONTH  5 
DATA  xxrecord 2012-05-13 06:00:05 :: $W5M5A,120513,060005,660d0028449ce246,1,DAS 2,4901.5339N,1622.3142W,3.7,200,5.8,14.0,10.7,64.9,4.4,10.7,65.7,4.6,1035.9,0.96,1.61,8,95,53*48
 
INSERT
STATION sbdservice
IRID_ID 300224010734970
BODY 
Content-Type: application/x-zip-compressed; name="SBMmessage.sbd"
Content-Disposition: attachment; filename="300224010734970_003258.sbd"
Content-Transfer-Encoding: base64

JFc1TTVBLDEyMDUxMywwNzAwMDUsNjYwZDAwMjg0NDljZTI0NiwxLERBUyAy
LDQ5MDEuNTAxNE4sMTYyMi4zMDU3VywzLjIsMjM2LDUuMiwxNC4wLDExLjAs
NjQuMiw0LjUsMTEuMiw2NC4zLDQuNywxMDM1LjQsMC45NywxLjQ5LDYuOSwx
MjUsNTEqNjENCg0KJFc1TTVBLDEyMDUxMywwNzAwMDUsNjYwZDAwMjg0NDlj
ZTI0NiwyLERBUyAyLDEzLjMsMTMuNSwwLjIsMC40LDAuMDEsOTYxLDk2Nywx
NTYsNjI3LDAsMzM2LjAsMTMuODgsOTI2KjZCDQoNCiRXNU01QSwxMjA1MTMs
MDcwMDA1LDY2MGQwMDI4NDQ5Y2UyNDYsMyw3RjAwNzUwMjNBMDAwMDUzMzIz
MDMxMzIzMDM1MzEzMzMwMzYzNDMwMzAzMDU1NUIwMDMxMzIzMDM1MzEzMzMw
MzYzNDMwMkM1NDQxNDIzMDMwMzAzMDMwMkMyRDMwMzUzMTJFMzEyQzJDMzEz
MjJFMzgzOTJDMzQyRTMwMkMzMzM2MzAzMDJDMzYzMDJDMzYzMDJDMzEyQzMw
MzAzNTM3MzAyQzMzMkUzNDMyMkMzMTJFMzIzNjJDMzEzMjM1MkMzMDJDMzAy
RTMxMzYzOTJDMkIzMDMwMkUzMDBEMEFGOTEwMkY3RDU1MDc3RjAwNjcwMjNB
MDAwMDU3MzIzMDMxMzIzMDM1MzEzMzMwMzYzNDMwMzAzMEZGNEQwMDAwODBG
QjQ0MDA0MDAwNDQwMDAwN0E0NzAwMDAxMjQzQzA4RDIxM0YyQUZBQjA0MDc2
RTNCRTNGRTVDRDc3M0ZGMzM4Q0Y0MDVDNjQ5RTNGRjFGRkMxNDAzQUVCQUQ0
MDhFQjBEQzQwRDA1Q0Q1NDBEN0Y4ODIzRjFFRjNGODQyQUEzMzRBNDJEQkI5
M0IzQkU3MjI0RTY0N0Y4QzdGMDJCQTAyM0EwMDAwNEI1NjQ4MjAzNzMyMzAz
MTMyMzAzNTMxMzMzMDM2MzQzMDMwMzAzNjAwMDAwMDdCMTRBRTNEMEFEN0Ez
M0IxQ0YzRjg0MkE1MzM0QTQyMjlFNzE3NDNBQzBCNjU0MjNCQjAxQjQzRDBB
NzgwNDJCQjlDMTU0M0NDMDI4MDQyRTY3NDEyNDMyNjc1NTc0MjVEODIwRTQz
OTA2QzM0NDJFMUNDMEE0MzIxMTExRjQyMDA4MDAxNDM5NDE2MzU0MkI2Q0FG
QjQyNDE2NjY3NDI1REE0MTU0MzM2QjA3MTQyQjY1RDBDNDNDRUIwNjc0MkM2
MkZFQTQyQUI0MjY3NDIwQTAxRTE0MjgwMTQ1RjQyQ0VDN0Y3NDI4QURCNEM0
MjM3RDIwODQzRDgxNzQxNDIyODdEMTE0M0Q5OEMyRTQyRjdFMzA1NDMyMzE1
MTQ0MjlENzRGRjQyQjBCMTA5NDI4QTRCRkQ0MjVENjIzMTQyMUJDMEUwNDJE
Q0NCNEU0MjJEOTZDODQyMjQzQjRENDJCRTI3Q0M0MjYzMjk0NjQyOTUxNkQy
NDI1NUFCMzk0MkRBMjNEMjQyOEE0MDRCNDJCQzA3RTg0MkFFNkY2MTQyNjYw
MEUzNDJDRUE0NkE0MjU5NThEMDQyQzhCQzVDNDI0REY0QzQ0MjM0NTQ1MzQy
NDA5NDlGNDIzRjQxNTc0MjIwNTM4RDQyQzI2ODM1NDJBOTU4QUM0MkI2MzIy
NDQyN0JDNkM3NDJCRTNGM0E0MjNGRDVFRjQyMzE3RTVCNDI1OTJCMDQ0Mzgw
NkI1QjQyRDRENjBENDNEOEU5NTg0MkI0NTQxQzQzNzE3RTc0NDI3RUU1Mjg0
M0ZCODM4NjQyQjVDRDFCNDM0NUQyOEI0MjRBQjVFMjQyNTQzRDkxNDJFNTYx
OTk0MjU3QTE4RDQyMjBFMkI5NDJBNDlBOEQ0MjM2RjQxMDQzMTJCMThBNDIw
NkZDMjU0MzY5MTY3OTQyRTAyMzFGNDMxNkVENzI0MkU3REFGRTQyMzlGOTc1
NDI4RkVBRTU0MjdDNDI3RjQyRjc5MzBCNDNBMEI4OTI0MjYwM0MzRjQzNjE0
OTkwNDJGRUNBNDU0MzAwMjc3NDQyNEQ1OTRCNDM2RUY2NkU0MkQxNTk1MjQz
Mzg1Rjg3NDJDN0VCOEY0MzVDMDQ5QzQyNUI3OUEzM0Y0MjUzOTk0MjJDNjMz
NDQyMUFBNjkxNDJEOTVGNDc0MjgwQTY5MjQyNUZCQzE5M0RGRkZBODgzRDJB
NjhBRDNEREQxRjFFM0U5MTU2NTIzRUE0N0ZFQTNFMkU2NDMwM0Y3M0RDRjEz
RTU4RjY2ODNFRDdFNzg4M0UxNzNBMDkzRkFDRjgwRjNGN0M2Rjg2M0ZFQ0FG
MDczRjMxQTdFMTNFNEM2MTREM0ZFMDU5NjkzRkRBODhGOTNFQTkzRkU2M0U2
QjI0Q0IzRTMwQUQzQjNFNDE1NTkzM0UxMEU2NkEzRUJCNjg3NDNFNTZDRTM5
M0U3QkNCNTczRUY4MkQ5MDNFN0YzNDREM0UzMTUyQkUzRDdFMUE0RTNFNUVD
MDAzM0U2NjFGRDgzRDk3RTM1NDNFMTJDOA==

--SBD.Boundary.605592468
PROCESS /noc/users/iridburst/exec/irid_300224010734970_upd.pl
Last Run  ----1970-01-01 00:00:00 
MONTH  5 
DATA  xxrecord 2012-05-13 07:00:05 :: $W5M5A,120513,070005,660d0028449ce246,1,DAS 2,4901.5014N,1622.3057W,3.2,236,5.2,14.0,11.0,64.2,4.5,11.2,64.3,4.7,1035.4,0.97,1.49,6.9,125,51*61
 
INSERT
STATION sbdservice
IRID_ID 300224010734970
BODY 
Content-Type: application/x-zip-compressed; name="SBMmessage.sbd"
Content-Disposition: attachment; filename="300224010734970_003259.sbd"
Content-Transfer-Encoding: base64

JFc1TTVBLDEyMDUxMywwODAwMDUsNjYwZDAwMjg0NDljZTI0NiwxLERBUyAy
LDQ5MDEuNDg0M04sMTYyMi4zMDc1Vyw1LjYsMjUxLDguNSwxNC4wLDEwLjks
NjUuMyw0LjYsMTEuMSw2NC42LDQuNywxMDM1LjAsMC45NSwxLjM5LDcuNCwx
MTYsNTQqNjkNCg0KJFc1TTVBLDEyMDUxMywwODAwMDUsNjYwZDAwMjg0NDlj
ZTI0NiwyLERBUyAyLDEzLjYsMTQuNCwwLjIsMC40LDAuMDEsOTYyLDk2OCwx
NTYsNjI4LDAsMjkuNCwxMy44OCw5MjUqNUUNCg0KJFc1TTVBLDEyMDUxMyww
ODAwMDUsNjYwZDAwMjg0NDljZTI0NiwzLDdGMDA3NTAyM0EwMDAwNTMzMjMw
MzEzMjMwMzUzMTMzMzAzNzM0MzAzMDMwNTU1QjAwMzEzMjMwMzUzMTMzMzAz
NzM0MzAyQzU0NDE0MjMwMzAzMDMwMzAyQzJEMzAzNTMxMkUzMTJDMkMzMTMz
MkUzODMyMkMzNDJFMzAyQzMzMzYzMDMwMkMzNjMwMkMzNjMwMkMzMTJDMzAz
MDM1MzczMDJDMzMyRTM0MzIyQzMxMkUzMjM2MkMzMTMyMzYyQzMwMkMzMDJF
MzEzNjMzMkMyQjMwMzAyRTMwMEQwQUVGMTA2MzgwREY3QzdGMDA2NzAyM0Ew
MDAwNTczMjMwMzEzMjMwMzUzMTMzMzAzNzM0MzAzMDMwRkY0RDAwMDA4MEZC
NDQwMDQwMDA0NDAwODg5MDQ3MDAwMDE0NDM4OTI4MUEzRkFBRUZBQzQwRkY5
MEIxM0ZDNTQ2NzIzRkQxN0RDRTQwMUUzRjkyM0ZBMjY3Q0M0MDVFOUJBRTQw
N0MwOUVENDA4NzU0RDU0MERBQzk3RDNGMDk2MEU3NDJDNzZCNTY0MjJGMEMy
QTNCOTIxRUNCQUJDODlGN0YwMkQyMDIzQTAwMDA0QjU2NDgyMDM3MzIzMDMx
MzIzMDM1MzEzMzMwMzczNDMwMzAzMDM4MDAwMDAwOTk5OTk5M0QwQUQ3QTMz
QjA3NjBFNzQyQzc2QjU2NDI0QUNFM0Q0MzA0RUYzNDQyNDUzQjM0NDNDMUNG
MjY0MkYwQjUyNTQzRjBCODNCNDJDODFEMTU0MzA3RUY1NzQyMkYyQjEwNDM3
RjgyM0U0MjJCMTcxMDQzREY2MDMyNDI2NUEyMEQ0M0JENjc0QzQyRTVGODAx
NDM2QTQ2Njk0MkI4RTBEMzQyRUVFMzY4NDIyNDMwRDY0MjZFNkU0QTQyMjFG
MUU4NDIwMjRDNDI0MkYxMUVEMjQyOTM4MTQzNDJERTZEQzI0MjM3NDUzRTQy
RjEyM0NFNDJEMkE0NEE0Mjk0N0YwMTQzODMxNzRDNDIyMTVCMDM0MzlBQjAy
QjQyNEY2OUY2NDIxODFBMzk0MjNFMUFDRTQyNEVDQzRENDIwQzg4RDE0MjU5
NzY0QjQyMzM4MzAwNDNEQUM3NDU0MjI4OUUwMzQzRkE4NzQ3NDI5NzE5MDI0
M0U0RkY1NjQyNTRDODA0NDMxQjY4NUU0MkM5QjFFNjQyRTk4MzVCNDIyQTc1
RDI0MkU5QkM2MDQyRkU5NURCNDI5Mzc0NjM0MkM4NERDRjQyOEY0OTZGNDJD
ODVBQjE0MkMxMjM3NTQyMUQ4NkMzNDJDQTI4NzU0MjNEQjVGMjQyRUZGNjcw
NDJDNEFDRjI0MkNDNDU1RTQyQkVDM0U1NDI2NTFENUU0Mjc1MzZGOTQyOTU4
ODc5NDI1MkUwRjc0MkRFMjY3QTQyMjc5OENENDI0QzQxNzE0MjY2MjlCQzQy
RENFOTg2NDI4Qjk0MDQ0M0NDMjg4RjQyODk1RjE2NDNDMDE3ODk0MkZBMzkw
MjQzOTlDNzkyNDJDMkQ2Qjg0MkQyMjA5ODQyNDc1OEEyNDI3RDMyOTg0MjI4
RUM4MjQyOTdDNzkzNDI3NzY4OTQ0MkQ1MjI4QjQyNjdENkJBNDI3RDgyODc0
MjgwMkNBNDQyNTYwMjg3NDI5QkZDNjM0MjE3QzQ4MjQyMEZFQjExNDIxRjY3
N0E0MjU5RDE0QjQyQTA3Qzg1NDJCRkEwRTg0MkQzOTQ4NDQyOEYwQTFCNDNE
NTQzNzc0MjJBQzkyQzQzOTM4Njg4NDI2RjZFMjA0MzgxRkQ5MTQyMkVFRjEz
NDNGRkMyOTU0MkU3RDM0MDQzRTQ5Nzk3NDI2Q0IyNzE0MzJCOTQ4RTQyNjQ0
RDcwNDMxOENFOEQ0MkNFQTg2QzNENDQ1NzU1M0RFMEE2MEQzREVBRTA0NTNE
NkIyQzVDM0RDNTcyMUUzRTk4RUU4RDNFMTRDOUJFM0U1ODBFODUzRUE3N0M5
MjNFQzY2QkZBM0UwM0VEMUIzRkY1QkU4QTNGMjVDQzk2M0U3QjJEQjIzRUNG
M0ZFQzNFOUZBOEYzM0UwRDFBMTAzRjYzREY0QTNGQUEwQzI0M0Y3M0NGNkQz
RjFGNjVCMzNFQUIyRkRGM0Q0OTI3MjQzRUFCNjc4MzNFMTRFM0FFM0U1MzU3
QzEzRERBNTNEQzNEQjE0NzAxM0U2RjRBRQ==

--SBD.Boundary.605592468
PROCESS /noc/users/iridburst/exec/irid_300224010734970_upd.pl
Last Run  ----1970-01-01 00:00:00 
MONTH  5 
DATA  xxrecord 2012-05-13 08:00:05 :: $W5M5A,120513,080005,660d0028449ce246,1,DAS 2,4901.4843N,1622.3075W,5.6,251,8.5,14.0,10.9,65.3,4.6,11.1,64.6,4.7,1035.0,0.95,1.39,7.4,116,54*69
 
INSERT
STATION sbdservice
IRID_ID 300224010734970
BODY 
Content-Type: application/x-zip-compressed; name="SBMmessage.sbd"
Content-Disposition: attachment; filename="300224010734970_003260.sbd"
Content-Transfer-Encoding: base64

JFc1TTVBLDEyMDUxMywwOTAwMDUsNjYwZDAwMjg0NDljZTI0NiwxLERBUyAy
LDQ5MDEuNDgyOU4sMTYyMi4zNjMwVyw0LjUsMjQ0LDYuOCwxNC4xLDEwLjks
NjQuNiw0LjYsMTEuMiw2NC43LDQuOCwxMDM0LjYsMS4xLDIuMTEsOCwxMzIs
NDUqNEYNCg0KJFc1TTVBLDEyMDUxMywwOTAwMDUsNjYwZDAwMjg0NDljZTI0
NiwyLERBUyAyLDE0LjAsMTQuNSwwLjIsMC40LDAuMDEsOTYzLDk2OSwxNTYs
NjI4LDAsMzU3LjYsMTQuMjcsOTIxKjYxDQoNCiRXNU01QSwxMjA1MTMsMDkw
MDA1LDY2MGQwMDI4NDQ5Y2UyNDYsMyw3RjAwNzUwMjNBMDAwMDUzMzIzMDMx
MzIzMDM1MzEzMzMwMzgzNDMwMzAzMDU1NUIwMDMxMzIzMDM1MzEzMzMwMzgz
NDMwMkM1NDQxNDIzMDMwMzAzMDMwMkMyRDMwMzUzMTJFMzEyQzJDMzEzMzJF
MzgzMzJDMzQyRTMwMkMzMzM2MzAzMDJDMzYzMDJDMzYzMDJDMzEyQzMwMzAz
NTM3MzAyQzMzMkUzNDMyMkMzMTJFMzIzNjJDMzEzMjM3MkMzMDJDMzAyRTMx
MzYzMzJDMkIzMDMwMkUzMDBEMEFGMjEwNkE0MEEzMzU3RjAwNjcwMjNBMDAw
MDU3MzIzMDMxMzIzMDM1MzEzMzMwMzgzNDMwMzAzMEZGNEQwMDAwODBGQjQ0
MDA0MDAwNDQwMDEwQTQ0NzAwMDAwQzQzQjBEQzM5M0YxNDYwQjY0MDZCRUMw
NjQwQjJCQThDM0ZCMEZDRDA0MENCOTZBQTNGMkIwRkU3NDA1RjI0QjM0MDAw
MDAwMDQxQUY5M0Y0NDAyNTc5OTMzRjZBMUYwNDQzMzdFNDMzNDJBQjBCNzQz
QkU0MUJFMTRFMTE2NzdGMDJBMjAyM0EwMDAwNEI1NjQ4MjAzNzMyMzAzMTMy
MzAzNTMxMzMzMDM4MzQzMDMwMzAzNDAwMDAwMEVCNTFCODNEMEFEN0EzM0I2
ODFGMDQ0MzM0RTQzMzQyNzc1RDIwNDM1RTRENzE0MkQ2ODEwRjQzRjVCMTgw
NDIyOTM4MDM0MzJFOTM3QzQyQjY2QjA5NDMzNzkzNzg0MkZFQzQwNDQzMzFD
MTVGNDJEMTcxMDE0MzMyRDIzQTQyMjcwRDAzNDNEQTk5MUY0MjZENTgwNjQz
OEIwMjBCNDIyMkMxMDk0MzA0QzlGQjQxOERFRTA2NDM0Q0MyMEE0MkVGNkYw
NjQzNURBOTEwNDI0NzBFMEQ0MzdFNjQxNjQyOEIzMjA4NDM3OEE0MjU0MkVD
RUJGMjQyOThDRTIzNDJGN0IyRjI0MjhBODYwRTQyMzZBM0ZDNDI5OUE2MTE0
MjM3OUFFQTQyMDc1ODNENDIxQzIyQ0E0MkE0QkI0RjQyQjEwMkVDNDI1MTc5
M0E0MjZEOUQwMzQzQzlENTI4NDIwRjM0MDk0MzJDQTUzODQyNzE3QTBDNDMy
OUIyM0M0MjEyNzEwNzQzMzI5MDJFNDI0ODI4RjA0MkNFMzAzNTQyMkVDNEUw
NDJDRDI1NUY0MkU4RjkwRDQzRURFMTdENDI5RkUzMUE0M0REREU2RTQyNTFB
QjA5NDNEMzBENTE0MjUwRTIwOTQzREUzRDQ3NDI5NzhFMTY0M0U0RkM1QTQy
QzNBNTE2NDM1QjAyNjU0MkUxQTYwNDQzMzI4NDY4NDI2NkVDRkI0MjI2MTM1
RTQyOEExOTAzNDMxMDIzNjg0MjNEOENFNzQyRjJEMDc3NDJEREFBRTM0MjUy
RTg2QTQyODY4MUU3NDI3QjRGODM0Mjc2MkExMDQzQzdFODg2NDJFQzczMUI0
MzdGQ0U3RTQyMTM3OUY2NDI0RDYzODc0MkE5OTRCMjQyQTRCRDg4NDIyNzA1
Qzk0MjYwRkY4ODQyQ0UwOEU0NDIyRTY3OEU0MjlCOEQyODQzRkQ0NzhCNDJG
QkQ3MzY0M0Q0QzQ3QjQyRjY4MDM2NDM5NEIxODA0MjlFQTgxRjQzOUUwOTk0
NDJERDYwRkU0MjY0MDk5NzQyQ0ZGREQxNDI1RDQ2ODc0MjI1ODRENjQyODdE
RjgwNDI0QjAxMDM0MzcyQjU4RTQyNjE4NDIzNDNGNDU1OTk0MjZDNDJDMDNE
MTk4NTE2M0VDNjc0NDIzRURCRDY1QjNFNjBFNkNBM0UwN0ZBRTIzRTY0MkY4
MDNGNTE0QkI3M0YyNUNGNDMzRjUxOUI0QjNGREJFNDkzM0YxNERDNjUzRkEy
Mzc1MDNGMjUwNjFFM0YzN0Y1MUUzRjFGQzYyNDNGOUY1OUQxM0UxMzhBOEMz
RTdBMkVDNzNFODMxQ0I2M0U5NTFEODQzRTMxOTk4NjNFNjJBOEE0M0UwNzFD
QUYzRTAzMkZBMTNFMzc5QzgyM0U5QTBGRTYzRDM4QTg2MjNFMjFGRTYwM0VG
QTIyNDQzRURFMkE5MDNFMUQwMjdEM0VGQzM0NzczRTUxMTYwQzNFRTM2Mjg3
M0Q2NDEzNjgzRDE3MUU5RjNEM0JFQkUzMw==

--SBD.Boundary.605592468
PROCESS /noc/users/iridburst/exec/irid_300224010734970_upd.pl
Last Run  ----1970-01-01 00:00:00 
MONTH  5 
DATA  xxrecord 2012-05-13 09:00:05 :: $W5M5A,120513,090005,660d0028449ce246,1,DAS 2,4901.4829N,1622.3630W,4.5,244,6.8,14.1,10.9,64.6,4.6,11.2,64.7,4.8,1034.6,1.1,2.11,8,132,45*4F
 
INSERT
STATION sbdservice
IRID_ID 300224010734970
BODY 
Content-Type: application/x-zip-compressed; name="SBMmessage.sbd"
Content-Disposition: attachment; filename="300224010734970_003261.sbd"
Content-Transfer-Encoding: base64

JFc1TTVBLDEyMDUxMywxMDAwMDUsNjYwZDAwMjg0NDljZTI0NiwxLERBUyAy
LDQ5MDEuNTI3Nk4sMTYyMi40NzQzVyw2LjcsMjQyLDkuMCwxNC4xLDEwLjks
NjYuMyw0LjgsMTEuMSw2Ni4yLDUuMCwxMDM0LjMsMS4yMywyLjAzLDgsMTM4
LDM5Kjc2DQoNCiRXNU01QSwxMjA1MTMsMTAwMDA1LDY2MGQwMDI4NDQ5Y2Uy
NDYsMixEQVMgMiwxMy44LDEzLjksMC4yLDAuNCwwLjAxLDk2NCw5NzAsMTU2
LDYyNywwLDMxMi42LDE0LjI3LDkyOCo2NQ0KDQokVzVNNUEsMTIwNTEzLDEw
MDAwNSw2NjBkMDAyODQ0OWNlMjQ2LDMsN0YwMDc1MDIzQTAwMDA1MzMyMzAz
MTMyMzAzNTMxMzMzMDM5MzQzMDMwMzA1NTVCMDAzMTMyMzAzNTMxMzMzMDM5
MzQzMDJDNTQ0MTQyMzAzMDMwMzAzMDJDMkQzMDM1MzEyRTMxMkMyQzMxMzMy
RTMyMzkyQzM0MkUzMDJDMzMzNjMwMzAyQzM2MzAyQzM2MzAyQzMxMkMzMDMw
MzUzNzMwMkMzMzJFMzQzMjJDMzEyRTMyMzYyQzMxMzIzODJDMzAyQzMwMkUz
MTM2MzYyQzJCMzAzMDJFMzAwRDBBRjcxMEI0QjlBREIzN0YwMDY3MDIzQTAw
MDA1NzMyMzAzMTMyMzAzNTMxMzMzMDM5MzQzMDMwMzBGRjREMDAwMDgwRkI0
NDAwNDAwMDQ0MDA5OEI3NDcwMDAwMDg0M0M5MTY1MDNGODgwQ0JENDA0REI4
MDE0MDEwRDA5RDNGQjM3NUQ4NDAzNTUzQ0EzRjc5MjBERTQwM0EyQkI5NDAw
MDAwMDA0MUJDRjBGQTQwQ0U4N0E1M0ZDRTdEMEE0M0FDNDcxRDQyOUJFRjk4
M0JGRTFDNEVFMUI4N0I3RjAyOTYwMjNBMDAwMDRCNTY0ODIwMzczMjMwMzEz
MjMwMzUzMTMzMzAzOTM0MzAzMDMwMzMwMDAwMDBFQjUxQjgzRDBBRDdBMzNC
Q0Q3RDBBNDNBQTQ3MUQ0MjY5MjcyMzQzODQ4QjRENDI0NTQ3MjM0MzhERTg1
ODQyMDFFNjE2NDM2MDM1NTI0Mjg1NkMwRjQzMUJEODQwNDJFNjA2MEU0MzAw
QTgyNDQyOEY4ODBFNDMyNjQ5MDU0MjM5RjAwRDQzOEQxMkYwNDE5MDZEMEM0
MzM5N0NFMjQxRkY2RjBENDMwRTU5RTM0MTU4ODIwRTQzODZBMjBDNDIxMjBC
MTA0M0MzRjgxNDQyRjZCNTBGNDM0QzhERkE0MTNDREUwNDQzNzVENzA4NDI4
MUE0Rjk0MkIxNDExMjQyNTI4MTA2NDMyNzBDMUY0MkFCNDQwODQzQ0FBQTMy
NDIyMDgxMDI0M0IyQ0EyNDQyNjRCODAxNDMwNkU1MTU0MkM4MTAwMTQzQjA4
MjEyNDJGQjIxMDE0M0QxRDYxMzQyMDkyMDAxNDM0OTIwMjQ0MjVCNTMwMjQz
RDhFMzQ3NDJFN0REMEQ0M0Y0NzY1MDQyRjAwNzAxNDNCM0M1NEU0MkFGOTlF
QjQyMUVGMzQ1NDJGM0E4MEU0MzQ4Qjk0QjQyMzU4RDFGNDM4MUIxNTg0MkNE
QjkyMTQzRDg1QzZFNDIwNjUyMjc0M0U3MDc2ODQyMjM1MjFENDNDQzdENDE0
MjBGMzQxMzQzNUM2MDNENDJFQUUwMTU0MzM2N0U2MTQyQTc3MzI0NDNDM0Mx
NkQ0MjQ5NkIyMDQzOTg1RDY5NDIwNTg4MUE0MzNCNkE3MzQyQTYxRDBDNDM2
NzY3Nzk0MkRCNkFGMDQyN0JENDdBNDI4Q0IyQkQ0MkQ3QTI4MTQyRDNBQ0I4
NDI2MjU4ODg0MkNCODdFMTQyMTBEODkyNDJCN0RCMDU0M0FGQkE5NjQyMkEz
QzBCNDM2OUUwOTM0MkNDNTUyMDQzODQxRjgxNDIxNEE2MUM0MzRCMzY3NjQy
QUFEMDBENDM2OTA5ODQ0MkNEM0YwODQzNDI4Qzg2NDI0RDFCMTc0MzgyNDA4
NTQyMzA5MDIwNDNDMERDODE0MjZGQkMwRDQzQkE1RTg3NDJFNTc0RDk0MkNE
QUM5MzQyRDBFNTJBNDNCNURDOUI0MkNFODFDNTNEMDlERDM1M0VDQkY4NzMz
RTlFMjk4NDNFMkQzNEJFM0U4NDZDODgzRkFCRDBBRjNGQUJDNTExNDBGQThE
MDY0MEU1Nzg2MjNGRkE5NEZEM0U0MDMzODczRjY5MjQ2MDNGNjE3QTc1M0ZB
NzMzNEQzRjg1MjFBODNFRDA3MjE1M0Y4QkVENDczRjk0OEYzMDNGQzc3QjJG
M0ZFMDBGMzkzRTgzNUQ1NDNFRkY0MTlCM0U5RENEOTAzRUU1RERBQjNFQzYy
QzczM0VBMTA1NkUzRTMwQzlFQzNEQTc3Qzk2M0Q2NUE3RkUzRDYwM0IyQjNF
NkNGQ0MxM0QwQ0I5QzEzREUwQjE3QTNFOUREMTYxM0VDNUM4MEIzRUZDNDIw
NzNFRkE1NUU3M0Q2MUUwMzkzRUU3RUJFRg==

--SBD.Boundary.605592468
PROCESS /noc/users/iridburst/exec/irid_300224010734970_upd.pl
Last Run  ----1970-01-01 00:00:00 
MONTH  5 
DATA  xxrecord 2012-05-13 10:00:05 :: $W5M5A,120513,100005,660d0028449ce246,1,DAS 2,4901.5276N,1622.4743W,6.7,242,9.0,14.1,10.9,66.3,4.8,11.1,66.2,5.0,1034.3,1.23,2.03,8,138,39*76
 
INSERT
STATION sbdservice
IRID_ID 300224010734970
BODY 
Content-Type: application/x-zip-compressed; name="SBMmessage.sbd"
Content-Disposition: attachment; filename="300224010734970_003262.sbd"
Content-Transfer-Encoding: base64

JFc1TTVBLDEyMDUxMywxMTAwMDUsNjYwZDAwMjg0NDljZTI0NiwxLERBUyAy
LDQ5MDEuNTczM04sMTYyMi42MDc3Vyw3LjksMjQ0LDkuNiwxNC4xLDExLjEs
NjYuOCw1LjIsMTEuMiw2Ny40LDUuNCwxMDM0LjAsMS4zNCwyLjExLDgsMTQz
LDM2KjcyDQoNCiRXNU01QSwxMjA1MTMsMTEwMDA1LDY2MGQwMDI4NDQ5Y2Uy
NDYsMixEQVMgMiwxMy44LDEzLjksMC4yLDAuNCwwLjAxLDk2NSw5NzEsMTU2
LDYyNywwLDI3Mi44LDE0LjY2LDkyMyo2Mw0KDQokVzVNNUEsMTIwNTEzLDEx
MDAwNSw2NjBkMDAyODQ0OWNlMjQ2LDMsN0YwMDc1MDIzQTAwMDA1MzMyMzAz
MTMyMzAzNTMxMzMzMTMwMzQzMDMwMzA1NTVCMDAzMTMyMzAzNTMxMzMzMTMw
MzQzMDJDNTQ0MTQyMzAzMDMwMzAzMDJDMkQzMDM1MzEyRTMxMkMyQzMxMzMy
RTMyMzkyQzM0MkUzMDJDMzMzNjMwMzAyQzM2MzAyQzM2MzAyQzMxMkMzMDMw
MzUzNzMwMkMzMzJFMzQzMjJDMzEyRTMyMzYyQzMxMzIzOTJDMzAyQzMwMkUz
MTM2MzcyQzJCMzAzMDJFMzAwRDBBRjExMDZDRjEzOTA3N0YwMDY3MDIzQTAw
MDA1NzMyMzAzMTMyMzAzNTMxMzMzMTMwMzQzMDMwMzBGRjREMDAwMDgwRkI0
NDAwNDAwMDQ0MDAyMENCNDcwMDAwMDc0Mzc3MEE1QzNGODAzMkJFNDBBMkU0
MDY0MDJEMUJBQjNGRUM0OUUxNDBDNUUzRDgzRkY4MDBFMjQwMjRGMEJFNDAw
MDAwMDA0MTA4Q0JGQzQwQjY0M0IzM0YyMTk3MEU0MzBFNDQxMDQyRDM0OEI1
M0IwOTFDMzc4ODgxNTg3RjAyNzIwMjNBMDAwMDRCNTY0ODIwMzczMjMwMzEz
MjMwMzUzMTMzMzEzMDM0MzAzMDMwMzAwMDAwMDBFQjUxQjgzRDBBRDdBMzNC
MjA5NzBFNDMwRjQ0MTA0MjZFNEMxQzQzMkUyMzQ5NDI2RDU5MjA0MzJEREQ0
NzQyNzgxRTFDNDMwRDUzM0Q0MkEwMEExNzQzRjM2RjIyNDI4QUY3MTY0M0Iw
NjhGQTQxNUJFRDE2NDM2Mzc4RTU0MURDMTQwRDQzMkFBMkQ4NDEwMUFEMEI0
MzFEMjZDNjQxQzEwQTBFNDM4Q0QxRDg0MTY4M0YwNzQzMjFGMzBGNDIwMTAx
MDU0MzRDRkQyMDQyMUREQjEwNDNDNTM5Rjg0MUM1M0MxMTQzOTJGM0QxNDEx
Rjc4MTA0MzYxMjNGODQxOEZDRjBDNDM3NjkzMUM0MjhFODIwNjQzQjdGOTE4
NDI2NjIyMEI0MzhEMTYwNTQyQjBBRDBENDNBMDMzRkQ0MTBDNTUwRjQzRUE2
RDExNDJEODlFMTQ0MzE1OEQzNDQyNkFGNjBGNDM5MTIzM0U0MjUzOTUxNDQz
NzUyMjMxNDI3QzdFMTg0MzgzNjkyNDQyNkE3MjBGNDNCNzFENDA0MjY3NDZG
RjQyRjlEMTNFNDIzQzdGMDA0MzdFRjEyOTQyMTE3RDBFNDM3MjQ1MkQ0MjM2
MzIxNDQzODAwNjMzNDI2OEVDMEE0Mzg0NUMyRDQyNEQxOUZDNDJEMzg5M0Q0
MjQzNzBFMzQyQjlEMDZBNDI3MDNFRkU0MjJBRkU3NjQyNUZDODA5NDNCNURC
N0U0Mjk0MDAwNzQzRjY1Qzg1NDI3MEYyRkY0MkM4OEY4NzQyREE5MTAwNDM1
RTk5OEI0MkE1NkZFNTQyMUZBNzhENDIzMkJEMDA0M0Q5MTI5MzQyMUI0NDI4
NDM0NjIyOTI0MjlCMDk0RDQzNDQyQzhFNDIxNEU1NjQ0MzU3ODE4QTQyNTdD
NDVENDNDOUEyOTI0MjE0NTExOTQzNUZGRThGNDIzREYyMEI0M0YwRjc4MDQy
RjMzQTA5NDMzQ0U5ODI0MkYyOTIwMzQzRDkyODg5NDJFRDY4Mjc0MzIxMDU5
NzQyMTk3NzQ1NDMzNjJEOUE0MjkwNDJBMjNENTJDODQyM0VGNUE3M0YzRTNB
MDlCQjNFMDdFNDVEM0ZGNkQ1QkUzRkUzM0JBQjNGQkVCRDJGNDAzMjk5MDI0
MEM0QjNBMjNGRjNENTM3M0Y1M0M3QUUzRkU1OTY5NjNGNjU1QzY4M0YyQzM3
MTczRjBDNzQxRjNGODU0MTVFM0ZBRjYzMzMzRkY2NUUzODNGOTA1NDg3M0VG
OUI5QjAzRTY4MzhGNjNFRDk5ODI0M0ZCRUI5QTAzRTFCQ0RFNzNFRDdDN0U1
M0VEQzY2NkYzRTlFODJBQTNFNjU3RTg4M0U2MDBCODIzRUE2RjVEQzNEQzMy
NDA1M0U3MjEzNjEzRUQyRTQyQzNFQzIxMDIzM0U5RUNFQjIzREJDQzM5NTNE
M0ZDOUI4M0Q3RjgxQkEzRERBNDA2MDNENTBDMTVFM0RBNUJFRTUzRENGNjRE
QjNEOEQwMjU1M0RENDE5QkMzREMxMTM3Qg==

--SBD.Boundary.605592468
PROCESS /noc/users/iridburst/exec/irid_300224010734970_upd.pl
Last Run  ----1970-01-01 00:00:00 
MONTH  5 
DATA  xxrecord 2012-05-13 11:00:05 :: $W5M5A,120513,110005,660d0028449ce246,1,DAS 2,4901.5733N,1622.6077W,7.9,244,9.6,14.1,11.1,66.8,5.2,11.2,67.4,5.4,1034.0,1.34,2.11,8,143,36*72
 
INSERT
STATION sbdservice
IRID_ID 300224010734970
BODY 
Content-Type: application/x-zip-compressed; name="SBMmessage.sbd"
Content-Disposition: attachment; filename="300224010734970_003263.sbd"
Content-Transfer-Encoding: base64

JFc1TTVBLDEyMDUxMywxMjAwMDUsNjYwZDAwMjg0NDljZTI0NiwxLERBUyAy
LDQ5MDEuNjEyN04sMTYyMi42ODY1Vyw5LjIsMjQwLDExLjYsMTQuMiwxMS4x
LDY2LjQsNS4xLDExLjIsNjYuOSw1LjMsMTAzMy41LDEuMTIsMS43OCw3LjEs
MTM5LDQwKjUzDQoNCiRXNU01QSwxMjA1MTMsMTIwMDA1LDY2MGQwMDI4NDQ5
Y2UyNDYsMixEQVMgMiwxMy44LDEzLjksMC4yLDAuNCwwLjAxLDk2Niw5NzIs
MTU2LDYyNywwLDMwMi44LDE1LjA1LDkyMyo2Mg0KDQokVzVNNUEsMTIwNTEz
LDEyMDAwNSw2NjBkMDAyODQ0OWNlMjQ2LDMsN0YwMDc1MDIzQTAwMDA1MzMy
MzAzMTMyMzAzNTMxMzMzMTMxMzQzMDMwMzA1NTVCMDAzMTMyMzAzNTMxMzMz
MTMxMzQzMDJDNTQ0MTQyMzAzMDMwMzAzMDJDMkQzMDM1MzEyRTMxMkMyQzMx
MzMyRTMyMzkyQzM0MkUzMDJDMzMzNjMwMzAyQzM2MzAyQzM2MzAyQzMxMkMz
MDMwMzUzNzMwMkMzMzJFMzQzMjJDMzEyRTMyMzYyQzMxMzMzMDJDMzAyQzMw
MkUzMTM2MzYyQzJCMzAzMDJFMzAwRDBBRTkxMDI2ODc5NkI0N0YwMDY3MDIz
QTAwMDA1NzMyMzAzMTMyMzAzNTMxMzMzMTMxMzQzMDMwMzBGRjREMDAwMDgw
RkI0NDAwNDAwMDQ0MDBBOERFNDcwMDAwMDg0MzBDMjg0MTNGMjIxMUJENDA0
MjNCRTMzRkVGQjU4RjNGMjE3NUQ5NDBGQUQzQjMzRkVGRjBFMTQwMDY0QkJB
NDA0OTkyRTQ0MEEwRjZFNDQwN0NDMTk5M0Y3MzhBMEI0Mzk3NUUxRjQyNDgw
QjgzM0JENTFFNTZBNjE1QTI3RjAyOTYwMjNBMDAwMDRCNTY0ODIwMzczMjMw
MzEzMjMwMzUzMTMzMzEzMTM0MzAzMDMwMzMwMDAwMDA3QjE0QUUzRDBBRDdB
MzNCNzI4QTBCNDM5NzVFMUY0MkVBMUIyQzQzNUIzRTc5NDI1Njk3MTA0MzEx
NjY2QTQyRTBENzExNDM2QkE5Mjk0MkZCNTkxMzQzNkZBMzBCNDIxMjJFMEM0
MzEzMDEwRTQyNzFFRTAyNDM5MzA2MDg0MjgxNUEwNjQzRkRGRjEwNDI4Rjkz
MEU0M0EzNDgxRDQyRUY1OTBGNDNGMjMwMTM0MkIwRjkwOTQzNDQwRDBENDJG
NTExMDY0M0Q0NTAxOTQyOUNEODAzNDM3QzA4MEE0MjdFRTQwNTQzNjhCREZC
NDEyMDUzMEI0M0I5RDlGRTQxNUQ5RjA4NDM0QjhDRjM0MTVDQjEwMjQzMTAz
ODAzNDI2RDM4MDA0MzI0NEQxMzQyODE3NzA2NDMxMTI1MTY0Mjc4NEMxMzQz
MTUwRjBFNDIxQUM3MTY0M0VFRjcwRTQyRkVGRDA5NDNFRUM4MkE0MkIyODhG
RTQyRUM2ODJENDJDMTM0MDE0MzQ3QTIyMDQyN0JBQTBDNDMzQzIyMjI0Mjg3
NDkwRDQzRTk1NDQ0NDJDRkNBMEI0M0MzRkM1OTQyOTQ0NjE2NDM5RTdGNzM0
MjY0MzQxNjQzQkZBRTdCNDJDQ0E4MUE0MzI1ODM2MzQyNjIyMzFBNDM5NzhB
NUM0MjhGM0UwRjQzMDhBQzczNDJEN0Q5MDk0MzY5QzY3OTQyNEZBMzBCNDM4
QkJFNTk0MkQ4N0MwQjQzNkJGMjQ0NDIzRTdCMEE0MzUxNEE1QzQyRDI4NzE3
NDNCQjVBODE0MkJGOEQzODQzODY4Qjg0NDI2NTNCNEE0M0Y0OUY3RDQyNUFG
ODQxNDM0RTBFODQ0MjIyQzAyQjQzMDVFQjkxNDI2QUNGMUQ0MzY2NUI4ODQy
MjJBNTBCNDMzQTUyN0Q0MjlFMkVGRjQyMzk4RjgwNDJCNzYzMTU0MzdCRkU4
NjQyQkUwQTI2NDM4NjIwNzk0MjcwN0MyMjQzQzRGQTcxNDJENEJDMzQ0MzBD
NEY3RjQyNzkwQjQwNDM5NkY3ODQ0MjZFQUYzQjQzMzA3MTg5NDJBMDczMkM0
MzBGNUU5MDQyODQ0MzE1NDMzMzIzOTQ0MjFGREI4MTNEQTAwNDJEM0RENTYz
NTIzRUYwODBDODNFM0NGODA1M0ZBQzNBMkMzRjdBMUE3MTNGQTBDRDY3M0Yy
OTg3NkEzRjJFNDc1NDNGQzRENkZDM0U4Q0Q4QzUzRjIzODlBNzNGQzdERjc2
M0ZCMEMxNjMzRjg1QUIyMDNGQ0E1MEY3M0UwODdBRDUzRUQyQzcyQzNGNkQw
RkJFM0U5M0QwOTMzRTQ0QzlFNTNFNkJGMkRFM0U2MjZCNEUzRUVFNDg3QzNF
OTJFNTI4M0VEQkIzQUIzRDNBMzlBNzNENTkxNTQzM0VEMjRFNjIzRUI3RDE0
ODNFRjkwRDlCM0Q5MTBFQTEzRDcwNTY3MjNFNkUxNzMxM0UwMUZCMzEzRUJD
QzFGNTNERDI5NTA0M0UzNjZCQjkzREI4QQ==

--SBD.Boundary.605592468
PROCESS /noc/users/iridburst/exec/irid_300224010734970_upd.pl
Last Run  ----1970-01-01 00:00:00 
MONTH  5 
DATA  xxrecord 2012-05-13 12:00:05 :: $W5M5A,120513,120005,660d0028449ce246,1,DAS 2,4901.6127N,1622.6865W,9.2,240,11.6,14.2,11.1,66.4,5.1,11.2,66.9,5.3,1033.5,1.12,1.78,7.1,139,40*53
 
INSERT
STATION sbdservice
IRID_ID 300224010734970
BODY 
Content-Type: application/x-zip-compressed; name="SBMmessage.sbd"
Content-Disposition: attachment; filename="300224010734970_003264.sbd"
Content-Transfer-Encoding: base64

JFc1TTVBLDEyMDUxMywxMzAwMDUsNjYwZDAwMjg0NDljZTI0NiwxLERBUyAy
LDQ5MDEuNjQ3OU4sMTYyMi43MTUwVywxMC4yLDI0NywxMy4yLDE0LjMsMTEu
Miw2Ny4yLDUuNCwxMS40LDY3LjcsNS42LDEwMzMuMSwwLjk5LDEuNTUsNy43
LDEzMCw0Myo2Mg0KDQokVzVNNUEsMTIwNTEzLDEzMDAwNSw2NjBkMDAyODQ0
OWNlMjQ2LDIsREFTIDIsMTMuOCwxMy45LDAuMiwwLjQsMC4wMSw5NjcsOTcz
LDE1Niw2MjcsMCwzMTguMCwxNS4wNSw5MjEqNjINCg0KJFc1TTVBLDEyMDUx
MywxMzAwMDUsNjYwZDAwMjg0NDljZTI0NiwzLDdGMDA3NTAyM0EwMDAwNTMz
MjMwMzEzMjMwMzUzMTMzMzEzMjM0MzAzMDMwNTU1QjAwMzEzMjMwMzUzMTMz
MzEzMjM0MzAyQzU0NDE0MjMwMzAzMDMwMzAyQzJEMzAzNTMxMkUzMTJDMkMz
MTMzMkUzMjM4MkMzNDJFMzAyQzMzMzYzMDMwMkMzNjMwMkMzNjMwMkMzMTJD
MzAzMDM1MzczMDJDMzMyRTM0MzIyQzMxMkUzMjM2MkMzMTMzMzEyQzMwMkMz
MDJFMzEzNjM2MkMyQjMwMzAyRTMwMEQwQUVBMTBDQkU1ODM2QTdGMDA2NzAy
M0EwMDAwNTczMjMwMzEzMjMwMzUzMTMzMzEzMjM0MzAzMDMwRkY0RDAwMDA4
MEZCNDQwMDQwMDA0NDAwMzBGMjQ3MDAwMDE3NDNFQjEyMUYzRjA4QzhBOTQw
QkUwNUM2M0YyOEI2N0MzRkFFMEZDRDQwRDFCRjlEM0ZBMDBEREQ0MDUwRjBC
MjQwNjMyN0Y2NDA1M0NDRjQ0MDU0MTU4NjNGNzBCNTAxNDMyQ0U3MkM0MjEw
RkM0MTNCQUMxREQ5QUQ1MjhEN0YwMkEyMDIzQTAwMDA0QjU2NDgyMDM3MzIz
MDMxMzIzMDM1MzEzMzMxMzIzNDMwMzAzMDM0MDAwMDAwMEFEN0EzM0QwQUQ3
QTMzQjZGQjUwMTQzMjZFNzJDNDJEOTQwNTE0MzYxNUI3QTQyNDYyNjJFNDM3
NEEyODI0MjMzNTgwRjQzMDY2MzRBNDIxMjE5MEM0MzQ1QTczMTQyODNGNjA1
NDM3OEJGNjE0MjA3NzUwQTQzOURGQjUyNDI4MkI4MEM0MzYyODUxRjQyRUE5
NDBDNDM3QzM0MDg0MjI0REMwOTQzQUFDOTA5NDJCRjE3MEE0MzYwQ0JERjQx
NTQ4QjA4NDM1NjkwQ0U0MTdFNDMwNjQzQ0VCMjBCNDIzNTM1MDU0MzgzQ0Mz
MjQyMDk2RDAwNDNFRjY5MzI0MjcxRkFGQzQyRUM5RjFGNDIxMjU2MDE0MzVB
NzAyQTQyQThCMUZGNDIxNjgzM0M0MjlDQjhFODQyN0NERTQ0NDI4MTQ1RDA0
MjY4Q0U0OTQyOTFGNUNGNDIxRENGNEY0MjY5REZDOTQyQzQyQjY1NDI2MjQ3
QzM0MjM5NDg2MzQyOEZGQ0Q2NDIwRjBBNDQ0MjMwQUNFOTQyQzQ0ODM0NDJD
ODRCMDY0MzhCM0M0NDQyQTcxRTE3NDNFMjBEMzQ0Mjg3NEEwOTQzQ0MwQTFD
NDJGQjcwRkQ0MjA1QkQyMTQyNTBGRUVENDJGMkQzMzM0MjgyQ0RGNTQyQThG
QjNCNDJDMjIxMDA0MzA2NEI1NDQyOTlFRjAyNDNBOTdFNjI0MjdDNDIwMTQz
NkM5RjY5NDIwNUE2MDY0MzUzMTE1MDQyNDc4MDBBNDMyRkU3NDQ0MkY0RTcw
OTQzRDc1RTU2NDI0Nzk3MDc0M0UzRjA2MTQyRUU5QzA2NDNCRkU1NkE0MjlC
OUNGQjQyNkQzOTczNDIyQTA4RTI0MkU2QUY3MzQyQjZDNEMyNDJDMTg3N0M0
MjI4RDdCNDQyOUFCMDg5NDJGQjA2OTA0MkY1NTE5NDQyRjMwQzgwNDI1QUY0
OEU0MkFFOUFEMTQyQzlDMjhFNDIwMTdDMDY0MzU0OEM4RDQyQUE4NzBBNDNG
QzlBOEI0MkMyNTIxQTQzOEYwQjg0NDI3ODIwMjg0MzkzQjU4NDQyQTlFMDJE
NDMxNkZGOEM0MjM5MzIzRjQzNEQ2MTk1NDI0MjZGNzg0MzRCMjI5QTQyMURC
QzA2M0Q5RTQ4OEEzRDAzNjdEODNEQzBEODFCM0U0NTg2QkYzREU1QTU5MzNF
N0QyMUJEM0U5NUU5RjQzRTQ5RUREQjNFNUQ3ODZFM0YyMTdEQ0EzRjUzQUE1
QTNGNTYwMUIyM0UwMUFGQjczRTdCNTAxQzNGMDg5NTBEM0YyMzYzMTQzRjc0
QkEyMDNGNTg4REJEM0U0QTA4OUQzRUJFMDYzQTNFMzcxRjMzM0VGRDA5OEQz
RTVEMjI3RDNFMjAxRTVBM0U1NTA1MkYzRUVEMUVCNjNFREY5OUIyM0U4N0U0
MDMzRTQ0RDUyNDNFRDlGODEzM0UyNkM0OEEzREI2REFBRjNENTIzODU2M0VB
MEUxNTMzRUE2MDMzRDNFRjYxRTM0M0VGNg==

--SBD.Boundary.605592468
PROCESS /noc/users/iridburst/exec/irid_300224010734970_upd.pl
Last Run  ----1970-01-01 00:00:00 
MONTH  5 
DATA  xxrecord 2012-05-13 13:00:05 :: $W5M5A,120513,130005,660d0028449ce246,1,DAS 2,4901.6479N,1622.7150W,10.2,247,13.2,14.3,11.2,67.2,5.4,11.4,67.7,5.6,1033.1,0.99,1.55,7.7,130,43*62
 
INSERT
STATION sbdservice
IRID_ID 300224010734970
BODY 
Content-Type: application/x-zip-compressed; name="SBMmessage.sbd"
Content-Disposition: attachment; filename="300224010734970_003265.sbd"
Content-Transfer-Encoding: base64

JFc1TTVBLDEyMDUxMywxNDAwMDUsNjYwZDAwMjg0NDljZTI0NiwxLERBUyAy
LDQ5MDEuNjc1OE4sMTYyMi43NjI2VywxMS4wLDI2MSwxNC42LDE0LjMsMTEu
Miw2Ny41LDUuNSwxMS4zLDY4LjEsNS43LDEwMzIuNiwxLjA3LDEuNTEsOC4z
LDEyOCwzOSo2NQ0KDQokVzVNNUEsMTIwNTEzLDE0MDAwNSw2NjBkMDAyODQ0
OWNlMjQ2LDIsREFTIDIsMTMuOCwxMy45LDAuMiwwLjUsMC4wMSw5NjgsOTc0
LDE1Niw2MjcsMCwyNC40LDE1LjA1LDkyMio1Nw0KDQokVzVNNUEsMTIwNTEz
LDE0MDAwNSw2NjBkMDAyODQ0OWNlMjQ2LDMsN0YwMDc1MDIzQTAwMDA1MzMy
MzAzMTMyMzAzNTMxMzMzMTMzMzQzMDMwMzA1NTVCMDAzMTMyMzAzNTMxMzMz
MTMzMzQzMDJDNTQ0MTQyMzAzMDMwMzAzMDJDMkQzMDM1MzEyRTMxMkMyQzMx
MzMyRTMyMzgyQzM0MkUzMDJDMzMzNjMwMzAyQzM2MzAyQzM2MzAyQzMxMkMz
MDMwMzUzNzMwMkMzMzJFMzQzMjJDMzEyRTMyMzYyQzMxMzMzMjJDMzAyQzMw
MkUzMTM2MzYyQzJCMzAzMDJFMzAwRDBBRUMxMDhDMkVFQ0Y0N0YwMDY3MDIz
QTAwMDA1NzMyMzAzMTMyMzAzNTMxMzMzMTMzMzQzMDMwMzBGRjREMDAwMDgw
RkI0NDAwNDAwMDQ0MDBEQzAyNDgwMDAwMDg0MzQxQjUzMTNGOENBREJCNDAx
RUIwQzEzRjRGRjU4ODNGNjY5N0RFNDAwMDJBQTczRkIyQ0ZENzQwRTU0RkI5
NDA1NjU1MDU0MUVEREIwMjQxRDlCNzhFM0Y4Q0Y0RkY0MjZFRDIxQTQyODdF
MjU4M0IxNTIwOTc0NzUwMEI3RjAyRUEwMjNBMDAwMDRCNTY0ODIwMzczMjMw
MzEzMjMwMzUzMTMzMzEzMzM0MzAzMDMwM0EwMDAwMDA5OTk5OTkzRDBBRDdB
MzNCOEFGNEZGNDI2REQyMUE0MjVBNTI1MDQzMUFBMzU0NDJBRkYyNDg0MzI1
NjM1QTQyRjRCNjQwNDM4MjM3NkE0MjQ0NjcyQTQzNkUxODdBNDI1QjRGRkY0
MjAzN0I4MzQyRkE3QUY3NDIxNEI1NzU0MjhFODkwRTQzQ0Y3RTQyNDI0QjBF
MEE0M0Q0MDcyMTQyQjYyMDA3NDNEODQ4RjE0MTJBRTcwNTQzOTgyMEJGNDFF
MDREMDM0M0ZBNjlDRjQxRUYzN0ZBNDI0QzFFRUQ0MTRCQTBGMzQyNzM4MTA3
NDIyNDcwRUU0MjY0NzAyNTQyNTRFMkRCNDJGRTFDMkE0MjFCNjBERDQyMUEx
NjJDNDJBOEZERkY0MjI0QTEyNTQyNEQ3RDAxNDM4NThDMDk0MjMyRENGQTQy
QjIxRDA2NDJCNjNERjk0MjM5RjAwQTQyMkJGMzAzNDM0NTM5RTc0MTc0RDIw
QTQzMTE4Q0M4NDExRjY3MEE0MzcwMzYwMzQyNTMyQTA0NDNGQkVFMzA0MkQ4
QUFGNzQyQkZFMjUzNDIyQTMyQ0U0MjdBRkM2OTQyMkM5Q0JFNDJEM0EzNjY0
MjEwNDlEMjQyMkE4RTVBNDIzNTczRjk0MjY1ODk2MDQyQUI5RDBGNDNGOEYz
NjA0MkVCRjMwRjQzN0FFMTVFNDI4OUNFMDE0MzAwOTg2NDQyQkJFOEYwNDI3
QjBFNzU0MjMyRkQwMDQzQ0U4MTdGNDJFNDE2MDE0M0NENEU4NDQyNTU4MkZD
NDI5NTY3ODE0MjhCNEIwOTQzMTFFQjcwNDJGQjk1MDk0MzE1MTY2NzQyMzU5
QTAzNDNFMTU2NzY0MjQzN0FGMjQyMDQ4QTgwNDI5REE0RTc0MjAyM0U3QzQy
OTQxNEMyNDJGNEZFODQ0MkFFNkNCMjQyMTQ0QzhENDI5QUFDRjE0MjhBNzA5
ODQyMTFEQzg2NDJFNkY5OTk0MjA5NkQzMjQyRkRFOTk1NDI5RTJDN0U0MkND
Rjc5MjQyMzQyNTk1NDIzMERGOEU0MjNBQTc1NDQyQkNDQzk0NDIwQUYzQTQ0
MzRFQTY5OTQyOEU2QzgwNDM0QUYyOUM0MjI1QTYzRDQzQjkxNjk3NDIyRTIz
MkU0MzNDN0I5QzQyQTdFMTZBNDJEN0Y3OTg0Mjg3RkE4MzQyMUE0RjkwNDI3
M0Q3RTY0MjBDQkE4RTQyMzNDRTFFNDNERkNCOTY0MjRDMjlBRDQzNTQzRTlE
NDI1ODZFMjIzRDMzQ0MyMjNEOUUzQjQzM0Q3MjdBQ0YzREUxNTFFQTNEMTY5
NzAwM0UxNkEyNEYzRTEwMjgyNTNGOUE1NUE2M0YxM0FERDEzRjk3RDY3RjNG
NjdDODgwM0Y1NUNDNzUzRjZERUFDQzNFRUVBQkE3M0UxOTJGQkYzRUY4QThD
NTNFNjUwQkYzM0UwMzQ3MzkzRjI5MTUxMTNGQ0FDQTE2M0ZCN0YyNDUzRkMx
MTNFQjNFMjc0QjFCM0VGMzM3RTMzREEzRA==

--SBD.Boundary.605592468
PROCESS /noc/users/iridburst/exec/irid_300224010734970_upd.pl
Last Run  ----1970-01-01 00:00:00 
MONTH  5 
DATA  xxrecord 2012-05-13 14:00:05 :: $W5M5A,120513,140005,660d0028449ce246,1,DAS 2,4901.6758N,1622.7626W,11.0,261,14.6,14.3,11.2,67.5,5.5,11.3,68.1,5.7,1032.6,1.07,1.51,8.3,128,39*65
 
INSERT
STATION sbdservice
IRID_ID 300224010734970
BODY 
Content-Type: application/x-zip-compressed; name="SBMmessage.sbd"
Content-Disposition: attachment; filename="300224010734970_003266.sbd"
Content-Transfer-Encoding: base64

JFc1TTVBLDEyMDUxMywxNTAwMDUsNjYwZDAwMjg0NDljZTI0NiwxLERBUyAy
LDQ5MDEuNjg0NE4sMTYyMi44MTgwVywxMi4zLDI2NCwxNS40LDE0LjMsMTEu
Myw2OC41LDUuNywxMS40LDY5LjAsNS45LDEwMzEuOCwwLjk3LDEuNTksNy43
LDEzMCw0Nyo2Nw0KDQokVzVNNUEsMTIwNTEzLDE1MDAwNSw2NjBkMDAyODQ0
OWNlMjQ2LDIsREFTIDIsMTMuOCwxMy45LDAuMiwwLjQsMC4wMSw5NjksOTc1
LDE1Niw2MjcsMCwzMDkuNSwxNS4wNSw5MjUqNkQNCg0KJFc1TTVBLDEyMDUx
MywxNTAwMDUsNjYwZDAwMjg0NDljZTI0NiwzLDdGMDA3NTAyM0EwMDAwNTMz
MjMwMzEzMjMwMzUzMTMzMzEzNDM0MzAzMDMwNTU1QjAwMzEzMjMwMzUzMTMz
MzEzNDM0MzAyQzU0NDE0MjMwMzAzMDMwMzAyQzJEMzAzNTMxMkUzMTJDMkMz
MTMzMkUzMjM4MkMzNDJFMzAyQzMzMzYzMDMwMkMzNjMwMkMzNjMwMkMzMTJD
MzAzMDM1MzczMDJDMzMyRTM0MzIyQzMxMkUzMjM2MkMzMTMzMzMyQzMwMkMz
MDJFMzEzNjM2MkMyQjMwMzAyRTMwMEQwQUVFMTBDMzRDRUJCQjdGMDA2NzAy
M0EwMDAwNTczMjMwMzEzMjMwMzUzMTMzMzEzNDM0MzAzMDMwRkY0RDAwMDA4
MEZCNDQwMDQwMDA0NDAwQTAwQzQ4MDAwMDBGNDM5QTUzMjMzRjNCMDJCNTQw
NTlCRUNCM0ZCOTU4NzczRjgxOTZEQTQwRjEyNTk5M0Y4QjI0RDk0MDVBNENC
MDQwNjMyN0Y2NDA5OUUyRUQ0MEYwRTI4MzNGNUQxOTAyNDMxM0FCM0I0MjNB
N0IzNTNCRDIxQ0Q3QTZBQzhEN0YwMzFBMDIzQTAwMDA0QjU2NDgyMDM3MzIz
MDMxMzIzMDM1MzEzMzMxMzQzNDMwMzAzMDNFMDAwMDAwMEFEN0EzM0QwQUQ3
QTMzQjVDMTkwMjQzMEZBQjNCNDIwMjc2NDY0MzVEM0Y2QTQyQTMyMTI4NDNB
QjQ1NjA0MjZEMEMxMzQzMjg1MzNENDIwQzExMEQ0MzZCMUMyNDQyRjJFNjA4
NDMyQ0M3MUU0MjkxNEEwNzQzQUY4NjJCNDI4RDFGMEE0MzZBMTAzOTQyRUFB
QjBFNDMyRjgxMjk0MjhCRDIwNzQzRDcyNDFENDJFNjI0MDI0M0I1MTkxRDQy
NjkwMkZENDI1MDMzMjA0MkYxMDFFRjQyOTU1NDFCNDJCNDRCRUQ0MkRDMTUx
QjQyOTkxNEZBNDIwRTFDNDQ0MjYyQUVGQTQyNTg1MDczNDI1NTdDRjI0MkVF
QjY1QTQyQ0UzRUY3NDI4MjExM0Q0MjZDMjhFNjQyRUQ1MTM0NDJEQTZGRUM0
MjEwMzUzMTQyMTQ2MTA1NDM0MjcwMjY0MkQ2QTUxMDQzODcwQjEzNDI3Mzgx
MEY0MzAzQjcyRDQyRDUzQTBFNDNCMzk1NTQ0MjQwMkUwQzQzNjVFMDUxNDJD
ODIyMEE0Mzg1RjY0MzQyMjEzODA2NDNENENDMzA0MkU1QTIwMDQzQkM4NDIz
NDJFOTc0Rjk0MjgwREQyOTQyMTI4OUZFNDIzMUM4M0I0MjI2RjdGQzQyRDQ0
NzM4NDI2NTEwRjk0MjZGNTYzQzQyRjgxRDBBNDNENURENjg0MjQ4OEQzNDQz
MkMxOTgzNDIyRDk1MkM0M0VDN0U4MTQyODgzRTExNDMwNDIwODM0MkQ0RjRF
ODQyMzVFMjhBNDJDOTMwQjk0MjYzMkQ5RDQyRURFMjhCNDIzOERDOUY0MkUz
OEJBODQyNUMyOTk2NDJDMjhFQjg0MjkxODk4QzQyQzZDQkQxNDJFOTU3OEU0
MkE4OEVDRDQyNkEzQThENDIxQTI0QjU0MjFCMkE4QjQyQzE5OUI3NDIyQTNB
OTE0MkZENDgzMzQzQzA1MjlENDIxOUU1NUY0M0QxQzY5NDQyODdEMTYxNDNG
Q0UzOTU0MjkyNEI2MTQzMTVDRjk5NDI4RDU0ODc0MzFBRTU5RTQyNTBGRjk5
NDM1NTBFOEM0MjFFQTg5QjQzODIwNTgwNDJBMjQ3OUU0M0E1ODg4MDQyNkY0
RDlFNDM5QTE4ODk0MjU1QkY5QTQzRDQ2NDkyNDJDRTMzOTQ0M0YzMUY5MzQy
MjAyMzg3NDMxRjlDOUE0MjIyQjQwNzQzMkE2NTlGNDJERTlGQjc0MjAxM0E5
NzQyMkJGMzlGNDJEMUY0OTE0MkNGNEMyNzQyOEZBMTkyNDJBOTlEQTM0MjE4
RUQ5ODQyNDVCNEU2NDI4QzMzOEY0MkVENTZCRDNDMEE0NDgwM0RBQUY0MDgz
RTZBQjcwMDNFNUEzODhCM0VGRkFBRDgzRTE1N0QwODNGNEU1QTAwM0YxQjk2
NDAzRjlFODkzMDNGQzEyRDU3M0ZDQzg4NEIzRjZFQ0M0MzNGQzIyQUQzM0U5
MzY5QTYzRUM2N0Q5RTNFRDFEMTE0M0Y0MQ==

--SBD.Boundary.605592468
PROCESS /noc/users/iridburst/exec/irid_300224010734970_upd.pl
Last Run  ----1970-01-01 00:00:00 
MONTH  5 
DATA  xxrecord 2012-05-13 15:00:05 :: $W5M5A,120513,150005,660d0028449ce246,1,DAS 2,4901.6844N,1622.8180W,12.3,264,15.4,14.3,11.3,68.5,5.7,11.4,69.0,5.9,1031.8,0.97,1.59,7.7,130,47*67
 
INSERT
STATION sbdservice
IRID_ID 300224010734970
BODY 
Content-Type: application/x-zip-compressed; name="SBMmessage.sbd"
Content-Disposition: attachment; filename="300224010734970_003267.sbd"
Content-Transfer-Encoding: base64

JFc1TTVBLDEyMDUxMywxNjAwMDUsNjYwZDAwMjg0NDljZTI0NiwxLERBUyAy
LDQ5MDEuNjc2Nk4sMTYyMi44MzQxVywxMi4zLDI3NCwxNi4zLDE0LjQsMTEu
NCw2OS42LDYuMSwxMS41LDcwLjEsNi4yLDEwMzAuNywxLjA3LDEuNTMsNy43
LDEzMCw0OCo2NQ0KDQokVzVNNUEsMTIwNTEzLDE2MDAwNSw2NjBkMDAyODQ0
OWNlMjQ2LDIsREFTIDIsMTMuOCwxMy45LDAuMiwwLjQsMC4wMSw5NzAsOTc2
LDE1Niw2MjcsMCwzNDcuNSwxNS4wNSw5MjMqNjkNCg0KJFc1TTVBLDEyMDUx
MywxNjAwMDUsNjYwZDAwMjg0NDljZTI0NiwzLDdGMDA3NTAyM0EwMDAwNTMz
MjMwMzEzMjMwMzUzMTMzMzEzNTM0MzAzMDMwNTU1QjAwMzEzMjMwMzUzMTMz
MzEzNTM0MzAyQzU0NDE0MjMwMzAzMDMwMzAyQzJEMzAzNTMxMkUzMTJDMkMz
MTMzMkUzMjM4MkMzNDJFMzAyQzMzMzYzMDMwMkMzNjMwMkMzNjMwMkMzMTJD
MzAzMDM1MzczMDJDMzMyRTM0MzIyQzMxMkUzMjM2MkMzMTMzMzQyQzMwMkMz
MDJFMzEzNjM3MkMyQjMwMzAyRTMwMEQwQUYxMTAzNzYxRkYxRjdGMDA2NzAy
M0EwMDAwNTczMjMwMzEzMjMwMzUzMTMzMzEzNTM0MzAzMDMwRkY0RDAwMDA4
MEZCNDQwMDQwMDA0NDAwNjQxNjQ4MDAwMDBDNDNGQjc1MzEzRkE5NDNCNjQw
QzBBQkMzM0YzMTcxODkzRjFEQUJFMTQwMzlDN0FDM0Y2OUE0RUQ0MDBCRDRB
QzQwNjMyN0Y2NDAxOTYxRjg0MDlCQzk4RTNGMjM4NjAyNDNCMjE1M0U0MjBC
RDM0QTNCNEQxREVCNjEyQTcyN0YwMkY2MDIzQTAwMDA0QjU2NDgyMDM3MzIz
MDMxMzIzMDM1MzEzMzMxMzUzNDMwMzAzMDNCMDAwMDAwOTk5OTk5M0QwQUQ3
QTMzQjIyODYwMjQzQjExNTNFNDI3NkYzNTI0MzAxQjEzRTQyMjJCQjY1NDNE
OTcxNjg0MjlFQUU1QjQzRUQ1QTg5NDIzOEUzMUU0MzJFMDI3QjQyRjgwQTE5
NDM2RTlDNTk0MjY5RDQxMDQzRENDRjUzNDI4NkNFMDc0MzE1RTUzRjQyQjZE
QjA1NDMyMEQ4MkI0MkVCRjYwMzQzQzUxNDA1NDI3ODg3MDA0MzI3OTBGQzQx
NkE0MEZGNDI2ODEwMDc0MkY4RkNGNjQyOTc0QTE1NDIxMTBFRTc0MkVDRDIz
NjQyNTYwRkQ5NDJERUVGNTc0MkEwMzJDNzQyMzg1RjU5NDIzMDQ1Rjk0MkI2
MTYzNDQyNjhERDA3NDM0NUZFMUE0MkEyNDYwQzQzNTk1RjM1NDI0MTBFMDY0
MzIxMTk1NTQyRjc5MEZENDIyNzJENDg0MjA2MjIwMTQzRjQ2NTMzNDI1NjNB
MDQ0M0NCRUMzQTQyMjVFNjA1NDM1MzlBNDY0MkExMENGNzQyNjQxNjQ0NDJD
N0U2REQ0MjU2RTU0RDQyODRCRUVCNDI3MkE1NTM0Mjk0RUFGODQyQzYxRDQx
NDJEMEFCRkU0Mjg5RjMzQTQyM0FCQjA1NDM1NTJCM0Y0Mjc5N0EwQzQzMzEx
OTQ3NDI0NDY0MDU0Mzg5OEE2MDQyRUFBQjAwNDMzRjY5NkU0MjVDRTAxMjQz
OUUxOTY5NDIxMTlGMTg0Mzc3NEI1MTQyMzVGRTBFNDM3QjI1M0E0MjJDOEIx
MDQzQjM2RjNCNDJGM0YyMTU0M0QyMDM2NDQyOEI0QzA5NDNENUExNzM0MjUx
NzRGQzQyRkY0MzdBNDI5RkRDRDg0MjE4OTU4QTQyNEQ2RDhBNDI2QURBOTM0
MkI5MEUyMjQyMDYxRTk4NDJENjdCMUI0Mzk0QTg5QTQyNDUyRTM3NDM5Nzk4
OEU0MjQyRDM1MzQzOTg5MTkzNDIwMUM3ODg0M0U5NjU5NDQyQTJBQTkwNDM1
QzNEOEE0MkFDQUI5MjQzQzE4MTg2NDJGN0M1OTI0M0QwQ0Q4NzQyMzg3RDkx
NDM4RDg4ODI0MkJDQ0Y4RjQzRDc4Nzg0NDIxQzEzOTg0MzUwNTI5MTQyREM1
M0E0NDMwQTE3OTE0MjYyNThBNjQzNTYzRTkwNDI1NTNCQTg0M0QxNzY5QjQy
OTg2MDAwNDMwQTJFOTU0Mjg4M0VFNDQyOURCRDgzNDI1MjU0QkU0MjdFODM5
NDQyM0YzMEIwNDM2MTYwOUM0MjBFQUVBRjNENjcyMjM1M0RBODRCREIzQ0U4
Mzc3ODNENDg3M0VBM0Q4RTM0OTAzRUI2RkEyNzNGREYxQTJGM0YwQ0I1Mzkz
RkE2Q0E2RDNGMjdGMjlBM0Y5MjA3QTgzRkM1OUUzQzNGRTBGNUUzM0VGMzFG
OEIzRURERDJCODNFOTA1MkQ4M0UyMDM2MDczRjYxMEZFQTNFOEYyQjJGM0Y4
RUNFMzkzRjgzNTlBODNFRkVDMjk0M0U2Nw==

--SBD.Boundary.605592468
PROCESS /noc/users/iridburst/exec/irid_300224010734970_upd.pl
Last Run  ----1970-01-01 00:00:00 
MONTH  5 
DATA  xxrecord 2012-05-13 16:00:05 :: $W5M5A,120513,160005,660d0028449ce246,1,DAS 2,4901.6766N,1622.8341W,12.3,274,16.3,14.4,11.4,69.6,6.1,11.5,70.1,6.2,1030.7,1.07,1.53,7.7,130,48*65
 
INSERT
STATION sbdservice
IRID_ID 300224010734970
BODY 
Content-Type: application/x-zip-compressed; name="SBMmessage.sbd"
Content-Disposition: attachment; filename="300224010734970_003268.sbd"
Content-Transfer-Encoding: base64

JFc1TTVBLDEyMDUxMywxNzAwMDUsNjYwZDAwMjg0NDljZTI0NiwxLERBUyAy
LDQ5MDEuNjY4OU4sMTYyMi43ODU2VywxMi40LDI3NywxNS4xLDE0LjQsMTEu
NSw3MC4zLDYuMiwxMS41LDcxLjAsNi40LDEwMjkuOSwxLjA2LDEuNTcsNy40
LDE0MCw1NCo2MA0KDQokVzVNNUEsMTIwNTEzLDE3MDAwNSw2NjBkMDAyODQ0
OWNlMjQ2LDIsREFTIDIsMTMuNywxMy45LDAuMiwwLjQsMC4wMSw5NzEsOTc3
LDE1Niw2MjYsMCwxMjMuNywxNS4wNSw5MjMqNjQNCg0KJFc1TTVBLDEyMDUx
MywxNzAwMDUsNjYwZDAwMjg0NDljZTI0NiwzLDdGMDA3NTAyM0EwMDAwNTMz
MjMwMzEzMjMwMzUzMTMzMzEzNjM0MzAzMDMwNTU1QjAwMzEzMjMwMzUzMTMz
MzEzNjM0MzAyQzU0NDE0MjMwMzAzMDMwMzAyQzJEMzAzNTMxMkUzMTJDMkMz
MTMzMkUzMjM4MkMzNDJFMzAyQzMzMzYzMDMwMkMzNjMwMkMzNjMwMkMzMTJD
MzAzMDM1MzczMDJDMzMyRTM0MzIyQzMxMkUzMjM2MkMzMTMzMzUyQzMwMkMz
MDJFMzEzNjM2MkMyQjMwMzAyRTMwMEQwQUYyMTAwNjE4MjZENjdGMDA2NzAy
M0EwMDAwNTczMjMwMzEzMjMwMzUzMTMzMzEzNjM0MzAzMDMwRkY0RDAwMDA4
MEZCNDQwMDQwMDA0NDAwMjgyMDQ4MDAwMDE5NDM4RUNCMzUzRjBDM0FBOTQw
OTNFNEM4M0Y5N0ZDODczRjU0M0ZEODQwNEIyMEE0M0Y2MTk5RDE0MEQ2QkE5
RjQwN0MwOUVENDBGOEU1RUQ0MDg0RDQ5MTNGNjY5MzBCNDNEQUU5NTY0MjQ1
OTk0NjNCQTYxRjNFNjM5RkFDN0YwMzBFMDIzQTAwMDA0QjU2NDgyMDM3MzIz
MDMxMzIzMDM1MzEzMzMxMzYzNDMwMzAzMDNEMDAwMDAwQjgxRTg1M0QwQUQ3
QTMzQjY1OTMwQjQzRDZFOTU2NDJFNUZDODU0MzdERTE5ODQyRTI0RDMwNDNB
OUE5OEQ0MjBBQzY0MDQzMTU5QzdGNDI4NjRCNTQ0MzZFQTI4MTQyOTEyQzM4
NDNCMTNEODg0MjFBMTcxRDQzMzM1QTUyNDIwQTE5MUY0MzE1QkIzNDQyOTBE
OTE5NDMzOTBCM0Q0MjJENDgxMTQzMDUzQTQzNDJERjQwMEM0MzhDMEEzQzQy
MEJCODA2NDM3OTg3Mzc0MjM2MEIwNDQzMjRBODMyNDI2QjZCMDM0M0M2QjYz
MTQyMEUzQUY3NDI2MzM5MjY0MkIxQTRGOTQyNjEyQTE4NDI2M0UxMDI0M0U1
NzcxQTQyMUIyRjA0NDNDRENBMzI0MkY3NEMwMjQzQ0EzQjQxNDIwNjBCMDM0
MzM5RTQ0ODQyQTM4MEQ4NDIwM0JGNjY0MkEyQ0VCQzQyOEQwOTY5NDIxOUEw
RTE0MjI2NEY2MzQyNjMzMEU3NDI2NkRFNzE0MjFGM0JFRDQyOTQ5RDgyNDJF
MzczMDU0MzkzQjU2MDQyQjVCNjA3NDNDQkE4NDI0MjM2RDMwMjQzQzY0ODY3
NDI0MDAzRTQ0Mjc5OTU2RjQyNUM5Q0Y1NDI1NjUwNDc0MjAzRDQwMjQzNDBB
NTU2NDJFRjJCMDQ0MzA5N0E3RTQyN0I4N0ZCNDI3RTJDNTQ0MjdFODQwMjQz
MjdBQTM5NDIwM0JCMTA0M0I1OUE2RjQyMjY2RTJBNDNCMjk5OEI0MkZFN0I2
QzQzRjMzRTkxNDIwNTI2NUQ0M0M4RkQ5NjQyNjk3RTJFNDMwRjhFOUE0MjI2
RjUyMzQzODBCRTk1NDI3OTY4MjI0M0Q0QkQ3MDQyNjJENjI1NDNFQ0EyNUU0
MjVGNUQzRDQzNjMyQzg0NDI5NjlCN0Y0M0RBQTg5MDQyMDk0OThENDMzMEU3
OTA0MkFFRjc4NTQzMTVGODkzNDI0NjFGODk0MzFEOUY5MzQyOTA3RThFNDM5
RTY5OTE0MkY4MjE5NDQzRDUxODkyNDJFQkNGOUE0M0VBRTU4QTQyNTI0Qjk1
NDNDMjVFODk0MjFFMEQ3NjQzNzM0NTkzNDIyRjVGMkQ0MzlDNzY4QzQyN0I1
NjIzNDMyNDFGOEY0MjI5NUE5MDQzQTM2RTlDNDI0ODQyQTU0MzEzMTA5RDQy
REU4MjBGNDNGNjg0OUU0MjZBNkE4MDQzODBDNjlGNDJFRTMwQTU0MzVCMDA5
QjQyQzRBNkIzNDNBOUQ5OUI0MkQ1QzEzMDQzMUZGMkEwNDIzMkQwMzk0MzI2
MkI5QTQyQ0E1Qzk0M0M2QTE0MEIzRDE4QkU2QTNERDExMTgzM0QyREVEQjcz
RDUwQjkxMDNFQTJEQzNFM0UzMDdGNDQzRUE4NUFDRDNFRUNFN0JCM0VERDVE
MEUzRkJFRDIyMzNGOTk1QkJDM0U5OTY0QTYzRkVBRUFFMjNGOUNBMDY0M0Yz
NDdEMTczRjRCQjYxMjNGMTg4NzlCM0UyOQ==

--SBD.Boundary.605592468
PROCESS /noc/users/iridburst/exec/irid_300224010734970_upd.pl
Last Run  ----1970-01-01 00:00:00 
MONTH  5 
DATA  xxrecord 2012-05-13 17:00:05 :: $W5M5A,120513,170005,660d0028449ce246,1,DAS 2,4901.6689N,1622.7856W,12.4,277,15.1,14.4,11.5,70.3,6.2,11.5,71.0,6.4,1029.9,1.06,1.57,7.4,140,54*60
 
INSERT
STATION sbdservice
IRID_ID 300224010734970
BODY 
Content-Type: application/x-zip-compressed; name="SBMmessage.sbd"
Content-Disposition: attachment; filename="300224010734970_003269.sbd"
Content-Transfer-Encoding: base64

JFc1TTVBLDEyMDUxMywxODAwMDUsNjYwZDAwMjg0NDljZTI0NiwxLERBUyAy
LDQ5MDEuNjUzOU4sMTYyMi43MTQwVywxMy4yLDI4MCwxNi43LDE0LjUsMTEu
Niw3MS4yLDYuNSwxMS42LDcxLjksNi43LDEwMjkuNCwxLjEzLDEuNjksOC4z
LDEzMyw1OCo2Qg0KDQokVzVNNUEsMTIwNTEzLDE4MDAwNSw2NjBkMDAyODQ0
OWNlMjQ2LDIsREFTIDIsMTMuOCwxMy45LDAuMiwwLjQsMC4wMSw5NzIsOTc4
LDE1Niw2MjcsMCwxMi44LDE1LjA1LDkyMSo1Nw0KDQokVzVNNUEsMTIwNTEz
LDE4MDAwNSw2NjBkMDAyODQ0OWNlMjQ2LDMsN0YwMDc1MDIzQTAwMDA1MzMy
MzAzMTMyMzAzNTMxMzMzMTM3MzQzMDMwMzA1NTVCMDAzMTMyMzAzNTMxMzMz
MTM3MzQzMDJDNTQ0MTQyMzAzMDMwMzAzMDJDMkQzMDM1MzEyRTMxMkMyQzMx
MzMyRTMyMzgyQzM0MkUzMDJDMzMzNjMwMzAyQzM2MzAyQzM2MzAyQzMxMkMz
MDMwMzUzNzMwMkMzMzJFMzQzMjJDMzEyRTMyMzYyQzMxMzMzNjJDMzAyQzMw
MkUzMTM2MzcyQzJCMzAzMDJFMzAwRDBBRjUxMDk5NDZBN0M5N0YwMDY3MDIz
QTAwMDA1NzMyMzAzMTMyMzAzNTMxMzMzMTM3MzQzMDMwMzBGRjREMDAwMDgw
RkI0NDAwNDAwMDQ0MDBFQzI5NDgwMDAwMjM0MzY1MzUzNDNGNjU3MTlENDBB
NEU4RDgzRjcxMTU5MDNGMTM2NkNDNDBDQUU1QjczRjc0RkRENzQwOEQzNTlF
NDA1NjU1MDU0MUQwRjhFQTQwN0FFMjk2M0ZENTE4MDU0M0Q3OUQ2ODQyQTE4
NTVBM0I3RTFGRkY5MjY5M0U3RjAzMDIwMjNBMDAwMDRCNTY0ODIwMzczMjMw
MzEzMjMwMzUzMTMzMzEzNzM0MzAzMDMwM0MwMDAwMDAyOTVDOEYzRDBBRDdB
MzNCRDMxODA1NDNENDlENjg0MjY3QjA0OTQzMkMyNzc4NDI0NEYzNkE0M0Yx
MEI4MDQyRTdDMjg3NDNGNDc5OEE0MkU3RUZBRDQyMkY3ODlDNDIzMTY2RUQ0
Mjc0MzQ4NTQyQUQ4QTAwNDNBNUE3NzA0MjFFN0YwMzQzRjM5NDc0NDJCMTMx
MDY0Mzc3QjM3ODQyRTM1NDA5NDNCQTlENkI0MkExQjQwNzQzNkExODNCNDI0
ODg5MDU0MzhFQzcyNTQyRkIxMjA1NDNCNENCMkE0MjQ4NDIwOTQzM0M1QjJC
NDIxM0MzMDY0MzZFRjAyOTQyNkE3RDAxNDM1RUM1Mzc0MjAwOUYwMDQzODIz
RTQ0NDIxMkUyMDg0Mzc4OTM0RTQyRjgyMjAwNDNGMjI3NzA0MkVEMDNEOTQy
NUQ1QTZDNDI0RDg3REQ0MjlFNTI2RjQyOTJGMkRBNDJCQkVFN0E0MkYxQjhC
NDQyOUE2NTg0NDJEQTI2NjI0MjBCNkM4QzQyRTg5RTlENDI5OEI3OEE0MjI1
Q0JFRDQyQTFDRTY1NDJGMEMzMDA0MzUyNUY3ODQyMzIwNTBGNDM5QUU2OEI0
MjAzOUQxQTQzQzA1OTdGNDJGRjFBMEU0MzJDMDk4QzQyRUEwMDhFNDI0RUU4
OTE0MkY5RTgxOTQyM0E0NzkyNDJEODdCOTA0M0I4NTk5QTQyQUMwNTcyNDM2
NDQ1OEM0MjY4QkM3MTQzMEFFQjkxNDI4QjIwOTc0M0IyMEY5ODQyMTZBNDlD
NDM2NDUyOTI0MkU3MkE5NDQzOENDNzg3NDJENDE3OTE0M0I1MTc2NDQyRDAz
MjhENDNFREU2NTU0MkFFRDk4MjQzMUQ2RjYwNDIwNzkzODE0MzU1NTc3QzQy
NDBGNTkxNDMyMzVGODY0MjkxNkU5OTQzNUFCODg1NDJGRkYwOTI0M0RBNjM4
QTQyRjYxQjhENDNBMTI1OEU0MjBFMjE5MTQzNDA3MDkyNDJDODJCOTg0M0Y1
RjE5NDQyRjE5Mjk0NDNDRjk1OEM0MkJFQzM5MDQzMzM4Rjg5NDJBODdDOTA0
MzFBODE5MTQyNEMyNjk4NDNDNDgwOTg0MkE3M0U5QzQzODc4MzkyNDIyNENE
OUU0M0YwRDY4QzQyODk3Q0FDNDMzRTIyOTc0Mjg0ODJGQjQyRThBMDlENDJF
ODEzMjE0M0NDMDA5NzQyMDZGQTMyNDNDRDEyOTk0MkE5MzEyQzQzRjcyMjlB
NDI4QjI2MDU0MzJCQ0M5MTQyRTE0NENFNDJDREI0OTU0MkU4RkFDNDNENDlF
MzkwM0RBNTlEMkYzRDQzMUMzMTNEQUQyMzAzM0U2RTU3MUIzRTMxQkUyQjNF
RTAzMTQ5M0U3NDM1RTIzRTlFRjEwNjNGOUQzOTk2M0Y0QzU1MkQzRjE1OTFD
QTNFNTYzQjgzM0ZGMjE2ODYzRjI5MTY3RDNGREQ4NEU5M0U0QkNEQ0EzRUE5
NUI0RDNGRkE5RjQ5M0Y2OUQxMDUzRkVDRA==

--SBD.Boundary.605592468
PROCESS /noc/users/iridburst/exec/irid_300224010734970_upd.pl
Last Run  ----1970-01-01 00:00:00 
MONTH  5 
DATA  xxrecord 2012-05-13 18:00:05 :: $W5M5A,120513,180005,660d0028449ce246,1,DAS 2,4901.6539N,1622.7140W,13.2,280,16.7,14.5,11.6,71.2,6.5,11.6,71.9,6.7,1029.4,1.13,1.69,8.3,133,58*6B
 
INSERT
STATION sbdservice
IRID_ID 300224010734970
BODY 
Content-Type: application/x-zip-compressed; name="SBMmessage.sbd"
Content-Disposition: attachment; filename="300224010734970_003270.sbd"
Content-Transfer-Encoding: base64

JFc1TTVBLDEyMDUxMywxOTAwMDUsNjYwZDAwMjg0NDljZTI0NiwxLERBUyAy
LDQ5MDEuNjMzMk4sMTYyMi42NTI5VywxMy42LDI4NiwxNi42LDE0LjUsMTEu
Niw3Mi45LDYuOSwxMS43LDczLjUsNy4xLDEwMjkuMSwxLjE5LDIuMzgsNi43
LDExNSw2MSo2RQ0KDQokVzVNNUEsMTIwNTEzLDE5MDAwNSw2NjBkMDAyODQ0
OWNlMjQ2LDIsREFTIDIsMTMuNywxMy45LDAuMiwwLjQsMC4wMSw5NzMsOTc5
LDE1Niw2MjksMCw2LjMsMTUuMDUsOTI0KjZDDQoNCiRXNU01QSwxMjA1MTMs
MTkwMDA1LDY2MGQwMDI4NDQ5Y2UyNDYsMyw3RjAwNzUwMjNBMDAwMDUzMzIz
MDMxMzIzMDM1MzEzMzMxMzgzNDMwMzAzMDU1NUIwMDMxMzIzMDM1MzEzMzMx
MzgzNDMwMkM1NDQxNDIzMDMwMzAzMDMwMkMyRDMwMzUzMTJFMzEyQzJDMzEz
MzJFMzIzODJDMzQyRTMwMkMzMzM2MzAzMDJDMzYzMDJDMzYzMDJDMzEyQzMw
MzAzNTM3MzAyQzMzMkUzNDMyMkMzMTJFMzIzNjJDMzEzMzM3MkMzMDJDMzAy
RTMxMzYzNjJDMkIzMDMwMkUzMDBEMEFGNjEwOThEQzI4NDg3RjAwNjcwMjNB
MDAwMDU3MzIzMDMxMzIzMDM1MzEzMzMxMzgzNDMwMzAzMEZGNEQwMDAwODBG
QjQ0MDA0MDAwNDQwMEIwMzM0ODAwMDAxRjQzRTFGOTNGM0Y2NTBEQTE0MEUx
MTExODQwRjZBMDk4M0Y3NDI2RDI0MEExM0FCNTNGRUEyN0QyNDAyRjQ2QTM0
MDU2NTVENTQwODFDQkRDNDBFRjEyQTEzRjIxMTJFNzQyMjQwNjc1NDJCOEEw
ODIzQkNGMURFRjI4NzQ4OTdGMDJFQTAyM0EwMDAwNEI1NjQ4MjAzNzMyMzAz
MTMyMzAzNTMxMzMzMTM4MzQzMDMwMzAzQTAwMDAwMDk5OTk5OTNEMEFEN0Ez
M0IxOTEyRTc0MjFFMDY3NTQyNTA2OTc4NDNERTRFOTI0MkIyNjBBRTQzNkE2
MDkxNDIxNTZEN0Y0MDMyOEY4MDQyQkM2OEEyNDExNDZEOTU0MkNDNzlFQjQy
MjY2NTkwNDJFMzM3MEM0MzBEQTU4MzQyMjQ2OTE2NDM3MDU2NUY0MkY1MjYx
MzQzNjA4OTQzNDI5QzFFMEU0M0I0Nzc0MTQyOUNGMTBBNDM5ODNGM0Q0MkE4
QjcwNDQzOEFCNDM3NDJCMUFFMDI0MzNDMEYzQzQyRkVBMkVDNDI2NzYwNTA0
MjA4RkZCRDQyMTc2ODU2NDIxMDRDQzc0MjgwMjc1QjQyODI1MUM0NDI5NUJD
NjE0MkNBRENBQzQyRDcxNjg0NDJEMzc2QUY0MkE2QUM5MzQyNjY1RUFFNDI4
RDVEOEU0MkFGNTM3NjQyMzQyQzhBNDJEMUVDNjI0MkVEREU4QzQyNURENUIz
NDI3MEQxOEE0MjZDREVDMjQyN0EwMjhBNDJGRjczQTc0MkQ2MzU5MjQyQzEz
QzhCNDI3MzQ1OUE0MjczQjBBRDQzOUU4Qjk1NDJFMTQ4QUI0MzdENUY4QTQy
RTk2RjlCNDNCQjQ3ODY0MjRBNjQ4RTQzQTU4MjgzNDI1NjlEODU0MzBCRDE5
NDQyOEU0MDU3NDM0MTU2OUI0MkNDNUM3NDQzRDg3NjhFNDI4REE2ODE0Mzkx
MkQ4ODQyOUY4QjhDNDM4NDFFODM0MjFBMUE5MzQzREYzQzYwNDI2MTQxOTY0
Mzg5QTk1QjQyMkM5NjlBNDMxRjk3N0I0MkQ5QUU5NzQzRkY5NTc1NDIyMDg5
OEM0MzZFNDM3MDQyMjZFQjdGNDNCMDMxN0Q0Mjk0MkM3QjQzODA4Rjg5NDIx
NDU5OEM0MzYxMUU5MDQyRTYyNTkxNDMyMEM3N0M0MjMxODU5MzQzODdDNjc2
NDJCMEEyOEU0MzI2NzM4NDQyMTdFRDdBNDM2MUE2OEE0MkNFMDY4MTQzNEY0
Mzg2NDJEQzA0ODg0MzI2MjI4NjQyMkE3MDhENDNCQkRBOEM0MjIzMDE5NzQz
REUxNjhGNDI3OUIwOUY0M0IzNDk5MDQyNjE4MjlDNDM4NEIyOTk0MjNBRjA0
NzQzRTAwMzlENDIyOTNBM0E0MzQ2RjVBMDQyNTI3ODhENDEwRjUwOTg0MkI0
MEE5MzQyNzRGMTk3NDJEMjNDREE0MjFENjU5NDQyM0YwMkU3NDIyOEYxOTc0
MkYwRDZCMjNEMkE3OTlEM0RCRjY3MDYzRUY5QTQwQjNFODU2MThCM0U1RjU4
RTAzRTA3NzYzQTNGOEQ5MzE3M0Y1Mjk5QTUzRTA3N0EyRjNGN0UxNDhCM0Yx
MkFBNjIzRkFBRkYxNTNGNDc0MDRBM0Y3M0M3OTYzRjNBRjNCQzNGMzk3RTQw
M0Y2NzI2MEQzRjFCODUwNzNGMDUyQ0NDM0U5NzU4QkQzRTk5QTc0OTNFODdD
OEREM0VGNUQ1OEYzRTY2MDc1MTNFMjdCNQ==

--SBD.Boundary.605592468
PROCESS /noc/users/iridburst/exec/irid_300224010734970_upd.pl
Last Run  ----1970-01-01 00:00:00 
MONTH  5 
DATA  xxrecord 2012-05-13 19:00:05 :: $W5M5A,120513,190005,660d0028449ce246,1,DAS 2,4901.6332N,1622.6529W,13.6,286,16.6,14.5,11.6,72.9,6.9,11.7,73.5,7.1,1029.1,1.19,2.38,6.7,115,61*6E
 
INSERT
STATION sbdservice
IRID_ID 300224010734970
BODY 
Content-Type: application/x-zip-compressed; name="SBMmessage.sbd"
Content-Disposition: attachment; filename="300224010734970_003271.sbd"
Content-Transfer-Encoding: base64

JFc1TTVBLDEyMDUxMywyMDAwMDUsNjYwZDAwMjg0NDljZTI0NiwxLERBUyAy
LDQ5MDEuNjIyME4sMTYyMi42MjU3VywxNC42LDI3OCwxNy42LDE0LjUsMTEu
Niw3My41LDcuMCwxMS42LDc0LjAsNy4yLDEwMjguNywxLjM0LDIuMDcsNi43
LDM0Niw2MSo2QQ0KDQokVzVNNUEsMTIwNTEzLDIwMDAwNSw2NjBkMDAyODQ0
OWNlMjQ2LDIsREFTIDIsMTMuMSwxMy4zLDAuMiwwLjQsMC4wMSw5NzQsOTgw
LDE1Niw2MjksMCw0Mi45LDE1LjA1LDkyMyo1Ng0KDQokVzVNNUEsMTIwNTEz
LDIwMDAwNSw2NjBkMDAyODQ0OWNlMjQ2LDMsN0YwMDc1MDIzQTAwMDA1MzMy
MzAzMTMyMzAzNTMxMzMzMTM5MzQzMDMwMzA1NTVCMDAzMTMyMzAzNTMxMzMz
MTM5MzQzMDJDNTQ0MTQyMzAzMDMwMzAzMDJDMkQzMDM1MzEyRTMxMkMyQzMx
MzIyRTM3MzAyQzM0MkUzMDJDMzMzNjMwMzAyQzM2MzAyQzM2MzAyQzMxMkMz
MDMwMzUzNzMwMkMzMzJFMzQzMjJDMzEyRTMyMzYyQzMxMzMzODJDMzAyQzMw
MkUzMTM3MzAyQzJCMzAzMDJFMzAwRDBBRUYxMDdFNzFERkJFN0YwMDY3MDIz
QTAwMDA1NzMyMzAzMTMyMzAzNTMxMzMzMTM5MzQzMDMwMzBGRjREMDAwMDgw
RkI0NDAwNDAwMDQ0MDA3NDNENDgwMDAwMjA0MzM1OTg1RTNGMzA1OEEwNDBE
MjJDMDQ0MDA2OTlBQjNGOTg0MUM3NDBBMzM0RDMzRkNBOEFCQTQwNUJFMDlG
NDA1NjU1RDU0MEQ4RThDQTQwREEyM0I3M0YzNzJBQUQ0MzQzOTk3NDQyQzcw
RkFDM0JENjFENEMwODU5RjY3RjAyRDIwMjNBMDAwMDRCNTY0ODIwMzczMjMw
MzEzMjMwMzUzMTMzMzEzOTM0MzAzMDMwMzgwMDAwMDA5OTk5OTkzRDBBRDdB
MzNCMzgyQUFENDM0MDk5NzQ0MkM2NDI2MzQzQTZGNjhGNDI4QjM2QjA0MzMz
Rjk4OTQyMUIwODMwNDFCMjA5OEE0MkY3Q0EyODQyQTcwOTk3NDIzQTdEM0Y0
MjhFNjY5OTQyRDRCOURDNDJDODg3OTM0Mjc2QUQwQTQzNjE1Rjc2NDIzM0RE
MEQ0MzYyMDI0RjQyQjM2QTA5NDNDMzQ1NDE0MjdBREFGRDQyREZBQTUyNDI2
MDZBRUY0MjU3RTg3NDQyQjAyMUQ5NDJBQjc5OEE0MkY4M0U3QTQyMTMyQzkw
NDI2RENCMTA0MjE2RDM5MTQyMjA3OTc1NDJCQTg5OEU0MkU2QjcyQzQyMzA0
Mjg1NDJFQUJEMTY0MTY2MkU3MjQyQjlCM0QxNDBBRUI0N0U0MjlFNTFCMzQz
QzRGNTg3NDI2OEE2QTg0M0E5Mzk3MTQyMUZGMEFBNDM1MDA1NzI0MkFGODg1
RjQwQjY1QjgwNDJDNUU5NzI0MDQyQjM3QjQyNjM0MUFBNDNFMkM5Njg0MjdG
MEJBNTQzMThFQjc2NDIyQzM2QTM0M0ExRUM4NTQyNkQwMEExNDNDMDQyNkU0
MjExQTk5RjQzQURCODQ2NDJBNkFDOUU0MzZGQTEzOTQyMkM5RDlDNDM1RjQy
NDA0MkVCNzg5NjQzMzM2MTQ1NDI0RURBOTE0MzQwRDgzRDQyOUE4QzkwNDNG
RUQ1M0Y0MkY5NzQ5MjQzQjgxRTU2NDI5NjMzOTc0Mzg3MUQ2NTQyQ0VCOTk1
NDM3MTBBNTg0MkQ0NEM5NTQzQjU4NDUwNDIxMjc3OTQ0M0VGRDc2MTQyRDlD
QTkyNDM2MDA0NzM0MkMwOEE5NDQzQzlBODdDNDI5MEE1OTM0MzYwMTI3RDQy
OTA4NDhBNDM5RkFGODU0MjJFMTg4NTQzQjVENDg1NDI5MjQyODk0MzUxODc4
MjQyRkUyMTg3NDM0NzhEODM0MkQ3QjE3RTQzNzA5QzgzNDJCQjE4NzA0M0FD
NTk4NTQyRUNCQzZDNDM3NjRCOEE0MjBCN0I4NDQzOTNEMDhCNDI4NUQwOTE0
MzdEQ0Y4QTQyMDQxMDk1NDM4MTc0OTE0MkQ2NTg4NzQzMUVERDlBNDI4OUNE
QTg0M0EyOTM5QTQyQkRBQkIzNDNDNEE2OTE0Mjk3NjE4NTQwRUM4MTkzNDIz
NjMxQUU0MzRGMEY5RDQyRURGM0UyM0RFNUVFRDYzREVDODBGNDNERjZBNUQw
M0RCQzNDNjIzRDRDQjA2MTNFNjdDQkVCM0VGQzRCMzgzRjUzQjQzMTNGOEQw
MjgyM0ZFM0JBMjMzRjAzNDNERDNFNEU5RTVBM0YxNDFBM0EzRjIwNDczNTNG
QTRCMEIzM0ZFMjgyOUUzRkRFQ0Q5MDNGRDEzNDVEM0ZDQjBEOEYzRjVEOUY2
QjNGNjI4RTIwM0YwODBDMDIzRkUzMUY5RjNFQzBBREE5M0VGNzRFQTczRUEw
MDRCMTNFNEEzODI0M0ZCRDBDQzQzRUQ4Rg==

--SBD.Boundary.605592468
PROCESS /noc/users/iridburst/exec/irid_300224010734970_upd.pl
Last Run  ----1970-01-01 00:00:00 
MONTH  5 
DATA  xxrecord 2012-05-13 20:00:05 :: $W5M5A,120513,200005,660d0028449ce246,1,DAS 2,4901.6220N,1622.6257W,14.6,278,17.6,14.5,11.6,73.5,7.0,11.6,74.0,7.2,1028.7,1.34,2.07,6.7,346,61*6A
 
INSERT
STATION sbdservice
IRID_ID 300224010734970
BODY 
Content-Type: application/x-zip-compressed; name="SBMmessage.sbd"
Content-Disposition: attachment; filename="300224010734970_003272.sbd"
Content-Transfer-Encoding: base64

JFc1TTVBLDEyMDUxMywyMTAwMDUsNjYwZDAwMjg0NDljZTI0NiwxLERBUyAy
LDQ5MDEuNjM1NU4sMTYyMi42NDMxVywxNS4yLDI2NSwyMS4yLDE0LjQsMTEu
Niw3Ni4wLDcuNSwxMS43LDc2LjUsNy43LDEwMjguMywxLjYsMi40OCw3Ljcs
Miw1OSo1Ng0KDQokVzVNNUEsMTIwNTEzLDIxMDAwNSw2NjBkMDAyODQ0OWNl
MjQ2LDIsREFTIDIsMTMuMSwxMy4yLDAuMiwwLjQsMC4wMSw5NzUsOTgxLDE1
Niw2MjgsMCwzMzguMSwxNS4wNSw5MjIqNjANCg0KJFc1TTVBLDEyMDUxMywy
MTAwMDUsNjYwZDAwMjg0NDljZTI0NiwzLDdGMDA3NTAyM0EwMDAwNTMzMjMw
MzEzMjMwMzUzMTMzMzIzMDM0MzAzMDMwNTU1QjAwMzEzMjMwMzUzMTMzMzIz
MDM0MzAyQzU0NDE0MjMwMzAzMDMwMzAyQzJEMzAzNTMxMkUzMTJDMkMzMTMy
MkUzNjMyMkMzNDJFMzAyQzMzMzYzMDMwMkMzNjMwMkMzNjMwMkMzMTJDMzAz
MDM1MzczMDJDMzMyRTM0MzIyQzMxMkUzMjM2MkMzMTMzMzkyQzMwMkMzMDJF
MzEzNzMxMkMyQjMwMzAyRTMwMEQwQUVBMTAwQzRENjNFQTdGMDA2NzAyM0Ew
MDAwNTczMjMwMzEzMjMwMzUzMTMzMzIzMDM0MzAzMDMwRkY0RDAwMDA4MEZC
NDQwMDQwMDA0NDAwMzg0NzQ4MDAwMDE5NDM4OUYwODQzRjkwRDBBODQwOTg5
RTFFNDA1NUJFQ0MzRjlGQ0ZDMjQwNUIxOUY5M0ZBMUJDQzg0MDU1NENBQjQw
NjMyN0Y2NDBGNTZBREQ0MDIxNDVENzNGNEM3MEJEM0ZDM0QxNkI0Mjg4QUJG
MjNCMDYyMTk1OEQzNjE3N0YwMkJBMDIzQTAwMDA0QjU2NDgyMDM3MzIzMDMx
MzIzMDM1MzEzMzMyMzAzNDMwMzAzMDM2MDAwMDAwMjk1QzhGM0QwQUQ3QTMz
QkVBNzBCRDNGQkZEMTZCNDI4QTVCNjY0MzQ1Qjc3OTQyMzdBOTVFNDM5MDE0
NzI0MjFERTI0NjQzRThEMDkyNDIyMEMyOTY0MDg2RUU4RjQyMzFFNkFGNDMw
Q0IyODk0MjFBMDU3MzQyRjA1MDhGNDJGNTA4QUI0MjUxNTc4RDQyNUU2M0FD
NDI0MkQzOTM0MjRFQkY2NTQyNTE1Rjk4NDJFMDQ3ODg0MkQyQkU4RjQyMDUy
MjlDNDJCRkVGODk0MjhDMTNBNTQyNjE5ODg0NDIzM0Q4QkI0MkY1NEY3MTQy
NkVBM0I5NDI0QzIyNUQ0MkM1MEY3MjQyQzZCMzgwNDJFM0U4Q0I0MUIzMEI4
MjQyRTdERDFENDIyM0M4ODI0MjIyM0RDQTQxNDE5Njg1NDJBMEUzQTc0MzU3
NDQ1ODQyQTI5NEEzNDNCMjdFMjg0MjhEMjNBOTQzREQ0NjI4NDJCNDYxQUU0
MzNFQTAzMDQyNzUwMUFDNDMzNkYwNDQ0MkU4QkRBNzQzNDA1RDNENDI0RDVB
QTY0MzU1NjYzRjQyRTIxM0E0NDMxMUI4NkE0MjM3NUNBMTQzQzFGRDgxNDI1
OURGOTk0M0RFMUQ2RjQyMUFBMDlDNDM0OEUxNzA0MjA0MzBBMjQzRUQ1NDY0
NDI5RTE0QTA0Mzg2QzUzRTQyMkI0OTlFNDM0N0I0MzI0MjNGNDI5QTQzMjdD
MzU0NDIxQTgzOTA0M0U4RTc3NTQyMTM1RjhGNDM0ODdDNzM0MjIxODQ4QjQz
MEI2QTYxNDI2QTI2OEU0M0JFNjM2RDQyNEZERjk3NDMzQ0M3NzA0MjYzMTY5
RTQzMjBDNjYzNDIwQjY3OUU0M0JCQkY3NTQyOTI2MzlCNDNEMTY1OEY0MjZG
ODc5RDQzNDY1QzhBNDI2Nzc3OTk0MzdCOEQ4NDQyRkI5QThENDMzRkZCODc0
MjU0ODc4MTQzMDc4OThCNDI0QTUzN0Y0M0QxNjM4QjQyRjRBMTg2NDM3Mjk4
ODk0MkQ4RjU4QzQzOUMzNjhBNDJDMzZFOEU0MzBEODY4OTQyRUEzRDg5NDNF
RDcwODY0MkRCRDA3NDQzRThFNjgyNDJBMEVGODU0M0FENzA4QzQyNjJEMjhG
NDM4NDA1OEQ0MjkzRjM4OTQzOURBQzhFNDJEM0UwMDkzRUI3ODEzNzNFQjBF
RUNBM0RGREI1MDkzRUVCMTVDQjNEOUJENDAzM0U2MkEwMUYzRjM4QTcwNDNG
MjBBMjE2M0YxMkU1N0QzRkQ5NkNBNTNGMzM5NTg4M0YyNUZDMDU0MEE5OEFF
RTNGMUJDQ0QyM0Y2M0VFNzkzRkE3MzJFQjNGMEI4OTlDM0ZCNjAwNUYzRkQ0
QUY4MDNGQ0RDRUE5M0Y2Njk4QUUzRkQyNjk4MjNGOTg4RkFGM0Y5RjE4QjAz
RkFGMUM0NTNGREZDRDE2M0ZBMUIyRjkzRTAxMEUzRDNGQzYzMTBCM0YyOEYw
MjkzRjEyMjIzQjNGRDQzOTJBM0ZEQzUzRA==

--SBD.Boundary.605592468
PROCESS /noc/users/iridburst/exec/irid_300224010734970_upd.pl
Last Run  ----1970-01-01 00:00:00 
MONTH  5 
DATA  xxrecord 2012-05-13 21:00:05 :: $W5M5A,120513,210005,660d0028449ce246,1,DAS 2,4901.6355N,1622.6431W,15.2,265,21.2,14.4,11.6,76.0,7.5,11.7,76.5,7.7,1028.3,1.6,2.48,7.7,2,59*56
 
INSERT
STATION sbdservice
IRID_ID 300224010734970
BODY 
Content-Type: application/x-zip-compressed; name="SBMmessage.sbd"
Content-Disposition: attachment; filename="300224010734970_003273.sbd"
Content-Transfer-Encoding: base64

JFc1TTVBLDEyMDUxMywyMjAwMDUsNjYwZDAwMjg0NDljZTI0NiwxLERBUyAy
LDQ5MDEuNjQzOU4sMTYyMi43MDIyVywxNS41LDI3MywxOS44LDE0LjQsMTEu
OCw3Ny41LDguMCwxMS44LDc4LjAsOC4xLDEwMjguMSwxLjgsMi43Nyw2Ljks
MzQ4LDU2KjVFDQoNCiRXNU01QSwxMjA1MTMsMjIwMDA1LDY2MGQwMDI4NDQ5
Y2UyNDYsMixEQVMgMiwxMy4xLDEzLjIsMC4yLDAuNCwwLjAxLDk3Niw5ODIs
MTU2LDYyOCwwLDMxNi4xLDE1LjA1LDkyNio2Qg0KDQokVzVNNUEsMTIwNTEz
LDIyMDAwNSw2NjBkMDAyODQ0OWNlMjQ2LDMsN0YwMDc1MDIzQTAwMDA1MzMy
MzAzMTMyMzAzNTMxMzMzMjMxMzQzMDMwMzA1NTVCMDAzMTMyMzAzNTMxMzMz
MjMxMzQzMDJDNTQ0MTQyMzAzMDMwMzAzMDJDMkQzMDM1MzEyRTMxMkMyQzMx
MzIyRTM1MzkyQzM0MkUzMDJDMzMzNjMwMzAyQzM2MzAyQzM2MzAyQzMxMkMz
MDMwMzUzNzMwMkMzMzJFMzQzMjJDMzEyRTMyMzYyQzMxMzQzMDJDMzAyQzMw
MkUzMTM3MzEyQzJCMzAzMDJFMzAwRDBBRTkxMDQ5NDg5OUJCN0YwMDY3MDIz
QTAwMDA1NzMyMzAzMTMyMzAzNTMxMzMzMjMxMzQzMDMwMzBGRjREMDAwMDgw
RkI0NDAwNDAwMDQ0MDBGQzUwNDgwMDAwMEU0MzRDNjI5NjNGOTRFREI1NDA4
NTE2MzE0MDQ1MDJFNjNGMDBCNkQ0NDA2MDFCMEQ0MERFMDFEMjQwN0UyNUI3
NDA4RUIwREM0MDcxNTVEMjQwRTE5NkYyM0YyOTExQUU0Mzk2NDY1RTQyODE4
OTFEM0NFNjFDMDE5OTY1OTg3RjAyQUUwMjNBMDAwMDRCNTY0ODIwMzczMjMw
MzEzMjMwMzUzMTMzMzIzMTM0MzAzMDMwMzUwMDAwMDA5OTk5OTkzRDBBRDdB
MzNCMkExMUFFNDM5MjQ2NUU0MkJGMjQ5NzQzMERCNzg5NDI0NDM0QTM0M0Q1
RjQ1QzQyQ0M5REFCNDMzMUE5MkI0MjBEMzFBRTQzMjRFRDJBNDJFRDk4QUU0
M0IxODMyMDQyQURFMkIxNDMyRUQwNjI0MjM4QTVBNTQxQ0FDMTg1NDI4Mjcy
OEQ0MjMxMjI4ODQyRDg3MUJENDI4ODdDODQ0MjkxRTRENjQyRkU4MjgxNDI0
M0Q0RTI0Mjc3QTQ3MTQyMUFFRkM2NDJBQzBFNzg0MjJBOEFGODQxQ0RFRjgz
NDI4Q0Y1QUY0MzI1NzI1NTQyMkE4RUFCNDMwRTU4NEI0MjAyMzZBRTQzRkE4
NDY1NDI2NTU4QjE0MzU1OUM2RDQyRUQzOEFCNDMyRDEwNEE0MkI1MkFBNjQz
MENEQzIyNDIyMUVEQTM0MzM0MEQyRTQyQ0ZGREEwNDNDQzhFM0I0MjI5MENB
MDQzRDA1NDQ0NDI2NTNFQTA0MzM3RjU0NjQyOEI2NEEwNDNCNzM3M0M0MkVD
NjhBMTQzMTU1QTIyNDJDQjgyQTQ0MzI0QjYzQjQyMTAyOUE2NDNDMUU1NDg0
MkI4OURBNDQzNUY4MDUwNDIwOUY5OUY0MzA1REM2MjQyMjk5MTlCNDNBOEU4
N0Q0MjY4MDdBMzQzMDkyNjcwNDI1RUM4QTE0MzhBRTI1RjQyOTkzNDlDNDMx
MUU2NDI0MkU2MkU5NzQzMEQ1OTRDNDIzMzkwOTI0M0U1MjA3RTQyNTExQ0E0
NDM4MTAxODg0Mjc0Q0RBMTQzRjY5MTgzNDIwREUxOTU0M0VFNkI4OTQyMThG
ODlENDMwOTYxOEM0MjBCQ0FBMzQzNzkyODdCNDJBQkQ4OTc0MzBDRTA4MDQy
MUVENThCNDNFMzU2ODQ0MkU2NDc4QjQzMzRGMjg0NDIwN0VEOEM0M0M4QTY4
NjQyNUUyNTkyNDMyRTFDODI0MjY5NTY5QTQzRjgzOTdBNDJFQkIxOUQ0MzJG
MjY4RDQyMEVDRjkzNDNBNjk0OTY0MjNCNjQ4MjQzQjM3ODk4NDI3QkE5NjI0
MzhDQjQ5NDQyNzRFMDdCNDNCNjNEOTc0MjU1Q0QwMDQxMDUxQzhGNDIyNjNB
QzI0MUQ3ODM4MDQyRThENDgwM0VBNTNBNzMzRUJGQzBBMTNFNkVFM0QyM0Uy
Njk4RjYzRTcwRjcyMzNGNEJDQkVEM0VDMUVCOUIzRjIyNkZFNjNGQTZCOTBD
NDBBMzhGQjkzRkY3NjFEOTNGNDNEMDA5NDBDNTY1Mjk0MEYzMTQzQzQwMjE3
NUM4M0YzMkZDMDM0MDRBQjVGNzNGMTNBM0QyM0YyRDAxQjczRjdEN0VCNjNG
OTdGMTFBNDAzNzdGMjU0MDU4NzU3MDNGRDFCQzEyM0ZGRTIwNTgzRkNFNzU0
QTNGOUQ2OTA2M0Y1MzRDMTUzRkJFQTE0RDNFQUI4MjlFM0VCRkRBQUUzRTI1
MjVFMTNFQ0NDRkZGM0U4MTkzQzAzRTdENQ==

--SBD.Boundary.605592468
PROCESS /noc/users/iridburst/exec/irid_300224010734970_upd.pl
Last Run  ----1970-01-01 00:00:00 
MONTH  5 
DATA  xxrecord 2012-05-13 22:00:05 :: $W5M5A,120513,220005,660d0028449ce246,1,DAS 2,4901.6439N,1622.7022W,15.5,273,19.8,14.4,11.8,77.5,8.0,11.8,78.0,8.1,1028.1,1.8,2.77,6.9,348,56*5E
 
INSERT
STATION sbdservice
IRID_ID 300224010734970
BODY 
Content-Type: application/x-zip-compressed; name="SBMmessage.sbd"
Content-Disposition: attachment; filename="300224010734970_003274.sbd"
Content-Transfer-Encoding: base64

JFc1TTVBLDEyMDUxMywyMzAwMDUsNjYwZDAwMjg0NDljZTI0NiwxLERBUyAy
LDQ5MDEuNjQ4M04sMTYyMi44MDc5VywxNy4wLDI3NiwyMC43LDE0LjMsMTEu
OSw3OC4zLDguMywxMi4wLDc4LjksOC40LDEwMjcuNCwxLjg2LDMuMiw4LDMz
NCw1OSo0MQ0KDQokVzVNNUEsMTIwNTEzLDIzMDAwNSw2NjBkMDAyODQ0OWNl
MjQ2LDIsREFTIDIsMTMuMCwxMy4yLDAuMiwwLjQsMC4wMSw5NzcsOTgzLDE1
Niw2MjgsMCwzMjAuNywxNC42Niw5MjYqNkMNCg0KJFc1TTVBLDEyMDUxMywy
MzAwMDUsNjYwZDAwMjg0NDljZTI0NiwzLDdGMDA3NTAyM0EwMDAwNTMzMjMw
MzEzMjMwMzUzMTMzMzIzMjM0MzAzMDMwNTU1QjAwMzEzMjMwMzUzMTMzMzIz
MjM0MzAyQzU0NDE0MjMwMzAzMDMwMzAyQzJEMzAzNTMxMkUzMTJDMkMzMTMy
MkUzNTM2MkMzNDJFMzAyQzMzMzYzMDMwMkMzNjMwMkMzNjMwMkMzMTJDMzAz
MDM1MzczMDJDMzMyRTM0MzIyQzMxMkUzMjM2MkMzMTM0MzEyQzMwMkMzMDJF
MzEzNzMyMkMyQjMwMzAyRTMwMEQwQUU5MTBCNzMzNEZFRDdGMDA2NzAyM0Ew
MDAwNTczMjMwMzEzMjMwMzUzMTMzMzIzMjM0MzAzMDMwRkY0RDAwMDA4MEZC
NDQwMDQwMDA0NDAwQzA1QTQ4MDAwMDBCNDNDOTk1OUQzRjUwNkRCOTQwNDRC
MTRDNDBGOTcyRUQzRjIwMTlENjQwMDAxRTE4NDAxODNCRTI0MEI4MERCMzQw
MDAwMDAwNDExMjA1RjA0MEVGMUVGOTNGMDgxN0E3NDNDMEVDNkE0MkEwNTQy
NTNDQkMxQTRCMUFBNUVDN0YwMkFFMDIzQTAwMDA0QjU2NDgyMDM3MzIzMDMx
MzIzMDM1MzEzMzMyMzIzNDMwMzAzMDM1MDAwMDAwOTk5OTk5M0QwQUQ3QTMz
QjBBMTdBNzQzQzBFQzZBNDJEQ0QzQUY0MzYzMUY0QjQyMDE4OEFGNDM4M0U1
MzI0MkZDNTRBQzQzRDQ3NzFDNDI5RkJCQTY0MzRFMDgwRDQyNDY1RUE4NDM2
NUUyMzY0Mjk1NDRBOTQzRDczNTQ1NDIyQzlFQTc0M0Y3NDM0QzQyODZGMUE4
NDM3NkU1NjM0MjBFRUJBODQzRjlBQjcwNDI3QURCQUI0MzBFQ0M4OTQyMzRG
Qjk1NDE1Mjc3OTQ0MjJERUE4OTQyNkZCOTkyNDJENjJDQzc0MTU5RjA5NDQy
MDI1NUE4NDNCMEZEODY0MjlGRkRBMzQzODUyRTdGNDI3NTFFQTQ0M0UzNjI4
MDQyQjlBNkE2NDNGRkZFNjI0MjE0QzhBNzQzQzA2NzMyNDJDRkQ1QTU0M0M1
QzIxQjQyRDZGNEE0NDMyQTcwMUI0MjlDMEFBNTQzQThGNDJFNDI4ODc3QTk0
M0FENjM1RTQyMUQzNkE3NDNFOEJFNzk0MkUwRDA5QzQzMjJCQTU2NDI2NEM2
QTA0M0Q4MzgyNTQyMTJBM0ExNDMwRkM2MkU0Mjk2NjM5RDQzNDlCNDU2NDIw
NDNDOUE0MzQyNDI2NTQyNTZDQzk1NDMwMUZDNzE0MkEwNzA5ODQzNDQ0Qjc0
NDJBMjE2OUI0MzZFMzE0NzQyMjRFODlENDM4MDk0MzE0MjhCMTdBMDQzMDc4
RjQyNDJFMDFCOTk0MzFCNEI3MDQyRTk0RTkwNDMxNERBNzk0MkQ0MDY4QzQz
OUE4MTc2NDI2MjY1OTA0M0U3MUI3OTQyMjI5NDk5NDNBMkJCNzU0MkVGOUY5
NjQzMjg3RDZFNDIyM0JFOTY0M0Q4NEM2QzQyQ0UxQzk2NDMzNTJDODA0MjY4
NjU5MDQzQkM5NzgyNDI5RENEOTA0MzFEMTA3QzQyODMzMjk3NDM2MTg1ODA0
MkQ0Q0Q5NjQzQTI1QzhGNDI5REYyN0Q0MzIyOTM5NDQyM0JGQzhBNDNEQTY4
OTA0MjAyOTk4QzQzNURCQjg5NDJFMzc1ODE0MzBBODY4RDQyMzY2NjZDNDNE
N0VBOUI0Mjc5QjRBQjQzN0FBMjk1NDI1RUFBQTQ0MzMyMDM4RjQyODBEODlE
NDNBRUFBOTU0MkQ2RDNCMTNFQUY1QjBGM0Y2NDQ2QzgzRTQ1MkY5RTNFMEIw
MjI5M0Y5NEY1ODMzRjNFRERDMDNGNTVCQUEyM0YyRTA3QUYzRjgwNEYwNjQw
NDQxMDU2NDAwQUQxRUYzRjQ0NzgxNDQwOUNFMTA5NDBCOEEyMUQ0MDlDNTcx
MDQwMkYyNkRGM0ZCRjZDQjczRjVCMEQ5RTNGRDA3OUQ1M0YwMDAxNTkzRkNB
MDQ4ODNGOTFCODU0M0Y1QjQwMDEzRjEwRjM5QzNGREIyOUM3M0ZDOEY2NEYz
RjY5MjgwRTNGNUFEMEVCM0U3MDNCQzczRUVEMUI5QzNFNjczMDJDM0ZGMjlC
MEEzRjlEODNERjNFRDc4QzE4M0Y1NTlBNA==

--SBD.Boundary.605592468
PROCESS /noc/users/iridburst/exec/irid_300224010734970_upd.pl
Last Run  ----1970-01-01 00:00:00 
MONTH  5 
DATA  xxrecord 2012-05-13 23:00:05 :: $W5M5A,120513,230005,660d0028449ce246,1,DAS 2,4901.6483N,1622.8079W,17.0,276,20.7,14.3,11.9,78.3,8.3,12.0,78.9,8.4,1027.4,1.86,3.2,8,334,59*41
 
INSERT
STATION sbdservice
IRID_ID 300224010734970
BODY 
Content-Type: application/x-zip-compressed; name="SBMmessage.sbd"
Content-Disposition: attachment; filename="300224010734970_003275.sbd"
Content-Transfer-Encoding: base64

JFc1TTVBLDEyMDUxNCwwMDAwMDUsNjYwZDAwMjg0NDljZTI0NiwxLERBUyAy
LDQ5MDEuNjYzNE4sMTYyMi45MDA2VywxNi45LDI4MiwyMC42LDE0LjIsMTIu
MCw3OS44LDguNywxMi4xLDgwLjQsOC44LDEwMjYuOSwxLjk5LDMuODIsOC43
LDMzMSw1OCo2Nw0KDQokVzVNNUEsMTIwNTE0LDAwMDAwNSw2NjBkMDAyODQ0
OWNlMjQ2LDIsREFTIDIsMTMuMCwxMy4yLDAuMiwwLjQsMC4wMSw5NzgsOTg0
LDE1Niw2MjgsMCwzMjIuMywxNC42Niw5MjIqNjANCg0KJFc1TTVBLDEyMDUx
NCwwMDAwMDUsNjYwZDAwMjg0NDljZTI0NiwzLDdGMDA3NTAyM0EwMDAwNTMz
MjMwMzEzMjMwMzUzMTMzMzIzMzM0MzAzMDMwNTU1QjAwMzEzMjMwMzUzMTMz
MzIzMzM0MzAyQzU0NDE0MjMwMzAzMDMwMzAyQzJEMzAzNTMxMkUzMTJDMkMz
MTMyMkUzNTM0MkMzNDJFMzAyQzMzMzYzMDMwMkMzNjMwMkMzNjMwMkMzMTJD
MzAzMDM1MzczMDJDMzMyRTM0MzIyQzMxMkUzMjM2MkMzMTM0MzIyQzMwMkMz
MDJFMzEzNzMxMkMyQjMwMzAyRTMwMEQwQUU4MTAxRDcxRjcxQjdGMDA2NzAy
M0EwMDAwNTczMjMwMzEzMjMwMzUzMTMzMzIzMzM0MzAzMDMwRkY0RDAwMDA4
MEZCNDQwMDQwMDA0NDAwODQ2NDQ4MDAwMDA5NDNEQURBQTMzRkM1NEJCQzQw
MUM1Mzc0NDBBMEQ1RkUzRjdEM0JFNDQwMzFENDI2NDAyMkI5RUM0MDk1MDFC
RDQwNjUyMTBCNDEwM0FFMDg0MUFEMzMwNzQwNTA2M0E1NDMyNERCNjY0MjRD
QkE0MTNDMUIxQzVGOEQ2OUJGN0YwMkEyMDIzQTAwMDA0QjU2NDgyMDM3MzIz
MDMxMzIzMDM1MzEzMzMyMzMzNDMwMzAzMDM0MDAwMDAwOTk5OTk5M0QwQUQ3
QTMzQjUxNjNBNTQzMjJEQjY2NDIyMEVBQjM0M0FDODM2MjQyQUNDN0FGNDMw
MkNDMzg0MjY0QjZBQzQzNEU0ODBBNDI3MTY4QUE0MzhBMkYwMzQyMTA3NUE5
NDM3OEQyMDY0MkE4MzRBOTQzMDBGQTFDNDI0MDEwQUE0M0Q5Q0Y1NzQyQ0Mx
OUFFNDNFOTg2ODI0Mjg3OURBMDNGMDM0Njg1NDI4NTA2QUQ0MTY0OTI4RDQy
Qjc1MkE0NDJFQTREOUI0MjkzMDBBMTQzNkZDODkzNDJFNTUwQTI0MzZDRTA3
RjQyMUVCM0EzNDMwOEQzODA0MkI4QzFBNjQzQjQ2Mjc5NDJEMTU2QTM0Mzk4
MkI2MjQyRDVCODlGNDM5RDc2NTg0MkIyNUE5RDQzNTkzRDU0NDI5MEQzOTg0
M0I5RDM1QTQyNDM3Qjk1NDMyQjIwNkM0MjYyMzQ5ODQzQzA4MTY3NDJCMkNF
OUM0M0VFMTk2NjQyRkREN0EzNDNCNThGNTE0MjEyMzJBODQzQUJGQjJDNDIw
RjA5QTk0MzZGNUQzNTQyOUNBREEzNDNDOTI2NDQ0MjMwRjQ5QzQzMzJGMzJF
NDI2NDM5OTg0MzFDRDEyMjQyODlBRjk3NDM2MjZGMkY0MjBCNUQ5ODQzODM3
MDNENDI0NkE4OTU0M0U4OUYzODQyODNEMThGNDM0MzQ4NDU0MkUxNUU4NjQz
QThGQTZBNDI5NjVFOTU0MzA4ODA3RDQyM0RFNEEyNDM4MEI4NTc0MkM1NzJB
MDQzRTUxRTYyNDI1NjAwOEY0Mzg3N0M4NjQyNEM2NzhFNDM2NURGODc0MkEy
NUQ5NTQzN0FDNDg0NDIyNjQyOEM0M0I5NzY3QjQyQkIwMDg3NDMzQTk5N0U0
MjgwMzc4RTQzNDUxMzhDNDIwNDM5OTk0MzRBNEY4RDQyQ0RGMTkwNDNFOTkw
ODY0MjQ4ODY4NDQzOTIwNjdFNDIxNkU0N0E0MzZGOTk4QzQyM0IzRjY3NDNC
NUM4OTk0MkM4RkY4MzQzMUJBQzk1NDJFNjYyODU0MzVFRDY5MDQyMUYzODdB
NDMwOTJGOTI0MkI0RjQ4RTQzMkI4RTk3NDIxNjUwQjA0MzIwRDU5MjQyQ0JB
OENGM0UwQzgzQTYzRUMwN0IyQzNGRTI3REI3M0Y5NEE1RTkzRkJEQjgwNTQw
REM4NkVDM0ZCMjc5MUE0MDMwMEVCQzQwNjczODgxNDAxMTU0RDEzRjFBOENG
MjNGMzk4QzMxNDA3NjM5RUEzRkUwQzU2RDNGOEQ4NzA1NDA3QzA2MzI0MEJG
RUZGNTNGNDRFQjRDM0ZDNjlFNkMzRjlFRjgyNTNGRjJFNzA4M0ZFNTFEMjAz
RkZBM0EzNjNGOTk3NTEzM0ZEMjM0RDczRTg1QTU4MzNGMjc3RjZGM0Y5ODk1
OEEzRkQ3MkQ5MTNGNjAyQjgwM0YwQTcxNjAzRjBGQkYxRTNGNTY4ODI0M0Y4
OUUwNEIzRjMxMUMxNjNGRDIzMTRGM0UwRg==

--SBD.Boundary.605592468
PROCESS /noc/users/iridburst/exec/irid_300224010734970_upd.pl
Last Run  ----1970-01-01 00:00:00 
MONTH  5 
DATA  xxrecord 2012-05-14 00:00:05 :: $W5M5A,120514,000005,660d0028449ce246,1,DAS 2,4901.6634N,1622.9006W,16.9,282,20.6,14.2,12.0,79.8,8.7,12.1,80.4,8.8,1026.9,1.99,3.82,8.7,331,58*67
 
INSERT
STATION sbdservice
IRID_ID 300224010734970
BODY 
Content-Type: application/x-zip-compressed; name="SBMmessage.sbd"
Content-Disposition: attachment; filename="300224010734970_003276.sbd"
Content-Transfer-Encoding: base64

JFc1TTVBLDEyMDUxNCwwMTAwMDUsNjYwZDAwMjg0NDljZTI0NiwxLERBUyAy
LDQ5MDEuNjg1N04sMTYyMy4wMDMzVywxNi45LDI3OCwyMS4yLDE0LjIsMTIu
Miw4MS42LDkuMSwxMi4yLDgyLjEsOS4yLDEwMjYuMywyLjA3LDMsOCwzMTks
NTAqNTENCg0KJFc1TTVBLDEyMDUxNCwwMTAwMDUsNjYwZDAwMjg0NDljZTI0
NiwyLERBUyAyLDEzLjAsMTMuMSwwLjIsMC41LDAuMDEsOTc5LDk4NSwxNTYs
NjMwLDAsMTI5LjQsMTUuMDUsOTI1KjY3DQoNCiRXNU01QSwxMjA1MTQsMDEw
MDA1LDY2MGQwMDI4NDQ5Y2UyNDYsMyw3RjAwNzUwMjNBMDAwMDUzMzIzMDMx
MzIzMDM1MzEzNDMwMzAzNDMwMzAzMDU1NUIwMDMxMzIzMDM1MzEzNDMwMzAz
NDMwMkM1NDQxNDIzMDMwMzAzMDMwMkMyRDMwMzUzMTJFMzEyQzJDMzEzMjJF
MzUzMzJDMzQyRTMwMkMzMzM2MzAzMDJDMzYzMDJDMzYzMDJDMzEyQzMwMzAz
NTM3MzAyQzMzMkUzNDMyMkMzMTJFMzIzNjJDMzEzNDMzMkMzMDJDMzAyRTMx
MzczMjJDMkIzMDMwMkUzMDBEMEFFNTEwQzQ4MzhENEY3RjAwNjcwMjNBMDAw
MDU3MzIzMDMxMzIzMDM1MzEzNDMwMzAzNDMwMzAzMEZGNEQwMDAwODBGQjQ0
MDA4MDAwNDQwMDAwN0E0NTAwMDAwNjQzMzUxOEFFM0ZDRERDQkY0MDEyQkEz
RjQwRTI3MTA0NDA3Njc1RUI0MDRGRDIxRjQwQTAwRUUxNDBEMkY1Qjk0MDAw
MDAwMDQxQjdENUZCNDA0RDQ3MEI0MDJDQkU5RjQzQjQ3OTQ3NDI1RkUwNEMz
Q0YwMUM2QUY2QkE0MjdGMDJCQTAyM0EwMDAwNEI1NjQ4MjAzNzMyMzAzMTMy
MzAzNTMxMzQzMDMwMzQzMDMwMzAzNjAwMDAwMDk5OTk5OTNEMEFEN0EzM0Iy
REJFOUY0M0I1Nzk0NzQyOEFFM0EzNDMwMUI4NDE0MjgzMjdBNzQzNUVBRjBC
NDI0ODhFQTk0MzA2NTJEQTQxN0YxOEE5NDM5Q0ZGQ0I0MThEMEFBOTQzQ0U5
QUNDNDEwNTZEQTk0MzkzMkIwNjQyRjA1RkE2NDM1RTRCMjM0MjEyQjJBMTQz
RkVGMTVCNDI4QzQ0QTA0MzA3OUE5MTQyQzYwREE0NDMwNTI5ODM0MjEzOEJB
MjQzRDgxRTY4NDI0MTJDQTM0MzM4NkE2MDQyMzRENkE0NDNGQUJDNjI0MjRB
RUZBMjQzRTg1MTZFNDJCMzNDQTQ0MzYwN0I3NjQyOEQ1MkE2NDMwRDczNkE0
MkI4MzhBNTQzRTVBNDRENDJFNUIyQTA0MzRFNDUzRDQyMEY2NzlCNDM0QzNE
MkE0MjVGOUQ5OTQzQkMzRTI2NDI5RUMyOUE0MzNGQTg0MDQyREQ1ODlCNDM4
RjI0NEI0Mjc3REQ5NzQzNjk1QzQ0NDJDODNDOTY0M0FCNzczMzQyNEM0Qzk5
NDMyNzIyMUY0MkQyNzE5QjQzQjE0MjI1NDI2Q0JBOTg0MzY1MEEzNjQyNzUw
RTk3NDMzQkU5MTc0MkE0OTA5NzQzRTBCMzBFNDI4MjYzOTc0MzcxRkUyMTQy
RTVDOTk2NDM5ODFCM0U0MkEzMDA5QTQzMTdGRTU0NDJDRDY2OUM0MzQ5Rjc1
NTQyMDRFODk2NDNCMDQ0NzE0MjVBQkY5NTQzRTM1QTg5NDJBQTAyOTY0Mzcy
Q0U4MzQyQkRGRThGNDNENzI3NTc0MjQyQjc5MDQzRkE2QzRGNDJBQjNGOTQ0
MzhBRjE2ODQyN0E4MTk3NDM0MEM5N0U0MjNBOTc5NzQzNzlCODgyNDJFNjc5
ODk0MzZFNEE4NjQyMENFQjc0NDM2OTYxODE0MjQ0RjA3QzQzRjlGRjg2NDJC
Qzk3ODg0M0U1RDE4NzQyOENCNzgyNDNFNEEyN0Q0MkRFQzE4ODQzMTU3MTg0
NDIxQjA1OTk0Mzc1RTQ4NjQyNzI5OTk2NDNERjVBOEQ0MjFBREU5NTQzREUy
Mjk2NDJBOUE3OTE0MzYyQzk5QjQyNTNBQkFCNDM3OTUzOUI0MjYzMUNCMzQz
ODZGQTk0NDI0MEExQTM0M0FGMUU5QzQyMUU3MDBEM0ZEQUE0NkQzRkY2RUQ5
NTNGQ0M0MjlDM0ZDMzczRkYzRjEzQzg0MjQwRDRGMzQxNDA4RDBERjEzRkJE
MDI5MzNGRjlEOUQ2M0ZFRTVCNEU0MDI3MEIyQTQwMERFNDJCNDA4QUNDQzEz
RkIzQzcyRDQwNjlDNTIwNDAwQTFBRjQzRjE4RkFBRDNGRURCREFFM0YxRjg1
MUU0MDEyNjRDRTNGMDk1RTAyNDBDRDkxQzkzRjM0NUYzOTNGMENCODlFM0Y1
RDJCRUYzRUYyRjQwQzNGQ0U5NjQzM0Y1MjNEMkQzRjMyMUU5QTNGOEFEQzFF
M0ZCOEJFMEEzRjY5RkExOTNGRTYyRDhFMw==

--SBD.Boundary.605592468
PROCESS /noc/users/iridburst/exec/irid_300224010734970_upd.pl
Last Run  ----1970-01-01 00:00:00 
MONTH  5 
DATA  xxrecord 2012-05-14 01:00:05 :: $W5M5A,120514,010005,660d0028449ce246,1,DAS 2,4901.6857N,1623.0033W,16.9,278,21.2,14.2,12.2,81.6,9.1,12.2,82.1,9.2,1026.3,2.07,3,8,319,50*51
 
INSERT
STATION sbdservice
IRID_ID 300224010734970
BODY 
Content-Type: application/x-zip-compressed; name="SBMmessage.sbd"
Content-Disposition: attachment; filename="300224010734970_003277.sbd"
Content-Transfer-Encoding: base64

JFc1TTVBLDEyMDUxNCwwMjAwMDUsNjYwZDAwMjg0NDljZTI0NiwxLERBUyAy
LDQ5MDEuNjg4ME4sMTYyMy4xMDk3VywxNy40LDI4MCwyMS43LDE0LjIsMTIu
Myw4NC4wLDkuNiwxMi4zLDg0LjQsOS43LDEwMjUuNSwyLjEsMi45OCw4LDMx
Niw0Nio0RQ0KDQokVzVNNUEsMTIwNTE0LDAyMDAwNSw2NjBkMDAyODQ0OWNl
MjQ2LDIsREFTIDIsMTMuMCwxMy4xLDAuMiwwLjQsMC4wMSw5ODAsOTg2LDE1
Niw2MjksMCwxMTUuMiwxNS4wNSw5MjUqNjENCg0KJFc1TTVBLDEyMDUxNCww
MjAwMDUsNjYwZDAwMjg0NDljZTI0NiwzLDdGMDA3NTAyM0EwMDAwNTMzMjMw
MzEzMjMwMzUzMTM0MzAzMTM0MzAzMDMwNTU1QjAwMzEzMjMwMzUzMTM0MzAz
MTM0MzAyQzU0NDE0MjMwMzAzMDMwMzAyQzJEMzAzNTMxMkUzMTJDMkMzMTMy
MkUzNTMxMkMzNDJFMzAyQzMzMzYzMDMwMkMzNjMwMkMzNjMwMkMzMTJDMzAz
MDM1MzczMDJDMzMyRTM0MzIyQzMxMkUzMjM2MkMzMTM0MzQyQzMwMkMzMDJF
MzEzNzMyMkMyQjMwMzAyRTMwMEQwQUU1MTAwNzUwNkYxQjdGMDA2NzAyM0Ew
MDAwNTczMjMwMzEzMjMwMzUzMTM0MzAzMTM0MzAzMDMwRkY0RDAwMDA4MEZC
NDQwMDgwMDA0NDAwQzA1QTQ2MDAwMDA1NDNGQTIxQjEzRkRGQTZDMTQwRjg5
ODNFNDBFQzJDMDY0MEZBNjZFRDQwNUY4RDI2NDAyNDBDRTE0MENGODNCRDQw
MDAwMDAwNDE4MDc1Rjg0MDJDMUYwRjQwQkEzMjlFNDNDMDczMzg0MjlGMTE1
OTNDQkExQzJGOTQwRDg3N0YwMkFFMDIzQTAwMDA0QjU2NDgyMDM3MzIzMDMx
MzIzMDM1MzEzNDMwMzEzNDMwMzAzMDM1MDAwMDAwOTk5OTk5M0QwQUQ3QTMz
QkJDMzI5RTQzQzA3MzM4NDJCRkJGQTY0M0I2QTczQTQyOTA2NkE0NDM4NjY3
MUQ0MkVBRDdBNDQzMjJCQTBENDI2MkQ3QTY0MzgwNkIwMTQyMEREQ0E3NDMz
OTZBRDc0MTMxNjNBNzQzRDhEM0U3NDE5RTVEQTY0MzNEOEUyMDQyMzA4NkEz
NDMyNjNFNTQ0Mjc4MjNBMjQzNDFDQjYxNDIxQUU5QTI0M0U5QzU0NDQyNTA1
N0EwNDM0MkMzM0M0MkNEM0U5RDQzOEEwRjRENDI1M0NGOUQ0MzZBRDY1RDQy
QzMyMUExNDM3QzQxNkU0MkM3QUZBMTQzMUEzMDU2NDI2NUU0QTA0MzVBQTgx
NDQyMDMyNzlGNDNCNzFEMDM0MjczODk5QTQzRUQ1MjA5NDI4RTgwOTg0MzBF
RURFMTQxRDZFOTk5NDNGRTYwRjI0MUVGRUM5ODQzQkMyNzBGNDIxMzBCOTk0
M0M2MkIxMzQyOUU5NjlBNDNCNDhFMUM0MkFDNEY5QTQzNDE4NTIwNDIzOUI4
OUM0MzlDRTcxQjQyMDM0NjlENDM4QTQzMjQ0MjE4RUI5OTQzOEE4QzM2NDI0
QjNEOUM0MzE0RDk0ODQyM0QxNTlGNDM0MTVBNTE0MkY0Mjk5OTQzRDY4NjUx
NDJBMkUxOTQ0MzQ1MjIyQzQyOEM0RTkzNDMzN0RGMjg0MjU4NTA4RTQzOURB
OTQ4NDJFNEFGOEY0MzJBNEE2MTQyMUUzOTk5NDMxNDc5NkY0MkU5QzY5QzQz
NzcxQjc2NDJENzQ1OUE0M0FEQkY2QTQyMzQ3RTkzNDNERDNCNjg0MkRCNEI4
RDQzMDEyMDYwNDI5NzI5OEU0M0I5QzI1NzQyODlFMDkzNDMxQUQ3N0I0MkM0
NDY5MTQzRENDQjkwNDIwNTIwODQ0M0Y0Mjc4RjQyRUQ1NTkwNDNDODQ4OEE0
MjJFMDI5ODQzQTdFRDkwNDJCQTYzOTU0MzJGRUE5RDQyN0I0QTRCNDNDQUVF
OTQ0MjRFMkI2QjQzNjhDMDkzNDIxN0M4OUY0Mzg3NDA5OTQyMUVBOUIwNDM5
OEIxOEQ0Mjg1OTRBQjQzNjZFMzkwNDJCODQzOUE0M0VFODQ5MzQyOTEyMjlB
NDNBRkI1OTA0MjI2MDgzQjNGRDMxNDgxM0ZEMEE1NDUzRkFEMUUyODNGOTBG
MEE5M0Y5NzI2MTQ0MDU5ODcwNTQwRjExNDEzNDBCMUQzMjQ0MERENTg1NTQw
Njg1RDgzNDBFMEEwN0E0MEVFQTYyRDQwMDVFMTI5NDBEQTA1NDc0MDdBOEFF
RTNGRDYwMDE1NDAxNUFEQkEzRjlERjBERjNGRDZGODA0NDAxODJFQjUzRjY2
QTY5QjNGNzExNzgwM0YzQzFFOEMzRjFCOEQ3OTNGQTJFRjk2M0ZERTMxM0Iz
RkM4MTExOTNGMzMzN0Y1M0VCRDJCRTQzRTYxRjk3OTNGNjI4Mzc1M0Y2QzE5
REUzRURGMzIwNzNGQzZENjBBM0ZFOTNFMg==

--SBD.Boundary.605592468
PROCESS /noc/users/iridburst/exec/irid_300224010734970_upd.pl
Last Run  ----1970-01-01 00:00:00 
MONTH  5 
DATA  xxrecord 2012-05-14 02:00:05 :: $W5M5A,120514,020005,660d0028449ce246,1,DAS 2,4901.6880N,1623.1097W,17.4,280,21.7,14.2,12.3,84.0,9.6,12.3,84.4,9.7,1025.5,2.1,2.98,8,316,46*4E
 
INSERT
STATION sbdservice
IRID_ID 300224010734970
BODY 
Content-Type: application/x-zip-compressed; name="SBMmessage.sbd"
Content-Disposition: attachment; filename="300224010734970_003278.sbd"
Content-Transfer-Encoding: base64

JFc1TTVBLDEyMDUxNCwwMzAwMDUsNjYwZDAwMjg0NDljZTI0NiwxLERBUyAy
LDQ5MDEuNjc3Nk4sMTYyMy4xMTM4VywxNy41LDI4MSwyMC44LDE0LjIsMTIu
Miw4Ny4yLDEwLjEsMTIuMiw4Ny42LDEwLjIsMTAyNS4wLDIuNDIsMy45Myw4
LjcsMzA1LDQzKjY3DQoNCiRXNU01QSwxMjA1MTQsMDMwMDA1LDY2MGQwMDI4
NDQ5Y2UyNDYsMixEQVMgMiwxMy4wLDEzLjEsMC4yLDAuNSwwLjAxLDk4MSw5
ODcsMTU2LDYyOSwwLDY4LjgsMTUuMDUsOTI2KjUzDQoNCiRXNU01QSwxMjA1
MTQsMDMwMDA1LDY2MGQwMDI4NDQ5Y2UyNDYsMyw3RjAwNzUwMjNBMDAwMDUz
MzIzMDMxMzIzMDM1MzEzNDMwMzIzNDMwMzAzMDU1NUIwMDMxMzIzMDM1MzEz
NDMwMzIzNDMwMkM1NDQxNDIzMDMwMzAzMDMwMkMyRDMwMzUzMTJFMzEyQzJD
MzEzMjJFMzUzMDJDMzQyRTMwMkMzMzM2MzAzMDJDMzYzMDJDMzYzMDJDMzEy
QzMwMzAzNTM3MzAyQzMzMkUzNDMyMkMzMTJFMzIzNjJDMzEzNDM1MkMzMDJD
MzAyRTMxMzczMjJDMkIzMDMwMkUzMDBEMEFFNjEwRUEzMjdBQzU3RjAwNjcw
MjNBMDAwMDU3MzIzMDMxMzIzMDM1MzEzNDMwMzIzNDMwMzAzMEZGNEQwMDAw
ODBGQjQ0MDA4MDAwNDQwMDgwQkI0NjAwMDBGRTQyRENGRkMzM0ZCQUYwQzk0
MDcxQjA3QjQwQThCNjFBNDA2MkU2RUI0MDQ0RUEzRTQwRUNFQkYzNDA1RjlE
Qzk0MDY1MjEwQjQxQjBFMjA1NDE4NDU3MjE0MDEwOEE5ODQzREQxQTJBNDI2
MzA1OEIzQ0NGMjA5RTM0RTc4QzdGMDI3RTAyM0EwMDAwNEI1NjQ4MjAzNzMy
MzAzMTMyMzAzNTMxMzQzMDMyMzQzMDMwMzAzMTAwMDAwMDk5OTk5OTNEMEFE
N0EzM0IxMThBOTg0M0RDMUEyQTQyN0UwMjk0NDM0MzlCN0I0MjdEOEU5QjQz
QTEwOTQxNDJFMTM3QTE0MzlCREZDQzQxMjI5M0EyNDNEMDcxQTQ0MUM2ODJB
MjQzNTZGNEI3NDEzNzcyQTE0MzYwRDdENTQxNjM0M0ExNDM4QjIyRTg0MTIy
N0E5RjQzNDNCNkZENDFDRjEwOUQ0MzQyMUUwQzQyNDA2MTlCNDMyMUU5NDA0
MkMwQUU5OTQzOTVENTZFNDJDRThCOTc0MzU5NzA2MTQyQjU4Nzk0NDM3NTVE
NDM0MkUyRUM4RDQzRDYwNzQxNDIyQzkwOTA0MzAyQTI1QzQyRDgwNzk3NDMy
REJENEU0MkM0M0U5NjQzM0NEMzM4NDI0NDI0OTU0MzkzNEMzMzQyMDIzQzk2
NDNGODYwM0U0MjFGRTk5NDQzMzUwMjJBNDI0MjNGOTU0MzU3N0RFQzQxMjBB
Mzk4NDM1MjRGREQ0MTU3MDI5QTQzRDc1RTA0NDJGMjM1OTY0Mzk0MjgyNTQy
MDJCRDkwNDNCN0ZEMzc0MkY2Q0M4QjQzN0MzRDNFNDJBNTBGODc0MzNDNzY1
ODQyRDRENTkxNDMxOUI4Njk0MjYxNEY5NjQzQ0YzMDQ5NDJFQzAxOTU0M0VG
MTYyQjQyQUVDNDkyNDNGOEQyMzA0MjREMEE4RDQzMTJEMjQ3NDIzQ0UxODY0
MzBCNjA0MzQyQzI1Mzg0NDMzREQyM0Y0Mjc5Q0U4ODQzOTVFNjQ1NDI1RTlB
OTM0MzIzQzc1NjQyOEUxODk0NDMwMUUzNkI0MjAyOTY4QjQzMzI4QzZENDI0
M0MyOEY0M0Q3QzY3MzQyMzkzRTkxNDNGNkFFNkU0MjI0N0U4QTQzRkE2OTc1
NDI4NTU1ODE0Mzg5QUY3RDQyNzBFRjgxNDM5NDVCODA0MkVFN0Y4RjQzNEU4
Njg0NDI5MzkyOTM0MzFDQTI4ODQyNjc5MDg5NDM5MDIxOEY0Mjc5OUE2RjQz
MEY5MDkwNDI5Q0Y3NzI0MzY1RDU4NzQyMjZEMjZGNDM4QjE1OEU0MkE5RUUy
RjNGOTVFNTA2M0Y1NDhEMjA0MEM3OUM3NjQwRDlCODBGNDBCRDIyODU0MDBE
MDE1NTQwNjM4Njg3NDA2QzI2RDE0MDlBNzc5ODQwQkQzNzc0NDBCRTk2Qzg0
MDZENjM1MDQwQjlFNUQ2M0YzNDZBOEYzRjhCOEIxMDQwREVGNzMxNDAxNUNC
RDQzRkQ3MjRERjNGRTEzMjlFM0Y0NzlBRkYzRkREMDlFQTNGN0I5NkE3M0Y5
ODkyRDQzRjMyMjI4MDNGQkY5RTAyM0ZBQzY2OTczRUY4MDBENTNFMzA5OUZC
M0UxNEVBMDQzRjY5NjZGRTNFMUEzOTlGM0UyNjNGRDIzRTcyQTc1RjNGOUU2
NjgwM0ZDQTM5MjIzRkY1QzIxQjNGMUU4RUZEM0U5NUNBQkIzRTMzNTgzMzNG
OTA3MTI2M0ZEMEFBMjgzRkEzMzc4NjNFRA==

--SBD.Boundary.605592468
PROCESS /noc/users/iridburst/exec/irid_300224010734970_upd.pl
Last Run  ----1970-01-01 00:00:00 
MONTH  5 
DATA  xxrecord 2012-05-14 03:00:05 :: $W5M5A,120514,030005,660d0028449ce246,1,DAS 2,4901.6776N,1623.1138W,17.5,281,20.8,14.2,12.2,87.2,10.1,12.2,87.6,10.2,1025.0,2.42,3.93,8.7,305,43*67
 
INSERT
STATION sbdservice
IRID_ID 300224010734970
BODY 
Content-Type: application/x-zip-compressed; name="SBMmessage.sbd"
Content-Disposition: attachment; filename="300224010734970_003279.sbd"
Content-Transfer-Encoding: base64

JFc1TTVBLDEyMDUxNCwwNDAwMDUsNjYwZDAwMjg0NDljZTI0NiwxLERBUyAy
LDQ5MDEuNjU4Nk4sMTYyMy4wOTc4VywxNi41LDI4NCwyMC42LDE0LjEsMTEu
OCw5My45LDEwLjksMTEuOCw5NC4wLDEwLjksMTAyNC41LDIuMTMsMy4xOCw4
LjMsMzEyLDQxKjYzDQoNCiRXNU01QSwxMjA1MTQsMDQwMDA1LDY2MGQwMDI4
NDQ5Y2UyNDYsMixEQVMgMiwxMy4wLDEzLjEsMC4yLDAuNCwwLjAxLDk4Miw5
ODgsMTU2LDYyOSwwLDE1MC40LDE1LjA1LDkyMio2Qg0KDQokVzVNNUEsMTIw
NTE0LDA0MDAwNSw2NjBkMDAyODQ0OWNlMjQ2LDMsN0YwMDc1MDIzQTAwMDA1
MzMyMzAzMTMyMzAzNTMxMzQzMDMzMzQzMDMwMzA1NTVCMDAzMTMyMzAzNTMx
MzQzMDMzMzQzMDJDNTQ0MTQyMzAzMDMwMzAzMDJDMkQzMDM1MzEyRTMxMkMy
QzMxMzIyRTM0MzkyQzM0MkUzMDJDMzMzNjMwMzAyQzM2MzAyQzM2MzAyQzMx
MkMzMDMwMzUzNzMwMkMzMzJFMzQzMjJDMzEyRTMyMzYyQzMxMzQzNjJDMzAy
QzMwMkUzMTM3MzIyQzJCMzAzMDJFMzAwRDBBRjAxMDBFQUM1ODAxN0YwMDY3
MDIzQTAwMDA1NzMyMzAzMTMyMzAzNTMxMzQzMDMzMzQzMDMwMzBGRjREMDAw
MDgwRkI0NDAwODAwMDQ0MDBEMDA0NDcwMDAwMDg0MzUyQUVBQzNGMjcyNkJC
NDA2ODZCNEI0MDM4NDEwODQwRjIyRkVFNDA4NzU1MkE0MDRENjZGNTQwQ0E4
NkMxNDA1NjU1MDU0MUY4NTkwMTQxNkIyOTBGNDAzQUNEOUI0M0FBM0YyNTQy
MTE5RDVFM0MzOTFBOEY0NkY4NTc3RjAyOTYwMjNBMDAwMDRCNTY0ODIwMzcz
MjMwMzEzMjMwMzUzMTM0MzAzMzM0MzAzMDMwMzMwMDAwMDA5OTk5OTkzRDBB
RDdBMzNCM0JDRDlCNDNBODNGMjU0MkVGQUZBMjQzNTdERjY1NDIwRjA0QTE0
MzBGMTQzNzQyNDZEMkEyNDMxNzlGRUI0MTkyRjRBMzQzQzA4Q0Q0NDE4NkE2
QTI0M0NEMzNDOTQxRjYzREEwNDM2Nzg2QkU0MTc3QTU5RTQzQjJBRUM0NDEz
OUFEOUU0MzA3OUEyMTQyQjk4QTlENDM4NEQyM0Q0MkU0RkI5QzQzOUNFQzJC
NDJFQ0M0OUM0M0VCODgxNTQyQkZBNzlCNDMwQjQ4MTE0MkFGRjI5QTQzRDYx
NDJDNDIzMzQxOUM0M0VFNkY0MzQyRkJBOTlFNDM4Njg0MkU0MjVDOTQ5RjQz
OUY5ODI0NDJFOTZDOUM0MzlFRUMzMjQyNEEwMzk2NDMwQURBMjU0MjgzNDE5
NDQzNTQ5QzBDNDJENzIyOTc0M0UyNDkwQTQyQzQ1ODlCNDNBOUM0MEY0MjZB
RUU5QzQzNzBCRjFBNDIwNDk1OUI0MzM0QTEzMzQyMEQ3Qjk3NDNFNjExNDA0
MjQ3MEU5OTQzNDAwODI5NDIwRjcwOUI0MzE3N0IxRjQyMjY3NDk2NDM3MDhF
MkU0MjRFRjE5MjQzQUIzRDQyNDI1MzYyOTc0MzRBMzU0NTQyNTY1Njk1NDM0
QTkxMzA0MkIyREI5MzQzRDAwRDMyNDJDNTY2OTU0Mzg5REQzQzQyQjdCNTk1
NDNFQUEzNDg0MjY5NTE5NjQzNjUxNTU5NDI5QUJGOTM0M0M1RkU1QjQyQzUw
QTkwNDM2QjUwNzA0MjU2OEI4RTQzOENBMjhGNDI5QTU2ODI0MzZENjg5NDQy
ODIxQjg5NDM0QjYwNzg0MkVCNDA5MjQzRjdFNTcyNDIzQjQyOUM0MzBBQkI4
MDQyRjEyMTlCNDNBMDlCODc0MkI3MzQ5NjQzNUUyMjgzNDIyOEI3OTM0MzAx
QUI3QjQyRDZEQzhENDNFRDBEODI0MkIzMEM5MjQzRTQ1RThFNDJBMDcxOTQ0
MzcxN0E4RTQyRkNGODk0NDM3RTI0OEQ0MkZCRDBCMDQzQzhGMDg5NDI4NzhD
NzE0MTVDQzU4NjQyNEQxRjUxNDEwRUU4OTU0MjRERTg4NTNFMTMxRjAzM0Y5
M0Y0OTgzRjYxNzhFQzNGQTk1RkZCM0ZDQkYyM0E0MDk3Qjg0QTQwOTNDMjJF
NDBDRjhDNUY0MDc4NDM4NzQwMzE0QzRCNDBBRDIxMzA0MDZEN0REQjNGMjkw
RUYxM0Y1RTZDMUQ0MEQwRjc1QzQwNEY3QzM1NDBGQTgxQTkzRjE5NTlERTNG
MzA2RUE5M0Y5M0Y0QUIzRkI2NjA3OTNGODE5MDJFM0YzMjQwNDczRjg4QzUy
MjNGOEU2RDhEM0Y5QkVCNTYzRkY4QTRFNzNFOENERUNBM0U0MEJGNDgzRjhF
MzA3RDNGMkI4OTVGM0Y3MDE3MzkzRjBFNjBGRTNFMEQwNkU3M0VENzAwMjQz
RjMzRENBQTNFMDVDMzAzM0VEMkEzNUUzRQ==

--SBD.Boundary.605592468
PROCESS /noc/users/iridburst/exec/irid_300224010734970_upd.pl
Last Run  ----1970-01-01 00:00:00 
MONTH  5 
DATA  xxrecord 2012-05-14 04:00:05 :: $W5M5A,120514,040005,660d0028449ce246,1,DAS 2,4901.6586N,1623.0978W,16.5,284,20.6,14.1,11.8,93.9,10.9,11.8,94.0,10.9,1024.5,2.13,3.18,8.3,312,41*63
 
INSERT
STATION sbdservice
IRID_ID 300224010734970
BODY 
Content-Type: application/x-zip-compressed; name="SBMmessage.sbd"
Content-Disposition: attachment; filename="300224010734970_003280.sbd"
Content-Transfer-Encoding: base64

JFc1TTVBLDEyMDUxNCwwNTAwMDUsNjYwZDAwMjg0NDljZTI0NiwxLERBUyAy
LDQ5MDEuNjQwNk4sMTYyMy4wMjE1VywxNi42LDI5MiwyMC42LDE0LjEsMTIu
MSw5My41LDExLjEsMTIuMSw5My44LDExLjIsMTAyNC4xLDIuMTQsMi43NCw4
LjcsMzE0LDM4KjZCDQoNCiRXNU01QSwxMjA1MTQsMDUwMDA1LDY2MGQwMDI4
NDQ5Y2UyNDYsMixEQVMgMiwxMi45LDEzLjEsMC4yLDAuNCwwLjAxLDk4Myw5
ODksMTU2LDYyOCwwLDM0Ni40LDE1LjA1LDkyMyo2Nw0KDQokVzVNNUEsMTIw
NTE0LDA1MDAwNSw2NjBkMDAyODQ0OWNlMjQ2LDMsN0YwMDc1MDIzQTAwMDA1
MzMyMzAzMTMyMzAzNTMxMzQzMDM0MzQzMDMwMzA1NTVCMDAzMTMyMzAzNTMx
MzQzMDM0MzQzMDJDNTQ0MTQyMzAzMDMwMzAzMDJDMkQzMDM1MzEyRTMxMkMy
QzMxMzIyRTM0MzgyQzM0MkUzMDJDMzMzNjMwMzAyQzM2MzAyQzM2MzAyQzMx
MkMzMDMwMzUzNzMwMkMzMzJFMzQzMjJDMzEyRTMyMzYyQzMxMzQzNzJDMzAy
QzMwMkUzMTM3MzIyQzJCMzAzMDJFMzAwRDBBRjExMDc3NzYxRjVBN0YwMDY3
MDIzQTAwMDA1NzMyMzAzMTMyMzAzNTMxMzQzMDM0MzQzMDMwMzBGRjREMDAw
MDgwRkI0NDAwODAwMDQ0MDBFMDJCNDcwMDAwMDI0M0RGQjRCNDNGMEUxMkM1
NDBGQTQwMkY0MDVDRDcwODQwNUNBM0YyNDAxQzk3MjI0MDJBNzNGODQwNDRD
NEM4NDA2NTIxMEI0MTQyODgwQTQxMjYzMjE1NDBDQUNDOUM0MzkwQ0YxNzQy
OTdBQzcwM0MxMDFDRkFCMTMzMzU3RjAyQTIwMjNBMDAwMDRCNTY0ODIwMzcz
MjMwMzEzMjMwMzUzMTM0MzAzNDM0MzAzMDMwMzQwMDAwMDA5OTk5OTkzRDBB
RDdBMzNCQ0NDQzlDNDM4RENGMTc0MkQ4QzFBNDQzRTQzMzMyNDIzN0RFQTU0
Mzk4NDIwNjQyMkE4MEE3NDM0MjU2Qzc0MTk3QTRBNjQzMDIwOEJFNDFCNEZD
QTI0MzcxMUFCMjQxOTlFQUEwNDNCMTg3QzY0MUZCNEE5RTQzQkVGNjAwNDJF
MzE3OUQ0MzRBNTIxODQyMzI5QjlENDM2QUJBMEY0MkJCOTE5RDQzN0Q0OEZE
NDEyMjA2OUY0Mzc2NEVGNjQxQUY0OTlGNDNBNEEzMDM0MjU5MEQ5RjQzQTc3
RjExNDI1OTMyOUY0MzczNzYxRjQyQTVDMTlFNDNCQzVEMUU0MkNDMTI5RjQz
MjMyOTIxNDI4NzgxOUU0MzIzNDI0RDQyM0IwNTlBNDM5MkUxMzk0MjIxREQ5
NzQzNUUyQzBBNDI1QkM1OTc0M0NDRjcwNjQyNUREMjk4NDM1MUIyMkY0MjFC
RDg5NjQzMjZDMzJDNDJFMkZDOTU0M0U3Q0EyQjQyMjIxMjk5NDMwQjU3MzI0
MjZBRTk5QzQzNkQzMTE4NDIyNzdCOUU0M0I4MTMwMzQyOTAzMjlDNDNFNURD
MUQ0MjJBOUI5NTQzNDJDNDNGNDIyOTVGOTk0M0E5RkM0MDQyQkVDRTk4NDMy
MENFNDA0MkMyRjY5NTQzREYxMjUyNDIxMkY3OTQ0MzBCMzc2NzQyOENCNjhG
NDNDOUFGNjc0Mjg3RDc5MTQzQTQ2QTZDNDJGRUJFOEU0MzQxNjc3NTQyRkZD
ODg2NDM2MjVDNzI0MkMwNTc4RTQzQzQzNjdGNDJGNTgzOUE0MzIwQkE4MDQy
ODREQjk3NDM4NjNDODM0MkUyQUQ5MjQzNURGMDg3NDIzNkZFOTI0M0EzNzM4
MzQyMTBGNDkwNDNBQzVGODE0MjMzODg3RTQzQzJEMTkwNDIwOTYxNEU0MzU2
RjA4QjQyMjRCOTQ1NDNGQkQ0OTA0MjlERjA5RjQzNTBEQjkyNDJEQzAzQTE0
Mzg1NjY4NzQyNjg0Rjk0NDNBODhCOEM0MjY0NEM4NTQzN0JGODhFNDI2QzYx
ODQ0MzFDODM5NjQyQkUxQkM5NDFCQUU3OUM0MkU4OEY2NjQyNUJDMjkyNDI0
Qzg4ODgzRTNFNzY0NTNGNUMyRjk5M0YzNTM1MDM0MEE1NDU0RDQwRkRDMDU4
NDA3OUZBM0U0MDc5NzM4MDQwRjI4M0Q0NDBERjMzNzA0MDkwNzIzMDQwQ0VC
QzYwNDAxNTcwNTE0MDhFRDVDNzNGM0Y1NjA5NDBBMjE5QTgzRkQ4MEJGRjNF
OEM3OEU5M0Y0MkIyMTg0MDY5MzZGMjNGMzU0REM3M0YzRTY5QTkzRkZGNjZB
QTNGNUFBRjBDM0Y1QjIxQTEzRjlFNjQ5NzNGMDVFQjcxM0ZEQjJDMEMzRjA4
MUYwOTNGODRBOTcyM0YzMEVBNTIzRjE4M0YzRTNGNzA2QkZGM0VBODA2RUYz
RThGMkIyQzNGNDIxRUNFM0U4NUU1QzMzRQ==

--SBD.Boundary.605592468
PROCESS /noc/users/iridburst/exec/irid_300224010734970_upd.pl
Last Run  ----1970-01-01 00:00:00 
MONTH  5 
DATA  xxrecord 2012-05-14 05:00:05 :: $W5M5A,120514,050005,660d0028449ce246,1,DAS 2,4901.6406N,1623.0215W,16.6,292,20.6,14.1,12.1,93.5,11.1,12.1,93.8,11.2,1024.1,2.14,2.74,8.7,314,38*6B
 
INSERT
STATION sbdservice
IRID_ID 300224010734970
BODY 
Content-Type: application/x-zip-compressed; name="SBMmessage.sbd"
Content-Disposition: attachment; filename="300224010734970_003281.sbd"
Content-Transfer-Encoding: base64

JFc1TTVBLDEyMDUxNCwwNjAwMDUsNjYwZDAwMjg0NDljZTI0NiwxLERBUyAy
LDQ5MDEuNjIzNk4sMTYyMi45MzAzVywxNS4wLDI5MCwxOC45LDE0LjEsMTIu
MSw5NS41LDExLjQsMTIuMSw5NS42LDExLjQsMTAyNC4xLDIuMjEsMy4yMiw5
LjEsMzE0LDM3KjYxDQoNCiRXNU01QSwxMjA1MTQsMDYwMDA1LDY2MGQwMDI4
NDQ5Y2UyNDYsMixEQVMgMiwxMi45LDEzLjEsMC4yLDAuNCwwLjAxLDk4NCw5
OTAsMTU2LDYyOCwwLDM1Ny40LDE1LjA1LDkyMyo2Qg0KDQokVzVNNUEsMTIw
NTE0LDA2MDAwNSw2NjBkMDAyODQ0OWNlMjQ2LDMsN0YwMDc1MDIzQTAwMDA1
MzMyMzAzMTMyMzAzNTMxMzQzMDM1MzQzMDMwMzA1NTVCMDAzMTMyMzAzNTMx
MzQzMDM1MzQzMDJDNTQ0MTQyMzAzMDMwMzAzMDJDMkQzMDM1MzEyRTMxMkMy
QzMxMzIyRTM0MzcyQzM0MkUzMDJDMzMzNjMwMzAyQzM2MzAyQzM2MzAyQzMx
MkMzMDMwMzUzNzMwMkMzMzJFMzQzMjJDMzEyRTMyMzYyQzMxMzQzODJDMzAy
QzMwMkUzMTM3MzIyQzJCMzAzMDJFMzAwRDBBRjIxMDExNDA3MTdCN0YwMDY3
MDIzQTAwMDA1NzMyMzAzMTMyMzAzNTMxMzQzMDM1MzQzMDMwMzBGRjREMDAw
MDgwRkI0NDAwODAwMDQ0MDBGMDUyNDcwMDAwRkE0MjIxQ0ZCOTNGQ0VFQkNF
NDAwODBFNEU0MEFFMkYwRDQwOUEwNEZENDBDMDNEMjc0MEIxMTQwNzQxQTc2
RUNCNDA1RDc0MTE0MTBCMDUwQjQxOEJBQzE0NDAyMTJDOUQ0MzkwMDkxNDQy
NUVCQzZGM0M2ODFBM0E1MUJCNEY3RjAyQTIwMjNBMDAwMDRCNTY0ODIwMzcz
MjMwMzEzMjMwMzUzMTM0MzAzNTM0MzAzMDMwMzQwMDAwMDA5OTk5OTkzRDBB
RDdBMzNCMjMyQzlENDM5MjA5MTQ0MkY4NDZBQjQzQ0EyMTJCNDI5QTk4QTk0
MzM3RUQwODQyNDZGOUE0NDNDREQ3QjU0MTkxRjdBMzQzOEQxQkFENDFFRDZB
QTI0M0JEODZCNTQxMTA5NTlGNDM4QzY2QTg0MTNDNjE5RTQzM0JCOEFDNDFE
QzlFOUQ0MzcwNjZFQjQxMDdGNzlENDMyRkY5MzQ0MjEwMTg5RDQzNjU5ODMz
NDIyMzFDOUI0M0M3OTQwNDQyRDg1NzlBNDNDOUNEMDc0MjMzQzk5RDQzNUM2
NTI3NDI0Q0Q1QTM0Mzc0OTIzRDQyODI2M0E0NDMzRUUxM0Q0MjYzQTlBMDQz
ODg5MDE5NDIzQjFBOUQ0MzM4MDRFRjQxQTRFOTk3NDM2QTU5RkU0MUIzNzk5
MzQzMkY5NDIwNDI0REUzOUE0MzM5ODMyMDQyMDk5QTlDNDMyNDc3MTk0Mjg1
MUE5QjQzMzVDNjE3NDI2N0FDOTc0MzhBM0YxNTQyMTQ3Mjk2NDNERDBEMjA0
MjQ2QkY5NzQzREMwMDNDNDJGMDk1OTQ0MzNGMzQzNDQyMjk4NTkyNDM3NTNF
Mjg0MkIyNkI5NzQzQzQ4RjJENDI4RTBGOUQ0MzAwMDkyMzQyODI4RTlDNDNE
QTM5MzA0MkE5MjM5NjQzN0UwMzU2NDIwNjg2OTA0MzJBNTA1QzQyQjRFMTk3
NDM3QkJDNEE0MjQwOEU5QTQzOEFFRjQzNDIyNERFOTk0M0YyNzU1QTQyNDJE
QTkzNDMyNTI2N0E0MjI2RUU4ODQzOEZBRTg1NDIxNTkzOEM0MzZBNjA4OTQy
MjkyNzlDNDNDNzE5ODg0MkIxOTBBMzQzQUI0OTg5NDIzNDYyQTQ0M0IxRDQ4
RTQyMTVCMTk3NDMzMzUzOEM0MjA1NkU4RTQzMzI1Qjg1NDI2QTQ5OTA0MzUz
N0M4NjQyQTY2MjhENDM3QzUyOEE0MjI4MUY3OTQzQzhBRThCNDI1OTVBOEQ0
Mzg5NEQ5NTQyNjg4MDlBNDM5MkU2ODg0MjlBNUI4OTQzOEQ1ODgyNDI2RUE5
NzA0MzYxODA4NDQyOTdDMzYzNDMzMEZFOEI0MjFGQzM4ODQzRkUzQjk4NDIw
M0ExNjIzRUVDQjQ2QTNGQjMyN0NBM0Y1MDYwNTY0MDFFRDE1RTQwN0NDRTc3
NDAzRDc2NzU0MDg3OTA5MTQwRTczODRGNDAwODg0QUUzRjgwRDY2QjQwMUI3
RjRBNDBERDdGNjg0MDFBRjI1MDQwN0VCMjI0NDA3QkM1NEI0MEQ5QzYxNzQw
MDFCREFGM0ZCMEQ5RjkzRTJGMDgxRDNGREU5MTRBM0ZFN0I5NDMzRjYxOTM5
NTNGNDU2M0NGM0YwMUI1MzQzRkNCM0I0MDNGNjAxMjg2M0Y0NjY0MTIzRkRF
MTU1QjNGN0YwMzU3M0ZDNjM0MUMzRjkzRjVEODNFMkUzOUFCM0VEMDQ1RTIz
RTI0NEUwQzNGRkU3REQzM0U3NDY4REQzRQ==

--SBD.Boundary.605592468
PROCESS /noc/users/iridburst/exec/irid_300224010734970_upd.pl
Last Run  ----1970-01-01 00:00:00 
MONTH  5 
DATA  xxrecord 2012-05-14 06:00:05 :: $W5M5A,120514,060005,660d0028449ce246,1,DAS 2,4901.6236N,1622.9303W,15.0,290,18.9,14.1,12.1,95.5,11.4,12.1,95.6,11.4,1024.1,2.21,3.22,9.1,314,37*61
 
INSERT
STATION sbdservice
IRID_ID 300224010734970
BODY 
Content-Type: application/x-zip-compressed; name="SBMmessage.sbd"
Content-Disposition: attachment; filename="300224010734970_003282.sbd"
Content-Transfer-Encoding: base64

JFc1TTVBLDEyMDUxNCwwNzAwMDUsNjYwZDAwMjg0NDljZTI0NiwxLERBUyAy
LDQ5MDEuNTkxN04sMTYyMi44NTM0VywxMS44LDM1OCwxNC41LDE0LjEsMTEu
Myw5NC40LDEwLjQsMTEuMyw5NC4wLDEwLjQsMTAyNC42LDIuMjMsMy41OSw5
LjEsMzE0LDM3KjZGDQoNCiRXNU01QSwxMjA1MTQsMDcwMDA1LDY2MGQwMDI4
NDQ5Y2UyNDYsMixEQVMgMiwxMi45LDEzLjEsMC4yLDAuNCwwLjAxLDk4NSw5
OTEsMTU2LDYyOSwwLDI1LjQsMTUuMDUsOTI1KjVCDQoNCiRXNU01QSwxMjA1
MTQsMDcwMDA1LDY2MGQwMDI4NDQ5Y2UyNDYsMyw3RjAwNzUwMjNBMDAwMDUz
MzIzMDMxMzIzMDM1MzEzNDMwMzYzNDMwMzAzMDU1NUIwMDMxMzIzMDM1MzEz
NDMwMzYzNDMwMkM1NDQxNDIzMDMwMzAzMDMwMkMyRDMwMzUzMTJFMzEyQzJD
MzEzMjJFMzQzNzJDMzQyRTMwMkMzMzM2MzAzMDJDMzYzMDJDMzYzMDJDMzEy
QzMwMzAzNTM3MzAyQzMzMkUzNDMyMkMzMTJFMzIzNjJDMzEzNDM5MkMzMDJD
MzAyRTMxMzczMjJDMkIzMDMwMkUzMDBEMEFGNDEwOUNDMDgzMzc3RjAwNjcw
MjNBMDAwMDU3MzIzMDMxMzIzMDM1MzEzNDMwMzYzNDMwMzAzMEZGNEQwMDAw
ODBGQjQ0MDA4MDAwNDQwMDAwN0E0NzAwMDBGNDQyODUyOEJEM0YyQTIwRDQ0
MDNEOTA2NTQwMDU2QTBFNDA3MDgwRUY0MEZENTYzMTQwQ0I5REZBNDAxRjRF
Q0E0MDVENzQxMTQxRDI2QUZCNDAxMkQwMTU0MENEMTM5RDQzNkYyNTE0NDI0
QjVENzQzQ0NCMUJFRUZBNjMzRDdGMDI3MjAyM0EwMDAwNEI1NjQ4MjAzNzMy
MzAzMTMyMzAzNTMxMzQzMDM2MzQzMDMwMzAzMDAwMDAwMDk5OTk5OTNEMEFE
N0EzM0JDRTEzOUQ0MzcxMjUxNDQyNDQ2MTk1NDNFNUM5NDc0MkQyRjQ5RTQz
QTJGODI1NDJGMEMwQTU0M0MyNzZEODQxOEE5NEE3NDNGNTE2Q0E0MTQ2MkNB
NjQzMjU2REQzNDE5QzYxQTU0M0FFODZFMTQxMTMwMEE0NDM3ODk3RTg0MTM0
N0RBMDQzOUMzRUYzNDFDRjAzOUQ0M0U4QTEwNjQyMjUxNTlBNDM5NTNGMEY0
MjIyQUY5QTQzQkVCQzBBNDI2NjgyOUI0MzhCRjgwODQyMjE1QTlCNDNCNTBG
MjE0Mjg4NkM5QTQzREZGQzM0NDJBMDI2OUE0M0IyM0YyMzQyNjk0NDk5NDNG
OTAxMTg0MjVDRUM5OTQzNkZDQzE0NDJDNTQ0OUM0MzI4MzYwRTQyMzM2OTlC
NDNFQUEwMTA0MkMzQzY5ODQzOEI3MjFGNDJGMTczOTc0MzdEOEMyODQyNTUy
RDk4NDNBNEFEMTA0MkQ0NkI5OTQzNjA1NkU4NDE3MTM3OTk0MzY0QzgwMjQy
QTBENzk4NDMyQ0I4MkU0MkMwNUY5QTQzMjg3QjNFNDI4NDMwOUI0MzhENDYx
RjQyRjQyODlBNDM4RjI5MjU0MkQyRjc5MzQzQjk4RDNGNDI0MUMxOEE0MzA3
NTQ1NTQyMEU5NDhENDNFMThFNTk0MjhCMDI5NTQzNUQwRDUwNDI4N0UyOTg0
MzYxRjQ1NjQyREZCQzlFNDNFMTQ0NkY0Mjg2OTk5RjQzQTcwNTgzNDI4OUE5
OUQ0M0NCNjI3NDQyRTZBNzlGNDNFOTkzNjk0MkExQjlBMjQzQjdDQzgxNDIw
QjUwQTk0M0EzQUQ4QzQyODA0QUFDNDMwMzU1ODg0MkZERDBCMjQzRkVCNDc2
NDJGOEU5RTc0MEUyNDY2RDQyMzdCMEIyNDM0OTIwOEM0Mjk2RUU5RTQzREE1
MDk2NDI5NzA0OTk0M0MxNTM4QjQyQkY1RTk5NDM0MjQyODE0MkJCMzg5NDQz
Qjg1QjgwNDIzQURFNzk0MzY3Q0Q4QjQyMThDNEQ0M0U4MjQ4MzEzRkVDNjkw
NzQwQzcwQ0VEM0ZDMDczNDI0MDEyRTEzODQwQTFGQzMzNDBGNjQ2ODM0MDNB
RjEyRjQwNjZCRDI3NDA4NkRFNjc0MEYxODU2RTQwRjAyQTM4NDA0MzY5Rjcz
Rjk5OTc1MDQwN0QwNzE1NDAwRjkwMkI0MDJFOTAwNzQwMkNGQkVGM0ZGRkQ0
QTYzRkJCRTM1NjNGMURCODlEM0YxOTlFNDE0MEVCMDUzNTQwOTZCMzlEM0ZD
QzRCNjgzRkM2MEIzQTNGOUVDRDc5M0YxMUY3NDQzRjA4NkJBNjNFRTA0NUIx
M0U2NTg4MjIzRjQ0OEZFRjNFQUQ3REQzM0UxMTYzRDczRTg0MTVCQTNFNDc4
MDMwM0Y4MUZGOUEzRUFGRjNBODNFODkyMkExM0UzRDFENzIzRTA4M0YxNjNF
QThCQkU4M0Q1NDFBMTAzRUJCNzE5NTNEOQ==

--SBD.Boundary.605592468
PROCESS /noc/users/iridburst/exec/irid_300224010734970_upd.pl
Last Run  ----1970-01-01 00:00:00 
MONTH  5 
DATA  xxrecord 2012-05-14 07:00:05 :: $W5M5A,120514,070005,660d0028449ce246,1,DAS 2,4901.5917N,1622.8534W,11.8,358,14.5,14.1,11.3,94.4,10.4,11.3,94.0,10.4,1024.6,2.23,3.59,9.1,314,37*6F
 
INSERT
STATION sbdservice
IRID_ID 300224010734970
BODY 
Content-Type: application/x-zip-compressed; name="SBMmessage.sbd"
Content-Disposition: attachment; filename="300224010734970_003283.sbd"
Content-Transfer-Encoding: base64

JFc1TTVBLDEyMDUxNCwwODAwMDUsNjYwZDAwMjg0NDljZTI0NiwxLERBUyAy
LDQ5MDEuNTQ5N04sMTYyMi43NzA0VywxMS42LDM1NiwxNC4zLDE0LjEsMTEu
NCw4OC44LDkuNywxMS41LDg5LjIsOS43LDEwMjQuOCwyLjM2LDMuODIsMTAs
MzE2LDM2KjRCDQoNCiRXNU01QSwxMjA1MTQsMDgwMDA1LDY2MGQwMDI4NDQ5
Y2UyNDYsMixEQVMgMiwxMy4wLDEzLjEsMC4yLDAuNCwwLjAxLDk4Niw5OTIs
MTU2LDYyOCwwLDE5OC4xLDE1LjA1LDkyMSo2Qg0KDQokVzVNNUEsMTIwNTE0
LDA4MDAwNSw2NjBkMDAyODQ0OWNlMjQ2LDMsN0YwMDc1MDIzQTAwMDA1MzMy
MzAzMTMyMzAzNTMxMzQzMDM3MzQzMDMwMzA1NTVCMDAzMTMyMzAzNTMxMzQz
MDM3MzQzMDJDNTQ0MTQyMzAzMDMwMzAzMDJDMkQzMDM1MzEyRTMxMkMyQzMx
MzIyRTM0MzgyQzM0MkUzMDJDMzMzNjMwMzAyQzM2MzAyQzM2MzAyQzMxMkMz
MDMwMzUzNzMwMkMzMzJFMzQzMjJDMzEyRTMyMzYyQzMxMzUzMDJDMzAyQzMw
MkUzMTM3MzEyQzJCMzAzMDJFMzAwRDBBRUQxMDJCODI0MTk5N0YwMDY3MDIz
QTAwMDA1NzMyMzAzMTMyMzAzNTMxMzQzMDM3MzQzMDMwMzBGRjREMDAwMDgw
RkI0NDAwODAwMDQ0MDA4ODkwNDcwMDAwRjQ0MjMwRDdDMDNGM0QyRkQzNDA1
ODY1NzQ0MDE0QzgxNjQwMjFGNUZENDAzREUxMzY0MEQ3NUExMTQxMzc2OEQy
NDAwMTAwMjA0MUE5QjExRTQxQkZEQzFFNDAzQkU2OUQ0M0Y0NjMwRTQyMENG
Nzg1M0MyNzFEN0UxQjEyMTk3RjAyOTYwMjNBMDAwMDRCNTY0ODIwMzczMjMw
MzEzMjMwMzUzMTM0MzAzNzM0MzAzMDMwMzMwMDAwMDA5OTk5OTkzRDBBRDdB
MzNCM0NFNjlENDNGNDYzMEU0MkZFRDU5QTQzNjc2Mjg5NDJENkI4OTE0MzND
OEE4MjQyNEFEMzlFNDM1RkNGNTQ0MjcwQzFBNTQzNDlBRUVDNDE2RDU1QTM0
M0IyNTM4QzQxOTMwOUEwNDM2RTRCOEI0MTZEM0Q5QzQzNzM1Q0IwNDE2MzFE
OUI0MzYyQzNERjQxMTc5QzlENDMyOUI3MDk0MjcwMEQ5RjQzREIxOTI3NDIx
NjY2OUY0MzY2QUUxRjQyNzZGRDlGNDNCMjJBMDI0MkYwMzM5RDQzNjk1QTAx
NDI4QTM3OUM0MzM0QzgyNTQyNjIzQUExNDM4QkE3Mzk0MkM0NThBMTQzMDdG
MjMzNDJBM0IyOUE0MzdGMjMyMTQyNUQxMzk2NDNGNENBMTk0MkQ1NUM5NTQz
QURFRTMzNDJENTVCOUE0M0ZBNDUyRDQyMjk1NzlCNDMxODhBMjQ0MjU3MEI5
QzQzRkQ0MDNBNDI4NEQ4OUU0Mzc4QzE0MDQyRDU2NjlBNDNBN0VEMzQ0MkYx
NEE5NzQzQkVCNjMwNDI3Mjk4OUE0MzFDRjUzNTQyOUFGNzlDNDM2NzcyMkM0
MjlGN0Q5OTQzQTg1NjI2NDI2Njk3OTY0MzVCMTgzNDQyREQxMTlDNDM4REEz
NDU0MkQ2QjFBMzQzMjVCQzUwNDIwRjlEOUQ0MzBENkY2NTQyRkM3NTkwNDM3
Q0QwNjA0MkI3OTA4QzQzNEIyODdCNDI5NkE5OTc0M0ZDQjI4NTQyOTY5MDlC
NDMyNDBBODU0MkMyQjFBMDQzRENBNzg1NDI2MEMzQUI0MzEwRjg3OTQyM0I5
NkExNDMxQTA1ODA0MkY1N0Q5NjQzOUY3MDgzNDI1NjQ1OEU0MzI0RjU4OTQy
OUQyMDg2NDMyQ0Q0OEE0MkM5NTA5NjQzNEVCOTkwNDI2NUI2OTM0M0U3MDU4
RjQyQ0EyQjhDNDM4Q0E1OEE0MkM4RjBBMDQzQzkxMDhDNDI5N0UzNTUzRjVF
Njk4MTQyRkI5QjhCNDFBNTU5ODY0MjhGN0I2QjQxMkVEQjg5NDJEOUI1QTQ0
MzE0NkU4OTQyRkM0MjlBNDMzOEYzODg0MkEwNjkyMDNGNDQwRDIyM0ZBREU2
QUUzRTdDQzhCMjNGNkQ3NEJCNDAzMTIzMkY0MTI1QzJBMDQwNjVBQkM0NDBE
MDM5NTU0MEI1MjE3NTQwNjFERTJFNDA2ODA0Njc0MDBGNUYyMzQwODM5OUI3
M0ZGNEE5MzM0MDk2MTAwMjQwRTRBQjEzNDAxQUYzQUYzRjc1ODM0ODNGNkUy
MEJBM0YzNkVGMzc0MEUwNTc1QjNGMzBERTJGM0Y0M0U5NjIzRjc1NEE4MTNG
NDQ4MTUyM0YwNjE5MjgzRjk5REMzQzNGRjAyNUQ0M0U5RUJBMzYzRkQxMjYx
RDNGMTM4QUMxM0VEQTNGOTgzRUE2REEyRTNFN0RENEY1M0VDMEFDMjAzRkEw
RDhCRTNFNzFDN0FGM0UwRUMyQjUzRTlDRA==

--SBD.Boundary.605592468
PROCESS /noc/users/iridburst/exec/irid_300224010734970_upd.pl
Last Run  ----1970-01-01 00:00:00 
MONTH  5 
DATA  xxrecord 2012-05-14 08:00:05 :: $W5M5A,120514,080005,660d0028449ce246,1,DAS 2,4901.5497N,1622.7704W,11.6,356,14.3,14.1,11.4,88.8,9.7,11.5,89.2,9.7,1024.8,2.36,3.82,10,316,36*4B
 
INSERT
STATION sbdservice
IRID_ID 300224010734970
BODY 
Content-Type: application/x-zip-compressed; name="SBMmessage.sbd"
Content-Disposition: attachment; filename="300224010734970_003284.sbd"
Content-Transfer-Encoding: base64

JFc1TTVBLDEyMDUxNCwwOTAwMDUsNjYwZDAwMjg0NDljZTI0NiwxLERBUyAy
LDQ5MDEuNTA5ME4sMTYyMi43NTc4VywxNS4zLDM1NiwxOC45LDE0LjEsMTEu
Miw3OC4zLDcuNiwxMS4zLDc4LjksNy43LDEwMjUuNCwyLjE5LDMuMzcsOC43
LDMxMiwzNio2RA0KDQokVzVNNUEsMTIwNTE0LDA5MDAwNSw2NjBkMDAyODQ0
OWNlMjQ2LDIsREFTIDIsMTMuMSwxMy4zLDAuMiwwLjQsMC4wMSw5ODcsOTkz
LDE1Niw2MjgsMCw2MS42LDE1LjA1LDkxNyo1Qw0KDQokVzVNNUEsMTIwNTE0
LDA5MDAwNSw2NjBkMDAyODQ0OWNlMjQ2LDMsN0YwMDc1MDIzQTAwMDA1MzMy
MzAzMTMyMzAzNTMxMzQzMDM4MzQzMDMwMzA1NTVCMDAzMTMyMzAzNTMxMzQz
MDM4MzQzMDJDNTQ0MTQyMzAzMDMwMzAzMDJDMkQzMDM1MzEyRTMxMkMyQzMx
MzIyRTM2MzIyQzM0MkUzMDJDMzMzNjMwMzAyQzM2MzAyQzM2MzAyQzMxMkMz
MDMwMzUzNzMwMkMzMzJFMzQzMjJDMzEyRTMyMzYyQzMxMzUzMTJDMzAyQzMw
MkUzMTM3MzEyQzJCMzAzMDJFMzAwRDBBRUIxMDcwMzZGODQzN0YwMDY3MDIz
QTAwMDA1NzMyMzAzMTMyMzAzNTMxMzQzMDM4MzQzMDMwMzBGRjREMDAwMDgw
RkI0NDAwODAwMDQ0MDAxMEE0NDcwMDAwRjg0MjVBRUJCNzNGMTU2NUNGNDA3
NkMyNTc0MEJCNzEwQzQwNUI0M0Y3NDBBNzY4MkE0MEEzRjYwNDQxRDdEQUNE
NDA2NTIxMEI0MTg5MTgwODQxMkEzRDE1NDAwQkNEOUI0Mzc0NEMxMTQyRTJF
QTY2M0NBODFDQjE0OEVBNkQ3RjAyQkEwMjNBMDAwMDRCNTY0ODIwMzczMjMw
MzEzMjMwMzUzMTM0MzAzODM0MzAzMDMwMzYwMDAwMDBCODFFODUzRDBBRDdB
MzNCMERDRDlCNDM3MDRDMTE0MjA4OEFBQjQzOEUxMzQ2NDJFQTJDQUU0MzdE
Rjc1RjQyQ0I3OUFBNDNDMTRCNUY0MkY0NENBNDQzRjI5RTI2NDIxMDA4QTI0
Mzk1Q0MwMjQyNDRCQkEwNDNDQjhCRkY0MTVBQTk5RjQzQjQzMkU1NDEzODE0
OUY0MzVEOTNDMTQxOUIzMzlFNDM4MkMwQUQ0MTRCMzE5QzQzN0YwM0E4NDEx
NjIzOUI0M0RGRDRDNjQxRjY4NjlCNDM3NjQ1RUU0MTBFNzE5QzQzMkMxQjBC
NDJGMTMwOUM0M0Y3QzgyNzQyMTA1MDlBNDMzNDA3Mjg0MjZENjE5OTQzNDc0
QTFGNDI5QTk1OUI0Mzg3QUUxOTQyQjc0NzlENDNGNEI3Mjk0MjgwMTQ5QTQz
MjVCOTQ3NDI3NkE5OTk0MzlGN0U0RjQyNkUwMzlDNDM4RDIyMzE0MjhCRUY5
OTQzNTQ4RjBFNDJBMkM5OTc0M0Q2RjQwNDQyRDJEMjk2NDMxQjIzMUU0MkYz
MzA5NjQzOTE1QzM2NDI5RjBGOTI0M0E5NkU0MjQyNkE0RThFNDNDRUIxMzQ0
MkRFOEU5MDQzQjRFRTI4NDIyQkUyOTM0M0E4MUMxNTQyQTBFNDkzNDNGODQ5
MDk0MkU5MzE5NDQzOEQxQzNGNDI3N0M0OTI0MzJBQjQ2QTQyNTIzNDkxNDMy
RENDNjA0MjIxMjI5NTQzMjYyODRCNDIwOTM1OUM0MzYzNUYzQzQyRTIwQkEz
NDNFMDk5NDg0MkRCRUVBQzQzQTIyNjU5NDJCQUYyQUY0M0VDMjU3MjQyMzY4
MzlFNDNCNEM1ODI0Mjg2QzlBMDQzOTE0RDdFNDI4NjAwQUY0MzkyOEM3RTQy
QzAzNUEzNDM3NDc4OEM0MjFENzI5QTQzN0VEMzhCNDI0M0QxQTM0M0VGODE5
MzQyQTZBMTlENDM5Qjg0OTc0MkZFRDg5ODQzNTQzNTg5NDIxMUEzQTM0M0FE
OEM3RTQyQkRGNUE1NDNGRTY3OEY0MkZFNEU5ODQzNzEzODk5NDIzRTNGOEY0
MzY3NDA5QzQyMDg3QzYzNDNGRkQ4OUE0Mjk2RkY4MjQzQkJCQjlDNDIwRkU4
QTE0MzkzNUY4RjQyMzBBMEEzNDNCQjNBOEM0MjI1MDFCRDNFOTI0MTYwM0Uz
NjE4QjYzRTFBRjJGQzNFNDFBN0NEM0YxQ0QwMDk0MDZFQzc0OTQwNzVCODdC
NDAzNEMzODI0MEY1RTU2QTQwOTE1Q0E5NDBFRURFQTI0MDI4QTM5QTQwMUE0
ODM0NDA5MTRFRDUzRjcyOUYxNjQwNkIzOENCM0Y2NTczOUMzRjY0QUE3NTNG
Mjk3RkEyM0YyQTY4OUIzRkE1MkE1NDQwMjk2MUUyM0Y0OUQ2NzQzRjE3NDk4
NDNGQUIxQTEzM0Y0RTNGNkIzRjg3NTQ5NjNGMjAyMTVGM0Y2MkUwODkzRjIw
QTZGQjNFQTFBRkMzM0VCQ0FCMEQzRkIxQQ==

--SBD.Boundary.605592468
PROCESS /noc/users/iridburst/exec/irid_300224010734970_upd.pl
Last Run  ----1970-01-01 00:00:00 
MONTH  5 
DATA  xxrecord 2012-05-14 09:00:05 :: $W5M5A,120514,090005,660d0028449ce246,1,DAS 2,4901.5090N,1622.7578W,15.3,356,18.9,14.1,11.2,78.3,7.6,11.3,78.9,7.7,1025.4,2.19,3.37,8.7,312,36*6D
 
INSERT
STATION sbdservice
IRID_ID 300224010734970
BODY 
Content-Type: application/x-zip-compressed; name="SBMmessage.sbd"
Content-Disposition: attachment; filename="300224010734970_003285.sbd"
Content-Transfer-Encoding: base64

JFc1TTVBLDEyMDUxNCwxMDAwMDUsNjYwZDAwMjg0NDljZTI0NiwxLERBUyAy
LDQ5MDEuNDg1OE4sMTYyMi44MzMzVywxMy44LDM1NSwxNi42LDE0LjEsMTEu
MCw3MS40LDYuMCwxMS4xLDcyLjAsNi4yLDEwMjYuMCwyLjE0LDMuNTYsOS41
LDMxNSwzOSo2OQ0KDQokVzVNNUEsMTIwNTE0LDEwMDAwNSw2NjBkMDAyODQ0
OWNlMjQ2LDIsREFTIDIsMTMuNiwxNC4xLDAuMiwwLjQsMC4wMSw5ODgsOTk0
LDE1Niw2MjgsMCwyMDguMSwxNS4wNSw5MjcqNjcNCg0KJFc1TTVBLDEyMDUx
NCwxMDAwMDUsNjYwZDAwMjg0NDljZTI0NiwzLDdGMDA3NTAyM0EwMDAwNTMz
MjMwMzEzMjMwMzUzMTM0MzAzOTM0MzAzMDMwNTU1QjAwMzEzMjMwMzUzMTM0
MzAzOTM0MzAyQzU0NDE0MjMwMzAzMDMwMzAyQzJEMzAzNTMxMkUzMTJDMkMz
MTMzMkUzMzMxMkMzNDJFMzAyQzMzMzYzMDMwMkMzNjMwMkMzNjMwMkMzMTJD
MzAzMDM1MzczMDJDMzMyRTM0MzIyQzMxMkUzMjM2MkMzMTM1MzIyQzMwMkMz
MDJFMzEzNjM2MkMyQjMwMzAyRTMwMEQwQUVFMTA5QkJDMzc4RTdGMDA2NzAy
M0EwMDAwNTczMjMwMzEzMjMwMzUzMTM0MzAzOTM0MzAzMDMwRkY0RDAwMDA4
MEZCNDQwMDgwMDA0NDAwOThCNzQ3MDAwMDAzNDM1RDRGQUMzRkFCMzJDMzQw
NTQ5QjYzNDAyQUVDMDg0MDFDQTFFQjQwRDQ3MTMxNDA1RjQ0Rjc0MDI1NEJD
NjQwODY2MTE4NDFDQjRFMDk0MTExOTUxMTQwMjg0RjlENDNERkU1MUM0MjFF
NzY1QjNDM0UxQkQyMTQ3RUM2N0YwMkJBMDIzQTAwMDA0QjU2NDgyMDM3MzIz
MDMxMzIzMDM1MzEzNDMwMzkzNDMwMzAzMDM2MDAwMDAwQjgxRTg1M0QwQUQ3
QTMzQjJBNEY5RDQzRENFNTFDNDJGMkE5QTk0M0RGMEMzMjQyRjFBREFDNDND
ODE3MzU0MkYyQTlBRjQzOTdFODNENDI4RjEyQUU0MzJDNEEyNTQyM0NBOEE5
NDNCNzM5MDU0MjdFMjJBNTQzNTA4QUQ3NDFCQzQ4QTM0MzY0RjVDNTQxMTlB
MkExNDNDQjVDQkU0MURFRUQ5RTQzMUE4RUNCNDE2QkIwOUI0Mzk3MDdFNzQx
RTBDNjk5NDNDRkQ4MDc0MjkwQzQ5ODQzRDNGQjExNDIwNzlEOTc0MzM4RDYw
RTQyQTYwMDk2NDM4NkM1MjM0MkRDMUQ5ODQzRTA5RTRBNDI3RDIzQTE0MzBG
Q0Y0QzQyOTNFRTlENDM5OTg4NEI0MjAyQkU5NDQzMEY1QTM2NDIzRUZGOTU0
MzFDNkUyMjQyRUM5Mzk4NDM0N0VFMDU0MkQ0OEM5ODQzQkE5QkU2NDE4MjM5
OTg0MzU4MjdGRjQxRUUzRjk3NDNCQkNCMEM0MjJEMzU5ODQzQkE5MDIzNDJG
OEZEOTY0M0FFNTA0NTQyRDI5Njk2NDM1NTVGNDg0MkI4MkQ5QzQzNTdDODQy
NDIxMTNDOTM0Mzg5RTY0NzQyQjNCNjg5NDNGMkY3NEI0MkQ0QjA4RTQzRUZD
ODVFNDI3NjNCOTg0M0QzNjk1RjQyREM1MTlCNDMwMEUxNjc0Mjk1Q0Q5QjQz
MzY1ODY2NDJGMTQwQTM0Mzg1NzQ2MjQyQzE5NUFENDNGMkQ4NjA0MjBFRDNB
QzQzMzI1MDc5NDIyM0UyQTM0M0JFNTE3QTQyMjhGREE0NDMyMTg2NjM0MjU0
OUNBODQzOEFFNDU4NDJFNjQ3QTk0M0ExNTM1RTQyNTAxN0E2NDM1MEY0Njc0
MjkyRjBBOTQzQjFBMjc0NDI4NTY2QjUzRjU4ODI3OTQyMjlENEFENDM3Mzcw
OEI0MjZFQTdBMjQzNDc5ODk1NDJDQ0QxOUY0MzQ0NUY5NzQyQUJERUEwNDMw
RTEwOEY0MjdDMjE5QzQzMzMzODhDNDI5QTFBODY0MzYyMDY5ODQyM0Q1NDJF
NDI2MDUzOUI0MkUyNUIwRTQyQzY4MTgwNDI1RjdGMEM0Mjc2RTU3ODQyODg1
MzQ4NDE2MUEzOEQ0MkEwMzZBMTQzQTVBODk2NDIyRTEwQkMzRTM3QTYyMTNG
RTlERUVCM0VENzc4NTUzRkU3QkM4MzNGMEMyRUYxM0YxNDVBNUM0MDY1MkM2
OTQwMERERjlGNDBFMTM5MUE0MDFFRTFGODNGMDZEMTM4NDBDNzc2OEM0MDAx
MDMyQzQwREQ3RURCM0Y1RTBFMDA0MEI2MkFFQzNGRTdCN0VFM0ZFQ0YwMTY0
MERFQUQyMzQwNDQ1MzY4NDA0NjQ0RTAzRjI5NEU5RjNGN0ZCNzUyM0Y3REU2
M0MzRjlDQzkwRjNGNTgzN0ZGM0U2RDIxRjgzRUY5RjIzNTNGMzBDOUI3M0Uz
QzhBMUUzRkI3NUREQzNFMEQzNENFM0VBMw==

--SBD.Boundary.605592468
PROCESS /noc/users/iridburst/exec/irid_300224010734970_upd.pl
Last Run  ----1970-01-01 00:00:00 
MONTH  5 
DATA  xxrecord 2012-05-14 10:00:05 :: $W5M5A,120514,100005,660d0028449ce246,1,DAS 2,4901.4858N,1622.8333W,13.8,355,16.6,14.1,11.0,71.4,6.0,11.1,72.0,6.2,1026.0,2.14,3.56,9.5,315,39*69
 
INSERT
STATION sbdservice
IRID_ID 300224010734970
BODY 
Content-Type: application/x-zip-compressed; name="SBMmessage.sbd"
Content-Disposition: attachment; filename="300224010734970_003286.sbd"
Content-Transfer-Encoding: base64

JFc1TTVBLDEyMDUxNCwxMTAwMDUsNjYwZDAwMjg0NDljZTI0NiwxLERBUyAy
LDQ5MDEuNDk2ME4sMTYyMi45Mjg4VywxNS41LDM0OSwxOS43LDE0LjEsMTEu
MCw3MC4xLDUuNywxMS4wLDcwLjUsNS45LDEwMjYuNCwyLjIyLDMuNjUsOS41
LDMxOSwzNio2Ng0KDQokVzVNNUEsMTIwNTE0LDExMDAwNSw2NjBkMDAyODQ0
OWNlMjQ2LDIsREFTIDIsMTQuNCwxNC41LDAuMiwwLjMsMC4wMSw5ODksOTk1
LDE1Niw2MjgsMCwxODEuNiwxNS40NCw5MjcqNjANCg0KJFc1TTVBLDEyMDUx
NCwxMTAwMDUsNjYwZDAwMjg0NDljZTI0NiwzLDdGMDA3NTAyM0EwMDAwNTMz
MjMwMzEzMjMwMzUzMTM0MzEzMDM0MzAzMDMwNTU1QjAwMzEzMjMwMzUzMTM0
MzEzMDM0MzAyQzU0NDE0MjMwMzAzMDMwMzAyQzJEMzAzNTMxMkUzMTJDMkMz
MTMzMkUzODM0MkMzNDJFMzAyQzMzMzYzMDMwMkMzNjMwMkMzNjMwMkMzMTJD
MzAzMDM1MzczMDJDMzMyRTM0MzIyQzMxMkUzMjM2MkMzMTM1MzMyQzMwMkMz
MDJFMzEzNjMzMkMyQjMwMzAyRTMwMEQwQUVDMTAxMDI5QUNCQjdGMDA2NzAy
M0EwMDAwNTczMjMwMzEzMjMwMzUzMTM0MzEzMDM0MzAzMDMwRkY0RDAwMDA4
MEZCNDQwMDgwMDA0NDAwMjBDQjQ3MDAwMEZFNDI0RDk0QUUzRjJFRTlDQTQw
OEU3NzY5NDA0NUNGMEQ0MEZEODYwMTQxOTIzNDNCNDA2MDFBMDc0MUYzNzNE
MjQwODY2MTE4NDFBNERBMTM0MTY2Q0ExNDQwNDVDMzlGNDNCNDY1MEU0MjQz
MEY2NDNDNUExQzFGNjY5MEI0N0YwMkJBMDIzQTAwMDA0QjU2NDgyMDM3MzIz
MDMxMzIzMDM1MzEzNDMxMzAzNDMwMzAzMDM2MDAwMDAwQjgxRTg1M0QwQUQ3
QTMzQjQ2QzM5RjQzQjM2NTBFNDI2NzNFQUY0MzJBODFDNzQxQzA4N0FENDM5
NDc2QjE0MTcyRTVBQjQzRUNEMkY1NDEzNDhEQUM0MzUxQkMwOTQyRUM3MUFB
NDM2QzQ5RTQ0MTU5MjdBNzQzNUE0Q0M3NDFGOEYyQTQ0M0FFNzlDQTQxQ0RF
QkEwNDNEQUY5QzE0MTE0NTM5RTQzNEE5M0NBNDE3Q0ZDOUQ0MzU4NkJERjQx
RjVGMjlDNDM2Qjc0Qjk0MUMxM0Q5QjQzRkYxMkQ4NDExMjBCOUI0MzFGODAx
RTQyN0FGNDk3NDM2QjM4M0E0MkMzNDA5NDQzRDY1OTQyNDI4RTIyOUI0MzND
RUIxNDQyRUUxQTlDNDMxQ0RERjI0MTExOEM5OTQzNTI4NjEzNDI5RDA1OTg0
MzU4N0IzQTQyOTJFNzk5NDNBNjA5NDU0MjA3QTA5ODQzOEUwNzRCNDIyNUNG
OTk0MzRGMDI1MDQyNDRCNDlBNDM2QUZFNDM0MjlBQ0I5QTQzM0NCMzNFNDI2
NzZCOTg0M0ZDMTMzMTQyREZDMzk2NDNEQ0YzMTM0MkM0M0Y5RDQzRjBDNzEy
NDI4QTUwQTI0M0I1NDcyNDQyMTJGNTlENDM2RjhGM0E0MjZCN0E5RDQzNTU3
NzQ3NDI0QUZFQTI0M0JGMzc0OTQyQkU1RUEyNDM0NjcwM0Y0MkExRThBMTQz
QjI3RTI5NDJEOEQxQTg0MzczM0MzNzQyMjAxQ0IzNDM4NTYwNTE0MjU5NTNC
MjQzOENBNjdENDJDRkYwOTQ0Mzg0M0M4MTQyOUY2MDk0NDMxMkVGNTU0MjE4
N0E5ODQzMjBCODQ5NDIxMDc0OUI0MzgzNzY2QTQyOTVCMjlBNDNCRTREODc0
MkI3NjM4RjQzODhERjhENDJDOTYyOUE0MzRDRTc4RDQyMzJEN0EzNDMwQkRG
ODU0MjUxM0FBRjQzRUUzNTg2NDI0Qjc4NTI0MTE0QjA5NDQyMDMyQ0ZENDI4
M0RDOTk0MkQwMDYyQzQyQzNCODk0NDJFMkM5QUM0MDNGMjc4ODQyQkM1MjM4
NDBCOTBFODU0MkMyQUYzMzQwRkU1MTgzNDIxQjFFQTc0MUYxQjM3ODQyRTgx
NjA5NDIyQTZBNkQ0MkMzMDRDRTQxM0Q1RDg0NDI5Q0I3NTAzRjQ1MTdFMTNG
MjkyQUQwM0YyREMyNTUzRjQ4NkNDOTNGRUZBOTgzNDBDRDk1OTI0MDJERUI5
NjQwQ0FDODlDNDBGQzFBRjkzRjhEOEQ0MjQwNkMyRDQ0NDAxNjJGMDM0MERC
MUIyMzQwNkU5NEREM0ZGRjc0RTczRjVGQzg4RDQwNDMyNzI0NDA0N0JDQTAz
RjJDQjNDMTNGOUJGNzkyM0ZBRTE1NkEzRjMzQkVBNzNGNTA2MTMzM0Y5NjE4
MzMzRjQ4NjA2OTNGMUZBNjRCM0YzM0U3MUIzRjZEQkE3NTNGN0NFOEMwM0U3
MTdBQTIzRUU4QkQ5OTNFRUIyMTFEM0YwRQ==

--SBD.Boundary.605592468
PROCESS /noc/users/iridburst/exec/irid_300224010734970_upd.pl
Last Run  ----1970-01-01 00:00:00 
MONTH  5 
DATA  xxrecord 2012-05-14 11:00:05 :: $W5M5A,120514,110005,660d0028449ce246,1,DAS 2,4901.4960N,1622.9288W,15.5,349,19.7,14.1,11.0,70.1,5.7,11.0,70.5,5.9,1026.4,2.22,3.65,9.5,319,36*66
 
INSERT
STATION sbdservice
IRID_ID 300224010734970
BODY 
Content-Type: application/x-zip-compressed; name="SBMmessage.sbd"
Content-Disposition: attachment; filename="300224010734970_003287.sbd"
Content-Transfer-Encoding: base64

JFc1TTVBLDEyMDUxNCwxMjAwMDUsNjYwZDAwMjg0NDljZTI0NiwxLERBUyAy
LDQ5MDEuNTMwN04sMTYyMy4wMTk2VywxMy4zLDM1NywxOC4xLDE0LjIsMTAu
OCw2Ny4wLDQuOSwxMC45LDY3LjUsNS4xLDEwMjYuNywyLjIsMy40OSwxMCwz
MjIsMzgqN0QNCg0KJFc1TTVBLDEyMDUxNCwxMjAwMDUsNjYwZDAwMjg0NDlj
ZTI0NiwyLERBUyAyLDEzLjcsMTQuMiwwLjIsMC40LDAuMDEsOTkwLDk5Niwx
NTYsNjI5LDAsMjk4LjQsMTUuMDUsOTI1KjYzDQoNCiRXNU01QSwxMjA1MTQs
MTIwMDA1LDY2MGQwMDI4NDQ5Y2UyNDYsMyw3RjAwNzUwMjNBMDAwMDUzMzIz
MDMxMzIzMDM1MzEzNDMxMzEzNDMwMzAzMDU1NUIwMDMxMzIzMDM1MzEzNDMx
MzEzNDMwMkM1NDQxNDIzMDMwMzAzMDMwMkMyRDMwMzUzMTJFMzEyQzJDMzEz
MzJFMzUzODJDMzQyRTMwMkMzMzM2MzAzMDJDMzYzMDJDMzYzMDJDMzEyQzMw
MzAzNTM3MzAyQzMzMkUzNDMyMkMzMTJFMzIzNjJDMzEzNTM0MkMzMDJDMzAy
RTMxMzYzNTJDMkIzMDMwMkUzMDBEMEFGMTEwREFBMjE2MkU3RjAwNjcwMjNB
MDAwMDU3MzIzMDMxMzIzMDM1MzEzNDMxMzEzNDMwMzAzMEZGNEQwMDAwODBG
QjQ0MDA4MDAwNDQwMEE4REU0NzAwMDBFNDQyQzBDMUI1M0YyNzczRTE0MDY2
MTE1RjQwODMwMjBENDA2MTNDMTQ0MUU0NUUzMTQwODcyRjEzNDEwN0FERDU0
MDAxMDAyMDQxOEJBNDFDNDEwMTBFMTQ0MEU0NDJBMTQzMDJDRjE2NDIwNkVG
NUMzQzYzMTk4MjczQTY5MjdGMDJCQTAyM0EwMDAwNEI1NjQ4MjAzNzMyMzAz
MTMyMzAzNTMxMzQzMTMxMzQzMDMwMzAzNjAwMDAwMDhGQzI3NTNEMEFEN0Ez
M0JFNjQyQTE0MzAyQ0YxNjQyNUY1MkFFNDMyMjg5NTE0MjRGOTlBQzQzMzA1
NTA0NDJGOEEyQTg0MzRGRDdFMjQxMjJCMkE0NDM4Q0REMDA0MjQwREJBNTQz
RThFODBDNDIzQjYzQUE0MzkyMkNGNDQxMTgyQUE4NDM0RkRCRkQ0MTA1QzJB
MjQzQTU3MEY3NDEwOTYyQTA0MzJFOTlEQTQxMjA1RDlFNDMzRjlGRDg0MUM0
NzQ5RDQzNzAyRUU2NDE4MjgxOUU0MzUyMzdGMzQxMkY4MzlGNDM4QzlCMDg0
MjEyMjI5RTQzQjVBRDFGNDJFNDBEOTg0MzBBNjAxMzQyOUI2MDk2NDNGMDhE
MTY0MjY2MTM5OTQzRjk4RDJBNDJEMEE1OUQ0M0M1MTgzNDQyQjVFQzlDNDM2
RUQ0MkQ0MkFBMzY5QjQzRTNFOTJGNDIyRTUzOUM0MzdENTYzMzQyNkExNDlG
NDMxMUIxMUQ0MkFERTU5RTQzRTc4NzE3NDI3MjcyOUQ0MzIzOEIyMDQyOUMz
OTlCNDNBRjJBM0Y0Mjk0RjQ5QjQzMjhGNDVENDI5NjUwOUQ0MzZBMzEzMjQy
QTI0ODk4NDMxNTUzMEY0MjU0NDU5NjQzREQ3NDIwNDJCREI0OUM0M0U0OUM1
QzQyRTE5QkE1NDNBOUE3NUY0MjlENTdBNzQzOUNCNDRBNDJGMDBDQTc0Mzk2
RDE0NTQyNTgyQUE5NDNCREE4NEE0MjM3M0NBODQzOUQ3NTRENDIwOUU1OUY0
M0I3NEU2NDQyQzNBRDlGNDM0RUJCNzA0MkMxQzRBMTQzQTZBMDY2NDI0QjNC
QTE0MzY3QTU1MzQyQjQzMjlGNDM0NEUxNDg0MkIyMzVBMjQzRjU1NDZENDI0
NDNCQUY0M0VDRkE4NTQyMDY5NzA0NDEyNTE5NzE0MjgwQzZCMjQzRDdCNTcx
NDI2RkVFQjM0M0ZDRTA4RTQyNjAzMTYwNDIwQkNGOTA0MjFDMTg2MTQyRjJD
OTg2NDJCOTNCM0Q0MkM0RDY4QTQyNENFQjg5NDNFQTAyOUY0MjU1RjU5ODQz
NEVFQTk4NDJGMjYxQjM0MzQzNTE5NTQyRkFGOTBBNDIyODA4OTA0MjhGNjMx
MDQyQUE3NDhENDIxNEZGQjI0MzIyM0I4RjQyM0U5RDAxM0YxQkQ4QzQzRkE5
QTczMzQwRDRCQkY0M0ZBQzc3OTAzRjhBRERGNzNGRkI1NzNBNDBCM0Y4N0U0
MDYxQ0FBRTQwNzA1Qzk0NDA4RThDNDM0MEI1NDQ2RDQwRjQxMDIyNDBBNURD
QjAzRjY4NkRBQTNGM0Y4MzI0NDBFNURCMDc0MEQxOUVDQjNGQjE2MkFBM0ZE
REJBRDUzRjcxQzE5MjNGM0ZDQjlCM0ZFRTAxQTkzRkRENjdBRDNGQ0MwRjk3
M0YwNkE4RTgzRTY3N0JGRjNFMDUxQjg4M0YwODhBMUIzRjYzNDNERTNFRUM0
RTNEM0Y3OUI5MkQzRjcxQjgxRTNGQzRENA==

--SBD.Boundary.605592468
PROCESS /noc/users/iridburst/exec/irid_300224010734970_upd.pl
Last Run  ----1970-01-01 00:00:00 
MONTH  5 
DATA  xxrecord 2012-05-14 12:00:05 :: $W5M5A,120514,120005,660d0028449ce246,1,DAS 2,4901.5307N,1623.0196W,13.3,357,18.1,14.2,10.8,67.0,4.9,10.9,67.5,5.1,1026.7,2.2,3.49,10,322,38*7D
 
INSERT
STATION sbdservice
IRID_ID 300224010734970
BODY 
Content-Type: application/x-zip-compressed; name="SBMmessage.sbd"
Content-Disposition: attachment; filename="300224010734970_003288.sbd"
Content-Transfer-Encoding: base64

JFc1TTVBLDEyMDUxNCwxMzAwMDUsNjYwZDAwMjg0NDljZTI0NiwxLERBUyAy
LDQ5MDEuNTU4OU4sMTYyMy4xMDczVywxNC4xLDM1MywxOC40LDE0LjIsMTEu
MCw2NS40LDQuOCwxMS4wLDY2LjEsNS4wLDEwMjYuOSwyLjIyLDMuNTYsOS41
LDMyMSwzMyo2OA0KDQokVzVNNUEsMTIwNTE0LDEzMDAwNSw2NjBkMDAyODQ0
OWNlMjQ2LDIsREFTIDIsMTMuNywxMy45LDAuMiwwLjQsMC4wMSw5OTEsOTk3
LDE1Niw2MjksMCw0My4wLDE1LjA1LDkyNCo1Rg0KDQokVzVNNUEsMTIwNTE0
LDEzMDAwNSw2NjBkMDAyODQ0OWNlMjQ2LDMsN0YwMDc1MDIzQTAwMDA1MzMy
MzAzMTMyMzAzNTMxMzQzMTMyMzQzMDMwMzA1NTVCMDAzMTMyMzAzNTMxMzQz
MTMyMzQzMDJDNTQ0MTQyMzAzMDMwMzAzMDJDMkQzMDM1MzEyRTMxMkMyQzMx
MzMyRTMyMzkyQzM0MkUzMDJDMzMzNjMwMzAyQzM2MzAyQzM2MzAyQzMxMkMz
MDMwMzUzNzMwMkMzMzJFMzQzMjJDMzEyRTMyMzYyQzMxMzUzNTJDMzAyQzMw
MkUzMTM2MzYyQzJCMzAzMDJFMzAwRDBBRjIxMEU1NzY1QUNEN0YwMDY3MDIz
QTAwMDA1NzMyMzAzMTMyMzAzNTMxMzQzMTMyMzQzMDMwMzBGRjREMDAwMDgw
RkI0NDAwODAwMDQ0MDAzMEYyNDcwMDAwRUE0MjA0QkNCMjNGMTREOERBNDAw
QkU0NjM0MDhDRTYwRDQwMzU4QzBFNDFFRDlEMkY0MDc0RkIxMTQxMzJCNUU0
NDA4NjYxMTg0MTEwRDMxRTQxM0RDMTFCNDBFODk4QTA0M0I0QTMwMjQyRjE1
MjdBM0MxMzFFRDg5M0E0OUU3RjAyOEEwMjNBMDAwMDRCNTY0ODIwMzczMjMw
MzEzMjMwMzUzMTM0MzEzMjM0MzAzMDMwMzIwMDAwMDBCODFFODUzRDBBRDdB
MzNCRUE5OEEwNDNCMkEzMDI0MkIzQjlBQjQzRDgwRDBCNDJGMTFDQTk0Mzkz
NUIwMjQyRjY2OUE4NDM5ODQ0MDE0MkU2QUJBQTQzQjJBNEUxNDE3RDZEQUI0
MzUxRDZDODQxRjJGN0E3NDMzRDE4Q0Y0MTc2QTZBMDQzOTE3Q0JBNDFCRjg0
OUU0M0VDNjlBMjQxM0UxODlFNDNERDNEOTE0MUZDOTQ5RTQzMjIzMUE4NDE4
NEQxOUU0MzdFNjEwRTQyOEVCNDlBNDM1RjFCMjk0MkY5MzU5NTQzQUYxNzJG
NDI4NEJCOTU0MzlEQjQyMDQyOEZBNTk3NDM5MkVFMEU0MjAzRDE5NjQzOEY3
NzBBNDI2RDhGOTU0M0Y4NTIyNTQyMkEwOTk4NDM2Mjk5NDM0MjY3RjA5OTQz
MDU3MTQ5NDI0Q0IwOTk0MzU0QTE0NzQyMTQxMTk4NDM3MkM4NjY0MjQ2Qzg5
RDQzRUJDQTY1NDJBNjJCOUY0MzY2NDEzRTQyQTI4MjlGNDM1QjQ1MUY0MjMx
MTQ5RjQzNDY3NzBGNDJBQ0RBOUM0M0ZFNkMwNTQyQkVFNzlENDM1QjdEMUE0
MjQyNjlBMjQzQTM1MDQxNDIyNDdBOUY0Mzc0RTAzNzQyNTc3NTlENDNGNDA4
MzA0MjBFMkI5RTQzRkQ3MjQ0NDI0ODRCQTE0M0Y4MzA1RDQyNjJDMDlFNDMy
QjA2NTk0MjA5QzE5RDQzMUNCQzYxNDIyODNBQTM0MzZCNkY2NjQyNUJCN0Ex
NDNFRTYyNUY0MjAxREI5RTQzNjJGODZCNDI2RkNGOEY0M0Y5NjA4MDQyREEx
RDkxNDMyRDRCNzA0MkZFOTNBNDQzQzg3Nzc5NDJBNUYwQzg0MDlFMDY2QzQy
MjkwRjBEM0NCMkIwNkI0MjU0QzhBQjQzRDk1RjgxNDJDMkQxQTg0Mzk2NzE4
QzQyRUI0N0IwNDM3MzdGOTE0MkVFQ0ZBRjQzMkEzNDg5NDIzQTg3QUE0MzQ0
NzY3ODQyMjQyNkE5NDMyODIxNzc0MjdGQ0JBQjQzRjUxNTkxNDJFNjgwOUM0
Mzg4RjU5QzQyRjM1RTg2M0YwQUUyMTY0MDI3QzIxNTQwRDA0NDQ2NDA4M0RD
RDQ0MEIwMkQ1RDQwM0U1NDdCNDBEMkQ3QkU0MDU5RkYwOTQxMzA5MDhCNDBE
MEM5RkYzRjZGNTY5NTNGMTU0MEM2M0YyOEI0RkIzRkNFNkI0MTQwMUJCNEIw
M0Y2NjQyQjYzRkZENkVCQzNGQUQwQzZEM0Y1NTM2RjkzRUMxRDFGRjNFOTlC
ODRGM0ZGQzIwNTYzRjk2RkVBRDNGRDAzQ0FEM0YzQTM0QjMzRjUwM0Q4QzNG
OTQzNTJCM0ZBRDI0NUQzRjNERTNCQzNGMDQ1RUYxM0U2RTVBOTczRUEzRTk5
MzNFQURDNTdFM0UxN0NDQkEzRTkzRjAxNTNGNjVEMzhFM0U4MzhENTMzRTZF
MDI2NDNFMzgzRUFBM0VGQzU2MjMzRTQ4Nw==

--SBD.Boundary.605592468
PROCESS /noc/users/iridburst/exec/irid_300224010734970_upd.pl
Last Run  ----1970-01-01 00:00:00 
MONTH  5 
DATA  xxrecord 2012-05-14 13:00:05 :: $W5M5A,120514,130005,660d0028449ce246,1,DAS 2,4901.5589N,1623.1073W,14.1,353,18.4,14.2,11.0,65.4,4.8,11.0,66.1,5.0,1026.9,2.22,3.56,9.5,321,33*68
 
INSERT
STATION sbdservice
IRID_ID 300224010734970
BODY 
Content-Type: application/x-zip-compressed; name="SBMmessage.sbd"
Content-Disposition: attachment; filename="300224010734970_003289.sbd"
Content-Transfer-Encoding: base64

JFc1TTVBLDEyMDUxNCwxNDAwMDUsNjYwZDAwMjg0NDljZTI0NiwxLERBUyAy
LDQ5MDEuNTgyNE4sMTYyMy4xNzYwVywxMi4xLDM1MywxNi43LDE0LjMsMTEu
Myw2Ny41LDUuNSwxMS4zLDY4LjMsNS43LDEwMjcuMSwyLjI5LDMuNzEsMTAs
MzIyLDM0KjRFDQoNCiRXNU01QSwxMjA1MTQsMTQwMDA1LDY2MGQwMDI4NDQ5
Y2UyNDYsMixEQVMgMiwxMy44LDEzLjksMC4yLDAuNCwwLjAxLDk5Miw5OTgs
MTU2LDYyOSwwLDIwLjcsMTUuMDUsOTI0KjU5DQoNCiRXNU01QSwxMjA1MTQs
MTQwMDA1LDY2MGQwMDI4NDQ5Y2UyNDYsMyw3RjAwNzUwMjNBMDAwMDUzMzIz
MDMxMzIzMDM1MzEzNDMxMzMzNDMwMzAzMDU1NUIwMDMxMzIzMDM1MzEzNDMx
MzMzNDMwMkM1NDQxNDIzMDMwMzAzMDMwMkMyRDMwMzUzMTJFMzEyQzJDMzEz
MzJFMzIzODJDMzQyRTMwMkMzMzM2MzAzMDJDMzYzMDJDMzYzMDJDMzEyQzMw
MzAzNTM3MzAyQzMzMkUzNDMyMkMzMTJFMzIzNjJDMzEzNTM2MkMzMDJDMzAy
RTMxMzYzNzJDMkIzMDMwMkUzMDBEMEFGNDEwN0VBNkY5NDQ3RjAwNjcwMjNB
MDAwMDU3MzIzMDMxMzIzMDM1MzEzNDMxMzMzNDMwMzAzMEZGNEQwMDAwODBG
QjQ0MDA4MDAwNDQwMERDMDI0ODAwMDBEODQyNTUwQUJFM0Y5MTE1RUY0MDM0
OEI2RDQwMkJCQzEyNDBEMjZCMUQ0MUY0NDQzNDQwQ0Y3RjE5NDFFRTQ0RTY0
MDAxMDAyMDQxNzZFNzJBNDFFQTdDMUI0MEQyMkNBMTQzNTQ5NDA5NDI0RTg1
N0MzQ0I3MUJBNzlFRDU0NjdGMDI4QTAyM0EwMDAwNEI1NjQ4MjAzNzMyMzAz
MTMyMzAzNTMxMzQzMTMzMzQzMDMwMzAzMjAwMDAwMEI4MUU4NTNEMEFEN0Ez
M0JENDJDQTE0MzU0OTQwOTQyNDEyOUFBNDM0OUQwQzk0MThCQjNBQjQzN0Yy
M0FENDExNEJDQUI0M0RDMTFEMjQxMkRBRUFBNDMwREFERTE0MUE0QjFBQTQz
NDJBQ0Q4NDFCMzIyQTk0MzM1NTVFMzQxMENBMEEzNDNBMjcxQzk0MThFQTNB
MTQzODY2MEQ1NDE5RTMyOUY0Mzc3MzMwMzQyQzZDRDlBNDM2QUNDRjg0MUZF
RDY5ODQzQjlDREUzNDFDMTRCOTc0M0MzODYwNjQyNEI0RTk4NDM3NjhDMjE0
Mjc4NjY5RTQzODVCMzM5NDI1ODA1OUM0MzRDMkE1MTQyMUY4Njk1NDNGMUVF
NDk0MkQyOEY5NjQzODg0OTNGNDJFNTJBOTc0M0IyODQzOTQyMjQ4Qzk4NDM0
QTFFM0M0MjU0ODc5QzQzMkQ5NDJDNDJFRkQ4OUE0M0U4RTQxQjQyRTlBOTk2
NDMxQjYwMkY0Mjg0MEY5OTQzNTZCQzNGNDJERTREOUQ0MzEyOTczQTQyRTQw
ODlDNDMyMDI2M0Y0MkQzMUQ5NjQzOEMyMjE4NDI0OEM0OTQ0MzFGNDkwNDQy
Q0QxMTk0NDMxRDY1MUE0MjlFMzk5NTQzMUUyNTQzNDI5MUVBOUQ0MzdBNTM0
MzQyQzYzMEEzNDMxRDk1MzY0MjQ1MjNBNjQzQkZDNTNENDI4QjQzQUM0M0Q4
M0UzNDQyNTJDQUFCNDMwMEM3MzM0MkVDMzhBMzQzNkUxMTU0NDJGOEI2QTU0
M0ZDQzA1QjQyOTQwMEFENDMzODhGNTI0MkE1RUNBRjQzMENGQzYzNDI4QTND
QUM0M0U2QkQ3RjQyREYxNEExNDMwRUU1ODc0MjZDNEI5NzQzOUQyMTg4NDI4
NDlCOUE0M0FEODU4QzQyQTJENzlENDM5RjU5OTE0MkEwMkY4QTQzQzE3RDgz
NDIyNzYwODE0MzEzOTI4MDQyNEYwMDY3NDM4QUQ1OTM0MkE2NTk5RTQyMzU4
NDk1NDI2MzBCNTk0MkU2NTM4QzQyQzkyN0JFNDBGQ0MwOTQ0MjVCMjdBQzQz
RDgwOTkyNDJBMzg3NEUzRjg0RkUzMzQwMDRGMkIzNDBBMTc2QUM0MDlGREM5
ODQwNENDNjM2NDA0QTJFODQ0MDRGQTNCQjQwQTE0MjhFNDAwMDY3Nzc0MDMz
OTdBRTQwRjVDN0YyM0YyOTg5QkMzRjI1RDdBNzNGQzMyMTlDM0Y1MTFFQzgz
RkUwQjQ0MzNGMkI1QTNDM0YzNkI1M0IzRjJEQ0U2RjNGREY3MkEwM0ZCMDEz
MzEzRkIwNzAyNzNGQzY1Rjc1M0YzMDAyNTkzRjIyNjI3RjNGNkU0NTE3NDBD
OTI2ODczRkZFQjIxRDNGRkI0OTFDM0YxNzM2MEQzRkZCNENBNzNFREVGOTE4
M0Y3MTZEMjUzRjFDNjM4RTNFMkYwQzA1M0YzREZGRjUzRUJENENCNzNFN0Mw
NkExM0UxNzU4OEIzRURFRDQ4MTNFMzUxNg==

--SBD.Boundary.605592468
PROCESS /noc/users/iridburst/exec/irid_300224010734970_upd.pl
Last Run  ----1970-01-01 00:00:00 
MONTH  5 
DATA  xxrecord 2012-05-14 14:00:05 :: $W5M5A,120514,140005,660d0028449ce246,1,DAS 2,4901.5824N,1623.1760W,12.1,353,16.7,14.3,11.3,67.5,5.5,11.3,68.3,5.7,1027.1,2.29,3.71,10,322,34*4E
 
INSERT
STATION sbdservice
IRID_ID 300224010734970
BODY 
Content-Type: application/x-zip-compressed; name="SBMmessage.sbd"
Content-Disposition: attachment; filename="300224010734970_003290.sbd"
Content-Transfer-Encoding: base64

JFc1TTVBLDEyMDUxNCwxNTAwMDUsNjYwZDAwMjg0NDljZTI0NiwxLERBUyAy
LDQ5MDEuNTk0N04sMTYyMy4yMDY1VywxMi44LDM0MywxNi4yLDE0LjMsMTEu
NCw2NC4zLDQuOSwxMS41LDY1LjIsNS4yLDEwMjcuMywsLCwsKjdDDQoNCiRX
NU01QSwxMjA1MTQsMTUwMDA1LDY2MGQwMDI4NDQ5Y2UyNDYsMixEQVMgMiwx
My44LDEzLjksMC4yLDAuNCwwLjAxLDk5MywxMDAwLDE1Niw1MDgsMCwxNC40
LDE1LjA1LDkyMSo2MQ0KDQokVzVNNUEsMTIwNTE0LDE1MDAwNSw2NjBkMDAy
ODQ0OWNlMjQ2LDMsKjE3DQoNCg==

--SBD.Boundary.605592468
PROCESS /noc/users/iridburst/exec/irid_300224010734970_upd.pl
Last Run  ----1970-01-01 00:00:00 
MONTH  5 
DATA  xxrecord 2012-05-14 15:00:05 :: $W5M5A,120514,150005,660d0028449ce246,1,DAS 2,4901.5947N,1623.2065W,12.8,343,16.2,14.3,11.4,64.3,4.9,11.5,65.2,5.2,1027.3,,,,,*7C
 
INSERT
STATION sbdservice
IRID_ID 300224010734970
BODY 
Content-Type: application/x-zip-compressed; name="SBMmessage.sbd"
Content-Disposition: attachment; filename="300224010734970_003291.sbd"
Content-Transfer-Encoding: base64

JFc1TTVBLDEyMDUxNCwxNjAwMDUsNjYwZDAwMjg0NDljZTI0NiwxLERBUyAy
LDQ5MDEuNjAyN04sMTYyMy4xOTM2VywxMy45LDM0MywxOC4wLDE0LjMsMTEu
NCw2NS44LDUuMywxMS42LDY2LjMsNS41LDEwMjcuNCwyLjQ5LDMuODgsMTAs
MzM0LDI5KjQxDQoNCiRXNU01QSwxMjA1MTQsMTYwMDA1LDY2MGQwMDI4NDQ5
Y2UyNDYsMixEQVMgMiwxMy44LDEzLjksMC4yLDAuNCwwLjAxLDk5NCwxMDAx
LDE1Niw2MjksMCwyMS4wLDE1LjA1LDkyMyo2NA0KDQokVzVNNUEsMTIwNTE0
LDE2MDAwNSw2NjBkMDAyODQ0OWNlMjQ2LDMsN0YwMDc1MDIzQTAwMDA1MzMy
MzAzMTMyMzAzNTMxMzQzMTM1MzQzMDMwMzA1NTVCMDAzMTMyMzAzNTMxMzQz
MTM1MzQzMDJDNTQ0MTQyMzAzMDMwMzAzMDJDMkQzMDM1MzEyRTMxMkMyQzMx
MzMyRTMyMzgyQzM0MkUzMDJDMzMzNjMwMzAyQzM2MzAyQzM2MzAyQzMxMkMz
MDMwMzUzNzMwMkMzMzJFMzQzMjJDMzEyRTMyMzYyQzMxMzUzOTJDMzAyQzMw
MkUzMTM2MzcyQzJCMzAzMDJFMzAwRDBBRjkxMDkwRTZCQUUzN0YwMDY3MDIz
QTAwMDA1NzMyMzAzMTMyMzAzNTMxMzQzMTM1MzQzMDMwMzBGRjREMDAwMDgw
RkI0NDAwODAwMDQ0MDA2NDE2NDgwMDAwQ0M0MkYwQUJENTNGNzE5OUZCNDA5
MTUyNzg0MDNCNEExRjQwQTcxQTFFNDEyMkU4NEM0MDhCRDUyMjQxNjFCMEY2
NDAwMTAwMjA0MUI3MUYzMzQxMDM1ODJDNDAzRkJEQTY0MzkwRDZFODQxNUM2
NTlCM0M1MTFDRDlGQ0U1NjQ3RjAyOEEwMjNBMDAwMDRCNTY0ODIwMzczMjMw
MzEzMjMwMzUzMTM0MzEzNTM0MzAzMDMwMzIwMDAwMDBCODFFODUzRDBBRDdB
MzNCNDFCREE2NDM5MkQ2RTg0MUFBMUVBQzQzNjc5OTAwNDIzOEE3QUM0MzQ4
NzRCOTQxMkEzOEFFNDM5RTY0OTU0MUJFNUFBRTQzQUVDOEExNDE1RUJBQUQ0
MzBBRDJCMzQxMzY3MEFENDM3NTJGQUI0MUE0RTFBQTQzNEFFNzkyNDFFNkE2
QTg0MzIzQjc5MjQxNDM3OEE0NDMwRENEQ0E0MUQ5MzY5RTQzQkE0M0VGNDE3
NEZFOUM0MzJGMERFQzQxQkI1MjlDNDNGNDExRjU0MUIxRjY5QzQzNDM5QzAw
NDJDRTU1QTI0MzZDMUIwNjQyRjNGNEEzNDMyMDAyMjk0MkNDN0VBMTQzODg0
RTNDNDI2MDM0OUQ0MzE5RDMzNjQyQ0VGOTk3NDM5RTQ3MUU0MkY3QUE5ODQz
Q0U1QjE2NDI3OUMwOUE0MzZBNjYxNzQyRUQwRTlBNDMwNjg2MUI0MkI2RTU5
QzQzRDYzMjFFNDI1OTBDQTQ0MzNFOTcyQjQyNTg1QkFCNDM5Q0FCM0I0MjE5
MEZBNTQzOTY5MDQ1NDJFRTU0QTE0M0JDNDkyODQyMEZDM0ExNDNEMEM4MTc0
MjQwNDBBMjQzRTIzQzNCNDJDQzQzQTU0M0E1NDE2RDQyQTZGRUFBNDM4QkEy
NkM0MjQ4MjJBQzQzQzBDRDU4NDI3RkNBQTM0M0QyNUI1NDQyRTI5MjkzNDM4
NjM1NUM0MkVEMDk5ODQzRTdCODgzNDIxMUFCQjM0MzYyQzk2MjQyNzVCMUYz
M0YzNUI1NUY0MkQ2NzRBNjQzOEI1RDczNDIxRDhBQTA0MzEzRUM2QTQyNkFE
ODlENDM5RUM5N0I0MjBFNzM4QTQzREYzQTc5NDJBMEQ4OEM0MzMyMEE4MjQy
RTYxQjlBNDM3QzA5ODk0MkFBOEVBMzQzMjA2QzhDNDI4MTNCQjI0MzVCOEY4
RDQyMENEOUI4NDA2REIzOEU0MjdEOTlBMjQzMzc4MjkzNDJFOERCOTE0Mzcy
MTc4RDQyMzhCNjkwNDM1N0U4OTI0MkEzRjcyNjQxMERFQTk3NDI2MTQxRDQ0
MUU2MTA5MzQyNTY1MTk2M0YxMjJDMEM0MEUwRkZGRjQwMjkzQ0FBNDBBRUFD
RkU0MDE1RkVFOTQwMkM0MEZGNDAzM0YxMDI0MUFDQzk4MzQwNzRFNzZFNDA1
NDZFNDI0MDU0MjUwMzQwMzY2RTM4NDAwRTM4MDM0MDkxNzUwNTQwQTQxOTE3
NDA4M0VDOTIzRkEzQjI4NjNGNjAwRkRBM0YyNTdDQ0YzRkM1MDBDQzNGRDEz
REFBM0Y5QkRCOEMzRjI1MjgwODNGNjM1ODJDM0Y5QjNFNjczRjM5OUI2NTNG
MDYyM0ZBM0UyODVBRjkzRUM2ODUwMDNGODUxODVBM0Y5MDE4MDEzRjA0NkQ1
RDNFMEQxOTMwM0U1OEUxNzUzRTEzMEQ1RjNFRTU5NTgyM0U4RDQ3ODYzRTVB
QUYwNzNFNkIzRDQzM0VBRjQ4ODEzRURFQg==

--SBD.Boundary.605592468
PROCESS /noc/users/iridburst/exec/irid_300224010734970_upd.pl
Last Run  ----1970-01-01 00:00:00 
MONTH  5 
DATA  xxrecord 2012-05-14 16:00:05 :: $W5M5A,120514,160005,660d0028449ce246,1,DAS 2,4901.6027N,1623.1936W,13.9,343,18.0,14.3,11.4,65.8,5.3,11.6,66.3,5.5,1027.4,2.49,3.88,10,334,29*41
 
INSERT
STATION sbdservice
IRID_ID 300224010734970
BODY 
Content-Type: application/x-zip-compressed; name="SBMmessage.sbd"
Content-Disposition: attachment; filename="300224010734970_003292.sbd"
Content-Transfer-Encoding: base64

JFc1TTVBLDEyMDUxNCwxNzAwMDUsNjYwZDAwMjg0NDljZTI0NiwxLERBUyAy
LDQ5MDEuNjA3Nk4sMTYyMy4xNDM2VywxMy43LDM0NCwxOC4wLDE0LjMsMTEu
NCw2MC43LDQuMSwxMS41LDYxLjgsNC40LDEwMjcuNSwyLjQxLDMuODIsMTIu
NSwzMzIsMjkqNUENCg0KJFc1TTVBLDEyMDUxNCwxNzAwMDUsNjYwZDAwMjg0
NDljZTI0NiwyLERBUyAyLDEzLjgsMTMuOSwwLjIsMC40LDAuMDEsOTk1LDEw
MDIsMTU2LDYyOCwwLDQ4LjIsMTUuMDUsOTI1KjZEDQoNCiRXNU01QSwxMjA1
MTQsMTcwMDA1LDY2MGQwMDI4NDQ5Y2UyNDYsMyw3RjAwNzUwMjNBMDAwMDUz
MzIzMDMxMzIzMDM1MzEzNDMxMzYzNDMwMzAzMDU1NUIwMDMxMzIzMDM1MzEz
NDMxMzYzNDMwMkM1NDQxNDIzMDMwMzAzMDMwMkMyRDMwMzUzMTJFMzEyQzJD
MzEzMzJFMzIzODJDMzQyRTMwMkMzMzM2MzAzMDJDMzYzMDJDMzYzMDJDMzEy
QzMwMzAzNTM3MzAyQzMzMkUzNDMyMkMzMTJFMzIzNjJDMzEzNjMwMkMzMDJD
MzAyRTMxMzYzNzJDMkIzMDMwMkUzMDBEMEFGMjEwMEVDMDY2QUQ3RjAwNjcw
MjNBMDAwMDU3MzIzMDMxMzIzMDM1MzEzNDMxMzYzNDMwMzAzMEZGNEQwMDAw
ODBGQjQ0MDA4MDAwNDQwMDI4MjA0ODAwMDBFMjQyNDYyOUJFM0ZGNkFFRTQ0
MEJFQjc3NDQwMkMzNTFBNDAxMzk5MUM0MUM5Q0IzQzQwMUZFNTIyNDE3MTZC
RjA0MDAwMDA0ODQxNzkyNTM4NDFBQ0RFMjU0MDlFMzJBNjQzOTk4MEU4NDEy
NTNEOTEzQ0UwMUJGMTdFREI0QTdGMDI3RTAyM0EwMDAwNEI1NjQ4MjAzNzMy
MzAzMTMyMzAzNTMxMzQzMTM2MzQzMDMwMzAzMTAwMDAwMDI5NUM4RjNEMEFE
N0EzM0JBMDMyQTY0MzlDODBFODQxNDlCOEFENDNGRkZBRjI0MUZGNzdBRDQz
NjZDMUFENDEwNDdFQUQ0M0JBQzg5MjQxNkNFNkFDNDNGQzBFQTg0MUJEN0NB
QTQzNEQyMkI1NDE0M0JEQTg0MzZBNjA5OTQxOTdBNkE3NDNGNDU4QTg0MTYy
M0VBNTQzMDYyM0MyNDE5RjFEQTM0MzVGOUFEMzQxNjFEQUEyNDM0MTE5RjI0
MTJDRTFBMTQzQjhGRDBGNDIzMTk3OUM0M0ZENDQwRjQyQzkxNjlBNDNFOTFE
Rjc0MTk1NTg5QjQzRTY0NzAyNDIzN0E2OUQ0MzFDQjEwMzQyOUM1RjlGNDMy
NzZFMEE0MjhEODVBMDQzNUNEOTE2NDI0ODQ3OUU0Mzk5QUExOTQyOEJBRDlC
NDMxRkVGMTQ0MjVDNkU5RTQzQjNBQzFDNDIwMUIwQTA0Mzk3QzcwNjQyNkMx
NUEwNDM3MTExMDk0MkE1NEZBMDQzRURDNTE4NDI0QUJBOUQ0MzM4RDcyNzQy
NjMyMjlDNDNBNTMyM0M0MkFEMERBNTQzQzdBQzRBNDI5REVFQTY0M0Y3NTM0
MzQyMjNDQkExNDMyQzcyNEU0MjhGM0I5ODQzNTI5RTcwNDIxNUY4OTE0MzQ2
MjU2QzQyNUI2Mjk3NDM1ODE2NEQ0Mjg0NEJBMDQzNjZBNTNFNDI2QTdEQTg0
M0U2MjA1NDQyRDhGQUIwNDNBMjMyNUQ0MjEwRThCMDQzNEY4MTQ5NDJFRjdC
QUQ0MzlGM0I1MTQyN0Y3QkFDNDNCNzMyNjY0MjEzQTZBOTQzNUQzRTg3NDIx
MERFOUY0MzEzQUQ5MDQyNTJFQkE4NDMwREYzODQ0MjQyQjVBQzQzMDE3Nzgw
NDIyMjg5QUU0M0EzOUI4QjQyQ0UzOUE3NDM4N0QyOTM0MkUzNjFBRjQzNkQ3
Mzg2NDJDNTRCNzk0MDk1OTA3NTQyRjJGM0IwNDNDODQyODM0MjQ2RTk5QTQz
OEM5Mzg5NDJGMEYxOTA0MzYzMDY4RTQyMzA3Qjg2NDNGRUY1OTE0MkI1QTFB
MDNGODc1N0ExNDA4MTYwMUQ0MTUxMjlDRTQwQjY5RDVCNDA5QkRFQkI0MDM3
Mjc5RTQwMEVCOEI2NDBEQUU1REE0MDZFOTFBQzQwNTY0QzM5NDA5NjYxRkQz
RjU1M0ZCNDNGM0EzQjAwNDBCQTdERDkzRjM5MjdGODNGQ0IyQjg4M0Y5NUYw
ODAzRjNFRjg3NjNGNjUxQTg5M0YzMzU0ODQzRjBDRjU5NTNGOUIxMTY5M0Yw
QjNDMEEzRkVCRkVCMzNFMjkyN0UwM0VEQjVBMjAzRkU5OUYwQzNGNDFFRTcy
M0VENDYzQkQzRUM3M0M5QzNFRDcyRUUwM0U4NTRDODUzRUUxRjY3NzNFMDNG
MjAzM0Y1OUQ4MUYzRjlDRjZGRDNFNDdEMzUwM0VCQjA5NTIzRUNERTI1MDNF
QThGMUQ1M0U3NkZDOUYzRTI2NTkyMzNFRQ==

--SBD.Boundary.605592468
PROCESS /noc/users/iridburst/exec/irid_300224010734970_upd.pl
Last Run  ----1970-01-01 00:00:00 
MONTH  5 
DATA  xxrecord 2012-05-14 17:00:05 :: $W5M5A,120514,170005,660d0028449ce246,1,DAS 2,4901.6076N,1623.1436W,13.7,344,18.0,14.3,11.4,60.7,4.1,11.5,61.8,4.4,1027.5,2.41,3.82,12.5,332,29*5A
 
INSERT
STATION sbdservice
IRID_ID 300224010734970
BODY 
Content-Type: application/x-zip-compressed; name="SBMmessage.sbd"
Content-Disposition: attachment; filename="300224010734970_003293.sbd"
Content-Transfer-Encoding: base64

JFc1TTVBLDEyMDUxNCwxODAwMDUsNjYwZDAwMjg0NDljZTI0NiwxLERBUyAy
LDQ5MDEuNjAxM04sMTYyMy4wNzI5VywxNC4zLDM0NCwxOC41LDE0LjMsMTEu
NCw2My40LDQuNywxMS41LDY0LjIsNC45LDEwMjcuNywyLjg5LDQuNjEsMTEu
MSwzMzMsMjkqNTINCg0KJFc1TTVBLDEyMDUxNCwxODAwMDUsNjYwZDAwMjg0
NDljZTI0NiwyLERBUyAyLDEzLjIsMTMuNywwLjIsMC40LDAuMDEsOTk2LDEw
MDMsMTU2LDYyOSwwLDMwNy45LDE1LjA1LDkyNCo1Nw0KDQokVzVNNUEsMTIw
NTE0LDE4MDAwNSw2NjBkMDAyODQ0OWNlMjQ2LDMsN0YwMDc1MDIzQTAwMDA1
MzMyMzAzMTMyMzAzNTMxMzQzMTM3MzQzMDMwMzA1NTVCMDAzMTMyMzAzNTMx
MzQzMTM3MzQzMDJDNTQ0MTQyMzAzMDMwMzAzMDJDMkQzMDM1MzEyRTMxMkMy
QzMxMzMyRTMxMzcyQzM0MkUzMDJDMzMzNjMwMzAyQzM2MzAyQzM2MzAyQzMx
MkMzMDMwMzUzNzMwMkMzMzJFMzQzMjJDMzEyRTMyMzYyQzMxMzYzMTJDMzAy
QzMwMkUzMTM2MzYyQzJCMzAzMDJFMzAwRDBBRjExMDE0RkFCNzc2N0YwMDY3
MDIzQTAwMDA1NzMyMzAzMTMyMzAzNTMxMzQzMTM3MzQzMDMwMzBGRjREMDAw
MDgwRkI0NDAwODAwMDQ0MDBFQzI5NDgwMDAwRDA0MjZGMjBFQTNGQzA5MkY2
NDBCNjc5OTM0MEY3RTQzODQwMzA4NjFBNDEyMEVCNkQ0MDg3MzMxMjQxQjRD
M0VDNDAxREM3MzE0MUI3MjcyNDQxMkU0MTNGNDBDRTgwQTY0MzVGREZFNTQx
MDBEOUJGM0M0MjFGQjU4N0I0NkM3RjAyN0UwMjNBMDAwMDRCNTY0ODIwMzcz
MjMwMzEzMjMwMzUzMTM0MzEzNzM0MzAzMDMwMzEwMDAwMDBCODFFODUzRDBB
RDdBMzNCRDA4MEE2NDM1OERGRTU0MTUzQzVBQzQzQTVERTEyNDIzRjY2QUI0
MzgxQURGRjQxNzBCMEFCNDM4NEY4RjY0MTZCMjRBQjQzOUQxREQ3NDE4RDFC
QTk0MzI2MDFBMTQxRTcyQUE4NDM1NEZFOTM0MUE0MTNBODQzNDk2NUFCNDFD
NzJFQTk0M0MzNEJCOTQxN0ZBNUE4NDNBNDMwQzE0MTZFNzVBNjQzOEQ1MkJG
NDE3QzZCQTU0MzZGOURCQzQxNDlFQUE0NDNDQjc5RDU0MURGNjVBNDQzM0E4
NzAzNDI5QUEzQTA0MzdBQzQxRTQyMUYwRjk5NDMxQzA5MEE0MjMyMDU5QTQz
MUUxNEY1NDE0NjZGOUU0M0YzMDkwQzQyNUJGRUE2NDNDNjMyMkU0MkI2MUVB
RjQzQ0ZCQjJDNDJCMjE5QUQ0MzI3NTYyQzQyRDQ0REE0NDM0MTk2Mjc0MkZB
QzdBMDQzNkE0NTEwNDI1MDcyQTA0M0M2QTQwRDQyMzI5REE2NDNERDg3Mjc0
MkJBQjBBRTQzRDMwMDIzNDI1MEUwQTc0MzBEQ0UxRjQyMjA5OTlGNDM4NUFC
MEQ0MjVGQTA5RDQzMjJFQzA4NDIzNjc5OUQ0MzAzNDExRjQyMEVDOUEyNDNF
RUYxMjY0MkY2QzNBMzQzMjg3QzIzNDJCMUI5QTc0Mzc0NTIzNTQyQUIxOEIx
NDM5OTQ4Mzg0MjQ4RjBCMDQzMTY4QTQzNDJEQzJBQTc0MzU2OEEzRjQyMjEw
NkE3NDM2M0QwMzc0MkRFRUZBNjQzNkMwQTRENDI1MkI3QTU0M0NDMzk1QjQy
QjgwM0E5NDM3REQ3NUU0MjhBMjhBRDQzMzVEMTcyNDI2QTQwQTU0MzhEM0U4
MjQyNjFEQTlBNDM3NkFFNzY0MjVCNzk5RDQzQzNGRjZGNDI5NEFCQjE0M0NG
QzM4MjQyMjU0NjkyNDFFMUMyODY0MjQ4MjJCMDQzRjFDRTg3NDIxMUQ0QTk0
M0U0RTE3RDQyRDdGNUFBNDNDMjExODY0MkIwRTA5QjQzOTJBQjkwNDJDQzBB
MTMzRjRGNjVDMzNGNTE0MTM2NDAxMzJBOUE0MDQwNzYxMDQxQUM1RjMwNDFG
OTkxQ0U0MDlEQzBDQjQwMzg5NjBFNDEzREYwRjk0MEIzMzQwQjQxRDRCNEM5
NDBBMDVEQTY0MDFFMDBGOTNGM0QzMjNDNDA3MzdCNDU0MDVDMzFGRTNGODFD
NDY2M0YyNjJDNzYzRjRFQkQzRDNGQTcwNjIyM0Y0MkYxQkYzRkYyMkRBMzNG
NEUxMjQ5M0Y4QTU4NkQzRjM2QkI2RDNGNkYyMUFBM0ZDM0IzODUzRjA0Rjgy
NzNGQ0E5NTFCM0ZGMzQzNEUzRkZBNkQyNTNGQjE0QzJEM0YwNzNDQjMzRTU1
QjBCNTNFMkQ0RDUzM0Y0RjJBM0IzRkEzOTQ4MjNGQjhEQzBEM0ZENjIyNzcz
RTYzOTU0MjNFQzM1MTY2M0U4RkI3N0QzRQ==

--SBD.Boundary.605592468
PROCESS /noc/users/iridburst/exec/irid_300224010734970_upd.pl
Last Run  ----1970-01-01 00:00:00 
MONTH  5 
DATA  xxrecord 2012-05-14 18:00:05 :: $W5M5A,120514,180005,660d0028449ce246,1,DAS 2,4901.6013N,1623.0729W,14.3,344,18.5,14.3,11.4,63.4,4.7,11.5,64.2,4.9,1027.7,2.89,4.61,11.1,333,29*52
 
INSERT
STATION sbdservice
IRID_ID 300224010734970
BODY 
Content-Type: application/x-zip-compressed; name="SBMmessage.sbd"
Content-Disposition: attachment; filename="300224010734970_003294.sbd"
Content-Transfer-Encoding: base64

JFc1TTVBLDEyMDUxNCwxOTAwMDUsNjYwZDAwMjg0NDljZTI0NiwxLERBUyAy
LDQ5MDEuNTkzNE4sMTYyMi45OTE4VywxNS42LDM1MCwxOS45LDE0LjMsMTEu
Myw2NS45LDUuMSwxMS4zLDY2LjYsNS4zLDEwMjcuOSwyLjU3LDMuNTQsMTEu
MSwzMzEsMzQqNTYNCg0KJFc1TTVBLDEyMDUxNCwxOTAwMDUsNjYwZDAwMjg0
NDljZTI0NiwyLERBUyAyLDEzLjIsMTMuNiwwLjIsMC40LDAuMDEsOTk3LDEw
MDQsMTU2LDYyOSwwLDMxLjcsMTUuMDUsOTIzKjZFDQoNCiRXNU01QSwxMjA1
MTQsMTkwMDA1LDY2MGQwMDI4NDQ5Y2UyNDYsMyw3RjAwNzUwMjNBMDAwMDUz
MzIzMDMxMzIzMDM1MzEzNDMxMzgzNDMwMzAzMDU1NUIwMDMxMzIzMDM1MzEz
NDMxMzgzNDMwMkM1NDQxNDIzMDMwMzAzMDMwMkMyRDMwMzUzMTJFMzEyQzJD
MzEzMzJFMzAzNzJDMzQyRTMwMkMzMzM2MzAzMDJDMzYzMDJDMzYzMDJDMzEy
QzMwMzAzNTM3MzAyQzMzMkUzNDMyMkMzMTJFMzIzNjJDMzEzNjMyMkMzMDJD
MzAyRTMxMzYzODJDMkIzMDMwMkUzMDBEMEFGNDEwQkNEQ0JGMjI3RjAwNjcw
MjNBMDAwMDU3MzIzMDMxMzIzMDM1MzEzNDMxMzgzNDMwMzAzMEZGNEQwMDAw
ODBGQjQ0MDA4MDAwNDQwMEIwMzM0ODAwMDBEMDQyRjczOUQ3M0YyNTZDRjQ0
MDcyODM2MjQwQThBNzI0NDBGOURBMTc0MTJCRTI0NzQwOEQ2OTFDNDE1NkYz
RTM0MDFEQzczMTQxOTAzODJFNDE1MzY1MkQ0MDc1NkRBNTQzMDAwRTA5NDIy
NzM4OUQzQ0VDMUJDMDBGOUU3QzdGMDI4QTAyM0EwMDAwNEI1NjQ4MjAzNzMy
MzAzMTMyMzAzNTMxMzQzMTM4MzQzMDMwMzAzMjAwMDAwMEI4MUU4NTNEMEFE
N0EzM0I3NjZEQTU0MzAwMEUwOTQyQjE2OEFDNDNFNDM5M0U0MjY5QUVBQzQz
NTczNDIyNDI2NUVCQUE0MzE3N0MwNjQyQTA3QUE5NDNEMjNGMDM0MkNDNDJB
QTQzQzVGMUNDNDE3Q0RCQUE0M0Q5QzBBRTQxMjQyOUFBNDMzRTMwQkU0MTI2
NkRBODQzNzEwMENENDEzOTAyQTc0M0RFNkJDRTQxNkE0MEE3NDM3QUFCRjU0
MUYzNEFBNzQzMDRCNDFCNDI3OUUzQTA0MzM2Q0YzNzQyRDE2QTlDNDNDQTBD
NEU0MjI5NDY5QzQzMkIxODYwNDIzQzE4QTA0MzE2REY0MzQyMDYyREE0NDMy
OUI5MjU0MjQ4NTJBMzQzNEU5MTE4NDIxNzBCQTI0M0QxQkIwNjQyQTI4OEEy
NDMyOEI0Rjg0MTIwNzhBMTQzNkNEN0ZENDEzMEI3QTA0Mzk4OTgwNjQyOUVE
OUExNDNBN0NDMEM0MkRBNUZBMjQzOUFCNTI0NDI3RUYxQTQ0M0M1RUU0MTQy
NjJFN0EyNDMzQzMzM0I0MjVFMUY5RTQzNDI1NDJFNDIyRkQ0OUI0MzhGRkM0
MzQyRjk3RjlFNDNCOUQ1NkI0MjZFMjJBOTQzMUQxODZBNDIwRDI5QTg0MzUx
QjQ1ODQyRjI1NTlCNDM4ODRENEM0MjI5NjA5NzQzQUE1ODI0NDI2QTE5OTk0
M0ExOEEyNTQyOTA1QTlCNDMwQ0Y0NTg0Mjg0QjFBMDQzMDVERjVGNDI5NjRB
QTE0MzQ2MEU1QjQyOUUzQjlCNDMyMEJENUQ0MjlDOTU5NjQzRUY2MzVDNDJG
MkQyOTc0MzI0Q0I2QTQyRTlERTk4NDM1MkZGODM0MjQ1MDk5NDQzRDhBQjk1
NDI2QkI5OUQ0MzZCNjg5MzQyNkY0NDlGNDM1MzZBOEE0MjY0RjM5OTQzNDlD
NThGNDI0OEMxOUU0MzM1Qzc5QjQyNUVFOEE5NDNGODdGOUY0MkNDQTA5NTQz
RDQzQzkxNDI3Nzc3QTI0M0JGODU4NzQyMjQ2OEE5NDNGN0Y3ODM0MkMwRkM5
RDQzRjg0Mjg3NDIxREYyQ0MzRUZGQTg1MzNGMTQyMTQwNDBFODk2OEU0MDQ4
QTlBNjQwQUZBRjNFNDExNEQ3OEM0MDNBM0FCQjQwQzg2REU2NDBBMUE3QTU0
MDNERUEzODQwMTAyMUY0M0YwMzEzMUQ0MEY1MTA5OTNGQThBQUU4M0ZFNUI5
QzczRjJBN0NBNjNGRDdBQzIxNDBEQjdFNjM0MDI2RDc1QzQwMjQ4QTI5NDA5
NDMxMkE0MDE2MzQwNjQwNUEwNjVFM0YzQTdCQUQzRjI5OUFBODNGQzlFRjFF
M0Y3NEY0NzEzRTI5RENBNzNFMzhFOEQzM0VGM0E2MTUzRjU3QUIxOTNGNTIy
RDIzM0YyNURFQTEzRTBBNEYwMzNGRjA5ODAyM0Y2Qjg3RkUzRTI0M0VDMjNF
OUY1REI4M0U4MzgyREEzRTdEMEU5MDNFMw==

--SBD.Boundary.605592468
PROCESS /noc/users/iridburst/exec/irid_300224010734970_upd.pl
Last Run  ----1970-01-01 00:00:00 
MONTH  5 
DATA  xxrecord 2012-05-14 19:00:05 :: $W5M5A,120514,190005,660d0028449ce246,1,DAS 2,4901.5934N,1622.9918W,15.6,350,19.9,14.3,11.3,65.9,5.1,11.3,66.6,5.3,1027.9,2.57,3.54,11.1,331,34*56
 
INSERT
STATION sbdservice
IRID_ID 300224010734970
BODY 
Content-Type: application/x-zip-compressed; name="SBMmessage.sbd"
Content-Disposition: attachment; filename="300224010734970_003295.sbd"
Content-Transfer-Encoding: base64

JFc1TTVBLDEyMDUxNCwyMDAwMDUsNjYwZDAwMjg0NDljZTI0NiwxLERBUyAy
LDQ5MDEuNTY5NU4sMTYyMi45MTU0VywxNC44LDM1MCwxOC4yLDE0LjIsMTEu
Miw2MC40LDMuOCwxMS4yLDYxLjMsNC4xLDEwMjguNCwyLjg1LDQuNTgsMTIu
NSwzMzUsMzIqNTkNCg0KJFc1TTVBLDEyMDUxNCwyMDAwMDUsNjYwZDAwMjg0
NDljZTI0NiwyLERBUyAyLDEzLjEsMTMuMywwLjIsMC40LDAuMDEsOTk4LDEw
MDUsMTU2LDYyOSwwLDE0OC44LDE0LjY2LDkxOCo1MA0KDQokVzVNNUEsMTIw
NTE0LDIwMDAwNSw2NjBkMDAyODQ0OWNlMjQ2LDMsN0YwMDc1MDIzQTAwMDA1
MzMyMzAzMTMyMzAzNTMxMzQzMTM5MzQzMDMwMzA1NTVCMDAzMTMyMzAzNTMx
MzQzMTM5MzQzMDJDNTQ0MTQyMzAzMDMwMzAzMDJDMkQzMDM1MzEyRTMxMkMy
QzMxMzIyRTM2MzgyQzM0MkUzMDJDMzMzNjMwMzAyQzM2MzAyQzM2MzAyQzMx
MkMzMDMwMzUzNzMwMkMzMzJFMzQzMjJDMzEyRTMyMzYyQzMxMzYzMzJDMzAy
QzMwMkUzMTM3MzAyQzJCMzAzMDJFMzAwRDBBRjUxMDY3NzVFMDk0N0YwMDY3
MDIzQTAwMDA1NzMyMzAzMTMyMzAzNTMxMzQzMTM5MzQzMDMwMzBGRjREMDAw
MDgwRkI0NDAwODAwMDQ0MDA3NDNENDgwMDAwRDg0MjEzNDVFNzNGQzk3RUVF
NDBFRUIxOTI0MDIwNDAzNjQwOUI3NDE4NDFBMTgyNUM0MEEwNTMxNDQxMzQx
REVCNDAwMDAwNDg0MThEOEMyRjQxQTA2MjNENDAzMzU1QTc0Mzc0QTdGRTQx
NjRBQ0JCM0M2QjFDNzAzMEE2NEQ3RjAyOEEwMjNBMDAwMDRCNTY0ODIwMzcz
MjMwMzEzMjMwMzUzMTM0MzEzOTM0MzAzMDMwMzIwMDAwMDBCODFFODUzRDBB
RDdBMzNCMzQ1NUE3NDM3NEE3RkU0MUFCMzJBQzQzMDUwMEZBNDE5MUQxQTg0
MzRCRkUwQzQyRERBMEFFNDMwMTQ1RkU0MTFBODBBRTQzRjA1N0QyNDEyRUU3
QUQ0MzZEMkVEMzQxNzM3MEFDNDM4N0ZBREY0MTBBMENBNzQzNEI3NkFGNDE4
REE4QTM0MzBENjFBMzQxMzMzRTlFNDMyQkVFREM0MTU2NzU5RDQzMEM4MjA5
NDI3NTIwQTQ0M0Y3RjAwRjQyRjY5Q0E0NDNENzAyMjc0MjcyOTdBMzQzNkEw
MDMwNDIzQjM2QTQ0MzFENjMxMjQyMjcyQkExNDMyQTA3RjM0MUM1RkJBMTQz
QTRCMkQ2NDFCNjU0QTY0MzcxN0FFNTQxNjQ4OEE4NDM4QkFEMDE0MjUzMTZB
NjQzMkJDRjA3NDJDN0REQTQ0MzVCQjEwQjQyRjAwMUEzNDM0MDU0MEQ0MjEy
ODFBMjQzRTYwQTA5NDI4OEVEQTk0MzQ4QTkzOTQyNTMxREJGM0ZBRDZGNTg0
MkYxREZBOTQzNzlCMTYyNDI3NENEOUY0MzQ5OTQ0MjQyRjM5MUExNDNEQzg5
MUY0MkYxOTRBMjQzREQzQTFCNDJGM0I1QTQ0Mzg1QkMyRDQyRjc4MUE2NDM5
MzlENDY0MkUwNDRBNzQzQThCMDU0NDI3QTRFQUQ0MzQ1NTc0OTQyMDczQ0Ix
NDNBRjI1MzU0MjJEOTNBRjQzMjc0RTM4NDI3MDRCQUM0MzEzQkE0RjQyRUVG
QUE3NDMzNUZENUU0MkQ4OTdBMzQzRjYxMTVDNDJCNjY3QTE0M0VBMTI1OTQy
RTE2MUE1NDM3NDZBNjI0MkI0NTVCMTQzRjRGRDZFNDI2MjY5N0U0MUFEQUY3
MzQyNTZDMzg3NDE1MUQzN0M0MjE2RDMwMDQxRDdDNjg1NDIwMDJFQUU0MzhF
MTM4RDQyMjEyRkFCNDM0NzA0OEU0MjVBMDVCMjQzQzdDOTg1NDI2NUYxNUQ0
MUU5Rjc2RTQyOUY0NTFDNDE1M0Y2N0M0Mjc4Q0VBODQzOTE3QjhDNDIwRjNC
OTc0Mzc2RDg4QTQyMEVDOTYxM0Y3MEUwRDMzRkE3Qjg3QzQwMDI3NDNDNDE5
OTdEMDA0MTNCQkQ0OTQwM0IyNDNDNDEzNTYyMzU0MURCOEY5MDQwOUYwMjc1
NDAzQzc0NUQ0MDM1M0MzQzQwRkEyRTI5NDA1RDIxM0Q0MEMzMDE3RjQwMTFE
ODcwNDBFMzMwODI0MEE1MUNFMjNGNkQyMUU4M0ZDRURFRTEzRjQ2OUYwQTQw
Mjc5OTlBM0Y1Q0Q5MzczRkFDMTM0MjNGNDUyNThBM0YxMTdDNjczRkFFMjk0
MjNGMzYzMDUyM0Y5M0Y4NEIzRjA2QkRGMjNFMTI4QTMzM0ZDRTc3MEUzRkVG
OUU0MTNGNUJDQjVCM0ZCMEE4RjEzRTgxRjdEMjNFNDIyN0UyM0U0RUIxMjEz
RjQxRTMxQTNGMkFCOUYyM0VFRTU1QTIzRQ==

--SBD.Boundary.605592468
PROCESS /noc/users/iridburst/exec/irid_300224010734970_upd.pl
Last Run  ----1970-01-01 00:00:00 
MONTH  5 
DATA  xxrecord 2012-05-14 20:00:05 :: $W5M5A,120514,200005,660d0028449ce246,1,DAS 2,4901.5695N,1622.9154W,14.8,350,18.2,14.2,11.2,60.4,3.8,11.2,61.3,4.1,1028.4,2.85,4.58,12.5,335,32*59
 
INSERT
STATION sbdservice
IRID_ID 300224010734970
BODY 
Content-Type: application/x-zip-compressed; name="SBMmessage.sbd"
Content-Disposition: attachment; filename="300224010734970_003296.sbd"
Content-Transfer-Encoding: base64

JFc1TTVBLDEyMDUxNCwyMTAwMDUsNjYwZDAwMjg0NDljZTI0NiwxLERBUyAy
LDQ5MDEuNTYxNk4sMTYyMi44NzI3VywxMi40LDM0OSwxNi4zLDE0LjIsMTEu
MSw2Mi4yLDQuMiwxMS4yLDYzLjAsNC40LDEwMjguNiwyLjU5LDQuMjUsMTEu
OCwzMzIsMzIqNTMNCg0KJFc1TTVBLDEyMDUxNCwyMTAwMDUsNjYwZDAwMjg0
NDljZTI0NiwyLERBUyAyLDEzLjEsMTMuMiwwLjIsMC40LDAuMDEsOTk5LDEw
MDYsMTU2LDYyOCwwLDUxLjMsMTQuNjYsOTI0KjZFDQoNCiRXNU01QSwxMjA1
MTQsMjEwMDA1LDY2MGQwMDI4NDQ5Y2UyNDYsMyw3RjAwNzUwMjNBMDAwMDUz
MzIzMDMxMzIzMDM1MzEzNDMyMzAzNDMwMzAzMDU1NUIwMDMxMzIzMDM1MzEz
NDMyMzAzNDMwMkM1NDQxNDIzMDMwMzAzMDMwMkMyRDMwMzUzMTJFMzEyQzJD
MzEzMjJFMzYzMjJDMzQyRTMwMkMzMzM2MzAzMDJDMzYzMDJDMzYzMDJDMzEy
QzMwMzAzNTM3MzAyQzMzMkUzNDMyMkMzMTJFMzIzNjJDMzEzNjM0MkMzMDJD
MzAyRTMxMzczMDJDMkIzMDMwMkUzMDBEMEFFODEwM0YwMjVDOTY3RjAwNjcw
MjNBMDAwMDU3MzIzMDMxMzIzMDM1MzEzNDMyMzAzNDMwMzAzMEZGNEQwMDAw
ODBGQjQ0MDA4MDAwNDQwMDM4NDc0ODAwMDBFMjQyOUQxNEQxM0ZCNjAxRTI0
MDYyRUI4NzQwOUZBOTI1NDBBRDk1MTA0MTI2RUE1MzQwODE1MjEzNDEwNjQ5
RTc0MDNDM0MzQzQxREJBNzMxNDE4QzQ5MzA0MDc0MTdBNjQzOEM4QkZENDEz
QkY1QTIzQ0VEMUM5QTcyNkY3MDdGMDI5NjAyM0EwMDAwNEI1NjQ4MjAzNzMy
MzAzMTMyMzAzNTMxMzQzMjMwMzQzMDMwMzAzMzAwMDAwMEI4MUU4NTNEMEFE
N0EzM0I3NTE3QTY0Mzg5OEJGRDQxOERBN0E5NDNCOEM1Mjk0MjRCMTlBQjQz
MjZCNjEzNDI1Q0NEQTg0MzhBODUwMDQyQjczN0FBNDM3MDY5QzI0MUVGQjFB
ODQzM0YwQkFFNDE3MEI2QTU0M0JERjZDODQxQ0JDNUE1NDNBMTdGRUQ0MUE4
NEJBNzQzN0NDNkVENDE4ODYwQTY0MzQzNTdFQjQxRTBFQ0E0NDNBNkQ0REE0
MTZGMzlBMzQzM0I1QkUwNDFEQzI0QTQ0MzRBNUYwMDQyREYyRkE0NDNGMjVD
MDI0MkY3MjhBMjQzMjRENjA5NDI3REY2QTI0M0UzRkEwNDQyNzlGMUEzNDM4
ODM2RTQ0MTUxNEJBNDQzMkVDN0RBNDE2OTUwQTY0Mzc1OTBGNTQxNUY3RkE2
NDNDNzNGRjc0MUFENjFBNTQzNzRCQkVFNDEyRTEyQTM0M0JBRTYwMDQyRTk4
NjlFNDM2NEEwMEE0MkI3NDZBMTQzNjQ5NDIxNDI1QUVBQUE0MzBDNEUxMjQy
ODUyNUFDNDM5ODFBMUU0MjM5NzZBMjQzOEMyNzQ2NDJERTc3OUU0M0YwMjI0
NzQyMTdGOEEyNDMzMjBENDk0MjRFNkVBNDQzMDlCQjQ4NDIyRkMzQTE0Mzg0
Mjc0NzQyMUU3QkE3NDNDRjdCNDI0MjVGRDNBRTQzQ0VFQzM5NDJFNjM3QjA0
MzA0MTk0OTQyRThGQUFENDM2OThBNTI0MjUxMTNBQTQzNDNDNzY4NDIwQTA1
QTQ0Mzk5QUE4MTQyRTdFRUE0NDNEQzg3OEE0Mjc2OUZBRDQzM0ZGQjkyNDI0
NjYzQUM0MzE5RkE5MjQyNjI3N0FBNDM3NEUzODk0MkRBQUVBNzQzNjRFNDdD
NDI3QjlGQTk0M0FCMzQ3QTQyMTA1REIzNDM0NDBFODM0MkJGRjlCMTQzRkJD
RTg1NDI3NjEwQTI0MzMzNUM4RDQyRTQ1RDk5NDM1ODY3OTU0MkU3OTY5QTQw
NjRCNjk3NDJBRUZCQzA0MTk5ODc4OTQyRkU1QUZCNDFFRTI5ODY0MkE4RDMy
NjQxRjA1MTkzNDJEMTY4OTk0MzIzQ0Q4RDQyQzdBMjA2M0YwQzg0QjkzRkVD
NERENzNGNTg1QzlCNDAwQTVDMjE0MTk1MzlGOTQwQjMxNzkzNDBENkVGQjk0
MDdDNDI1RDQwMzNFNkIxNDAyQzMzQzE0MDUyMjUzODQwQTNFNjg0NDAwMTkx
RjYzRjk2QjcwMDQwNEVCMTU1NDA0RUFDODU0MEE1NDlDNTNGRDQ0NjNBNDBF
MEM2MjE0MDcwRjEwNTQwQTNDN0JGM0ZGNTg5ODUzRkMwNjVBRjNGNTE0RjhE
M0ZDNEVEMjEzRjNGOEE4RDNGM0E0REE4M0VGOEZFMDQzRjQyM0IxNTNGQUY0
RURGM0VBNkQyRTczRTJDMzg5RDNFMDNFM0JDM0VEMDY0REEzRURFQUU5NTNF
RERCODRCM0UyM0VGODQzRUIyNTk3MDNFNg==

--SBD.Boundary.605592468
PROCESS /noc/users/iridburst/exec/irid_300224010734970_upd.pl
Last Run  ----1970-01-01 00:00:00 
MONTH  5 
DATA  xxrecord 2012-05-14 21:00:05 :: $W5M5A,120514,210005,660d0028449ce246,1,DAS 2,4901.5616N,1622.8727W,12.4,349,16.3,14.2,11.1,62.2,4.2,11.2,63.0,4.4,1028.6,2.59,4.25,11.8,332,32*53
 
INSERT
STATION sbdservice
IRID_ID 300224010734970
BODY 
Content-Type: application/x-zip-compressed; name="SBMmessage.sbd"
Content-Disposition: attachment; filename="300224010734970_003297.sbd"
Content-Transfer-Encoding: base64

JFc1TTVBLDEyMDUxNCwyMjAwMDUsNjYwZDAwMjg0NDljZTI0NiwxLERBUyAy
LDQ5MDEuNTM1ME4sMTYyMi44ODQ2VywxMi42LDM1MywxNy42LDE0LjIsMTEu
MSw2MS44LDQuMSwxMS4xLDYyLjcsNC4zLDEwMjkuMSwyLjMzLDMuNjMsMTEu
MSwzMzUsMzgqNTENCg0KJFc1TTVBLDEyMDUxNCwyMjAwMDUsNjYwZDAwMjg0
NDljZTI0NiwyLERBUyAyLDEzLjAsMTMuMiwwLjIsMC40LDAuMDEsMTAwMCwx
MDA3LDE1Niw2MjgsMCwxMzUuNCwxNC42Niw5MjYqNjMNCg0KJFc1TTVBLDEy
MDUxNCwyMjAwMDUsNjYwZDAwMjg0NDljZTI0NiwzLDdGMDA3NTAyM0EwMDAw
NTMzMjMwMzEzMjMwMzUzMTM0MzIzMTM0MzAzMDMwNTU1QjAwMzEzMjMwMzUz
MTM0MzIzMTM0MzAyQzU0NDE0MjMwMzAzMDMwMzAyQzJEMzAzNTMxMkUzMTJD
MkMzMTMyMkUzNTM4MkMzNDJFMzAyQzMzMzYzMDMwMkMzNjMwMkMzNjMwMkMz
MTJDMzAzMDM1MzczMDJDMzMyRTM0MzIyQzMxMkUzMjM2MkMzMTM2MzUyQzMw
MkMzMDJFMzEzNzMxMkMyQjMwMzAyRTMwMEQwQUYwMTBFN0NGMUE1QzdGMDA2
NzAyM0EwMDAwNTczMjMwMzEzMjMwMzUzMTM0MzIzMTM0MzAzMDMwRkY0RDAw
MDA4MEZCNDQwMDgwMDA0NDAwRkM1MDQ4MDAwMEYwNDIxQUYzQkIzRkI1RDZE
NzQwNkYwRjY4NDA3RTJBMTU0MDQyOTEwNjQxNjg4OTM4NDAwODM4RkI0MDNE
NjNEQTQwMURDNzMxNDFFNDM2MkE0MTMwQ0YxRDQwRjY3RkE3NDM3QjRGMTY0
MjAxNDA4MjNDRDAxQjBFOTFGNzg3N0YwMjhBMDIzQTAwMDA0QjU2NDgyMDM3
MzIzMDMxMzIzMDM1MzEzNDMyMzEzNDMwMzAzMDMyMDAwMDAwQjgxRTg1M0Qw
QUQ3QTMzQkY3N0ZBNzQzNzk0RjE2NDJBRkEzQjA0MzBFMUM1MDQyMzc0RUIw
NDNBNDRGMjA0MkJFMzlBRjQzNEZBNjA3NDJBMDk4QUM0MzFGRjMxQjQyNERF
MUE3NDM4QUIwRkU0MUI5MjlBODQzODI4MEFGNDFGMzlFQUE0MzQwNzNDNDQx
QkQzQ0E5NDMzMTc5MTQ0MkREOTBBMDQzREUxNzA3NDI3NTc0OUY0M0U0NjhG
NjQxQ0E0QTlFNDNCMkI0MTI0Mjg5OEE5QjQzODZBODM0NDJEODE3OUQ0M0FE
MEUzRDQyQUQzQUEzNDM0RkExMjU0MjRBRUJBNjQzODUyQjFCNDJBMjM2QUI0
MzVBQ0MxODQyMTZFMEFCNDM3M0E1MDk0MjU2MDhBQTQzRTUyRjA2NDJCNjE4
QTg0MzkyRjQyQTQyMjZFMkEwNDM2QkJBNDg0MjJFRDJBMDQzNEUwOTM3NDI5
OEY5QTg0Mzc1Q0IyMjQyRDQxREFENDNENTE5MUU0MkU3OUVBODQzRUVDOTI3
NDI3NEQxQTI0MzUxODgyNTQyQTJCQzlENDNEOTJFM0I0MkVDN0RBNDQzOEJC
NzUzNDIxNkExQjA0MzMyMUQ0MzQyMTU4MkIzNDNGMzVEMkI0MkZDRDdCMjQz
RkZDMjE3NDJCOEQ1QjI0Mzk2NDUyNjQyRUUwMzE0M0ZENEUyNDE0MjRFN0ZB
RTQzNDU5NDRGNDIxRDUwOUY0M0FBQzg1QzQyRjYwMDlDNDNBODA1Njg0MkZE
OTlBNjQzOEM1Mzc5NDJBQzI0QUQ0MzdDRUE4MDQyQkE2MEE3NDNBN0Y1N0I0
MjdBMUQ5RTQzODBDRDY4NDJEQjBGQTI0Mzk4RUM3NzQyM0IxQ0E3NDMxMEU1
N0M0MjQzQTQ5QTQzQTdFOTcyNDI0QTY4OTQ0MzFBMTc3RTQyRDFGNkE0NDM5
QjNFOTM0Mjc2MjhFNTQxRjYzRjg4NDJGMDQ2RDA0MEVEMjk4ODQyMkU4OEFE
NDM2QjczOEQ0Mjg1QTM4NzQxNUEwNzhENDJFMTMzQTE0MTg3OTc4NDQyQzky
Q0IwNDNDMzA0OEQ0MkEzRjVBMjNFMkNEQTVBM0Y1MEQ2NTI0MDY5NUY4QjQw
MDhENzUxNDA3QzQwMDA0MTc5Qjc5ODQwMzQzRUMxM0ZEN0M0MEI0MEI0MTJB
MjQwQkJCMDVBNDBEMDQ4MTA0MDA3NzJBRjNGN0IzRUEyM0ZENkQ1NUM0MDJG
NUI4MzQwODk0MTJBNDA5NjBENDI0MEQ0NzdERjNGOTUxMDZFM0YwNjYzQTgz
RjNGQ0M5RTNGREVENzcyM0YxM0M1NUQzRjcwRkE5MzNGMTVBQzYzM0Y1NzUz
ODczRjQ2Qzg2NzNGMjg1QjMyM0ZGQTJEODEzRkIwNUY1NTNGN0E1MDAwM0Y4
RDNDOTczRTY1ODBCRjNFNzdBQzA1M0YzMjkxQUUzRTMwMDBBNDNFMEVERTdD
M0VCM0JEOEQzRTRCNTNCNzNFQTQ0REJCMw==

--SBD.Boundary.605592468
PROCESS /noc/users/iridburst/exec/irid_300224010734970_upd.pl
Last Run  ----1970-01-01 00:00:00 
MONTH  5 
DATA  xxrecord 2012-05-14 22:00:05 :: $W5M5A,120514,220005,660d0028449ce246,1,DAS 2,4901.5350N,1622.8846W,12.6,353,17.6,14.2,11.1,61.8,4.1,11.1,62.7,4.3,1029.1,2.33,3.63,11.1,335,38*51
 
INSERT
STATION sbdservice
IRID_ID 300224010734970
BODY 
Content-Type: application/x-zip-compressed; name="SBMmessage.sbd"
Content-Disposition: attachment; filename="300224010734970_003298.sbd"
Content-Transfer-Encoding: base64

JFc1TTVBLDEyMDUxNCwyMzAwMDUsNjYwZDAwMjg0NDljZTI0NiwxLERBUyAy
LDQ5MDEuNTMwNE4sMTYyMy4wMDA2VywxMi41LDM2MCwxNy45LDE0LjEsMTEu
MCw1OC4yLDMuMSwxMS4xLDU5LjAsMy40LDEwMjkuMiwyLjM2LDMuNDksMTEu
OCwzNDAsMzUqNUENCg0KJFc1TTVBLDEyMDUxNCwyMzAwMDUsNjYwZDAwMjg0
NDljZTI0NiwyLERBUyAyLDEzLjAsMTMuMiwwLjIsMC40LDAuMDEsMTAwMSwx
MDA4LDE1Niw2MjgsMCw0NS43LDE0LjI3LDkyMyo1OQ0KDQokVzVNNUEsMTIw
NTE0LDIzMDAwNSw2NjBkMDAyODQ0OWNlMjQ2LDMsN0YwMDc1MDIzQTAwMDA1
MzMyMzAzMTMyMzAzNTMxMzQzMjMyMzQzMDMwMzA1NTVCMDAzMTMyMzAzNTMx
MzQzMjMyMzQzMDJDNTQ0MTQyMzAzMDMwMzAzMDJDMkQzMDM1MzEyRTMxMkMy
QzMxMzIyRTM1MzYyQzM0MkUzMDJDMzMzNjMwMzAyQzM2MzAyQzM2MzAyQzMx
MkMzMDMwMzUzNzMwMkMzMzJFMzQzMjJDMzEyRTMyMzYyQzMxMzYzNjJDMzAy
QzMwMkUzMTM3MzEyQzJCMzAzMDJFMzAwRDBBRjAxMEU5NzdCRjJEN0YwMDY3
MDIzQTAwMDA1NzMyMzAzMTMyMzAzNTMxMzQzMjMyMzQzMDMwMzBGRjREMDAw
MDgwRkI0NDAwODAwMDQ0MDBDMDVBNDgwMDAwRTQ0MjYxQThDMzNGQkRDOERG
NDAwOEE2NUY0MEQxNDIxNzQwRTUwMTE1NDE2MTlEM0M0MEVBRTIxNTQxNTY5
RkRENDAzQzNDM0M0MTZEM0YzQTQxQTREMTIxNDAzNjA5QUE0MzZBOEYwRDQy
Q0YyOTg4M0NDOTFDMUJBNDc5RTI3RjAyQUUwMjNBMDAwMDRCNTY0ODIwMzcz
MjMwMzEzMjMwMzUzMTM0MzIzMjM0MzAzMDMwMzUwMDAwMDBCODFFODUzRDBB
RDdBMzNCMzcwOUFBNDM2QThGMEQ0MkQyQURBQTQzNjNGODA0NDIxMDA1QUQ0
Mzg4NDBFOTQxOTg3Q0FENDNGRUJFRDU0MUFEMTlBRDQzQjdGQkI1NDFEMDZF
QUM0MzdDMTZBMjQxMjYyMUFBNDM0RDQyOUY0MTNDMkFBOTQzMjZEMUIwNDEw
MzY4QUI0MzUzNTREMjQxQjMwREE5NDMwNDI5RjM0MTlEMDJBNzQzRjA1RjE0
NDI0OTAyQUQ0MzUzMDAyODQyRTFBRkFBNDMwNzVBMjU0MjQ4MTVBNDQzNzI0
RTI0NDI4MUUyQTc0MzcxNjIyOTQyODJGQkFFNDNBOURFM0Y0MkI2QjlBRTQz
MDVEMDUzNDI4OERCQTg0MzlDOTkzODQyNUI0NEE5NDM5M0M5MjY0MjFGMjFB
QjQzMjFEMTIzNDI4MkY0QTY0MzExOTkyMDQyQkZEMTlGNDNCNTlDMjE0MkY0
RDY5QzQzQThERDI5NDJBQjI3QTE0MzgyMTA0MjQyNEUzQkFFNDM2RUUzMzE0
MjQ3ODlBRTQzM0QxNjE3NDI5NTZEQUM0MzYyQkUxODQyQjk1NkE1NDMxNUU2
NDA0MjQ1QjVBMjQzQkJFRTZCNDJFNzc3QUU0MzQzOTg2NDQyNzU1MUFFNDNB
QzRENjU0MjlEODdBNjQzQTE2QjZBNDJCMzczQTM0M0YzRjk0OTQyNDRCNUE1
NDNCOTQ2NDY0MjVCMjhBQjQzQTAyNDRDNDIzQzYyQUM0MzNGQUE0NjQyOTk0
OEFCNDM2ODVBNjE0MkY3QUNBQzQzRkZBQjcyNDJERUUyQjI0M0E3RkE2OTQy
MjczMUIxNDMxMjhFN0Y0MkYyNDlBNDQzQzkzRjhGNDIyNUIyQTg0MzQxNkI5
MTQyNEU2RDhFNDBDODUxN0M0MkMxODc3QjQwNjFEQjY3NDI1MDk4MEU0MDEz
Njk3NTQyNzA4NDlFNDNFOUQ4ODE0MjAwQjg4RTQzQzVCNTcxNDJFQzU3OTA0
M0JEQjk4RTQyQURDQkY5NDExQTU5OUE0MjY5RDVBQjQzNEUwQUEwNDIzQjg3
OTk0M0Y3QkY5ODQyNDBGN0E5NDMwMEExOTE0MjExNTZBQzQzQTQyRjkwNDIz
NTlDN0Y0MTRDOTQ5MDQyRjg3MDcxM0ZGRDQxOUIzRkZDNzU0NTQwMUNBM0FE
NDA3MUU0MTU0MUE2NENCRDQwRERFQzhFNDA4RUQ2NDE0MDBERDk0OTQwMzY4
MDFCNDBFMTlBMkY0MDY3QzMzMTQwMzk0QjA4NDA2QzMwMUI0MEU0QUVBMjNG
QkFCQUFDM0Y3REM4MDM0MDE0REQwQjQwRjY4MUY1M0ZCRTcwMEY0MEIyRTgx
ODQwQjVCNUVFM0YxQzg2MUQzRkRGQTQzQTNGREM0REUxM0ZDNDdGREYzRkYw
QTYzODNGNTc5RDBEM0ZCNkEyMEMzRjlEMjc1MjNGQ0Q1Q0E0M0VDMEZGREYz
RThEODVCRTNFMzI1RUVEM0U0NzA3NEUzRg==

--SBD.Boundary.605592468
PROCESS /noc/users/iridburst/exec/irid_300224010734970_upd.pl
Last Run  ----1970-01-01 00:00:00 
MONTH  5 
DATA  xxrecord 2012-05-14 23:00:05 :: $W5M5A,120514,230005,660d0028449ce246,1,DAS 2,4901.5304N,1623.0006W,12.5,360,17.9,14.1,11.0,58.2,3.1,11.1,59.0,3.4,1029.2,2.36,3.49,11.8,340,35*5A
 
INSERT
STATION sbdservice
IRID_ID 300224010734970
BODY 
Content-Type: application/x-zip-compressed; name="SBMmessage.sbd"
Content-Disposition: attachment; filename="300224010734970_003299.sbd"
Content-Transfer-Encoding: base64

JFc1TTVBLDEyMDUxNSwwMDAwMDUsNjYwZDAwMjg0NDljZTI0NiwxLERBUyAy
LDQ5MDEuNTM0Nk4sMTYyMy4xMzM5VywxNi40LDUsMjEuNCwxNC4xLDExLjAs
NjAuMSwzLjUsMTEuMCw2MS4wLDMuOCwxMDI5LjIsMi44MSw0LjgzLDExLjEs
MzM3LDMwKjU0DQoNCiRXNU01QSwxMjA1MTUsMDAwMDA1LDY2MGQwMDI4NDQ5
Y2UyNDYsMixEQVMgMiwxMy4wLDEzLjIsMC4yLDAuNCwwLjAxLDEwMDIsMTAw
OSwxNTYsNjI5LDAsNDguMSwxNC4yNyw5MjEqNTMNCg0KJFc1TTVBLDEyMDUx
NSwwMDAwMDUsNjYwZDAwMjg0NDljZTI0NiwzLDdGMDA3NTAyM0EwMDAwNTMz
MjMwMzEzMjMwMzUzMTM0MzIzMzM0MzAzMDMwNTU1QjAwMzEzMjMwMzUzMTM0
MzIzMzM0MzAyQzU0NDE0MjMwMzAzMDMwMzAyQzJEMzAzNTMxMkUzMTJDMkMz
MTMyMkUzNTM0MkMzNDJFMzAyQzMzMzYzMDMwMkMzNjMwMkMzNjMwMkMzMTJD
MzAzMDM1MzczMDJDMzMyRTM0MzIyQzMxMkUzMjM2MkMzMTM2MzcyQzMwMkMz
MDJFMzEzNzMxMkMyQjMwMzAyRTMwMEQwQUYwMTBCNzc4NTY2QTdGMDA2NzAy
M0EwMDAwNTczMjMwMzEzMjMwMzUzMTM0MzIzMzM0MzAzMDMwRkY0RDAwMDA4
MEZCNDQwMDgwMDA0NDAwODQ2NDQ4MDAwMEQ2NDI5RUJERTYzRjZFQTRFRjQw
MkFBMjlBNDAwN0VDMzM0MEVGNzQxODQxQTA1NjVFNDA3NDgxMEQ0MUM1MkZF
QjQwMURDNzMxNDExN0QzMjI0MThGQkYzRDQwODI3MUE4NDMyN0VBRjM0MTA5
QTJCQTNDQzgxRTNENDY3RjEyN0YwMjhBMDIzQTAwMDA0QjU2NDgyMDM3MzIz
MDMxMzIzMDM1MzEzNDMyMzMzNDMwMzAzMDMyMDAwMDAwQjgxRTg1M0QwQUQ3
QTMzQjgzNzFBODQzMjdFQUYzNDExMjg0QUY0MzE5NDExOTQyQ0ZFOEFFNDMy
NzJBMTU0MjU1NURBQzQzRDA1QjExNDIzMDE0QUQ0M0VBMjRFMzQxRkEwRkFD
NDNFQzUyQjc0MUZCMzFBQjQzNDBDN0E2NDEwODU1QUI0MzAyNkVCNTQxM0ZE
OEFCNDMyMjQ5QkY0MTE5MEFBQTQzQUMyMEIxNDEwMkU0QTU0MzM5NERBODQx
MkFBMkEzNDM1RkIwQjE0MUFCMkZBNTQzRjE1QUUxNDEwOURDQTU0Mzc3NzQw
NzQyNDBBQ0EzNDMyMDlCMEI0MjdCRDVBNDQzNUUxQzA2NDIxQTE5QTM0MzQy
NzEwQzQyRDRCRUEwNDMxM0Q4MEM0MjQxMTJBMjQzOTY3QkY2NDExOTc0QTU0
MzQ4NDdFRjQxNTYwN0E4NDMxNUFEMUE0MjRDRERBNzQzREIxQjQ5NDIyMzI2
QUM0MzRBQTk2MzQyQTEzMUFDNDNGQkM3NTI0MjA4MjFBODQzMzkwNzM5NDJG
MTk4QTU0MzM4MEMzNDQyQjUwOUEwNDM4OTA4M0U0MkUwNTA5QzQzMDA5MDNG
NDJENjJGQTI0Mzg1MjI0RTQyMzc0OUE3NDM0NTRCNTA0MjkyM0E5QzQzQTRG
NTVBNDJFNUE4QTM0Mzg0RTk0RjQyRDEyQUFCNDM2MjhEMjc0MjdFRTZBOTQz
RTI2MTMzNDI2QkVFQUQ0MzJFOTg2MTQyRkFGOUFGNDMyMzNDNzU0MjFFQThB
QTQzNDUwMTdDNDJFNjM2QUY0MzE0QUQ2QjQyOUZFM0FGNDM0NThFNjM0MjY4
NzZBQTQzMDZGRDdDNDJFMDU4QjA0MzhFQUM4NzQyOTYzOTU4NDE0Q0EzODI0
MjQ2NEFCMzQzRTQxNjg0NDI3NDZGQTM0M0UyNjQ4ODQyNjczMEExNDMxMjgw
ODQ0MkFDNTFBQTQzQTVEOTgyNDI5RTM2MjY0MTBDMDk4NjQyMEQwODlGNDE0
MUIzOEE0MjY2RDQ4OTQxNUI3NDk0NDI4NDA4MzE0MDk4QzA5NTQyNTk2RkFB
NDNBNEM1ODc0MjJENTVCMzNGRTdFRUE2M0ZERUE5MDY0MDlCNjRBODQwODk1
QkUwNDA0NkQxMjM0MTU3Q0VGQTQwNDU2RkI2NDBGM0Y0RjU0MDQ5MEYwQzQx
MTg3MUYwNDA2QjAwQTE0MEYzNDgxRDQwQzAzOTQ1NDBENDZBMzg0MDE3MjMy
QjQwNDU1MzE0NDA1MDA3MzM0MEU4M0U0ODQwREQ1OTIyNDA0NUVCQjEzRkNE
N0UxQjNGQjdCOTI3M0ZGODA3QjUzRkZCRTg5NDNGNTVBMDZGM0ZGQjFBNzAz
Rjg0NTIyMzNGQTY1OTNBM0ZFNEYxMjczRkY4MjFFMTNFNEM2Rjc5M0YzNjZF
M0EzRjBEMzJGQzNFQTE4MTM3M0YxNUVCODMzRTA1MzU4MTNFODUyQUMyM0Ux
MENCQUMzRTU1RTBBNjNFRDM0MEEyM0VEOA==

--SBD.Boundary.605592468
PROCESS /noc/users/iridburst/exec/irid_300224010734970_upd.pl
Last Run  ----1970-01-01 00:00:00 
MONTH  5 
DATA  xxrecord 2012-05-15 00:00:05 :: $W5M5A,120515,000005,660d0028449ce246,1,DAS 2,4901.5346N,1623.1339W,16.4,5,21.4,14.1,11.0,60.1,3.5,11.0,61.0,3.8,1029.2,2.81,4.83,11.1,337,30*54
 
INSERT
STATION sbdservice
IRID_ID 300224010734970
BODY 
Content-Type: application/x-zip-compressed; name="SBMmessage.sbd"
Content-Disposition: attachment; filename="300224010734970_003300.sbd"
Content-Transfer-Encoding: base64

JFc1TTVBLDEyMDUxNSwwMTAwMDUsNjYwZDAwMjg0NDljZTI0NiwxLERBUyAy
LDQ5MDEuNTUyNk4sMTYyMy4yMzgxVywxMi4zLDM1NiwxNy4xLDE0LjEsMTAu
OCw1OC4zLDMuMCwxMC45LDU5LjEsMy4yLDEwMjkuMywyLjY0LDQuMzksMTAu
NSwzNDAsMzIqNTINCg0KJFc1TTVBLDEyMDUxNSwwMTAwMDUsNjYwZDAwMjg0
NDljZTI0NiwyLERBUyAyLDEzLjAsMTMuMSwwLjIsMC40LDAuMDEsMTAwMywx
MDEwLDE1Niw2MjksMCwyOTcuNiwxNC4yNyw5MjQqNkENCg0KJFc1TTVBLDEy
MDUxNSwwMTAwMDUsNjYwZDAwMjg0NDljZTI0NiwzLDdGMDA3NTAyM0EwMDAw
NTMzMjMwMzEzMjMwMzUzMTM1MzAzMDM0MzAzMDMwNTU1QjAwMzEzMjMwMzUz
MTM1MzAzMDM0MzAyQzU0NDE0MjMwMzAzMDMwMzAyQzJEMzAzNTMxMkUzMTJD
MkMzMTMyMkUzNTMyMkMzNDJFMzAyQzMzMzYzMDMwMkMzNjMwMkMzNjMwMkMz
MTJDMzAzMDM1MzczMDJDMzMyRTM0MzIyQzMxMkUzMjM2MkMzMTM2MzgyQzMw
MkMzMDJFMzEzNzMyMkMyQjMwMzAyRTMwMEQwQUVDMTAwNDU3ODlEODdGMDA2
NzAyM0EwMDAwNTczMjMwMzEzMjMwMzUzMTM1MzAzMDM0MzAzMDMwRkY0RDAw
MDA4MEZCNDQwMEMwMDA0NDAwMDA3QTQ1MDAwMENDNDJGQjREREYzRkY2MkFG
QTQwQjQ5NThDNDA0Q0Y1Mjg0MEJEN0IxQTQxMzYwMjRBNDBGRDhGMUQ0MTI1
RjZFQzQwQ0E2QjI4NDE1NEU0MkE0MTgyN0QyRDQwNDdDN0E5NDNFQzgwMDA0
MjY2QUI5QzNDMUUxRkUxMDNBMDFEN0YwMjdFMDIzQTAwMDA0QjU2NDgyMDM3
MzIzMDMxMzIzMDM1MzEzNTMwMzAzNDMwMzAzMDMxMDAwMDAwQjgxRTg1M0Qw
QUQ3QTMzQjQ4QzdBOTQzRTk4MDAwNDIwNjg5QjA0Mzc1QTUwRjQyREQ0RUFG
NDNDNjZFMEY0MjkzNDZBQzQzNkJBMEY1NDEwMjREQUI0MzA1MzFEMDQxODAx
MUFCNDMzNUNGQjM0MUU5MDRBQjQzOTkxOEE3NDE1MkVEQUE0MzFBRjU5QTQx
MkZCRkFBNDNERDI5QzM0MUNGRjJBOTQzQjE3RjA1NDJEQUEyQUE0MzE4M0FG
QTQxNDZCQUFCNDMzOEVEMDE0MkJFQ0FBNzQzQkJEMTFDNDI4NDg3QTQ0M0NF
QzkyNjQyQTZGRkEzNDMzMzNFMTg0MjczRDFBMDQzNTAyMDE0NDJFQUQ0OUU0
M0ExNTQxMjQyRDBDRUExNDNEOTQxMEY0MkM5NURBMTQzOTJFMTFFNDI0RDVE
QTA0MzdFOTExOTQyRkUxQ0E2NDM1MDZGMjY0MkIwNkVBRTQzMDVDMTM1NDJF
NkIwQjA0Mzg5ODEyRDQyQjk4Q0FCNDNDN0FEMjk0MjUxOERBMzQzQTA4MjNB
NDIwOUYzQTA0MzQ2MTg0MTQyMjdEQ0E3NDNEQTQzM0I0MkUzNkNBRDQzODcw
NjM0NDI1N0YwQUM0MzBDMDYyRjQyN0ExN0FCNDM2NDE2MkY0MjhEMTRCMDQz
QUJGQTQ0NDI0QTkzQUQ0MzdFNzg0RjQyNTBDQkE1NDNDNUYxNDg0MjhERDFB
QjQzQ0Q5NzU2NDI1QkY5QjA0M0U2MEU1NTQyNURCM0FENDMxMDUzNEM0MkFB
RjlBQzQzMTlENTQ3NDI1QjFBQUI0M0MzN0MzRDQyNDZEREFBNDMxQUNENEI0
MjJBQjFBQjQzRTc5RTcwNDIyMzU1QjI0MzAzQkM4MjQyRDM4ODA1NDE1RTg0
ODE0MjUzM0RFRDQwQUI2RTg0NDI4RDA0NTM0MUM4Mzc4MTQyQkUyMTQ4NDE4
RDA4ODY0MkUyQThBODQzN0EzNjg3NDI2MUU0QTc0M0NEOTU3NDQyQzRGQkFB
NDMyREEwNzc0MjgzMTNBRjQzMjZFMTg3NDJBN0E4QjE0M0I0Mjk4NTQyREUw
QzhBM0Y0QjAzQkUzRjNBQTgyRTQwOEQ2OEFCNDBERjI4MEQ0MTg2NjZFNzQw
NjZBNDQ0NDFBNkVDRTk0MDhDNDAzQzQwRDk4RTY0NDBBQzQ1MEU0MEQyMzYz
RjQwNUNFNDBGNDBGNDgxODM0MDU4MzgyQTQwMUU0OEJGM0Y3QTU1RDczRjJF
RjQzOTNGOTJDREM3M0Y5ODhGMTE0MEQ3MEVGRTNGRjEyMjczM0ZDRjU0ODYz
RjJBNkE3RjNGQkI5QTFBM0YwRDMwNUIzRjRCQjgyNDNGM0ZBMDYxM0YzREMw
MkUzRjk3NzVEODNFQUZGODA0M0ZFRDNCRTMzRURCMjJBQjNFNERFOEEyM0Ux
M0JDM0EzRjkzRDYwMjNGRTAyMTBFM0YzOTVEMTkzRjAwNTYwOTNGM0Y3RjVF
M0UxRDc2NDAzRUNBM0E2NTNFQzM3NkJCMw==

--SBD.Boundary.605592468
PROCESS /noc/users/iridburst/exec/irid_300224010734970_upd.pl
Last Run  ----1970-01-01 00:00:00 
MONTH  5 
DATA  xxrecord 2012-05-15 01:00:05 :: $W5M5A,120515,010005,660d0028449ce246,1,DAS 2,4901.5526N,1623.2381W,12.3,356,17.1,14.1,10.8,58.3,3.0,10.9,59.1,3.2,1029.3,2.64,4.39,10.5,340,32*52
 
INSERT
STATION sbdservice
IRID_ID 300224010734970
BODY 
Content-Type: application/x-zip-compressed; name="SBMmessage.sbd"
Content-Disposition: attachment; filename="300224010734970_003301.sbd"
Content-Transfer-Encoding: base64

JFc1TTVBLDEyMDUxNSwwMjAwMDUsNjYwZDAwMjg0NDljZTI0NiwxLERBUyAy
LDQ5MDEuNTcwME4sMTYyMy4zNDM0VywxMC4xLDM0OSwxMi45LDE0LjEsMTAu
OCw2MC4zLDMuNSwxMC45LDYxLjIsMy43LDEwMjkuNCwyLjU3LDMuNjIsMTEu
OCwzNDMsMjgqNTUNCg0KJFc1TTVBLDEyMDUxNSwwMjAwMDUsNjYwZDAwMjg0
NDljZTI0NiwyLERBUyAyLDEzLjAsMTMuMSwwLjIsMC40LDAuMDEsMTAwNCwx
MDExLDE1Niw2MjgsMCwyMzYuNiwxNC4yNyw5MjUqNjQNCg0KJFc1TTVBLDEy
MDUxNSwwMjAwMDUsNjYwZDAwMjg0NDljZTI0NiwzLDdGMDA3NTAyM0EwMDAw
NTMzMjMwMzEzMjMwMzUzMTM1MzAzMTM0MzAzMDMwNTU1QjAwMzEzMjMwMzUz
MTM1MzAzMTM0MzAyQzU0NDE0MjMwMzAzMDMwMzAyQzJEMzAzNTMxMkUzMTJD
MkMzMTMyMkUzNTMxMkMzNDJFMzAyQzMzMzYzMDMwMkMzNjMwMkMzNjMwMkMz
MTJDMzAzMDM1MzczMDJDMzMyRTM0MzIyQzMxMkUzMjM2MkMzMTM2MzkyQzMw
MkMzMDJFMzEzNzMxMkMyQjMwMzAyRTMwMEQwQUVDMTBERTJGMTU0OTdGMDA2
NzAyM0EwMDAwNTczMjMwMzEzMjMwMzUzMTM1MzAzMTM0MzAzMDMwRkY0RDAw
MDA4MEZCNDQwMEMwMDA0NDAwQzA1QTQ2MDAwMEM4NDJDOTJBRDUzRjI1OUZG
RDQwRkFGRjY3NDBCRjc1MjQ0MEI2RDUyNDQxQzdBRjQzNDA4NUMwMjI0MTRB
OTlGODQwM0MzQzNDNDE0NUE3NDE0MTY4NjUyQTQwODc0OEFCNDM3QTdDRTA0
MTU1OUU5NzNDOTkxRkEyMDZEQTExN0YwMjcyMDIzQTAwMDA0QjU2NDgyMDM3
MzIzMDMxMzIzMDM1MzEzNTMwMzEzNDMwMzAzMDMwMDAwMDAwQjgxRTg1M0Qw
QUQ3QTMzQjg4NDhBQjQzNzM3Q0UwNDEzMkI3QTk0MzA0NUEwMzQyRUUwRkFF
NDNENDkxQzc0MTIzMDZBRjQzQjQzNUEyNDFDQzczQUQ0M0E4QTM5NTQxNzY2
RUFCNDNBREU3OEU0MThEOUFBOTQzQzA3QTk2NDFCMjI5QUE0MzAyREJCQzQx
RDQ0NUFCNDNFOTkwQ0Q0MTk0OUZBOTQzRDA5M0JFNDFGQzBBQTY0MzhEQ0FE
RDQxNUExOUExNDNFQTc0RjE0MTE4QzZBMjQzMTkyOUZFNDE0RTlCQTc0M0M5
RjIxMzQyM0E5MUFCNDM5RkRBMEU0MkYxRThBQzQzNzI3NzBBNDIwRjlBQjA0
MzdFMTQxOTQyMjI3M0IxNDMzMEM5MTc0MjBGQzdBQTQzNkIzOTAxNDJBQUZF
QTM0M0NDRjQxMTQyODBDRkExNDNFMjZDMzg0Mjg1MThBMjQzNTcyQjU2NDIz
ODBFQTY0M0IwOUE0ODQyMkU4REFFNDM2RjdFMzU0MkFCOUFBRTQzQzdFNjJC
NDIyMUY2QUI0M0IwNjUzMDQyRDQ2N0FFNDM4NjA0NEM0MjBFNDBCMjQzQjM2
RDU4NDI1MjAwQUQ0M0FFM0Q1OTQyNENGOEE1NDM3QzQ1NTc0MjIyQkZBNDQz
QTMxMjQ5NDIzQTE5QTc0MzBDQTc0ODQyM0Y5NUFFNDNCQTU2Mzg0MjcwMTZC
MjQzMEUzNTFCNDI4OTQxQjI0MzQ0NTIyMjQyQzVBOEIzNDM2MDE2MzU0MkQx
NzlBRDQwM0E0RDNGNDI1MTlCOTQ0MDIzNUU1MTQyNDlBOEIxNDNBQzYwNzE0
Mjg3QjVCMTQzMTBERDgyNDJCNkVFQjE0Mzk3Rjc4QzQyN0E0Q0FFNDNCQUM3
OEM0MjgxQkJCMDQzRDFBMzZDNDI1MDc5QjA0M0QyOEE3MTQyNkE0MEY4NDBD
OUU1OEM0MjhGQTRGOTQxQjY1QzhGNDJDQjUwOTA0MUJFMTU4ODQyMEY4QzdE
NDEwQzZCOEM0MkU5MzdCQTQxNzY3MTkwNDI2OEZENTEzRjM1NUREOTNGMjU5
NzAwNDE4NjMwM0Y0MTNGOEM0MjQxMDM4Q0Q2NDBFNEQ1QTA0MDYwRjIzQzQw
Qjc4Q0E0NDBEODZDNzc0MDE3QTQyMDQwQzYzMTNDNDAwMUNBREIzRkE3REI5
MDNGMzBCNUVDM0Y4RUJENUQzRjk1NTE4ODNGNTgzRTk2M0ZENTExRDEzRjAz
MkQ2RTNGRkEzMzQyM0Y1NkI1MjUzRjZCQjcyQjNGRTZGNjgzM0ZDMjdENEUz
RjEzRTkzNzNGQjVBQTBGM0ZCNzM2MDMzRkU2QTdENDNFQzRCNTFGM0Y5RjM5
QzAzRTMzOUJGMTNFRERBNTJBM0ZFMzVGMUIzRkRBNzkwRTNGQjc2NDA0M0Yx
QjhBMUYzRkIyOUVBQTNFMURFNzlGM0VENEM0NzIzRUYzNkY4MzNFOUM4MTRD
M0U1RTI0OTQzRUNFNTQ0OTNFNEExRDZGMw==

--SBD.Boundary.605592468
PROCESS /noc/users/iridburst/exec/irid_300224010734970_upd.pl
Last Run  ----1970-01-01 00:00:00 
MONTH  5 
DATA  xxrecord 2012-05-15 02:00:05 :: $W5M5A,120515,020005,660d0028449ce246,1,DAS 2,4901.5700N,1623.3434W,10.1,349,12.9,14.1,10.8,60.3,3.5,10.9,61.2,3.7,1029.4,2.57,3.62,11.8,343,28*55
 
INSERT
STATION sbdservice
IRID_ID 300224010734970
BODY 
Content-Type: application/x-zip-compressed; name="SBMmessage.sbd"
Content-Disposition: attachment; filename="300224010734970_003302.sbd"
Content-Transfer-Encoding: base64

JFc1TTVBLDEyMDUxNSwwMzAwMDUsNjYwZDAwMjg0NDljZTI0NiwxLERBUyAy
LDQ5MDEuNTcxNE4sMTYyMy40NDE4VywxNC43LDM1OCwxNy45LDE0LjEsMTEu
MSw2My4xLDQuMywxMS4xLDYzLjksNC41LDEwMjkuNSwyLjU5LDQuNjYsMTAu
NSwzMzcsMjgqNTENCg0KJFc1TTVBLDEyMDUxNSwwMzAwMDUsNjYwZDAwMjg0
NDljZTI0NiwyLERBUyAyLDEyLjksMTMuMSwwLjIsMC40LDAuMDEsMTAwNSwx
MDEyLDE1Niw2MjksMCwyMy42LDEzLjg4LDkyMCo1Rg0KDQokVzVNNUEsMTIw
NTE1LDAzMDAwNSw2NjBkMDAyODQ0OWNlMjQ2LDMsN0YwMDc1MDIzQTAwMDA1
MzMyMzAzMTMyMzAzNTMxMzUzMDMyMzQzMDMwMzA1NTVCMDAzMTMyMzAzNTMx
MzUzMDMyMzQzMDJDNTQ0MTQyMzAzMDMwMzAzMDJDMkQzMDM1MzEyRTMxMkMy
QzMxMzIyRTM1MzAyQzM0MkUzMDJDMzMzNjMwMzAyQzM2MzAyQzM2MzAyQzMx
MkMzMDMwMzUzNzMwMkMzMzJFMzQzMjJDMzEyRTMyMzYyQzMxMzczMDJDMzAy
QzMwMkUzMTM3MzIyQzJCMzAzMDJFMzAwRDBBRTUxMDNDODZBOERGN0YwMDY3
MDIzQTAwMDA1NzMyMzAzMTMyMzAzNTMxMzUzMDMyMzQzMDMwMzBGRjREMDAw
MDgwRkI0NDAwQzAwMDQ0MDA4MEJCNDYwMDAwRDA0MkQxQTZEQTNGNDBEQ0Y3
NDA2NjFCOTU0MEU3ODgyNTQwQkE4MTI0NDEwNjY1NEU0MDBBNDAyNzQxMDE2
RUY4NDBDQTZCMjg0MUY3ODkzODQxNzI0MDMyNDAyMzU2QTg0MzkzQUVFMzQx
MUIxN0E3M0MzQTFEMTI4NzY4QjU3RjAyNzIwMjNBMDAwMDRCNTY0ODIwMzcz
MjMwMzEzMjMwMzUzMTM1MzAzMjM0MzAzMDMwMzAwMDAwMDBCODFFODUzRDBB
RDdBMzNCMjQ1NkE4NDM4Q0FFRTM0MTQ2QkRBQTQzNDkwMkYyNDE5QUM2QUE0
MzZGODZDNDQxODRGRkE4NDNEQ0IzQTc0MUNDMkZBODQzNUJEMEE0NDE0RTEz
QTg0Mzg0RDdBRTQxNzJBMEE4NDM2NThCQUE0MUI2QTRBODQzNTVDODlDNDEz
Qjg1QTc0MzkyNThBMDQxNkRFMEE3NDM5NkM4RDI0MTY4NDJBNjQzM0UyN0M3
NDE1QkNDQTU0M0ZGNjVBNDQxQ0ZGMkE2NDMyREM4QUI0MTRBRTlBNDQzM0VF
MkY0NDFDMkYyQTQ0M0M3RTcyMjQyQ0IwREE5NDMyMDk4MjI0MjIxODZBODQz
RDJEODE0NDJGODhBQTY0M0VDNDUwQzQyNDFGRUE1NDM4RDE0MEY0Mjg4M0VB
NzQzQjA3ODFGNDJBQTU0QTg0MzJBQ0EyRTQyQUUzRUE2NDM1QTRBMzk0MkND
MTBBNTQzRkUxNDM2NDJBNUUzQTg0M0Y0QjYyMTQyMUJFNUFBNDM1NUVBMTk0
MkE2ODNBRDQzQzBBQTI5NDIwRTg1QUM0MzY5NUM0QjQyNzEyRkEyNDM5MjA2
NTQ0MkY5QzU5RDQzN0U5OTUxNDIxN0NDQTQ0MzlGM0I2MzQyNEJFM0FENDNF
QzM0NEY0MjdDQTZBRDQzMzk1RjQ1NDIwRDg3QUI0MzM2Njc1RjQyOUM5OUE5
NDMzNTkxNkY0MjE5RTRBQjQzNkE1NzY3NDIwQUJEQUY0MzUxNjY2MjQyM0Qw
NUIyNDMxQ0FENzc0MkVGMzFBNjQzNTkzMTgwNDI3Mjg1QTE0MzhDQUQ3RTQy
RERBOUFCNDMzOTU5ODQ0MjhERDBCMTQzMjQyNjgwNDIwQTQyQjA0Mzg4QUM4
MzQyMDUwRkE0NDM1NDY2OEY0MjdFM0E5RTQzMkU5ODg5NDJGNUQ5QTY0MzEz
NEU4MjQyQTE0NkE2NDMxMkJDODY0MkI3QTVBODQzQTM1NjkwNDI3MUEzOTA0
MUFCNDM5NDQyQjNFNzMxNDI3MzFCOTU0MjE0NzQ3MjNGNDI4NDlFNDAyODc2
MUM0MTZCMkUxMDQxM0VGOUNFNDBEREJDRUM0MDlFRkIyRTQxREE2OUE2NDA3
RTM0MjM0MDgwNDcyNTQwNzBDODk1NDBBMjUyMjY0MEJDOUVCQTNGNTQwREFC
M0Y3MUEzMDQ0MDA5RDIyNTQwMjk2NjIyNDBFREI5MDM0MERCNTRBRjNGNDdC
ODY1M0YwNDM0MjQzRkNCODMxRDNGRkJFREI3M0Y3QTkzREEzRjI3OTZCNDNG
ODczODJDM0YxQzQyMDQzRkJCMUUyNzNGOTdEOENCM0UzREIzMjkzRjM3NUVG
QzNFQjAzMkQ3M0UyNDI0QzMzRTU0MTVDMzNFRjlBRkUwM0U1QkRDOTAzRUM3
N0JEQTNFMTRGRUMxM0UyQzY1OEIzRUQwNzlBRDNFOTA3M0EzM0VDNDEwNTEz
RUYxMTc1RDNFRjA5RTlGM0VGOENGQTEzRQ==

--SBD.Boundary.605592468
PROCESS /noc/users/iridburst/exec/irid_300224010734970_upd.pl
Last Run  ----1970-01-01 00:00:00 
MONTH  5 
DATA  xxrecord 2012-05-15 03:00:05 :: $W5M5A,120515,030005,660d0028449ce246,1,DAS 2,4901.5714N,1623.4418W,14.7,358,17.9,14.1,11.1,63.1,4.3,11.1,63.9,4.5,1029.5,2.59,4.66,10.5,337,28*51
 
INSERT
STATION sbdservice
IRID_ID 300224010734970
BODY 
Content-Type: application/x-zip-compressed; name="SBMmessage.sbd"
Content-Disposition: attachment; filename="300224010734970_003303.sbd"
Content-Transfer-Encoding: base64

JFc1TTVBLDEyMDUxNSwwNDAwMDUsNjYwZDAwMjg0NDljZTI0NiwxLERBUyAy
LDQ5MDEuNTY1M04sMTYyMy40OTI4VywxMS4wLDIxLDE0LjcsMTQuMCwxMC45
LDU5LjEsMy4yLDEwLjksNTkuOSwzLjUsMTAyOS41LDIuOTUsNC4zMywxMS4x
LDM0MCwyNio2Mw0KDQokVzVNNUEsMTIwNTE1LDA0MDAwNSw2NjBkMDAyODQ0
OWNlMjQ2LDIsREFTIDIsMTIuOSwxMy4xLDAuMiwwLjQsMC4wMSwxMDA2LDEw
MTMsMTU2LDYyOSwwLDE2LjksMTMuODgsOTI2KjU1DQoNCiRXNU01QSwxMjA1
MTUsMDQwMDA1LDY2MGQwMDI4NDQ5Y2UyNDYsMyw3RjAwNzUwMjNBMDAwMDUz
MzIzMDMxMzIzMDM1MzEzNTMwMzMzNDMwMzAzMDU1NUIwMDMxMzIzMDM1MzEz
NTMwMzMzNDMwMkM1NDQxNDIzMDMwMzAzMDMwMkMyRDMwMzUzMTJFMzEyQzJD
MzEzMjJFMzQzODJDMzQyRTMwMkMzMzM2MzAzMDJDMzYzMDJDMzYzMDJDMzEy
QzMwMzAzNTM3MzAyQzMzMkUzNDMyMkMzMTJFMzIzNjJDMzEzNzMxMkMzMDJD
MzAyRTMxMzczMjJDMkIzMDMwMkUzMDBEMEFFRTEwNEU1NUYzMjE3RjAwNjcw
MjNBMDAwMDU3MzIzMDMxMzIzMDM1MzEzNTMwMzMzNDMwMzAzMEZGNEQwMDAw
ODBGQjQ0MDBDMDAwNDQwMEQwMDQ0NzAwMDBDNjQyMkZCREVDM0Y1ODgzMDI0
MTU5NzY4QTQwQUEwODNENDA1MjgyMUU0MTg4RDk2NzQwQTIyMzMwNDFBOEVC
MDQ0MTFEQzczMTQxMDRDRDM1NDFDNURFNDY0MDMwMkFBQTQzMkI3MkNDNDE1
QzA1REMzQ0E4MUIwREE2ODE4RTdGMDI1QTAyM0EwMDAwNEI1NjQ4MjAzNzMy
MzAzMTMyMzAzNTMxMzUzMDMzMzQzMDMwMzAyRTAwMDAwMEI4MUU4NTNEMEFE
N0EzM0IzMTJBQUE0MzI5NzJDQzQxQTQwNkFENDNGNEY4MDk0MjdBNzVBQzQz
RUQ0REM3NDFEMTk4QUE0MzZCMEZBQTQxQzg2MUFBNDM3NjdGQTQ0MUM2OTVB
QjQzQTkwNDhFNDFFQTQwQUI0M0VCQTA3MzQxQUNCRkFBNDM4NkQwOEQ0MTUy
NjFBQjQzRDk3QUMzNDFCRTVDQUE0MzY1NTJFRTQxRTI5MkFBNDM1NDAxMTI0
MjE1NkJBQjQzMkI1MTEwNDI4NkYzQTc0MzNBRDJGMzQxRDkwREE0NDNDMUQx
RUM0MUYyQ0NBMzQzQkZGMTBENDI5RDdFQTM0MzVBQkUxMzQyRkRGNUEzNDM0
MUM2RkY0MTJFQTdBNzQzNDA2NzAyNDI1REYzQTg0M0NDNzIxOTQyQkUwQkE5
NDM2MTA4MUQ0MjQ0NkRBQTQzQzI1QzEwNDJCOUFEQUM0M0ZGNDkwRDQyQjE4
MkFBNDNCMzJGRkY0MTYwM0JBOTQzREVENjA2NDIwQTk3QUM0M0VGM0QxRDQy
NDM0NkFFNDNCQzE0Mjg0MjREOENBOTQzN0UzMzIyNDI0RTM0QTY0M0VENzUy
MTQyNDg0QkE1NDNDMTNGMjY0MjUxMThBNjQzMUMyMzIzNDI0QzEyQTQ0MzM1
MzUzNDQyMzlEOEE1NDMxRDRBNTE0MkEwNTZBQzQzQTFGRDQ2NDJCODA1QUI0
MzlEQzgzODQyREUwOUFBNDNCQkRCNTc0MjUxQ0VBRTQzNjNGNjY4NDI4QkZC
QjM0MzQ2OTQ1QTQyQjAzMEYwNDA2MDYzNjU0MkM5NUZCMjQzQ0U4QjgwNDJB
NkExQUM0MzgxNzE4MTQyRkY1NEFFNDM5RkYwODY0MjkyMkRFRjNGNEFGNDhE
NDIwN0JCQjM0MzUwRUE4QjQyMjFEREE1NDM3NjQwODM0MjQ1OEU5RDQzQTJF
ODc1NDJGOTgyOUU0MzM5MjQ4MjQyODAxOUEyNDM4ODVGODk0MkJBN0QzQTNG
QUFGRDY3NDA0MTc0MzM0MTU3OTg1NTQxMkRBNjU2NDEyRDU0QTA0MUZDNjMx
MTQxNzYxMDkxNDBCNTgyNzI0MDhBNUEwODQwMTQwMDM2NDAyRDdGOTI0MDc0
OUQ2RjQwRDMxNTFFNDBBQzBDRDYzRjRCRURGRDNGRDdEMTJENDBCMkJGREQz
RkZGMDVDODNGNzUxMjlBM0YwM0Q5MzEzRjg2OUE4ODNGQzk3NkIzM0YxNkM5
NzIzRkU3RkMxNjNGNTA5OTZDM0Y5QkUzMzAzRkJDQjIxRDNGMjRBREUyM0VB
QjhGMUQzRkUzRTRDNTNFOEY4M0RGM0VBNTY0MEQzRjFDRjg5RjNFMTBDMDAw
M0Y5MEU2MjEzRkUyMERBOTNFOURDQTBEM0UzNjM5NzczRUYzODE5RjNFNkNE
NTM1M0VGN0Q3NjIzRTM5OEI0ODNFQjNBNjNBM0UzRERBMjUzRTYzMTQxODNF
MkM2N0NGN0EqMTcNCg0K

--SBD.Boundary.605592468
PROCESS /noc/users/iridburst/exec/irid_300224010734970_upd.pl
Last Run  ----1970-01-01 00:00:00 
MONTH  5 
DATA  xxrecord 2012-05-15 04:00:05 :: $W5M5A,120515,040005,660d0028449ce246,1,DAS 2,4901.5653N,1623.4928W,11.0,21,14.7,14.0,10.9,59.1,3.2,10.9,59.9,3.5,1029.5,2.95,4.33,11.1,340,26*63
 
INSERT
STATION sbdservice
IRID_ID 300224010734970
BODY 
Content-Type: application/x-zip-compressed; name="SBMmessage.sbd"
Content-Disposition: attachment; filename="300224010734970_003304.sbd"
Content-Transfer-Encoding: base64

JFc1TTVBLDEyMDUxNSwwNTAwMDUsNjYwZDAwMjg0NDljZTI0NiwxLERBUyAy
LDQ5MDEuNTM0M04sMTYyMy40OTQ4VywxMi43LDE3LDE2LjcsMTQuMCwxMS4w
LDY4LjUsNS40LDExLjAsNjkuMiw1LjYsMTAyOS40LDIuNjEsNC4zNCwxMS44
LDMzNywyNyo2RA0KDQokVzVNNUEsMTIwNTE1LDA1MDAwNSw2NjBkMDAyODQ0
OWNlMjQ2LDIsREFTIDIsMTIuOSwxMy4xLDAuMiwwLjQsMC4wMSwxMDA3LDEw
MTQsMTU2LDYyOSwwLDIyLjksMTMuODgsOTI2KjU1DQoNCiRXNU01QSwxMjA1
MTUsMDUwMDA1LDY2MGQwMDI4NDQ5Y2UyNDYsMyw3RjAwNzUwMjNBMDAwMDUz
MzIzMDMxMzIzMDM1MzEzNTMwMzQzNDMwMzAzMDU1NUIwMDMxMzIzMDM1MzEz
NTMwMzQzNDMwMkM1NDQxNDIzMDMwMzAzMDMwMkMyRDMwMzUzMTJFMzEyQzJD
MzEzMjJFMzQzODJDMzQyRTMwMkMzMzM2MzAzMDJDMzYzMDJDMzYzMDJDMzEy
QzMwMzAzNTM3MzAyQzMzMkUzNDMyMkMzMTJFMzIzNjJDMzEzNzMyMkMzMDJD
MzAyRTMxMzczMjJDMkIzMDMwMkUzMDBEMEFGMDEwOTNGNEFGQzI3RjAwNjcw
MjNBMDAwMDU3MzIzMDMxMzIzMDM1MzEzNTMwMzQzNDMwMzAzMEZGNEQwMDAw
ODBGQjQ0MDBDMDAwNDQwMEUwMkI0NzAwMDBDQTQyMkEwQUQzM0ZFRTFDRkY0
MDAyRjc4QTQwNjEwMTI3NDA2NkM2MjU0MTk1RDk1MzQwMEVFRjIxNDFDMUNF
RkU0MDNDM0MzQzQxRTA0NzQxNDEyNUFEMkY0MEFEQTlBODQzRUFFOEQ0NDE5
REJBQTAzQzgxMUY5MDkxODFGMTdGMDI4QTAyM0EwMDAwNEI1NjQ4MjAzNzMy
MzAzMTMyMzAzNTMxMzUzMDM0MzQzMDMwMzAzMjAwMDAwMEI4MUU4NTNEMEFE
N0EzM0JBRkE5QTg0M0U3RThENDQxMjI4MkE1NDM4RTNGMDk0MkFCNjBBNzQz
MjQ1NkM2NDFBNEY0QTc0M0YzQjg5QjQxMDQ3OUE4NDMzNzA5ODI0MUIzNkZB
ODQzRjc0NzgzNDE0MjJCQTg0MzcxRDVBNTQxMUNCNEE3NDNEMTc4RDE0MUY4
RjJBNjQzMzEyQUU2NDE5MEVDQTU0Mzg3NzNDRjQxMkM4NUE2NDMzREQ1RDc0
MUI5QzVBQzQzNUZFRkRDNDE0M0QyQUM0MzExNkNEQTQxOUNFNEE5NDM1Rjcz
RTU0MUJBMkFBODQzNTI2OUYzNDE4MkFBQTY0Mzc2MDExNDQyMUFCMEEyNDM2
RTdCM0E0MkNEOTBBMTQzRkFCRjI1NDJCMkIyQTY0MzQ0RjQxNTQyRUNCQUE1
NDM1N0FCMDk0MjM4OTFBMzQzMUY3QzA0NDI3QzBGQUM0MzBDN0IxNjQyNzA1
NkFENDMwRjI3MTE0MkYyOTVBQjQzQzZFNTE0NDIzQjA5QUI0Mzg3NUMyNDQy
NjUwNkE4NDM5QkE4MzE0MjVGMjFBNjQzRkMyMjM4NDI2QTg5QTk0M0Y5MkMz
MjQyNDBDRkFCNDM3OTM2MUQ0MkQ1RjdBQzQzNjBBMzE5NDJFNEU2QUM0MzdB
MDEzOTQyM0Q4NkFGNDNCMkM5NEM0MjJBRjNBNzQzRUE4QTNCNDJCRTdDQTM0
M0U2MEQzNzQyNEI0Q0E3NDM2NTQyNDc0MjQwQzFBRTQzMkQwMjRGNDI0OEJE
QjM0MzJFQzQ1QjQyNERBNDhENDA0RTk5NkM0MjREMEY4NzQxMzg4MTc4NDI1
MjVBMDA0MTVGODg3QTQyOTVFNkE4NDM4Q0VEN0M0MkQyNDRBMDQzRkM5Qjgw
NDJENUM4OUI0MzQxMzQ4OTQyQUY4ODlENDNFRjQxOEY0MjcyODdBNTQzQzE1
QjkwNDJFQjE3QUQ0MzA5QTA4RTQyNEZGMTE1NDEwMzAwN0Q0MjlCNjdCMTQw
RUU4QTcyNDI1MjREQTM0M0RCQTA4NzQyM0I2RkIzNDNEQTVEOTA0MjI1RkUx
QjQyMzZFNTdFNDI3NkZEOTkzRkEzMkQ1QjQwRUYxMEQ0NDA5RDg3NTg0MTdD
MDM1QTQxN0JDMEUwNDA2QkQ4NzE0MEQxQjI4MTQwMDc5RTQ1NDAxN0M0MkQ0
MDc0NjQ1QTQwMjY3RUE0NDAyMzA3MkE0MDAyMDkyMDQwNjVCNEUxM0Y1RjM1
NzAzRjU0MDU2MjNGRjE1QTdGM0YzNURCQ0IzRjRFQTJCMDNGRkE4RDgxM0ZF
OTFFRkUzRjRBREE5NjNGMTIyRDQzM0ZBMzlFMTMzRjc1QzUwOTNGMDZDMUQy
M0VBNzBFMDQzRjM0M0JEMDNFMEQwMDcwM0VDQjQ0NzQzRUVCMDFCMDNFNkVF
QzlFM0VDN0YzOTkzRUZGOUZEMjNFMDA0NkQwM0VEQzVFQUQzRTA4QTIyMjNF
NEU4RjFFM0VGRjZGNzIzRTVBNTUzNzNFNQ==

--SBD.Boundary.605592468
PROCESS /noc/users/iridburst/exec/irid_300224010734970_upd.pl
Last Run  ----1970-01-01 00:00:00 
MONTH  5 
DATA  xxrecord 2012-05-15 05:00:05 :: $W5M5A,120515,050005,660d0028449ce246,1,DAS 2,4901.5343N,1623.4948W,12.7,17,16.7,14.0,11.0,68.5,5.4,11.0,69.2,5.6,1029.4,2.61,4.34,11.8,337,27*6D
 
INSERT
STATION sbdservice
IRID_ID 300224010734970
BODY 
Content-Type: application/x-zip-compressed; name="SBMmessage.sbd"
Content-Disposition: attachment; filename="300224010734970_003305.sbd"
Content-Transfer-Encoding: base64

JFc1TTVBLDEyMDUxNSwwNjAwMDUsNjYwZDAwMjg0NDljZTI0NiwxLERBUyAy
LDQ5MDEuNDk1NE4sMTYyMy40MzIyVywxMC4zLDI1LDE0LjAsMTQuMCwxMS4w
LDYwLjIsMy42LDExLjEsNjEuMCwzLjgsMTAyOS43LDIuODMsNC4yNywxMi41
LDM0MCwyNyo2Qw0KDQokVzVNNUEsMTIwNTE1LDA2MDAwNSw2NjBkMDAyODQ0
OWNlMjQ2LDIsREFTIDIsMTIuOSwxMy4xLDAuMiwwLjQsMC4wMSwxMDA4LDEw
MTUsMTU2LDYyOCwwLDM1Mi40LDEzLjg4LDkyNCo2Mg0KDQokVzVNNUEsMTIw
NTE1LDA2MDAwNSw2NjBkMDAyODQ0OWNlMjQ2LDMsN0YwMDc1MDIzQTAwMDA1
MzMyMzAzMTMyMzAzNTMxMzUzMDM1MzQzMDMwMzA1NTVCMDAzMTMyMzAzNTMx
MzUzMDM1MzQzMDJDNTQ0MTQyMzAzMDMwMzAzMDJDMkQzMDM1MzEyRTMxMkMy
QzMxMzIyRTM0MzcyQzM0MkUzMDJDMzMzNjMwMzAyQzM2MzAyQzM2MzAyQzMx
MkMzMDMwMzUzNzMwMkMzMzJFMzQzMjJDMzEyRTMyMzYyQzMxMzczMzJDMzAy
QzMwMkUzMTM3MzIyQzJCMzAzMDJFMzAwRDBBRjExMDUzODlCNUY3N0YwMDY3
MDIzQTAwMDA1NzMyMzAzMTMyMzAzNTMxMzUzMDM1MzQzMDMwMzBGRjREMDAw
MDgwRkI0NDAwQzAwMDQ0MDBGMDUyNDcwMDAwQzY0MjU5MUJERTNGMTY4MTAw
NDFFOEE3ODg0MEE5NDAzNTQwQzJDNzI3NDE5NjVCNjc0MDdFMEEyNjQxMzNG
NEZDNDAwMDAwNDg0MUM0MjgzNTQxNjQwNTNBNDBERjEzQUE0Mzg2NzdENjQx
QjY4NUI1M0M4NjFDQjc4N0EyREQ3RjAyN0UwMjNBMDAwMDRCNTY0ODIwMzcz
MjMwMzEzMjMwMzUzMTM1MzAzNTM0MzAzMDMwMzEwMDAwMDBCODFFODUzRDBB
RDdBMzNCRTAxM0FBNDM4Njc3RDY0MUFGNkNBOTQzQUVCQ0UzNDFBRUJDQTg0
M0RFMUNDQjQxQUM3MUE2NDM3QkQ3QUE0MTZFNEZBODQzM0Q4MTlGNDE4MTA4
QUI0M0EzRkQ5MzQxQzFGQUFCNDNDQTNEOTQ0MUI3MkJBQjQzOTAyNkFDNDFD
NDIwQUI0MzhDN0FCMzQxMUI0NUFCNDM0OUYxQTk0MUUzNEFBQTQzNTkyQUI0
NDFFQjMzQUE0MzI2RTRENDQxOEQ2MkE5NDM0MzFCRkE0MTM4RjNBNDQzRjU5
NDA4NDJGNEVGQTI0M0REQzEwMzQyOEFDQ0EzNDNFQTY3MEQ0MkIxOEFBNjQz
NzQ3MDE3NDJBNTRFQTc0MzRBQjcxRDQyNDFCOUEzNDNDMTQ2MEY0MjhCQ0FB
MTQzQ0E4MTAzNDJFODE3QUI0MzIxNjIwQzQyMDRBMUIxNDNFMjk3RTk0MTgz
MUJCMzQzQzI3RTBCNDIzMURCQjM0MzE5RDQxODQyOUJCQkIxNDMxNjZFMUU0
MkExOERBOTQzNUY0NzNENDJGNUI1QTM0Mzg0N0Q0NTQyRDQyREEyNDNCQTQ4
NEI0MkRCRDdBMjQzQTBGMTQ1NDIwNTc0QUU0Mzc1NzIzODQyMkY4QzM2NDA3
MzZBMUE0MjZBNDlCMjQzQThERTI5NDJCRjhGQUI0MzJFM0M1MjQyMzUyMEE4
NDNEQjQzN0E0MkI1RjNBMTQzQUNBNDgyNDJFMzQ5QTY0M0I4RDY2RDQyNDg4
NUFBNDMzQTUwNUI0MjA5NjZBQjQzNjVGNjZFNDJDMzM3QUQ0Mzk3RDM4NDQy
NjVGQ0FDNDM3NDA1ODc0Mjc1OTFBMzQzMkEwMTgxNDJCQTU2QUE0MzU5Qjc3
MzQyNzIxNjg5NDAxQkI3Njc0MjkwNDUxRDQwNjlEOTc2NDI0N0E4QUQ0M0M5
REI4NDQyMjlDRUIyNDM2MjVEODU0MjI5RTg0QzQxOTVBMzgyNDJEQTFEQkE0
MUE0N0Y4NDQyRUQwNTE1NDI3M0VFNzc0MjM0QjMwNDQyRjkwMzdBNDJFQTky
ODAzRjhBNjQwOTQwRTEwRkExNDAyMTI1Mzk0MTU1M0MyOTQxQTkzQUY2NDA5
NEJGMzM0MTg3MTcwQzQxRThBNERBNDA3QzQ1Nzk0MERENzI5NDQwRjVFRTJG
NDAzOEY4NkE0MDI0NDM0MDQwQzkyNzk2M0Y2RjA0QkUzRjc5NjJCQzNGODU5
RkFGM0ZENDcyQUIzRkUyMjU4MjNGNzY1RUQxM0Y1ODY1NDQzRkM1OTlBRTNG
QzIwMDhFM0Y5RTRGMzYzRkM3NjczOTNGOUJDOTVDM0YxRjU0MTAzRjY1RDAw
RjNGMUQwMDIzM0Y2MEJFQzMzRUNCN0I3MzNFMjRCNDdBM0VBNzlDM0EzRUQ1
Qjk5QTNFREJCMEE2M0U1OEVCODMzRUE0OTU1NjNFRkFGMDUzM0U4RThGMkQz
RTUzOTg2QjNFMzlDRDVGM0U3NUYzMTczRQ==

--SBD.Boundary.605592468
PROCESS /noc/users/iridburst/exec/irid_300224010734970_upd.pl
Last Run  ----1970-01-01 00:00:00 
MONTH  5 
DATA  xxrecord 2012-05-15 06:00:05 :: $W5M5A,120515,060005,660d0028449ce246,1,DAS 2,4901.4954N,1623.4322W,10.3,25,14.0,14.0,11.0,60.2,3.6,11.1,61.0,3.8,1029.7,2.83,4.27,12.5,340,27*6C
 
INSERT
STATION sbdservice
IRID_ID 300224010734970
BODY 
Content-Type: application/x-zip-compressed; name="SBMmessage.sbd"
Content-Disposition: attachment; filename="300224010734970_003306.sbd"
Content-Transfer-Encoding: base64

JFc1TTVBLDEyMDUxNSwwNzAwMDUsNjYwZDAwMjg0NDljZTI0NiwxLERBUyAy
LDQ5MDEuNDQ3Mk4sMTYyMy4zNDEyVywxMS45LDI2LDE1LjgsMTQuMCwxMS4x
LDU5LjYsMy41LDExLjEsNjAuNywzLjgsMTAzMC4xLDIuNzYsNC4xMSwxMy4z
LDM0MSwyNyo2Qg0KDQokVzVNNUEsMTIwNTE1LDA3MDAwNSw2NjBkMDAyODQ0
OWNlMjQ2LDIsREFTIDIsMTIuOSwxMy4xLDAuMiwwLjQsMC4wMSwxMDA5LDEw
MTYsMTU2LDYyOCwwLDY5LjUsMTMuODgsOTI0KjVCDQoNCiRXNU01QSwxMjA1
MTUsMDcwMDA1LDY2MGQwMDI4NDQ5Y2UyNDYsMyw3RjAwNzUwMjNBMDAwMDUz
MzIzMDMxMzIzMDM1MzEzNTMwMzYzNDMwMzAzMDU1NUIwMDMxMzIzMDM1MzEz
NTMwMzYzNDMwMkM1NDQxNDIzMDMwMzAzMDMwMkMyRDMwMzUzMTJFMzEyQzJD
MzEzMjJFMzQzNzJDMzQyRTMwMkMzMzM2MzAzMDJDMzYzMDJDMzYzMDJDMzEy
QzMwMzAzNTM3MzAyQzMzMkUzNDMyMkMzMTJFMzIzNjJDMzEzNzM0MkMzMDJD
MzAyRTMxMzczMTJDMkIzMDMwMkUzMDBEMEFGMjEwQTc0MERFRUM3RjAwNjcw
MjNBMDAwMDU3MzIzMDMxMzIzMDM1MzEzNTMwMzYzNDMwMzAzMEZGNEQwMDAw
ODBGQjQ0MDBDMDAwNDQwMDAwN0E0NzAwMDBEMDQyRkU3NkRGM0ZGMUZCRjY0
MEI2OTU4MzQwMUU2RjMwNDA5MEMyMUM0MTUwODQ2MTQwNUE1NTI3NDEzRjU0
RkE0MDU2NTU1NTQxRDY4MzNDNDE0MkNGM0E0MDc2OTZBQTQzNjExQkRBNDEz
OUE4QjczQ0FGMUU5NDExRjAwRDdGMDI3RTAyM0EwMDAwNEI1NjQ4MjAzNzMy
MzAzMTMyMzAzNTMxMzUzMDM2MzQzMDMwMzAzMTAwMDAwMEI4MUU4NTNEMEFE
N0EzM0I3Nzk2QUE0MzVDMUJEQTQxMEFDQkIwNDM3NUE2MDk0MjA1M0ZBQzQz
MDc2MkMzNDE1MkM1QUI0MzRCQ0RBNzQxRDEwM0FCNDMzOTY3QjE0MTBGMDZB
QTQzRkM0OEFFNDE1RkUxQTg0MzcyMTM5MjQxNDUwMkE4NDNFRDM5ODk0MUYy
MDZBOTQzQzM4OUFBNDE4QjJDQTg0Mzg4ODNDRjQxQkE4RUE3NDM0NkJDQ0I0
MTFCQkNBQTQzMjdEQ0I2NDFBQ0Y4QUI0MzdDQUFBRjQxMjk4NUFCNDMwRTFD
RTE0MUYwMzlBQjQzQkM0MTE0NDJBMjdFQTk0M0RGNjYxRTQyMTQ3NUFCNDMw
RkEwMTU0MkU4OUNBRDQzRTExNDE1NDJFNUU5QTc0M0ZBQjYxNTQyRUVBNUE1
NDMzOEJEMDQ0MjQwQ0NBQTQzRUE0OTA3NDJGOUYwQjA0MzU2MTQwRTQyMjM1
QkIwNDM3MzIzMUE0MkQ0MDlBQzQzRjUzRTE4NDJFMjBCQUM0M0UzOTgyMzQy
MUU5MUFDNDMwNzlCM0M0MjNGN0RBRDQzMkNDMzQ2NDI5RDExQTg0M0Q5Mjg1
RjQyQ0IwQ0E0NDNFNDQwNUY0MkI5OEZBODQzQkQ4MjQ2NDJBRkJGQUE0MzZF
N0IzQjQyRDFFQ0FCNDNDNDY1NEE0MjE4NUFCMDQzRjA4QjYwNDIzOUE4MDY0
MUZGQkU3MDQyNTBDMTMzNDA4RkU5NkQ0MjdCODRBRTQzNTlFMjVENDJCQkM1
QTk0MzkyNjc1QjQyOEFERUFCNDM3MUZDNkE0MjRDNzRBRTQzMzk2OTZGNDI1
Q0VDQTc0MzFBNkE2QzQyMUQxOUE5NDM3NjkyNjI0MkVEOUJBRTQzOEEyOTVD
NDIwOTkxQUY0M0E0MzM2RjQyRkE2OEExNDNCMzQxODY0MjM0Mjg5QjQzNjU5
NzhBNDI0RjA2OEY0MTk3Qjk4QTQyNjhGMkNGNDFCQjM2ODQ0MjY2MEE3NzQx
RDM3MTgzNDJCQ0FFMUM0MTVEQzQ4MjQyMzZFOUFFNDMyMEYzODg0MkM1QUM3
MTNGQjgyQzEyNDBDRjc5Mjc0MTk2QTMxNjQxNTBBQzFENDE4QjFFRUM0MDA0
N0YxRjQxODQzQkMxNDA2QTBFOTE0MDY3ODc4QTQwMEQ4NTg1NDBEQkMwQjE0
MDIyRjg4MTQwMDgxRDNBNDBFOUZGMDI0MDYxMzlBMjNGQTAyNUM3M0ZCM0VC
RDQzRkI0RDdEQzNGNURFMkI5M0Y5NUM4OEUzRkU4RDA4MjNGN0E0Mjk1M0Y5
NDBGODIzRjM2OTg5QzNGMzA4MDAyM0Y0NzVCMzYzRUYwRjM2MzNFNDcxNTBD
M0Y5Mzk3REIzRUIxQkUwMTNGMkU5NTBEM0ZFNjZGQ0MzRTQxODBFMDNFMzUz
OEY3M0VDMTgxRjIzRUI3NTRBQzNFOUNBQzk0M0VFRjNEQzAzRTNDMjc5MDNF
QUNCRkQ1M0U0ODhGOEQzRTBBMDQxMzNFRQ==

--SBD.Boundary.605592468
PROCESS /noc/users/iridburst/exec/irid_300224010734970_upd.pl
Last Run  ----1970-01-01 00:00:00 
MONTH  5 
DATA  xxrecord 2012-05-15 07:00:05 :: $W5M5A,120515,070005,660d0028449ce246,1,DAS 2,4901.4472N,1623.3412W,11.9,26,15.8,14.0,11.1,59.6,3.5,11.1,60.7,3.8,1030.1,2.76,4.11,13.3,341,27*6B
 
INSERT
STATION sbdservice
IRID_ID 300224010734970
BODY 
Content-Type: application/x-zip-compressed; name="SBMmessage.sbd"
Content-Disposition: attachment; filename="300224010734970_003306.sbd"
Content-Transfer-Encoding: base64

JFc1TTVBLDEyMDUxNSwwNzAwMDUsNjYwZDAwMjg0NDljZTI0NiwxLERBUyAy
LDQ5MDEuNDQ3Mk4sMTYyMy4zNDEyVywxMS45LDI2LDE1LjgsMTQuMCwxMS4x
LDU5LjYsMy41LDExLjEsNjAuNywzLjgsMTAzMC4xLDIuNzYsNC4xMSwxMy4z
LDM0MSwyNyo2Qg0KDQokVzVNNUEsMTIwNTE1LDA3MDAwNSw2NjBkMDAyODQ0
OWNlMjQ2LDIsREFTIDIsMTIuOSwxMy4xLDAuMiwwLjQsMC4wMSwxMDA5LDEw
MTYsMTU2LDYyOCwwLDY5LjUsMTMuODgsOTI0KjVCDQoNCiRXNU01QSwxMjA1
MTUsMDcwMDA1LDY2MGQwMDI4NDQ5Y2UyNDYsMyw3RjAwNzUwMjNBMDAwMDUz
MzIzMDMxMzIzMDM1MzEzNTMwMzYzNDMwMzAzMDU1NUIwMDMxMzIzMDM1MzEz
NTMwMzYzNDMwMkM1NDQxNDIzMDMwMzAzMDMwMkMyRDMwMzUzMTJFMzEyQzJD
MzEzMjJFMzQzNzJDMzQyRTMwMkMzMzM2MzAzMDJDMzYzMDJDMzYzMDJDMzEy
QzMwMzAzNTM3MzAyQzMzMkUzNDMyMkMzMTJFMzIzNjJDMzEzNzM0MkMzMDJD
MzAyRTMxMzczMTJDMkIzMDMwMkUzMDBEMEFGMjEwQTc0MERFRUM3RjAwNjcw
MjNBMDAwMDU3MzIzMDMxMzIzMDM1MzEzNTMwMzYzNDMwMzAzMEZGNEQwMDAw
ODBGQjQ0MDBDMDAwNDQwMDAwN0E0NzAwMDBEMDQyRkU3NkRGM0ZGMUZCRjY0
MEI2OTU4MzQwMUU2RjMwNDA5MEMyMUM0MTUwODQ2MTQwNUE1NTI3NDEzRjU0
RkE0MDU2NTU1NTQxRDY4MzNDNDE0MkNGM0E0MDc2OTZBQTQzNjExQkRBNDEz
OUE4QjczQ0FGMUU5NDExRjAwRDdGMDI3RTAyM0EwMDAwNEI1NjQ4MjAzNzMy
MzAzMTMyMzAzNTMxMzUzMDM2MzQzMDMwMzAzMTAwMDAwMEI4MUU4NTNEMEFE
N0EzM0I3Nzk2QUE0MzVDMUJEQTQxMEFDQkIwNDM3NUE2MDk0MjA1M0ZBQzQz
MDc2MkMzNDE1MkM1QUI0MzRCQ0RBNzQxRDEwM0FCNDMzOTY3QjE0MTBGMDZB
QTQzRkM0OEFFNDE1RkUxQTg0MzcyMTM5MjQxNDUwMkE4NDNFRDM5ODk0MUYy
MDZBOTQzQzM4OUFBNDE4QjJDQTg0Mzg4ODNDRjQxQkE4RUE3NDM0NkJDQ0I0
MTFCQkNBQTQzMjdEQ0I2NDFBQ0Y4QUI0MzdDQUFBRjQxMjk4NUFCNDMwRTFD
RTE0MUYwMzlBQjQzQkM0MTE0NDJBMjdFQTk0M0RGNjYxRTQyMTQ3NUFCNDMw
RkEwMTU0MkU4OUNBRDQzRTExNDE1NDJFNUU5QTc0M0ZBQjYxNTQyRUVBNUE1
NDMzOEJEMDQ0MjQwQ0NBQTQzRUE0OTA3NDJGOUYwQjA0MzU2MTQwRTQyMjM1
QkIwNDM3MzIzMUE0MkQ0MDlBQzQzRjUzRTE4NDJFMjBCQUM0M0UzOTgyMzQy
MUU5MUFDNDMwNzlCM0M0MjNGN0RBRDQzMkNDMzQ2NDI5RDExQTg0M0Q5Mjg1
RjQyQ0IwQ0E0NDNFNDQwNUY0MkI5OEZBODQzQkQ4MjQ2NDJBRkJGQUE0MzZF
N0IzQjQyRDFFQ0FCNDNDNDY1NEE0MjE4NUFCMDQzRjA4QjYwNDIzOUE4MDY0
MUZGQkU3MDQyNTBDMTMzNDA4RkU5NkQ0MjdCODRBRTQzNTlFMjVENDJCQkM1
QTk0MzkyNjc1QjQyOEFERUFCNDM3MUZDNkE0MjRDNzRBRTQzMzk2OTZGNDI1
Q0VDQTc0MzFBNkE2QzQyMUQxOUE5NDM3NjkyNjI0MkVEOUJBRTQzOEEyOTVD
NDIwOTkxQUY0M0E0MzM2RjQyRkE2OEExNDNCMzQxODY0MjM0Mjg5QjQzNjU5
NzhBNDI0RjA2OEY0MTk3Qjk4QTQyNjhGMkNGNDFCQjM2ODQ0MjY2MEE3NzQx
RDM3MTgzNDJCQ0FFMUM0MTVEQzQ4MjQyMzZFOUFFNDMyMEYzODg0MkM1QUM3
MTNGQjgyQzEyNDBDRjc5Mjc0MTk2QTMxNjQxNTBBQzFENDE4QjFFRUM0MDA0
N0YxRjQxODQzQkMxNDA2QTBFOTE0MDY3ODc4QTQwMEQ4NTg1NDBEQkMwQjE0
MDIyRjg4MTQwMDgxRDNBNDBFOUZGMDI0MDYxMzlBMjNGQTAyNUM3M0ZCM0VC
RDQzRkI0RDdEQzNGNURFMkI5M0Y5NUM4OEUzRkU4RDA4MjNGN0E0Mjk1M0Y5
NDBGODIzRjM2OTg5QzNGMzA4MDAyM0Y0NzVCMzYzRUYwRjM2MzNFNDcxNTBD
M0Y5Mzk3REIzRUIxQkUwMTNGMkU5NTBEM0ZFNjZGQ0MzRTQxODBFMDNFMzUz
OEY3M0VDMTgxRjIzRUI3NTRBQzNFOUNBQzk0M0VFRjNEQzAzRTNDMjc5MDNF
QUNCRkQ1M0U0ODhGOEQzRTBBMDQxMzNFRQ==

--SBD.Boundary.605592468
PROCESS /noc/users/iridburst/exec/irid_300224010734970_upd.pl
Last Run  ----1970-01-01 00:00:00 
MONTH  5 
DATA  xxrecord 2012-05-15 07:00:05 :: $W5M5A,120515,070005,660d0028449ce246,1,DAS 2,4901.4472N,1623.3412W,11.9,26,15.8,14.0,11.1,59.6,3.5,11.1,60.7,3.8,1030.1,2.76,4.11,13.3,341,27*6B
 
STATION sbdservice
IRID_ID 300224010734970
BODY 
Content-Type: application/x-zip-compressed; name="SBMmessage.sbd"
Content-Disposition: attachment; filename="300224010734970_003307.sbd"
Content-Transfer-Encoding: base64

JFc1TTVBLDEyMDUxNSwwODAwMDUsNjYwZDAwMjg0NDljZTI0NiwxLERBUyAy
LDQ5MDEuMzg2Nk4sMTYyMy4yMjc0VywxMi41LDI1LDE3LjIsMTQuMCwxMS4x
LDYwLjAsMy42LDExLjEsNjEuMCwzLjksMTAzMC40LDIuNzEsMy42NCwxMC41
LDM0MiwyOSo2RQ0KDQokVzVNNUEsMTIwNTE1LDA4MDAwNSw2NjBkMDAyODQ0
OWNlMjQ2LDIsREFTIDIsMTMuMCwxMy4xLDAuMiwwLjQsMC4wMSwxMDEwLDEw
MTcsMTU2LDYyOCwwLDE4OS4wLDEzLjg4LDkyNCo2Rg0KDQokVzVNNUEsMTIw
NTE1LDA4MDAwNSw2NjBkMDAyODQ0OWNlMjQ2LDMsN0YwMDc1MDIzQTAwMDA1
MzMyMzAzMTMyMzAzNTMxMzUzMDM3MzQzMDMwMzA1NTVCMDAzMTMyMzAzNTMx
MzUzMDM3MzQzMDJDNTQ0MTQyMzAzMDMwMzAzMDJDMkQzMDM1MzEyRTMxMkMy
QzMxMzIyRTM0MzkyQzM0MkUzMDJDMzMzNjMwMzAyQzM2MzAyQzM2MzAyQzMx
MkMzMDMwMzUzNzMwMkMzMzJFMzQzMjJDMzEyRTMyMzYyQzMxMzczNTJDMzAy
QzMwMkUzMTM3MzIyQzJCMzAzMDJFMzAwRDBBRjcxMDg3MjY3NDBCN0YwMDY3
MDIzQTAwMDA1NzMyMzAzMTMyMzAzNTMxMzUzMDM3MzQzMDMwMzBGRjREMDAw
MDgwRkI0NDAwQzAwMDQ0MDA4ODkwNDcwMDAwRDA0MjFCMUJEODNGMTc1MUY3
NDA0MDIwNjk0MDU5MjEyRDQwRDA1RjIxNDE2NjU5NEU0MDk4NEMxRTQxMTlF
QUY5NDBDQTZCMjg0MTFGQjUyODQxRjI1NTM2NDA0MDFBQUI0M0M5ODNFOTQx
NjI1QkFFM0NCNjFCNzI4Q0RDNzQ3RjAyOTYwMjNBMDAwMDRCNTY0ODIwMzcz
MjMwMzEzMjMwMzUzMTM1MzAzNzM0MzAzMDMwMzMwMDAwMDBCODFFODUzRDBB
RDdBMzNCNDExQUFCNDNDNTgzRTk0MUFDOERCMjQzNTMwQzI4NDIxRDUzQjM0
M0ZBNTVERjQxMjc3NUIzNDNCQzA2QkI0MUM1RURBRTQzMTc1MEQ2NDFGNjBF
QTk0Mzg5NzVDMzQxOURDMkE5NDM4NDREQTY0MTg2QTJBQTQzRkZGQUEzNDFF
Q0VGQTg0MzlDODhCQjQxQjBBM0E3NDM2QkFDRDQ0MUQ1MzlBNjQzMDIzMkRE
NDFCODQxQTU0MzEzQjhDNzQxQUU5OEE3NDNCNzYxQ0Q0MTMzMkVBRDQzQjI3
OUZCNDExRDcwQjA0MzYzNjkxNDQyOUREM0FBNDMzMzlCMDQ0MjA0RUJBOTQz
NTAwQUU5NDE4NzNGQUI0MzBEMzMyNDQyOEI5MkE5NDM4NzVDM0Y0MjMwNEZB
NjQzNTU0MTI5NDJBMDk1QTc0M0REQUUzMjQyRTk3RkFENDNCNDgxNEI0MjFD
RUVBQzQzQjQxQzQ2NDI2RDI0QTg0MzAwODkzNTQyNjBFNkFFNDNDQzg4NDY0
MkRGQURGRDQwRjQ0QTNBNDJBQzk1QjI0MzA5QTkyQjQyOTNFQ0IxNDNGMzgz
Mjg0MkQ2RTRDQjQwOUQxRTNCNDJBNzFDM0Q0MDI4MUQ2MDQyRkE4MEIxNDM0
RkY5NjA0MjQ0OEJBRjQzQkY1RDQ5NDI5MzA2QjE0MzBDRUUzRjQyMzVFREIx
NDM3QkYyNDI0MjY4QzBCMjQzMjg2RjQ4NDIyMTAxQjA0M0EyMjY1MjQyM0ZE
Q0E3NDM3ODA0NTI0Mjg4RDVBRjQzQUQ4QTYxNDJCRDhGMDk0MUIwNEY2RjQy
NTRBRUIyNDNGRUY2Nzk0MkU2RjNCMTQzQjNGOTgxNDI1RDRBQUQ0M0Y0OTE4
QTQyREMwMjlBNDNCODQxODU0MjE1NjA5NjQzQjdGQThBNDI1NTk5RUM0MEND
OUY5NjQyOEE5MzM1NDJFQzE0OEE0MjJEMjAzMzQyN0RCQjg1NDIxMzc5RkY0
MEMzNzg4NTQyN0QwQUE5NDMxNjlGODI0MkNCNzBBNzQzMkY4Mzg5NDIwNzFE
QjE0MzBFQkM5MzQyNTJCMkExNDMzOUI2OTk0MjExNDk1QjNGQjc3N0E5M0Yy
OTQ3RTA0MDAyQzI5ODQwNTMxNUUwNDA1RjgxMjU0MUJEMEYyRTQxQUZGNkY1
NDBEQzdBMTU0MTg2ODVCQTQwNkU3M0EzNDBEMTg0NkM0MEE4RDc0MTQwQzdF
NUI3M0Y5RjNDMTM0MDIwMzA2MTQwMDdCNjZBM0YyOTg1NzYzRjQ0NjNBMDNG
MzM4Mzg4M0Y4QzdGNkIzRjVDMjcxMDNGNkI0MzE1M0ZCNTI5RTAzRTM0RDMw
NDNGQkZFRTZBM0ZGQTU0NDAzRjBBMzQwMjNGMUFCQjhEM0U0MUMxQjYzRUZD
MjUzRTNGMkQ1NjBDM0ZBRDYxMTgzRjg5RUQwNzNGMkNFRUI5M0VENDVGRDUz
RTlEODBDQTNFOTUxNkI0M0VBNUE2OTMzRQ==

--SBD.Boundary.605592468
PROCESS /noc/users/iridburst/exec/irid_300224010734970_upd.pl
Last Run  ----1970-01-01 00:00:00 
MONTH  5 
DATA  xxrecord 2012-05-15 08:00:05 :: $W5M5A,120515,080005,660d0028449ce246,1,DAS 2,4901.3866N,1623.2274W,12.5,25,17.2,14.0,11.1,60.0,3.6,11.1,61.0,3.9,1030.4,2.71,3.64,10.5,342,29*6E
 
INSERT
STATION sbdservice
IRID_ID 300224010734970
BODY 
Content-Type: application/x-zip-compressed; name="SBMmessage.sbd"
Content-Disposition: attachment; filename="300224010734970_003308.sbd"
Content-Transfer-Encoding: base64

JFc1TTVBLDEyMDUxNSwwOTAwMDUsNjYwZDAwMjg0NDljZTI0NiwxLERBUyAy
LDQ5MDEuMzQ2Mk4sMTYyMy4xMjQ3VywxMS4wLDQwLDE0LjgsMTQuMCwxMS4w
LDY1LjYsNC44LDExLjEsNjYuMiw1LjAsMTAzMC43LDIuODksNC4xOSwxMS44
LDMzNywyNSo2Mg0KDQokVzVNNUEsMTIwNTE1LDA5MDAwNSw2NjBkMDAyODQ0
OWNlMjQ2LDIsREFTIDIsMTMuMSwxMy4yLDAuMiwwLjQsMC4wMSwxMDExLDEw
MTgsMTU2LDYyOCwwLDEzOC4xLDEzLjg4LDkyMio2Rg0KDQokVzVNNUEsMTIw
NTE1LDA5MDAwNSw2NjBkMDAyODQ0OWNlMjQ2LDMsN0YwMDc1MDIzQTAwMDA1
MzMyMzAzMTMyMzAzNTMxMzUzMDM4MzQzMDMwMzA1NTVCMDAzMTMyMzAzNTMx
MzUzMDM4MzQzMDJDNTQ0MTQyMzAzMDMwMzAzMDJDMkQzMDM1MzEyRTMxMkMy
QzMxMzIyRTM2MzAyQzM0MkUzMDJDMzMzNjMwMzAyQzM2MzAyQzM2MzAyQzMx
MkMzMDMwMzUzNzMwMkMzMzJFMzQzMjJDMzEyRTMyMzYyQzMxMzczNjJDMzAy
QzMwMkUzMTM3MzEyQzJCMzAzMDJFMzAwRDBBRjExMDE3N0I5OTU4N0YwMDY3
MDIzQTAwMDA1NzMyMzAzMTMyMzAzNTMxMzUzMDM4MzQzMDMwMzBGRjREMDAw
MDgwRkI0NDAwQzAwMDQ0MDAxMEE0NDcwMDAwQ0E0MjEwRDZFMzNGNjI2MEZF
NDA4NjFCODY0MDNCRjgzODQwOTMyNTI0NDExMkE0NjU0MDQ5RTIyQTQxQTZB
QzA1NDEzQzNDM0M0MUNBQzUzQzQxNEE2NTQ2NDA5Qjk2QTg0MzkxQUJDNzQx
RDlGQUQwM0M0QjFFMjQ2RkJDRTY3RjAyNjYwMjNBMDAwMDRCNTY0ODIwMzcz
MjMwMzEzMjMwMzUzMTM1MzAzODM0MzAzMDMwMkYwMDAwMDAyOTVDOEYzRDBB
RDdBMzNCOUM5NkE4NDM4RUFCQzc0MUM3MEVCMzQzRDRENzEwNDJDQUQ4QUM0
Mzg2OTFDMTQxOUQyM0E5NDMwQTgxOTU0MTUxODZBNzQzRjA5QzgzNDFCQzQ1
QTg0MzNBRUE4RjQxREMxN0FBNDNEMDUwQTk0MUQ0QjZBODQzNEExMEJDNDFB
RUM3QTY0MzBBOEVEMDQxN0ZFNEE1NDMyNThCRjI0MTk5OUNBMzQzMzdEOUZG
NDFDMjA3QTM0MzgxNEFGRTQxMzk2MkEzNDMwOEEyRDk0MTdEOUFBMzQzMDNF
MUMzNDE5MUQ1QTc0MzcxMTBERjQxQUJFQUFBNDM2NUM3RTc0MUY4OERBOTQz
MkQxN0Q0NDFDNjFFQTc0MzRCRUVFMDQxRUE1MkE1NDM3RkUyMDg0MjhFNjZB
NTQzNUNCQjEwNDIyQjhDQTY0M0I1QTkxNjQyMjk0RUFBNDM3RDFDMkE0MjhE
M0JCMTQzQTM3OTRENDJCNDRDQUQ0MzRGQTA0ODQyNDhGNEE4NDNEOENBMjA0
MjgwNzlBQTQzMDE3MzI5NDIzOUEwQUM0M0NBRjE0MTQyNTRCMEIzNDM1NDhG
NTE0MjRCOTZCMTQzOEQyOTMzNDJBNTdEQUY0M0I2NzIyQjQyQUI4RUIxNDMy
OThFM0Q0MkQ1NDhDMDQwNzg1RjU2NDI2MzZGQjE0MzA4MTI3NTQyMUJCQ0E2
NDMwNTg0NzI0MkYyQkZBNzQzNkU4QjZBNDIxMzY4QUQ0MzBGN0I2RjQyN0U2
NkFBNDM2RUUzN0Q0MjAyQTU5RTQzNkYyNDgyNDI3M0YzQTU0Mzg4RDQ4MzQy
QUE3RkExNDA4NEQzODI0MjQ2QzI2ODQxMkFGMDgyNDJFNzZFMDQ0MkIzODc4
NDQyRjlGNTE2NDI0NjVEODM0MjQ2MTUwNzQyRDI3RTdENDJCOUE2QkU0MUQ5
QTQ3NDQyMzExRTBBNDExOTJDNzI0MjZFNzRBRDQzRjEyQTdCNDJBRUZFQTM0
MzVFNTM4MDQyNUM3NTAwNDBEMkE0REQ0MDA1QjE4NDQxOTBGMzk5NDE5RkU2
Nzk0MTMzQTNDODQwRkVEREU1NDBBRUQ0Nzk0MDE3RUE2NzQwNDUyQUE4NDBE
MzkwMzM0MDMzRTQ0RjQwNjFENTc2NDBDMzI1RDQzRkQ2N0QwRjQwNTZGMDE3
NDA2Q0Y5MDQ0MEExQkQ5MTNGQjRDNERCM0Y5RUNBQkUzRkQ5RjE2ODNGOTc5
NTgxM0VGNzkyOTIzRTQ2MkVEODNFODY1MjRGM0Y5NjRGMjQzRjUyOUQ4RDNF
MTBGQjM0M0Y1MjU4N0QzRjQ5NjE3RjNFNjYyNTlBM0UwMUYwRTAzRTZBM0ZC
NjNFQTRFOEE4M0VCRkQzRjQzREU1N0RFQjNEMjJCNUUyM0QyOThERDQzRDg0
QjI2RjNFRDBEMkZDM0Q3NzFDNUYzRUYyQkI1NTNFNDJEMjAwM0VFQzA0MzAz
RTRFQ0I1QjNFNjE1QkFEM0RCMTkwMEMzRQ==

--SBD.Boundary.605592468
PROCESS /noc/users/iridburst/exec/irid_300224010734970_upd.pl
Last Run  ----1970-01-01 00:00:00 
MONTH  5 
DATA  xxrecord 2012-05-15 09:00:05 :: $W5M5A,120515,090005,660d0028449ce246,1,DAS 2,4901.3462N,1623.1247W,11.0,40,14.8,14.0,11.0,65.6,4.8,11.1,66.2,5.0,1030.7,2.89,4.19,11.8,337,25*62
 
INSERT
STATION sbdservice
IRID_ID 300224010734970
BODY 
Content-Type: application/x-zip-compressed; name="SBMmessage.sbd"
Content-Disposition: attachment; filename="300224010734970_003309.sbd"
Content-Transfer-Encoding: base64

JFc1TTVBLDEyMDUxNSwxMDAwMDUsNjYwZDAwMjg0NDljZTI0NiwxLERBUyAy
LDQ5MDEuMzExNE4sMTYyMy4wNjg5VywxMS4wLDM2LDE0LjUsMTQuMCwxMS4x
LDU4LjMsMy4zLDExLjIsNTkuMiwzLjUsMTAzMC44LDMuMDEsNC45OCwxMS44
LDM0OCwyOCo2RA0KDQokVzVNNUEsMTIwNTE1LDEwMDAwNSw2NjBkMDAyODQ0
OWNlMjQ2LDIsREFTIDIsMTMuMiwxMy40LDAuMiwwLjQsMC4wMSwxMDEyLDEw
MTksMTU2LDYyOCwwLDE4OS41LDEzLjg4LDkyMio2RQ0KDQokVzVNNUEsMTIw
NTE1LDEwMDAwNSw2NjBkMDAyODQ0OWNlMjQ2LDMsN0YwMDc1MDIzQTAwMDA1
MzMyMzAzMTMyMzAzNTMxMzUzMDM5MzQzMDMwMzA1NTVCMDAzMTMyMzAzNTMx
MzUzMDM5MzQzMDJDNTQ0MTQyMzAzMDMwMzAzMDJDMkQzMDM1MzEyRTMxMkMy
QzMxMzIyRTM3MzUyQzM0MkUzMDJDMzMzNjMwMzAyQzM2MzAyQzM2MzAyQzMx
MkMzMDMwMzUzNzMwMkMzMzJFMzQzMjJDMzEyRTMyMzYyQzMxMzczNzJDMzAy
QzMwMkUzMTM2MzkyQzJCMzAzMDJFMzAwRDBBMDAxMTVBRjM5NDFFN0YwMDY3
MDIzQTAwMDA1NzMyMzAzMTMyMzAzNTMxMzUzMDM5MzQzMDMwMzBGRjREMDAw
MDgwRkI0NDAwQzAwMDQ0MDA5OEI3NDcwMDAwQ0U0MjgxMUZFRTNGNEQ1MEZC
NDA2QzY5OUY0MDY4NTU0MDQwOEQ4QTFCNDE4M0ZFNzY0MDZBQTUxRTQxRUQ1
QUY2NDAzQzNDM0M0MUFFQzUzNTQxNzQ4MzQ4NDA2RjExQUU0M0ZEMjFFMjQx
ODIxMkQxM0M5MDFFMUQxQUQ3Qjc3RjAyN0UwMjNBMDAwMDRCNTY0ODIwMzcz
MjMwMzEzMjMwMzUzMTM1MzAzOTM0MzAzMDMwMzEwMDAwMDBCODFFODUzRDBB
RDdBMzNCNzAxMUFFNDNGOTIxRTI0MTEzQ0JCRTQwNjRBQzAyNDJFQThEQjI0
MzkzNDZFOTQxQUMyREIxNDM2RURBREY0MTMzNjBCMDQzQzc5RUNGNDFEMDY3
QjA0MzI1QjZBRjQxM0FERUFGNDM0OEQzOUE0MTM4RDlBRDQzNkM5OTkxNDE2
QjAyQUI0MzdBMkNBMTQxMkU1MkFBNDM1QUM4OUM0MTFFRjVBQjQzQUQ1NkFB
NDE5NUM2QUM0M0FFMTJENjQxMjg3NUFENDM4OEUyRjU0MTkzOEZBRDQzNjNF
MTA3NDJERDIwQTg0MzA5RDQyQTQyQ0Y3OEE3NDM1MDRGMEQ0MkQ1NkJBQTQz
MkU4ODA3NDI5QzNBQUM0M0E2M0QxRDQyMEJDN0E5NDNCN0UyMjU0MjNCREFB
QjQzMkVGMjEzNDI1RDc2QUY0MzM0MUNGOTQxREZGRUFGNDNDODE0RjA0MTQ5
ODNBRDQzQTk5NjE2NDI5OThCQTc0MzU1MjkzQTQyQkM0NkFBNDMwQ0M1M0Y0
MjcxODlBRTQzNkM1RjMwNDI3RjVBQUQ0MzQ1OEUyRTQyMzMwNEFFNDNGODVE
Mjk0MjM2MzlBRjQzMzkyRTI3NDIwREI1QUE0MzI0OUQxRjQyNjA2MkE3NDMz
MDg3MTk0MjZGOTdBNjQzREE0RTJGNDI3MjRGQUE0MzBDMUM0OTQyNDYyNUFC
NDM0Rjk4NDY0MjExMThBNzQzNUZFNTUxNDJBMjdGQUE0M0JCOTU2ODQyRDlC
N0IyNDNBQTYxNjU0MkI2MTVBRjQzNjcwODYzNDJFODcxQTk0MzUyQTQ1QjQy
Nzg1Q0FENDNFQjFGNkE0MjE3M0Q4QTQxMzc3RDdBNDIwRkUwNzk0MTVFQTI4
NjQyMjFCN0IwNDNCMzREOEI0MjI3OTkxMTQyMDlGMDgzNDI1MkVBM0I0MkU2
RTc2NTQyQkNGNUVBNDFFMTY4NzM0MjM2QTZGODQwQ0EwRTgyNDI3MDUwMzg0
MDM2MTE4NTQyQ0Q0RjA2NDIzOUQ1N0I0MjRBRUUzQjQyNDNFMTcwNDI5MzE2
REMzRjIwRDFFNzNGODMyQ0NGNDBCMjU4RUM0MEI2MDg4NDQxOUMwNzNFNDE5
QUNDRjc0MDBFRDk5NjQwMUQ0MUJCNDBGOUM2Mjk0MTBBMzU4RjQwRjZBMUE3
NDA5RkNDMzE0MDgzMDk0MzNGNTY0RDVDNDBDQUJGNkU0MEFFRjAxMDQwRTk5
MjIxNDAzOEE0MDc0MDMyQUIxRTQwMUY4M0ZGM0ZBNzZFOEUzRjlDRDIyOTNG
MUVBODdCM0ZCMUFCN0YzRjlDOTJDQTNFNTcxNDIzM0YzNzI3NjAzRjBFQUMz
QjNGN0RCQzkxM0Y4RjNCMUIzRjA1OTRDNDNFMDFCOTQ3M0YxMDUzREIzRURE
NDk5MDNFM0FGRkQzM0VCQkRCMDQzRjA2QTAzMTNGNjkxNkJGM0UyREZDNTEz
RTRFRDBBNTNFQTVGRDhDM0UyNDg2NDEzRQ==

--SBD.Boundary.605592468
PROCESS /noc/users/iridburst/exec/irid_300224010734970_upd.pl
Last Run  ----1970-01-01 00:00:00 
MONTH  5 
DATA  xxrecord 2012-05-15 10:00:05 :: $W5M5A,120515,100005,660d0028449ce246,1,DAS 2,4901.3114N,1623.0689W,11.0,36,14.5,14.0,11.1,58.3,3.3,11.2,59.2,3.5,1030.8,3.01,4.98,11.8,348,28*6D
 
INSERT
STATION sbdservice
IRID_ID 300224010734970
BODY 
Content-Type: application/x-zip-compressed; name="SBMmessage.sbd"
Content-Disposition: attachment; filename="300224010734970_003310.sbd"
Content-Transfer-Encoding: base64

JFc1TTVBLDEyMDUxNSwxMTAwMDUsNjYwZDAwMjg0NDljZTI0NiwxLERBUyAy
LDQ5MDEuMzAzOE4sMTYyMy4wNjM5VywxMC4zLDUyLDEzLjYsMTQuMSwxMS4w
LDYzLjIsNC4zLDExLjAsNjQuMSw0LjUsMTAzMS4xLDIuNzUsNC4yOCwxMi41
LDM1MCwzMyo2Ng0KDQokVzVNNUEsMTIwNTE1LDExMDAwNSw2NjBkMDAyODQ0
OWNlMjQ2LDIsREFTIDIsMTMuMywxMy41LDAuMiwwLjUsMC4wMSwxMDEzLDEw
MjAsMTU2LDYyOSwwLDgwLjAsMTMuODgsOTIyKjU5DQoNCiRXNU01QSwxMjA1
MTUsMTEwMDA1LDY2MGQwMDI4NDQ5Y2UyNDYsMyw3RjAwNzUwMjNBMDAwMDUz
MzIzMDMxMzIzMDM1MzEzNTMxMzAzNDMwMzAzMDU1NUIwMDMxMzIzMDM1MzEz
NTMxMzAzNDMwMkM1NDQxNDIzMDMwMzAzMDMwMkMyRDMwMzUzMTJFMzEyQzJD
MzEzMjJFMzgzNzJDMzQyRTMwMkMzMzM2MzAzMDJDMzYzMDJDMzYzMDJDMzEy
QzMwMzAzNTM3MzAyQzMzMkUzNDMyMkMzMTJFMzIzNjJDMzEzNzM4MkMzMDJD
MzAyRTMxMzczMDJDMkIzMDMwMkUzMDBEMEFGNDEwRDMwNTgzMEQ3RjAwNjcw
MjNBMDAwMDU3MzIzMDMxMzIzMDM1MzEzNTMxMzAzNDMwMzAzMEZGNEQwMDAw
ODBGQjQ0MDBDMDAwNDQwMDIwQ0I0NzAwMDBDQTQyMDE0QURCM0Y4RjM0RkM0
MDNBRjY4ODQwQzlDNDJGNDAxNjUxMjA0MUVFNDA2NDQwNTVEMjI3NDEzRDVE
Rjg0MDAwMDA0ODQxMjQ4MTNENDFFNDg2MzU0MDMyMDVBRjQzMUVCNjAzNDI3
MTZDQUQzQzMzMUJCMjY4QkIxQjdGMDI3MjAyM0EwMDAwNEI1NjQ4MjAzNzMy
MzAzMTMyMzAzNTMxMzUzMTMwMzQzMDMwMzAzMDAwMDAwMEI4MUU4NTNEMEFE
N0EzM0IzMzA1QUY0MzFBQjYwMzQyODg5QUIxNDM1QzE0MTU0MkEzQ0VCMjQz
Mjc0QTAxNDJFRTc0QjI0M0MxN0RDODQxRjAwNUIyNDNFOEFFQzc0MTkwMEJC
MjQzRUQ2REYxNDEzQThEQjE0MzI2MDhGRjQxMzRCMkFENDNBNUNDMDI0MjRD
RThBQzQzNzk0MkYwNDE2MkFGQjA0MzZFN0JCRTQxNDlCNEFFNDM1RjhDQ0Q0
MTU2RDJBQjQzNDRFOENBNDFGQjREQUQ0M0IzRkRENzQxODM1M0FFNDNDMzA0
MEY0MjhDQUJBNTQzNjUyMjIwNDJGRjMzQTM0MzdCNDgxMDQyQ0FCMkE1NDM2
MUNGMTU0MkU4RENBOTQzMkJDNzIyNDI2MTg1QTk0MzA1OTUxODQyQzJFREE3
NDMyMDBBMTg0MjNFMTNBQzQzNTA0NzJGNDJFMzE0QjM0MzRDNkYzRDQyQzVE
NUFGNDM4MTQ0M0I0MjJCRjFBQjQzMEMwNDI0NDI0OTAxQjA0M0I1MkEzMDQy
MDY4NDNENDFDRjUxNDQ0MjQzNzQ0MDQxQzk5MzRGNDIwODhDQjM0MzQxMkQ2
QzQyRjJBQUFGNDMwMEM5NzQ0MjE2MkNBQzQzRUE4NjY1NDI4MDNDQUM0MzVF
NDE1ODQyOTBFM0FBNDMzOTBCNEE0MkRFMThBNzQzQTlDNjM5NDIwMzQyQTg0
M0JFNUE1MjQyNTU0N0FENDNGRkI0NzQ0MjU2NEVBRTQzMjQ1OTgzNDJCRTlD
QUY0MzcyMDQ3ODQyMjM3M0IyNDM3M0U2NUY0Mjc1OEZCMjQzODg0QTU3NDIy
MzcyQjI0Mzk5NTc1QTQyQjExQzJBM0VDMzRDNkM0MkRERUZDODNFMzYxMDdD
NDJEODE3RTczRjlFMUI4NDQyMTc1QjIwNDE4NzBDOEM0MjQ0N0E4NDQxRjA4
RDkwNDI0NEY1MDg0MTk0QUQ4QjQyMzlDRUIwNDMwM0QyODg0MjI5RTRBNjQz
M0RBQTgyNDIyQjRFOUY0MzRERjM4MDQyNTRCQzc2M0ZCMTgxMjA0MEE5MDVC
RjQwQ0YwMTQzNDFEM0UwMTg0MTM2REYwMjQxRjE2RUNFNDAyNEQ0QUY0MEEx
NkVBNjQwNkQ0MzRDNDBFNkRCREI0MDM2MjZCQzQwQ0NGRjFENDA1MEJDNkYz
RjQwNjJGQjNGRTlEMzEzNDA4RUIzREEzRjBFRjUwMjQwMTJDOEYzM0Y1ODZG
QjUzRkRFNUY2QzNGMTNERDNDM0YxOEQ4NEMzRjFEN0Y1MTNGNkZFNEVCM0Uy
RTdCMEYzRjJDQzZCMDNFM0ZCQUI0M0VDOTU2RkQzRUI0REVEOTNFQzU4NEI5
M0VEQjVCQjYzRUNBNTZFNzNFQjRFRkYxM0UyNDM3QjUzRTQxMEFDMjNFRjUy
N0M5M0VEMTZDODIzRTlGRTE4MTNFRkVGRjkyM0U4QjJGQ0IzRTYzNzEzMjNG
Q0VEMkRBM0VDMDQ3NEQzRTMyRDU0QjNFOQ==

--SBD.Boundary.605592468
PROCESS /noc/users/iridburst/exec/irid_300224010734970_upd.pl
Last Run  ----1970-01-01 00:00:00 
MONTH  5 
DATA  xxrecord 2012-05-15 11:00:05 :: $W5M5A,120515,110005,660d0028449ce246,1,DAS 2,4901.3038N,1623.0639W,10.3,52,13.6,14.1,11.0,63.2,4.3,11.0,64.1,4.5,1031.1,2.75,4.28,12.5,350,33*66
 
INSERT
STATION sbdservice
IRID_ID 300224010734970
BODY 
Content-Type: application/x-zip-compressed; name="SBMmessage.sbd"
Content-Disposition: attachment; filename="300224010734970_003311.sbd"
Content-Transfer-Encoding: base64

JFc1TTVBLDEyMDUxNSwxMjAwMDUsNjYwZDAwMjg0NDljZTI0NiwxLERBUyAy
LDQ5MDEuMzMwOE4sMTYyMy4xMTQ2VywxMi43LDQ3LDE2LjAsMTQuMSwxMS4w
LDY1LjQsNC44LDExLjEsNjUuOSw1LjAsMTAzMS4yLDIuNzQsNC41OCwxMi41
LDM1NCwzMSo2RQ0KDQokVzVNNUEsMTIwNTE1LDEyMDAwNSw2NjBkMDAyODQ0
OWNlMjQ2LDIsREFTIDIsMTQuNCwxNC41LDAuMiwwLjQsMC4wMSwxMDE0LDEw
MjEsMTU2LDYyOCwwLDI0OC40LDEzLjg4LDkyNyo2Qw0KDQokVzVNNUEsMTIw
NTE1LDEyMDAwNSw2NjBkMDAyODQ0OWNlMjQ2LDMsN0YwMDc1MDIzQTAwMDA1
MzMyMzAzMTMyMzAzNTMxMzUzMTMxMzQzMDMwMzA1NTVCMDAzMTMyMzAzNTMx
MzUzMTMxMzQzMDJDNTQ0MTQyMzAzMDMwMzAzMDJDMkQzMDM1MzEyRTMxMkMy
QzMxMzMyRTM4MzQyQzM0MkUzMDJDMzMzNjMwMzAyQzM2MzAyQzM2MzAyQzMx
MkMzMDMwMzUzNzMwMkMzMzJFMzQzMjJDMzEyRTMyMzYyQzMxMzczOTJDMzAy
QzMwMkUzMTM2MzIyQzJCMzAzMDJFMzAwRDBBRjUxMDIzMDFCODgzN0YwMDY3
MDIzQTAwMDA1NzMyMzAzMTMyMzAzNTMxMzUzMTMxMzQzMDMwMzBGRjREMDAw
MDgwRkI0NDAwQzAwMDQ0MDBBOERFNDcwMDAwQzY0MkQ5NUFFNzNGODhEODAw
NDFDMjkxOTI0MDc4QTAyRjQwMzVGOTFENDFFMDY2NTU0MDM2NzQyMzQxNkE3
MkY0NDAwMDAwNDg0MUVBQTAzODQxNURGRjM5NDAzMDFFQjE0MzczQjRGODQx
Qzg1NkIzM0MxRjFGNURBOTRCQTg3RjAyOTYwMjNBMDAwMDRCNTY0ODIwMzcz
MjMwMzEzMjMwMzUzMTM1MzEzMTM0MzAzMDMwMzMwMDAwMDBCODFFODUzRDBB
RDdBMzNCMzExRUIxNDM2REI0Rjg0MUZGOUE1NjQxNjUyREVBNDFDQTk3M0M0
MTk0NURCRjQxMTIzOTg5NDA4OEYwQ0M0MUZGRkVCMTQzRDVBMUM0NDE4RTgz
QjI0M0E2QkRDMzQxMUFBQUIzNDMxQjREQzY0MURDRkRBRjQzQTUzQ0M2NDFB
NDYyQUQ0MzMyOTRERjQxQjQ0MkFENDNEQTg5MTI0MkY2Q0FBRDQzRDdFRkZD
NDE1RDA4QUQ0M0I4QThBQjQxM0VBNUFCNDM3RDhERDU0MTVBRjBBQjQzQ0M5
NDE4NDI5MEVCQUM0M0E2RjIxMDQyOTA3NEFCNDNFRDY1RjY0MUY2MzdBQTQz
Qzc5RDAxNDI3MjY3QUU0MzhFRTkyNjQyMjIyRUIzNDNGMDE4MkE0MjU2QTZC
MzQzREY3MDFCNDJFRTUyOTgzRjkwOTMyNDQyQzQ0QTczNDFGRTkyMTg0MkI5
RUUxQzQxNTYzRDFDNDIxMURDQjM0M0Y1M0MzNzQyNDA4MDUzNDBGOTQ5M0U0
Mjk2QURBRjQzMUVFNDQ3NDI3M0QxQTk0MzhBRjY0MDQyMTY2RUIwNDNGMDBG
MzQ0MkI1ODdCMTQzOUEzOTNFNDJGRDIyQUU0M0EzMkI0RTQyOUJENEIyNDM3
OEU3NDI0MkQ0QkIwNTQxRTRGNTM4NDJCQUNGMjA0MDg1NzY0MDQyQTQyRkFF
NDNERkVFNDI0MkI2NEVBQTQzMzU5RjUwNDIxMzU4QUY0MzUwMjc1NTQyNTc5
REFDNDNCMkE1NDk0MkRDMDVBODQzQUZFRDQ5NDIwQkIwQUM0MzhFOEE1QzQy
REI1RDVCNDBEOTMwNUU0MkUwQTA2NjQxMzYxMjY0NDJGM0Y4QTk0MEY2OTQ4
NTQyMjBCRjlDNDNGOEIyODk0MkY2OUM5RTQzRDFCMjhCNDJERDBBOEQ0MTRD
NzQ4QjQyRTQ0OEMzNDE5QkE0ODI0MjVFOUFBRjQzMjBCQzg0NDJGMDBCQTU0
MzM4MDU4NTQyQzI2OEFENDM1QzU5ODM0MjYxN0RCMTQzM0MzNzg1NDJERjBG
OUE0MTY0MkE4RDQyNTRGOTRENDJBQkIwOTQ0MjFCMTc5QjNGQ0I4QzdBNDAz
OTIwRUY0MDdERUQyODQxRDI1NUY4NDA0OTMwMDE0MUQ3QkIwNjQxRTkzQUVD
NDAwQkVCNTE0MEM0REE2QjQwMUMwOEQ0NDA3QTdBNjk0MDZGOTVERTNGNEZD
REMxM0ZEQjk4NjI0MEVBMzAyMzQwRjEyNUQ1M0Y1NEM2MEM0MEI0QzBGMDNG
NjkwNThGM0Y0QThFQzEzRkJGQThDOTNGOUFEODZFM0Y4QTQ2ODEzRjUzNkI0
QjNGNjVEQTJGM0YyMEU3MzkzRjk2NDkzOTNGQ0FCRUUwM0VCRTEyMDgzRkRF
N0FGNDNFOUM1QTJDM0ZDODI0NEMzRjFBNkVFQzNFMkFBOUI0M0U3NDgzREQz
RUI5RTg5ODNFODcwRjA2M0ZBNzE5RDMzRQ==

--SBD.Boundary.605592468
PROCESS /noc/users/iridburst/exec/irid_300224010734970_upd.pl
Last Run  ----1970-01-01 00:00:00 
MONTH  5 
DATA  xxrecord 2012-05-15 12:00:05 :: $W5M5A,120515,120005,660d0028449ce246,1,DAS 2,4901.3308N,1623.1146W,12.7,47,16.0,14.1,11.0,65.4,4.8,11.1,65.9,5.0,1031.2,2.74,4.58,12.5,354,31*6E
 
INSERT
STATION sbdservice
IRID_ID 300224010734970
BODY 
Content-Type: application/x-zip-compressed; name="SBMmessage.sbd"
Content-Disposition: attachment; filename="300224010734970_003312.sbd"
Content-Transfer-Encoding: base64

JFc1TTVBLDEyMDUxNSwxMzAwMDUsNjYwZDAwMjg0NDljZTI0NiwxLERBUyAy
LDQ5MDEuMzQ5ME4sMTYyMy4xNjU1VywxMC4wLDU1LDEzLjIsMTQuMSwxMS4x
LDYyLjAsNC4xLDExLjIsNjIuOCw0LjMsMTAzMS4zLDMuMTMsNC40LDExLjEs
MzQ5LDI5KjVCDQoNCiRXNU01QSwxMjA1MTUsMTMwMDA1LDY2MGQwMDI4NDQ5
Y2UyNDYsMixEQVMgMiwxNC40LDE0LjUsMC4yLDAuNCwwLjAxLDEwMTUsMTAy
MiwxNTYsNjI4LDAsNzYuMSwxNC4yNyw5MjUqNTUNCg0KJFc1TTVBLDEyMDUx
NSwxMzAwMDUsNjYwZDAwMjg0NDljZTI0NiwzLDdGMDA3NTAyM0EwMDAwNTMz
MjMwMzEzMjMwMzUzMTM1MzEzMjM0MzAzMDMwNTU1QjAwMzEzMjMwMzUzMTM1
MzEzMjM0MzAyQzU0NDE0MjMwMzAzMDMwMzAyQzJEMzAzNTMxMkUzMTJDMkMz
MTMzMkUzODM0MkMzNDJFMzAyQzMzMzYzMDMwMkMzNjMwMkMzNjMwMkMzMTJD
MzAzMDM1MzczMDJDMzMyRTM0MzIyQzMxMkUzMjM2MkMzMTM4MzAyQzMwMkMz
MDJFMzEzNjMzMkMyQjMwMzAyRTMwMEQwQUVGMTBGQzQ2QTVGNjdGMDA2NzAy
M0EwMDAwNTczMjMwMzEzMjMwMzUzMTM1MzEzMjM0MzAzMDMwRkY0RDAwMDA4
MEZCNDQwMEMwMDA0NDAwMzBGMjQ3MDAwMEMwNDJENEVCRkUzRkFBQTkwNTQx
MEVFNzhDNDA5NzlDNDg0MDM5NTAyNzQxQ0UzQzc0NDA0QTVCMjQ0MTgzQkUw
MTQxMURDNzMxNDFEN0U5MzQ0MUVBOEU0QzQwMjQ2RkFFNDNBNTA4RUE0MTVB
Q0REQTNDRUYxRUU5MDlFNUY1N0YwMjY2MDIzQTAwMDA0QjU2NDgyMDM3MzIz
MDMxMzIzMDM1MzEzNTMxMzIzNDMwMzAzMDJGMDAwMDAwQjgxRTg1M0QwQUQ3
QTMzQjI1NkZBRTQzQTQwOEVBNDFDMjVFNjI0MUE5RUVFQzQxODM1OEU0NDA2
NEU1REM0MTVCRUFCMTQzODExMzAwNDJERjk4QUY0MzE1MTNFQzQxNEQxM0Iw
NDNBRTZGQTk0MTc5OTRBRTQzRTlBOEE0NDE0MEZCQUI0M0NGNzJDMTQxNzkz
QkFDNDMwQTg2RDE0MUQwODJBQjQzRTJDMkY2NDE0NDUwQUE0MzdFRjkwRDQy
NjRGN0E5NDNGQzE0RkE0MTJEMDRBOTQzQzQzQ0QzNDFFNkQ1QTg0M0Q4REJE
MzQxMDBEQ0FBNDNDMTJEREE0MTY0Q0ZBQzQzRDgzRURFNDE0QkEwQUM0Mzgz
MzgwNjQyRjFGRkE4NDMxNjBFMjI0MjJFNjdBNjQzQjE2OTFGNDJENUZCQTg0
Mzg5QjMxNzQyMTIwNUIwNDNCODlDMUU0MjE2QzNCMjQzNTFEMDIzNDI5NDcz
QjA0MzI5OTIyODQyMTk5Q0FDNDMzMDc5M0I0MjJFQjlBNDQzQTA5RjQ5NDJC
RDQ4QTM0Mzk1Mzg1MTQyQkJGRUE3NDM2NzY0NEI0MkUyRDBBQTQzQUMyQzMy
NDJBQkQ3QUQ0MzY0NDgyQTQyMEM5QUIwNDM0RUE0NDU0MjQ2RjNBQzQzRTYw
MTQ3NDI0MDZDQUY0MzBDNzg0MzQyOEQ2NkIxNDNEODQ3NDU0MjcyMjVCMDQz
RTg1MjQ5NDIwNkE4QUY0MzlCMTU2NTQyNDg4OEIwNDM0QjQ2Nzk0MjkxMTNC
MTQzMkUwRTVENDJDOTE4QjI0MzU5NUY1NjQyQTRCRkQ5M0Y1NzA1NjA0MkY0
RjEwQjQxOThBRDY3NDIwRDRFMEE0MUQzNDE3ODQyNkJGQkIyNDM3RTVCODQ0
MjI5Njg4NjQxMTlBMjhENDI3M0RDOTI0MkM1NDY4ODQyRjVFMzhDNDJDM0ZG
NzU0MkE3NEUzNzQyNDBGNzgxNDI1OTZDQUQ0M0UzQkQ4QTQyMjNCNkE4NDM5
OTAyOEM0MjI5MTI2NTQwMkRCRUNBNDAzM0JFQzE0MDhGNTVBNDQwNzRGNDkw
NDFCMTRGQTc0MUQ4N0RDNjQwRDE3Q0FBNDAyQzcyRDM0MEQxRTEyRjQwRDAx
OUJCNDAyNzlCQjI0MEYyQkM1ODQwMUNFODkwNDA4OEZGN0M0MEMxOTZGRjNG
OTkzMDlBM0YwQ0I2QjkzRjYzOURFQzNGNUQ2MjhFM0YxRDY3OTIzRjgxRTg4
OTNGOThDQjVEM0ZDNjQyNDEzRjQxMEU1MjNGRkEwMkU1M0UyRTcyNDQzRjNF
OTExNjNGOTdCRjhDM0U1OTkyMDEzRkE1OUIyNjNGNDcyRTJGM0Y4NEE5NDMz
RkM4QjlGRTNFMzUwRUNDM0Q3MUFDMDYzRkZFRTZGODNFNkExREQyM0UxQTY2
QzEzRUU2QjVBQTNFMDQyMkE4M0VBMjI2NzgzRTg1RUU0MjNFMURBMDlEM0U1
NTEyNzgzRTEzRjMyNzNFMDMwMDI4M0U4Qg==

--SBD.Boundary.605592468
PROCESS /noc/users/iridburst/exec/irid_300224010734970_upd.pl
Last Run  ----1970-01-01 00:00:00 
MONTH  5 
DATA  xxrecord 2012-05-15 13:00:05 :: $W5M5A,120515,130005,660d0028449ce246,1,DAS 2,4901.3490N,1623.1655W,10.0,55,13.2,14.1,11.1,62.0,4.1,11.2,62.8,4.3,1031.3,3.13,4.4,11.1,349,29*5B
 
INSERT
STATION sbdservice
IRID_ID 300224010734970
BODY 
Content-Type: application/x-zip-compressed; name="SBMmessage.sbd"
Content-Disposition: attachment; filename="300224010734970_003313.sbd"
Content-Transfer-Encoding: base64

JFc1TTVBLDEyMDUxNSwxNDAwMDUsNjYwZDAwMjg0NDljZTI0NiwxLERBUyAy
LDQ5MDEuNDAxN04sMTYyMy4xOTA0VywxMC44LDUyLDEzLjUsMTQuMSwxMS4w
LDYyLjEsNC4xLDExLjEsNjMuMCw0LjMsMTAzMS4xLDIuODIsNC43OSw5LjUs
MzUwLDMyKjU3DQoNCiRXNU01QSwxMjA1MTUsMTQwMDA1LDY2MGQwMDI4NDQ5
Y2UyNDYsMixEQVMgMiwxMy44LDEzLjksMC4yLDAuNCwwLjAxLDEwMTYsMTAy
MywxNTYsNjI4LDAsODcuNiwxNC4yNyw5MjgqNTQNCg0KJFc1TTVBLDEyMDUx
NSwxNDAwMDUsNjYwZDAwMjg0NDljZTI0NiwzLDdGMDA3NTAyM0EwMDAwNTMz
MjMwMzEzMjMwMzUzMTM1MzEzMzM0MzAzMDMwNTU1QjAwMzEzMjMwMzUzMTM1
MzEzMzM0MzAyQzU0NDE0MjMwMzAzMDMwMzAyQzJEMzAzNTMxMkUzMTJDMkMz
MTMzMkUzMjM5MkMzNDJFMzAyQzMzMzYzMDMwMkMzNjMwMkMzNjMwMkMzMTJD
MzAzMDM1MzczMDJDMzMyRTM0MzIyQzMxMkUzMjM2MkMzMTM4MzEyQzMwMkMz
MDJFMzEzNjM2MkMyQjMwMzAyRTMwMEQwQUYzMTA3RDI5NkZEQjdGMDA2NzAy
M0EwMDAwNTczMjMwMzEzMjMwMzUzMTM1MzEzMzM0MzAzMDMwRkY0RDAwMDA4
MEZCNDQwMEMwMDA0NDAwREMwMjQ4MDAwMEM0NDI0NzI2RjUzRjY2M0EwMzQx
QjIzQzk5NDBGMDYyMzQ0MENEOTAxOTQxOEFGMjU4NDA0MjhBMUQ0MUVDNzVG
ODQwODY2MTE4NDE0NDc2MkI0MTg4RkIzRjQwNzREOEFFNDNCNkI2MDA0MjND
RkVCRDNDNjExRTA2ODgxRUIyN0YwMjcyMDIzQTAwMDA0QjU2NDgyMDM3MzIz
MDMxMzIzMDM1MzEzNTMxMzMzNDMwMzAzMDMwMDAwMDAwQjgxRTg1M0QwQUQ3
QTMzQjc1RDhBRTQzQjNCNjAwNDIwOEM2RTc0MDlDODMwNTQyMkQxNEVFM0ZE
N0IwMjA0MjJFQjNCMTQzMTNERDA4NDIzQzVFQjI0M0RCNzRGMTQxMUZGOEIx
NDMyQjJBRTE0MTAwRTBBRjQzOEJBREVFNDFGNjc1QUM0M0UwM0YwNTQyOTg0
MEFENDM1MTlBQ0Y0MTUyQ0NBRTQzNkQ3REJBNDFBQzczQUQ0MzU5QjBEQzQx
NTczQ0E5NDM3NzBDMDM0MjJERjdBMzQzQ0NBRDE4NDI5NEE1QTQ0Mzk1MjUw
OTQyOTM0RUFBNDM0NTQ1REQ0MTg4ODlBQzQzNjg2QUU5NDFDMDg4QTk0MzBC
NjcwNDQyQTA2NEE4NDNBRkI0MDI0MkUyMTRBRDQzMjFCQzE0NDJBQzQ3QjA0
MzYyNzA0MjQyQkI1MUFFNDMwMTIxNTk0MjI5Q0FBRjQzQjE0NDMwNDJENkQ4
QUY0M0E0RTQwNjQyQTg5NEFCNDNGMUYxMEM0MkZEMjdBQTQzQjU4NzFDNDIx
MDY4QUU0MzczRDEyNDQyMzg2OUIyNDM1NTUwMkQ0MkE0NDBCMzQzODg2NzJE
NDI4Njk0QjE0MzhFMjUyNjQyQ0ZEQUIyNDM0M0ZCMjk0MjAzNjJCMjQzMDU4
NjI3NDI3MjMwQUU0MzU3NkEyMDQyQjc4RUFFNDNGNkEyMjg0MjQxOEQ5MDNG
RTMwOTI0NDJDMzFGQUQ0MDFBQjc0MDQyMUYzNEIyNDNBMzI5NjM0MjgxMjFB
RTQzQUQyNzVBNDIyMjc4QjE0MzVGMUY1NjQyNUU5QUIzNDNDQjM4NUE0MkVE
OUY1MDQxNkZBMjVDNDJFMTg2REM0MUY3RkE1QjQyRUQyNDY2NDFEM0JCNjk0
MkUwRUYwOTQxMERDNTc2NDJFNjhEMTc0MjZERDY4MDQyQ0JEMDgwNDJCNjk4
ODI0MkZCMkY2NzQyREJENTg2NDJDODdCNjk0MkFCNEE4MzQyMjA1QjZDNDIx
Q0I1ODg0MjQyOUIxRTQyRjBBRTkxNDJEM0YzRTczRjdGQjBDQjNGRUY4MzlF
NDAxRTk4MkY0MTkzM0YyQjQxRTVBMUQ2NDBGQ0I5QjM0MEIxMzhGNzQwRDc3
NzNGNDFFOTFBQjQ0MDNCQzI2MzQwMkM0RTA1NDA5NzYzNzg0MENGQUQ4MjQw
QTQyN0EyNDBCOUIzMTE0MEIyMjYxNDQwMkE2RjA0NDAxMTdGODQzRjU3MEY4
NDNGQ0REMTUwM0Y0ODZEOTczRjk0RjM5MTNGMTEyMjg0M0YyOUE0N0MzRjRD
NzU0MTNGRjg1RjJFM0ZENEZFRDYzRkI1MEI3MTNGMDg1MzJGM0ZDQTQ3MTMz
RjNBMDBGRTNFMDZGQjA1M0ZBMUZGMDAzRkI1RTA4MjNFNzkxNkFBM0UzREJG
QUEzRTdCNkE4MjNFNDZFQ0Q0M0U2NTVBQTUzRTc5NzMwOTNFQTc3MTMxM0Uz
MkFDMjUzRTFBRkIwNzNFRjBDNUY3M0Q0NQ==

--SBD.Boundary.605592468
PROCESS /noc/users/iridburst/exec/irid_300224010734970_upd.pl
Last Run  ----1970-01-01 00:00:00 
MONTH  5 
DATA  xxrecord 2012-05-15 14:00:05 :: $W5M5A,120515,140005,660d0028449ce246,1,DAS 2,4901.4017N,1623.1904W,10.8,52,13.5,14.1,11.0,62.1,4.1,11.1,63.0,4.3,1031.1,2.82,4.79,9.5,350,32*57
 
INSERT
STATION sbdservice
IRID_ID 300224010734970
BODY 
Content-Type: application/x-zip-compressed; name="SBMmessage.sbd"
Content-Disposition: attachment; filename="300224010734970_003314.sbd"
Content-Transfer-Encoding: base64

JFc1TTVBLDEyMDUxNSwxNTAwMDUsNjYwZDAwMjg0NDljZTI0NiwxLERBUyAy
LDQ5MDEuNDU0MU4sMTYyMy4yMDA1Vyw5LjUsNjIsMTMuMCwxNC4yLDExLjAs
NjMuNCw0LjQsMTEuMiw2NC4wLDQuNiwxMDMxLjEsMi44Niw0LjEyLDEyLjUs
MzUxLDMwKjVCDQoNCiRXNU01QSwxMjA1MTUsMTUwMDA1LDY2MGQwMDI4NDQ5
Y2UyNDYsMixEQVMgMiwxMy44LDEzLjksMC4yLDAuNCwwLjAxLDEwMTcsMTAy
NCwxNTYsNjI4LDAsMTI0LjUsMTQuMjcsOTE0KjY3DQoNCiRXNU01QSwxMjA1
MTUsMTUwMDA1LDY2MGQwMDI4NDQ5Y2UyNDYsMyw3RjAwNzUwMjNBMDAwMDUz
MzIzMDMxMzIzMDM1MzEzNTMxMzQzNDMwMzAzMDU1NUIwMDMxMzIzMDM1MzEz
NTMxMzQzNDMwMkM1NDQxNDIzMDMwMzAzMDMwMkMyRDMwMzUzMTJFMzEyQzJD
MzEzMzJFMzIzOTJDMzQyRTMwMkMzMzM2MzAzMDJDMzYzMDJDMzYzMDJDMzEy
QzMwMzAzNTM3MzAyQzMzMkUzNDMyMkMzMTJFMzIzNjJDMzEzODMyMkMzMDJD
MzAyRTMxMzYzNjJDMkIzMDMwMkUzMDBEMEFGNTEwMjI5M0FCNjE3RjAwNjcw
MjNBMDAwMDU3MzIzMDMxMzIzMDM1MzEzNTMxMzQzNDMwMzAzMEZGNEQwMDAw
ODBGQjQ0MDBDMDAwNDQwMEEwMEM0ODAwMDBCRTQyRThDRUUzM0ZEQ0YzMDY0
MURGRDI4MzQwN0NENTM2NDA0NTE3MkE0MUZCMTU2ODQwNkRENTI4NDE0NTQw
MDc0MTAwMDA0ODQxMEJEMTQ1NDE0OTYzM0Q0MDgyNTBBRjQzNjQ4MUYxNDE3
NEZGQjgzQzc5MUQ0ODY0MEQ5QjdGMDI3MjAyM0EwMDAwNEI1NjQ4MjAzNzMy
MzAzMTMyMzAzNTMxMzUzMTM0MzQzMDMwMzAzMDAwMDAwMEI4MUU4NTNEMEFE
N0EzM0I4MzUwQUY0MzYxODFGMTQxMEZFM0IyNDFFOEUyMTc0MkIxMUQ1RTQx
ODg5RjE4NDJGRjlFQTQzRjc2MTFFNTQxQjI3Q0IyNDM5OTU2QkQ0MTgxMTVC
MTQzRTFBM0MzNDEyQUMxQUY0M0M4NjFEMDQxOTRCRkFENDNBNjkwRDk0MUVF
QzJBQTQzMEI4NkUyNDE2MkQ5QTk0M0MwMTZFOTQxODdDRUE5NDM3OUJDRjA0
MTA5QjJBODQzMkIyOUY0NDEyQzUxQTY0M0UyQ0EwMDQyOTZFREE1NDM2RDQ4
RjA0MTUzMzRBODQzQTA2REUzNDE4RkM4QUE0M0YzQjMwMTQyOTlBNUFFNDNE
RkIyMTk0MjBFQ0NCMTQzMjA2QzMzNDIzNEQ5QUQ0MzNDOEY0QTQyM0NBMEE4
NDNCOTc3MjE0MjE4MzJBQTQzODAxQTBBNDJBNDk2QUM0MzVFQzAyNzQyMUY5
N0E3NDM0NTc0NTM0MjY4NjVBNzQzQTk2OTU4NDIwODU2QjI0M0NFRUE0NDQy
MzM1OUM0M0ZDRjM2MzQ0MkQ1NDVEMDQwMjZCQTI0NDI2QjYzRDE0MEQ4M0Ex
NzQyNjg3ODE1M0Y4MDcwM0M0MkQ3OTBBQzQzRUMzRTRCNDIzQTYwQjA0M0ZC
QkIzMDQyNzkzNEIzNDNFOTRGMzk0MjFFQzZCMDQzQTZCQzQ1NDJDOTU5QjA0
MzVBQjU0MzQyRkQ2QUIxNDNGODdDNjg0MkEyMjlBNzQzODI4NDg1NDI3RDY3
QTY0MzA4MDQ3RTQyQjVGRDQ2NDE5ODJDODQ0MkM0REIyNTQyQkUzOTdDNDJF
QUY4Mjk0MkVDOTI3NDQyOTcyQzAzNDI1QkMxNzk0MkRCQjAyQjQxMDI4OTgz
NDI0NkY3QUE0MTA4NjE4NjQyMjVGNEIwNDM5MzYwOEQ0MjFGMTZBMjQzMjZE
RDhGNDI3RjVFQTY0MzA5MUM5NjQyNTZGMjQ1NDIyQzcwOTk0MjVBOEE2QzQy
MkUxNTk3NDIzODMzNDk0MjYyNEU5NjQyRjZERDhFM0YyODE2QjgzRkE0NjYw
RDQxQTE0MkEzNDEwQjU5NEY0MTdENjQxQTQxRUEzRjExNDE4OTBEQ0I0MDBE
NzYzQjQwNjI4ODYwNDBCOUNGOEU0MEI5QkI0MjQwRDA4ODBBNDBGRTQ5MkY0
MDRDN0UwNTQwQkM0MkYyM0YxQzQ0N0IzRjEyRTAwQjNGMUFCNDZEM0Y0QkM1
MDY0MDIwNzU3NTNGQUJCNjJCM0ZFNkU4MDAzRkMxNDMxRTNGMTlDOTdCM0ZG
OTFEMUYzRjRGNzU1NzNGMjgyRERCM0U1NzMxOUIzRTJBRjRFMTNFMTU0RDk3
M0U0NzZBMzQzRURFNzMzNjNFQjdBRTQxM0VCQTA2OEYzRUZCRkM2MTNFMDRE
NzZFM0U2RjI5ODMzRTI0QTI2OTNFNjdCOTE0M0UwODY3MjMzRTU2NEZCRjNE
NzlBRDA5M0VFQjA0QkEzRUI0QjY2RTNFQg==

--SBD.Boundary.605592468
PROCESS /noc/users/iridburst/exec/irid_300224010734970_upd.pl
Last Run  ----1970-01-01 00:00:00 
MONTH  5 
DATA  xxrecord 2012-05-15 15:00:05 :: $W5M5A,120515,150005,660d0028449ce246,1,DAS 2,4901.4541N,1623.2005W,9.5,62,13.0,14.2,11.0,63.4,4.4,11.2,64.0,4.6,1031.1,2.86,4.12,12.5,351,30*5B
 
INSERT
STATION sbdservice
IRID_ID 300224010734970
BODY 
Content-Type: application/x-zip-compressed; name="SBMmessage.sbd"
Content-Disposition: attachment; filename="300224010734970_003315.sbd"
Content-Transfer-Encoding: base64

JFc1TTVBLDEyMDUxNSwxNjAwMDUsNjYwZDAwMjg0NDljZTI0NiwxLERBUyAy
LDQ5MDEuNTA0ME4sMTYyMy4yMDkzVyw3LjksNjgsMTAuOSwxNC4yLDExLjEs
NjEuNCw0LjAsMTEuMiw2Mi4zLDQuMywxMDMxLjAsMy41OSw0LjkxLDEyLjUs
MzU2LDIyKjVBDQoNCiRXNU01QSwxMjA1MTUsMTYwMDA1LDY2MGQwMDI4NDQ5
Y2UyNDYsMixEQVMgMiwxMy44LDEzLjksMC4yLDAuNCwwLjAxLDEwMTgsMTAy
NSwxNTYsNjI4LDAsNTQuMSwxNC4yNyw5MTcqNUINCg0KJFc1TTVBLDEyMDUx
NSwxNjAwMDUsNjYwZDAwMjg0NDljZTI0NiwzLDdGMDA3NTAyM0EwMDAwNTMz
MjMwMzEzMjMwMzUzMTM1MzEzNTM0MzAzMDMwNTU1QjAwMzEzMjMwMzUzMTM1
MzEzNTM0MzAyQzU0NDE0MjMwMzAzMDMwMzAyQzJEMzAzNTMxMkUzMTJDMkMz
MTMzMkUzMjM4MkMzNDJFMzAyQzMzMzYzMDMwMkMzNjMwMkMzNjMwMkMzMTJD
MzAzMDM1MzczMDJDMzMyRTM0MzIyQzMxMkUzMjM2MkMzMTM4MzMyQzMwMkMz
MDJFMzEzNjM3MkMyQjMwMzAyRTMwMEQwQUY3MTBBOTlCQ0IxRDdGMDA2NzAy
M0EwMDAwNTczMjMwMzEzMjMwMzUzMTM1MzEzNTM0MzAzMDMwRkY0RDAwMDA4
MEZCNDQwMEMwMDA0NDAwNjQxNjQ4MDAwMEFBNDIyNTE5MEU0MDc1ODIxNzQx
QTYyQjlENDAyMDEzNjY0MDQwODgzOTQxNzExQjhCNDA4NUI1NDE0MTU5Qjcx
NTQxMDAwMDQ4NDE3REMyNDc0MTI2ODY2OTQwN0MwRUIyNDMzRTY3QUY0MUZG
OEExRDNENzYxOEI0M0MzRDkyN0YwMjM2MDIzQTAwMDA0QjU2NDgyMDM3MzIz
MDMxMzIzMDM1MzEzNTMxMzUzNDMwMzAzMDJCMDAwMDAwQjgxRTg1M0QwQUQ3
QTMzQjdDMEVCMjQzM0Y2N0FGNDE2MDhEQ0E0MEU5QUJCMTQxMDgzMDA4NDE2
MzYwOTg0MTZBMjhERTQwMzdEQTg2NDFENTE1Mjc0MEI3QTQ2RjQxNDY5RkIx
NDMxQ0JCOEE0MTNBRUNBOTQzREVGMUIxNDEwQURFQTg0MzJFQjdENjQxNUND
OUFDNDMxRjUwRUE0MTA5N0VBRjQzQ0FBMUNCNDE0QjcwQUM0MzRFOTNDRjQx
MDk5REE2NDM1NjNCRDQ0MURFQ0VBNDQzNzRFM0U4NDE3OUZFQTk0MzdENTEw
RTQyMjU1NUFFNDMwM0Y0MEY0MjlDNDdCMTQzQUY5QzBCNDIwNjU4QjE0Mzg0
RDcyQjQyQjgzOEEzNDNERDc0M0U0Mjk3NjFBNDQzQjI0MTNBNDJCRDUzQUM0
MzhCOUYxQTQyODE3MUFFNDM1RTkxMDQ0MjFDMDBBRDQzQkREMzE5NDIzMDQy
QTg0M0U3MzgzMTQyMzQ3NEFCNDMyNURDMkE0Mjg4QThBRjQzMkUxODFBNDI4
NUM3QUY0M0E2RjcxODQyMDU5RkFENDMxREJGMUU0MkY4NkNBQzQzNDY3RTIy
NDI5ODIwQUY0M0E3RjAyOTQyN0Q3NDgwNDA2MEE1M0M0MkMxQkMwRjQxRDM5
NjM2NDI0QUEwREI0MEQ1RkUyQjQyRjVCQkRFNDAzQzE3NDM0MjVGNjIyNTQw
MjYyRTcxNDIxRjVDNDc0MUIzQUY2RDQyOTY1RTU4NDE0QTlGNzY0MkY1MjIw
MTQxMjJDRDg2NDJGOEU4Mzg0MTlDNzI3MjQyMDYwMjk4NDEyREEzNjU0MjRE
QzVDQTQxOEUwMTg0NDJGODM1QjM0M0ZGOTE4RTQyRUE5M0MwNDE2REExOEM0
MjBCOTI3MTQyMjQ4MDc0NDI1MTU0ODY0MkIxNkI2OTQyOTMzMUE5M0Y5OTgy
Mjg0MUU5NzlCQzQxNzUwMjM3NDJBMUQ3Q0U0MTE0NkUxMjQxQjQ3OEJBNDA0
MEIyNjY0MDZCMUQyNjQwNDREMjkzNDAyMjREOTA0MEQxRDM4MTQwNjA1RkQx
M0YzMDgzMDM0MDE5QzBFRjNGODBBODFBM0Y1MkM0NDIzRkM4MDIzQjNGMzY4
MkRGM0Y0QkY2RDMzRjZDRkNDQTNGQTU4NTNFM0ZBNTA3MTczRkZCQTE3MzNG
NjhEQTQ5M0ZFRDFFOEUzRjBBRTg0NTNGQjg1RjJBM0ZDNTIwRjQzRTYwRUNF
MTNFMkJGQkJCM0U4MzgyMkIzRTVCQ0Y0QzNFOTlCNzU0M0U5NkREOEMzRTlD
RTQyRDNFMzZCNzg1M0UzMzVDQTIzRTY4MUQ4MDNFNTY0OTlBM0VDNkNGODcz
RTg0QTg3MDNFMDc0QTNBM0VCOUNCOEU1MCo2RA0KDQo=

--SBD.Boundary.605592468
PROCESS /noc/users/iridburst/exec/irid_300224010734970_upd.pl
Last Run  ----1970-01-01 00:00:00 
MONTH  5 
DATA  xxrecord 2012-05-15 16:00:05 :: $W5M5A,120515,160005,660d0028449ce246,1,DAS 2,4901.5040N,1623.2093W,7.9,68,10.9,14.2,11.1,61.4,4.0,11.2,62.3,4.3,1031.0,3.59,4.91,12.5,356,22*5A
 
INSERT
STATION sbdservice
IRID_ID 300224010734970
BODY 
Content-Type: application/x-zip-compressed; name="SBMmessage.sbd"
Content-Disposition: attachment; filename="300224010734970_003316.sbd"
Content-Transfer-Encoding: base64

JFc1TTVBLDEyMDUxNSwxNzAwMDUsNjYwZDAwMjg0NDljZTI0NiwxLERBUyAy
LDQ5MDEuNTY4Mk4sMTYyMy4xNzQ1Vyw3LjMsODMsMTAuNCwxNC4zLDExLjIs
NTkuNSwzLjYsMTEuMyw2MC42LDMuOSwxMDMwLjgsMy4zMSw1Ljc5LDExLjgs
MzUzLDI0KjUxDQoNCiRXNU01QSwxMjA1MTUsMTcwMDA1LDY2MGQwMDI4NDQ5
Y2UyNDYsMixEQVMgMiwxMy44LDEzLjksMC4yLDAuNCwwLjAxLDEwMTksMTAy
NiwxNTYsNjI4LDAsMTAyLjgsMTQuMjcsOTIzKjY0DQoNCiRXNU01QSwxMjA1
MTUsMTcwMDA1LDY2MGQwMDI4NDQ5Y2UyNDYsMyw3RjAwNzUwMjNBMDAwMDUz
MzIzMDMxMzIzMDM1MzEzNTMxMzYzNDMwMzAzMDU1NUIwMDMxMzIzMDM1MzEz
NTMxMzYzNDMwMkM1NDQxNDIzMDMwMzAzMDMwMkMyRDMwMzUzMTJFMzEyQzJD
MzEzMzJFMzIzOTJDMzQyRTMwMkMzMzM2MzAzMDJDMzYzMDJDMzYzMDJDMzEy
QzMwMzAzNTM3MzAyQzMzMkUzNDMyMkMzMTJFMzIzNjJDMzEzODM0MkMzMDJD
MzAyRTMxMzYzNzJDMkIzMDMwMkUzMDBEMEFGQTEwNDdBNkY4NUU3RjAwNjcw
MjNBMDAwMDU3MzIzMDMxMzIzMDM1MzEzNTMxMzYzNDMwMzAzMEZGNEQwMDAw
ODBGQjQ0MDBDMDAwNDQwMDI4MjA0ODAwMDBBODQyOTVBRTBCNDAxNzEwMTk0
MTlBNTVCOTQwOUQxOTU0NDBBNzlDMzY0MTA3MDk4NTQwRUNERDM4NDFFOUYw
MTc0MTNDM0MzQzQxMDI4NzQ0NDE4QTVFNjA0MDhDNzNCMDQzMTdFRUMxNDEz
NEE5MTUzRDdGMUE0RjhDNjNDRDdGMDIxRTAyM0EwMDAwNEI1NjQ4MjAzNzMy
MzAzMTMyMzAzNTMxMzUzMTM2MzQzMDMwMzAyOTAwMDAwMEI4MUU4NTNEMEFE
N0EzM0I4RDczQjA0MzE1RUVDMTQxNjY1RjRENDE3Q0RGQjM0MUE0ODcwNjQw
NTA4NkEwNDFEMjNGQjM0MzYwNjlCMDQxNzA1RkIzNDM2MDI0QUE0MUJBRjFC
MjQzREUzNTlBNDFDNTEwQjA0M0E2QjFBMDQxMjRGRUFENDMyODEzQjc0MUQw
NTNBQzQzRjhCNERGNDFDODU1QTg0M0ZEQkNFMDQxODI3NEE2NDM5QzBFRDk0
MTdCNTlBOTQzNzQ5MEU1NDFBRDU5QUI0M0UxMjFFNzQxMzA3NUE5NDMxNUEx
Q0U0MTBCNDRBQTQzRkRBNkNENDExRjRBQUI0MzQ3RTRFRjQxMDA4N0FCNDNB
MDE0MEU0MjEzQjFBOTQzQzU2NzJDNDJENDMxQTc0MzUzM0U0MzQyMUNEMkE5
NDM4QTZEMkY0MkJFOURBQzQzREJCQTE5NDI5NjM0QUE0Mzc1RjIxNDQyODkw
Q0E5NDMzQ0FEMkE0MjczNjlBRDQzMDhEMzQyNDI3MjI1QjI0M0M3MkYxRDQy
QjU3RUIwNDM0MzNGRkI0MUNCNkNBOTQzOTYyOTExNDI1MTU3QTQ0MzYzODgy
RDQyREI0MUE2NDM2NTQwNEY0MjE3QzJBQTQzNDdFRTc1NDJGNDM4QUQ0MzE2
RTY4NDQyNDVENEIyNDM4QTI0ODM0MjhGRTZCMjQzRkIyQTc1NDI2NUNCQTk0
M0E4QjY0QjQyNTMyNUE4NDNGOEM4M0U0MjM5RUNBODQzNTIxQzYzNDJEMkNE
QUI0MzQyMjE3RTQyRjVCREIzNDMxQURCNzI0Mjc2MTkyMzQwMDA3MTY2NDJE
QUM4MUYzRkE2OEU3OTQyRkU0ODdEM0Y5MTZBOEE0MkI4RjFBMDQzRjEzNzhG
NDIzNDMzNTc0MDZCQjc2NDQxMjNGOTlDNDFBNzg1QkE0MTE1NURCRjQxMzBD
MDY3NDE5NTEzMjE0MTU5OUM5MzQwMzJERjkwNDBGQzY4QTc0MDJDQUI2RTQw
NjFCNTI1NDBBNzdCMjI0MDcwNTc0ODQwQTZGRjA3NDA3MzBDQjczRkVFNEUz
NTNGNjk0OENEM0UyNzUzNEUzRkNGRkUzQTNGNEVFMjZFM0YzOEJDQUUzRjk1
OTM1QTNGQUI1MjU0M0ZGRDZEODgzRkQyNzREOTNFNDBENjFCM0YwMjVBMkYz
RTRENUQ0QjNFOTAyQzUxM0UwRUJDNjUzRTI0REEzQTNFRjQ3MjZEM0VEREIy
OEQzRTZFN0I1NDNFMjI5NjkxM0VDOUVDOUUzRUE4MzBBNDNFNzc4ODgxM0Ux
M0QyMjUzRTlBNUVCRDNEQkFFREYxMjYqNkENCg0K

--SBD.Boundary.605592468
PROCESS /noc/users/iridburst/exec/irid_300224010734970_upd.pl
Last Run  ----1970-01-01 00:00:00 
MONTH  5 
DATA  xxrecord 2012-05-15 17:00:05 :: $W5M5A,120515,170005,660d0028449ce246,1,DAS 2,4901.5682N,1623.1745W,7.3,83,10.4,14.3,11.2,59.5,3.6,11.3,60.6,3.9,1030.8,3.31,5.79,11.8,353,24*51
 
INSERT
STATION sbdservice
IRID_ID 300224010734970
BODY 
Content-Type: application/x-zip-compressed; name="SBMmessage.sbd"
Content-Disposition: attachment; filename="300224010734970_003317.sbd"
Content-Transfer-Encoding: base64

JFc1TTVBLDEyMDUxNSwxODAwMDUsNjYwZDAwMjg0NDljZTI0NiwxLERBUyAy
LDQ5MDEuNTY5MU4sMTYyMy4wNzYzVyw3LjgsODEsMTAuMSwxNC4zLDExLjEs
NTkuMSwzLjQsMTEuMiw2MC4wLDMuNywxMDMwLjcsMy4zMSw1LjM5LDEyLjUs
MzU5LDI1KjU3DQoNCiRXNU01QSwxMjA1MTUsMTgwMDA1LDY2MGQwMDI4NDQ5
Y2UyNDYsMixEQVMgMiwxMy44LDEzLjksMC4yLDAuNCwwLjAxLDEwMjAsMTAy
NywxNTYsNjI5LDAsODcuOSwxNC4yNyw5MjUqNUENCg0KJFc1TTVBLDEyMDUx
NSwxODAwMDUsNjYwZDAwMjg0NDljZTI0NiwzLDdGMDA3NTAyM0EwMDAwNTMz
MjMwMzEzMjMwMzUzMTM1MzEzNzM0MzAzMDMwNTU1QjAwMzEzMjMwMzUzMTM1
MzEzNzM0MzAyQzU0NDE0MjMwMzAzMDMwMzAyQzJEMzAzNTMxMkUzMTJDMkMz
MTMzMkUzMjM5MkMzNDJFMzAyQzMzMzYzMDMwMkMzNjMwMkMzNjMwMkMzMTJD
MzAzMDM1MzczMDJDMzMyRTM0MzIyQzMxMkUzMjM2MkMzMTM4MzUyQzMwMkMz
MDJFMzEzNjM2MkMyQjMwMzAyRTMwMEQwQUZCMTBGQTE2RDgzNjdGMDA2NzAy
M0EwMDAwNTczMjMwMzEzMjMwMzUzMTM1MzEzNzM0MzAzMDMwRkY0RDAwMDA4
MEZCNDQwMEMwMDA0NDAwRUMyOTQ4MDAwMEJDNDJFRDg1RkIzRjBCNjEwOTQx
OEQ2NUFDNDAxMUJCNTM0MDZGQ0MzNzQxQjU1MjhBNDA2OTA2M0Y0MTZENDkx
NTQxMDAwMDQ4NDE5MENCNDU0MUQ5MUM1RTQwODA0NEIzNDM2N0UzQ0E0MUM3
NzYxMjNEMjAxQ0NDQzdFRkVDN0YwMjJBMDIzQTAwMDA0QjU2NDgyMDM3MzIz
MDMxMzIzMDM1MzEzNTMxMzczNDMwMzAzMDJBMDAwMDAwOEZDMjc1M0QwQUQ3
QTMzQjgwNDRCMzQzNjVFM0NBNDE3RjU5MTk0MUNFQjVERDQxNjE2QkZDNDAz
M0Q3QzA0MUVEQTZBMzQwNTM1MUI2NDE3RDRDQzE0MDZDNjg5MTQxMzA2ODVC
NDA4QzI2ODA0MUQ1NkZCMzQzNTlENzk3NDEyRTVEQjI0MzlDMERDOTQxMDE4
Q0IxNDM3ODg4RTQ0MUExOENBRjQzQThGRUVENDFGMDI2QUY0M0FCQzFGOTQx
ODk2OUFCNDMyMTNFRTg0MTY5MDhBOTQzRDFDQkY1NDFDMDdCQTY0MzYyQUYx
MDQyNkUxOUE0NDNBOTlCMTY0MjIwNDBBNTQzNjkyQzE2NDI2REJGQTk0M0I2
MjUxRTQyQUExOEIwNDNDNzg3MkM0MjgzRUM5NjQwMEU1ODI2NDIzNUQzNjQz
RTU2QjUyNDQyMEFGOUIxNDM2MkFBMjI0MjVGNUVCMjQzRjI5NzJFNDJENDM0
QjI0M0Q2QjQzODQyNkU4Q0IwNDM0MkMwMzk0MkU2NzBCMDQzRkRBNTNFNDI1
N0IyQjA0M0I0QTE0NjQyMTVEQkIwNDNEREU4M0M0Mjk1N0FCMzQzNUYxQzJG
NDI3RDZGNTI0MEI4MzYzODQyMDYyMjU4NDBCQTA3MzU0Mjk0ODNDMzQwQzQz
MzM2NDI0MjhGQkI0MDlGNTA1RDQyNjhBMDRCNDBGNjhFNkI0Mjc4MDkwRjQx
M0NGMTUwNDI3RkU2NTc0MTM2MEI1MTQyOTY2N0JENDFEQjMzNjA0MjVCQUI5
MzQxNDhDNTY5NDIwMTFDOTY0MUFENUU2RjQyQUE2NjFGNDJEODM3NkU0MjAx
NDAxNjQyMjc3RTdGNDIyMjk3MkM0MTJBMTE4QzQyM0M4QUEzNDE2RTFBOTE0
Mjk1QkREMTQxQ0ZBQzk1NDJDNEEzNDI0MDkzRkREQTQwQjlGNkM0NDBFQTc5
ODk0MThFNjhGMDQxRTc5RUI5NDExNzA5M0M0MUJCNjkxQjQxRTIzMUEyNDAx
Qzk2NTI0MDFCQjY2NjQwNThDRDcwNDAxNDhBMzU0MEI0RjUzMDQwN0UyNjE0
NDBERDIxODYzRjNCMzE1QTNGMDI5QTU1M0YyQjE0NDgzRjhBRDlBRDNGNUU3
MDkyM0YyNzc3QzQzRjJBOEU2NjNGMEMzNzJGM0Y0RjdBRjYzRUYxNEYwNDNG
ODc5QzQwM0Y2RkYzRTgzRTI3RkMwMTNGREIyNjAzM0Y3QUIxMzgzRTEzNEZF
MzNFM0JCMzE4M0YwRTUzMTAzRjEzRDY2RDNFMTMwRjY0M0VFM0M1QUMzRUE1
OUZCMTNFRDc4OTcxM0U1MzREQTUzRTBFOUFERDNFQzczRTQyM0U0RkFEMEQz
Nyo2OQ0KDQo=

--SBD.Boundary.605592468
PROCESS /noc/users/iridburst/exec/irid_300224010734970_upd.pl
Last Run  ----1970-01-01 00:00:00 
MONTH  5 
DATA  xxrecord 2012-05-15 18:00:05 :: $W5M5A,120515,180005,660d0028449ce246,1,DAS 2,4901.5691N,1623.0763W,7.8,81,10.1,14.3,11.1,59.1,3.4,11.2,60.0,3.7,1030.7,3.31,5.39,12.5,359,25*57
 
INSERT
STATION sbdservice
IRID_ID 300224010734970
BODY 
Content-Type: application/x-zip-compressed; name="SBMmessage.sbd"
Content-Disposition: attachment; filename="300224010734970_003318.sbd"
Content-Transfer-Encoding: base64

JFc1TTVBLDEyMDUxNSwxOTAwMDUsNjYwZDAwMjg0NDljZTI0NiwxLERBUyAy
LDQ5MDEuNTY0OU4sMTYyMi45MzY2Vyw5LjMsODUsMTIuMywxNC40LDExLjIs
NTguNCwzLjQsMTEuNCw1OS40LDMuOCwxMDMwLjMsMy42LDQuODgsMTIuNSwx
LDI0KjY4DQoNCiRXNU01QSwxMjA1MTUsMTkwMDA1LDY2MGQwMDI4NDQ5Y2Uy
NDYsMixEQVMgMiwxMy44LDEzLjksMC4yLDAuNCwwLjAxLDEwMjEsMTAyOCwx
NTYsNjI4LDAsMTIzLjYsMTQuMjcsOTIxKjYwDQoNCiRXNU01QSwxMjA1MTUs
MTkwMDA1LDY2MGQwMDI4NDQ5Y2UyNDYsMyw3RjAwNzUwMjNBMDAwMDUzMzIz
MDMxMzIzMDM1MzEzNTMxMzgzNDMwMzAzMDU1NUIwMDMxMzIzMDM1MzEzNTMx
MzgzNDMwMkM1NDQxNDIzMDMwMzAzMDMwMkMyRDMwMzUzMTJFMzEyQzJDMzEz
MzJFMzIzOTJDMzQyRTMwMkMzMzM2MzAzMDJDMzYzMDJDMzYzMDJDMzEyQzMw
MzAzNTM3MzAyQzMzMkUzNDMyMkMzMTJFMzIzNjJDMzEzODM2MkMzMDJDMzAy
RTMxMzYzNjJDMkIzMDMwMkUzMDBEMEFGRDEwMzNDMTdBQzM3RjAwNjcwMjNB
MDAwMDU3MzIzMDMxMzIzMDM1MzEzNTMxMzgzNDMwMzAzMEZGNEQwMDAwODBG
QjQ0MDBDMDAwNDQwMEIwMzM0ODAwMDBBMjQyOTVGRjEzNDBDMzQyMUY0MTY0
MDY5QzQwNjY2MjY2NDBDMEU1M0E0MUVGRUQ4RDQwRjg3QzQyNDFDM0U1MTk0
MTAwMDA0ODQxQkIyMDQ3NDEyQjhDNkU0MDg0MDAxQTNGNTY5MEMxNDFFQzk2
MjQzREQ5MUM2REZGNTZDMTdGMDI0MjAyM0EwMDAwNEI1NjQ4MjAzNzMyMzAz
MTMyMzAzNTMxMzUzMTM4MzQzMDMwMzAyQzAwMDAwMEFFNDc2MTNEMEFEN0Ez
M0I1NTAxMUEzRjU0OTBDMTQxNDdGMEEyNDE1RUExQjI0MUVBMDg5NjQxNEZF
RkEzNDE3MEM3NTQ0MTA2NkVCQTQxNUI1OEUyNDA5Qzk0Qjc0MUJBMTZENTQw
N0JBRThGNDE4QjU0QTc0MDM3RjY5QTQxNjAyN0QzM0Q4NzU5QkQ0MThCNEFC
MDQzQ0MwRUNENDFCQ0U2QUQ0M0FCM0VDQzQxNERCNEFENDM1MTQxQjg0MTM2
MUNBRDQzOEJGQkE4NDE5MTFCQUM0M0E2NjhCQjQxMzA4NEFENDMzQzg4QzU0
MTE4MURBRjQzRDdBOENBNDExMTUzQjE0M0E0OEJFNDQxNDFBNUIyNDMxRUNG
MDQ0MjRFNUJCMjNENTk5RDFBNDJFMDQwQUY0M0MwRjIzQjQyMkMyQkE5NDNG
Qjg4MzE0MkI0RTJBRDQzNzdENDI0NDIyNkNGRTQ0MDgwRDYyQTQyRTU0RUI1
NDE5MjlDMTU0Mjc4NDk4QzQxMjRCRTEyNDJDMjhGQzczRUQ2MDQyRTQyQkZC
RkIxNDNDRDA4MkU0MjVFQjBCMTQzNDdEQjIyNDI4N0VFQUY0MzZCOUMxQzQy
OEEyNUFDNDM0QThBMUI0MkZFREZBQTQzOUU5NjI4NDI0MTUyQjM0MzRGNDkz
NTQyMzVGQjUyNDFBMzY1MzQ0MjAzQTFBNzQxRkE5NzRCNDI1OTI4QzQ0MUNG
OEM0MzQyRDA2QkJGNDFDOUQ4MzI0MjMyNDlCMjQxRUZGOTM1NDI1MjcwNjY0
MUM4NzM1MDQyQ0M0RUZGM0Y4QjFBNEI0MkQ4OEI0NzQwRkNGNzRGNDIxQUVD
QjM0MzhDNEY2NDQyQjgxMzhGM0YxNzMyN0I0MkVCREExMDQxNUZFODgyNDI4
Q0QwOUI0MEJCMzA4NTQyQkNCMUFFNDNFNEVCODk0MkY5QTNBNTQzOUQ4QTg1
NDJBMDM5NjAzRjFCODhGNDQwNjFEMzAxNDExNzU3MjQ0MUQwMEJCNDQxQzUw
QkZENDE0MDRFQzI0MTI4QUU0RTQxQzFFQzBBNDE1RUJCRjA0MEI5NUJCQzQw
MjgyRDhDNDBGMTk4N0Q0MDRDMkIzRDQwMEE4QTA3NDBENjZBMUM0MDg4M0VC
RjNGQTlDNEQ0M0VFN0E0N0EzRkJDNEJFMzNGQjZBQjZBM0ZDOEQ5M0UzRjk1
Q0ExRTNGMTAzREUyM0VDNTE5MTczRkE1NUU3QTNGREZFNDFDM0YyNzJGNEYz
RjNCNDVGNTNFQ0E2OTFFM0ZENTg2MDIzRkQ5MzU2MjNFRUM0QzM2M0U2ODIy
QTYzRUJFNzE4NjNFQTkyQjg0M0UyQUQzRDgzRTEwNzUxMjNGQTFENjA4M0Y3
N0E1N0IzRTM4N0M4QzNFRThFNTQ3M0VCMUNBMEIzRTBGMUFENTNERUM0QThE
RjMqMUUNCg0K

--SBD.Boundary.605592468
PROCESS /noc/users/iridburst/exec/irid_300224010734970_upd.pl
Last Run  ----1970-01-01 00:00:00 
MONTH  5 
DATA  xxrecord 2012-05-15 19:00:05 :: $W5M5A,120515,190005,660d0028449ce246,1,DAS 2,4901.5649N,1622.9366W,9.3,85,12.3,14.4,11.2,58.4,3.4,11.4,59.4,3.8,1030.3,3.6,4.88,12.5,1,24*68
 
INSERT
STATION sbdservice
IRID_ID 300224010734970
BODY 
Content-Type: application/x-zip-compressed; name="SBMmessage.sbd"
Content-Disposition: attachment; filename="300224010734970_003319.sbd"
Content-Transfer-Encoding: base64

JFc1TTVBLDEyMDUxNSwyMDAwMDUsNjYwZDAwMjg0NDljZTI0NiwxLERBUyAy
LDQ5MDEuNTM4OU4sMTYyMi43Njk0Vyw5LjYsOTUsMTIuNiwxNC40LDExLjEs
NjMuMCw0LjMsMTEuMiw2My42LDQuNiwxMDMwLjMsMy40LDUuNjQsMTEuMSwz
NTgsMjYqNkMNCg0KJFc1TTVBLDEyMDUxNSwyMDAwMDUsNjYwZDAwMjg0NDlj
ZTI0NiwyLERBUyAyLDEzLjcsMTMuOSwwLjIsMC40LDAuMDEsMTAyMiwxMDI5
LDE1Niw2MjgsMCwzMTMuOCwxNC4yNyw5MjEqNjgNCg0KJFc1TTVBLDEyMDUx
NSwyMDAwMDUsNjYwZDAwMjg0NDljZTI0NiwzLDdGMDA3NTAyM0EwMDAwNTMz
MjMwMzEzMjMwMzUzMTM1MzEzOTM0MzAzMDMwNTU1QjAwMzEzMjMwMzUzMTM1
MzEzOTM0MzAyQzU0NDE0MjMwMzAzMDMwMzAyQzJEMzAzNTMxMkUzMTJDMkMz
MTMzMkUzMjM5MkMzNDJFMzAyQzMzMzYzMDMwMkMzNjMwMkMzNjMwMkMzMTJD
MzAzMDM1MzczMDJDMzMyRTM0MzIyQzMxMkUzMjM2MkMzMTM4MzcyQzMwMkMz
MDJFMzEzNjM2MkMyQjMwMzAyRTMwMEQwQUZGMTA2NEQyRDZBODdGMDA2NzAy
M0EwMDAwNTczMjMwMzEzMjMwMzUzMTM1MzEzOTM0MzAzMDMwRkY0RDAwMDA4
MEZCNDQwMEMwMDA0NDAwNzQzRDQ4MDAwMEIyNDJGNTREMDI0MDRDMTExMDQx
OTc5M0I0NDAyRkQ3NTk0MEE0QjIzODQxREMzMThENDA3MjlEMkQ0MTYwM0Ix
NDQxMURDNzMxNDFCRjg2MzQ0MTA0M0E2MjQwMjhGMUIyNDM0MjEyQ0Q0MTk0
NjExODNEQUIxQTY4RkI3MTk0N0YwMjJBMDIzQTAwMDA0QjU2NDgyMDM3MzIz
MDMxMzIzMDM1MzEzNTMxMzkzNDMwMzAzMDJBMDAwMDAwOEZDMjc1M0QwQUQ3
QTMzQjI5RjFCMjQzNDIxMkNENDFDMUM0OEU0MTM2MENDMjQxMkQ3MDg1NDE1
OTQyQjQ0MUIwRjc2NTQxRkUzOEM3NDFBREU3RDMzRjk0RTdDRTQxQTc1MEIx
NDM5OTExQTk0MUYwMEVCMjQzNzgzMzkxNDE2MzU3QjI0MzAzNUJBMDQxN0Yz
OEIyNDNCMThBQjc0MTVFNDRCMjQzQUY2Q0M1NDFDRkJEQjE0MzA0NTVEOTQx
REVFMEIwNDNFODhDRTE0MTU1QjdBRTQzNzkzNERFNDE2MUFGQUM0M0Q4NjZF
QjQxRTZFNUFBNDMxRjg3MUM0MjZDRENBMTQzRDA2MzQyNDJGQ0UwQTE0M0ZG
MzUyRTQyOUI0QkFDNDNEQTA5MjA0MjMxNjdBRjQwNUYzQjFGNDJCRjA2RUU0
MDgwQzMxQTQyREI3MkFGNDNERDFGMDc0MkUwNjVBRjQzMDE5QzBBNDI5MDE0
QjI0M0M5RTcyNjQyOUMyNkIzNDMzMTc1NUI0Mjk3NUZBQzQzMzY1QjVGNDJG
MEE3QUM0Mzg4QzA0RTQyMDY1MkFFNDNCRDFCNEE0MjIwMjdBQjQzMjgxNjQ2
NDJFMjc2QUM0MzQ1RDY2MTQyMTg2QURGNDFBMDQ1NTk0MjA0NUUwOTQyMUZD
RTM1NDI3OEMxQjk0MTNBRDgyNjQyODdEQjZGNDE5NUUzMkU0MkE2RTI2MjQx
MDdBQTRCNDI4NUQyNDk0MTNDNzg1NTQyQkIxNDU4NDFGOTJBNUI0MkMxODY5
QjQxRjlBNDc0NDIwNEVCMEM0MjQwMjY3MjQyQTFBOTNCNDI0RDAzNUI0Mjgz
MzQ1MTQyOERCNDcyNDIwREU0N0E0MkY3Q0Q4QjQyQTlBMjZBNDJFQThDODk0
MkRGMTE0MjQyODlBMjgzNDI1RTQ0NDY0MDQ4MTFCODQwNEQ0RkYzNDAxNzdB
NEM0MURBOTM4QTQxNjU2QThDNDEyNzhCQzI0MUMxREE4RTQxNDZDMzI0NDFE
Q0Q4NTc0MDdCMzE2NDQwNEQ5REI2NDAzRTU5OTA0MDY4N0QxNDQwQTE0OTI5
M0ZEQjI3QUEzRjJBRDZCRjNGQUYwMzhBM0ZFREIzMTkzRkMzMEFDQzNGNTQw
QzBGNDA5MTk0RDUzRkE1OUMxNzNGNjlGODNGM0ZGRUYyNEUzRkZGNTUxRjNG
RTM4OEIyM0VGOUU1QTYzRUIyQzY4RjNFRUQ0N0Q2M0UwQTVERDEzRUI3QTAw
RTNGMkVFNzBGM0Y4RTdBQjYzRTQxNDc2NjNFMjIwMzExM0VFMzMzQTEzRTc4
MTU2MDNFMTZBNERDM0RDQUVGMTczRUQ2OUM1NjNFQTJDQTYzM0VDQkEzRDkz
OSo2Mw0KDQo=

--SBD.Boundary.605592468
PROCESS /noc/users/iridburst/exec/irid_300224010734970_upd.pl
Last Run  ----1970-01-01 00:00:00 
MONTH  5 
DATA  xxrecord 2012-05-15 20:00:05 :: $W5M5A,120515,200005,660d0028449ce246,1,DAS 2,4901.5389N,1622.7694W,9.6,95,12.6,14.4,11.1,63.0,4.3,11.2,63.6,4.6,1030.3,3.4,5.64,11.1,358,26*6C
 
INSERT
STATION sbdservice
IRID_ID 300224010734970
BODY 
Content-Type: application/x-zip-compressed; name="SBMmessage.sbd"
Content-Disposition: attachment; filename="300224010734970_003320.sbd"
Content-Transfer-Encoding: base64

JFc1TTVBLDEyMDUxNSwyMTAwMDUsNjYwZDAwMjg0NDljZTI0NiwxLERBUyAy
LDQ5MDEuNDk5MU4sMTYyMi42MjkyVyw5LjgsODYsMTIuNywxNC4zLDExLjAs
NjMuMyw0LjMsMTEuMCw2NC4xLDQuNSwxMDMwLjEsMy45Nyw1LjUsMTEuOCwx
LDIzKjY5DQoNCiRXNU01QSwxMjA1MTUsMjEwMDA1LDY2MGQwMDI4NDQ5Y2Uy
NDYsMixEQVMgMiwxMy4xLDEzLjMsMC4yLDAuNCwwLjAxLDEwMjMsMTAzMCwx
NTYsNjI4LDAsMjc2LjIsMTQuMjcsOTI1KjYwDQoNCiRXNU01QSwxMjA1MTUs
MjEwMDA1LDY2MGQwMDI4NDQ5Y2UyNDYsMyw3RjAwNzUwMjNBMDAwMDUzMzIz
MDMxMzIzMDM1MzEzNTMyMzAzNDMwMzAzMDU1NUIwMDMxMzIzMDM1MzEzNTMy
MzAzNDMwMkM1NDQxNDIzMDMwMzAzMDMwMkMyRDMwMzUzMTJFMzEyQzJDMzEz
MjJFMzYzNDJDMzQyRTMwMkMzMzM2MzAzMDJDMzYzMDJDMzYzMDJDMzEyQzMw
MzAzNTM3MzAyQzMzMkUzNDMyMkMzMTJFMzIzNjJDMzEzODM4MkMzMDJDMzAy
RTMxMzczMTJDMkIzMDMwMkUzMDBEMEFGMjEwOTY1NDBCRDY3RjAwNjcwMjNB
MDAwMDU3MzIzMDMxMzIzMDM1MzEzNTMyMzAzNDMwMzAzMEZGNEQwMDAwODBG
QjQ0MDBDMDAwNDQwMDM4NDc0ODAwMDA5ODQyQkREQTIyNDAyMjFFMjY0MTI2
MjBCMDQwRUUzQzdFNDAzQzc4Mzk0MUE5OUI5QTQwQUMxOTNBNDE2M0QwMUU0
MTNDM0MzQzQxMEIyNDQ3NDEzQUVBODA0MDI5OTk5MjNGQTY5OUI0NDE5Q0ZC
NTQzRDBCMUIwOUZDMEZFNDdGMDIwNjAyM0EwMDAwNEI1NjQ4MjAzNzMyMzAz
MTMyMzAzNTMxMzUzMjMwMzQzMDMwMzAyNzAwMDAwMEI4MUU4NTNEMEFEN0Ez
M0JBMTk5OTIzRkEyOTlCNDQxM0IwQTcxNDEyM0U1NjQ0MTE0Q0MzRTQxOEZD
Njk3NDE1MDQyODE0MDM3NkRBRjQxQUZDRUFBM0M1QzAwOEQ0MTZCNkRCMzQz
NUVGNDgzNDE2QUFDQjE0MzJGMzJCMDQxNDFDMUFFNDNCMDdCREU0MTg1MUNC
MTQzQ0NCOERCNDEzNTVENDAzRkI4MDhCNTQxQzY5NEIzNDM2QTlDQUY0MTIx
RDFCMjQzNDc2Q0NDNDE0OTM4QjA0MzA3NDlGODQxMTVDQUFENDM1REI5MDA0
MjFDMzdBRjQzNjZBMzA3NDIzNTZCQjE0M0QxNzQyNjQyREY5Q0FGNDNCMjEz
M0I0MjM2MzhCMTQzN0ZCNDMxNDJBMzNEQjI0M0E5QkQzNzQyNUM3REFENDNB
RkZFNTU0MjI2Q0FCMjQzRUE5QzY3NDIyNjEwMkI0MUVBMzk2OTQyNjk4RjUy
M0UwRjUwNEI0MkE4MzJCMjQzRUMxQTIwNDIwQjNDQjI0MzdDQkIyMDQyQzY3
OEIzNDMxOEZCNDE0MjUzODRGNTQwMzZFNjNFNDJDMUZEQUY0MEZGQjgyQjQy
Njk2M0IxNDM3QTVFNTU0MjBEQzYwRjQxN0Y5MTg0NDJCMzY0RTg0MTgzRkI2
RjQyNDIxNkVGNDEwRUExNjE0MjUwQkZGNTQxQzEyQjY4NDI4QzU0OEQ0MUMz
N0E1QjQyMTkxODZGNDFBQUVFNTI0MjQwOTA4ODQxMjFEMzYyNDI0REJBMjg0
MjM0QUM4NzQyMkYyQTgyNDIzMUVEODM0MkVFREQzQzQyQzZFRDdFNDIxNTRG
RkU0MTdCNEQ4MjQyRDEyRDY2NDE2RTkxQ0I0MTIwNzU3ODQxQkVDM0UwNDEx
QjEwRUE0MTUyQkU5NzQxNTYxODEyNDEwMTg3MDI0MTUyRkMxRTQxRUZENzFF
NDE3QkE3QkE0MEZCQTk3RjQwREQ2NTRBNDBGQzBDM0U0MEMzMTBDODNGNjhG
Nzc4M0ZCNkQ3QTEzRjA2RjQ5QTNGRTExRDAwM0ZBREI1MUUzRjM2NzRCNjNF
NzE2QzU3M0Y3NkFBNzUzRkU0Qjk1MDNGNzg4MzJCM0Y0NzAxRDgzRTdFMTUz
RTNGRTRFNkFEM0U4MTM3NEQzRTU3QkVBMTNFOTk0RjRBM0UzQzEzODIzRTgy
MEJBOTNFRUZCQ0JFM0U5RTNGMzMzRTAxMDhGQTNEMzdDQkQ0M0RDQzg5REQz
REY3MzJEODNENzBDQjZCRTYqNkUNCg0K

--SBD.Boundary.605592468
PROCESS /noc/users/iridburst/exec/irid_300224010734970_upd.pl
Last Run  ----1970-01-01 00:00:00 
MONTH  5 
DATA  xxrecord 2012-05-15 21:00:05 :: $W5M5A,120515,210005,660d0028449ce246,1,DAS 2,4901.4991N,1622.6292W,9.8,86,12.7,14.3,11.0,63.3,4.3,11.0,64.1,4.5,1030.1,3.97,5.5,11.8,1,23*69
 
INSERT
STATION sbdservice
IRID_ID 300224010734970
BODY 
Content-Type: application/x-zip-compressed; name="SBMmessage.sbd"
Content-Disposition: attachment; filename="300224010734970_003321.sbd"
Content-Transfer-Encoding: base64

JFc1TTVBLDEyMDUxNSwyMjAwMDUsNjYwZDAwMjg0NDljZTI0NiwxLERBUyAy
LDQ5MDEuNDU3ME4sMTYyMi41MTY3Vyw4LjgsNzksMTEuOSwxNC4zLDExLjAs
NjAuMSwzLjUsMTEuMCw2MS4xLDMuOCwxMDI5LjgsMy41LDQuOTcsMTIuNSw4
LDI2KjYyDQoNCiRXNU01QSwxMjA1MTUsMjIwMDA1LDY2MGQwMDI4NDQ5Y2Uy
NDYsMixEQVMgMiwxMy4wLDEzLjIsMC4yLDAuNCwwLjAxLDEwMjQsMTAzMSwx
NTYsNjI4LDAsMjU4LjgsMTQuMjcsOTI3KjYxDQoNCiRXNU01QSwxMjA1MTUs
MjIwMDA1LDY2MGQwMDI4NDQ5Y2UyNDYsMyw3RjAwNzUwMjNBMDAwMDUzMzIz
MDMxMzIzMDM1MzEzNTMyMzEzNDMwMzAzMDU1NUIwMDMxMzIzMDM1MzEzNTMy
MzEzNDMwMkM1NDQxNDIzMDMwMzAzMDMwMkMyRDMwMzUzMTJFMzEyQzJDMzEz
MjJFMzUzOTJDMzQyRTMwMkMzMzM2MzAzMDJDMzYzMDJDMzYzMDJDMzEyQzMw
MzAzNTM3MzAyQzMzMkUzNDMyMkMzMTJFMzIzNjJDMzEzODM5MkMzMDJDMzAy
RTMxMzczMTJDMkIzMDMwMkUzMDBEMEFGODEwQTcwODk5MkE3RjAwNjcwMjNB
MDAwMDU3MzIzMDMxMzIzMDM1MzEzNTMyMzEzNDMwMzAzMEZGNEQwMDAwODBG
QjQ0MDBDMDAwNDQwMEZDNTA0ODAwMDBBMDQyMzZEMjBGNDA0NkMwMUY0MTJD
MDM5RjQwOTEzOTYwNDAxNTZFMzg0MUVEOTA4OTQwQkFGMzNFNDEwREY1MTY0
MTAwMDA0ODQxNDZEMDQ1NDE5RTFENjg0MDNEQUJGRDQwQTc5M0NGNDE5RTM2
MTMzRDlDMUJDNkNFNkZFNzdGMDI1QTAyM0EwMDAwNEI1NjQ4MjAzNzMyMzAz
MTMyMzAzNTMxMzUzMjMxMzQzMDMwMzAyRTAwMDAwMDhGQzI3NTNEMEFEN0Ez
M0I0M0FCRkQ0MEExOTNDRjQxMjRFMUQzNDE4OEI5QkY0MTY0NDNCMzQxMEZD
NkIzNDE3RERENjQ0MURENzFCNDQxN0ZCOTNBNDExRkYzQzA0MTk1RDUyNTQx
NDlCNkNFNDFBNEQyMDM0MTE5Q0RDRjQxNDg3NUY4NDA3NTRCQjE0MUI2MDY4
MjQwRkIyMDk1NDFFRjdFRUYzRUE2MzI5NDQxM0U0MEE1M0ZCODc2QUQ0MTY2
OTFFOTQwRUUwQ0VENDFGOUIxRkU0MDk3QTgwRjQyRDk3RUM2M0VEMTgxMTY0
MjQzOTdCMTQzRkI1MjBCNDI5OTA2QjE0M0JCNjMwOTQyNTVCQ0IxNDM3REU5
MTA0MkRCMTBCMjQzRTJERDJBNDI4NTlEQjE0M0Y3RUY0MjQyREU1MEIyNDM3
M0FFM0I0MkY5NkFCMjQzMDQ3OTM2NDJFMUJDQUY0MzEwREIzNjQyRDIzQUFB
NDNGOTYxMzk0MjUwNTlBQjQzQUVFMDI4NDI4QzZDQjA0M0IzQzcxMTQyNTVB
QkIzNDM1Rjk1MTU0MkEyRTBBMTQwOUM5RTI4NDI2MDE5ODc0MTBENTgyQTQy
N0Q1RUE5NDE1ODBBMjM0MkJBODdBNjQxRjhGRDMxNDI2RTYxMjM0MTUyOUUz
OTQyRUY5OUIyNDM4QkJEMjE0MkQ2QjRCMTQzODkwRTQwNDI0RTI2NTA0MUY2
QzI2RDQyQkQ3MzhDNDAyQTFBNzI0MjYwNDlBRTQzMzdCNjU0NDJBNDZBODcz
RjZBQTU0OTQyMzFCRUJCNDE2RkNFNTQ0MjdDQUVFMjQxN0JGMTZGNDIyRkY2
ODY0MTAzNTM3MjQyMTc4RDg4NDA3OTc5Nzc0MkI5OENBQzQzNzA3QjgyNDI5
NjFBQUU0MzhFMzQ4NzQyMEFCODU4NDFCODFGODQ0MjY5RjZGRjQxNUYzRThD
NDI0MkUyMDM0MjBEOEE4NTQyMkZCQzAxNDJDRjdGNzY0MkVDRUY0NzQwMjM0
RjM1NDFGODhEMUY0MTUzNDFBNzQxMUIxMEMwNDE5MEQ0ODI0MUEyRkU1NzQx
NzE4MjdDNDFDNDRDNjY0MUFGRTc5MzQwQ0M2NzM5NDA3NThBMEU0MDlGMTVB
NTNGRUNBQjA4NDAwNEVEMzI0MDUyRDMwNTQwRkQ2OEFDM0ZFREU0NkIzRkIx
ODA0NzNGNUU2ODQ4M0YxNzJCODIzRjE1MkQ0NzNGQ0IwMjk1M0YwNzdBQUEz
RkVDRkI3MjNGNTUyMjYyM0ZDQTIwRkYzRTBCQzM0NjNGRDU5Q0E5M0UxNjJE
NkEzRTEzN0FCMzNFMTRCMzY1M0UxODZFMEEzRUNDRENDQTNERjJFODUxM0Uz
OUYwQTEzRTAzRDI0RjNFOUFDMjRBM0U5NjY1ODgzRUQ1RDY4MTNFMjM4NDNB
M0UzQjUyNEMzRUJEMEZEODNEREE3MjE4M0UxQjE3NDEzRTZCOUUwQzNFNUQ2
NTdEODQqNjUNCg0K

--SBD.Boundary.605592468
PROCESS /noc/users/iridburst/exec/irid_300224010734970_upd.pl
Last Run  ----1970-01-01 00:00:00 
MONTH  5 
DATA  xxrecord 2012-05-15 22:00:05 :: $W5M5A,120515,220005,660d0028449ce246,1,DAS 2,4901.4570N,1622.5167W,8.8,79,11.9,14.3,11.0,60.1,3.5,11.0,61.1,3.8,1029.8,3.5,4.97,12.5,8,26*62
 
INSERT
STATION sbdservice
IRID_ID 300224010734970
BODY 
Content-Type: application/x-zip-compressed; name="SBMmessage.sbd"
Content-Disposition: attachment; filename="300224010734970_003322.sbd"
Content-Transfer-Encoding: base64

JFc1TTVBLDEyMDUxNSwyMzAwMDUsNjYwZDAwMjg0NDljZTI0NiwxLERBUyAy
LDQ5MDEuNDE0NU4sMTYyMi40NjI5Vyw5LjUsOTQsMTMuNSwxNC4zLDEwLjks
NjEuMywzLjcsMTAuOSw2Mi4xLDQuMCwxMDI5LjUsMy40Nyw1LjE4LDEzLjMs
NywyNSo1Nw0KDQokVzVNNUEsMTIwNTE1LDIzMDAwNSw2NjBkMDAyODQ0OWNl
MjQ2LDIsREFTIDIsMTMuMCwxMy4yLDAuMiwwLjQsMC4wMSwxMDI1LDEwMzIs
MTU2LDYyOSwwLDM2LjAsMTQuMjcsOTI2KjUwDQoNCiRXNU01QSwxMjA1MTUs
MjMwMDA1LDY2MGQwMDI4NDQ5Y2UyNDYsMyw3RjAwNzUwMjNBMDAwMDUzMzIz
MDMxMzIzMDM1MzEzNTMyMzIzNDMwMzAzMDU1NUIwMDMxMzIzMDM1MzEzNTMy
MzIzNDMwMkM1NDQxNDIzMDMwMzAzMDMwMkMyRDMwMzUzMTJFMzEyQzJDMzEz
MjJFMzUzNjJDMzQyRTMwMkMzMzM2MzAzMDJDMzYzMDJDMzYzMDJDMzEyQzMw
MzAzNTM3MzAyQzMzMkUzNDMyMkMzMTJFMzIzNjJDMzEzOTMwMkMzMDJDMzAy
RTMxMzczMDJDMkIzMDMwMkUzMDBEMEFFRDEwNUE2QzM2NkE3RjAwNjcwMjNB
MDAwMDU3MzIzMDMxMzIzMDM1MzEzNTMyMzIzNDMwMzAzMEZGNEQwMDAwODBG
QjQ0MDBDMDAwNDQwMEMwNUE0ODAwMDBBMjQyMThDNzA5NDA5MTI0MUU0MTAy
RDNBNTQwQjIzNDVFNDAyODdFNDY0MTI4MjY4QzQwNEMwMjQ1NDE5NDAxMTg0
MTU2NTU1NTQxMEU2RDU2NDEyQjcyNjA0MDdGRkRERDQwODhCNkM4NDE1MDJG
MEEzRDBFMTkyMTAzODQ3MzdGMDI0RTAyM0EwMDAwNEI1NjQ4MjAzNzMyMzAz
MTMyMzAzNTMxMzUzMjMyMzQzMDMwMzAyRDAwMDAwMEI4MUU4NTNEMEFEN0Ez
M0I4QUZEREQ0MDgzQjZDODQxRTE2MDk2NDEwQzJBODU0MTFGRkE5RDQxMTFC
NzdENDExMUFEN0I0MTI5M0E5NjQxNTZEMTEwNDFGRTc5QkI0MTUzNEREQzQw
MzJDQ0NCNDE5QzZFMEU0MTkzRDVDMjQxQzA5RjgxM0ZCNTQ5RDE0MUZEMjVB
RDQzNDcyOUQ4NDEwMjE3QUE0MzRCQ0NDQzQxQTY0M0FCNDM5NzlFREQ0MTcw
OUFBODQzOThDNzAwNDIwRUM0QTg0M0I0M0UwMTQyOUU2QUFDNDMwQUU3MDA0
MkRDQzJCMDQzNzAyRjBDNDJDNjk4QjM0MzY2RTgyMDQyRjRCNUIyNDM3Mzk1
NDY0MkZFRURBQjQzRUU5MDIxNDI1RERGQTk0M0ZCQjExODQyMzk1RkFENDMz
NzRFMjk0MjExMEJBRjQzQTBGQzNCNDIwNjg3QUU0MzM5MzE0NTQyMUIwREIz
NDMwN0UzM0Q0MjIwOEQzNTQwNUNFRTU4NDI5QkYzOEM0MURGNjg0MzQyMTg0
QkEwNDFCRjA5MTE0MkVBMTE2NDQxMDA4QjBCNDJDNDY4OTY0MTdDMDQyNzQy
NzJGQ0VDNDE2NDVBNDg0MjU5NzUwOTQyNjNBQTU2NDI0QzU4MDU0MkUzMzk2
MzQyMDMzMDJGNDExRjQ3NzM0MkQ0MzM5MTQwMDBDRDZCNDI1RDMyNjg0MUU5
M0Q2NTQyNTA5MkFGNDE4MDE0NzA0MjZBNDUzRjQyMDY4NzgyNDIzOUQ2Nzk0
MkI5N0Y4ODQyRTVEMjBENDI1MDFEODk0MjRDREMzMTQxMUMxQzhCNDIyMThG
Qzc0MUFCNzc5MTQyNjE0MUYxNDFDNzA2OEU0MkFFNjdCMzQzN0I1MzkzNDJD
OUU3MTM0MTZCRDM5QjQyREExNDgxNDI1RUIzOEY0MjQ1RkY4MTQyRjBEMzg3
NDJBMUQxOEE0MkQzOEE4NTQyNjUyNTAzNDE3RENFQjU0MUY2NzREOTQxNkU4
M0EwNDEwNTBCM0Y0MUI5MEUyMTQxRjFDQzAzNDEyNDU4QjE0MDBEQTU3QTQw
MTEzMDgyNDA0RTA4MUQ0MDI1RTE0OTQwQTE3MDgzNDBDNTg1M0Y0MDNGNjRB
NDNGMEM4M0ZDM0U1QkZBNkYzRjU2QkZGQzNGMUE4OEEwM0ZCMDE3MkIzRkQ0
MjA1RjNGOUY4OThEM0YyRjAxMTIzRjM5REQ3NTNFQkVGRTFGM0Y5REFCM0Uz
RjVFNzgyMTNGRTMzNTE2M0Y4OEUyREIzRUJCM0Q5NzNFMzQ0OTNEM0U2MDcw
OTUzRTgzRDJENDNFOUFFMEE2M0VERTBEODgzRTAxQTczNTNFRTEyOUI2M0Uw
MTk5N0IzRTNENzc4MzNENkY1RUM1M0RGNzZBRjIzREVGRDFBNzNEOEFDNzI1
M0U4OTM2Q0UzREM2ODA2NjNENUVFMUE4MkIqMTUNCg0K

--SBD.Boundary.605592468
PROCESS /noc/users/iridburst/exec/irid_300224010734970_upd.pl
Last Run  ----1970-01-01 00:00:00 
MONTH  5 
DATA  xxrecord 2012-05-15 23:00:05 :: $W5M5A,120515,230005,660d0028449ce246,1,DAS 2,4901.4145N,1622.4629W,9.5,94,13.5,14.3,10.9,61.3,3.7,10.9,62.1,4.0,1029.5,3.47,5.18,13.3,7,25*57
 
INSERT
STATION sbdservice
IRID_ID 300224010734970
BODY 
Content-Type: application/x-zip-compressed; name="SBMmessage.sbd"
Content-Disposition: attachment; filename="300224010734970_003323.sbd"
Content-Transfer-Encoding: base64

JFc1TTVBLDEyMDUxNiwwMDAwMDUsNjYwZDAwMjg0NDljZTI0NiwxLERBUyAy
LDQ5MDEuNDA3OE4sMTYyMi41MTgzVywxMC42LDk5LDE0LjMsMTQuMywxMC45
LDY0LjQsNC41LDEwLjksNjUuMSw0LjYsMTAyOC45LDMuNCw1LjEzLDExLjgs
MzU5LDI0KjVDDQoNCiRXNU01QSwxMjA1MTYsMDAwMDA1LDY2MGQwMDI4NDQ5
Y2UyNDYsMixEQVMgMiwxMy4wLDEzLjEsMC4yLDAuNSwwLjAxLDEwMjYsMTAz
MywxNTYsNjI4LDAsMzM5LjUsMTMuODgsOTI4KjY2DQoNCiRXNU01QSwxMjA1
MTYsMDAwMDA1LDY2MGQwMDI4NDQ5Y2UyNDYsMyw3RjAwNzUwMjNBMDAwMDUz
MzIzMDMxMzIzMDM1MzEzNTMyMzMzNDMwMzAzMDU1NUIwMDMxMzIzMDM1MzEz
NTMyMzMzNDMwMkM1NDQxNDIzMDMwMzAzMDMwMkMyRDMwMzUzMTJFMzEyQzJD
MzEzMjJFMzUzNDJDMzQyRTMwMkMzMzM2MzAzMDJDMzYzMDJDMzYzMDJDMzEy
QzMwMzAzNTM3MzAyQzMzMkUzNDMyMkMzMTJFMzIzNjJDMzEzOTMxMkMzMDJD
MzAyRTMxMzczMTJDMkIzMDMwMkUzMDBEMEFFRTEwRUVDMDUzMkU3RjAwNjcw
MjNBMDAwMDU3MzIzMDMxMzIzMDM1MzEzNTMyMzMzNDMwMzAzMEZGNEQwMDAw
ODBGQjQ0MDBDMDAwNDQwMDg0NjQ0ODAwMDBBQTQyMTFDMzBCNDAzMzhEMTc0
MTBEMENBNDQwQzk2QjU5NDA3OUZEMzI0MTEzQTU4NDQwQzA3ODMwNDEyOTc5
MTI0MTNDM0MzQzQxNDkzMzNBNDE5MEU0NUQ0MEVDNEFCMzQzMkE4NkMzNDFE
M0Y4MDMzRDE3MUI1RkUwNzhBRjdGMDI1QTAyM0EwMDAwNEI1NjQ4MjAzNzMy
MzAzMTMyMzAzNTMxMzUzMjMzMzQzMDMwMzAyRTAwMDAwMEI4MUU4NTNEMEFE
N0EzM0JFRDRBQjM0MzI1ODZDMzQxMDREQ0NGNDE1MkRBQzM0MTBCREJDRTQx
Q0ZFQkI1NDFDMTUyODE0MTRBNzBCNTQxMjU4NDNBNDBFMTlGQUQ0MTA3QjlC
MTQzMDEyRjk2NDFERTdDQjA0MzIzOTc4MzQxRDQ5REIwNDNEMzZBOTM0MTU5
NkVBRjQzRTQ5REIxNDFGRjY2QUU0M0YyNDJEQzQxMkZDMUFGNDNFM0Q2RkE0
MTNFQzdCMDQzOTE3REZENDE1MjlFQjA0M0M0RDMwMTQyMkU0MkFFNDNFNTc3
MDM0MjZFMThBRDQzNTY3MkY3NDE2QkEyQUU0M0I4NEIwNTQyMzJBMUFGNDM1
RkM3MTg0MjJFODVCMDQzQkEzQTJFNDJBMTRFQjE0MzM1MEQzQTQyRjQyOEIy
NDM4NUUxMjg0MjIyMThERTQwMzlGRTJDNDJBNDcyOUQ0MTFGRjUyRDQyNjZB
QjRENDEwNzY5MUY0MkRERjdCMjQzQTFGQjE3NDI2OTU4QjA0M0EwQzUyMDQy
MUM5RDJCNDE4MDg4MzM0MjkwM0EwMzQyOEVDRDUyNDJFNzM0RjE0MTZBQzU3
NzQyRkMwREY0M0Y0MDQ4NTc0MkNEQUZCMjQzQTBDMzQ4NDIyN0MzQjM0MzMx
QjY2NTQyMDFCNjhFNDE2RTI3NkY0MkJCRjY5OTQxNzY1NTYyNDIyMDgyNUEz
RjQ4RTY3MjQyQTFFRkE3NDMwRkE4NkU0MkVBNENBNDQzMDBGODYyNDI5RjYx
QTk0M0VDNUU3NzQyMkQzQzcyNDE3RkEzODU0MkZCMjk1QzQyOUVBRjg3NDI4
NzBBNDY0MkNDMjI4QjQyRkExQzkxNDE2MzFFOTM0MjAzMUY1RDQxODY3Qjkx
NDIyNzk5NkI0MTdCODI4MjQyMzEyODNDNDE0NUIwODA0MjZBRTgzRDQyQUE4
OTg2NDJBNUEzNDQ0Mjg0Rjk3OTQyMTU1MUZBNDFCMDQ3ODM0MkZEMEY5MjQw
RDAxNUQwNDBCQTQ4RkE0MDgwMTg4RDQxMDIwOENFNDE4RDQzOUE0MUFBMTc2
RjQxODIxNTNBNDE0MEE4RDk0MEI2QUZDRDQwQjBGOTdCNDAzOENCREEzRjg0
NzhENjNGOUUyODNCNDAzMEFBRjYzRjFFRDhEQzNGQkMxRThDM0Y1NzcyOTUz
RkI0QjFBRjNGNDIwMDVGM0Y4MTcyM0UzRjYwQTQ0OTNGQkQyNjM4M0YzQTNC
MDgzRkNFMzBGNTNFNTlCNEEyM0U3QkU2ODQzRTIyQ0Y2QzNFMTRFQ0JFM0Ux
N0JBOTYzRTA4NTlDMDNFNzlCMjk3M0U4OTk4NjkzRTIyQkU5RDNFNjgzNjZB
M0UxM0NGMTkzRTA3QzE3NDNEOEFGQUFGM0RENUUzRDgzREJFQjVBMjNFNTEw
NTgwM0U5QjA5RDkzRDA4QTNCRTNEMTc0N0VGM0RDNDhCNEMzRTc2NEQxRTNF
MTJCRTIwMzkqNjANCg0K

--SBD.Boundary.605592468
PROCESS /noc/users/iridburst/exec/irid_300224010734970_upd.pl
Last Run  ----1970-01-01 00:00:00 
MONTH  5 
DATA  xxrecord 2012-05-16 00:00:05 :: $W5M5A,120516,000005,660d0028449ce246,1,DAS 2,4901.4078N,1622.5183W,10.6,99,14.3,14.3,10.9,64.4,4.5,10.9,65.1,4.6,1028.9,3.4,5.13,11.8,359,24*5C
 
INSERT
STATION sbdservice
IRID_ID 300224010734970
BODY 
Content-Type: application/x-zip-compressed; name="SBMmessage.sbd"
Content-Disposition: attachment; filename="300224010734970_003324.sbd"
Content-Transfer-Encoding: base64

JFc1TTVBLDEyMDUxNiwwMTAwMDUsNjYwZDAwMjg0NDljZTI0NiwxLERBUyAy
LDQ5MDEuNDE0NE4sMTYyMi41ODUzVyw5LjEsMTA1LDEyLjksMTQuMywxMC45
LDYxLjUsMy44LDEwLjksNjIuNCw0LjAsMTAyOC40LDIuNywzLjczLDE0LjMs
NCwzMCo1NQ0KDQokVzVNNUEsMTIwNTE2LDAxMDAwNSw2NjBkMDAyODQ0OWNl
MjQ2LDIsREFTIDIsMTMuMCwxMy4xLDAuMiwwLjUsMC4wMSwxMDI3LDEwMzQs
MTU2LDYyOCwwLDI1OC44LDEzLjg4LDkyNSo2Nw0KDQokVzVNNUEsMTIwNTE2
LDAxMDAwNSw2NjBkMDAyODQ0OWNlMjQ2LDMsN0YwMDc1MDIzQTAwMDA1MzMy
MzAzMTMyMzAzNTMxMzYzMDMwMzQzMDMwMzA1NTVCMDAzMTMyMzAzNTMxMzYz
MDMwMzQzMDJDNTQ0MTQyMzAzMDMwMzAzMDJDMkQzMDM1MzEyRTMxMkMyQzMx
MzIyRTM1MzIyQzM0MkUzMDJDMzMzNjMwMzAyQzM2MzAyQzM2MzAyQzMxMkMz
MDMwMzUzNzMwMkMzMzJFMzQzMjJDMzEyRTMyMzYyQzMxMzkzMjJDMzAyQzMw
MkUzMTM3MzEyQzJCMzAzMDJFMzAwRDBBRTkxMDU0ODZCMjMyN0YwMDY3MDIz
QTAwMDA1NzMyMzAzMTMyMzAzNTMxMzYzMDMwMzQzMDMwMzBGRjREMDAwMDgw
RkI0NDAwMDAwMTQ0MDAwMDdBNDUwMDAwQjY0MjYwQTZFNjNGODVFMjBCNDE5
NjkyNkU0MDJEMUIyRDQwOTFDRTI5NDE1MTMzNEY0MDFCOTMyQjQxN0Q2NjA3
NDE0OTkyNjQ0MUU0Mjk1OTQxN0IzOTM5NDAzRTRGOEE0MEQ2RjZFQjQxRTc4
OEIwM0M4RjFCMDE3MURBNEU3RjAyN0UwMjNBMDAwMDRCNTY0ODIwMzczMjMw
MzEzMjMwMzUzMTM2MzAzMDM0MzAzMDMwMzEwMDAwMDBCODFFODUzRDBBRDdB
MzNCNzA0RjhBNDBDRkY2RUI0MUUzNjFCMjQxMDIzMjZENDEzNDBFOUY0MTky
NzI4NzQxMzI2MTI1NDE0MEIzREI0MTdCRDJCMjQzN0JDNzA2NDI0NzY5QjI0
MzQyNjJFMjQxRTBDREIyNDM3QTQ1RDE0MTE5NTZCMTQzNUU5NkY5NDExM0Iw
QjA0M0QyNUJGRTQxMDIwNEIyNDM3MkY4RkY0MUJBNkU4RDNGQTQ4OUUwNDFE
RkM2QjM0M0E3MjlDMzQxQkRDQkFFNDMzMERFMDI0MjQxNEVBODQzQzREQTEy
NDJEREUwQTg0MzA4OUIxNjQyQjUzQkFGNDMxODk3MzA0MjIwNENCMDQzRTVG
MDI5NDI4QjU4QUU0M0YwNDUxMjQyRkI4OUIxNDNFRDkxMUM0MjNBNTZFQjQw
MzM0NTI5NDI4QkM4RDgzRjlENzIzMDQyNTQ0OUIwNDNDMkY3MzQ0MkZDQ0FF
RjQwRUI3OTNFNDIyMUU5RDA0MEI3RTE0NzQyNTVFREIxNDNDOUNGNUY0MjEy
MzgzOTQxNUExQTUzNDIyOUY0OUI0MTJCODgyRDQyRTlFQjkwNDFFMjBBMjQ0
Mjc5QUM0NTQxRUQ2OTI5NDIzODY0NkQ0MTFCMDk0QTQyNDc0Qzk0NDFGREJE
NUY0MjlBNzY1QzQxM0NCOTUwNDJFN0RCNUY0MUM3RTY0RjQyQ0Y2QTY2NDFG
RDcxODA0MkM2RUYwRjQyRkFFQjg0NDIwRDhBNTI0MkUyQzk3NzQyRUVBNjY2
NDI0RjFEODQ0Mjg2M0EyMzQyQ0MxNjhENDI0OTI1MzM0MEM5MDE5MzQyOURC
QTE0NDI0REY0OEM0MkQ4OEM2NjQyQTA3QTczNDJDRkJDODA0MjFDMjc4MDQy
NzQ4N0IyNDIyN0I0ODg0MkVGNTRCQjQyRTJCNzdBNDJBQkJGQTk0MjNBNTU2
QjQyQTNDNzhCNDIzNEM5Nzg0MjI4RkQ4OTQyRUE1RjdENDJDREE3OTM0MjI5
RDI4MDQyRTJDMTNBNDI2MDdFOEE0MjAwMzFDMTQxRDQ0ODhDNDI4M0EwMTg0
MTQ5RUU2NDQxNkY1NUEzNDAxM0QyM0Q0MDNFRENCQTQwMzFBNjExNDFBQzYw
Q0U0MDA5QUZDRjQwNUMyOUQ4NDBBMTIyQUI0MDA1Q0FEQjQwRDJCQzA2NDAy
QUVDMjY0MERCMTgyMzQwRkM3MDREM0Y4RDA1MkEzRjUzMENBMDNGQzBFOUE2
M0Y5QUEzOTYzRjg5QUM4MjNGRkJBQzFEM0ZGMzhGM0EzRkY0OUY4RDNGRTVG
QTE3M0YwQTAzMjgzRjE3REYyODNGNkU1OTFBM0YyMzk3MjQzRkMwOERDRjNF
RTI2QjgzM0U1MTdEOUUzRUJCRjY5NzNFOTg5MTFEM0U1Nzk2NDAzRUM5QjEz
QjNFNkQxQTI2M0UwODE3MzQzRUU5Q0UwODNFQTZGODA3M0VFOTYwQzUzRTYy
QUM5NjNFQ0JCMjQwM0U0MTc3NkIzRUVDMg==

--SBD.Boundary.605592468
PROCESS /noc/users/iridburst/exec/irid_300224010734970_upd.pl
Last Run  ----1970-01-01 00:00:00 
MONTH  5 
DATA  xxrecord 2012-05-16 01:00:05 :: $W5M5A,120516,010005,660d0028449ce246,1,DAS 2,4901.4144N,1622.5853W,9.1,105,12.9,14.3,10.9,61.5,3.8,10.9,62.4,4.0,1028.4,2.7,3.73,14.3,4,30*55
 
INSERT
STATION sbdservice
IRID_ID 300224010734970
BODY 
Content-Type: application/x-zip-compressed; name="SBMmessage.sbd"
Content-Disposition: attachment; filename="300224010734970_003325.sbd"
Content-Transfer-Encoding: base64

JFc1TTVBLDEyMDUxNiwwMjAwMDUsNjYwZDAwMjg0NDljZTI0NiwxLERBUyAy
LDQ5MDEuNDM1OE4sMTYyMi42Njg5VywxMC44LDEzNCwxNS40LDE0LjIsMTEu
MCw2MS4zLDMuOCwxMS4wLDYyLjIsNC4xLDEwMjguMSwzLjAxLDQuNSwxNC4z
LDcsMjgqNjQNCg0KJFc1TTVBLDEyMDUxNiwwMjAwMDUsNjYwZDAwMjg0NDlj
ZTI0NiwyLERBUyAyLDEzLjAsMTMuMSwwLjIsMC40LDAuMDEsMTAyOCwxMDM1
LDE1Niw2MjgsMCwyMjQuOCwxMy44OCw5MjYqNjMNCg0KJFc1TTVBLDEyMDUx
NiwwMjAwMDUsNjYwZDAwMjg0NDljZTI0NiwzLDdGMDA3NTAyM0EwMDAwNTMz
MjMwMzEzMjMwMzUzMTM2MzAzMTM0MzAzMDMwNTU1QjAwMzEzMjMwMzUzMTM2
MzAzMTM0MzAyQzU0NDE0MjMwMzAzMDMwMzAyQzJEMzAzNTMxMkUzMTJDMkMz
MTMyMkUzNTMxMkMzNDJFMzAyQzMzMzYzMDMwMkMzNjMwMkMzNjMwMkMzMTJD
MzAzMDM1MzczMDJDMzMyRTM0MzIyQzMxMkUzMjM2MkMzMTM5MzMyQzMwMkMz
MDJFMzEzNzMyMkMyQjMwMzAyRTMwMEQwQUVCMTBCQ0M4NEMyMTdGMDA2NzAy
M0EwMDAwNTczMjMwMzEzMjMwMzUzMTM2MzAzMTM0MzAzMDMwRkY0RDAwMDA4
MEZCNDQwMDAwMDE0NDAwQzA1QTQ2MDAwMEFFNDI3M0I2RjUzRkY5NTExMzQx
MEUyMzkwNDBFQTc0NDA0MDdBNTIzQjQxMjQxQzcyNDAzRTA1NTE0MTQyQzcx
MTQxNDk5MjY0NDFGNDRENUE0MTlFNzY0QTQwNjg1NERDNDBENTQyRTA0MTZD
Q0ZEMTNDMzYxQzNFNEUyODNGN0YwMjhBMDIzQTAwMDA0QjU2NDgyMDM3MzIz
MDMxMzIzMDM1MzEzNjMwMzEzNDMwMzAzMDMyMDAwMDAwOEZDMjc1M0QwQUQ3
QTMzQjdFNTREQzQwRDE0MkUwNDEzRTAzNUE0MUE0MkFBMDQxRjc0NkEwNDFB
RDNFODQ0MTU1Qjk5MjQxN0JFREE1NDEzMEI4NDk0MTVGMjlENzQxNDYyNzA5
NDFBQ0ExREQ0MTZFRjRGNTQwRTAwNkRENDE0M0Y0N0IzRjc5M0NFQjQxQjlB
RUIxNDNBRjUzRDk0MTkyRTBCMTQzMzVGQkM4NDExMUI3QjI0MzZEODREODQx
RDM1MUIyNDM2NzFCRTg0MUEzMzhCMTQzQUYwNDAwNDI5QjhCQjI0Mzc5MkQw
QjQyNUQxNEIwNDMwN0YxRkU0MUI3QjBBRTQzRDIyOEVCNDFBN0FEQUY0MzFG
RkQwOTQyQzhBOEFGNDMyMkM0MEI0MjE4RUVCMjQzNTQ0MTAzNDI0QTc5QjM0
M0ZDQTMyMDQyRjhCQUIzNDNCMjRGNDc0MkE4OTlCMTQzNkNEODQ4NDJFQzQ2
QjE0MzU5NzYzMjQyNEJBQUIzNDMwMkVDMjI0MjVGN0ZCOTNGQ0RDRTM2NDJG
QTE2NjQ0MDA2MTY0QTQyODJDOEQ2NDA5QUVBNEU0MkZFQTVCMjQzMDREQTU4
NDI4OTkzQjA0MzY2QTMyOTQyMEM4OUIzNDNCNjQ0MTc0MkFBQzIzMTQxMjhB
MjQxNDJCMDEwQUM0MTRGQTI2NjQyNzI1MUIzNDNEMTVCNkE0MkJCMkZCMDQz
MUNBNzRGNDIyOEZDREE0MDhGQjA1MTQyMjM2RDAzNDJEOEM4NkM0MjJGNkQx
NzQyRUYzNTg4NDIzMzRBRDg0MTRFMjQ4RjQyMUYzMTI5NDIzOTcyODY0MkRD
MkIzRjQyMkIzODcyNDJCQTRGNjE0MjRGNTk3RjQyNzEzM0ExNDI5ODI0OEU0
MjBDMDU4OTQyNTUxQjhCNDJGMEQwNEU0MjJCOEU4MzQyNzE5MDIxNDJBMzJF
OEM0MjU0MDk0NTQyRTVERDk2NDIyOTRFODE0Mjc0NDE4RjQyMUM1Rjk0NDI5
RjFENzQ0MkQ4NjM5MTQyRjFERDVGNDIwN0IwN0Y0MkJGQzg2MjQyQThGQTk2
NDI2Q0Y4NUY0MjFBODUwOTQwNTBFOTE0NDEwNDY2OEU0MUM0OTc4NTQxRUZE
QjNDNDExMkFGMjE0MUYwOUNCNTQwNzA4OTA0NDFDN0FERDg0MDA5MUE4RTQw
OUI3NDUzNDBGNDBCNjg0MDVEMkYwMDQwM0JCOTZENDBDQUFDMzk0MEE1MDVF
MzNGMzI0MkRGM0ZBNTMwRDgzRkU3QzM3MTNGMTUxQjk3M0VDQjE1RTczRUM1
NTkxNzNGQTIyQzRCM0Y2MEUyQzYzRTJEQTlCRjNFREZCMTBBM0ZEMjFEQjkz
RTE0QzMxMzNGMEE3MjJBM0ZGNzU3NEUzRTI5NTkxNzNFOTUyRjNCM0VDMzU3
ODQzRTVEQTY5NTNFRjY4RTY4M0U5RjU3NDczRTAzRkUwRDNFMjcyMTAzM0U3
QkMwNzkzRTU0NzI2OTNFQThENTI5M0U2RA==

--SBD.Boundary.605592468
PROCESS /noc/users/iridburst/exec/irid_300224010734970_upd.pl
Last Run  ----1970-01-01 00:00:00 
MONTH  5 
DATA  xxrecord 2012-05-16 02:00:05 :: $W5M5A,120516,020005,660d0028449ce246,1,DAS 2,4901.4358N,1622.6689W,10.8,134,15.4,14.2,11.0,61.3,3.8,11.0,62.2,4.1,1028.1,3.01,4.5,14.3,7,28*64
 
INSERT
STATION sbdservice
IRID_ID 300224010734970
BODY 
Content-Type: application/x-zip-compressed; name="SBMmessage.sbd"
Content-Disposition: attachment; filename="300224010734970_003326.sbd"
Content-Transfer-Encoding: base64

JFc1TTVBLDEyMDUxNiwwMzAwMDUsNjYwZDAwMjg0NDljZTI0NiwxLERBUyAy
LDQ5MDEuNDc5NU4sMTYyMi43NzU1Vyw5LjEsMTI2LDEzLjksMTQuMiwxMS4w
LDYxLjQsMy44LDExLjAsNjIuMiw0LjEsMTAyNy40LDMuNTYsNi4wMiwxNC4z
LDM2MCwyNSo2RA0KDQokVzVNNUEsMTIwNTE2LDAzMDAwNSw2NjBkMDAyODQ0
OWNlMjQ2LDIsREFTIDIsMTMuMCwxMy4xLDAuMiwwLjUsMC4wMSwxMDI5LDEw
MzYsMTU2LDYyOCwwLDIzNC4xLDEzLjg4LDkyNio2OQ0KDQokVzVNNUEsMTIw
NTE2LDAzMDAwNSw2NjBkMDAyODQ0OWNlMjQ2LDMsN0YwMDc1MDIzQTAwMDA1
MzMyMzAzMTMyMzAzNTMxMzYzMDMyMzQzMDMwMzA1NTVCMDAzMTMyMzAzNTMx
MzYzMDMyMzQzMDJDNTQ0MTQyMzAzMDMwMzAzMDJDMkQzMDM1MzEyRTMxMkMy
QzMxMzIyRTM0MzkyQzM0MkUzMDJDMzMzNjMwMzAyQzM2MzAyQzM2MzAyQzMx
MkMzMDMwMzUzNzMwMkMzMzJFMzQzMjJDMzEyRTMyMzYyQzMxMzkzNDJDMzAy
QzMwMkUzMTM3MzIyQzJCMzAzMDJFMzAwRDBBRjQxMEMzOTY1MEJBN0YwMDY3
MDIzQTAwMDA1NzMyMzAzMTMyMzAzNTMxMzYzMDMyMzQzMDMwMzBGRjREMDAw
MDgwRkI0NDAwMDAwMTQ0MDA4MEJCNDYwMDAwQUM0MjYzMkIwQzQwRERCMzEy
NDE0QUJGQzA0MDQ4MEM2NDQwRURGMzMzNDFBMUY5OTI0MEU5NDUzNzQxMkY1
QTE1NDE0OTkyNjQ0MUFBQkY1OTQxQkZCRTZDNDBDQUNEQjM0Mzg5QzJDNjQx
MDlBOTE2M0Q1MjFFRjNFQjBFOTc3RjAyNUEwMjNBMDAwMDRCNTY0ODIwMzcz
MjMwMzEzMjMwMzUzMTM2MzAzMjM0MzAzMDMwMkUwMDAwMDBCODFFODUzRDBB
RDdBMzNCQ0JDREIzNDM4N0MyQzY0MUY5MkE3QjQxMjdERDhBNDFGMTIwNTQ0
MTMxN0U4RDQxQ0U4NzA3NDFFNDk5QjQ0MUU4OEFCMjQzMEM3REMxNDEzRUND
QUY0MzM3NkRBRjQxMTI4NEFGNDMzNzU0QzY0MTQ0OTNBRDQzMzYxQ0QwNDE5
NUY0QUU0MzE1Q0RDNjQxQzJBREIwNDM2M0U4Qzc0MTQ0NjBBRjQzQTE1QUJG
NDE5OEQxQUQ0MzkwMDRCQTQxRkZFNEFCNDM5MDYwRDI0MTA1NDBBQzQzRTg2
REZGNDFCNUE0QjA0MzgxNDUwNDQyM0YyNEIyNDM2RUU3RkQ0MTcwRThCMzQz
M0IwNzA4NDIyNDY0QUM0MDI3NDEwODQyMjZERjNFNDAyQ0JEMDk0MjE5NDFC
MDQzMzhGNjA2NDJCMjZCQjE0M0NCOUIwRTQyQ0E1Q0Q0M0Y4OUZDMjg0MkIy
MTQwRTQxOTU2RTNENDI1N0M5MzY0MThDRDMzODQyNEJDQTU2NDExNjBGNEI0
Mjg4NDE1MDQxMjhFQTVBNDJDMTFENzQ0MUQyREM0RDQyNzEyOEQ1NDE4MzlC
M0E0MkU5RjZEQTQxOTBDODM5NDIwMDJGRDk0MTMzQ0M1NzQyNkEzN0M5NDFD
ODgxN0Y0MjRENUY3RjQwN0NEMDZENDIyQTNCREUzRkVFMDg1MjQyNDYwNjY0
NDAwOTdENDY0MkM0ODE2NjQxNTlFQjUyNDJCRUJFRTg0MTY1NkI2NzQyMDYz
RUNFNDEzMzcxNzY0MkIzNjJFMDQxODc5MTdFNDJGMjg0M0E0MkRBQjI4MTQy
OUEwMjY0NDI5RDFEN0I0MjA0RTE4MzQyOTEzNTcyNDI1RjY2QUM0MkZGNUY3
RDQyOEFDQkMyNDI2NkY2ODU0MkVDQjJBMTQyNkE0MzhGNDJFNzdDMUE0MzYx
RjVBMDQyQUI5MjgyNDM5RDcxOUM0MkRDNUE4NjQzQTI0OUEwNDI2NDE1MzU0
MTkwNjJDRDQxODg3QThENDFEMTUwNkM0MTZCRUQ5MjQxMEQxNTJDNDFDRURC
Mjc0MTExMTMxNDQxNUExN0NDNDBGNjA2RUI0MDI0MkVERjQwMzBDOEJGNDBD
MzY0MkI0MEM4NUYyOTQwQ0QwQURGM0ZFQTU2RTYzRjY1NkNFRjNGMEJFRkQ0
M0YzM0ZFN0MzRkE2RDk4NzNGOTJBOTAxM0Y2MzlCMUQzRjlCRTIzOTNGRkY4
OEQ2M0U3MDgwQzAzRTlERkM5NTNFODVEN0Q5M0U4RTJGMzczRjEwMjZBRDNF
NUY4QjA0M0VENDM2OTczRTgxNDBCNDNFMjEzMjdFM0VFNTg4NjEzRTk2QjYw
ODNFQTg4ODQ5M0VBNDE4NkMzRTk2N0M4NDNFQUU5QTg0M0U4RDlDQUEzRTU2
Q0Y4OTNFMERENjQxM0VFNEY4RTEzRDNCMTgzMzNFRTkxRjVBM0U5NDNDMUYz
RUYyN0ZGRjlDKjZBDQoNCg==

--SBD.Boundary.605592468
PROCESS /noc/users/iridburst/exec/irid_300224010734970_upd.pl
Last Run  ----1970-01-01 00:00:00 
MONTH  5 
DATA  xxrecord 2012-05-16 03:00:05 :: $W5M5A,120516,030005,660d0028449ce246,1,DAS 2,4901.4795N,1622.7755W,9.1,126,13.9,14.2,11.0,61.4,3.8,11.0,62.2,4.1,1027.4,3.56,6.02,14.3,360,25*6D
 
INSERT
STATION sbdservice
IRID_ID 300224010734970
BODY 
Content-Type: application/x-zip-compressed; name="SBMmessage.sbd"
Content-Disposition: attachment; filename="300224010734970_003327.sbd"
Content-Transfer-Encoding: base64

JFc1TTVBLDEyMDUxNiwwNDAwMDUsNjYwZDAwMjg0NDljZTI0NiwxLERBUyAy
LDQ5MDEuNTIxNU4sMTYyMi44MDU4VywxMS4wLDExOCwxNC41LDE0LjIsMTEu
MSw2My4wLDQuMywxMS4xLDYzLjksNC42LDEwMjYuOSwzLjQxLDQuODYsMTQu
Myw5LDIzKjU0DQoNCiRXNU01QSwxMjA1MTYsMDQwMDA1LDY2MGQwMDI4NDQ5
Y2UyNDYsMixEQVMgMiwxMi45LDEzLjEsMC4yLDAuNCwwLjAxLDEwMzAsMTAz
NywxNTYsNjI4LDAsMjg1LjgsMTMuNDksOTIyKjY0DQoNCiRXNU01QSwxMjA1
MTYsMDQwMDA1LDY2MGQwMDI4NDQ5Y2UyNDYsMyw3RjAwNzUwMjNBMDAwMDUz
MzIzMDMxMzIzMDM1MzEzNjMwMzMzNDMwMzAzMDU1NUIwMDMxMzIzMDM1MzEz
NjMwMzMzNDMwMkM1NDQxNDIzMDMwMzAzMDMwMkMyRDMwMzUzMTJFMzEyQzJD
MzEzMjJFMzQzODJDMzQyRTMwMkMzMzM2MzAzMDJDMzYzMDJDMzYzMDJDMzEy
QzMwMzAzNTM3MzAyQzMzMkUzNDMyMkMzMTJFMzIzNjJDMzEzOTM1MkMzMDJD
MzAyRTMxMzczMTJDMkIzMDMwMkUzMDBEMEFGNDEwMjJDNEVCODU3RjAwNjcw
MjNBMDAwMDU3MzIzMDMxMzIzMDM1MzEzNjMwMzMzNDMwMzAzMEZGNEQwMDAw
ODBGQjQ0MDAwMDAxNDQwMEQwMDQ0NzAwMDBCNDQyRUNFNEZFM0ZEN0IzMEQ0
MUE4ODU5QjQwNDAwNTVBNDBDOUZFNDE0MUUzNUI4ODQwQjM0NTQ4NDEzM0M4
MTk0MTQ5OTI2NDQxN0VDNTVCNDEwNTNFNjg0MDExRjgxMDQxQTI0MUJCNDE4
QzU5MTQzRDBCMUQyOTAwQTlENTdGMDI0RTAyM0EwMDAwNEI1NjQ4MjAzNzMy
MzAzMTMyMzAzNTMxMzYzMDMzMzQzMDMwMzAyRDAwMDAwMEI4MUU4NTNEMEFE
N0EzM0IyMEY4MTA0MUEzNDFCQjQxOUIzQkI4NDE5RkEwNzQ0MTgxNEVCMTQx
NkMyNjQ3NDFGNEQzOUQ0MTBDNjY3ODQxMTQxMTE4NDE3QTVBQTg0MTk1NDhC
MzQzREY3NUJCNDEwREE5QUY0MzRGNERFMjQxMkVFNEFDNDM5QUVEMDY0MjhF
MjFCMzQzQThFMjA5NDI5OTczMzA0MEMzQ0NGRDQxRTEyQ0IwNDNFMzE1MDk0
MjI3M0ZBQjQzNjhDQzA0NDJGNDE5QUM0M0E4MzFGODQxMjREOEIxNDM5REIz
RUE0MTRFNDg3MjQwODUwREVDNDE0Rjc3RTI0MEZBMTQwODQyNjk2ODg3NDA1
Q0RBMEU0Mjk1MTVERDNGQzEyRDEwNDI4MjU1QjQ0MDQ3QjgwNjQyM0Y1RDNC
NDAyNkM4MEQ0MkZCQTJCMjQzQ0FGMzFBNDI5NzIwRkIzRUFGRjEyNjQyMTU4
QjVBNDE2RkFGMzc0Mjg1ODAxODQxNjlEMjM5NDI5NjExOUUzRTIwODIzMjQy
QzFCN0M0M0YxMUQ2NDg0MjFDNDM5QTQwNDg2MzU2NDIzNzI5QUY0MzA5MjUz
NzQyMDU1REFCNDNCQTI3MUI0MkU0MTdBRjQzNzYzMDVBNDIzNTAzQUU0M0E4
QzE3RTQyOEMxMkJBNDEzQkNGNzU0MkRBQTVDNzQxNTU4OTVGNDJFNUM2QTE0
MTVGNjQ2MjQyMUNCMkQ1NDE4Mjk1NTQ0MkI4QkZFQjQxRDQ1NDQ4NDI5MTQ1
NTQ0MkQ2NUY1NjQyNjk5NkEzNDI0RTAwNTc0MjhFQThCMzQyNjFENDY2NDIw
M0I3QjI0MjRDMDA3QzQyRDE5NEQ2NDIwNThGODA0MkNBNTlFMTQyRkQxMTc3
NDJGMTU2Qzk0MjQxQzY4MDQyREM5Q0Y5NDJGQjE1ODU0MjZDMTkyMzQzRURE
RDg3NDI4MzcyMkI0MzQ4MEE5MzQyQjJDMzBENDE4MjMwMDA0MjkxRDhGMjQx
RUI4RTJBNDE4NDM2OTc0MUI2MzM1NTQxNUZEQzAxNDEwREFEODA0MDUwN0M4
ODQwMjExODNGNDA0NTQ5RUQzRjA0NjUxOTQwN0NBRTI3NDA0ODk2RTAzRjU1
REQzMDQwOTExMDM0NDA2NTAwRUIzRkJDMDM4MjNGQzA2MDhFM0ZBQjJGOUMz
Rjg4NDE3QjNGOTZBRDJEM0ZBMzEwMDYzRjhDRDUxMDNGNjM0MTE0M0ZBODUx
RUIzRUE3QzAwNjNGOTI4RUU0M0VFMzYwMTQzRTIxMTgxMTNFQ0FDMjE5M0Uw
NUQwOTgzRTM0RkZBRTNFNzhBNEMxM0UwRTg4REYzRTg5MkQ3NzNFODA3Qjg2
M0VCMzZGNUQzRTE1N0UzQTNFOENEMDM1M0U0MzI4NTkzRTlBNzcyQjNFRkE3
MjIwM0UyNjA4MDUzRUMzNzE5NDNEODJERDFEODMqNkMNCg0K

--SBD.Boundary.605592468
PROCESS /noc/users/iridburst/exec/irid_300224010734970_upd.pl
Last Run  ----1970-01-01 00:00:00 
MONTH  5 
DATA  xxrecord 2012-05-16 04:00:05 :: $W5M5A,120516,040005,660d0028449ce246,1,DAS 2,4901.5215N,1622.8058W,11.0,118,14.5,14.2,11.1,63.0,4.3,11.1,63.9,4.6,1026.9,3.41,4.86,14.3,9,23*54
 
INSERT
STATION sbdservice
IRID_ID 300224010734970
BODY 
Content-Type: application/x-zip-compressed; name="SBMmessage.sbd"
Content-Disposition: attachment; filename="300224010734970_003328.sbd"
Content-Transfer-Encoding: base64

JFc1TTVBLDEyMDUxNiwwNTAwMDUsNjYwZDAwMjg0NDljZTI0NiwxLERBUyAy
LCwsMTEuMywxMjgsMTYuMywxNC4yLDExLjEsNjAuMiwzLjcsMTEuMSw2MS4x
LDMuOSwxMDI2LjMsMi45LDYuMTEsMTIuNSw3LDMwKjcyDQoNCiRXNU01QSwx
MjA1MTYsMDUwMDA1LDY2MGQwMDI4NDQ5Y2UyNDYsMixEQVMgMiwxMi45LDEz
LjEsMC4yLDAuNCwwLjAxLDEwMzAsMTAzNywxNTcsNjI5LDAsMzMwLjYsMTQu
NjYsOTIzKjZGDQoNCiRXNU01QSwxMjA1MTYsMDUwMDA1LDY2MGQwMDI4NDQ5
Y2UyNDYsMyw3RjAwNzUwMjNBMDAwMDUzMzIzMDMxMzIzMDM1MzEzNjMwMzQz
NDMwMzAzMDU1NUIwMDMxMzIzMDM1MzEzNjMwMzQzNDMwMkM1NDQxNDIzMDMw
MzAzMDMwMkMyRDMwMzUzMTJFMzEyQzJDMzEzMjJFMzQzNjJDMzQyRTMwMkMz
MzM2MzAzMDJDMzYzMDJDMzYzMDJDMzEyQzMwMzAzNTM3MzAyQzMzMkUzNDMy
MkMzMTJFMzIzNjJDMzEzOTM2MkMzMDJDMzAyRTMxMzczMzJDMkIzMDMwMkUz
MDBEMEFGNjEwRTBBOEE1QjA3RjAwNjcwMjNBMDAwMDU3MzIzMDMxMzIzMDM1
MzEzNjMwMzQzNDMwMzAzMEZGNEQwMDAwODBGQjQ0MDAwMDAxNDQwMEUwMkI0
NzAwMDBCRTQyNzE0OERBM0ZEOEY2MDc0MTUzNjFDMzQwQjNDNDM5NDBDOTk1
MzU0MUY0RUI4MjQwNDhFOTM2NDFGNDhDMEM0MTAwMDA0ODQxRjY0NTQ5NDEx
MjU0NDY0MEEzQUJFQTQwMzNGMUYwNDE4OUE3Q0EzQzU4MUZENjNBODBDNTdG
MDI3MjAyM0EwMDAwNEI1NjQ4MjAzNzMyMzAzMTMyMzAzNTMxMzYzMDM0MzQz
MDMwMzAzMDAwMDAwMEI4MUU4NTNEMEFEN0EzM0JDMUFCRUE0MDMyRjFGMDQx
OTYyQUNBNDE0RDBDQTU0MUQ2M0JDNjQxQzA0M0EyNDEzRDRCODY0MTgzRERD
NTQxRTAyRkY1NDA5NzM0REU0MTI5QjVCMzQzODhFRkUzNDEzQjU4QjE0Mzkx
QjNENjQxRTk4MUIxNDM0MERFRDA0MTcwMUJCMDQzNDBFOUUxNDFBNDU0QUY0
MzYwMzdGOTQxNEIzM0FFNDNGNkU5MEY0MjM5MDBBRDQzMDNDQjEyNDI0OTUw
QUU0MzQwQjMxNzQyQUY4QUIwNDNEQzA2MjM0MkE2MjFCMjQzOEI1RTMyNDJC
Njg1QjI0MzQyMzQzRTQyOTk2RUIxNDMyQjkwM0Q0MjRDOEVCMTQzNEZCMzFC
NDI0NUZFQTUzRjhENUJGNjQxNDU1NTYwNDA4N0NDMEY0MjAyOUUyODQxQUQ0
NjIyNDJGMDE2OUI0MTY4NEExNzQyMzUyMEExNDFDQTMxMkY0MkU0OUI3NzQx
NUFGMTM4NDIyREVDNkU0MTk5QjMyNDQyOUU4RDU5NDE3QUU0M0Q0MjgyQThG
NzQwNjQxRTdFNDJGOTZGMzY0MUE1QTA3NzQyRjdFNTBGNDE2MzA2NUE0Mjc1
MUIwOTQxM0E3OTNFNDJCMzg0MTU0MTlDNjEyRTQyQ0NCNEIzNDBFRjg3M0Q0
MkFDMjlGRTQwRDZENjU3NDJDNUQzQjU0MUE0QkU1OTQyODI0NkRDNDEzNzlE
NkM0MjhCRjcwQTQyRTU5ODc3NDI2QUU0NEY0Mjg5QUU2MDQyMEVDQjgxNDJF
NTIzNTg0MkJENDA5NjQyQjExNDUxNDJDRDk1QTk0MjAxREY2NjQyMUNCN0RC
NDI3MTMzODM0MjgxQTVGNDQyNEIxRThENDIyQjhFQ0I0MjUwM0Y4QTQyRDM3
QUQ0NDJGRjUxNjQ0MkE1N0JDODQyQjE1MDYxNDI2MkQ5QkQ0MkM2RjE3NTQy
OTk1MEUxNDJEODYyNzg0MjExQUFFOTQyQTczQzcyNDI3MDg2Qzc0MkFBMUM3
NTQyNjNENkVFNDAwMUY3MzQ0MTQxODQ1MDQxRTk2RkFBNDEyNEUyMkU0MTFB
NjRGQjQwQTQ4NzcyNDAxQTk5RDk0MDA0Qjg3RDQwNDVCQTVGNDBBNDIyNTU0
MDcxNDI1MjQwQzVFOTBGNDA2OUMzN0UzRjBERTM3NjNGQjI1RjY1M0YxMkY0
ODgzRjAxNjlGODNGRjJBMDlFM0ZDMkNGNTgzRjc3QTBEODNGNTk5MjgzM0Yx
NDBFNTAzRkRBNUQ4MzNGRURGRDlDM0U1RTg3MkMzRUI1MzQ1QjNFNTkwOTky
M0U2RDUwRUYzRTk1RUQxNzNGMTMxMzkxM0UwRDVBMDMzRUZCOEU1QzNFNDQx
NzM2M0UyQjRGMTczRTgzMEM5NjNFQkRCQUIwM0UyQjY0NzkzRUM2OTgyQTNF
NTQ2OTMxM0VCREJDRTEzREE2Q0MwMDNFNEI3ODk1M0VGNkUyQ0QzRTBGQjU2
NjNFODFDQTRFM0U2RjU2OTYzRTBFM0M0RQ==

--SBD.Boundary.605592468
PROCESS /noc/users/iridburst/exec/irid_300224010734970_upd.pl
Last Run  ----1970-01-01 00:00:00 
MONTH  5 
DATA  xxrecord 2012-05-16 05:00:05 :: $W5M5A,120516,050005,660d0028449ce246,1,DAS 2,,,11.3,128,16.3,14.2,11.1,60.2,3.7,11.1,61.1,3.9,1026.3,2.9,6.11,12.5,7,30*72
 
INSERT
STATION sbdservice
IRID_ID 300224010734970
BODY 
Content-Type: application/x-zip-compressed; name="SBMmessage.sbd"
Content-Disposition: attachment; filename="300224010734970_003329.sbd"
Content-Transfer-Encoding: base64

JFc1TTVBLDEyMDUxNiwwNjAwMDUsNjYwZDAwMjg0NDljZTI0NiwxLERBUyAy
LDQ5MDEuNTA3N04sMTYyMi41MzgyVyw5LjIsMTE0LDEyLjEsMTQuMiwxMS4x
LDYwLjQsMy44LDExLjIsNjEuNCw0LjAsMTAyNi4xLDIuODIsMy44LDE0LjMs
MTMsMjYqNjQNCg0KJFc1TTVBLDEyMDUxNiwwNjAwMDUsNjYwZDAwMjg0NDlj
ZTI0NiwyLERBUyAyLDEyLjksMTMuMCwwLjIsMC41LDAuMDEsMTAzMCwxMDM3
LDE1Nyw2MjksMCwzNDIuOCwxNS4wNSw5MjcqNjcNCg0KJFc1TTVBLDEyMDUx
NiwwNjAwMDUsNjYwZDAwMjg0NDljZTI0NiwzLDdGMDA3NTAyM0EwMDAwNTMz
MjMwMzEzMjMwMzUzMTM2MzAzNTM0MzAzMDMwNTU1QjAwMzEzMjMwMzUzMTM2
MzAzNTM0MzAyQzU0NDE0MjMwMzAzMDMwMzAyQzJEMzAzNTMxMkUzMTJDMkMz
MTMyMkUzNDMyMkMzNDJFMzAyQzMzMzYzMDMwMkMzNjMwMkMzNjMwMkMzMTJD
MzAzMDM1MzczMDJDMzMyRTM0MzIyQzMxMkUzMjM2MkMzMTM5MzcyQzMwMkMz
MDJFMzEzNzMzMkMyQjMwMzAyRTMwMEQwQUY0MTBDMUVGNDY4NzdGMDA2NzAy
M0EwMDAwNTczMjMwMzEzMjMwMzUzMTM2MzAzNTM0MzAzMDMwRkY0RDAwMDA4
MEZCNDQwMDAwMDE0NDAwRjA1MjQ3MDAwMEM2NDI4QzI5RDgzRjlFMDAwMTQx
NkE2MzczNDAwNDc1MzQ0MEFEQ0EzMTQxNzBCNDU1NDA0QjAwNDA0MTg5QjUw
QjQxNDk5MjY0NDFBMDBBNUE0MUY1NkQ0MTQwQjhBQjRENDEzRDQ4RDI0MTkx
NDRCRDNDRjExQTYyNkY0MkU2N0YwMjk2MDIzQTAwMDA0QjU2NDgyMDM3MzIz
MDMxMzIzMDM1MzEzNjMwMzUzNDMwMzAzMDMzMDAwMDAwQUU0NzYxM0QwQUQ3
QTMzQkI5QUI0RDQxM0Q0OEQyNDEyNkExQjA0MUQzNDJFQjQxRUUxRkM0NDFG
NjRDQjA0MUUyNDZDRTQxRUNFMjdCNDEyOTJFQkE0MTZDNEQ3ODQxNjM4RTky
NDE0M0U3OTE0MTM5NzA0NjQxQzg5MEE5NDFFNTQxMEU0MDU0NTlDNzQxMUQ5
MEIyNDMyQjUwQzk0MTk3N0IwRjNGOTlCNEQ1NDFCNzlDOTE0MDgxQjVENzQx
RDU1Mzk4NDAxMDdGQzA0MTk1RTgyQjQwRTUxQ0QyNDFFMkJFQjM0M0RFQzhG
OTQxNjI3NTJENDA2ODhFMEY0MjNDNTcwNTQxMjEyMjBGNDJBRTgxNDA0MEND
RTYwRDQyQjQxNjRDM0ZGQzA4MEI0Mjk1NUYyQTQxNDgzMzBENDI2OTc1RUI0
MDI4NDIxQTQyNzRCRTVBNDA0Q0U4MjM0MjkwRDMzNDQxRkYyNzI2NDIwRDkw
NjA0MUY2OUYxRTQyMEQ1MTY2NDA2QUQxMUQ0MkRCM0MyNzQxNDJFQTM4NDJG
QTRCMUE0MjAxQTMzQTQyQzkxMkYyNDE5RkZCNTc0MkQ5RENBMjQwQTcwOTVF
NDI3RkU2MUE0MTFGQzA0QTQyQkZBRENFNDE3OUFCNDI0MjY4OEJFRDQxMDBE
NDRGNDIwQjBFOEY0MTFFN0Q0MTQyQkNGQjcwNDE5QjQxNDU0MkM4RDkxMDQy
QjQ4NDZGNDIzMDc0NjQ0MkI5RDQ2QTQyNjk2RTVDNDI4MkVCNjA0MjE3Mzc0
NzQyQ0JEMjYzNDI2MzI0MTk0MjUzMkM2MjQyOTQ4MzA0NDI5MjI0NUU0MkRD
RUIyQzQyMkZDOTc4NDJBRTUzN0U0MjlCNTE4NDQyNDQzQzc4NDJDNDExOEE0
Mjc2MDJERTQyQjc1Mjk0NDIyQkExRjk0MkEyOUI4ODQyNzRCNEJENDJEOUI3
N0Y0MjQ0RTBBQTQyQjJFODgwNDJCMzQxQzY0MjU0REU4NjQyNzExOEUwNDJF
MzczODQ0MkU2Q0ZFNTQyMDM4Rjc5NDIyQUUzMDI0MzRCNTM2ODQyRjUwNzEw
NDM1NEEyNkE0MjZCRTAxOTQzQ0QyMjdGNDJDRkU4NjYzRkZBMzE1RjQwODlC
NEY1NDA4OTAwNzU0MTM4QzkyNzQxQzY3MDI3NDE5MjQ3MDE0MUU3RTgxMjQx
OENDMkJGNDAyRENCOUM0MEVENTlCQTQwNDlGMDhFNDBEQ0VEMkU0MDAyNDQw
MjQwN0E1QzE0NDBGODU2NTU0MEQzRTRENTNGNURBNzRBM0YxODg1NDEzRkU2
RDU1QjNGRTI5QUEwM0ZCMTY2QjYzRkJEQzM0NDNGRDY3RDBFM0Y5QjM4RkMz
RTQ3NEVFNjNFNjI4OEVEM0UyRDNDRDQzRTk1OTJGNTNFNDhBNzk3M0U2Qjg5
ODkzRUE5MkJCQzNFNEE1QzdFM0VDOTI3MjczRTlFQjI2NzNFRTJFNzgyM0U0
OUMxOTIzRUJBNUQ0NjNFOEZDNDA5M0VDRg==

--SBD.Boundary.605592468
PROCESS /noc/users/iridburst/exec/irid_300224010734970_upd.pl
Last Run  ----1970-01-01 00:00:00 
MONTH  5 
DATA  xxrecord 2012-05-16 06:00:05 :: $W5M5A,120516,060005,660d0028449ce246,1,DAS 2,4901.5077N,1622.5382W,9.2,114,12.1,14.2,11.1,60.4,3.8,11.2,61.4,4.0,1026.1,2.82,3.8,14.3,13,26*64
 
INSERT
STATION sbdservice
IRID_ID 300224010734970
BODY 
Content-Type: application/x-zip-compressed; name="SBMmessage.sbd"
Content-Disposition: attachment; filename="300224010734970_003330.sbd"
Content-Transfer-Encoding: base64

JFc1TTVBLDEyMDUxNiwwNzAwMDUsNjYwZDAwMjg0NDljZTI0NiwxLERBUyAy
LDQ5MDEuNDgzOE4sMTYyMi4yNzg4VywxMC4yLDExMSwxMy4zLDE0LjIsMTEu
Miw2My4zLDQuNSwxMS4yLDYzLjksNC42LDEwMjUuOSwyLjYyLDMuMjYsMTQu
Myw2LDI4KjU3DQoNCiRXNU01QSwxMjA1MTYsMDcwMDA1LDY2MGQwMDI4NDQ5
Y2UyNDYsMixEQVMgMiwxMi45LDEzLjAsMC4yLDAuNCwwLjAxLDEwMzEsMTAz
OCwxNTYsNjI4LDAsNjIuOCwxMy44OCw5MTQqNUINCg0KJFc1TTVBLDEyMDUx
NiwwNzAwMDUsNjYwZDAwMjg0NDljZTI0NiwzLDdGMDA3NTAyM0EwMDAwNTMz
MjMwMzEzMjMwMzUzMTM2MzAzNjM0MzAzMDMwNTU1QjAwMzEzMjMwMzUzMTM2
MzAzNjM0MzAyQzU0NDE0MjMwMzAzMDMwMzAyQzJEMzAzNTMxMkUzMTJDMkMz
MTMyMkUzNDM0MkMzNDJFMzAyQzMzMzYzMDMwMkMzNjMwMkMzNjMwMkMzMTJD
MzAzMDM1MzczMDJDMzMyRTM0MzIyQzMxMkUzMjM2MkMzMTM5MzgyQzMwMkMz
MDJFMzEzNzMyMkMyQjMwMzAyRTMwMEQwQUY3MTAyOTk1RTEyQTdGMDA2NzAy
M0EwMDAwNTczMjMwMzEzMjMwMzUzMTM2MzAzNjM0MzAzMDMwRkY0RDAwMDA4
MEZCNDQwMDAwMDE0NDAwMDA3QTQ3MDAwMEI2NDI0RjM1RDQzRjc1NzUwQzQx
NTY1RDUwNDBBRjlBMjc0MDQ3MUQzOTQxNEE2NDQyNDA1NDIwNDU0MTA4NkQw
QjQxNDk5MjY0NDE0N0U4NUM0MTJGRUEyRDQwQTZFN0MyNDAxQzY2RTA0MTRE
OUE5OTNDNTMxOTUwOTE2RjZCN0YwMjhBMDIzQTAwMDA0QjU2NDgyMDM3MzIz
MDMxMzIzMDM1MzEzNjMwMzYzNDMwMzAzMDMyMDAwMDAwOEZDMjc1M0QwQUQ3
QTMzQkI4RTdDMjQwMTg2NkUwNDE3Qzc2QjY0MUJFMTZEMjQxQzhCRjkwNDFE
OTJEODM0MTY0NkQ4NjQxQUNDNjcyNDEwOTg1N0U0MUM4OEM5MTQxNTMwRjEw
NDE1QzQ4QkQ0MTFEMkVBRTNGMTAwMUU3NDE2MzA1QjI0M0YwRURGRDQxNTEz
NUFFNDM0M0ZCRjg0MTZDNUZBQTQzNjhBRERFNDFBN0U0QUE0MzgzRTQwMjQy
REExM0FCNDNFNzVCMTU0MkZGMkVBOTQzOTMzNTA2NDJCMzk2QUI0MzFFOTVF
RTQxMDA5N0FGNDM0MjlFMEY0MkMwM0E0NTNGRTRGNzE5NDJFNDJGQjI0M0RB
MDMxOTQyQzQ4Q0FFNDMzRjc5MTU0Mjk2RjZCMTQzNzE2RDI4NDI5N0YyRkM0
MDFGQkEyRjQyNEY1MDAxNDE3OUYxMUQ0MkMzOERCMzQzNjJBRTEyNDI4OTc3
QjA0MzU3QjcwOTQyQTZFMEE1M0ZCMDkwMTE0MkUwRkQ5RTQwN0IzQzFCNDIw
NzdGNDY0MDZCNjgzRTQyODczNEM2NDEwOEVCNUE0MjQ5MkFFNTQxNDUwRjRB
NDIwMUJBREE0MTlFNTE0MzQyMzVDODIzNDIzMzRCNDY0Mjg2MTYzNzQyQTFC
MzQ0NDJDMDI3MjA0MkQ2NzY0RTQyQzkyRjI4NDJCMjVCNUM0MkU3RTkyQzQy
RDg3RjY5NDI2NzMwM0Q0MjVBN0I4MzQyODhBNjQ5NDJBMERBOEI0MjZBQUQx
QjQyN0Q5MTkxNDJFNTc5NUU0MjUwQTI5MDQyOTkwNjk5NDJCNDc1OEI0MkFE
NTZBRTQyMkNFNThBNDI2OTA3RDg0MkEyMkY4NDQyMjc4M0NENDI3NjU1NkM0
MjA0NUFBRjQyMzZCNjVENDJGRERCQTE0MjBCOEQ3RjQyMzVCRUI4NDI5MDcz
OEQ0MjE0RERBRTQyMjAyNTg5NDI5NUJEQUQ0MjgzNTQ4MjQyNzEzMUNDNDIw
MTJDNzc0MjVDNjhERjQyMTA0QzZBNDI1Mzk1RjU0MjZEQTQ2NjQyQjFBQjA3
NDNBMjYzNkI0MjYwMkFCRDNGRENCMEYwNDBFNkQ3NUE0MTFFOUMxQTQxQzhC
OTE0NDFGNzdCMDM0MTkyOEE3NDQwMDlBNzlBNDAxMEMyNzU0MEU3RTY2MzQw
NDJDRjI3NDBDMDY0MEU0MERGMTBGNjNGMUVERkI4M0YzRUU5QkMzRjNFNjRD
NTNGNTg3RDA3NDAyOTAzOUQzRkQ3QUQyMzNGNDhCMjYyM0ZFOTc0NEIzRkE3
REU3MDNGNUIxNzUwM0ZFQjNEMTkzRjJEODk5RTNFREEzRTJFM0UwQ0YwOEMz
RTIzRTk1NDNFN0IwQzc5M0VFOEQ0OEEzRTAwNDdEMzNEN0IxNzlCM0VFOUQ0
QjMzRTkyMUQ4RjNFMjQxMjhGM0VDNDE1NUQzRTczQ0Q2QTNFOEZDQzk0M0VC
Qjk4ODczRUNENzk4NzNFOTU4QjdGM0UwMA==

--SBD.Boundary.605592468
PROCESS /noc/users/iridburst/exec/irid_300224010734970_upd.pl
Last Run  ----1970-01-01 00:00:00 
MONTH  5 
DATA  xxrecord 2012-05-16 07:00:05 :: $W5M5A,120516,070005,660d0028449ce246,1,DAS 2,4901.4838N,1622.2788W,10.2,111,13.3,14.2,11.2,63.3,4.5,11.2,63.9,4.6,1025.9,2.62,3.26,14.3,6,28*57
 
INSERT
STATION sbdservice
IRID_ID 300224010734970
BODY 
Content-Type: application/x-zip-compressed; name="SBMmessage.sbd"
Content-Disposition: attachment; filename="300224010734970_003331.sbd"
Content-Transfer-Encoding: base64

JFc1TTVBLDEyMDUxNiwwODAwMDUsNjYwZDAwMjg0NDljZTI0NiwxLERBUyAy
LDQ5MDEuNDMwOE4sMTYyMS45OTc2Vyw4LjMsMTExLDExLjksMTQuMiwxMS4y
LDU5LjYsMy43LDExLjMsNjAuNCwzLjksMTAyNS42LDMuMDksNS4xNCwxMy4z
LDgsMjQqNjgNCg0KJFc1TTVBLDEyMDUxNiwwODAwMDUsNjYwZDAwMjg0NDlj
ZTI0NiwyLERBUyAyLDEyLjksMTMuMSwwLjIsMC41LDAuMDEsMTAzMiwxMDM5
LDE1Niw2MjgsMCwyMzkuMSwxMy44OCw5MjEqNjUNCg0KJFc1TTVBLDEyMDUx
NiwwODAwMDUsNjYwZDAwMjg0NDljZTI0NiwzLDdGMDA3NTAyM0EwMDAwNTMz
MjMwMzEzMjMwMzUzMTM2MzAzNzM0MzAzMDMwNTU1QjAwMzEzMjMwMzUzMTM2
MzAzNzM0MzAyQzU0NDE0MjMwMzAzMDMwMzAyQzJEMzAzNTMxMkUzMTJDMkMz
MTMyMkUzNDM2MkMzNDJFMzAyQzMzMzYzMDMwMkMzNjMwMkMzNjMwMkMzMTJD
MzAzMDM1MzczMDJDMzMyRTM0MzIyQzMxMkUzMjM2MkMzMTM5MzkyQzMwMkMz
MDJFMzEzNzMyMkMyQjMwMzAyRTMwMEQwQUZCMTBEQjJGNDc2MTdGMDA2NzAy
M0EwMDAwNTczMjMwMzEzMjMwMzUzMTM2MzAzNzM0MzAzMDMwRkY0RDAwMDA4
MEZCNDQwMDAwMDE0NDAwODg5MDQ3MDAwMEI2NDIxRURFRTgzRjY3RjcwQzQx
MTY3RUE0NDBFNjg1NDU0MDVBMUQzRjQxNkNFMjc3NDAxMDk1Mzc0MUZFODMx
NDQxNTY1NTU1NDFDNDIzNDc0MTNGRDA0QjQwOEEzNDA2NDEwRkZDQzI0MTQw
REZEQjNDNUYxQzFDRkJGNTAwN0YwMjY2MDIzQTAwMDA0QjU2NDgyMDM3MzIz
MDMxMzIzMDM1MzEzNjMwMzczNDMwMzAzMDJGMDAwMDAwOEZDMjc1M0QwQUQ3
QTMzQjhGMzQwNjQxMENGQ0MyNDEwRjdBQzM0MUNEOEJCRDQxQkFFREJCNDEy
QkExOEI0MTFCRkZCODQxMDI3ODg2NDE2QTI0QUM0MTMyMDU5NTQxOUVGRjRE
NDExNjdBQkU0MTc5OUU2QjNGMzIyNUI5NDFBMkExMTMzRkVBNzdBMTQxMUFG
RDI0NDBCMzNBOUQ0MURGNEJCMzQzMDY1Q0MzNDEyNzI1QUQ0MzNCQ0RFMjQx
NzVCMkFCNDM3RTRERUE0MUUzRjc0OTNGQTdEOUY0NDEzQjU1RTE0MDVCQUUw
NzQyNDcyNEE4NDBGRkJGMTQ0MjUzNDE4MDQwQ0QyRTAwNDJBRkVCMzgzRjI4
N0FGNDQxQzVEMUIwNDM5MzM4RjE0MTlFQzFBRTQzQTBBOEVFNDEwNEU4QUY0
MzdCNDkwNDQyQTBEMDU4NDA2NkVDMkI0MjdDQ0JCMzQzMjQ2MDQ3NDIyMzlE
QUQ0MzdBRUEzNTQyMUFGNUFENDM4MDRGMTU0MjVGN0RCMTQzMTlCNzBENDI3
MUY1RjI0MDcwQzYxNjQyNjBDMjhGNDE1MUYzMjk0MkQzNkI4RjQxOUNDMjQ5
NDI4NDlGMUE0MTlBOUM1NjQyN0JEOTg4NDE4RTgyNTg0Mjk5NjJFNTQxMjQ5
RTU5NDJERTBCMzg0MTcwMzU1QjQyOTcwRDA2NDE1MUY3NTA0MjFDOUNGOTQx
RDYyMjUzNDJGOEE0NTA0MjFCNkY3ODQyOEYzQTdDNDJFMDA1OTM0MkRERjJB
OTQxNjNEMzhBNDJDRTg1RDY0MEFFMzk5MTQyRjBGOTMxNDMwNTJFOEM0MkRE
MjkyNTQzNUUyRThENDJEMDRBMEQ0Mzc5REY5MDQyMzNBQkUwNDI0RkM5ODg0
MjkzMkZCNTQyMUZBNTdCNDI0NDgzOEE0MjMyRjk4MDQyRUZDODcwNDI0MjQ5
ODk0MjZGNjJCMTQyOEU0MDgzNDJENjE1REE0MkM4M0Y2QTQyQ0JBNEU0NDJF
M0UzNjU0MkM5MTZGODNGQkY3REQwNDAzNjA0NTE0MTNBMzE4NDQxMkE3MzI5
NDExODlDNkI0MUUyOTE2MDQxNDI0MDJBNDE3QTUyQkI0MEM2NENBQzQwN0I2
NDUyNDAxQ0FGRTYzRjFFQ0VBQTNGQTdFMUQzM0YwNkY0MDk0MDAyRkUxRDQw
Qjg2RDhGM0Y5RDE4QkQzRkI4Q0M5MTNGOERENTA4M0Y5Q0NDMUEzRkMwMzIw
NzNGNjAyQzYyM0YyMkZCNTIzRkY5QzQxRTNGNUU1QjBBM0ZEN0FFRDkzRTJE
NjgwQTNGMjA1QjkwM0UyMzkxQUYzRTNBOTBFODNFOUFCNzlDM0VFMzY5NUMz
RUYxQTEwRjNFMUI4QTA1M0U4QTMzMDEzRTc4Nzk4NjNEQjZEN0Q1M0RGODYw
QzYzRDhFQzEyQzNFN0UyQzlGM0UyQjI1NEYzRUEyNzYyOTNFRUNERTBBM0VD
QkUxRTkzRDhGMzdGODNEMzZCQUYxM0Q1RA==

--SBD.Boundary.605592468
PROCESS /noc/users/iridburst/exec/irid_300224010734970_upd.pl
Last Run  ----1970-01-01 00:00:00 
MONTH  5 
DATA  xxrecord 2012-05-16 08:00:05 :: $W5M5A,120516,080005,660d0028449ce246,1,DAS 2,4901.4308N,1621.9976W,8.3,111,11.9,14.2,11.2,59.6,3.7,11.3,60.4,3.9,1025.6,3.09,5.14,13.3,8,24*68
 
INSERT
STATION sbdservice
IRID_ID 300224010734970
BODY 
Content-Type: application/x-zip-compressed; name="SBMmessage.sbd"
Content-Disposition: attachment; filename="300224010734970_003332.sbd"
Content-Transfer-Encoding: base64

JFc1TTVBLDEyMDUxNiwwOTAwMDUsNjYwZDAwMjg0NDljZTI0NiwxLERBUyAy
LDQ5MDEuMzg4OU4sMTYyMS43NjkxVywxMi4wLDEyOCwxNi41LDE0LjEsMTEu
Miw2My43LDQuNiwxMS4zLDY0LjYsNC44LDEwMjUuNiwzLjA5LDQuNzcsMTMu
Myw3LDI2KjU5DQoNCiRXNU01QSwxMjA1MTYsMDkwMDA1LDY2MGQwMDI4NDQ5
Y2UyNDYsMixEQVMgMiwxMi45LDEzLjEsMC4yLDAuNCwwLjAxLDEwMzMsMTA0
MCwxNTYsNjI4LDAsMzQ1LjcsMTMuODgsOTIwKjY3DQoNCiRXNU01QSwxMjA1
MTYsMDkwMDA1LDY2MGQwMDI4NDQ5Y2UyNDYsMyw3RjAwNzUwMjNBMDAwMDUz
MzIzMDMxMzIzMDM1MzEzNjMwMzgzNDMwMzAzMDU1NUIwMDMxMzIzMDM1MzEz
NjMwMzgzNDMwMkM1NDQxNDIzMDMwMzAzMDMwMkMyRDMwMzUzMTJFMzEyQzJD
MzEzMjJFMzQzNzJDMzQyRTMwMkMzMzM2MzAzMDJDMzYzMDJDMzYzMDJDMzEy
QzMwMzAzNTM3MzAyQzMzMkUzNDMyMkMzMTJFMzIzNjJDMzIzMDMwMkMzMDJD
MzAyRTMxMzczMjJDMkIzMDMwMkUzMDBEMEFFQzEwQTIwM0ExMzA3RjAwNjcw
MjNBMDAwMDU3MzIzMDMxMzIzMDM1MzEzNjMwMzgzNDMwMzAzMEZGNEQwMDAw
ODBGQjQ0MDAwMDAxNDQwMDEwQTQ0NzAwMDBBMjQyN0QxOEY4M0ZEQzZFMUM0
MUE2ODc5ODQwM0E3OTQ1NDBCQ0M3NDk0MUNDM0M2QzQwRjY2NTQ1NDEwMkQ1
MTM0MTU2NTU1NTQxMEZFNDU3NDEyQkM0NDg0MDQ3M0FEQjQwNjQ0MENFNDFC
OUQ1RDgzQ0UwMUMzQUZFOTI0MzdGMDI1QTAyM0EwMDAwNEI1NjQ4MjAzNzMy
MzAzMTMyMzAzNTMxMzYzMDM4MzQzMDMwMzAyRTAwMDAwMDhGQzI3NTNEMEFE
N0EzM0I2MDNBREI0MDVGNDBDRTQxMDNFOEIyNDE3RjE5QzQ0MUMwMTU5NzQx
OEI5QzlGNDEzMEQwOEY0MTRCNTM5MTQxRkMyQTZFNDE3OTZDOTQ0MUIwQkJG
NjQwNTczRUE4NDE0NzhEQjM0M0ExMDdDOTQxQzJBOEIwNDM0OEQ4REE0MTcw
QzRBRTQzOTQ2OERCNDEyQjdEQUQ0MzFCOTdENzQxMkU2NEFGNDMwM0E5RTM0
MTE0RTZCMzQzOEIyQkU5NDE2N0JCQjM0Mzc4M0JERjQxOUU1RUIyNDMxOEM0
RDE0MTYxODhCMjQzM0I2N0U1NDFGQkJEQUU0MzIwMTUwRTQyMDRCQ0E5NDM2
QzBFMTk0MkVFREFBRTQzQzYzNDFCNDI4NkZCQjE0M0M2QTgxRjQyQjdDNEFE
NDNEQjE4Mjc0MjdBQzdBQTQzQTc0QTFENDI3QUE5QUU0MzNEOEMxQjQyRTY0
QUIzNDMwOEYwMjA0MjI0MzIxNDQwN0M1RTNCNDIwRUI0QjE0MzUwNjYzNTQy
N0VFOEFGNDNDRUVFMkI0MkY2MjhCMzQzRkQwODUyNDJEN0JDNkM0MTM3NDg2
MzQyRDVDQTA4NDAxMzYwNTM0MjhBRjZCMTQzRkVFNDM4NDIxNEZEQjA0MUZD
QTQzMzQyNjA4QUZDNDEyOEM5MjA0MkJBNkUxRTQyRjREODQ4NDI5RjY1QTU0
MkU2M0I3NDQyRUExNkRENDJDNUUzNjM0MjhEQkRFOTQyODg0ODcwNDJCRUQ3
QzI0MjBFRkM4MDQyMDkzRUM0NDJCNjU4NzI0MkVCNzhFMTQyOEMzRTcxNDI5
OTZERDU0MkMyNjQ3RTQyRkMyNEFENDJGQ0QwN0U0MkY0NkFCMDQyNTlGMTg3
NDI0N0ZFQzU0MkRENEU5MDQyQjE5QUM4NDJDRDI4OEY0MkVGNUYwMDQzMjAw
RThBNDIwNEVDMDY0Mzk5QjM4OTQyRkRCOTA4NDMzMTdGOEY0MjMyOUEzMjQw
NkIwMzA1NDFCNjFGOEQ0MTdGODVBMzQxNzdGNDIxNDE2MDI2NDI0MTEwNjcw
MDQxOTQxNEExNDBFRjA1NzI0MDE0NDc4MTQwQjFCQjg4NDBBMUM1NDY0MENG
QTcyQTQwMkNFOTI0NDBFRjcxMDU0MEE5ODMwOTNGREZBMDg5M0ZCRTU3OUEz
RkE5Mzc0QjNGMENFOTQyM0Y3N0U0OUIzRkIxNjA3MjNGNzAzNTE2M0Y0RDUy
MkIzRjMwODlCRjNFRDA4OEI2M0UwNEUwQjEzRTREMzBERDNFQ0U4RTA5M0Y3
QjNCQzczRUU2RTYxMzNGMjkzQTg3M0VFNUU2MjQzRTA2M0ZCNzNEN0EyRjNC
M0VCRTQwNTUzRTEzRUQwQTNFQjZFNTNCM0UxQUU2ODAzRTM1QjJDMjNFRThB
MUEyM0VCQTU5QTgzRTM2Mzg1QjNFN0NCMTIzM0U4NEIyNjgzRTc1NDZBMTNE
QTRGMTBCMjgqMUENCg0K

--SBD.Boundary.605592468
PROCESS /noc/users/iridburst/exec/irid_300224010734970_upd.pl
Last Run  ----1970-01-01 00:00:00 
MONTH  5 
DATA  xxrecord 2012-05-16 09:00:05 :: $W5M5A,120516,090005,660d0028449ce246,1,DAS 2,4901.3889N,1621.7691W,12.0,128,16.5,14.1,11.2,63.7,4.6,11.3,64.6,4.8,1025.6,3.09,4.77,13.3,7,26*59
 
INSERT
STATION sbdservice
IRID_ID 300224010734970
BODY 
Content-Type: application/x-zip-compressed; name="SBMmessage.sbd"
Content-Disposition: attachment; filename="300224010734970_003333.sbd"
Content-Transfer-Encoding: base64

JFc1TTVBLDEyMDUxNiwxMDAwMDUsNjYwZDAwMjg0NDljZTI0NiwxLERBUyAy
LDQ5MDEuMzUyMk4sMTYyMS42MTQ3VywxMC40LDEyNywxMy41LDE0LjEsMTEu
Miw2MS43LDQuMSwxMS4yLDYyLjYsNC40LDEwMjUuMiwyLjgzLDQuMTUsMTEu
OCw0LDI3KjVBDQoNCiRXNU01QSwxMjA1MTYsMTAwMDA1LDY2MGQwMDI4NDQ5
Y2UyNDYsMixEQVMgMiwxMi45LDEzLjEsMC4yLDAuNSwwLjAxLDEwMzQsMTA0
MSwxNTYsNjI5LDAsMzQ3LjUsMTMuNDksOTIzKjY3DQoNCiRXNU01QSwxMjA1
MTYsMTAwMDA1LDY2MGQwMDI4NDQ5Y2UyNDYsMyw3RjAwNzUwMjNBMDAwMDUz
MzIzMDMxMzIzMDM1MzEzNjMwMzkzNDMwMzAzMDU1NUIwMDMxMzIzMDM1MzEz
NjMwMzkzNDMwMkM1NDQxNDIzMDMwMzAzMDMwMkMyRDMwMzUzMTJFMzEyQzJD
MzEzMjJFMzQzODJDMzQyRTMwMkMzMzM2MzAzMDJDMzYzMDJDMzYzMDJDMzEy
QzMwMzAzNTM3MzAyQzMzMkUzNDMyMkMzMTJFMzIzNjJDMzIzMDMxMkMzMDJD
MzAyRTMxMzczMzJDMkIzMDMwMkUzMDBEMEFGMDEwNUM5QzA4RDk3RjAwNjcw
MjNBMDAwMDU3MzIzMDMxMzIzMDM1MzEzNjMwMzkzNDMwMzAzMEZGNEQwMDAw
ODBGQjQ0MDAwMDAxNDQwMDk4Qjc0NzAwMDBCQTQyRTNFM0U0M0Y3Nzk3MDk0
MUE4Q0I4NDQwMjEyMjM1NDA2MDczMkY0MTcyMDg2ODQwOEJGMzMzNDE5QUI2
MEM0MTNDM0MzQzQxMzk5NjNBNDE1ODY5M0Y0MDBEOTA2RjQwNTM2RURBNDE2
QUNFQkEzQ0RCMUJENTYxOEU0QzdGMDI3RTAyM0EwMDAwNEI1NjQ4MjAzNzMy
MzAzMTMyMzAzNTMxMzYzMDM5MzQzMDMwMzAzMTAwMDAwMDhGQzI3NTNEMEFE
N0EzM0IyQTkwNkY0MDRDNkVEQTQxMTEyRTZGNDE3MTg0QjU0MTgxMDk4QzQx
MzA1OUNGNDE4ODM1NTk0MTkzRDFDQTQxNTQyM0ZBNDAyNTI4QTM0MTgzRDI4
QzQwMzZENkFDNDExNThGQjQzRkE2OTFCRjQxQUVDQzdDM0UyREZEQkI0MTdG
RTlBNzNFMEREN0IxNDFCN0M3QjM0MzlDMTZDMDQxQkVGMUIxNDM3NTcxQ0U0
MTE4RjJBQzQzOTkyMUQ1NDE1NDlFQTg0MzVGMEYwNDQyODdCMUE1NDM3OTBG
MEQ0Mjg2MTBBOTQzQzc4RTE1NDJENTNEQUE0M0U0OUIxNjQyNkYyN0FCNDMw
QTg5MTY0MjJCRDUzRDQwMEVBRTI4NDJBNDJDQTI0MThBNDMxRDQyRThCODdD
NDFFRUVGMjQ0MkZGQkNFQzQwRjI1NzJGNDJDN0VEMDM0MDRCNzMyRTQyN0ZD
N0IzNDNGOEI3MkU0MjRCMjU0QzQxRTI4NjMyNDI5OTQ5QUU0MTk2MDU0MjQy
QTYzNUUyNDFCMjBGNzU0MkQ2MDdGOTQwRkFDQTgzNDI1MjU2QUU0M0Y4NTI3
NzQyOEREMEY2NDAzMUI1N0U0MkRBOTFGOTQxMDhEMDcxNDJEQzlBMjk0MkZE
RTc2MTQyRERCMDgwNDJDNkI1NTM0MjY3Mjg4MTQyRkUwRDY2NDIxNDU3NUI0
MjdDNEI3NzQyQTA4RDkyNDJGQUY0ODA0MkZEODhCNDQyRTc2Rjc4NDI4MjI4
Qjg0MjRCQUY3MDQyRDM3RkMzNDJCN0M2ODk0MkE0REVEMzQyODBCQjkyNDJC
NzRFREI0Mjc3QjE4OTQyMTYwOEY1NDIzNEFBODY0MjNEODJFQzQyOTJFNzg4
NDI4MDBCQzE0MjVDMEM4NzQyREM5MkY0NDI4RUM4ODM0MkFCRDYxNDQzQTFG
NDczNDJCMzI3MTY0MzJGMUU3NzQyNTk2NTA1NDM5MjdGODA0MjZCNjJENTQy
OTAyRTg4NDJCNTQwQjU0MjkyOUY4RTQyNUY5MEU4NDIzMTAxODM0MjQ2MzAw
NjQwQTRCRDEzNDAwQUQ1MjQ0MDkzQTIwRDQxQUYwMzY1NDFCNzUyOTc0MTk0
ODg2NDQxRUFBNjQyNDExQkYzMEY0MUVEMUY3MTQwREYwRTZBNDBGOERFQzEz
RjYxMjdCMTNGRDNGNUI1M0YxQzU4NzgzRjBGMTk3MDNGNkU4OTUwM0Y1NjVB
NDgzRkNERTUzQjNGQkUyNDBFM0YxQTkzMzMzRkY5RDcxQjNGN0UzQjBDM0ZG
MkI3RjYzRTNGNzBDODNFQjNDNDAxM0YyODExOUIzRTUwNDQxQTNFNUJFOThG
M0UxNUY5QzMzRTdEMUI3QTNFMTM3RkFDM0U5MTAwQ0EzRTFGMzVBQjNFRTIw
RTdDM0UwQTc5OEYzRTM2OURBQzNFRUVDQTUyM0UzMTg4NkEzRUEzQTI5MDNF
MUVCQzcxM0VENjE5NDMzRTBFQ0I5ODNEQw==

--SBD.Boundary.605592468
PROCESS /noc/users/iridburst/exec/irid_300224010734970_upd.pl
Last Run  ----1970-01-01 00:00:00 
MONTH  5 
DATA  xxrecord 2012-05-16 10:00:05 :: $W5M5A,120516,100005,660d0028449ce246,1,DAS 2,4901.3522N,1621.6147W,10.4,127,13.5,14.1,11.2,61.7,4.1,11.2,62.6,4.4,1025.2,2.83,4.15,11.8,4,27*5A
 
INSERT
STATION sbdservice
IRID_ID 300224010734970
BODY 
Content-Type: application/x-zip-compressed; name="SBMmessage.sbd"
Content-Disposition: attachment; filename="300224010734970_003334.sbd"
Content-Transfer-Encoding: base64

JFc1TTVBLDEyMDUxNiwxMTAwMDUsNjYwZDAwMjg0NDljZTI0NiwxLERBUyAy
LDQ5MDEuMzM3OU4sMTYyMS41NDkxVyw5LjAsMTE0LDExLjgsMTQuMSwxMC43
LDY2LjIsNC43LDEwLjgsNjYuOSw0LjksMTAyNC42LDIuNDksMy4xNywxMS4x
LDEwLDMyKjVFDQoNCiRXNU01QSwxMjA1MTYsMTEwMDA1LDY2MGQwMDI4NDQ5
Y2UyNDYsMixEQVMgMiwxMy4wLDEzLjEsMC4yLDAuNCwwLjAxLDEwMzUsMTA0
MiwxNTYsNjI4LDAsMzA2LjAsMTMuNDksOTIxKjZFDQoNCiRXNU01QSwxMjA1
MTYsMTEwMDA1LDY2MGQwMDI4NDQ5Y2UyNDYsMyw3RjAwNzUwMjNBMDAwMDUz
MzIzMDMxMzIzMDM1MzEzNjMxMzAzNDMwMzAzMDU1NUIwMDMxMzIzMDM1MzEz
NjMxMzAzNDMwMkM1NDQxNDIzMDMwMzAzMDMwMkMyRDMwMzUzMTJFMzEyQzJD
MzEzMjJFMzUzMjJDMzQyRTMwMkMzMzM2MzAzMDJDMzYzMDJDMzYzMDJDMzEy
QzMwMzAzNTM3MzAyQzMzMkUzNDMyMkMzMTJFMzIzNjJDMzIzMDMyMkMzMDJD
MzAyRTMxMzczMjJDMkIzMDMwMkUzMDBEMEFFMzEwMDhGRDE3RkE3RjAwNjcw
MjNBMDAwMDU3MzIzMDMxMzIzMDM1MzEzNjMxMzAzNDMwMzAzMEZGNEQwMDAw
ODBGQjQ0MDAwMDAxNDQwMDIwQ0I0NzAwMDBDNDQyMDA5Q0NBM0ZCMDNCMDE0
MTA1QkQ0QTQwNkY0QjFGNDAxOUY1Mjc0MTg1OTAzQjQwRTY3NzJDNDFDOTg3
Rjg0MDFEQzczMTQxMzUxNzM2NDE4NjdDMjY0MDk5QkUyNDQxMkRBNzAxNDJG
RDA3OEQzQzM4MUE1RDg1NUY2MDdGMDI5NjAyM0EwMDAwNEI1NjQ4MjAzNzMy
MzAzMTMyMzAzNTMxMzYzMTMwMzQzMDMwMzAzMzAwMDAwMDhGQzI3NTNEMEFE
N0EzM0JBNkJFMjQ0MTJCQTcwMTQyRUIxNjhDNDE4MDExRTE0MUIwODQ2MDQx
MURGMDlGNDE4NDM3NzM0MTM3NEE5QTQxQjdCQThBNDE0MUJGQTY0MTI4RDRB
RTQxMTQyRkUzNDFCRjA5Nzg0MUJDNTIwODQyQ0I3QjgwNDAyOUJGRkI0MTVD
RDJCMDQzMTYxOUY2NDE1NkY4QUE0Mzk2ODJGNzQxREM3Q0FGNDMyRjk2MEE0
MkI3RUY4RTQwMDYxOEU1NDE1MzBEREEzRjBGQTFDNTQxQUNFRUIyNDMxRUY2
RTE0MTZCNUFCMjQzNzcxREY2NDE1MDQ1QjM0M0JGNDUwMDQyMjJDRDc0NDBC
MzU4MTE0MkUwQjRERjQwRTlGQzI0NDI5QUJBNDE0MDU2ODQ0NTQyMzVBNkIw
NDM4RTY5NEY0MjQ4NjRBOTQzODU4RjRDNDI4RDhEQUE0MzJDNjEzMDQyQTc3
MkFGNDM3NEMwMjM0MjczMDk5MjQwMDI5QzQwNDI3ODc2OTk0MDFFOUM0QjQy
RUI4QTg5NDBDMjk4NEQ0MjM5QTFEMDQxREU4QjRENDJBOTZFRjc0MUIwMjk0
MzQyQ0EzMEVENDExNjcxNTU0MjYyRjAyQzQyMUU2NDRBNDI1NzkzMzk0MjBG
MEEyODQyNTBEODNGNDIyRDQ1NDI0MjcyNUEzQzQyNTBDMzU5NDI5RUJDMkE0
MkI5M0I1MDQyN0ZDRjdBNDIyQTQxNkM0MjgxOEZCQjQyNjQ2RDY0NDI1QzY2
QTY0MjIzMDE2MzQyMDEzREIwNDIyQzQ2NkQ0MjIxRThDQTQyNjgzNzZFNDI3
Qjg2RDU0MkQ2NkM2RDQyNUM0NUUwNDI0QzE2NzI0MjlDQzJENjQyMUIyMDZG
NDI4RUQ3RDU0MjA3MjQ2NjQyMTE0N0UyNDJFQjQ0NjA0MjIxNDFEODQyMjNE
RDgwNDIyMkVBOEM0MkQ4QjU5NzQyMjI5QjAwNDNGRDhGOUM0MkUxM0MyMjQz
RDlCQThENDJFODMzMkE0M0RCMjM4QjQyQkUxRjJDNDM2QjFFOEQ0MjMyRDcw
NTQzMzM1MjhCNDI0QzVERTY0MjEyNkI4OTQyMTI5MUREM0Y3MDlDQjY0MDZE
M0FDRDQwNzRCRkU2NDBDMzcxMkY0MDJERDEzQTQwNjhFRTJCNDEyMjJBRkU0
MEQ3QTQ4MjQwREQ1ODEzNDAzNzI2NDc0MDYxNkU3MjQwOUM5RjM4NDAwMTA3
RjgzRjVDNTdGRjNGMEUzNzEwNDBGRTk0ODEzRjkwQjZBQzNFMEZEQjE0M0ZG
NTlCMDMzRjIxRTIyMTNGNjIyRjlCM0YzMTczMTgzRjBENEEwQzNGOTlCQ0FG
M0U2QTYwQzkzRURBMDU3MDNGNUExMTE1M0Y1NDI0MDgzRTlGQThFNzNFNjMz
RkM0M0VCNjc5ODQzRUVGRDZBODNFNERDMTdEM0VFODREODAzRTU3ODZGNzNF
RDNEMzA5M0Y4RTA3ODAzRjQ4OUIxOTNGNw==

--SBD.Boundary.605592468
PROCESS /noc/users/iridburst/exec/irid_300224010734970_upd.pl
Last Run  ----1970-01-01 00:00:00 
MONTH  5 
DATA  xxrecord 2012-05-16 11:00:05 :: $W5M5A,120516,110005,660d0028449ce246,1,DAS 2,4901.3379N,1621.5491W,9.0,114,11.8,14.1,10.7,66.2,4.7,10.8,66.9,4.9,1024.6,2.49,3.17,11.1,10,32*5E
 
INSERT
STATION sbdservice
IRID_ID 300224010734970
BODY 
Content-Type: application/x-zip-compressed; name="SBMmessage.sbd"
Content-Disposition: attachment; filename="300224010734970_003335.sbd"
Content-Transfer-Encoding: base64

JFc1TTVBLDEyMDUxNiwxMjAwMDUsNjYwZDAwMjg0NDljZTI0NiwxLERBUyAy
LDQ5MDEuMzcxNk4sMTYyMS41NDczVywxMS41LDExNSwxNS4xLDE0LjAsMTEu
MCw3MC4yLDUuOCwxMS4xLDcwLjUsNS45LDEwMjQuMSwyLjcsNC4xNCwxNC4z
LDE1LDI3KjVGDQoNCiRXNU01QSwxMjA1MTYsMTIwMDA1LDY2MGQwMDI4NDQ5
Y2UyNDYsMixEQVMgMiwxMy4xLDEzLjIsMC4yLDAuNCwwLjAxLDEwMzYsMTA0
MywxNTYsNjI4LDAsNDIuMCwxMy40OSw5MjEqNUUNCg0KJFc1TTVBLDEyMDUx
NiwxMjAwMDUsNjYwZDAwMjg0NDljZTI0NiwzLDdGMDA3NTAyM0EwMDAwNTMz
MjMwMzEzMjMwMzUzMTM2MzEzMTM0MzAzMDMwNTU1QjAwMzEzMjMwMzUzMTM2
MzEzMTM0MzAyQzU0NDE0MjMwMzAzMDMwMzAyQzJEMzAzNTMxMkUzMTJDMkMz
MTMyMkUzNTM5MkMzNDJFMzAyQzMzMzYzMDMwMkMzNjMwMkMzNjMwMkMzMTJD
MzAzMDM1MzczMDJDMzMyRTM0MzIyQzMxMkUzMjM2MkMzMjMwMzMyQzMwMkMz
MDJFMzEzNzMyMkMyQjMwMzAyRTMwMEQwQUVDMTAyMDU3NkYxRDdGMDA2NzAy
M0EwMDAwNTczMjMwMzEzMjMwMzUzMTM2MzEzMTM0MzAzMDMwRkY0RDAwMDA4
MEZCNDQwMDAwMDE0NDAwQThERTQ3MDAwMEI2NDJBQTIwRDUzRkQxNkQwRDQx
REVBMTg0NDAyREY2MkM0MEI3NEQzRTQxRTA1QTRGNDA3NDM3M0M0MTEzNjcx
MDQxNDk5MjY0NDE3NDBBNUM0MTY0MjIzNzQwMzQ4RTY3NDExMEM0RDk0MTJC
NDlBQjNDREIxQTAyODA0MTgzN0YwMjdFMDIzQTAwMDA0QjU2NDgyMDM3MzIz
MDMxMzIzMDM1MzEzNjMxMzEzNDMwMzAzMDMxMDAwMDAwOEZDMjc1M0QwQUQ3
QTMzQjMzOEU2NzQxMDlDNEQ5NDE2QjA0OTg0MTE0NTNGOTQxQTI2N0FDNDE4
QjRCQkM0MUIxRDA5RjQxRjkwRTg3NDExNTVFOEQ0MTYwQzk4NzQxODQ4Mjg3
NDEwNDZEQUQ0MUIyMUE5MjQxRTkyQUUzNDEzQTIwMEM0MTQxODZGQTQxMjNC
RTE5NDA0M0YzRDg0MTA0QURCMzQzQ0M2M0VFNDFBM0M3QjI0MzZFMzIxQjQy
NEVCRUIzNDNCRUE3MEE0MjdDRENCMjQzOTU1MUVBNDE0RDVGQjE0MzhEOTJG
RTQxM0M5MEIxNDM1RTMxRjg0MUQxMUJCMzQzMEZFMkU3NDFENDU5QjE0Mzcw
MDcwRTQyNjU3RUIxNDM0NzlDMjE0Mjk2MjFCMzQzMUM0NjM5NDIwM0VCNTM0
MDlFNTczODQyNzVDQkY4NDA5RDhBMjI0MkJCRTJFQjQwRjhDRDJBNDJFQzQx
MjY0MUVCODg0OTQyODQ0QUI1NDFFRjJDNTU0MjBFMEFENjQxRDMzQTQ2NDJG
NUVEQTI0MUYwNDQyMDQyRjhBOTg1NDE1NUI3MkM0MkUwOTk3MjQxNTU4RDY3
NDI1RTcyMEQ0Mjc0RUM4MTQyM0E2RDhGNDJFQzE4ODA0MjQ2MURFQjQyNDVF
NDg1NDI4QjM1MEI0MzczRTY4QjQyOUQ1N0QyNDI1Nzk1ODM0MkU1QkVBRDQy
OEYzQzVDNDJCM0JCQTI0MkI1M0Y1QTQyQjZENkE1NDI3MjQwN0Q0MkQ4QUFD
MzQyQkU1RThDNDJEMjEyQzI0MjdCMjE3QTQyNDdBOUI2NDIwMDMyNTg0MjNG
Q0NEMTQyREExNzcxNDJDMjMzMTI0M0RFM0U3MzQyRUVERjBGNDM5NkFDN0I0
MkI1MjQwMzQzRjFFNzg4NDJCNUUxRUQ0MkQ5NEE4QTQyRkNBMzA1NDNCQzgy
NzU0MjJDMjEwRjQzM0IwNTZENDJDM0Q1RkI0MjVGRkI4NjQyRDMzNkE3NDJG
QUY2OEI0MjFCM0RDODQyMkIwNThENDI1RkY3RjQ0MjdCMzk4NzQyQTMzRERE
M0YwQUFCNzI0MEVDNDM4RTQxOTY0RDc3NDFCQUFBMjY0MTIzQ0FDQTQwRkNC
OUY4NDBDRkMzMEQ0MUMyNzQ3NDQwRjg1RTE2NDA1OUY3NDI0MDI2RTQ4NTQw
NTdBNEE3M0Y5MEEyQjYzRkRGMEM4QTNGRERFNTYxM0ZDRDA5MUEzRkREQkEy
NTNGQzY5NDRGM0ZCMDJBM0IzRkZFNzU0QTNGRTdDNjA3M0Y3ODEwNDkzRTU0
OTBDNTNFMkFFQ0JCM0UzNjQ0QjYzRUU5MjA2QzNFRjVGQjkyM0VGRDk3NjYz
RTUwNDMyMDNFODNBQUZFM0Q3QzJCM0YzRTkxOUVCMzNFQjdFNkIzM0UzMTAz
ODEzRUEwNEE4ODNFMDc3Rjg0M0U1ODdCQTQzRUVDNzlCNjNERUQyMDMyM0Uy
RDg5RTYzRTBBRjk4RTNFN0FCNEUyM0Q4Rg==

--SBD.Boundary.605592468
PROCESS /noc/users/iridburst/exec/irid_300224010734970_upd.pl
Last Run  ----1970-01-01 00:00:00 
MONTH  5 
DATA  xxrecord 2012-05-16 12:00:05 :: $W5M5A,120516,120005,660d0028449ce246,1,DAS 2,4901.3716N,1621.5473W,11.5,115,15.1,14.0,11.0,70.2,5.8,11.1,70.5,5.9,1024.1,2.7,4.14,14.3,15,27*5F
 
INSERT
STATION sbdservice
IRID_ID 300224010734970
BODY 
Content-Type: application/x-zip-compressed; name="SBMmessage.sbd"
Content-Disposition: attachment; filename="300224010734970_003336.sbd"
Content-Transfer-Encoding: base64

JFc1TTVBLDEyMDUxNiwxMzAwMDUsNjYwZDAwMjg0NDljZTI0NiwxLERBUyAy
LDQ5MDEuNDExNE4sMTYyMS42MjQwVywxMS4xLDEzMCwxNC43LDE0LjEsMTAu
MSw3Ny4yLDYuMywxMC4yLDc3LjIsNi40LDEwMjMuNiwyLjQ4LDMuNTUsMTUu
NCwxOSwyOCo2Mg0KDQokVzVNNUEsMTIwNTE2LDEzMDAwNSw2NjBkMDAyODQ0
OWNlMjQ2LDIsREFTIDIsMTMuMywxMy40LDAuMiwwLjUsMC4wMSwxMDM3LDEw
NDQsMTU1LDYyOCwwLDMzMi43LDEzLjg4LDkyMyo2Mw0KDQokVzVNNUEsMTIw
NTE2LDEzMDAwNSw2NjBkMDAyODQ0OWNlMjQ2LDMsN0YwMDc1MDIzQTAwMDA1
MzMyMzAzMTMyMzAzNTMxMzYzMTMyMzQzMDMwMzA1NTVCMDAzMTMyMzAzNTMx
MzYzMTMyMzQzMDJDNTQ0MTQyMzAzMDMwMzAzMDJDMkQzMDM1MzEyRTMxMkMy
QzMxMzIyRTM4MzIyQzM0MkUzMDJDMzMzNjMwMzAyQzM2MzAyQzM2MzAyQzMx
MkMzMDMwMzUzNzMwMkMzMzJFMzQzMjJDMzEyRTMyMzYyQzMyMzAzNDJDMzAy
QzMwMkUzMTM2MzkyQzJCMzAzMDJFMzAwRDBBRjAxMDRERTIwNUE3N0YwMDY3
MDIzQTAwMDA1NzMyMzAzMTMyMzAzNTMxMzYzMTMyMzQzMDMwMzBGRjREMDAw
MDgwRkI0NDAwMDAwMTQ0MDAzMEYyNDcwMDAwQjY0MkI1QTlDQTNGMzMzODBC
NDFCMDY5NjM0MDE1OTUxRTQwQkY3NjNGNDE0QzBCNDU0MEE3OEM0MDQxNTE4
QzAxNDE2MzI3NzY0MUNDNkY2QzQxQjM2ODI0NDA2RDIxOUI0MUYyMDVFMDQx
NTVEODg4M0MxMjFCMjQzNzgwNTk3RjAyQTIwMjNBMDAwMDRCNTY0ODIwMzcz
MjMwMzEzMjMwMzUzMTM2MzEzMjM0MzAzMDMwMzQwMDAwMDA4RkMyNzUzRDBB
RDdBMzNCNkMyMTlCNDFFRDA1RTA0MTMyNjM3QzQxQjJDRDg1NDFDREI3OTE0
MUZGRTM1NTQxQTM5N0EwNDE1REM5NjM0MTM5MkFBMDQxNzIwNTlENDExNjk0
ODE0MTk4ODRFMTQxQTk5NDA2NDFEM0YzMDU0MkMwQTI0MTQxNzk3RjBBNDJE
NzkwOUU0MUQxMDBGRjQxNjg4NjcwNDEzQ0VCRjE0MTE2ODVDNzNGRTE4MkM5
NDFBMjM2QjM0MzQ0NjZEQTQxODA3Q0IyNDMzREJFMDQ0MkYxQjZCMjQzMTFF
MDEzNDJFQTU1RUM0MEUwRkMxRjQyNzYwOTZFNDBCMDI5MTE0MjFBODFCMjQz
RUQ5RjBCNDJGMjgzQ0I0MEM4QjkxOTQyMDYxQTkwNDFFODc2RkM0MTA1QkI4
MjQxNUUyNTBENDJCMkU5QTE0MEEyMzYyQTQyN0FBNzJFNDBBQjNBMjg0MjA1
NDcyNTQxOEVGOTI1NDJDQjkxNUE0MTJEQUYyNjQyQkI5NDVENDFDNjcyM0U0
MkZGNzQwNDQyNTlBRTRDNDJEMkNCNTg0MjI2NjE1MDQyMzU4MzcyNDIwNUFD
NzE0MjY4QUI3MDQyNkY5NDZFNDJERjAxNzQ0MjYyODk2QTQyNzQ3OTYxNDI5
QTM3OEE0MkNBRkE5RTQyQ0ExNDkxNDJBOENEQ0Q0MjYyNzM4NDQyMDUwRkQ0
NDI4MDUzNjE0Mjg0QTNFMDQyMDEzODRGNDIzMjhERTk0MjY0OUM2MjQyMTI4
OUU4NDI0MUE1NjQ0MkVBRDJGQjQyNjg0ODVBNDI4MjMzMEI0M0NBN0E2ODQy
ODk5MDA5NDM4NDc3N0U0MjkzMDVGRjQyMjFBRjY0NDIzQTBGMDM0MzhCODM1
QzQyQ0FFQjBBNDNFNjIwNzc0MjFGMTEwQTQzMEQ1NDczNDIwNjZBMDA0Mzc4
MzE1QTQyODMzMEVCNDJBODNDNTg0MjhBMTlEMTQyN0EyMzZGNDI3MTI5QkU0
MkYwNTU4MjQyMDgxMkE3NDI3ODA2OEI0MkNGRTJBQjQyODVDRDkzNDIwMzgx
MDk0M0I0QTA4RjQyODQ4MjBENDNBQjdBODk0MjY3NjUwMjQzODcwQThCNDJF
MjYwMUQ0MEY5OTA1NjQxMjQ3RTUyNDE4MTUxQjI0MEFDQkEwODQwRjRCNDQ2
NDA0RTY2Njk0MERDMERBRjQwMEVDNzZENDA5NzQ0NDI0MEFFRUIzRjQwNDIz
NzBDNDAwN0I4QjEzRjU1QTJCMzNGQjg1MDAwNDAxMkNBQkMzRkUxNkUzNTNG
MTI2QjgxM0ZBQkU5MkUzRjEzMUUyNzNGNTdERDVCM0ZENENEMTYzRjNFOTMx
RTNGRjA3QTBGM0Y2OEMxRTczRUIyMzFCRDNFMzNGMDg0M0UzNzBGOTYzRUZC
MjI3MjNFNzlGOTI4M0U4NEMwNUQzRUI4N0E4NjNFRTlBQ0EzM0VGODkzRkYz
RTQ3MzUwMjNGMjZBQ0U3M0VGRjVCMDQzRg==

--SBD.Boundary.605592468
PROCESS /noc/users/iridburst/exec/irid_300224010734970_upd.pl
Last Run  ----1970-01-01 00:00:00 
MONTH  5 
DATA  xxrecord 2012-05-16 13:00:05 :: $W5M5A,120516,130005,660d0028449ce246,1,DAS 2,4901.4114N,1621.6240W,11.1,130,14.7,14.1,10.1,77.2,6.3,10.2,77.2,6.4,1023.6,2.48,3.55,15.4,19,28*62
 
INSERT
STATION sbdservice
IRID_ID 300224010734970
BODY 
Content-Type: application/x-zip-compressed; name="SBMmessage.sbd"
Content-Disposition: attachment; filename="300224010734970_003337.sbd"
Content-Transfer-Encoding: base64

JFc1TTVBLDEyMDUxNiwxNDAwMDUsNjYwZDAwMjg0NDljZTI0NiwxLERBUyAy
LDQ5MDEuNDcyNE4sMTYyMS43MjQwVyw4LjIsMTE3LDExLjcsMTQuMSwxMC41
LDcyLjAsNS42LDEwLjUsNzIuNCw1LjgsMTAyMi43LDIuNTMsMy45LDEzLjMs
MTcsMjgqNjgNCg0KJFc1TTVBLDEyMDUxNiwxNDAwMDUsNjYwZDAwMjg0NDlj
ZTI0NiwyLERBUyAyLDEzLjMsMTMuNSwwLjIsMC4zLDAuMDEsMTAzOCwxMDQ1
LDE1Niw2MjgsMCwzMDcuOCwxMy44OCw5MjIqNjYNCg0KJFc1TTVBLDEyMDUx
NiwxNDAwMDUsNjYwZDAwMjg0NDljZTI0NiwzLDdGMDA3NTAyM0EwMDAwNTMz
MjMwMzEzMjMwMzUzMTM2MzEzMzM0MzAzMDMwNTU1QjAwMzEzMjMwMzUzMTM2
MzEzMzM0MzAyQzU0NDE0MjMwMzAzMDMwMzAyQzJEMzAzNTMxMkUzMTJDMkMz
MTMyMkUzODM3MkMzNDJFMzAyQzMzMzYzMDMwMkMzNjMwMkMzNjMwMkMzMTJD
MzAzMDM1MzczMDJDMzMyRTM0MzIyQzMxMkUzMjM2MkMzMjMwMzUyQzMwMkMz
MDJFMzEzNzMwMkMyQjMwMzAyRTMwMEQwQUVGMTA2RUI0RUJCMTdGMDA2NzAy
M0EwMDAwNTczMjMwMzEzMjMwMzUzMTM2MzEzMzM0MzAzMDMwRkY0RDAwMDA4
MEZCNDQwMDAwMDE0NDAwREMwMjQ4MDAwMEIyNDIxMTU5RDkzRjEzREMwRTQx
MTY1Mzc5NDAyQkM5MjE0MDJCMzQzODQxRDc3RTRDNDAyNzQwNDM0MTJGNTcw
NzQxNTY1NTU1NDFGOTgwNTQ0MUNFRUMzMjQwNDdDMDg2NDEyNjY4REM0MUY4
QjlBMTNDOTUxQTZFODBDRERBN0YwMkFFMDIzQTAwMDA0QjU2NDgyMDM3MzIz
MDMxMzIzMDM1MzEzNjMxMzMzNDMwMzAzMDM1MDAwMDAwQUU0NzYxM0QwQUQ3
QTMzQjREQzA4NjQxMUU2OERDNDE3RThBQTk0MUE3NzVERDQxODMwNEEyNDFF
MjlCOEU0MUYyQzVBMTQxOEExRThDNDFCRDczOEY0MUZGNzc5RTQxREFDNTg0
NDE5NzYwOEQ0MTYwMTI4NTQxQjgwODkxNDFEMDBBNjQ0MTZEMzBEQzQxQkYz
OEM4NDAzMzZEMDM0MjMyMDdCMjQzMTg5NTA5NDI4MTZBQUY0M0Q2QkQwOTQy
N0NBMkIzNDM3OTVERkM0MTA4QjQ4RjQwMUExNkYyNDE2Rjk4OTY0MDIwOTFG
ODQxRUQ2NjM1NDBCMEVCMDE0MjhBRDhDOTQwQTk4MjA0NDJFMzkzQTk0MDZD
NTJERDQxMjYwOUEyM0Y0Q0UwQkQ0MUQyNUQ3MTNFNDlBQUM2NDE3NDEwMTc0
MEE0QzAwMDQyNkExQUIwNDNCQzJGMjg0MkQ3OUFBQjQzRDIyMTNBNDI0MkUy
QUY0MzVEMUM0QTQyMUMzQTNDNDE4NTkxM0I0MjA3RDRBNzQxQTk1RjUyNDI0
QTlEMjQ0MkQ2MkU1MTQyRDg4MjM2NDIyNkY2NEM0MkM0MzQ4MDQyOEUxOTdG
NDI0MDg1Qjc0MkFFQzM4MjQyOEJBODY5NDI1QTk1N0E0MjIyREE4MzQyMjBB
NTg1NDI0OTdEQkQ0MjdGODY4NTQyM0U1REMxNDI1MEUzODA0MjAzMDlENzQy
NEEzRDZENDI0MTFFRkI0MjdBMDY1NjQyODczRDAyNDNDNTFBNjU0MjUyMDVG
ODQyQTg1ODZFNDJBRDA3Rjk0MjQ3QzY2QjQyMkI0OTA0NDMyMkFDNjc0MjlC
NUNGRTQyRkZEOTcyNDI0MTI2RDg0MkFBMTU4MDQyRUQzRUU0NDIwODMxN0M0
MjMxNkNEMjQyMDkwQzZENDI3Q0RFQ0Y0MjM5MkU2MDQyOTAyQzAwNDM2QjJE
NkQ0MkY1MUMxMzQzM0U0MTdENDI3QzZFMTA0MzMwNUU4OTQyQjNGNUUzNDI5
NTM5ODg0MkE0M0EwNDQzRUE1NjgzNDIzQzZBMTM0MzIwQTI3OTQyQjUyNDBD
NDNCMDMzN0U0MkFGRjkxOTQzQjZEOTgwNDJCMzc5MTY0MzE2NTA3RTQyNjJE
RUU1NDIyOEQ4ODI0MjMzMzhCRDNFODA4M0I4NDBCMkMwMjM0MTdGNTdFQzQw
QTEyQTQ4NDFBRTQwM0Y0MUQ0RjlBMTQwQzQwMkQ1NDAzQ0U4OTQ0MEU5QkEy
QTQwNTc0MTA4NDA0NDRDNDk0MDAxRDkwRTQwQkE3MTk1M0ZEMUYxQjEzRjVB
MkEyMTQwNDgxODQ5NDBCQjRGRUEzRjE0RUYwNjNGMTYxRkM5M0U3OTE0QkIz
RTUxQ0Q3RTNFMERCNDlFM0U0ODY1MTEzRjU3QUEyMTNGMUQyNjIwM0YyNTYy
NjgzRTUyRTQ4NTNFRUQ0Mzg2M0U0MjkyQTgzRTlGNkJBNjNFQTc5Q0IwM0VD
ODBDRjUzRTI5OUIwRTNGOEIxNzIxM0YxMQ==

--SBD.Boundary.605592468
PROCESS /noc/users/iridburst/exec/irid_300224010734970_upd.pl
Last Run  ----1970-01-01 00:00:00 
MONTH  5 
DATA  xxrecord 2012-05-16 14:00:05 :: $W5M5A,120516,140005,660d0028449ce246,1,DAS 2,4901.4724N,1621.7240W,8.2,117,11.7,14.1,10.5,72.0,5.6,10.5,72.4,5.8,1022.7,2.53,3.9,13.3,17,28*68
 
INSERT
STATION sbdservice
IRID_ID 300224010734970
BODY 
Content-Type: application/x-zip-compressed; name="SBMmessage.sbd"
Content-Disposition: attachment; filename="300224010734970_003338.sbd"
Content-Transfer-Encoding: base64

JFc1TTVBLDEyMDUxNiwxNTAwMDUsNjYwZDAwMjg0NDljZTI0NiwxLERBUyAy
LDQ5MDEuNTMwNk4sMTYyMS44NTQxVyw5LjgsMTE2LDEyLjYsMTQuMSwxMC42
LDcyLjAsNS44LDEwLjcsNzIuNSw1LjksMTAyMS45LDIuMzQsMy4zOCwxNC4z
LDExLDMwKjU0DQoNCiRXNU01QSwxMjA1MTYsMTUwMDA1LDY2MGQwMDI4NDQ5
Y2UyNDYsMixEQVMgMiwxMy40LDEzLjgsMC4yLDAuNywwLjAxLDEwMzksMTA0
NiwxNTYsNjI4LDAsMjcuMywxMy44OCw5MjQqNTcNCg0KJFc1TTVBLDEyMDUx
NiwxNTAwMDUsNjYwZDAwMjg0NDljZTI0NiwzLDdGMDA3NTAyM0EwMDAwNTMz
MjMwMzEzMjMwMzUzMTM2MzEzNDM0MzAzMDMwNTU1QjAwMzEzMjMwMzUzMTM2
MzEzNDM0MzAyQzU0NDE0MjMwMzAzMDMwMzAyQzJEMzAzNTMxMkUzMTJDMkMz
MTMzMkUzMTM2MkMzNDJFMzAyQzMzMzYzMDMwMkMzNjMwMkMzNjMwMkMzMTJD
MzAzMDM1MzczMDJDMzMyRTM0MzIyQzMxMkUzMjM2MkMzMjMwMzYyQzMwMkMz
MDJFMzEzNjM4MkMyQjMwMzAyRTMwMEQwQUYxMTAzQjU2NEQxQTdGMDA2NzAy
M0EwMDAwNTczMjMwMzEzMjMwMzUzMTM2MzEzNDM0MzAzMDMwRkY0RDAwMDA4
MEZCNDQwMDAwMDE0NDAwQTAwQzQ4MDAwMEI4NDIxQTY2QkIzRkEzQ0MwQTQx
RDg3NDU4NDBEQkE4MTU0MDc0QzkzNDQxRTcwMDNFNDA0ODFFMkI0MTAzMDkw
NjQxNDk5MjY0NDE2OEY3NTM0MTA4QkExODQwNDc1MzMwNDE5MkQ2RUM0MUE1
NUI2QzNDM0YxQTk5MEE2NjQ1N0YwMjk2MDIzQTAwMDA0QjU2NDgyMDM3MzIz
MDMxMzIzMDM1MzEzNjMxMzQzNDMwMzAzMDMzMDAwMDAwOEZDMjc1M0QwQUQ3
QTMzQjUxNTMzMDQxOENENkVDNDEzODVEREM0MTI1RjFEQjQxNEIwMUIyNDE4
QUYxQzI0MTRFMTY5RDQxMDRFNkEzNDFBNzNBOTM0MTY3RkM5NjQxRTExRTND
NDEyQjVFQ0U0MUVGMDE0MzNGRkJGRkQ2NDFCQjY3QjM0M0UwNDhCMjQxRTNB
OEUwM0YzNkVGQTc0MTQ2NUI4MDQwNUJCOEY3NDE4MUY4MEQ0MENDRjUxQjQy
NTVFMUIyNDM0N0M2MEU0MjAzMjlCMzQzQzVFMzAzNDIxRUNBQUU0M0Q5RDMw
MTQyQjE1Q0FCNDMzRURFRTk0MTRDRURBQzQzNzU3MzAxNDJBNTBBQjI0M0NC
ODAxNTQyRUFGQUIwNDM3MTEzMEU0MkZBNjhCMTQzQkJENDE1NDI0RjI5Njcz
RjdDN0YzMDQyNkMxOUIzNDNBRjQ2M0U0MjE0QUJCMTQzMDM3RTNDNDJFOTNC
RkE0MEUyMDk1MDQyQkZBRDMzNDE5MzU5Nzk0MkYyODRBRDQzNUU4MjgxNDI5
MkJGQUU0M0NDRDI4NDQyOTk4RTRCNDIwNDU4OEQ0Mjk2MDRBODQyQ0FBODgw
NDJCQkQ2QzM0MjM5MEY3QzQyMjg0QTAxNDMyMjI1OEU0MkM5QUM5QjQzMDkz
MjlENDJEQzdFMjA0MjRBRDQ4NzQyRjM3OEI2NDJCM0M5NzQ0MjlENjhGOTQy
OEZBRjgxNDJCNDNBMDA0M0ZBMzU4ODQyRDI4OUU2NDIzNUZCN0E0MjdGRjdF
NzQyN0RGOTU2NDIxQzUxMDE0MzA2QTI0NDQyRjgyRjBCNDM5MEQ3NDE0MjlF
QzYwQTQzOTczNDU1NDI0MEE4MEE0MzM1QTg3MTQyQjk4OTE4NDM1NkM3Nzk0
MkU2OTAxRjQzRTIyMjgxNDIxNDNFMEI0MzJCRUM4QzQyRENEOUNFNDI1Njg1
OTQ0MjE3Q0Q0NjQyM0FGMDk2NDIyRTQ5OEY0MjA5RkM5MDQyMDE3MUM1NDIx
RTcyODg0MjMwNzBFMzQyMzgxODhENDIzMTBDRkY0MkU4OTE5NTQyNENBODA2
NDNBQzYxOTM0MjMyMDlFOTQyNzU1ODkxNDJCQ0E2QTQzRkMyQkE3RTQwRDdE
NDE4NDE2QzMxMDI0MUEyRkY5ODQwMEM1M0M4NDA1NUVERTk0MDRCM0I5NjQw
NzhDQjRENDBCOTYxOTUzRjgyODJEOTNGNjYzOTk1M0Y0MTMzOUYzRkRGMzMw
RTQwQjA4OUY3M0ZFNUU0MkQzRkRBRDU2RTNGNjQwQjY1M0YyQUIxMzkzRkI0
RDgyRTNGNTY2NDBCM0Y4QzIxRUYzRTlGNkE0ODNFMTY3OTRBM0UxNjQ5NDIz
RTdBNzBFODNENjJDQzcxM0U1RUJCQ0QzRTkxOTYwNDNGRkRDQjk1M0U1OTJB
OEMzRUMzMDQ4MzNFNjA4Qzk0M0U0MDNGMjQzRTYwRTFBRjNFMjBCOEM1M0VE
MTE0OTEzRUY1NzI4NzNFOTQ4OTc0M0UwRg==

--SBD.Boundary.605592468
PROCESS /noc/users/iridburst/exec/irid_300224010734970_upd.pl
Last Run  ----1970-01-01 00:00:00 
MONTH  5 
DATA  xxrecord 2012-05-16 15:00:05 :: $W5M5A,120516,150005,660d0028449ce246,1,DAS 2,4901.5306N,1621.8541W,9.8,116,12.6,14.1,10.6,72.0,5.8,10.7,72.5,5.9,1021.9,2.34,3.38,14.3,11,30*54
 
INSERT
STATION sbdservice
IRID_ID 300224010734970
BODY 
Content-Type: application/x-zip-compressed; name="SBMmessage.sbd"
Content-Disposition: attachment; filename="300224010734970_003339.sbd"
Content-Transfer-Encoding: base64

JFc1TTVBLDEyMDUxNiwxNjAwMDUsNjYwZDAwMjg0NDljZTI0NiwxLERBUyAy
LDQ5MDEuNjA0M04sMTYyMS45NzAzVywxMS42LDEyNSwxNC42LDE0LjIsMTAu
Niw3NS4wLDYuMywxMC42LDc1LjMsNi40LDEwMjEuMSwyLjEyLDMuNTEsMTQu
MywxNiwzMSo2NQ0KDQokVzVNNUEsMTIwNTE2LDE2MDAwNSw2NjBkMDAyODQ0
OWNlMjQ2LDIsREFTIDIsMTMuNSwxNC4wLDAuMiwwLjQsMC4wMSwxMDQwLDEw
NDcsMTU2LDYyOCwwLDMwNy45LDEzLjg4LDkyNCo2RA0KDQokVzVNNUEsMTIw
NTE2LDE2MDAwNSw2NjBkMDAyODQ0OWNlMjQ2LDMsN0YwMDc1MDIzQTAwMDA1
MzMyMzAzMTMyMzAzNTMxMzYzMTM1MzQzMDMwMzA1NTVCMDAzMTMyMzAzNTMx
MzYzMTM1MzQzMDJDNTQ0MTQyMzAzMDMwMzAzMDJDMkQzMDM1MzEyRTMxMkMy
QzMxMzMyRTMyMzgyQzM0MkUzMDJDMzMzNjMwMzAyQzM2MzAyQzM2MzAyQzMx
MkMzMDMwMzUzNzMwMkMzMzJFMzQzMjJDMzEyRTMyMzYyQzMyMzAzNzJDMzAy
QzMwMkUzMTM2MzcyQzJCMzAzMDJFMzAwRDBBRjUxMDIxQ0UzMkQ3N0YwMDY3
MDIzQTAwMDA1NzMyMzAzMTMyMzAzNTMxMzYzMTM1MzQzMDMwMzBGRjREMDAw
MDgwRkI0NDAwMDAwMTQ0MDA2NDE2NDgwMDAwQzQ0MkYyNzFBQjNGOTJBMTAx
NDEyMjc5NjA0MDgzQzQwNzQwQTg1NzM0NDE0RTI1MkI0MDgyMzA0MDQxRTFG
N0ZENDA0OTkyNjQ0MTRGNzk2NDQxODE5MzBGNDA2NDRDODM0MUM4M0JGODQx
Nzc1QzUzM0M5RjFCOEQ5NjIwQ0U3RjAyQTIwMjNBMDAwMDRCNTY0ODIwMzcz
MjMwMzEzMjMwMzUzMTM2MzEzNTM0MzAzMDMwMzQwMDAwMDBCODFFODUzRDBB
RDdBMzNCNjc0QzgzNDFDNTNCRjg0MTQzMTQ4QTQxMkI5MTk4NDFFMjY3OEI0
MTY1REE4NTQxMkZCMzlDNDExNENDOUY0MUU4OEVCODQxRTVBOUYxNDFDQTRG
Qjg0MUM0NjcwQzQyMDFDODE4NDFBQ0Q1MEI0MjIzQTNBRTNGMjFDMDAyNDIz
NzM1ODIzRjUyMzcwMjQyOUI2NTU3M0ZFMjdDRjQ0MTk1ODNCMjQzNDE4NEQ5
NDEyOUU1QjI0M0I0OUVDMzQxNDQzNEIzNDNDREI4RDg0MUU2N0RCMzQzNkEw
RDFDNDIzMzQ3QjM0M0U1RUIzQzQyOTAzREIwNDM0MEE5MjY0MjMzMDhCMTQz
MzA4NDJCNDI2NkRFODA0MDdBRTEyQzQyNzgzRTI1NDEwMEZEMUU0MjE3NzE5
MDQxQzdDRTI2NDIyQTQ3ODc0MTFEMUYzOTQyMDVFMkIwNDMxMUIwNTA0MjVD
MkJBNTQzQTExQzc5NDI5NzIwOTg0MzU5MzM4QjQyNjhBRUE1NDNDNzA4ODQ0
MkQ2OTI4NjQwQTc2RjcyNDIxMkNBMTc0MjVBQUI3ODQyNjc0QzQxNDIxODdG
Njk0MjY5Qzc0RTQyRTBCODgxNDI3MDk2QjU0MkNCQkY4OTQyQTVFOEU4NDIz
MkQ1NzA0MkI5QjVGRTQyQ0YzQzQ4NDIxOTgzMDQ0M0MwN0M0MzQyNDRERjBF
NDMyQzUzNTk0MkZGMDAwRDQzMjdDNDc4NDJCMTFGRTY0MjRCNTg2OTQyMjYz
OEY2NDIxMjQ0NjI0MjI1NkVFRjQyMUY5MjgzNDI5RDJDQTU0MjNGQUU4NzQy
MUYzMzlGNDI0MTc4N0M0MkE5NTFDNTQyNzk5MjcwNDIxOUFDRjQ0MkQ5QUE2
QjQyOTJDOEYxNDIwOEJBODA0MkYwQkZEQTQyMjBDMDg5NDIxMzAwRUQ0MjhB
Njk4ODQyNDU3QjAwNDMxMDdGODU0MkRCNTYwNTQzNjE1RDgzNDI5NkVERjA0
MjE3RkY4NjQyREEyMkNFNDJCNERCN0M0MjFFRUREOTQyNTQ3QjcwNDJEM0ND
MTA0MzM1MzU4MzQyNzNDMzI1NDM1QTExODQ0Mjk4MjEwMjQzOTdEMzhDNDIy
Q0Y5Q0U0MDQyQjc2NDQxRjAzNUFDNDA0Qjg4MTc0MDUyODdFMDNGMjJDMzU5
NDA1NURGODI0MDVBQzI0QjQwQTA4Qjk3M0YyODc5RTUzRjQ2OUNFQTNGRjg1
MTA1NDA4RkMxNEUzRkU3OTUxRjNGRkIzNjRBM0ZDODNGMTczRkVCNkYyNDNG
NTM2RjFBM0ZFNDk3OTYzRTBBMTFCMTNFMEQ1MTgyM0VEQjhENTYzRThBOEVG
NTNFOTE5MjZFM0ZGN0VCRkUzRTgwRkE2MjNFMTRFRkIxM0U5MjdCOTkzRUE1
QkY5ODNFMjQzNzhGM0U1OTlFQUIzRUNFRDNFODNFMDhCREI4M0VFRjREQUEz
RTM0MEY4MzNFNURGQkIzM0UzODYzODkzRQ==

--SBD.Boundary.605592468
PROCESS /noc/users/iridburst/exec/irid_300224010734970_upd.pl
Last Run  ----1970-01-01 00:00:00 
MONTH  5 
DATA  xxrecord 2012-05-16 16:00:05 :: $W5M5A,120516,160005,660d0028449ce246,1,DAS 2,4901.6043N,1621.9703W,11.6,125,14.6,14.2,10.6,75.0,6.3,10.6,75.3,6.4,1021.1,2.12,3.51,14.3,16,31*65
 
INSERT
STATION sbdservice
IRID_ID 300224010734970
BODY 
Content-Type: application/x-zip-compressed; name="SBMmessage.sbd"
Content-Disposition: attachment; filename="300224010734970_003340.sbd"
Content-Transfer-Encoding: base64

JFc1TTVBLDEyMDUxNiwxNzAwMDUsNjYwZDAwMjg0NDljZTI0NiwxLERBUyAy
LDQ5MDEuNjMzNk4sMTYyMi4wMzQ3Vyw4LjksMTAxLDExLjQsMTQuMiwxMC43
LDcyLjEsNS44LDEwLjcsNzIuNSw2LjAsMTAyMC41LDIuMzcsMy4zOCwxNC4z
LDIwLDI5KjU3DQoNCiRXNU01QSwxMjA1MTYsMTcwMDA1LDY2MGQwMDI4NDQ5
Y2UyNDYsMixEQVMgMiwxMy4zLDEzLjgsMC4yLDAuNCwwLjAxLDEwNDEsMTA0
OCwxNTYsNjI5LDAsMjk0LjYsMTQuMjcsOTIxKjY5DQoNCiRXNU01QSwxMjA1
MTYsMTcwMDA1LDY2MGQwMDI4NDQ5Y2UyNDYsMyw3RjAwNzUwMjNBMDAwMDUz
MzIzMDMxMzIzMDM1MzEzNjMxMzYzNDMwMzAzMDU1NUIwMDMxMzIzMDM1MzEz
NjMxMzYzNDMwMkM1NDQxNDIzMDMwMzAzMDMwMkMyRDMwMzUzMTJFMzEyQzJD
MzEzMzJFMzMzMTJDMzQyRTMwMkMzMzM2MzAzMDJDMzYzMDJDMzYzMDJDMzEy
QzMwMzAzNTM3MzAyQzMzMkUzNDMyMkMzMTJFMzIzNjJDMzIzMDM4MkMzMDJD
MzAyRTMxMzYzNzJDMkIzMDMwMkUzMDBEMEFGMTEwRTM5MkVCODQ3RjAwNjcw
MjNBMDAwMDU3MzIzMDMxMzIzMDM1MzEzNjMxMzYzNDMwMzAzMEZGNEQwMDAw
ODBGQjQ0MDAwMDAxNDQwMDI4MjA0ODAwMDBCNjQyMjI2MEMxM0ZDN0YzMEI0
MTg0MzY1ODQwRkZENjE3NDA2MUVDM0E0MUQwNDQ0MTQwQzQyMjQ1NDExOUEz
MDU0MTQ5OTI2NDQxREE0RDYyNDExQTQzMUY0MDM5RUU5RTQxRkQwRkU3NDEw
ODFDODEzQ0NBMUE1RTVFNzhCOTdGMDI4QTAyM0EwMDAwNEI1NjQ4MjAzNzMy
MzAzMTMyMzAzNTMxMzYzMTM2MzQzMDMwMzAzMjAwMDAwMDhGQzI3NTNEMEFE
N0EzM0IzQUVFOUU0MUZBMEZFNzQxNzYxQ0VBNDEyRTEwRDA0MTBFRkVDNjQx
OEM5Njk4NDFCNDE3QjI0MUQzM0M5QjQxOTg1QUIyNDFEOTQxQjQ0MUU4RTVD
QTQxRTQ5MkNENDEzODYzOUI0MUQwQjBEMjQxOTI4RjA5NDFENzNDQzI0MTJC
RTRCODQwRTYwN0U1NDFERUVEMzQ0MTY4MjEwNTQyQ0RFNkI3NDBBOEI1RTA0
MUZBQzdCMzQzOTk0RkM0NDE5OEVEQjI0M0ZBMDlGNDQxMjM3RUIwNDM0RTc5
MEY0MjNFQTlCMDQzMkFGQkY2NDFEMDIxQjI0Mzg4RUNEMzQxRkRGMEIxNDNF
NzAzMTU0MkVBMEIyMTQwQjI0QzMwNDIwQjJCOEQ0MDFFNUUyOTQyNEFBM0I0
NDAwNjdDMjk0MjMxOTA0RDQxMDRCQjJFNDJGQjkwQ0E0MTY0MjI1MzQyNTky
REM2NDExOEFCNkQ0MjdEOEFCMzQzQkRERDYwNDIxMjQyQjI0M0NEMjY1QjQy
RTM4RjhBNDFBRURDN0U0MjM4RjE4NzQyQTY1Mzg0NDJCRUFFQkY0MjFEOEI3
RTQyRDA2N0RDNDJFODc0Njc0MjIzRjZEQzQyOUM3RDRCNDIzNkZDMDA0M0M5
NDM1RTQyQkE0MDFCNDM3OUVBNTE0MjZCNTQxQzQzQTBEQzRGNDI2RkVCMTE0
MzcwMTU3RTQyQkE2QUZFNDI4Q0I3ODM0MjQ3QzhFMTQyRTZDQzYxNDIwNTRF
RDg0MkNDQ0Q0NjQyMjAzMkUyNDIyRjZFNEQ0Mjc3MjhFOTQyNTQ2MTVFNDIw
OTU3RUI0MjE5ODQ2MTQyQUE3MUU5NDIxRTZFNjI0MjAzOUZEQTQyQkIxNDdB
NDJBNjJBREI0MkVGMzA4ODQyQ0U0OUVCNDI2NEY0ODk0MjFFOENDMTQyMThC
QTgzNDJERjdFQjI0MjlBODc4MTQyRDI4NUVGNDIyQUNFODU0MkNDQUIxMjQz
NUFCRTc1NDI0RUY3MTQ0MzM3NTc3MzQyNTc2RDBCNDNDQjlCODI0MjUwNTUw
MzQzNkExRDgwNDJCNzUxMjA0MEMxQTcwQTQxNTY4RDQ2NDE2NkYwRjM0MDQz
QUMzQzQwRTM4RjM0NDA2M0E2QkU0MDk1OEVCMjQwQTJFMTA0NDBCNTE3OEI0
MENFMjk3RTQwQTREOUQ4M0ZFN0FCQTMzRkY1QzM4NjNGMEVGOEJDM0ZBMUUx
MEEzRkIxM0QyNzNGMjYxRjUxM0ZGMzk3MUUzRjE0RUEwNzNGRTVBMUMwM0VB
QjRDRkYzRThCODQwMTNGNzNCOENGM0UzRjUyM0YzRTEwNTMxRjNFM0Y5QThG
M0U4RDMxOEUzRTFGMjBCNjNFRjZGNkJGM0U4RjJBOTQzRTlDNDU1MTNFRTdD
NzEyM0U5MzE3QTQzRTYwNkJCQjNFRkYyMEI1M0UxRTJCRTMzRTUxMkFCNDNF
RjdGRjRCM0U1NUVDODAzRTJENjA2NzNFMg==

--SBD.Boundary.605592468
PROCESS /noc/users/iridburst/exec/irid_300224010734970_upd.pl
Last Run  ----1970-01-01 00:00:00 
MONTH  5 
DATA  xxrecord 2012-05-16 17:00:05 :: $W5M5A,120516,170005,660d0028449ce246,1,DAS 2,4901.6336N,1622.0347W,8.9,101,11.4,14.2,10.7,72.1,5.8,10.7,72.5,6.0,1020.5,2.37,3.38,14.3,20,29*57
 
INSERT
STATION sbdservice
IRID_ID 300224010734970
BODY 
Content-Type: application/x-zip-compressed; name="SBMmessage.sbd"
Content-Disposition: attachment; filename="300224010734970_003341.sbd"
Content-Transfer-Encoding: base64

JFc1TTVBLDEyMDUxNiwxODAwMDUsNjYwZDAwMjg0NDljZTI0NiwxLERBUyAy
LDQ5MDEuNjM3NE4sMTYyMi4wMzczVyw2LjAsODksNy45LDE0LjIsMTAuNiw3
Ny40LDYuOCwxMC42LDc3LjUsNi44LDEwMjAuMSwyLjA5LDMuMjcsMTQuMywy
MSwzMCo1NQ0KDQokVzVNNUEsMTIwNTE2LDE4MDAwNSw2NjBkMDAyODQ0OWNl
MjQ2LDIsREFTIDIsMTMuMSwxMy4zLDAuMiwwLjQsMC4wMSwxMDQyLDEwNDks
MTU2LDYyOCwwLDMxNS45LDEzLjg4LDkyMyo2Qg0KDQokVzVNNUEsMTIwNTE2
LDE4MDAwNSw2NjBkMDAyODQ0OWNlMjQ2LDMsN0YwMDc1MDIzQTAwMDA1MzMy
MzAzMTMyMzAzNTMxMzYzMTM3MzQzMDMwMzA1NTVCMDAzMTMyMzAzNTMxMzYz
MTM3MzQzMDJDNTQ0MTQyMzAzMDMwMzAzMDJDMkQzMDM1MzEyRTMxMkMyQzMx
MzIyRTM2MzkyQzM0MkUzMDJDMzMzNjMwMzAyQzM2MzAyQzM2MzAyQzMxMkMz
MDMwMzUzNzMwMkMzMzJFMzQzMjJDMzEyRTMyMzYyQzMyMzAzOTJDMzAyQzMw
MkUzMTM3MzEyQzJCMzAzMDJFMzAwRDBBRjgxMERCODAxOEI1N0YwMDY3MDIz
QTAwMDA1NzMyMzAzMTMyMzAzNTMxMzYzMTM3MzQzMDMwMzBGRjREMDAwMDgw
RkI0NDAwMDAwMTQ0MDBFQzI5NDgwMDAwRDQ0MkVCQjhBNDNGNDgzOUYxNDBC
ODRGNTE0MDBBMEUwNjQwQjhCQzJENDE5NzVBMjk0MDY5MjIzQzQxMDRENEZG
NDA0OTkyNjQ0MTgxQzI1RjQxQkM3NzEwNDBDN0E4QTc0MUEzOUJGMjQxMjNB
ODU3M0M1ODFEOTQ3NDM2M0Q3RjAyN0UwMjNBMDAwMDRCNTY0ODIwMzczMjMw
MzEzMjMwMzUzMTM2MzEzNzM0MzAzMDMwMzEwMDAwMDBCODFFODUzRDBBRDdB
MzNCQzdBOEE3NDFBMzlCRjI0MTc3QjA3NDQxODhDN0I2NDFBNTFCODY0MTMz
QjE1ODQxMUM4MUE1NDE1MDFCNzY0MTFENzlCRDQxQzA2RTlFNDE0MUIyQTU0
MTNENDFDNjQxNjhBQzk3NDE3RDM4MDQ0MjYwODAyQTQxMUJFRDI2NDI4NTZB
QjM0M0I3NDYyMTQyMEMxREIzNDNEMTc0MDA0MjhBNUFBRjQzRTBENTAxNDI4
OUVGQjA0MzZCNDMwQTQyM0U3OTM2NDAwNUJFMUM0MkNGMUQ3MDNGMkFBRTI3
NDI3OTgxQjE0M0NDNUIxMTQyRjEzM0FFNDM2QTQ2MUE0MjU5NDRBQzQzMzMx
QjM0NDJBQUFDMTI0MTdFOTc1MjQyQjE4N0QzNDFDQzRFNDk0MjA2N0U4QTQx
OTAzMjNDNDJGM0I1MjY0MTE5ODE0ODQyMkYyNjI4NDFDQ0EwNkE0MjQ4QUI1
NzQxODRENDYzNDJEQzY4MzY0MUE5QTc1QTQyMDYxMTNENDExQzkxN0U0MkZF
NTAxODQyNjlCNjhGNDI2RTE5QjE0MkZDNkY4OTQyOUE5QUQ2NDJDMkNFNkE0
Mjg2OTZFNDQyNTZEMDVDNDI1NTNERTE0MjM1RjE3NjQyNEI1QkQxNDI5RTA4
ODc0MjAzMDJCQTQyNjI0MDZGNDJGNUY1REY0MkUwNzk0NTQyMjREOEYxNDJD
ODBEMUQ0Mjg3NTNGNDQyQUNFMTBGNDI2RDU3RkE0MkVBQTIyNzQyRkQwREZB
NDJDRDVBNDc0MjUwODVEQzQyRjA4NDYxNDI0NTJGQzY0MkJFQ0Y2NDQyMkI1
NEUxNDIxOUZFNjQ0MkFBODJGNjQyODgzODcyNDJDNjJDQzU0MkUxNUI3NzQy
NDM4MEE2NDJFMUEyNkQ0MjM0ODNDNTQyOTFCQzY5NDI0OUYzRUE0MjlFRDM2
RjQyQzEyQTBGNDMxQTQ3ODE0MjlCNzIwNTQzRkE5QjhFNDI0MDExQTE0MjA0
ODI5MTQyQUNEQjEwNDM4MzkzOEI0MjgyN0IyQjQzMEMyQjY4NDJGRTJBMjU0
MDJCMkYzNTQxOUZGNkM1NDAzN0Y4Qzk0MDI3ODVDQjQwODQwMDcyNDA3OTc3
MkY0MEQ2Q0QwRjQwRkUzNTFGNDBGN0VFQTYzRkRBQTdCNzNGMDg4Njg4M0Yw
MDkwMEMzRkIwQjFCRTNGMEJENzREM0Y2NjBGQzAzRTE5RDU5MjNFNDhGNEIw
M0U0OUFDMEUzRkFBQzg2RDNGOEJBMjAxM0Y0NkVBRTIzRTUwRENFQzNFRTlE
RkU4M0UwNTVDRkIzRUIzNUFGOTNFMzA2OTk4M0UyNkNEQzEzRTY3MkMxMzNG
MjQ4Rjk4M0U5RDlCNDkzRTRENzVBMjNFNkQ4MDRGM0Y3MjFGMzMzRkQ4MEQ5
NDNFRkRBRDkzM0U2MDdGMzIzRTI5MTcxNTNFOTJENEExM0RGQzhCMjAzRTM2
ODU4MDNFNTE5MThBM0U3QUUwOTAzRTQ5Qw==

--SBD.Boundary.605592468
PROCESS /noc/users/iridburst/exec/irid_300224010734970_upd.pl
Last Run  ----1970-01-01 00:00:00 
MONTH  5 
DATA  xxrecord 2012-05-16 18:00:05 :: $W5M5A,120516,180005,660d0028449ce246,1,DAS 2,4901.6374N,1622.0373W,6.0,89,7.9,14.2,10.6,77.4,6.8,10.6,77.5,6.8,1020.1,2.09,3.27,14.3,21,30*55
 
INSERT
STATION sbdservice
IRID_ID 300224010734970
BODY 
Content-Type: application/x-zip-compressed; name="SBMmessage.sbd"
Content-Disposition: attachment; filename="300224010734970_003342.sbd"
Content-Transfer-Encoding: base64

JFc1TTVBLDEyMDUxNiwxOTAwMDUsNjYwZDAwMjg0NDljZTI0NiwxLERBUyAy
LDQ5MDEuNjE2MU4sMTYyMS45NjAyVyw2LjIsNDgsOC41LDE0LjIsMTAuNCw3
OS4yLDYuOSwxMC40LDc5LjIsNy4wLDEwMTkuNiwyLjM2LDMuNTcsMTQuMywx
NCwyOSo1Ng0KDQokVzVNNUEsMTIwNTE2LDE5MDAwNSw2NjBkMDAyODQ0OWNl
MjQ2LDIsREFTIDIsMTMuMSwxMy4yLDAuMiwwLjQsMC4wMSwxMDQzLDEwNTAs
MTU2LDYyNywwLDMyOC40LDEzLjg4LDkyNCo2OQ0KDQokVzVNNUEsMTIwNTE2
LDE5MDAwNSw2NjBkMDAyODQ0OWNlMjQ2LDMsN0YwMDc1MDIzQTAwMDA1MzMy
MzAzMTMyMzAzNTMxMzYzMTM4MzQzMDMwMzA1NTVCMDAzMTMyMzAzNTMxMzYz
MTM4MzQzMDJDNTQ0MTQyMzAzMDMwMzAzMDJDMkQzMDM1MzEyRTMxMkMyQzMx
MzIyRTM2MzMyQzM0MkUzMDJDMzMzNjMwMzAyQzM2MzAyQzM2MzAyQzMxMkMz
MDMwMzUzNzMwMkMzMzJFMzQzMjJDMzEyRTMyMzYyQzMyMzEzMDJDMzAyQzMw
MkUzMTM3MzEyQzJCMzAzMDJFMzAwRDBBRUIxMEVBMTJDNTcwN0YwMDY3MDIz
QTAwMDA1NzMyMzAzMTMyMzAzNTMxMzYzMTM4MzQzMDMwMzBGRjREMDAwMDgw
RkI0NDAwMDAwMTQ0MDBCMDMzNDgwMDAwQzA0MjExMUNBRTNGMTMzMDA1NDEy
QjM1NjQ0MEJFMDUxNzQwNkJGOTNDNDEwMTg5NDE0MERBRDI1MDQxNzE2NTEw
NDE0OTkyNjQ0MUZBMjQ2MjQxRjkzMzFDNDA0OTBENjI0MUNGRDRFNzQxMTc3
QTdFM0M2NjE5RUNDQTk1ODE3RjAyNjYwMjNBMDAwMDRCNTY0ODIwMzczMjMw
MzEzMjMwMzUzMTM2MzEzODM0MzAzMDMwMkYwMDAwMDBCODFFODUzRDBBRDdB
MzNCNEQwRDYyNDFDRkQ0RTc0MUE3N0I3MzQxRDM3MzdFNDEzODk0ODM0MUE2
RDM2QzQxOTJEMjg3NDE0REFCODQ0MTdGODM4MjQxQURFOEIwNDFGNTI3NkM0
MUExOEUwMDQyQjk5RjkyNDAxNjBBMTE0MkY5Q0VCMjQzQ0I5MTAyNDJEODEy
QjI0M0Q5RkUwQjQyMjMwNUIzNDNGQzgwMkM0MjIyNjc4QjQwNTQ2NDI4NDI4
NzI3QjM0MzhERjkxMDQyQTEzOEIxNDNEQTBFMTE0MjM2RjFCMjQzQTlGMDI5
NDJBQTdDQjQ0MDk5MzIzMzQyQTBCNTc0M0ZDRjYzNTc0Mjk2OTQ4MjNEMDQ3
ODc5NDI1RTA0QzUzRjFGQUU3MzQyMEU2NEIzNDNBMkMwNjI0MkM5Q0U1RjQx
QUQ0Njc5NDJGMEUzRUQ0MTBCMzQ3QTQyMUZBREQ3NDEzQzA0Nzk0MjgzQjRC
RTQxNkQ4NTdDNDI0MTlGRDM0MTU2OUM4NDQyNkNBMTYxNDIxQkRBODI0MkQy
OUM3QzQyMzAzNzcyNDJEM0REODE0MjMzRTk2QzQyMTkxMEI4NDJGMjg2NzY0
MjQ2RDFGODQyQzQ5NDg0NDJGRTcwREY0MkYyMDk1RDQyNEJDQkUwNDJEOUFE
NTQ0MjlFRkMwMDQzQTVCMjU5NDIxNEREMDY0M0NFNzczQzQyMDgwODAwNDNG
M0VGM0Q0MkU3ODBGQTQyRDk1MzY3NDI2MEZDRjc0MjczNkQ3MTQyQzIwRUY5
NDIzM0M2NzY0MjZBNDJFRTQyNkI0MDdFNDIwNkNFRTg0MkVERjg3NzQyQzMx
NDAyNDNDQTVDNzM0MjY3M0YyMTQzQjNCNjYwNDJEMDEzMjI0MzlFNUM1RTQy
NjU1MzEwNDM4MDlFNkQ0MjU3NjUwNTQzQkY5OTgyNDJDODZFMTU0MzZENEY5
NDQyMkFCQTI3NDM0REIzOTY0MjJGOTgxRDQzNjE3QjkwNDI3MjYzMTk0MzY3
MzA4QjQyQzBFMUQzNDBDRDRCNzY0MUYxODgwNzQxMDc3NUQ2NDA5MjlGODE0
MDUyMDdBOTQwQzIwRkQzNDA3MjNDNUE0MEYyRERBQzNGNDQ3OTVCM0ZENUNE
OTUzRjAwM0ZFNTNGOTI3Nzc4M0Y0MThBM0QzRkFEQkIxRjNGRDRGOTdFM0ZG
MDFGQkIzRTY2RjM5QzNFNDE1MzdCM0U1OUU3MDEzRkE3QjcwNDNGQjI5QjRB
M0UyM0JENzYzRTI5MzVBQTNFQjJFQTk1M0VERjgwMTMzRUYyQUUzNzNFOEU0
QzlCM0QxQTQ2NTQzRTI0NDYwMjNGQTJDNkMxM0VBNEExRkQzRTVGMEVCMDNF
MTU4RDA4M0UyN0VDMjYzRTZENDY0QTNFNkU4NkI2M0Q0NTVGNDkzRTcyODk1
ODNFMEUzMzAxM0UyMDE0MDIzRUJDQkY4NzNFODRGNjI1M0UzOUY5REMzRDg5
QUMxNTNFNTZGNTNDM0U5RjE0MjkzRTI3Rg==

--SBD.Boundary.605592468
PROCESS /noc/users/iridburst/exec/irid_300224010734970_upd.pl
Last Run  ----1970-01-01 00:00:00 
MONTH  5 
DATA  xxrecord 2012-05-16 19:00:05 :: $W5M5A,120516,190005,660d0028449ce246,1,DAS 2,4901.6161N,1621.9602W,6.2,48,8.5,14.2,10.4,79.2,6.9,10.4,79.2,7.0,1019.6,2.36,3.57,14.3,14,29*56
 
INSERT
STATION sbdservice
IRID_ID 300224010734970
BODY 
Content-Type: application/x-zip-compressed; name="SBMmessage.sbd"
Content-Disposition: attachment; filename="300224010734970_003343.sbd"
Content-Transfer-Encoding: base64

JFc1TTVBLDEyMDUxNiwyMDAwMDUsNjYwZDAwMjg0NDljZTI0NiwxLERBUyAy
LDQ5MDEuNTY3NE4sMTYyMS44NDgzVyw4LjgsNDksMTEuMiwxNC4yLDEwLjMs
ODMuMyw3LjYsMTAuMyw4My4yLDcuNiwxMDE5LjEsMi4yNCwyLjkyLDE0LjMs
MTcsMjkqNkENCg0KJFc1TTVBLDEyMDUxNiwyMDAwMDUsNjYwZDAwMjg0NDlj
ZTI0NiwyLERBUyAyLDEzLjAsMTMuMiwwLjIsMC41LDAuMDEsMTA0NCwxMDUx
LDE1Niw2MjgsMCwyNjcuNiwxMy44OCw5MjMqNjUNCg0KJFc1TTVBLDEyMDUx
NiwyMDAwMDUsNjYwZDAwMjg0NDljZTI0NiwzLDdGMDA3NTAyM0EwMDAwNTMz
MjMwMzEzMjMwMzUzMTM2MzEzOTM0MzAzMDMwNTU1QjAwMzEzMjMwMzUzMTM2
MzEzOTM0MzAyQzU0NDE0MjMwMzAzMDMwMzAyQzJEMzAzNTMxMkUzMTJDMkMz
MTMyMkUzNTM4MkMzNDJFMzAyQzMzMzYzMDMwMkMzNjMwMkMzNjMwMkMzMTJD
MzAzMDM1MzczMDJDMzMyRTM0MzIyQzMxMkUzMjM2MkMzMjMxMzEyQzMwMkMz
MDJFMzEzNzMxMkMyQjMwMzAyRTMwMEQwQUYxMTBEQ0YyMkQyRjdGMDA2NzAy
M0EwMDAwNTczMjMwMzEzMjMwMzUzMTM2MzEzOTM0MzAzMDMwRkY0RDAwMDA4
MEZCNDQwMDAwMDE0NDAwNzQzRDQ4MDAwMEI2NDJEN0JBQkQzRjg0QkIwRDQx
RDcxQjNCNDA1QTMwMEY0MDIzMjAzRDQxN0NFNzJENDA5OTc1NDM0MTkxRkUw
OTQxNDk5MjY0NDEzMzY2NjU0MUNCRDYxODQwQ0NDMjhBNDEyODNBRUE0MUE0
MzU3MTNDQzExQjk1NjQyQjAwN0YwMjcyMDIzQTAwMDA0QjU2NDgyMDM3MzIz
MDMxMzIzMDM1MzEzNjMxMzkzNDMwMzAzMDMwMDAwMDAwQjgxRTg1M0QwQUQ3
QTMzQkNCQzI4QTQxMjIzQUVBNDEzNUYxOTE0MUUzRjQ4OTQxNzQ4QTkzNDFB
M0UyN0Y0MTI3NDdBOTQxOUVBMzkxNDFFQThEQzA0MTQ1RjVCMDQxRTFDNzU1
NDE3OUFFRTQ0MTlFRTZBRjQzNTI2RDBDNDIyQzcwQUI0M0YwRjgwQzQyRkYx
OUIxNDM0QkYzMDY0MkFCRTVGMDQwMzk2MUY2NDE3QTFBNjY0MTk0Q0VGRTQx
QTJBMDJGNDEwQ0U2Rjc0MUE2RjEyODQwNUM3QUUxNDFDODc1RTMzRjgyQUQw
NTQyNEY0QjA3NDEzMEFCMzU0MjNBOTIyMzQxOUU1MzQ4NDJDMEQ2QjA0MzRF
NTI0RjQyMjA4QUFDNDNCQTBFNTI0MkNCNUNCMTQzRTE2QzYwNDJERDhEQUY0
MzkzMDc2MjQyRDFCNUFFNDM2ODk3NzI0MjVDMzA0NDQxRDI0NjhBNDIxODQz
MDc0MjYwQUY4QTQyNTIxMTc0NDIzNENGOEQ0MjJERkJENTQyMDAwRTkxNDI2
NDgwMDI0MzI3QzU4MTQyNEEwNzBFNDNBQ0RFNUU0MkY3REMwRjQzMDNDRDQy
NDJFQTkxMEI0MzlDNzMzRTQyRUVENDAyNDNCQjYxNkE0MjJDMjEwMDQzNjFC
OTYyNDIxQ0VEMDI0MzNBMUI1QTQyRjZGRkY4NDJFRkU2NjI0MjQyNkJFNDQy
MTk3MDYxNDI3NDAwMDA0M0ZGRDk1QTQyQkI3QzE1NDNDQzEwNDA0MkVDMkQw
NzQzOUYxMTRBNDJGODlDRTM0MjY3OEQ1OTQyRDE1M0NGNDIyQkVGNjg0MjlE
NEFGMjQyMUQyRTgwNDJFN0MxMDA0M0U4NkQ4ODQyNjgwNUI0NDIzRUVDNzU0
MjQ0QkJCMzQyMTNGODVGNDI0RDAyQUI0MjQ2OTA3QzQyNjlFNjc0NDI5RTc3
OEQ0MjE3NEM5MzQyRkY0OTg3NDI1NTAyOEM0MjEwRDI4MzQyODAwMTg2NDI0
NDYwOEM0MjU2QUM4RTQyRDkzMzk2NDJBMEE0MTg0MTI5ODM3QTQxMzIzMkND
NDA4NkU4N0Q0MEQxNTgzMzQwQjJGRTg0NDA1MDJBNzc0MENGM0U2NzQwMzk3
RTE0NDAxMUQ5OTIzRkE3MjU4MjNGQUM0RkUzM0Y0Q0ExQUQzRkE1N0E0QjNG
OTdDMTMzM0YwRDdGMDEzRjRGMkVERTNFQkI0RkE1M0UwN0M5RTEzRTY5MUJG
RDNFNjU2RUNGM0UwRTU4MzIzRkYwNDQxMTNGMUM5ODgxM0VGQTI4RjUzRTJD
QUM0OTNGNUY5RDQ3M0ZDMzdFMTUzRkQ4NDk2OTNFRkMyMTgxM0U3NkREQUQz
RTc4MTEwMDNGREYzNEI0M0VERjEwN0EzRUM1QzkyMDNFM0ExNzU0M0UxMjNF
OTUzRTdFQjg2RTNFOTIxQ0UwM0QwODU3RUEzREUxNTFGMTNERjkwRDZCM0VG
MjgxNDUzRTRDNDZBRTNEMTUwNUVEM0RCMg==

--SBD.Boundary.605592468
PROCESS /noc/users/iridburst/exec/irid_300224010734970_upd.pl
Last Run  ----1970-01-01 00:00:00 
MONTH  5 
DATA  xxrecord 2012-05-16 20:00:05 :: $W5M5A,120516,200005,660d0028449ce246,1,DAS 2,4901.5674N,1621.8483W,8.8,49,11.2,14.2,10.3,83.3,7.6,10.3,83.2,7.6,1019.1,2.24,2.92,14.3,17,29*6A
 
INSERT
STATION sbdservice
IRID_ID 300224010734970
BODY 
Content-Type: application/x-zip-compressed; name="SBMmessage.sbd"
Content-Disposition: attachment; filename="300224010734970_003344.sbd"
Content-Transfer-Encoding: base64

JFc1TTVBLDEyMDUxNiwyMTAwMDUsNjYwZDAwMjg0NDljZTI0NiwxLERBUyAy
LDQ5MDEuNTE2MU4sMTYyMS43MzM2VywzLjAsNzIsNS41LDE0LjEsOS43LDg5
LjAsOC4wLDkuNyw4OC4xLDcuOCwxMDE4LjgsMS44MywyLjg2LDE0LjMsMjUs
NDAqNUYNCg0KJFc1TTVBLDEyMDUxNiwyMTAwMDUsNjYwZDAwMjg0NDljZTI0
NiwyLERBUyAyLDEzLjAsMTMuMiwwLjIsMC40LDAuMDEsMTA0NSwxMDUyLDE1
Niw2MjgsMCwyNTYuNCwxMy44OCw5MjYqNjINCg0KJFc1TTVBLDEyMDUxNiwy
MTAwMDUsNjYwZDAwMjg0NDljZTI0NiwzLDdGMDA3NTAyM0EwMDAwNTMzMjMw
MzEzMjMwMzUzMTM2MzIzMDM0MzAzMDMwNTU1QjAwMzEzMjMwMzUzMTM2MzIz
MDM0MzAyQzU0NDE0MjMwMzAzMDMwMzAyQzJEMzAzNTMxMkUzMTJDMkMzMTMy
MkUzNTM1MkMzNDJFMzAyQzMzMzYzMDMwMkMzNjMwMkMzNjMwMkMzMTJDMzAz
MDM1MzczMDJDMzMyRTM0MzIyQzMxMkUzMjM2MkMzMjMxMzIyQzMwMkMzMDJF
MzEzNzMyMkMyQjMwMzAyRTMwMEQwQUU4MTBDMDg4NDRFRjdGMDA2NzAyM0Ew
MDAwNTczMjMwMzEzMjMwMzUzMTM2MzIzMDM0MzAzMDMwRkY0RDAwMDA4MEZC
NDQwMDAwMDE0NDAwMzg0NzQ4MDAwMERBNDJDNTQ0OEUzRjUxOERFQTQwRkNG
OTM2NDAzNENDRTkzRjNFQ0MyNDQxMjlFODExNDA3QTJFMzQ0MTIyNzBFQjQw
NDk5MjY0NDFDQjc2NUI0MUEzOTlGNTNGMTk2MUNDNDFFNjk4MjE0MkU3RkIx
OTNDQkIxRTIxRjQ4NjA2N0YwMkFFMDIzQTAwMDA0QjU2NDgyMDM3MzIzMDMx
MzIzMDM1MzEzNjMyMzAzNDMwMzAzMDM1MDAwMDAwQjgxRTg1M0QwQUQ3QTMz
QjE4NjFDQzQxRTE5ODIxNDJENzFFQjM0MUY5MjJCRjQxNTRENkMwNDE2NTQ4
QTA0MTE1MTZDNzQxMjlFMjlGNDFDMDIyQzY0MUJDMDlCQjQxNDI4MDkyNDFD
OTUwMDM0MkY3NUREQTNGQjg5NzJENDJFRjM5QUY0MzAyQTgzMjQyMDA4MUFE
NDM1MDVEMjI0MkJFRUFBRDQzRkFDRTM3NDI3M0I3M0U0MDhCNzQ0MDQyODY3
RjBBNDFDOTY5Mzc0MkQ5QzMxRTQwRDlBRTRENDI5RUJFQUU0MzVEQzk4MTQy
RTg2RUE4NDM0QzYwOEU0MjAyNDVBQjQzQzJCQzg2NDI0MkY3QjA0MzI0Mzk4
MTQyNzE1NDI5M0YyQTI2ODM0MjlCMEEyRTQwRjIyNzg0NDIzQzhGRTA0MEM2
MDM5MTQyNEJGMTVENDMyRkRCOUM0MkJCQjE0RDQzMzZBNDlBNDJEOTAxOUE0
MjJGNzk5ODQyOUVDNEMwNDJFMjUzOTE0MjQ1NUVDRjQyMEQ2MDgwNDI1RjMy
Q0Q0MjcwOEM3NDQyMUEwNzA1NDMyM0UxODE0MjVFNTIxMTQzMDQxMzdGNDI5
MDA2MUM0MzczODI3RTQyOTMyRTFENDNDRjc5NkU0MjVFQzEwQjQzNzQyNjVF
NDIzRjUzMDM0MzkzOTM0RTQyN0ZGRDBBNDMxRjJCNDI0MkY3RkEwRDQzQUY0
ODNFNDI2MUI4MDg0M0RDMTA0ODQyOERCNzBGNDNDOTI3NDI0MkY4RjUxMzQz
OEVBRjNFNDIzRENGMDQ0M0YwQzQ1RDQyREJENEYyNDJDNjVFNkU0MjM3Q0Mw
QjQzRTJENTcwNDJFMjdBMUQ0MzQ5ODU2RDQyNDcyOTE0NDNGM0U5NzA0Mjgy
QTUwRDQzMkEwOTYzNDI2RERCMUM0M0EwNEY2RTQyQTMzQzFENDMxRUUyOEI0
MkUxODdCNzQyMTdBQzhENDJEREVFN0Y0MjlBMzY4RDQyMjU3RTkyNDIxQjdD
OTM0MjBCMzhFMzQyNkJGRDhFNDI1MzBDRUI0Mjk2QkI4RTQyN0MxREQ3NDI4
ODJGOEM0MkUwREZBRDQyNjhCODg3NDI5MDYyOUY0MjI2NjE4MzQyRTE3MEE4
NDI3MzUzODA0MkFEMEY1MzQwMUJBNEI1NDBCQzBCOTY0MDkyNjc4NDQwNjNC
MjQ5NDAzQjhFREUzRjQ1NDJCQzNGMzA1RTA3NDA5QjQ0OTQzRjQzQTRDQTNG
QzVGMkVCM0ZCNTJENkUzRjVFOUNCRDNFQUM4Q0ZGM0VEM0E2Q0MzRTQyMzA5
QzNFQUQ0NzYyM0Y2QTcwNjMzRjkwNkFGMDNFMjBFQzhDM0U3MUMxOTMzRTlG
ODFFMzNFREU0QzIzM0YxMzFBRDQzRURDQkNCNjNFMjBEN0VEM0U2MTE3RDAz
RTg4RDBDNzNFQkYxOTM3M0YwRTVEMEQzRkMyQjhDRTNFMzc4RTE3M0ZBRUJG
NTEzRURDOTkyNzNFMjkyRTgwM0UxMjI5NA==

--SBD.Boundary.605592468
PROCESS /noc/users/iridburst/exec/irid_300224010734970_upd.pl
Last Run  ----1970-01-01 00:00:00 
MONTH  5 
DATA  xxrecord 2012-05-16 21:00:05 :: $W5M5A,120516,210005,660d0028449ce246,1,DAS 2,4901.5161N,1621.7336W,3.0,72,5.5,14.1,9.7,89.0,8.0,9.7,88.1,7.8,1018.8,1.83,2.86,14.3,25,40*5F
 
INSERT
STATION sbdservice
IRID_ID 300224010734970
BODY 
Content-Type: application/x-zip-compressed; name="SBMmessage.sbd"
Content-Disposition: attachment; filename="300224010734970_003345.sbd"
Content-Transfer-Encoding: base64

JFc1TTVBLDEyMDUxNiwyMjAwMDUsNjYwZDAwMjg0NDljZTI0NiwxLERBUyAy
LDQ5MDEuNDgzME4sMTYyMS42MzExVyw3LjIsMTE0LDEwLjUsMTQuMSw5Ljcs
ODguMyw3LjgsOS43LDg4LjIsNy44LDEwMTguNiwyLjI5LDMuNDUsMTMuMywy
OSwzMyo1RA0KDQokVzVNNUEsMTIwNTE2LDIyMDAwNSw2NjBkMDAyODQ0OWNl
MjQ2LDIsREFTIDIsMTMuMCwxMy4xLDAuMiwwLjQsMC4wMSwxMDQ2LDEwNTMs
MTU2LDYyOCwwLDI2NC40LDEzLjg4LDkyNCo2Mw0KDQokVzVNNUEsMTIwNTE2
LDIyMDAwNSw2NjBkMDAyODQ0OWNlMjQ2LDMsN0YwMDc1MDIzQTAwMDA1MzMy
MzAzMTMyMzAzNTMxMzYzMjMxMzQzMDMwMzA1NTVCMDAzMTMyMzAzNTMxMzYz
MjMxMzQzMDJDNTQ0MTQyMzAzMDMwMzAzMDJDMkQzMDM1MzEyRTMxMkMyQzMx
MzIyRTM1MzMyQzM0MkUzMDJDMzMzNjMwMzAyQzM2MzAyQzM2MzAyQzMxMkMz
MDMwMzUzNzMwMkMzMzJFMzQzMjJDMzEyRTMyMzYyQzMyMzEzMzJDMzAyQzMw
MkUzMTM3MzIyQzJCMzAzMDJFMzAwRDBBRTgxMEU4RDNFMkY0N0YwMDY3MDIz
QTAwMDA1NzMyMzAzMTMyMzAzNTMxMzYzMjMxMzQzMDMwMzBGRjREMDAwMDgw
RkI0NDAwMDAwMTQ0MDBGQzUwNDgwMDAwQkE0MkY5MkRCODNGNkMwODBBNDE2
QzFFNUQ0MEZDQ0IxMjQwQzI0MjM1NDFGNzgyMzg0MEVDODE0MTQxMkZDRkY2
NDA1NjU1NTU0MUU5ODc1NDQxREFERDE3NDA4N0YyRTk0MTgzNTMwNDQyMTg0
MTZFM0NBMDFENTM5RjJCNDU3RjAyOEEwMjNBMDAwMDRCNTY0ODIwMzczMjMw
MzEzMjMwMzUzMTM2MzIzMTM0MzAzMDMwMzIwMDAwMDBCODFFODUzRDBBRDdB
MzNCODRGMkU5NDE4MjUzMDQ0MjFDMzZCODQxMDI5RUE4NDE1QjQ1QkI0MTRD
MTg4NjQxM0JFOUM5NDFBQjY3ODU0MTBFRUREMTQxN0NGNjkzNDFCRDc1OTQ0
MUZFQjdCRjQxMjk4NURENDAwNjZFRTk0MTRFRTVCMjQzM0U2QTBDNDJGNUU2
QUQ0M0VCQkUzMDQyODNGNEE0NDMxNzM5NUY0MkZCMzRBODQzODEyRDU1NDIz
NjRDQjE0M0NEOTcyOTQyNDMyRTM1M0ZGQTQ3MTE0MjVFMUU0RDQwN0NBODI1
NDIzRTJFMTQ0MTgwQTEzRTQyMjQ4NjQ4NDEwQjM4NTY0MkE3NDgxMjQxM0JC
MjU2NDJCNDc5ODc0MDk5RTc3RTQyMzA1RDU1NDNFM0NDOUU0MkUzQTgxRTQz
NUUzNThFNDJFMDU5MTM0MzI1RTM4QTQyNzBCMjJCNDMzNUQwNzE0MjA1MEIy
ODQzMUIyQzU3NDI2NzFEMUI0MzcyMjI0OTQyODE2QjA5NDM0OUQyNDY0MjIx
NjBGRjQyNzMxNzJFNDI3MkM1MDQ0M0VBQ0ExQzQyNUNDNjBBNDNGRDA4MkQ0
MkIxQzUwMDQzRkJCMDRCNDJDQkI3RTI0Mjc0MkY2NTQyRUZBQUYyNDI4RjU3
N0M0MjMxQTZDQjQyREQ5OTdFNDI2M0YyQjY0MjYyN0E1RTQyRUI3RERFNDIz
Q0MwNUE0MkVBNzMwMDQzMDRDRDU2NDI1QzUxMDc0MzdFQTY0QTQyRjBCOTA3
NDMzMkI4NTc0MkJBNkMwNzQzMTA5NzVDNDJDQ0JBRjI0MjhBQjg2QzQyNkZE
NUQ5NDIwMzIzNzY0MjRBMURGMzQyOEEwNzdCNDJDODQ0RUM0MkYxQzQ3RDQy
MUI2OUQ2NDJBNkZEODI0MkEwRkVEQzQyM0IzNDg3NDJBRTYxRjU0MjVDQ0M4
NjQyRTRBRERENDIzMjFGODU0MjRFMzBCMDQyNDVFRjg0NDJFNjRGQTQ0Mjky
NDY4ODQyNDk3MUQzNDIyMjEzOTI0MkNCNDRCMzQyRjAyNjk5NDIxNkE1Qzg0
MjcyOEE5NjQyRTA5ODU4NDA0RkE5MDg0MUQxNTAxNDQxQjlDMTA4NDFBQjZC
OTE0MDZFMUI4NjQwNTVBRTQ4NDAxQ0QyRjczRkQ5NTU5MjNGQ0U4OTgwM0Y1
ODFGQTEzRjJGQUJEQTNGNDQ2MkQyM0ZBN0Q4RUYzRjZCNEU4MTNGREYwN0Y5
M0U4NjFDMUMzRjFDNkMwQzNGNzQxRkM3M0VCNUE2MTgzRjZEMTQ2NjNGQUI3
QjQ3M0ZEODgzMTgzRkQ1NDYzMzNGMTQwOTkyM0ZERUFDQzAzRjBEMUJBMjNG
MkVERkNCM0VBQUM1RjQzRTMyODNDMDNFQzJFNTAzM0ZBMEI0MTEzRjQ4RkMw
NDNGMjYwQ0EzM0VGN0E2NUQzRTgyMkQ5RDNFNTIzRkMzM0VDQkYwQTQzRUJG
OTY4NDNFQUQ3RDAyM0VEMzA4RTYzRDczRQ==

--SBD.Boundary.605592468
PROCESS /noc/users/iridburst/exec/irid_300224010734970_upd.pl
Last Run  ----1970-01-01 00:00:00 
MONTH  5 
DATA  xxrecord 2012-05-16 22:00:05 :: $W5M5A,120516,220005,660d0028449ce246,1,DAS 2,4901.4830N,1621.6311W,7.2,114,10.5,14.1,9.7,88.3,7.8,9.7,88.2,7.8,1018.6,2.29,3.45,13.3,29,33*5D
 
INSERT
STATION sbdservice
IRID_ID 300224010734970
BODY 
Content-Type: application/x-zip-compressed; name="SBMmessage.sbd"
Content-Disposition: attachment; filename="300224010734970_003346.sbd"
Content-Transfer-Encoding: base64

JFc1TTVBLDEyMDUxNiwyMzAwMDUsNjYwZDAwMjg0NDljZTI0NiwxLERBUyAy
LDQ5MDEuNDU3N04sMTYyMS41Njg1Vyw2LjAsMzYsOC4yLDE0LjEsOS45LDg1
LjYsNy42LDEwLjAsODUuNSw3LjcsMTAxNy45LDIuMDYsMy4xNywxMy4zLDMy
LDQxKjYyDQoNCiRXNU01QSwxMjA1MTYsMjMwMDA1LDY2MGQwMDI4NDQ5Y2Uy
NDYsMixEQVMgMiwxMi45LDEzLjEsMC4yLDAuNSwwLjAxLDEwNDcsMTA1NCwx
NTYsNjI4LDAsMTkxLjQsMTMuODgsOTIyKjYyDQoNCiRXNU01QSwxMjA1MTYs
MjMwMDA1LDY2MGQwMDI4NDQ5Y2UyNDYsMyw3RjAwNzUwMjNBMDAwMDUzMzIz
MDMxMzIzMDM1MzEzNjMyMzIzNDMwMzAzMDU1NUIwMDMxMzIzMDM1MzEzNjMy
MzIzNDMwMkM1NDQxNDIzMDMwMzAzMDMwMkMyRDMwMzUzMTJFMzEyQzJDMzEz
MjJFMzUzMTJDMzQyRTMwMkMzMzM2MzAzMDJDMzYzMDJDMzYzMDJDMzEyQzMw
MzAzNTM3MzAyQzMzMkUzNDMyMkMzMTJFMzIzNjJDMzIzMTM0MkMzMDJDMzAy
RTMxMzczMjJDMkIzMDMwMkUzMDBEMEFFODEwOTVGRjlCODM3RjAwNjcwMjNB
MDAwMDU3MzIzMDMxMzIzMDM1MzEzNjMyMzIzNDMwMzAzMEZGNEQwMDAwODBG
QjQ0MDAwMDAxNDQwMEMwNUE0ODAwMDBEQTQyMEUxOEEwM0Y3RThGRUI0MEY5
QUI0QTQwOUNDMjAzNDA0NTg3MjQ0MTcxRkIyMzQwN0RDOTJDNDFENzhFRUU0
MDU2NTU1NTQxRkQzMTVBNDE2RUI5MDk0MDhDMDdGQzQxMzI2RTIyNDIzREJG
NDUzQ0VCMUM2RERBQkNEQzdGMDI3RTAyM0EwMDAwNEI1NjQ4MjAzNzMyMzAz
MTMyMzAzNTMxMzYzMjMyMzQzMDMwMzAzMTAwMDAwMEI4MUU4NTNEMEFEN0Ez
M0I4QzA3RkM0MTJBNkUyMjQyNTY2MzlGNDFBOTNFRDY0MTE1MDlCNjQxQTY1
NkJENDE4NzBDQjE0MUM2QzFDMjQxQ0VDOEM2NDFCQkVFQ0I0MTBDRjRFNDQx
Qzc2QUZCNDE0QjQ0OTM0MUUyRkYzMTQyOUFFRDdDNDA4MjAwNDA0MkFGNjEy
OTQwOEU4RDNBNDI4MzAxMDQ0MUI3NUMyRjQyM0Q5QTNENDE2NkFBMTA0Mjgz
OEUyMTQwNDYxQzMxNDI1Njc2QUI0MzMxRjE3MjQyMEI5MTBBNDE3M0Y4NkY0
MkU1MzVFODQwRjY1MTY1NDI4QTNEQUU0MzE4M0U4MjQyNDAzMUIyNDM2MTVC
ODY0MjdBNkRCQTQwRTgyQzgzNDJCNkU0QjgzRTAzNTg5MjQyRUQ3REU2NDIx
M0I3OTY0MjVENjAwMjQzMEYzRjg2NDJFRjRFMTU0M0U1M0U2NDQyQTg1MDFG
NDM0Q0UwMUQ0MjA4MzExRTQzMzhFRjA2NDIyMEExMTk0MzNFQkYyRDQyREEx
QTExNDNEQjBDM0I0MjQzQkUwNzQzMzM4NzM4NDIwMzE4RkU0MjlCMEQ0NDQy
NDBCRjAzNDNBOTI1NTI0MjYzNEIwNzQzNkQwMjZFNDJBQzhBRjI0MjY5Mjk3
QjQyRTlEMUQ0NDJGNENENkQ0MjgwMDBFNDQyNjE2QTY1NDI5MjBDRDM0Mjg0
RDU1RTQyN0IzQ0I0NDJENkVDNTA0MjE3MjhDODQyQTgxRTQzNDIyODUyRDc0
MjE4MEQ0NDQyNkRBNUNFNDIxQTJFNTc0MjI0MjBCRTQyM0E2OTY4NDIzQ0M1
Qjc0MjFCREM3RTQyMTc2NEJFNDIwNDFCOEM0MkYwMDIwNTQzRjA0ODhDNDJF
QTQ1MTA0M0JENEY4MTQyNTY4OTBFNDNDRThCODA0MkU5RkQxMDQzQTREQzgz
NDIxQzk4MUQ0MzJCMTc4MzQyNTVEMjJGNDM1MTNDOTI0MjEyNDkzQjQzNEI3
MDkwNDJDMTc1MzU0MzM1NUU4NzQyOEQyQzJGNDM2NkUwOEQ0MkNBQTJCMzNG
QzhDOUU3NDAzMEU0RUI0MDVBRDI2NDQwQ0MzODYyNDBFMzNCMTM0MEEwQjcz
QjQwOEE5OTAzNDAwNjg5MDg0MDA3NDYzQTQwOTQ1OTEwNDA4QUQ2N0YzRjhG
NzMxRjNGRkRERjgzM0Y4MDg1NDQzRkQ1MjA5NjNGODcxMjUzM0Y0N0MwMEMz
RkRGMzdCOTNFMjQxQTM5M0Y4NzdDNjUzRjFEOUMzQjNGREI0QzgwM0Y0NjFF
ODczRjBEMUJCOTNGMzRGODYzM0ZEQ0JDMTAzRkY5N0QyMzNGNjM3Njk0M0U2
NTI1OTQzRTAyN0I5MTNFNEMxNEIwM0VBQTA3RDkzRUI3Mjg4MjNFQkQ2QkM4
M0UyMDhBMEMzRjcyREE4RTNFMzZDNzg0M0U0OEY3MzMzRTU0NjAxMDNFMzFE
Mjg3M0UzQTYwOUEzRTU0MEM4MzNFNTFCNA==

--SBD.Boundary.605592468
PROCESS /noc/users/iridburst/exec/irid_300224010734970_upd.pl
Last Run  ----1970-01-01 00:00:00 
MONTH  5 
DATA  xxrecord 2012-05-16 23:00:05 :: $W5M5A,120516,230005,660d0028449ce246,1,DAS 2,4901.4577N,1621.5685W,6.0,36,8.2,14.1,9.9,85.6,7.6,10.0,85.5,7.7,1017.9,2.06,3.17,13.3,32,41*62
 
INSERT
STATION sbdservice
IRID_ID 300224010734970
BODY 
Content-Type: application/x-zip-compressed; name="SBMmessage.sbd"
Content-Disposition: attachment; filename="300224010734970_003347.sbd"
Content-Transfer-Encoding: base64

JFc1TTVBLDEyMDUxNywwMDAwMDUsNjYwZDAwMjg0NDljZTI0NiwxLERBUyAy
LDQ5MDEuNDU3MU4sMTYyMS41NzA5Vyw2LjksMTUsOS45LDE0LjEsMTAuMCw4
OC40LDguMiwxMC4xLDg4LjAsOC4yLDEwMTcuMCwxLjkzLDIuODEsMTQuMyw0
NSw0NCo1Rg0KDQokVzVNNUEsMTIwNTE3LDAwMDAwNSw2NjBkMDAyODQ0OWNl
MjQ2LDIsREFTIDIsMTIuOSwxMy4xLDAuMiwwLjQsMC4wMSwxMDQ4LDEwNTUs
MTU2LDYyOSwwLDMzLjMsMTMuODgsOTIzKjUzDQoNCiRXNU01QSwxMjA1MTcs
MDAwMDA1LDY2MGQwMDI4NDQ5Y2UyNDYsMyw3RjAwNzUwMjNBMDAwMDUzMzIz
MDMxMzIzMDM1MzEzNjMyMzMzNDMwMzAzMDU1NUIwMDMxMzIzMDM1MzEzNjMy
MzMzNDMwMkM1NDQxNDIzMDMwMzAzMDMwMkMyRDMwMzUzMTJFMzEyQzJDMzEz
MjJFMzQzOTJDMzQyRTMwMkMzMzM2MzAzMDJDMzYzMDJDMzYzMDJDMzEyQzMw
MzAzNTM3MzAyQzMzMkUzNDMyMkMzMTJFMzIzNjJDMzIzMTM1MkMzMDJDMzAy
RTMxMzczMjJDMkIzMDMwMkUzMDBEMEFGMTEwOUZEOEIwQUU3RjAwNjcwMjNB
MDAwMDU3MzIzMDMxMzIzMDM1MzEzNjMyMzMzNDMwMzAzMEZGNEQwMDAwODBG
QjQ0MDAwMDAxNDQwMDg0NjQ0ODAwMDBEQTQyQzMzQkEzM0Y1RDAwRUE0MEY2
RTYzMzQwRTJGRkY2M0YwRTcxMUI0MTY0MjAxMTQwMzRDMDFENDEyRkQ4REQ0
MDQ5OTI2NDQxNkQwMTUwNDE0Nzc5MDM0MDk1NTgzMjQyN0EzQjJFNDI2RURE
MzMzQzUwMUJEODkyMDFGRTdGMDI5NjAyM0EwMDAwNEI1NjQ4MjAzNzMyMzAz
MTMyMzAzNTMxMzYzMjMzMzQzMDMwMzAzMzAwMDAwMEI4MUU4NTNEMEFEN0Ez
M0I5NzU4MzI0Mjc3M0IyRTQyNTVFODg5NDFEMDE1RDk0MThCMDE4RDQxNDM1
NUJENDFCOTU5N0Q0MTc2MUNBMTQxOTE5RTYwNDFCREU5OUY0MUIyNUM4QjQx
MkIyRUYyNDE1QjgyNzY0MTFDMDMxOTQyODczMUVBNDAzNTM5MkI0MkI5RDc4
NDNGRjYzNjI4NDJDQTZFRUIzRjlDOTIxOTQyQkJDREIzNDMwRDlCMzQ0MjBF
QzlCMDQzOUZBNzYxNDI1MEUwQjA0M0NGQUI2RDQyODY4RDg5NDAzRUFDNUU0
MkNCQjZGQTQxMEUwQTg3NDI0NDU0MTI0MzdCQzQ3QTQyRUM2NzE3NDNERDNG
NUY0MjMyODYwMzQzRUJEMzdFNDJEMDE3MDA0MzBDOUY4NTQyMDJCODFBNDM5
MjBFODQ0MkRFNjcxRDQzQ0QyRjg2NDI5MTY2MUM0M0M3MDk2QzQyQjk0QzE2
NDMyMDAwNEE0MjI4MEEwRjQzOUY4QTRGNDIwMTlGMEY0MzBGREY2NTQyOTI2
ODA4NDM0MDY1ODQ0MjMxQjFFMDQyRDA1NDc1NDIxQjlBRTk0MjAwODI0NTQy
RUEwRkZENDIwOEM3Mjc0Mjc4NjRGNzQyNUUwMTMwNDIxNkZGRDg0Mjc5RDYz
NjQyRUUwRkQwNDIyRjIxMjc0Mjc2RTVFNTQyRThEOTE1NDJCMDZCRUQ0MjEz
MTIwRTQyNzlGMkU4NDI0MzY0MzU0MjBGQzFENjQyNDdFMDczNDJCMUJCQjM0
MjY1Rjk4NzQyMDUxMUZDNDJEQTMwODI0MjEwNDQwNzQzMEE3OTZFNDIzNEY5
RkQ0MkYxNzc3QjQyQTMyMzA0NDM1OERDODM0Mjg2RUMwMzQzREY3QTcxNDI4
RDIwRTc0MjA5RUE1RTQyRUEzNEVFNDI4NzUxNzQ0MjBBQjNGNDQyRTAyNjg2
NDI4N0QxRjg0MkZGMzU4QTQyOUE1MDE0NDNBRUE1ODc0MjA0RUYxMjQzNDBC
Njg4NDI4MUY4MDU0Mzg0QUY4QjQyODk2MEZFNDJFMkUyODQ0MjgxQUFFRjQy
RDY2OTgxNDIyNzc0MDI0M0Y2Mjg4QTQyNkQyODJDM0Y3OTRCOUE0MEZFMkI5
NDQwM0U5RTQ1NDA4RDQ4RDkzRjZGMEQxOTQwNkNEMDI0NDBDMjYwRjQzRjQ1
NUMzMzQwQTgxQzNCNDBDNUQ1RkMzRjYwQTQ3RTNGQzVEODlBM0ZDMDUwQTcz
RjY4N0M3QTNGQjg3MDg2M0ZCRDgwODYzRkI2MzA0QTNGNTc2NkY4M0U3NkNE
MTgzRkEzQjM3MjNGNDFBRDhEM0YzNEY3RDAzRjFDNERFRTNGRkI2MDIwM0ZC
RkJDMDIzRkExODUxQTNGOUI3ODc2M0ZDMEMwMTEzRjA2M0VCOTNFNDQzQTU1
M0U4QkUzQkIzRUYzNzZGOTNFMjM4NEM2M0U3MjkzODMzRTdDMzM0RTNFRDgy
QzdBM0VBNzg1NDUzRUM0NTFDODNFODEzMw==

--SBD.Boundary.605592468
PROCESS /noc/users/iridburst/exec/irid_300224010734970_upd.pl
Last Run  ----1970-01-01 00:00:00 
MONTH  5 
DATA  xxrecord 2012-05-17 00:00:05 :: $W5M5A,120517,000005,660d0028449ce246,1,DAS 2,4901.4571N,1621.5709W,6.9,15,9.9,14.1,10.0,88.4,8.2,10.1,88.0,8.2,1017.0,1.93,2.81,14.3,45,44*5F
 
INSERT
STATION sbdservice
IRID_ID 300224010734970
BODY 
Content-Type: application/x-zip-compressed; name="SBMmessage.sbd"
Content-Disposition: attachment; filename="300224010734970_003348.sbd"
Content-Transfer-Encoding: base64

JFc1TTVBLDEyMDUxNywwMTAwMDUsNjYwZDAwMjg0NDljZTI0NiwxLERBUyAy
LDQ5MDEuNDc3OU4sMTYyMS42MjA3Vyw3LjYsMjUsOS45LDE0LjEsMTAuNCw4
My44LDcuNywxMC40LDgzLjcsNy44LDEwMTYuMSwxLjg4LDIuNTksMTIuNSw1
MSw0MCo1QQ0KDQokVzVNNUEsMTIwNTE3LDAxMDAwNSw2NjBkMDAyODQ0OWNl
MjQ2LDIsREFTIDIsMTIuOSwxMy4xLDAuMiwwLjQsMC4wMSwxMDQ5LDEwNTYs
MTU2LDYyOCwwLDYuMywxMy44OCw5MjcqNjMNCg0KJFc1TTVBLDEyMDUxNyww
MTAwMDUsNjYwZDAwMjg0NDljZTI0NiwzLDdGMDA3NTAyM0EwMDAwNTMzMjMw
MzEzMjMwMzUzMTM3MzAzMDM0MzAzMDMwNTU1QjAwMzEzMjMwMzUzMTM3MzAz
MDM0MzAyQzU0NDE0MjMwMzAzMDMwMzAyQzJEMzAzNTMxMkUzMTJDMkMzMTMy
MkUzNDM3MkMzNDJFMzAyQzMzMzYzMDMwMkMzNjMwMkMzNjMwMkMzMTJDMzAz
MDM1MzczMDJDMzMyRTM0MzIyQzMxMkUzMjM2MkMzMjMxMzYyQzMwMkMzMDJF
MzEzNzMyMkMyQjMwMzAyRTMwMEQwQUVDMTBBMDZGQjY4MzdGMDA2NzAyM0Ew
MDAwNTczMjMwMzEzMjMwMzUzMTM3MzAzMDM0MzAzMDMwRkY0RDAwMDA4MEZC
NDQwMDQwMDE0NDAwMDA3QTQ1MDAwMERDNDI0MUI2OUUzRjA5OUFFQTQwRUY3
NDI1NDA0QUIyRjAzRjlBRjMxQTQxRTQwRjBCNDA2RjU2MUE0MTI5MTdFNDQw
MDAwMDQ4NDE0QjA3NEM0MTM4Q0IwMTQwMURCNzRBNDIxODA0MjE0MkJGRDUy
RjNDMzUxOUZERUQ1M0U3N0YwMjk2MDIzQTAwMDA0QjU2NDgyMDM3MzIzMDMx
MzIzMDM1MzEzNzMwMzAzNDMwMzAzMDMzMDAwMDAwQjgxRTg1M0QwQUQ3QTMz
QjFDQjc0QTQyMTQwNDIxNDJCRUU3QzU0MUEyMDlGMDQxRkU2NUJENDFFMzhF
QzI0MUE2ODBCMDQxODVGNkE0NDExNEUxOTU0MTQ2REY5RDQxQ0FFQTY5NDFD
RTQ0REY0MTcyMUUwNzQxQTdFNTQzNDIzMUE3QjE0MzMzRkI2ODQyNDc5OEIx
NDM2NUZFNDA0MkU3MERBQTNGRDYwNjQxNDIyNkFDQzc0MEEyQTU0QzQyQjkx
MTVENDE4QjMwMzc0MkI3NTlBNTQxNzA4MDZENDI1QkVBMDE0MjU3MDU5NTQy
OUUxNkNCNDJCMzQwOTk0MkIzMTYxQzQzMjdENThDNDJCQkQ2MTY0MzRERjE4
MDQyOEEyRjBGNDM4Njc5Njc0MjQ1MEMwQTQzQ0I5MTUyNDJCQ0Y3MDY0Mzgz
Rjg1NDQyMzBGRDBDNDM2RDkyNjE0Mjg1NDUwQzQzMEE3ODdDNDJDMjgxMTQ0
MzA5QjE2NjQyRTBERDEyNDM2RDYxMUM0MkE2NjYwOTQzODAxNjFFNDI5MzZB
Rjc0MjhENTMzMzQyMjQzNEZBNDI2NDJGMUE0MkYyNUYwMzQzMEEwNEY3NDEy
OUE1RkU0MkM3MjAwQTQyQjEwREUwNDJGQTY0MkE0Mjc5MzdFNDQyNTBBRTM3
NDI4MDc1Rjc0MkQ4NTczNDQyNTVFNkY5NDIzMTJFMzM0MkVFN0ZGNjQyREI5
NDNDNDJEOUI5REU0MjE2ODY1MDQyRTkzMEQyNDIxQjI0NTg0MjQ3QUFGQjQy
NzA5RjZDNDJGRkM4MTg0MzU2RDY2NjQyMzZCQzFBNDNBNDg5NjQ0MkMwQjQx
MDQzNkJEQzgxNDJCMTQ0RTA0MjE3QTU5MTQyMkM1OUEyNDJFQUVBOEQ0MkE5
QkJERjQyNDk3MDgwNDJFQzFDRkY0MjkwODY2RjQyNjZFQjA3NDNERUEwNzQ0
MjU2MDMwNDQzRjhBRjg3NDJDMjREQTc0MjQwNzE4ODQyNDg4MjhFNDJCNDZG
ODA0MjdCODRDMTQyQTM3Qzg5NDJDRDNGMEU0MzA1Njc4NzQyNTRFQTBENDNF
NkIzOEQ0MjM4OEJCMTQyQjg1RTk1NDJGNDA4NEUzRjJENjI1QTQwMjZFMkMw
NDBBMjJGRDM0MDkyQjE4MjQwNDBEMzE2NDA4Mzc1QUMzRjk2NDRFQzNGNDFB
RkNDM0ZDRUJGODkzRjcxM0Q1NTNGQkJGNDVGM0YzOEVFNjczRjk2QUUxRDNG
RDYxNzNFM0ZBMURGOUMzRjY3OUNFOTNGN0MwNzU1M0Y4MjIxMjczRjdDNkIy
QjNGQzNEMjBGM0ZBN0U2MTEzRkUwRTg5NTNGQjZCMzcxM0YxRUVBNkIzRkFE
NzE1RTNGNUU1QzM5M0YwQzM1MzMzRkFDRkEwMTNGMDhCREZDM0U5NDMzMUIz
RkNGMDkyNDNGMzA2NDAzM0ZGMEQ3ODgzRTlGNjlDQjNFMURDQTlFM0VDM0ZB
QkIzRUJCMTU2NjNFMDIwRTI3M0U4MTA1RQ==

--SBD.Boundary.605592468
PROCESS /noc/users/iridburst/exec/irid_300224010734970_upd.pl
Last Run  ----1970-01-01 00:00:00 
MONTH  5 
DATA  xxrecord 2012-05-17 01:00:05 :: $W5M5A,120517,010005,660d0028449ce246,1,DAS 2,4901.4779N,1621.6207W,7.6,25,9.9,14.1,10.4,83.8,7.7,10.4,83.7,7.8,1016.1,1.88,2.59,12.5,51,40*5A
 
INSERT
STATION sbdservice
IRID_ID 300224010734970
BODY 
Content-Type: application/x-zip-compressed; name="SBMmessage.sbd"
Content-Disposition: attachment; filename="300224010734970_003349.sbd"
Content-Transfer-Encoding: base64

JFc1TTVBLDEyMDUxNywwMjAwMDUsNjYwZDAwMjg0NDljZTI0NiwxLERBUyAy
LDQ5MDEuNTE3N04sMTYyMS43MTc5VywxMC40LDEsMTMuOCwxNC4xLDEwLjQs
ODUuNSw4LjEsMTAuNCw4NS40LDguMSwxMDE1LjIsMi4xLDIuNzMsMTMuMyw1
OCw0Myo1NQ0KDQokVzVNNUEsMTIwNTE3LDAyMDAwNSw2NjBkMDAyODQ0OWNl
MjQ2LDIsREFTIDIsMTIuOSwxMy4xLDAuMiwwLjQsMC4wMSwxMDUwLDEwNTcs
MTU2LDYyNywwLDE4MS44LDEzLjg4LDkyNSo2MQ0KDQokVzVNNUEsMTIwNTE3
LDAyMDAwNSw2NjBkMDAyODQ0OWNlMjQ2LDMsN0YwMDc1MDIzQTAwMDA1MzMy
MzAzMTMyMzAzNTMxMzczMDMxMzQzMDMwMzA1NTVCMDAzMTMyMzAzNTMxMzcz
MDMxMzQzMDJDNTQ0MTQyMzAzMDMwMzAzMDJDMkQzMDM1MzEyRTMxMkMyQzMx
MzIyRTM0MzYyQzM0MkUzMDJDMzMzNjMwMzAyQzM2MzAyQzM2MzAyQzMxMkMz
MDMwMzUzNzMwMkMzMzJFMzQzMjJDMzEyRTMyMzYyQzMyMzEzNzJDMzAyQzMw
MkUzMTM3MzEyQzJCMzAzMDJFMzAwRDBBRUMxMDQxM0QwREJDN0YwMDY3MDIz
QTAwMDA1NzMyMzAzMTMyMzAzNTMxMzczMDMxMzQzMDMwMzBGRjREMDAwMDgw
RkI0NDAwNDAwMTQ0MDBDMDVBNDYwMDAwQ0U0MjYxNTdBNzNGRjZEQ0Y3NDA5
NjlEMkU0MDkyODMwNjQwRUQ4MDIwNDE2QkU2MjE0MEM5NUYyQTQxQTZCNEYw
NDA1NjU1NTU0MTZDQjI0RDQxQ0I2QjBBNDA2MjY4NjY0MjIxM0YyQzQyQjU0
OTQ4M0M2RjFENDY1MTdGODg3RjAyN0UwMjNBMDAwMDRCNTY0ODIwMzczMjMw
MzEzMjMwMzUzMTM3MzAzMTM0MzAzMDMwMzEwMDAwMDBCODFFODUzRDBBRDdB
MzNCNUU2ODY2NDIyMDNGMkM0MjQ5MENBMzQxOTI3MURENDFEQzgwODY0MTkz
QUVBRjQxRDYwMDgyNDE2RDhDOTU0MTY1Nzk4RTQxRUM5RTlFNDExMjg2QTk0
MTYzRTUwQzQyQzQ2RjgxNDE0Q0E0NDM0MkZDMThBMjQwOEYwODNBNDJBREJC
NzU0MDQxMDk0RDQyODdGMjk0NDA5NDU2ODI0MjU3MDkxNDQyRDU1QzlCNDIx
RDAxMDM0MzJBNDk5MDQyRUREMzBDNDM0OUExN0Y0Mjc1MEYwQzQzQjk2NzVF
NDJCMUE1MDA0Mzk4MEM2RDQyNjhGRUZFNDIzNTBBODk0MjFGOEUxMjQzNjNB
Qzc0NDJCQjNDMUM0MzA2RTE2QzQyMTVEMjIyNDM3RTI1Nzg0MkRCNDUyMzQz
REUzMTc2NDI0MzVBMTk0MzNCM0Y4NjQyNTk5NjA2NDNFQUVFN0E0MkZERDkw
RDQzMDA3NDQ1NDI1MDlEMTA0MzQ1NDAzNTQyNURDOTA5NDNBRTZEMzY0Mjk5
Q0UwMTQzMzgzRDM1NDIyNjY3MDA0MzY1ODkzMzQyQzVFNzA1NDM2MTlDNDI0
MkE2QkNGRTQyOTJFMzU2NDI1REE4RUI0MjE1NEQ0MzQyRERDREU4NDI3N0ZF
Mzc0MjlDQUVGMDQyNDk2MDQ3NDIxNkNFRUU0MjZFMDA0OTQyOUYxRkY0NDJE
MkFENTI0MjI4MDlFQjQyRUIzRjcxNDJEQTg1Qjc0MjE4RUU3RTQyRUJEQ0NE
NDJFNDdFNkU0MjU2NUYwMTQzRTBGNTY2NDI1NEJCMTU0MzAwODI2QjQyODdF
NTE1NDM3RTc0NUQ0Mjg3NzkxQTQzMTdGODUxNDJFMUIzMUQ0MzRBM0Q4NTQy
NUZGRTE3NDM4QUZCOTM0MjRFOUNERjQyQUY2NThGNDI5MzYyOTQ0MjM0RkE4
NTQyNEM3Qzk2NDJGNUFFOEE0MkZCQjBFMDQyMUNCQzhENDIxREY5MEQ0M0E5
RkU4RTQyREIzQTJGNDMxNTk4ODg0MjNCMkMzOTQzODM1RThDNDIyQTFCNUQz
RjQ5Q0E2NzQwRUNENEU2NDAxRDFCRDU0MDdCMTE4RjQwMkI0NjQwNDA1RDIx
NjA0MEI5MjcwMzQwM0JFQUM0M0ZGMTU5OTEzRkU5RDZBNTNGM0IyMThCM0Y3
QUQ3NTczRkY5RUMyMzNGRjJGQjE1M0ZGM0VERDQzRjU3Q0JCRDNGOThENThE
M0Y1NTYxQTEzRjgzNDZBQTNGNTJBRkFDM0ZDNEExQzYzRjkxODQ5RDNGQUZD
MDg0M0Y2N0I5ODQzRjlFODk3RjNGNUY0RkY2M0U1NzAzQUQzRUMwQTE2RTNG
MkNENTA1M0YwM0RBNTYzRTE5OTk3QTNFQUEyQkJEM0VFNjg3ODgzRTA1QUU2
RTNFQ0Y5OTlCM0UyMkNENEMzRTVCQkIwRjNFOTFDMDExM0VGNTUyRUMzRDdG
RTBENDNENUZENkMyM0RDQjUzQUUzRDdFQg==

--SBD.Boundary.605592468
PROCESS /noc/users/iridburst/exec/irid_300224010734970_upd.pl
Last Run  ----1970-01-01 00:00:00 
MONTH  5 
DATA  xxrecord 2012-05-17 02:00:05 :: $W5M5A,120517,020005,660d0028449ce246,1,DAS 2,4901.5177N,1621.7179W,10.4,1,13.8,14.1,10.4,85.5,8.1,10.4,85.4,8.1,1015.2,2.1,2.73,13.3,58,43*55
 
INSERT
STATION sbdservice
IRID_ID 300224010734970
BODY 
Content-Type: application/x-zip-compressed; name="SBMmessage.sbd"
Content-Disposition: attachment; filename="300224010734970_003350.sbd"
Content-Transfer-Encoding: base64

JFc1TTVBLDEyMDUxNywwMzAwMDUsNjYwZDAwMjg0NDljZTI0NiwxLERBUyAy
LDQ5MDEuNTYyM04sMTYyMS44MzI5Vyw5LjUsMiwxMS42LDE0LjEsMTAuNCw4
NC4wLDcuOCwxMC40LDg0LjEsNy45LDEwMTQuNiwxLjg5LDIuOTksMTIuNSw3
Nyw0OSo1Rg0KDQokVzVNNUEsMTIwNTE3LDAzMDAwNSw2NjBkMDAyODQ0OWNl
MjQ2LDIsREFTIDIsMTIuOSwxMy4xLDAuMiwwLjQsMC4wMSwxMDUxLDEwNTgs
MTU2LDYyOCwwLDI4Mi43LDEzLjg4LDkxOSo2MQ0KDQokVzVNNUEsMTIwNTE3
LDAzMDAwNSw2NjBkMDAyODQ0OWNlMjQ2LDMsN0YwMDc1MDIzQTAwMDA1MzMy
MzAzMTMyMzAzNTMxMzczMDMyMzQzMDMwMzA1NTVCMDAzMTMyMzAzNTMxMzcz
MDMyMzQzMDJDNTQ0MTQyMzAzMDMwMzAzMDJDMkQzMDM1MzEyRTMxMkMyQzMx
MzIyRTM0MzUyQzM0MkUzMDJDMzMzNjMwMzAyQzM2MzAyQzM2MzAyQzMxMkMz
MDMwMzUzNzMwMkMzMzJFMzQzMjJDMzEyRTMyMzYyQzMyMzEzODJDMzAyQzMw
MkUzMTM3MzEyQzJCMzAzMDJFMzAwRDBBRUQxMDMxM0U0QkQ4N0YwMDY3MDIz
QTAwMDA1NzMyMzAzMTMyMzAzNTMxMzczMDMyMzQzMDMwMzBGRjREMDAwMDgw
RkI0NDAwNDAwMTQ0MDA4MEJCNDYwMDAwRTY0MkJENzM5NTNGQkQzRURENDBG
Nzg3M0Y0MEJEQTFGMTNGRjM5NTA5NDFBMTRFMTg0MDM0OEIxRTQxMDQ4NEUw
NDAwMDAwNDg0MTBCNEUzRTQxODZGNkZFM0ZDNDJEOTk0MjA5NDg0NDQyOEZG
RDI5M0M2RDFERERGMjVBNTA3RjAyOEEwMjNBMDAwMDRCNTY0ODIwMzczMjMw
MzEzMjMwMzUzMTM3MzAzMjM0MzAzMDMwMzIwMDAwMDBCODFFODUzRDBBRDdB
MzNCQzEyRDk5NDIwNjQ4NDQ0MkMyRjdDOTQxRjA3NjE1NDI0ODA3Q0E0MTg4
MjUwMzQyRjVDQkQ1NDFBNkUwRTI0MUExM0RDQTQxMTJEQURGNDFGOUVFOUM0
MUZGQUYwRjQyQzY4NzZFNDFDMTQ4MkM0MjQzQTlCRjQwNjcwNjM3NDI1NkU0
QjM0M0UzRjQ1RTQyMjNFRTMyM0ZGQzJCOEE0MjE4NUJBRDQzRTQwODkzNDJC
MkJBMDk0M0JFOTU5RDQyMDI1NDExNDMyQzI5ODA0MjQzREUwQzQzNkNEMzgw
NDJGQzQxMTY0MzQ4OEQ4NTQyNTRBNTIxNDNFMkVBNDE0MjhCMTYyNDQzNzAw
MzE3NDJGNDkyMjM0MzQ3REQxNjQyRjkwMjE2NDMyREU4NEQ0MjA2MjIwMDQz
Mzg5MTY0NDJGODBCRkU0MkEyODI1QzQyNTMwNTBDNDMwNTlFNTk0MjQ4Q0Yw
MzQzNzM2MTRCNDJEOUFGMDA0M0Q2QjYzNjQyODk3NjA5NDM5MjBENTk0MkE5
M0MwRTQzMDY2OTcwNDJDMjBFRjk0MjU0ODQ1QzQyREJDRkU1NDI0MkZCNTM0
MjI4NTkwMDQzODU3QzRFNDJBMTNGMDI0MzlBNzk2NjQyMUI4OUNBNDJGMkE2
ODY0Mjc3MjNEQzQyRDIzMDg0NDI1QjJFRUM0MkZBNjQ1NTQyQUNEQUUzNDI0
ODgzMzM0MjcxQTdFNzQyOUI3OTM4NDI0QzRBRTU0MkVCQjgzOTQyNjNEQURF
NDJDMEU4NDk0MkY0MkNFNzQyNTM0RTczNDIyNDEwRTM0MjFEODE3RDQyMzU2
OUNFNDJBRjFCN0Y0MjRFNzFDRDQyOERFRDgzNDJGMUYzRDY0MkNDQzc3RDQy
OURDRkYxNDI4OEI5NzY0MkIzMEVENTQyQkUxMzg3NDIzREEyQjA0MjBERjQ4
QzQyMjU3MzBCNDNDMzA0ODM0MjJGNjUwRjQzQjIxMzcyNDI4QTJBRUI0MkZC
NTI3RTQyRUE4OUJFNDJBMzdEODM0MjBERjk4NTQyQzM4MzhFNDJDNjBEMEM0
M0NDQjc5NzQyRDY2NDEwM0ZGNTE4MTI0MDIzQzI1NzQwQTIxQzk4NDBFNjFB
MzQ0MEE1NzgwNjQwQzU0NURDM0YyRkVDRTAzRkNBMEQyMzQwRTIyNTA2NDBE
NTZBMEU0MDdEQzdFQzNGNzhERjY0M0YzNkJFMTkzRjI3NTY5RTNGMkEwRTIy
NDA4NzVEQjIzRkQyMTEzRjNGM0IyMEI5M0ZBNjY0RDEzRjcxQUNDMzNFQkM2
QjI5M0ZENzg0OUIzRkVEQkU4RTNGMjZBQzEwM0ZDNEU5MEMzRjFBRUIwQTNG
QjlGQkM0M0U1ODI4QjkzRUVBMjI2QzNFOTBCRUZFM0Q2RjJFREMzRTIwMUJF
RTNFMTVBRDY4M0VBNTkxMDczRjY1MjNDRTNFNUQ0RDdFM0VDNTg5MTYzRUZC
NEIyMTNFRDMyQzA0M0VGM0I1NkEzRUVENg==

--SBD.Boundary.605592468
PROCESS /noc/users/iridburst/exec/irid_300224010734970_upd.pl
Last Run  ----1970-01-01 00:00:00 
MONTH  5 
DATA  xxrecord 2012-05-17 03:00:05 :: $W5M5A,120517,030005,660d0028449ce246,1,DAS 2,4901.5623N,1621.8329W,9.5,2,11.6,14.1,10.4,84.0,7.8,10.4,84.1,7.9,1014.6,1.89,2.99,12.5,77,49*5F
 
INSERT
STATION sbdservice
IRID_ID 300224010734970
BODY 
Content-Type: application/x-zip-compressed; name="SBMmessage.sbd"
Content-Disposition: attachment; filename="300224010734970_003351.sbd"
Content-Transfer-Encoding: base64

JFc1TTVBLDEyMDUxNywwNDAwMDUsNjYwZDAwMjg0NDljZTI0NiwxLERBUyAy
LDQ5MDEuNjA1ME4sMTYyMS45MTI5Vyw4LjEsMTQsMTAuMywxNC4xLDEwLjMs
ODMuNiw3LjcsMTAuNCw4My43LDcuNywxMDE0LjAsMS43NywzLjA0LDEyLjUs
OTYsNTEqNkUNCg0KJFc1TTVBLDEyMDUxNywwNDAwMDUsNjYwZDAwMjg0NDlj
ZTI0NiwyLERBUyAyLDEyLjksMTMuMCwwLjIsMC40LDAuMDEsMTA1MiwxMDU5
LDE1Niw2MjgsMCwxOTguNiwxMy44OCw5MjgqNkUNCg0KJFc1TTVBLDEyMDUx
NywwNDAwMDUsNjYwZDAwMjg0NDljZTI0NiwzLDdGMDA3NTAyM0EwMDAwNTMz
MjMwMzEzMjMwMzUzMTM3MzAzMzM0MzAzMDMwNTU1QjAwMzEzMjMwMzUzMTM3
MzAzMzM0MzAyQzU0NDE0MjMwMzAzMDMwMzAyQzJEMzAzNTMxMkUzMTJDMkMz
MTMyMkUzNDM0MkMzNDJFMzAyQzMzMzYzMDMwMkMzNjMwMkMzNjMwMkMzMTJD
MzAzMDM1MzczMDJDMzMyRTM0MzIyQzMxMkUzMjM2MkMzMjMxMzkyQzMwMkMz
MDJFMzEzNzMyMkMyQjMwMzAyRTMwMEQwQUVGMTBFMjVBOTI2NTdGMDA2NzAy
M0EwMDAwNTczMjMwMzEzMjMwMzUzMTM3MzAzMzM0MzAzMDMwRkY0RDAwMDA4
MEZCNDQwMDQwMDE0NDAwRDAwNDQ3MDAwMEU2NDIxRDVFOTUzRkU5MzJFMDQw
REY1MTQyNDA4MDNBRTIzRjA1MzgwRjQxQTkwNjBBNDA2OThBMTA0MUVBMjlE
QjQwMDAwMDQ4NDE4REMxM0Q0MUNFRDlGMDNGQUVENkJGNDJBQTU1NEM0MkVG
MEUxNzNDNkYxQzU0RjRDQjM4N0YwMkFFMDIzQTAwMDA0QjU2NDgyMDM3MzIz
MDMxMzIzMDM1MzEzNzMwMzMzNDMwMzAzMDM1MDAwMDAwQjgxRTg1M0QwQUQ3
QTMzQkFBRDZCRjQyQTU1NTRDNDI3RUMyMDI0MkMyMzgyQjQyOEY0MUU2NDE3
QjgxMTI0MjQ3MjhBQTQxRTZDQkU5NDE0NTMzODA0MUVERTdFMjQxODVBMjg3
NDFBOTMzMUM0MkMwMjVBRjQxOTM4MzU0NDI5RDQ1MTM0MTY1MTk4NTQyODA3
MzlFNDM5QTQxOTM0MjI0MkYwMTQzRTA2MDlCNDIwMTUyRDk0MkY2NUU3QTQy
NjVENEVGNDI3RDUwN0E0Mjg2NUQxQzQzMTQ1Njc0NDJBQTZGMUU0MzQ3NjU0
NDQyNjQzMDFCNDM4QzIxMzg0MkNDNDkxMzQzMUNFQzYzNDJGNUUxMTE0MzQ3
M0E2NTQyQUNCMjE4NDMxODcwM0I0MjkyOUUxNjQzNzlBOTRGNDIyMkE3MDU0
M0VEOTY2NzQyMkNFQkZGNDJERkJDNUU0MjIxRDAwOTQzQ0QxQjY5NDJFNzU5
MEE0M0Y3NDA2MzQyMDJBMTAyNDM5MDc5NTU0MjE5RTEwNTQzMUU2QzU4NDIx
NDM1MEQ0M0NENTA1MDQyQTcxMjBENDM2QUE3NDc0MjY5RTQwMTQzOTI0RTNG
NDIzRjExMDQ0MzdBRUEzOTQyNEJBNjE4NDNFMjgwNEE0MkMwMjIwODQzODJG
RDRENDJFQTZDRjA0MkYzNzYzMTQyMUFFQUY4NDI0NTY4MjE0MjM4MzMwMDQz
MzM1MDIxNDI4RjNCRjI0MkU2MTY1MTQyRjc2NkM5NDI0NjVENkM0MkFDQTZC
NTQyNThDQTZGNDIwN0E5QzE0MkI1MjQ3ODQyQzMzOEJENDJERkQzNzc0MjVD
ODhEODQyNUNCNTcwNDIxNEI1REE0MkVGN0M3NzQyNjM4MEQ2NDI5MkI1ODQ0
MkZDQjZBRDQyMDhCODhCNDI4OTkzNzQ0MjFFNEI5NjQyMkI2ODExNDNFMDEy
OUY0MjU4M0IwRDQzQ0QzN0EwNDI3ODMwOTQ0MUNEQzA5NzQyNjAzQTIzNDI5
QzAxOTM0MjJBMEFCNjQyQkE5RDk0NDIzMDI0MEM0M0IzQUU4QjQyNkQ4RTBF
NDNDMDQ0OEI0MkUwNzMwMzQzNEFBMjkxNDI1NUI4RTQ0MjI0QjY4QjQyNTc4
MURDNDI1MjkwODU0MkFGRkVDMDNFNjdDNTBDNDA3MjRFNEQ0MDVBNDA2QjQw
OTgxNDFFNDAwOTM0MEY0MDAwQjM0QjNGOEYxMjEwNDAyN0MyQ0UzRjBGNzlG
MjNGODlBODYxM0ZBMEIzQTUzRjgyNDNBMjNGMTJEQUYwM0Y1NzEyMDA0MEQ3
RkJGMTNGRDE5MzhGM0Y0QkIxMjgzRkUxMTkxOTNGNEIzMDM3M0Y0NUQxNkIz
RjU0MzU1OTNGRTlGQTVDM0ZENEQwMUQzRkQ1RkEyMzNGMTEzOTI3M0Y0N0NB
MjIzRkU4MzgwNzNGMTgyMDQ3M0VGNkE1N0QzRTNGOEEwMzNGMzhERkUyM0VE
MTkyQTUzRTA5NTRBOTNFMzc3NThGM0U4QQ==

--SBD.Boundary.605592468
PROCESS /noc/users/iridburst/exec/irid_300224010734970_upd.pl
Last Run  ----1970-01-01 00:00:00 
MONTH  5 
DATA  xxrecord 2012-05-17 04:00:05 :: $W5M5A,120517,040005,660d0028449ce246,1,DAS 2,4901.6050N,1621.9129W,8.1,14,10.3,14.1,10.3,83.6,7.7,10.4,83.7,7.7,1014.0,1.77,3.04,12.5,96,51*6E
 
INSERT
STATION sbdservice
IRID_ID 300224010734970
BODY 
Content-Type: application/x-zip-compressed; name="SBMmessage.sbd"
Content-Disposition: attachment; filename="300224010734970_003352.sbd"
Content-Transfer-Encoding: base64

JFc1TTVBLDEyMDUxNywwNTAwMDUsNjYwZDAwMjg0NDljZTI0NiwxLERBUyAy
LDQ5MDEuNjIyNE4sMTYyMS45NDQxVyw4LjcsMTQsMTEuMSwxNC4xLDEwLjQs
ODMuNCw3LjcsMTAuNCw4My41LDcuOCwxMDEzLjUsMS45NywzLjE3LDExLjgs
MTAxLDQ4KjVGDQoNCiRXNU01QSwxMjA1MTcsMDUwMDA1LDY2MGQwMDI4NDQ5
Y2UyNDYsMixEQVMgMiwxMi45LDEzLjAsMC4yLDAuNCwwLjAxLDEwNTMsMTA2
MCwxNTYsNjI4LDAsMjM3LjYsMTMuODgsOTIzKjY5DQoNCiRXNU01QSwxMjA1
MTcsMDUwMDA1LDY2MGQwMDI4NDQ5Y2UyNDYsMyw3RjAwNzUwMjNBMDAwMDUz
MzIzMDMxMzIzMDM1MzEzNzMwMzQzNDMwMzAzMDU1NUIwMDMxMzIzMDM1MzEz
NzMwMzQzNDMwMkM1NDQxNDIzMDMwMzAzMDMwMkMyRDMwMzUzMTJFMzEyQzJD
MzEzMjJFMzQzNDJDMzQyRTMwMkMzMzM2MzAzMDJDMzYzMDJDMzYzMDJDMzEy
QzMwMzAzNTM3MzAyQzMzMkUzNDMyMkMzMTJFMzIzNjJDMzIzMjMwMkMzMDJD
MzAyRTMxMzczMjJDMkIzMDMwMkUzMDBEMEFFODEwNzY0NzMxMjA3RjAwNjcw
MjNBMDAwMDU3MzIzMDMxMzIzMDM1MzEzNzMwMzQzNDMwMzAzMEZGNEQwMDAw
ODBGQjQ0MDA0MDAxNDQwMEUwMkI0NzAwMDBEQzQyRkFCNDlGM0YwNkM3RTg0
MDU3QzY0QTQwMzI3RkZDM0Y1REYyMTE0MTU1MjgyMDQwOUNEQjEzNDFGRjMz
RUI0MDNDM0MzQzQxNDlBMTJCNDFFQkI4MDc0MDAxQ0VDQTQyREM0MzNFNDI3
MTRDNDMzQ0E1MUQyRTY4REJFRjdGMDI3RTAyM0EwMDAwNEI1NjQ4MjAzNzMy
MzAzMTMyMzAzNTMxMzczMDM0MzQzMDMwMzAzMTAwMDAwMDI5NUM4RjNEMEFE
N0EzM0JGRkNEQ0E0MkQ4NDMzRTQyREVDNzRENDFERUEyMUQ0MjNDMUY5ODQx
QzMwOTA0NDI5MTk5QUM0MUQ5QjcwOTQyNjRCREEyNDFFMDYyMTg0MjI3OTg4
QTQxNzc4MjJFNDI0MkUzQUQ0MUZEQzY3MTQyQTQwNDY5NDJDOENBOTM0MjNF
OTkwMjQzMzdEQzhGNDJDODg3MDE0MzcwNzk4NTQyMzM3OUYzNDJCMjVBNkY0
MkQ0MDYwNjQzNUE0OTVBNDJEM0E5MTE0M0E5Mjg0MDQyMENCNTFBNDNGNDg1
MzQ0Mjc4OEYxRTQzM0U5QjIyNDJCNUU2MTg0MzhBNjAxNDQyMDg0MDEzNDNE
NUIzMjY0Mjg1RTYxQzQzNTdCNTQ0NDIzQzlDMUY0MzY2MjAyOTQyQTAwOTEy
NDM2NkIxMzg0MjUyM0NGODQyMDkyRDRGNDIwNDI2RjU0MjY0MEQ0MzQyQzdD
RTBDNDMxMThDMzg0MjlERkYxQjQzMzc0MDM1NDI2RjdEMUM0Mzk1QUEzQTQy
Q0UzMjE3NDNBQjYwNDc0MjE2N0QwQjQzMkQ5OTNGNDI3ODI0MDA0MzM3NUUy
NjQyQjNEOEY1NDI4NTcwM0M0MjJFQTIwNjQzN0JCRjc1NDIyMDg4MDc0M0Q3
QTc3ODQyOTVFNDAzNDM4ODUwNUU0MjlCNTYwNTQzOTc3QzU4NDIxRDBGRTc0
MjY0OTM2NjQyNzhBM0QyNDI4Mjk1Njc0MkJDNjhFODQyNjNERDZDNDJDRTIw
RDQ0MjY1ODk4MDQyNDg0MUM5NDI0OTM0N0Q0MjhDNkVDQjQyREEwRDVFNDJE
MzNCQkU0Mjc2NjM1RTQyMDcxNDk1NDIzMUJCNzU0Mjk0NEIxOTQyNjAxNzgx
NDJGODY3Nzk0Mjg4ODY4RjQyMjBFRDg1NDIzOUMzODk0MjZCMjY3MTQyRTRD
ODdBNDJDRDRDODU0MjM2Mjg3RDQyRTc2NUU0NDJGMkVGOTM0MjBGNjcyODQz
OUM2Qjk0NDI1MDc3REU0MkNFMkE5NzQyQkZEQTg1NDIzNjMwOTA0MjRBMUQx
MTNGRkJEMTUxNDA4RjAxOTk0MDlFMEZBMjQwQTk5NjVBNDA2Njg4MDM0MEEx
N0MwMDQwQUM0Q0Y3M0Y3RUJBRDgzRkM4MDQwNTQwN0Q5ODRBNDBGNkM2Njk0
MEFFQTk1OTQwMERFOTIzNDA5N0JDNDk0MDE5REEwMTQwQzQ5MTA4M0ZFQUQ1
NTQzRkRDNkFBMjNGNjZFM0YwM0U4REI5MTYzRjIwQTAwQzNGRDVCNkI4M0U3
MjgxREUzRUUzMTA2QjNFQzc1MkMwM0UxMzgzNUUzRjJBMzdENDNFRDkxMTE4
M0UwOTZDMkIzRUM2M0U3MDNFMUY5OEQwM0U0OEFGQUIzRTc3MDY4RDNFRTBE
QjdFM0UxQkQ4NTUzRURDRjFCRDNEQjRFNTI0M0U5QjFCOTkzRUU2MjU0MTNF
RTM0NjdGM0RBMzQ1NEYzRDBCQzQ1MTNERg==

--SBD.Boundary.605592468
PROCESS /noc/users/iridburst/exec/irid_300224010734970_upd.pl
Last Run  ----1970-01-01 00:00:00 
MONTH  5 
DATA  xxrecord 2012-05-17 05:00:05 :: $W5M5A,120517,050005,660d0028449ce246,1,DAS 2,4901.6224N,1621.9441W,8.7,14,11.1,14.1,10.4,83.4,7.7,10.4,83.5,7.8,1013.5,1.97,3.17,11.8,101,48*5F
 
INSERT
STATION sbdservice
IRID_ID 300224010734970
BODY 
Content-Type: application/x-zip-compressed; name="SBMmessage.sbd"
Content-Disposition: attachment; filename="300224010734970_003353.sbd"
Content-Transfer-Encoding: base64

JFc1TTVBLDEyMDUxNywwNjAwMDUsNjYwZDAwMjg0NDljZTI0NiwxLERBUyAy
LDQ5MDEuNjI4Nk4sMTYyMS45NTQyVyw5LjQsMTcsMTIuOSwxNC4xLDEwLjYs
ODMuMCw3LjgsMTAuNiw4My4yLDcuOSwxMDEzLjIsMi4xNSwzLjEyLDEwLDEx
NCw1NSo0NQ0KDQokVzVNNUEsMTIwNTE3LDA2MDAwNSw2NjBkMDAyODQ0OWNl
MjQ2LDIsREFTIDIsMTIuOSwxMy4wLDAuMiwwLjQsMC4wMSwxMDU0LDEwNjEs
MTU2LDYyOSwwLDY2LjksMTMuODgsOTI0KjUzDQoNCiRXNU01QSwxMjA1MTcs
MDYwMDA1LDY2MGQwMDI4NDQ5Y2UyNDYsMyw3RjAwNzUwMjNBMDAwMDUzMzIz
MDMxMzIzMDM1MzEzNzMwMzUzNDMwMzAzMDU1NUIwMDMxMzIzMDM1MzEzNzMw
MzUzNDMwMkM1NDQxNDIzMDMwMzAzMDMwMkMyRDMwMzUzMTJFMzEyQzJDMzEz
MjJFMzQzMzJDMzQyRTMwMkMzMzM2MzAzMDJDMzYzMDJDMzYzMDJDMzEyQzMw
MzAzNTM3MzAyQzMzMkUzNDMyMkMzMTJFMzIzNjJDMzIzMjMxMkMzMDJDMzAy
RTMxMzczMzJDMkIzMDMwMkUzMDBEMEFFQTEwQjAzMTM5QUU3RjAwNjcwMjNB
MDAwMDU3MzIzMDMxMzIzMDM1MzEzNzMwMzUzNDMwMzAzMEZGNEQwMDAwODBG
QjQ0MDA0MDAxNDQwMEYwNTI0NzAwMDBDQTQyMEJBNkFEM0ZFMzdGRkU0MEQ2
QzM0NzQwNjBCODA5NDBBMEU2MTg0MTFBQTUyOTQwRUNFNDFGNDEyRTJDRjk0
MDAxMDAyMDQxOUZDRjJBNDFEQkQ2MEM0MDE0RUJFNDQyRUM3MTVBNDI3NEMx
NTAzQ0M0MUVGRkIwMTgyQzdGMDI3RTAyM0EwMDAwNEI1NjQ4MjAzNzMyMzAz
MTMyMzAzNTMxMzczMDM1MzQzMDMwMzAzMTAwMDAwMEI4MUU4NTNEMEFEN0Ez
M0IxMkVCRTQ0MkU3NzE1QTQyNUNDQzdCNDE3NUJEMjg0MkQ2OUE1QjQxRThG
QzExNDI0N0NGODY0MUM3NzgwODQyRjdCQ0I2NDFBRTlFMEY0MkQzMThGQTQx
RDMyODM3NDJGQzlGNDc0MjBFOEY4MjQyODREOTEzNDNGNUUzOEU0MkNDMTky
NjQzNzc1NDg1NDJFOThGMjI0Mzg1M0U4RTQyOTQ5RDA2NDM1MzZFODk0MjM0
MzMwOTQzN0VCOTVGNDI5RDhEMTE0MzFEMjI0OTQyQzk1MjEzNDNCM0MxNUE0
MjNDMDEwRjQzMDEyMTRBNDIxMjUyMTA0M0IzRUU0MDQyQ0ZDOTExNDM0Q0Yw
NTE0MjNGRjcwRDQzNjUyRDYzNDIyQjFCMDk0M0IyNTg2RjQyNTBDNzA2NDMy
RDNENjU0MjRFRkIwMDQzNzEzQzYyNDJERTk2MDE0MzE1QkM2RjQyQjNDNjAw
NDMxRjdBNkU0MjgyNDIwMjQzMUU5QjYyNDJBMTdFMDM0MzcxNUI1RDQyRjdC
REY2NDIwMjlDNjE0MkI4MEJCRTQyQzdCOTdBNDI3MjUyMzU0MjMzNzM3NTQy
Q0U5OTVFNDJBQzc5NkI0MjZCMjFDRTQyRkQ4NjZCNDIwNTY4Rjc0Mjc2NTI0
RDQyQzJFNkY2NDI0MTU0NDM0MkJFM0VFRDQyQUI0RDQ0NDI0MERBQ0Q0Mjgx
Mjc0OTQyOUJENEMwNDJEMzNENUQ0MkNCRERGODQyRUU0OTczNDI1MjgyRUQ0
MjFEODQ2MzQyOURCMEUyNDJDREY4NjM0MjIyMDlGQTQyNDg3ODVDNDI3MDFB
MDI0Mzc5M0U1RTQyOTI0RUZCNDJGNEREN0Q0Mjg3NDJGQzQyREI3Nzg1NDIw
NzU4MDM0MzM5NzY4ODQyOTMxRUY3NDIxQjdCOEI0MjBERENGMDQyRTNBOThE
NDJFQUQwMTI0Mzg0MDQ5MjQyNzcxNDI0NDMyMTFBOTE0MkEzRTAyNDQzMkQx
OThDNDI5NDQwMUQ0M0U5RTc4RDQyODJERkUzNDJEODk5OTU0MkE3NDRDMjNF
NUEwRjI0NDA0MEVBOEE0MDc3NkY5QzQwNDQ4RDg0NDAwN0ZGNDM0MEQ4MEY4
RjQwOTk1QUM3NDA2QkQzNEU0MDI3MkNERDNGN0JBOTNFNDA2Mzc3Mzg0MDk2
RjcxMzQwNEJEOEY5M0YwMzdGQ0YzRjg3QThCRTNGOTBBQ0RBM0Y3Q0U1OEIz
RjQ1OTcxMDNGOUJDMkNBM0VDQzk1ODUzRUMzMkNGNTNFQjY1MDE1M0YwMUZE
ODUzRjk3MzYzNDNGNDczODE5M0ZCOTlDNTUzRUI5MUMxMzNFNzlFRjFCM0VG
M0Q2QjkzRUVGMDZGNjNFMkQ0ODg4M0VFNzBDQTUzRUFDREQzQjNFNEQwQzA2
M0UzRERBQUEzRTA1RDMxRDNFMkE0REY0M0RBMzU0MkMzRUM2NTYyNzNFNDdG
MEYyM0QzMTZBQjkzRDNCQ0IwRjNFRERENA==

--SBD.Boundary.605592468
PROCESS /noc/users/iridburst/exec/irid_300224010734970_upd.pl
Last Run  ----1970-01-01 00:00:00 
MONTH  5 
DATA  xxrecord 2012-05-17 06:00:05 :: $W5M5A,120517,060005,660d0028449ce246,1,DAS 2,4901.6286N,1621.9542W,9.4,17,12.9,14.1,10.6,83.0,7.8,10.6,83.2,7.9,1013.2,2.15,3.12,10,114,55*45
 
INSERT
STATION sbdservice
IRID_ID 300224010734970
BODY 
Content-Type: application/x-zip-compressed; name="SBMmessage.sbd"
Content-Disposition: attachment; filename="300224010734970_003354.sbd"
Content-Transfer-Encoding: base64

JFc1TTVBLDEyMDUxNywwNzAwMDUsNjYwZDAwMjg0NDljZTI0NiwxLERBUyAy
LDQ5MDEuNTk3NE4sMTYyMS44OTA0VywxMC4xLDEwLDE0LjMsMTQuMiwxMC42
LDgxLjIsNy41LDEwLjcsODEuNCw3LjYsMTAxMy4xLDIsMi45OSw4LjcsMTAy
LDU1KjcwDQoNCiRXNU01QSwxMjA1MTcsMDcwMDA1LDY2MGQwMDI4NDQ5Y2Uy
NDYsMixEQVMgMiwxMi45LDEzLjAsMC4yLDAuNSwwLjAxLDEwNTUsMTA2Miwx
NTYsNjI4LDAsNTQuMCwxMy44OCw5MjIqNUUNCg0KJFc1TTVBLDEyMDUxNyww
NzAwMDUsNjYwZDAwMjg0NDljZTI0NiwzLDdGMDA3NTAyM0EwMDAwNTMzMjMw
MzEzMjMwMzUzMTM3MzAzNjM0MzAzMDMwNTU1QjAwMzEzMjMwMzUzMTM3MzAz
NjM0MzAyQzU0NDE0MjMwMzAzMDMwMzAyQzJEMzAzNTMxMkUzMTJDMkMzMTMy
MkUzNDMzMkMzNDJFMzAyQzMzMzYzMDMwMkMzNjMwMkMzNjMwMkMzMTJDMzAz
MDM1MzczMDJDMzMyRTM0MzIyQzMxMkUzMjM2MkMzMjMyMzIyQzMwMkMzMDJF
MzEzNzMyMkMyQjMwMzAyRTMwMEQwQUVCMTBDN0NBODQxNDdGMDA2NzAyM0Ew
MDAwNTczMjMwMzEzMjMwMzUzMTM3MzAzNjM0MzAzMDMwRkY0RDAwMDA4MEZC
NDQwMDQwMDE0NDAwMDA3QTQ3MDAwMEMwNDJCM0MzQUUzRkUzNUUwNTQxQTM0
MTNGNDA1QjgzRkYzRjEwM0ExODQxQjJCODE0NDBEQUY2MTI0MTAxRjhGOTQw
NjUyMTBCNDFCQzZCMUI0MUZGNTAwNjQwRTdGN0NCNDJGRTg4NUQ0MjQwOTgz
RTNDQkUxRDMxQTY4NzY2N0YwMjdFMDIzQTAwMDA0QjU2NDgyMDM3MzIzMDMx
MzIzMDM1MzEzNzMwMzYzNDMwMzAzMDMxMDAwMDAwMjk1QzhGM0QwQUQ3QTMz
QkUzRjdDQjQyRkE4ODVENDIwN0IyNzE0MTg0QjYxMDQyOENGMzU3NDE0NDZB
MDA0MkJFMEU0NDQxNTRDNTAzNDJBREZFNDU0MTkxNzAyODQyNTc5OTJBNDJD
NzFBODU0MkRDQzNFRjQyOUExRDg4NDIxNTMwMTQ0MzdDQkU4NjQyQTAyODA4
NDMxQUU1OTM0MkExOUNGODQyNzNDOTc2NDI3NzNFMDU0M0FDQ0I1NTQyNEU1
NDA5NDNFODlBNjc0MjJENTIwNjQzMUI5NjcxNDJEN0FBRkY0MkYzNjE3RDQy
QUU4Q0UxNDJBNDUwOEY0MkNEMUNGRjQyNDgyMzhBNDI4ODg2MDQ0MzEzMUI1
RTQyMkJDNTA1NDM4MzQ1MzU0MjcyMzMwODQzOTJFMzFCNDJEQjQ2MDk0M0Ez
RjkyNzQyOTYxNDA5NDM5RTE4M0Y0MkZGNUJGOTQyRDI5QzYyNDJDRDIwQ0Y0
MjQ3Qzk3RjQyNDNEQ0JENDJCOEMzNzA0MjVEMEFCQTQyMDY0QTZFNDIzNzU5
QjQ0MjI4ODM3ODQyMDJEM0MyNDI0QjRFNzk0MjI1QzdEOTQyOTI4RTgxNDI4
MTIwRTc0MjcyNjk3OTQyRTNBMkQ1NDIwMzI2NjU0MjY0QzVDNTQyRTYwNDY1
NDI3RkRDQTY0MkFFQzI3MzQyMjhCNDZBNDI3MkZCNzA0MkZBQzk4NTQyMjgx
Mzc3NDIyN0M1QkE0MjAzNUY4MDQyRUYyMEFBNDI4M0EwN0Q0MjkyNTY5QjQy
QjlDNDZDNDI0ODVBOTk0MjlBM0E2ODQyMTlCM0JDNDJFM0VFN0Q0MjBDOEFE
MDQyMTczNjg0NDJFRUJBQjk0MjhGREQ3QTQyNjAzOEFCNDI1OERFODA0Mjk0
MDk5QzQyQUZGRDg3NDI0QUMxNzY0MkY4MDc4NjQyMDg0MjlGNDIzQUU4OTU0
MkIwRTkyQzQzQTJFNjkxNDI0RTYxMzI0M0U0Q0I5NDQyMzI4NDY4NDI4ODYx
OTc0MjAyQUM1MTQyNUY5QThDNDJBQjY0NEI0MkJEQTA4RTQyNTMzRDg4M0Y1
QzI2NEE0MDUzQTg5MTQwNkZGODgyNDA0NUQxMkU0MDY0NEJCMDQwM0YzMDQ5
NDAyNDNFMDM0MDFEQ0M5QTQwMjVGNkMwNDBEQzk4MjU0MDM0NEZBMzNGQUY2
Njc5M0ZEMzRCQkIzRjg1QTk3RTNGNjRCNDc2M0ZEQjI0QUQzRkVBODc2NjNG
MTAxQjM2M0Y3M0E3OTgzRUE2NDJBNTNFNkI5RDdCM0U3NzBBRTUzRUREQTNC
OTNFRjJENTgzM0UxMUM4MzUzRTU5OTk1RjNFN0EwRjk0M0U3MTM4OUQzRTUz
QzA5RTNFODEwNTY0M0U2Mzk2MkMzRTdDOEIxNDNFM0E1NDIyM0U3RTY5M0Mz
RTU2RjMyRDNFMzc0MzBEM0UxMDRFQkIzREQwMzdDNzNENjFDRTAzM0U4NzZC
MzkzRTdGODYxODNFMTZFQUQyM0RGRDRFQQ==

--SBD.Boundary.605592468
PROCESS /noc/users/iridburst/exec/irid_300224010734970_upd.pl
Last Run  ----1970-01-01 00:00:00 
MONTH  5 
DATA  xxrecord 2012-05-17 07:00:05 :: $W5M5A,120517,070005,660d0028449ce246,1,DAS 2,4901.5974N,1621.8904W,10.1,10,14.3,14.2,10.6,81.2,7.5,10.7,81.4,7.6,1013.1,2,2.99,8.7,102,55*70
 
INSERT
STATION sbdservice
IRID_ID 300224010734970
BODY 
Content-Type: application/x-zip-compressed; name="SBMmessage.sbd"
Content-Disposition: attachment; filename="300224010734970_003355.sbd"
Content-Transfer-Encoding: base64

JFc1TTVBLDEyMDUxNywwODAwMDUsNjYwZDAwMjg0NDljZTI0NiwxLERBUyAy
LDQ5MDEuNTUxN04sMTYyMS43NjgwVywxMS41LDM1MSwxNC44LDE0LjEsMTAu
NSw4MC4zLDcuMiwxMC41LDgwLjQsNy4zLDEwMTMuMiwyLjMsMy40Niw5LjEs
MTE2LDUxKjU4DQoNCiRXNU01QSwxMjA1MTcsMDgwMDA1LDY2MGQwMDI4NDQ5
Y2UyNDYsMixEQVMgMiwxMi45LDEzLjEsMC4yLDAuMywwLjAxLDEwNTYsMTA2
MywxNTYsNjI4LDAsNzMuNiwxMy44OCw5MjcqNTINCg0KJFc1TTVBLDEyMDUx
NywwODAwMDUsNjYwZDAwMjg0NDljZTI0NiwzLDdGMDA3NTAyM0EwMDAwNTMz
MjMwMzEzMjMwMzUzMTM3MzAzNzM0MzAzMDMwNTU1QjAwMzEzMjMwMzUzMTM3
MzAzNzM0MzAyQzU0NDE0MjMwMzAzMDMwMzAyQzJEMzAzNTMxMkUzMTJDMkMz
MTMyMkUzNDM1MkMzNDJFMzAyQzMzMzYzMDMwMkMzNjMwMkMzNjMwMkMzMTJD
MzAzMDM1MzczMDJDMzMyRTM0MzIyQzMxMkUzMjM2MkMzMjMyMzMyQzMwMkMz
MDJFMzEzNzMyMkMyQjMwMzAyRTMwMEQwQUVGMTA4QkZERTcwQjdGMDA2NzAy
M0EwMDAwNTczMjMwMzEzMjMwMzUzMTM3MzAzNzM0MzAzMDMwRkY0RDAwMDA4
MEZCNDQwMDQwMDE0NDAwODg5MDQ3MDAwMEMwNDIyNUM0QkEzRkJBRkMwNDQx
RDdCRDVENDAzMEVGMTI0MDAyQ0ExMTQxQjU2QTM3NDAyRDk0MUU0MUQ0OEZG
NjQwNUQ3NDExNDE0Q0U5MjA0MURGNEMxNDQwMzNDRkU3NDIyODEwNEE0MjQ2
N0E2NzNDNjcxQ0IwMzEyQTM1N0YwMkEyMDIzQTAwMDA0QjU2NDgyMDM3MzIz
MDMxMzIzMDM1MzEzNzMwMzczNDMwMzAzMDM0MDAwMDAwQjgxRTg1M0QwQUQ3
QTMzQjMwQ0ZFNzQyMkIxMDRBNDJDRjlFOUM0MUYxNTg0OTQyQThEOTc2NDFE
MUNGMkU0MkE2Nzg2MDQxQUYzQjExNDI3QjA3OUY0MTg4MDAxQjQyMTA3QTFC
NDI2ODE2NkQ0MkVGNDgwNzQzRTBGNTZGNDI0N0VCMDU0M0JEMTU2MTQyMkIw
NUYyNDIwMDI1NzE0MjFDMDgwMjQzM0VGODYwNDJGN0EwMEY0MzI4NjUyRDQy
QTFDNjE2NDNDMDA2MTQ0MjgxQkQxOTQzRkU5NTNBNDIxRTdEMEM0Mzc2ODc0
RTQyOUM1NTAzNDMyODBDNDM0MkE4MDMwQTQzNkYzOTQ4NDIwNURBMTA0MzYz
OTM2NzQyMDgzODA4NDM0MjJENzY0MjFFOUVGRTQyMDI1RDU5NDJBNUYzRjc0
MkJDQTA1NDQyNjcwRUYxNDI1QkMyNjA0MjJBQTBFOTQyMzkyNjYxNDJERDFF
RjI0MjlDMkYzQjQyNzZCMUU0NDJERDVBMjk0MjY4NzZEQjQyMTFBODNCNDI1
OTdFRTg0MjI0QzE0NjQyQ0QwRkRENDI4Qjc5NDc0MjAzRUZDMjQyQzM1QjU4
NDJCMUQ2QTY0Mjg3RUY2NzQyMTEyQUFDNDI0NEJENkE0MjIxMzFCRjQyRjBB
NzY2NDJDMDhCQzA0MjU5RjA2MDQyMTkxNUJBNDI0NDgwNTY0MkFFRDJCODQy
QTlGQTU2NDI0NzFDQzc0MjRDMUM1ODQyQUNBN0UxNDJEMTE1NDI0MjY5QzBF
MDQyMzNDQjRCNDIyRjE1QzU0MjEwQjM1RTQyRkQ5OTkxNDI1NjIzNUY0MjYz
Njk3MDQyNDMyRjY2NDIxOUJBQjE0MjgxQkM4ODQyQzA5QkUzNDI4M0IxODc0
MkY2RkNCODQyMUY2NTdFNDI1MzJFQzM0MjZFQjc3MzQyRUM5MURGNDJFRDk2
N0E0MkU3ODNGNDQyRUY3RTdENDI2QkFBMDA0MzU2OEI4MDQyMTlDQzA3NDNG
MjhDOEY0MjQ1RjVGQTQyNUNGMDhDNDIyMTA1OTA0MkY4NTg4OTQyMTlCRTEy
NDExNjlEODQ0Mjc0MjNBRTQzNTE3QzgzNDJFODQ0QjM0MzZGREM4QjQyRDhB
NkM5M0UwNkZEQ0IzRkEzQTkyNTQwM0Q1N0I0NDBEOThBNjc0MDZBMjA0QTQw
RkE5NDVDNDA2M0VGQjI0MEQwRUI5RDQwMUMwQUI2NDAzODEwNzc0MDVERDcy
MDQwNDc1MzQ1NDAzM0YzNDA0MEY5ODk1MzQwRkRDNUU0M0ZDQTM1ODQzRjU4
RTI1QzNGQTE5QThEM0ZDNDAyOTIzRjhFMzRBNjNFMjgxRjQ1M0ZCOTFGODEz
RkZERUEzNzNGODRGNzFBM0YwMDZGMzgzRjQ1QTUwNTNGMzgyRUJEM0U5NUM2
QTQzRTZEQUJCMjNFMzhFMTk3M0VBNDJCMjYzRTA3NzZEQTNERDdCQUI5M0Q1
QUFGQkUzREY2RDgzMTNFOTI1QzNFM0UxOA==

--SBD.Boundary.605592468
PROCESS /noc/users/iridburst/exec/irid_300224010734970_upd.pl
Last Run  ----1970-01-01 00:00:00 
MONTH  5 
DATA  xxrecord 2012-05-17 08:00:05 :: $W5M5A,120517,080005,660d0028449ce246,1,DAS 2,4901.5517N,1621.7680W,11.5,351,14.8,14.1,10.5,80.3,7.2,10.5,80.4,7.3,1013.2,2.3,3.46,9.1,116,51*58
 
INSERT
STATION sbdservice
IRID_ID 300224010734970
BODY 
Content-Type: application/x-zip-compressed; name="SBMmessage.sbd"
Content-Disposition: attachment; filename="300224010734970_003356.sbd"
Content-Transfer-Encoding: base64

JFc1TTVBLDEyMDUxNywwOTAwMDUsNjYwZDAwMjg0NDljZTI0NiwxLERBUyAy
LDQ5MDEuNDk0MU4sMTYyMS42MzY1VywxMC4xLDM1NSwxMy45LDE0LjEsMTAu
Nyw3OC45LDcuMiwxMC44LDc5LjAsNy4zLDEwMTMuMCwyLjEyLDMuNjMsMTAu
NSwxMTEsNTAqNTANCg0KJFc1TTVBLDEyMDUxNywwOTAwMDUsNjYwZDAwMjg0
NDljZTI0NiwyLERBUyAyLDEzLjIsMTMuNCwwLjIsMC40LDAuMDEsMTA1Nywx
MDY0LDE1Niw2MjgsMCwxMTYuNSwxMy44OCw5MjAqNkINCg0KJFc1TTVBLDEy
MDUxNywwOTAwMDUsNjYwZDAwMjg0NDljZTI0NiwzLDdGMDA3NTAyM0EwMDAw
NTMzMjMwMzEzMjMwMzUzMTM3MzAzODM0MzAzMDMwNTU1QjAwMzEzMjMwMzUz
MTM3MzAzODM0MzAyQzU0NDE0MjMwMzAzMDMwMzAyQzJEMzAzNTMxMkUzMTJD
MkMzMTMyMkUzNzMxMkMzNDJFMzAyQzMzMzYzMDMwMkMzNjMwMkMzNjMwMkMz
MTJDMzAzMDM1MzczMDJDMzMyRTM0MzIyQzMxMkUzMjM2MkMzMjMyMzQyQzMw
MkMzMDJFMzEzNzMwMkMyQjMwMzAyRTMwMEQwQUVFMTBFM0M0NUVFQTdGMDA2
NzAyM0EwMDAwNTczMjMwMzEzMjMwMzUzMTM3MzAzODM0MzAzMDMwRkY0RDAw
MDA4MEZCNDQwMDQwMDE0NDAwMTBBNDQ3MDAwMENDNDJDODYwQTIzRkVDQzRG
QTQwN0UzMTY4NDBENkMyMDc0MDU3MTQxRTQxNkY4NzI4NDBFQzFBMjA0MTk4
MEYwMDQxQ0E2QjI4NDEyN0ZBMkI0MTdDRDMwQzQwQzY5OERFNDIxREU0NDY0
MkQ4QkU0RjNDMjcxREM1RDY3MzI5N0YwMkFFMDIzQTAwMDA0QjU2NDgyMDM3
MzIzMDMxMzIzMDM1MzEzNzMwMzgzNDMwMzAzMDM1MDAwMDAwQjgxRTg1M0Qw
QUQ3QTMzQkMzOThERTQyMTlFNDQ2NDIzMjAyMjA0MUE2MTk0NzQyOURBRTc4
NDFFRUNEMUE0MjRFRTQ5NDQxMzlEMEY0NDE2RTNEQkU0MTJGMkUwRTQyMDRF
NjM1NDI4NkQ1NTY0MjM2QUNGMDQyMkM4RjYwNDJFOUQ0MEI0MzE3MTIyMDQy
QThBNjBBNDM1N0M5MkU0MjQ1ODYwODQzMDQwMjU1NDJGRjUwMEI0M0FFMkQ1
MTQyN0E4MzEwNDNCOTVDNEY0MjY3N0ExODQzMkE4NjY2NDI0MkZFMTY0M0FG
RkQ3RjQyNTVENDEwNDMxQjM1ODM0MjhEN0UxMTQzRTg5NjcxNDJBNEVCRkU0
MkFBNzk2MTQyRDk1MERCNDJCMkYwNTg0MkM4NjZEQjQyNDVEQTc0NDJBMTY1
MDI0MzRCNzI3NDQyQkRCMjA3NDNBQ0UwNEE0MkZCMkUwRDQzNkNDNTQzNDJD
NkQ4MEU0MzZDMjk3OTQyQzJFM0RENDJDRUREOEY0MjlCQzdBNDQyQjA5Rjg4
NDI3MzE3QTM0MkFBMUY4OTQyQUM1MUEzNDIwRDA3OEI0MkUzQUU1ODQyQ0Y1
NTdDNDJFNTAwODk0MkYxRDY2RDQyODQxQ0M5NDIyQ0JENEE0Mjc0RjVENjQy
RTc5QzJFNDJCNkNERDM0MjY5NDI1NDQyRkMyQkQ4NDIzMkQ5Nzk0MjAwRkFF
RTQyOUQwMjc3NDI1RDQzRUU0MkIyRjY1MzQyRDc3RURENDI2NURCNEE0MjBB
NDJEMDQyQTI2MjUwNDIyRUVBQ0E0MkQ0NEM1RDQyNzExM0NCNDJCM0MwN0M0
MjJEODVBNjQyODI4QTg3NDI5RUYxNjE0MjdDQzk4MTQyQUFDQjVENDIzRUY5
N0Y0MjRCQzQ4QTQyNkE1Qjg3NDJCRUY3Nzc0MjlEQTA5MTQyNjAyQzA5NDI4
NkEzODY0MkVDOEZFRDQxNUZDRDgxNDJCNzdDRUU0MUQxRkI4NzQyQzM2RjE5
NDJBRkNBODc0MjI1RDY2OTQyQ0ZCNTgyNDJDN0QyOEU0MjY0RDM4NzQyMTQ3
RjMwNDI0QTY3OTc0MjI3RjgyNTQxMTBFQjk2NDI5RjA4QkY0MUE2MUQ5MzQy
MjgxRjFFNDEwNTZDOTI0MjQyQzJDRTNFMDc4MUI0M0YwMzVCMTQ0MDlFRENC
MTQwMUUxOEI2NDBCNEU5QjI0MEJGNzhEODQwMzg0MEQwNDA2QzU2ODg0MDZF
NjQzRDQwMzNDQzI5NDAyN0JBMDk0MDIyOEJBMzNGOUY3Q0NGM0ZBMERGQzEz
RjM0Q0NBRDNGREQ1MzYxM0YyOTQ5OEEzRTRCMEM4NTNFRTBDMjE2M0Y0MTNB
MTYzRjg3NUJCMjNFM0I4MzdGM0U5NjEwMkYzRTI3MURDMTNEM0ZCNEQzM0Q3
NTdCMjMzRTc0NzgyODNFN0UyMkMwM0VENUFCQjQzRTg2RTVCMzNFRUNDOUJD
M0UyRTZFQUUzRDRBQjAxNDNFNzNCRjJEMw==

--SBD.Boundary.605592468
PROCESS /noc/users/iridburst/exec/irid_300224010734970_upd.pl
Last Run  ----1970-01-01 00:00:00 
MONTH  5 
DATA  xxrecord 2012-05-17 09:00:05 :: $W5M5A,120517,090005,660d0028449ce246,1,DAS 2,4901.4941N,1621.6365W,10.1,355,13.9,14.1,10.7,78.9,7.2,10.8,79.0,7.3,1013.0,2.12,3.63,10.5,111,50*50
 
INSERT
STATION sbdservice
IRID_ID 300224010734970
BODY 
Content-Type: application/x-zip-compressed; name="SBMmessage.sbd"
Content-Disposition: attachment; filename="300224010734970_003357.sbd"
Content-Transfer-Encoding: base64

JFc1TTVBLDEyMDUxNywxMDAwMDUsNjYwZDAwMjg0NDljZTI0NiwxLERBUyAy
LDQ5MDEuNDQyM04sMTYyMS41MjU1Vyw5LjYsMzU2LDEzLjAsMTQuMSwxMC44
LDc4LjQsNy4yLDEwLjksNzguNiw3LjMsMTAxMi43LDIuMzksMy40MiwxMC41
LDEyMyw0NCo2OQ0KDQokVzVNNUEsMTIwNTE3LDEwMDAwNSw2NjBkMDAyODQ0
OWNlMjQ2LDIsREFTIDIsMTMuOCwxNC40LDAuMiwwLjQsMC4wMSwxMDU4LDEw
NjUsMTU2LDYyOCwwLDEyNS42LDEzLjg4LDkyMCo2Mw0KDQokVzVNNUEsMTIw
NTE3LDEwMDAwNSw2NjBkMDAyODQ0OWNlMjQ2LDMsN0YwMDc1MDIzQTAwMDA1
MzMyMzAzMTMyMzAzNTMxMzczMDM5MzQzMDMwMzA1NTVCMDAzMTMyMzAzNTMx
MzczMDM5MzQzMDJDNTQ0MTQyMzAzMDMwMzAzMDJDMkQzMDM1MzEyRTMxMkMy
QzMxMzMyRTM4MzMyQzM0MkUzMDJDMzMzNjMwMzAyQzM2MzAyQzM2MzAyQzMx
MkMzMDMwMzUzNzMwMkMzMzJFMzQzMjJDMzEyRTMyMzYyQzMyMzIzNTJDMzAy
QzMwMkUzMTM2MzQyQzJCMzAzMDJFMzAwRDBBRjcxMEVBRjk4OEI1N0YwMDY3
MDIzQTAwMDA1NzMyMzAzMTMyMzAzNTMxMzczMDM5MzQzMDMwMzBGRjREMDAw
MDgwRkI0NDAwNDAwMTQ0MDA5OEI3NDcwMDAwQzQ0MjFCQTRDODNGREI3MDAz
NDFGODEyNUI0MEZGMDgxOTQwQTFDQTFCNDE5MTBBMzI0MDkyQUYxNjQxQkJB
RDAxNDFDQTZCMjg0MUNDMTEyNTQxOTk3NDIwNDAwOTIzRjU0MjdGNTIyRTQy
QUI2Qjg4M0M2ODFCQTYwRDhDOEQ3RjAyN0UwMjNBMDAwMDRCNTY0ODIwMzcz
MjMwMzEzMjMwMzUzMTM3MzAzOTM0MzAzMDMwMzEwMDAwMDAyOTVDOEYzRDBB
RDdBMzNCMDMyM0Y1NDI3QzUyMkU0MkI3MkI5MzQxMzg4NjAxNDJBM0YzODc0
MTc3N0NDRTQxRkEyQUExNDEzRDEyMDU0MkIzNjkwMTQyMjcwQzU0NDI5QkVB
Qjc0MjU5NEQ4MDQyQkEwNTA0NDNDRUM5NDQ0MjZFNTIwRTQzNTU0NzFCNDIz
M0IwMTY0M0U3Q0QwQzQyQTVGQjE4NDMwNTgxMTg0MkVGMkUxOTQzMDRENDEw
NDI2QUVBMTc0MzkzMERGQzQxNzY4NDEzNDMxRTdDMTk0MjBCOTIwRjQzRTg2
MTNBNDIyRERFMEM0MzFERjI0QTQyNTcxRDA2NDM3OERENUM0MjYxRjYwRTQz
NTYzRTVENDIzMjQ4MUM0MzBDMzUzRTQyRTQ1OTFDNDNCQTU5Mjc0MkNFOTYw
QzQzNjZGNDRBNDI2N0U0RUE0MkM2NDg2QzQyRUQxNkMxNDI5M0I2ODM0MkQ4
MzZBRTQyMjMxQThBNDI3MzNDQUQ0MjY2MEE4RDQyNUY0QURDNDI4NkQ1ODU0
MkVDNUNFNDQyQTdDNDVGNDJEMzVGRTg0MjJBOTY1MjQyMjA1MEVENDI2MzQ5
NUI0MjRBRjJDQjQyOEZGNzU5NDJDNjNEQkM0MkNCQTg0MDQyMkUzMUM0NDJF
QUY5MzM0MjQ0QjFDRTQyNTVCRDMxNDJGRTY3QzU0MjYzN0QyODQyQUU3NUFB
NDJFOEVFMkI0MjI2QzY5MzQyRTU3MTM4NDI4Rjg2OTc0MkE0QkM0RTQyOUQx
NkEzNDJCMjBCNUY0MjAyQ0FBNTQyQjQ5MDY2NDIxREZEOTg0MjBERDQ3OTQy
MTZDRjYxNDJFNTA3ODY0Mjk5QkY1OTQyQ0Q4RDhCNDJGQ0ZGOEY0MjMzQUE4
NzQyMTQ1MDc4NDIyRjIxOEI0MjI1NjlCMTQxODhDRTk0NDIxMkI3RTQ0MUY5
Rjg5MjQyQjUyOERENDE5ODQ0OEM0MjM3QjMwRjQxOUVFRTg5NDI5Q0Y0OTc0
MUYzQkY4QzQyOUVGNDI0NDI2RUUxODQ0MkJDMUQxQzQyMEIxNDczNDI2NEUw
QTczRkQ4NEQ2MjQwODYyMUExNDBCMURCNDk0MEU0MzVDODQwRENDMjQwNDE5
ODJGMjc0MUZGOTM3NjQwODBCMEI4NDA3NEM5QUU0MDVFRDg5QTQwRTA0RTJE
NDA3MjYzQjQzRjhCMDQzNjNGNUZCQzA0M0ZBMkEyOTYzRkE4Mjc4NzNGQTk5
MjMwM0ZDQzhFODEzRjBGQzQwNjNGMDY1OUM5M0VDMzNDNzMzRTlCRkEzQjNF
QzM2MTM4M0UwQkExQkUzRTk3OTQ5ODNFNzRCNjU4M0U2RjdDREIzRTcwODM5
QjNFNjNFNTkzM0VBQUIxNzkzRTAzMjg1NDNFNjMxQjRDM0VGNzA5M0QzRUJF
Nzc1NTNFMzBBNDA4M0UzMDA2MTgzRTdCODdFRDNEOUJCRDExM0U5MDI2MTQz
RTIxNDU1NjNFM0NEODA4M0VCNEQ2QjIzRA==

--SBD.Boundary.605592468
PROCESS /noc/users/iridburst/exec/irid_300224010734970_upd.pl
Last Run  ----1970-01-01 00:00:00 
MONTH  5 
DATA  xxrecord 2012-05-17 10:00:05 :: $W5M5A,120517,100005,660d0028449ce246,1,DAS 2,4901.4423N,1621.5255W,9.6,356,13.0,14.1,10.8,78.4,7.2,10.9,78.6,7.3,1012.7,2.39,3.42,10.5,123,44*69
 
INSERT
STATION sbdservice
IRID_ID 300224010734970
BODY 
Content-Type: application/x-zip-compressed; name="SBMmessage.sbd"
Content-Disposition: attachment; filename="300224010734970_003358.sbd"
Content-Transfer-Encoding: base64

JFc1TTVBLDEyMDUxNywxMTAwMDUsNjYwZDAwMjg0NDljZTI0NiwxLERBUyAy
LDQ5MDEuNDEzN04sMTYyMS40Njg5Vyw3LjcsMzU5LDEyLjEsMTQuMSwxMC45
LDc4LjAsNy4yLDExLjAsNzcuOSw3LjMsMTAxMi41LDIuNjQsNC4wNiwxMCwx
MjcsMzgqNzgNCg0KJFc1TTVBLDEyMDUxNywxMTAwMDUsNjYwZDAwMjg0NDlj
ZTI0NiwyLERBUyAyLDE0LjQsMTQuNSwwLjIsMC40LDAuMDEsMTA1OSwxMDY2
LDE1Niw2MjgsMCwxMTYuMCwxNC4yNyw5MjQqNkENCg0KJFc1TTVBLDEyMDUx
NywxMTAwMDUsNjYwZDAwMjg0NDljZTI0NiwzLDdGMDA3NTAyM0EwMDAwNTMz
MjMwMzEzMjMwMzUzMTM3MzEzMDM0MzAzMDMwNTU1QjAwMzEzMjMwMzUzMTM3
MzEzMDM0MzAyQzU0NDE0MjMwMzAzMDMwMzAyQzJEMzAzNTMxMkUzMTJDMkMz
MTMzMkUzODM0MkMzNDJFMzAyQzMzMzYzMDMwMkMzNjMwMkMzNjMwMkMzMTJD
MzAzMDM1MzczMDJDMzMyRTM0MzIyQzMxMkUzMjM2MkMzMjMyMzYyQzMwMkMz
MDJFMzEzNjMzMkMyQjMwMzAyRTMwMEQwQUYwMTBFNzQwOUFENzdGMDA2NzAy
M0EwMDAwNTczMjMwMzEzMjMwMzUzMTM3MzEzMDM0MzAzMDMwRkY0RDAwMDA4
MEZCNDQwMDQwMDE0NDAwMjBDQjQ3MDAwMEI0NDJDRTRBRTgzRjBDNjkwRDQx
RkUwMzgyNDBDN0JCMjg0MDkzNDAxRTQxQjkwNDUxNDA0NTA1MjE0MURGNTIw
OTQxMDEwMDIwNDExOUYwMjE0MTFBMzMzNjQwQkMzMkZENDI5Q0NCMTc0MkJD
MDhCQjNDNDYxOUEwMzhDNjVGN0YwMjQyMDIzQTAwMDA0QjU2NDgyMDM3MzIz
MDMxMzIzMDM1MzEzNzMxMzAzNDMwMzAzMDJDMDAwMDAwMjk1QzhGM0QwQUQ3
QTMzQkI5MzJGRDQyOUJDQjE3NDIxQjU4N0E0MTcwNzIzNjQyNjdFOTk1NDEw
QzUwMTU0MjUxRDRBRjQxNjI4OTI3NDIxQzYyN0Q0MjNFMkE4MDQyQTg0RTA4
NDNCMjUwMzM0MjAxQTYwQjQzREI0RkQ4NDEyRjkxMDc0MzE5QzJFRDQxRUI5
NjA0NDM2M0QyMEE0MkRDRDcwQjQzRjc0RDA1NDJBRkFCMEU0M0M5QzIxMjQy
MDFDOTBBNDNCNDRBNTI0MkFGREUwQzQzMzZEQzcxNDJEOUFEMDY0Mzk2NDU0
QzQyN0NGMzAwNDMxMkRDMzY0MkY4QUVGQzQyNTU2NjQyNDI0NjgyRkY0Mjk1
QTA1QzQyQjEzRTA0NDNBNTI1NjY0MjhFRDUwNzQzOEZCRDRDNDIzRTU0MDg0
MzI5MTIzRjQyMjdFMDAwNDNFOEQ3M0U0MjZGQzlGMDQyNUY3MTQzNDIyRkI4
RUQ0MjhCQjg0RDQyQzU2RUZENDIxNDY4NTE0MjU3OTUwMjQzNzEzRDQ1NDIy
OUQxRjk0MjIxRDI1MjQyRDVFM0UwNDIxM0VGNUY0MjYxMzNDNzQyOThFODUx
NDIwQjc5QzE0MjM0NzY1MjQyMDkyNEMyNDI2NTI1NEM0Mjk2OTVCRjQyOEE5
NjQ5NDJDMzBDQ0E0MjYyMUM1QjQyREU0Q0NFNDI3NzRDNjA0MjdBODhDNTQy
QTExNzVCNDJGNzc0Q0U0MjUxQjA1QTQyRURGQkQwNDI4NDBGNDk0Mjg1RUNC
NjQyMTUyMTUyNDJGQTY0ODY0MjE4OTY3NTQyQzMwMzk5NDJCRUM5ODU0MkYz
MDBDQjQyODYxQjhCNDI2NzI4QjY0MjgzQjQ4QjQyMzY2QTlCNDIwOTk1ODE0
MjBGREI3MzQyNzFCODgxNDI5RkQ4NEU0MjcyMTc4RjQyQUIxNDlGNDJBNzc5
OTA0MjI0QTFBMDNGMzRDQzEyNDA0REExOTQ0MDQ1RTI5MDQwNDNBREI4NDAy
OEM4OTc0MTQ3ODZCMDQxRkVFODVENDFFOTJGOTY0MDA3OTk1NzQwNDk0RkUx
M0Y3RDlEMDE0MEI5MTI4QTNGNjMwNkUxM0ZCMDAwQ0MzRjkxRDhBMTNGREYw
OTY1M0ZEQzY5NEQzRkZFNzE1QTNGOTI5QTFDM0Y5MjNFQ0YzRTIwQUU5NDNF
MDQwMTBBM0ZGNTg5RTYzRTczOEQwODNGQzE1MUIxM0UzRTlDQzYzRUVDOUI3
MTNFMzFERjA3M0VDQ0FFNTEzRUY1NEI1NDNFM0IzN0VCM0RBMERCMUQzRUIw
OTgwQzNFODU2QzE2M0U4NTk0QTIzRDE5QzQwOTNFNEZGNUUyM0RDNTE1NEIz
RTc1REMyRjNFNzYwOEU3M0Q2QzYxREQzREYxQjYwNDNFNEQ0NUYzM0RCNTc3
RDM2QSoxQg0KDQo=

--SBD.Boundary.605592468
PROCESS /noc/users/iridburst/exec/irid_300224010734970_upd.pl
Last Run  ----1970-01-01 00:00:00 
MONTH  5 
DATA  xxrecord 2012-05-17 11:00:05 :: $W5M5A,120517,110005,660d0028449ce246,1,DAS 2,4901.4137N,1621.4689W,7.7,359,12.1,14.1,10.9,78.0,7.2,11.0,77.9,7.3,1012.5,2.64,4.06,10,127,38*78
 
INSERT
STATION sbdservice
IRID_ID 300224010734970
BODY 
Content-Type: application/x-zip-compressed; name="SBMmessage.sbd"
Content-Disposition: attachment; filename="300224010734970_003359.sbd"
Content-Transfer-Encoding: base64

JFc1TTVBLDEyMDUxNywxMjAwMDUsNjYwZDAwMjg0NDljZTI0NiwxLERBUyAy
LDQ5MDEuNDM1ME4sMTYyMS40ODc2Vyw2LjAsMzQ0LDkuMiwxNC4yLDExLjAs
NzYuOCw3LjEsMTEuMSw3Ni43LDcuMiwxMDEyLjQsMi40LDMuNzcsMTAsMTIx
LDUyKjc4DQoNCiRXNU01QSwxMjA1MTcsMTIwMDA1LDY2MGQwMDI4NDQ5Y2Uy
NDYsMixEQVMgMiwxMy44LDEzLjksMC4yLDAuNSwwLjAxLDEwNjAsMTA2Nywx
NTUsNjI3LDAsMTU5LjUsMTQuMjcsOTE5KjZGDQoNCiRXNU01QSwxMjA1MTcs
MTIwMDA1LDY2MGQwMDI4NDQ5Y2UyNDYsMyw3RjAwNzUwMjNBMDAwMDUzMzIz
MDMxMzIzMDM1MzEzNzMxMzEzNDMwMzAzMDU1NUIwMDMxMzIzMDM1MzEzNzMx
MzEzNDMwMkM1NDQxNDIzMDMwMzAzMDMwMkMyRDMwMzUzMTJFMzEyQzJDMzEz
MzJFMzIzOTJDMzQyRTMwMkMzMzM2MzAzMDJDMzYzMDJDMzYzMDJDMzEyQzMw
MzAzNTM3MzAyQzMzMkUzNDMyMkMzMTJFMzIzNjJDMzIzMjM3MkMzMDJDMzAy
RTMxMzYzNjJDMkIzMDMwMkUzMDBEMEFGNDEwRTQzNEM4QTM3RjAwNjcwMjNB
MDAwMDU3MzIzMDMxMzIzMDM1MzEzNzMxMzEzNDMwMzAzMEZGNEQwMDAwODBG
QjQ0MDA0MDAxNDQwMEE4REU0NzAwMDBDODQyQjI2NUJCM0YxN0YwRkU0MDA0
MTQ3MTQwODhENTE5NDBFOThEMUE0MUFERjUzRjQwMjJBNzE1NDE0NkVERkI0
MDAxMDAyMDQxNDhGNTIzNDFCNjJDMUI0MEVCRUNGMDQyREE0OTRGNDI4Qzcx
ODAzQzcxMUU3QjQ1RDlENzdGMDI2NjAyM0EwMDAwNEI1NjQ4MjAzNzMyMzAz
MTMyMzAzNTMxMzczMTMxMzQzMDMwMzAyRjAwMDAwMDI5NUM4RjNEMEFEN0Ez
M0JFN0VDRjA0MkRDNDk0RjQyOTdENkZDNDE3MDc4NjQ0MkM1RkUwNTQyMjhF
QzQ4NDJDMkM2NEY0MkVBRDI0RjQyREVFMDk0NDI4NDFGNzA0MjI0OEJFQjQy
QzdFODgxNDJEMUU1MEU0MzNCOUM1NTQyODIxNTBDNDNFNTE0NDA0MjJFOUUw
OTQzRjMxQzRCNDI0MTNFMEU0MzU4QzE0QjQyOUQzQjExNDNBODA3MzY0MjM0
QjExMjQzQTY4MDE5NDI4MDQ2MTA0MzQ5MzAyMjQyQTI1RDA2NDNBODU1Mzk0
MjI3NzIwODQzNjUxODNDNDI3MTIxMTA0MzBBMzk0RDQyRkFBQzBDNDNBQzgx
NUU0MjA0MDBGRTQyMzM2OTY0NDI4MDU0MDU0MzI2MEQ2OTQyRjNCRTEyNDMy
QTlDNjc0MkU5ODcxRjQzNkMzMTgwNDJFQkFBMUU0MzI2NTE3RTQyQTdFNzBF
NDNCQTc3N0E0MjgxNzgwMzQzRUNFNzVBNDJDMDZBRkE0MkI5RkE0NjQyRDQw
MUUyNDI0NTNENEU0MkRDODdDQTQyNzkzRDVCNDIyNTdFQkY0MjVCMjI1RDQy
QUExM0QzNDI4MDlFNUY0MjkzMzVGNTQyMDgxNDVCNDI5QkRBREI0MkJFOUU2
OTQyQTg5NkQ2NDJCODkxNTc0MjgwNTJFMjQyQjAzOTRDNDJBRTc2REY0Mjc1
NzY0QjQyMzY0N0QzNDIzOEYxNDM0MkRGN0VBRTQyNDNFQjUxNDIyOTBDODM0
Mjk1MTU1ODQyRjM2RTgyNDI3RTQ0NTk0MjJFMDY3MjQyQzlDQjVENDJEMkQ2
Mzg0MkMyNEM3NzQyMjdGMjhCNDIyNTlCODc0MjY5RTVCNTQyMTYxQTdENDJG
NDQwOUM0MkI2RTY4MjQyQjJBMkEwNDI2NDBFOEE0MjBBMEVBNzQyM0JBODg2
NDJGOEQ3OUI0MkI3QkU4MTQyMkMzMjlGNDIzQTRCODI0MjNEQUM5RjQyMjMw
NzgxNDI3OTM4RDUzRkE4OUIzNTQwRjY0Q0IyNDBDQzdCQzM0MDZBMUI2NzQw
REQ3Q0I2NDBBQTg4RkI0MDhCQkVEMTQwQjdGMzVGNDA5OUVGNzA0MDVCRDIy
ODQwOUQxMTM2NDBGRTRBMUQ0MDUzMTc3MTQwODlDMzIzNDA0MjRBQ0EzRkQ5
MTAyQjNGRDM4Qzc3M0Y4MDZEMEEzRjREQ0M3MjNFOUZCQUFDM0VBMTRDQjkz
RTI4M0NDNzNFODA1ODMzM0YxRTU5MEEzRjIyRUMwRTNGREI0QkI2M0VFNTE4
QUQzRUUzREU5NDNFQTE0ODM3M0VBQjA4ODEzRUI5OEM5OTNFMzJFQjY3M0VC
NkY2Q0UzRUFBRkEzNzNFQzM2QkZGM0QwRjNEM0IzRTJFMUEzMzNFNkMyQUY4
M0Q2NTk0RkYzRDJCMUUxMDNFRjg0NzE1M0UxODM5MTUzRUQwN0QwNjNFRUVC
QUU5M0Q0OEMyMEYzRTlEN0NGRTNEODBGRA==

--SBD.Boundary.605592468
PROCESS /noc/users/iridburst/exec/irid_300224010734970_upd.pl
Last Run  ----1970-01-01 00:00:00 
MONTH  5 
DATA  xxrecord 2012-05-17 12:00:05 :: $W5M5A,120517,120005,660d0028449ce246,1,DAS 2,4901.4350N,1621.4876W,6.0,344,9.2,14.2,11.0,76.8,7.1,11.1,76.7,7.2,1012.4,2.4,3.77,10,121,52*78
 
INSERT
STATION sbdservice
IRID_ID 300224010734970
BODY 
Content-Type: application/x-zip-compressed; name="SBMmessage.sbd"
Content-Disposition: attachment; filename="300224010734970_003360.sbd"
Content-Transfer-Encoding: base64

JFc1TTVBLDEyMDUxNywxMzAwMDUsNjYwZDAwMjg0NDljZTI0NiwxLERBUyAy
LDQ5MDEuNDgyN04sMTYyMS41NTk3Vyw2LjUsMzI2LDEwLjEsMTQuMiwxMC43
LDc5LjAsNy4yLDEwLjgsNzkuMSw3LjMsMTAxMi4wLDIuNDUsMy4xOCwxMC41
LDEyMyw0Myo2OA0KDQokVzVNNUEsMTIwNTE3LDEzMDAwNSw2NjBkMDAyODQ0
OWNlMjQ2LDIsREFTIDIsMTMuOCwxMy45LDAuMiwwLjQsMC4wMSwxMDYxLDEw
NjgsMTU2LDYyOCwwLDM0Ni45LDE0LjY2LDkyNCo2Ng0KDQokVzVNNUEsMTIw
NTE3LDEzMDAwNSw2NjBkMDAyODQ0OWNlMjQ2LDMsN0YwMDc1MDIzQTAwMDA1
MzMyMzAzMTMyMzAzNTMxMzczMTMyMzQzMDMwMzA1NTVCMDAzMTMyMzAzNTMx
MzczMTMyMzQzMDJDNTQ0MTQyMzAzMDMwMzAzMDJDMkQzMDM1MzEyRTMxMkMy
QzMxMzMyRTMyMzgyQzM0MkUzMDJDMzMzNjMwMzAyQzM2MzAyQzM2MzAyQzMx
MkMzMDMwMzUzNzMwMkMzMzJFMzQzMjJDMzEyRTMyMzYyQzMyMzIzODJDMzAy
QzMwMkUzMTM2MzYyQzJCMzAzMDJFMzAwRDBBRjUxMEFGMURBOTY5N0YwMDY3
MDIzQTAwMDA1NzMyMzAzMTMyMzAzNTMxMzczMTMyMzQzMDMwMzBGRjREMDAw
MDgwRkI0NDAwNDAwMTQ0MDAzMEYyNDcwMDAwQkE0MjRBRjJENjNGNzhEMDBB
NDFCMjk3NEI0MEFGOUIxQzQwMDYwMTE2NDEwQjIxMzM0MDg3RkQxNzQxMzEy
QTA0NDFDQTZCMjg0MTE2MDAyNjQxMEFGMDI0NDA3MTA2RjU0MjY2NkUyRDQy
MUM1Rjk0M0M4MTE4Q0IxODBEMUQ3RjAyNUEwMjNBMDAwMDRCNTY0ODIwMzcz
MjMwMzEzMjMwMzUzMTM3MzEzMjM0MzAzMDMwMkUwMDAwMDAyOTVDOEYzRDBB
RDdBMzNCNkUwNkY1NDI2MzZFMkQ0MkRBRTZBNTQxQTc4NDNCNDIyQUVFREY0
MUQ1N0QwMDQyNTM1MTBFNDJFQUU5Mjc0MkU5RDU5ODQyQURGRTcxNDJENjEy
MDM0MzQ2ODY0MjQyQUNCMjBCNDM1RkJDMjA0MjMzMDUwOTQzNDBGQzE2NDJF
NzE5MDQ0M0Q2NkIxNjQyQzhFRDA2NDNFRUE3MjE0MjI2RTIwNTQzRTIzMzND
NDJEQkM4RkM0MkNFQzU1NDQyRDIyRTAyNDNBQjE4MUY0MkU2ODQwNDQzQjRE
RDAzNDI5MUM4MDM0M0I3MzAyQzQyOTBGNjA2NDM5QUE4Mzg0MkVBRUIwQTQz
NjBGMjU0NDI1QTQ3MEI0MzM2Q0Y2MTQyREM0QkY5NDI2NDhDNDk0MkYxNkZF
MzQyMTNBODRGNDI0MUM1Q0U0MjlDQTc2NjQyOEY4RkQ2NDIzMTJDNUE0MjQ5
MTJGODQyMTkwNjNCNDI5MEM1MDY0MzJEOTE0NDQyRjZBODAzNDNDMDExNjk0
MkJCNUZFQzQyOEFGMDY4NDJCMjNERDY0MjQ3RDQ0MjQyNTk3OUM3NDJENkMw
Mzk0MkRENjRDNjQyRDIyNTUzNDI1Njg1RTY0MjExOUU0RTQyNzgwMUYwNDJD
MDc3NEU0MjFCMkJFNDQyMDU1QzYyNDI4OTA1QkI0MjNFQUY2MzQyN0Y1RkMy
NDI1OUMxNTE0MjA5RDNDQjQyQUI4NzUzNDJCRTUwQkQ0MjY3MTE2MjQyRTVC
RUFENDJFRjBFNUU0MkE5RENDNzQyOThDRDU5NDI4OUFDQzY0MkNBQ0Q3MDQy
NTIxRUE1NDI4NjdGN0Y0MkNEN0VCNDQyQUM1ODg0NDJENkMyREM0MkZERkM4
NTQyMDdGRkFENDI4QjQyODg0MkEwNzA1NTQyN0E2MjgyNDJDRjJCMTU0MkY0
MjE3NzQyRUVGRTE1NDI5NzZFNzY0MkMyRTk0NzQyRUVEMDg1NDI0NUQ0MjQz
RjZFMUE1RTQwNzM5OEExNDA3NzI3NDA0MEY3QjcwQjQxRTkxNzQ0NDE3OTA1
MjQ0MTY3MTdGQTQwNkVDOUJBNDA1NzZBNEI0MEQ1MzYwNjQwMUJCNDNFNDBG
OTgwMzE0MEQzNUZCODNGQ0I3RjBDNDAwNjY3QUIzRjU4MzI1OTNGRDM0OTVE
M0ZDNTQyNDIzRjE1MzkwQzNGRkZGNkZBM0VERTE1RTAzRUJFMTcwQjNGRkJF
NThEM0VFMUY1QTAzRUMxOUFDNjNFRUZBNUQwM0UwRDAwN0YzRUJFNTY5MTNF
MTk4NDlGM0U1N0VDMTkzRTdFNzE2NDNFQTUwQ0I0M0U0MzRFODUzRTIxMTEw
OTNFMTYyNUIxM0QxQjVDQjMzRDc1QzBCODNEMTQyRkM3M0RGM0FGQjAzRDUx
NjRGMjNERDNCMUJFM0Q4NkYxQTEzRDE0RTdGOTNEMkMxRkE0M0Q0Q0NGNzEz
REUwOEI2ODVDKjZCDQoNCg==

--SBD.Boundary.605592468
PROCESS /noc/users/iridburst/exec/irid_300224010734970_upd.pl
Last Run  ----1970-01-01 00:00:00 
MONTH  5 
DATA  xxrecord 2012-05-17 13:00:05 :: $W5M5A,120517,130005,660d0028449ce246,1,DAS 2,4901.4827N,1621.5597W,6.5,326,10.1,14.2,10.7,79.0,7.2,10.8,79.1,7.3,1012.0,2.45,3.18,10.5,123,43*68
 
INSERT
STATION sbdservice
IRID_ID 300224010734970
BODY 
Content-Type: application/x-zip-compressed; name="SBMmessage.sbd"
Content-Disposition: attachment; filename="300224010734970_003361.sbd"
Content-Transfer-Encoding: base64

JFc1TTVBLDEyMDUxNywxNDAwMDUsNjYwZDAwMjg0NDljZTI0NiwxLERBUyAy
LDQ5MDEuNTQ0OE4sMTYyMS42OTE5Vyw2LjUsMzAwLDEwLjYsMTQuMiwxMC42
LDc5LjgsNy4zLDEwLjcsNzkuNCw3LjMsMTAxMS43LDIuMzIsMy4yMyw5LjUs
MTI1LDQzKjUxDQoNCiRXNU01QSwxMjA1MTcsMTQwMDA1LDY2MGQwMDI4NDQ5
Y2UyNDYsMixEQVMgMiwxMy44LDEzLjksMC4yLDAuNCwwLjAxLDEwNjIsMTA2
OSwxNTYsNjI5LDAsMTUwLjcsMTQuNjYsOTI4KjY1DQoNCiRXNU01QSwxMjA1
MTcsMTQwMDA1LDY2MGQwMDI4NDQ5Y2UyNDYsMyw3RjAwNzUwMjNBMDAwMDUz
MzIzMDMxMzIzMDM1MzEzNzMxMzMzNDMwMzAzMDU1NUIwMDMxMzIzMDM1MzEz
NzMxMzMzNDMwMkM1NDQxNDIzMDMwMzAzMDMwMkMyRDMwMzUzMTJFMzEyQzJD
MzEzMzJFMzMzMDJDMzQyRTMwMkMzMzM2MzAzMDJDMzYzMDJDMzYzMDJDMzEy
QzMwMzAzNTM3MzAyQzMzMkUzNDMyMkMzMTJFMzIzNjJDMzIzMjM5MkMzMDJD
MzAyRTMxMzYzNjJDMkIzMDMwMkUzMDBEMEFGMDEwNDM0RERGMTk3RjAwNjcw
MjNBMDAwMDU3MzIzMDMxMzIzMDM1MzEzNzMxMzMzNDMwMzAzMEZGNEQwMDAw
ODBGQjQ0MDA0MDAxNDQwMERDMDI0ODAwMDBDMDQyQUMxREM1M0YyMUQ2MDU0
MTc3RUM0RTQwQTFBQTE0NDBFMjM5MTY0MTAxMUIzNjQwMTY0QTE1NDExQzU0
MDA0MTg2NjExODQxQzU0QTFFNDFDNEVFMUE0MDJGQUJGQTQyNjQzMDJFNDI5
MUUzODMzQ0M0MTk1MUNGNkVDMTdGMDI0RTAyM0EwMDAwNEI1NjQ4MjAzNzMy
MzAzMTMyMzAzNTMxMzczMTMzMzQzMDMwMzAyRDAwMDAwMDI5NUM4RjNEMEFE
N0EzM0IyQkFCRkE0MjYzMzAyRTQyMDg3Q0I4NDEwNDI5MkE0MjNERjNEMjQx
OUY0MzEzNDJBNjJFMEM0MjU2MzA0QTQyOTExQ0NFNDI3MjQxOEE0MkJDMkIx
MDQzODhGQTQxNDJDQkVBMEY0MzM1QTExMDQyM0FGNjA5NDNGQjhFRkI0MTAz
MEMwMzQzNjc0RTA4NDIyQ0E1MDc0MzczRjIzNTQyQUZCNjBGNDM4NEQyNTI0
MkI0M0QwNTQzMjk5OTczNDIxNjIzMDA0MzcxODY1MDQyOTZCRjBDNDM1NDUw
MDg0MkMzMEMxMTQzNDk3OTFDNDI4MjQyMDY0MzU5MDg1MzQyRkM5QkZFNDIy
NTJCNDk0MjU0RjVGNTQyODdFMzM0NDI2NkE2RjU0MjREMzAyMzQyODI4QkY4
NDJDQkE3MkM0MkI1RURGNjQyMUI3ODNGNDI2RDU4Rjc0MjhDMkMzNDQyMjVE
RkVGNDI4OEJEMkU0MjAwNzhFMDQyQzREMzNCNDJDNTVCREU0MjA0RjA0MDQy
ODdDQ0YzNDI1RUFEM0Y0MjU3NURFNTQyRTI0OTNCNDJCN0Y5Q0U0MjIzNDU1
MDQyQTdDQ0M1NDIxMDI3Njc0MkY2N0JEQzQyRUFERTY1NDJBRTZFRDk0MjAw
Nzg2NTQyOEYxMUNBNDJBNUMxNjA0MjkxMEJEOTQyNDY3NDY1NDIzNzc3RjY0
MkNBRTk3NzQyMDNGN0Q0NDJGN0I5NzY0MjEwODFDOTQyNkUzNzVGNDJEMDMy
Qzc0MkUzOEM1MzQyODg0RkM2NDJEMzdDNjM0MjkzRkZFNDQyQjc3NzcyNDI3
NUIxRjk0MjRCQTA3RjQyRjNBMkYwNDIyRTY3OTI0MkQ4NjdCODQyQ0Q3MDlC
NDJGRkY2QzY0Mjc0RkM4QzQyN0I4OEEwNDIyRDk2OEU0MjAwQzk5QTQxNTZB
NDhBNDIzOTQ0QTU0MDUwODY4NjQyMTY3REIyM0ZFNzlFNUY0MDNEQTY3NjQw
MzRFNzBDNDBEQTIwOUY0MDNEODNGRTQwQjY3MUQzNDAyRkQxMDE0MTE5RDc5
NzQwRjAyRDdCNDBBMzI0Mjg0MDc0NDIzQzQwNDA0QkEwNDAxRDRDMDE0MDRE
QzEyNzNGN0VCNkNCM0YwREE5QjczRkJDOEQ4ODNGOTY5RTc3M0Y4ODkxODUz
RjQ2RDIzMjNGNTRCNkY4M0U4NjQ5RUYzRTUxRTBBQjNFNDI5NzhBM0VENEVD
OTgzRTFFMkYwRDNGMzRBRThEM0UwMTU2NTEzRUNGNDE0ODNFMjNGODdGM0U5
NUI5MjIzRUFBNDRBRTNERjA1NkM2M0RDQ0M1MjgzRUM3MTI3NTNFMDM4MzJD
M0U3ODMxMDMzRTZFNjFFMzNEMEM3NThBM0Q0MzgwMzMzRDcxOThBRTNENzVD
MERBM0QwRTE0N0EzRDY0OTJBRjNEOUYxOUY3N0UqMTMNCg0K

--SBD.Boundary.605592468
PROCESS /noc/users/iridburst/exec/irid_300224010734970_upd.pl
Last Run  ----1970-01-01 00:00:00 
MONTH  5 
DATA  xxrecord 2012-05-17 14:00:05 :: $W5M5A,120517,140005,660d0028449ce246,1,DAS 2,4901.5448N,1621.6919W,6.5,300,10.6,14.2,10.6,79.8,7.3,10.7,79.4,7.3,1011.7,2.32,3.23,9.5,125,43*51
 
INSERT
STATION sbdservice
IRID_ID 300224010734970
BODY 
Content-Type: application/x-zip-compressed; name="SBMmessage.sbd"
Content-Disposition: attachment; filename="300224010734970_003362.sbd"
Content-Transfer-Encoding: base64

JFc1TTVBLDEyMDUxNywxNTAwMDUsNjYwZDAwMjg0NDljZTI0NiwxLERBUyAy
LDQ5MDEuNjExME4sMTYyMS44NTQ2Vyw1LjIsMjU5LDcuNSwxNC4zLDEwLjMs
ODYuMSw4LjEsMTAuNCw4NS4xLDguMCwxMDExLjQsMi4zMSwzLjg3LDguNywx
MjMsNDgqNjYNCg0KJFc1TTVBLDEyMDUxNywxNTAwMDUsNjYwZDAwMjg0NDlj
ZTI0NiwyLERBUyAyLDEzLjcsMTMuOSwwLjIsMC41LDAuMDEsMTA2MywxMDcw
LDE1Niw2MjksMCw4OS40LDE0LjY2LDkyMCo1RA0KDQokVzVNNUEsMTIwNTE3
LDE1MDAwNSw2NjBkMDAyODQ0OWNlMjQ2LDMsN0YwMDc1MDIzQTAwMDA1MzMy
MzAzMTMyMzAzNTMxMzczMTM0MzQzMDMwMzA1NTVCMDAzMTMyMzAzNTMxMzcz
MTM0MzQzMDJDNTQ0MTQyMzAzMDMwMzAzMDJDMkQzMDM1MzEyRTMxMkMyQzMx
MzMyRTMyMzgyQzM0MkUzMDJDMzMzNjMwMzAyQzM2MzAyQzM2MzAyQzMxMkMz
MDMwMzUzNzMwMkMzMzJFMzQzMjJDMzEyRTMyMzYyQzMyMzMzMDJDMzAyQzMw
MkUzMTM2MzYyQzJCMzAzMDJFMzAwRDBBRjAxMEE2REREMENCN0YwMDY3MDIz
QTAwMDA1NzMyMzAzMTMyMzAzNTMxMzczMTM0MzQzMDMwMzBGRjREMDAwMDgw
RkI0NDAwNDAwMTQ0MDBBMDBDNDgwMDAwQkU0MjZDMjRDNTNGREFENTA1NDFE
QUExNzc0MDVGRTgxMzQwRkFCMzExNDFDQUI1Mzk0MDgzMzMxODQxQjg1RTAw
NDE2NTIxMEI0MTJCQzExNDQxM0VCNTE4NDBFREY1RjQ0MjA3Qzc0MTQyRDIx
Rjg3M0NCMTFDN0IwMjUxQjE3RjAyMzYwMjNBMDAwMDRCNTY0ODIwMzczMjMw
MzEzMjMwMzUzMTM3MzEzNDM0MzAzMDMwMkIwMDAwMDAyOTVDOEYzRDBBRDdB
MzNCRTlGNUY0NDIwOEM3NDE0MjMxQ0IxMDQxNkM0NjE2NDIzNTBFMEU0MUFF
M0IwNjQyRDhBNDlDNDFCNkE2MkQ0Mjg2OTU2QTQyMjlERTY3NDIwOTBBRTA0
MkJERjY2MTQyRUZDODBCNDNFN0ZDMkU0MkE4ODEwQzQzREFEMDUyNDI5MDI0
RkQ0MjNCMUE3ODQyNUQ3NTAyNDMzOENENDI0MkJBQTMwMjQzMDM4RDBFNDJC
Mzc0MDM0MzlFQjlGNTQxRUVGRTAzNDMyRDQ4MUQ0MkFBNTVFQjQyODVBMDU4
NDI1MEY0RDU0MkREOTM3RTQyRjU4MTBENDNERkM3ODI0Mjc1NTgxRjQzMThD
NDY3NDIxMDZDMUU0MzE2NTk1MTQyOUY1QzE1NDM0MzFGNDU0MjcwQ0QxNTQz
MEQ3ODRCNDI2REQ4MTY0Mzk5Nzc1MzQyMzRCMkZCNDI1MzNBNEE0MjhDQkJF
NzQyRTdEQjI2NDIzMjg2RjU0MkIyMjIyQzQyREY4MTAxNDM4RTg1NTE0MjVF
RTZGQTQyMUY4MzRDNDIwMTFDRTM0MkEzN0QyRjQyNDgwRUQyNDJCRDUxMzc0
MjMzMjdERDQyQjRGMjUwNDJGOUQ3RUY0MjM0N0Q1QjQyNzlDRUU5NDJFMTZE
NjE0MjZCMjJEOTQyMjYxNjY0NDI5QjQyREE0MjNGMzQ0MTQyRTBFM0UxNDI5
NTUzMzE0MjlDNDZEOTQyRDNGNDRCNDJCNkEwQ0U0MjZDMUI2OTQyRTgzNkJD
NDI3RDFCNzA0MkUxOTVCODQyNTIzNjZENDJENDQ1QzY0MkI3OTQ3MjQyNkRC
REFFNDIwRjZCNzU0MjE2MzdBOTQyQzVGMTg5NDI1NTQ1RTc0MkNEMEM5QTQy
NTc2OTQ0NDIxODI0OEU0MkMyMzg0MDQyNjY1MzgzNDI1M0Y3NTEzRkUzMTcw
NDQwRkFDODFENDAzNTFDODk0MDhFQ0RCMjQwMTAzREM2NDBCOUE2QkQ0MDAw
MDE2NDQwQThBMERBNDA1OTRFMDA0MUFCOTk1MzQwOUZERDYzNDBGQkMzRjQz
RkNDODBFMjNGQTE1RjAxNDBCRENGMTM0MDBCMUFEQTNGMzExNjg5M0YyQkI1
ODAzRjc4QzkwQjNGRTdCOUYzM0VBNzJGMTkzRjc4NzcxQTNGOTNCMjkwM0VF
RTE5MDYzRUUxNkZDMTNFQjI2Q0UyM0UxNENDOEEzRTA2MTE5MTNFQjE5NTQy
M0U1QThDRTkzRDc3Qjk1ODNFOTJCNzhDM0VCM0Q1NDIzRTMzMkYwQzNFNjIy
RDlBM0RBMjI3OTEzRDM2RDdEMzNEMTk2NzAwM0VDRUJBMjIzRDlBMzMyMTNE
ODM5Mzc2M0Q5QzQyOUEzRDgyQkZCQTkzKjYzDQoNCg==

--SBD.Boundary.605592468
PROCESS /noc/users/iridburst/exec/irid_300224010734970_upd.pl
Last Run  ----1970-01-01 00:00:00 
MONTH  5 
DATA  xxrecord 2012-05-17 15:00:05 :: $W5M5A,120517,150005,660d0028449ce246,1,DAS 2,4901.6110N,1621.8546W,5.2,259,7.5,14.3,10.3,86.1,8.1,10.4,85.1,8.0,1011.4,2.31,3.87,8.7,123,48*66
 
INSERT
STATION sbdservice
IRID_ID 300224010734970
BODY 
Content-Type: application/x-zip-compressed; name="SBMmessage.sbd"
Content-Disposition: attachment; filename="300224010734970_003363.sbd"
Content-Transfer-Encoding: base64

JFc1TTVBLDEyMDUxNywxNjAwMDUsNjYwZDAwMjg0NDljZTI0NiwxLERBUyAy
LDQ5MDEuNjc4Mk4sMTYyMi4wMDAwVyw3LjQsMjkyLDExLjUsMTQuNCwxMC42
LDg3LjUsOC42LDEwLjcsODYuOSw4LjYsMTAxMC45LDIuMzcsNCwxMC41LDEw
Nyw0OSo0RQ0KDQokVzVNNUEsMTIwNTE3LDE2MDAwNSw2NjBkMDAyODQ0OWNl
MjQ2LDIsREFTIDIsMTMuOCwxMy45LDAuMiwwLjQsMC4wMSwxMDY0LDEwNzEs
MTU2LDYyOSwwLDgzLjUsMTQuNjYsOTI0KjU5DQoNCiRXNU01QSwxMjA1MTcs
MTYwMDA1LDY2MGQwMDI4NDQ5Y2UyNDYsMyw3RjAwNzUwMjNBMDAwMDUzMzIz
MDMxMzIzMDM1MzEzNzMxMzUzNDMwMzAzMDU1NUIwMDMxMzIzMDM1MzEzNzMx
MzUzNDMwMkM1NDQxNDIzMDMwMzAzMDMwMkMyRDMwMzUzMTJFMzEyQzJDMzEz
MzJFMzMzMDJDMzQyRTMwMkMzMzM2MzAzMDJDMzYzMDJDMzYzMDJDMzEyQzMw
MzAzNTM3MzAyQzMzMkUzNDMyMkMzMTJFMzIzNjJDMzIzMzMxMkMzMDJDMzAy
RTMxMzYzNjJDMkIzMDMwMkUzMDBEMEFFQjEwOUVDQzk5NjQ3RjAwNjcwMjNB
MDAwMDU3MzIzMDMxMzIzMDM1MzEzNzMxMzUzNDMwMzAzMEZGNEQwMDAwODBG
QjQ0MDA0MDAxNDQwMDY0MTY0ODAwMDBCNjQyQ0Q0M0M2M0YxMTJFMEM0MURF
QzA3RjQwMjk4NjE3NDBGRDg3MUM0MURDNjI0MjQwRTA1QzI2NDE5MzlGMEI0
MUNBNkIyODQxMDkxMzI4NDExRTFCMjA0MEM5RURENTQyNUI1RTQzNDJGNUFD
OUYzQzUzMUI1ODlFNEUyOTdGMDIxMjAyM0EwMDAwNEI1NjQ4MjAzNzMyMzAz
MTMyMzAzNTMxMzczMTM1MzQzMDMwMzAyODAwMDAwMDI5NUM4RjNEMEFEN0Ez
M0JDNkVERDU0MjU4NUU0MzQyOEVCN0MxNDE2MkFFNjA0MjY5QzVCMjQxNEQx
M0VGNDFENDNERDY0MUEzMTAyNzQyNDA5MDIzNDIxNjMxNkY0MjkzOThFOTQy
RDQ0QzZFNDJBRjdEMDE0M0U3MUIyNzQyRUVFQUVENDI3MDkyMzE0MjFDMjZF
NDQyRUQyQjVGNDJCMkJBMDE0MzRCRkM1MzQyMTg4MEYyNDI5QTRENDg0Mjk4
QjlGMTQyNjE1MDNFNDI0OTcyRjk0MkQ2MDQzRDQyRDY4QUVFNDI3Q0RBNEY0
MkJBM0NERjQyN0IwOTVENDJFQzExRTU0MjMxRjk2MTQyQTlBNTAxNDMzRkI4
NjQ0MkMyNzJGRjQyMTRFRjgyNDJERkY1RjE0MjUzQUE3MzQyREU1NEVENDJD
QTU0NEQ0MkYwRjFDQTQyQjEzOTYwNDIwQTQ5QTg0MjYyQ0E2QjQyNkY2OUUy
NDI1M0E1NjA0MjU2RUFGQzQyN0VGMjUzNDJFQUM5RTc0MjZBOTg2MDQyQTEx
NURFNDJGMkUyNUE0MjI2NkZFODQyNEI1RjRCNDJFQUMxRTA0Mjc1Mjc1NTQy
QzI5RENENDIwREExNUE0MjhCRDdCMDQyMUJENTc0NDJCRkRBQjE0MkJFOTk4
QTQyMkI5NUVBNDI1RUVCODA0MkJGRUZFNzQyQUZEQTZDNDI1NUY1RkE0Mjkz
OUQ2QTQyRUM3RjA1NDNCNzNGNTg0MjY1QUQwMzQzOUIxMzRFNDI0MDNDRTQ0
MjBGRDI2NDQyNDI4OUIyNDI1NjhFNjc0MjE1NTNCNjQyODM3MzU1NDJBNTZE
QzY0MjUzMjc1RTQyODI0REE5NDI2NTUzN0M0MkM0NUYzOTNGQTUyMjgwNDBD
NEUxQ0E0MDIwRkU4RTQwOTcxOUNFNDAwOTM3NkE0MUE1QTMxMDQxRkQ0M0E2
NDAyODA4OEI0MEVDRDA2RTQwOEIxRTZCNDA1RjY4MEM0MDdEMkZFNzNGQ0ZF
RUNCM0YxOUNFQjMzRjcwMTc1QTNGNTg2MDM1M0ZFQTBCNTkzRjA3N0E1QTNG
NjM2RTFEM0Y1Q0VBRjAzRTEwNDQ5RTNFOTJFOUI1M0U2NzMyOTEzRTJCRTA1
NjNFNjY3OTcwM0UwNTM1MkMzRTExMjI1QTNFQzQ3RDQyM0VFN0Q0RTIzRDdC
NzNFMDNEREU5QTE5M0U1NDgxQjkzREFDRTlGQzNEMDAwQUQ0M0RGNzdFRDAz
REM0Q0VBMTNERkNBNDk2M0REMDU2QTQzREU1QjlGNTNEOUVFMEE1OTkqNjQN
Cg0K

--SBD.Boundary.605592468
PROCESS /noc/users/iridburst/exec/irid_300224010734970_upd.pl
Last Run  ----1970-01-01 00:00:00 
MONTH  5 
DATA  xxrecord 2012-05-17 16:00:05 :: $W5M5A,120517,160005,660d0028449ce246,1,DAS 2,4901.6782N,1622.0000W,7.4,292,11.5,14.4,10.6,87.5,8.6,10.7,86.9,8.6,1010.9,2.37,4,10.5,107,49*4E
 
INSERT
STATION sbdservice
IRID_ID 300224010734970
BODY 
Content-Type: application/x-zip-compressed; name="SBMmessage.sbd"
Content-Disposition: attachment; filename="300224010734970_003364.sbd"
Content-Transfer-Encoding: base64

JFc1TTVBLDEyMDUxNywxNzAwMDUsNjYwZDAwMjg0NDljZTI0NiwxLERBUyAy
LDQ5MDEuNzE4OU4sMTYyMi4wOTE5VywxMC44LDMyMiwxNC4yLDE0LjQsMTAu
OSw4MS43LDcuOSwxMS4wLDgxLjksOC4wLDEwMTAuNywyLjIzLDMuMTUsMTIu
NSw5Niw1Nio2Rg0KDQokVzVNNUEsMTIwNTE3LDE3MDAwNSw2NjBkMDAyODQ0
OWNlMjQ2LDIsREFTIDIsMTMuOCwxNC4wLDAuMiwwLjQsMC4wMSwxMDY1LDEw
NzIsMTU2LDYyOSwwLDE0NS42LDE0LjY2LDkyMSo2OQ0KDQokVzVNNUEsMTIw
NTE3LDE3MDAwNSw2NjBkMDAyODQ0OWNlMjQ2LDMsN0YwMDc1MDIzQTAwMDA1
MzMyMzAzMTMyMzAzNTMxMzczMTM2MzQzMDMwMzA1NTVCMDAzMTMyMzAzNTMx
MzczMTM2MzQzMDJDNTQ0MTQyMzAzMDMwMzAzMDJDMkQzMDM1MzEyRTMxMkMy
QzMxMzMyRTMzMzAyQzM0MkUzMDJDMzMzNjMwMzAyQzM2MzAyQzM2MzAyQzMx
MkMzMDMwMzUzNzMwMkMzMzJFMzQzMjJDMzEyRTMyMzYyQzMyMzMzMjJDMzAy
QzMwMkUzMTM2MzYyQzJCMzAzMDJFMzAwRDBBRUQxMDY3Rjg2REQ5N0YwMDY3
MDIzQTAwMDA1NzMyMzAzMTMyMzAzNTMxMzczMTM2MzQzMDMwMzBGRjREMDAw
MDgwRkI0NDAwNDAwMTQ0MDAyODIwNDgwMDAwQkM0MjZBM0FCNTNGNEVGMTA2
NDE5MDY5NDk0MDc0QjYwRTQwNEFBNzFCNDEzNEVGMzI0MDVCNjMxNjQxRjdE
MDA3NDEwMDAwNDg0MUJGMDYzNDQxRTk0RDE0NDBFQkExQkY0MjgwQTg1RjQy
OURCNjc5M0NFNzFBREE3M0RGRDU3RjAyNDIwMjNBMDAwMDRCNTY0ODIwMzcz
MjMwMzEzMjMwMzUzMTM3MzEzNjM0MzAzMDMwMkMwMDAwMDAyOTVDOEYzRDBB
RDdBMzNCRThBMUJGNDI3RkE4NUY0MkY0Rjk5MzQxRjZFNjM2NDI5RjE0RUI0
MDZCNjYzMDQyQzgxODVDNDFDMTFCNzE0Mjg0RTc4QTQyRjc0OThCNDI5N0Uy
RjU0MjJCNEM2MjQyNTExNkY2NDI3MkQwNDc0MjlBMDhGMTQyQTAyMTQ3NDI3
NDM5RjM0MjRGODg0RTQyMzlEM0Y2NDJBM0NGMjk0MjhERTNGMzQyRTMwMDIz
NDJDNTJBRTE0MjhFQTA1RTQyNTkyQkFGNDJFQkM4ODU0MjYzOTA5MzQyREUy
MzhBNDI3QkU1RTU0MjIzNkE4RDQyNEFFRTEyNDM3OEJFNzM0MjI3NEQxNDQz
RjRCOTY2NDJFNjI1MTU0MzUwRTg3MzQyOEU5NjE3NDNBRDJBODQ0MkI5ODlG
RDQyNTM4QzgxNDI4NzAxQzA0MkY1RTg4MjQyNzNCREQ5NDJEMEQ1NzM0MjQz
NzBGQzQyNzJBRDQzNDJBM0E0RjQ0MjU0MzU1MTQyNTA3M0UyNDIyRTMyNzI0
Mjc1OTdFRDQyODQyMTcxNDIzNDNCRDM0MjdDNEU2NjQyMURDQUIxNDJBRTcx
NEM0MjQ3OTJCODQyRDI1RTQzNDI2RUI1Qzc0MjNDQjM0NTQyRTFBMUMxNDIx
MjA2NTc0MjI2RkE5RTQyOTkzRjcxNDJCQzA1ODc0MkRCNzM3QzQyOUFDOTYy
NDI5MDE4Njc0MjlEN0Q0RjQyQkEyQzVBNDJBRjVFODI0MkYwMDI3NjQyODRG
ODlBNDIxMzNEODQ0Mjk0QTBCRDQyRERFQzc0NDI3REY1RjQ0Mjg3QUQ4MjQy
N0E1MjA1NDMyRDE0OEI0Mjg5QUJEQzQyMjU3MDkxNDJENjRGNjU0MkFCMDI4
RjQyMjg0RDBFNDJERjU0ODQ0MkJFMDYwQTQyMjZERTgwNDI4NjI5RTk0MUYw
RDI4NTQyREY0ODhGM0ZERDdCM0M0MDQzNkUwNjQxQkM0NkUxNDBCM0UwNUM0
MEMwM0E5RDQwNzQxMTgyNDA0QzgxN0M0MEZBQUU2RTQwREJGQkM3NDAwNERG
Nzk0MDhEQTA5QzQwRDc5QkUxM0YxRDBBQzYzRjQ0NDZEQjNGQkYxMTY0M0ZG
NUQzMjAzRjk3MkExQjNGMTExQzk5M0U2NDhCQUEzRUIzMUExMTNGMzZDMkUw
M0VBNjQ2ODQzRUQ4NzgyOTNFNTk1MDY1M0UyMEQ2NEMzRUM4MTY0NDNFMzU0
QUFEM0U4Rjk0NTYzRUZEMjM2RDNFRUU1NTI3M0UyRUQzQjIzRDU2QThBMTNE
RDY5RUE1M0QwRDlBNTEzRDExRkMxNzNEMjg3RTQwM0Q5Qjg1NEYzREFENjNB
MTNEOENDNjNFM0REQTNEMEQzRDI5RUMwQjNEM0FENDdBM0Q2QTYwODkzRDMw
REIxMjhCKjE4DQoNCg==

--SBD.Boundary.605592468
PROCESS /noc/users/iridburst/exec/irid_300224010734970_upd.pl
Last Run  ----1970-01-01 00:00:00 
MONTH  5 
DATA  xxrecord 2012-05-17 17:00:05 :: $W5M5A,120517,170005,660d0028449ce246,1,DAS 2,4901.7189N,1622.0919W,10.8,322,14.2,14.4,10.9,81.7,7.9,11.0,81.9,8.0,1010.7,2.23,3.15,12.5,96,56*6F
 
INSERT
STATION sbdservice
IRID_ID 300224010734970
BODY 
Content-Type: application/x-zip-compressed; name="SBMmessage.sbd"
Content-Disposition: attachment; filename="300224010734970_003365.sbd"
Content-Transfer-Encoding: base64

JFc1TTVBLDEyMDUxNywxODAwMDUsNjYwZDAwMjg0NDljZTI0NiwxLERBUyAy
LDQ5MDEuNzM3Mk4sMTYyMi4xNTYzVyw4LjYsMzE4LDExLjgsMTQuMywxMS4w
LDc4LjUsNy40LDExLjEsNzguNiw3LjUsMTAxMC40LDIuMjgsMy43MSwxMC41
LDEwMSw1MCo2Mg0KDQokVzVNNUEsMTIwNTE3LDE4MDAwNSw2NjBkMDAyODQ0
OWNlMjQ2LDIsREFTIDIsMTMuMywxMy42LDAuMiwwLjQsMC4wMSwxMDY2LDEw
NzMsMTU2LDYzMCwwLDMwLjUsMTQuNjYsOTE5KjVEDQoNCiRXNU01QSwxMjA1
MTcsMTgwMDA1LDY2MGQwMDI4NDQ5Y2UyNDYsMyw3RjAwNzUwMjNBMDAwMDUz
MzIzMDMxMzIzMDM1MzEzNzMxMzczNDMwMzAzMDU1NUIwMDMxMzIzMDM1MzEz
NzMxMzczNDMwMkM1NDQxNDIzMDMwMzAzMDMwMkMyRDMwMzUzMTJFMzEyQzJD
MzEzMjJFMzgzNjJDMzQyRTMwMkMzMzM2MzAzMDJDMzYzMDJDMzYzMDJDMzEy
QzMwMzAzNTM3MzAyQzMzMkUzNDMyMkMzMTJFMzIzNjJDMzIzMzMzMkMzMDJD
MzAyRTMxMzYzOTJDMkIzMDMwMkUzMDBEMEFGQzEwMEE2N0ZDNjk3RjAwNjcw
MjNBMDAwMDU3MzIzMDMxMzIzMDM1MzEzNzMxMzczNDMwMzAzMEZGNEQwMDAw
ODBGQjQ0MDA0MDAxNDQwMEVDMjk0ODAwMDBDMjQyQzU3MUJCM0Y1ODQ2MDQ0
MTk4NEM2RDQwRjlGQjExNDAxQkVBMUU0MUYyQ0EzMzQwRkRDMzFENDFFNzFD
MDI0MUNBNkIyODQxOEVDNzJBNDFEMTM2MTY0MDFDRDdDOTQyMEU2MjQ4NDJG
OTYwNkQzQzg2MUQ2ODY3MzgwMTdGMDI5NjAyM0EwMDAwNEI1NjQ4MjAzNzMy
MzAzMTMyMzAzNTMxMzczMTM3MzQzMDMwMzAzMzAwMDAwMDI5NUM4RjNEMEFE
N0EzM0IxOUQ3Qzk0MjBENjI0ODQyMjAxNTIwNDExRDU4ODc0Mjg1REFCMjQw
RDIzNjBDNDI5NTk5MTA0MTVCRTUwQzQyMDZDRkFENDFGREQ0NTc0MkM2RkFB
RTQyMTgzQzcxNDIxNUU2RTQ0MjI3OEE0MjQyODkwNUZENDI1OEZGM0E0MkM5
OUUwNDQzNjAxNDQ5NDI5QUM2MDY0Mzk4RUMzRjQyNDMxODA4NDMxMTg5MjY0
MkQ2REIwNjQzRDI3MjNENDJCRkYyRjk0MkNCRDU3MzQyRTU1RkVENDIyNjQ4
NkY0MkUxMERGOTQyQUYxMTc5NDI4NkFGRDY0MjA2MTA4OTQyREE3QUNBNDIx
QjMyNkM0MjYwNDFENDQyMzM3MzRCNDI1RkZDQzY0MjZCMjU2NTQyRDNBOThG
NDJERjVBODU0MkMwMDZBRjQyMDYxODgwNDJEODEyRTU0MkRBQ0I3NjQyNDdD
OUZGNDJDNkNENTU0MkVBMUZGQTQyNTg5RjM3NDJGRkQ1RUQ0Mjk4MUI0QzQy
NEEyRERGNDIzRThBNTY0MjQ2NDVEQjQyMUM3ODUxNDJBNTY1RTM0MjM4MEI1
MjQyNUUxNUNDNDIzNkY0Njg0MjE2OTg5MDQyRkIwRDcyNDJDQjYyOEI0MkZF
RjA3NDQyQkYxMzg4NDI2QzA3ODM0MjgyOEU4MzQyQzk5RjgwNDIwNkY3Qjg0
MkJCNzE1OTQyQkJBQUQxNDJEMDYzNDc0MjFGMzlDQTQyRTBFRjM3NDJFQTI4
QkI0MkUxQ0UzRTQyNENBNTlGNDIwRUMwNUM0MjAzQ0I4RTQyODU5ODYzNDI4
NTA0OTM0MjY1NkU2QzQyNTJFRDc3NDJEOTlEODQ0MkRBNDYzMzQyQzAyMzgx
NDI2NDIwMEQ0MkUzNzY4RDQyNDQwNDMxNDA0NjZDOTY0MjY2MUNGNDQxRjhB
RjhDNDJBREM4QjA0M0VBMkI4ODQyOTE1QjlENDMxNjIyODQ0MkU3MDNERjQx
MjU5Qjk4NDI4Qzk5QzA0MjM2Qzk4QzQyQjY3NEM2NDJGMkJEOEE0MjA1NkVB
QzQyOTU1Rjk3NDJGQTE2OUY0MzVEMTg5QjQyNTYxOEQ2M0UxMEY5MTY0MEVG
MDFGNDQwMkI5RDgzNDA1MDUxOEU0MEZBNkEwMjQxMkQ3NkRENDA4MzY0REY0
MDNCMDI4RDQwRDMyQjMyNDA4RDlEMTk0MDFBOUJGMzNGODE2MTA1NDA1MDgw
QTEzRkI2MUE4MjNGNUM0MjZFM0YwM0QwQ0IzRjg5Q0E3QzNGNDM4QzY5M0Y5
NjJBNDQzRkMyQzkwOTNGM0UxRDBGM0ZGQzAxRkMzRTU2MkJBRTNFM0I2NzEz
M0YxQkRDQ0IzRTM2QjYzNzNFRjUwQjFCM0UyRjZENUUzRTAxRjRBQTNFOEU2
NTEyM0U3QUY2QTQzRDY1MjJBMjNEQTBGMjJEM0VFQ0JDM0QzRTcwMkFDQjNE
QkQzRDgxM0QwMDFGRDczRENBNjU2MTNEMw==

--SBD.Boundary.605592468
PROCESS /noc/users/iridburst/exec/irid_300224010734970_upd.pl
Last Run  ----1970-01-01 00:00:00 
MONTH  5 
DATA  xxrecord 2012-05-17 18:00:05 :: $W5M5A,120517,180005,660d0028449ce246,1,DAS 2,4901.7372N,1622.1563W,8.6,318,11.8,14.3,11.0,78.5,7.4,11.1,78.6,7.5,1010.4,2.28,3.71,10.5,101,50*62
 
INSERT
STATION sbdservice
IRID_ID 300224010734970
BODY 
Content-Type: application/x-zip-compressed; name="SBMmessage.sbd"
Content-Disposition: attachment; filename="300224010734970_003366.sbd"
Content-Transfer-Encoding: base64

JFc1TTVBLDEyMDUxNywxOTAwMDUsNjYwZDAwMjg0NDljZTI0NiwxLERBUyAy
LDQ5MDEuNzM5M04sMTYyMi4xODE2VywxMy40LDMxMSwxNy40LDE0LjMsMTEu
Myw2OC40LDUuNywxMS40LDY5LjEsNS45LDEwMTAuMCwyLjQ1LDMuNjksMTAu
NSw5NSw1NSo2OQ0KDQokVzVNNUEsMTIwNTE3LDE5MDAwNSw2NjBkMDAyODQ0
OWNlMjQ2LDIsREFTIDIsMTMuNiwxNC40LDAuMiwwLjQsMC4wMSwxMDY3LDEw
NzQsMTU2LDYyOCwwLDk0LjUsMTUuMDUsOTI2KjU1DQoNCiRXNU01QSwxMjA1
MTcsMTkwMDA1LDY2MGQwMDI4NDQ5Y2UyNDYsMyw3RjAwNzUwMjNBMDAwMDUz
MzIzMDMxMzIzMDM1MzEzNzMxMzgzNDMwMzAzMDU1NUIwMDMxMzIzMDM1MzEz
NzMxMzgzNDMwMkM1NDQxNDIzMDMwMzAzMDMwMkMyRDMwMzUzMTJFMzEyQzJD
MzEzMzJFMzgzNTJDMzQyRTMwMkMzMzM2MzAzMDJDMzYzMDJDMzYzMDJDMzEy
QzMwMzAzNTM3MzAyQzMzMkUzNDMyMkMzMTJFMzIzNjJDMzIzMzM0MkMzMDJD
MzAyRTMxMzYzMjJDMkIzMDMwMkUzMDBEMEFGNzEwRjNBNDlCRkY3RjAwNjcw
MjNBMDAwMDU3MzIzMDMxMzIzMDM1MzEzNzMxMzgzNDMwMzAzMEZGNEQwMDAw
ODBGQjQ0MDA0MDAxNDQwMEIwMzM0ODAwMDBDMDQyMEI3NENCM0YwQzFEMDY0
MUJFMEY2QzQwNUFCRTFDNDBFNkI3MjM0MTZBNUY0MDQwMkU2NjIxNDFCQzY2
MDA0MUNBNkIyODQxMzQzNDI5NDEwMzFDMjE0MEMzNUZCRTQyODI3QjVDNDJG
QUYyODczQ0EyMTk3RTQ4NTJDMDdGMDJBMjAyM0EwMDAwNEI1NjQ4MjAzNzMy
MzAzMTMyMzAzNTMxMzczMTM4MzQzMDMwMzAzNDAwMDAwMDI5NUM4RjNEMEFE
N0EzM0JDMDVGQkU0MjdFN0I1QzQyNzZGOTE1NDEzRDkyOTA0MjM2OUNBNDQx
N0E4RTQyNDIxRTYwQkE0MUUwQzc1MjQyRjQwRERGNDFBRTA5NzE0MjdBNDk4
QTQyQzUwOThBNDI5OTYyRjg0MjJCN0Q2MjQyNzYyOEY2NDJEMDgwMkY0MkM3
NERERDQyQ0NDRTJBNDIyOEY3RTE0MkY3OTkzRDQyRTA1OUU4NDJDMzY0NDI0
MjJFQzBFQTQyMTcwMDRBNDIyMzAyRjk0MjgyM0I1QjQyRjk1M0VCNDJFMTI5
NUQ0MkMyRUJCRTQyMUI4Mjc2NDJGQTg5Qjg0Mjk1NkQ3NjQyNUMxMTk0NDJB
NURFODI0MjI1RTM0ODQyMTBDNDg0NDIwODAyQTU0MjhGMjA4MjQyN0UxRUNE
NDI1NEE5NjI0MjE1NzJCMjQyNjA3MDVGNDJEQUMxQUY0MkVDNzk2QzQyOUUz
NkM1NDI4QTlBN0Q0MjAyNUJCQzQyNTMzOTg1NDI0Rjc4Q0Y0MjI2MzE4NzQy
NzY3Q0RGNDIyRjNGODQ0MkYyMTEwMjQzQUZCQjg1NDIyOEM3MTQ0M0FFOTI4
MDQyQUQ2RkZCNDI1QUQzN0Q0MjAxMkZEMTQyNDk5NTgzNDIwRDdFRUY0MjMw
RDY4ODQyQkQxMzA1NDMzQTNGODc0MjM1RTNCQjQyREQ3ODhBNDI3OEEzMTk0
MkUzMzQ4QzQyMkQ2NzFBNDJDNzREOTQ0MjQ1QkRDODQyNEE1NTg3NDJFNzhE
Mzk0MjQyRTk4RjQyQ0E3NkFDNDM4QTQ1NzM0MjVEQ0NBRDQzM0EwMjcwNDI2
Njc4QTU0MzdDQzk3QjQyNjQyODk2NDNFOTRDNjk0MkNFN0E4ODQzQTk0MDZD
NDJFQ0FBOEI0M0RERTQ2MzQyN0Q2NjkyNDNDMzBGNjI0MkMzMjg5QzQzREE4
QTg5NDI3NDU3OTg0MzNDMTY4QTQyM0EwQjhGNDM2QUMzNzc0Mjg2NTk4RDQz
OTcxMTdGNDI5OEExOEM0M0VGMTg4MjQyQTFEMzhBNDNFRTI1N0Y0MkMzQTU5
NDQzNzY5Nzg2NDJFODA2OUI0M0Y0RjQ4OTQyNEExNjhENDMxRURGOEM0MkY4
NzdDOTNFMzgzNkJBM0YxQzdBNzI0MDlCMjEwNDQxNTYyMjA4NDE5OEMxNDU0
MTQxNjhGMTQwODYzRkQyNDA2QUYxNzU0MDUwMURCRTQwQTIxNjgwNDAxMjJD
MjE0MEU3NjdGNTNGMjVDODc4M0Y1RjA5MTEzRjFGQUJGRDNFRDBDMTgxM0ZF
Mzc3MDgzRkQyQTA3QzNGODQzQzE5M0Y3OTdGMDQzRkI3QjQ5RDNFRjA0NkE5
M0UyRjYxNzQzRUNEREE2MjNFNEFERTk2M0UzQjJGQTczRTBBNUQzMzNFN0NG
NEQwM0Q1RURFOEQzRDlGOTE4RDNEMDcwQThBM0REMzgwRjIzREE1QUM1MTNE
QjFCOUQ4M0M4RjgzQUQzQzAwNkFCMDNERA==

--SBD.Boundary.605592468
PROCESS /noc/users/iridburst/exec/irid_300224010734970_upd.pl
Last Run  ----1970-01-01 00:00:00 
MONTH  5 
DATA  xxrecord 2012-05-17 19:00:05 :: $W5M5A,120517,190005,660d0028449ce246,1,DAS 2,4901.7393N,1622.1816W,13.4,311,17.4,14.3,11.3,68.4,5.7,11.4,69.1,5.9,1010.0,2.45,3.69,10.5,95,55*69
 
INSERT
STATION sbdservice
IRID_ID 300224010734970
BODY 
Content-Type: application/x-zip-compressed; name="SBMmessage.sbd"
Content-Disposition: attachment; filename="300224010734970_003367.sbd"
Content-Transfer-Encoding: base64

JFc1TTVBLDEyMDUxNywyMDAwMDUsNjYwZDAwMjg0NDljZTI0NiwxLERBUyAy
LDQ5MDEuNzAxN04sMTYyMi4wNDU0VywxMC4xLDMwOSwxNC4zLDE0LjMsMTEu
Miw3Mi4zLDYuNCwxMS4zLDcyLjksNi42LDEwMTAuMCwyLjIyLDMuNTgsMTEu
OCw5NSw1Myo2MQ0KDQokVzVNNUEsMTIwNTE3LDIwMDAwNSw2NjBkMDAyODQ0
OWNlMjQ2LDIsREFTIDIsMTMuMSwxMy4zLDAuMiwwLjQsMC4wMSwxMDY4LDEw
NzUsMTU2LDYyOSwwLDguMCwxNS4wNSw5MjUqNjQNCg0KJFc1TTVBLDEyMDUx
NywyMDAwMDUsNjYwZDAwMjg0NDljZTI0NiwzLDdGMDA3NTAyM0EwMDAwNTMz
MjMwMzEzMjMwMzUzMTM3MzEzOTM0MzAzMDMwNTU1QjAwMzEzMjMwMzUzMTM3
MzEzOTM0MzAyQzU0NDE0MjMwMzAzMDMwMzAyQzJEMzAzNTMxMkUzMTJDMkMz
MTMyMkUzNzMxMkMzNDJFMzAyQzMzMzYzMDMwMkMzNjMwMkMzNjMwMkMzMTJD
MzAzMDM1MzczMDJDMzMyRTM0MzIyQzMxMkUzMjM2MkMzMjMzMzUyQzMwMkMz
MDJFMzEzNzMwMkMyQjMwMzAyRTMwMEQwQUYyMTBCOTI1QjI0QzdGMDA2NzAy
M0EwMDAwNTczMjMwMzEzMjMwMzUzMTM3MzEzOTM0MzAzMDMwRkY0RDAwMDA4
MEZCNDQwMDQwMDE0NDAwNzQzRDQ4MDAwMENFNDIwOUEzQjMzRjgwQjZGNzQw
OUVFMTY0NDBFQkUwMEQ0MDU0NzcxODQxQTQ2NjMyNDA1ODJBMEI0MUM5QjVG
NTQwM0MzQzNDNDE4MTJEMjQ0MTM4NEMxMzQwQ0REN0JFNDIxNUIxNTM0MjE2
NUI2NjNDRjExQjFBMTZGNzc1N0YwMjk2MDIzQTAwMDA0QjU2NDgyMDM3MzIz
MDMxMzIzMDM1MzEzNzMxMzkzNDMwMzAzMDMzMDAwMDAwMjk1QzhGM0QwQUQ3
QTMzQkNBRDdCRTQyMTBCMTUzNDI2NDlGNkY0MThFQkU2RDQyQzgxQjZENDEy
OUVFMjU0MkEwMTRCMTQxMTUyNjMyNDI4NkMwRUU0MTIzRUI2NzQyRjFCRkI4
NDI4Qjg0ODU0MkRBMDVGQzQyNzk1MDM1NDJGQ0M4MDI0M0E4RTQxOTQyQTA1
QjAxNDM1NjE5M0U0MkZDMjhGQjQyNDhFNTRENDIyNjhEMDE0Mzc2MDEzQjQy
QUI4M0Y5NDI5NUU4NDc0MjNGNTlEQzQyMDQ3QTgwNDJBNEJBQzE0MjkxQjQ4
OTQyMUVDMUNFNDIxRDNDNEU0MjRFOENDODQyQkUwRTNFNDJFMjdBOUY0MjVD
MjI2MTQyRURGMTdGNDI1NTAyNkE0MjY1QkM4RTQyQjczMTdFNDI3Q0I2QjY0
MjA3ODY4MTQyOEIwREI4NDIxQzY0NzU0MkE1NjY5QTQyRUJCQzdCNDJGNzIy
N0E0MjQ2NTY4NzQyMUU3QTlENDI0RDM1ODU0MjEzNDJCQTQyM0IyMTc0NDI5
RjhGREE0MkNFRTA4NDQyRDMzQ0I0NDI0NkEyOEE0MjY1RjM2QzQyRjI4OTdG
NDJEMjIzNzI0MkRCRTQ4MDQyQzc5NkEzNDI0RjVCODg0MkIxRkNFMzQyRkFC
QTk5NDI4NjMyNjY0MzY1NkM5MzQyNURBNTgzNDM0NzVFOTY0MjIyNzk5QjQz
N0Y1MzhENDJDMzI1QTY0MzIxNDg5MTQyMTA3MEY5NDE5NjNGOEM0Mjg4RTVE
OTQxMkUxRDhDNDJGREY0QjE0M0MxOTk4QjQyN0JFQUFDNDNFNjc0ODA0MjIy
NUVBQjQzQkU1QzkxNDJGRkQ5N0M0Mzg4NEE5QjQyQjAxNTgxNDNBQ0JEOTA0
MjVDRTk4RjQzNTVDQjhBNDI1NzgyQTk0M0Y2RjI4NjQyMjE0Q0IxNDA2NkY3
ODU0MkU4RjI4MzQxMDBFMjg2NDI4QjVFRjg0MDMwM0Y4MTQyQTYwQUIxNDMz
MjBDNzY0MjRFRDVBMzQzODAyMTg5NDJEQUEwODY0MzgyNEM4RDQyNTZFNDdF
NDM3QTRDODU0MkIyOUE3RjQzQkI1NDgyNDI2M0U4Q0QzRUM4NDkwMTQwRTQ5
RDdFNDAwOTBBRUI0MDk2QzE4NjQwMURFRkMxNDBCODRDQUI0MEMzRDY1ODQw
RUI2QTU0NDBGMTZCOTQ0MDZDREVDRDQwODMxOTMzNDA0QzZDOUEzRkY4MTNG
QzNGOTI2ODExNDA3NUZDMzUzRkFFQ0M2OTNGMTk2MjcyM0Y4N0U4NTEzRjRG
REE1MTNGMjdGQzEzM0ZCRkZFOTAzRTBFM0I5NTNFQkMxRUNBM0RGREYyMzUz
RTE5QzM4MjNFNjQ5RjRBM0UzQUVBOEUzRUE1ODUyOTNFQ0RERkY2M0Q4N0Uz
OUQzRDYxNEE5MjNEOTVEOEE2M0QwOUE2MUQzRDU3MTVENzNERTFFNEVDM0RC
Q0FBOUQzREExMEEwRjNFRDY2QTA5M0VDMA==

--SBD.Boundary.605592468
PROCESS /noc/users/iridburst/exec/irid_300224010734970_upd.pl
Last Run  ----1970-01-01 00:00:00 
MONTH  5 
DATA  xxrecord 2012-05-17 20:00:05 :: $W5M5A,120517,200005,660d0028449ce246,1,DAS 2,4901.7017N,1622.0454W,10.1,309,14.3,14.3,11.2,72.3,6.4,11.3,72.9,6.6,1010.0,2.22,3.58,11.8,95,53*61
 
INSERT
STATION sbdservice
IRID_ID 300224010734970
BODY 
Content-Type: application/x-zip-compressed; name="SBMmessage.sbd"
Content-Disposition: attachment; filename="300224010734970_003368.sbd"
Content-Transfer-Encoding: base64

JFc1TTVBLDEyMDUxNywyMTAwMDUsNjYwZDAwMjg0NDljZTI0NiwxLERBUyAy
LDQ5MDEuNjU4OU4sMTYyMS44ODIwVywxNS4zLDMzNywyMS4xLDE0LjIsMTEu
MCw3My42LDYuNCwxMS4wLDczLjksNi42LDEwMDkuOCwyLjU1LDMuNTYsMTEu
MSw1Myw1Nyo2NQ0KDQokVzVNNUEsMTIwNTE3LDIxMDAwNSw2NjBkMDAyODQ0
OWNlMjQ2LDIsREFTIDIsMTMuMSwxMy4zLDAuMiwwLjQsMC4wMSwxMDY5LDEw
NzYsMTU2LDYyOSwwLDE3MC42LDE0LjY2LDkyMSo2Rg0KDQokVzVNNUEsMTIw
NTE3LDIxMDAwNSw2NjBkMDAyODQ0OWNlMjQ2LDMsN0YwMDc1MDIzQTAwMDA1
MzMyMzAzMTMyMzAzNTMxMzczMjMwMzQzMDMwMzA1NTVCMDAzMTMyMzAzNTMx
MzczMjMwMzQzMDJDNTQ0MTQyMzAzMDMwMzAzMDJDMkQzMDM1MzEyRTMxMkMy
QzMxMzIyRTM2MzUyQzM0MkUzMDJDMzMzNjMwMzAyQzM2MzAyQzM2MzAyQzMx
MkMzMDMwMzUzNzMwMkMzMzJFMzQzMjJDMzEyRTMyMzYyQzMyMzMzNjJDMzAy
QzMwMkUzMTM3MzAyQzJCMzAzMDJFMzAwRDBBRUUxMEE4NUQxNkMzN0YwMDY3
MDIzQTAwMDA1NzMyMzAzMTMyMzAzNTMxMzczMjMwMzQzMDMwMzBGRjREMDAw
MDgwRkI0NDAwNDAwMTQ0MDAzODQ3NDgwMDAwQzY0MjhFMERDNDNGNzI5QzAx
NDFBQUE5NjM0MEI2M0IyMzQwRkUxMzI0NDE0OTA0NDQ0MDY2ODkyODQxQjRG
RUY2NDAxREM3MzE0MThGNzczMjQxQ0IxQTI5NDBERkEyNTU0MjE3RDQ2MjQy
MDhBRTk0M0M2ODFCNzc1ODdEODM3RjAyOEEwMjNBMDAwMDRCNTY0ODIwMzcz
MjMwMzEzMjMwMzUzMTM3MzIzMDM0MzAzMDMwMzIwMDAwMDBCODFFODUzRDBB
RDdBMzNCRERBMjU1NDIxMkQ0NjI0Mjg3MEVGRTQxRTlFMzM2NDJEOERDQjk0
MTNDOTEyRTQyNzZDNThFNDEwNDlFRTU0MTBDNUM2ODQxODBGQUYyNDFDMUFB
QjM0M0YwMTEzOTQyQjQxREFFNDM2QTcyN0M0Mjc4NjFFOTQxOThCRDk1NDIx
QjVCRDM0MjAzREM4RTQyREY3NUUyNDI2RTJDODA0Mjg5Q0VFNzQyNDE1QTZB
NDJDOEE2RDI0MjVBM0I4MjQyRTNDRDlCNDI3RDA0ODY0MkNCN0VDQzQyMUM4
ODZENDJERTEzRTk0MkU3MTE0MTQyOEQ5QkY5NDI3RUU1NDY0MkJCODIwMDQz
OEFDRTY2NDI1NjE3RTk0MkU3RUE3QjQyQUY3MEUzNDJGRDI4NjA0MjE1ODVF
RTQyRDBENjQwNDI1M0ZBRkI0MjNCMjQ0ODQyODRCRDA1NDNDQ0RDNjQ0MjY5
MThGNDQyQ0Y1QjZGNDJBODc1RDM0Mjk0OEY3NzQyMjYxNkJGNDJCN0REODI0
MjU3Qjc5ODQyM0YxOTgwNDJENzY1NzM0MjNDOEY2QjQyRjMwNjYxNDIwNUEw
N0E0MkQyRTg5MTQyNUE2Rjg5NDJGOTAzQTk0MkNFQUI4ODQyNDY4MjJCNDJC
OUUxOEI0MkIyNTdERTQxMUU3QTkxNDJFRUM3Nzc0MkQ4RDM5MTQyRjcxNzQx
NDIxQ0JFOTI0MjY0QURBMzQzNEEyNDhDNDJGMDJGOUQ0MzExODE4MTQyNTFB
QUEwNDNCM0EyNkY0MjdEMUZBMzQzQzQ0MzY4NDIyQzk3QTE0MzMyODc3QTQy
MzYxNDk5NDNBMjMyODY0MjlCNjg4QzQzNzgxQjgwNDJCNkM0ODg0MzNEMUQ4
MzQyRUM2NTk4NDM3NkY5OTM0MjEwMEU5ODQzRjZDNjhCNDI3RkMzOUQ0MzhF
NDE4NzQyMTc0QUEyNDM1NzE1N0Y0MjI1MENBNDQzM0RCQjY5NDIwOUZGQUE0
Mzc0MUY2QjQyQkFDNUFENDM0NjlFODM0MjRFMTlBNDQzQjJFOThCNDJCRTQ5
QTE0M0RBMkY4RjQyQzJCNjExM0ZFRDc3OEIzRjFGODE2QTQwRTlBOTBFNDFF
NzQyRUQ0MDBDNUQxQjQxNjNFQjE0NDEzMjQ1QTA0MDhGOUJDOTQwMkE5NTk4
NDA4RTk1MzU0MDVBNERGMjNGRkI2QjIzNDAxMUY3MEE0MDFCNTMyODQwNjM1
MkVGM0ZDMTUxM0EzRjMzRjFBOTNGNDNDREI1M0Y1NDJDQkYzRjI5QTc3MjNG
M0FFNzJBM0YyNDhFMzgzRjdGNThCRjNFRjhENjkyM0U0ODBDNzAzRTI4N0Mz
NDNGRjIxOTg5M0UzRTkzMDQzRTExRTIyNDNFOTY3MkMwM0U3QzMzOTYzRTU2
NjAwNjNFNjQ1Mjk0M0VENUQ0QTIzRUVCMzc3RTNFQUVCN0FEM0U5Q0Y0OTEz
RTNENTZBNDNFREVCNkE4M0U4Q0I4MzUzRQ==

--SBD.Boundary.605592468
PROCESS /noc/users/iridburst/exec/irid_300224010734970_upd.pl
Last Run  ----1970-01-01 00:00:00 
MONTH  5 
DATA  xxrecord 2012-05-17 21:00:05 :: $W5M5A,120517,210005,660d0028449ce246,1,DAS 2,4901.6589N,1621.8820W,15.3,337,21.1,14.2,11.0,73.6,6.4,11.0,73.9,6.6,1009.8,2.55,3.56,11.1,53,57*65
 
INSERT
STATION sbdservice
IRID_ID 300224010734970
BODY 
Content-Type: application/x-zip-compressed; name="SBMmessage.sbd"
Content-Disposition: attachment; filename="300224010734970_003369.sbd"
Content-Transfer-Encoding: base64

JFc1TTVBLDEyMDUxNywyMjAwMDUsNjYwZDAwMjg0NDljZTI0NiwxLERBUyAy
LDQ5MDEuNjAxMk4sMTYyMS43NDQxVyw4LjAsMzI3LDExLjcsMTQuMiwxMC41
LDY4LjEsNC45LDEwLjYsNjguNiw1LjAsMTAwOS44LDIuMTQsMy40NSwxMS44
LDc5LDYxKjVDDQoNCiRXNU01QSwxMjA1MTcsMjIwMDA1LDY2MGQwMDI4NDQ5
Y2UyNDYsMixEQVMgMiwxMy4wLDEzLjIsMC4yLDAuNCwwLjAxLDEwNzAsMTA3
NywxNTYsNjI5LDAsMjkuNCwxNS4wNSw5MjYqNTkNCg0KJFc1TTVBLDEyMDUx
NywyMjAwMDUsNjYwZDAwMjg0NDljZTI0NiwzLDdGMDA3NTAyM0EwMDAwNTMz
MjMwMzEzMjMwMzUzMTM3MzIzMTM0MzAzMDMwNTU1QjAwMzEzMjMwMzUzMTM3
MzIzMTM0MzAyQzU0NDE0MjMwMzAzMDMwMzAyQzJEMzAzNTMxMkUzMTJDMkMz
MTMyMkUzNTM5MkMzNDJFMzAyQzMzMzYzMDMwMkMzNjMwMkMzNjMwMkMzMTJD
MzAzMDM1MzczMDJDMzMyRTM0MzIyQzMxMkUzMjM2MkMzMjMzMzcyQzMwMkMz
MDJFMzEzNzMxMkMyQjMwMzAyRTMwMEQwQUY0MTAwRkQ4NUE3OTdGMDA2NzAy
M0EwMDAwNTczMjMwMzEzMjMwMzUzMTM3MzIzMTM0MzAzMDMwRkY0RDAwMDA4
MEZCNDQwMDQwMDE0NDAwRkM1MDQ4MDAwMENDNDJGNzRFQjIzRjEzNDNGQjQw
QzRBNTVDNDAwRkI2MDg0MENDNjYxRDQxM0JBRjI4NDBBQUNEMjE0MTI1RDNG
MzQwM0MzQzNDNDFCMDg2MkY0MTdFMDkwRjQwNUI0RjlFNDI1OTVFNzI0MkNC
RDk1NjNDOEQxQzI5QzNCMTc0N0YwMjk2MDIzQTAwMDA0QjU2NDgyMDM3MzIz
MDMxMzIzMDM1MzEzNzMyMzEzNDMwMzAzMDMzMDAwMDAwQjgxRTg1M0QwQUQ3
QTMzQjU5NEY5RTQyNTc1RTcyNDJDODg4MDY0MjVDOTY5MzQyNDMxOEU4NDE1
RTMzNzk0MkUzOTZCMjQxODFERTFFNDIwRjlDQ0Q0MUU5NDIwNTQyRThGODI2
NDJFRUZFMzc0MjdFM0NBNDQyMzU5QTc2NDIzRjM3RjI0MkQ1MDQ5NDQyRUU5
OUE2NDIyQjM5OUE0MjdFMjFEMTQyNkNEQjhENDIwOUVCRTU0MkUyODY3RDQy
OEFDRUU2NDJERjNBODI0MjE4RkNERjQyNjQ5Njg4NDJCMTBDRTI0MjZGRTU4
MzQyMzhDOUU4NDIyQkQ2OEM0MkVFODdCQTQyMDMxRjhENDJDODA5Q0E0MjU5
NEY3MjQyMjM0OUUyNDJBRDNGNzA0MjMxRkRENTQyMDE0MjhDNDI2RkQwQjU0
MkE0QUE5MzQyRDZDM0NDNDJDRTJCODY0MjI0QTJCMjQyRjE3RTczNDI0M0Iy
QTg0MjhEODY3MzQyRURGQ0RCNDIyNzkxODc0MjBCRUE2MDQyQzVDMzk1NDIx
ODFEQTU0M0MxQjQ2MDQyNzRDQTlENDMwRTlFMzM0MjQxMkQ5NTQzNTcyNTRB
NDJDNDFBOEQ0MzhDM0M1QTQyQ0M3Qjg3NDNCRURGNzU0MkRDNEM4MDQzNURB
MzgwNDJERUIyNzU0Mzc0RTU5NTQyNzg3RTE5NDMzMjRFQTA0MjU3ODA5MjQz
NDExMThENDIwMEVDOTU0M0U3MUQ1QzQyRTBCRDk4NDNFNDgwNjE0MjE5OTJB
NDQzREFCMDkwNDIzMzNEMEE0MkMyMTU5QjQyRDRGQTI2NDEwM0Y5OUE0MjJG
NUQ5MTQwMDQ5Qzk1NDI4OEJBOEI0M0NCMjI5MDQyQTYzQTg4NDMyNTY5ODk0
MkRBODhBNjQzRjU5NjkwNDI5RTQ3QjM0MzM2OTY4QTQyN0M0ODFBNDFGOUY4
ODc0MkFDNzFCMzQzRUUwMjg4NDIyOTUzQTM0MzI2Q0U4NjQyQjY3NTk4NDNB
OUVCODg0MkExRDQ4OTQzNTZENTg2NDJGNjdFODA0M0FDQkQ4OTQyNzBEQTk0
NDNGNzJGOTc0MkQwMzNBQjQzMUJGNDkxNDI5QTAyMDEzRjA0NDA2OTNGNjhF
NEUwM0YyMTA5Qzg0MDVBMDhEQzQwNzQyMzhENDBEODIyNzY0MDQwNzk4QzQw
NzA3RDlFNDBGNTUxQjc0MDA3OTc4MTQwMzBGMTBBNDBCMjZCREQzRkRENUQ2
QjNGRkYwQzg4M0ZGOERCNzEzRkI0NTUxNzNGRTkwRjA0M0Y4NUM2RjAzRTRE
NUUzMTNGRDIyNTQ4M0ZDNkE0MjkzRjQ1NDlCRTNFQUNDNkNDM0U0Q0RERkYz
RUE3REUwRTNGOEYwM0ZFM0U4RThDMDgzRjIwNUEzRjNFMzc2OTlGM0UxNDFD
ODczRUMwNDQ3MzNFREExMzZEM0U1RDc1Q0MzRUJFOTVENjNFNzc0RjNGM0VG
NEI4M0MzRTg2ODFFQjNERUI3QUM5M0RCNA==

--SBD.Boundary.605592468
PROCESS /noc/users/iridburst/exec/irid_300224010734970_upd.pl
Last Run  ----1970-01-01 00:00:00 
MONTH  5 
DATA  xxrecord 2012-05-17 22:00:05 :: $W5M5A,120517,220005,660d0028449ce246,1,DAS 2,4901.6012N,1621.7441W,8.0,327,11.7,14.2,10.5,68.1,4.9,10.6,68.6,5.0,1009.8,2.14,3.45,11.8,79,61*5C
 
INSERT
STATION sbdservice
IRID_ID 300224010734970
BODY 
Content-Type: application/x-zip-compressed; name="SBMmessage.sbd"
Content-Disposition: attachment; filename="300224010734970_003370.sbd"
Content-Transfer-Encoding: base64

JFc1TTVBLDEyMDUxNywyMzAwMDUsNjYwZDAwMjg0NDljZTI0NiwxLERBUyAy
LDQ5MDEuNTYxN04sMTYyMS42MzExVywxNy41LDMwNiwyMi4zLDE0LjIsMTAu
Myw3Ny4yLDYuNSwxMC4zLDc3LjMsNi41LDEwMDkuNiwyLjY0LDQuNzUsMTAu
NSw5MSw1Nio2Qw0KDQokVzVNNUEsMTIwNTE3LDIzMDAwNSw2NjBkMDAyODQ0
OWNlMjQ2LDIsREFTIDIsMTMuMCwxMy4yLDAuMiwwLjQsMC4wMSwxMDcxLDEw
NzgsMTU2LDYyOSwwLDE2MC43LDE0LjY2LDkyMio2OQ0KDQokVzVNNUEsMTIw
NTE3LDIzMDAwNSw2NjBkMDAyODQ0OWNlMjQ2LDMsN0YwMDc1MDIzQTAwMDA1
MzMyMzAzMTMyMzAzNTMxMzczMjMyMzQzMDMwMzA1NTVCMDAzMTMyMzAzNTMx
MzczMjMyMzQzMDJDNTQ0MTQyMzAzMDMwMzAzMDJDMkQzMDM1MzEyRTMxMkMy
QzMxMzIyRTM1MzYyQzM0MkUzMDJDMzMzNjMwMzAyQzM2MzAyQzM2MzAyQzMx
MkMzMDMwMzUzNzMwMkMzMzJFMzQzMjJDMzEyRTMyMzYyQzMyMzMzODJDMzAy
QzMwMkUzMTM3MzEyQzJCMzAzMDJFMzAwRDBBRjMxMEIzN0Q2QTdGN0YwMDY3
MDIzQTAwMDA1NzMyMzAzMTMyMzAzNTMxMzczMjMyMzQzMDMwMzBGRjREMDAw
MDgwRkI0NDAwNDAwMTQ0MDBDMDVBNDgwMDAwQkM0MjBFREJEQTNGQjI4QzA2
NDEyRkRCOTc0MEIyMEIyOTQwOTEwQzI1NDFBRDM3NTQ0MDk1RUMxRDQxOEQ1
NUZDNDBDQTZCMjg0MTA1RkUyQzQxN0Y3QTJFNDA1MTA0Qjc0MjBBRTM2MDQy
NUI4OUEyM0MwQTFDRTIxODlEODc3RjAyOEEwMjNBMDAwMDRCNTY0ODIwMzcz
MjMwMzEzMjMwMzUzMTM3MzIzMjM0MzAzMDMwMzIwMDAwMDAyOTVDOEYzRDBB
RDdBMzNCNEMwNEI3NDIwNkUzNjA0Mjg3QjhCMDQxQUJBMTYzNDIwNjUzN0M0
MUQyMzQyMjQyNjAyNDdBNDBGQTIzMTM0MkQxMDc4NDNGMzdBQTQxNDJCRkYz
ODU0MjQ3RTQ4QzQyRTYzOTAxNDNCMTg3NTg0MjJCNUMwOTQzQ0I1MjQ4NDIx
MEEzMTA0MzNGRDU1NzQyODYwMTBENDMyOUYyNjU0MkIzMUMwQjQzMEQ1MDc4
NDJGMzgxMDk0M0I0ODg3MDQyOTZBMUY1NDJGM0I5Njk0MjlEMEJFQjQyQkEw
MjY1NDI3Nzg5RDI0MkREMDk3RjQyMjE0M0M4NDJBNDc1ODE0MkUzMjdFMzQy
RkNEMjgwNDJFNzIxMEI0M0M1Qjc4RTQyRUMxNUEzNDM0NTMwOUQ0MjIwREMw
RjQxM0M3MDk2NDI3NUUxQ0Q0MjMxRTk5MzQyRkQyREQ4NDJCRTc0OTI0MkFD
REE4RDQyREZCNDkzNDI3RTZBRDc0MkE3NERBMTQyNzE5MzdCNDNDM0I5OEU0
MjIwNzU4QjQzM0Q5NzgwNDIwQzVCOTM0M0VGQ0M2MzQyNDQ4OTk0NDNBRTA1
NDM0MjJCQjQ5NTQzNjVGQjMxNDI1NzAwOTc0MzhCOUM0RjQyOTU2QTkyNDM4
MEVGNjc0MkQ4MEY5NDQzNjU2NzU3NDI1Mjc3OTg0M0NCOTM0MjQyOTNGMjk0
NDMzMUY1NDk0MjgwMjQ4QzQzMjM0Qzc2NDI4QTg1ODk0MzhCMDU5MTQyNjk3
NDk2NDM1MjE2NzM0Mjc2NTY5NjQzOTk0NTQyNDI4NzBBOTU0M0FGNzU1RTQy
NDgzQjlBNDNEMTJEODk0MkNEMjhBMDQzQzg4RTkxNDI4Qzk2OUM0MzI0RjU5
NTQyOEVBNEEzNDM1NjlFOTg0Mjk1NEFBOTQzRDE4NzhFNDI0NDlDQTc0MzA2
QUU4MzQyQkVCQjlDNDNDNUM4NzM0MjA5OUY5QjQzMUYxNjYwNDJENzcwQTM0
Mzc3Q0M2QzQyNTdBN0E3NDM0REZDODU0Mjg1OTg5RTQwNUE0Qzk5NDI5ODFG
OUE0MjcwMDQ5OTQyMDc2QjUxM0Y2MTUxQzEzRkM2QkFENjQwQUVFNTM3NDEx
MzMwM0M0MTNDNkY2RTQxQkFDNkVBNDA3QTg4RDc0MDZFNDI5NzQwMTdFNDJE
NDBFREIyNDk0MDY5NDZFMTNGRjM4M0NEM0Y4MzEyQTMzRjY2RjNCODNGNEY0
MzU3M0Y3MzA2MTYzRjVCRjg2MjNGMDA3RTIwM0ZEMzNFMEEzRkQzRkNENDNF
MjBEMzBBM0ZEN0I4QUEzRTY0RkUwQjNGMEU3NENEM0VGQTFBMkMzRjMxNDQy
MjNGOTY5RTE3M0ZGOEU3RTQzRTgzMTU5NzNFQjY4RThEM0VBMjIwMTAzRjhF
QTgyNDNGODFEQThBM0U5RUQ4MUYzRTk4RTI3NDNFRTExQkIyM0VGOTVFQkUz
RUEzNUY4OTNFMURDQzVGM0VCNUNGNkQzRQ==

--SBD.Boundary.605592468
PROCESS /noc/users/iridburst/exec/irid_300224010734970_upd.pl
Last Run  ----1970-01-01 00:00:00 
MONTH  5 
DATA  xxrecord 2012-05-17 23:00:05 :: $W5M5A,120517,230005,660d0028449ce246,1,DAS 2,4901.5617N,1621.6311W,17.5,306,22.3,14.2,10.3,77.2,6.5,10.3,77.3,6.5,1009.6,2.64,4.75,10.5,91,56*6C
 
INSERT
STATION sbdservice
IRID_ID 300224010734970
BODY 
Content-Type: application/x-zip-compressed; name="SBMmessage.sbd"
Content-Disposition: attachment; filename="300224010734970_003371.sbd"
Content-Transfer-Encoding: base64

JFc1TTVBLDEyMDUxOCwwMDAwMDUsNjYwZDAwMjg0NDljZTI0NiwxLERBUyAy
LDQ5MDEuNTU2NE4sMTYyMS41OTE3VywxMS44LDMxMiwxNy4xLDE0LjIsOS44
LDY4LjQsNC4zLDkuOCw2OS4xLDQuNCwxMDA5LjIsMi42Miw0LjU4LDEwLjUs
NTksNTcqNkENCg0KJFc1TTVBLDEyMDUxOCwwMDAwMDUsNjYwZDAwMjg0NDlj
ZTI0NiwyLERBUyAyLDEzLjAsMTMuMSwwLjIsMC40LDAuMDEsMTA3MiwxMDc5
LDE1Niw2MjksMCwyNC42LDE0LjY2LDkyNio1Mg0KDQokVzVNNUEsMTIwNTE4
LDAwMDAwNSw2NjBkMDAyODQ0OWNlMjQ2LDMsN0YwMDc1MDIzQTAwMDA1MzMy
MzAzMTMyMzAzNTMxMzczMjMzMzQzMDMwMzA1NTVCMDAzMTMyMzAzNTMxMzcz
MjMzMzQzMDJDNTQ0MTQyMzAzMDMwMzAzMDJDMkQzMDM1MzEyRTMxMkMyQzMx
MzIyRTM1MzQyQzM0MkUzMDJDMzMzNjMwMzAyQzM2MzAyQzM2MzAyQzMxMkMz
MDMwMzUzNzMwMkMzMzJFMzQzMjJDMzEyRTMyMzYyQzMyMzMzOTJDMzAyQzMw
MkUzMTM3MzEyQzJCMzAzMDJFMzAwRDBBRjMxMEVENzI4MzM4N0YwMDY3MDIz
QTAwMDA1NzMyMzAzMTMyMzAzNTMxMzczMjMzMzQzMDMwMzBGRjREMDAwMDgw
RkI0NDAwNDAwMTQ0MDA4NDY0NDgwMDAwQzY0MjM0MUFENTNGODFGREZGNDAz
NTlFOTI0MDdGQzUyNzQwRUYzQzFFNDFCM0Y1NTg0MDc4RjMxRDQxQzNEOTAx
NDFDQTZCMjg0MUYyODEyODQxRTQzMzMwNDA5QUUxNkQ0MkFGRjU2MzQyNzJG
REEzM0M2QTIwMUFFMTkxQjQ3RjAyNzIwMjNBMDAwMDRCNTY0ODIwMzczMjMw
MzEzMjMwMzUzMTM3MzIzMzM0MzAzMDMwMzAwMDAwMDAyOTVDOEYzRDBBRDdB
MzNCOTRFMTZENDJBNEY1NjM0MjRFOTdDMjQxMzREQTUzNDI1NTUxOTc0MTcz
MDAyMTQyNkEwOEZFNDA2NTYwMTA0MkQ2NEVCQjQwNjM0ODI5NDIzRUQyOTk0
MUI3OTY1MDQyNzhDRjU1NDJGNTczNkE0MkQ1MjZDNzQyQTJENzc3NDI5MkI0
MDE0MzcyRTc2NTQyQjE3MzAwNDM1NDExNzQ0MjRGREJGRjQyMDIxNTgwNDJE
ODk5RjY0Mjc0QTA2NjQyQjQ2MUNENDI5NUFCODY0MkE2MjY4MTQyMjhFNjkx
NDI2MDA2Q0Q0MkFFMzE3QTQyRTYzMkE5NDIwMDhCNkQ0MjY2MEE4MzQyNTA1
MjY4NDJGODY4Qjk0MjRDREU3MzQyRjFFNEZDNDJGREYzN0E0MjA4RTQxMjQz
QTM0NjhGNDIyNzU0ODI0MzdDNzk5RjQyMUEzMzVCNDJCOThGOTg0Mjc4QTM3
NDQyRUE1NTkwNDIwOEMxODg0MjM2ODk5NjQyQzMwOTQ5NDFDNjU5OEM0MkM5
MDhBRDQzMDBGMDczNDJGQzQ5OUQ0M0VEMDY3MDQyNTA2RDk4NDMyMTI1NzM0
MkE5NTQ5NDQzQTEwRTcyNDJGQkM5OEY0M0REOTM4NTQyOTJFODlCNDNFMTZC
OEY0MkUwQUFBNTQzRjQwQjkyNDIzNTdDOEY0Mzc4QTY5NzQyMzhGOTg3NDM3
OERBODk0MkVDRDg5NjQzNUY4MzdFNDI3ODBGOUM0MzlEQUE3NzQyMjY0MDk5
NDM3NTI5NkU0MkI5ODA5OTQzQjkzMTZBNDJDQTAzOTk0M0M2RUE3RTQyOUI2
QkEzNDM4RjhDOEM0MjMzQTlBNzQzNzMxQjkyNDIzRjExOTQ0Mzg0NTQ5MTQy
RjNFRTkyNDMwNzhBOEI0MjA4OTY5QTQzNjdBMjg2NDJGQTMwOTg0MzM0MTY4
MTQyN0U0MTkzNDMyRjg4NzE0MkI5MDU4QjQzMjg4QjYzNDJEMENCODA0MzQ2
NDU2RjQyRDY1MjgzNDMxMkJCODU0MjBCMkNCQjNGRkI3MjBENDA1OEUwOEM0
MDg5QkEwMjQxNzQyQjMxNDE1Q0FEOTQ0MTUzMkMzNjQxQ0IwMkI3NDBGMEE1
OUU0MDY1RERFMjNGQUNGRDgwNDBFQTUyMjA0MDdFNDkwMjQwMzJGRUE3M0Y0
OEE1QjkzRkIyNDY1NTNGODc5NzQwM0Y4MEE2MzYzRjVFMzJEOTNFNkU4MDhF
M0U3NjBDMEEzRkQ1MkMzNDNGMzE0MjBFM0YyNDUxMEMzRjU1NjkxNDNGREQ2
NDFGM0ZGNTQ3MUEzRkRDRTNCOTNFNDA0NzdFM0UzMkJGMTAzRkJDOTVEOTNF
RTk0REUzM0Q5NzYxNUUzRUI1NEQzMjNFRTQ3M0I5M0RGNUIxOUEzRDE3MDQy
OTNFMjBGODcyM0VENDJFM0MzRUIyNDE0RTNFMkU2M0EzM0U3OUNDOTMzRTEx
OEU5NTNFMDBDOTc1M0VENjAxMUQzRUU2Rg==

--SBD.Boundary.605592468
PROCESS /noc/users/iridburst/exec/irid_300224010734970_upd.pl
Last Run  ----1970-01-01 00:00:00 
MONTH  5 
DATA  xxrecord 2012-05-18 00:00:05 :: $W5M5A,120518,000005,660d0028449ce246,1,DAS 2,4901.5564N,1621.5917W,11.8,312,17.1,14.2,9.8,68.4,4.3,9.8,69.1,4.4,1009.2,2.62,4.58,10.5,59,57*6A
 
INSERT
STATION sbdservice
IRID_ID 300224010734970
BODY 
Content-Type: application/x-zip-compressed; name="SBMmessage.sbd"
Content-Disposition: attachment; filename="300224010734970_003372.sbd"
Content-Transfer-Encoding: base64

JFc1TTVBLDEyMDUxOCwwMTAwMDUsNjYwZDAwMjg0NDljZTI0NiwxLERBUyAy
LDQ5MDEuNTg5NU4sMTYyMS42MjY4VywxMC4zLDMwNiwxNC4yLDE0LjEsOS45
LDcxLjksNS4xLDEwLjAsNzIuMCw1LjIsMTAwOC44LDIuMjUsMy4yNywxMC41
LDEwMSw2Myo2Mw0KDQokVzVNNUEsMTIwNTE4LDAxMDAwNSw2NjBkMDAyODQ0
OWNlMjQ2LDIsREFTIDIsMTMuMCwxMy4xLDAuMiwwLjUsMC4wMSwxMDczLDEw
ODAsMTU2LDYyOCwwLDM1My4xLDE0LjI3LDkyNyo2NA0KDQokVzVNNUEsMTIw
NTE4LDAxMDAwNSw2NjBkMDAyODQ0OWNlMjQ2LDMsN0YwMDc1MDIzQTAwMDA1
MzMyMzAzMTMyMzAzNTMxMzgzMDMwMzQzMDMwMzA1NTVCMDAzMTMyMzAzNTMx
MzgzMDMwMzQzMDJDNTQ0MTQyMzAzMDMwMzAzMDJDMkQzMDM1MzEyRTMxMkMy
QzMxMzIyRTM1MzIyQzM0MkUzMDJDMzMzNjMwMzAyQzM2MzAyQzM2MzAyQzMx
MkMzMDMwMzUzNzMwMkMzMzJFMzQzMjJDMzEyRTMyMzYyQzMyMzQzMDJDMzAy
QzMwMkUzMTM3MzIyQzJCMzAzMDJFMzAwRDBBRTYxMDkwREJDODNFN0YwMDY3
MDIzQTAwMDA1NzMyMzAzMTMyMzAzNTMxMzgzMDMwMzQzMDMwMzBGRjREMDAw
MDgwRkI0NDAwODAwMTQ0MDAwMDdBNDUwMDAwQzI0MkMyRTlDODNGRjJEMzAz
NDE5MDg2NTE0MEIwREYwRjQwMUZFMDE0NDFDNURDMkU0MEQ1NDYxNzQxNjJF
Q0Y3NDBDQTZCMjg0MTg2Q0MyMDQxQUZBNjFBNDBFRUQ1Qzk0MjM0Nzk3QzQy
MEE2OTdGM0M5NTFGNjg1MEI2RTc3RjAyNjYwMjNBMDAwMDRCNTY0ODIwMzcz
MjMwMzEzMjMwMzUzMTM4MzAzMDM0MzAzMDMwMkYwMDAwMDA5OTk5OTkzRDBB
RDdBMzNCRUJENUM5NDIyRDc5N0M0MjRFODY5OTQxNDBDNjQxNDIzQTQ1MDY0
MTcyQzAzOTQyM0Q3NUE3NDExMUQ2NjM0MjE4MTI5RDQyMDM5OTgyNDIwNUQw
RDU0MkVCOTc3NzQyN0FBQkU3NDI5NkUwNzE0MjBEMUVGRDQyMzlFQzcyNDJC
MjNEMDM0MzUyQzk4NTQyNDk0MkRENDI0QUVGOTA0MkJGNURCQzQyMkExQTkx
NDI4REY0QjA0Mjg4OTA4QjQyRDhFQ0IzNDI3MEFDN0I0MjczODZCNTQyRUQ4
MzczNDI4RTQ2QzY0MjU1QjI3OTQyNEU3REQ3NDI0Qzg1NkU0MjE4OUNEQTQy
NUE0OTZENDI2QkMwRDg0MkVEOEE1RjQyREYyNUJENDJDQ0FFNzk0MjdEMkI5
ODQyNDg5ODdGNDJDMzA2QzY0MjMxQzQ3RjQyQTg2QTFCNDM0RTAzOTE0MkE5
QjQzNzQzNzY3QjlCNDJCQ0U5MTc0MTFCNDM5NjQyQUI3OTZENDE2QkVFODk0
MjMzMzFBRDQxQzNBNjkxNDJDRjQ3ODg0MzcxMzk5NTQyMUQ1MzhBNDM5NTk2
ODQ0MkRDMDE5NjQzMENFOTZCNDIxNUZFOUQ0M0Q4QUU2RTQyNDYwQUExNDNG
ODJDNkU0MjVBOUM5RjQzM0U1NjQ1NDI4RTMzOUU0Mzc5NzU0QzQyQkNDRjk1
NDM4MzhGNkQ0MkRGRDk5NTQzMzRFNjY3NDI1RkEyOUU0MzFBM0M2NjQyOUFE
NEEwNDM5MkEzNzE0MkE3ODI5OTQzNDQ1MDY2NDI5MkVCOUM0MzIyNjk2ODQy
MTVEN0EzNDMzQjEwN0I0MkUyN0I5RTQzMUZGMjc2NDJEMzgyOTk0M0ZBMDk2
NTQyRENBOTk1NDNFNDYyNzU0MjYyRkY5MTQzQTQ3NTg1NDJEQTAzOTQ0M0Uw
QkQ4QTQyODkwNjlBNDM2NThCOEU0MjM0OTE4QTQzNzdBQzhFNDI4NTgzODQ0
M0FCMkI4NzQyMzEwMDBCM0ZEQzgyOTQzRjBDODEzMjQwM0RERkFENDBBQzI1
Mjg0MTNENzkxQjQxMDBCMzFDNDE0MzBFOUE0MDUyNTg3NzQwNTY1NThCNDAy
MzBFRTYzRkQ1QjY1NDQwMjZFQ0VBM0YzNjdERkEzRTExNTJFNjNFNDZDMzFC
M0Y0NjhEOUUzRjIyQkY3RjNGNjVEMDM3M0Y4QzIxMjIzRjI3M0JBRjNFMzRE
NDcxM0UyNzdGQ0YzRUU2QkVBNjNFMzNCNTlCM0UzMDQyN0YzRUFCM0I5NjNF
RTJCRkE4M0U1RjUyRkMzRTIwODY1RTNFNzkyQkEzM0U1QzM1OTAzRUUwRTM0
OTNFQUFFMDQ2M0UyQTA0NDQzRTg1MUVFMzNEQzU4NTIwM0VFQjMwQTUzRTA1
ODU2RTNFRUY1NjU0M0U2MDJDM0IzRTY4MTYyMTNFQkI5RkY4M0RDNkI2MEMz
RTZFNTdGNTNERDUzMkMxM0Q4Mzg3RTEzRA==

--SBD.Boundary.605592468
PROCESS /noc/users/iridburst/exec/irid_300224010734970_upd.pl
Last Run  ----1970-01-01 00:00:00 
MONTH  5 
DATA  xxrecord 2012-05-18 01:00:05 :: $W5M5A,120518,010005,660d0028449ce246,1,DAS 2,4901.5895N,1621.6268W,10.3,306,14.2,14.1,9.9,71.9,5.1,10.0,72.0,5.2,1008.8,2.25,3.27,10.5,101,63*63
 
INSERT
STATION sbdservice
IRID_ID 300224010734970
BODY 
Content-Type: application/x-zip-compressed; name="SBMmessage.sbd"
Content-Disposition: attachment; filename="300224010734970_003373.sbd"
Content-Transfer-Encoding: base64

JFc1TTVBLDEyMDUxOCwwMjAwMDUsNjYwZDAwMjg0NDljZTI0NiwxLERBUyAy
LDQ5MDEuNjM3Mk4sMTYyMS43MTQ1VywxLjksMzQsNC4xLDE0LjEsOS4wLDc1
LjgsNS4wLDkuMCw3Ni42LDUuMiwxMDA4LjEsMi4zNSwzLjg3LDExLjEsNTcs
NTUqNTENCg0KJFc1TTVBLDEyMDUxOCwwMjAwMDUsNjYwZDAwMjg0NDljZTI0
NiwyLERBUyAyLDEzLjAsMTMuMSwwLjIsMC40LDAuMDEsMTA3NCwxMDgxLDE1
Niw2MjksMCwzNTYuMiwxNC4yNyw5MjQqNjQNCg0KJFc1TTVBLDEyMDUxOCww
MjAwMDUsNjYwZDAwMjg0NDljZTI0NiwzLDdGMDA3NTAyM0EwMDAwNTMzMjMw
MzEzMjMwMzUzMTM4MzAzMTM0MzAzMDMwNTU1QjAwMzEzMjMwMzUzMTM4MzAz
MTM0MzAyQzU0NDE0MjMwMzAzMDMwMzAyQzJEMzAzNTMxMkUzMTJDMkMzMTMy
MkUzNTMwMkMzNDJFMzAyQzMzMzYzMDMwMkMzNjMwMkMzNjMwMkMzMTJDMzAz
MDM1MzczMDJDMzMyRTM0MzIyQzMxMkUzMjM2MkMzMjM0MzEyQzMwMkMzMDJF
MzEzNzMyMkMyQjMwMzAyRTMwMEQwQUU2MTBDRUQ0MjE3OTdGMDA2NzAyM0Ew
MDAwNTczMjMwMzEzMjMwMzUzMTM4MzAzMTM0MzAzMDMwRkY0RDAwMDA4MEZC
NDQwMDgwMDE0NDAwQzA1QTQ2MDAwMENBNDIwNEJGQkYzRjZEQzNGQzQwNjlB
MTc3NDAwODJFMTY0MEREODQxRjQxOEQwNTNCNDBGQTdGMjI0MUI3OERGQzQw
MURDNzMxNDFCMUMwMkI0MTU3RUMxRTQwRUQzQjYzNDJCMzM5NUM0MjZERDY4
NDNDMEUxRUE4MEUzQjJDN0YwMjdFMDIzQTAwMDA0QjU2NDgyMDM3MzIzMDMx
MzIzMDM1MzEzODMwMzEzNDMwMzAzMDMxMDAwMDAwQjgxRTg1M0QwQUQ3QTMz
QkVDM0I2MzQyQUYzOTVDNDJFQ0FEMjA0MUU2NEVFNTQxQkMyNTI2NDE4MkYx
RTY0MTAyNUQwNzQxODQ1QkZCNDE3RTYwRkQ0MEQwNEMwRDQyMjg5Rjg5NDFB
RUZCMTQ0MjVBNjhFMjQxMUVDQTNDNDJBMzg5OTE0MjcwRjg3QTQyMTM3MkUz
NDI2RUVENzA0MjRFNzZGMjQyQzRCQTg0NDI4RDA5RDM0MkRERjY3MjQyQjAz
MEJENDI3OTdFNjg0MkZDQTk5NjQyOTZFNjg1NDJGNTE5QTM0MjQ0Njk4QTQy
ODBCMUM0NDJEN0RBNzQ0MkU5MkNEODQyRDNFNTg2NDI1OUFGQ0I0MjkxREY5
NDQyMkVGOTlDNDJFN0RCODQ0MkExQTI5MjQyNzJGQzZDNDIyRkNBN0I0MkU2
NzU4NDQyNjA5ODQzNDJBRDJCOEU0MjUzQ0E2RTQyMjQ5RThBNDIxNUI4MzQ0
MkRFNjY4RDQyMjQwQUFBNDNBOTg0ODg0MjMwQUI5RTQzNDVGMzY4NDIzM0I4
QTI0M0JDQjA3NjQyQjQ1MkFFNDM1RjhEODE0MjcwMjFBQjQzOUIzRTgzNDJC
MEU1OUM0MzBGOTA3QjQyQkU4Nzk2NDMwOTY3NjU0MjE0MDI5MDQzMDgzMTU2
NDI1MTAzOTc0MzZERkI3MDQyRkU2N0E0NDMwRTIxODg0MkE4OTI5QTQzMjMw
MjhDNDI2QTQyOTQ0MzlBNDQ2NjQyREQ3Nzk2NDMxMEM4NUQ0MjhBNTk5NTQz
NzQzNDdENDJFNjNBOEQ0M0VCMzY3QjQyRDUxMzg3NDMzRTBBNzk0MkNBMTc4
QTQzRTQxNzhFNDI3REFCQUI0Mzk5MkI5NTQyNjVCNjFENDE1MTBBOEY0MjAy
MkVBRjQzNzhGMzhENDJCNTYzOTY0M0UwM0U4OTQyMzhGMzgyNDM3NTBEOTU0
MjE5RDU2MDQzREUzQzlDNDI5MzU3OTM0MzExRDk5ODQyOERGQjg2NDNFRUMz
OUI0MkM1RUQ0NDQzRDU4MDk4NDIzMTU1ODE0MzVBMDY5NjQyMTlBMzFGM0ZB
OEMwQjUzRkQ3NjIxODQwRjUyQzhFNDAwMjkyMDM0MUVBODAxNDQxQjczMTlD
NDA4OERBQzA0MDlCRTI1QjQwNDk5NUExNDA5NTE4RTU0MDU4Qzk1RDQwN0Mz
QjFBNDA4MzgzQTczRjQwQzVDODNGNzlFMjlEM0YxRTM2QTYzRjNBRjg2MzNG
MEZGNkVFM0VBNzRGNTczRkIzNjE2RjNGOTc3MUZCM0UxODk3MjUzRjQ4MTc4
MzNGMkYxQzZBM0Y0QTExNTQzRjRFQ0JDOTNFMzhEQzEzM0ZGNzQ5RkEzRUNF
Nzg3OTNFMkUxQ0E4M0U3RkE4ODczRTdGNEMyODNFNUQ2RTdEM0UwMzY3NUQz
RTBGRTg4QzNFMDdBNTI5M0VFQjBCM0UzRTQ0REQyQTNFRUY0MDlDM0Q1RUE0
MDkzRTA1NzE2RDNEMUQ4NjhEM0RFNDhDRg==

--SBD.Boundary.605592468
PROCESS /noc/users/iridburst/exec/irid_300224010734970_upd.pl
Last Run  ----1970-01-01 00:00:00 
MONTH  5 
DATA  xxrecord 2012-05-18 02:00:05 :: $W5M5A,120518,020005,660d0028449ce246,1,DAS 2,4901.6372N,1621.7145W,1.9,34,4.1,14.1,9.0,75.8,5.0,9.0,76.6,5.2,1008.1,2.35,3.87,11.1,57,55*51
 
INSERT
STATION sbdservice
IRID_ID 300224010734970
BODY 
Content-Type: application/x-zip-compressed; name="SBMmessage.sbd"
Content-Disposition: attachment; filename="300224010734970_003374.sbd"
Content-Transfer-Encoding: base64

JFc1TTVBLDEyMDUxOCwwMzAwMDUsNjYwZDAwMjg0NDljZTI0NiwxLERBUyAy
LDQ5MDEuNjc2NU4sMTYyMS44MTAwVyw5LjksMzQ2LDE0LjAsMTQuMSwxMC42
LDcxLjMsNS42LDEwLjYsNzEuNSw1LjcsMTAwNy44LDIuNCwzLjM0LDEwLjUs
NTMsNjEqNjANCg0KJFc1TTVBLDEyMDUxOCwwMzAwMDUsNjYwZDAwMjg0NDlj
ZTI0NiwyLERBUyAyLDEyLjksMTMuMSwwLjIsMC41LDAuMDEsMTA3NSwxMDgy
LDE1Niw2MjgsMCwzMzcuMCwxNC4yNyw5MjcqNjkNCg0KJFc1TTVBLDEyMDUx
OCwwMzAwMDUsNjYwZDAwMjg0NDljZTI0NiwzLDdGMDA3NTAyM0EwMDAwNTMz
MjMwMzEzMjMwMzUzMTM4MzAzMjM0MzAzMDMwNTU1QjAwMzEzMjMwMzUzMTM4
MzAzMjM0MzAyQzU0NDE0MjMwMzAzMDMwMzAyQzJEMzAzNTMxMkUzMTJDMkMz
MTMyMkUzNDM5MkMzNDJFMzAyQzMzMzYzMDMwMkMzNjMwMkMzNjMwMkMzMTJD
MzAzMDM1MzczMDJDMzMyRTM0MzIyQzMxMkUzMjM2MkMzMjM0MzIyQzMwMkMz
MDJFMzEzNzMyMkMyQjMwMzAyRTMwMEQwQUYwMTA5NEI1OTg5RTdGMDA2NzAy
M0EwMDAwNTczMjMwMzEzMjMwMzUzMTM4MzAzMjM0MzAzMDMwRkY0RDAwMDA4
MEZCNDQwMDgwMDE0NDAwODBCQjQ2MDAwMEMyNDJEQzQyQzMzRjVCRDYwNDQx
QzY5QzU1NDA0QkREMTk0MDMwQzQxQTQxNTE3RjM3NDAzN0NEMjE0MUNCMzgw
MTQxQ0E2QjI4NDEwRkQ0MjU0MTM5RUIxQzQwMDYwNDU0NDJFNzFENzQ0Mjg2
NDI4NTNDRUUxQUYwMTlERDI3N0YwMjVBMDIzQTAwMDA0QjU2NDgyMDM3MzIz
MDMxMzIzMDM1MzEzODMwMzIzNDMwMzAzMDJFMDAwMDAwQjgxRTg1M0QwQUQ3
QTMzQjAzMDQ1NDQyRTgxRDc0NDIwNjMyRkQ0MTFGMTU2MzQyMEI4NEMyNDEw
MzMzNDU0MjhENDI5QjQxQTQ5QjA5NDI0RTIwNDQ0MThBM0NGQzQxRjQ0OUIy
NDM3RUE0MkU0MjZGQkY1MDQxMjU0QjZCNDJBODMwNjE0MjAyN0M4MTQyNUYx
QkFCNDI3MDkzODI0MjA5NENDQTQyMjFGODdBNDI5QTBGRTQ0MjdEOUI2MzQy
NTg3NkZDNDI4N0FGNzk0MjY2RTIwQTQzMTVGQzlENDIzRTc3MTA0MEZFRTg5
MTQyNkQxNDM1NDEyNDAzODU0MjRDRDlFMTQwNDM5RDg5NDI0QzY2NDk0MkM0
MTA5ODQyQjNDQUQ0NDI2QjU5ODc0MkFDOUJFNjQyNUIyNzg4NDI0NzVDMEY0
MzgyOUU5OTQyMTM5OTlFNDIwRjg4OUY0MkQ2QTQyQjQyMTQ0ODk4NDJFREE0
QTY0MzIwRDE5NDQyMUI2RTk3NDNEOUQ1OEM0Mjk5QUI5NDQzQ0MyNTkzNDIy
QjFDOTM0M0IxOTA5ODQyRDkyODhCNDMwREI3OTM0MkVEOEE5MTQzMERBRjgz
NDJFQThCOTc0M0JEODI2OTQyMDg2RTk5NDM1MTE4NkE0MkYwREE5OTQzMEIx
QTc0NDI0Q0JGOUQ0MzFGMkU3ODQyNkQ2NEE0NDNCNkI3ODI0MkUyNTNBMzQz
RjE1RDg0NDI3MUY3OUM0MzQ5Q0Y3NDQyQjhBMTlENDNEM0Q3NzA0MjEwMEJB
MDQzNDBGRDcwNDIwRTE4QTU0M0I4Q0M1RTQyN0NDMkE3NDNEODcwNjI0MjYx
RThBNTQzQzQ0RjgyNDIyNEVGOTk0Mzk5Q0Y4MzQyOTJEOTlGNDMyQ0I0N0M0
MjcxMUJBMzQzRjBFRjgzNDJFOEY5OTY0M0FEREM4QzQyOURBRjk0NDNFNTk1
ODc0MjU3OUI5NjQzRUUzOThDNDIwMzIwOTQ0M0NCM0U5RDQyNkRGQjE5M0Y1
QzFFNDYzRkJFOTZEMzNGRUIzMjMxNDA1RTg4OTY0MEE1NjExMTQxQUZBODMz
NDFEODgyMEM0MUE0NUMwQzQxRDhENEFGNDA4RkU2RkEzRjE5RURDMTNGMTQ1
NDA1NDBENEI4QjgzRjRCQUU4ODNGQjE3MUI0M0ZGRDU5OTgzRkM2OUM3NTNG
NzczNTNEM0Y0MjkxMjMzRjdDMjcwQzNGRTc3MTkwM0VFNUY4QkYzRUZFMkJF
MDNFRUNDMkFEM0UxRDNCODIzRUU0QTM4RDNFNDVEQUY0M0VFNURDRkEzRTg4
NjlEQjNFOUM3NEI0M0U3MUFFODAzRTBFNzBDMjNFMEU3Q0QzM0U5Njg1NDEz
RTk5MEE0QjNFNjE3RTdBM0U5OThENjEzRTAwOTYxRjNFMzNEREE3M0RDMUQx
MTQzRUVBNUEzQzNFNEQ2OTA0M0U1NUQ5MTgzRTM0QTgwQjNFMENFMTAxM0Uz
QUQ4REE4NSo2Ng0KDQo=

--SBD.Boundary.605592468
PROCESS /noc/users/iridburst/exec/irid_300224010734970_upd.pl
Last Run  ----1970-01-01 00:00:00 
MONTH  5 
DATA  xxrecord 2012-05-18 03:00:05 :: $W5M5A,120518,030005,660d0028449ce246,1,DAS 2,4901.6765N,1621.8100W,9.9,346,14.0,14.1,10.6,71.3,5.6,10.6,71.5,5.7,1007.8,2.4,3.34,10.5,53,61*60
 
INSERT
STATION sbdservice
IRID_ID 300224010734970
BODY 
Content-Type: application/x-zip-compressed; name="SBMmessage.sbd"
Content-Disposition: attachment; filename="300224010734970_003375.sbd"
Content-Transfer-Encoding: base64

JFc1TTVBLDEyMDUxOCwwNDAwMDUsNjYwZDAwMjg0NDljZTI0NiwxLERBUyAy
LDQ5MDEuNzA5OU4sMTYyMS45MTYwVyw1LjQsMzU5LDguMCwxNC4xLDkuNiw3
Ny4zLDUuOCw5LjYsNzcuNCw1LjksMTAwNy42LDIuNTUsMy45MiwxMCw0Nyw1
NSo3OQ0KDQokVzVNNUEsMTIwNTE4LDA0MDAwNSw2NjBkMDAyODQ0OWNlMjQ2
LDIsREFTIDIsMTIuOSwxMy4xLDAuMiwwLjUsMC4wMSwxMDc2LDEwODMsMTU2
LDYyOSwwLDMzOS41LDEzLjg4LDkyMyo2MA0KDQokVzVNNUEsMTIwNTE4LDA0
MDAwNSw2NjBkMDAyODQ0OWNlMjQ2LDMsN0YwMDc1MDIzQTAwMDA1MzMyMzAz
MTMyMzAzNTMxMzgzMDMzMzQzMDMwMzA1NTVCMDAzMTMyMzAzNTMxMzgzMDMz
MzQzMDJDNTQ0MTQyMzAzMDMwMzAzMDJDMkQzMDM1MzEyRTMxMkMyQzMxMzIy
RTM0MzcyQzM0MkUzMDJDMzMzNjMwMzAyQzM2MzAyQzM2MzAyQzMxMkMzMDMw
MzUzNzMwMkMzMzJFMzQzMjJDMzEyRTMyMzYyQzMyMzQzMzJDMzAyQzMwMkUz
MTM3MzIyQzJCMzAzMDJFMzAwRDBBRjAxMDUwNDZBMDNEN0YwMDY3MDIzQTAw
MDA1NzMyMzAzMTMyMzAzNTMxMzgzMDMzMzQzMDMwMzBGRjREMDAwMDgwRkI0
NDAwODAwMTQ0MDBEMDA0NDcwMDAwQzg0MjA4MjZDQzNGM0JEOEZGNDAxN0E5
N0E0MDNDMUMyMzQwMzJFNjE1NDFCRTUxNDM0MDg2MEYxQTQxMkI4MUZDNDAw
MTAwMjA0MTVGNTMyMTQxNDMwNjI3NDAwRDI3M0E0MkRFRDA1QzQyQjEyQzkz
M0M1QjE4NjFFNEJENEE3RjAyNzIwMjNBMDAwMDRCNTY0ODIwMzczMjMwMzEz
MjMwMzUzMTM4MzAzMzM0MzAzMDMwMzAwMDAwMDBCODFFODUzRDBBRDdBMzNC
MDkyNzNBNDJFNEQwNUM0MjVBMDVBNTQxNDBDQjE0NDJENTdGOTA0MTA3QjAw
MzQyM0Y4NDYyNDExQzk5RTM0MTc5QUMxRjQxNzUxM0M4NDFBNDIyMUY0MEYz
OUZERDQxMzBCMUIzNDM4OEY2NEI0MjU0QzI0QTQyNzc0NDg4NDI1MDgzQ0Q0
MkQwRUM2MDQyQTBFN0RENDIzNTlGNDU0MjYyQ0RERTQyQTI4NzY5NDIxNTVD
Qzk0MjAwQkU4NDQyMkE1MzFGNDJCNzc0OEY0MkNFM0ZBMDQxRTkwNzg4NDI4
QkRFQzg0MUI3RDc4NjQyOUExRjE3NDJGQjM4OEQ0MjU4MTU1MDQyRTY0NDhB
NDIxRTVDNjE0MjE3REI4NjQyMDU4MTdDNDE4MjlEOTE0Mjc0MDBBNzQzMjQ5
QThGNDIyOTA2NTQ0MkIwN0Q5NDQyQTMyOEIzNDI3OTMyODA0MjVEQzc4NzQy
NzZGNzkxNDI2MkMxOTk0MzU4MjA4NTQyMDczMDk4NDNENTRENzk0MjBBNUQ5
NDQzNUQ4MzcxNDI2QTBBOTA0M0UwMjE0NTQyOEZBRjkyNDNGMzhCNEM0MjY0
NThBNzQzOUU0Qjc4NDIyNTQ1QUY0M0RBRkY3NjQyMDAxOUFDNDNGQjZDOEQ0
MjQ0QTVBNjQzOTYzODhGNDJFRTY4QTc0M0MyQzk4NTQyOTNENkEzNDMzNDBC
ODY0MkVERUI5QTQzMjVDNTZCNDJDNzlEOTg0M0Q1QTY2MDQyRkNGQUFDNDMy
QzJEODA0Mjc0RDY4MTQxRDQyRTZCNDJEMEExQTE0MzYxN0E4MTQyMDIxMzhC
NDNGQkZCNzM0MjFDRTY4NjQzNDlBMjg2NDIwQjY5OTM0MzRGMjM4NjQyM0E3
OTlFNDM2NzA4ODc0MjUxMkVBRDQzODUyQzhCNDI5MjY2NUE0MUJGRTg4OTQy
NjQ1RDU1NDE2QTNEOEI0MjRCN0VFQjNGQzQyNjhCNDJGMzNGNzg0MURGNkY4
QzQyODc4MjM4NDFDNEM3OUI0MjAxMTgzNjNGNTY1MUZCM0Y5QjVEMzA0MDQ5
MDFBRjQwMzQ4MkEzNDBDMUM2QzI0MDM4MDExMTQxODMyMzJCNDExRkNCMEY0
MUY5NjM2MzQwMUE5QzNBNDBEMDMwRjkzRjA5N0YwMTQwQ0NCRjMzNDBENDE0
MUQ0MEFGMkEwOTQwNzU3M0VDM0Y0RTdBRDUzRjAyQjY5ODNGMjYyN0I4M0Y1
NkQyOTEzRjFFNTI1MjNGQUY0MzFDM0ZDNUUyNDAzRjA0MTNFQjNFN0E2RTA0
M0Y5QUUzRDYzRUNFOUNBMTNFMEIwQ0M2M0VGOUU3RDAzRTkyNUVDRTNFRkI5
Q0E3M0U4NkE2MTkzRTRDQzUzNTNFQ0Y5OUI5M0UzRTJGODQzRTRDNTY0RDNF
NUY3MTI5M0U0QThCMTUzRTlCRDkxMDNFNjVGMzAzM0UwOEM5MEEzRThDNEM1
MTNFNjJDQjQzM0U5MkM3RkUzRDYyMjZCMg==

--SBD.Boundary.605592468
PROCESS /noc/users/iridburst/exec/irid_300224010734970_upd.pl
Last Run  ----1970-01-01 00:00:00 
MONTH  5 
DATA  xxrecord 2012-05-18 04:00:05 :: $W5M5A,120518,040005,660d0028449ce246,1,DAS 2,4901.7099N,1621.9160W,5.4,359,8.0,14.1,9.6,77.3,5.8,9.6,77.4,5.9,1007.6,2.55,3.92,10,47,55*79
 
INSERT
STATION sbdservice
IRID_ID 300224010734970
BODY 
Content-Type: application/x-zip-compressed; name="SBMmessage.sbd"
Content-Disposition: attachment; filename="300224010734970_003376.sbd"
Content-Transfer-Encoding: base64

JFc1TTVBLDEyMDUxOCwwNTAwMDUsNjYwZDAwMjg0NDljZTI0NiwxLERBUyAy
LDQ5MDEuNzMxOE4sMTYyMS45OTM4Vyw4LjAsOSwxMC4zLDE0LjEsOS41LDc3
LjksNS45LDkuNiw3Ny40LDUuOSwxMDA3LjYsMi4zOSwzLjQ3LDEwLjUsMzgs
NjIqNUYNCg0KJFc1TTVBLDEyMDUxOCwwNTAwMDUsNjYwZDAwMjg0NDljZTI0
NiwyLERBUyAyLDEyLjksMTMuMSwwLjIsMC41LDAuMDEsMTA3NywxMDg0LDE1
Niw2MjksMCwzMzEuNiwxMy44OCw5MjIqNkQNCg0KJFc1TTVBLDEyMDUxOCww
NTAwMDUsNjYwZDAwMjg0NDljZTI0NiwzLDdGMDA3NTAyM0EwMDAwNTMzMjMw
MzEzMjMwMzUzMTM4MzAzNDM0MzAzMDMwNTU1QjAwMzEzMjMwMzUzMTM4MzAz
NDM0MzAyQzU0NDE0MjMwMzAzMDMwMzAyQzJEMzAzNTMxMkUzMTJDMkMzMTMy
MkUzNDM2MkMzNDJFMzAyQzMzMzYzMDMwMkMzNjMwMkMzNjMwMkMzMTJDMzAz
MDM1MzczMDJDMzMyRTM0MzIyQzMxMkUzMjM2MkMzMjM0MzQyQzMwMkMzMDJF
MzEzNzMzMkMyQjMwMzAyRTMwMEQwQUYyMTA1RUUzNjA3NjdGMDA2NzAyM0Ew
MDAwNTczMjMwMzEzMjMwMzUzMTM4MzAzNDM0MzAzMDMwRkY0RDAwMDA4MEZC
NDQwMDgwMDE0NDAwRTAyQjQ3MDAwMENFNDI1OTZCQzUzRkJGMTNGNzQwMjgz
NzVFNDAwOTE2MTk0MEU5M0YxNjQxMjcwRjNGNDAzNUIwMTM0MTlDQjRGNjQw
Q0E2QjI4NDE2QUU1MjE0MTU2RTQyMjQwNDU5QTE4NDI3ODVBNzY0MjVDNkI4
QzNDQTgxQUQxRDA3NEJDN0YwMjcyMDIzQTAwMDA0QjU2NDgyMDM3MzIzMDMx
MzIzMDM1MzEzODMwMzQzNDMwMzAzMDMwMDAwMDAwQjgxRTg1M0QwQUQ3QTMz
QjQxOUExODQyN0E1QTc2NDI5MzBBM0Q0MTQ4QkQ0MzQyODhGODU2NDEwMUY5
MjI0MjhDRkM2NDQxNjBDQjA0NDIwNTFGODA0MTJERjNGODQxNkZCNzEzNDE0
NEExMTk0MkEwMjMzMjQxQUM1NTVGNDI1RjU1NTE0MjM2RTE4OTQyOTRCMEI0
NDI5NkE0OEM0Mjg2NDJDMzQyMEY4MDhDNDIwMDAwQTk0MkY1RjI4MzQyQjgz
NjkyNDJCRDUwODk0MjEwRDk1NDQyMEU4MDkyNDI4MEIwQUE0MTg5Qjk4QTQy
QzU5MzBGNDEzOEVENzA0MjJDMEEyRTQxRkYwMjZCNDJCOTQxNDY0MjkyM0Q4
NzQyRERGNkI5NDJCMDE2OEY0MjdBNDBCRDQyMDI5ODhDNDJBRjhDQUM0MkFG
NTA4QzQyOEUyNzE0NDI0RDAyOTc0MjE0OUYwQjQxQUNCODk0NDJFODFBMEY0
MUYyMUM4QjQyNUVDNkFENDMwOEYxOEE0MkY2NTZBMjQzRjExMjhBNDIxMThE
QTg0M0JDRUU4MzQyOUY5MDk4NDBFN0U3ODY0MjcwNzYxNDQyNTUzMjhBNDI2
QkEyREI0MUUxRUQ4QzQyRjc4QkEzNDNCRTREOEQ0MjNBOERBMjQzNkQ2Mzg5
NDI2OEM5QUU0M0Q3MTg4MTQyNDhGOEIzNDNGM0IzNzc0MjQ0QTFBRTQzMzEw
NTg3NDIzNDZDQTU0M0JENTA4NzQyMjhFRUEyNDM2OEU5ODk0MjU5OTlBMDQz
ODQ3RTg3NDIxMEZFOTg0MzE2MDk3NjQyMjAyQjkyNDMzMzQwNkM0MjQ0OTQ4
RjQzQkEwNjg5NDI5NjZDQTE0M0Y2Njk5NjQyRkM2N0EzNDMyMDJBOEU0MkVF
NjlBMTQzOTM5ODg2NDIwNjA2QTc0M0YzM0U5MTQyNEMwM0E3NDE3NTJBODk0
MjM5NzVDQjQwMTUzNjgzNDI2NDU3QTI0M0RGQ0I5MDQyOTkxOEEyNDM3MTY2
OTU0MkI2QjBBQzQzNjcxNzk3NDJENEFDMDYzRjFDQThDQjNGNjU0MDg4NDAw
ODM2NTk0MDAzNDI3MzQwQ0NFNUNDNDBBQkNCMTE0MTRGQTE5QTQwRkMwNEIw
NDBBQzkzOTE0MEVEMDI4RjQwNEE1ODVENDA1MDgzM0Q0MEE2NTRDNTQwQkEy
RjNDNDBDMzBGOUYzRjRGRUVENzNGMzNBRDY2M0Y4QzJCOEEzRkExRENBOTNG
NEIxQUIzM0Y1OTE0MzEzRjE1QkI2NjNGRjNFRDFFM0ZEOUNBRkEzRTI2NjQ4
OTNFOUM1MEY5M0U4MEQzMTAzRkFGQUNDMDNFREYxMEUxM0U0NTgyRDUzRTVG
MkY4MTNFQ0IxNjJCM0UzNzZFNDkzRUJDMEQyNTNFN0ZFMTY2M0U5RkZFQjQz
RTQwNEU4RTNFNzAwMjQyM0VDMkQ1NEUzRTNDMzUzQTNFMEYzOEY4M0Q3OEUx
MTQzRTMzNjgxMzNFQTAzNDAwM0U2NDgxMg==

--SBD.Boundary.605592468
PROCESS /noc/users/iridburst/exec/irid_300224010734970_upd.pl
Last Run  ----1970-01-01 00:00:00 
MONTH  5 
DATA  xxrecord 2012-05-18 05:00:05 :: $W5M5A,120518,050005,660d0028449ce246,1,DAS 2,4901.7318N,1621.9938W,8.0,9,10.3,14.1,9.5,77.9,5.9,9.6,77.4,5.9,1007.6,2.39,3.47,10.5,38,62*5F
 
INSERT
STATION sbdservice
IRID_ID 300224010734970
BODY 
Content-Type: application/x-zip-compressed; name="SBMmessage.sbd"
Content-Disposition: attachment; filename="300224010734970_003377.sbd"
Content-Transfer-Encoding: base64

JFc1TTVBLDEyMDUxOCwwNjAwMDUsNjYwZDAwMjg0NDljZTI0NiwxLERBUyAy
LDQ5MDEuNzM4OE4sMTYyMi4wNDM0VywxNS4zLDE1LDE5LjAsMTQuMSwxMC42
LDc2LjcsNi42LDEwLjYsNzcuMCw2LjcsMTAwNy44LDIuNDYsMy41NywxMC41
LDE0LDYyKjU2DQoNCiRXNU01QSwxMjA1MTgsMDYwMDA1LDY2MGQwMDI4NDQ5
Y2UyNDYsMixEQVMgMiwxMi45LDEzLjEsMC4yLDAuNCwwLjAxLDEwNzgsMTA4
NSwxNTYsNjI5LDAsNDMuNCwxMy44OCw5MjcqNTANCg0KJFc1TTVBLDEyMDUx
OCwwNjAwMDUsNjYwZDAwMjg0NDljZTI0NiwzLDdGMDA3NTAyM0EwMDAwNTMz
MjMwMzEzMjMwMzUzMTM4MzAzNTM0MzAzMDMwNTU1QjAwMzEzMjMwMzUzMTM4
MzAzNTM0MzAyQzU0NDE0MjMwMzAzMDMwMzAyQzJEMzAzNTMxMkUzMTJDMkMz
MTMyMkUzNDM1MkMzNDJFMzAyQzMzMzYzMDMwMkMzNjMwMkMzNjMwMkMzMTJD
MzAzMDM1MzczMDJDMzMyRTM0MzIyQzMxMkUzMjM2MkMzMjM0MzUyQzMwMkMz
MDJFMzEzNzMzMkMyQjMwMzAyRTMwMEQwQUYzMTAwNDYyQUJBNzdGMDA2NzAy
M0EwMDAwNTczMjMwMzEzMjMwMzUzMTM4MzAzNTM0MzAzMDMwRkY0RDAwMDA4
MEZCNDQwMDgwMDE0NDAwRjA1MjQ3MDAwMENDNDJFMUQzQzMzRkYwNjVGQzQw
ODI3NzY0NDAwQkE1MUQ0MEQyM0QxOTQxMjMxOTQyNDBEMTkwMTI0MTIzQUNG
NzQwQ0E2QjI4NDFDMDNBMjU0MTU1MTYyMTQwOTA0RTYxNDFGMzBCNzg0Mjc4
RDM4ODNDNEExRDc2N0E0OEYyN0YwMjcyMDIzQTAwMDA0QjU2NDgyMDM3MzIz
MDMxMzIzMDM1MzEzODMwMzUzNDMwMzAzMDMwMDAwMDAwQjgxRTg1M0QwQUQ3
QTMzQkEyNEU2MTQxRjEwQjc4NDJFNDFGODU0MURCN0YyNTQyOUJCNzZBNDE0
ODE1MjQ0MkFBNjkzODQxRjIwRDEwNDIxNzc5MDA0MUNBOEVGQjQxM0JEODI2
NDA0REZCMjM0MkMwRjJBRTQzQUY4MDRENDI0NjdBQjE0MzgzMzA4MTQyREJC
QkM0NDI3MkI0OEM0MkJBNDM5NzQyQkQ4MDk4NDJGRjJCQTk0M0QxQzQ4NTQy
Mzg5RjhGNDBGREEwODY0MkREOEQwQzQyRTIzNThBNDI4NkQ1NDk0MjU2OTI5
MzQyN0E3MUQ1NDJGRDZCOEY0MjY2RURFNTQyNDQxNTk3NDI3N0MyQTg0MzQ3
NzY5NDQyRUYxOEE5NDNFRkRDOEU0MkIyNjlBQTQzODM2Qjk1NDJDMTU2QUY0
MzlGRkI5RDQyRUVEQTRGNDM0QjkwOUM0MjE2MUI3QTQzQTk1ODlCNDI5NkM2
QTg0M0VBNTk4RTQyRjEyRkFENDNERkZDN0I0MjEwREZCMTQzNDlCMDdCNDJB
REYyQTY0MUExRDU4MTQyMDREMjEwNDJFODYxNzk0MjUwNDE3RDQyRTE1NTgy
NDIzQTRBMTQ0M0M5Rjc5RDQyNTg3OTg3NDM3RUNBODY0MjgwRUQ5OTQzQzlD
NTgzNDJBMzgzQUU0Mzc2Q0M3RTQyRjU0OUFFNDNDREJDN0Y0MjM0QjY5NjQz
NUJGOTgyNDI1Q0IyOEE0M0Y3NzQ2RjQyOUM0MTg5NDMwNDBBOTM0Mjc2N0M5
NzQyREZDODk4NDIxMjQyMjk0MTRGODg5MjQyQ0NFMUFDNDM2MzYwOEM0MkQ1
RTc5QjQzODgzMTg2NDIzNkI4OTg0MzRGQ0Q4MzQyMTM2NTlENDMyNzVCOTU0
MjVBOUJBMjQzMEY4NTk5NDIyNTM0QTg0M0E3QUU5MjQyRThGRUE5NDM3REQ4
OEU0Mjc5QTI5NDQzQTRGQTg3NDI3NDY1ODg0MzYzMTc2RDQyODMwMzg2NDM0
QTQ5NzM0MjU2QkQ4NDQzQzI0OThDNDJBREJBM0IzRjhFNTIwODQwQkY5MTAx
NDAwMDg4OUU0MEQ2ODg5RTQwQzAxN0RGNDAwREJDRTE0MDg1NTZEQTQwNzg2
MkIzNDAyOEU4QkU0MDQyQjU3QTQwRjVEMzZCNDA1NTQxMkQ0MDFEQ0VGNTNG
RDE1OEQ5M0ZDOTE0RjgzRjQ3NDhDNTNGNkUyQTkxM0Y0NzdFQTEzRjc5RjY1
QTNGMDFFRUQ2M0VGMjU5MEMzRjRBNjVCMTNGNEYyM0ExM0YyMzJBMzczRkU1
OTkxOTNGM0RGMjk2M0UxMEQxRTgzRThGOTAwNjNGNjcxN0Q4M0U1MjdEMEMz
RkEyMTUwNjNGNEY4NzU1M0U4MTFDOTQzRTJDQUQ0QTNFNkFCMTFFM0UyRkFF
ODUzRTg3MDg1ODNFQTU1QzQwM0VFMUQ2MUUzRTg3NDNGNTNEQzNGMEMwM0Qw
MEE3MjgzRUU0MjZGODNEODE0Q0UxM0Q5Mw==

--SBD.Boundary.605592468
PROCESS /noc/users/iridburst/exec/irid_300224010734970_upd.pl
Last Run  ----1970-01-01 00:00:00 
MONTH  5 
DATA  xxrecord 2012-05-18 06:00:05 :: $W5M5A,120518,060005,660d0028449ce246,1,DAS 2,4901.7388N,1622.0434W,15.3,15,19.0,14.1,10.6,76.7,6.6,10.6,77.0,6.7,1007.8,2.46,3.57,10.5,14,62*56
 
INSERT
STATION sbdservice
IRID_ID 300224010734970
BODY 
Content-Type: application/x-zip-compressed; name="SBMmessage.sbd"
Content-Disposition: attachment; filename="300224010734970_003378.sbd"
Content-Transfer-Encoding: base64

JFc1TTVBLDEyMDUxOCwwNzAwMDUsNjYwZDAwMjg0NDljZTI0NiwxLERBUyAy
LDQ5MDEuNzM0M04sMTYyMi4wMzM5VywxMC45LDMyLDE0LjMsMTQuMSwxMC4w
LDgzLjIsNy4zLDEwLjAsODMuMSw3LjMsMTAwOC4zLDIuMiwzLjc1LDEyLjUs
MzU2LDYyKjU5DQoNCiRXNU01QSwxMjA1MTgsMDcwMDA1LDY2MGQwMDI4NDQ5
Y2UyNDYsMixEQVMgMiwxMi45LDEzLjEsMC4yLDAuNCwwLjAxLDEwNzksMTA4
NiwxNTYsNjI5LDAsNzcuOCwxMy44OCw5MjQqNUINCg0KJFc1TTVBLDEyMDUx
OCwwNzAwMDUsNjYwZDAwMjg0NDljZTI0NiwzLDdGMDA3NTAyM0EwMDAwNTMz
MjMwMzEzMjMwMzUzMTM4MzAzNjM0MzAzMDMwNTU1QjAwMzEzMjMwMzUzMTM4
MzAzNjM0MzAyQzU0NDE0MjMwMzAzMDMwMzAyQzJEMzAzNTMxMkUzMTJDMkMz
MTMyMkUzNDM1MkMzNDJFMzAyQzMzMzYzMDMwMkMzNjMwMkMzNjMwMkMzMTJD
MzAzMDM1MzczMDJDMzMyRTM0MzIyQzMxMkUzMjM2MkMzMjM0MzYyQzMwMkMz
MDJFMzEzNzMzMkMyQjMwMzAyRTMwMEQwQUY1MTBGRDU2NUYxQTdGMDA2NzAy
M0EwMDAwNTczMjMwMzEzMjMwMzUzMTM4MzAzNjM0MzAzMDMwRkY0RDAwMDA4
MEZCNDQwMDgwMDE0NDAwMDA3QTQ3MDAwMEU2NDJDMTBCQjIzRjFGNzZERTQw
NkYwRTcwNDAzMjA0MEQ0MEI4QTIwNjQxQzVFOTMxNDAxMTVFMTU0MUMwNjdF
MTQwMDAwMDQ4NDExMTQ1Mjk0MTQxQjcxNDQwREUxQ0IyNDNBRDdBNzk0MjQ3
NUI2OTNDNTMxOURDQkMxQTg5N0YwMjhBMDIzQTAwMDA0QjU2NDgyMDM3MzIz
MDMxMzIzMDM1MzEzODMwMzYzNDMwMzAzMDMyMDAwMDAwMjk1QzhGM0QwQUQ3
QTMzQkRGMUNCMjQzQUI3QTc5NDI1RkZERTA0MDg1NEUzNDQyMDgwMDVENDE0
ODlCMTE0MjM3MEE1MDQxNzQ0QkYwNDEwRTc4MkU0MDQwNjUwRjQyRUQxNUIy
NDNDOUUzNTM0MkEyNUY3RTQxREFCNjg1NDIzREI3NTg0MkIyQjk5MzQyNDg5
OENCNDJEQUIzOEE0MjU4MDdBMDQyMTU5MzkzNDI5ODMyQTk0MzJEOUM5QTQy
N0JEMzk4NDMyNjg1OTU0MkUyNUU5NzQzNkE3NzhDNDIyRUM0QTE0MzY0Nzg4
NzQyNUEzOUE3NDNBNDcxODk0MkU0NDNBMzQzQTJERTkxNDIzQjQzQUY0Mzc0
NUM5MzQyOTRBOThFM0Y1M0JBOTM0MjZCQUI5NjQzNEI5RTg0NDJGNTE5OTI0
M0NDNzQ3NDQyMjc4MjkxNDNENjY4ODU0Mjk1QkM5NjQzQTA1ODhCNDI4NUU3
OTM0MzZFODg2NTQyRTY3MzkyNDNERDYwMzU0MjJDMkU5ODQzMjEwNzVFNDI5
Mjg0QUQ0MzZBRDc4MTQyNUNDRUFFNDNBMzhFODg0MkY4MTA5RjQzNTE3Mzcz
NDI3NUIxOUY0MzM5Mjc2QzQyMDc5MkEyNDM4RTIwOEE0MjFCOTRBNzQzNDBG
RTkwNDI3N0NDQTE0MzgzNkQ4QTQyN0VGRkFBNDM5Rjc2ODQ0MkU2OTVBNTQz
RjIzNTg0NDI5QUMwOTk0MzcxODM4MDQyQzkwQkIxNDM0MkI1ODM0MkY0NUZB
RDQxMjU2RDZGNDJDRTUxQ0E0MDFENkM3NjQyRkI5NUFDNDNBNDdEN0Y0Mjcx
REVBQTQzODgzODg3NDIzQjdEQjA0M0Q2RDQ4MzQyODhENEIxNDM0OEQ5N0Q0
Mjc2ODQ3NjQxRjk2NzdDNDIyRkFFRDQ0MTE4MTI4NTQyNjgyMEVCNDBGOUE5
OEY0MkZFOTdBRTQzRDFBQzg2NDJENDMyQjA0M0JCM0E4MjQyMjhEQTlGNDND
MThEOTQ0MkZDNTg4RTQzNDFBOTk4NDJGNUQ0QUQ0MzREREM5MjQyRTAxNEEw
NDMxN0UyOUM0MkIxMEU0RDNGQkQ3MUI4M0YyQzQ0Qjc0MEUyMDg4MDQwODE0
MzA4NDBCMjkxOTk0MDU3MTg4RTQwODYxMjgxNDBGQzM2OTM0MDlDMDE3RjQw
RDk2NDE0NDAwOEE4MTY0MDVCNTk0NjQwNzMyRjNENDAxNjcwQUMzRjE2NDVD
NDNGOUI5ODg3M0YwNDhENzEzRkFBRUNCQTNGRjY2N0M3M0YwQjJCODQzRkNE
RkM3RjNGNTFCQjUzM0YzQTE0MTAzRjBBNjMyNzNGQTZCMDA0M0Y1NzI4MUEz
RjNCM0VERTNFQzhBQUJFM0VFOTg4MEYzRkFGMDNDRjNFMDM0QURCM0U3NEE1
N0UzRTc4Njk5MjNFMTdGMjczM0U3OEJDNjkzRTY3NkJBNTNFRDREMkE3M0U5
MTkwNjkzRTFCRjA3RDNFREIzMUIwM0UxNg==

--SBD.Boundary.605592468
PROCESS /noc/users/iridburst/exec/irid_300224010734970_upd.pl
Last Run  ----1970-01-01 00:00:00 
MONTH  5 
DATA  xxrecord 2012-05-18 07:00:05 :: $W5M5A,120518,070005,660d0028449ce246,1,DAS 2,4901.7343N,1622.0339W,10.9,32,14.3,14.1,10.0,83.2,7.3,10.0,83.1,7.3,1008.3,2.2,3.75,12.5,356,62*59
 
INSERT
STATION sbdservice
IRID_ID 300224010734970
BODY 
Content-Type: application/x-zip-compressed; name="SBMmessage.sbd"
Content-Disposition: attachment; filename="300224010734970_003379.sbd"
Content-Transfer-Encoding: base64

JFc1TTVBLDEyMDUxOCwwODAwMDUsNjYwZDAwMjg0NDljZTI0NiwxLERBUyAy
LDQ5MDEuNzA5Mk4sMTYyMS45ODI1VywxNi45LDE2LDIxLjAsMTQuMSwxMC40
LDgxLjQsNy40LDEwLjQsODEuNyw3LjQsMTAwOC42LDIuMzYsMy45Nyw5LjUs
MzM4LDYzKjVEDQoNCiRXNU01QSwxMjA1MTgsMDgwMDA1LDY2MGQwMDI4NDQ5
Y2UyNDYsMixEQVMgMiwxMi45LDEzLjEsMC4yLDAuNSwwLjAxLDEwODAsMTA4
NywxNTYsNjI5LDAsNTMuNiwxMy44OCw5MjYqNTgNCg0KJFc1TTVBLDEyMDUx
OCwwODAwMDUsNjYwZDAwMjg0NDljZTI0NiwzLDdGMDA3NTAyM0EwMDAwNTMz
MjMwMzEzMjMwMzUzMTM4MzAzNzM0MzAzMDMwNTU1QjAwMzEzMjMwMzUzMTM4
MzAzNzM0MzAyQzU0NDE0MjMwMzAzMDMwMzAyQzJEMzAzNTMxMkUzMTJDMkMz
MTMyMkUzNDM4MkMzNDJFMzAyQzMzMzYzMDMwMkMzNjMwMkMzNjMwMkMzMTJD
MzAzMDM1MzczMDJDMzMyRTM0MzIyQzMxMkUzMjM2MkMzMjM0MzcyQzMwMkMz
MDJFMzEzNzMzMkMyQjMwMzAyRTMwMEQwQUZBMTA5ODgyNEYwRjdGMDA2NzAy
M0EwMDAwNTczMjMwMzEzMjMwMzUzMTM4MzAzNzM0MzAzMDMwRkY0RDAwMDA4
MEZCNDQwMDgwMDE0NDAwODg5MDQ3MDAwMEQ4NDJENEJGQzQzRkM0QUZFQzQw
MTM1NTdFNDBFMTM1MTc0MDI0M0YxMTQxRUQ2MzNDNDBCMkVEMTE0MTQ2NUNG
MDQwODY2MTE4NDFFNUJCMTY0MTU3QzExRjQwNzJGM0E4NDM2ODREN0Q0MkVC
Nzg4NzNDRUQxRTNEQUZDMTVGN0YwMjdFMDIzQTAwMDA0QjU2NDgyMDM3MzIz
MDMxMzIzMDM1MzEzODMwMzczNDMwMzAzMDMxMDAwMDAwMjk1QzhGM0QwQUQ3
QTMzQjczRjNBODQzNjE0RDdENDIwRUNDQjM0MzVDMTcwRTQyQTZGRkIzNDMz
RTJEMTM0MjYwNjU1ODQwN0MxRDBCNDIzRkEzMTM0MDg4QTQwMjQyRDBDOUIz
NDMyNzQ1Mjg0MjkyNzdBRjQzQ0MyMDcwNDI4RTYwQTY0MzVBRjc4MDQyRDMz
RUExNDM4QzEyNzI0MkRGRjY5RTQzNjEyQTc0NDJFNzI1QTM0M0M4QTA5NDQy
MjQ3NUU5NDJCQTg1OTk0MjA0RjVDQTQxQzc3RjlBNDI5NUVEMjU0MTZFQjQ5
MzQyNkNBNkE2NDMwMUJGOTA0MkE2NUM5RjQzRDY3NDgyNDJEMDcxOUI0MzBD
RDI5MjQyMTBGMzdBNDNENUVBOTc0MjBCQjU3QTQzODY0QTkzNDIyOUMxOTk0
MzRFNDI5NDQyRDg3NTA3NDA1OEY0ODk0MkE1MEM0RjQxODkzRThGNDI4NDNB
QTg0MzAyRkE5MjQyQjg3QkE3NDM2MTM5OEQ0MjkyMzQ5NjQxMDI5MDhBNDIz
QkUxMDU0MkYyNTE4NTQyQThDQkFENDNERUM1ODU0MjNFMUE5RjQzODE4NDc1
NDJCQzcyOTk0MzcwRkI3NTQyREM0QTk3NDMyOEQwN0I0MjBBMjE5QTQzNzc2
MTczNDJFMUZBOUY0M0EyQ0U2NzQyOUNDMEEyNDNEQTFENTU0MkU2QzRBMzQz
OThGMjVENDI3Q0E1QTk0MzRFODY4NTQyQUIyQkE4NDM0MEQ1ODk0MjU1NTdB
MTQzMzYwMTg4NDIxMTMwQUY0Mzc0ODA4OTQyMkI1NTY0NDFGODZGODc0MkFC
QTFGNTQwRkI5QjhFNDI5RUYxNkQ0MURBRTA5MzQyQ0NDOTFCNDIyQkU1ODk0
MjFDMjNFNDQxQ0EzOThGNDJFOTk4OTg0M0E5RjI5NTQyRjQxMDg1NDNDQkU5
ODg0Mjg4MDY4NDQzREI2Mzk2NDIyMEQ3QTg0M0JCNTU5RjQyQkM2MjhCNDND
QzkyOUI0Mjc5QUUxQTQyRDU5MzlENDIxQjk2NDI0MkNCRDI4OTQyRkE3MTk5
M0Y4RDk4QkUzRjVFMEMyQTQwNDExQzBDNDBBQzEyNTg0MDQ5QTIzRDQwQjEy
REQwNDBDNEY2Mzk0MTQ3MkIwQzQxQTlBMzlCNDBEMTk2QUI0MDVDQTg5MDQw
NEJCODMxNDBCNjg3QzgzRjU3RUEwMjQwQUYxM0Y0M0YwMUQxMDk0MDBGRkNF
RDNGMEEzQzM4M0ZCRjJDRDczRTgxRjUxNDNGNDcyNkYxM0UzNDNBRkMzRUND
NjlBODNFQTY3ODgzM0U4OUM0QjIzRTAyRjBCNjNFRUY3MzA4M0ZDQzhCOUUz
RTRDMjc5MDNFREJCRTZFM0U5MkY1QUEzRTkwODY3MTNFMDJBODQ4M0UwOTBB
MUMzRUJDMjE4QTNFRkRDNDkwM0VFRDc5NzQzRTQ0RUExMTNFOTIzMTJDM0Uw
QkRDMzIzRUNEMDU4NDNFRkFDOTNGM0VFNQ==

--SBD.Boundary.605592468
PROCESS /noc/users/iridburst/exec/irid_300224010734970_upd.pl
Last Run  ----1970-01-01 00:00:00 
MONTH  5 
DATA  xxrecord 2012-05-18 08:00:05 :: $W5M5A,120518,080005,660d0028449ce246,1,DAS 2,4901.7092N,1621.9825W,16.9,16,21.0,14.1,10.4,81.4,7.4,10.4,81.7,7.4,1008.6,2.36,3.97,9.5,338,63*5D
 
INSERT
STATION sbdservice
IRID_ID 300224010734970
BODY 
Content-Type: application/x-zip-compressed; name="SBMmessage.sbd"
Content-Disposition: attachment; filename="300224010734970_003380.sbd"
Content-Transfer-Encoding: base64

JFc1TTVBLDEyMDUxOCwwOTAwMDUsNjYwZDAwMjg0NDljZTI0NiwxLERBUyAy
LDQ5MDEuNjY5OE4sMTYyMS44OTk3VywxNC4yLDM5LDE3LjMsMTQuMSwxMC4x
LDg0LjksNy43LDEwLjEsODQuOSw3LjcsMTAwOS4yLDIuMzYsMy4zOSw5LjUs
MzQxLDU5KjVGDQoNCiRXNU01QSwxMjA1MTgsMDkwMDA1LDY2MGQwMDI4NDQ5
Y2UyNDYsMixEQVMgMiwxMy4wLDEzLjEsMC4yLDAuNCwwLjAxLDEwODEsMTA4
OCwxNTYsNjI5LDAsMjI0LjIsMTMuODgsOTI0KjZBDQoNCiRXNU01QSwxMjA1
MTgsMDkwMDA1LDY2MGQwMDI4NDQ5Y2UyNDYsMyw3RjAwNzUwMjNBMDAwMDUz
MzIzMDMxMzIzMDM1MzEzODMwMzgzNDMwMzAzMDU1NUIwMDMxMzIzMDM1MzEz
ODMwMzgzNDMwMkM1NDQxNDIzMDMwMzAzMDMwMkMyRDMwMzUzMTJFMzEyQzJD
MzEzMjJFMzUzMTJDMzQyRTMwMkMzMzM2MzAzMDJDMzYzMDJDMzYzMDJDMzEy
QzMwMzAzNTM3MzAyQzMzMkUzNDMyMkMzMTJFMzIzNjJDMzIzNDM4MkMzMDJD
MzAyRTMxMzczMjJDMkIzMDMwMkUzMDBEMEFGNTEwNDg0N0M2MUY3RjAwNjcw
MjNBMDAwMDU3MzIzMDMxMzIzMDM1MzEzODMwMzgzNDMwMzAzMEZGNEQwMDAw
ODBGQjQ0MDA4MDAxNDQwMDEwQTQ0NzAwMDBFMjQyRjJDMUJEM0YzMEM0RTE0
MEZGMTk1OTQwMEU1QzE3NDA0OUFEMEQ0MTRBNzYzQjQwRkYyQjBDNDE4QjFB
RTE0MDg2NjExODQxODJCMzE4NDE5RTExMUU0MEVCNjRBQTQzRkI2MzZCNDIx
MjYzODIzQzM2MUMwOTIzRTM2MDdGMDI5NjAyM0EwMDAwNEI1NjQ4MjAzNzMy
MzAzMTMyMzAzNTMxMzgzMDM4MzQzMDMwMzAzMzAwMDAwMEI4MUU4NTNEMEFE
N0EzM0JFQzY0QUE0M0Y3NjM2QjQyM0IwRTUwNDFBMkI0NTk0MkNBMjY3QjQx
Mjc4MzQ0NDI4RkU1QTc0MUI0NUQxQzQyNEMxNjk4NDFCNjk2MDE0MkNFQjMy
ODQxQUJDRTBGNDJENkJGRDg0MDcwQTEzRTQyNEQzRUFENDNFNjJENzA0MkZG
RUFBNDQzMTA3MjdENDJGMkE2QTQ0MzM2RjU4MDQyMkVBRkEyNDM3RjVGNkU0
Mjc2NTE5RjQzQ0I0NzVDNDI5MjNGQTE0M0IxMzk2NTQyNzY5MEE5NDNFNDk1
NUE0MjBFNDRBODQzN0I5QjZBNDIxOTgxOUU0MzczREI5QjQyRjY4NUUwNDJB
QjY0OUQ0Mjk3ODU5RDQzOTFFOTkxNDI5QzM3OTc0MzJEQzc4ODQyOEE4MTlE
NDNDRTcwODk0MkI1NzlBNjQzMUVCRDZGNDIxNTExQTc0MzM4MjE2NjQyN0FE
OUEzNDNFOTBENjc0MkMzQzNBMjQzNUZCQTUwNDIxMjhGQTk0M0Q3RTQ1RDQy
NEEzM0FENDM1RTczODE0MjJGODFBRDQzNzkzRjgzNDJFOTRFMzE0MTY2NTc4
MzQyNThBNDBGNDJGMkQ4ODk0MkUxMTZEQjQxMjEzQzhBNDIxQjVGNDc0MDg2
NDM3RDQyNTk4NkQ0NDAxRkE2NUE0MjVFOEI0RDQxRDg4RjQ0NDI0RjdBMTY0
MTk2NEE0RTQyN0Y1Qjg5NDBENzQ1NUI0MjVBODNCMzQzQzRBRDU3NDJFNTM2
QUU0MzIyMDg2MDQyMUI3MkE4NDM4MzJFODQ0MkZDMzBCMTQzNTZEOTgyNDJE
RDAwQjI0MzZDMzA3NTQyQTFCMzAzNDE3M0IyN0E0MjlFRUZDQTQxMjUyMzY5
NDI5RkY1RjA0MTEwREI2MzQyMjFEOTE0NDI5MTc5OEI0MjEzREVBMTQxM0Yz
ODkxNDJDQTE5RUM0MDdENzY4OTQyM0U4NjVBNDFERTdCODY0MjQ3RUZENDQx
QjM5Mjg3NDI5M0ZDRUU0MUJGMUU4RjQyODkzRTcxNDE2ODEzOUE0MkY5MzBC
MDQzMzc1NTlBNDI2Q0MwNTk0MTBCNkY5QTQyQzFFNTA4M0Y1RjdBQzEzRkM1
NzJEQzNGODU5RkRGM0YwOUNDMEY0MERDMTA0RTQwNUQ2NzFCNDBBMTI5MDU0
MTMyNjgzRjQxODlGOENCNDBEN0VDQjk0MDZBRkQ2NTQwMUY2ODYyNDA5OUM3
MDg0MDA1MTk5QTNGN0I2Q0I2M0Y0RUJGOTQzRkE2NjRDOTNGNkRBMkQzM0VC
NzkxMEUzRjJDNTU4MDNGMzRGQTQxM0YxMDU1MjUzRjFGNzYzQzNGODQyNEVB
M0UyMTQ0QTkzRUE4RDMzMjNGNEZBMDFGM0YwMEE2MUEzRkM5QjY2NjNFMjc1
NkM4M0UzM0RBMTQzRkJFNTMyMjNGMTQ0QkRCM0U4QkREM0MzRjdFQjRFMTNF
QTg4NzY2M0U2NERDRDYzRUY3RjU1NzNGMA==

--SBD.Boundary.605592468
PROCESS /noc/users/iridburst/exec/irid_300224010734970_upd.pl
Last Run  ----1970-01-01 00:00:00 
MONTH  5 
DATA  xxrecord 2012-05-18 09:00:05 :: $W5M5A,120518,090005,660d0028449ce246,1,DAS 2,4901.6698N,1621.8997W,14.2,39,17.3,14.1,10.1,84.9,7.7,10.1,84.9,7.7,1009.2,2.36,3.39,9.5,341,59*5F
 
INSERT
STATION sbdservice
IRID_ID 300224010734970
BODY 
Content-Type: application/x-zip-compressed; name="SBMmessage.sbd"
Content-Disposition: attachment; filename="300224010734970_003381.sbd"
Content-Transfer-Encoding: base64

JFc1TTVBLDEyMDUxOCwxMDAwMDUsNjYwZDAwMjg0NDljZTI0NiwxLERBUyAy
LDQ5MDEuNjM3OU4sMTYyMS44MDI2VywxMy4wLDQwLDE1LjgsMTQuMCwxMC4x
LDg1LjUsNy44LDEwLjIsODUuMSw3LjgsMTAwOS42LDIuNjEsNC41Miw4Ljcs
MzQyLDYwKjVDDQoNCiRXNU01QSwxMjA1MTgsMTAwMDA1LDY2MGQwMDI4NDQ5
Y2UyNDYsMixEQVMgMiwxMy4xLDEzLjMsMC4yLDAuNCwwLjAxLDEwODIsMTA4
OSwxNTYsNjI5LDAsNjEuNywxMy44OCw5MjQqNTUNCg0KJFc1TTVBLDEyMDUx
OCwxMDAwMDUsNjYwZDAwMjg0NDljZTI0NiwzLDdGMDA3NTAyM0EwMDAwNTMz
MjMwMzEzMjMwMzUzMTM4MzAzOTM0MzAzMDMwNTU1QjAwMzEzMjMwMzUzMTM4
MzAzOTM0MzAyQzU0NDE0MjMwMzAzMDMwMzAyQzJEMzAzNTMxMkUzMTJDMkMz
MTMyMkUzNjM0MkMzNDJFMzAyQzMzMzYzMDMwMkMzNjMwMkMzNjMwMkMzMTJD
MzAzMDM1MzczMDJDMzMyRTM0MzIyQzMxMkUzMjM2MkMzMjM0MzkyQzMwMkMz
MDJFMzEzNzMxMkMyQjMwMzAyRTMwMEQwQUZBMTA3MTI2NTgxRjdGMDA2NzAy
M0EwMDAwNTczMjMwMzEzMjMwMzUzMTM4MzAzOTM0MzAzMDMwRkY0RDAwMDA4
MEZCNDQwMDgwMDE0NDAwOThCNzQ3MDAwMERDNDI3ODc2RDYzRjM2MjFFQjQw
OUFBODkwNDBDNjA0Mjc0MEQxODgwQzQxQURGRjRENDBDQzMxMTA0MTNCRURF
NDQwNjUyMTBCNDFFOEEzMEU0MUZGQTgyRDQwMzUxM0FCNDNBMTVENzA0MkVF
MUE5RjNDNEUxRTU5NzkxNDI3N0YwMjhBMDIzQTAwMDA0QjU2NDgyMDM3MzIz
MDMxMzIzMDM1MzEzODMwMzkzNDMwMzAzMDMyMDAwMDAwQjgxRTg1M0QwQUQ3
QTMzQjM2MTNBQjQzQTA1RDcwNDJEMzIwQzI0MTc1MzU0MTQyM0VCRUI1NDE1
NDVBMjg0MjM0QzZCRTQxMzU2QzBGNDI4RTNFREE0MTI3NjgwMzQyNTdDOURF
NDE1RkMzMTA0MjM3QjJBQjQxQjE3NTM2NDI4MkU3RTU0MEEwNzI3MjQyRTQ0
QjE0NDA4Mzg1OEE0MkE5RDdBNjQzNjY2MzkwNDIxNDFBQTM0MzdEQTg4QTQy
RUI0NjlGNDNBRjQ3NzQ0MjAwQUE5QzQzOUQ4NjVCNDI3MjYxQTA0M0M5NEI3
ODQyMUREM0E5NDM4NEVGODM0MkQwOEJBQTQzQ0QzNTgzNDI1NjU5QTM0MzAx
MEQ3OTQyMDRERTlGNDNDNTY3NjM0MkY5RjJBMjQzQzcwNjdCNDIyQ0E1OUE0
MzAzRjU4NjQyMDMxMjk3NDM5M0JGNkM0MjRENDU5RjQzQjFDMjY2NDIzQjUw
QUI0MzRDQTM3ODQyNjdFOUIwNDNDRjMzODI0MjJENEJBRTQzRDMzMDdDNDI4
NzZGQjM0MzI4MkU3MzQyMjc1MkE4NDE5MzEzNkU0MkJENUQ5NDQxRUZCMDY5
NDIwQ0MyOTY0MTUzN0Q2MDQyQ0VEMzEyNDI2RDQxNjM0MkFBNjIwNTQyRjIy
MDcwNDIxOTZCNEM0MDNEQzI2OTQyMTE4NTZBNDA5QUJBNTc0MjQ0MTRCMzQx
NDIyRDYzNDI1MTYxOTc0MThEMjY2NzQyNzRDMTFCNDFBRUVBNjg0MjY3NUZC
QTQxNDIxQjZGNDJFMEM0QUY0MTEyMEI4MjQyQkUwNEIyNDM5NEQ1ODk0MkIw
MTQwQTQyQTA4NTg1NDI1RDBEM0Y0MjYwRUE3MzQyODQ3NTIwNDIyNDBGNzY0
MjgzQkUyMDQyMjc2RjdBNDIxQURCMEY0MjI0OUQ4MTQyQjFDN0IyNDM0OTFB
ODk0MkVFODg5RDQzNjFGMjczNDI2MEYwOUY0M0MxRDk2QzQyOUQzNEFDNDNF
OERENzg0MkY0QjNGRDQwM0EzMjg3NDJERkMyQUI0M0Q2MEM5MjQyMUU3MUIz
NDM1RjBGOTU0MjBCQjREMTNFRjkwQzNDNDBFMEEyM0E0MEM3QjMxMjQwMTk3
NTFCNDA5MjYwMUI0MEU3RkUxNjQwQTZDODhCNDA1MTlDMTQ0MUY2QTEyMjQx
MzIzQTMyNDFEMzcxRTc0MEY2RDFDMTQwRUJDODhCNDBENkY5QkYzRjM3RTZF
MzNGNTBCM0U2M0YyNUZDODMzRjE1NTU3RDNGQ0NGMjdGM0ZBODc0NkMzRkYz
OEQwMDNGNjJGRkZBM0VFMUU2QTMzRjhDQzA0MjNGMjk0NDJBM0Y5NjU4MDYz
RjUxODJCQjNFMEIzNjA4M0ZDRkNFM0IzRjFDQzEyNjNGQTEzQTJFM0Y3MDA4
MDAzRjk2OUQwMTNGQjZDNTBFM0YwRjE1MjIzRkU3RDdENjNFMUYxN0MwM0Uy
QTZGOTIzRTEwNjFDODNFODVFNUQ4M0U2Qg==

--SBD.Boundary.605592468
PROCESS /noc/users/iridburst/exec/irid_300224010734970_upd.pl
Last Run  ----1970-01-01 00:00:00 
MONTH  5 
DATA  xxrecord 2012-05-18 10:00:05 :: $W5M5A,120518,100005,660d0028449ce246,1,DAS 2,4901.6379N,1621.8026W,13.0,40,15.8,14.0,10.1,85.5,7.8,10.2,85.1,7.8,1009.6,2.61,4.52,8.7,342,60*5C
 
INSERT
STATION sbdservice
IRID_ID 300224010734970
BODY 
Content-Type: application/x-zip-compressed; name="SBMmessage.sbd"
Content-Disposition: attachment; filename="300224010734970_003382.sbd"
Content-Transfer-Encoding: base64

JFc1TTVBLDEyMDUxOCwxMTAwMDUsNjYwZDAwMjg0NDljZTI0NiwxLERBUyAy
LDQ5MDEuNjI4ME4sMTYyMS43MzcxVywxNS4xLDQ1LDE4LjMsMTQuMSwxMC40
LDc5LjMsNy4wLDEwLjUsNzguOCw3LjAsMTAwOS45LDIuNiwzLjk3LDEwLDM0
OCw1OSo0RA0KDQokVzVNNUEsMTIwNTE4LDExMDAwNSw2NjBkMDAyODQ0OWNl
MjQ2LDIsREFTIDIsMTMuNCwxMy42LDAuMiwwLjQsMC4wMSwxMDgzLDEwOTAs
MTU2LDYyOSwwLDY2LjMsMTQuMjcsOTI2KjVFDQoNCiRXNU01QSwxMjA1MTgs
MTEwMDA1LDY2MGQwMDI4NDQ5Y2UyNDYsMyw3RjAwNzUwMjNBMDAwMDUzMzIz
MDMxMzIzMDM1MzEzODMxMzAzNDMwMzAzMDU1NUIwMDMxMzIzMDM1MzEzODMx
MzAzNDMwMkM1NDQxNDIzMDMwMzAzMDMwMkMyRDMwMzUzMTJFMzEyQzJDMzEz
MjJFMzgzODJDMzQyRTMwMkMzMzM2MzAzMDJDMzYzMDJDMzYzMDJDMzEyQzMw
MzAzNTM3MzAyQzMzMkUzNDMyMkMzMTJFMzIzNjJDMzIzNTMwMkMzMDJDMzAy
RTMxMzYzOTJDMkIzMDMwMkUzMDBEMEFGNzEwQ0FFMEVFRDU3RjAwNjcwMjNB
MDAwMDU3MzIzMDMxMzIzMDM1MzEzODMxMzAzNDMwMzAzMEZGNEQwMDAwODBG
QjQ0MDA4MDAxNDQwMDIwQ0I0NzAwMDBERTQyN0JCMENDM0Y2RjIxRTk0MENF
MDE3RTQwQjFBMzI2NDBBOEFGMEY0MTRENUE1MDQwRERDRDE5NDFBNjQ5RTM0
MDAxMDAyMDQxNTc5QzFCNDE1OUQyMjk0MDY3RUZBRDQzOTY3RjZDNDJDOTY4
OTkzQ0EwMUQ2ODFDQjNCNTdGMDI2NjAyM0EwMDAwNEI1NjQ4MjAzNzMyMzAz
MTMyMzAzNTMxMzgzMTMwMzQzMDMwMzAyRjAwMDAwMDI5NUM4RjNEMEFEN0Ez
M0I2OEVGQUQ0MzkwN0Y2QzQyRDNBN0YxNDE1RDlDQ0U0MUQ5QTBFOTQxNkU3
NEMyNDFDMzY4RDY0MUNEMTlDODQxRjQ3Q0U0NDE3M0NCRTI0MUM1QjBEQzQx
QTZBNDFBNDI3MjU1OEI0MTBGRDM2RTQyQzBBN0IyNDNGRTUwODU0MjUyQzlB
MTQzMUE0RDg3NDI2QTk2OTk0M0RBQTE5NjQyNDhEMURFNDFDNUZBOTk0Mjg2
NEVBQTQzODBDMTg2NDIxRjlDQTU0M0ZDOTQ4NjQyMzA3NzlDNDNGOEE3ODg0
MjhBNDg5NjQzNTU4RTc4NDI4QzlCODU0MzlFMjI4RTQyMUMyNTZBNDM2NUYx
OTU0MjFDMzU4MzQzREI5NTk2NDI0QTg0OUU0MzBBRkY4MjQyMDBFN0FDNDMw
N0Q5NkM0MkRCMUVBRTQzQ0FEODQ5NDI0RTI4QTk0M0U0NUE0MTQyNjREN0E3
NDMzMzI5NzM0MkMxMUFBRDQzQTZDODhBNDI1QzRCQTk0MzkyMjE4QTQyMzdE
NkFGNDM1OTE1Nzg0MjgzOTJBRjQzMDdCNjVCNDIwNzBGQjI0MzY2ODE3MDQy
MDdFNkFDNDNFOThDNzY0MjkwNUNBQzQzQTc4QjZCNDI3MkI3OEEzRjlFMTk2
NTQyMEVERkIzNDM4QzlBNjE0MkYzMkUyMjQwMUE1NzcyNDIxODJERDM0MTdC
QkY3ODQyREUzNTAzNDI2MzVBNEI0MjE4RTNDOTQxRkJEQjQyNDIyQzU5QzU0
MTdCQTA0QzQyNDY0Q0RGNDEwNUJDNjQ0MkMyNUIzMzQxRDExRjgyNDI2RTEz
QjA0MzY5NTg4NzQyRUY0NDg4NDE1ODgyOTA0MkUxMzQzMTQyOTgyMDhENDI5
ODc2MjI0MjRBMjI4QjQyQkE1OTg0NDE1ODI1OTI0MjYzN0FCMDQzODNENjhD
NDI2OTdEQjA0MzNDNUI4RDQyMkE3QUIxNDMxRUU2OTI0MjlDNUU1ODQxMkMy
RTkzNDJENjJBOTkzRjQwNUY5RDQwNDI4NzlDNDAzRjE1NDA0MEE2OTFCNjNG
NDE2MzIzNDBGMEEyMUE0MTM0MDVFQTQwNjg3NUIwNDBFRDZDN0Q0MDhFMkNE
NjQwQUM0OThBNDA5QTk3NjM0MEUzQzgxQzQwMDE0MkIzM0Y3NUUxMjU0MDkw
QjQ5NDNGREVBNjI1M0ZCRDc1RjkzRjYyNzQwMDQwNjlCMEQ2M0ZGMzNFMDMz
RjM4Q0QyNDNGMDU3RjJDM0YyM0UwNzgzRkIyRjVBMzNGOTAxODk0M0ZGMTNG
NkYzRkZFMjY4NTNGNDUxQTE3M0YyRjY5MkQzRjBFMTAyQjNGQjExOUE5M0VG
QzQ1RkIzRTA3QzQwMjNGNjc3NUNBM0UzOTA1QTMzRUUzNDhEMzNFQ0Y0MjdF
M0U2Qjk2OEYzRUUxRTg4MTNFNjI2MEJDM0U0QjM2MEEzRUJBM0UzODNFN0Q5
MUEzM0VGRkQwRjgzRDRBOTRFQjNEQzFGMw==

--SBD.Boundary.605592468
PROCESS /noc/users/iridburst/exec/irid_300224010734970_upd.pl
Last Run  ----1970-01-01 00:00:00 
MONTH  5 
DATA  xxrecord 2012-05-18 11:00:05 :: $W5M5A,120518,110005,660d0028449ce246,1,DAS 2,4901.6280N,1621.7371W,15.1,45,18.3,14.1,10.4,79.3,7.0,10.5,78.8,7.0,1009.9,2.6,3.97,10,348,59*4D
 
INSERT
STATION sbdservice
IRID_ID 300224010734970
BODY 
Content-Type: application/x-zip-compressed; name="SBMmessage.sbd"
Content-Disposition: attachment; filename="300224010734970_003383.sbd"
Content-Transfer-Encoding: base64

JFc1TTVBLDEyMDUxOCwxMjAwMDUsNjYwZDAwMjg0NDljZTI0NiwxLERBUyAy
LDQ5MDEuNjMzME4sMTYyMS43MTYwVywxNS45LDQxLDE5LjMsMTQuMSwxMC43
LDgwLjMsNy40LDEwLjcsODAuNiw3LjUsMTAxMC41LDIuNDMsMy42NSwxMCwz
NDUsNTUqN0QNCg0KJFc1TTVBLDEyMDUxOCwxMjAwMDUsNjYwZDAwMjg0NDlj
ZTI0NiwyLERBUyAyLDE0LjQsMTQuNSwwLjIsMC40LDAuMDEsMTA4NCwxMDkx
LDE1Niw2MjksMCw1Mi4wLDE0LjI3LDkyNCo1RQ0KDQokVzVNNUEsMTIwNTE4
LDEyMDAwNSw2NjBkMDAyODQ0OWNlMjQ2LDMsN0YwMDc1MDIzQTAwMDA1MzMy
MzAzMTMyMzAzNTMxMzgzMTMxMzQzMDMwMzA1NTVCMDAzMTMyMzAzNTMxMzgz
MTMxMzQzMDJDNTQ0MTQyMzAzMDMwMzAzMDJDMkQzMDM1MzEyRTMxMkMyQzMx
MzMyRTM4MzQyQzM0MkUzMDJDMzMzNjMwMzAyQzM2MzAyQzM2MzAyQzMxMkMz
MDMwMzUzNzMwMkMzMzJFMzQzMjJDMzEyRTMyMzYyQzMyMzUzMTJDMzAyQzMw
MkUzMTM2MzQyQzJCMzAzMDJFMzAwRDBBRjExMEMxQkIxRUE4N0YwMDY3MDIz
QTAwMDA1NzMyMzAzMTMyMzAzNTMxMzgzMTMxMzQzMDMwMzBGRjREMDAwMDgw
RkI0NDAwODAwMTQ0MDBBOERFNDcwMDAwRUM0MkQwMURDNzNGQzM5NkQ5NDA2
OEFBNjk0MDQ2NjMxQjQwQTFDNzBFNDEwMEYyNDI0MDE5OTUxMjQxM0M0MURE
NDAwMTAwMjA0MTdDQzgxNTQxRkREQTIyNDBENTk2QUM0Mzg0RTk1QjQyRjhC
MDhDM0NCRTFFOTgzREM2NEM3RjAyN0UwMjNBMDAwMDRCNTY0ODIwMzczMjMw
MzEzMjMwMzUzMTM4MzEzMTM0MzAzMDMwMzEwMDAwMDAyOTVDOEYzRDBBRDdB
MzNCRDY5NkFDNDM4MEU5NUI0MkIwMTJBRDQzRTQ0Qzc4NDJEREU1QjI0M0I4
RTE1MDQyNUZBQjlDNDAxRDIxMTk0MkQ4NzgyOTQxRUM3OURENDE5NkI2NTg0
MUVCRUFEOTQxNENEMjMzNDAwMzNGMUE0MjJCMkRBRDQzQjg1MzRCNDIzMTdC
QTQ0Mzg3RUY2QzQyQTkyOEEwNDMyQTQ5NkM0MjA4MkFBNDQzNkJBQzgxNDJC
MjU5QUQ0M0NCQTA5MzQyMTYyMDlFNDM0MUREODc0MkMyN0I5RDQzNUExMzRB
NDIzMkM5OUQ0MzdENzU1NTQyNjZFMUExNDM2REU0ODk0MjYyMjNCMDQzNEFD
Nzk4NDI4NDE5OTc0MzlGOUU5QzQyRENGNzhFNDJENThDOUM0MkUwQkM3MjQy
OEI1QjhFNDI2NUY1Mzg0MTk5Njc5MzQyMTNGMUExNDM4Qzk2ODg0MkQ3QkVB
MjQzODQ3Mzc5NDI4NDE2QTg0M0JCMzA3ODQyODgyNEE5NDNEQzc0Nzg0MkQx
QkNBMDQzNkFDQjU5NDI1ODczQTU0M0ExQjE1QzQyRkE4RkIxNDM3RDI0NUU0
Mjc3RDMzRjNGMzE0MzY3NDI0OTE3QjkzRjkzM0I2RDQyNzRFRTgyNDFGRDMx
NTQ0MkM3MEJEMjQxOTMzNzQ4NDJCMkJDQkU0MTRCMTI1MTQyNjNGQTE4NDFB
Mzc2NTk0MjE4NjNDQzQwOEQyRTU5NDI5RjBFQTI0MTdFRDU3NzQyOTU3MEM5
NDExRjlCODM0MkIwQ0M3NjQxQjk3NTc4NDI0Q0IwQUM0MDI3QTI3NjQyQjU0
NEVEM0YwOUVEN0M0MkZGMzM4RjQxNTQ3NDdFNDJGQjkzQzQ0MTUyOEE4NzQy
NjVENUFDNDMxMzMzOEI0MjVCRTNBQzQzOEVCMjhDNDJCMDJGMEQ0MkQ4NEE5
NjQyMEU0MDVBNDE1RjZDOTM0MjhGODhCMDQzMEYxNDkwNDJBREFFNzM0MTQ4
ODY5NTQyREMyNjZENDEwREVFOTY0MjYyMENCMDQzMjM5QTkxNDI2M0Y4OUEz
RkVEQTRBNjNGOUZCRDE1NDAzQUIyN0Y0MDc1NUU2QTQwNTdFM0FDNDA5MDJC
MEE0MTBBMUVCQjQwRjlCRkFFNDBCMjc2MDk0MTY0MjEzRTQwMUYzOEI3M0Y0
NUNEN0I0MDNCQUUzMzQwRjkxNzU1M0Y4MUIxNDgzRjgwRERBMjNGRkU3ODgx
M0ZBMjJERUEzRTJCMTEwOTNGOUUyNjNBM0YyMEE2N0UzRjgwNDc5NzNGNUI1
Mjg1M0Y4MDA4MkIzRkIxMUI4NzNGODZCOThCM0Y1OEM2OTgzRjc0NUMzMzNG
RURBNDhCM0ZCRkUzOTQzRkM2QzNERTNFRUMyNTEwM0Y5MUFDQTgzRUQwODI4
MTNFMURDMjAyM0YwODNENTMzRkVFMDE0ODNGQUFCNkM3M0VGOTdCRTIzRUZC
MkZCRTNFRkMxODI3M0VFMUZEM0QzRTI3Qw==

--SBD.Boundary.605592468
PROCESS /noc/users/iridburst/exec/irid_300224010734970_upd.pl
Last Run  ----1970-01-01 00:00:00 
MONTH  5 
DATA  xxrecord 2012-05-18 12:00:05 :: $W5M5A,120518,120005,660d0028449ce246,1,DAS 2,4901.6330N,1621.7160W,15.9,41,19.3,14.1,10.7,80.3,7.4,10.7,80.6,7.5,1010.5,2.43,3.65,10,345,55*7D
 
INSERT
STATION sbdservice
IRID_ID 300224010734970
BODY 
Content-Type: application/x-zip-compressed; name="SBMmessage.sbd"
Content-Disposition: attachment; filename="300224010734970_003384.sbd"
Content-Transfer-Encoding: base64

JFc1TTVBLDEyMDUxOCwxMzAwMDUsNjYwZDAwMjg0NDljZTI0NiwxLERBUyAy
LDQ5MDEuNjY2ME4sMTYyMS43NjA0VywxOC4yLDM2LDIzLjcsMTQuMSwxMS4w
LDgxLjksOC4wLDExLjAsODIuNCw4LjEsMTAxMS4wLDIuNzUsMy45MSwxMS4x
LDM1OSw1Nyo2Mg0KDQokVzVNNUEsMTIwNTE4LDEzMDAwNSw2NjBkMDAyODQ0
OWNlMjQ2LDIsREFTIDIsMTMuMywxNC4yLDAuMiwwLjcsMC4wMSwxMDg1LDEw
OTIsMTU2LDYyOSwwLDQ5LjksMTQuMjcsOTIyKjVDDQoNCiRXNU01QSwxMjA1
MTgsMTMwMDA1LDY2MGQwMDI4NDQ5Y2UyNDYsMyw3RjAwNzUwMjNBMDAwMDUz
MzIzMDMxMzIzMDM1MzEzODMxMzIzNDMwMzAzMDU1NUIwMDMxMzIzMDM1MzEz
ODMxMzIzNDMwMkM1NDQxNDIzMDMwMzAzMDMwMkMyRDMwMzUzMTJFMzEyQzJD
MzEzMzJFMzczNjJDMzQyRTMwMkMzMzM2MzAzMDJDMzYzMDJDMzYzMDJDMzEy
QzMwMzAzNTM3MzAyQzMzMkUzNDMyMkMzMTJFMzIzNjJDMzIzNTMyMkMzMDJD
MzAyRTMxMzYzNDJDMkIzMDMwMkUzMDBEMEFGNDEwQTY4QTMyNjQ3RjAwNjcw
MjNBMDAwMDU3MzIzMDMxMzIzMDM1MzEzODMxMzIzNDMwMzAzMEZGNEQwMDAw
ODBGQjQ0MDA4MDAxNDQwMDMwRjI0NzAwMDBFMjQyQjRCMkRDM0Y1OUNFRTI0
MDlGODA3QTQwOUYwODMwNDA5NjA0MEQ0MThDOTA1NzQwRTlBNjA4NDExQjA1
RTE0MDFEQzczMTQxNDVCRDE4NDFCNjQ4MzY0MEE4NjZCMzQzNkQ3NzY1NDJG
MkE3QjEzQzA1MUUzNzZDRTQ4RjdGMDI3MjAyM0EwMDAwNEI1NjQ4MjAzNzMy
MzAzMTMyMzAzNTMxMzgzMTMyMzQzMDMwMzAzMDAwMDAwMDI5NUM4RjNEMEFE
N0EzM0JBODY2QjM0MzY0Nzc2NTQyQjVDNTUzNDEwOTY0Rjc0MTVGMTk0NTQx
N0ZBMERBNDFERjg0RDE0MDk3MTEwODQyMURFNDA4NDE0OTc3MDk0MjM3MzQy
NjQxMzlBMTBCNDI5MzhERjA0MDgwQTY1MDQyRTRBNjg2NDE3RjQyOTQ0Mjg3
N0UwNDQzODkyNjk4NDJGOTUxODk0M0YyOUQ5QzQyMzVDMDlGNDMxMTE1ODM0
MkExMzlBODQzRDRGQjgwNDI5MzQ4QUY0MzY4RTc5MjQyRUMwNjhBNDM3QzA3
OTk0MjBGREZBNzQzM0FENTg2NDIyNzE4QUE0M0Q3RDE3MzQyNUQ0OUIwNDNG
NTJEN0I0MjU0MTZCMTQzNDIwNzZENDI5OTk3QUI0MzBERDc1RjQyQkNEN0Ix
NDM5NTNENjk0MkJBNkMzOTQxRjgzMTY5NDI5Q0ExQjE0MzhCRTM3OTQyRDJB
QkFENDMxOUFEODE0MjYxMzFCMDQzRjk1MTc4NDIxQjZBQjM0MzEyRDc3NTQy
MEU4QTZFNDE5NjYxNjM0MkNDMzA4QTQxQzY5OTQyNDIxMEVCQkI0MThFRDAz
NDQyQjlEOEFGNDEwNzc0M0I0Mjk3MDhEQTQwMTBENjVFNDI3QzlCQjI0Mzcw
OTM3MDQyRjYzNzk4NDFDMDBDNUY0MkMwQjBERjQxRDhFNzUzNDI0NjUzRjQ0
MUY1Q0I2QTQyQjI3MzRGNDIzRTJBNjg0MkZEODAwQzQyMTZBNjZENDI2M0ND
MkQ0MDQ3RTc2QTQyRUMzQkIzNDNDOEJGNzg0MkE5OTg2NzQyQ0FDQzg2NDJB
OTVBODg0MkZBNEY3NzQyOTVBMTVFNDIzODdEN0M0MjhBNEIxMDQyOEY2RTg2
NDJBRjhCODk0MUJEMDg5MDQyMDI4NkNDM0ZDOEMzOTg0MjZEMTRCQzQyOEYy
QzlCNDI3QTk0OUU0MjhDODI5MDQyNEU3MkVENDFEMDhFOEU0MkUwN0VBQzQz
MTg5MjhCNDJCOTM1MjI0MDkwMTk4NjQyNjdGREQ4M0YwQzQ3OUE0MDkzMjkz
NTQwNzdCOTkxNDBEMTRCRTU0MDYxMThCRTQwMDkwNEI1NDAwRTNDQ0Q0MDgy
OEY5ODQwMDcxRkRENDA2MEZGREU0MDYxMDg3NDQwMzYzNjhGM0ZDNTZFNDQ0
MEI5MjA0QTQwQ0M0MjFDNDBFQTNBNEE0MDkxNjEzNjQwREE3NEVCM0Y1MUQ4
RUQzRkE4NDQ2MDNGMzU2NjVEM0ZDQzJGOTEzRjczRjc4RTNGM0RGRjhFM0Yx
QzdCREIzRjlDQzBENTNGNEFBM0VFM0Y1MTJCQzMzRkRENTg1NzNGRjhEMTgx
M0ZEQjVBOTIzRkU4RTVCOTNFQUI1MEI5M0VBMDhEREYzRTQ4OTJFMTNFN0ZD
MUExM0U3NkFBNDYzRUFDQjFDNDNFRDlBREQxM0UyMjMyNTUzRURFMjU3QjNF
QjQwMjY2M0U1MUNCMjMzRTQ5MDlFMzNEQg==

--SBD.Boundary.605592468
PROCESS /noc/users/iridburst/exec/irid_300224010734970_upd.pl
Last Run  ----1970-01-01 00:00:00 
MONTH  5 
DATA  xxrecord 2012-05-18 13:00:05 :: $W5M5A,120518,130005,660d0028449ce246,1,DAS 2,4901.6660N,1621.7604W,18.2,36,23.7,14.1,11.0,81.9,8.0,11.0,82.4,8.1,1011.0,2.75,3.91,11.1,359,57*62
 
INSERT
STATION sbdservice
IRID_ID 300224010734970
BODY 
Content-Type: application/x-zip-compressed; name="SBMmessage.sbd"
Content-Disposition: attachment; filename="300224010734970_003385.sbd"
Content-Transfer-Encoding: base64

JFc1TTVBLDEyMDUxOCwxNDAwMDUsNjYwZDAwMjg0NDljZTI0NiwxLERBUyAy
LDQ5MDEuNjk4OU4sMTYyMS44NDAwVywxNi41LDMwLDIwLjMsMTQuMSwxMS4w
LDgwLjUsNy44LDExLjAsODEuMSw3LjgsMTAxMS4yLDIuNTcsNS41Miw5LjEs
MzU1LDYxKjVEDQoNCiRXNU01QSwxMjA1MTgsMTQwMDA1LDY2MGQwMDI4NDQ5
Y2UyNDYsMixEQVMgMiwxNC40LDE0LjUsMC4yLDAuNCwwLjAxLDEwODYsMTA5
MywxNTYsNjI5LDAsNDAuNiwxNC42Niw5MjIqNUUNCg0KJFc1TTVBLDEyMDUx
OCwxNDAwMDUsNjYwZDAwMjg0NDljZTI0NiwzLDdGMDA3NTAyM0EwMDAwNTMz
MjMwMzEzMjMwMzUzMTM4MzEzMzM0MzAzMDMwNTU1QjAwMzEzMjMwMzUzMTM4
MzEzMzM0MzAyQzU0NDE0MjMwMzAzMDMwMzAyQzJEMzAzNTMxMkUzMTJDMkMz
MTMzMkUzODM1MkMzNDJFMzAyQzMzMzYzMDMwMkMzNjMwMkMzNjMwMkMzMTJD
MzAzMDM1MzczMDJDMzMyRTM0MzIyQzMxMkUzMjM2MkMzMjM1MzMyQzMwMkMz
MDJFMzEzNjMzMkMyQjMwMzAyRTMwMEQwQUY1MTA1QjMyNDAyQTdGMDA2NzAy
M0EwMDAwNTczMjMwMzEzMjMwMzUzMTM4MzEzMzM0MzAzMDMwRkY0RDAwMDA4
MEZCNDQwMDgwMDE0NDAwREMwMjQ4MDAwMEU2NDJEMjNERDAzRjEzREFERDQw
RDhBNUIwNDA5RTc0MjQ0MDkxNDUwQTQxRTM1ODU2NDA4OUUzMTQ0MTA3OUZF
NjQwNUQ3NDExNDFCMDJCMTM0MUI3MTYzMjQwRjE1MkIxNDNEQTE4NzQ0MkFF
RkVBQjNDQUIxRUU0MThENkZDN0YwMjVBMDIzQTAwMDA0QjU2NDgyMDM3MzIz
MDMxMzIzMDM1MzEzODMxMzMzNDMwMzAzMDJFMDAwMDAwMjk1QzhGM0QwQUQ3
QTMzQkYyNTJCMTQzRDIxODc0NDIwRTMyOTI0MUQ0MjQyMTQyREVDQ0ZENDAw
QzFEMDM0MjE1OUVCMjQwRDU5RDAxNDIxN0I1MkM0MTA0RTExRDQyM0EyNjU4
NDEwMDAwMjQ0MjlFNzcwOTQxNjEyQjJGNDIzNjgwQjA0M0JDRkI2NTQyOEU2
REE0NDNFQUREOEE0MkZERTBBMTQzNUJCRDk1NDI0MTlCRjY0MDJCRDc5QzQy
NjU5RkVFNDFCRTI3OTM0MjFERERBRDQzOTM0Rjg4NDIwMEEzQTE0M0VBQ0E4
MTQyNUVFQUE2NDMzQjYzODk0MjhGQzhBRjQzMEY4QThBNDI0MEI3MTE0MUY3
QUY4RTQyMjA1QkFDNDNDNDdCOTU0MkY3MDg5NTQzQzA2MDg4NDIxMDM3QTU0
MzBFREY4QzQyOTQ0REI4NDAzNzEwOEE0MkM2NDlBRDQzQ0Q3RjhENDI5RjRF
QUY0MzJGNDk4QjQyRDczNUQwM0VCRjNCODM0MjNDODIxNDQxMUIzMDgzNDJD
MDhGQjE0MzEzRTI2RjQyOUNCMEIwNDM5RDEyNDk0MjVEMjQ2ODQwODM4MjQ1
NDI4OTlDRkU0MDVCMUQzNzQyNzg1MEM0NDA0MUY3MjU0MjFDNkYzMzQxQjhC
RDM1NDI3ODY0RUU0MTFCQ0Q0NjQyNjQyQkYyNDFDRjAyNEM0MkU0QkRCMjQx
MjM0MTU2NDI4NzhFQ0Q0MTJGODQ2MjQyQzg5REQxNDEwNEY4Njg0MjlFNEQ1
MDQxRjA3RTc0NDJCQUFEMkQ0MTlFRkE2RTQyRkUwQjg4NDE0NDNBNzg0MjBB
M0YxNjQyM0I0Nzg2NDI1QjAwMkI0MjA1NDE5MzQyQjZGMUExNDNGNUMxOTI0
MjlDRkRBRDQzRjk4RThFNDJFMDk1QjI0MzA4OTY4OTQyN0Q4RkFBNDNENTZF
OEQ0MkY5REZBMjQzQUQ4MTkyNDI0RTc5QTg0M0Q0ODk5MDQyNzMxMDkzM0Y1
MkQyMEE0MDZDNDU2QzQwQzBFMDIzNDAwRUY3ODQ0MDgzRUYwRTQxNDgwQjlD
NDA0REJCOTc0MEZGMUY0QzQxQTNGNTBENDEwQzRGNkY0MENDNUVBMDQwOEMx
RjI2NDBCRjJCMkQ0MEExNTIzRTQwOUU5NTAzNDAwQUM5N0IzRjQ5QkRBNTNG
REQ5QUExM0Y1M0Q1NTgzRjg2NkE4QzNGODNCRDlGM0Y1MDM3QjUzRkU0MTVC
ODNGM0MzN0IyM0YxRjY3RTEzRjhGRjVFQTNGREI2NERBM0ZGRTk4OTgzRjhE
MTMwQjNGMTQyOTAzM0ZCQjAzMkMzRjY1RkYyQzNGQTZBOUQyM0U1NUFFMDUz
RUYzMjgwNjNFMjNEMjNEM0UxNzI0OUUzRTM0RjI3NTNFRDI0MjNEM0UwRkMx
OTMzRDFBOEQyQjNFRjI2QzZCM0UzRjg0MTQzRUYyQzQwMjNFM0U5QTU0M0VG
NjMyNEY4NSo2Nw0KDQo=

--SBD.Boundary.605592468
PROCESS /noc/users/iridburst/exec/irid_300224010734970_upd.pl
Last Run  ----1970-01-01 00:00:00 
MONTH  5 
DATA  xxrecord 2012-05-18 14:00:05 :: $W5M5A,120518,140005,660d0028449ce246,1,DAS 2,4901.6989N,1621.8400W,16.5,30,20.3,14.1,11.0,80.5,7.8,11.0,81.1,7.8,1011.2,2.57,5.52,9.1,355,61*5D
 
INSERT
STATION sbdservice
IRID_ID 300224010734970
BODY 
Content-Type: application/x-zip-compressed; name="SBMmessage.sbd"
Content-Disposition: attachment; filename="300224010734970_003386.sbd"
Content-Transfer-Encoding: base64

JFc1TTVBLDEyMDUxOCwxNTAwMDUsNjYwZDAwMjg0NDljZTI0NiwxLERBUyAy
LDQ5MDEuNzE2ME4sMTYyMS45MTI0VywxOS44LDIxLDI2LjEsMTQuMiwxMS40
LDgwLjMsOC4xLDExLjQsODEuMCw4LjIsMTAxMS41LDIuNjcsMy43Miw5LjEs
MzU1LDUzKjUwDQoNCiRXNU01QSwxMjA1MTgsMTUwMDA1LDY2MGQwMDI4NDQ5
Y2UyNDYsMixEQVMgMiwxNC40LDE0LjUsMC4yLDAuNCwwLjAxLDEwODcsMTA5
NCwxNTYsNjI5LDAsNDguMywxNC42Niw5MjQqNTINCg0KJFc1TTVBLDEyMDUx
OCwxNTAwMDUsNjYwZDAwMjg0NDljZTI0NiwzLDdGMDA3NTAyM0EwMDAwNTMz
MjMwMzEzMjMwMzUzMTM4MzEzNDM0MzAzMDMwNTU1QjAwMzEzMjMwMzUzMTM4
MzEzNDM0MzAyQzU0NDE0MjMwMzAzMDMwMzAyQzJEMzAzNTMxMkUzMTJDMkMz
MTMzMkUzODM0MkMzNDJFMzAyQzMzMzYzMDMwMkMzNjMwMkMzNjMwMkMzMTJD
MzAzMDM1MzczMDJDMzMyRTM0MzIyQzMxMkUzMjM2MkMzMjM1MzQyQzMwMkMz
MDJFMzEzNjMzMkMyQjMwMzAyRTMwMEQwQUY2MTA4RDAyNkVFMDdGMDA2NzAy
M0EwMDAwNTczMjMwMzEzMjMwMzUzMTM4MzEzNDM0MzAzMDMwRkY0RDAwMDA4
MEZCNDQwMDgwMDE0NDAwQTAwQzQ4MDAwMERDNDI3QkNDRUEzRjJBQzhFODQw
MjQwMDZFNDA4QTAyMkI0MDc0OUIwQTQxQjA5RDRDNDBGNEY1MDQ0MTQ5MEZF
MTQwNUQ3NDExNDFENTI5MTI0MTE0OTczODQwQjMzREIxNDMyMDI1NTI0MkZD
QzNCNjNDMTQxQzkwQkE2REQzN0YwMjY2MDIzQTAwMDA0QjU2NDgyMDM3MzIz
MDMxMzIzMDM1MzEzODMxMzQzNDMwMzAzMDJGMDAwMDAwMjk1QzhGM0QwQUQ3
QTMzQkIzM0RCMTQzMUEyNTUyNDI5NTM4QjM0M0EwQzcxNTQyMDdFRTg1NDAy
NDM1MTQ0MjYyQzk1RTQxRjhDNjE3NDIxQTY3RjA0MEMyMUEyMzQyMUMyOEFG
NDNFNTY3MUI0MkEwMENBQjQzMjJEMzI0NDJGQjYxQTc0MzMwRTA0MDQyRjU0
MUE3NDMwREMzNTU0Mjc3MUFBRTQzNzY1OTUxNDI3NDJFQUQ0MzE5OTk1QTQy
NjFDMkE1NDNGNUYxNjI0MjBFNUNBODQzRTE1ODVDNDI5QTc1NTUzRkI2Q0Y3
MjQyREE5Q0FGNDMwRTI5N0Y0MjZFMTJBODQzNEVBMDYwNDI1NEJDQTU0M0Yy
QTM3NzQyOTM3QUIxNDM0M0E0ODQ0MkE2NDI3RTQxRDBBNTdENDJCNjNBNUE0
MTRCNEE4MjQyNzMyNkIwNDNFQTAyODc0MkQzMzZCQjQxMjYyOTgyNDI4M0FE
MkE0MjdFQTc1QTQyOUM3NTUxNDIzNTZDM0M0MjY5QjY1QjQyMkJBNjI0NDI3
MkU2MkM0MkNDMTgyQzQyNjJDMUVBNDE2MTE4MzM0MjQ2MjlBNTQxNEI5QjMw
NDJFRjYwNTA0MTVGNEE0MDQyMEMyRDc3NDEyQ0U1NUI0MjM5ODNCQTQxMDc2
MzVCNDI0OUZFQzQ0MTlFNTM1ODQyQ0ExNkQ1NDFEMjNGNjc0MjAwRThDNjQx
Njc4QzgxNDI3MERCQUI0M0JDMDU4RTQyNkY4RTIzNDBEOTk0NzE0MjdDRDQ2
RjQxQ0MwMTYxNDJEOTcwMTI0MjAxMDk2QTQyRTYyNTU4NDIyNDAzNjg0MjNB
ODQ2NTQyQjUyNTg0NDI4NjZFRDU0MjIyOTQ5MjQyM0YwOEEwNDJGRUE5OEU0
MjJFMzUwMTQyQzVFQTg1NDJCNTgzMkE0MUExQTI4MTQyM0IyMkM4NDAwQUM5
ODE0MjQ2MjNCRTQxODhBOTg2NDI5NEQ1MTQ0MjE0MEM5MDQyOTY3RDJFNDFE
RjE5OTQ0MkRCQjlBRjNGQzU0MjAyNDA0OEEzRDMzRjNDRTcyOTQwMEE1ODMw
NDA5NDQ1Nzc0MDAxRjMyOTQxMzFBMUMzNDBEMTRENTA0MTc2QTcyRDQxOTJG
NkIzNDA0NTU0RDk0MENCNUZFRDNGMEY3OUMzM0Y3OEE1RjQzRjIyRkNBODNG
NjQ2QkVBM0Y2MjQwMkY0MDI5NDhCNzNGMDczQTAzNDBGMUE1RjEzRjJDOUNF
NDNGMjkzMTk0M0Y4N0E5RjMzRjE2OTNDMzNGQTg2REMxM0ZFRDNEMDY0MEM5
QURBMjNGMjUzNEZCM0U1RjkyODAzRkE3QjY1ODNGNUUxRjczM0YyN0ExMkQz
RjhGOUQ1MTNFNTlEMjhCM0U2MDJFRTYzRUEzN0I2MzNFNjMxNjgxM0VFNUI2
ODMzRTJDRDgyRDNFOTg0NTQ2M0U4NzhFRTIzRUNGQzM4NjNFQzQ3NTUyM0VD
RDc0NUMzRUNDOEMyNTNFNTYyODczM0UyNA==

--SBD.Boundary.605592468
PROCESS /noc/users/iridburst/exec/irid_300224010734970_upd.pl
Last Run  ----1970-01-01 00:00:00 
MONTH  5 
DATA  xxrecord 2012-05-18 15:00:05 :: $W5M5A,120518,150005,660d0028449ce246,1,DAS 2,4901.7160N,1621.9124W,19.8,21,26.1,14.2,11.4,80.3,8.1,11.4,81.0,8.2,1011.5,2.67,3.72,9.1,355,53*50
 
INSERT
STATION sbdservice
IRID_ID 300224010734970
BODY 
Content-Type: application/x-zip-compressed; name="SBMmessage.sbd"
Content-Disposition: attachment; filename="300224010734970_003387.sbd"
Content-Transfer-Encoding: base64

JFc1TTVBLDEyMDUxOCwxNjAwMDUsNjYwZDAwMjg0NDljZTI0NiwxLERBUyAy
LDQ5MDEuNzIzM04sMTYyMS45ODI3VywyMS40LDI1LDI2LjcsMTQuMiwxMS40
LDc5LjcsOC4wLDExLjQsODAuMiw4LjIsMTAxMS43LDIuNzQsNC4yLDguMyw3
LDU0KjY5DQoNCiRXNU01QSwxMjA1MTgsMTYwMDA1LDY2MGQwMDI4NDQ5Y2Uy
NDYsMixEQVMgMiwxMy44LDEzLjksMC4yLDAuNCwwLjAxLDEwODgsMTA5NSwx
NTYsNjI5LDAsNjUuNywxNC42Niw5MjkqNTkNCg0KJFc1TTVBLDEyMDUxOCwx
NjAwMDUsNjYwZDAwMjg0NDljZTI0NiwzLDdGMDA3NTAyM0EwMDAwNTMzMjMw
MzEzMjMwMzUzMTM4MzEzNTM0MzAzMDMwNTU1QjAwMzEzMjMwMzUzMTM4MzEz
NTM0MzAyQzU0NDE0MjMwMzAzMDMwMzAyQzJEMzAzNTMxMkUzMTJDMkMzMTMz
MkUzMjM4MkMzNDJFMzAyQzMzMzYzMDMwMkMzNjMwMkMzNjMwMkMzMTJDMzAz
MDM1MzczMDJDMzMyRTM0MzIyQzMxMkUzMjM2MkMzMjM1MzUyQzMwMkMzMDJF
MzEzNjM3MkMyQjMwMzAyRTMwMEQwQUZBMTA5QUI0N0E4QjdGMDA2NzAyM0Ew
MDAwNTczMjMwMzEzMjMwMzUzMTM4MzEzNTM0MzAzMDMwRkY0RDAwMDA4MEZC
NDQwMDgwMDE0NDAwNjQxNjQ4MDAwMEVBNDI0MjZDRDkzRkI4NUNEQjQwRDk3
NDg2NDA2QjBFMkY0MDk1RjEwNDQxRTNCNDVGNDBDQkY3MEQ0MTNDODlENzQw
NTY1NTA1NDFGRjVCMTE0MUU2QzczMjQwRkNBRkQxNDA5NTFCNTg0MkVCMEJB
RjNDM0UxRjVCNEREN0QzN0YwMjRFMDIzQTAwMDA0QjU2NDgyMDM3MzIzMDMx
MzIzMDM1MzEzODMxMzUzNDMwMzAzMDJEMDAwMDAwOTk5OTk5M0QwQUQ3QTMz
QjBBQjBEMTQwOTAxQjU4NDJFMjdDMEQ0MUQ1NzIwQTQyMjVCQUQ0NDAzNUQ4
MDg0MjgwNzZDNDQwQkFDMzAyNDJBNzAzQjM0MzVGMjcyMzQyQTQwN0FDNDNG
QUZCNUI0MjdBNjNBODQzQUY3MjZGNDI2RkY5QUM0MzAyQzA2RTQyOTJGMUFE
NDMxRjcxN0I0MkNCQkFCMjQzMkU3Qzg1NDJGNTdGRjI0MUU0Mjk4QzQyOTBE
RjQ3NDJGMTZBOEU0MkJEQThGMjNFOEJGMzgyNDI4NTRCNkQ0MTA4QzQ3RjQy
NjZBQzJENDFEMDNBODY0MkY0MzFBNDQzMTE0QTc2NDIxRTQyOUY0M0I3RDU2
MDQyRDI4N0E3NDM2QjE0N0U0MkIxQTk2MzQxNjI0NTc2NDI5OTcyOTk0MTRF
NEM1NDQyNzg3MTU4NDEzQ0Y3NDQ0MkUzQzREMDQxNTdDMDQ3NDJDRjNDMTA0
MjUzRDEzRTQyMzVDMEZGNDE5OUQwMzI0MjJGRDI5MTQxNTIwRDNGNDJDQ0I5
OUM0MEI3Njg0QTQyOTM4NzZCNDEwOUZGNDQ0Mjc3MTVCRjQxMUU4ODU2NDJG
QjE1NjE0MTVBNjE2MTQyOEFBNjgwNDFCRkEyNEU0MjBCREIxNTQxNjBFRTRE
NDJFRjQ3QjI0MzJGNjA1MDQyQjk3RDExM0YzQkQ5NDk0MjQzMTBCMjQwQzRC
NTRCNDI3MUVGMDk0MUQxM0Y1NjQyMzU1NUE0NDEwQ0I4NkE0MkFGOEIyNzQy
OUU0Njg2NDI5Q0E0QTk0MzNEQ0Q4RTQyMjE0M0EyNDNBM0UzN0I0MkIwRTJB
NTQzNjhCODcyNDI5MDE1QTI0MzlEMjU4MjQyNUFFMDk4NDNDOTkwOTg0MjAw
Qzk5NTQzQzhDNDk1NDIyRjAwOUM0MzlGMTA4RDQyN0VFQjlGNDMyNEYzOTM0
MjkwN0JCMjQzNTRDODk1NDJDNEU5NjU0MENENERBMDQwQzNFMzhFNDBCQTA1
QTY0MEU5RDlDNTQwM0UzMjYwNDA5QzBCODI0MEUxNUM1RjQwMzkxN0JENDA0
RkMwRDg0MERCNkUxMjQwQzdDMzRDNDA0RUYyNEY0MDJBOEMyMjQwNkM5OUNG
M0Y5REY5OTUzRjlDQkU4RTNGMUVCRTkwM0ZEMjU1RDkzRjgyNkYwQTQwNDI0
NDY0NDA4MjYyNjk0MDczODE2RjQwNjcwNDVFNDBERkNCQzEzRkI2MUFFRjNG
RDRCODY1M0YwODgwODgzRjI5NTBDNDNGOTY5RTgxM0YyNjc3NDUzRjM5NTkz
NjNGNUI0NDczM0ZGMkNFNTYzRkUyODc5NDNFQkMzNzRDM0VFN0FCMjEzRUUw
ODY4NTNFMjMwQTY5M0VENTFEMjAzRUM1MDQxNTNFRTNERDEyM0U5MEM5Q0Yz
REZGOTVGRTNEMjY2RDAxM0UwQkY3REJGRSoxQg0KDQo=

--SBD.Boundary.605592468
PROCESS /noc/users/iridburst/exec/irid_300224010734970_upd.pl
Last Run  ----1970-01-01 00:00:00 
MONTH  5 
DATA  xxrecord 2012-05-18 16:00:05 :: $W5M5A,120518,160005,660d0028449ce246,1,DAS 2,4901.7233N,1621.9827W,21.4,25,26.7,14.2,11.4,79.7,8.0,11.4,80.2,8.2,1011.7,2.74,4.2,8.3,7,54*69
 
INSERT
STATION sbdservice
IRID_ID 300224010734970
BODY 
Content-Type: application/x-zip-compressed; name="SBMmessage.sbd"
Content-Disposition: attachment; filename="300224010734970_003388.sbd"
Content-Transfer-Encoding: base64

JFc1TTVBLDEyMDUxOCwxNzAwMDUsNjYwZDAwMjg0NDljZTI0NiwxLERBUyAy
LDQ5MDEuNzI2M04sMTYyMi4wNjg3VywyMi4yLDE4LDI3LjcsMTQuMiwxMS4z
LDgwLjEsOC4wLDExLjMsODAuNCw4LjEsMTAxMi4yLDMuMTEsNC42Myw5LjEs
MzU4LDU0KjU1DQoNCiRXNU01QSwxMjA1MTgsMTcwMDA1LDY2MGQwMDI4NDQ5
Y2UyNDYsMixEQVMgMiwxMy4zLDEzLjksMC4yLDAuNCwwLjAxLDEwODksMTA5
NiwxNTYsNjI4LDAsMjIwLjgsMTQuNjYsOTIzKjY2DQoNCiRXNU01QSwxMjA1
MTgsMTcwMDA1LDY2MGQwMDI4NDQ5Y2UyNDYsMyw3RjAwNzMwMjNBMDAwMDUz
MzIzMDMxMzIzMDM1MzEzODMxMzYzNDMwMzAzMDU1NTkwMDMxMzIzMDM1MzEz
ODMxMzYzNDMwMkM1NDQxNDIzMDMwMzAzMDMwMkMyRDMwMzUzMTJFMzEyQzJD
MzEzMzJFMzIzOTJDMzQyRTMwMkMzMzM2MzAzMDJDMzYzMDJDMzYzMDJDMzEy
QzMwMzAzNTM3MzAyQzMzMkUzNDMyMkMzMTJFMzIzNjJDMzAyQzMwMkMzMDJF
MzEzNjM3MkMyQjMwMzAyRTMwMEQwQThFMTBBOENDNkJGRTdGMDA2NzAyM0Ew
MDAwNTczMjMwMzEzMjMwMzUzMTM4MzEzNjM0MzAzMDMwRkY0RDAwMDA4MEZC
NDQwMDgwMDE0NDAwMjgyMDQ4MDAwMEVBNDI0NUI4MDA0MDY4MzZEOTQwMDQw
Qzk0NDBFRUM2NDY0MDIzMTIwMTQxNUQ3MDc1NDA5OUQzMDA0MUNGNkFENzQw
NUQ3NDExNDE5MDMyMEU0MUQzMzI1MTQwNDRENkIyNDMyNEM0NTg0MjY3QkNF
QTNDMzgxQkE5MUREN0RCN0YwMjcyMDIzQTAwMDA0QjU2NDgyMDM3MzIzMDMx
MzIzMDM1MzEzODMxMzYzNDMwMzAzMDMwMDAwMDAwOTk5OTk5M0QwQUQ3QTMz
QjQ0RDZCMjQzMjFDNDU4NDI0MzVCQUU0M0U4MzE3QzQyQUQ4MzYwM0Y3NUE0
NTA0MjYzRDUzQzQwRTkwNDJENDJGN0NDOEM0MDUzOTQzMDQyNjk4M0E1NDAw
MjMwM0Q0MjlENTVBRDQzMTgxMjYxNDJFMkU4QTE0MzEwNkM2MzQyOTk5Q0Ey
NDM0QzI5NUY0MkE0RENBNDQzM0EwQjY0NDI2RUE1QTM0MzI1ODU3RDQyNkVB
REFCNDMzOEI0OEM0MjVFODZCMDQzNUUyQzgzNDJGQUE3QjI0MzFGMEI2MjQy
MjMyQjUwNDEzQjNFNTk0MkYyOERDQTQwNDVCNDY5NDIyMkU5MzQ0MEI0QjE2
NjQyNjQ0MEIzNDM1OTY0NTk0MkIyOEYwQjQxQjIwNDM5NDJCNEVBQkE0MThE
QzMxRTQyN0VERUVCNDE4NzJDMzY0MkM0NjJBNTQxOUY2RjQwNDJEMzQwQTA0
MTc4ODQzMTQyQkY1MUUwNDEyNTBFMzY0MjYxN0M5OTQxNTE4QTUwNDI4MEQw
NkQ0MDRERjA1QTQyMTAzODBCNDE0OENENjE0MjdGMDlCNjQxQUMzQjRGNDJB
MUQ5RDM0MTYwRjczNjQyOTFENEQxNDFERjFBM0E0MkY4MTgwMjQxMjkyQzU1
NDI2RUFGQjI0M0I2NEI3NTQyRUNDQzE1NDJCODVEODM0MkEyQjQzRjQyRjgz
Mzc5NDJDMDRGRjk0MUQyRkM4MzQyOUI1NDJGNDFEN0U3ODM0MkU5OTBCMzQz
NDk3NDdFNDJCRDc1RTczRkRBMTc4NTQyMzM2MzA2NDEyMzc1ODg0MjcyMjFG
QTQwMjE2NDg3NDJEODVEMUI0MTNDQjc5MTQyOUQzQjU2NDJDMTAzOUE0MkVD
RDk4MzQyNjFDOTlFNDI1NjY2QTU0MzYyQTE5ODQyM0NBQkE0NDM3ODIyOTc0
MjBGN0U5QjQzNTBDMDlBNDJCQkUwMUY0MjREQTNBMDQyM0VDNUFGNDJGMkUw
OTU0MjJFRkI5MTQyNkFEOTkzNDI0OEZBMTA0MEFFMzgxMDQwNDlDOTRCNDAw
NTMyRUM0MEMyN0NCMzQwQ0ZEQkIwNDBCQTVCMTM0MTQyMzkzNjQxQjRENUI1
NDA0MEYyOTc0MEIyMTRBMDQwMTYxOUY3NDAzNjdFODU0MDhFODc3MTQwMkU5
NTg3NDAxRTI4NEQ0MDAyNTE0RTQwNzAzQTlDNDBBMkVCRDQ0MDAxNkI3MzQw
RjU3QjEyNDAxOUNGNUE0MDU2MzQ3NTQwMTQzRDA5NDA3REU5MzA0MDY2QzU0
RDNGMTBFNjdEM0Y0QThERTAzRjNFODNCMjNGNTM1MjQ0M0Y1MkUyM0QzRjA2
QTQ0MzNGQjQ1QTU0M0YzMEVEMjkzRjZCN0RDNTNFMDMyOUQ3M0VEMjZDRUUz
RUI5NkY5QTNFMTdBRTY2M0U1QTNBODYzRTQ5MzM5QjNFRTczRjNCM0VEMDkz
MDYzRUM2QkM0NjNFOTkwNDJBM0VBMENDMQ==

--SBD.Boundary.605592468
PROCESS /noc/users/iridburst/exec/irid_300224010734970_upd.pl
Last Run  ----1970-01-01 00:00:00 
MONTH  5 
DATA  xxrecord 2012-05-18 17:00:05 :: $W5M5A,120518,170005,660d0028449ce246,1,DAS 2,4901.7263N,1622.0687W,22.2,18,27.7,14.2,11.3,80.1,8.0,11.3,80.4,8.1,1012.2,3.11,4.63,9.1,358,54*55
 
INSERT
STATION sbdservice
IRID_ID 300224010734970
BODY 
Content-Type: application/x-zip-compressed; name="SBMmessage.sbd"
Content-Disposition: attachment; filename="300224010734970_003389.sbd"
Content-Transfer-Encoding: base64

JFc1TTVBLDEyMDUxOCwxODAwMDUsNjYwZDAwMjg0NDljZTI0NiwxLERBUyAy
LDQ5MDEuNzM2NU4sMTYyMi4xMTkyVywyMi43LDEyLDI4LjAsMTQuMiwxMS40
LDc1LjksNy4zLDExLjQsNzYuNCw3LjQsMTAxMi43LDMuMjcsNC43NywxMCwz
NTgsNDgqN0ENCg0KJFc1TTVBLDEyMDUxOCwxODAwMDUsNjYwZDAwMjg0NDlj
ZTI0NiwyLERBUyAyLDEzLjIsMTMuNywwLjIsMC40LDAuMDEsMTA5MCwxMDk3
LDE1Niw2MjgsMCwyMDYuNywxNS4wNSw5MjMqNjANCg0KJFc1TTVBLDEyMDUx
OCwxODAwMDUsNjYwZDAwMjg0NDljZTI0NiwzLDdGMDA3MzAyM0EwMDAwNTMz
MjMwMzEzMjMwMzUzMTM4MzEzNzM0MzAzMDMwNTU1OTAwMzEzMjMwMzUzMTM4
MzEzNzM0MzAyQzU0NDE0MjMwMzAzMDMwMzAyQzJEMzAzNTMxMkUzMTJDMkMz
MTMzMkUzMTMwMkMzNDJFMzAyQzMzMzYzMDMwMkMzNjMwMkMzNjMwMkMzMTJD
MzAzMDM1MzczMDJDMzMyRTM0MzIyQzMxMkUzMjM2MkMzMTJDMzAyQzMwMkUz
MTM2MzgyQzJCMzAzMDJFMzAwRDBBODcxMDc4NUI4NDk0N0YwMDY3MDIzQTAw
MDA1NzMyMzAzMTMyMzAzNTMxMzgzMTM3MzQzMDMwMzBGRjREMDAwMDgwRkI0
NDAwODAwMTQ0MDBFQzI5NDgwMDAwREU0MkRDQTEwNzQwODVGOUU2NDAxNDgx
OTg0MDMyNjU1MTQwNDcwNjA5NDFCNDU5ODI0MDU3NjcxMjQxRkNGRkUwNDAw
MTAwMjA0MTRGOEMxNTQxQkVGMjVCNDAyMEU5QjI0Mzc4QUM0MDQyOUNBRjAz
M0RFOTFDRjkyNzk2ODk3RjAyNUEwMjNBMDAwMDRCNTY0ODIwMzczMjMwMzEz
MjMwMzUzMTM4MzEzNzM0MzAzMDMwMkUwMDAwMDA5OTk5OTkzRDBBRDdBMzNC
MjFFOUIyNDM3M0FDNDA0MjEyRjlDNDQxNzk3NzFCNDI1QkU4QzA0MTlEQ0Mx
MTQyMzlBMTJDNDFDN0MwMjA0MjFFRkNCMjQzNDdGMTFDNDJFRDYyQUY0M0VF
RTMyNDQyRDcwQUFCNDNCQzdEM0I0MjM2MTFBQzQzNTMyMjUzNDIyQTA2QjE0
MzREMzA0OTQyRkYxMEIxNDNDRTM0NEU0MjRERTM4NzNFRUYxQTUyNDJFMDY2
MUY0MEI3MzI0NzQyMTAwN0IzNDNBOThENDk0MjhEMTFBOTQzOEFENjNENDJB
RUFFQTg0MzBEMDIyNTQyQzE5QkFFNDM3RjA2Mjg0MkY1NTM0NjQwRTJFRTNB
NDJDRDE2MUI0MTFCOEU0RDQyMjY4MzA5NDE0NTA5NTE0MjBCMTQ1OTQxQTA0
MzUwNDI3MjMxRjI0MDUzRDEzQzQyQjk1OUY1NDA2NEQzMkY0MkI0RkIyQTQx
RDY1NjMyNDIyQjczNEU0MDYzODA0NDQyNDM3NjFCM0UzN0FDNjc0MjMyMzA0
MTQxNzNDOTc4NDIzMkU2NTE0MTk1MkI2QjQyNTQzN0EwNDFBRTAxNTc0MjBB
RkM4MTQxQjM4QjQyNDI4MjczNTg0MTk5ODk0RDQyMjE0M0FFNDE1MjBBNkE0
MkVBRTBGODQxODlCMDVGNDIxMjBFODI0MTYyNUM1MTQyNEQ3NEQ5NDA0MEZD
NUE0MjI1M0ZGOTNFRTYxMzc5NDI1NzA5Qzg0MEUxN0M3NTQyOUY0QUEzNDE5
Rjc0NkM0MjdBMEUxQjQyQ0I0QzZFNDJBQzlENEI0Mjk4MTU3OTQyOTVFNzhC
NDIzQkEzOEI0MkNFRjVBMzQyM0U1QjhDNDJGMUU2NTY0MkMxMEY4RjQyODEx
MUExM0U3RjRGOTE0MkNCNEJBNTQzRkVBQzhGNDI4MTY3MUE0MjgwNzY5NzQy
MkFCREEzNDI5MUNDOEM0MjREMzM4RTQyQTc4QThBNDJGQzYzOUYzRkQwRjc0
QzQwNzI2RjU4NDAyNkM4ODA0MDJGNTQzMDQxOTFBQjU2NDE1NUExREE0MEY1
MjgzQTQxMzNDMDJFNDEzMUMwRkI0MDhCMDcxQTQxMjhEMEIyNDAwRjgyQTk0
MENCMUNERDQwOTlEMUIyNDA0RjRFOEY0MDI2RUQ0QTQwNTRDODI1NDBDQjQw
M0Q0MDI5MTE0MjQwNEI4MjlBNDBCMUIxMTA0MDQ1QkEwRTQwRjA3RDY4M0Yw
M0FGNUUzRjk1MkM2QzNGNjNFOTRBM0YxMDhEMTMzRjZFNEI5MjNGQTAxODJG
M0ZBMzUwMkMzRkI4MEFBNzNGQTEwMjFDM0ZENDdBRDQzRTc1MUJDQjNFOUE5
MTEzM0Y4NjE1MUYzRjdGMEEwNzNGRTFERDM0M0UxRDRGOTYzRUE0QTRBQjNF
RDNDNjk5M0VFREQ5NjAzRTJEQTU1QjNFM0Y1RjZBM0U4QUY0NzUzRTA5MTc5
NDBCKjFBDQoNCg==

--SBD.Boundary.605592468
PROCESS /noc/users/iridburst/exec/irid_300224010734970_upd.pl
Last Run  ----1970-01-01 00:00:00 
MONTH  5 
DATA  xxrecord 2012-05-18 18:00:05 :: $W5M5A,120518,180005,660d0028449ce246,1,DAS 2,4901.7365N,1622.1192W,22.7,12,28.0,14.2,11.4,75.9,7.3,11.4,76.4,7.4,1012.7,3.27,4.77,10,358,48*7A
 
INSERT
STATION sbdservice
IRID_ID 300224010734970
BODY 
Content-Type: application/x-zip-compressed; name="SBMmessage.sbd"
Content-Disposition: attachment; filename="300224010734970_003390.sbd"
Content-Transfer-Encoding: base64

JFc1TTVBLDEyMDUxOCwxOTAwMDUsNjYwZDAwMjg0NDljZTI0NiwxLERBUyAy
LDQ5MDEuNzE5OU4sMTYyMi4wOTcyVywyMS44LDE5LDI2LjQsMTQuMiwxMS4y
LDcyLjcsNi41LDExLjMsNzMuMyw2LjcsMTAxMy4xLDMuNjYsNS4zNSwxMCwz
NjAsNDcqN0UNCg0KJFc1TTVBLDEyMDUxOCwxOTAwMDUsNjYwZDAwMjg0NDlj
ZTI0NiwyLERBUyAyLDEzLjMsMTMuOCwwLjIsMC40LDAuMDEsMTA5MSwxMDk4
LDE1Niw2MjksMCw2My4xLDE1LjA1LDkxOSo1RQ0KDQokVzVNNUEsMTIwNTE4
LDE5MDAwNSw2NjBkMDAyODQ0OWNlMjQ2LDMsN0YwMDczMDIzQTAwMDA1MzMy
MzAzMTMyMzAzNTMxMzgzMTM4MzQzMDMwMzA1NTU5MDAzMTMyMzAzNTMxMzgz
MTM4MzQzMDJDNTQ0MTQyMzAzMDMwMzAzMDJDMkQzMDM1MzEyRTMxMkMyQzMx
MzMyRTMwMzYyQzM0MkUzMDJDMzMzNjMwMzAyQzM2MzAyQzM2MzAyQzMxMkMz
MDMwMzUzNzMwMkMzMzJFMzQzMjJDMzEyRTMyMzYyQzMyMkMzMDJDMzAyRTMx
MzYzNzJDMkIzMDMwMkUzMDBEMEE4RDEwRkZFNEE2N0Q3RjAwNjcwMjNBMDAw
MDU3MzIzMDMxMzIzMDM1MzEzODMxMzgzNDMwMzAzMEZGNEQwMDAwODBGQjQ0
MDA4MDAxNDQwMEIwMzM0ODAwMDBFMDQyOUQ3NzE1NDBBRkQ4RTQ0MDQ4MUFB
QjQwNEMzMjZBNDA5RTM3MEM0MTBDRTU4RTQwNDQ0NjA2NDE1ODg0RTM0MDAx
MDAyMDQxQjcwODFDNDExMjgxNzM0MDFGRUVCMzQzRTdBNTNENDJCNUI3Mjkz
REZCMUE3MjI5OTJFNzdGMDI0MjAyM0EwMDAwNEI1NjQ4MjAzNzMyMzAzMTMy
MzAzNTMxMzgzMTM4MzQzMDMwMzAyQzAwMDAwMDk5OTk5OTNEMEFEN0EzM0Ix
RkVFQjM0M0U4QTUzRDQyRjQ5OUJDNDFBRUJGMEM0MjU3OTM4QTQxMjlFRDA4
NDJEQkM2Qzk0MEMwOEVGQTQxQURCREIzNDM5MTJCRjY0MTYxMURCMDQzMENE
RjA4NDI1QTgyQUI0MzM3RTYxNzQyRTlEMUE3NDMxQ0M5NDA0MkJDRUNBQzQz
NUJDNDgwNDJBMTA3MUM0MDk5Qjk4MTQyRDU2RDA1M0ZGNUJGNjA0MjEyQUFC
RDQwOEJGRjUwNDI3RDBCNjk0MTBGNzA0RDQyMUM3QTg2NDFFMjM1M0M0MjQ0
RTE3QzQxQzE0QzM3NDJCMEJBNTE0MDgxQTQyQzQyMEI1MkIzNDNFQTE1MUY0
Mjc2OTdCMzQzRDg5NjIxNDI4NTYwQjI0MzRENzEyQjQyM0I2NUIyNDNEOUI0
M0I0MjEzMUJBRjQzRkMzMjQwNDI1NzJCQUU0MzM3RUY0NjQyRkQ3MzJENDFB
NEQyNDI0MjgxMDQ5QzQxNjU0NjJBNDI0ODBEQjQ0MUUzN0UyRDQyQjZDQ0FE
NDFDN0IwNDU0MkQwMkY0MDQxRUFEQTU0NDIxRDFDODU0MTM5Q0Q0OTQyNDNF
NTg5NDEwMjQzNEQ0MkNEMjUxNzQyNzBDRDRCNDI5OUI5Mzg0MkI0OEY0MzQy
OTlDNTI1NDIxM0ExNUQ0MjVCQzRBMjQxMDc4MDcxNDJBNjBDNjE0MTY2RjQ2
RTQyRjMxNkEzNDE5NEQxNzI0MjVERTIwMzQxMUIwMzc1NDIwRDFFQjI0MzQw
NTc3NzQyNjIwQkExNDE1MUY3N0Q0MjJCOUUwNjQyOTM5QTY1NDJBNzA4MEM0
MkM1MUI1NDQyOEIzOTMyNDI5M0NENUU0MjNDRDYxNDQyOEZCQzg0NDI3ODA5
NkQ0MTQ4QjM4RTQyQjRDRUE4NDM2Rjk4OEE0MkQxMkRBNTQzQjgwRjg0NDIw
MDI5RDEzRjU5RkM2MTQwRTYzQUI1NDAwMjU3OEE0MEVGQTYyMDQxQjY5QUIy
NDFGQjZFM0U0MTc1ODgyRDQxNkI0NjU5NDE3RjcyMzg0MTBGQzgxMTQxRjVG
QkFENDBDNDYxMDE0MUY1NTRCQTQwMjcxNDlFNDA5QzhBOTc0MDI0MzFCOTQw
MUJFOUFDNDBFMDUyOEI0MEVBMzI3NjQwOUQxQTQyNDA0MjE1NDk0MEIwOUM0
MDQwQTk1NTI5NDBCNjVEQjAzRjVCMUI0NzNGNTMyMDk0M0ZBMzg4M0QzRkE5
MjkwRTNGMTM2MTk5M0Y4QTAwOTUzRjkxMDAzQzNGMTQ0NDVBM0YyNTUyNDUz
RjRFNEIzQjNGNUU3OTYzM0ZDNzdDMzAzRjhERjAyNDNGMzFGMzk2M0UzQzhB
MzAzRTBGRkZCMTNFNTRFQTkyM0UzM0REOTEzRTMyNzE0RjNFNEJCQjQ4Q0Eq
MTMNCg0K

--SBD.Boundary.605592468
PROCESS /noc/users/iridburst/exec/irid_300224010734970_upd.pl
Last Run  ----1970-01-01 00:00:00 
MONTH  5 
DATA  xxrecord 2012-05-18 19:00:05 :: $W5M5A,120518,190005,660d0028449ce246,1,DAS 2,4901.7199N,1622.0972W,21.8,19,26.4,14.2,11.2,72.7,6.5,11.3,73.3,6.7,1013.1,3.66,5.35,10,360,47*7E
 
INSERT
STATION sbdservice
IRID_ID 300224010734970
BODY 
Content-Type: application/x-zip-compressed; name="SBMmessage.sbd"
Content-Disposition: attachment; filename="300224010734970_003391.sbd"
Content-Transfer-Encoding: base64

JFc1TTVBLDEyMDUxOCwyMDAwMDUsNjYwZDAwMjg0NDljZTI0NiwxLERBUyAy
LCwsMjIuMiwxOCwyNy4zLDE0LjIsMTEuMiw3My4wLDYuNSwxMS4yLDczLjYs
Ni43LDEwMTMuNiwzLjQxLDQuODYsOS4xLDEwLDQ0KjdCDQoNCiRXNU01QSwx
MjA1MTgsMjAwMDA1LDY2MGQwMDI4NDQ5Y2UyNDYsMixEQVMgMiwxMy4xLDEz
LjMsMC4yLDAuNCwwLjAxLDEwOTEsMTA5OCwxNTcsNjI5LDAsMjE5LjAsMTYu
MjMsOTMwKjZFDQoNCiRXNU01QSwxMjA1MTgsMjAwMDA1LDY2MGQwMDI4NDQ5
Y2UyNDYsMyw3RjAwNzMwMjNBMDAwMDUzMzIzMDMxMzIzMDM1MzEzODMxMzkz
NDMwMzAzMDU1NTkwMDMxMzIzMDM1MzEzODMxMzkzNDMwMkM1NDQxNDIzMDMw
MzAzMDMwMkMyRDMwMzUzMTJFMzEyQzJDMzEzMjJFMzYzNzJDMzQyRTMwMkMz
MzM2MzAzMDJDMzYzMDJDMzYzMDJDMzEyQzMwMzAzNTM3MzAyQzMzMkUzNDMy
MkMzMTJFMzIzNjJDMzMyQzMwMkMzMDJFMzEzNjM5MkMyQjMwMzAyRTMwMEQw
QTk3MTAzMDk4MzdDMTdGMDA2NzAyM0EwMDAwNTczMjMwMzEzMjMwMzUzMTM4
MzEzOTM0MzAzMDMwRkY0RDAwMDA4MEZCNDQwMDgwMDE0NDAwNzQzRDQ4MDAw
MEVFNDJGMTZGMDc0MENCRjRENTQwQjM4MTlCNDBCNjQ4NUE0MEQyNERGRDQw
NTVFQzg4NDAzN0I4MDY0MUY1RTBEQTQwNUQ3NDExNDE3QTY3MEY0MUNCMzk2
MjQwOUVFNzE4NDFCNEYyMzA0MkU5N0YwQjNENDUyMDVCMDAyMzUzN0YwMjY2
MDIzQTAwMDA0QjU2NDgyMDM3MzIzMDMxMzIzMDM1MzEzODMxMzkzNDMwMzAz
MDJGMDAwMDAwOTk5OTk5M0QwQUQ3QTMzQjlGRTcxODQxQjRGMjMwNDI5RDA5
RDE0MDg1QkI0NTQyNjlCMzg4NDAyNkMzMUY0MkYzQzVGQTQwM0UzODBDNDI1
MjM2MzY0MTM5OUIwQzQyNEMyNUU0NDAxQTk2MDM0MkE5QUJCRTQwQkZBMTFB
NDJBRjI3ODc0MEJFNDA0NDQyNEVDNjE4NDBEQTY4NjM0MjU2NzJCMzQzNjBC
QjY5NDJBMEQzQjA0M0ZBNDI0MDQyQUJBOEIxNDM3RTQxMTQ0MkUxMjk2OTQw
NTZFODEzNDJGQUMzNDQ0MUQ1OUIyMjQyMzQ2RUM1NDEwOEYwMjY0MkEzN0FD
NzQxRTRBMTEzNDI1QUUzNzk0MTQ2RDgwOTQyQzgwODQyNDFFNEEyMUM0MjU4
MkE1QjQxRUFDNzM3NDI0MUFBQjM0MThDNTU0MTQyNjgyRjExNDJCQjE4Mjk0
MjBFOTMyRTQyMDVERDE0NDJGRjM4MUQ0MkQ4MzUyQzQyNjZERkJBNDE5MTgy
MkI0MkFFNTMyNTQxMkYwQzBGNDI3MDY1Mjc0MERGQjMxQzQyNUI0RTExNDFE
NUVGNDQ0MkY5N0ZFNDQxQUMwOTM3NDI5NkI2Q0E0MTk4NUUzMTQyMDAxQzk1
NDE3NDJBMzc0MjZDRjE5RTQxRDAxNTI1NDIxNjM4QkM0MTA5QzYyNDQyODUw
QjkxNDEyNEYzNUI0MjVEQUZBRTQzRDY3NTZDNDIzRTRCQUM0M0M0N0Q2ODQy
MkFFMDEzNDA0QjMwN0I0MkIzRjlBQzQzNDVBODgwNDIxREFDQUM0Mzc2MUI3
OTQyMjEzNUU3NDEwNUJBNkQ0MkZDNEYxNTQyN0RFNDcyNDIzMkM5MzU0MTU3
RUM4QzQyRDRGQkIyNDM2ODYzOEQ0MkM5RDdCMjQzMTg2RDdFNDI5MjUyQTAz
RjA0QkU3NzQyQjE3N0M3NDE0RDRFODI0MkZERTA1QzQyRkUyQzg4NDIxMzk5
ODA0MjVCQTY4QjQyRDZFM0ZDNDFGQzJBOEI0MjA1RjdDNjNGNjkxNDJDNDBD
M0QxNDQ0MEZEMkM0NTQwREZCMTAwNDEyRDE0MEI0MTlEODY0NjQxN0YzMzgw
NDE5Qzk4MkQ0MTNBQTNCRTQwQzFBRkE5NDA0Qzc3MDQ0MTk2MTAxMjQxNDA4
Mjg0NDAwQzI4QkE0MDlCQjVGODQwNkFFMkNENDBGQUQxNjI0MDYwMkREMjNG
OThGRUJBM0ZFRDUzRDQzRjcyQzcxMDQwQ0M3MzIzNDBENDcwNDM0MDI0REQx
QTQwQkM2NkM1M0YwMTE0REEzRjVGRjQwRDQwOTVGMUMwM0Y3RTJCMDQ0MDk0
QTZEODNGMEI0OTEzM0ZCRjcyMTgzRjYxMTdDMzNFNUIzQTg0M0UyQzdDNjMz
RUJEREFDRTNFNDE1RUMwM0U5NjNCQjEzRTVFNzFBODNFNUFFRTU4M0U3MDFB
NjIzRTJDNkZCNTNFOEIwQzlFM0UxNEY2NjEzRTZBOUE4RjNFRTAwNjVFM0VG
MjU3QTk3QSoxRQ0KDQo=

--SBD.Boundary.605592468
PROCESS /noc/users/iridburst/exec/irid_300224010734970_upd.pl
Last Run  ----1970-01-01 00:00:00 
MONTH  5 
DATA  xxrecord 2012-05-18 20:00:05 :: $W5M5A,120518,200005,660d0028449ce246,1,DAS 2,,,22.2,18,27.3,14.2,11.2,73.0,6.5,11.2,73.6,6.7,1013.6,3.41,4.86,9.1,10,44*7B
 
INSERT
STATION sbdservice
IRID_ID 300224010734970
BODY 
Content-Type: application/x-zip-compressed; name="SBMmessage.sbd"
Content-Disposition: attachment; filename="300224010734970_003392.sbd"
Content-Transfer-Encoding: base64

JFc1TTVBLDEyMDUxOCwyMTAwMDUsNjYwZDAwMjg0NDljZTI0NiwxLERBUyAy
LDQ5MDEuNjgyMk4sMTYyMS45NTY2VywyMi44LDE3LDI5LjUsMTQuMSwxMS4x
LDcwLjYsNi4wLDExLjEsNzEuMiw2LjEsMTAxNC4wLDMuMDQsNC42Niw5LjEs
MzU5LDQ3KjU0DQoNCiRXNU01QSwxMjA1MTgsMjEwMDA1LDY2MGQwMDI4NDQ5
Y2UyNDYsMixEQVMgMiwxMy4wLDEzLjIsMC4yLDAuMywwLjAxLDEwOTEsMTA5
OCwxNTcsNjI5LDAsMjE1LjMsMTYuNjIsOTI4KjZCDQoNCiRXNU01QSwxMjA1
MTgsMjEwMDA1LDY2MGQwMDI4NDQ5Y2UyNDYsMyw3RjAwNzMwMjNBMDAwMDUz
MzIzMDMxMzIzMDM1MzEzODMyMzAzNDMwMzAzMDU1NTkwMDMxMzIzMDM1MzEz
ODMyMzAzNDMwMkM1NDQxNDIzMDMwMzAzMDMwMkMyRDMwMzUzMTJFMzEyQzJD
MzEzMjJFMzUzNjJDMzQyRTMwMkMzMzM2MzAzMDJDMzYzMDJDMzYzMDJDMzEy
QzMwMzAzNTM3MzAyQzMzMkUzNDMyMkMzMTJFMzIzNjJDMzQyQzMwMkMzMDJF
MzEzNzMyMkMyQjMwMzAyRTMwMEQwQTg4MTA2Q0JEMzRFMDdGMDA2NzAyM0Ew
MDAwNTczMjMwMzEzMjMwMzUzMTM4MzIzMDM0MzAzMDMwRkY0RDAwMDA4MEZC
NDQwMDgwMDE0NDAwMzg0NzQ4MDAwMEY0NDIyQTg4RkQzRjZFQUFEMTQwMzgy
Qzk1NDBCMjhDNDI0MDlDMTAwMjQxMzFEQjZFNDBDQjdBRjk0MEYyNDhEOTQw
NUQ3NDExNDE3Nzg4MTE0MTFENkQ1MDQwOUE1NUIzNDMwN0MwM0E0MjVDRjZF
RDNDODgxREZFN0Q3NzQ1N0YwMjY2MDIzQTAwMDA0QjU2NDgyMDM3MzIzMDMx
MzIzMDM1MzEzODMyMzAzNDMwMzAzMDJGMDAwMDAwOTk5OTk5M0QwQUQ3QTMz
QjlCNTVCMzQzMDVDMDNBNDIzNjQ5MDc0MEQ0OTMzOTQyMzA0NzZDM0YwN0Q3
MUI0MjY2RkVDRTNFMThGRkZENDEwNUYyQjA0MzcwRDNFRDQxNjNCM0FENDM5
RkJDRkQ0MUI3RkNBRDQzQ0E4QjBGNDIzOUQ1QUY0MzI5RjgzMjQyNjBENEIx
NDM3MTkwNTA0MjI1M0FCMzQzRDc5MTYyNDI0QjJDQjE0M0I5NUU2MjQyRUY3
OEIyNDMwRkI4NUM0MkI3RDBCMDQzRDQ4NzZCNDJERUU5QTU0M0M4QzQ3RjQy
MERFQUFENDMwMEQ4Njc0MjM3MEFCMzQzNkRGNzNBNDJBRTdEQUE0MDE2QTgz
MDQyNzZCQkJENDFFMTg0MzI0MjJENjI1OTQxNkQ2RjM1NDI5NkE2QjI0MzlB
MjEzMDQyRDMxNkI1NDA4Q0VCMjU0MjNGRjg1NDQxQjVGNzFGNDI5QTYyNjg0
MTU2Q0EyQjQyRjRBMTgwNDEwNDU1Mzg0MkQ1MkEwQjQxRkEwNTRCNDIyREJE
QjM0M0M2MjY0NzQyRDBCQzg3NDBCNTA2NEE0MjlEODBFNDQwQzJDQjU3NDI3
Nzc4QjA0Mzc5RkE1NjQyMDk2MkIxNDNGQkFENTE0MjA4N0QyOTQxMjg2MjU1
NDIyMjZCMTk0MTFCRDg1OTQyRTY5MTQyNDAyNTIyNTg0MkE3QUNCMTQzMDgw
MzY2NDJCM0Y4QjM0MzJFREE2ODQyRUM5QUJDM0Y1OURGNjg0MjhCQkZCMDQz
NkE0RDc3NDI1ODFEMTI0MTJFMEQ4NjQyMjlGRERGNDEyOEE1ODY0MjJGNTFD
RjQwMUY4Mzg2NDI3NzM5QUQ0M0JDNEM4NTQyN0ExOEFDNDNEQ0Y4ODg0MjU4
QzNFRDQwQjBGQThBNDJFQjdEMDM0MjVERjk4QTQyRDg4QjYxNDE1MTdGOTY0
Mjc2RkVBMTQzQjQ3NTk4NDIxODEzNEI0MjQ3QTI5MzQyMkUxMDg4NDIxQjUy
OTk0MjBCQjFCMjNGMzk0NTYxNDBGQUJBNEQ0MEFGRjE5RjQwNkY3NUZENDBG
NzdBMTY0MTQ3RUEwOTQxNDg4MDc4NDFDNzI1QTk0MEM4RTI2MjQwNjFGQUEz
NDA4M0I0OUM0MDEwMkJCOTNGOTc0NjIxNDAwNjcyREQ0MDM0QkVCMDQwODNC
MTMxNDBFQzRGQjA0MDM2NTdBNTQwMTlCMzZDNDA4NENGNkM0MDEwRTIyNDQw
QjI5NEYzM0ZENjZEODUzRjFCREVDNjNGMjNEM0U1M0Y3NzcyNUYzRjk3ODU5
QTNGODQ4NTk1M0Y4QTcyNTIzRkZFMzBFMTNFREIxODE2M0Y2NkNFMDYzRjdG
QUQyNTNGQTkwQjVEM0YzMTQxQjkzRUU4NUZEQzNFMEU5RDA3M0Y4QUYxMDUz
RjBDNTc4MzNFMDM2RjhDM0U1MTREN0MzRTY4MUVEMzNFNjJDQjdFM0VBNEI5
NDMzRTRCQkM5RjNFNERCMjU5M0VBOTFFRQ==

--SBD.Boundary.605592468
PROCESS /noc/users/iridburst/exec/irid_300224010734970_upd.pl
Last Run  ----1970-01-01 00:00:00 
MONTH  5 
DATA  xxrecord 2012-05-18 21:00:05 :: $W5M5A,120518,210005,660d0028449ce246,1,DAS 2,4901.6822N,1621.9566W,22.8,17,29.5,14.1,11.1,70.6,6.0,11.1,71.2,6.1,1014.0,3.04,4.66,9.1,359,47*54
 
INSERT
STATION sbdservice
IRID_ID 300224010734970
BODY 
Content-Type: application/x-zip-compressed; name="SBMmessage.sbd"
Content-Disposition: attachment; filename="300224010734970_003393.sbd"
Content-Transfer-Encoding: base64

JFc1TTVBLDEyMDUxOCwyMjAwMDUsNjYwZDAwMjg0NDljZTI0NiwxLERBUyAy
LDQ5MDEuNjE5ME4sMTYyMS44NDU2VywyMC4zLDEyLDI2LjQsMTQuMSwxMC42
LDc2LjYsNi43LDEwLjYsNzYuNyw2LjcsMTAxNC43LDMuNjQsNS4zNyw4Ljcs
MTAsNDQqNkQNCg0KJFc1TTVBLDEyMDUxOCwyMjAwMDUsNjYwZDAwMjg0NDlj
ZTI0NiwyLERBUyAyLDEzLjAsMTMuMiwwLjIsMC40LDAuMDEsMTA5MiwxMDk5
LDE1Niw2MjksMCwxOTAuOCwxNS40NCw5MjQqNjINCg0KJFc1TTVBLDEyMDUx
OCwyMjAwMDUsNjYwZDAwMjg0NDljZTI0NiwzLDdGMDA3MzAyM0EwMDAwNTMz
MjMwMzEzMjMwMzUzMTM4MzIzMTM0MzAzMDMwNTU1OTAwMzEzMjMwMzUzMTM4
MzIzMTM0MzAyQzU0NDE0MjMwMzAzMDMwMzAyQzJEMzAzNTMxMkUzMTJDMkMz
MTMyMkUzNTM1MkMzNDJFMzAyQzMzMzYzMDMwMkMzNjMwMkMzNjMwMkMzMTJD
MzAzMDM1MzczMDJDMzMyRTM0MzIyQzMxMkUzMjM2MkMzNTJDMzAyQzMwMkUz
MTM3MzIyQzJCMzAzMDJFMzAwRDBBODkxMDhGNjk2RUE4N0YwMDY3MDIzQTAw
MDA1NzMyMzAzMTMyMzAzNTMxMzgzMjMxMzQzMDMwMzBGRjREMDAwMDgwRkI0
NDAwODAwMTQ0MDBGQzUwNDgwMDAwREM0MkQ2ODcxNzQwN0YwMUU4NDAxNkJD
QUI0MEUzQjY2ODQwNTM2QjA1NDFFQUYyOEM0MEQ4MEMwMjQxOUE5MkUxNDA2
NTIxMEI0MTQ3MTgwRDQxQTE3MzczNDBCNjExMjY0MUNGQjUyRjQyMjU0QjIz
M0QzNTFDODY4RDUxMDU3RjAyNUEwMjNBMDAwMDRCNTY0ODIwMzczMjMwMzEz
MjMwMzUzMTM4MzIzMTM0MzAzMDMwMkUwMDAwMDA5OTk5OTkzRDBBRDdBMzNC
QkExMTI2NDFDREI1MkY0MjA4QThEQTQwQUU3RTQ5NDJBRDJGMEI0MTVFQkEz
MTQyMzI3RjQ5NDA5ODI1MEI0MjJFQ0VBRjQzRDNBMEQxNDFFQjhEQUU0M0Mw
NTZERjQxQkMzNkFFNDNGRUE0Mjg0MjFCOEM2ODQwOUM2MzUxNDJEQ0RDOTc0
MTEzMzEzRDQyNUQwNTkyNDExMEVCMUY0MkY5RUMyQzQxNkE0NDE2NDI2RTk2
Rjk0MEEwOEIyQTQyRUNGMzlDNDFFRUE5MzM0Mjc5RDFCRjQxNkEwODNGNDJD
MUM1NkU0MTNGQTM2MTQyREQwMkIxNDM5MDE1Njg0MjQ0RjU4RjQwQjE0RDNF
NDJERjBBMDQ0MURBRUQxODQyRDE2OEIzNDNEQUJEMkI0MjNEMzYzQTNFMkUw
NDU4NDI4MzJGQkQ0MTQxRDE0QzQyMzVDNkJGNDFGMDVGMzQ0Mjk4MzdGNzQx
NzYzMzJDNDJEOEZFRkI0MTM2ODYzMzQyMDg2QjcxNDExMUNEMzg0MjE1OEQy
NDQxM0QwRDJGNDI4MDQ2QkE0MUFGNkUyQTQyN0I0RkMxNDE4MzIxMzI0MjRD
QzI1MjQxMjhFRjQ0NDIxMEI4QjM0M0E1NkU2QTQyRjJDQkFENDNFQjE5NjU0
MjBERDRCQTNGMkE0QjRCNDJBNEYzNTU0MTRCMUM0QjQyMjFGQ0FFNDFDNUUx
NTQ0MjJCNTNEMDQxNzgxRDZCNDJCQTFFREY0MTU1NEE3QzQyMjg3NTA2NDI3
RTE2ODA0MjFFNzQxQTQyNUJDQTg1NDJDMzk1NEU0MkVDMkQ5NTQyQTBENkE3
NDNCRUJGOUQ0Mjg4MjM5RDQzNzBCODhBNDJCRDQ4OTk0M0MyNDg4MjQyMUZG
NTlGNDM2OEREODg0MkQ3MDlCMzQzREUyMThENDJENTI4QjA0MzA0NkU4RjQy
NDVCNUEwNDMxREFFOTI0MjdCQkY5NjQzQ0Y5Mjk2NDJBMjlDOEUzRjY1NzdG
QzNGNjVCQTI0NDA5N0NBODk0MEY5QkExMDQxRjUwMDJFNDFFQUNFMjI0MTc3
NEJCMzQxQ0RBOUMwNDEzRjE4ODY0MUI2OEUwMTQxREE1MEM3NDBCOENFRjY0
MDUxQzA0NTQwODZCNDQ0NDBDRTU3ODY0MDY2QjdCRDQwRTUxODc2NDBCQzJB
MDc0MERDOEQwNjQwMjU2RTNDNDA0Q0RFM0U0MEFFRjEzQTQwNEVDMDBDNDA3
QjQzMTA0MEMyODcwMzQwNUNEMUVFM0ZCMzYxQ0QzRjc1RjQ4MzNGNTRDRDVE
M0YzOUYyODAzRkYyRUZBNDNGRTNCRDZBM0ZFN0FFNUQzRjFDMjMxNTNGN0Y1
RUVCM0VBNzcxQTMzRTc0RjNENDNFRjVFRTg0M0VFOENBNzgzRUVGNDQwRTNG
MTgxM0IwM0U0Q0VDODEzRTBFOUMzOTNFMTJERDIyM0UwNTM4RDczRDA2N0JF
MENCKjFDDQoNCg==

--SBD.Boundary.605592468
PROCESS /noc/users/iridburst/exec/irid_300224010734970_upd.pl
Last Run  ----1970-01-01 00:00:00 
MONTH  5 
DATA  xxrecord 2012-05-18 22:00:05 :: $W5M5A,120518,220005,660d0028449ce246,1,DAS 2,4901.6190N,1621.8456W,20.3,12,26.4,14.1,10.6,76.6,6.7,10.6,76.7,6.7,1014.7,3.64,5.37,8.7,10,44*6D
 
INSERT
STATION sbdservice
IRID_ID 300224010734970
BODY 
Content-Type: application/x-zip-compressed; name="SBMmessage.sbd"
Content-Disposition: attachment; filename="300224010734970_003394.sbd"
Content-Transfer-Encoding: base64

JFc1TTVBLDEyMDUxOCwyMzAwMDUsNjYwZDAwMjg0NDljZTI0NiwxLERBUyAy
LDQ5MDEuNTg3OE4sMTYyMS43NDEyVywyNC4wLDE0LDI5LjAsMTQuMSwxMC45
LDY1LjcsNC43LDEwLjksNjYuNCw0LjksMTAxNC43LDMuMjQsNC41NSw5LjEs
MTgsNDEqNjENCg0KJFc1TTVBLDEyMDUxOCwyMzAwMDUsNjYwZDAwMjg0NDlj
ZTI0NiwyLERBUyAyLDEzLjAsMTMuMSwwLjIsMC40LDAuMDEsMTA5MywxMTAw
LDE1Niw2MjksMCw1NS42LDE1LjA1LDkyMSo1Ng0KDQokVzVNNUEsMTIwNTE4
LDIzMDAwNSw2NjBkMDAyODQ0OWNlMjQ2LDMsN0YwMDczMDIzQTAwMDA1MzMy
MzAzMTMyMzAzNTMxMzgzMjMyMzQzMDMwMzA1NTU5MDAzMTMyMzAzNTMxMzgz
MjMyMzQzMDJDNTQ0MTQyMzAzMDMwMzAzMDJDMkQzMDM1MzEyRTMxMkMyQzMx
MzIyRTM1MzMyQzM0MkUzMDJDMzMzNjMwMzAyQzM2MzAyQzM2MzAyQzMxMkMz
MDMwMzUzNzMwMkMzMzJFMzQzMjJDMzEyRTMyMzYyQzM2MkMzMDJDMzAyRTMx
MzczMTJDMkIzMDMwMkUzMDBEMEE4ODEwRDk1RTc4Njg3RjAwNjcwMjNBMDAw
MDU3MzIzMDMxMzIzMDM1MzEzODMyMzIzNDMwMzAzMEZGNEQwMDAwODBGQjQ0
MDA4MDAxNDQwMEMwNUE0ODAwMDBFODQyNkNCRjA2NDBBODAwREU0MDI0QTA5
MTQwRTJBMTRGNDA3RUFGMDk0MTY4NkQ3RTQwNTg5QTA2NDExMkRGREM0MDVE
NzQxMTQxMzFBOTEyNDE0OEYzNTg0MEY4REI5MDQxMzg0MjIzNDJGNjZBMDAz
RENEMUM5NjExNkI0NzdGMDI3MjAyM0EwMDAwNEI1NjQ4MjAzNzMyMzAzMTMy
MzAzNTMxMzgzMjMyMzQzMDMwMzAzMDAwMDAwMDk5OTk5OTNEMEFEN0EzM0JG
NkRCOTA0MTM3NDIyMzQyMDI4QTgyNDEzNDFBN0M0MkYzMUY5QTQxMjgyRDVC
NDI4QkFERjI0MEJENzIxNjQyNEJCMTQwNDFERkZDRDU0MTNFMDE5QzQxODk5
NEVDNDE3RTFCNjI0MUJGQzkwMzQyMEVFRTdDNDFCMzYzRjY0MTZFQzJCRTQx
MEFFOTEyNDJBNDkwQzc0MUQ2RUIzRDQyN0Y0OEFDNDEwQUM3NTU0MkNEOUY5
MzQxRjZGNjQ2NDI2MENBQjk0MUFCRkIyNjQyRDFDOEVDNDFDOTc2MEM0MkU0
NERCRTQxQzkwNTE1NDJCODQ4QkY0MDdCMDcyQzQyQjQ1M0YyNDA5RUVFM0I0
Mjk5MzQ5MDQxRDUyMjU3NDI4QkJDQjY0MTBBRjM1NzQyQTUxOTg3NDEyODUw
M0M0MjJGRTc2RDQxOTVEMzJBNDJEMjczNUM0MTFFNDYzNTQyNzA2NzQyNDFC
MDIxMzM0MjM0OTI4MjQxMEIxQjJFNDI3Q0VCQjY0MTQyQjUzMjQyRERGRjlE
NDE3MjdCMzg0MkE5NkY2RTQxRUU4MDNGNDIzOTRGODQ0MUE4RTQzNzQyRjc5
NjhENDFCQkJDMjc0MkVFNTg5NDQxRjdCMDJDNDI3ODRDQzI0MTkxNUQzQTQy
MTQwNDlENDE4Q0M4NDI0MjhEN0VGMDQwOUNBQTUxNDJDNjAzQkU0MEFBMjI0
RjQyOTZDQjVDNDFENkY1NEQ0MkMwQUZDODQxRjk3QzY1NDJGNUM0OTQ0MThC
NkI3ODQyQzBCM0FGNDNDRkE1NjI0MjgwRkVBOTQzNURBMjVDNDI3QUYzQUY0
M0E4RTQ3QzQyNDI1MTQ4NDE5RjY4ODE0MjEwNjM3ODQxMDNBQzg1NDIxRjky
RkU0MDA5QTc4RDQyQ0MzN0E3NDNGMEIxOEU0MkUzNUI5QTQzN0NGOTc4NDIw
RThEOTk0M0Y4MDQ2QjQyNEVEMjlGNDNBNDlBODU0MjIzQzNCMDQzNjNGNDhE
NDIxMTM2QjM0MzFCMDg4ODQyMzk3MDBDM0ZFNUNCQTIzRjU1NTM0QzQwNjU5
OEQ2NDA0RkNCMDY0MUZBODAzODQxMDA4RTQ2NDFEMDVBNzQ0MUI4RTMxRDQx
REFDQUQ2NDBDQjYwOTY0MEJGMzFGNTQwMjJCODEyNDE1ODI5QUY0MDhCMTc2
NzQwNjg5QzFBNDBEOTU3REMzRkREQjUyRDQwMzU3N0FGM0Y2OTBERjQzRjFE
RDFGQTNGMjcxNDFENDA2MThCRjYzRjRFNkZFMTNGRjA1NTA2NDAzMEVGN0Mz
RjQxNzJCODNGRDk1QkIxM0Y1Mjc0N0YzRjYzNEUzRDNGMDQ4QjY2M0YyREY0
MzMzRjZDNDlDODNFQzc1QjIzM0Y3NkZDMTYzRjAxQUJFNDNFQjExNjBGM0Yw
OTdFMUEzRkRDMEFGODNFQUE4NTcxM0ZGNDIwMDYzRkRFNDM4OTNFNEI1MzY3
M0VGRTk0QjgzRTQ4NENEMTNFRTQ4NzQ1Mw==

--SBD.Boundary.605592468
PROCESS /noc/users/iridburst/exec/irid_300224010734970_upd.pl
Last Run  ----1970-01-01 00:00:00 
MONTH  5 
DATA  xxrecord 2012-05-18 23:00:05 :: $W5M5A,120518,230005,660d0028449ce246,1,DAS 2,4901.5878N,1621.7412W,24.0,14,29.0,14.1,10.9,65.7,4.7,10.9,66.4,4.9,1014.7,3.24,4.55,9.1,18,41*61
 
INSERT
STATION sbdservice
IRID_ID 300224010734970
BODY 
Content-Type: application/x-zip-compressed; name="SBMmessage.sbd"
Content-Disposition: attachment; filename="300224010734970_003395.sbd"
Content-Transfer-Encoding: base64

JFc1TTVBLDEyMDUxOSwwMDAwMDUsNjYwZDAwMjg0NDljZTI0NiwxLERBUyAy
LDQ5MDEuNTU3ME4sMTYyMS42NjY4VywyMi44LDEyLDI4LjEsMTQuMiwxMC44
LDY1LjUsNC42LDEwLjgsNjYuMiw0LjgsMTAxNC42LDMuMjIsNS42Nyw4Ljcs
MTAsNDEqNkQNCg0KJFc1TTVBLDEyMDUxOSwwMDAwMDUsNjYwZDAwMjg0NDlj
ZTI0NiwyLERBUyAyLDEzLjAsMTMuMSwwLjIsMC40LDAuMDEsMTA5NCwxMTAx
LDE1Niw2MjksMCw0My4wLDE0LjY2LDkyNio1Mg0KDQokVzVNNUEsMTIwNTE5
LDAwMDAwNSw2NjBkMDAyODQ0OWNlMjQ2LDMsN0YwMDczMDIzQTAwMDA1MzMy
MzAzMTMyMzAzNTMxMzgzMjMzMzQzMDMwMzA1NTU5MDAzMTMyMzAzNTMxMzgz
MjMzMzQzMDJDNTQ0MTQyMzAzMDMwMzAzMDJDMkQzMDM1MzEyRTMxMkMyQzMx
MzIyRTM1MzEyQzM0MkUzMDJDMzMzNjMwMzAyQzM2MzAyQzM2MzAyQzMxMkMz
MDMwMzUzNzMwMkMzMzJFMzQzMjJDMzEyRTMyMzYyQzM3MkMzMDJDMzAyRTMx
MzczMjJDMkIzMDMwMkUzMDBEMEE4OTEwQTJDREVEOTc3RjAwNjcwMjNBMDAw
MDU3MzIzMDMxMzIzMDM1MzEzODMyMzMzNDMwMzAzMEZGNEQwMDAwODBGQjQ0
MDA4MDAxNDQwMDg0NjQ0ODAwMDBFNjQyQTREMTA0NDA1MDVCREU0MDVFNjlC
NTQwNjhEMDRENDBBNTdGMDM0MTkxOTI4MzQwQkQ2ODA3NDE0QjFCREM0MDY1
MjEwQjQxRUQ5QjBENDE2NjZFNUQ0MEJGN0QyMTQxNzM3QTI0NDIyMkY4MDYz
RENGMUIzRDgyNjJEODdGMDI3MjAyM0EwMDAwNEI1NjQ4MjAzNzMyMzAzMTMy
MzAzNTMxMzgzMjMzMzQzMDMwMzAzMDAwMDAwMDk5OTk5OTNEMEFEN0EzM0JC
RDdEMjE0MTcxN0EyNDQyQkZFOURCNDBEMTNENkU0MjhBMjI3NDQxMTVEQTRC
NDI4OUYwNzk0MTc2REMwRjQyOTM2MjkxNDE1NDEyMDE0MkY1REE0MjQxODA3
RTA3NDI2QjczMTA0MTBEMTQwNzQyN0NBQTY5NDE3OTJCMDU0MkNCQTAyQzQx
RDRFMjA0NDJEOTU3NkI0MEJDMjcxMzQyM0NDQzAyNDFFQUY1M0I0MkY2MjhG
OTQxREE0NTVGNDJFQzUzRjE0MUVBRUE1RjQyOTYzQURDM0YwNUMyMzI0MkNC
Mjk0MzQwOTYwQTMzNDIyODgzNjY0MTNDOTc0QzQyRUY1NTRDNDE1RjcwNDc0
MkMxMzMwRTQwRDI1NTMyNDI5RUExNkY0MTJFQjMyQjQyMkFGOERCNDE0RTI2
MjA0MjBDOEM5MTQxMzU4RTMzNDI2QkFEQzY0MEY5M0EyQzQyNzAzMTQzNDE1
NDE1MTI0MjhDREQwRTQxMUI2ODA3NDIwMzdCQjM0M0ZENTMxMTQyQ0NDMUFG
NDM3QUFFM0U0MkJGNUExMjQxNjIyRDQwNDIxRDhBMzg0MUJCNDMzNTQyMkMz
NzQzNDE5NkNBNDc0MjRFQkRBRTQzRTIzMTY0NDJENDA0QTU0MzYyRTQ2MjQy
ODk0OEFENDNGQjUzNjU0MjlFMzJCMTQzNzAxQzNFNDI0RENGQUY0MzJBMDY0
QTQyNDA0OEIzNDNGRTdFNUQ0MjJBQzQ3MDQxMTcxMzYyNDI1MkMyOUI0MTcy
MDM1RTQyQkUxNjg1NDFGNTk4NUM0MkMzRTJCRDQxQkFGMzcwNDJBNjZERjU0
MURBRTI4RDQyNjYxMDQyNDE4QjZGODg0MkYxMzkzODQxRjc1NTdGNDI0QjM2
Mjg0MDJEN0M4MDQyNUJDRUFFNDMyNEZGODM0MkYzN0JCMDQzMUNEQTg0NDJB
RTRCQjE0M0VDMUY4QzQyMTJFMzk5NDM1NEE0OTM0MkYyNEY5MzQzMjM5RDhD
NDIxRTVBQTU0MzY2RDU5MzQyQkY5MjRDM0ZDMzM5ODkzRjExODQxRjQwOUQz
OEM4NDBDQ0YwMjg0MTM2ODUzQzQxQTVGRTFCNDE0MjkzMzk0MUY4MDI5MDQx
NDNFMzRFNDE5N0IzOTc0MEJDQ0RFRDNGNjk0NkExNDBBRUJCQUM0MEZFODkz
QjQwMjg4NkJDM0ZFQjJFNEU0MDM0NjU0RDQwMDE4MkE2NDAzQzQ3MTc0MDk0
MzQyNzQwOEVERjQxNDAxMTI2MkY0MDJEN0VGNTNGNTg2OTU4M0Y4NDVDMUEz
RkNCQzMzNzQwMTc4RUYyM0YyRjM3NUYzRkVDQkE2MzNGMDY0REIzM0U2OUE0
NjIzRjMwMDU3NDNGNUMxMTlDM0ZDNTg2MzIzRjcxNTQwNTNGRDNDMjQwM0Y0
QUM3RDQzRTI1N0M0OTNFNzhDREE4M0VCQkE0MTQzRjc4QTRBRDNFOEUzQjQ0
M0VCRUEwNzYzRUI4RDJDNjNFNjhDMzU2Mw==

--SBD.Boundary.605592468
PROCESS /noc/users/iridburst/exec/irid_300224010734970_upd.pl
Last Run  ----1970-01-01 00:00:00 
MONTH  5 
DATA  xxrecord 2012-05-19 00:00:05 :: $W5M5A,120519,000005,660d0028449ce246,1,DAS 2,4901.5570N,1621.6668W,22.8,12,28.1,14.2,10.8,65.5,4.6,10.8,66.2,4.8,1014.6,3.22,5.67,8.7,10,41*6D
 
INSERT
STATION sbdservice
IRID_ID 300224010734970
BODY 
Content-Type: application/x-zip-compressed; name="SBMmessage.sbd"
Content-Disposition: attachment; filename="300224010734970_003396.sbd"
Content-Transfer-Encoding: base64

JFc1TTVBLDEyMDUxOSwwMTAwMDUsNjYwZDAwMjg0NDljZTI0NiwxLERBUyAy
LDQ5MDEuNTcxNE4sMTYyMS42ODk1VywyMS45LDIsMjcuMCwxNC4zLDEwLjUs
NzMuOSw2LjAsMTAuNSw3NC40LDYuMiwxMDE0LjYsMy4zLDUuMDUsOCwxMyw0
MSo3Mw0KDQokVzVNNUEsMTIwNTE5LDAxMDAwNSw2NjBkMDAyODQ0OWNlMjQ2
LDIsREFTIDIsMTIuOSwxMy4xLDAuMiwwLjQsMC4wMSwxMDk1LDExMDIsMTU2
LDYyOSwwLDUzLjEsMTQuNjYsOTI0KjVCDQoNCiRXNU01QSwxMjA1MTksMDEw
MDA1LDY2MGQwMDI4NDQ5Y2UyNDYsMyw3RjAwNzMwMjNBMDAwMDUzMzIzMDMx
MzIzMDM1MzEzOTMwMzAzNDMwMzAzMDU1NTkwMDMxMzIzMDM1MzEzOTMwMzAz
NDMwMkM1NDQxNDIzMDMwMzAzMDMwMkMyRDMwMzUzMTJFMzEyQzJDMzEzMjJF
MzQzOTJDMzQyRTMwMkMzMzM2MzAzMDJDMzYzMDJDMzYzMDJDMzEyQzMwMzAz
NTM3MzAyQzMzMkUzNDMyMkMzMTJFMzIzNjJDMzgyQzMwMkMzMDJFMzEzNzMx
MkMyQjMwMzAyRTMwMEQwQThDMTAxQ0UwNThFMzdGMDA2NzAyM0EwMDAwNTcz
MjMwMzEzMjMwMzUzMTM5MzAzMDM0MzAzMDMwRkY0RDAwMDA4MEZCNDQwMEMw
MDE0NDAwMDA3QTQ1MDAwMEVBNDJFQ0Q1MEI0MEJGODhEQTQwMjdCQ0ExNDBF
QzBFNTM0MENDQzkwMTQxQTVEMTg0NDA0NUE3RkY0MEQ1M0NEQTQwMDAwMDAw
NDFEOUU4MDQ0MTQ2NUE2MTQwOEI3ODRENDFBQkMzMjI0MjZBMDcwQjNEQzQx
RDFBMDVEMzlFN0YwMjcyMDIzQTAwMDA0QjU2NDgyMDM3MzIzMDMxMzIzMDM1
MzEzOTMwMzAzNDMwMzAzMDMwMDAwMDAwOTk5OTk5M0QwQUQ3QTMzQjg5Nzg0
RDQxQTZDMzIyNDI1QTREQjM0MzU1RkMxRTQyMDJGREIzNDMyMENEMTI0MjIy
NkQzRTQwOEZGREY0NDEwQzczQjc0MDlDRDJGMDQxNTNCOUNENDAyOEY0MEI0
Mjc0Q0U0NTQwQUU0MjA4NDIwNERCRkEzRkY1QjIxNDQyREFBODMzNDFGN0FC
Mjg0MkM0QzcwODQxREQ4NDI5NDI4RUREQkU0MEM0MjcyNjQyNzI1MUVENDEz
NUM1MkQ0MkRBQjUyNzQyQ0UwMzI3NDIyNjFDREE0MTZGQjMxRTQyRDk2MjhG
NDExM0UzRjg0MUY4QTQ0MDQxOTQwQTBENDI3OTg5OUQ0MDBBRUYyODQyODYx
OEEzNDA1OEIzMzA0MkYwQzk5MzQwNDU2MTIxNDIzMUE0QzI0MDZEOEMzMjQy
NjI0MDE5NDE3NUM4NTM0MjI1NDFFNzQwMjIyOTJDNDI1MDY5NkI0MDA1RDcx
OTQyRDdGRUE2NDA5MDkxMjg0MkRBQUY2MjQxQkQ5ODJCNDJCM0U3NDM0MUZB
ODQyOTQyQTY1MDlDM0ZDOTFBMUU0MjI1QjI2MTQxRDRDQzM2NDIzQUY4MjE0
MkZFREYzRjQyNTg5OTFCNDI1OUVCM0M0MkI1RDNGRDQxM0NCODRENDI1MkM3
QzQ0MUIwNDg2RDQyMDYwQ0IwNDM2QTgyNEI0MkU2RENBQjQzQjk0ODI3NDJD
MUE5QUM0M0I1OTU0RDQyODE3MkIyNDNEODZFN0Y0MkZFODBBRDQwQ0M5NTdD
NDI3RjdEQjI0MzI1ODE3MzQyRTYxQ0FFNDMwRkEyNzY0Mjk2MTgyRTQxMDY0
NDg0NDIzMTg2MTg0MjE4QUI4RDQyMkY3QUQ4NDA2REU3OEY0MkJGQjMyRDQy
MzQwRjg2NDIxNDU4NkI0MjQ0ODA3OTQyRThGQjFCNDI4Qjc5ODY0MjNCNEFB
QjQzMjg3MjhBNDIxMTU1QTQ0M0Q0RjM4RDQyOUEyOUEwNDM3RUQ1OEQ0MkYx
NjU5RDQzOUEzNTg2NDIwRkVFRjAzRjY0MTYzMjQwRDc5MjFFNDAwOEM0OUM0
MERDRUFBQTQwMzIzNUVGNDA1QjFFNDc0MUM5NzBGRjQwRTk2MzI4NDExQzUw
MzI0MTAzQTc1RTQxQ0YwOTQ4NDE5QkYxRDg0MDI2NzVDODQwODA2RUU5NDAw
QkMwNUE0MDQ3MUQyNjQwQjk5OTVENDAxQ0RDMDc0MDFDQUEzMzNGRDk5Q0Q3
M0ZBMDFBMDE0MDE5NEVEMTNGQThFRDc0NDBEQkZEMUE0MEY3MzMyNjQwNTg3
NkQ3M0Y4MzlDNDEzRjA2MUE3MjNGRUZBNzFDM0YwMkM1MkEzRkZDMjEzMzNG
OEU0M0EwM0YzRDBBRTEzRTgwRjMyMjNGMzlBMDg1M0Y0MTc5MDQzRjgyMzg1
NDNGQkYzOEU2M0U2NzJENDkzRTIyOUQ0MjNFNkE4MzdCM0UyMDY4QTkzRTVD
RkE4NDNFMEEyQjU2M0VDMTQ4OTMzRTFGRg==

--SBD.Boundary.605592468
PROCESS /noc/users/iridburst/exec/irid_300224010734970_upd.pl
Last Run  ----1970-01-01 00:00:00 
MONTH  5 
DATA  xxrecord 2012-05-19 01:00:05 :: $W5M5A,120519,010005,660d0028449ce246,1,DAS 2,4901.5714N,1621.6895W,21.9,2,27.0,14.3,10.5,73.9,6.0,10.5,74.4,6.2,1014.6,3.3,5.05,8,13,41*73
 
INSERT
STATION sbdservice
IRID_ID 300224010734970
BODY 
Content-Type: application/x-zip-compressed; name="SBMmessage.sbd"
Content-Disposition: attachment; filename="300224010734970_003397.sbd"
Content-Transfer-Encoding: base64

JFc1TTVBLDEyMDUxOSwwMjAwMDUsNjYwZDAwMjg0NDljZTI0NiwxLERBUyAy
LDQ5MDEuNjI0OE4sMTYyMS43NDI5VywyMi4wLDM2MCwzNC4xLDE0LjMsMTAu
MCw4MS4xLDcuMCwxMC4xLDgxLjMsNy4wLDEwMTQuMywzLjQsNS40NCwxMCwx
NCwzNyo0OA0KDQokVzVNNUEsMTIwNTE5LDAyMDAwNSw2NjBkMDAyODQ0OWNl
MjQ2LDIsREFTIDIsMTIuOSwxMy4xLDAuMiwwLjQsMC4wMSwxMDk2LDExMDMs
MTU2LDYyOCwwLDU5LjIsMTQuNjYsOTI1KjUzDQoNCiRXNU01QSwxMjA1MTks
MDIwMDA1LDY2MGQwMDI4NDQ5Y2UyNDYsMyw3RjAwNzMwMjNBMDAwMDUzMzIz
MDMxMzIzMDM1MzEzOTMwMzEzNDMwMzAzMDU1NTkwMDMxMzIzMDM1MzEzOTMw
MzEzNDMwMkM1NDQxNDIzMDMwMzAzMDMwMkMyRDMwMzUzMTJFMzEyQzJDMzEz
MjJFMzQzNzJDMzQyRTMwMkMzMzM2MzAzMDJDMzYzMDJDMzYzMDJDMzEyQzMw
MzAzNTM3MzAyQzMzMkUzNDMyMkMzMTJFMzIzNjJDMzkyQzMwMkMzMDJFMzEz
NzMyMkMyQjMwMzAyRTMwMEQwQThEMTA2Q0M4MjY3NDdGMDA2NzAyM0EwMDAw
NTczMjMwMzEzMjMwMzUzMTM5MzAzMTM0MzAzMDMwRkY0RDAwMDA4MEZCNDQw
MEMwMDE0NDAwQzA1QTQ2MDAwMERDNDJEREI1MEM0MEQzM0FFQjQwNDcxNkFF
NDBCRjg5NTk0MEIwNDQwQTQxQzg4NDhDNDA2MEYxMDg0MUIyNTNFNTQwMDEw
MDIwNDExRjc3MUY0MUUyMjY2MzQwMUEwQjVGNDE0OEI4MTM0MkQ3QTUxMTNE
RDIxQkJGNjJDREEzN0YwMjQyMDIzQTAwMDA0QjU2NDgyMDM3MzIzMDMxMzIz
MDM1MzEzOTMwMzEzNDMwMzAzMDJDMDAwMDAwOTk5OTk5M0QwQUQ3QTMzQjE3
MEI1RjQxNDhCODEzNDI4OUEyM0Y0MTVGNUEzRTQyOTAxRDYwNDEzRDAyMjI0
MjhBOUZBMjQxQjEzQkY3NDFBRjNCQTA0MTlGQTRCQzQxQ0FGQzgyNDE2QkQ1
N0U0MUVCOTk4NjQxMzEyMTlGNDEyQjE1ODE0MUNEMEExNTQyQTI0QzhBNDFG
QThBNjk0MjkxQkY4NjQxQ0IxODYwNDIwN0UxMTk0MTJDMTMzQjQyQTQxNzNG
NDE2RUY4MjM0MjcxMkE4RjQxMDAyOTE3NDI5MEYxMTc0MTEyRTcxNDQyRkMz
MzgwNDA2Q0Q5MEQ0MkYzODM4RTQwQUMyOTI2NDI5RDQyMjE0MDIyRTgzOTQy
NTI0NzA2NDE4QjQ3M0I0MkFBNTNEMDQxNkMxQTNENDJBMEVEMTA0MkYzODUx
RTQyNEYwQzA1NDI3RTU2MTQ0MjU4OTJCMzQxRDZGQzIzNDJBQjQ5QzE0MEVG
N0MyOTQyQzcyNUIzNDMyMEMwMzM0MjYxQTUyQzQxMkY4RTUxNDI3RDMzMTc0
MUNFMTYzMjQyOUUzNUU3M0U4QTgzMTk0MjJDRDFCMzQzMzIxNjMxNDJCQTQ1
QUU0M0RGQjc0MTQyQTY2NkE5NDM4RDdBMzc0MjdCNzdBRDQzNUU0NDQwNDIy
MDJBMkU0MTk2OTk1RjQyNUY5QTBBNDI3MkQ3NEQ0Mjc3MDcyNjQyMDA5MzQ4
NDIyQTVBMTQ0MjE1OTY2QjQyQTI2N0I5NDFEOUZBNzI0MkRGN0I2ODQxOTEx
NDZFNDIxQzg2QjM0MzA1NzQ2QjQyQzhERkFCNDM1NzRGNkM0MkU1ODFBOTQz
MDYzQTgwNDJDOTc1QUU0MzdGMUE4NDQyNjY1OEFGNDMzMzVGODE0MjVERjVC
MzQzQ0U4NDg4NDI1RThEMEE0MjY0N0I4QjQyMkY1ODY2NDJGNzRBODA0MkQ4
RkM4OTNGMTdFMTBCNDBEMzVBNEE0MDgyNEQ5MDQwNzIwNDQ2NDEzNkM3REI0
MTUwNzUwMjQxQkRBRUYxNDBDNjcxRjU0MDgyQUZGNTQwNjUxNDE1NDExNkZD
MDU0MUQyRTJGMjQwMTgzRjAyNDExNTIzOTA0MDA0OTI3QjQwRDI0NDI5NDAz
NjJFRjczRkQ4RjIzRjQwNTcyRDg4NDBDNjkzOEUzRjc4ODcwMzQwODQwOEE4
M0Y1QTUxNDAzRjgxNjhBMTNGODNCRUQ5M0Y4NkM0QUIzRkMxREM4NzNGQTk0
MDVEM0ZBRTlCNDQzRkI1MTYxODNGOURFMzYyM0ZBODI2MTkzRjg4NjFFMjNF
QkUxRTBDM0Y2QTMyMDQzRkMyM0IzOTNGQTc5MDIxM0Y2RDk0RjAzRTNBM0NG
MDNFMzIyREEzM0VGNjA5RDQzRUE0NUNDRjNFRkI1Qzc5M0VERkRFMDE1Qio2
Mw0KDQo=

--SBD.Boundary.605592468
PROCESS /noc/users/iridburst/exec/irid_300224010734970_upd.pl
Last Run  ----1970-01-01 00:00:00 
MONTH  5 
DATA  xxrecord 2012-05-19 02:00:05 :: $W5M5A,120519,020005,660d0028449ce246,1,DAS 2,4901.6248N,1621.7429W,22.0,360,34.1,14.3,10.0,81.1,7.0,10.1,81.3,7.0,1014.3,3.4,5.44,10,14,37*48
 
INSERT
STATION sbdservice
IRID_ID 300224010734970
BODY 
Content-Type: application/x-zip-compressed; name="SBMmessage.sbd"
Content-Disposition: attachment; filename="300224010734970_003398.sbd"
Content-Transfer-Encoding: base64

JFc1TTVBLDEyMDUxOSwwMzAwMDUsNjYwZDAwMjg0NDljZTI0NiwxLERBUyAy
LDQ5MDEuNjU0N04sMTYyMS44MjM0VywyNS45LDAsMzMuMSwxNC4zLDEwLjQs
ODIuMSw3LjUsMTAuNCw4Mi4zLDcuNiwxMDEzLjksMy41MSw2LjQzLDkuNSw3
LDM0KjYxDQoNCiRXNU01QSwxMjA1MTksMDMwMDA1LDY2MGQwMDI4NDQ5Y2Uy
NDYsMixEQVMgMiwxMi45LDEzLjEsMC4yLDAuNCwwLjAxLDEwOTcsMTEwNCwx
NTYsNjI5LDAsMTc2LjAsMTQuNjYsOTIzKjZEDQoNCiRXNU01QSwxMjA1MTks
MDMwMDA1LDY2MGQwMDI4NDQ5Y2UyNDYsMyw3RjAwNzQwMjNBMDAwMDUzMzIz
MDMxMzIzMDM1MzEzOTMwMzIzNDMwMzAzMDU1NUEwMDMxMzIzMDM1MzEzOTMw
MzIzNDMwMkM1NDQxNDIzMDMwMzAzMDMwMkMyRDMwMzUzMTJFMzEyQzJDMzEz
MjJFMzQzNjJDMzQyRTMwMkMzMzM2MzAzMDJDMzYzMDJDMzYzMDJDMzEyQzMw
MzAzNTM3MzAyQzMzMkUzNDMyMkMzMTJFMzIzNjJDMzEzMDJDMzAyQzMwMkUz
MTM3MzMyQzJCMzAzMDJFMzAwRDBBQjcxMDJBQTVCMzAyN0YwMDY3MDIzQTAw
MDA1NzMyMzAzMTMyMzAzNTMxMzkzMDMyMzQzMDMwMzBGRjREMDAwMDgwRkI0
NDAwQzAwMTQ0MDA4MEJCNDYwMDAwRTA0MjQ5OEQxMTQwRDM2OUU2NDBDRUQz
Q0Q0MEVCQzk2MDQwRUE2NTA4NDE3MTE5OTQ0MEIxREQwRDQxMzREOEUzNDA4
NjYxMTg0MTA1RDkxNTQxN0FCMTZENDBDQkNERDc0MDVGODMwNzQyRjEyQzI4
M0RFNzFGNEQ1Njk2M0E3RjAyMkEwMjNBMDAwMDRCNTY0ODIwMzczMjMwMzEz
MjMwMzUzMTM5MzAzMjM0MzAzMDMwMkEwMDAwMDAwQUQ3QTMzRDBBRDdBMzNC
RTFDREQ3NDA1OTgzMDc0MjMyQUI3RTQxMTIwQTIzNDIwQzI1MDQ0MUQyMjYw
NTQyMjgwNUUxNDBFREIzQzQ0MTlFNkNENjQwRTFBQ0EzNDE1RjY3M0I0MThF
N0FBRjQxRDEzRTUyNDFGMkU5REI0MTJBMzRCMzQzNDdFQUZENDE0QzFEQUQ0
M0YzOTdFQjQxRkQ5MkIzNDNCN0JBMTk0MjYyMTNBQTQxRjc3OTM0NDI4QjUx
OTY0MUZBQTUzMzQyMEIxNTNDNDEyMTJEMTQ0MjIzQ0M0OTQxRDgwQTA2NDIw
NjFFOEE0MUM5NjgwNDQyQzkxMThENDFCOUMxMTM0MjY1QjhGRTQwQkJEMzI3
NDIxQTREN0YzRjU3RTUyNDQyNTQ1MEM3NDAxNEI1MTQ0MjUzNDgxQzQxQUU4
NEY5NDEyODkzNzY0MEIwMTVERjQxOUQzQzM0M0U3QTcxMDc0MkVCQzZFQzQw
NTYwNzM5NDI4NTcyODg0MDY5REI1MDQyN0U0RkFFNDNCMDE3NEE0MjlENDlB
QzQzOTlCOTRDNDJEQjgwQUU0MzE3Q0I0QjQyNUIwNzAwNDBCNTczNDE0MkM1
OUFEMzQwMzAzMTNCNDJCNEZDNDU0MTZBQzA0NjQyQkI2REQ3NDExMjEyM0Y0
MkQ5ODRCNzQxMzU3MDQ2NDI3RkM3ODE0MEFFOTI1QjQyRTcyQkFGNDMzRDU1
Njg0MjEyQTRBRjQzOEU5ODY5NDI4OEIzQUM0MzhCRUE2QTQyMDEzMkFFNDM2
MTcwN0Q0MkNCQTVCMjQzMTlENzg4NDJFMTk0QTc0M0NDRkQ4NzQyMUQ4REE4
NDM4NDc3ODQ0Mjc5QzZBQzQzMkM1Nzg1NDI4NjJFQTU0M0RCMkQ4MTQyMUFG
NUEzNDM2OEM2ODU0MjFGQjJCQTNGMjFDNTA0NDBGRkM5NkU0MEQwMDAxOTQx
RDk1MjdBNDE5NDNCQUI0MTM5RTM2ODQxMkM1NzRFNDE3Mzk4RkU0MDI5ODZF
NjQwNzcwNDgwNDAzQzU5MTk0MUNCMDkzNjQxOEM2Q0Q4NDBBQTFCOEU0MEUx
QzA0MTQwRERBNTUwNDAwQzhCOEU0MDlDMUQ3NjQwM0U5NDMzNDA0MDU5MTI0
MDg1RUNGMzNGN0Y4NTk5M0ZDQThEQzMzRjgyNjY5ODNGQjQ3MDk4M0Y3RkMw
QTczRkNBMEQ2QjNGNkQ5OTA4M0Y0RjlCNDkzRjA3RkY3NjNGMjcwNzQ1M0Y0
RTg0RUQzRUY5REYyNjNGMzVEMDUwM0ZFRDlFMjQzRjMzRjkyQTNGMEEyODBG
M0YxRkI0QTYzRUEyNDJBMjNFNUFDODlGM0U1OUEyNEQzREMzQTRGRDU0KjZC
DQoNCg==

--SBD.Boundary.605592468
PROCESS /noc/users/iridburst/exec/irid_300224010734970_upd.pl
Last Run  ----1970-01-01 00:00:00 
MONTH  5 
DATA  xxrecord 2012-05-19 03:00:05 :: $W5M5A,120519,030005,660d0028449ce246,1,DAS 2,4901.6547N,1621.8234W,25.9,0,33.1,14.3,10.4,82.1,7.5,10.4,82.3,7.6,1013.9,3.51,6.43,9.5,7,34*61
 
INSERT
STATION sbdservice
IRID_ID 300224010734970
BODY --

From sbdservice@sbd.iridium.com Sat May 19 05:04:30 2012
Return-Path: <sbdservice@sbd.iridium.com>
Received: from istbsp02.sbd.iridium.com (outbound.sbd.iridium.com [12.47.179.11])
	by mercury.noc.soton.ac.uk (8.13.1/8.12.11) with ESMTP id q4J44OP8005669
	for <iridburst@noc.soton.ac.uk>; Sat, 19 May 2012 05:04:24 +0100
Reply-To: <sbdservice@sbd.iridium.com>
From: sbdservice@sbd.iridium.com
To: iridburst@noc.soton.ac.uk
Subject: SBD Msg From Unit: 300224010734970
MIME-Version: 1.0
Content-Type: multipart/mixed;boundary="SBD.Boundary.605592468"
Message-Id: <19740412024625.D4957DDA3F53CE75@istbsp02.sbd.iridium.com>
Date: Sat, 19 May 2012 04:04:23 +0000 (GMT)
X-NOCS-MailScanner-Information: Please contact the ISP for more information
X-NOCS-MailScanner-ID: q4J44OP8005669
X-NOCS-MailScanner: Found to be clean
X-NOCS-MailScanner-SpamCheck: not spam (whitelisted),
	SpamAssassin (not cached, score=-6.599, required 5,
	autolearn=not spam, BAYES_00 -2.60, RCVD_IN_DNSWL_MED -4.00)
X-NOCS-MailScanner-From: sbdservice@sbd.iridium.com
X-Spam-Status: No

SBM Message
--SBD.Boundary.605592468
PROCESS /noc/users/iridburst/exec/irid_300224010734970_upd.pl
Last Run  ----1970-01-01 00:00:00 
MONTH  5 
DATA  xxrecord 2012-05-19 03:00:05 :: $W5M5A,120519,030005,660d0028449ce246,1,DAS 2,4901.6547N,1621.8234W,25.9,0,33.1,14.3,10.4,82.1,7.5,10.4,82.3,7.6,1013.9,3.51,6.43,9.5,7,34*61
 
STATION sbdservice
IRID_ID 300224010734970
BODY --

From sbdservice@sbd.iridium.com Sat May 19 06:00:57 2012
Return-Path: <sbdservice@sbd.iridium.com>
Received: from istbsp02.sbd.iridium.com (outbound.sbd.iridium.com [12.47.179.11])
	by mercury.noc.soton.ac.uk (8.13.1/8.12.11) with ESMTP id q4J50qEY010144
	for <iridburst@noc.soton.ac.uk>; Sat, 19 May 2012 06:00:52 +0100
Reply-To: <sbdservice@sbd.iridium.com>
From: sbdservice@sbd.iridium.com
To: iridburst@noc.soton.ac.uk
Subject: SBD Msg From Unit: 300224010734970
MIME-Version: 1.0
Content-Type: multipart/mixed;boundary="SBD.Boundary.605592468"
Message-Id: <19740412024625.69954FEA3F52A1D6@istbsp02.sbd.iridium.com>
Date: Sat, 19 May 2012 05:00:51 +0000 (GMT)
X-NOCS-MailScanner-Information: Please contact the ISP for more information
X-NOCS-MailScanner-ID: q4J50qEY010144
X-NOCS-MailScanner: Found to be clean
X-NOCS-MailScanner-SpamCheck: not spam (whitelisted),
	SpamAssassin (not cached, score=-6.599, required 5,
	autolearn=not spam, BAYES_00 -2.60, RCVD_IN_DNSWL_MED -4.00)
X-NOCS-MailScanner-From: sbdservice@sbd.iridium.com
X-Spam-Status: No

SBM Message
--SBD.Boundary.605592468
PROCESS /noc/users/iridburst/exec/irid_300224010734970_upd.pl
Last Run  ----1970-01-01 00:00:00 
MONTH  5 
DATA  xxrecord 2012-05-19 03:00:05 :: $W5M5A,120519,030005,660d0028449ce246,1,DAS 2,4901.6547N,1621.8234W,25.9,0,33.1,14.3,10.4,82.1,7.5,10.4,82.3,7.6,1013.9,3.51,6.43,9.5,7,34*61
 
STATION sbdservice
IRID_ID 300224010734970
BODY --

From sbdservice@sbd.iridium.com Sat May 19 07:00:56 2012
Return-Path: <sbdservice@sbd.iridium.com>
Received: from istbsp01.sbd.iridium.com (outbound.sbd.iridium.com [12.47.179.11])
	by mercury.noc.soton.ac.uk (8.13.1/8.12.11) with ESMTP id q4J60oW5017577
	for <iridburst@noc.soton.ac.uk>; Sat, 19 May 2012 07:00:50 +0100
Reply-To: <sbdservice@sbd.iridium.com>
From: sbdservice@sbd.iridium.com
To: iridburst@noc.soton.ac.uk
Subject: SBD Msg From Unit: 300224010734970
MIME-Version: 1.0
Content-Type: multipart/mixed;boundary="SBD.Boundary.605592468"
Message-Id: <19740412024625.E3C85FC9FB3CBD4E@istbsp01.sbd.iridium.com>
Date: Sat, 19 May 2012 06:00:49 +0000 (GMT)
X-NOCS-MailScanner-Information: Please contact the ISP for more information
X-NOCS-MailScanner-ID: q4J60oW5017577
X-NOCS-MailScanner: Found to be clean
X-NOCS-MailScanner-SpamCheck: not spam (whitelisted),
	SpamAssassin (not cached, score=-6.599, required 5,
	autolearn=not spam, BAYES_00 -2.60, RCVD_IN_DNSWL_MED -4.00)
X-NOCS-MailScanner-From: sbdservice@sbd.iridium.com
X-Spam-Status: No

SBM Message
--SBD.Boundary.605592468
PROCESS /noc/users/iridburst/exec/irid_300224010734970_upd.pl
Last Run  ----1970-01-01 00:00:00 
MONTH  5 
DATA  xxrecord 2012-05-19 03:00:05 :: $W5M5A,120519,030005,660d0028449ce246,1,DAS 2,4901.6547N,1621.8234W,25.9,0,33.1,14.3,10.4,82.1,7.5,10.4,82.3,7.6,1013.9,3.51,6.43,9.5,7,34*61
 
STATION sbdservice
IRID_ID 300224010734970
BODY --

From sbdservice@sbd.iridium.com Sat May 19 08:00:58 2012
Return-Path: <sbdservice@sbd.iridium.com>
Received: from istbsp01.sbd.iridium.com (outbound.sbd.iridium.com [12.47.179.11])
	by mercury.noc.soton.ac.uk (8.13.1/8.12.11) with ESMTP id q4J70rWK022607
	for <iridburst@noc.soton.ac.uk>; Sat, 19 May 2012 08:00:53 +0100
Reply-To: <sbdservice@sbd.iridium.com>
From: sbdservice@sbd.iridium.com
To: iridburst@noc.soton.ac.uk
Subject: SBD Msg From Unit: 300224010734970
MIME-Version: 1.0
Content-Type: multipart/mixed;boundary="SBD.Boundary.605592468"
Message-Id: <19740412024625.BEB27FEBBB0EDC14@istbsp01.sbd.iridium.com>
Date: Sat, 19 May 2012 07:00:52 +0000 (GMT)
X-NOCS-MailScanner-Information: Please contact the ISP for more information
X-NOCS-MailScanner-ID: q4J70rWK022607
X-NOCS-MailScanner: Found to be clean
X-NOCS-MailScanner-SpamCheck: not spam (whitelisted),
	SpamAssassin (not cached, score=-6.599, required 5,
	autolearn=not spam, BAYES_00 -2.60, RCVD_IN_DNSWL_MED -4.00)
X-NOCS-MailScanner-From: sbdservice@sbd.iridium.com
X-Spam-Status: No

SBM Message
--SBD.Boundary.605592468
PROCESS /noc/users/iridburst/exec/irid_300224010734970_upd.pl
Last Run  ----1970-01-01 00:00:00 
MONTH  5 
DATA  xxrecord 2012-05-19 03:00:05 :: $W5M5A,120519,030005,660d0028449ce246,1,DAS 2,4901.6547N,1621.8234W,25.9,0,33.1,14.3,10.4,82.1,7.5,10.4,82.3,7.6,1013.9,3.51,6.43,9.5,7,34*61
 
STATION sbdservice
IRID_ID 300224010734970
BODY --

From sbdservice@sbd.iridium.com Sat May 19 09:01:01 2012
Return-Path: <sbdservice@sbd.iridium.com>
Received: from istbsp02.sbd.iridium.com (outbound.sbd.iridium.com [12.47.179.11])
	by mercury.noc.soton.ac.uk (8.13.1/8.12.11) with ESMTP id q4J80ptV028397
	for <iridburst@noc.soton.ac.uk>; Sat, 19 May 2012 09:00:52 +0100
Reply-To: <sbdservice@sbd.iridium.com>
From: sbdservice@sbd.iridium.com
To: iridburst@noc.soton.ac.uk
Subject: SBD Msg From Unit: 300224010734970
MIME-Version: 1.0
Content-Type: multipart/mixed;boundary="SBD.Boundary.605592468"
Message-Id: <19740412024625.63BF7ECABF43FBA4@istbsp02.sbd.iridium.com>
Date: Sat, 19 May 2012 08:00:50 +0000 (GMT)
X-NOCS-MailScanner-Information: Please contact the ISP for more information
X-NOCS-MailScanner-ID: q4J80ptV028397
X-NOCS-MailScanner: Found to be clean
X-NOCS-MailScanner-SpamCheck: not spam (whitelisted),
	SpamAssassin (not cached, score=-6.599, required 5,
	autolearn=not spam, BAYES_00 -2.60, RCVD_IN_DNSWL_MED -4.00)
X-NOCS-MailScanner-From: sbdservice@sbd.iridium.com
X-Spam-Status: No

SBM Message
--SBD.Boundary.605592468
PROCESS /noc/users/iridburst/exec/irid_300224010734970_upd.pl
Last Run  ----1970-01-01 00:00:00 
MONTH  5 
DATA  xxrecord 2012-05-19 03:00:05 :: $W5M5A,120519,030005,660d0028449ce246,1,DAS 2,4901.6547N,1621.8234W,25.9,0,33.1,14.3,10.4,82.1,7.5,10.4,82.3,7.6,1013.9,3.51,6.43,9.5,7,34*61
 
STATION sbdservice
IRID_ID 300224010734970
BODY --

From sbdservice@sbd.iridium.com Sat May 19 10:00:57 2012
Return-Path: <sbdservice@sbd.iridium.com>
Received: from istbsp02.sbd.iridium.com (outbound.sbd.iridium.com [12.47.179.11])
	by mercury.noc.soton.ac.uk (8.13.1/8.12.11) with ESMTP id q4J90pfh001442
	for <iridburst@noc.soton.ac.uk>; Sat, 19 May 2012 10:00:51 +0100
Reply-To: <sbdservice@sbd.iridium.com>
From: sbdservice@sbd.iridium.com
To: iridburst@noc.soton.ac.uk
Subject: SBD Msg From Unit: 300224010734970
MIME-Version: 1.0
Content-Type: multipart/mixed;boundary="SBD.Boundary.605592468"
Message-Id: <19740412024625.17264DFB3F72CC7B@istbsp02.sbd.iridium.com>
Date: Sat, 19 May 2012 09:00:51 +0000 (GMT)
X-NOCS-MailScanner-Information: Please contact the ISP for more information
X-NOCS-MailScanner-ID: q4J90pfh001442
X-NOCS-MailScanner: Found to be clean
X-NOCS-MailScanner-SpamCheck: not spam (whitelisted),
	SpamAssassin (not cached, score=-6.599, required 5,
	autolearn=not spam, BAYES_00 -2.60, RCVD_IN_DNSWL_MED -4.00)
X-NOCS-MailScanner-From: sbdservice@sbd.iridium.com
X-Spam-Status: No

SBM Message
--SBD.Boundary.605592468
PROCESS /noc/users/iridburst/exec/irid_300224010734970_upd.pl
Last Run  ----1970-01-01 00:00:00 
MONTH  5 
DATA  xxrecord 2012-05-19 03:00:05 :: $W5M5A,120519,030005,660d0028449ce246,1,DAS 2,4901.6547N,1621.8234W,25.9,0,33.1,14.3,10.4,82.1,7.5,10.4,82.3,7.6,1013.9,3.51,6.43,9.5,7,34*61
 
STATION sbdservice
IRID_ID 300224010734970
BODY --

From sbdservice@sbd.iridium.com Sat May 19 11:00:54 2012
Return-Path: <sbdservice@sbd.iridium.com>
Received: from istbsp01.sbd.iridium.com (outbound.sbd.iridium.com [12.47.179.11])
	by mercury.noc.soton.ac.uk (8.13.1/8.12.11) with ESMTP id q4JA0mYg007446
	for <iridburst@noc.soton.ac.uk>; Sat, 19 May 2012 11:00:48 +0100
Reply-To: <sbdservice@sbd.iridium.com>
From: sbdservice@sbd.iridium.com
To: iridburst@noc.soton.ac.uk
Subject: SBD Msg From Unit: 300224010734970
MIME-Version: 1.0
Content-Type: multipart/mixed;boundary="SBD.Boundary.605592468"
Message-Id: <19740412024625.0A725EC8B71E4914@istbsp01.sbd.iridium.com>
Date: Sat, 19 May 2012 10:00:46 +0000 (GMT)
X-NOCS-MailScanner-Information: Please contact the ISP for more information
X-NOCS-MailScanner-ID: q4JA0mYg007446
X-NOCS-MailScanner: Found to be clean
X-NOCS-MailScanner-SpamCheck: not spam (whitelisted),
	SpamAssassin (not cached, score=-6.599, required 5,
	autolearn=not spam, BAYES_00 -2.60, RCVD_IN_DNSWL_MED -4.00)
X-NOCS-MailScanner-From: sbdservice@sbd.iridium.com
X-Spam-Status: No

SBM Message
--SBD.Boundary.605592468
PROCESS /noc/users/iridburst/exec/irid_300224010734970_upd.pl
Last Run  ----1970-01-01 00:00:00 
MONTH  5 
DATA  xxrecord 2012-05-19 03:00:05 :: $W5M5A,120519,030005,660d0028449ce246,1,DAS 2,4901.6547N,1621.8234W,25.9,0,33.1,14.3,10.4,82.1,7.5,10.4,82.3,7.6,1013.9,3.51,6.43,9.5,7,34*61
 
STATION sbdservice
IRID_ID 300224010734970
BODY --

From sbdservice@sbd.iridium.com Sat May 19 12:00:55 2012
Return-Path: <sbdservice@sbd.iridium.com>
Received: from istbsp02.sbd.iridium.com (outbound.sbd.iridium.com [12.47.179.11])
	by mercury.noc.soton.ac.uk (8.13.1/8.12.11) with ESMTP id q4JB0oh8012917
	for <iridburst@noc.soton.ac.uk>; Sat, 19 May 2012 12:00:50 +0100
Reply-To: <sbdservice@sbd.iridium.com>
From: sbdservice@sbd.iridium.com
To: iridburst@noc.soton.ac.uk
Subject: SBD Msg From Unit: 300224010734970
MIME-Version: 1.0
Content-Type: multipart/mixed;boundary="SBD.Boundary.605592468"
Message-Id: <19740412024625.F41E7EDB7B72EE13@istbsp02.sbd.iridium.com>
Date: Sat, 19 May 2012 11:00:48 +0000 (GMT)
X-NOCS-MailScanner-Information: Please contact the ISP for more information
X-NOCS-MailScanner-ID: q4JB0oh8012917
X-NOCS-MailScanner: Found to be clean
X-NOCS-MailScanner-SpamCheck: not spam (whitelisted),
	SpamAssassin (not cached, score=-6.599, required 5,
	autolearn=not spam, BAYES_00 -2.60, RCVD_IN_DNSWL_MED -4.00)
X-NOCS-MailScanner-From: sbdservice@sbd.iridium.com
X-Spam-Status: No

SBM Message
--SBD.Boundary.605592468
PROCESS /noc/users/iridburst/exec/irid_300224010734970_upd.pl
Last Run  ----1970-01-01 00:00:00 
MONTH  5 
DATA  xxrecord 2012-05-19 03:00:05 :: $W5M5A,120519,030005,660d0028449ce246,1,DAS 2,4901.6547N,1621.8234W,25.9,0,33.1,14.3,10.4,82.1,7.5,10.4,82.3,7.6,1013.9,3.51,6.43,9.5,7,34*61
 
STATION sbdservice
IRID_ID 300224010734970
BODY --

From sbdservice@sbd.iridium.com Sat May 19 13:00:55 2012
Return-Path: <sbdservice@sbd.iridium.com>
Received: from istbsp02.sbd.iridium.com (outbound.sbd.iridium.com [12.47.179.11])
	by mercury.noc.soton.ac.uk (8.13.1/8.12.11) with ESMTP id q4JC0pgc017818
	for <iridburst@noc.soton.ac.uk>; Sat, 19 May 2012 13:00:52 +0100
Reply-To: <sbdservice@sbd.iridium.com>
From: sbdservice@sbd.iridium.com
To: iridburst@noc.soton.ac.uk
Subject: SBD Msg From Unit: 300224010734970
MIME-Version: 1.0
Content-Type: multipart/mixed;boundary="SBD.Boundary.605592468"
Message-Id: <19740412024625.3F547DFA3B612B5C@istbsp02.sbd.iridium.com>
Date: Sat, 19 May 2012 12:00:51 +0000 (GMT)
X-NOCS-MailScanner-Information: Please contact the ISP for more information
X-NOCS-MailScanner-ID: q4JC0pgc017818
X-NOCS-MailScanner: Found to be clean
X-NOCS-MailScanner-SpamCheck: not spam (whitelisted),
	SpamAssassin (not cached, score=-6.599, required 5,
	autolearn=not spam, BAYES_00 -2.60, RCVD_IN_DNSWL_MED -4.00)
X-NOCS-MailScanner-From: sbdservice@sbd.iridium.com
X-Spam-Status: No

SBM Message
--SBD.Boundary.605592468
PROCESS /noc/users/iridburst/exec/irid_300224010734970_upd.pl
Last Run  ----1970-01-01 00:00:00 
MONTH  5 
DATA  xxrecord 2012-05-19 03:00:05 :: $W5M5A,120519,030005,660d0028449ce246,1,DAS 2,4901.6547N,1621.8234W,25.9,0,33.1,14.3,10.4,82.1,7.5,10.4,82.3,7.6,1013.9,3.51,6.43,9.5,7,34*61
 
STATION sbdservice
IRID_ID 300224010734970
BODY --

From sbdservice@sbd.iridium.com Sat May 19 14:00:58 2012
Return-Path: <sbdservice@sbd.iridium.com>
Received: from istbsp02.sbd.iridium.com (outbound.sbd.iridium.com [12.47.179.11])
	by mercury.noc.soton.ac.uk (8.13.1/8.12.11) with ESMTP id q4JD0s2m022753
	for <iridburst@noc.soton.ac.uk>; Sat, 19 May 2012 14:00:54 +0100
Reply-To: <sbdservice@sbd.iridium.com>
From: sbdservice@sbd.iridium.com
To: iridburst@noc.soton.ac.uk
Subject: SBD Msg From Unit: 300224010734970
MIME-Version: 1.0
Content-Type: multipart/mixed;boundary="SBD.Boundary.605592468"
Message-Id: <19740412024625.7CBC5FFABB711275@istbsp02.sbd.iridium.com>
Date: Sat, 19 May 2012 13:00:53 +0000 (GMT)
X-NOCS-MailScanner-Information: Please contact the ISP for more information
X-NOCS-MailScanner-ID: q4JD0s2m022753
X-NOCS-MailScanner: Found to be clean
X-NOCS-MailScanner-SpamCheck: not spam (whitelisted),
	SpamAssassin (not cached, score=-6.599, required 5,
	autolearn=not spam, BAYES_00 -2.60, RCVD_IN_DNSWL_MED -4.00)
X-NOCS-MailScanner-From: sbdservice@sbd.iridium.com
X-Spam-Status: No

SBM Message
--SBD.Boundary.605592468
PROCESS /noc/users/iridburst/exec/irid_300224010734970_upd.pl
Last Run  ----1970-01-01 00:00:00 
MONTH  5 
DATA  xxrecord 2012-05-19 03:00:05 :: $W5M5A,120519,030005,660d0028449ce246,1,DAS 2,4901.6547N,1621.8234W,25.9,0,33.1,14.3,10.4,82.1,7.5,10.4,82.3,7.6,1013.9,3.51,6.43,9.5,7,34*61
 
STATION sbdservice
IRID_ID 300224010734970
BODY --

From sbdservice@sbd.iridium.com Sat May 19 15:00:57 2012
Return-Path: <sbdservice@sbd.iridium.com>
Received: from istbsp02.sbd.iridium.com (outbound.sbd.iridium.com [12.47.179.11])
	by mercury.noc.soton.ac.uk (8.13.1/8.12.11) with ESMTP id q4JE0p3l027487
	for <iridburst@noc.soton.ac.uk>; Sat, 19 May 2012 15:00:51 +0100
Reply-To: <sbdservice@sbd.iridium.com>
From: sbdservice@sbd.iridium.com
To: iridburst@noc.soton.ac.uk
Subject: SBD Msg From Unit: 300224010734970
MIME-Version: 1.0
Content-Type: multipart/mixed;boundary="SBD.Boundary.605592468"
Message-Id: <19740412024625.D6B45FFA3F734762@istbsp02.sbd.iridium.com>
Date: Sat, 19 May 2012 14:00:50 +0000 (GMT)
X-NOCS-MailScanner-Information: Please contact the ISP for more information
X-NOCS-MailScanner-ID: q4JE0p3l027487
X-NOCS-MailScanner: Found to be clean
X-NOCS-MailScanner-SpamCheck: not spam (whitelisted),
	SpamAssassin (not cached, score=-6.599, required 5,
	autolearn=not spam, BAYES_00 -2.60, RCVD_IN_DNSWL_MED -4.00)
X-NOCS-MailScanner-From: sbdservice@sbd.iridium.com
X-Spam-Status: No

SBM Message
--SBD.Boundary.605592468
PROCESS /noc/users/iridburst/exec/irid_300224010734970_upd.pl
Last Run  ----1970-01-01 00:00:00 
MONTH  5 
DATA  xxrecord 2012-05-19 03:00:05 :: $W5M5A,120519,030005,660d0028449ce246,1,DAS 2,4901.6547N,1621.8234W,25.9,0,33.1,14.3,10.4,82.1,7.5,10.4,82.3,7.6,1013.9,3.51,6.43,9.5,7,34*61
 
STATION sbdservice
IRID_ID 300224010734970
BODY --

From sbdservice@sbd.iridium.com Sat May 19 16:00:58 2012
Return-Path: <sbdservice@sbd.iridium.com>
Received: from istbsp01.sbd.iridium.com (outbound.sbd.iridium.com [12.47.179.11])
	by mercury.noc.soton.ac.uk (8.13.1/8.12.11) with ESMTP id q4JF0pST032444
	for <iridburst@noc.soton.ac.uk>; Sat, 19 May 2012 16:00:51 +0100
Reply-To: <sbdservice@sbd.iridium.com>
From: sbdservice@sbd.iridium.com
To: iridburst@noc.soton.ac.uk
Subject: SBD Msg From Unit: 300224010734970
MIME-Version: 1.0
Content-Type: multipart/mixed;boundary="SBD.Boundary.605592468"
Message-Id: <19740412024625.D13C5CFB731E2047@istbsp01.sbd.iridium.com>
Date: Sat, 19 May 2012 15:00:49 +0000 (GMT)
X-NOCS-MailScanner-Information: Please contact the ISP for more information
X-NOCS-MailScanner-ID: q4JF0pST032444
X-NOCS-MailScanner: Found to be clean
X-NOCS-MailScanner-SpamCheck: not spam (whitelisted),
	SpamAssassin (not cached, score=-6.599, required 5,
	autolearn=not spam, BAYES_00 -2.60, RCVD_IN_DNSWL_MED -4.00)
X-NOCS-MailScanner-From: sbdservice@sbd.iridium.com
X-Spam-Status: No

SBM Message
--SBD.Boundary.605592468
PROCESS /noc/users/iridburst/exec/irid_300224010734970_upd.pl
Last Run  ----1970-01-01 00:00:00 
MONTH  5 
DATA  xxrecord 2012-05-19 03:00:05 :: $W5M5A,120519,030005,660d0028449ce246,1,DAS 2,4901.6547N,1621.8234W,25.9,0,33.1,14.3,10.4,82.1,7.5,10.4,82.3,7.6,1013.9,3.51,6.43,9.5,7,34*61
 
STATION sbdservice
IRID_ID 300224010734970
BODY --

From sbdservice@sbd.iridium.com Sat May 19 17:00:39 2012
Return-Path: <sbdservice@sbd.iridium.com>
Received: from istbsp01.sbd.iridium.com (outbound.sbd.iridium.com [12.47.179.11])
	by mercury.noc.soton.ac.uk (8.13.1/8.12.11) with ESMTP id q4JG0Xgo004867
	for <iridburst@noc.soton.ac.uk>; Sat, 19 May 2012 17:00:34 +0100
Reply-To: <sbdservice@sbd.iridium.com>
From: sbdservice@sbd.iridium.com
To: iridburst@noc.soton.ac.uk
Subject: SBD Msg From Unit: 300224010734970
MIME-Version: 1.0
Content-Type: multipart/mixed;boundary="SBD.Boundary.605592468"
Message-Id: <19740412024625.8BC87CFA3F0F8D14@istbsp01.sbd.iridium.com>
Date: Sat, 19 May 2012 16:00:33 +0000 (GMT)
X-NOCS-MailScanner-Information: Please contact the ISP for more information
X-NOCS-MailScanner-ID: q4JG0Xgo004867
X-NOCS-MailScanner: Found to be clean
X-NOCS-MailScanner-SpamCheck: not spam (whitelisted),
	SpamAssassin (not cached, score=-6.599, required 5,
	autolearn=not spam, BAYES_00 -2.60, RCVD_IN_DNSWL_MED -4.00)
X-NOCS-MailScanner-From: sbdservice@sbd.iridium.com
X-Spam-Status: No

SBM Message
--SBD.Boundary.605592468
PROCESS /noc/users/iridburst/exec/irid_300224010734970_upd.pl
Last Run  ----1970-01-01 00:00:00 
MONTH  5 
DATA  xxrecord 2012-05-19 03:00:05 :: $W5M5A,120519,030005,660d0028449ce246,1,DAS 2,4901.6547N,1621.8234W,25.9,0,33.1,14.3,10.4,82.1,7.5,10.4,82.3,7.6,1013.9,3.51,6.43,9.5,7,34*61
 
STATION sbdservice
IRID_ID 300224010734970
BODY --

From sbdservice@sbd.iridium.com Sat May 19 18:01:01 2012
Return-Path: <sbdservice@sbd.iridium.com>
Received: from istbsp02.sbd.iridium.com (outbound.sbd.iridium.com [12.47.179.11])
	by mercury.noc.soton.ac.uk (8.13.1/8.12.11) with ESMTP id q4JH0tmb009952
	for <iridburst@noc.soton.ac.uk>; Sat, 19 May 2012 18:00:56 +0100
Reply-To: <sbdservice@sbd.iridium.com>
From: sbdservice@sbd.iridium.com
To: iridburst@noc.soton.ac.uk
Subject: SBD Msg From Unit: 300224010734970
MIME-Version: 1.0
Content-Type: multipart/mixed;boundary="SBD.Boundary.605592468"
Message-Id: <19740412024625.5B6E7CC8B373BADA@istbsp02.sbd.iridium.com>
Date: Sat, 19 May 2012 17:00:54 +0000 (GMT)
X-NOCS-MailScanner-Information: Please contact the ISP for more information
X-NOCS-MailScanner-ID: q4JH0tmb009952
X-NOCS-MailScanner: Found to be clean
X-NOCS-MailScanner-SpamCheck: not spam (whitelisted),
	SpamAssassin (not cached, score=-6.599, required 5,
	autolearn=not spam, BAYES_00 -2.60, RCVD_IN_DNSWL_MED -4.00)
X-NOCS-MailScanner-From: sbdservice@sbd.iridium.com
X-Spam-Status: No

SBM Message
--SBD.Boundary.605592468
PROCESS /noc/users/iridburst/exec/irid_300224010734970_upd.pl
Last Run  ----1970-01-01 00:00:00 
MONTH  5 
DATA  xxrecord 2012-05-19 03:00:05 :: $W5M5A,120519,030005,660d0028449ce246,1,DAS 2,4901.6547N,1621.8234W,25.9,0,33.1,14.3,10.4,82.1,7.5,10.4,82.3,7.6,1013.9,3.51,6.43,9.5,7,34*61
 
STATION sbdservice
IRID_ID 300224010734970
BODY --

From sbdservice@sbd.iridium.com Sat May 19 19:00:58 2012
Return-Path: <sbdservice@sbd.iridium.com>
Received: from istbsp02.sbd.iridium.com (outbound.sbd.iridium.com [12.47.179.11])
	by mercury.noc.soton.ac.uk (8.13.1/8.12.11) with ESMTP id q4JI0qKl014603
	for <iridburst@noc.soton.ac.uk>; Sat, 19 May 2012 19:00:53 +0100
Reply-To: <sbdservice@sbd.iridium.com>
From: sbdservice@sbd.iridium.com
To: iridburst@noc.soton.ac.uk
Subject: SBD Msg From Unit: 300224010734970
MIME-Version: 1.0
Content-Type: multipart/mixed;boundary="SBD.Boundary.605592468"
Message-Id: <19740412024625.E1CF5FC83B738BB0@istbsp02.sbd.iridium.com>
Date: Sat, 19 May 2012 18:00:52 +0000 (GMT)
X-NOCS-MailScanner-Information: Please contact the ISP for more information
X-NOCS-MailScanner-ID: q4JI0qKl014603
X-NOCS-MailScanner: Found to be clean
X-NOCS-MailScanner-SpamCheck: not spam (whitelisted),
	SpamAssassin (not cached, score=-6.599, required 5,
	autolearn=not spam, BAYES_00 -2.60, RCVD_IN_DNSWL_MED -4.00)
X-NOCS-MailScanner-From: sbdservice@sbd.iridium.com
X-Spam-Status: No

SBM Message
--SBD.Boundary.605592468
PROCESS /noc/users/iridburst/exec/irid_300224010734970_upd.pl
Last Run  ----1970-01-01 00:00:00 
MONTH  5 
DATA  xxrecord 2012-05-19 03:00:05 :: $W5M5A,120519,030005,660d0028449ce246,1,DAS 2,4901.6547N,1621.8234W,25.9,0,33.1,14.3,10.4,82.1,7.5,10.4,82.3,7.6,1013.9,3.51,6.43,9.5,7,34*61
 
STATION sbdservice
IRID_ID 300224010734970
BODY --

From sbdservice@sbd.iridium.com Sat May 19 20:00:57 2012
Return-Path: <sbdservice@sbd.iridium.com>
Received: from istbsp01.sbd.iridium.com (outbound.sbd.iridium.com [12.47.179.11])
	by mercury.noc.soton.ac.uk (8.13.1/8.12.11) with ESMTP id q4JJ0psl019108
	for <iridburst@noc.soton.ac.uk>; Sat, 19 May 2012 20:00:52 +0100
Reply-To: <sbdservice@sbd.iridium.com>
From: sbdservice@sbd.iridium.com
To: iridburst@noc.soton.ac.uk
Subject: SBD Msg From Unit: 300224010734970
MIME-Version: 1.0
Content-Type: multipart/mixed;boundary="SBD.Boundary.605592468"
Message-Id: <19740412024625.FD524CDBFF1C2DD1@istbsp01.sbd.iridium.com>
Date: Sat, 19 May 2012 19:00:50 +0000 (GMT)
X-NOCS-MailScanner-Information: Please contact the ISP for more information
X-NOCS-MailScanner-ID: q4JJ0psl019108
X-NOCS-MailScanner: Found to be clean
X-NOCS-MailScanner-SpamCheck: not spam (whitelisted),
	SpamAssassin (not cached, score=-6.599, required 5,
	autolearn=not spam, BAYES_00 -2.60, RCVD_IN_DNSWL_MED -4.00)
X-NOCS-MailScanner-From: sbdservice@sbd.iridium.com
X-Spam-Status: No

SBM Message
--SBD.Boundary.605592468
PROCESS /noc/users/iridburst/exec/irid_300224010734970_upd.pl
Last Run  ----1970-01-01 00:00:00 
MONTH  5 
DATA  xxrecord 2012-05-19 03:00:05 :: $W5M5A,120519,030005,660d0028449ce246,1,DAS 2,4901.6547N,1621.8234W,25.9,0,33.1,14.3,10.4,82.1,7.5,10.4,82.3,7.6,1013.9,3.51,6.43,9.5,7,34*61
 
STATION sbdservice
IRID_ID 300224010734970
BODY --

From sbdservice@sbd.iridium.com Sat May 19 21:00:53 2012
Return-Path: <sbdservice@sbd.iridium.com>
Received: from istbsp02.sbd.iridium.com (outbound.sbd.iridium.com [12.47.179.11])
	by mercury.noc.soton.ac.uk (8.13.1/8.12.11) with ESMTP id q4JK0mFC023684
	for <iridburst@noc.soton.ac.uk>; Sat, 19 May 2012 21:00:48 +0100
Reply-To: <sbdservice@sbd.iridium.com>
From: sbdservice@sbd.iridium.com
To: iridburst@noc.soton.ac.uk
Subject: SBD Msg From Unit: 300224010734970
MIME-Version: 1.0
Content-Type: multipart/mixed;boundary="SBD.Boundary.605592468"
Message-Id: <19740412024625.BAC35EEAF75038F0@istbsp02.sbd.iridium.com>
Date: Sat, 19 May 2012 20:00:47 +0000 (GMT)
X-NOCS-MailScanner-Information: Please contact the ISP for more information
X-NOCS-MailScanner-ID: q4JK0mFC023684
X-NOCS-MailScanner: Found to be clean
X-NOCS-MailScanner-SpamCheck: not spam (whitelisted),
	SpamAssassin (not cached, score=-6.599, required 5,
	autolearn=not spam, BAYES_00 -2.60, RCVD_IN_DNSWL_MED -4.00)
X-NOCS-MailScanner-From: sbdservice@sbd.iridium.com
X-Spam-Status: No

SBM Message
--SBD.Boundary.605592468
PROCESS /noc/users/iridburst/exec/irid_300224010734970_upd.pl
Last Run  ----1970-01-01 00:00:00 
MONTH  5 
DATA  xxrecord 2012-05-19 03:00:05 :: $W5M5A,120519,030005,660d0028449ce246,1,DAS 2,4901.6547N,1621.8234W,25.9,0,33.1,14.3,10.4,82.1,7.5,10.4,82.3,7.6,1013.9,3.51,6.43,9.5,7,34*61
 
STATION sbdservice
IRID_ID 300224010734970
BODY --

From sbdservice@sbd.iridium.com Sat May 19 22:01:07 2012
Return-Path: <sbdservice@sbd.iridium.com>
Received: from istbsp01.sbd.iridium.com (outbound.sbd.iridium.com [12.47.179.11])
	by mercury.noc.soton.ac.uk (8.13.1/8.12.11) with ESMTP id q4JL111V028206
	for <iridburst@noc.soton.ac.uk>; Sat, 19 May 2012 22:01:02 +0100
Reply-To: <sbdservice@sbd.iridium.com>
From: sbdservice@sbd.iridium.com
To: iridburst@noc.soton.ac.uk
Subject: SBD Msg From Unit: 300224010734970
MIME-Version: 1.0
Content-Type: multipart/mixed;boundary="SBD.Boundary.605592468"
Message-Id: <19740412024625.05784DF87B2D37E7@istbsp01.sbd.iridium.com>
Date: Sat, 19 May 2012 21:01:00 +0000 (GMT)
X-NOCS-MailScanner-Information: Please contact the ISP for more information
X-NOCS-MailScanner-ID: q4JL111V028206
X-NOCS-MailScanner: Found to be clean
X-NOCS-MailScanner-SpamCheck: not spam (whitelisted),
	SpamAssassin (not cached, score=-6.599, required 5,
	autolearn=not spam, BAYES_00 -2.60, RCVD_IN_DNSWL_MED -4.00)
X-NOCS-MailScanner-From: sbdservice@sbd.iridium.com
X-Spam-Status: No

SBM Message
--SBD.Boundary.605592468
PROCESS /noc/users/iridburst/exec/irid_300224010734970_upd.pl
Last Run  ----1970-01-01 00:00:00 
MONTH  5 
DATA  xxrecord 2012-05-19 03:00:05 :: $W5M5A,120519,030005,660d0028449ce246,1,DAS 2,4901.6547N,1621.8234W,25.9,0,33.1,14.3,10.4,82.1,7.5,10.4,82.3,7.6,1013.9,3.51,6.43,9.5,7,34*61
 
STATION sbdservice
IRID_ID 300224010734970
BODY --

From sbdservice@sbd.iridium.com Sat May 19 23:00:58 2012
Return-Path: <sbdservice@sbd.iridium.com>
Received: from istbsp02.sbd.iridium.com (outbound.sbd.iridium.com [12.47.179.11])
	by mercury.noc.soton.ac.uk (8.13.1/8.12.11) with ESMTP id q4JM0nU4000324
	for <iridburst@noc.soton.ac.uk>; Sat, 19 May 2012 23:00:50 +0100
Reply-To: <sbdservice@sbd.iridium.com>
From: sbdservice@sbd.iridium.com
To: iridburst@noc.soton.ac.uk
Subject: SBD Msg From Unit: 300224010734970
MIME-Version: 1.0
Content-Type: multipart/mixed;boundary="SBD.Boundary.605592468"
Message-Id: <19740412024625.5A717FC83B722974@istbsp02.sbd.iridium.com>
Date: Sat, 19 May 2012 22:00:48 +0000 (GMT)
X-NOCS-MailScanner-Information: Please contact the ISP for more information
X-NOCS-MailScanner-ID: q4JM0nU4000324
X-NOCS-MailScanner: Found to be clean
X-NOCS-MailScanner-SpamCheck: not spam (whitelisted),
	SpamAssassin (not cached, score=-6.599, required 5,
	autolearn=not spam, BAYES_00 -2.60, RCVD_IN_DNSWL_MED -4.00)
X-NOCS-MailScanner-From: sbdservice@sbd.iridium.com
X-Spam-Status: No

SBM Message
--SBD.Boundary.605592468
PROCESS /noc/users/iridburst/exec/irid_300224010734970_upd.pl
Last Run  ----1970-01-01 00:00:00 
MONTH  5 
DATA  xxrecord 2012-05-19 03:00:05 :: $W5M5A,120519,030005,660d0028449ce246,1,DAS 2,4901.6547N,1621.8234W,25.9,0,33.1,14.3,10.4,82.1,7.5,10.4,82.3,7.6,1013.9,3.51,6.43,9.5,7,34*61
 
STATION sbdservice
IRID_ID 300224010734970
BODY --

From sbdservice@sbd.iridium.com Sun May 20 00:01:10 2012
Return-Path: <sbdservice@sbd.iridium.com>
Received: from istbsp01.sbd.iridium.com (outbound.sbd.iridium.com [12.47.179.11])
	by mercury.noc.soton.ac.uk (8.13.1/8.12.11) with ESMTP id q4JN15UF005305
	for <iridburst@noc.soton.ac.uk>; Sun, 20 May 2012 00:01:05 +0100
Reply-To: <sbdservice@sbd.iridium.com>
From: sbdservice@sbd.iridium.com
To: iridburst@noc.soton.ac.uk
Subject: SBD Msg From Unit: 300224010734970
MIME-Version: 1.0
Content-Type: multipart/mixed;boundary="SBD.Boundary.605592468"
Message-Id: <19740412024625.11A74CCB3F2ED6C8@istbsp01.sbd.iridium.com>
Date: Sat, 19 May 2012 23:01:03 +0000 (GMT)
X-NOCS-MailScanner-Information: Please contact the ISP for more information
X-NOCS-MailScanner-ID: q4JN15UF005305
X-NOCS-MailScanner: Found to be clean
X-NOCS-MailScanner-SpamCheck: not spam (whitelisted),
	SpamAssassin (not cached, score=-6.599, required 5,
	autolearn=not spam, BAYES_00 -2.60, RCVD_IN_DNSWL_MED -4.00)
X-NOCS-MailScanner-From: sbdservice@sbd.iridium.com
X-Spam-Status: No

SBM Message
--SBD.Boundary.605592468
PROCESS /noc/users/iridburst/exec/irid_300224010734970_upd.pl
Last Run  ----1970-01-01 00:00:00 
MONTH  5 
DATA  xxrecord 2012-05-19 03:00:05 :: $W5M5A,120519,030005,660d0028449ce246,1,DAS 2,4901.6547N,1621.8234W,25.9,0,33.1,14.3,10.4,82.1,7.5,10.4,82.3,7.6,1013.9,3.51,6.43,9.5,7,34*61
 
STATION sbdservice
IRID_ID 300224010734970
BODY --

From sbdservice@sbd.iridium.com Sun May 20 01:00:38 2012
Return-Path: <sbdservice@sbd.iridium.com>
Received: from istbsp01.sbd.iridium.com (outbound.sbd.iridium.com [12.47.179.11])
	by mercury.noc.soton.ac.uk (8.13.1/8.12.11) with ESMTP id q4K00VII009749
	for <iridburst@noc.soton.ac.uk>; Sun, 20 May 2012 01:00:32 +0100
Reply-To: <sbdservice@sbd.iridium.com>
From: sbdservice@sbd.iridium.com
To: iridburst@noc.soton.ac.uk
Subject: SBD Msg From Unit: 300224010734970
MIME-Version: 1.0
Content-Type: multipart/mixed;boundary="SBD.Boundary.605592468"
Message-Id: <19740412024625.41097ED8772F1A16@istbsp01.sbd.iridium.com>
Date: Sun, 20 May 2012 00:00:31 +0000 (GMT)
X-NOCS-MailScanner-Information: Please contact the ISP for more information
X-NOCS-MailScanner-ID: q4K00VII009749
X-NOCS-MailScanner: Found to be clean
X-NOCS-MailScanner-SpamCheck: not spam (whitelisted),
	SpamAssassin (not cached, score=-6.599, required 5,
	autolearn=not spam, BAYES_00 -2.60, RCVD_IN_DNSWL_MED -4.00)
X-NOCS-MailScanner-From: sbdservice@sbd.iridium.com
X-Spam-Status: No

SBM Message
--SBD.Boundary.605592468
PROCESS /noc/users/iridburst/exec/irid_300224010734970_upd.pl
Last Run  ----1970-01-01 00:00:00 
MONTH  5 
DATA  xxrecord 2012-05-19 03:00:05 :: $W5M5A,120519,030005,660d0028449ce246,1,DAS 2,4901.6547N,1621.8234W,25.9,0,33.1,14.3,10.4,82.1,7.5,10.4,82.3,7.6,1013.9,3.51,6.43,9.5,7,34*61
 
STATION sbdservice
IRID_ID 300224010734970
BODY --

From sbdservice@sbd.iridium.com Sun May 20 02:01:01 2012
Return-Path: <sbdservice@sbd.iridium.com>
Received: from istbsp02.sbd.iridium.com (outbound.sbd.iridium.com [12.47.179.11])
	by mercury.noc.soton.ac.uk (8.13.1/8.12.11) with ESMTP id q4K10tta015098
	for <iridburst@noc.soton.ac.uk>; Sun, 20 May 2012 02:00:56 +0100
Reply-To: <sbdservice@sbd.iridium.com>
From: sbdservice@sbd.iridium.com
To: iridburst@noc.soton.ac.uk
Subject: SBD Msg From Unit: 300224010734970
MIME-Version: 1.0
Content-Type: multipart/mixed;boundary="SBD.Boundary.605592468"
Message-Id: <19740412024625.E9246CD93B53CB38@istbsp02.sbd.iridium.com>
Date: Sun, 20 May 2012 01:00:53 +0000 (GMT)
X-NOCS-MailScanner-Information: Please contact the ISP for more information
X-NOCS-MailScanner-ID: q4K10tta015098
X-NOCS-MailScanner: Found to be clean
X-NOCS-MailScanner-SpamCheck: not spam (whitelisted),
	SpamAssassin (not cached, score=-6.599, required 5,
	autolearn=not spam, BAYES_00 -2.60, RCVD_IN_DNSWL_MED -4.00)
X-NOCS-MailScanner-From: sbdservice@sbd.iridium.com
X-Spam-Status: No

SBM Message
--SBD.Boundary.605592468
PROCESS /noc/users/iridburst/exec/irid_300224010734970_upd.pl
Last Run  ----1970-01-01 00:00:00 
MONTH  5 
DATA  xxrecord 2012-05-19 03:00:05 :: $W5M5A,120519,030005,660d0028449ce246,1,DAS 2,4901.6547N,1621.8234W,25.9,0,33.1,14.3,10.4,82.1,7.5,10.4,82.3,7.6,1013.9,3.51,6.43,9.5,7,34*61
 
STATION sbdservice
IRID_ID 300224010734970
BODY --

From sbdservice@sbd.iridium.com Sun May 20 03:00:54 2012
Return-Path: <sbdservice@sbd.iridium.com>
Received: from istbsp02.sbd.iridium.com (outbound.sbd.iridium.com [12.47.179.11])
	by mercury.noc.soton.ac.uk (8.13.1/8.12.11) with ESMTP id q4K20nKR019912
	for <iridburst@noc.soton.ac.uk>; Sun, 20 May 2012 03:00:49 +0100
Reply-To: <sbdservice@sbd.iridium.com>
From: sbdservice@sbd.iridium.com
To: iridburst@noc.soton.ac.uk
Subject: SBD Msg From Unit: 300224010734970
MIME-Version: 1.0
Content-Type: multipart/mixed;boundary="SBD.Boundary.605592468"
Message-Id: <19740412024625.93FD4DFA7363BF87@istbsp02.sbd.iridium.com>
Date: Sun, 20 May 2012 02:00:48 +0000 (GMT)
X-NOCS-MailScanner-Information: Please contact the ISP for more information
X-NOCS-MailScanner-ID: q4K20nKR019912
X-NOCS-MailScanner: Found to be clean
X-NOCS-MailScanner-SpamCheck: not spam (whitelisted),
	SpamAssassin (not cached, score=-6.599, required 5,
	autolearn=not spam, BAYES_00 -2.60, RCVD_IN_DNSWL_MED -4.00)
X-NOCS-MailScanner-From: sbdservice@sbd.iridium.com
X-Spam-Status: No

SBM Message
--SBD.Boundary.605592468
PROCESS /noc/users/iridburst/exec/irid_300224010734970_upd.pl
Last Run  ----1970-01-01 00:00:00 
MONTH  5 
DATA  xxrecord 2012-05-19 03:00:05 :: $W5M5A,120519,030005,660d0028449ce246,1,DAS 2,4901.6547N,1621.8234W,25.9,0,33.1,14.3,10.4,82.1,7.5,10.4,82.3,7.6,1013.9,3.51,6.43,9.5,7,34*61
 
STATION sbdservice
IRID_ID 300224010734970
BODY --

From sbdservice@sbd.iridium.com Sun May 20 04:00:57 2012
Return-Path: <sbdservice@sbd.iridium.com>
Received: from istbsp01.sbd.iridium.com (outbound.sbd.iridium.com [12.47.179.11])
	by mercury.noc.soton.ac.uk (8.13.1/8.12.11) with ESMTP id q4K30qgZ024553
	for <iridburst@noc.soton.ac.uk>; Sun, 20 May 2012 04:00:52 +0100
Reply-To: <sbdservice@sbd.iridium.com>
From: sbdservice@sbd.iridium.com
To: iridburst@noc.soton.ac.uk
Subject: SBD Msg From Unit: 300224010734970
MIME-Version: 1.0
Content-Type: multipart/mixed;boundary="SBD.Boundary.605592468"
Message-Id: <19740412024625.FCD35ED9730C2505@istbsp01.sbd.iridium.com>
Date: Sun, 20 May 2012 03:00:51 +0000 (GMT)
X-NOCS-MailScanner-Information: Please contact the ISP for more information
X-NOCS-MailScanner-ID: q4K30qgZ024553
X-NOCS-MailScanner: Found to be clean
X-NOCS-MailScanner-SpamCheck: not spam (whitelisted),
	SpamAssassin (not cached, score=-6.599, required 5,
	autolearn=not spam, BAYES_00 -2.60, RCVD_IN_DNSWL_MED -4.00)
X-NOCS-MailScanner-From: sbdservice@sbd.iridium.com
X-Spam-Status: No

SBM Message
--SBD.Boundary.605592468
PROCESS /noc/users/iridburst/exec/irid_300224010734970_upd.pl
Last Run  ----1970-01-01 00:00:00 
MONTH  5 
DATA  xxrecord 2012-05-19 03:00:05 :: $W5M5A,120519,030005,660d0028449ce246,1,DAS 2,4901.6547N,1621.8234W,25.9,0,33.1,14.3,10.4,82.1,7.5,10.4,82.3,7.6,1013.9,3.51,6.43,9.5,7,34*61
 
STATION sbdservice
IRID_ID 300224010734970
BODY --

From sbdservice@sbd.iridium.com Sun May 20 05:00:56 2012
Return-Path: <sbdservice@sbd.iridium.com>
Received: from istbsp01.sbd.iridium.com (outbound.sbd.iridium.com [12.47.179.11])
	by mercury.noc.soton.ac.uk (8.13.1/8.12.11) with ESMTP id q4K40pWR016692
	for <iridburst@noc.soton.ac.uk>; Sun, 20 May 2012 05:00:51 +0100
Reply-To: <sbdservice@sbd.iridium.com>
From: sbdservice@sbd.iridium.com
To: iridburst@noc.soton.ac.uk
Subject: SBD Msg From Unit: 300224010734970
MIME-Version: 1.0
Content-Type: multipart/mixed;boundary="SBD.Boundary.605592468"
Message-Id: <19740412024625.FF1F5CC9B31C7713@istbsp01.sbd.iridium.com>
Date: Sun, 20 May 2012 04:00:50 +0000 (GMT)
X-NOCS-MailScanner-Information: Please contact the ISP for more information
X-NOCS-MailScanner-ID: q4K40pWR016692
X-NOCS-MailScanner: Found to be clean
X-NOCS-MailScanner-SpamCheck: not spam (whitelisted),
	SpamAssassin (not cached, score=-6.599, required 5,
	autolearn=not spam, BAYES_00 -2.60, RCVD_IN_DNSWL_MED -4.00)
X-NOCS-MailScanner-From: sbdservice@sbd.iridium.com
X-Spam-Status: No

SBM Message
--SBD.Boundary.605592468
PROCESS /noc/users/iridburst/exec/irid_300224010734970_upd.pl
Last Run  ----1970-01-01 00:00:00 
MONTH  5 
DATA  xxrecord 2012-05-19 03:00:05 :: $W5M5A,120519,030005,660d0028449ce246,1,DAS 2,4901.6547N,1621.8234W,25.9,0,33.1,14.3,10.4,82.1,7.5,10.4,82.3,7.6,1013.9,3.51,6.43,9.5,7,34*61
 
STATION sbdservice
IRID_ID 300224010734970
BODY --

From sbdservice@sbd.iridium.com Sun May 20 06:00:59 2012
Return-Path: <sbdservice@sbd.iridium.com>
Received: from istbsp02.sbd.iridium.com (outbound.sbd.iridium.com [12.47.179.11])
	by mercury.noc.soton.ac.uk (8.13.1/8.12.11) with ESMTP id q4K50nPI021418
	for <iridburst@noc.soton.ac.uk>; Sun, 20 May 2012 06:00:50 +0100
Reply-To: <sbdservice@sbd.iridium.com>
From: sbdservice@sbd.iridium.com
To: iridburst@noc.soton.ac.uk
Subject: SBD Msg From Unit: 300224010734970
MIME-Version: 1.0
Content-Type: multipart/mixed;boundary="SBD.Boundary.605592468"
Message-Id: <19740412024625.0DB66FF9B35113DC@istbsp02.sbd.iridium.com>
Date: Sun, 20 May 2012 05:00:49 +0000 (GMT)
X-NOCS-MailScanner-Information: Please contact the ISP for more information
X-NOCS-MailScanner-ID: q4K50nPI021418
X-NOCS-MailScanner: Found to be clean
X-NOCS-MailScanner-SpamCheck: not spam (whitelisted),
	SpamAssassin (not cached, score=-6.599, required 5,
	autolearn=not spam, BAYES_00 -2.60, RCVD_IN_DNSWL_MED -4.00)
X-NOCS-MailScanner-From: sbdservice@sbd.iridium.com
X-Spam-Status: No

SBM Message
--SBD.Boundary.605592468
PROCESS /noc/users/iridburst/exec/irid_300224010734970_upd.pl
Last Run  ----1970-01-01 00:00:00 
MONTH  5 
DATA  xxrecord 2012-05-19 03:00:05 :: $W5M5A,120519,030005,660d0028449ce246,1,DAS 2,4901.6547N,1621.8234W,25.9,0,33.1,14.3,10.4,82.1,7.5,10.4,82.3,7.6,1013.9,3.51,6.43,9.5,7,34*61
 
STATION sbdservice
IRID_ID 300224010734970
BODY --

From sbdservice@sbd.iridium.com Sun May 20 07:01:04 2012
Return-Path: <sbdservice@sbd.iridium.com>
Received: from istbsp01.sbd.iridium.com (outbound.sbd.iridium.com [12.47.179.11])
	by mercury.noc.soton.ac.uk (8.13.1/8.12.11) with ESMTP id q4K60w8G028331
	for <iridburst@noc.soton.ac.uk>; Sun, 20 May 2012 07:00:58 +0100
Reply-To: <sbdservice@sbd.iridium.com>
From: sbdservice@sbd.iridium.com
To: iridburst@noc.soton.ac.uk
Subject: SBD Msg From Unit: 300224010734970
MIME-Version: 1.0
Content-Type: multipart/mixed;boundary="SBD.Boundary.605592468"
Message-Id: <19740412024625.31754ED93F0EDBEA@istbsp01.sbd.iridium.com>
Date: Sun, 20 May 2012 06:00:58 +0000 (GMT)
X-NOCS-MailScanner-Information: Please contact the ISP for more information
X-NOCS-MailScanner-ID: q4K60w8G028331
X-NOCS-MailScanner: Found to be clean
X-NOCS-MailScanner-SpamCheck: not spam (whitelisted),
	SpamAssassin (not cached, score=-6.599, required 5,
	autolearn=not spam, BAYES_00 -2.60, RCVD_IN_DNSWL_MED -4.00)
X-NOCS-MailScanner-From: sbdservice@sbd.iridium.com
X-Spam-Status: No

SBM Message
--SBD.Boundary.605592468
PROCESS /noc/users/iridburst/exec/irid_300224010734970_upd.pl
Last Run  ----1970-01-01 00:00:00 
MONTH  5 
DATA  xxrecord 2012-05-19 03:00:05 :: $W5M5A,120519,030005,660d0028449ce246,1,DAS 2,4901.6547N,1621.8234W,25.9,0,33.1,14.3,10.4,82.1,7.5,10.4,82.3,7.6,1013.9,3.51,6.43,9.5,7,34*61
 
STATION sbdservice
IRID_ID 300224010734970
BODY --

From sbdservice@sbd.iridium.com Sun May 20 08:01:02 2012
Return-Path: <sbdservice@sbd.iridium.com>
Received: from istbsp02.sbd.iridium.com (outbound.sbd.iridium.com [12.47.179.11])
	by mercury.noc.soton.ac.uk (8.13.1/8.12.11) with ESMTP id q4K70vl3000974
	for <iridburst@noc.soton.ac.uk>; Sun, 20 May 2012 08:00:57 +0100
Reply-To: <sbdservice@sbd.iridium.com>
From: sbdservice@sbd.iridium.com
To: iridburst@noc.soton.ac.uk
Subject: SBD Msg From Unit: 300224010734970
MIME-Version: 1.0
Content-Type: multipart/mixed;boundary="SBD.Boundary.605592468"
Message-Id: <19740412024625.A1174DD937728A11@istbsp02.sbd.iridium.com>
Date: Sun, 20 May 2012 07:00:55 +0000 (GMT)
X-NOCS-MailScanner-Information: Please contact the ISP for more information
X-NOCS-MailScanner-ID: q4K70vl3000974
X-NOCS-MailScanner: Found to be clean
X-NOCS-MailScanner-SpamCheck: not spam (whitelisted),
	SpamAssassin (not cached, score=-6.599, required 5,
	autolearn=not spam, BAYES_00 -2.60, RCVD_IN_DNSWL_MED -4.00)
X-NOCS-MailScanner-From: sbdservice@sbd.iridium.com
X-Spam-Status: No

SBM Message
--SBD.Boundary.605592468
PROCESS /noc/users/iridburst/exec/irid_300224010734970_upd.pl
Last Run  ----1970-01-01 00:00:00 
MONTH  5 
DATA  xxrecord 2012-05-19 03:00:05 :: $W5M5A,120519,030005,660d0028449ce246,1,DAS 2,4901.6547N,1621.8234W,25.9,0,33.1,14.3,10.4,82.1,7.5,10.4,82.3,7.6,1013.9,3.51,6.43,9.5,7,34*61
 
STATION sbdservice
IRID_ID 300224010734970
BODY --

From sbdservice@sbd.iridium.com Sun May 20 09:00:59 2012
Return-Path: <sbdservice@sbd.iridium.com>
Received: from istbsp01.sbd.iridium.com (outbound.sbd.iridium.com [12.47.179.11])
	by mercury.noc.soton.ac.uk (8.13.1/8.12.11) with ESMTP id q4K80s2V006568
	for <iridburst@noc.soton.ac.uk>; Sun, 20 May 2012 09:00:54 +0100
Reply-To: <sbdservice@sbd.iridium.com>
From: sbdservice@sbd.iridium.com
To: iridburst@noc.soton.ac.uk
Subject: SBD Msg From Unit: 300224010734970
MIME-Version: 1.0
Content-Type: multipart/mixed;boundary="SBD.Boundary.605592468"
Message-Id: <19740412024625.82D26FFB7F3D4C64@istbsp01.sbd.iridium.com>
Date: Sun, 20 May 2012 08:00:52 +0000 (GMT)
X-NOCS-MailScanner-Information: Please contact the ISP for more information
X-NOCS-MailScanner-ID: q4K80s2V006568
X-NOCS-MailScanner: Found to be clean
X-NOCS-MailScanner-SpamCheck: not spam (whitelisted),
	SpamAssassin (not cached, score=-6.599, required 5,
	autolearn=not spam, BAYES_00 -2.60, RCVD_IN_DNSWL_MED -4.00)
X-NOCS-MailScanner-From: sbdservice@sbd.iridium.com
X-Spam-Status: No

SBM Message
--SBD.Boundary.605592468
PROCESS /noc/users/iridburst/exec/irid_300224010734970_upd.pl
Last Run  ----1970-01-01 00:00:00 
MONTH  5 
DATA  xxrecord 2012-05-19 03:00:05 :: $W5M5A,120519,030005,660d0028449ce246,1,DAS 2,4901.6547N,1621.8234W,25.9,0,33.1,14.3,10.4,82.1,7.5,10.4,82.3,7.6,1013.9,3.51,6.43,9.5,7,34*61
 
STATION sbdservice
IRID_ID 300224010734970
BODY --

From sbdservice@sbd.iridium.com Sun May 20 10:00:53 2012
Return-Path: <sbdservice@sbd.iridium.com>
Received: from istbsp02.sbd.iridium.com (outbound.sbd.iridium.com [12.47.179.11])
	by mercury.noc.soton.ac.uk (8.13.1/8.12.11) with ESMTP id q4K90nl4012114
	for <iridburst@noc.soton.ac.uk>; Sun, 20 May 2012 10:00:49 +0100
Reply-To: <sbdservice@sbd.iridium.com>
From: sbdservice@sbd.iridium.com
To: iridburst@noc.soton.ac.uk
Subject: SBD Msg From Unit: 300224010734970
MIME-Version: 1.0
Content-Type: multipart/mixed;boundary="SBD.Boundary.605592468"
Message-Id: <19740412024625.68B06ED9B742C4BA@istbsp02.sbd.iridium.com>
Date: Sun, 20 May 2012 09:00:48 +0000 (GMT)
X-NOCS-MailScanner-Information: Please contact the ISP for more information
X-NOCS-MailScanner-ID: q4K90nl4012114
X-NOCS-MailScanner: Found to be clean
X-NOCS-MailScanner-SpamCheck: not spam (whitelisted),
	SpamAssassin (not cached, score=-6.599, required 5,
	autolearn=not spam, BAYES_00 -2.60, RCVD_IN_DNSWL_MED -4.00)
X-NOCS-MailScanner-From: sbdservice@sbd.iridium.com
X-Spam-Status: No

SBM Message
--SBD.Boundary.605592468
PROCESS /noc/users/iridburst/exec/irid_300224010734970_upd.pl
Last Run  ----1970-01-01 00:00:00 
MONTH  5 
DATA  xxrecord 2012-05-19 03:00:05 :: $W5M5A,120519,030005,660d0028449ce246,1,DAS 2,4901.6547N,1621.8234W,25.9,0,33.1,14.3,10.4,82.1,7.5,10.4,82.3,7.6,1013.9,3.51,6.43,9.5,7,34*61
 
STATION sbdservice
IRID_ID 300224010734970
BODY --

From sbdservice@sbd.iridium.com Sun May 20 11:00:58 2012
Return-Path: <sbdservice@sbd.iridium.com>
Received: from istbsp01.sbd.iridium.com (outbound.sbd.iridium.com [12.47.179.11])
	by mercury.noc.soton.ac.uk (8.13.1/8.12.11) with ESMTP id q4KA0qUv017881
	for <iridburst@noc.soton.ac.uk>; Sun, 20 May 2012 11:00:53 +0100
Reply-To: <sbdservice@sbd.iridium.com>
From: sbdservice@sbd.iridium.com
To: iridburst@noc.soton.ac.uk
Subject: SBD Msg From Unit: 300224010734970
MIME-Version: 1.0
Content-Type: multipart/mixed;boundary="SBD.Boundary.605592468"
Message-Id: <19740412024625.BF5D6EDBF71E1409@istbsp01.sbd.iridium.com>
Date: Sun, 20 May 2012 10:00:52 +0000 (GMT)
X-NOCS-MailScanner-Information: Please contact the ISP for more information
X-NOCS-MailScanner-ID: q4KA0qUv017881
X-NOCS-MailScanner: Found to be clean
X-NOCS-MailScanner-SpamCheck: not spam (whitelisted),
	SpamAssassin (not cached, score=-6.599, required 5,
	autolearn=not spam, BAYES_00 -2.60, RCVD_IN_DNSWL_MED -4.00)
X-NOCS-MailScanner-From: sbdservice@sbd.iridium.com
X-Spam-Status: No

SBM Message
--SBD.Boundary.605592468
PROCESS /noc/users/iridburst/exec/irid_300224010734970_upd.pl
Last Run  ----1970-01-01 00:00:00 
MONTH  5 
DATA  xxrecord 2012-05-19 03:00:05 :: $W5M5A,120519,030005,660d0028449ce246,1,DAS 2,4901.6547N,1621.8234W,25.9,0,33.1,14.3,10.4,82.1,7.5,10.4,82.3,7.6,1013.9,3.51,6.43,9.5,7,34*61
 
STATION sbdservice
IRID_ID 300224010734970
BODY --

From sbdservice@sbd.iridium.com Sun May 20 12:00:54 2012
Return-Path: <sbdservice@sbd.iridium.com>
Received: from istbsp01.sbd.iridium.com (outbound.sbd.iridium.com [12.47.179.11])
	by mercury.noc.soton.ac.uk (8.13.1/8.12.11) with ESMTP id q4KB0neQ023113
	for <iridburst@noc.soton.ac.uk>; Sun, 20 May 2012 12:00:49 +0100
Reply-To: <sbdservice@sbd.iridium.com>
From: sbdservice@sbd.iridium.com
To: iridburst@noc.soton.ac.uk
Subject: SBD Msg From Unit: 300224010734970
MIME-Version: 1.0
Content-Type: multipart/mixed;boundary="SBD.Boundary.605592468"
Message-Id: <19740412024625.01655CC83B2C4CC7@istbsp01.sbd.iridium.com>
Date: Sun, 20 May 2012 11:00:48 +0000 (GMT)
X-NOCS-MailScanner-Information: Please contact the ISP for more information
X-NOCS-MailScanner-ID: q4KB0neQ023113
X-NOCS-MailScanner: Found to be clean
X-NOCS-MailScanner-SpamCheck: not spam (whitelisted),
	SpamAssassin (not cached, score=-6.599, required 5,
	autolearn=not spam, BAYES_00 -2.60, RCVD_IN_DNSWL_MED -4.00)
X-NOCS-MailScanner-From: sbdservice@sbd.iridium.com
X-Spam-Status: No

SBM Message
--SBD.Boundary.605592468
PROCESS /noc/users/iridburst/exec/irid_300224010734970_upd.pl
Last Run  ----1970-01-01 00:00:00 
MONTH  5 
DATA  xxrecord 2012-05-19 03:00:05 :: $W5M5A,120519,030005,660d0028449ce246,1,DAS 2,4901.6547N,1621.8234W,25.9,0,33.1,14.3,10.4,82.1,7.5,10.4,82.3,7.6,1013.9,3.51,6.43,9.5,7,34*61
 
STATION sbdservice
IRID_ID 300224010734970
BODY --

From sbdservice@sbd.iridium.com Sun May 20 13:01:03 2012
Return-Path: <sbdservice@sbd.iridium.com>
Received: from istbsp02.sbd.iridium.com (outbound.sbd.iridium.com [12.47.179.11])
	by mercury.noc.soton.ac.uk (8.13.1/8.12.11) with ESMTP id q4KC0vO9028817
	for <iridburst@noc.soton.ac.uk>; Sun, 20 May 2012 13:00:57 +0100
Reply-To: <sbdservice@sbd.iridium.com>
From: sbdservice@sbd.iridium.com
To: iridburst@noc.soton.ac.uk
Subject: SBD Msg From Unit: 300224010734970
MIME-Version: 1.0
Content-Type: multipart/mixed;boundary="SBD.Boundary.605592468"
Message-Id: <19740412024625.C36B6FFB3761BF92@istbsp02.sbd.iridium.com>
Date: Sun, 20 May 2012 12:00:55 +0000 (GMT)
X-NOCS-MailScanner-Information: Please contact the ISP for more information
X-NOCS-MailScanner-ID: q4KC0vO9028817
X-NOCS-MailScanner: Found to be clean
X-NOCS-MailScanner-SpamCheck: not spam (whitelisted),
	SpamAssassin (not cached, score=-6.599, required 5,
	autolearn=not spam, BAYES_00 -2.60, RCVD_IN_DNSWL_MED -4.00)
X-NOCS-MailScanner-From: sbdservice@sbd.iridium.com
X-Spam-Status: No

SBM Message
--SBD.Boundary.605592468
PROCESS /noc/users/iridburst/exec/irid_300224010734970_upd.pl
Last Run  ----1970-01-01 00:00:00 
MONTH  5 
DATA  xxrecord 2012-05-19 03:00:05 :: $W5M5A,120519,030005,660d0028449ce246,1,DAS 2,4901.6547N,1621.8234W,25.9,0,33.1,14.3,10.4,82.1,7.5,10.4,82.3,7.6,1013.9,3.51,6.43,9.5,7,34*61
 
STATION sbdservice
IRID_ID 300224010734970
BODY --

From sbdservice@sbd.iridium.com Sun May 20 14:01:06 2012
Return-Path: <sbdservice@sbd.iridium.com>
Received: from istbsp01.sbd.iridium.com (outbound.sbd.iridium.com [12.47.179.11])
	by mercury.noc.soton.ac.uk (8.13.1/8.12.11) with ESMTP id q4KD0xj1001754
	for <iridburst@noc.soton.ac.uk>; Sun, 20 May 2012 14:01:00 +0100
Reply-To: <sbdservice@sbd.iridium.com>
From: sbdservice@sbd.iridium.com
To: iridburst@noc.soton.ac.uk
Subject: SBD Msg From Unit: 300224010734970
MIME-Version: 1.0
Content-Type: multipart/mixed;boundary="SBD.Boundary.605592468"
Message-Id: <19740412024625.27F87DFABB2F1C39@istbsp01.sbd.iridium.com>
Date: Sun, 20 May 2012 13:00:58 +0000 (GMT)
X-NOCS-MailScanner-Information: Please contact the ISP for more information
X-NOCS-MailScanner-ID: q4KD0xj1001754
X-NOCS-MailScanner: Found to be clean
X-NOCS-MailScanner-SpamCheck: not spam (whitelisted),
	SpamAssassin (not cached, score=-6.599, required 5,
	autolearn=not spam, BAYES_00 -2.60, RCVD_IN_DNSWL_MED -4.00)
X-NOCS-MailScanner-From: sbdservice@sbd.iridium.com
X-Spam-Status: No

SBM Message
--SBD.Boundary.605592468
PROCESS /noc/users/iridburst/exec/irid_300224010734970_upd.pl
Last Run  ----1970-01-01 00:00:00 
MONTH  5 
DATA  xxrecord 2012-05-19 03:00:05 :: $W5M5A,120519,030005,660d0028449ce246,1,DAS 2,4901.6547N,1621.8234W,25.9,0,33.1,14.3,10.4,82.1,7.5,10.4,82.3,7.6,1013.9,3.51,6.43,9.5,7,34*61
 
STATION sbdservice
IRID_ID 300224010734970
BODY --

From sbdservice@sbd.iridium.com Sun May 20 15:01:00 2012
Return-Path: <sbdservice@sbd.iridium.com>
Received: from istbsp01.sbd.iridium.com (outbound.sbd.iridium.com [12.47.179.11])
	by mercury.noc.soton.ac.uk (8.13.1/8.12.11) with ESMTP id q4KE0r8u007445
	for <iridburst@noc.soton.ac.uk>; Sun, 20 May 2012 15:00:54 +0100
Reply-To: <sbdservice@sbd.iridium.com>
From: sbdservice@sbd.iridium.com
To: iridburst@noc.soton.ac.uk
Subject: SBD Msg From Unit: 300224010734970
MIME-Version: 1.0
Content-Type: multipart/mixed;boundary="SBD.Boundary.605592468"
Message-Id: <19740412024625.E4F14EFBF72E4821@istbsp01.sbd.iridium.com>
Date: Sun, 20 May 2012 14:00:52 +0000 (GMT)
X-NOCS-MailScanner-Information: Please contact the ISP for more information
X-NOCS-MailScanner-ID: q4KE0r8u007445
X-NOCS-MailScanner: Found to be clean
X-NOCS-MailScanner-SpamCheck: not spam (whitelisted),
	SpamAssassin (not cached, score=-6.599, required 5,
	autolearn=not spam, BAYES_00 -2.60, RCVD_IN_DNSWL_MED -4.00)
X-NOCS-MailScanner-From: sbdservice@sbd.iridium.com
X-Spam-Status: No

SBM Message
--SBD.Boundary.605592468
PROCESS /noc/users/iridburst/exec/irid_300224010734970_upd.pl
Last Run  ----1970-01-01 00:00:00 
MONTH  5 
DATA  xxrecord 2012-05-19 03:00:05 :: $W5M5A,120519,030005,660d0028449ce246,1,DAS 2,4901.6547N,1621.8234W,25.9,0,33.1,14.3,10.4,82.1,7.5,10.4,82.3,7.6,1013.9,3.51,6.43,9.5,7,34*61
 
STATION sbdservice
IRID_ID 300224010734970
BODY --

From sbdservice@sbd.iridium.com Sun May 20 16:01:09 2012
Return-Path: <sbdservice@sbd.iridium.com>
Received: from istbsp02.sbd.iridium.com (outbound.sbd.iridium.com [12.47.179.11])
	by mercury.noc.soton.ac.uk (8.13.1/8.12.11) with ESMTP id q4KF124s012925
	for <iridburst@noc.soton.ac.uk>; Sun, 20 May 2012 16:01:02 +0100
Reply-To: <sbdservice@sbd.iridium.com>
From: sbdservice@sbd.iridium.com
To: iridburst@noc.soton.ac.uk
Subject: SBD Msg From Unit: 300224010734970
MIME-Version: 1.0
Content-Type: multipart/mixed;boundary="SBD.Boundary.605592468"
Message-Id: <19740412024625.D7054FF93B7307E5@istbsp02.sbd.iridium.com>
Date: Sun, 20 May 2012 15:01:02 +0000 (GMT)
X-NOCS-MailScanner-Information: Please contact the ISP for more information
X-NOCS-MailScanner-ID: q4KF124s012925
X-NOCS-MailScanner: Found to be clean
X-NOCS-MailScanner-SpamCheck: not spam (whitelisted),
	SpamAssassin (not cached, score=-6.599, required 5,
	autolearn=not spam, BAYES_00 -2.60, RCVD_IN_DNSWL_MED -4.00)
X-NOCS-MailScanner-From: sbdservice@sbd.iridium.com
X-Spam-Status: No

SBM Message
--SBD.Boundary.605592468
PROCESS /noc/users/iridburst/exec/irid_300224010734970_upd.pl
Last Run  ----1970-01-01 00:00:00 
MONTH  5 
DATA  xxrecord 2012-05-19 03:00:05 :: $W5M5A,120519,030005,660d0028449ce246,1,DAS 2,4901.6547N,1621.8234W,25.9,0,33.1,14.3,10.4,82.1,7.5,10.4,82.3,7.6,1013.9,3.51,6.43,9.5,7,34*61
 
STATION sbdservice
IRID_ID 300224010734970
BODY --

From sbdservice@sbd.iridium.com Sun May 20 17:00:58 2012
Return-Path: <sbdservice@sbd.iridium.com>
Received: from istbsp01.sbd.iridium.com (outbound.sbd.iridium.com [12.47.179.11])
	by mercury.noc.soton.ac.uk (8.13.1/8.12.11) with ESMTP id q4KG0rkq017650
	for <iridburst@noc.soton.ac.uk>; Sun, 20 May 2012 17:00:53 +0100
Reply-To: <sbdservice@sbd.iridium.com>
From: sbdservice@sbd.iridium.com
To: iridburst@noc.soton.ac.uk
Subject: SBD Msg From Unit: 300224010734970
MIME-Version: 1.0
Content-Type: multipart/mixed;boundary="SBD.Boundary.605592468"
Message-Id: <19740412024625.21A54CFB772EB7B7@istbsp01.sbd.iridium.com>
Date: Sun, 20 May 2012 16:00:51 +0000 (GMT)
X-NOCS-MailScanner-Information: Please contact the ISP for more information
X-NOCS-MailScanner-ID: q4KG0rkq017650
X-NOCS-MailScanner: Found to be clean
X-NOCS-MailScanner-SpamCheck: not spam (whitelisted),
	SpamAssassin (not cached, score=-6.599, required 5,
	autolearn=not spam, BAYES_00 -2.60, RCVD_IN_DNSWL_MED -4.00)
X-NOCS-MailScanner-From: sbdservice@sbd.iridium.com
X-Spam-Status: No

SBM Message
--SBD.Boundary.605592468
PROCESS /noc/users/iridburst/exec/irid_300224010734970_upd.pl
Last Run  ----1970-01-01 00:00:00 
MONTH  5 
DATA  xxrecord 2012-05-19 03:00:05 :: $W5M5A,120519,030005,660d0028449ce246,1,DAS 2,4901.6547N,1621.8234W,25.9,0,33.1,14.3,10.4,82.1,7.5,10.4,82.3,7.6,1013.9,3.51,6.43,9.5,7,34*61
 
STATION sbdservice
IRID_ID 300224010734970
BODY --

From sbdservice@sbd.iridium.com Sun May 20 18:01:02 2012
Return-Path: <sbdservice@sbd.iridium.com>
Received: from istbsp01.sbd.iridium.com (outbound.sbd.iridium.com [12.47.179.11])
	by mercury.noc.soton.ac.uk (8.13.1/8.12.11) with ESMTP id q4KH0sqO022713
	for <iridburst@noc.soton.ac.uk>; Sun, 20 May 2012 18:00:54 +0100
Reply-To: <sbdservice@sbd.iridium.com>
From: sbdservice@sbd.iridium.com
To: iridburst@noc.soton.ac.uk
Subject: SBD Msg From Unit: 300224010734970
MIME-Version: 1.0
Content-Type: multipart/mixed;boundary="SBD.Boundary.605592468"
Message-Id: <19740412024625.AD6B5EE9731FF1C7@istbsp01.sbd.iridium.com>
Date: Sun, 20 May 2012 17:00:54 +0000 (GMT)
X-NOCS-MailScanner-Information: Please contact the ISP for more information
X-NOCS-MailScanner-ID: q4KH0sqO022713
X-NOCS-MailScanner: Found to be clean
X-NOCS-MailScanner-SpamCheck: not spam (whitelisted),
	SpamAssassin (not cached, score=-6.599, required 5,
	autolearn=not spam, BAYES_00 -2.60, RCVD_IN_DNSWL_MED -4.00)
X-NOCS-MailScanner-From: sbdservice@sbd.iridium.com
X-Spam-Status: No

SBM Message
--SBD.Boundary.605592468
PROCESS /noc/users/iridburst/exec/irid_300224010734970_upd.pl
Last Run  ----1970-01-01 00:00:00 
MONTH  5 
DATA  xxrecord 2012-05-19 03:00:05 :: $W5M5A,120519,030005,660d0028449ce246,1,DAS 2,4901.6547N,1621.8234W,25.9,0,33.1,14.3,10.4,82.1,7.5,10.4,82.3,7.6,1013.9,3.51,6.43,9.5,7,34*61
 
STATION sbdservice
IRID_ID 300224010734970
BODY --

From sbdservice@sbd.iridium.com Sun May 20 19:00:55 2012
Return-Path: <sbdservice@sbd.iridium.com>
Received: from istbsp02.sbd.iridium.com (outbound.sbd.iridium.com [12.47.179.11])
	by mercury.noc.soton.ac.uk (8.13.1/8.12.11) with ESMTP id q4KI0old027891
	for <iridburst@noc.soton.ac.uk>; Sun, 20 May 2012 19:00:50 +0100
Reply-To: <sbdservice@sbd.iridium.com>
From: sbdservice@sbd.iridium.com
To: iridburst@noc.soton.ac.uk
Subject: SBD Msg From Unit: 300224010734970
MIME-Version: 1.0
Content-Type: multipart/mixed;boundary="SBD.Boundary.605592468"
Message-Id: <19740412024625.136F7FEB37523AB3@istbsp02.sbd.iridium.com>
Date: Sun, 20 May 2012 18:00:50 +0000 (GMT)
X-NOCS-MailScanner-Information: Please contact the ISP for more information
X-NOCS-MailScanner-ID: q4KI0old027891
X-NOCS-MailScanner: Found to be clean
X-NOCS-MailScanner-SpamCheck: not spam (whitelisted),
	SpamAssassin (not cached, score=-6.599, required 5,
	autolearn=not spam, BAYES_00 -2.60, RCVD_IN_DNSWL_MED -4.00)
X-NOCS-MailScanner-From: sbdservice@sbd.iridium.com
X-Spam-Status: No

SBM Message
--SBD.Boundary.605592468
PROCESS /noc/users/iridburst/exec/irid_300224010734970_upd.pl
Last Run  ----1970-01-01 00:00:00 
MONTH  5 
DATA  xxrecord 2012-05-19 03:00:05 :: $W5M5A,120519,030005,660d0028449ce246,1,DAS 2,4901.6547N,1621.8234W,25.9,0,33.1,14.3,10.4,82.1,7.5,10.4,82.3,7.6,1013.9,3.51,6.43,9.5,7,34*61
 
STATION sbdservice
IRID_ID 300224010734970
BODY --

From sbdservice@sbd.iridium.com Sun May 20 20:00:57 2012
Return-Path: <sbdservice@sbd.iridium.com>
Received: from istbsp02.sbd.iridium.com (outbound.sbd.iridium.com [12.47.179.11])
	by mercury.noc.soton.ac.uk (8.13.1/8.12.11) with ESMTP id q4KJ0qip032634
	for <iridburst@noc.soton.ac.uk>; Sun, 20 May 2012 20:00:53 +0100
Reply-To: <sbdservice@sbd.iridium.com>
From: sbdservice@sbd.iridium.com
To: iridburst@noc.soton.ac.uk
Subject: SBD Msg From Unit: 300224010734970
MIME-Version: 1.0
Content-Type: multipart/mixed;boundary="SBD.Boundary.605592468"
Message-Id: <19740412024625.5CFD4CDA7F41C2A3@istbsp02.sbd.iridium.com>
Date: Sun, 20 May 2012 19:00:51 +0000 (GMT)
X-NOCS-MailScanner-Information: Please contact the ISP for more information
X-NOCS-MailScanner-ID: q4KJ0qip032634
X-NOCS-MailScanner: Found to be clean
X-NOCS-MailScanner-SpamCheck: not spam (whitelisted),
	SpamAssassin (not cached, score=-6.599, required 5,
	autolearn=not spam, BAYES_00 -2.60, RCVD_IN_DNSWL_MED -4.00)
X-NOCS-MailScanner-From: sbdservice@sbd.iridium.com
X-Spam-Status: No

SBM Message
--SBD.Boundary.605592468
PROCESS /noc/users/iridburst/exec/irid_300224010734970_upd.pl
Last Run  ----1970-01-01 00:00:00 
MONTH  5 
DATA  xxrecord 2012-05-19 03:00:05 :: $W5M5A,120519,030005,660d0028449ce246,1,DAS 2,4901.6547N,1621.8234W,25.9,0,33.1,14.3,10.4,82.1,7.5,10.4,82.3,7.6,1013.9,3.51,6.43,9.5,7,34*61
 
STATION sbdservice
IRID_ID 300224010734970
BODY --

From sbdservice@sbd.iridium.com Sun May 20 21:00:54 2012
Return-Path: <sbdservice@sbd.iridium.com>
Received: from istbsp01.sbd.iridium.com (outbound.sbd.iridium.com [12.47.179.11])
	by mercury.noc.soton.ac.uk (8.13.1/8.12.11) with ESMTP id q4KK0nBO005204
	for <iridburst@noc.soton.ac.uk>; Sun, 20 May 2012 21:00:50 +0100
Reply-To: <sbdservice@sbd.iridium.com>
From: sbdservice@sbd.iridium.com
To: iridburst@noc.soton.ac.uk
Subject: SBD Msg From Unit: 300224010734970
MIME-Version: 1.0
Content-Type: multipart/mixed;boundary="SBD.Boundary.605592468"
Message-Id: <19740412024625.F6676FD9B32D2834@istbsp01.sbd.iridium.com>
Date: Sun, 20 May 2012 20:00:49 +0000 (GMT)
X-NOCS-MailScanner-Information: Please contact the ISP for more information
X-NOCS-MailScanner-ID: q4KK0nBO005204
X-NOCS-MailScanner: Found to be clean
X-NOCS-MailScanner-SpamCheck: not spam (whitelisted),
	SpamAssassin (not cached, score=-6.599, required 5,
	autolearn=not spam, BAYES_00 -2.60, RCVD_IN_DNSWL_MED -4.00)
X-NOCS-MailScanner-From: sbdservice@sbd.iridium.com
X-Spam-Status: No

SBM Message
--SBD.Boundary.605592468
PROCESS /noc/users/iridburst/exec/irid_300224010734970_upd.pl
Last Run  ----1970-01-01 00:00:00 
MONTH  5 
DATA  xxrecord 2012-05-19 03:00:05 :: $W5M5A,120519,030005,660d0028449ce246,1,DAS 2,4901.6547N,1621.8234W,25.9,0,33.1,14.3,10.4,82.1,7.5,10.4,82.3,7.6,1013.9,3.51,6.43,9.5,7,34*61
 
STATION sbdservice
IRID_ID 300224010734970
BODY --

From sbdservice@sbd.iridium.com Sun May 20 22:00:56 2012
Return-Path: <sbdservice@sbd.iridium.com>
Received: from istbsp02.sbd.iridium.com (outbound.sbd.iridium.com [12.47.179.11])
	by mercury.noc.soton.ac.uk (8.13.1/8.12.11) with ESMTP id q4KL0pZe009932
	for <iridburst@noc.soton.ac.uk>; Sun, 20 May 2012 22:00:51 +0100
Reply-To: <sbdservice@sbd.iridium.com>
From: sbdservice@sbd.iridium.com
To: iridburst@noc.soton.ac.uk
Subject: SBD Msg From Unit: 300224010734970
MIME-Version: 1.0
Content-Type: multipart/mixed;boundary="SBD.Boundary.605592468"
Message-Id: <19740412024625.3B6E6FCB7F437D88@istbsp02.sbd.iridium.com>
Date: Sun, 20 May 2012 21:00:51 +0000 (GMT)
X-NOCS-MailScanner-Information: Please contact the ISP for more information
X-NOCS-MailScanner-ID: q4KL0pZe009932
X-NOCS-MailScanner: Found to be clean
X-NOCS-MailScanner-SpamCheck: not spam (whitelisted),
	SpamAssassin (not cached, score=-6.599, required 5,
	autolearn=not spam, BAYES_00 -2.60, RCVD_IN_DNSWL_MED -4.00)
X-NOCS-MailScanner-From: sbdservice@sbd.iridium.com
X-Spam-Status: No

SBM Message
--SBD.Boundary.605592468
PROCESS /noc/users/iridburst/exec/irid_300224010734970_upd.pl
Last Run  ----1970-01-01 00:00:00 
MONTH  5 
DATA  xxrecord 2012-05-19 03:00:05 :: $W5M5A,120519,030005,660d0028449ce246,1,DAS 2,4901.6547N,1621.8234W,25.9,0,33.1,14.3,10.4,82.1,7.5,10.4,82.3,7.6,1013.9,3.51,6.43,9.5,7,34*61
 
STATION sbdservice
IRID_ID 300224010734970
BODY --

From sbdservice@sbd.iridium.com Sun May 20 23:01:05 2012
Return-Path: <sbdservice@sbd.iridium.com>
Received: from istbsp02.sbd.iridium.com (outbound.sbd.iridium.com [12.47.179.11])
	by mercury.noc.soton.ac.uk (8.13.1/8.12.11) with ESMTP id q4KM0x8c014777
	for <iridburst@noc.soton.ac.uk>; Sun, 20 May 2012 23:01:00 +0100
Reply-To: <sbdservice@sbd.iridium.com>
From: sbdservice@sbd.iridium.com
To: iridburst@noc.soton.ac.uk
Subject: SBD Msg From Unit: 300224010734970
MIME-Version: 1.0
Content-Type: multipart/mixed;boundary="SBD.Boundary.605592468"
Message-Id: <19740412024625.3A324EE97F62B9BE@istbsp02.sbd.iridium.com>
Date: Sun, 20 May 2012 22:00:56 +0000 (GMT)
X-NOCS-MailScanner-Information: Please contact the ISP for more information
X-NOCS-MailScanner-ID: q4KM0x8c014777
X-NOCS-MailScanner: Found to be clean
X-NOCS-MailScanner-SpamCheck: not spam (whitelisted),
	SpamAssassin (not cached, score=-6.599, required 5,
	autolearn=not spam, BAYES_00 -2.60, RCVD_IN_DNSWL_MED -4.00)
X-NOCS-MailScanner-From: sbdservice@sbd.iridium.com
X-Spam-Status: No

SBM Message
--SBD.Boundary.605592468
PROCESS /noc/users/iridburst/exec/irid_300224010734970_upd.pl
Last Run  ----1970-01-01 00:00:00 
MONTH  5 
DATA  xxrecord 2012-05-19 03:00:05 :: $W5M5A,120519,030005,660d0028449ce246,1,DAS 2,4901.6547N,1621.8234W,25.9,0,33.1,14.3,10.4,82.1,7.5,10.4,82.3,7.6,1013.9,3.51,6.43,9.5,7,34*61
 
STATION sbdservice
IRID_ID 300224010734970
BODY --

From sbdservice@sbd.iridium.com Mon May 21 00:01:01 2012
Return-Path: <sbdservice@sbd.iridium.com>
Received: from istbsp02.sbd.iridium.com (outbound.sbd.iridium.com [12.47.179.11])
	by mercury.noc.soton.ac.uk (8.13.1/8.12.11) with ESMTP id q4KN0tPI019033
	for <iridburst@noc.soton.ac.uk>; Mon, 21 May 2012 00:00:55 +0100
Reply-To: <sbdservice@sbd.iridium.com>
From: sbdservice@sbd.iridium.com
To: iridburst@noc.soton.ac.uk
Subject: SBD Msg From Unit: 300224010734970
MIME-Version: 1.0
Content-Type: multipart/mixed;boundary="SBD.Boundary.605592468"
Message-Id: <19740412024625.B02A7ED83B522CD3@istbsp02.sbd.iridium.com>
Date: Sun, 20 May 2012 23:00:54 +0000 (GMT)
X-NOCS-MailScanner-Information: Please contact the ISP for more information
X-NOCS-MailScanner-ID: q4KN0tPI019033
X-NOCS-MailScanner: Found to be clean
X-NOCS-MailScanner-SpamCheck: not spam (whitelisted),
	SpamAssassin (not cached, score=-6.599, required 5,
	autolearn=not spam, BAYES_00 -2.60, RCVD_IN_DNSWL_MED -4.00)
X-NOCS-MailScanner-From: sbdservice@sbd.iridium.com
X-Spam-Status: No

SBM Message
--SBD.Boundary.605592468
PROCESS /noc/users/iridburst/exec/irid_300224010734970_upd.pl
Last Run  ----1970-01-01 00:00:00 
MONTH  5 
DATA  xxrecord 2012-05-19 03:00:05 :: $W5M5A,120519,030005,660d0028449ce246,1,DAS 2,4901.6547N,1621.8234W,25.9,0,33.1,14.3,10.4,82.1,7.5,10.4,82.3,7.6,1013.9,3.51,6.43,9.5,7,34*61
 
STATION sbdservice
IRID_ID 300224010734970
BODY --

From sbdservice@sbd.iridium.com Mon May 21 01:00:57 2012
Return-Path: <sbdservice@sbd.iridium.com>
Received: from istbsp02.sbd.iridium.com (outbound.sbd.iridium.com [12.47.179.11])
	by mercury.noc.soton.ac.uk (8.13.1/8.12.11) with ESMTP id q4L00nCl023278
	for <iridburst@noc.soton.ac.uk>; Mon, 21 May 2012 01:00:50 +0100
Reply-To: <sbdservice@sbd.iridium.com>
From: sbdservice@sbd.iridium.com
To: iridburst@noc.soton.ac.uk
Subject: SBD Msg From Unit: 300224010734970
MIME-Version: 1.0
Content-Type: multipart/mixed;boundary="SBD.Boundary.605592468"
Message-Id: <19740412024625.3DCE5CCAB740C51A@istbsp02.sbd.iridium.com>
Date: Mon, 21 May 2012 00:00:49 +0000 (GMT)
X-NOCS-MailScanner-Information: Please contact the ISP for more information
X-NOCS-MailScanner-ID: q4L00nCl023278
X-NOCS-MailScanner: Found to be clean
X-NOCS-MailScanner-SpamCheck: not spam (whitelisted),
	SpamAssassin (not cached, score=-6.599, required 5,
	autolearn=not spam, BAYES_00 -2.60, RCVD_IN_DNSWL_MED -4.00)
X-NOCS-MailScanner-From: sbdservice@sbd.iridium.com
X-Spam-Status: No

SBM Message
--SBD.Boundary.605592468
PROCESS /noc/users/iridburst/exec/irid_300224010734970_upd.pl
Last Run  ----1970-01-01 00:00:00 
MONTH  5 
DATA  xxrecord 2012-05-19 03:00:05 :: $W5M5A,120519,030005,660d0028449ce246,1,DAS 2,4901.6547N,1621.8234W,25.9,0,33.1,14.3,10.4,82.1,7.5,10.4,82.3,7.6,1013.9,3.51,6.43,9.5,7,34*61
 
STATION sbdservice
IRID_ID 300224010734970
BODY --

From sbdservice@sbd.iridium.com Mon May 21 02:03:36 2012
Return-Path: <sbdservice@sbd.iridium.com>
Received: from gse-mta-29.emailfiltering.com (gse-mta-29-tx.emailfiltering.com [194.116.198.160])
	by mercury.noc.soton.ac.uk (8.13.1/8.12.11) with ESMTP id q4L13RPG028081
	for <iridburst@noc.soton.ac.uk>; Mon, 21 May 2012 02:03:28 +0100
X-CTCH-RefID: str=0001.0A0B020A.4FB993B1.00E1:SCGMA481786,ss=1,fgs=1024
X-Cloudmark-Analysis: v=1.1 cv=BY9nfZhSnFQLSnJmgfozNTG89O+LCSWz8+CSKGrsjxI= c=1 sm=0 a=qTeDA8_pTN8A:10 a=sFjqOyMgm8SnhUXIoa15IA==:17 a=1LRDiY2RxeOGwWbgCagA:9 a=CjuIK1q_8ugA:10 a=VXSmja7hKSCa4qBndM4A:9 a=ADqXiXMc7YHOvYHy0nAuHA==:117
Received: from outbound.sbd.iridium.com ([12.47.179.11])
	by gse-mta-29.emailfiltering.com with emfmta (version 4.8.5.86) vanilla id 908228304
	;2585a82ebd905da9; Mon, 21 May 2012 02:00:33 +0100
Reply-To: <sbdservice@sbd.iridium.com>
From: sbdservice@sbd.iridium.com
To: iridburst@noc.soton.ac.uk
Subject: SBD Msg From Unit: 300224010734970
MIME-Version: 1.0
Content-Type: multipart/mixed;boundary="SBD.Boundary.605592468"
Message-Id: <19740412024625.66D36FF9BF606A44@istbsp02.sbd.iridium.com>
Date: Mon, 21 May 2012 01:00:31 +0000 (GMT)
X-NOCS-MailScanner-Information: Please contact the ISP for more information
X-NOCS-MailScanner-ID: q4L13RPG028081
X-NOCS-MailScanner: Found to be clean
X-NOCS-MailScanner-SpamCheck: not spam (whitelisted),
	SpamAssassin (not cached, score=-3.599, required 5,
	autolearn=not spam, BAYES_00 -2.60, RCVD_IN_DNSWL_LOW -1.00)
X-NOCS-MailScanner-From: sbdservice@sbd.iridium.com
X-Spam-Status: No

SBM Message
--SBD.Boundary.605592468
PROCESS /noc/users/iridburst/exec/irid_300224010734970_upd.pl
Last Run  ----1970-01-01 00:00:00 
MONTH  5 
DATA  xxrecord 2012-05-19 03:00:05 :: $W5M5A,120519,030005,660d0028449ce246,1,DAS 2,4901.6547N,1621.8234W,25.9,0,33.1,14.3,10.4,82.1,7.5,10.4,82.3,7.6,1013.9,3.51,6.43,9.5,7,34*61
 
STATION sbdservice
IRID_ID 300224010734970
BODY --

From sbdservice@sbd.iridium.com Mon May 21 03:00:56 2012
Return-Path: <sbdservice@sbd.iridium.com>
Received: from istbsp02.sbd.iridium.com (outbound.sbd.iridium.com [12.47.179.11])
	by mercury.noc.soton.ac.uk (8.13.1/8.12.11) with ESMTP id q4L20rDV032757
	for <iridburst@noc.soton.ac.uk>; Mon, 21 May 2012 03:00:53 +0100
Reply-To: <sbdservice@sbd.iridium.com>
From: sbdservice@sbd.iridium.com
To: iridburst@noc.soton.ac.uk
Subject: SBD Msg From Unit: 300224010734970
MIME-Version: 1.0
Content-Type: multipart/mixed;boundary="SBD.Boundary.605592468"
Message-Id: <19740412024625.9E597FC93F51339D@istbsp02.sbd.iridium.com>
Date: Mon, 21 May 2012 02:00:51 +0000 (GMT)
X-NOCS-MailScanner-Information: Please contact the ISP for more information
X-NOCS-MailScanner-ID: q4L20rDV032757
X-NOCS-MailScanner: Found to be clean
X-NOCS-MailScanner-SpamCheck: not spam (whitelisted),
	SpamAssassin (not cached, score=-6.599, required 5,
	autolearn=not spam, BAYES_00 -2.60, RCVD_IN_DNSWL_MED -4.00)
X-NOCS-MailScanner-From: sbdservice@sbd.iridium.com
X-Spam-Status: No

SBM Message
--SBD.Boundary.605592468
PROCESS /noc/users/iridburst/exec/irid_300224010734970_upd.pl
Last Run  ----1970-01-01 00:00:00 
MONTH  5 
DATA  xxrecord 2012-05-19 03:00:05 :: $W5M5A,120519,030005,660d0028449ce246,1,DAS 2,4901.6547N,1621.8234W,25.9,0,33.1,14.3,10.4,82.1,7.5,10.4,82.3,7.6,1013.9,3.51,6.43,9.5,7,34*61
 
STATION sbdservice
IRID_ID 300224010734970
BODY --

From sbdservice@sbd.iridium.com Mon May 21 04:00:57 2012
Return-Path: <sbdservice@sbd.iridium.com>
Received: from istbsp02.sbd.iridium.com (outbound.sbd.iridium.com [12.47.179.11])
	by mercury.noc.soton.ac.uk (8.13.1/8.12.11) with ESMTP id q4L30oZK005195
	for <iridburst@noc.soton.ac.uk>; Mon, 21 May 2012 04:00:50 +0100
Reply-To: <sbdservice@sbd.iridium.com>
From: sbdservice@sbd.iridium.com
To: iridburst@noc.soton.ac.uk
Subject: SBD Msg From Unit: 300224010734970
MIME-Version: 1.0
Content-Type: multipart/mixed;boundary="SBD.Boundary.605592468"
Message-Id: <19740412024625.5FD66FE9FB51D733@istbsp02.sbd.iridium.com>
Date: Mon, 21 May 2012 03:00:50 +0000 (GMT)
X-NOCS-MailScanner-Information: Please contact the ISP for more information
X-NOCS-MailScanner-ID: q4L30oZK005195
X-NOCS-MailScanner: Found to be clean
X-NOCS-MailScanner-SpamCheck: not spam (whitelisted),
	SpamAssassin (not cached, score=-6.599, required 5,
	autolearn=not spam, BAYES_00 -2.60, RCVD_IN_DNSWL_MED -4.00)
X-NOCS-MailScanner-From: sbdservice@sbd.iridium.com
X-Spam-Status: No

SBM Message
--SBD.Boundary.605592468
PROCESS /noc/users/iridburst/exec/irid_300224010734970_upd.pl
Last Run  ----1970-01-01 00:00:00 
MONTH  5 
DATA  xxrecord 2012-05-19 03:00:05 :: $W5M5A,120519,030005,660d0028449ce246,1,DAS 2,4901.6547N,1621.8234W,25.9,0,33.1,14.3,10.4,82.1,7.5,10.4,82.3,7.6,1013.9,3.51,6.43,9.5,7,34*61
 
STATION sbdservice
IRID_ID 300224010734970
BODY --

From sbdservice@sbd.iridium.com Mon May 21 05:00:56 2012
Return-Path: <sbdservice@sbd.iridium.com>
Received: from istbsp01.sbd.iridium.com (outbound.sbd.iridium.com [12.47.179.11])
	by mercury.noc.soton.ac.uk (8.13.1/8.12.11) with ESMTP id q4L40oo0010648
	for <iridburst@noc.soton.ac.uk>; Mon, 21 May 2012 05:00:50 +0100
Reply-To: <sbdservice@sbd.iridium.com>
From: sbdservice@sbd.iridium.com
To: iridburst@noc.soton.ac.uk
Subject: SBD Msg From Unit: 300224010734970
MIME-Version: 1.0
Content-Type: multipart/mixed;boundary="SBD.Boundary.605592468"
Message-Id: <19740412024625.90AD6DDB733E2F7E@istbsp01.sbd.iridium.com>
Date: Mon, 21 May 2012 04:00:49 +0000 (GMT)
X-NOCS-MailScanner-Information: Please contact the ISP for more information
X-NOCS-MailScanner-ID: q4L40oo0010648
X-NOCS-MailScanner: Found to be clean
X-NOCS-MailScanner-SpamCheck: not spam (whitelisted),
	SpamAssassin (not cached, score=-6.599, required 5,
	autolearn=not spam, BAYES_00 -2.60, RCVD_IN_DNSWL_MED -4.00)
X-NOCS-MailScanner-From: sbdservice@sbd.iridium.com
X-Spam-Status: No

SBM Message
--SBD.Boundary.605592468
PROCESS /noc/users/iridburst/exec/irid_300224010734970_upd.pl
Last Run  ----1970-01-01 00:00:00 
MONTH  5 
DATA  xxrecord 2012-05-19 03:00:05 :: $W5M5A,120519,030005,660d0028449ce246,1,DAS 2,4901.6547N,1621.8234W,25.9,0,33.1,14.3,10.4,82.1,7.5,10.4,82.3,7.6,1013.9,3.51,6.43,9.5,7,34*61
 
STATION sbdservice
IRID_ID 300224010734970
BODY --

From sbdservice@sbd.iridium.com Mon May 21 06:01:04 2012
Return-Path: <sbdservice@sbd.iridium.com>
Received: from istbsp02.sbd.iridium.com (outbound.sbd.iridium.com [12.47.179.11])
	by mercury.noc.soton.ac.uk (8.13.1/8.12.11) with ESMTP id q4L50wpR015628
	for <iridburst@noc.soton.ac.uk>; Mon, 21 May 2012 06:00:58 +0100
Reply-To: <sbdservice@sbd.iridium.com>
From: sbdservice@sbd.iridium.com
To: iridburst@noc.soton.ac.uk
Subject: SBD Msg From Unit: 300224010734970
MIME-Version: 1.0
Content-Type: multipart/mixed;boundary="SBD.Boundary.605592468"
Message-Id: <19740412024625.9E454CC9BB72FC5E@istbsp02.sbd.iridium.com>
Date: Mon, 21 May 2012 05:00:57 +0000 (GMT)
X-NOCS-MailScanner-Information: Please contact the ISP for more information
X-NOCS-MailScanner-ID: q4L50wpR015628
X-NOCS-MailScanner: Found to be clean
X-NOCS-MailScanner-SpamCheck: not spam (whitelisted),
	SpamAssassin (not cached, score=-6.599, required 5,
	autolearn=not spam, BAYES_00 -2.60, RCVD_IN_DNSWL_MED -4.00)
X-NOCS-MailScanner-From: sbdservice@sbd.iridium.com
X-Spam-Status: No

SBM Message
--SBD.Boundary.605592468
PROCESS /noc/users/iridburst/exec/irid_300224010734970_upd.pl
Last Run  ----1970-01-01 00:00:00 
MONTH  5 
DATA  xxrecord 2012-05-19 03:00:05 :: $W5M5A,120519,030005,660d0028449ce246,1,DAS 2,4901.6547N,1621.8234W,25.9,0,33.1,14.3,10.4,82.1,7.5,10.4,82.3,7.6,1013.9,3.51,6.43,9.5,7,34*61
 
STATION sbdservice
IRID_ID 300224010734970
BODY --

From sbdservice@sbd.iridium.com Mon May 21 07:00:58 2012
Return-Path: <sbdservice@sbd.iridium.com>
Received: from istbsp02.sbd.iridium.com (outbound.sbd.iridium.com [12.47.179.11])
	by mercury.noc.soton.ac.uk (8.13.1/8.12.11) with ESMTP id q4L60pCJ023634
	for <iridburst@noc.soton.ac.uk>; Mon, 21 May 2012 07:00:51 +0100
Reply-To: <sbdservice@sbd.iridium.com>
From: sbdservice@sbd.iridium.com
To: iridburst@noc.soton.ac.uk
Subject: SBD Msg From Unit: 300224010734970
MIME-Version: 1.0
Content-Type: multipart/mixed;boundary="SBD.Boundary.605592468"
Message-Id: <19740412024625.7DEB4FDB77420AF8@istbsp02.sbd.iridium.com>
Date: Mon, 21 May 2012 06:00:51 +0000 (GMT)
X-NOCS-MailScanner-Information: Please contact the ISP for more information
X-NOCS-MailScanner-ID: q4L60pCJ023634
X-NOCS-MailScanner: Found to be clean
X-NOCS-MailScanner-SpamCheck: not spam (whitelisted),
	SpamAssassin (not cached, score=-6.599, required 5,
	autolearn=not spam, BAYES_00 -2.60, RCVD_IN_DNSWL_MED -4.00)
X-NOCS-MailScanner-From: sbdservice@sbd.iridium.com
X-Spam-Status: No

SBM Message
--SBD.Boundary.605592468
PROCESS /noc/users/iridburst/exec/irid_300224010734970_upd.pl
Last Run  ----1970-01-01 00:00:00 
MONTH  5 
DATA  xxrecord 2012-05-19 03:00:05 :: $W5M5A,120519,030005,660d0028449ce246,1,DAS 2,4901.6547N,1621.8234W,25.9,0,33.1,14.3,10.4,82.1,7.5,10.4,82.3,7.6,1013.9,3.51,6.43,9.5,7,34*61
 
STATION sbdservice
IRID_ID 300224010734970
BODY --

From sbdservice@sbd.iridium.com Mon May 21 08:01:00 2012
Return-Path: <sbdservice@sbd.iridium.com>
Received: from istbsp01.sbd.iridium.com (outbound.sbd.iridium.com [12.47.179.11])
	by mercury.noc.soton.ac.uk (8.13.1/8.12.11) with ESMTP id q4L70qqh029664
	for <iridburst@noc.soton.ac.uk>; Mon, 21 May 2012 08:00:53 +0100
Reply-To: <sbdservice@sbd.iridium.com>
From: sbdservice@sbd.iridium.com
To: iridburst@noc.soton.ac.uk
Subject: SBD Msg From Unit: 300224010734970
MIME-Version: 1.0
Content-Type: multipart/mixed;boundary="SBD.Boundary.605592468"
Message-Id: <19740412024625.A2134DFBFF0F081D@istbsp01.sbd.iridium.com>
Date: Mon, 21 May 2012 07:00:51 +0000 (GMT)
X-NOCS-MailScanner-Information: Please contact the ISP for more information
X-NOCS-MailScanner-ID: q4L70qqh029664
X-NOCS-MailScanner: Found to be clean
X-NOCS-MailScanner-SpamCheck: not spam (whitelisted),
	SpamAssassin (not cached, score=-6.599, required 5,
	autolearn=not spam, BAYES_00 -2.60, RCVD_IN_DNSWL_MED -4.00)
X-NOCS-MailScanner-From: sbdservice@sbd.iridium.com
X-Spam-Status: No

SBM Message
--SBD.Boundary.605592468
PROCESS /noc/users/iridburst/exec/irid_300224010734970_upd.pl
Last Run  ----1970-01-01 00:00:00 
MONTH  5 
DATA  xxrecord 2012-05-19 03:00:05 :: $W5M5A,120519,030005,660d0028449ce246,1,DAS 2,4901.6547N,1621.8234W,25.9,0,33.1,14.3,10.4,82.1,7.5,10.4,82.3,7.6,1013.9,3.51,6.43,9.5,7,34*61
 
STATION sbdservice
IRID_ID 300224010734970
BODY --

From sbdservice@sbd.iridium.com Mon May 21 09:00:57 2012
Return-Path: <sbdservice@sbd.iridium.com>
Received: from istbsp01.sbd.iridium.com (outbound.sbd.iridium.com [12.47.179.11])
	by mercury.noc.soton.ac.uk (8.13.1/8.12.11) with ESMTP id q4L80qW5008615
	for <iridburst@noc.soton.ac.uk>; Mon, 21 May 2012 09:00:52 +0100
Reply-To: <sbdservice@sbd.iridium.com>
From: sbdservice@sbd.iridium.com
To: iridburst@noc.soton.ac.uk
Subject: SBD Msg From Unit: 300224010734970
MIME-Version: 1.0
Content-Type: multipart/mixed;boundary="SBD.Boundary.605592468"
Message-Id: <19740412024625.21944CCA3B3C0A33@istbsp01.sbd.iridium.com>
Date: Mon, 21 May 2012 08:00:51 +0000 (GMT)
X-NOCS-MailScanner-Information: Please contact the ISP for more information
X-NOCS-MailScanner-ID: q4L80qW5008615
X-NOCS-MailScanner: Found to be clean
X-NOCS-MailScanner-SpamCheck: not spam (whitelisted),
	SpamAssassin (not cached, score=-6.599, required 5,
	autolearn=not spam, BAYES_00 -2.60, RCVD_IN_DNSWL_MED -4.00)
X-NOCS-MailScanner-From: sbdservice@sbd.iridium.com
X-Spam-Status: No

SBM Message
--SBD.Boundary.605592468
PROCESS /noc/users/iridburst/exec/irid_300224010734970_upd.pl
Last Run  ----1970-01-01 00:00:00 
MONTH  5 
DATA  xxrecord 2012-05-19 03:00:05 :: $W5M5A,120519,030005,660d0028449ce246,1,DAS 2,4901.6547N,1621.8234W,25.9,0,33.1,14.3,10.4,82.1,7.5,10.4,82.3,7.6,1013.9,3.51,6.43,9.5,7,34*61
 
STATION sbdservice
IRID_ID 300224010734970
BODY --

From sbdservice@sbd.iridium.com Mon May 21 10:00:57 2012
Return-Path: <sbdservice@sbd.iridium.com>
Received: from istbsp02.sbd.iridium.com (outbound.sbd.iridium.com [12.47.179.11])
	by mercury.noc.soton.ac.uk (8.13.1/8.12.11) with ESMTP id q4L90q9T017302
	for <iridburst@noc.soton.ac.uk>; Mon, 21 May 2012 10:00:52 +0100
Reply-To: <sbdservice@sbd.iridium.com>
From: sbdservice@sbd.iridium.com
To: iridburst@noc.soton.ac.uk
Subject: SBD Msg From Unit: 300224010734970
MIME-Version: 1.0
Content-Type: multipart/mixed;boundary="SBD.Boundary.605592468"
Message-Id: <19740412024625.E21C7CDA7743B763@istbsp02.sbd.iridium.com>
Date: Mon, 21 May 2012 09:00:52 +0000 (GMT)
X-NOCS-MailScanner-Information: Please contact the ISP for more information
X-NOCS-MailScanner-ID: q4L90q9T017302
X-NOCS-MailScanner: Found to be clean
X-NOCS-MailScanner-SpamCheck: not spam (whitelisted),
	SpamAssassin (not cached, score=-6.599, required 5,
	autolearn=not spam, BAYES_00 -2.60, RCVD_IN_DNSWL_MED -4.00)
X-NOCS-MailScanner-From: sbdservice@sbd.iridium.com
X-Spam-Status: No

SBM Message
--SBD.Boundary.605592468
PROCESS /noc/users/iridburst/exec/irid_300224010734970_upd.pl
Last Run  ----1970-01-01 00:00:00 
MONTH  5 
DATA  xxrecord 2012-05-19 03:00:05 :: $W5M5A,120519,030005,660d0028449ce246,1,DAS 2,4901.6547N,1621.8234W,25.9,0,33.1,14.3,10.4,82.1,7.5,10.4,82.3,7.6,1013.9,3.51,6.43,9.5,7,34*61
 
STATION sbdservice
IRID_ID 300224010734970
BODY --

From sbdservice@sbd.iridium.com Mon May 21 11:00:54 2012
Return-Path: <sbdservice@sbd.iridium.com>
Received: from istbsp01.sbd.iridium.com (outbound.sbd.iridium.com [12.47.179.11])
	by mercury.noc.soton.ac.uk (8.13.1/8.12.11) with ESMTP id q4LA0nYR027642
	for <iridburst@noc.soton.ac.uk>; Mon, 21 May 2012 11:00:50 +0100
Reply-To: <sbdservice@sbd.iridium.com>
From: sbdservice@sbd.iridium.com
To: iridburst@noc.soton.ac.uk
Subject: SBD Msg From Unit: 300224010734970
MIME-Version: 1.0
Content-Type: multipart/mixed;boundary="SBD.Boundary.605592468"
Message-Id: <19740412024625.DC3E4FCBF33EF6AB@istbsp01.sbd.iridium.com>
Date: Mon, 21 May 2012 10:00:48 +0000 (GMT)
X-NOCS-MailScanner-Information: Please contact the ISP for more information
X-NOCS-MailScanner-ID: q4LA0nYR027642
X-NOCS-MailScanner: Found to be clean
X-NOCS-MailScanner-SpamCheck: not spam (whitelisted),
	SpamAssassin (not cached, score=-6.599, required 5,
	autolearn=not spam, BAYES_00 -2.60, RCVD_IN_DNSWL_MED -4.00)
X-NOCS-MailScanner-From: sbdservice@sbd.iridium.com
X-Spam-Status: No

SBM Message
--SBD.Boundary.605592468
PROCESS /noc/users/iridburst/exec/irid_300224010734970_upd.pl
Last Run  ----1970-01-01 00:00:00 
MONTH  5 
DATA  xxrecord 2012-05-19 03:00:05 :: $W5M5A,120519,030005,660d0028449ce246,1,DAS 2,4901.6547N,1621.8234W,25.9,0,33.1,14.3,10.4,82.1,7.5,10.4,82.3,7.6,1013.9,3.51,6.43,9.5,7,34*61
 
STATION sbdservice
IRID_ID 300224010734970
BODY --

From sbdservice@sbd.iridium.com Mon May 21 12:00:58 2012
Return-Path: <sbdservice@sbd.iridium.com>
Received: from istbsp01.sbd.iridium.com (outbound.sbd.iridium.com [12.47.179.11])
	by mercury.noc.soton.ac.uk (8.13.1/8.12.11) with ESMTP id q4LB0pfc004915
	for <iridburst@noc.soton.ac.uk>; Mon, 21 May 2012 12:00:52 +0100
Reply-To: <sbdservice@sbd.iridium.com>
From: sbdservice@sbd.iridium.com
To: iridburst@noc.soton.ac.uk
Subject: SBD Msg From Unit: 300224010734970
MIME-Version: 1.0
Content-Type: multipart/mixed;boundary="SBD.Boundary.605592468"
Message-Id: <19740412024625.53EB7DEA7F3D8B07@istbsp01.sbd.iridium.com>
Date: Mon, 21 May 2012 11:00:50 +0000 (GMT)
X-NOCS-MailScanner-Information: Please contact the ISP for more information
X-NOCS-MailScanner-ID: q4LB0pfc004915
X-NOCS-MailScanner: Found to be clean
X-NOCS-MailScanner-SpamCheck: not spam (whitelisted),
	SpamAssassin (not cached, score=-6.599, required 5,
	autolearn=not spam, BAYES_00 -2.60, RCVD_IN_DNSWL_MED -4.00)
X-NOCS-MailScanner-From: sbdservice@sbd.iridium.com
X-Spam-Status: No

SBM Message
--SBD.Boundary.605592468
PROCESS /noc/users/iridburst/exec/irid_300224010734970_upd.pl
Last Run  ----1970-01-01 00:00:00 
MONTH  5 
DATA  xxrecord 2012-05-19 03:00:05 :: $W5M5A,120519,030005,660d0028449ce246,1,DAS 2,4901.6547N,1621.8234W,25.9,0,33.1,14.3,10.4,82.1,7.5,10.4,82.3,7.6,1013.9,3.51,6.43,9.5,7,34*61
 
STATION sbdservice
IRID_ID 300224010734970
BODY --

From sbdservice@sbd.iridium.com Mon May 21 13:00:57 2012
Return-Path: <sbdservice@sbd.iridium.com>
Received: from istbsp02.sbd.iridium.com (outbound.sbd.iridium.com [12.47.179.11])
	by mercury.noc.soton.ac.uk (8.13.1/8.12.11) with ESMTP id q4LC0q7f014138
	for <iridburst@noc.soton.ac.uk>; Mon, 21 May 2012 13:00:52 +0100
Reply-To: <sbdservice@sbd.iridium.com>
From: sbdservice@sbd.iridium.com
To: iridburst@noc.soton.ac.uk
Subject: SBD Msg From Unit: 300224010734970
MIME-Version: 1.0
Content-Type: multipart/mixed;boundary="SBD.Boundary.605592468"
Message-Id: <19740412024625.D3584EF83F611E02@istbsp02.sbd.iridium.com>
Date: Mon, 21 May 2012 12:00:51 +0000 (GMT)
X-NOCS-MailScanner-Information: Please contact the ISP for more information
X-NOCS-MailScanner-ID: q4LC0q7f014138
X-NOCS-MailScanner: Found to be clean
X-NOCS-MailScanner-SpamCheck: not spam (whitelisted),
	SpamAssassin (not cached, score=-6.599, required 5,
	autolearn=not spam, BAYES_00 -2.60, RCVD_IN_DNSWL_MED -4.00)
X-NOCS-MailScanner-From: sbdservice@sbd.iridium.com
X-Spam-Status: No

SBM Message
--SBD.Boundary.605592468
PROCESS /noc/users/iridburst/exec/irid_300224010734970_upd.pl
Last Run  ----1970-01-01 00:00:00 
MONTH  5 
DATA  xxrecord 2012-05-19 03:00:05 :: $W5M5A,120519,030005,660d0028449ce246,1,DAS 2,4901.6547N,1621.8234W,25.9,0,33.1,14.3,10.4,82.1,7.5,10.4,82.3,7.6,1013.9,3.51,6.43,9.5,7,34*61
 
STATION sbdservice
IRID_ID 300224010734970
BODY --

From sbdservice@sbd.iridium.com Mon May 21 14:01:06 2012
Return-Path: <sbdservice@sbd.iridium.com>
Received: from istbsp02.sbd.iridium.com (outbound.sbd.iridium.com [12.47.179.11])
	by mercury.noc.soton.ac.uk (8.13.1/8.12.11) with ESMTP id q4LD0whU023212
	for <iridburst@noc.soton.ac.uk>; Mon, 21 May 2012 14:00:59 +0100
Reply-To: <sbdservice@sbd.iridium.com>
From: sbdservice@sbd.iridium.com
To: iridburst@noc.soton.ac.uk
Subject: SBD Msg From Unit: 300224010734970
MIME-Version: 1.0
Content-Type: multipart/mixed;boundary="SBD.Boundary.605592468"
Message-Id: <19740412024625.BFAA6DCB77712B09@istbsp02.sbd.iridium.com>
Date: Mon, 21 May 2012 13:00:57 +0000 (GMT)
X-NOCS-MailScanner-Information: Please contact the ISP for more information
X-NOCS-MailScanner-ID: q4LD0whU023212
X-NOCS-MailScanner: Found to be clean
X-NOCS-MailScanner-SpamCheck: not spam (whitelisted),
	SpamAssassin (not cached, score=-6.599, required 5,
	autolearn=not spam, BAYES_00 -2.60, RCVD_IN_DNSWL_MED -4.00)
X-NOCS-MailScanner-From: sbdservice@sbd.iridium.com
X-Spam-Status: No

SBM Message
--SBD.Boundary.605592468
PROCESS /noc/users/iridburst/exec/irid_300224010734970_upd.pl
Last Run  ----1970-01-01 00:00:00 
MONTH  5 
DATA  xxrecord 2012-05-19 03:00:05 :: $W5M5A,120519,030005,660d0028449ce246,1,DAS 2,4901.6547N,1621.8234W,25.9,0,33.1,14.3,10.4,82.1,7.5,10.4,82.3,7.6,1013.9,3.51,6.43,9.5,7,34*61
 
STATION sbdservice
IRID_ID 300224010734970
BODY --

From sbdservice@sbd.iridium.com Mon May 21 15:00:52 2012
Return-Path: <sbdservice@sbd.iridium.com>
Received: from istbsp01.sbd.iridium.com (outbound.sbd.iridium.com [12.47.179.11])
	by mercury.noc.soton.ac.uk (8.13.1/8.12.11) with ESMTP id q4LE0lYc032303
	for <iridburst@noc.soton.ac.uk>; Mon, 21 May 2012 15:00:47 +0100
Reply-To: <sbdservice@sbd.iridium.com>
From: sbdservice@sbd.iridium.com
To: iridburst@noc.soton.ac.uk
Subject: SBD Msg From Unit: 300224010734970
MIME-Version: 1.0
Content-Type: multipart/mixed;boundary="SBD.Boundary.605592468"
Message-Id: <19740412024625.29407FC87B2F218A@istbsp01.sbd.iridium.com>
Date: Mon, 21 May 2012 14:00:45 +0000 (GMT)
X-NOCS-MailScanner-Information: Please contact the ISP for more information
X-NOCS-MailScanner-ID: q4LE0lYc032303
X-NOCS-MailScanner: Found to be clean
X-NOCS-MailScanner-SpamCheck: not spam (whitelisted),
	SpamAssassin (not cached, score=-6.599, required 5,
	autolearn=not spam, BAYES_00 -2.60, RCVD_IN_DNSWL_MED -4.00)
X-NOCS-MailScanner-From: sbdservice@sbd.iridium.com
X-Spam-Status: No

SBM Message
--SBD.Boundary.605592468
PROCESS /noc/users/iridburst/exec/irid_300224010734970_upd.pl
Last Run  ----1970-01-01 00:00:00 
MONTH  5 
DATA  xxrecord 2012-05-19 03:00:05 :: $W5M5A,120519,030005,660d0028449ce246,1,DAS 2,4901.6547N,1621.8234W,25.9,0,33.1,14.3,10.4,82.1,7.5,10.4,82.3,7.6,1013.9,3.51,6.43,9.5,7,34*61
 
STATION sbdservice
IRID_ID 300224010734970
BODY --

From sbdservice@sbd.iridium.com Mon May 21 16:00:55 2012
Return-Path: <sbdservice@sbd.iridium.com>
Received: from istbsp01.sbd.iridium.com (outbound.sbd.iridium.com [12.47.179.11])
	by mercury.noc.soton.ac.uk (8.13.1/8.12.11) with ESMTP id q4LF0p9I009128
	for <iridburst@noc.soton.ac.uk>; Mon, 21 May 2012 16:00:52 +0100
Reply-To: <sbdservice@sbd.iridium.com>
From: sbdservice@sbd.iridium.com
To: iridburst@noc.soton.ac.uk
Subject: SBD Msg From Unit: 300224010734970
MIME-Version: 1.0
Content-Type: multipart/mixed;boundary="SBD.Boundary.605592468"
Message-Id: <19740412024625.E8E57CD83F0EDCF6@istbsp01.sbd.iridium.com>
Date: Mon, 21 May 2012 15:00:51 +0000 (GMT)
X-NOCS-MailScanner-Information: Please contact the ISP for more information
X-NOCS-MailScanner-ID: q4LF0p9I009128
X-NOCS-MailScanner: Found to be clean
X-NOCS-MailScanner-SpamCheck: not spam (whitelisted),
	SpamAssassin (not cached, score=-6.599, required 5,
	autolearn=not spam, BAYES_00 -2.60, RCVD_IN_DNSWL_MED -4.00)
X-NOCS-MailScanner-From: sbdservice@sbd.iridium.com
X-Spam-Status: No

SBM Message
--SBD.Boundary.605592468
PROCESS /noc/users/iridburst/exec/irid_300224010734970_upd.pl
Last Run  ----1970-01-01 00:00:00 
MONTH  5 
DATA  xxrecord 2012-05-19 03:00:05 :: $W5M5A,120519,030005,660d0028449ce246,1,DAS 2,4901.6547N,1621.8234W,25.9,0,33.1,14.3,10.4,82.1,7.5,10.4,82.3,7.6,1013.9,3.51,6.43,9.5,7,34*61
 
STATION sbdservice
IRID_ID 300224010734970
BODY --

From sbdservice@sbd.iridium.com Mon May 21 17:01:14 2012
Return-Path: <sbdservice@sbd.iridium.com>
Received: from istbsp02.sbd.iridium.com (outbound.sbd.iridium.com [12.47.179.11])
	by mercury.noc.soton.ac.uk (8.13.1/8.12.11) with ESMTP id q4LG17aF018154
	for <iridburst@noc.soton.ac.uk>; Mon, 21 May 2012 17:01:08 +0100
Reply-To: <sbdservice@sbd.iridium.com>
From: sbdservice@sbd.iridium.com
To: iridburst@noc.soton.ac.uk
Subject: SBD Msg From Unit: 300224010734970
MIME-Version: 1.0
Content-Type: multipart/mixed;boundary="SBD.Boundary.605592468"
Message-Id: <19740412024625.64F04CE87762B130@istbsp02.sbd.iridium.com>
Date: Mon, 21 May 2012 16:01:07 +0000 (GMT)
X-NOCS-MailScanner-Information: Please contact the ISP for more information
X-NOCS-MailScanner-ID: q4LG17aF018154
X-NOCS-MailScanner: Found to be clean
X-NOCS-MailScanner-SpamCheck: not spam (whitelisted),
	SpamAssassin (not cached, score=-6.599, required 5,
	autolearn=not spam, BAYES_00 -2.60, RCVD_IN_DNSWL_MED -4.00)
X-NOCS-MailScanner-From: sbdservice@sbd.iridium.com
X-Spam-Status: No

SBM Message
--SBD.Boundary.605592468
PROCESS /noc/users/iridburst/exec/irid_300224010734970_upd.pl
Last Run  ----1970-01-01 00:00:00 
MONTH  5 
DATA  xxrecord 2012-05-19 03:00:05 :: $W5M5A,120519,030005,660d0028449ce246,1,DAS 2,4901.6547N,1621.8234W,25.9,0,33.1,14.3,10.4,82.1,7.5,10.4,82.3,7.6,1013.9,3.51,6.43,9.5,7,34*61
 
STATION sbdservice
IRID_ID 300224010734970
BODY --

From sbdservice@sbd.iridium.com Mon May 21 18:00:56 2012
Return-Path: <sbdservice@sbd.iridium.com>
Received: from istbsp02.sbd.iridium.com (outbound.sbd.iridium.com [12.47.179.11])
	by mercury.noc.soton.ac.uk (8.13.1/8.12.11) with ESMTP id q4LH0nQL025637
	for <iridburst@noc.soton.ac.uk>; Mon, 21 May 2012 18:00:50 +0100
Reply-To: <sbdservice@sbd.iridium.com>
From: sbdservice@sbd.iridium.com
To: iridburst@noc.soton.ac.uk
Subject: SBD Msg From Unit: 300224010734970
MIME-Version: 1.0
Content-Type: multipart/mixed;boundary="SBD.Boundary.605592468"
Message-Id: <19740412024625.AA505DD83772A693@istbsp02.sbd.iridium.com>
Date: Mon, 21 May 2012 17:00:47 +0000 (GMT)
X-NOCS-MailScanner-Information: Please contact the ISP for more information
X-NOCS-MailScanner-ID: q4LH0nQL025637
X-NOCS-MailScanner: Found to be clean
X-NOCS-MailScanner-SpamCheck: not spam (whitelisted),
	SpamAssassin (not cached, score=-6.599, required 5,
	autolearn=not spam, BAYES_00 -2.60, RCVD_IN_DNSWL_MED -4.00)
X-NOCS-MailScanner-From: sbdservice@sbd.iridium.com
X-Spam-Status: No

SBM Message
--SBD.Boundary.605592468
PROCESS /noc/users/iridburst/exec/irid_300224010734970_upd.pl
Last Run  ----1970-01-01 00:00:00 
MONTH  5 
DATA  xxrecord 2012-05-19 03:00:05 :: $W5M5A,120519,030005,660d0028449ce246,1,DAS 2,4901.6547N,1621.8234W,25.9,0,33.1,14.3,10.4,82.1,7.5,10.4,82.3,7.6,1013.9,3.51,6.43,9.5,7,34*61
 
STATION sbdservice
IRID_ID 300224010734970
BODY --

From sbdservice@sbd.iridium.com Mon May 21 19:00:55 2012
Return-Path: <sbdservice@sbd.iridium.com>
Received: from istbsp01.sbd.iridium.com (outbound.sbd.iridium.com [12.47.179.11])
	by mercury.noc.soton.ac.uk (8.13.1/8.12.11) with ESMTP id q4LI0nq9031911
	for <iridburst@noc.soton.ac.uk>; Mon, 21 May 2012 19:00:49 +0100
Reply-To: <sbdservice@sbd.iridium.com>
From: sbdservice@sbd.iridium.com
To: iridburst@noc.soton.ac.uk
Subject: SBD Msg From Unit: 300224010734970
MIME-Version: 1.0
Content-Type: multipart/mixed;boundary="SBD.Boundary.605592468"
Message-Id: <19740412024625.0DE86FEBFB0C5E64@istbsp01.sbd.iridium.com>
Date: Mon, 21 May 2012 18:00:48 +0000 (GMT)
X-NOCS-MailScanner-Information: Please contact the ISP for more information
X-NOCS-MailScanner-ID: q4LI0nq9031911
X-NOCS-MailScanner: Found to be clean
X-NOCS-MailScanner-SpamCheck: not spam (whitelisted),
	SpamAssassin (not cached, score=-6.599, required 5,
	autolearn=not spam, BAYES_00 -2.60, RCVD_IN_DNSWL_MED -4.00)
X-NOCS-MailScanner-From: sbdservice@sbd.iridium.com
X-Spam-Status: No

SBM Message
--SBD.Boundary.605592468
PROCESS /noc/users/iridburst/exec/irid_300224010734970_upd.pl
Last Run  ----1970-01-01 00:00:00 
MONTH  5 
DATA  xxrecord 2012-05-19 03:00:05 :: $W5M5A,120519,030005,660d0028449ce246,1,DAS 2,4901.6547N,1621.8234W,25.9,0,33.1,14.3,10.4,82.1,7.5,10.4,82.3,7.6,1013.9,3.51,6.43,9.5,7,34*61
 
STATION sbdservice
IRID_ID 300224010734970
BODY --

From sbdservice@sbd.iridium.com Mon May 21 20:01:08 2012
Return-Path: <sbdservice@sbd.iridium.com>
Received: from istbsp01.sbd.iridium.com (outbound.sbd.iridium.com [12.47.179.11])
	by mercury.noc.soton.ac.uk (8.13.1/8.12.11) with ESMTP id q4LJ12km005629
	for <iridburst@noc.soton.ac.uk>; Mon, 21 May 2012 20:01:02 +0100
Reply-To: <sbdservice@sbd.iridium.com>
From: sbdservice@sbd.iridium.com
To: iridburst@noc.soton.ac.uk
Subject: SBD Msg From Unit: 300224010734970
MIME-Version: 1.0
Content-Type: multipart/mixed;boundary="SBD.Boundary.605592468"
Message-Id: <19740412024625.06907CC8B73E24DD@istbsp01.sbd.iridium.com>
Date: Mon, 21 May 2012 19:01:01 +0000 (GMT)
X-NOCS-MailScanner-Information: Please contact the ISP for more information
X-NOCS-MailScanner-ID: q4LJ12km005629
X-NOCS-MailScanner: Found to be clean
X-NOCS-MailScanner-SpamCheck: not spam (whitelisted),
	SpamAssassin (not cached, score=-6.599, required 5,
	autolearn=not spam, BAYES_00 -2.60, RCVD_IN_DNSWL_MED -4.00)
X-NOCS-MailScanner-From: sbdservice@sbd.iridium.com
X-Spam-Status: No

SBM Message
--SBD.Boundary.605592468
PROCESS /noc/users/iridburst/exec/irid_300224010734970_upd.pl
Last Run  ----1970-01-01 00:00:00 
MONTH  5 
DATA  xxrecord 2012-05-19 03:00:05 :: $W5M5A,120519,030005,660d0028449ce246,1,DAS 2,4901.6547N,1621.8234W,25.9,0,33.1,14.3,10.4,82.1,7.5,10.4,82.3,7.6,1013.9,3.51,6.43,9.5,7,34*61
 
STATION sbdservice
IRID_ID 300224010734970
BODY --

From sbdservice@sbd.iridium.com Mon May 21 21:01:05 2012
Return-Path: <sbdservice@sbd.iridium.com>
Received: from istbsp02.sbd.iridium.com (outbound.sbd.iridium.com [12.47.179.11])
	by mercury.noc.soton.ac.uk (8.13.1/8.12.11) with ESMTP id q4LK0uZW012033
	for <iridburst@noc.soton.ac.uk>; Mon, 21 May 2012 21:00:57 +0100
Reply-To: <sbdservice@sbd.iridium.com>
From: sbdservice@sbd.iridium.com
To: iridburst@noc.soton.ac.uk
Subject: SBD Msg From Unit: 300224010734970
MIME-Version: 1.0
Content-Type: multipart/mixed;boundary="SBD.Boundary.605592468"
Message-Id: <19740412024625.AADD6DEAF352A50D@istbsp02.sbd.iridium.com>
Date: Mon, 21 May 2012 20:00:53 +0000 (GMT)
X-NOCS-MailScanner-Information: Please contact the ISP for more information
X-NOCS-MailScanner-ID: q4LK0uZW012033
X-NOCS-MailScanner: Found to be clean
X-NOCS-MailScanner-SpamCheck: not spam (whitelisted),
	SpamAssassin (not cached, score=-6.599, required 5,
	autolearn=not spam, BAYES_00 -2.60, RCVD_IN_DNSWL_MED -4.00)
X-NOCS-MailScanner-From: sbdservice@sbd.iridium.com
X-Spam-Status: No

SBM Message
--SBD.Boundary.605592468
PROCESS /noc/users/iridburst/exec/irid_300224010734970_upd.pl
Last Run  ----1970-01-01 00:00:00 
MONTH  5 
DATA  xxrecord 2012-05-19 03:00:05 :: $W5M5A,120519,030005,660d0028449ce246,1,DAS 2,4901.6547N,1621.8234W,25.9,0,33.1,14.3,10.4,82.1,7.5,10.4,82.3,7.6,1013.9,3.51,6.43,9.5,7,34*61
 
STATION sbdservice
IRID_ID 300224010734970
BODY --

From sbdservice@sbd.iridium.com Mon May 21 22:00:57 2012
Return-Path: <sbdservice@sbd.iridium.com>
Received: from istbsp01.sbd.iridium.com (outbound.sbd.iridium.com [12.47.179.11])
	by mercury.noc.soton.ac.uk (8.13.1/8.12.11) with ESMTP id q4LL0oUY017681
	for <iridburst@noc.soton.ac.uk>; Mon, 21 May 2012 22:00:51 +0100
Reply-To: <sbdservice@sbd.iridium.com>
From: sbdservice@sbd.iridium.com
To: iridburst@noc.soton.ac.uk
Subject: SBD Msg From Unit: 300224010734970
MIME-Version: 1.0
Content-Type: multipart/mixed;boundary="SBD.Boundary.605592468"
Message-Id: <19740412024625.5A6F6DDB7B1F3D61@istbsp01.sbd.iridium.com>
Date: Mon, 21 May 2012 21:00:50 +0000 (GMT)
X-NOCS-MailScanner-Information: Please contact the ISP for more information
X-NOCS-MailScanner-ID: q4LL0oUY017681
X-NOCS-MailScanner: Found to be clean
X-NOCS-MailScanner-SpamCheck: not spam (whitelisted),
	SpamAssassin (not cached, score=-6.599, required 5,
	autolearn=not spam, BAYES_00 -2.60, RCVD_IN_DNSWL_MED -4.00)
X-NOCS-MailScanner-From: sbdservice@sbd.iridium.com
X-Spam-Status: No

SBM Message
--SBD.Boundary.605592468
PROCESS /noc/users/iridburst/exec/irid_300224010734970_upd.pl
Last Run  ----1970-01-01 00:00:00 
MONTH  5 
DATA  xxrecord 2012-05-19 03:00:05 :: $W5M5A,120519,030005,660d0028449ce246,1,DAS 2,4901.6547N,1621.8234W,25.9,0,33.1,14.3,10.4,82.1,7.5,10.4,82.3,7.6,1013.9,3.51,6.43,9.5,7,34*61
 
STATION sbdservice
IRID_ID 300224010734970
BODY --

From sbdservice@sbd.iridium.com Mon May 21 23:01:03 2012
Return-Path: <sbdservice@sbd.iridium.com>
Received: from istbsp01.sbd.iridium.com (outbound.sbd.iridium.com [12.47.179.11])
	by mercury.noc.soton.ac.uk (8.13.1/8.12.11) with ESMTP id q4LM0rrI022802
	for <iridburst@noc.soton.ac.uk>; Mon, 21 May 2012 23:00:53 +0100
Reply-To: <sbdservice@sbd.iridium.com>
From: sbdservice@sbd.iridium.com
To: iridburst@noc.soton.ac.uk
Subject: SBD Msg From Unit: 300224010734970
MIME-Version: 1.0
Content-Type: multipart/mixed;boundary="SBD.Boundary.605592468"
Message-Id: <19740412024625.C6455DD9731DB51B@istbsp01.sbd.iridium.com>
Date: Mon, 21 May 2012 22:00:52 +0000 (GMT)
X-NOCS-MailScanner-Information: Please contact the ISP for more information
X-NOCS-MailScanner-ID: q4LM0rrI022802
X-NOCS-MailScanner: Found to be clean
X-NOCS-MailScanner-SpamCheck: not spam (whitelisted),
	SpamAssassin (not cached, score=-6.599, required 5,
	autolearn=not spam, BAYES_00 -2.60, RCVD_IN_DNSWL_MED -4.00)
X-NOCS-MailScanner-From: sbdservice@sbd.iridium.com
X-Spam-Status: No

SBM Message
--SBD.Boundary.605592468
PROCESS /noc/users/iridburst/exec/irid_300224010734970_upd.pl
Last Run  ----1970-01-01 00:00:00 
MONTH  5 
DATA  xxrecord 2012-05-19 03:00:05 :: $W5M5A,120519,030005,660d0028449ce246,1,DAS 2,4901.6547N,1621.8234W,25.9,0,33.1,14.3,10.4,82.1,7.5,10.4,82.3,7.6,1013.9,3.51,6.43,9.5,7,34*61
 
STATION sbdservice
IRID_ID 300224010734970
BODY --

From sbdservice@sbd.iridium.com Tue May 22 00:01:01 2012
Return-Path: <sbdservice@sbd.iridium.com>
Received: from istbsp01.sbd.iridium.com (outbound.sbd.iridium.com [12.47.179.11])
	by mercury.noc.soton.ac.uk (8.13.1/8.12.11) with ESMTP id q4LN0uMA027761
	for <iridburst@noc.soton.ac.uk>; Tue, 22 May 2012 00:00:56 +0100
Reply-To: <sbdservice@sbd.iridium.com>
From: sbdservice@sbd.iridium.com
To: iridburst@noc.soton.ac.uk
Subject: SBD Msg From Unit: 300224010734970
MIME-Version: 1.0
Content-Type: multipart/mixed;boundary="SBD.Boundary.605592468"
Message-Id: <19740412024625.87976CEB731DEB74@istbsp01.sbd.iridium.com>
Date: Mon, 21 May 2012 23:00:55 +0000 (GMT)
X-NOCS-MailScanner-Information: Please contact the ISP for more information
X-NOCS-MailScanner-ID: q4LN0uMA027761
X-NOCS-MailScanner: Found to be clean
X-NOCS-MailScanner-SpamCheck: not spam (whitelisted),
	SpamAssassin (not cached, score=-6.599, required 5,
	autolearn=not spam, BAYES_00 -2.60, RCVD_IN_DNSWL_MED -4.00)
X-NOCS-MailScanner-From: sbdservice@sbd.iridium.com
X-Spam-Status: No

SBM Message
--SBD.Boundary.605592468
PROCESS /noc/users/iridburst/exec/irid_300224010734970_upd.pl
Last Run  ----1970-01-01 00:00:00 
MONTH  5 
DATA  xxrecord 2012-05-19 03:00:05 :: $W5M5A,120519,030005,660d0028449ce246,1,DAS 2,4901.6547N,1621.8234W,25.9,0,33.1,14.3,10.4,82.1,7.5,10.4,82.3,7.6,1013.9,3.51,6.43,9.5,7,34*61
 
STATION sbdservice
IRID_ID 300224010734970
BODY --

From sbdservice@sbd.iridium.com Tue May 22 01:00:57 2012
Return-Path: <sbdservice@sbd.iridium.com>
Received: from istbsp02.sbd.iridium.com (outbound.sbd.iridium.com [12.47.179.11])
	by mercury.noc.soton.ac.uk (8.13.1/8.12.11) with ESMTP id q4M00qfJ032629
	for <iridburst@noc.soton.ac.uk>; Tue, 22 May 2012 01:00:53 +0100
Reply-To: <sbdservice@sbd.iridium.com>
From: sbdservice@sbd.iridium.com
To: iridburst@noc.soton.ac.uk
Subject: SBD Msg From Unit: 300224010734970
MIME-Version: 1.0
Content-Type: multipart/mixed;boundary="SBD.Boundary.605592468"
Message-Id: <19740412024625.A4444FD873510EF2@istbsp02.sbd.iridium.com>
Date: Tue, 22 May 2012 00:00:52 +0000 (GMT)
X-NOCS-MailScanner-Information: Please contact the ISP for more information
X-NOCS-MailScanner-ID: q4M00qfJ032629
X-NOCS-MailScanner: Found to be clean
X-NOCS-MailScanner-SpamCheck: not spam (whitelisted),
	SpamAssassin (not cached, score=-6.599, required 5,
	autolearn=not spam, BAYES_00 -2.60, RCVD_IN_DNSWL_MED -4.00)
X-NOCS-MailScanner-From: sbdservice@sbd.iridium.com
X-Spam-Status: No

SBM Message
--SBD.Boundary.605592468
PROCESS /noc/users/iridburst/exec/irid_300224010734970_upd.pl
Last Run  ----1970-01-01 00:00:00 
MONTH  5 
DATA  xxrecord 2012-05-19 03:00:05 :: $W5M5A,120519,030005,660d0028449ce246,1,DAS 2,4901.6547N,1621.8234W,25.9,0,33.1,14.3,10.4,82.1,7.5,10.4,82.3,7.6,1013.9,3.51,6.43,9.5,7,34*61
 
STATION sbdservice
IRID_ID 300224010734970
BODY --

From sbdservice@sbd.iridium.com Tue May 22 02:01:26 2012
Return-Path: <sbdservice@sbd.iridium.com>
Received: from istbsp01.sbd.iridium.com (outbound.sbd.iridium.com [12.47.179.11])
	by mercury.noc.soton.ac.uk (8.13.1/8.12.11) with ESMTP id q4M113jB005372
	for <iridburst@noc.soton.ac.uk>; Tue, 22 May 2012 02:01:03 +0100
Reply-To: <sbdservice@sbd.iridium.com>
From: sbdservice@sbd.iridium.com
To: iridburst@noc.soton.ac.uk
Subject: SBD Msg From Unit: 300224010734970
MIME-Version: 1.0
Content-Type: multipart/mixed;boundary="SBD.Boundary.605592468"
Message-Id: <19740412024625.ED747EE9FF0CE7B2@istbsp01.sbd.iridium.com>
Date: Tue, 22 May 2012 01:01:01 +0000 (GMT)
X-NOCS-MailScanner-Information: Please contact the ISP for more information
X-NOCS-MailScanner-ID: q4M113jB005372
X-NOCS-MailScanner: Found to be clean
X-NOCS-MailScanner-SpamCheck: not spam (whitelisted),
	SpamAssassin (not cached, score=-6.599, required 5,
	autolearn=not spam, BAYES_00 -2.60, RCVD_IN_DNSWL_MED -4.00)
X-NOCS-MailScanner-From: sbdservice@sbd.iridium.com
X-Spam-Status: No

SBM Message
--SBD.Boundary.605592468
PROCESS /noc/users/iridburst/exec/irid_300224010734970_upd.pl
Last Run  ----1970-01-01 00:00:00 
MONTH  5 
DATA  xxrecord 2012-05-19 03:00:05 :: $W5M5A,120519,030005,660d0028449ce246,1,DAS 2,4901.6547N,1621.8234W,25.9,0,33.1,14.3,10.4,82.1,7.5,10.4,82.3,7.6,1013.9,3.51,6.43,9.5,7,34*61
 
STATION sbdservice
IRID_ID 300224010734970
BODY --

From sbdservice@sbd.iridium.com Tue May 22 03:01:05 2012
Return-Path: <sbdservice@sbd.iridium.com>
Received: from istbsp01.sbd.iridium.com (outbound.sbd.iridium.com [12.47.179.11])
	by mercury.noc.soton.ac.uk (8.13.1/8.12.11) with ESMTP id q4M20uP7010482
	for <iridburst@noc.soton.ac.uk>; Tue, 22 May 2012 03:00:56 +0100
Reply-To: <sbdservice@sbd.iridium.com>
From: sbdservice@sbd.iridium.com
To: iridburst@noc.soton.ac.uk
Subject: SBD Msg From Unit: 300224010734970
MIME-Version: 1.0
Content-Type: multipart/mixed;boundary="SBD.Boundary.605592468"
Message-Id: <19740412024625.534B6EEBFB2D1E96@istbsp01.sbd.iridium.com>
Date: Tue, 22 May 2012 02:00:54 +0000 (GMT)
X-NOCS-MailScanner-Information: Please contact the ISP for more information
X-NOCS-MailScanner-ID: q4M20uP7010482
X-NOCS-MailScanner: Found to be clean
X-NOCS-MailScanner-SpamCheck: not spam (whitelisted),
	SpamAssassin (not cached, score=-6.599, required 5,
	autolearn=not spam, BAYES_00 -2.60, RCVD_IN_DNSWL_MED -4.00)
X-NOCS-MailScanner-From: sbdservice@sbd.iridium.com
X-Spam-Status: No

SBM Message
--SBD.Boundary.605592468
PROCESS /noc/users/iridburst/exec/irid_300224010734970_upd.pl
Last Run  ----1970-01-01 00:00:00 
MONTH  5 
DATA  xxrecord 2012-05-19 03:00:05 :: $W5M5A,120519,030005,660d0028449ce246,1,DAS 2,4901.6547N,1621.8234W,25.9,0,33.1,14.3,10.4,82.1,7.5,10.4,82.3,7.6,1013.9,3.51,6.43,9.5,7,34*61
 
STATION sbdservice
IRID_ID 300224010734970
BODY --

From sbdservice@sbd.iridium.com Tue May 22 04:01:01 2012
Return-Path: <sbdservice@sbd.iridium.com>
Received: from istbsp02.sbd.iridium.com (outbound.sbd.iridium.com [12.47.179.11])
	by mercury.noc.soton.ac.uk (8.13.1/8.12.11) with ESMTP id q4M30t0n015317
	for <iridburst@noc.soton.ac.uk>; Tue, 22 May 2012 04:00:55 +0100
Reply-To: <sbdservice@sbd.iridium.com>
From: sbdservice@sbd.iridium.com
To: iridburst@noc.soton.ac.uk
Subject: SBD Msg From Unit: 300224010734970
MIME-Version: 1.0
Content-Type: multipart/mixed;boundary="SBD.Boundary.605592468"
Message-Id: <19740412024625.1E914FD8F37097D1@istbsp02.sbd.iridium.com>
Date: Tue, 22 May 2012 03:00:54 +0000 (GMT)
X-NOCS-MailScanner-Information: Please contact the ISP for more information
X-NOCS-MailScanner-ID: q4M30t0n015317
X-NOCS-MailScanner: Found to be clean
X-NOCS-MailScanner-SpamCheck: not spam (whitelisted),
	SpamAssassin (not cached, score=-6.599, required 5,
	autolearn=not spam, BAYES_00 -2.60, RCVD_IN_DNSWL_MED -4.00)
X-NOCS-MailScanner-From: sbdservice@sbd.iridium.com
X-Spam-Status: No

SBM Message
--SBD.Boundary.605592468
PROCESS /noc/users/iridburst/exec/irid_300224010734970_upd.pl
Last Run  ----1970-01-01 00:00:00 
MONTH  5 
DATA  xxrecord 2012-05-19 03:00:05 :: $W5M5A,120519,030005,660d0028449ce246,1,DAS 2,4901.6547N,1621.8234W,25.9,0,33.1,14.3,10.4,82.1,7.5,10.4,82.3,7.6,1013.9,3.51,6.43,9.5,7,34*61
 
STATION sbdservice
IRID_ID 300224010734970
BODY --

From sbdservice@sbd.iridium.com Tue May 22 05:00:57 2012
Return-Path: <sbdservice@sbd.iridium.com>
Received: from istbsp02.sbd.iridium.com (outbound.sbd.iridium.com [12.47.179.11])
	by mercury.noc.soton.ac.uk (8.13.1/8.12.11) with ESMTP id q4M40rOb020987
	for <iridburst@noc.soton.ac.uk>; Tue, 22 May 2012 05:00:53 +0100
Reply-To: <sbdservice@sbd.iridium.com>
From: sbdservice@sbd.iridium.com
To: iridburst@noc.soton.ac.uk
Subject: SBD Msg From Unit: 300224010734970
MIME-Version: 1.0
Content-Type: multipart/mixed;boundary="SBD.Boundary.605592468"
Message-Id: <19740412024625.E8D66EF8BF618BF4@istbsp02.sbd.iridium.com>
Date: Tue, 22 May 2012 04:00:52 +0000 (GMT)
X-NOCS-MailScanner-Information: Please contact the ISP for more information
X-NOCS-MailScanner-ID: q4M40rOb020987
X-NOCS-MailScanner: Found to be clean
X-NOCS-MailScanner-SpamCheck: not spam (whitelisted),
	SpamAssassin (not cached, score=-6.599, required 5,
	autolearn=not spam, BAYES_00 -2.60, RCVD_IN_DNSWL_MED -4.00)
X-NOCS-MailScanner-From: sbdservice@sbd.iridium.com
X-Spam-Status: No

SBM Message
--SBD.Boundary.605592468
PROCESS /noc/users/iridburst/exec/irid_300224010734970_upd.pl
Last Run  ----1970-01-01 00:00:00 
MONTH  5 
DATA  xxrecord 2012-05-19 03:00:05 :: $W5M5A,120519,030005,660d0028449ce246,1,DAS 2,4901.6547N,1621.8234W,25.9,0,33.1,14.3,10.4,82.1,7.5,10.4,82.3,7.6,1013.9,3.51,6.43,9.5,7,34*61
 
STATION sbdservice
IRID_ID 300224010734970
BODY --

From sbdservice@sbd.iridium.com Tue May 22 06:00:53 2012
Return-Path: <sbdservice@sbd.iridium.com>
Received: from istbsp02.sbd.iridium.com (outbound.sbd.iridium.com [12.47.179.11])
	by mercury.noc.soton.ac.uk (8.13.1/8.12.11) with ESMTP id q4M50mtT026193
	for <iridburst@noc.soton.ac.uk>; Tue, 22 May 2012 06:00:49 +0100
Reply-To: <sbdservice@sbd.iridium.com>
From: sbdservice@sbd.iridium.com
To: iridburst@noc.soton.ac.uk
Subject: SBD Msg From Unit: 300224010734970
MIME-Version: 1.0
Content-Type: multipart/mixed;boundary="SBD.Boundary.605592468"
Message-Id: <19740412024625.D5265CDB7351EE95@istbsp02.sbd.iridium.com>
Date: Tue, 22 May 2012 05:00:48 +0000 (GMT)
X-NOCS-MailScanner-Information: Please contact the ISP for more information
X-NOCS-MailScanner-ID: q4M50mtT026193
X-NOCS-MailScanner: Found to be clean
X-NOCS-MailScanner-SpamCheck: not spam (whitelisted),
	SpamAssassin (not cached, score=-6.599, required 5,
	autolearn=not spam, BAYES_00 -2.60, RCVD_IN_DNSWL_MED -4.00)
X-NOCS-MailScanner-From: sbdservice@sbd.iridium.com
X-Spam-Status: No

SBM Message
--SBD.Boundary.605592468
PROCESS /noc/users/iridburst/exec/irid_300224010734970_upd.pl
Last Run  ----1970-01-01 00:00:00 
MONTH  5 
DATA  xxrecord 2012-05-19 03:00:05 :: $W5M5A,120519,030005,660d0028449ce246,1,DAS 2,4901.6547N,1621.8234W,25.9,0,33.1,14.3,10.4,82.1,7.5,10.4,82.3,7.6,1013.9,3.51,6.43,9.5,7,34*61
 
STATION sbdservice
IRID_ID 300224010734970
BODY --

From sbdservice@sbd.iridium.com Tue May 22 07:00:56 2012
Return-Path: <sbdservice@sbd.iridium.com>
Received: from istbsp02.sbd.iridium.com (outbound.sbd.iridium.com [12.47.179.11])
	by mercury.noc.soton.ac.uk (8.13.1/8.12.11) with ESMTP id q4M60nlk001509
	for <iridburst@noc.soton.ac.uk>; Tue, 22 May 2012 07:00:50 +0100
Reply-To: <sbdservice@sbd.iridium.com>
From: sbdservice@sbd.iridium.com
To: iridburst@noc.soton.ac.uk
Subject: SBD Msg From Unit: 300224010734970
MIME-Version: 1.0
Content-Type: multipart/mixed;boundary="SBD.Boundary.605592468"
Message-Id: <19740412024625.79BE5DE87372C3C6@istbsp02.sbd.iridium.com>
Date: Tue, 22 May 2012 06:00:49 +0000 (GMT)
X-NOCS-MailScanner-Information: Please contact the ISP for more information
X-NOCS-MailScanner-ID: q4M60nlk001509
X-NOCS-MailScanner: Found to be clean
X-NOCS-MailScanner-SpamCheck: not spam (whitelisted),
	SpamAssassin (not cached, score=-6.599, required 5,
	autolearn=not spam, BAYES_00 -2.60, RCVD_IN_DNSWL_MED -4.00)
X-NOCS-MailScanner-From: sbdservice@sbd.iridium.com
X-Spam-Status: No

SBM Message
--SBD.Boundary.605592468
PROCESS /noc/users/iridburst/exec/irid_300224010734970_upd.pl
Last Run  ----1970-01-01 00:00:00 
MONTH  5 
DATA  xxrecord 2012-05-19 03:00:05 :: $W5M5A,120519,030005,660d0028449ce246,1,DAS 2,4901.6547N,1621.8234W,25.9,0,33.1,14.3,10.4,82.1,7.5,10.4,82.3,7.6,1013.9,3.51,6.43,9.5,7,34*61
 
STATION sbdservice
IRID_ID 300224010734970
BODY --

From sbdservice@sbd.iridium.com Tue May 22 08:01:07 2012
Return-Path: <sbdservice@sbd.iridium.com>
Received: from istbsp02.sbd.iridium.com (outbound.sbd.iridium.com [12.47.179.11])
	by mercury.noc.soton.ac.uk (8.13.1/8.12.11) with ESMTP id q4M70t29007810
	for <iridburst@noc.soton.ac.uk>; Tue, 22 May 2012 08:00:56 +0100
Reply-To: <sbdservice@sbd.iridium.com>
From: sbdservice@sbd.iridium.com
To: iridburst@noc.soton.ac.uk
Subject: SBD Msg From Unit: 300224010734970
MIME-Version: 1.0
Content-Type: multipart/mixed;boundary="SBD.Boundary.605592468"
Message-Id: <19740412024625.576B4CCB77533A5F@istbsp02.sbd.iridium.com>
Date: Tue, 22 May 2012 07:00:55 +0000 (GMT)
X-NOCS-MailScanner-Information: Please contact the ISP for more information
X-NOCS-MailScanner-ID: q4M70t29007810
X-NOCS-MailScanner: Found to be clean
X-NOCS-MailScanner-SpamCheck: not spam (whitelisted),
	SpamAssassin (not cached, score=-6.599, required 5,
	autolearn=not spam, BAYES_00 -2.60, RCVD_IN_DNSWL_MED -4.00)
X-NOCS-MailScanner-From: sbdservice@sbd.iridium.com
X-Spam-Status: No

SBM Message
--SBD.Boundary.605592468
PROCESS /noc/users/iridburst/exec/irid_300224010734970_upd.pl
Last Run  ----1970-01-01 00:00:00 
MONTH  5 
DATA  xxrecord 2012-05-19 03:00:05 :: $W5M5A,120519,030005,660d0028449ce246,1,DAS 2,4901.6547N,1621.8234W,25.9,0,33.1,14.3,10.4,82.1,7.5,10.4,82.3,7.6,1013.9,3.51,6.43,9.5,7,34*61
 
STATION sbdservice
IRID_ID 300224010734970
BODY --

From sbdservice@sbd.iridium.com Tue May 22 09:00:58 2012
Return-Path: <sbdservice@sbd.iridium.com>
Received: from istbsp01.sbd.iridium.com (outbound.sbd.iridium.com [12.47.179.11])
	by mercury.noc.soton.ac.uk (8.13.1/8.12.11) with ESMTP id q4M80pJO021188
	for <iridburst@noc.soton.ac.uk>; Tue, 22 May 2012 09:00:51 +0100
Reply-To: <sbdservice@sbd.iridium.com>
From: sbdservice@sbd.iridium.com
To: iridburst@noc.soton.ac.uk
Subject: SBD Msg From Unit: 300224010734970
MIME-Version: 1.0
Content-Type: multipart/mixed;boundary="SBD.Boundary.605592468"
Message-Id: <19740412024625.5DB37FF9F32E50F6@istbsp01.sbd.iridium.com>
Date: Tue, 22 May 2012 08:00:50 +0000 (GMT)
X-NOCS-MailScanner-Information: Please contact the ISP for more information
X-NOCS-MailScanner-ID: q4M80pJO021188
X-NOCS-MailScanner: Found to be clean
X-NOCS-MailScanner-SpamCheck: not spam (whitelisted),
	SpamAssassin (not cached, score=-6.599, required 5,
	autolearn=not spam, BAYES_00 -2.60, RCVD_IN_DNSWL_MED -4.00)
X-NOCS-MailScanner-From: sbdservice@sbd.iridium.com
X-Spam-Status: No

SBM Message
--SBD.Boundary.605592468
PROCESS /noc/users/iridburst/exec/irid_300224010734970_upd.pl
Last Run  ----1970-01-01 00:00:00 
MONTH  5 
DATA  xxrecord 2012-05-19 03:00:05 :: $W5M5A,120519,030005,660d0028449ce246,1,DAS 2,4901.6547N,1621.8234W,25.9,0,33.1,14.3,10.4,82.1,7.5,10.4,82.3,7.6,1013.9,3.51,6.43,9.5,7,34*61
 
STATION sbdservice
IRID_ID 300224010734970
BODY --

From sbdservice@sbd.iridium.com Tue May 22 10:00:54 2012
Return-Path: <sbdservice@sbd.iridium.com>
Received: from istbsp02.sbd.iridium.com (outbound.sbd.iridium.com [12.47.179.11])
	by mercury.noc.soton.ac.uk (8.13.1/8.12.11) with ESMTP id q4M90nEU030927
	for <iridburst@noc.soton.ac.uk>; Tue, 22 May 2012 10:00:49 +0100
Reply-To: <sbdservice@sbd.iridium.com>
From: sbdservice@sbd.iridium.com
To: iridburst@noc.soton.ac.uk
Subject: SBD Msg From Unit: 300224010734970
MIME-Version: 1.0
Content-Type: multipart/mixed;boundary="SBD.Boundary.605592468"
Message-Id: <19740412024625.52575FC9BB723A9A@istbsp02.sbd.iridium.com>
Date: Tue, 22 May 2012 09:00:48 +0000 (GMT)
X-NOCS-MailScanner-Information: Please contact the ISP for more information
X-NOCS-MailScanner-ID: q4M90nEU030927
X-NOCS-MailScanner: Found to be clean
X-NOCS-MailScanner-SpamCheck: not spam (whitelisted),
	SpamAssassin (not cached, score=-6.599, required 5,
	autolearn=not spam, BAYES_00 -2.60, RCVD_IN_DNSWL_MED -4.00)
X-NOCS-MailScanner-From: sbdservice@sbd.iridium.com
X-Spam-Status: No

SBM Message
--SBD.Boundary.605592468
PROCESS /noc/users/iridburst/exec/irid_300224010734970_upd.pl
Last Run  ----1970-01-01 00:00:00 
MONTH  5 
DATA  xxrecord 2012-05-19 03:00:05 :: $W5M5A,120519,030005,660d0028449ce246,1,DAS 2,4901.6547N,1621.8234W,25.9,0,33.1,14.3,10.4,82.1,7.5,10.4,82.3,7.6,1013.9,3.51,6.43,9.5,7,34*61
 
STATION sbdservice
IRID_ID 300224010734970
BODY --

From sbdservice@sbd.iridium.com Tue May 22 11:00:51 2012
Return-Path: <sbdservice@sbd.iridium.com>
Received: from istbsp01.sbd.iridium.com (outbound.sbd.iridium.com [12.47.179.11])
	by mercury.noc.soton.ac.uk (8.13.1/8.12.11) with ESMTP id q4MA0ltq008837
	for <iridburst@noc.soton.ac.uk>; Tue, 22 May 2012 11:00:48 +0100
Reply-To: <sbdservice@sbd.iridium.com>
From: sbdservice@sbd.iridium.com
To: iridburst@noc.soton.ac.uk
Subject: SBD Msg From Unit: 300224010734970
MIME-Version: 1.0
Content-Type: multipart/mixed;boundary="SBD.Boundary.605592468"
Message-Id: <19740412024625.541B4FD9732FEECC@istbsp01.sbd.iridium.com>
Date: Tue, 22 May 2012 10:00:47 +0000 (GMT)
X-NOCS-MailScanner-Information: Please contact the ISP for more information
X-NOCS-MailScanner-ID: q4MA0ltq008837
X-NOCS-MailScanner: Found to be clean
X-NOCS-MailScanner-SpamCheck: not spam (whitelisted),
	SpamAssassin (not cached, score=-6.599, required 5,
	autolearn=not spam, BAYES_00 -2.60, RCVD_IN_DNSWL_MED -4.00)
X-NOCS-MailScanner-From: sbdservice@sbd.iridium.com
X-Spam-Status: No

SBM Message
--SBD.Boundary.605592468
PROCESS /noc/users/iridburst/exec/irid_300224010734970_upd.pl
Last Run  ----1970-01-01 00:00:00 
MONTH  5 
DATA  xxrecord 2012-05-19 03:00:05 :: $W5M5A,120519,030005,660d0028449ce246,1,DAS 2,4901.6547N,1621.8234W,25.9,0,33.1,14.3,10.4,82.1,7.5,10.4,82.3,7.6,1013.9,3.51,6.43,9.5,7,34*61
 
STATION sbdservice
IRID_ID 300224010734970
BODY --

From sbdservice@sbd.iridium.com Tue May 22 12:01:02 2012
Return-Path: <sbdservice@sbd.iridium.com>
Received: from istbsp02.sbd.iridium.com (outbound.sbd.iridium.com [12.47.179.11])
	by mercury.noc.soton.ac.uk (8.13.1/8.12.11) with ESMTP id q4MB0vjm019625
	for <iridburst@noc.soton.ac.uk>; Tue, 22 May 2012 12:00:58 +0100
Reply-To: <sbdservice@sbd.iridium.com>
From: sbdservice@sbd.iridium.com
To: iridburst@noc.soton.ac.uk
Subject: SBD Msg From Unit: 300224010734970
MIME-Version: 1.0
Content-Type: multipart/mixed;boundary="SBD.Boundary.605592468"
Message-Id: <19740412024625.E5C17FC8BF60732A@istbsp02.sbd.iridium.com>
Date: Tue, 22 May 2012 11:00:57 +0000 (GMT)
X-NOCS-MailScanner-Information: Please contact the ISP for more information
X-NOCS-MailScanner-ID: q4MB0vjm019625
X-NOCS-MailScanner: Found to be clean
X-NOCS-MailScanner-SpamCheck: not spam (whitelisted),
	SpamAssassin (not cached, score=-6.599, required 5,
	autolearn=not spam, BAYES_00 -2.60, RCVD_IN_DNSWL_MED -4.00)
X-NOCS-MailScanner-From: sbdservice@sbd.iridium.com
X-Spam-Status: No

SBM Message
--SBD.Boundary.605592468
PROCESS /noc/users/iridburst/exec/irid_300224010734970_upd.pl
Last Run  ----1970-01-01 00:00:00 
MONTH  5 
DATA  xxrecord 2012-05-19 03:00:05 :: $W5M5A,120519,030005,660d0028449ce246,1,DAS 2,4901.6547N,1621.8234W,25.9,0,33.1,14.3,10.4,82.1,7.5,10.4,82.3,7.6,1013.9,3.51,6.43,9.5,7,34*61
 
STATION sbdservice
IRID_ID 300224010734970
BODY --

From sbdservice@sbd.iridium.com Tue May 22 13:00:56 2012
Return-Path: <sbdservice@sbd.iridium.com>
Received: from istbsp02.sbd.iridium.com (outbound.sbd.iridium.com [12.47.179.11])
	by mercury.noc.soton.ac.uk (8.13.1/8.12.11) with ESMTP id q4MC0q8b029172
	for <iridburst@noc.soton.ac.uk>; Tue, 22 May 2012 13:00:52 +0100
Reply-To: <sbdservice@sbd.iridium.com>
From: sbdservice@sbd.iridium.com
To: iridburst@noc.soton.ac.uk
Subject: SBD Msg From Unit: 300224010734970
MIME-Version: 1.0
Content-Type: multipart/mixed;boundary="SBD.Boundary.605592468"
Message-Id: <19740412024625.A4407CDBBF623129@istbsp02.sbd.iridium.com>
Date: Tue, 22 May 2012 12:00:51 +0000 (GMT)
X-NOCS-MailScanner-Information: Please contact the ISP for more information
X-NOCS-MailScanner-ID: q4MC0q8b029172
X-NOCS-MailScanner: Found to be clean
X-NOCS-MailScanner-SpamCheck: not spam (whitelisted),
	SpamAssassin (not cached, score=-6.599, required 5,
	autolearn=not spam, BAYES_00 -2.60, RCVD_IN_DNSWL_MED -4.00)
X-NOCS-MailScanner-From: sbdservice@sbd.iridium.com
X-Spam-Status: No

SBM Message
--SBD.Boundary.605592468
PROCESS /noc/users/iridburst/exec/irid_300224010734970_upd.pl
Last Run  ----1970-01-01 00:00:00 
MONTH  5 
DATA  xxrecord 2012-05-19 03:00:05 :: $W5M5A,120519,030005,660d0028449ce246,1,DAS 2,4901.6547N,1621.8234W,25.9,0,33.1,14.3,10.4,82.1,7.5,10.4,82.3,7.6,1013.9,3.51,6.43,9.5,7,34*61
 
STATION sbdservice
IRID_ID 300224010734970
BODY --

From sbdservice@sbd.iridium.com Tue May 22 14:00:59 2012
Return-Path: <sbdservice@sbd.iridium.com>
Received: from istbsp02.sbd.iridium.com (outbound.sbd.iridium.com [12.47.179.11])
	by mercury.noc.soton.ac.uk (8.13.1/8.12.11) with ESMTP id q4MD0tCr006243
	for <iridburst@noc.soton.ac.uk>; Tue, 22 May 2012 14:00:55 +0100
Reply-To: <sbdservice@sbd.iridium.com>
From: sbdservice@sbd.iridium.com
To: iridburst@noc.soton.ac.uk
Subject: SBD Msg From Unit: 300224010734970
MIME-Version: 1.0
Content-Type: multipart/mixed;boundary="SBD.Boundary.605592468"
Message-Id: <19740412024625.5ED34DFAF36221D9@istbsp02.sbd.iridium.com>
Date: Tue, 22 May 2012 13:00:53 +0000 (GMT)
X-NOCS-MailScanner-Information: Please contact the ISP for more information
X-NOCS-MailScanner-ID: q4MD0tCr006243
X-NOCS-MailScanner: Found to be clean
X-NOCS-MailScanner-SpamCheck: not spam (whitelisted),
	SpamAssassin (not cached, score=-6.599, required 5,
	autolearn=not spam, BAYES_00 -2.60, RCVD_IN_DNSWL_MED -4.00)
X-NOCS-MailScanner-From: sbdservice@sbd.iridium.com
X-Spam-Status: No

SBM Message
--SBD.Boundary.605592468
PROCESS /noc/users/iridburst/exec/irid_300224010734970_upd.pl
Last Run  ----1970-01-01 00:00:00 
MONTH  5 
DATA  xxrecord 2012-05-19 03:00:05 :: $W5M5A,120519,030005,660d0028449ce246,1,DAS 2,4901.6547N,1621.8234W,25.9,0,33.1,14.3,10.4,82.1,7.5,10.4,82.3,7.6,1013.9,3.51,6.43,9.5,7,34*61
 
STATION sbdservice
IRID_ID 300224010734970
BODY --

From sbdservice@sbd.iridium.com Tue May 22 15:01:06 2012
Return-Path: <sbdservice@sbd.iridium.com>
Received: from istbsp01.sbd.iridium.com (outbound.sbd.iridium.com [12.47.179.11])
	by mercury.noc.soton.ac.uk (8.13.1/8.12.11) with ESMTP id q4ME12vE016758
	for <iridburst@noc.soton.ac.uk>; Tue, 22 May 2012 15:01:02 +0100
Reply-To: <sbdservice@sbd.iridium.com>
From: sbdservice@sbd.iridium.com
To: iridburst@noc.soton.ac.uk
Subject: SBD Msg From Unit: 300224010734970
MIME-Version: 1.0
Content-Type: multipart/mixed;boundary="SBD.Boundary.605592468"
Message-Id: <19740412024625.E5D27EDBFB2F07ED@istbsp01.sbd.iridium.com>
Date: Tue, 22 May 2012 14:01:01 +0000 (GMT)
X-NOCS-MailScanner-Information: Please contact the ISP for more information
X-NOCS-MailScanner-ID: q4ME12vE016758
X-NOCS-MailScanner: Found to be clean
X-NOCS-MailScanner-SpamCheck: not spam (whitelisted),
	SpamAssassin (not cached, score=-6.599, required 5,
	autolearn=not spam, BAYES_00 -2.60, RCVD_IN_DNSWL_MED -4.00)
X-NOCS-MailScanner-From: sbdservice@sbd.iridium.com
X-Spam-Status: No

SBM Message
--SBD.Boundary.605592468
PROCESS /noc/users/iridburst/exec/irid_300224010734970_upd.pl
Last Run  ----1970-01-01 00:00:00 
MONTH  5 
DATA  xxrecord 2012-05-19 03:00:05 :: $W5M5A,120519,030005,660d0028449ce246,1,DAS 2,4901.6547N,1621.8234W,25.9,0,33.1,14.3,10.4,82.1,7.5,10.4,82.3,7.6,1013.9,3.51,6.43,9.5,7,34*61
 
STATION sbdservice
IRID_ID 300224010734970
BODY --

From sbdservice@sbd.iridium.com Tue May 22 16:00:55 2012
Return-Path: <sbdservice@sbd.iridium.com>
Received: from istbsp02.sbd.iridium.com (outbound.sbd.iridium.com [12.47.179.11])
	by mercury.noc.soton.ac.uk (8.13.1/8.12.11) with ESMTP id q4MF0o1N026778
	for <iridburst@noc.soton.ac.uk>; Tue, 22 May 2012 16:00:51 +0100
Reply-To: <sbdservice@sbd.iridium.com>
From: sbdservice@sbd.iridium.com
To: iridburst@noc.soton.ac.uk
Subject: SBD Msg From Unit: 300224010734970
MIME-Version: 1.0
Content-Type: multipart/mixed;boundary="SBD.Boundary.605592468"
Message-Id: <19740412024625.BF054CF9F3637296@istbsp02.sbd.iridium.com>
Date: Tue, 22 May 2012 15:00:49 +0000 (GMT)
X-NOCS-MailScanner-Information: Please contact the ISP for more information
X-NOCS-MailScanner-ID: q4MF0o1N026778
X-NOCS-MailScanner: Found to be clean
X-NOCS-MailScanner-SpamCheck: not spam (whitelisted),
	SpamAssassin (not cached, score=-6.599, required 5,
	autolearn=not spam, BAYES_00 -2.60, RCVD_IN_DNSWL_MED -4.00)
X-NOCS-MailScanner-From: sbdservice@sbd.iridium.com
X-Spam-Status: No

SBM Message
--SBD.Boundary.605592468
PROCESS /noc/users/iridburst/exec/irid_300224010734970_upd.pl
Last Run  ----1970-01-01 00:00:00 
MONTH  5 
DATA  xxrecord 2012-05-19 03:00:05 :: $W5M5A,120519,030005,660d0028449ce246,1,DAS 2,4901.6547N,1621.8234W,25.9,0,33.1,14.3,10.4,82.1,7.5,10.4,82.3,7.6,1013.9,3.51,6.43,9.5,7,34*61
 
STATION sbdservice
IRID_ID 300224010734970
BODY --

From sbdservice@sbd.iridium.com Tue May 22 17:01:01 2012
Return-Path: <sbdservice@sbd.iridium.com>
Received: from istbsp01.sbd.iridium.com (outbound.sbd.iridium.com [12.47.179.11])
	by mercury.noc.soton.ac.uk (8.13.1/8.12.11) with ESMTP id q4MG0u1j004571
	for <iridburst@noc.soton.ac.uk>; Tue, 22 May 2012 17:00:56 +0100
Reply-To: <sbdservice@sbd.iridium.com>
From: sbdservice@sbd.iridium.com
To: iridburst@noc.soton.ac.uk
Subject: SBD Msg From Unit: 300224010734970
MIME-Version: 1.0
Content-Type: multipart/mixed;boundary="SBD.Boundary.605592468"
Message-Id: <19740412024625.563A6EC9B72D5933@istbsp01.sbd.iridium.com>
Date: Tue, 22 May 2012 16:00:55 +0000 (GMT)
X-NOCS-MailScanner-Information: Please contact the ISP for more information
X-NOCS-MailScanner-ID: q4MG0u1j004571
X-NOCS-MailScanner: Found to be clean
X-NOCS-MailScanner-SpamCheck: not spam (whitelisted),
	SpamAssassin (not cached, score=-6.599, required 5,
	autolearn=not spam, BAYES_00 -2.60, RCVD_IN_DNSWL_MED -4.00)
X-NOCS-MailScanner-From: sbdservice@sbd.iridium.com
X-Spam-Status: No

SBM Message
--SBD.Boundary.605592468
PROCESS /noc/users/iridburst/exec/irid_300224010734970_upd.pl
Last Run  ----1970-01-01 00:00:00 
MONTH  5 
DATA  xxrecord 2012-05-19 03:00:05 :: $W5M5A,120519,030005,660d0028449ce246,1,DAS 2,4901.6547N,1621.8234W,25.9,0,33.1,14.3,10.4,82.1,7.5,10.4,82.3,7.6,1013.9,3.51,6.43,9.5,7,34*61
 
STATION sbdservice
IRID_ID 300224010734970
BODY --

From sbdservice@sbd.iridium.com Tue May 22 18:00:55 2012
Return-Path: <sbdservice@sbd.iridium.com>
Received: from istbsp02.sbd.iridium.com (outbound.sbd.iridium.com [12.47.179.11])
	by mercury.noc.soton.ac.uk (8.13.1/8.12.11) with ESMTP id q4MH0nx9015538
	for <iridburst@noc.soton.ac.uk>; Tue, 22 May 2012 18:00:50 +0100
Reply-To: <sbdservice@sbd.iridium.com>
From: sbdservice@sbd.iridium.com
To: iridburst@noc.soton.ac.uk
Subject: SBD Msg From Unit: 300224010734970
MIME-Version: 1.0
Content-Type: multipart/mixed;boundary="SBD.Boundary.605592468"
Message-Id: <19740412024625.01A64CEBFF42ED14@istbsp02.sbd.iridium.com>
Date: Tue, 22 May 2012 17:00:49 +0000 (GMT)
X-NOCS-MailScanner-Information: Please contact the ISP for more information
X-NOCS-MailScanner-ID: q4MH0nx9015538
X-NOCS-MailScanner: Found to be clean
X-NOCS-MailScanner-SpamCheck: not spam (whitelisted),
	SpamAssassin (not cached, score=-6.599, required 5,
	autolearn=not spam, BAYES_00 -2.60, RCVD_IN_DNSWL_MED -4.00)
X-NOCS-MailScanner-From: sbdservice@sbd.iridium.com
X-Spam-Status: No

SBM Message
--SBD.Boundary.605592468
PROCESS /noc/users/iridburst/exec/irid_300224010734970_upd.pl
Last Run  ----1970-01-01 00:00:00 
MONTH  5 
DATA  xxrecord 2012-05-19 03:00:05 :: $W5M5A,120519,030005,660d0028449ce246,1,DAS 2,4901.6547N,1621.8234W,25.9,0,33.1,14.3,10.4,82.1,7.5,10.4,82.3,7.6,1013.9,3.51,6.43,9.5,7,34*61
 
STATION sbdservice
IRID_ID 300224010734970
BODY --

From sbdservice@sbd.iridium.com Tue May 22 19:00:58 2012
Return-Path: <sbdservice@sbd.iridium.com>
Received: from istbsp01.sbd.iridium.com (outbound.sbd.iridium.com [12.47.179.11])
	by mercury.noc.soton.ac.uk (8.13.1/8.12.11) with ESMTP id q4MI0rUq025309
	for <iridburst@noc.soton.ac.uk>; Tue, 22 May 2012 19:00:54 +0100
Reply-To: <sbdservice@sbd.iridium.com>
From: sbdservice@sbd.iridium.com
To: iridburst@noc.soton.ac.uk
Subject: SBD Msg From Unit: 300224010734970
MIME-Version: 1.0
Content-Type: multipart/mixed;boundary="SBD.Boundary.605592468"
Message-Id: <19740412024625.293F6CCB3B3DC0E5@istbsp01.sbd.iridium.com>
Date: Tue, 22 May 2012 18:00:52 +0000 (GMT)
X-NOCS-MailScanner-Information: Please contact the ISP for more information
X-NOCS-MailScanner-ID: q4MI0rUq025309
X-NOCS-MailScanner: Found to be clean
X-NOCS-MailScanner-SpamCheck: not spam (whitelisted),
	SpamAssassin (not cached, score=-6.599, required 5,
	autolearn=not spam, BAYES_00 -2.60, RCVD_IN_DNSWL_MED -4.00)
X-NOCS-MailScanner-From: sbdservice@sbd.iridium.com
X-Spam-Status: No

SBM Message
--SBD.Boundary.605592468
PROCESS /noc/users/iridburst/exec/irid_300224010734970_upd.pl
Last Run  ----1970-01-01 00:00:00 
MONTH  5 
DATA  xxrecord 2012-05-19 03:00:05 :: $W5M5A,120519,030005,660d0028449ce246,1,DAS 2,4901.6547N,1621.8234W,25.9,0,33.1,14.3,10.4,82.1,7.5,10.4,82.3,7.6,1013.9,3.51,6.43,9.5,7,34*61
 
STATION sbdservice
IRID_ID 300224010734970
BODY --

From sbdservice@sbd.iridium.com Tue May 22 20:00:56 2012
Return-Path: <sbdservice@sbd.iridium.com>
Received: from istbsp02.sbd.iridium.com (outbound.sbd.iridium.com [12.47.179.11])
	by mercury.noc.soton.ac.uk (8.13.1/8.12.11) with ESMTP id q4MJ0rLI000302
	for <iridburst@noc.soton.ac.uk>; Tue, 22 May 2012 20:00:53 +0100
Reply-To: <sbdservice@sbd.iridium.com>
From: sbdservice@sbd.iridium.com
To: iridburst@noc.soton.ac.uk
Subject: SBD Msg From Unit: 300224010734970
MIME-Version: 1.0
Content-Type: multipart/mixed;boundary="SBD.Boundary.605592468"
Message-Id: <19740412024625.07C87EEB3771632C@istbsp02.sbd.iridium.com>
Date: Tue, 22 May 2012 19:00:52 +0000 (GMT)
X-NOCS-MailScanner-Information: Please contact the ISP for more information
X-NOCS-MailScanner-ID: q4MJ0rLI000302
X-NOCS-MailScanner: Found to be clean
X-NOCS-MailScanner-SpamCheck: not spam (whitelisted),
	SpamAssassin (not cached, score=-6.599, required 5,
	autolearn=not spam, BAYES_00 -2.60, RCVD_IN_DNSWL_MED -4.00)
X-NOCS-MailScanner-From: sbdservice@sbd.iridium.com
X-Spam-Status: No

SBM Message
--SBD.Boundary.605592468
PROCESS /noc/users/iridburst/exec/irid_300224010734970_upd.pl
Last Run  ----1970-01-01 00:00:00 
MONTH  5 
DATA  xxrecord 2012-05-19 03:00:05 :: $W5M5A,120519,030005,660d0028449ce246,1,DAS 2,4901.6547N,1621.8234W,25.9,0,33.1,14.3,10.4,82.1,7.5,10.4,82.3,7.6,1013.9,3.51,6.43,9.5,7,34*61
 
STATION sbdservice
IRID_ID 300224010734970
BODY --

From sbdservice@sbd.iridium.com Tue May 22 21:01:00 2012
Return-Path: <sbdservice@sbd.iridium.com>
Received: from istbsp02.sbd.iridium.com (outbound.sbd.iridium.com [12.47.179.11])
	by mercury.noc.soton.ac.uk (8.13.1/8.12.11) with ESMTP id q4MK0si5007420
	for <iridburst@noc.soton.ac.uk>; Tue, 22 May 2012 21:00:55 +0100
Reply-To: <sbdservice@sbd.iridium.com>
From: sbdservice@sbd.iridium.com
To: iridburst@noc.soton.ac.uk
Subject: SBD Msg From Unit: 300224010734970
MIME-Version: 1.0
Content-Type: multipart/mixed;boundary="SBD.Boundary.605592468"
Message-Id: <19740412024625.78284DEB3F63B3DA@istbsp02.sbd.iridium.com>
Date: Tue, 22 May 2012 20:00:54 +0000 (GMT)
X-NOCS-MailScanner-Information: Please contact the ISP for more information
X-NOCS-MailScanner-ID: q4MK0si5007420
X-NOCS-MailScanner: Found to be clean
X-NOCS-MailScanner-SpamCheck: not spam (whitelisted),
	SpamAssassin (not cached, score=-6.599, required 5,
	autolearn=not spam, BAYES_00 -2.60, RCVD_IN_DNSWL_MED -4.00)
X-NOCS-MailScanner-From: sbdservice@sbd.iridium.com
X-Spam-Status: No

SBM Message
--SBD.Boundary.605592468
PROCESS /noc/users/iridburst/exec/irid_300224010734970_upd.pl
Last Run  ----1970-01-01 00:00:00 
MONTH  5 
DATA  xxrecord 2012-05-19 03:00:05 :: $W5M5A,120519,030005,660d0028449ce246,1,DAS 2,4901.6547N,1621.8234W,25.9,0,33.1,14.3,10.4,82.1,7.5,10.4,82.3,7.6,1013.9,3.51,6.43,9.5,7,34*61
 
STATION sbdservice
IRID_ID 300224010734970
BODY --

From sbdservice@sbd.iridium.com Tue May 22 22:00:59 2012
Return-Path: <sbdservice@sbd.iridium.com>
Received: from istbsp01.sbd.iridium.com (outbound.sbd.iridium.com [12.47.179.11])
	by mercury.noc.soton.ac.uk (8.13.1/8.12.11) with ESMTP id q4ML0nG1012899
	for <iridburst@noc.soton.ac.uk>; Tue, 22 May 2012 22:00:50 +0100
Reply-To: <sbdservice@sbd.iridium.com>
From: sbdservice@sbd.iridium.com
To: iridburst@noc.soton.ac.uk
Subject: SBD Msg From Unit: 300224010734970
MIME-Version: 1.0
Content-Type: multipart/mixed;boundary="SBD.Boundary.605592468"
Message-Id: <19740412024625.78426FF8F70EB778@istbsp01.sbd.iridium.com>
Date: Tue, 22 May 2012 21:00:49 +0000 (GMT)
X-NOCS-MailScanner-Information: Please contact the ISP for more information
X-NOCS-MailScanner-ID: q4ML0nG1012899
X-NOCS-MailScanner: Found to be clean
X-NOCS-MailScanner-SpamCheck: not spam (whitelisted),
	SpamAssassin (not cached, score=-6.599, required 5,
	autolearn=not spam, BAYES_00 -2.60, RCVD_IN_DNSWL_MED -4.00)
X-NOCS-MailScanner-From: sbdservice@sbd.iridium.com
X-Spam-Status: No

SBM Message
--SBD.Boundary.605592468
PROCESS /noc/users/iridburst/exec/irid_300224010734970_upd.pl
Last Run  ----1970-01-01 00:00:00 
MONTH  5 
DATA  xxrecord 2012-05-19 03:00:05 :: $W5M5A,120519,030005,660d0028449ce246,1,DAS 2,4901.6547N,1621.8234W,25.9,0,33.1,14.3,10.4,82.1,7.5,10.4,82.3,7.6,1013.9,3.51,6.43,9.5,7,34*61
 
STATION sbdservice
IRID_ID 300224010734970
BODY --

From sbdservice@sbd.iridium.com Tue May 22 23:00:57 2012
Return-Path: <sbdservice@sbd.iridium.com>
Received: from istbsp02.sbd.iridium.com (outbound.sbd.iridium.com [12.47.179.11])
	by mercury.noc.soton.ac.uk (8.13.1/8.12.11) with ESMTP id q4MM0o3b018241
	for <iridburst@noc.soton.ac.uk>; Tue, 22 May 2012 23:00:50 +0100
Reply-To: <sbdservice@sbd.iridium.com>
From: sbdservice@sbd.iridium.com
To: iridburst@noc.soton.ac.uk
Subject: SBD Msg From Unit: 300224010734970
MIME-Version: 1.0
Content-Type: multipart/mixed;boundary="SBD.Boundary.605592468"
Message-Id: <19740412024625.F2524EFA3F73D338@istbsp02.sbd.iridium.com>
Date: Tue, 22 May 2012 22:00:48 +0000 (GMT)
X-NOCS-MailScanner-Information: Please contact the ISP for more information
X-NOCS-MailScanner-ID: q4MM0o3b018241
X-NOCS-MailScanner: Found to be clean
X-NOCS-MailScanner-SpamCheck: not spam (whitelisted),
	SpamAssassin (not cached, score=-6.599, required 5,
	autolearn=not spam, BAYES_00 -2.60, RCVD_IN_DNSWL_MED -4.00)
X-NOCS-MailScanner-From: sbdservice@sbd.iridium.com
X-Spam-Status: No

SBM Message
--SBD.Boundary.605592468
PROCESS /noc/users/iridburst/exec/irid_300224010734970_upd.pl
Last Run  ----1970-01-01 00:00:00 
MONTH  5 
DATA  xxrecord 2012-05-19 03:00:05 :: $W5M5A,120519,030005,660d0028449ce246,1,DAS 2,4901.6547N,1621.8234W,25.9,0,33.1,14.3,10.4,82.1,7.5,10.4,82.3,7.6,1013.9,3.51,6.43,9.5,7,34*61
 
STATION sbdservice
IRID_ID 300224010734970
BODY --

From sbdservice@sbd.iridium.com Wed May 23 00:01:04 2012
Return-Path: <sbdservice@sbd.iridium.com>
Received: from istbsp01.sbd.iridium.com (outbound.sbd.iridium.com [12.47.179.11])
	by mercury.noc.soton.ac.uk (8.13.1/8.12.11) with ESMTP id q4MN0xaF023533
	for <iridburst@noc.soton.ac.uk>; Wed, 23 May 2012 00:01:00 +0100
Reply-To: <sbdservice@sbd.iridium.com>
From: sbdservice@sbd.iridium.com
To: iridburst@noc.soton.ac.uk
Subject: SBD Msg From Unit: 300224010734970
MIME-Version: 1.0
Content-Type: multipart/mixed;boundary="SBD.Boundary.605592468"
Message-Id: <19740412024625.34AA6CCBF70E41E5@istbsp01.sbd.iridium.com>
Date: Tue, 22 May 2012 23:00:58 +0000 (GMT)
X-NOCS-MailScanner-Information: Please contact the ISP for more information
X-NOCS-MailScanner-ID: q4MN0xaF023533
X-NOCS-MailScanner: Found to be clean
X-NOCS-MailScanner-SpamCheck: not spam (whitelisted),
	SpamAssassin (not cached, score=-6.599, required 5,
	autolearn=not spam, BAYES_00 -2.60, RCVD_IN_DNSWL_MED -4.00)
X-NOCS-MailScanner-From: sbdservice@sbd.iridium.com
X-Spam-Status: No

SBM Message
--SBD.Boundary.605592468
PROCESS /noc/users/iridburst/exec/irid_300224010734970_upd.pl
Last Run  ----1970-01-01 00:00:00 
MONTH  5 
DATA  xxrecord 2012-05-19 03:00:05 :: $W5M5A,120519,030005,660d0028449ce246,1,DAS 2,4901.6547N,1621.8234W,25.9,0,33.1,14.3,10.4,82.1,7.5,10.4,82.3,7.6,1013.9,3.51,6.43,9.5,7,34*61
 
STATION sbdservice
IRID_ID 300224010734970
BODY --

From sbdservice@sbd.iridium.com Wed May 23 01:00:56 2012
Return-Path: <sbdservice@sbd.iridium.com>
Received: from istbsp02.sbd.iridium.com (outbound.sbd.iridium.com [12.47.179.11])
	by mercury.noc.soton.ac.uk (8.13.1/8.12.11) with ESMTP id q4N00m6B028689
	for <iridburst@noc.soton.ac.uk>; Wed, 23 May 2012 01:00:49 +0100
Reply-To: <sbdservice@sbd.iridium.com>
From: sbdservice@sbd.iridium.com
To: iridburst@noc.soton.ac.uk
Subject: SBD Msg From Unit: 300224010734970
MIME-Version: 1.0
Content-Type: multipart/mixed;boundary="SBD.Boundary.605592468"
Message-Id: <19740412024625.497B4DDBF342C5BA@istbsp02.sbd.iridium.com>
Date: Wed, 23 May 2012 00:00:48 +0000 (GMT)
X-NOCS-MailScanner-Information: Please contact the ISP for more information
X-NOCS-MailScanner-ID: q4N00m6B028689
X-NOCS-MailScanner: Found to be clean
X-NOCS-MailScanner-SpamCheck: not spam (whitelisted),
	SpamAssassin (not cached, score=-6.599, required 5,
	autolearn=not spam, BAYES_00 -2.60, RCVD_IN_DNSWL_MED -4.00)
X-NOCS-MailScanner-From: sbdservice@sbd.iridium.com
X-Spam-Status: No

SBM Message
--SBD.Boundary.605592468
PROCESS /noc/users/iridburst/exec/irid_300224010734970_upd.pl
Last Run  ----1970-01-01 00:00:00 
MONTH  5 
DATA  xxrecord 2012-05-19 03:00:05 :: $W5M5A,120519,030005,660d0028449ce246,1,DAS 2,4901.6547N,1621.8234W,25.9,0,33.1,14.3,10.4,82.1,7.5,10.4,82.3,7.6,1013.9,3.51,6.43,9.5,7,34*61
 
STATION sbdservice
IRID_ID 300224010734970
BODY --

From sbdservice@sbd.iridium.com Wed May 23 02:00:55 2012
Return-Path: <sbdservice@sbd.iridium.com>
Received: from istbsp01.sbd.iridium.com (outbound.sbd.iridium.com [12.47.179.11])
	by mercury.noc.soton.ac.uk (8.13.1/8.12.11) with ESMTP id q4N10oAq001275
	for <iridburst@noc.soton.ac.uk>; Wed, 23 May 2012 02:00:51 +0100
Reply-To: <sbdservice@sbd.iridium.com>
From: sbdservice@sbd.iridium.com
To: iridburst@noc.soton.ac.uk
Subject: SBD Msg From Unit: 300224010734970
MIME-Version: 1.0
Content-Type: multipart/mixed;boundary="SBD.Boundary.605592468"
Message-Id: <19740412024625.06525EE8372D5EA0@istbsp01.sbd.iridium.com>
Date: Wed, 23 May 2012 01:00:48 +0000 (GMT)
X-NOCS-MailScanner-Information: Please contact the ISP for more information
X-NOCS-MailScanner-ID: q4N10oAq001275
X-NOCS-MailScanner: Found to be clean
X-NOCS-MailScanner-SpamCheck: not spam (whitelisted),
	SpamAssassin (not cached, score=-6.599, required 5,
	autolearn=not spam, BAYES_00 -2.60, RCVD_IN_DNSWL_MED -4.00)
X-NOCS-MailScanner-From: sbdservice@sbd.iridium.com
X-Spam-Status: No

SBM Message
--SBD.Boundary.605592468
PROCESS /noc/users/iridburst/exec/irid_300224010734970_upd.pl
Last Run  ----1970-01-01 00:00:00 
MONTH  5 
DATA  xxrecord 2012-05-19 03:00:05 :: $W5M5A,120519,030005,660d0028449ce246,1,DAS 2,4901.6547N,1621.8234W,25.9,0,33.1,14.3,10.4,82.1,7.5,10.4,82.3,7.6,1013.9,3.51,6.43,9.5,7,34*61
 
STATION sbdservice
IRID_ID 300224010734970
BODY --

From sbdservice@sbd.iridium.com Wed May 23 03:00:59 2012
Return-Path: <sbdservice@sbd.iridium.com>
Received: from istbsp02.sbd.iridium.com (outbound.sbd.iridium.com [12.47.179.11])
	by mercury.noc.soton.ac.uk (8.13.1/8.12.11) with ESMTP id q4N20rkc006176
	for <iridburst@noc.soton.ac.uk>; Wed, 23 May 2012 03:00:53 +0100
Reply-To: <sbdservice@sbd.iridium.com>
From: sbdservice@sbd.iridium.com
To: iridburst@noc.soton.ac.uk
Subject: SBD Msg From Unit: 300224010734970
MIME-Version: 1.0
Content-Type: multipart/mixed;boundary="SBD.Boundary.605592468"
Message-Id: <19740412024625.01226DD8FB721E34@istbsp02.sbd.iridium.com>
Date: Wed, 23 May 2012 02:00:52 +0000 (GMT)
X-NOCS-MailScanner-Information: Please contact the ISP for more information
X-NOCS-MailScanner-ID: q4N20rkc006176
X-NOCS-MailScanner: Found to be clean
X-NOCS-MailScanner-SpamCheck: not spam (whitelisted),
	SpamAssassin (not cached, score=-6.599, required 5,
	autolearn=not spam, BAYES_00 -2.60, RCVD_IN_DNSWL_MED -4.00)
X-NOCS-MailScanner-From: sbdservice@sbd.iridium.com
X-Spam-Status: No

SBM Message
--SBD.Boundary.605592468
PROCESS /noc/users/iridburst/exec/irid_300224010734970_upd.pl
Last Run  ----1970-01-01 00:00:00 
MONTH  5 
DATA  xxrecord 2012-05-19 03:00:05 :: $W5M5A,120519,030005,660d0028449ce246,1,DAS 2,4901.6547N,1621.8234W,25.9,0,33.1,14.3,10.4,82.1,7.5,10.4,82.3,7.6,1013.9,3.51,6.43,9.5,7,34*61
 
STATION sbdservice
IRID_ID 300224010734970
BODY --

From sbdservice@sbd.iridium.com Wed May 23 04:00:54 2012
Return-Path: <sbdservice@sbd.iridium.com>
Received: from istbsp01.sbd.iridium.com (outbound.sbd.iridium.com [12.47.179.11])
	by mercury.noc.soton.ac.uk (8.13.1/8.12.11) with ESMTP id q4N30pCZ011091
	for <iridburst@noc.soton.ac.uk>; Wed, 23 May 2012 04:00:51 +0100
Reply-To: <sbdservice@sbd.iridium.com>
From: sbdservice@sbd.iridium.com
To: iridburst@noc.soton.ac.uk
Subject: SBD Msg From Unit: 300224010734970
MIME-Version: 1.0
Content-Type: multipart/mixed;boundary="SBD.Boundary.605592468"
Message-Id: <19740412024625.794F5FDAFF0F552E@istbsp01.sbd.iridium.com>
Date: Wed, 23 May 2012 03:00:50 +0000 (GMT)
X-NOCS-MailScanner-Information: Please contact the ISP for more information
X-NOCS-MailScanner-ID: q4N30pCZ011091
X-NOCS-MailScanner: Found to be clean
X-NOCS-MailScanner-SpamCheck: not spam (whitelisted),
	SpamAssassin (not cached, score=-6.599, required 5,
	autolearn=not spam, BAYES_00 -2.60, RCVD_IN_DNSWL_MED -4.00)
X-NOCS-MailScanner-From: sbdservice@sbd.iridium.com
X-Spam-Status: No

SBM Message
--SBD.Boundary.605592468
PROCESS /noc/users/iridburst/exec/irid_300224010734970_upd.pl
Last Run  ----1970-01-01 00:00:00 
MONTH  5 
DATA  xxrecord 2012-05-19 03:00:05 :: $W5M5A,120519,030005,660d0028449ce246,1,DAS 2,4901.6547N,1621.8234W,25.9,0,33.1,14.3,10.4,82.1,7.5,10.4,82.3,7.6,1013.9,3.51,6.43,9.5,7,34*61
 
STATION sbdservice
IRID_ID 300224010734970
BODY --

From sbdservice@sbd.iridium.com Wed May 23 05:00:57 2012
Return-Path: <sbdservice@sbd.iridium.com>
Received: from istbsp01.sbd.iridium.com (outbound.sbd.iridium.com [12.47.179.11])
	by mercury.noc.soton.ac.uk (8.13.1/8.12.11) with ESMTP id q4N40qrU016282
	for <iridburst@noc.soton.ac.uk>; Wed, 23 May 2012 05:00:52 +0100
Reply-To: <sbdservice@sbd.iridium.com>
From: sbdservice@sbd.iridium.com
To: iridburst@noc.soton.ac.uk
Subject: SBD Msg From Unit: 300224010734970
MIME-Version: 1.0
Content-Type: multipart/mixed;boundary="SBD.Boundary.605592468"
Message-Id: <19740412024625.965A5FD8B30E20C5@istbsp01.sbd.iridium.com>
Date: Wed, 23 May 2012 04:00:52 +0000 (GMT)
X-NOCS-MailScanner-Information: Please contact the ISP for more information
X-NOCS-MailScanner-ID: q4N40qrU016282
X-NOCS-MailScanner: Found to be clean
X-NOCS-MailScanner-SpamCheck: not spam (whitelisted),
	SpamAssassin (not cached, score=-6.599, required 5,
	autolearn=not spam, BAYES_00 -2.60, RCVD_IN_DNSWL_MED -4.00)
X-NOCS-MailScanner-From: sbdservice@sbd.iridium.com
X-Spam-Status: No

SBM Message
--SBD.Boundary.605592468
PROCESS /noc/users/iridburst/exec/irid_300224010734970_upd.pl
Last Run  ----1970-01-01 00:00:00 
MONTH  5 
DATA  xxrecord 2012-05-19 03:00:05 :: $W5M5A,120519,030005,660d0028449ce246,1,DAS 2,4901.6547N,1621.8234W,25.9,0,33.1,14.3,10.4,82.1,7.5,10.4,82.3,7.6,1013.9,3.51,6.43,9.5,7,34*61
 
STATION sbdservice
IRID_ID 300224010734970
BODY --

From sbdservice@sbd.iridium.com Wed May 23 06:00:59 2012
Return-Path: <sbdservice@sbd.iridium.com>
Received: from istbsp02.sbd.iridium.com (outbound.sbd.iridium.com [12.47.179.11])
	by mercury.noc.soton.ac.uk (8.13.1/8.12.11) with ESMTP id q4N50sSq021409
	for <iridburst@noc.soton.ac.uk>; Wed, 23 May 2012 06:00:54 +0100
Reply-To: <sbdservice@sbd.iridium.com>
From: sbdservice@sbd.iridium.com
To: iridburst@noc.soton.ac.uk
Subject: SBD Msg From Unit: 300224010734970
MIME-Version: 1.0
Content-Type: multipart/mixed;boundary="SBD.Boundary.605592468"
Message-Id: <19740412024625.0A866FCABB63CCC6@istbsp02.sbd.iridium.com>
Date: Wed, 23 May 2012 05:00:53 +0000 (GMT)
X-NOCS-MailScanner-Information: Please contact the ISP for more information
X-NOCS-MailScanner-ID: q4N50sSq021409
X-NOCS-MailScanner: Found to be clean
X-NOCS-MailScanner-SpamCheck: not spam (whitelisted),
	SpamAssassin (not cached, score=-6.599, required 5,
	autolearn=not spam, BAYES_00 -2.60, RCVD_IN_DNSWL_MED -4.00)
X-NOCS-MailScanner-From: sbdservice@sbd.iridium.com
X-Spam-Status: No

SBM Message
--SBD.Boundary.605592468
PROCESS /noc/users/iridburst/exec/irid_300224010734970_upd.pl
Last Run  ----1970-01-01 00:00:00 
MONTH  5 
DATA  xxrecord 2012-05-19 03:00:05 :: $W5M5A,120519,030005,660d0028449ce246,1,DAS 2,4901.6547N,1621.8234W,25.9,0,33.1,14.3,10.4,82.1,7.5,10.4,82.3,7.6,1013.9,3.51,6.43,9.5,7,34*61
 
STATION sbdservice
IRID_ID 300224010734970
BODY --

From sbdservice@sbd.iridium.com Wed May 23 07:00:59 2012
Return-Path: <sbdservice@sbd.iridium.com>
Received: from istbsp02.sbd.iridium.com (outbound.sbd.iridium.com [12.47.179.11])
	by mercury.noc.soton.ac.uk (8.13.1/8.12.11) with ESMTP id q4N60tNM028683
	for <iridburst@noc.soton.ac.uk>; Wed, 23 May 2012 07:00:56 +0100
Reply-To: <sbdservice@sbd.iridium.com>
From: sbdservice@sbd.iridium.com
To: iridburst@noc.soton.ac.uk
Subject: SBD Msg From Unit: 300224010734970
MIME-Version: 1.0
Content-Type: multipart/mixed;boundary="SBD.Boundary.605592468"
Message-Id: <19740412024625.B3D16FD9336136C4@istbsp02.sbd.iridium.com>
Date: Wed, 23 May 2012 06:00:50 +0000 (GMT)
X-NOCS-MailScanner-Information: Please contact the ISP for more information
X-NOCS-MailScanner-ID: q4N60tNM028683
X-NOCS-MailScanner: Found to be clean
X-NOCS-MailScanner-SpamCheck: not spam (whitelisted),
	SpamAssassin (not cached, score=-6.599, required 5,
	autolearn=not spam, BAYES_00 -2.60, RCVD_IN_DNSWL_MED -4.00)
X-NOCS-MailScanner-From: sbdservice@sbd.iridium.com
X-Spam-Status: No

SBM Message
--SBD.Boundary.605592468
PROCESS /noc/users/iridburst/exec/irid_300224010734970_upd.pl
Last Run  ----1970-01-01 00:00:00 
MONTH  5 
DATA  xxrecord 2012-05-19 03:00:05 :: $W5M5A,120519,030005,660d0028449ce246,1,DAS 2,4901.6547N,1621.8234W,25.9,0,33.1,14.3,10.4,82.1,7.5,10.4,82.3,7.6,1013.9,3.51,6.43,9.5,7,34*61
 
STATION sbdservice
IRID_ID 300224010734970
BODY --

From sbdservice@sbd.iridium.com Wed May 23 08:01:02 2012
Return-Path: <sbdservice@sbd.iridium.com>
Received: from istbsp01.sbd.iridium.com (outbound.sbd.iridium.com [12.47.179.11])
	by mercury.noc.soton.ac.uk (8.13.1/8.12.11) with ESMTP id q4N70rRb001881
	for <iridburst@noc.soton.ac.uk>; Wed, 23 May 2012 08:00:54 +0100
Reply-To: <sbdservice@sbd.iridium.com>
From: sbdservice@sbd.iridium.com
To: iridburst@noc.soton.ac.uk
Subject: SBD Msg From Unit: 300224010734970
MIME-Version: 1.0
Content-Type: multipart/mixed;boundary="SBD.Boundary.605592468"
Message-Id: <19740412024625.0FEF5DC8B70C75EB@istbsp01.sbd.iridium.com>
Date: Wed, 23 May 2012 07:00:53 +0000 (GMT)
X-NOCS-MailScanner-Information: Please contact the ISP for more information
X-NOCS-MailScanner-ID: q4N70rRb001881
X-NOCS-MailScanner: Found to be clean
X-NOCS-MailScanner-SpamCheck: not spam (whitelisted),
	SpamAssassin (not cached, score=-6.599, required 5,
	autolearn=not spam, BAYES_00 -2.60, RCVD_IN_DNSWL_MED -4.00)
X-NOCS-MailScanner-From: sbdservice@sbd.iridium.com
X-Spam-Status: No

SBM Message
--SBD.Boundary.605592468
PROCESS /noc/users/iridburst/exec/irid_300224010734970_upd.pl
Last Run  ----1970-01-01 00:00:00 
MONTH  5 
DATA  xxrecord 2012-05-19 03:00:05 :: $W5M5A,120519,030005,660d0028449ce246,1,DAS 2,4901.6547N,1621.8234W,25.9,0,33.1,14.3,10.4,82.1,7.5,10.4,82.3,7.6,1013.9,3.51,6.43,9.5,7,34*61
 
STATION sbdservice
IRID_ID 300224010734970
BODY --

From sbdservice@sbd.iridium.com Wed May 23 09:00:55 2012
Return-Path: <sbdservice@sbd.iridium.com>
Received: from istbsp02.sbd.iridium.com (outbound.sbd.iridium.com [12.47.179.11])
	by mercury.noc.soton.ac.uk (8.13.1/8.12.11) with ESMTP id q4N80psN013144
	for <iridburst@noc.soton.ac.uk>; Wed, 23 May 2012 09:00:52 +0100
Reply-To: <sbdservice@sbd.iridium.com>
From: sbdservice@sbd.iridium.com
To: iridburst@noc.soton.ac.uk
Subject: SBD Msg From Unit: 300224010734970
MIME-Version: 1.0
Content-Type: multipart/mixed;boundary="SBD.Boundary.605592468"
Message-Id: <19740412024625.0E9D5FE8BB418608@istbsp02.sbd.iridium.com>
Date: Wed, 23 May 2012 08:00:51 +0000 (GMT)
X-NOCS-MailScanner-Information: Please contact the ISP for more information
X-NOCS-MailScanner-ID: q4N80psN013144
X-NOCS-MailScanner: Found to be clean
X-NOCS-MailScanner-SpamCheck: not spam (whitelisted),
	SpamAssassin (not cached, score=-6.599, required 5,
	autolearn=not spam, BAYES_00 -2.60, RCVD_IN_DNSWL_MED -4.00)
X-NOCS-MailScanner-From: sbdservice@sbd.iridium.com
X-Spam-Status: No

SBM Message
--SBD.Boundary.605592468
PROCESS /noc/users/iridburst/exec/irid_300224010734970_upd.pl
Last Run  ----1970-01-01 00:00:00 
MONTH  5 
DATA  xxrecord 2012-05-19 03:00:05 :: $W5M5A,120519,030005,660d0028449ce246,1,DAS 2,4901.6547N,1621.8234W,25.9,0,33.1,14.3,10.4,82.1,7.5,10.4,82.3,7.6,1013.9,3.51,6.43,9.5,7,34*61
 
STATION sbdservice
IRID_ID 300224010734970
BODY --

From sbdservice@sbd.iridium.com Wed May 23 10:00:54 2012
Return-Path: <sbdservice@sbd.iridium.com>
Received: from istbsp02.sbd.iridium.com (outbound.sbd.iridium.com [12.47.179.11])
	by mercury.noc.soton.ac.uk (8.13.1/8.12.11) with ESMTP id q4N90otO022667
	for <iridburst@noc.soton.ac.uk>; Wed, 23 May 2012 10:00:51 +0100
Reply-To: <sbdservice@sbd.iridium.com>
From: sbdservice@sbd.iridium.com
To: iridburst@noc.soton.ac.uk
Subject: SBD Msg From Unit: 300224010734970
MIME-Version: 1.0
Content-Type: multipart/mixed;boundary="SBD.Boundary.605592468"
Message-Id: <19740412024625.6B1B4EDBBB71913B@istbsp02.sbd.iridium.com>
Date: Wed, 23 May 2012 09:00:50 +0000 (GMT)
X-NOCS-MailScanner-Information: Please contact the ISP for more information
X-NOCS-MailScanner-ID: q4N90otO022667
X-NOCS-MailScanner: Found to be clean
X-NOCS-MailScanner-SpamCheck: not spam (whitelisted),
	SpamAssassin (not cached, score=-6.599, required 5,
	autolearn=not spam, BAYES_00 -2.60, RCVD_IN_DNSWL_MED -4.00)
X-NOCS-MailScanner-From: sbdservice@sbd.iridium.com
X-Spam-Status: No

SBM Message
--SBD.Boundary.605592468
PROCESS /noc/users/iridburst/exec/irid_300224010734970_upd.pl
Last Run  ----1970-01-01 00:00:00 
MONTH  5 
DATA  xxrecord 2012-05-19 03:00:05 :: $W5M5A,120519,030005,660d0028449ce246,1,DAS 2,4901.6547N,1621.8234W,25.9,0,33.1,14.3,10.4,82.1,7.5,10.4,82.3,7.6,1013.9,3.51,6.43,9.5,7,34*61
 
STATION sbdservice
IRID_ID 300224010734970
BODY --

From sbdservice@sbd.iridium.com Wed May 23 11:01:05 2012
Return-Path: <sbdservice@sbd.iridium.com>
Received: from istbsp02.sbd.iridium.com (outbound.sbd.iridium.com [12.47.179.11])
	by mercury.noc.soton.ac.uk (8.13.1/8.12.11) with ESMTP id q4NA0uYY000836
	for <iridburst@noc.soton.ac.uk>; Wed, 23 May 2012 11:00:56 +0100
Reply-To: <sbdservice@sbd.iridium.com>
From: sbdservice@sbd.iridium.com
To: iridburst@noc.soton.ac.uk
Subject: SBD Msg From Unit: 300224010734970
MIME-Version: 1.0
Content-Type: multipart/mixed;boundary="SBD.Boundary.605592468"
Message-Id: <19740412024625.DCB96CC877433714@istbsp02.sbd.iridium.com>
Date: Wed, 23 May 2012 10:00:50 +0000 (GMT)
X-NOCS-MailScanner-Information: Please contact the ISP for more information
X-NOCS-MailScanner-ID: q4NA0uYY000836
X-NOCS-MailScanner: Found to be clean
X-NOCS-MailScanner-SpamCheck: not spam (whitelisted),
	SpamAssassin (not cached, score=-6.599, required 5,
	autolearn=not spam, BAYES_00 -2.60, RCVD_IN_DNSWL_MED -4.00)
X-NOCS-MailScanner-From: sbdservice@sbd.iridium.com
X-Spam-Status: No

SBM Message
--SBD.Boundary.605592468
PROCESS /noc/users/iridburst/exec/irid_300224010734970_upd.pl
Last Run  ----1970-01-01 00:00:00 
MONTH  5 
DATA  xxrecord 2012-05-19 03:00:05 :: $W5M5A,120519,030005,660d0028449ce246,1,DAS 2,4901.6547N,1621.8234W,25.9,0,33.1,14.3,10.4,82.1,7.5,10.4,82.3,7.6,1013.9,3.51,6.43,9.5,7,34*61
 
STATION sbdservice
IRID_ID 300224010734970
BODY --

From sbdservice@sbd.iridium.com Wed May 23 12:00:56 2012
Return-Path: <sbdservice@sbd.iridium.com>
Received: from istbsp02.sbd.iridium.com (outbound.sbd.iridium.com [12.47.179.11])
	by mercury.noc.soton.ac.uk (8.13.1/8.12.11) with ESMTP id q4NB0pgY012113
	for <iridburst@noc.soton.ac.uk>; Wed, 23 May 2012 12:00:52 +0100
Reply-To: <sbdservice@sbd.iridium.com>
From: sbdservice@sbd.iridium.com
To: iridburst@noc.soton.ac.uk
Subject: SBD Msg From Unit: 300224010734970
MIME-Version: 1.0
Content-Type: multipart/mixed;boundary="SBD.Boundary.605592468"
Message-Id: <19740412024625.2E995ECA73500D18@istbsp02.sbd.iridium.com>
Date: Wed, 23 May 2012 11:00:51 +0000 (GMT)
X-NOCS-MailScanner-Information: Please contact the ISP for more information
X-NOCS-MailScanner-ID: q4NB0pgY012113
X-NOCS-MailScanner: Found to be clean
X-NOCS-MailScanner-SpamCheck: not spam (whitelisted),
	SpamAssassin (not cached, score=-6.599, required 5,
	autolearn=not spam, BAYES_00 -2.60, RCVD_IN_DNSWL_MED -4.00)
X-NOCS-MailScanner-From: sbdservice@sbd.iridium.com
X-Spam-Status: No

SBM Message
--SBD.Boundary.605592468
PROCESS /noc/users/iridburst/exec/irid_300224010734970_upd.pl
Last Run  ----1970-01-01 00:00:00 
MONTH  5 
DATA  xxrecord 2012-05-19 03:00:05 :: $W5M5A,120519,030005,660d0028449ce246,1,DAS 2,4901.6547N,1621.8234W,25.9,0,33.1,14.3,10.4,82.1,7.5,10.4,82.3,7.6,1013.9,3.51,6.43,9.5,7,34*61
 
STATION sbdservice
IRID_ID 300224010734970
BODY --

From sbdservice@sbd.iridium.com Wed May 23 13:00:55 2012
Return-Path: <sbdservice@sbd.iridium.com>
Received: from istbsp01.sbd.iridium.com (outbound.sbd.iridium.com [12.47.179.11])
	by mercury.noc.soton.ac.uk (8.13.1/8.12.11) with ESMTP id q4NC0n6g020953
	for <iridburst@noc.soton.ac.uk>; Wed, 23 May 2012 13:00:49 +0100
Reply-To: <sbdservice@sbd.iridium.com>
From: sbdservice@sbd.iridium.com
To: iridburst@noc.soton.ac.uk
Subject: SBD Msg From Unit: 300224010734970
MIME-Version: 1.0
Content-Type: multipart/mixed;boundary="SBD.Boundary.605592468"
Message-Id: <19740412024625.8DCD5CDAB32C8606@istbsp01.sbd.iridium.com>
Date: Wed, 23 May 2012 12:00:48 +0000 (GMT)
X-NOCS-MailScanner-Information: Please contact the ISP for more information
X-NOCS-MailScanner-ID: q4NC0n6g020953
X-NOCS-MailScanner: Found to be clean
X-NOCS-MailScanner-SpamCheck: not spam (whitelisted),
	SpamAssassin (not cached, score=-6.599, required 5,
	autolearn=not spam, BAYES_00 -2.60, RCVD_IN_DNSWL_MED -4.00)
X-NOCS-MailScanner-From: sbdservice@sbd.iridium.com
X-Spam-Status: No

SBM Message
--SBD.Boundary.605592468
PROCESS /noc/users/iridburst/exec/irid_300224010734970_upd.pl
Last Run  ----1970-01-01 00:00:00 
MONTH  5 
DATA  xxrecord 2012-05-19 03:00:05 :: $W5M5A,120519,030005,660d0028449ce246,1,DAS 2,4901.6547N,1621.8234W,25.9,0,33.1,14.3,10.4,82.1,7.5,10.4,82.3,7.6,1013.9,3.51,6.43,9.5,7,34*61
 
STATION sbdservice
IRID_ID 300224010734970
BODY --

From sbdservice@sbd.iridium.com Wed May 23 14:01:01 2012
Return-Path: <sbdservice@sbd.iridium.com>
Received: from istbsp01.sbd.iridium.com (outbound.sbd.iridium.com [12.47.179.11])
	by mercury.noc.soton.ac.uk (8.13.1/8.12.11) with ESMTP id q4ND0vuw030185
	for <iridburst@noc.soton.ac.uk>; Wed, 23 May 2012 14:00:57 +0100
Reply-To: <sbdservice@sbd.iridium.com>
From: sbdservice@sbd.iridium.com
To: iridburst@noc.soton.ac.uk
Subject: SBD Msg From Unit: 300224010734970
MIME-Version: 1.0
Content-Type: multipart/mixed;boundary="SBD.Boundary.605592468"
Message-Id: <19740412024625.E23B5FC9B30E3E29@istbsp01.sbd.iridium.com>
Date: Wed, 23 May 2012 13:00:55 +0000 (GMT)
X-NOCS-MailScanner-Information: Please contact the ISP for more information
X-NOCS-MailScanner-ID: q4ND0vuw030185
X-NOCS-MailScanner: Found to be clean
X-NOCS-MailScanner-SpamCheck: not spam (whitelisted),
	SpamAssassin (not cached, score=-6.599, required 5,
	autolearn=not spam, BAYES_00 -2.60, RCVD_IN_DNSWL_MED -4.00)
X-NOCS-MailScanner-From: sbdservice@sbd.iridium.com
X-Spam-Status: No

SBM Message
--SBD.Boundary.605592468
PROCESS /noc/users/iridburst/exec/irid_300224010734970_upd.pl
Last Run  ----1970-01-01 00:00:00 
MONTH  5 
DATA  xxrecord 2012-05-19 03:00:05 :: $W5M5A,120519,030005,660d0028449ce246,1,DAS 2,4901.6547N,1621.8234W,25.9,0,33.1,14.3,10.4,82.1,7.5,10.4,82.3,7.6,1013.9,3.51,6.43,9.5,7,34*61
 
STATION sbdservice
IRID_ID 300224010734970
BODY --

From sbdservice@sbd.iridium.com Wed May 23 15:00:50 2012
Return-Path: <sbdservice@sbd.iridium.com>
Received: from istbsp02.sbd.iridium.com (outbound.sbd.iridium.com [12.47.179.11])
	by mercury.noc.soton.ac.uk (8.13.1/8.12.11) with ESMTP id q4NE0j7Z007873
	for <iridburst@noc.soton.ac.uk>; Wed, 23 May 2012 15:00:45 +0100
Reply-To: <sbdservice@sbd.iridium.com>
From: sbdservice@sbd.iridium.com
To: iridburst@noc.soton.ac.uk
Subject: SBD Msg From Unit: 300224010734970
MIME-Version: 1.0
Content-Type: multipart/mixed;boundary="SBD.Boundary.605592468"
Message-Id: <19740412024625.32696CCA7B53F118@istbsp02.sbd.iridium.com>
Date: Wed, 23 May 2012 14:00:44 +0000 (GMT)
X-NOCS-MailScanner-Information: Please contact the ISP for more information
X-NOCS-MailScanner-ID: q4NE0j7Z007873
X-NOCS-MailScanner: Found to be clean
X-NOCS-MailScanner-SpamCheck: not spam (whitelisted),
	SpamAssassin (not cached, score=-6.599, required 5,
	autolearn=not spam, BAYES_00 -2.60, RCVD_IN_DNSWL_MED -4.00)
X-NOCS-MailScanner-From: sbdservice@sbd.iridium.com
X-Spam-Status: No

SBM Message
--SBD.Boundary.605592468
PROCESS /noc/users/iridburst/exec/irid_300224010734970_upd.pl
Last Run  ----1970-01-01 00:00:00 
MONTH  5 
DATA  xxrecord 2012-05-19 03:00:05 :: $W5M5A,120519,030005,660d0028449ce246,1,DAS 2,4901.6547N,1621.8234W,25.9,0,33.1,14.3,10.4,82.1,7.5,10.4,82.3,7.6,1013.9,3.51,6.43,9.5,7,34*61
 
STATION sbdservice
IRID_ID 300224010734970
BODY --

From sbdservice@sbd.iridium.com Wed May 23 16:00:57 2012
Return-Path: <sbdservice@sbd.iridium.com>
Received: from istbsp01.sbd.iridium.com (outbound.sbd.iridium.com [12.47.179.11])
	by mercury.noc.soton.ac.uk (8.13.1/8.12.11) with ESMTP id q4NF0r6b017246
	for <iridburst@noc.soton.ac.uk>; Wed, 23 May 2012 16:00:54 +0100
Reply-To: <sbdservice@sbd.iridium.com>
From: sbdservice@sbd.iridium.com
To: iridburst@noc.soton.ac.uk
Subject: SBD Msg From Unit: 300224010734970
MIME-Version: 1.0
Content-Type: multipart/mixed;boundary="SBD.Boundary.605592468"
Message-Id: <19740412024625.BEF46CC83F2DBE67@istbsp01.sbd.iridium.com>
Date: Wed, 23 May 2012 15:00:53 +0000 (GMT)
X-NOCS-MailScanner-Information: Please contact the ISP for more information
X-NOCS-MailScanner-ID: q4NF0r6b017246
X-NOCS-MailScanner: Found to be clean
X-NOCS-MailScanner-SpamCheck: not spam (whitelisted),
	SpamAssassin (not cached, score=-6.599, required 5,
	autolearn=not spam, BAYES_00 -2.60, RCVD_IN_DNSWL_MED -4.00)
X-NOCS-MailScanner-From: sbdservice@sbd.iridium.com
X-Spam-Status: No

SBM Message
--SBD.Boundary.605592468
PROCESS /noc/users/iridburst/exec/irid_300224010734970_upd.pl
Last Run  ----1970-01-01 00:00:00 
MONTH  5 
DATA  xxrecord 2012-05-19 03:00:05 :: $W5M5A,120519,030005,660d0028449ce246,1,DAS 2,4901.6547N,1621.8234W,25.9,0,33.1,14.3,10.4,82.1,7.5,10.4,82.3,7.6,1013.9,3.51,6.43,9.5,7,34*61
 
STATION sbdservice
IRID_ID 300224010734970
BODY --

From sbdservice@sbd.iridium.com Wed May 23 17:00:55 2012
Return-Path: <sbdservice@sbd.iridium.com>
Received: from istbsp01.sbd.iridium.com (outbound.sbd.iridium.com [12.47.179.11])
	by mercury.noc.soton.ac.uk (8.13.1/8.12.11) with ESMTP id q4NG0pon025887
	for <iridburst@noc.soton.ac.uk>; Wed, 23 May 2012 17:00:51 +0100
Reply-To: <sbdservice@sbd.iridium.com>
From: sbdservice@sbd.iridium.com
To: iridburst@noc.soton.ac.uk
Subject: SBD Msg From Unit: 300224010734970
MIME-Version: 1.0
Content-Type: multipart/mixed;boundary="SBD.Boundary.605592468"
Message-Id: <19740412024625.56FC5CF8372EABF1@istbsp01.sbd.iridium.com>
Date: Wed, 23 May 2012 16:00:50 +0000 (GMT)
X-NOCS-MailScanner-Information: Please contact the ISP for more information
X-NOCS-MailScanner-ID: q4NG0pon025887
X-NOCS-MailScanner: Found to be clean
X-NOCS-MailScanner-SpamCheck: not spam (whitelisted),
	SpamAssassin (not cached, score=-6.599, required 5,
	autolearn=not spam, BAYES_00 -2.60, RCVD_IN_DNSWL_MED -4.00)
X-NOCS-MailScanner-From: sbdservice@sbd.iridium.com
X-Spam-Status: No

SBM Message
--SBD.Boundary.605592468
PROCESS /noc/users/iridburst/exec/irid_300224010734970_upd.pl
Last Run  ----1970-01-01 00:00:00 
MONTH  5 
DATA  xxrecord 2012-05-19 03:00:05 :: $W5M5A,120519,030005,660d0028449ce246,1,DAS 2,4901.6547N,1621.8234W,25.9,0,33.1,14.3,10.4,82.1,7.5,10.4,82.3,7.6,1013.9,3.51,6.43,9.5,7,34*61
 
STATION sbdservice
IRID_ID 300224010734970
BODY --

From sbdservice@sbd.iridium.com Wed May 23 18:01:00 2012
Return-Path: <sbdservice@sbd.iridium.com>
Received: from istbsp02.sbd.iridium.com (outbound.sbd.iridium.com [12.47.179.11])
	by mercury.noc.soton.ac.uk (8.13.1/8.12.11) with ESMTP id q4NH0uWe000409
	for <iridburst@noc.soton.ac.uk>; Wed, 23 May 2012 18:00:56 +0100
Reply-To: <sbdservice@sbd.iridium.com>
From: sbdservice@sbd.iridium.com
To: iridburst@noc.soton.ac.uk
Subject: SBD Msg From Unit: 300224010734970
MIME-Version: 1.0
Content-Type: multipart/mixed;boundary="SBD.Boundary.605592468"
Message-Id: <19740412024625.94287CC97F60300A@istbsp02.sbd.iridium.com>
Date: Wed, 23 May 2012 17:00:55 +0000 (GMT)
X-NOCS-MailScanner-Information: Please contact the ISP for more information
X-NOCS-MailScanner-ID: q4NH0uWe000409
X-NOCS-MailScanner: Found to be clean
X-NOCS-MailScanner-SpamCheck: not spam (whitelisted),
	SpamAssassin (not cached, score=-6.599, required 5,
	autolearn=not spam, BAYES_00 -2.60, RCVD_IN_DNSWL_MED -4.00)
X-NOCS-MailScanner-From: sbdservice@sbd.iridium.com
X-Spam-Status: No

SBM Message
--SBD.Boundary.605592468
PROCESS /noc/users/iridburst/exec/irid_300224010734970_upd.pl
Last Run  ----1970-01-01 00:00:00 
MONTH  5 
DATA  xxrecord 2012-05-19 03:00:05 :: $W5M5A,120519,030005,660d0028449ce246,1,DAS 2,4901.6547N,1621.8234W,25.9,0,33.1,14.3,10.4,82.1,7.5,10.4,82.3,7.6,1013.9,3.51,6.43,9.5,7,34*61
 
STATION sbdservice
IRID_ID 300224010734970
BODY --

From sbdservice@sbd.iridium.com Wed May 23 19:00:56 2012
Return-Path: <sbdservice@sbd.iridium.com>
Received: from istbsp01.sbd.iridium.com (outbound.sbd.iridium.com [12.47.179.11])
	by mercury.noc.soton.ac.uk (8.13.1/8.12.11) with ESMTP id q4NI0oCg007705
	for <iridburst@noc.soton.ac.uk>; Wed, 23 May 2012 19:00:51 +0100
Reply-To: <sbdservice@sbd.iridium.com>
From: sbdservice@sbd.iridium.com
To: iridburst@noc.soton.ac.uk
Subject: SBD Msg From Unit: 300224010734970
MIME-Version: 1.0
Content-Type: multipart/mixed;boundary="SBD.Boundary.605592468"
Message-Id: <19740412024625.4B806CC8B71E0279@istbsp01.sbd.iridium.com>
Date: Wed, 23 May 2012 18:00:50 +0000 (GMT)
X-NOCS-MailScanner-Information: Please contact the ISP for more information
X-NOCS-MailScanner-ID: q4NI0oCg007705
X-NOCS-MailScanner: Found to be clean
X-NOCS-MailScanner-SpamCheck: not spam (whitelisted),
	SpamAssassin (not cached, score=-6.599, required 5,
	autolearn=not spam, BAYES_00 -2.60, RCVD_IN_DNSWL_MED -4.00)
X-NOCS-MailScanner-From: sbdservice@sbd.iridium.com
X-Spam-Status: No

SBM Message
--SBD.Boundary.605592468
PROCESS /noc/users/iridburst/exec/irid_300224010734970_upd.pl
Last Run  ----1970-01-01 00:00:00 
MONTH  5 
DATA  xxrecord 2012-05-19 03:00:05 :: $W5M5A,120519,030005,660d0028449ce246,1,DAS 2,4901.6547N,1621.8234W,25.9,0,33.1,14.3,10.4,82.1,7.5,10.4,82.3,7.6,1013.9,3.51,6.43,9.5,7,34*61
 
STATION sbdservice
IRID_ID 300224010734970
BODY --

From sbdservice@sbd.iridium.com Wed May 23 20:00:39 2012
Return-Path: <sbdservice@sbd.iridium.com>
Received: from istbsp01.sbd.iridium.com (outbound.sbd.iridium.com [12.47.179.11])
	by mercury.noc.soton.ac.uk (8.13.1/8.12.11) with ESMTP id q4NJ0YsW013526
	for <iridburst@noc.soton.ac.uk>; Wed, 23 May 2012 20:00:35 +0100
Reply-To: <sbdservice@sbd.iridium.com>
From: sbdservice@sbd.iridium.com
To: iridburst@noc.soton.ac.uk
Subject: SBD Msg From Unit: 300224010734970
MIME-Version: 1.0
Content-Type: multipart/mixed;boundary="SBD.Boundary.605592468"
Message-Id: <19740412024625.29FC6CFA330C4E4E@istbsp01.sbd.iridium.com>
Date: Wed, 23 May 2012 19:00:33 +0000 (GMT)
X-NOCS-MailScanner-Information: Please contact the ISP for more information
X-NOCS-MailScanner-ID: q4NJ0YsW013526
X-NOCS-MailScanner: Found to be clean
X-NOCS-MailScanner-SpamCheck: not spam (whitelisted),
	SpamAssassin (not cached, score=-6.599, required 5,
	autolearn=not spam, BAYES_00 -2.60, RCVD_IN_DNSWL_MED -4.00)
X-NOCS-MailScanner-From: sbdservice@sbd.iridium.com
X-Spam-Status: No

SBM Message
--SBD.Boundary.605592468
PROCESS /noc/users/iridburst/exec/irid_300224010734970_upd.pl
Last Run  ----1970-01-01 00:00:00 
MONTH  5 
DATA  xxrecord 2012-05-19 03:00:05 :: $W5M5A,120519,030005,660d0028449ce246,1,DAS 2,4901.6547N,1621.8234W,25.9,0,33.1,14.3,10.4,82.1,7.5,10.4,82.3,7.6,1013.9,3.51,6.43,9.5,7,34*61
 
STATION sbdservice
IRID_ID 300224010734970
BODY --

From sbdservice@sbd.iridium.com Wed May 23 21:00:54 2012
Return-Path: <sbdservice@sbd.iridium.com>
Received: from istbsp01.sbd.iridium.com (outbound.sbd.iridium.com [12.47.179.11])
	by mercury.noc.soton.ac.uk (8.13.1/8.12.11) with ESMTP id q4NK0o2Q019052
	for <iridburst@noc.soton.ac.uk>; Wed, 23 May 2012 21:00:50 +0100
Reply-To: <sbdservice@sbd.iridium.com>
From: sbdservice@sbd.iridium.com
To: iridburst@noc.soton.ac.uk
Subject: SBD Msg From Unit: 300224010734970
MIME-Version: 1.0
Content-Type: multipart/mixed;boundary="SBD.Boundary.605592468"
Message-Id: <19740412024625.F2B97CEA3F3CD796@istbsp01.sbd.iridium.com>
Date: Wed, 23 May 2012 20:00:49 +0000 (GMT)
X-NOCS-MailScanner-Information: Please contact the ISP for more information
X-NOCS-MailScanner-ID: q4NK0o2Q019052
X-NOCS-MailScanner: Found to be clean
X-NOCS-MailScanner-SpamCheck: not spam (whitelisted),
	SpamAssassin (not cached, score=-6.599, required 5,
	autolearn=not spam, BAYES_00 -2.60, RCVD_IN_DNSWL_MED -4.00)
X-NOCS-MailScanner-From: sbdservice@sbd.iridium.com
X-Spam-Status: No

SBM Message
--SBD.Boundary.605592468
PROCESS /noc/users/iridburst/exec/irid_300224010734970_upd.pl
Last Run  ----1970-01-01 00:00:00 
MONTH  5 
DATA  xxrecord 2012-05-19 03:00:05 :: $W5M5A,120519,030005,660d0028449ce246,1,DAS 2,4901.6547N,1621.8234W,25.9,0,33.1,14.3,10.4,82.1,7.5,10.4,82.3,7.6,1013.9,3.51,6.43,9.5,7,34*61
 
STATION sbdservice
IRID_ID 300224010734970
BODY --

From sbdservice@sbd.iridium.com Wed May 23 22:01:07 2012
Return-Path: <sbdservice@sbd.iridium.com>
Received: from istbsp01.sbd.iridium.com (outbound.sbd.iridium.com [12.47.179.11])
	by mercury.noc.soton.ac.uk (8.13.1/8.12.11) with ESMTP id q4NL105v025150
	for <iridburst@noc.soton.ac.uk>; Wed, 23 May 2012 22:01:00 +0100
Reply-To: <sbdservice@sbd.iridium.com>
From: sbdservice@sbd.iridium.com
To: iridburst@noc.soton.ac.uk
Subject: SBD Msg From Unit: 300224010734970
MIME-Version: 1.0
Content-Type: multipart/mixed;boundary="SBD.Boundary.605592468"
Message-Id: <19740412024625.FCA04CF9772C1C8D@istbsp01.sbd.iridium.com>
Date: Wed, 23 May 2012 21:00:59 +0000 (GMT)
X-NOCS-MailScanner-Information: Please contact the ISP for more information
X-NOCS-MailScanner-ID: q4NL105v025150
X-NOCS-MailScanner: Found to be clean
X-NOCS-MailScanner-SpamCheck: not spam (whitelisted),
	SpamAssassin (not cached, score=-6.599, required 5,
	autolearn=not spam, BAYES_00 -2.60, RCVD_IN_DNSWL_MED -4.00)
X-NOCS-MailScanner-From: sbdservice@sbd.iridium.com
X-Spam-Status: No

SBM Message
--SBD.Boundary.605592468
PROCESS /noc/users/iridburst/exec/irid_300224010734970_upd.pl
Last Run  ----1970-01-01 00:00:00 
MONTH  5 
DATA  xxrecord 2012-05-19 03:00:05 :: $W5M5A,120519,030005,660d0028449ce246,1,DAS 2,4901.6547N,1621.8234W,25.9,0,33.1,14.3,10.4,82.1,7.5,10.4,82.3,7.6,1013.9,3.51,6.43,9.5,7,34*61
 
STATION sbdservice
IRID_ID 300224010734970
BODY --

From sbdservice@sbd.iridium.com Wed May 23 23:00:57 2012
Return-Path: <sbdservice@sbd.iridium.com>
Received: from istbsp02.sbd.iridium.com (outbound.sbd.iridium.com [12.47.179.11])
	by mercury.noc.soton.ac.uk (8.13.1/8.12.11) with ESMTP id q4NM0rVR030801
	for <iridburst@noc.soton.ac.uk>; Wed, 23 May 2012 23:00:53 +0100
Reply-To: <sbdservice@sbd.iridium.com>
From: sbdservice@sbd.iridium.com
To: iridburst@noc.soton.ac.uk
Subject: SBD Msg From Unit: 300224010734970
MIME-Version: 1.0
Content-Type: multipart/mixed;boundary="SBD.Boundary.605592468"
Message-Id: <19740412024625.83DB6CF9B3424B23@istbsp02.sbd.iridium.com>
Date: Wed, 23 May 2012 22:00:52 +0000 (GMT)
X-NOCS-MailScanner-Information: Please contact the ISP for more information
X-NOCS-MailScanner-ID: q4NM0rVR030801
X-NOCS-MailScanner: Found to be clean
X-NOCS-MailScanner-SpamCheck: not spam (whitelisted),
	SpamAssassin (not cached, score=-6.599, required 5,
	autolearn=not spam, BAYES_00 -2.60, RCVD_IN_DNSWL_MED -4.00)
X-NOCS-MailScanner-From: sbdservice@sbd.iridium.com
X-Spam-Status: No

SBM Message
--SBD.Boundary.605592468
PROCESS /noc/users/iridburst/exec/irid_300224010734970_upd.pl
Last Run  ----1970-01-01 00:00:00 
MONTH  5 
DATA  xxrecord 2012-05-19 03:00:05 :: $W5M5A,120519,030005,660d0028449ce246,1,DAS 2,4901.6547N,1621.8234W,25.9,0,33.1,14.3,10.4,82.1,7.5,10.4,82.3,7.6,1013.9,3.51,6.43,9.5,7,34*61
 
STATION sbdservice
IRID_ID 300224010734970
BODY --

From sbdservice@sbd.iridium.com Thu May 24 00:00:53 2012
Return-Path: <sbdservice@sbd.iridium.com>
Received: from istbsp02.sbd.iridium.com (outbound.sbd.iridium.com [12.47.179.11])
	by mercury.noc.soton.ac.uk (8.13.1/8.12.11) with ESMTP id q4NN0mPf003456
	for <iridburst@noc.soton.ac.uk>; Thu, 24 May 2012 00:00:49 +0100
Reply-To: <sbdservice@sbd.iridium.com>
From: sbdservice@sbd.iridium.com
To: iridburst@noc.soton.ac.uk
Subject: SBD Msg From Unit: 300224010734970
MIME-Version: 1.0
Content-Type: multipart/mixed;boundary="SBD.Boundary.605592468"
Message-Id: <19740412024625.116A6FE83F434204@istbsp02.sbd.iridium.com>
Date: Wed, 23 May 2012 23:00:48 +0000 (GMT)
X-NOCS-MailScanner-Information: Please contact the ISP for more information
X-NOCS-MailScanner-ID: q4NN0mPf003456
X-NOCS-MailScanner: Found to be clean
X-NOCS-MailScanner-SpamCheck: not spam (whitelisted),
	SpamAssassin (not cached, score=-6.599, required 5,
	autolearn=not spam, BAYES_00 -2.60, RCVD_IN_DNSWL_MED -4.00)
X-NOCS-MailScanner-From: sbdservice@sbd.iridium.com
X-Spam-Status: No

SBM Message
--SBD.Boundary.605592468
PROCESS /noc/users/iridburst/exec/irid_300224010734970_upd.pl
Last Run  ----1970-01-01 00:00:00 
MONTH  5 
DATA  xxrecord 2012-05-19 03:00:05 :: $W5M5A,120519,030005,660d0028449ce246,1,DAS 2,4901.6547N,1621.8234W,25.9,0,33.1,14.3,10.4,82.1,7.5,10.4,82.3,7.6,1013.9,3.51,6.43,9.5,7,34*61
 
STATION sbdservice
IRID_ID 300224010734970
BODY --

From sbdservice@sbd.iridium.com Thu May 24 01:00:55 2012
Return-Path: <sbdservice@sbd.iridium.com>
Received: from istbsp01.sbd.iridium.com (outbound.sbd.iridium.com [12.47.179.11])
	by mercury.noc.soton.ac.uk (8.13.1/8.12.11) with ESMTP id q4O00nxq008299
	for <iridburst@noc.soton.ac.uk>; Thu, 24 May 2012 01:00:50 +0100
Reply-To: <sbdservice@sbd.iridium.com>
From: sbdservice@sbd.iridium.com
To: iridburst@noc.soton.ac.uk
Subject: SBD Msg From Unit: 300224010734970
MIME-Version: 1.0
Content-Type: multipart/mixed;boundary="SBD.Boundary.605592468"
Message-Id: <19740412024625.C4AA6FDA772EBAAC@istbsp01.sbd.iridium.com>
Date: Thu, 24 May 2012 00:00:48 +0000 (GMT)
X-NOCS-MailScanner-Information: Please contact the ISP for more information
X-NOCS-MailScanner-ID: q4O00nxq008299
X-NOCS-MailScanner: Found to be clean
X-NOCS-MailScanner-SpamCheck: not spam (whitelisted),
	SpamAssassin (not cached, score=-6.599, required 5,
	autolearn=not spam, BAYES_00 -2.60, RCVD_IN_DNSWL_MED -4.00)
X-NOCS-MailScanner-From: sbdservice@sbd.iridium.com
X-Spam-Status: No

SBM Message
--SBD.Boundary.605592468
PROCESS /noc/users/iridburst/exec/irid_300224010734970_upd.pl
Last Run  ----1970-01-01 00:00:00 
MONTH  5 
DATA  xxrecord 2012-05-19 03:00:05 :: $W5M5A,120519,030005,660d0028449ce246,1,DAS 2,4901.6547N,1621.8234W,25.9,0,33.1,14.3,10.4,82.1,7.5,10.4,82.3,7.6,1013.9,3.51,6.43,9.5,7,34*61
 
STATION sbdservice
IRID_ID 300224010734970
BODY --

From sbdservice@sbd.iridium.com Thu May 24 02:00:56 2012
Return-Path: <sbdservice@sbd.iridium.com>
Received: from istbsp01.sbd.iridium.com (outbound.sbd.iridium.com [12.47.179.11])
	by mercury.noc.soton.ac.uk (8.13.1/8.12.11) with ESMTP id q4O10qwl013886
	for <iridburst@noc.soton.ac.uk>; Thu, 24 May 2012 02:00:52 +0100
Reply-To: <sbdservice@sbd.iridium.com>
From: sbdservice@sbd.iridium.com
To: iridburst@noc.soton.ac.uk
Subject: SBD Msg From Unit: 300224010734970
MIME-Version: 1.0
Content-Type: multipart/mixed;boundary="SBD.Boundary.605592468"
Message-Id: <19740412024625.0CF04FDAB72DFCAF@istbsp01.sbd.iridium.com>
Date: Thu, 24 May 2012 01:00:51 +0000 (GMT)
X-NOCS-MailScanner-Information: Please contact the ISP for more information
X-NOCS-MailScanner-ID: q4O10qwl013886
X-NOCS-MailScanner: Found to be clean
X-NOCS-MailScanner-SpamCheck: not spam (whitelisted),
	SpamAssassin (not cached, score=-6.599, required 5,
	autolearn=not spam, BAYES_00 -2.60, RCVD_IN_DNSWL_MED -4.00)
X-NOCS-MailScanner-From: sbdservice@sbd.iridium.com
X-Spam-Status: No

SBM Message
--SBD.Boundary.605592468
PROCESS /noc/users/iridburst/exec/irid_300224010734970_upd.pl
Last Run  ----1970-01-01 00:00:00 
MONTH  5 
DATA  xxrecord 2012-05-19 03:00:05 :: $W5M5A,120519,030005,660d0028449ce246,1,DAS 2,4901.6547N,1621.8234W,25.9,0,33.1,14.3,10.4,82.1,7.5,10.4,82.3,7.6,1013.9,3.51,6.43,9.5,7,34*61
 
STATION sbdservice
IRID_ID 300224010734970
BODY --

From sbdservice@sbd.iridium.com Thu May 24 03:01:03 2012
Return-Path: <sbdservice@sbd.iridium.com>
Received: from istbsp01.sbd.iridium.com (outbound.sbd.iridium.com [12.47.179.11])
	by mercury.noc.soton.ac.uk (8.13.1/8.12.11) with ESMTP id q4O20vGC019819
	for <iridburst@noc.soton.ac.uk>; Thu, 24 May 2012 03:00:57 +0100
Reply-To: <sbdservice@sbd.iridium.com>
From: sbdservice@sbd.iridium.com
To: iridburst@noc.soton.ac.uk
Subject: SBD Msg From Unit: 300224010734970
MIME-Version: 1.0
Content-Type: multipart/mixed;boundary="SBD.Boundary.605592468"
Message-Id: <19740412024625.C3FA7CCA331FFE7A@istbsp01.sbd.iridium.com>
Date: Thu, 24 May 2012 02:00:55 +0000 (GMT)
X-NOCS-MailScanner-Information: Please contact the ISP for more information
X-NOCS-MailScanner-ID: q4O20vGC019819
X-NOCS-MailScanner: Found to be clean
X-NOCS-MailScanner-SpamCheck: not spam (whitelisted),
	SpamAssassin (not cached, score=-6.599, required 5,
	autolearn=not spam, BAYES_00 -2.60, RCVD_IN_DNSWL_MED -4.00)
X-NOCS-MailScanner-From: sbdservice@sbd.iridium.com
X-Spam-Status: No

SBM Message
--SBD.Boundary.605592468
PROCESS /noc/users/iridburst/exec/irid_300224010734970_upd.pl
Last Run  ----1970-01-01 00:00:00 
MONTH  5 
DATA  xxrecord 2012-05-19 03:00:05 :: $W5M5A,120519,030005,660d0028449ce246,1,DAS 2,4901.6547N,1621.8234W,25.9,0,33.1,14.3,10.4,82.1,7.5,10.4,82.3,7.6,1013.9,3.51,6.43,9.5,7,34*61
 
STATION sbdservice
IRID_ID 300224010734970
BODY --

From sbdservice@sbd.iridium.com Thu May 24 04:00:54 2012
Return-Path: <sbdservice@sbd.iridium.com>
Received: from istbsp02.sbd.iridium.com (outbound.sbd.iridium.com [12.47.179.11])
	by mercury.noc.soton.ac.uk (8.13.1/8.12.11) with ESMTP id q4O30oOI025077
	for <iridburst@noc.soton.ac.uk>; Thu, 24 May 2012 04:00:50 +0100
Reply-To: <sbdservice@sbd.iridium.com>
From: sbdservice@sbd.iridium.com
To: iridburst@noc.soton.ac.uk
Subject: SBD Msg From Unit: 300224010734970
MIME-Version: 1.0
Content-Type: multipart/mixed;boundary="SBD.Boundary.605592468"
Message-Id: <19740412024625.B1F94DCB7B712F53@istbsp02.sbd.iridium.com>
Date: Thu, 24 May 2012 03:00:50 +0000 (GMT)
X-NOCS-MailScanner-Information: Please contact the ISP for more information
X-NOCS-MailScanner-ID: q4O30oOI025077
X-NOCS-MailScanner: Found to be clean
X-NOCS-MailScanner-SpamCheck: not spam (whitelisted),
	SpamAssassin (not cached, score=-6.599, required 5,
	autolearn=not spam, BAYES_00 -2.60, RCVD_IN_DNSWL_MED -4.00)
X-NOCS-MailScanner-From: sbdservice@sbd.iridium.com
X-Spam-Status: No

SBM Message
--SBD.Boundary.605592468
PROCESS /noc/users/iridburst/exec/irid_300224010734970_upd.pl
Last Run  ----1970-01-01 00:00:00 
MONTH  5 
DATA  xxrecord 2012-05-19 03:00:05 :: $W5M5A,120519,030005,660d0028449ce246,1,DAS 2,4901.6547N,1621.8234W,25.9,0,33.1,14.3,10.4,82.1,7.5,10.4,82.3,7.6,1013.9,3.51,6.43,9.5,7,34*61
 
STATION sbdservice
IRID_ID 300224010734970
BODY --

From sbdservice@sbd.iridium.com Thu May 24 05:00:56 2012
Return-Path: <sbdservice@sbd.iridium.com>
Received: from istbsp02.sbd.iridium.com (outbound.sbd.iridium.com [12.47.179.11])
	by mercury.noc.soton.ac.uk (8.13.1/8.12.11) with ESMTP id q4O40rJc030467
	for <iridburst@noc.soton.ac.uk>; Thu, 24 May 2012 05:00:53 +0100
Reply-To: <sbdservice@sbd.iridium.com>
From: sbdservice@sbd.iridium.com
To: iridburst@noc.soton.ac.uk
Subject: SBD Msg From Unit: 300224010734970
MIME-Version: 1.0
Content-Type: multipart/mixed;boundary="SBD.Boundary.605592468"
Message-Id: <19740412024625.886A4FC9BB612A48@istbsp02.sbd.iridium.com>
Date: Thu, 24 May 2012 04:00:52 +0000 (GMT)
X-NOCS-MailScanner-Information: Please contact the ISP for more information
X-NOCS-MailScanner-ID: q4O40rJc030467
X-NOCS-MailScanner: Found to be clean
X-NOCS-MailScanner-SpamCheck: not spam (whitelisted),
	SpamAssassin (not cached, score=-6.599, required 5,
	autolearn=not spam, BAYES_00 -2.60, RCVD_IN_DNSWL_MED -4.00)
X-NOCS-MailScanner-From: sbdservice@sbd.iridium.com
X-Spam-Status: No

SBM Message
--SBD.Boundary.605592468
PROCESS /noc/users/iridburst/exec/irid_300224010734970_upd.pl
Last Run  ----1970-01-01 00:00:00 
MONTH  5 
DATA  xxrecord 2012-05-19 03:00:05 :: $W5M5A,120519,030005,660d0028449ce246,1,DAS 2,4901.6547N,1621.8234W,25.9,0,33.1,14.3,10.4,82.1,7.5,10.4,82.3,7.6,1013.9,3.51,6.43,9.5,7,34*61
 
STATION sbdservice
IRID_ID 300224010734970
BODY --

From sbdservice@sbd.iridium.com Thu May 24 06:00:59 2012
Return-Path: <sbdservice@sbd.iridium.com>
Received: from istbsp02.sbd.iridium.com (outbound.sbd.iridium.com [12.47.179.11])
	by mercury.noc.soton.ac.uk (8.13.1/8.12.11) with ESMTP id q4O50unY003244
	for <iridburst@noc.soton.ac.uk>; Thu, 24 May 2012 06:00:56 +0100
Reply-To: <sbdservice@sbd.iridium.com>
From: sbdservice@sbd.iridium.com
To: iridburst@noc.soton.ac.uk
Subject: SBD Msg From Unit: 300224010734970
MIME-Version: 1.0
Content-Type: multipart/mixed;boundary="SBD.Boundary.605592468"
Message-Id: <19740412024625.3C4C4EDB3F60DF9F@istbsp02.sbd.iridium.com>
Date: Thu, 24 May 2012 05:00:55 +0000 (GMT)
X-NOCS-MailScanner-Information: Please contact the ISP for more information
X-NOCS-MailScanner-ID: q4O50unY003244
X-NOCS-MailScanner: Found to be clean
X-NOCS-MailScanner-SpamCheck: not spam (whitelisted),
	SpamAssassin (not cached, score=-6.599, required 5,
	autolearn=not spam, BAYES_00 -2.60, RCVD_IN_DNSWL_MED -4.00)
X-NOCS-MailScanner-From: sbdservice@sbd.iridium.com
X-Spam-Status: No

SBM Message
--SBD.Boundary.605592468
PROCESS /noc/users/iridburst/exec/irid_300224010734970_upd.pl
Last Run  ----1970-01-01 00:00:00 
MONTH  5 
DATA  xxrecord 2012-05-19 03:00:05 :: $W5M5A,120519,030005,660d0028449ce246,1,DAS 2,4901.6547N,1621.8234W,25.9,0,33.1,14.3,10.4,82.1,7.5,10.4,82.3,7.6,1013.9,3.51,6.43,9.5,7,34*61
 
STATION sbdservice
IRID_ID 300224010734970
BODY --

From sbdservice@sbd.iridium.com Thu May 24 07:00:54 2012
Return-Path: <sbdservice@sbd.iridium.com>
Received: from istbsp01.sbd.iridium.com (outbound.sbd.iridium.com [12.47.179.11])
	by mercury.noc.soton.ac.uk (8.13.1/8.12.11) with ESMTP id q4O60oKd010368
	for <iridburst@noc.soton.ac.uk>; Thu, 24 May 2012 07:00:50 +0100
Reply-To: <sbdservice@sbd.iridium.com>
From: sbdservice@sbd.iridium.com
To: iridburst@noc.soton.ac.uk
Subject: SBD Msg From Unit: 300224010734970
MIME-Version: 1.0
Content-Type: multipart/mixed;boundary="SBD.Boundary.605592468"
Message-Id: <19740412024625.983D7FFBBF0DC917@istbsp01.sbd.iridium.com>
Date: Thu, 24 May 2012 06:00:50 +0000 (GMT)
X-NOCS-MailScanner-Information: Please contact the ISP for more information
X-NOCS-MailScanner-ID: q4O60oKd010368
X-NOCS-MailScanner: Found to be clean
X-NOCS-MailScanner-SpamCheck: not spam (whitelisted),
	SpamAssassin (not cached, score=-6.599, required 5,
	autolearn=not spam, BAYES_00 -2.60, RCVD_IN_DNSWL_MED -4.00)
X-NOCS-MailScanner-From: sbdservice@sbd.iridium.com
X-Spam-Status: No

SBM Message
--SBD.Boundary.605592468
PROCESS /noc/users/iridburst/exec/irid_300224010734970_upd.pl
Last Run  ----1970-01-01 00:00:00 
MONTH  5 
DATA  xxrecord 2012-05-19 03:00:05 :: $W5M5A,120519,030005,660d0028449ce246,1,DAS 2,4901.6547N,1621.8234W,25.9,0,33.1,14.3,10.4,82.1,7.5,10.4,82.3,7.6,1013.9,3.51,6.43,9.5,7,34*61
 
STATION sbdservice
IRID_ID 300224010734970
BODY --

From sbdservice@sbd.iridium.com Thu May 24 08:00:55 2012
Return-Path: <sbdservice@sbd.iridium.com>
Received: from istbsp01.sbd.iridium.com (outbound.sbd.iridium.com [12.47.179.11])
	by mercury.noc.soton.ac.uk (8.13.1/8.12.11) with ESMTP id q4O70nnK017503
	for <iridburst@noc.soton.ac.uk>; Thu, 24 May 2012 08:00:49 +0100
Reply-To: <sbdservice@sbd.iridium.com>
From: sbdservice@sbd.iridium.com
To: iridburst@noc.soton.ac.uk
Subject: SBD Msg From Unit: 300224010734970
MIME-Version: 1.0
Content-Type: multipart/mixed;boundary="SBD.Boundary.605592468"
Message-Id: <19740412024625.BD9C6EF9FF0EA611@istbsp01.sbd.iridium.com>
Date: Thu, 24 May 2012 07:00:48 +0000 (GMT)
X-NOCS-MailScanner-Information: Please contact the ISP for more information
X-NOCS-MailScanner-ID: q4O70nnK017503
X-NOCS-MailScanner: Found to be clean
X-NOCS-MailScanner-SpamCheck: not spam (whitelisted),
	SpamAssassin (not cached, score=-6.599, required 5,
	autolearn=not spam, BAYES_00 -2.60, RCVD_IN_DNSWL_MED -4.00)
X-NOCS-MailScanner-From: sbdservice@sbd.iridium.com
X-Spam-Status: No

SBM Message
--SBD.Boundary.605592468
PROCESS /noc/users/iridburst/exec/irid_300224010734970_upd.pl
Last Run  ----1970-01-01 00:00:00 
MONTH  5 
DATA  xxrecord 2012-05-19 03:00:05 :: $W5M5A,120519,030005,660d0028449ce246,1,DAS 2,4901.6547N,1621.8234W,25.9,0,33.1,14.3,10.4,82.1,7.5,10.4,82.3,7.6,1013.9,3.51,6.43,9.5,7,34*61
 
STATION sbdservice
IRID_ID 300224010734970
BODY --

From sbdservice@sbd.iridium.com Thu May 24 09:01:07 2012
Return-Path: <sbdservice@sbd.iridium.com>
Received: from istbsp02.sbd.iridium.com (outbound.sbd.iridium.com [12.47.179.11])
	by mercury.noc.soton.ac.uk (8.13.1/8.12.11) with ESMTP id q4O810fN029207
	for <iridburst@noc.soton.ac.uk>; Thu, 24 May 2012 09:01:00 +0100
Reply-To: <sbdservice@sbd.iridium.com>
From: sbdservice@sbd.iridium.com
To: iridburst@noc.soton.ac.uk
Subject: SBD Msg From Unit: 300224010734970
MIME-Version: 1.0
Content-Type: multipart/mixed;boundary="SBD.Boundary.605592468"
Message-Id: <19740412024625.83377DD93F41AD52@istbsp02.sbd.iridium.com>
Date: Thu, 24 May 2012 08:01:00 +0000 (GMT)
X-NOCS-MailScanner-Information: Please contact the ISP for more information
X-NOCS-MailScanner-ID: q4O810fN029207
X-NOCS-MailScanner: Found to be clean
X-NOCS-MailScanner-SpamCheck: not spam (whitelisted),
	SpamAssassin (not cached, score=-6.599, required 5,
	autolearn=not spam, BAYES_00 -2.60, RCVD_IN_DNSWL_MED -4.00)
X-NOCS-MailScanner-From: sbdservice@sbd.iridium.com
X-Spam-Status: No

SBM Message
--SBD.Boundary.605592468
PROCESS /noc/users/iridburst/exec/irid_300224010734970_upd.pl
Last Run  ----1970-01-01 00:00:00 
MONTH  5 
DATA  xxrecord 2012-05-19 03:00:05 :: $W5M5A,120519,030005,660d0028449ce246,1,DAS 2,4901.6547N,1621.8234W,25.9,0,33.1,14.3,10.4,82.1,7.5,10.4,82.3,7.6,1013.9,3.51,6.43,9.5,7,34*61
 
STATION sbdservice
IRID_ID 300224010734970
BODY --

From sbdservice@sbd.iridium.com Thu May 24 10:00:54 2012
Return-Path: <sbdservice@sbd.iridium.com>
Received: from istbsp02.sbd.iridium.com (outbound.sbd.iridium.com [12.47.179.11])
	by mercury.noc.soton.ac.uk (8.13.1/8.12.11) with ESMTP id q4O90n9v007612
	for <iridburst@noc.soton.ac.uk>; Thu, 24 May 2012 10:00:49 +0100
Reply-To: <sbdservice@sbd.iridium.com>
From: sbdservice@sbd.iridium.com
To: iridburst@noc.soton.ac.uk
Subject: SBD Msg From Unit: 300224010734970
MIME-Version: 1.0
Content-Type: multipart/mixed;boundary="SBD.Boundary.605592468"
Message-Id: <19740412024625.9C394DCAB36376FD@istbsp02.sbd.iridium.com>
Date: Thu, 24 May 2012 09:00:48 +0000 (GMT)
X-NOCS-MailScanner-Information: Please contact the ISP for more information
X-NOCS-MailScanner-ID: q4O90n9v007612
X-NOCS-MailScanner: Found to be clean
X-NOCS-MailScanner-SpamCheck: not spam (whitelisted),
	SpamAssassin (not cached, score=-6.599, required 5,
	autolearn=not spam, BAYES_00 -2.60, RCVD_IN_DNSWL_MED -4.00)
X-NOCS-MailScanner-From: sbdservice@sbd.iridium.com
X-Spam-Status: No

SBM Message
--SBD.Boundary.605592468
PROCESS /noc/users/iridburst/exec/irid_300224010734970_upd.pl
Last Run  ----1970-01-01 00:00:00 
MONTH  5 
DATA  xxrecord 2012-05-19 03:00:05 :: $W5M5A,120519,030005,660d0028449ce246,1,DAS 2,4901.6547N,1621.8234W,25.9,0,33.1,14.3,10.4,82.1,7.5,10.4,82.3,7.6,1013.9,3.51,6.43,9.5,7,34*61
 
STATION sbdservice
IRID_ID 300224010734970
BODY --

From sbdservice@sbd.iridium.com Thu May 24 11:00:59 2012
Return-Path: <sbdservice@sbd.iridium.com>
Received: from istbsp01.sbd.iridium.com (outbound.sbd.iridium.com [12.47.179.11])
	by mercury.noc.soton.ac.uk (8.13.1/8.12.11) with ESMTP id q4OA0tHq019052
	for <iridburst@noc.soton.ac.uk>; Thu, 24 May 2012 11:00:55 +0100
Reply-To: <sbdservice@sbd.iridium.com>
From: sbdservice@sbd.iridium.com
To: iridburst@noc.soton.ac.uk
Subject: SBD Msg From Unit: 300224010734970
MIME-Version: 1.0
Content-Type: multipart/mixed;boundary="SBD.Boundary.605592468"
Message-Id: <19740412024625.E0EC7EE9331C0024@istbsp01.sbd.iridium.com>
Date: Thu, 24 May 2012 10:00:54 +0000 (GMT)
X-NOCS-MailScanner-Information: Please contact the ISP for more information
X-NOCS-MailScanner-ID: q4OA0tHq019052
X-NOCS-MailScanner: Found to be clean
X-NOCS-MailScanner-SpamCheck: not spam (whitelisted),
	SpamAssassin (not cached, score=-6.599, required 5,
	autolearn=not spam, BAYES_00 -2.60, RCVD_IN_DNSWL_MED -4.00)
X-NOCS-MailScanner-From: sbdservice@sbd.iridium.com
X-Spam-Status: No

SBM Message
--SBD.Boundary.605592468
PROCESS /noc/users/iridburst/exec/irid_300224010734970_upd.pl
Last Run  ----1970-01-01 00:00:00 
MONTH  5 
DATA  xxrecord 2012-05-19 03:00:05 :: $W5M5A,120519,030005,660d0028449ce246,1,DAS 2,4901.6547N,1621.8234W,25.9,0,33.1,14.3,10.4,82.1,7.5,10.4,82.3,7.6,1013.9,3.51,6.43,9.5,7,34*61
 
STATION sbdservice
IRID_ID 300224010734970
BODY --

From sbdservice@sbd.iridium.com Thu May 24 12:00:54 2012
Return-Path: <sbdservice@sbd.iridium.com>
Received: from istbsp02.sbd.iridium.com (outbound.sbd.iridium.com [12.47.179.11])
	by mercury.noc.soton.ac.uk (8.13.1/8.12.11) with ESMTP id q4OB0oq0030325
	for <iridburst@noc.soton.ac.uk>; Thu, 24 May 2012 12:00:51 +0100
Reply-To: <sbdservice@sbd.iridium.com>
From: sbdservice@sbd.iridium.com
To: iridburst@noc.soton.ac.uk
Subject: SBD Msg From Unit: 300224010734970
MIME-Version: 1.0
Content-Type: multipart/mixed;boundary="SBD.Boundary.605592468"
Message-Id: <19740412024625.49025EF8FB433897@istbsp02.sbd.iridium.com>
Date: Thu, 24 May 2012 11:00:50 +0000 (GMT)
X-NOCS-MailScanner-Information: Please contact the ISP for more information
X-NOCS-MailScanner-ID: q4OB0oq0030325
X-NOCS-MailScanner: Found to be clean
X-NOCS-MailScanner-SpamCheck: not spam (whitelisted),
	SpamAssassin (not cached, score=-6.599, required 5,
	autolearn=not spam, BAYES_00 -2.60, RCVD_IN_DNSWL_MED -4.00)
X-NOCS-MailScanner-From: sbdservice@sbd.iridium.com
X-Spam-Status: No

SBM Message
--SBD.Boundary.605592468
PROCESS /noc/users/iridburst/exec/irid_300224010734970_upd.pl
Last Run  ----1970-01-01 00:00:00 
MONTH  5 
DATA  xxrecord 2012-05-19 03:00:05 :: $W5M5A,120519,030005,660d0028449ce246,1,DAS 2,4901.6547N,1621.8234W,25.9,0,33.1,14.3,10.4,82.1,7.5,10.4,82.3,7.6,1013.9,3.51,6.43,9.5,7,34*61
 
STATION sbdservice
IRID_ID 300224010734970
BODY --

From sbdservice@sbd.iridium.com Thu May 24 13:00:54 2012
Return-Path: <sbdservice@sbd.iridium.com>
Received: from istbsp02.sbd.iridium.com (outbound.sbd.iridium.com [12.47.179.11])
	by mercury.noc.soton.ac.uk (8.13.1/8.12.11) with ESMTP id q4OC0md8007645
	for <iridburst@noc.soton.ac.uk>; Thu, 24 May 2012 13:00:49 +0100
Reply-To: <sbdservice@sbd.iridium.com>
From: sbdservice@sbd.iridium.com
To: iridburst@noc.soton.ac.uk
Subject: SBD Msg From Unit: 300224010734970
MIME-Version: 1.0
Content-Type: multipart/mixed;boundary="SBD.Boundary.605592468"
Message-Id: <19740412024625.88CA6EEAB3609CAA@istbsp02.sbd.iridium.com>
Date: Thu, 24 May 2012 12:00:48 +0000 (GMT)
X-NOCS-MailScanner-Information: Please contact the ISP for more information
X-NOCS-MailScanner-ID: q4OC0md8007645
X-NOCS-MailScanner: Found to be clean
X-NOCS-MailScanner-SpamCheck: not spam (whitelisted),
	SpamAssassin (not cached, score=-6.599, required 5,
	autolearn=not spam, BAYES_00 -2.60, RCVD_IN_DNSWL_MED -4.00)
X-NOCS-MailScanner-From: sbdservice@sbd.iridium.com
X-Spam-Status: No

SBM Message
--SBD.Boundary.605592468
PROCESS /noc/users/iridburst/exec/irid_300224010734970_upd.pl
Last Run  ----1970-01-01 00:00:00 
MONTH  5 
DATA  xxrecord 2012-05-19 03:00:05 :: $W5M5A,120519,030005,660d0028449ce246,1,DAS 2,4901.6547N,1621.8234W,25.9,0,33.1,14.3,10.4,82.1,7.5,10.4,82.3,7.6,1013.9,3.51,6.43,9.5,7,34*61
 
STATION sbdservice
IRID_ID 300224010734970
BODY --

From sbdservice@sbd.iridium.com Thu May 24 14:00:59 2012
Return-Path: <sbdservice@sbd.iridium.com>
Received: from istbsp02.sbd.iridium.com (outbound.sbd.iridium.com [12.47.179.11])
	by mercury.noc.soton.ac.uk (8.13.1/8.12.11) with ESMTP id q4OD0sZV017025
	for <iridburst@noc.soton.ac.uk>; Thu, 24 May 2012 14:00:54 +0100
Reply-To: <sbdservice@sbd.iridium.com>
From: sbdservice@sbd.iridium.com
To: iridburst@noc.soton.ac.uk
Subject: SBD Msg From Unit: 300224010734970
MIME-Version: 1.0
Content-Type: multipart/mixed;boundary="SBD.Boundary.605592468"
Message-Id: <19740412024625.8F996FE9F3521007@istbsp02.sbd.iridium.com>
Date: Thu, 24 May 2012 13:00:53 +0000 (GMT)
X-NOCS-MailScanner-Information: Please contact the ISP for more information
X-NOCS-MailScanner-ID: q4OD0sZV017025
X-NOCS-MailScanner: Found to be clean
X-NOCS-MailScanner-SpamCheck: not spam (whitelisted),
	SpamAssassin (not cached, score=-6.599, required 5,
	autolearn=not spam, BAYES_00 -2.60, RCVD_IN_DNSWL_MED -4.00)
X-NOCS-MailScanner-From: sbdservice@sbd.iridium.com
X-Spam-Status: No

SBM Message
--SBD.Boundary.605592468
PROCESS /noc/users/iridburst/exec/irid_300224010734970_upd.pl
Last Run  ----1970-01-01 00:00:00 
MONTH  5 
DATA  xxrecord 2012-05-19 03:00:05 :: $W5M5A,120519,030005,660d0028449ce246,1,DAS 2,4901.6547N,1621.8234W,25.9,0,33.1,14.3,10.4,82.1,7.5,10.4,82.3,7.6,1013.9,3.51,6.43,9.5,7,34*61
 
STATION sbdservice
IRID_ID 300224010734970
BODY --

From sbdservice@sbd.iridium.com Thu May 24 15:00:59 2012
Return-Path: <sbdservice@sbd.iridium.com>
Received: from istbsp01.sbd.iridium.com (outbound.sbd.iridium.com [12.47.179.11])
	by mercury.noc.soton.ac.uk (8.13.1/8.12.11) with ESMTP id q4OE0pug027494
	for <iridburst@noc.soton.ac.uk>; Thu, 24 May 2012 15:00:52 +0100
Reply-To: <sbdservice@sbd.iridium.com>
From: sbdservice@sbd.iridium.com
To: iridburst@noc.soton.ac.uk
Subject: SBD Msg From Unit: 300224010734970
MIME-Version: 1.0
Content-Type: multipart/mixed;boundary="SBD.Boundary.605592468"
Message-Id: <19740412024625.B6B94DCB3B3DD85D@istbsp01.sbd.iridium.com>
Date: Thu, 24 May 2012 14:00:50 +0000 (GMT)
X-NOCS-MailScanner-Information: Please contact the ISP for more information
X-NOCS-MailScanner-ID: q4OE0pug027494
X-NOCS-MailScanner: Found to be clean
X-NOCS-MailScanner-SpamCheck: not spam (whitelisted),
	SpamAssassin (not cached, score=-6.599, required 5,
	autolearn=not spam, BAYES_00 -2.60, RCVD_IN_DNSWL_MED -4.00)
X-NOCS-MailScanner-From: sbdservice@sbd.iridium.com
X-Spam-Status: No

SBM Message
--SBD.Boundary.605592468
PROCESS /noc/users/iridburst/exec/irid_300224010734970_upd.pl
Last Run  ----1970-01-01 00:00:00 
MONTH  5 
DATA  xxrecord 2012-05-19 03:00:05 :: $W5M5A,120519,030005,660d0028449ce246,1,DAS 2,4901.6547N,1621.8234W,25.9,0,33.1,14.3,10.4,82.1,7.5,10.4,82.3,7.6,1013.9,3.51,6.43,9.5,7,34*61
 
STATION sbdservice
IRID_ID 300224010734970
BODY --

From sbdservice@sbd.iridium.com Thu May 24 16:01:02 2012
Return-Path: <sbdservice@sbd.iridium.com>
Received: from istbsp02.sbd.iridium.com (outbound.sbd.iridium.com [12.47.179.11])
	by mercury.noc.soton.ac.uk (8.13.1/8.12.11) with ESMTP id q4OF0qgE004994
	for <iridburst@noc.soton.ac.uk>; Thu, 24 May 2012 16:00:53 +0100
Reply-To: <sbdservice@sbd.iridium.com>
From: sbdservice@sbd.iridium.com
To: iridburst@noc.soton.ac.uk
Subject: SBD Msg From Unit: 300224010734970
MIME-Version: 1.0
Content-Type: multipart/mixed;boundary="SBD.Boundary.605592468"
Message-Id: <19740412024625.BCBA6DF8BF5058A1@istbsp02.sbd.iridium.com>
Date: Thu, 24 May 2012 15:00:52 +0000 (GMT)
X-NOCS-MailScanner-Information: Please contact the ISP for more information
X-NOCS-MailScanner-ID: q4OF0qgE004994
X-NOCS-MailScanner: Found to be clean
X-NOCS-MailScanner-SpamCheck: not spam (whitelisted),
	SpamAssassin (not cached, score=-6.599, required 5,
	autolearn=not spam, BAYES_00 -2.60, RCVD_IN_DNSWL_MED -4.00)
X-NOCS-MailScanner-From: sbdservice@sbd.iridium.com
X-Spam-Status: No

SBM Message
--SBD.Boundary.605592468
PROCESS /noc/users/iridburst/exec/irid_300224010734970_upd.pl
Last Run  ----1970-01-01 00:00:00 
MONTH  5 
DATA  xxrecord 2012-05-19 03:00:05 :: $W5M5A,120519,030005,660d0028449ce246,1,DAS 2,4901.6547N,1621.8234W,25.9,0,33.1,14.3,10.4,82.1,7.5,10.4,82.3,7.6,1013.9,3.51,6.43,9.5,7,34*61
 
STATION sbdservice
IRID_ID 300224010734970
BODY --

From sbdservice@sbd.iridium.com Thu May 24 17:01:21 2012
Return-Path: <sbdservice@sbd.iridium.com>
Received: from istbsp02.sbd.iridium.com (outbound.sbd.iridium.com [12.47.179.11])
	by mercury.noc.soton.ac.uk (8.13.1/8.12.11) with ESMTP id q4OG1DNv014379
	for <iridburst@noc.soton.ac.uk>; Thu, 24 May 2012 17:01:13 +0100
Reply-To: <sbdservice@sbd.iridium.com>
From: sbdservice@sbd.iridium.com
To: iridburst@noc.soton.ac.uk
Subject: SBD Msg From Unit: 300224010734970
MIME-Version: 1.0
Content-Type: multipart/mixed;boundary="SBD.Boundary.605592468"
Message-Id: <19740412024625.8EC44DE9FB52751B@istbsp02.sbd.iridium.com>
Date: Thu, 24 May 2012 16:01:12 +0000 (GMT)
X-NOCS-MailScanner-Information: Please contact the ISP for more information
X-NOCS-MailScanner-ID: q4OG1DNv014379
X-NOCS-MailScanner: Found to be clean
X-NOCS-MailScanner-SpamCheck: not spam (whitelisted),
	SpamAssassin (not cached, score=-6.599, required 5,
	autolearn=not spam, BAYES_00 -2.60, RCVD_IN_DNSWL_MED -4.00)
X-NOCS-MailScanner-From: sbdservice@sbd.iridium.com
X-Spam-Status: No

SBM Message
--SBD.Boundary.605592468
PROCESS /noc/users/iridburst/exec/irid_300224010734970_upd.pl
Last Run  ----1970-01-01 00:00:00 
MONTH  5 
DATA  xxrecord 2012-05-19 03:00:05 :: $W5M5A,120519,030005,660d0028449ce246,1,DAS 2,4901.6547N,1621.8234W,25.9,0,33.1,14.3,10.4,82.1,7.5,10.4,82.3,7.6,1013.9,3.51,6.43,9.5,7,34*61
 
STATION sbdservice
IRID_ID 300224010734970
BODY --

From sbdservice@sbd.iridium.com Thu May 24 18:00:52 2012
Return-Path: <sbdservice@sbd.iridium.com>
Received: from istbsp01.sbd.iridium.com (outbound.sbd.iridium.com [12.47.179.11])
	by mercury.noc.soton.ac.uk (8.13.1/8.12.11) with ESMTP id q4OH0m3i023003
	for <iridburst@noc.soton.ac.uk>; Thu, 24 May 2012 18:00:48 +0100
Reply-To: <sbdservice@sbd.iridium.com>
From: sbdservice@sbd.iridium.com
To: iridburst@noc.soton.ac.uk
Subject: SBD Msg From Unit: 300224010734970
MIME-Version: 1.0
Content-Type: multipart/mixed;boundary="SBD.Boundary.605592468"
Message-Id: <19740412024625.2A405EDAB32CFEE9@istbsp01.sbd.iridium.com>
Date: Thu, 24 May 2012 17:00:48 +0000 (GMT)
X-NOCS-MailScanner-Information: Please contact the ISP for more information
X-NOCS-MailScanner-ID: q4OH0m3i023003
X-NOCS-MailScanner: Found to be clean
X-NOCS-MailScanner-SpamCheck: not spam (whitelisted),
	SpamAssassin (not cached, score=-6.599, required 5,
	autolearn=not spam, BAYES_00 -2.60, RCVD_IN_DNSWL_MED -4.00)
X-NOCS-MailScanner-From: sbdservice@sbd.iridium.com
X-Spam-Status: No

SBM Message
--SBD.Boundary.605592468
PROCESS /noc/users/iridburst/exec/irid_300224010734970_upd.pl
Last Run  ----1970-01-01 00:00:00 
MONTH  5 
DATA  xxrecord 2012-05-19 03:00:05 :: $W5M5A,120519,030005,660d0028449ce246,1,DAS 2,4901.6547N,1621.8234W,25.9,0,33.1,14.3,10.4,82.1,7.5,10.4,82.3,7.6,1013.9,3.51,6.43,9.5,7,34*61
 
STATION sbdservice
IRID_ID 300224010734970
BODY --

From sbdservice@sbd.iridium.com Thu May 24 19:00:58 2012
Return-Path: <sbdservice@sbd.iridium.com>
Received: from istbsp02.sbd.iridium.com (outbound.sbd.iridium.com [12.47.179.11])
	by mercury.noc.soton.ac.uk (8.13.1/8.12.11) with ESMTP id q4OI0mf9030298
	for <iridburst@noc.soton.ac.uk>; Thu, 24 May 2012 19:00:49 +0100
Reply-To: <sbdservice@sbd.iridium.com>
From: sbdservice@sbd.iridium.com
To: iridburst@noc.soton.ac.uk
Subject: SBD Msg From Unit: 300224010734970
MIME-Version: 1.0
Content-Type: multipart/mixed;boundary="SBD.Boundary.605592468"
Message-Id: <19740412024625.5F9B5EE83B715B8E@istbsp02.sbd.iridium.com>
Date: Thu, 24 May 2012 18:00:48 +0000 (GMT)
X-NOCS-MailScanner-Information: Please contact the ISP for more information
X-NOCS-MailScanner-ID: q4OI0mf9030298
X-NOCS-MailScanner: Found to be clean
X-NOCS-MailScanner-SpamCheck: not spam (whitelisted),
	SpamAssassin (not cached, score=-6.599, required 5,
	autolearn=not spam, BAYES_00 -2.60, RCVD_IN_DNSWL_MED -4.00)
X-NOCS-MailScanner-From: sbdservice@sbd.iridium.com
X-Spam-Status: No

SBM Message
--SBD.Boundary.605592468
PROCESS /noc/users/iridburst/exec/irid_300224010734970_upd.pl
Last Run  ----1970-01-01 00:00:00 
MONTH  5 
DATA  xxrecord 2012-05-19 03:00:05 :: $W5M5A,120519,030005,660d0028449ce246,1,DAS 2,4901.6547N,1621.8234W,25.9,0,33.1,14.3,10.4,82.1,7.5,10.4,82.3,7.6,1013.9,3.51,6.43,9.5,7,34*61
 
STATION sbdservice
IRID_ID 300224010734970
BODY --

From sbdservice@sbd.iridium.com Thu May 24 20:01:01 2012
Return-Path: <sbdservice@sbd.iridium.com>
Received: from istbsp02.sbd.iridium.com (outbound.sbd.iridium.com [12.47.179.11])
	by mercury.noc.soton.ac.uk (8.13.1/8.12.11) with ESMTP id q4OJ0uTT004089
	for <iridburst@noc.soton.ac.uk>; Thu, 24 May 2012 20:00:57 +0100
Reply-To: <sbdservice@sbd.iridium.com>
From: sbdservice@sbd.iridium.com
To: iridburst@noc.soton.ac.uk
Subject: SBD Msg From Unit: 300224010734970
MIME-Version: 1.0
Content-Type: multipart/mixed;boundary="SBD.Boundary.605592468"
Message-Id: <19740412024625.F2045EC9B773E9E0@istbsp02.sbd.iridium.com>
Date: Thu, 24 May 2012 19:00:56 +0000 (GMT)
X-NOCS-MailScanner-Information: Please contact the ISP for more information
X-NOCS-MailScanner-ID: q4OJ0uTT004089
X-NOCS-MailScanner: Found to be clean
X-NOCS-MailScanner-SpamCheck: not spam (whitelisted),
	SpamAssassin (not cached, score=-6.599, required 5,
	autolearn=not spam, BAYES_00 -2.60, RCVD_IN_DNSWL_MED -4.00)
X-NOCS-MailScanner-From: sbdservice@sbd.iridium.com
X-Spam-Status: No

SBM Message
--SBD.Boundary.605592468
PROCESS /noc/users/iridburst/exec/irid_300224010734970_upd.pl
Last Run  ----1970-01-01 00:00:00 
MONTH  5 
DATA  xxrecord 2012-05-19 03:00:05 :: $W5M5A,120519,030005,660d0028449ce246,1,DAS 2,4901.6547N,1621.8234W,25.9,0,33.1,14.3,10.4,82.1,7.5,10.4,82.3,7.6,1013.9,3.51,6.43,9.5,7,34*61
 
STATION sbdservice
IRID_ID 300224010734970
BODY --

From sbdservice@sbd.iridium.com Thu May 24 21:01:00 2012
Return-Path: <sbdservice@sbd.iridium.com>
Received: from istbsp02.sbd.iridium.com (outbound.sbd.iridium.com [12.47.179.11])
	by mercury.noc.soton.ac.uk (8.13.1/8.12.11) with ESMTP id q4OK0tIg009905
	for <iridburst@noc.soton.ac.uk>; Thu, 24 May 2012 21:00:55 +0100
Reply-To: <sbdservice@sbd.iridium.com>
From: sbdservice@sbd.iridium.com
To: iridburst@noc.soton.ac.uk
Subject: SBD Msg From Unit: 300224010734970
MIME-Version: 1.0
Content-Type: multipart/mixed;boundary="SBD.Boundary.605592468"
Message-Id: <19740412024625.C19A6DD87F504C3F@istbsp02.sbd.iridium.com>
Date: Thu, 24 May 2012 20:00:54 +0000 (GMT)
X-NOCS-MailScanner-Information: Please contact the ISP for more information
X-NOCS-MailScanner-ID: q4OK0tIg009905
X-NOCS-MailScanner: Found to be clean
X-NOCS-MailScanner-SpamCheck: not spam (whitelisted),
	SpamAssassin (not cached, score=-6.599, required 5,
	autolearn=not spam, BAYES_00 -2.60, RCVD_IN_DNSWL_MED -4.00)
X-NOCS-MailScanner-From: sbdservice@sbd.iridium.com
X-Spam-Status: No

SBM Message
--SBD.Boundary.605592468
PROCESS /noc/users/iridburst/exec/irid_300224010734970_upd.pl
Last Run  ----1970-01-01 00:00:00 
MONTH  5 
DATA  xxrecord 2012-05-19 03:00:05 :: $W5M5A,120519,030005,660d0028449ce246,1,DAS 2,4901.6547N,1621.8234W,25.9,0,33.1,14.3,10.4,82.1,7.5,10.4,82.3,7.6,1013.9,3.51,6.43,9.5,7,34*61
 
STATION sbdservice
IRID_ID 300224010734970
BODY --

From sbdservice@sbd.iridium.com Thu May 24 22:00:55 2012
Return-Path: <sbdservice@sbd.iridium.com>
Received: from istbsp02.sbd.iridium.com (outbound.sbd.iridium.com [12.47.179.11])
	by mercury.noc.soton.ac.uk (8.13.1/8.12.11) with ESMTP id q4OL0pBm015140
	for <iridburst@noc.soton.ac.uk>; Thu, 24 May 2012 22:00:51 +0100
Reply-To: <sbdservice@sbd.iridium.com>
From: sbdservice@sbd.iridium.com
To: iridburst@noc.soton.ac.uk
Subject: SBD Msg From Unit: 300224010734970
MIME-Version: 1.0
Content-Type: multipart/mixed;boundary="SBD.Boundary.605592468"
Message-Id: <19740412024625.86807CD9B742E31E@istbsp02.sbd.iridium.com>
Date: Thu, 24 May 2012 21:00:51 +0000 (GMT)
X-NOCS-MailScanner-Information: Please contact the ISP for more information
X-NOCS-MailScanner-ID: q4OL0pBm015140
X-NOCS-MailScanner: Found to be clean
X-NOCS-MailScanner-SpamCheck: not spam (whitelisted),
	SpamAssassin (not cached, score=-6.599, required 5,
	autolearn=not spam, BAYES_00 -2.60, RCVD_IN_DNSWL_MED -4.00)
X-NOCS-MailScanner-From: sbdservice@sbd.iridium.com
X-Spam-Status: No

SBM Message
--SBD.Boundary.605592468
PROCESS /noc/users/iridburst/exec/irid_300224010734970_upd.pl
Last Run  ----1970-01-01 00:00:00 
MONTH  5 
DATA  xxrecord 2012-05-19 03:00:05 :: $W5M5A,120519,030005,660d0028449ce246,1,DAS 2,4901.6547N,1621.8234W,25.9,0,33.1,14.3,10.4,82.1,7.5,10.4,82.3,7.6,1013.9,3.51,6.43,9.5,7,34*61
 
STATION sbdservice
IRID_ID 300224010734970
BODY --

From sbdservice@sbd.iridium.com Thu May 24 23:01:04 2012
Return-Path: <sbdservice@sbd.iridium.com>
Received: from istbsp01.sbd.iridium.com (outbound.sbd.iridium.com [12.47.179.11])
	by mercury.noc.soton.ac.uk (8.13.1/8.12.11) with ESMTP id q4OM0vfE021545
	for <iridburst@noc.soton.ac.uk>; Thu, 24 May 2012 23:00:58 +0100
Reply-To: <sbdservice@sbd.iridium.com>
From: sbdservice@sbd.iridium.com
To: iridburst@noc.soton.ac.uk
Subject: SBD Msg From Unit: 300224010734970
MIME-Version: 1.0
Content-Type: multipart/mixed;boundary="SBD.Boundary.605592468"
Message-Id: <19740412024625.3D7F6FDB770DA7E4@istbsp01.sbd.iridium.com>
Date: Thu, 24 May 2012 22:00:57 +0000 (GMT)
X-NOCS-MailScanner-Information: Please contact the ISP for more information
X-NOCS-MailScanner-ID: q4OM0vfE021545
X-NOCS-MailScanner: Found to be clean
X-NOCS-MailScanner-SpamCheck: not spam (whitelisted),
	SpamAssassin (not cached, score=-6.599, required 5,
	autolearn=not spam, BAYES_00 -2.60, RCVD_IN_DNSWL_MED -4.00)
X-NOCS-MailScanner-From: sbdservice@sbd.iridium.com
X-Spam-Status: No

SBM Message
--SBD.Boundary.605592468
PROCESS /noc/users/iridburst/exec/irid_300224010734970_upd.pl
Last Run  ----1970-01-01 00:00:00 
MONTH  5 
DATA  xxrecord 2012-05-19 03:00:05 :: $W5M5A,120519,030005,660d0028449ce246,1,DAS 2,4901.6547N,1621.8234W,25.9,0,33.1,14.3,10.4,82.1,7.5,10.4,82.3,7.6,1013.9,3.51,6.43,9.5,7,34*61
 
STATION sbdservice
IRID_ID 300224010734970
BODY --

From sbdservice@sbd.iridium.com Fri May 25 00:01:02 2012
Return-Path: <sbdservice@sbd.iridium.com>
Received: from istbsp02.sbd.iridium.com (outbound.sbd.iridium.com [12.47.179.11])
	by mercury.noc.soton.ac.uk (8.13.1/8.12.11) with ESMTP id q4ON0tHg026800
	for <iridburst@noc.soton.ac.uk>; Fri, 25 May 2012 00:00:55 +0100
Reply-To: <sbdservice@sbd.iridium.com>
From: sbdservice@sbd.iridium.com
To: iridburst@noc.soton.ac.uk
Subject: SBD Msg From Unit: 300224010734970
MIME-Version: 1.0
Content-Type: multipart/mixed;boundary="SBD.Boundary.605592468"
Message-Id: <19740412024625.6B435CC9F3619EEC@istbsp02.sbd.iridium.com>
Date: Thu, 24 May 2012 23:00:54 +0000 (GMT)
X-NOCS-MailScanner-Information: Please contact the ISP for more information
X-NOCS-MailScanner-ID: q4ON0tHg026800
X-NOCS-MailScanner: Found to be clean
X-NOCS-MailScanner-SpamCheck: not spam (whitelisted),
	SpamAssassin (not cached, score=-6.599, required 5,
	autolearn=not spam, BAYES_00 -2.60, RCVD_IN_DNSWL_MED -4.00)
X-NOCS-MailScanner-From: sbdservice@sbd.iridium.com
X-Spam-Status: No

SBM Message
--SBD.Boundary.605592468
PROCESS /noc/users/iridburst/exec/irid_300224010734970_upd.pl
Last Run  ----1970-01-01 00:00:00 
MONTH  5 
DATA  xxrecord 2012-05-19 03:00:05 :: $W5M5A,120519,030005,660d0028449ce246,1,DAS 2,4901.6547N,1621.8234W,25.9,0,33.1,14.3,10.4,82.1,7.5,10.4,82.3,7.6,1013.9,3.51,6.43,9.5,7,34*61
 
STATION sbdservice
IRID_ID 300224010734970
BODY --

From sbdservice@sbd.iridium.com Fri May 25 01:01:01 2012
Return-Path: <sbdservice@sbd.iridium.com>
Received: from istbsp01.sbd.iridium.com (outbound.sbd.iridium.com [12.47.179.11])
	by mercury.noc.soton.ac.uk (8.13.1/8.12.11) with ESMTP id q4P00uAF032072
	for <iridburst@noc.soton.ac.uk>; Fri, 25 May 2012 01:00:57 +0100
Reply-To: <sbdservice@sbd.iridium.com>
From: sbdservice@sbd.iridium.com
To: iridburst@noc.soton.ac.uk
Subject: SBD Msg From Unit: 300224010734970
MIME-Version: 1.0
Content-Type: multipart/mixed;boundary="SBD.Boundary.605592468"
Message-Id: <19740412024625.260D5CEABB1E2272@istbsp01.sbd.iridium.com>
Date: Fri, 25 May 2012 00:00:51 +0000 (GMT)
X-NOCS-MailScanner-Information: Please contact the ISP for more information
X-NOCS-MailScanner-ID: q4P00uAF032072
X-NOCS-MailScanner: Found to be clean
X-NOCS-MailScanner-SpamCheck: not spam (whitelisted),
	SpamAssassin (not cached, score=-6.599, required 5,
	autolearn=not spam, BAYES_00 -2.60, RCVD_IN_DNSWL_MED -4.00)
X-NOCS-MailScanner-From: sbdservice@sbd.iridium.com
X-Spam-Status: No

SBM Message
--SBD.Boundary.605592468
PROCESS /noc/users/iridburst/exec/irid_300224010734970_upd.pl
Last Run  ----1970-01-01 00:00:00 
MONTH  5 
DATA  xxrecord 2012-05-19 03:00:05 :: $W5M5A,120519,030005,660d0028449ce246,1,DAS 2,4901.6547N,1621.8234W,25.9,0,33.1,14.3,10.4,82.1,7.5,10.4,82.3,7.6,1013.9,3.51,6.43,9.5,7,34*61
 
STATION sbdservice
IRID_ID 300224010734970
BODY --

From sbdservice@sbd.iridium.com Fri May 25 02:01:02 2012
Return-Path: <sbdservice@sbd.iridium.com>
Received: from istbsp01.sbd.iridium.com (outbound.sbd.iridium.com [12.47.179.11])
	by mercury.noc.soton.ac.uk (8.13.1/8.12.11) with ESMTP id q4P10ush005295
	for <iridburst@noc.soton.ac.uk>; Fri, 25 May 2012 02:00:57 +0100
Reply-To: <sbdservice@sbd.iridium.com>
From: sbdservice@sbd.iridium.com
To: iridburst@noc.soton.ac.uk
Subject: SBD Msg From Unit: 300224010734970
MIME-Version: 1.0
Content-Type: multipart/mixed;boundary="SBD.Boundary.605592468"
Message-Id: <19740412024625.94B66CF93F2E571C@istbsp01.sbd.iridium.com>
Date: Fri, 25 May 2012 01:00:55 +0000 (GMT)
X-NOCS-MailScanner-Information: Please contact the ISP for more information
X-NOCS-MailScanner-ID: q4P10ush005295
X-NOCS-MailScanner: Found to be clean
X-NOCS-MailScanner-SpamCheck: not spam (whitelisted),
	SpamAssassin (not cached, score=-6.599, required 5,
	autolearn=not spam, BAYES_00 -2.60, RCVD_IN_DNSWL_MED -4.00)
X-NOCS-MailScanner-From: sbdservice@sbd.iridium.com
X-Spam-Status: No

SBM Message
--SBD.Boundary.605592468
PROCESS /noc/users/iridburst/exec/irid_300224010734970_upd.pl
Last Run  ----1970-01-01 00:00:00 
MONTH  5 
DATA  xxrecord 2012-05-19 03:00:05 :: $W5M5A,120519,030005,660d0028449ce246,1,DAS 2,4901.6547N,1621.8234W,25.9,0,33.1,14.3,10.4,82.1,7.5,10.4,82.3,7.6,1013.9,3.51,6.43,9.5,7,34*61
 
STATION sbdservice
IRID_ID 300224010734970
BODY --

From sbdservice@sbd.iridium.com Fri May 25 03:01:00 2012
Return-Path: <sbdservice@sbd.iridium.com>
Received: from istbsp01.sbd.iridium.com (outbound.sbd.iridium.com [12.47.179.11])
	by mercury.noc.soton.ac.uk (8.13.1/8.12.11) with ESMTP id q4P20uO5010730
	for <iridburst@noc.soton.ac.uk>; Fri, 25 May 2012 03:00:57 +0100
Reply-To: <sbdservice@sbd.iridium.com>
From: sbdservice@sbd.iridium.com
To: iridburst@noc.soton.ac.uk
Subject: SBD Msg From Unit: 300224010734970
MIME-Version: 1.0
Content-Type: multipart/mixed;boundary="SBD.Boundary.605592468"
Message-Id: <19740412024625.86624CEAFF1F5C46@istbsp01.sbd.iridium.com>
Date: Fri, 25 May 2012 02:00:54 +0000 (GMT)
X-NOCS-MailScanner-Information: Please contact the ISP for more information
X-NOCS-MailScanner-ID: q4P20uO5010730
X-NOCS-MailScanner: Found to be clean
X-NOCS-MailScanner-SpamCheck: not spam (whitelisted),
	SpamAssassin (not cached, score=-6.599, required 5,
	autolearn=not spam, BAYES_00 -2.60, RCVD_IN_DNSWL_MED -4.00)
X-NOCS-MailScanner-From: sbdservice@sbd.iridium.com
X-Spam-Status: No

SBM Message
--SBD.Boundary.605592468
PROCESS /noc/users/iridburst/exec/irid_300224010734970_upd.pl
Last Run  ----1970-01-01 00:00:00 
MONTH  5 
DATA  xxrecord 2012-05-19 03:00:05 :: $W5M5A,120519,030005,660d0028449ce246,1,DAS 2,4901.6547N,1621.8234W,25.9,0,33.1,14.3,10.4,82.1,7.5,10.4,82.3,7.6,1013.9,3.51,6.43,9.5,7,34*61
 
STATION sbdservice
IRID_ID 300224010734970
BODY --

From sbdservice@sbd.iridium.com Fri May 25 04:01:00 2012
Return-Path: <sbdservice@sbd.iridium.com>
Received: from istbsp02.sbd.iridium.com (outbound.sbd.iridium.com [12.47.179.11])
	by mercury.noc.soton.ac.uk (8.13.1/8.12.11) with ESMTP id q4P30umQ016169
	for <iridburst@noc.soton.ac.uk>; Fri, 25 May 2012 04:00:56 +0100
Reply-To: <sbdservice@sbd.iridium.com>
From: sbdservice@sbd.iridium.com
To: iridburst@noc.soton.ac.uk
Subject: SBD Msg From Unit: 300224010734970
MIME-Version: 1.0
Content-Type: multipart/mixed;boundary="SBD.Boundary.605592468"
Message-Id: <19740412024625.85377EDB335044C8@istbsp02.sbd.iridium.com>
Date: Fri, 25 May 2012 03:00:55 +0000 (GMT)
X-NOCS-MailScanner-Information: Please contact the ISP for more information
X-NOCS-MailScanner-ID: q4P30umQ016169
X-NOCS-MailScanner: Found to be clean
X-NOCS-MailScanner-SpamCheck: not spam (whitelisted),
	SpamAssassin (not cached, score=-6.599, required 5,
	autolearn=not spam, BAYES_00 -2.60, RCVD_IN_DNSWL_MED -4.00)
X-NOCS-MailScanner-From: sbdservice@sbd.iridium.com
X-Spam-Status: No

SBM Message
--SBD.Boundary.605592468
PROCESS /noc/users/iridburst/exec/irid_300224010734970_upd.pl
Last Run  ----1970-01-01 00:00:00 
MONTH  5 
DATA  xxrecord 2012-05-19 03:00:05 :: $W5M5A,120519,030005,660d0028449ce246,1,DAS 2,4901.6547N,1621.8234W,25.9,0,33.1,14.3,10.4,82.1,7.5,10.4,82.3,7.6,1013.9,3.51,6.43,9.5,7,34*61
 
STATION sbdservice
IRID_ID 300224010734970
BODY --

From sbdservice@sbd.iridium.com Fri May 25 05:01:00 2012
Return-Path: <sbdservice@sbd.iridium.com>
Received: from istbsp01.sbd.iridium.com (outbound.sbd.iridium.com [12.47.179.11])
	by mercury.noc.soton.ac.uk (8.13.1/8.12.11) with ESMTP id q4P40rr7021865
	for <iridburst@noc.soton.ac.uk>; Fri, 25 May 2012 05:00:54 +0100
Reply-To: <sbdservice@sbd.iridium.com>
From: sbdservice@sbd.iridium.com
To: iridburst@noc.soton.ac.uk
Subject: SBD Msg From Unit: 300224010734970
MIME-Version: 1.0
Content-Type: multipart/mixed;boundary="SBD.Boundary.605592468"
Message-Id: <19740412024625.E50F7ED9BF2F2781@istbsp01.sbd.iridium.com>
Date: Fri, 25 May 2012 04:00:53 +0000 (GMT)
X-NOCS-MailScanner-Information: Please contact the ISP for more information
X-NOCS-MailScanner-ID: q4P40rr7021865
X-NOCS-MailScanner: Found to be clean
X-NOCS-MailScanner-SpamCheck: not spam (whitelisted),
	SpamAssassin (not cached, score=-6.599, required 5,
	autolearn=not spam, BAYES_00 -2.60, RCVD_IN_DNSWL_MED -4.00)
X-NOCS-MailScanner-From: sbdservice@sbd.iridium.com
X-Spam-Status: No

SBM Message
--SBD.Boundary.605592468
PROCESS /noc/users/iridburst/exec/irid_300224010734970_upd.pl
Last Run  ----1970-01-01 00:00:00 
MONTH  5 
DATA  xxrecord 2012-05-19 03:00:05 :: $W5M5A,120519,030005,660d0028449ce246,1,DAS 2,4901.6547N,1621.8234W,25.9,0,33.1,14.3,10.4,82.1,7.5,10.4,82.3,7.6,1013.9,3.51,6.43,9.5,7,34*61
 
STATION sbdservice
IRID_ID 300224010734970
BODY --

From sbdservice@sbd.iridium.com Fri May 25 06:00:53 2012
Return-Path: <sbdservice@sbd.iridium.com>
Received: from istbsp01.sbd.iridium.com (outbound.sbd.iridium.com [12.47.179.11])
	by mercury.noc.soton.ac.uk (8.13.1/8.12.11) with ESMTP id q4P50mHk027148
	for <iridburst@noc.soton.ac.uk>; Fri, 25 May 2012 06:00:49 +0100
Reply-To: <sbdservice@sbd.iridium.com>
From: sbdservice@sbd.iridium.com
To: iridburst@noc.soton.ac.uk
Subject: SBD Msg From Unit: 300224010734970
MIME-Version: 1.0
Content-Type: multipart/mixed;boundary="SBD.Boundary.605592468"
Message-Id: <19740412024625.D7565DDBB73F2954@istbsp01.sbd.iridium.com>
Date: Fri, 25 May 2012 05:00:47 +0000 (GMT)
X-NOCS-MailScanner-Information: Please contact the ISP for more information
X-NOCS-MailScanner-ID: q4P50mHk027148
X-NOCS-MailScanner: Found to be clean
X-NOCS-MailScanner-SpamCheck: not spam (whitelisted),
	SpamAssassin (not cached, score=-6.599, required 5,
	autolearn=not spam, BAYES_00 -2.60, RCVD_IN_DNSWL_MED -4.00)
X-NOCS-MailScanner-From: sbdservice@sbd.iridium.com
X-Spam-Status: No

SBM Message
--SBD.Boundary.605592468
PROCESS /noc/users/iridburst/exec/irid_300224010734970_upd.pl
Last Run  ----1970-01-01 00:00:00 
MONTH  5 
DATA  xxrecord 2012-05-19 03:00:05 :: $W5M5A,120519,030005,660d0028449ce246,1,DAS 2,4901.6547N,1621.8234W,25.9,0,33.1,14.3,10.4,82.1,7.5,10.4,82.3,7.6,1013.9,3.51,6.43,9.5,7,34*61
 
STATION sbdservice
IRID_ID 300224010734970
BODY --

From sbdservice@sbd.iridium.com Fri May 25 07:00:55 2012
Return-Path: <sbdservice@sbd.iridium.com>
Received: from istbsp01.sbd.iridium.com (outbound.sbd.iridium.com [12.47.179.11])
	by mercury.noc.soton.ac.uk (8.13.1/8.12.11) with ESMTP id q4P60oPN002428
	for <iridburst@noc.soton.ac.uk>; Fri, 25 May 2012 07:00:50 +0100
Reply-To: <sbdservice@sbd.iridium.com>
From: sbdservice@sbd.iridium.com
To: iridburst@noc.soton.ac.uk
Subject: SBD Msg From Unit: 300224010734970
MIME-Version: 1.0
Content-Type: multipart/mixed;boundary="SBD.Boundary.605592468"
Message-Id: <19740412024625.C0994FFBF30FC514@istbsp01.sbd.iridium.com>
Date: Fri, 25 May 2012 06:00:50 +0000 (GMT)
X-NOCS-MailScanner-Information: Please contact the ISP for more information
X-NOCS-MailScanner-ID: q4P60oPN002428
X-NOCS-MailScanner: Found to be clean
X-NOCS-MailScanner-SpamCheck: not spam (whitelisted),
	SpamAssassin (not cached, score=-6.599, required 5,
	autolearn=not spam, BAYES_00 -2.60, RCVD_IN_DNSWL_MED -4.00)
X-NOCS-MailScanner-From: sbdservice@sbd.iridium.com
X-Spam-Status: No

SBM Message
--SBD.Boundary.605592468
PROCESS /noc/users/iridburst/exec/irid_300224010734970_upd.pl
Last Run  ----1970-01-01 00:00:00 
MONTH  5 
DATA  xxrecord 2012-05-19 03:00:05 :: $W5M5A,120519,030005,660d0028449ce246,1,DAS 2,4901.6547N,1621.8234W,25.9,0,33.1,14.3,10.4,82.1,7.5,10.4,82.3,7.6,1013.9,3.51,6.43,9.5,7,34*61
 
STATION sbdservice
IRID_ID 300224010734970
BODY --

From sbdservice@sbd.iridium.com Fri May 25 08:00:58 2012
Return-Path: <sbdservice@sbd.iridium.com>
Received: from istbsp01.sbd.iridium.com (outbound.sbd.iridium.com [12.47.179.11])
	by mercury.noc.soton.ac.uk (8.13.1/8.12.11) with ESMTP id q4P70rij008445
	for <iridburst@noc.soton.ac.uk>; Fri, 25 May 2012 08:00:54 +0100
Reply-To: <sbdservice@sbd.iridium.com>
From: sbdservice@sbd.iridium.com
To: iridburst@noc.soton.ac.uk
Subject: SBD Msg From Unit: 300224010734970
MIME-Version: 1.0
Content-Type: multipart/mixed;boundary="SBD.Boundary.605592468"
Message-Id: <19740412024625.D4455FF8FB1CE810@istbsp01.sbd.iridium.com>
Date: Fri, 25 May 2012 07:00:53 +0000 (GMT)
X-NOCS-MailScanner-Information: Please contact the ISP for more information
X-NOCS-MailScanner-ID: q4P70rij008445
X-NOCS-MailScanner: Found to be clean
X-NOCS-MailScanner-SpamCheck: not spam (whitelisted),
	SpamAssassin (not cached, score=-6.599, required 5,
	autolearn=not spam, BAYES_00 -2.60, RCVD_IN_DNSWL_MED -4.00)
X-NOCS-MailScanner-From: sbdservice@sbd.iridium.com
X-Spam-Status: No

SBM Message
--SBD.Boundary.605592468
PROCESS /noc/users/iridburst/exec/irid_300224010734970_upd.pl
Last Run  ----1970-01-01 00:00:00 
MONTH  5 
DATA  xxrecord 2012-05-19 03:00:05 :: $W5M5A,120519,030005,660d0028449ce246,1,DAS 2,4901.6547N,1621.8234W,25.9,0,33.1,14.3,10.4,82.1,7.5,10.4,82.3,7.6,1013.9,3.51,6.43,9.5,7,34*61
 
STATION sbdservice
IRID_ID 300224010734970
BODY --

From sbdservice@sbd.iridium.com Fri May 25 09:01:08 2012
Return-Path: <sbdservice@sbd.iridium.com>
Received: from istbsp01.sbd.iridium.com (outbound.sbd.iridium.com [12.47.179.11])
	by mercury.noc.soton.ac.uk (8.13.1/8.12.11) with ESMTP id q4P8145c020622
	for <iridburst@noc.soton.ac.uk>; Fri, 25 May 2012 09:01:05 +0100
Reply-To: <sbdservice@sbd.iridium.com>
From: sbdservice@sbd.iridium.com
To: iridburst@noc.soton.ac.uk
Subject: SBD Msg From Unit: 300224010734970
MIME-Version: 1.0
Content-Type: multipart/mixed;boundary="SBD.Boundary.605592468"
Message-Id: <19740412024625.4FA67CEABF3DB84F@istbsp01.sbd.iridium.com>
Date: Fri, 25 May 2012 08:01:03 +0000 (GMT)
X-NOCS-MailScanner-Information: Please contact the ISP for more information
X-NOCS-MailScanner-ID: q4P8145c020622
X-NOCS-MailScanner: Found to be clean
X-NOCS-MailScanner-SpamCheck: not spam (whitelisted),
	SpamAssassin (not cached, score=-6.599, required 5,
	autolearn=not spam, BAYES_00 -2.60, RCVD_IN_DNSWL_MED -4.00)
X-NOCS-MailScanner-From: sbdservice@sbd.iridium.com
X-Spam-Status: No

SBM Message
--SBD.Boundary.605592468
PROCESS /noc/users/iridburst/exec/irid_300224010734970_upd.pl
Last Run  ----1970-01-01 00:00:00 
MONTH  5 
DATA  xxrecord 2012-05-19 03:00:05 :: $W5M5A,120519,030005,660d0028449ce246,1,DAS 2,4901.6547N,1621.8234W,25.9,0,33.1,14.3,10.4,82.1,7.5,10.4,82.3,7.6,1013.9,3.51,6.43,9.5,7,34*61
 
STATION sbdservice
IRID_ID 300224010734970
BODY 
Content-Type: text/plain;charset=US-ASCII
Content-Disposition: inline
Content-Transfer-Encoding: 7bit

MOMSN: 3547
MTMSN: 0
Time of Session (UTC): Fri May 25 08:01:43 2012
Session Status: 00 - Transfer OK
Message Size (bytes): 1960

Unit Location: Lat = 49.009277 Long = -16.290818
CEPradius = 5



-- 
This message has been scanned for viruses and
dangerous content by MailScanner, and is
believed to be clean.


--SBD.Boundary.605592468
PROCESS /noc/users/iridburst/exec/irid_300224010734970_upd.pl
Last Run  ----1970-01-01 00:00:00 
MONTH  5 
DATA  xxrecord 2012-05-19 03:00:05 :: $W5M5A,120519,030005,660d0028449ce246,1,DAS 2,4901.6547N,1621.8234W,25.9,0,33.1,14.3,10.4,82.1,7.5,10.4,82.3,7.6,1013.9,3.51,6.43,9.5,7,34*61
 
STATION sbdservice
IRID_ID 300224010734970
BODY 
Content-Type: text/plain;charset=US-ASCII
Content-Disposition: inline
Content-Transfer-Encoding: 7bit

MOMSN: 3548
MTMSN: 0
Time of Session (UTC): Fri May 25 09:00:36 2012
Session Status: 00 - Transfer OK
Message Size (bytes): 1960

Unit Location: Lat = 49.035341 Long = -16.306167
CEPradius = 4



-- 
This message has been scanned for viruses and
dangerous content by MailScanner, and is
believed to be clean.


--SBD.Boundary.605592468
PROCESS /noc/users/iridburst/exec/irid_300224010734970_upd.pl
Last Run  ----1970-01-01 00:00:00 
MONTH  5 
DATA  xxrecord 2012-05-19 03:00:05 :: $W5M5A,120519,030005,660d0028449ce246,1,DAS 2,4901.6547N,1621.8234W,25.9,0,33.1,14.3,10.4,82.1,7.5,10.4,82.3,7.6,1013.9,3.51,6.43,9.5,7,34*61
 
STATION sbdservice
IRID_ID 300224010734970
BODY 
Content-Type: text/plain;charset=US-ASCII
Content-Disposition: inline
Content-Transfer-Encoding: 7bit

MOMSN: 3549
MTMSN: 0
Time of Session (UTC): Fri May 25 10:00:36 2012
Session Status: 00 - Transfer OK
Message Size (bytes): 1960

Unit Location: Lat = 49.112915 Long = -18.521629
CEPradius = 173



-- 
This message has been scanned for viruses and
dangerous content by MailScanner, and is
believed to be clean.


--SBD.Boundary.605592468
PROCESS /noc/users/iridburst/exec/irid_300224010734970_upd.pl
Last Run  ----1970-01-01 00:00:00 
MONTH  5 
DATA  xxrecord 2012-05-19 03:00:05 :: $W5M5A,120519,030005,660d0028449ce246,1,DAS 2,4901.6547N,1621.8234W,25.9,0,33.1,14.3,10.4,82.1,7.5,10.4,82.3,7.6,1013.9,3.51,6.43,9.5,7,34*61
 
STATION sbdservice
IRID_ID 300224010734970
BODY 
Content-Type: text/plain;charset=US-ASCII
Content-Disposition: inline
Content-Transfer-Encoding: 7bit

MOMSN: 3550
MTMSN: 0
Time of Session (UTC): Fri May 25 11:00:35 2012
Session Status: 00 - Transfer OK
Message Size (bytes): 1960

Unit Location: Lat = 48.978050 Long = -16.343277
CEPradius = 3



-- 
This message has been scanned for viruses and
dangerous content by MailScanner, and is
believed to be clean.


--SBD.Boundary.605592468
PROCESS /noc/users/iridburst/exec/irid_300224010734970_upd.pl
Last Run  ----1970-01-01 00:00:00 
MONTH  5 
DATA  xxrecord 2012-05-19 03:00:05 :: $W5M5A,120519,030005,660d0028449ce246,1,DAS 2,4901.6547N,1621.8234W,25.9,0,33.1,14.3,10.4,82.1,7.5,10.4,82.3,7.6,1013.9,3.51,6.43,9.5,7,34*61
 
STATION sbdservice
IRID_ID 300224010734970
BODY 
Content-Type: text/plain;charset=US-ASCII
Content-Disposition: inline
Content-Transfer-Encoding: 7bit

MOMSN: 3551
MTMSN: 0
Time of Session (UTC): Fri May 25 12:00:31 2012
Session Status: 00 - Transfer OK
Message Size (bytes): 1960

Unit Location: Lat = 48.963779 Long = -16.050443
CEPradius = 100



-- 
This message has been scanned for viruses and
dangerous content by MailScanner, and is
believed to be clean.


--SBD.Boundary.605592468
PROCESS /noc/users/iridburst/exec/irid_300224010734970_upd.pl
Last Run  ----1970-01-01 00:00:00 
MONTH  5 
DATA  xxrecord 2012-05-19 03:00:05 :: $W5M5A,120519,030005,660d0028449ce246,1,DAS 2,4901.6547N,1621.8234W,25.9,0,33.1,14.3,10.4,82.1,7.5,10.4,82.3,7.6,1013.9,3.51,6.43,9.5,7,34*61
 
STATION sbdservice
IRID_ID 300224010734970
BODY 
Content-Type: text/plain;charset=US-ASCII
Content-Disposition: inline
Content-Transfer-Encoding: 7bit

MOMSN: 3552
MTMSN: 0
Time of Session (UTC): Fri May 25 13:00:36 2012
Session Status: 00 - Transfer OK
Message Size (bytes): 1960

Unit Location: Lat = 49.009277 Long = -16.290818
CEPradius = 2



-- 
This message has been scanned for viruses and
dangerous content by MailScanner, and is
believed to be clean.


--SBD.Boundary.605592468
PROCESS /noc/users/iridburst/exec/irid_300224010734970_upd.pl
Last Run  ----1970-01-01 00:00:00 
MONTH  5 
DATA  xxrecord 2012-05-19 03:00:05 :: $W5M5A,120519,030005,660d0028449ce246,1,DAS 2,4901.6547N,1621.8234W,25.9,0,33.1,14.3,10.4,82.1,7.5,10.4,82.3,7.6,1013.9,3.51,6.43,9.5,7,34*61
 
STATION sbdservice
IRID_ID 300224010734970
BODY 
Content-Type: text/plain;charset=US-ASCII
Content-Disposition: inline
Content-Transfer-Encoding: 7bit

MOMSN: 3553
MTMSN: 0
Time of Session (UTC): Fri May 25 14:00:37 2012
Session Status: 00 - Transfer OK
Message Size (bytes): 1960

Unit Location: Lat = 49.027703 Long = -16.358670
CEPradius = 3



-- 
This message has been scanned for viruses and
dangerous content by MailScanner, and is
believed to be clean.


--SBD.Boundary.605592468
PROCESS /noc/users/iridburst/exec/irid_300224010734970_upd.pl
Last Run  ----1970-01-01 00:00:00 
MONTH  5 
DATA  xxrecord 2012-05-19 03:00:05 :: $W5M5A,120519,030005,660d0028449ce246,1,DAS 2,4901.6547N,1621.8234W,25.9,0,33.1,14.3,10.4,82.1,7.5,10.4,82.3,7.6,1013.9,3.51,6.43,9.5,7,34*61
 
STATION sbdservice
IRID_ID 300224010734970
BODY 
Content-Type: text/plain;charset=US-ASCII
Content-Disposition: inline
Content-Transfer-Encoding: 7bit

MOMSN: 3554
MTMSN: 0
Time of Session (UTC): Fri May 25 15:00:34 2012
Session Status: 00 - Transfer OK
Message Size (bytes): 1960

Unit Location: Lat = 49.035341 Long = -16.306167
CEPradius = 7



-- 
This message has been scanned for viruses and
dangerous content by MailScanner, and is
believed to be clean.


--SBD.Boundary.605592468
PROCESS /noc/users/iridburst/exec/irid_300224010734970_upd.pl
Last Run  ----1970-01-01 00:00:00 
MONTH  5 
DATA  xxrecord 2012-05-19 03:00:05 :: $W5M5A,120519,030005,660d0028449ce246,1,DAS 2,4901.6547N,1621.8234W,25.9,0,33.1,14.3,10.4,82.1,7.5,10.4,82.3,7.6,1013.9,3.51,6.43,9.5,7,34*61
 
STATION sbdservice
IRID_ID 300224010734970
BODY 
Content-Type: text/plain;charset=US-ASCII
Content-Disposition: inline
Content-Transfer-Encoding: 7bit

MOMSN: 3555
MTMSN: 0
Time of Session (UTC): Fri May 25 16:00:36 2012
Session Status: 00 - Transfer OK
Message Size (bytes): 1960

Unit Location: Lat = 49.020042 Long = -16.411144
CEPradius = 2



-- 
This message has been scanned for viruses and
dangerous content by MailScanner, and is
believed to be clean.


--SBD.Boundary.605592468
PROCESS /noc/users/iridburst/exec/irid_300224010734970_upd.pl
Last Run  ----1970-01-01 00:00:00 
MONTH  5 
DATA  xxrecord 2012-05-19 03:00:05 :: $W5M5A,120519,030005,660d0028449ce246,1,DAS 2,4901.6547N,1621.8234W,25.9,0,33.1,14.3,10.4,82.1,7.5,10.4,82.3,7.6,1013.9,3.51,6.43,9.5,7,34*61
 
STATION sbdservice
IRID_ID 300224010734970
BODY 
Content-Type: text/plain;charset=US-ASCII
Content-Disposition: inline
Content-Transfer-Encoding: 7bit

MOMSN: 3556
MTMSN: 0
Time of Session (UTC): Fri May 25 17:00:31 2012
Session Status: 00 - Transfer OK
Message Size (bytes): 1960

Unit Location: Lat = 49.009277 Long = -16.290818
CEPradius = 3



-- 
This message has been scanned for viruses and
dangerous content by MailScanner, and is
believed to be clean.


--SBD.Boundary.605592468
PROCESS /noc/users/iridburst/exec/irid_300224010734970_upd.pl
Last Run  ----1970-01-01 00:00:00 
MONTH  5 
DATA  xxrecord 2012-05-19 03:00:05 :: $W5M5A,120519,030005,660d0028449ce246,1,DAS 2,4901.6547N,1621.8234W,25.9,0,33.1,14.3,10.4,82.1,7.5,10.4,82.3,7.6,1013.9,3.51,6.43,9.5,7,34*61
 
STATION sbdservice
IRID_ID 300224010734970
BODY 
Content-Type: text/plain;charset=US-ASCII
Content-Disposition: inline
Content-Transfer-Encoding: 7bit

MOMSN: 3557
MTMSN: 0
Time of Session (UTC): Fri May 25 18:00:34 2012
Session Status: 00 - Transfer OK
Message Size (bytes): 1960

Unit Location: Lat = 49.077345 Long = -16.374091
CEPradius = 5



-- 
This message has been scanned for viruses and
dangerous content by MailScanner, and is
believed to be clean.


--SBD.Boundary.605592468
PROCESS /noc/users/iridburst/exec/irid_300224010734970_upd.pl
Last Run  ----1970-01-01 00:00:00 
MONTH  5 
DATA  xxrecord 2012-05-19 03:00:05 :: $W5M5A,120519,030005,660d0028449ce246,1,DAS 2,4901.6547N,1621.8234W,25.9,0,33.1,14.3,10.4,82.1,7.5,10.4,82.3,7.6,1013.9,3.51,6.43,9.5,7,34*61
 
STATION sbdservice
IRID_ID 300224010734970
BODY 
Content-Type: text/plain;charset=US-ASCII
Content-Disposition: inline
Content-Transfer-Encoding: 7bit

MOMSN: 3558
MTMSN: 0
Time of Session (UTC): Fri May 25 19:00:37 2012
Session Status: 00 - Transfer OK
Message Size (bytes): 1960

Unit Location: Lat = 49.155800 Long = -13.397580
CEPradius = 226



-- 
This message has been scanned for viruses and
dangerous content by MailScanner, and is
believed to be clean.


--SBD.Boundary.605592468
PROCESS /noc/users/iridburst/exec/irid_300224010734970_upd.pl
Last Run  ----1970-01-01 00:00:00 
MONTH  5 
DATA  xxrecord 2012-05-19 03:00:05 :: $W5M5A,120519,030005,660d0028449ce246,1,DAS 2,4901.6547N,1621.8234W,25.9,0,33.1,14.3,10.4,82.1,7.5,10.4,82.3,7.6,1013.9,3.51,6.43,9.5,7,34*61
 
STATION sbdservice
IRID_ID 300224010734970
BODY 
Content-Type: text/plain;charset=US-ASCII
Content-Disposition: inline
Content-Transfer-Encoding: 7bit

MOMSN: 3559
MTMSN: 0
Time of Session (UTC): Fri May 25 20:00:38 2012
Session Status: 00 - Transfer OK
Message Size (bytes): 1960

Unit Location: Lat = 49.020042 Long = -16.411144
CEPradius = 2



-- 
This message has been scanned for viruses and
dangerous content by MailScanner, and is
believed to be clean.


--SBD.Boundary.605592468
PROCESS /noc/users/iridburst/exec/irid_300224010734970_upd.pl
Last Run  ----1970-01-01 00:00:00 
MONTH  5 
DATA  xxrecord 2012-05-19 03:00:05 :: $W5M5A,120519,030005,660d0028449ce246,1,DAS 2,4901.6547N,1621.8234W,25.9,0,33.1,14.3,10.4,82.1,7.5,10.4,82.3,7.6,1013.9,3.51,6.43,9.5,7,34*61
 
STATION sbdservice
IRID_ID 300224010734970
BODY 
Content-Type: text/plain;charset=US-ASCII
Content-Disposition: inline
Content-Transfer-Encoding: 7bit

MOMSN: 3560
MTMSN: 0
Time of Session (UTC): Fri May 25 21:00:34 2012
Session Status: 00 - Transfer OK
Message Size (bytes): 1960

Unit Location: Lat = 49.035341 Long = -16.306167
CEPradius = 3



-- 
This message has been scanned for viruses and
dangerous content by MailScanner, and is
believed to be clean.


--SBD.Boundary.605592468
PROCESS /noc/users/iridburst/exec/irid_300224010734970_upd.pl
Last Run  ----1970-01-01 00:00:00 
MONTH  5 
DATA  xxrecord 2012-05-19 03:00:05 :: $W5M5A,120519,030005,660d0028449ce246,1,DAS 2,4901.6547N,1621.8234W,25.9,0,33.1,14.3,10.4,82.1,7.5,10.4,82.3,7.6,1013.9,3.51,6.43,9.5,7,34*61
 
STATION sbdservice
IRID_ID 300224010734970
BODY 
Content-Type: text/plain;charset=US-ASCII
Content-Disposition: inline
Content-Transfer-Encoding: 7bit

MOMSN: 3561
MTMSN: 0
Time of Session (UTC): Fri May 25 22:00:35 2012
Session Status: 00 - Transfer OK
Message Size (bytes): 1960

Unit Location: Lat = 49.035341 Long = -16.306167
CEPradius = 2



-- 
This message has been scanned for viruses and
dangerous content by MailScanner, and is
believed to be clean.


--SBD.Boundary.605592468
PROCESS /noc/users/iridburst/exec/irid_300224010734970_upd.pl
Last Run  ----1970-01-01 00:00:00 
MONTH  5 
DATA  xxrecord 2012-05-19 03:00:05 :: $W5M5A,120519,030005,660d0028449ce246,1,DAS 2,4901.6547N,1621.8234W,25.9,0,33.1,14.3,10.4,82.1,7.5,10.4,82.3,7.6,1013.9,3.51,6.43,9.5,7,34*61
 
STATION sbdservice
IRID_ID 300224010734970
BODY 
Content-Type: text/plain;charset=US-ASCII
Content-Disposition: inline
Content-Transfer-Encoding: 7bit

MOMSN: 3562
MTMSN: 0
Time of Session (UTC): Fri May 25 23:00:33 2012
Session Status: 00 - Transfer OK
Message Size (bytes): 1960

Unit Location: Lat = 49.020042 Long = -16.411144
CEPradius = 2



-- 
This message has been scanned for viruses and
dangerous content by MailScanner, and is
believed to be clean.


--SBD.Boundary.605592468
PROCESS /noc/users/iridburst/exec/irid_300224010734970_upd.pl
Last Run  ----1970-01-01 00:00:00 
MONTH  5 
DATA  xxrecord 2012-05-19 03:00:05 :: $W5M5A,120519,030005,660d0028449ce246,1,DAS 2,4901.6547N,1621.8234W,25.9,0,33.1,14.3,10.4,82.1,7.5,10.4,82.3,7.6,1013.9,3.51,6.43,9.5,7,34*61
 
STATION sbdservice
IRID_ID 300224010734970
BODY 
Content-Type: text/plain;charset=US-ASCII
Content-Disposition: inline
Content-Transfer-Encoding: 7bit

MOMSN: 3563
MTMSN: 0
Time of Session (UTC): Sat May 26 00:00:30 2012
Session Status: 00 - Transfer OK
Message Size (bytes): 1960

Unit Location: Lat = 49.020042 Long = -16.411144
CEPradius = 3



-- 
This message has been scanned for viruses and
dangerous content by MailScanner, and is
believed to be clean.


--SBD.Boundary.605592468
PROCESS /noc/users/iridburst/exec/irid_300224010734970_upd.pl
Last Run  ----1970-01-01 00:00:00 
MONTH  5 
DATA  xxrecord 2012-05-19 03:00:05 :: $W5M5A,120519,030005,660d0028449ce246,1,DAS 2,4901.6547N,1621.8234W,25.9,0,33.1,14.3,10.4,82.1,7.5,10.4,82.3,7.6,1013.9,3.51,6.43,9.5,7,34*61
 
STATION sbdservice
IRID_ID 300224010734970
BODY 
Content-Type: text/plain;charset=US-ASCII
Content-Disposition: inline
Content-Transfer-Encoding: 7bit

MOMSN: 3564
MTMSN: 0
Time of Session (UTC): Sat May 26 01:00:37 2012
Session Status: 00 - Transfer OK
Message Size (bytes): 1960

Unit Location: Lat = 49.020042 Long = -16.411144
CEPradius = 4



-- 
This message has been scanned for viruses and
dangerous content by MailScanner, and is
believed to be clean.


--SBD.Boundary.605592468
PROCESS /noc/users/iridburst/exec/irid_300224010734970_upd.pl
Last Run  ----1970-01-01 00:00:00 
MONTH  5 
DATA  xxrecord 2012-05-19 03:00:05 :: $W5M5A,120519,030005,660d0028449ce246,1,DAS 2,4901.6547N,1621.8234W,25.9,0,33.1,14.3,10.4,82.1,7.5,10.4,82.3,7.6,1013.9,3.51,6.43,9.5,7,34*61
 
STATION sbdservice
IRID_ID 300224010734970
BODY 
Content-Type: text/plain;charset=US-ASCII
Content-Disposition: inline
Content-Transfer-Encoding: 7bit

MOMSN: 3565
MTMSN: 0
Time of Session (UTC): Sat May 26 02:00:34 2012
Session Status: 00 - Transfer OK
Message Size (bytes): 1960

Unit Location: Lat = 49.077345 Long = -16.374091
CEPradius = 5



-- 
This message has been scanned for viruses and
dangerous content by MailScanner, and is
believed to be clean.


--SBD.Boundary.605592468
PROCESS /noc/users/iridburst/exec/irid_300224010734970_upd.pl
Last Run  ----1970-01-01 00:00:00 
MONTH  5 
DATA  xxrecord 2012-05-19 03:00:05 :: $W5M5A,120519,030005,660d0028449ce246,1,DAS 2,4901.6547N,1621.8234W,25.9,0,33.1,14.3,10.4,82.1,7.5,10.4,82.3,7.6,1013.9,3.51,6.43,9.5,7,34*61
 
STATION sbdservice
IRID_ID 300224010734970
BODY 
Content-Type: text/plain;charset=US-ASCII
Content-Disposition: inline
Content-Transfer-Encoding: 7bit

MOMSN: 3566
MTMSN: 0
Time of Session (UTC): Sat May 26 03:00:33 2012
Session Status: 00 - Transfer OK
Message Size (bytes): 1960

Unit Location: Lat = 49.009277 Long = -16.290818
CEPradius = 3



-- 
This message has been scanned for viruses and
dangerous content by MailScanner, and is
believed to be clean.


--SBD.Boundary.605592468
PROCESS /noc/users/iridburst/exec/irid_300224010734970_upd.pl
Last Run  ----1970-01-01 00:00:00 
MONTH  5 
DATA  xxrecord 2012-05-19 03:00:05 :: $W5M5A,120519,030005,660d0028449ce246,1,DAS 2,4901.6547N,1621.8234W,25.9,0,33.1,14.3,10.4,82.1,7.5,10.4,82.3,7.6,1013.9,3.51,6.43,9.5,7,34*61
 
STATION sbdservice
IRID_ID 300224010734970
BODY 
Content-Type: text/plain;charset=US-ASCII
Content-Disposition: inline
Content-Transfer-Encoding: 7bit

MOMSN: 3567
MTMSN: 0
Time of Session (UTC): Sat May 26 04:00:39 2012
Session Status: 00 - Transfer OK
Message Size (bytes): 1960

Unit Location: Lat = 48.994004 Long = -16.395707
CEPradius = 3



-- 
This message has been scanned for viruses and
dangerous content by MailScanner, and is
believed to be clean.


--SBD.Boundary.605592468
PROCESS /noc/users/iridburst/exec/irid_300224010734970_upd.pl
Last Run  ----1970-01-01 00:00:00 
MONTH  5 
DATA  xxrecord 2012-05-19 03:00:05 :: $W5M5A,120519,030005,660d0028449ce246,1,DAS 2,4901.6547N,1621.8234W,25.9,0,33.1,14.3,10.4,82.1,7.5,10.4,82.3,7.6,1013.9,3.51,6.43,9.5,7,34*61
 
STATION sbdservice
IRID_ID 300224010734970
BODY 
Content-Type: text/plain;charset=US-ASCII
Content-Disposition: inline
Content-Transfer-Encoding: 7bit

MOMSN: 3568
MTMSN: 0
Time of Session (UTC): Sat May 26 05:00:38 2012
Session Status: 00 - Transfer OK
Message Size (bytes): 1960

Unit Location: Lat = 49.027703 Long = -16.358670
CEPradius = 5



-- 
This message has been scanned for viruses and
dangerous content by MailScanner, and is
believed to be clean.


--SBD.Boundary.605592468
PROCESS /noc/users/iridburst/exec/irid_300224010734970_upd.pl
Last Run  ----1970-01-01 00:00:00 
MONTH  5 
DATA  xxrecord 2012-05-19 03:00:05 :: $W5M5A,120519,030005,660d0028449ce246,1,DAS 2,4901.6547N,1621.8234W,25.9,0,33.1,14.3,10.4,82.1,7.5,10.4,82.3,7.6,1013.9,3.51,6.43,9.5,7,34*61
 
STATION sbdservice
IRID_ID 300224010734970
BODY 
Content-Type: text/plain;charset=US-ASCII
Content-Disposition: inline
Content-Transfer-Encoding: 7bit

MOMSN: 3569
MTMSN: 0
Time of Session (UTC): Sat May 26 06:00:45 2012
Session Status: 00 - Transfer OK
Message Size (bytes): 1960

Unit Location: Lat = 49.378118 Long = -24.659196
CEPradius = 625



-- 
This message has been scanned for viruses and
dangerous content by MailScanner, and is
believed to be clean.


--SBD.Boundary.605592468
PROCESS /noc/users/iridburst/exec/irid_300224010734970_upd.pl
Last Run  ----1970-01-01 00:00:00 
MONTH  5 
DATA  xxrecord 2012-05-19 03:00:05 :: $W5M5A,120519,030005,660d0028449ce246,1,DAS 2,4901.6547N,1621.8234W,25.9,0,33.1,14.3,10.4,82.1,7.5,10.4,82.3,7.6,1013.9,3.51,6.43,9.5,7,34*61
 
STATION sbdservice
IRID_ID 300224010734970
BODY 
Content-Type: text/plain;charset=US-ASCII
Content-Disposition: inline
Content-Transfer-Encoding: 7bit

MOMSN: 3570
MTMSN: 0
Time of Session (UTC): Sat May 26 07:00:36 2012
Session Status: 00 - Transfer OK
Message Size (bytes): 1960

Unit Location: Lat = 48.978050 Long = -16.343277
CEPradius = 4



-- 
This message has been scanned for viruses and
dangerous content by MailScanner, and is
believed to be clean.


--SBD.Boundary.605592468
PROCESS /noc/users/iridburst/exec/irid_300224010734970_upd.pl
Last Run  ----1970-01-01 00:00:00 
MONTH  5 
DATA  xxrecord 2012-05-19 03:00:05 :: $W5M5A,120519,030005,660d0028449ce246,1,DAS 2,4901.6547N,1621.8234W,25.9,0,33.1,14.3,10.4,82.1,7.5,10.4,82.3,7.6,1013.9,3.51,6.43,9.5,7,34*61
 
STATION sbdservice
IRID_ID 300224010734970
BODY 
Content-Type: text/plain;charset=US-ASCII
Content-Disposition: inline
Content-Transfer-Encoding: 7bit

MOMSN: 3571
MTMSN: 0
Time of Session (UTC): Sat May 26 08:00:33 2012
Session Status: 00 - Transfer OK
Message Size (bytes): 1960

Unit Location: Lat = 49.251929 Long = -21.116551
CEPradius = 357



-- 
This message has been scanned for viruses and
dangerous content by MailScanner, and is
believed to be clean.


--SBD.Boundary.605592468
PROCESS /noc/users/iridburst/exec/irid_300224010734970_upd.pl
Last Run  ----1970-01-01 00:00:00 
MONTH  5 
DATA  xxrecord 2012-05-19 03:00:05 :: $W5M5A,120519,030005,660d0028449ce246,1,DAS 2,4901.6547N,1621.8234W,25.9,0,33.1,14.3,10.4,82.1,7.5,10.4,82.3,7.6,1013.9,3.51,6.43,9.5,7,34*61
 
STATION sbdservice
IRID_ID 300224010734970
BODY 
Content-Type: text/plain;charset=US-ASCII
Content-Disposition: inline
Content-Transfer-Encoding: 7bit

MOMSN: 3572
MTMSN: 0
Time of Session (UTC): Sat May 26 09:00:33 2012
Session Status: 00 - Transfer OK
Message Size (bytes): 1960

Unit Location: Lat = 49.020042 Long = -16.411144
CEPradius = 2



-- 
This message has been scanned for viruses and
dangerous content by MailScanner, and is
believed to be clean.


--SBD.Boundary.605592468
PROCESS /noc/users/iridburst/exec/irid_300224010734970_upd.pl
Last Run  ----1970-01-01 00:00:00 
MONTH  5 
DATA  xxrecord 2012-05-19 03:00:05 :: $W5M5A,120519,030005,660d0028449ce246,1,DAS 2,4901.6547N,1621.8234W,25.9,0,33.1,14.3,10.4,82.1,7.5,10.4,82.3,7.6,1013.9,3.51,6.43,9.5,7,34*61
 
STATION sbdservice
IRID_ID 300224010734970
BODY 
Content-Type: text/plain;charset=US-ASCII
Content-Disposition: inline
Content-Transfer-Encoding: 7bit

MOMSN: 3573
MTMSN: 0
Time of Session (UTC): Sat May 26 10:00:37 2012
Session Status: 00 - Transfer OK
Message Size (bytes): 1960

Unit Location: Lat = 49.087126 Long = -18.504230
CEPradius = 175



-- 
This message has been scanned for viruses and
dangerous content by MailScanner, and is
believed to be clean.


--SBD.Boundary.605592468
PROCESS /noc/users/iridburst/exec/irid_300224010734970_upd.pl
Last Run  ----1970-01-01 00:00:00 
MONTH  5 
DATA  xxrecord 2012-05-19 03:00:05 :: $W5M5A,120519,030005,660d0028449ce246,1,DAS 2,4901.6547N,1621.8234W,25.9,0,33.1,14.3,10.4,82.1,7.5,10.4,82.3,7.6,1013.9,3.51,6.43,9.5,7,34*61
 
STATION sbdservice
IRID_ID 300224010734970
BODY 
Content-Type: text/plain;charset=US-ASCII
Content-Disposition: inline
Content-Transfer-Encoding: 7bit

MOMSN: 3574
MTMSN: 0
Time of Session (UTC): Sat May 26 11:00:39 2012
Session Status: 00 - Transfer OK
Message Size (bytes): 1960

Unit Location: Lat = 49.001651 Long = -16.343277
CEPradius = 2



-- 
This message has been scanned for viruses and
dangerous content by MailScanner, and is
believed to be clean.


--SBD.Boundary.605592468
PROCESS /noc/users/iridburst/exec/irid_300224010734970_upd.pl
Last Run  ----1970-01-01 00:00:00 
MONTH  5 
DATA  xxrecord 2012-05-19 03:00:05 :: $W5M5A,120519,030005,660d0028449ce246,1,DAS 2,4901.6547N,1621.8234W,25.9,0,33.1,14.3,10.4,82.1,7.5,10.4,82.3,7.6,1013.9,3.51,6.43,9.5,7,34*61
 
STATION sbdservice
IRID_ID 300224010734970
BODY 
Content-Type: text/plain;charset=US-ASCII
Content-Disposition: inline
Content-Transfer-Encoding: 7bit

MOMSN: 3575
MTMSN: 0
Time of Session (UTC): Sat May 26 12:00:35 2012
Session Status: 00 - Transfer OK
Message Size (bytes): 1960

Unit Location: Lat = 49.077137 Long = -17.863568
CEPradius = 128



-- 
This message has been scanned for viruses and
dangerous content by MailScanner, and is
believed to be clean.


--SBD.Boundary.605592468
PROCESS /noc/users/iridburst/exec/irid_300224010734970_upd.pl
Last Run  ----1970-01-01 00:00:00 
MONTH  5 
DATA  xxrecord 2012-05-19 03:00:05 :: $W5M5A,120519,030005,660d0028449ce246,1,DAS 2,4901.6547N,1621.8234W,25.9,0,33.1,14.3,10.4,82.1,7.5,10.4,82.3,7.6,1013.9,3.51,6.43,9.5,7,34*61
 
STATION sbdservice
IRID_ID 300224010734970
BODY 
Content-Type: text/plain;charset=US-ASCII
Content-Disposition: inline
Content-Transfer-Encoding: 7bit

MOMSN: 3576
MTMSN: 0
Time of Session (UTC): Sat May 26 13:00:34 2012
Session Status: 00 - Transfer OK
Message Size (bytes): 1960

Unit Location: Lat = 49.020042 Long = -16.411144
CEPradius = 2



-- 
This message has been scanned for viruses and
dangerous content by MailScanner, and is
believed to be clean.


--SBD.Boundary.605592468
PROCESS /noc/users/iridburst/exec/irid_300224010734970_upd.pl
Last Run  ----1970-01-01 00:00:00 
MONTH  5 
DATA  xxrecord 2012-05-19 03:00:05 :: $W5M5A,120519,030005,660d0028449ce246,1,DAS 2,4901.6547N,1621.8234W,25.9,0,33.1,14.3,10.4,82.1,7.5,10.4,82.3,7.6,1013.9,3.51,6.43,9.5,7,34*61
 
STATION sbdservice
IRID_ID 300224010734970
BODY 
Content-Type: text/plain;charset=US-ASCII
Content-Disposition: inline
Content-Transfer-Encoding: 7bit

MOMSN: 3577
MTMSN: 0
Time of Session (UTC): Sat May 26 14:00:38 2012
Session Status: 00 - Transfer OK
Message Size (bytes): 1960

Unit Location: Lat = 49.055544 Long = -17.275694
CEPradius = 116



-- 
This message has been scanned for viruses and
dangerous content by MailScanner, and is
believed to be clean.


--SBD.Boundary.605592468
PROCESS /noc/users/iridburst/exec/irid_300224010734970_upd.pl
Last Run  ----1970-01-01 00:00:00 
MONTH  5 
DATA  xxrecord 2012-05-19 03:00:05 :: $W5M5A,120519,030005,660d0028449ce246,1,DAS 2,4901.6547N,1621.8234W,25.9,0,33.1,14.3,10.4,82.1,7.5,10.4,82.3,7.6,1013.9,3.51,6.43,9.5,7,34*61
 
STATION sbdservice
IRID_ID 300224010734970
BODY 
Content-Type: text/plain;charset=US-ASCII
Content-Disposition: inline
Content-Transfer-Encoding: 7bit

MOMSN: 3578
MTMSN: 0
Time of Session (UTC): Sat May 26 15:00:33 2012
Session Status: 00 - Transfer OK
Message Size (bytes): 1960

Unit Location: Lat = 48.978050 Long = -16.343277
CEPradius = 2



-- 
This message has been scanned for viruses and
dangerous content by MailScanner, and is
believed to be clean.


--SBD.Boundary.605592468
PROCESS /noc/users/iridburst/exec/irid_300224010734970_upd.pl
Last Run  ----1970-01-01 00:00:00 
MONTH  5 
DATA  xxrecord 2012-05-19 03:00:05 :: $W5M5A,120519,030005,660d0028449ce246,1,DAS 2,4901.6547N,1621.8234W,25.9,0,33.1,14.3,10.4,82.1,7.5,10.4,82.3,7.6,1013.9,3.51,6.43,9.5,7,34*61
 
STATION sbdservice
IRID_ID 300224010734970
BODY 
Content-Type: text/plain;charset=US-ASCII
Content-Disposition: inline
Content-Transfer-Encoding: 7bit

MOMSN: 3579
MTMSN: 0
Time of Session (UTC): Sat May 26 16:00:37 2012
Session Status: 00 - Transfer OK
Message Size (bytes): 1960

Unit Location: Lat = 49.051278 Long = -16.358670
CEPradius = 6



-- 
This message has been scanned for viruses and
dangerous content by MailScanner, and is
believed to be clean.


--SBD.Boundary.605592468
PROCESS /noc/users/iridburst/exec/irid_300224010734970_upd.pl
Last Run  ----1970-01-01 00:00:00 
MONTH  5 
DATA  xxrecord 2012-05-19 03:00:05 :: $W5M5A,120519,030005,660d0028449ce246,1,DAS 2,4901.6547N,1621.8234W,25.9,0,33.1,14.3,10.4,82.1,7.5,10.4,82.3,7.6,1013.9,3.51,6.43,9.5,7,34*61
 
STATION sbdservice
IRID_ID 300224010734970
BODY 
Content-Type: text/plain;charset=US-ASCII
Content-Disposition: inline
Content-Transfer-Encoding: 7bit

MOMSN: 3580
MTMSN: 0
Time of Session (UTC): Sat May 26 17:00:32 2012
Session Status: 00 - Transfer OK
Message Size (bytes): 1960

Unit Location: Lat = 49.035899 Long = -15.907815
CEPradius = 80



-- 
This message has been scanned for viruses and
dangerous content by MailScanner, and is
believed to be clean.


--SBD.Boundary.605592468
PROCESS /noc/users/iridburst/exec/irid_300224010734970_upd.pl
Last Run  ----1970-01-01 00:00:00 
MONTH  5 
DATA  xxrecord 2012-05-19 03:00:05 :: $W5M5A,120519,030005,660d0028449ce246,1,DAS 2,4901.6547N,1621.8234W,25.9,0,33.1,14.3,10.4,82.1,7.5,10.4,82.3,7.6,1013.9,3.51,6.43,9.5,7,34*61
 
STATION sbdservice
IRID_ID 300224010734970
BODY 
Content-Type: text/plain;charset=US-ASCII
Content-Disposition: inline
Content-Transfer-Encoding: 7bit

MOMSN: 3581
MTMSN: 0
Time of Session (UTC): Sat May 26 18:00:33 2012
Session Status: 00 - Transfer OK
Message Size (bytes): 1960

Unit Location: Lat = 49.020042 Long = -16.411144
CEPradius = 2



-- 
This message has been scanned for viruses and
dangerous content by MailScanner, and is
believed to be clean.


--SBD.Boundary.605592468
PROCESS /noc/users/iridburst/exec/irid_300224010734970_upd.pl
Last Run  ----1970-01-01 00:00:00 
MONTH  5 
DATA  xxrecord 2012-05-19 03:00:05 :: $W5M5A,120519,030005,660d0028449ce246,1,DAS 2,4901.6547N,1621.8234W,25.9,0,33.1,14.3,10.4,82.1,7.5,10.4,82.3,7.6,1013.9,3.51,6.43,9.5,7,34*61
 
STATION sbdservice
IRID_ID 300224010734970
BODY 
Content-Type: text/plain;charset=US-ASCII
Content-Disposition: inline
Content-Transfer-Encoding: 7bit

MOMSN: 3582
MTMSN: 0
Time of Session (UTC): Sat May 26 19:00:35 2012
Session Status: 00 - Transfer OK
Message Size (bytes): 1960

Unit Location: Lat = 49.056465 Long = -15.111160
CEPradius = 135



-- 
This message has been scanned for viruses and
dangerous content by MailScanner, and is
believed to be clean.


--SBD.Boundary.605592468
PROCESS /noc/users/iridburst/exec/irid_300224010734970_upd.pl
Last Run  ----1970-01-01 00:00:00 
MONTH  5 
DATA  xxrecord 2012-05-19 03:00:05 :: $W5M5A,120519,030005,660d0028449ce246,1,DAS 2,4901.6547N,1621.8234W,25.9,0,33.1,14.3,10.4,82.1,7.5,10.4,82.3,7.6,1013.9,3.51,6.43,9.5,7,34*61
 
STATION sbdservice
IRID_ID 300224010734970
BODY 
Content-Type: text/plain;charset=US-ASCII
Content-Disposition: inline
Content-Transfer-Encoding: 7bit

MOMSN: 3583
MTMSN: 0
Time of Session (UTC): Sat May 26 20:00:33 2012
Session Status: 00 - Transfer OK
Message Size (bytes): 1960

Unit Location: Lat = 48.994004 Long = -16.395707
CEPradius = 4



-- 
This message has been scanned for viruses and
dangerous content by MailScanner, and is
believed to be clean.


--SBD.Boundary.605592468
PROCESS /noc/users/iridburst/exec/irid_300224010734970_upd.pl
Last Run  ----1970-01-01 00:00:00 
MONTH  5 
DATA  xxrecord 2012-05-19 03:00:05 :: $W5M5A,120519,030005,660d0028449ce246,1,DAS 2,4901.6547N,1621.8234W,25.9,0,33.1,14.3,10.4,82.1,7.5,10.4,82.3,7.6,1013.9,3.51,6.43,9.5,7,34*61
 
STATION sbdservice
IRID_ID 300224010734970
BODY 
Content-Type: text/plain;charset=US-ASCII
Content-Disposition: inline
Content-Transfer-Encoding: 7bit

MOMSN: 3584
MTMSN: 0
Time of Session (UTC): Sat May 26 21:00:35 2012
Session Status: 00 - Transfer OK
Message Size (bytes): 1960

Unit Location: Lat = 49.027703 Long = -16.358670
CEPradius = 6



-- 
This message has been scanned for viruses and
dangerous content by MailScanner, and is
believed to be clean.


--SBD.Boundary.605592468
PROCESS /noc/users/iridburst/exec/irid_300224010734970_upd.pl
Last Run  ----1970-01-01 00:00:00 
MONTH  5 
DATA  xxrecord 2012-05-19 03:00:05 :: $W5M5A,120519,030005,660d0028449ce246,1,DAS 2,4901.6547N,1621.8234W,25.9,0,33.1,14.3,10.4,82.1,7.5,10.4,82.3,7.6,1013.9,3.51,6.43,9.5,7,34*61
 
STATION sbdservice
IRID_ID 300224010734970
BODY 
Content-Type: text/plain;charset=US-ASCII
Content-Disposition: inline
Content-Transfer-Encoding: 7bit

MOMSN: 3585
MTMSN: 0
Time of Session (UTC): Sat May 26 22:00:36 2012
Session Status: 00 - Transfer OK
Message Size (bytes): 1960

Unit Location: Lat = 49.009277 Long = -16.290818
CEPradius = 3



-- 
This message has been scanned for viruses and
dangerous content by MailScanner, and is
believed to be clean.


--SBD.Boundary.605592468
PROCESS /noc/users/iridburst/exec/irid_300224010734970_upd.pl
Last Run  ----1970-01-01 00:00:00 
MONTH  5 
DATA  xxrecord 2012-05-19 03:00:05 :: $W5M5A,120519,030005,660d0028449ce246,1,DAS 2,4901.6547N,1621.8234W,25.9,0,33.1,14.3,10.4,82.1,7.5,10.4,82.3,7.6,1013.9,3.51,6.43,9.5,7,34*61
 
STATION sbdservice
IRID_ID 300224010734970
BODY 
Content-Type: text/plain;charset=US-ASCII
Content-Disposition: inline
Content-Transfer-Encoding: 7bit

MOMSN: 3586
MTMSN: 0
Time of Session (UTC): Sat May 26 23:00:58 2012
Session Status: 00 - Transfer OK
Message Size (bytes): 1960

Unit Location: Lat = 49.264704 Long = -12.140873
CEPradius = 319



-- 
This message has been scanned for viruses and
dangerous content by MailScanner, and is
believed to be clean.


--SBD.Boundary.605592468
PROCESS /noc/users/iridburst/exec/irid_300224010734970_upd.pl
Last Run  ----1970-01-01 00:00:00 
MONTH  5 
DATA  xxrecord 2012-05-19 03:00:05 :: $W5M5A,120519,030005,660d0028449ce246,1,DAS 2,4901.6547N,1621.8234W,25.9,0,33.1,14.3,10.4,82.1,7.5,10.4,82.3,7.6,1013.9,3.51,6.43,9.5,7,34*61
 
STATION sbdservice
IRID_ID 300224010734970
BODY 
Content-Type: text/plain;charset=US-ASCII
Content-Disposition: inline
Content-Transfer-Encoding: 7bit

MOMSN: 3587
MTMSN: 0
Time of Session (UTC): Sun May 27 00:00:34 2012
Session Status: 00 - Transfer OK
Message Size (bytes): 1960

Unit Location: Lat = 49.077345 Long = -16.374091
CEPradius = 6



-- 
This message has been scanned for viruses and
dangerous content by MailScanner, and is
believed to be clean.


--SBD.Boundary.605592468
PROCESS /noc/users/iridburst/exec/irid_300224010734970_upd.pl
Last Run  ----1970-01-01 00:00:00 
MONTH  5 
DATA  xxrecord 2012-05-19 03:00:05 :: $W5M5A,120519,030005,660d0028449ce246,1,DAS 2,4901.6547N,1621.8234W,25.9,0,33.1,14.3,10.4,82.1,7.5,10.4,82.3,7.6,1013.9,3.51,6.43,9.5,7,34*61
 
STATION sbdservice
IRID_ID 300224010734970
BODY 
Content-Type: text/plain;charset=US-ASCII
Content-Disposition: inline
Content-Transfer-Encoding: 7bit

MOMSN: 3588
MTMSN: 0
Time of Session (UTC): Sun May 27 01:00:36 2012
Session Status: 00 - Transfer OK
Message Size (bytes): 1960

Unit Location: Lat = 49.058916 Long = -16.306167
CEPradius = 9



-- 
This message has been scanned for viruses and
dangerous content by MailScanner, and is
believed to be clean.


--SBD.Boundary.605592468
PROCESS /noc/users/iridburst/exec/irid_300224010734970_upd.pl
Last Run  ----1970-01-01 00:00:00 
MONTH  5 
DATA  xxrecord 2012-05-19 03:00:05 :: $W5M5A,120519,030005,660d0028449ce246,1,DAS 2,4901.6547N,1621.8234W,25.9,0,33.1,14.3,10.4,82.1,7.5,10.4,82.3,7.6,1013.9,3.51,6.43,9.5,7,34*61
 
STATION sbdservice
IRID_ID 300224010734970
BODY 
Content-Type: text/plain;charset=US-ASCII
Content-Disposition: inline
Content-Transfer-Encoding: 7bit

MOMSN: 3589
MTMSN: 0
Time of Session (UTC): Sun May 27 02:00:33 2012
Session Status: 00 - Transfer OK
Message Size (bytes): 1960

Unit Location: Lat = 49.035341 Long = -16.306167
CEPradius = 1



-- 
This message has been scanned for viruses and
dangerous content by MailScanner, and is
believed to be clean.


--SBD.Boundary.605592468
PROCESS /noc/users/iridburst/exec/irid_300224010734970_upd.pl
Last Run  ----1970-01-01 00:00:00 
MONTH  5 
DATA  xxrecord 2012-05-19 03:00:05 :: $W5M5A,120519,030005,660d0028449ce246,1,DAS 2,4901.6547N,1621.8234W,25.9,0,33.1,14.3,10.4,82.1,7.5,10.4,82.3,7.6,1013.9,3.51,6.43,9.5,7,34*61
 
STATION sbdservice
IRID_ID 300224010734970
BODY 
Content-Type: text/plain;charset=US-ASCII
Content-Disposition: inline
Content-Transfer-Encoding: 7bit

MOMSN: 3590
MTMSN: 0
Time of Session (UTC): Sun May 27 03:00:33 2012
Session Status: 00 - Transfer OK
Message Size (bytes): 1960

Unit Location: Lat = 49.027703 Long = -16.358670
CEPradius = 5



-- 
This message has been scanned for viruses and
dangerous content by MailScanner, and is
believed to be clean.


--SBD.Boundary.605592468
PROCESS /noc/users/iridburst/exec/irid_300224010734970_upd.pl
Last Run  ----1970-01-01 00:00:00 
MONTH  5 
DATA  xxrecord 2012-05-19 03:00:05 :: $W5M5A,120519,030005,660d0028449ce246,1,DAS 2,4901.6547N,1621.8234W,25.9,0,33.1,14.3,10.4,82.1,7.5,10.4,82.3,7.6,1013.9,3.51,6.43,9.5,7,34*61
 
STATION sbdservice
IRID_ID 300224010734970
BODY 
Content-Type: text/plain;charset=US-ASCII
Content-Disposition: inline
Content-Transfer-Encoding: 7bit

MOMSN: 3591
MTMSN: 0
Time of Session (UTC): Sun May 27 04:00:36 2012
Session Status: 00 - Transfer OK
Message Size (bytes): 1960

Unit Location: Lat = 49.001651 Long = -16.343277
CEPradius = 5



-- 
This message has been scanned for viruses and
dangerous content by MailScanner, and is
believed to be clean.


--SBD.Boundary.605592468
PROCESS /noc/users/iridburst/exec/irid_300224010734970_upd.pl
Last Run  ----1970-01-01 00:00:00 
MONTH  5 
DATA  xxrecord 2012-05-19 03:00:05 :: $W5M5A,120519,030005,660d0028449ce246,1,DAS 2,4901.6547N,1621.8234W,25.9,0,33.1,14.3,10.4,82.1,7.5,10.4,82.3,7.6,1013.9,3.51,6.43,9.5,7,34*61
 
STATION sbdservice
IRID_ID 300224010734970
BODY 
Content-Type: text/plain;charset=US-ASCII
Content-Disposition: inline
Content-Transfer-Encoding: 7bit

MOMSN: 3592
MTMSN: 0
Time of Session (UTC): Sun May 27 05:00:35 2012
Session Status: 00 - Transfer OK
Message Size (bytes): 1960

Unit Location: Lat = 48.978050 Long = -16.343277
CEPradius = 6



-- 
This message has been scanned for viruses and
dangerous content by MailScanner, and is
believed to be clean.


--SBD.Boundary.605592468
PROCESS /noc/users/iridburst/exec/irid_300224010734970_upd.pl
Last Run  ----1970-01-01 00:00:00 
MONTH  5 
DATA  xxrecord 2012-05-19 03:00:05 :: $W5M5A,120519,030005,660d0028449ce246,1,DAS 2,4901.6547N,1621.8234W,25.9,0,33.1,14.3,10.4,82.1,7.5,10.4,82.3,7.6,1013.9,3.51,6.43,9.5,7,34*61
 
STATION sbdservice
IRID_ID 300224010734970
BODY 
Content-Type: text/plain;charset=US-ASCII
Content-Disposition: inline
Content-Transfer-Encoding: 7bit

MOMSN: 3593
MTMSN: 0
Time of Session (UTC): Sun May 27 06:00:36 2012
Session Status: 00 - Transfer OK
Message Size (bytes): 1960

Unit Location: Lat = 49.009277 Long = -16.290818
CEPradius = 2



-- 
This message has been scanned for viruses and
dangerous content by MailScanner, and is
believed to be clean.


--SBD.Boundary.605592468
PROCESS /noc/users/iridburst/exec/irid_300224010734970_upd.pl
Last Run  ----1970-01-01 00:00:00 
MONTH  5 
DATA  xxrecord 2012-05-19 03:00:05 :: $W5M5A,120519,030005,660d0028449ce246,1,DAS 2,4901.6547N,1621.8234W,25.9,0,33.1,14.3,10.4,82.1,7.5,10.4,82.3,7.6,1013.9,3.51,6.43,9.5,7,34*61
 
STATION sbdservice
IRID_ID 300224010734970
BODY 
Content-Type: text/plain;charset=US-ASCII
Content-Disposition: inline
Content-Transfer-Encoding: 7bit

MOMSN: 3594
MTMSN: 0
Time of Session (UTC): Sun May 27 07:00:37 2012
Session Status: 00 - Transfer OK
Message Size (bytes): 1960

Unit Location: Lat = 48.978050 Long = -16.343277
CEPradius = 5



-- 
This message has been scanned for viruses and
dangerous content by MailScanner, and is
believed to be clean.


--SBD.Boundary.605592468
PROCESS /noc/users/iridburst/exec/irid_300224010734970_upd.pl
Last Run  ----1970-01-01 00:00:00 
MONTH  5 
DATA  xxrecord 2012-05-19 03:00:05 :: $W5M5A,120519,030005,660d0028449ce246,1,DAS 2,4901.6547N,1621.8234W,25.9,0,33.1,14.3,10.4,82.1,7.5,10.4,82.3,7.6,1013.9,3.51,6.43,9.5,7,34*61
 
STATION sbdservice
IRID_ID 300224010734970
BODY 
Content-Type: text/plain;charset=US-ASCII
Content-Disposition: inline
Content-Transfer-Encoding: 7bit

MOMSN: 3595
MTMSN: 0
Time of Session (UTC): Sun May 27 08:00:39 2012
Session Status: 00 - Transfer OK
Message Size (bytes): 1960

Unit Location: Lat = 49.020042 Long = -16.411144
CEPradius = 3



-- 
This message has been scanned for viruses and
dangerous content by MailScanner, and is
believed to be clean.


--SBD.Boundary.605592468
PROCESS /noc/users/iridburst/exec/irid_300224010734970_upd.pl
Last Run  ----1970-01-01 00:00:00 
MONTH  5 
DATA  xxrecord 2012-05-19 03:00:05 :: $W5M5A,120519,030005,660d0028449ce246,1,DAS 2,4901.6547N,1621.8234W,25.9,0,33.1,14.3,10.4,82.1,7.5,10.4,82.3,7.6,1013.9,3.51,6.43,9.5,7,34*61
 
STATION sbdservice
IRID_ID 300224010734970
BODY 
Content-Type: text/plain;charset=US-ASCII
Content-Disposition: inline
Content-Transfer-Encoding: 7bit

MOMSN: 3596
MTMSN: 0
Time of Session (UTC): Sun May 27 09:00:42 2012
Session Status: 00 - Transfer OK
Message Size (bytes): 1960

Unit Location: Lat = 49.027703 Long = -16.358670
CEPradius = 8



-- 
This message has been scanned for viruses and
dangerous content by MailScanner, and is
believed to be clean.


--SBD.Boundary.605592468
PROCESS /noc/users/iridburst/exec/irid_300224010734970_upd.pl
Last Run  ----1970-01-01 00:00:00 
MONTH  5 
DATA  xxrecord 2012-05-19 03:00:05 :: $W5M5A,120519,030005,660d0028449ce246,1,DAS 2,4901.6547N,1621.8234W,25.9,0,33.1,14.3,10.4,82.1,7.5,10.4,82.3,7.6,1013.9,3.51,6.43,9.5,7,34*61
 
STATION sbdservice
IRID_ID 300224010734970
BODY 
Content-Type: text/plain;charset=US-ASCII
Content-Disposition: inline
Content-Transfer-Encoding: 7bit

MOMSN: 3597
MTMSN: 0
Time of Session (UTC): Sun May 27 10:00:34 2012
Session Status: 00 - Transfer OK
Message Size (bytes): 1960

Unit Location: Lat = 49.009277 Long = -16.290818
CEPradius = 3



-- 
This message has been scanned for viruses and
dangerous content by MailScanner, and is
believed to be clean.


--SBD.Boundary.605592468
PROCESS /noc/users/iridburst/exec/irid_300224010734970_upd.pl
Last Run  ----1970-01-01 00:00:00 
MONTH  5 
DATA  xxrecord 2012-05-19 03:00:05 :: $W5M5A,120519,030005,660d0028449ce246,1,DAS 2,4901.6547N,1621.8234W,25.9,0,33.1,14.3,10.4,82.1,7.5,10.4,82.3,7.6,1013.9,3.51,6.43,9.5,7,34*61
 
STATION sbdservice
IRID_ID 300224010734970
BODY 
Content-Type: text/plain;charset=US-ASCII
Content-Disposition: inline
Content-Transfer-Encoding: 7bit

MOMSN: 3598
MTMSN: 0
Time of Session (UTC): Sun May 27 11:00:38 2012
Session Status: 00 - Transfer OK
Message Size (bytes): 1960

Unit Location: Lat = 49.001651 Long = -16.343277
CEPradius = 2



-- 
This message has been scanned for viruses and
dangerous content by MailScanner, and is
believed to be clean.


--SBD.Boundary.605592468
PROCESS /noc/users/iridburst/exec/irid_300224010734970_upd.pl
Last Run  ----1970-01-01 00:00:00 
MONTH  5 
DATA  xxrecord 2012-05-19 03:00:05 :: $W5M5A,120519,030005,660d0028449ce246,1,DAS 2,4901.6547N,1621.8234W,25.9,0,33.1,14.3,10.4,82.1,7.5,10.4,82.3,7.6,1013.9,3.51,6.43,9.5,7,34*61
 
STATION sbdservice
IRID_ID 300224010734970
BODY 
Content-Type: text/plain;charset=US-ASCII
Content-Disposition: inline
Content-Transfer-Encoding: 7bit

MOMSN: 3599
MTMSN: 0
Time of Session (UTC): Sun May 27 12:00:32 2012
Session Status: 00 - Transfer OK
Message Size (bytes): 1960

Unit Location: Lat = 49.178268 Long = -19.945582
CEPradius = 275



-- 
This message has been scanned for viruses and
dangerous content by MailScanner, and is
believed to be clean.


--SBD.Boundary.605592468
PROCESS /noc/users/iridburst/exec/irid_300224010734970_upd.pl
Last Run  ----1970-01-01 00:00:00 
MONTH  5 
DATA  xxrecord 2012-05-19 03:00:05 :: $W5M5A,120519,030005,660d0028449ce246,1,DAS 2,4901.6547N,1621.8234W,25.9,0,33.1,14.3,10.4,82.1,7.5,10.4,82.3,7.6,1013.9,3.51,6.43,9.5,7,34*61
 
STATION sbdservice
IRID_ID 300224010734970
BODY 
Content-Type: text/plain;charset=US-ASCII
Content-Disposition: inline
Content-Transfer-Encoding: 7bit

MOMSN: 3600
MTMSN: 0
Time of Session (UTC): Sun May 27 13:00:35 2012
Session Status: 00 - Transfer OK
Message Size (bytes): 1960

Unit Location: Lat = 49.001651 Long = -16.343277
CEPradius = 3



-- 
This message has been scanned for viruses and
dangerous content by MailScanner, and is
believed to be clean.


--SBD.Boundary.605592468
PROCESS /noc/users/iridburst/exec/irid_300224010734970_upd.pl
Last Run  ----1970-01-01 00:00:00 
MONTH  5 
DATA  xxrecord 2012-05-19 03:00:05 :: $W5M5A,120519,030005,660d0028449ce246,1,DAS 2,4901.6547N,1621.8234W,25.9,0,33.1,14.3,10.4,82.1,7.5,10.4,82.3,7.6,1013.9,3.51,6.43,9.5,7,34*61
 
STATION sbdservice
IRID_ID 300224010734970
BODY 
Content-Type: text/plain;charset=US-ASCII
Content-Disposition: inline
Content-Transfer-Encoding: 7bit

MOMSN: 3601
MTMSN: 0
Time of Session (UTC): Sun May 27 14:00:33 2012
Session Status: 00 - Transfer OK
Message Size (bytes): 1960

Unit Location: Lat = 49.031969 Long = -17.275694
CEPradius = 100



-- 
This message has been scanned for viruses and
dangerous content by MailScanner, and is
believed to be clean.


--SBD.Boundary.605592468
PROCESS /noc/users/iridburst/exec/irid_300224010734970_upd.pl
Last Run  ----1970-01-01 00:00:00 
MONTH  5 
DATA  xxrecord 2012-05-19 03:00:05 :: $W5M5A,120519,030005,660d0028449ce246,1,DAS 2,4901.6547N,1621.8234W,25.9,0,33.1,14.3,10.4,82.1,7.5,10.4,82.3,7.6,1013.9,3.51,6.43,9.5,7,34*61
 
STATION sbdservice
IRID_ID 300224010734970
BODY 
Content-Type: text/plain;charset=US-ASCII
Content-Disposition: inline
Content-Transfer-Encoding: 7bit

MOMSN: 3602
MTMSN: 0
Time of Session (UTC): Sun May 27 15:00:44 2012
Session Status: 00 - Transfer OK
Message Size (bytes): 1960

Unit Location: Lat = 49.035341 Long = -16.306167
CEPradius = 4



-- 
This message has been scanned for viruses and
dangerous content by MailScanner, and is
believed to be clean.


--SBD.Boundary.605592468
PROCESS /noc/users/iridburst/exec/irid_300224010734970_upd.pl
Last Run  ----1970-01-01 00:00:00 
MONTH  5 
DATA  xxrecord 2012-05-19 03:00:05 :: $W5M5A,120519,030005,660d0028449ce246,1,DAS 2,4901.6547N,1621.8234W,25.9,0,33.1,14.3,10.4,82.1,7.5,10.4,82.3,7.6,1013.9,3.51,6.43,9.5,7,34*61
 
STATION sbdservice
IRID_ID 300224010734970
BODY 
Content-Type: text/plain;charset=US-ASCII
Content-Disposition: inline
Content-Transfer-Encoding: 7bit

MOMSN: 3603
MTMSN: 0
Time of Session (UTC): Sun May 27 16:00:36 2012
Session Status: 00 - Transfer OK
Message Size (bytes): 1960

Unit Location: Lat = 49.027703 Long = -16.358670
CEPradius = 2



-- 
This message has been scanned for viruses and
dangerous content by MailScanner, and is
believed to be clean.


--SBD.Boundary.605592468
PROCESS /noc/users/iridburst/exec/irid_300224010734970_upd.pl
Last Run  ----1970-01-01 00:00:00 
MONTH  5 
DATA  xxrecord 2012-05-19 03:00:05 :: $W5M5A,120519,030005,660d0028449ce246,1,DAS 2,4901.6547N,1621.8234W,25.9,0,33.1,14.3,10.4,82.1,7.5,10.4,82.3,7.6,1013.9,3.51,6.43,9.5,7,34*61
 
STATION sbdservice
IRID_ID 300224010734970
BODY 
Content-Type: text/plain;charset=US-ASCII
Content-Disposition: inline
Content-Transfer-Encoding: 7bit

MOMSN: 3604
MTMSN: 0
Time of Session (UTC): Sun May 27 17:00:34 2012
Session Status: 00 - Transfer OK
Message Size (bytes): 1960

Unit Location: Lat = 49.009277 Long = -16.290818
CEPradius = 22



-- 
This message has been scanned for viruses and
dangerous content by MailScanner, and is
believed to be clean.


--SBD.Boundary.605592468
PROCESS /noc/users/iridburst/exec/irid_300224010734970_upd.pl
Last Run  ----1970-01-01 00:00:00 
MONTH  5 
DATA  xxrecord 2012-05-19 03:00:05 :: $W5M5A,120519,030005,660d0028449ce246,1,DAS 2,4901.6547N,1621.8234W,25.9,0,33.1,14.3,10.4,82.1,7.5,10.4,82.3,7.6,1013.9,3.51,6.43,9.5,7,34*61
 
STATION sbdservice
IRID_ID 300224010734970
BODY 
Content-Type: text/plain;charset=US-ASCII
Content-Disposition: inline
Content-Transfer-Encoding: 7bit

MOMSN: 3605
MTMSN: 0
Time of Session (UTC): Sun May 27 18:00:32 2012
Session Status: 00 - Transfer OK
Message Size (bytes): 1960

Unit Location: Lat = 49.035341 Long = -16.306167
CEPradius = 3



-- 
This message has been scanned for viruses and
dangerous content by MailScanner, and is
believed to be clean.


--SBD.Boundary.605592468
PROCESS /noc/users/iridburst/exec/irid_300224010734970_upd.pl
Last Run  ----1970-01-01 00:00:00 
MONTH  5 
DATA  xxrecord 2012-05-19 03:00:05 :: $W5M5A,120519,030005,660d0028449ce246,1,DAS 2,4901.6547N,1621.8234W,25.9,0,33.1,14.3,10.4,82.1,7.5,10.4,82.3,7.6,1013.9,3.51,6.43,9.5,7,34*61
 
STATION sbdservice
IRID_ID 300224010734970
BODY 
Content-Type: text/plain;charset=US-ASCII
Content-Disposition: inline
Content-Transfer-Encoding: 7bit

MOMSN: 3606
MTMSN: 0
Time of Session (UTC): Sun May 27 19:00:35 2012
Session Status: 00 - Transfer OK
Message Size (bytes): 1960

Unit Location: Lat = 49.058656 Long = -15.509466
CEPradius = 94



-- 
This message has been scanned for viruses and
dangerous content by MailScanner, and is
believed to be clean.


--SBD.Boundary.605592468
PROCESS /noc/users/iridburst/exec/irid_300224010734970_upd.pl
Last Run  ----1970-01-01 00:00:00 
MONTH  5 
DATA  xxrecord 2012-05-19 03:00:05 :: $W5M5A,120519,030005,660d0028449ce246,1,DAS 2,4901.6547N,1621.8234W,25.9,0,33.1,14.3,10.4,82.1,7.5,10.4,82.3,7.6,1013.9,3.51,6.43,9.5,7,34*61
 
STATION sbdservice
IRID_ID 300224010734970
BODY 
Content-Type: text/plain;charset=US-ASCII
Content-Disposition: inline
Content-Transfer-Encoding: 7bit

MOMSN: 3607
MTMSN: 0
Time of Session (UTC): Sun May 27 20:00:31 2012
Session Status: 00 - Transfer OK
Message Size (bytes): 1960

Unit Location: Lat = 49.009277 Long = -16.290818
CEPradius = 2



-- 
This message has been scanned for viruses and
dangerous content by MailScanner, and is
believed to be clean.


--SBD.Boundary.605592468
PROCESS /noc/users/iridburst/exec/irid_300224010734970_upd.pl
Last Run  ----1970-01-01 00:00:00 
MONTH  5 
DATA  xxrecord 2012-05-19 03:00:05 :: $W5M5A,120519,030005,660d0028449ce246,1,DAS 2,4901.6547N,1621.8234W,25.9,0,33.1,14.3,10.4,82.1,7.5,10.4,82.3,7.6,1013.9,3.51,6.43,9.5,7,34*61
 
STATION sbdservice
IRID_ID 300224010734970
BODY 
Content-Type: text/plain;charset=US-ASCII
Content-Disposition: inline
Content-Transfer-Encoding: 7bit

MOMSN: 3608
MTMSN: 0
Time of Session (UTC): Sun May 27 21:00:36 2012
Session Status: 00 - Transfer OK
Message Size (bytes): 1960

Unit Location: Lat = 49.077604 Long = -14.952579
CEPradius = 126



-- 
This message has been scanned for viruses and
dangerous content by MailScanner, and is
believed to be clean.


--SBD.Boundary.605592468
PROCESS /noc/users/iridburst/exec/irid_300224010734970_upd.pl
Last Run  ----1970-01-01 00:00:00 
MONTH  5 
DATA  xxrecord 2012-05-19 03:00:05 :: $W5M5A,120519,030005,660d0028449ce246,1,DAS 2,4901.6547N,1621.8234W,25.9,0,33.1,14.3,10.4,82.1,7.5,10.4,82.3,7.6,1013.9,3.51,6.43,9.5,7,34*61
 
STATION sbdservice
IRID_ID 300224010734970
BODY 
Content-Type: text/plain;charset=US-ASCII
Content-Disposition: inline
Content-Transfer-Encoding: 7bit

MOMSN: 3609
MTMSN: 0
Time of Session (UTC): Sun May 27 22:00:32 2012
Session Status: 00 - Transfer OK
Message Size (bytes): 1960

Unit Location: Lat = 49.077345 Long = -16.374091
CEPradius = 6



-- 
This message has been scanned for viruses and
dangerous content by MailScanner, and is
believed to be clean.


--SBD.Boundary.605592468
PROCESS /noc/users/iridburst/exec/irid_300224010734970_upd.pl
Last Run  ----1970-01-01 00:00:00 
MONTH  5 
DATA  xxrecord 2012-05-19 03:00:05 :: $W5M5A,120519,030005,660d0028449ce246,1,DAS 2,4901.6547N,1621.8234W,25.9,0,33.1,14.3,10.4,82.1,7.5,10.4,82.3,7.6,1013.9,3.51,6.43,9.5,7,34*61
 
STATION sbdservice
IRID_ID 300224010734970
BODY 
Content-Type: text/plain;charset=US-ASCII
Content-Disposition: inline
Content-Transfer-Encoding: 7bit

MOMSN: 3610
MTMSN: 0
Time of Session (UTC): Sun May 27 23:00:33 2012
Session Status: 00 - Transfer OK
Message Size (bytes): 1960

Unit Location: Lat = 49.066531 Long = -16.253637
CEPradius = 18



-- 
This message has been scanned for viruses and
dangerous content by MailScanner, and is
believed to be clean.


--SBD.Boundary.605592468
PROCESS /noc/users/iridburst/exec/irid_300224010734970_upd.pl
Last Run  ----1970-01-01 00:00:00 
MONTH  5 
DATA  xxrecord 2012-05-19 03:00:05 :: $W5M5A,120519,030005,660d0028449ce246,1,DAS 2,4901.6547N,1621.8234W,25.9,0,33.1,14.3,10.4,82.1,7.5,10.4,82.3,7.6,1013.9,3.51,6.43,9.5,7,34*61
 
STATION sbdservice
IRID_ID 300224010734970
BODY 
Content-Type: text/plain;charset=US-ASCII
Content-Disposition: inline
Content-Transfer-Encoding: 7bit

MOMSN: 3611
MTMSN: 0
Time of Session (UTC): Mon May 28 00:00:44 2012
Session Status: 00 - Transfer OK
Message Size (bytes): 1960

Unit Location: Lat = 49.035341 Long = -16.306167
CEPradius = 2



-- 
This message has been scanned for viruses and
dangerous content by MailScanner, and is
believed to be clean.


--SBD.Boundary.605592468
PROCESS /noc/users/iridburst/exec/irid_300224010734970_upd.pl
Last Run  ----1970-01-01 00:00:00 
MONTH  5 
DATA  xxrecord 2012-05-19 03:00:05 :: $W5M5A,120519,030005,660d0028449ce246,1,DAS 2,4901.6547N,1621.8234W,25.9,0,33.1,14.3,10.4,82.1,7.5,10.4,82.3,7.6,1013.9,3.51,6.43,9.5,7,34*61
 
STATION sbdservice
IRID_ID 300224010734970
BODY 
Content-Type: text/plain;charset=US-ASCII
Content-Disposition: inline
Content-Transfer-Encoding: 7bit

MOMSN: 3612
MTMSN: 0
Time of Session (UTC): Mon May 28 01:00:33 2012
Session Status: 00 - Transfer OK
Message Size (bytes): 1960

Unit Location: Lat = 49.020042 Long = -16.411144
CEPradius = 2



-- 
This message has been scanned for viruses and
dangerous content by MailScanner, and is
believed to be clean.


--SBD.Boundary.605592468
PROCESS /noc/users/iridburst/exec/irid_300224010734970_upd.pl
Last Run  ----1970-01-01 00:00:00 
MONTH  5 
DATA  xxrecord 2012-05-19 03:00:05 :: $W5M5A,120519,030005,660d0028449ce246,1,DAS 2,4901.6547N,1621.8234W,25.9,0,33.1,14.3,10.4,82.1,7.5,10.4,82.3,7.6,1013.9,3.51,6.43,9.5,7,34*61
 
STATION sbdservice
IRID_ID 300224010734970
BODY 
Content-Type: text/plain;charset=US-ASCII
Content-Disposition: inline
Content-Transfer-Encoding: 7bit

MOMSN: 3613
MTMSN: 0
Time of Session (UTC): Mon May 28 02:00:35 2012
Session Status: 00 - Transfer OK
Message Size (bytes): 1960

Unit Location: Lat = 49.001651 Long = -16.343277
CEPradius = 5



-- 
This message has been scanned for viruses and
dangerous content by MailScanner, and is
believed to be clean.


--SBD.Boundary.605592468
PROCESS /noc/users/iridburst/exec/irid_300224010734970_upd.pl
Last Run  ----1970-01-01 00:00:00 
MONTH  5 
DATA  xxrecord 2012-05-19 03:00:05 :: $W5M5A,120519,030005,660d0028449ce246,1,DAS 2,4901.6547N,1621.8234W,25.9,0,33.1,14.3,10.4,82.1,7.5,10.4,82.3,7.6,1013.9,3.51,6.43,9.5,7,34*61
 
STATION sbdservice
IRID_ID 300224010734970
BODY 
Content-Type: text/plain;charset=US-ASCII
Content-Disposition: inline
Content-Transfer-Encoding: 7bit

MOMSN: 3614
MTMSN: 0
Time of Session (UTC): Mon May 28 03:00:34 2012
Session Status: 00 - Transfer OK
Message Size (bytes): 1960

Unit Location: Lat = 48.959628 Long = -16.275498
CEPradius = 11



-- 
This message has been scanned for viruses and
dangerous content by MailScanner, and is
believed to be clean.


--SBD.Boundary.605592468
PROCESS /noc/users/iridburst/exec/irid_300224010734970_upd.pl
Last Run  ----1970-01-01 00:00:00 
MONTH  5 
DATA  xxrecord 2012-05-19 03:00:05 :: $W5M5A,120519,030005,660d0028449ce246,1,DAS 2,4901.6547N,1621.8234W,25.9,0,33.1,14.3,10.4,82.1,7.5,10.4,82.3,7.6,1013.9,3.51,6.43,9.5,7,34*61
 
STATION sbdservice
IRID_ID 300224010734970
BODY 
Content-Type: text/plain;charset=US-ASCII
Content-Disposition: inline
Content-Transfer-Encoding: 7bit

MOMSN: 3615
MTMSN: 0
Time of Session (UTC): Mon May 28 04:00:36 2012
Session Status: 00 - Transfer OK
Message Size (bytes): 1960

Unit Location: Lat = 49.001651 Long = -16.343277
CEPradius = 1



-- 
This message has been scanned for viruses and
dangerous content by MailScanner, and is
believed to be clean.


--SBD.Boundary.605592468
PROCESS /noc/users/iridburst/exec/irid_300224010734970_upd.pl
Last Run  ----1970-01-01 00:00:00 
MONTH  5 
DATA  xxrecord 2012-05-19 03:00:05 :: $W5M5A,120519,030005,660d0028449ce246,1,DAS 2,4901.6547N,1621.8234W,25.9,0,33.1,14.3,10.4,82.1,7.5,10.4,82.3,7.6,1013.9,3.51,6.43,9.5,7,34*61
 
STATION sbdservice
IRID_ID 300224010734970
BODY 
Content-Type: text/plain;charset=US-ASCII
Content-Disposition: inline
Content-Transfer-Encoding: 7bit

MOMSN: 3616
MTMSN: 0
Time of Session (UTC): Mon May 28 05:00:33 2012
Session Status: 00 - Transfer OK
Message Size (bytes): 1960

Unit Location: Lat = 49.020042 Long = -16.411144
CEPradius = 2



-- 
This message has been scanned for viruses and
dangerous content by MailScanner, and is
believed to be clean.


--SBD.Boundary.605592468
PROCESS /noc/users/iridburst/exec/irid_300224010734970_upd.pl
Last Run  ----1970-01-01 00:00:00 
MONTH  5 
DATA  xxrecord 2012-05-19 03:00:05 :: $W5M5A,120519,030005,660d0028449ce246,1,DAS 2,4901.6547N,1621.8234W,25.9,0,33.1,14.3,10.4,82.1,7.5,10.4,82.3,7.6,1013.9,3.51,6.43,9.5,7,34*61
 
STATION sbdservice
IRID_ID 300224010734970
BODY 
Content-Type: text/plain;charset=US-ASCII
Content-Disposition: inline
Content-Transfer-Encoding: 7bit

MOMSN: 3617
MTMSN: 0
Time of Session (UTC): Mon May 28 06:00:36 2012
Session Status: 00 - Transfer OK
Message Size (bytes): 1960

Unit Location: Lat = 49.035341 Long = -16.306167
CEPradius = 7



-- 
This message has been scanned for viruses and
dangerous content by MailScanner, and is
believed to be clean.


--SBD.Boundary.605592468
PROCESS /noc/users/iridburst/exec/irid_300224010734970_upd.pl
Last Run  ----1970-01-01 00:00:00 
MONTH  5 
DATA  xxrecord 2012-05-19 03:00:05 :: $W5M5A,120519,030005,660d0028449ce246,1,DAS 2,4901.6547N,1621.8234W,25.9,0,33.1,14.3,10.4,82.1,7.5,10.4,82.3,7.6,1013.9,3.51,6.43,9.5,7,34*61
 
STATION sbdservice
IRID_ID 300224010734970
BODY 
Content-Type: text/plain;charset=US-ASCII
Content-Disposition: inline
Content-Transfer-Encoding: 7bit

MOMSN: 3618
MTMSN: 0
Time of Session (UTC): Mon May 28 07:00:28 2012
Session Status: 00 - Transfer OK
Message Size (bytes): 292

Unit Location: Lat = 49.009277 Long = -16.290818
CEPradius = 3



-- 
This message has been scanned for viruses and
dangerous content by MailScanner, and is
believed to be clean.


--SBD.Boundary.605592468
PROCESS /noc/users/iridburst/exec/irid_300224010734970_upd.pl
Last Run  ----1970-01-01 00:00:00 
MONTH  5 
DATA  xxrecord 2012-05-19 03:00:05 :: $W5M5A,120519,030005,660d0028449ce246,1,DAS 2,4901.6547N,1621.8234W,25.9,0,33.1,14.3,10.4,82.1,7.5,10.4,82.3,7.6,1013.9,3.51,6.43,9.5,7,34*61
 
STATION sbdservice
IRID_ID 300224010734970
BODY 
Content-Type: text/plain;charset=US-ASCII
Content-Disposition: inline
Content-Transfer-Encoding: 7bit

MOMSN: 3619
MTMSN: 0
Time of Session (UTC): Mon May 28 08:00:54 2012
Session Status: 00 - Transfer OK
Message Size (bytes): 1960

Unit Location: Lat = 49.020042 Long = -16.411144
CEPradius = 5



-- 
This message has been scanned for viruses and
dangerous content by MailScanner, and is
believed to be clean.


--SBD.Boundary.605592468
PROCESS /noc/users/iridburst/exec/irid_300224010734970_upd.pl
Last Run  ----1970-01-01 00:00:00 
MONTH  5 
DATA  xxrecord 2012-05-19 03:00:05 :: $W5M5A,120519,030005,660d0028449ce246,1,DAS 2,4901.6547N,1621.8234W,25.9,0,33.1,14.3,10.4,82.1,7.5,10.4,82.3,7.6,1013.9,3.51,6.43,9.5,7,34*61
 
STATION sbdservice
IRID_ID 300224010734970
BODY 
Content-Type: text/plain;charset=US-ASCII
Content-Disposition: inline
Content-Transfer-Encoding: 7bit

MOMSN: 3620
MTMSN: 0
Time of Session (UTC): Mon May 28 09:00:36 2012
Session Status: 00 - Transfer OK
Message Size (bytes): 1960

Unit Location: Lat = 49.058916 Long = -16.306167
CEPradius = 29



-- 
This message has been scanned for viruses and
dangerous content by MailScanner, and is
believed to be clean.


--SBD.Boundary.605592468
PROCESS /noc/users/iridburst/exec/irid_300224010734970_upd.pl
Last Run  ----1970-01-01 00:00:00 
MONTH  5 
DATA  xxrecord 2012-05-19 03:00:05 :: $W5M5A,120519,030005,660d0028449ce246,1,DAS 2,4901.6547N,1621.8234W,25.9,0,33.1,14.3,10.4,82.1,7.5,10.4,82.3,7.6,1013.9,3.51,6.43,9.5,7,34*61
 
STATION sbdservice
IRID_ID 300224010734970
BODY 
Content-Type: text/plain;charset=US-ASCII
Content-Disposition: inline
Content-Transfer-Encoding: 7bit

MOMSN: 3621
MTMSN: 0
Time of Session (UTC): Mon May 28 10:00:34 2012
Session Status: 00 - Transfer OK
Message Size (bytes): 1960

Unit Location: Lat = 49.035341 Long = -16.306167
CEPradius = 4



-- 
This message has been scanned for viruses and
dangerous content by MailScanner, and is
believed to be clean.


--SBD.Boundary.605592468
PROCESS /noc/users/iridburst/exec/irid_300224010734970_upd.pl
Last Run  ----1970-01-01 00:00:00 
MONTH  5 
DATA  xxrecord 2012-05-19 03:00:05 :: $W5M5A,120519,030005,660d0028449ce246,1,DAS 2,4901.6547N,1621.8234W,25.9,0,33.1,14.3,10.4,82.1,7.5,10.4,82.3,7.6,1013.9,3.51,6.43,9.5,7,34*61
 
STATION sbdservice
IRID_ID 300224010734970
BODY 
Content-Type: text/plain;charset=US-ASCII
Content-Disposition: inline
Content-Transfer-Encoding: 7bit

MOMSN: 3622
MTMSN: 0
Time of Session (UTC): Mon May 28 11:00:38 2012
Session Status: 00 - Transfer OK
Message Size (bytes): 1960

Unit Location: Lat = 48.978050 Long = -16.343277
CEPradius = 3



-- 
This message has been scanned for viruses and
dangerous content by MailScanner, and is
believed to be clean.


--SBD.Boundary.605592468
PROCESS /noc/users/iridburst/exec/irid_300224010734970_upd.pl
Last Run  ----1970-01-01 00:00:00 
MONTH  5 
DATA  xxrecord 2012-05-19 03:00:05 :: $W5M5A,120519,030005,660d0028449ce246,1,DAS 2,4901.6547N,1621.8234W,25.9,0,33.1,14.3,10.4,82.1,7.5,10.4,82.3,7.6,1013.9,3.51,6.43,9.5,7,34*61
 
STATION sbdservice
IRID_ID 300224010734970
BODY 
Content-Type: text/plain;charset=US-ASCII
Content-Disposition: inline
Content-Transfer-Encoding: 7bit

MOMSN: 3623
MTMSN: 0
Time of Session (UTC): Mon May 28 12:00:42 2012
Session Status: 00 - Transfer OK
Message Size (bytes): 1960

Unit Location: Lat = 48.988759 Long = -16.463590
CEPradius = 13



-- 
This message has been scanned for viruses and
dangerous content by MailScanner, and is
believed to be clean.


--SBD.Boundary.605592468
PROCESS /noc/users/iridburst/exec/irid_300224010734970_upd.pl
Last Run  ----1970-01-01 00:00:00 
MONTH  5 
DATA  xxrecord 2012-05-19 03:00:05 :: $W5M5A,120519,030005,660d0028449ce246,1,DAS 2,4901.6547N,1621.8234W,25.9,0,33.1,14.3,10.4,82.1,7.5,10.4,82.3,7.6,1013.9,3.51,6.43,9.5,7,34*61
 
STATION sbdservice
IRID_ID 300224010734970
BODY 
Content-Type: text/plain;charset=US-ASCII
Content-Disposition: inline
Content-Transfer-Encoding: 7bit

MOMSN: 3624
MTMSN: 0
Time of Session (UTC): Mon May 28 13:00:33 2012
Session Status: 00 - Transfer OK
Message Size (bytes): 1960

Unit Location: Lat = 48.978050 Long = -16.343277
CEPradius = 5



-- 
This message has been scanned for viruses and
dangerous content by MailScanner, and is
believed to be clean.


--SBD.Boundary.605592468
PROCESS /noc/users/iridburst/exec/irid_300224010734970_upd.pl
Last Run  ----1970-01-01 00:00:00 
MONTH  5 
DATA  xxrecord 2012-05-19 03:00:05 :: $W5M5A,120519,030005,660d0028449ce246,1,DAS 2,4901.6547N,1621.8234W,25.9,0,33.1,14.3,10.4,82.1,7.5,10.4,82.3,7.6,1013.9,3.51,6.43,9.5,7,34*61
 
STATION sbdservice
IRID_ID 300224010734970
BODY 
Content-Type: text/plain;charset=US-ASCII
Content-Disposition: inline
Content-Transfer-Encoding: 7bit

MOMSN: 3625
MTMSN: 0
Time of Session (UTC): Mon May 28 14:00:38 2012
Session Status: 00 - Transfer OK
Message Size (bytes): 1960

Unit Location: Lat = 49.027703 Long = -16.358670
CEPradius = 3



-- 
This message has been scanned for viruses and
dangerous content by MailScanner, and is
believed to be clean.


--SBD.Boundary.605592468
PROCESS /noc/users/iridburst/exec/irid_300224010734970_upd.pl
Last Run  ----1970-01-01 00:00:00 
MONTH  5 
DATA  xxrecord 2012-05-19 03:00:05 :: $W5M5A,120519,030005,660d0028449ce246,1,DAS 2,4901.6547N,1621.8234W,25.9,0,33.1,14.3,10.4,82.1,7.5,10.4,82.3,7.6,1013.9,3.51,6.43,9.5,7,34*61
 
STATION sbdservice
IRID_ID 300224010734970
BODY 
Content-Type: text/plain;charset=US-ASCII
Content-Disposition: inline
Content-Transfer-Encoding: 7bit

MOMSN: 3626
MTMSN: 0
Time of Session (UTC): Mon May 28 15:00:34 2012
Session Status: 00 - Transfer OK
Message Size (bytes): 1960

Unit Location: Lat = 48.970402 Long = -16.395707
CEPradius = 6



-- 
This message has been scanned for viruses and
dangerous content by MailScanner, and is
believed to be clean.


--SBD.Boundary.605592468
PROCESS /noc/users/iridburst/exec/irid_300224010734970_upd.pl
Last Run  ----1970-01-01 00:00:00 
MONTH  5 
DATA  xxrecord 2012-05-19 03:00:05 :: $W5M5A,120519,030005,660d0028449ce246,1,DAS 2,4901.6547N,1621.8234W,25.9,0,33.1,14.3,10.4,82.1,7.5,10.4,82.3,7.6,1013.9,3.51,6.43,9.5,7,34*61
 
STATION sbdservice
IRID_ID 300224010734970
BODY 
Content-Type: text/plain;charset=US-ASCII
Content-Disposition: inline
Content-Transfer-Encoding: 7bit

MOMSN: 3627
MTMSN: 0
Time of Session (UTC): Mon May 28 16:00:36 2012
Session Status: 00 - Transfer OK
Message Size (bytes): 1960

Unit Location: Lat = 49.020042 Long = -16.411144
CEPradius = 2



-- 
This message has been scanned for viruses and
dangerous content by MailScanner, and is
believed to be clean.


--SBD.Boundary.605592468
PROCESS /noc/users/iridburst/exec/irid_300224010734970_upd.pl
Last Run  ----1970-01-01 00:00:00 
MONTH  5 
DATA  xxrecord 2012-05-19 03:00:05 :: $W5M5A,120519,030005,660d0028449ce246,1,DAS 2,4901.6547N,1621.8234W,25.9,0,33.1,14.3,10.4,82.1,7.5,10.4,82.3,7.6,1013.9,3.51,6.43,9.5,7,34*61
 
STATION sbdservice
IRID_ID 300224010734970
BODY 
Content-Type: text/plain;charset=US-ASCII
Content-Disposition: inline
Content-Transfer-Encoding: 7bit

MOMSN: 3628
MTMSN: 0
Time of Session (UTC): Mon May 28 17:00:34 2012
Session Status: 00 - Transfer OK
Message Size (bytes): 1960

Unit Location: Lat = 48.857737 Long = -19.815303
CEPradius = 295



-- 
This message has been scanned for viruses and
dangerous content by MailScanner, and is
believed to be clean.


--SBD.Boundary.605592468
PROCESS /noc/users/iridburst/exec/irid_300224010734970_upd.pl
Last Run  ----1970-01-01 00:00:00 
MONTH  5 
DATA  xxrecord 2012-05-19 03:00:05 :: $W5M5A,120519,030005,660d0028449ce246,1,DAS 2,4901.6547N,1621.8234W,25.9,0,33.1,14.3,10.4,82.1,7.5,10.4,82.3,7.6,1013.9,3.51,6.43,9.5,7,34*61
 
STATION sbdservice
IRID_ID 300224010734970
BODY 
Content-Type: text/plain;charset=US-ASCII
Content-Disposition: inline
Content-Transfer-Encoding: 7bit

MOMSN: 3629
MTMSN: 0
Time of Session (UTC): Mon May 28 18:00:34 2012
Session Status: 00 - Transfer OK
Message Size (bytes): 1960

Unit Location: Lat = 49.051278 Long = -16.358670
CEPradius = 5



-- 
This message has been scanned for viruses and
dangerous content by MailScanner, and is
believed to be clean.


--SBD.Boundary.605592468
PROCESS /noc/users/iridburst/exec/irid_300224010734970_upd.pl
Last Run  ----1970-01-01 00:00:00 
MONTH  5 
DATA  xxrecord 2012-05-19 03:00:05 :: $W5M5A,120519,030005,660d0028449ce246,1,DAS 2,4901.6547N,1621.8234W,25.9,0,33.1,14.3,10.4,82.1,7.5,10.4,82.3,7.6,1013.9,3.51,6.43,9.5,7,34*61
 
STATION sbdservice
IRID_ID 300224010734970
BODY 
Content-Type: text/plain;charset=US-ASCII
Content-Disposition: inline
Content-Transfer-Encoding: 7bit

MOMSN: 3630
MTMSN: 0
Time of Session (UTC): Mon May 28 19:00:46 2012
Session Status: 00 - Transfer OK
Message Size (bytes): 1960

Unit Location: Lat = 48.985443 Long = -17.605134
CEPradius = 116



-- 
This message has been scanned for viruses and
dangerous content by MailScanner, and is
believed to be clean.


--SBD.Boundary.605592468
PROCESS /noc/users/iridburst/exec/irid_300224010734970_upd.pl
Last Run  ----1970-01-01 00:00:00 
MONTH  5 
DATA  xxrecord 2012-05-19 03:00:05 :: $W5M5A,120519,030005,660d0028449ce246,1,DAS 2,4901.6547N,1621.8234W,25.9,0,33.1,14.3,10.4,82.1,7.5,10.4,82.3,7.6,1013.9,3.51,6.43,9.5,7,34*61
 
STATION sbdservice
IRID_ID 300224010734970
BODY 
Content-Type: text/plain;charset=US-ASCII
Content-Disposition: inline
Content-Transfer-Encoding: 7bit

MOMSN: 3631
MTMSN: 0
Time of Session (UTC): Mon May 28 20:00:39 2012
Session Status: 00 - Transfer OK
Message Size (bytes): 1960

Unit Location: Lat = 49.020042 Long = -16.411144
CEPradius = 2



-- 
This message has been scanned for viruses and
dangerous content by MailScanner, and is
believed to be clean.


--SBD.Boundary.605592468
PROCESS /noc/users/iridburst/exec/irid_300224010734970_upd.pl
Last Run  ----1970-01-01 00:00:00 
MONTH  5 
DATA  xxrecord 2012-05-19 03:00:05 :: $W5M5A,120519,030005,660d0028449ce246,1,DAS 2,4901.6547N,1621.8234W,25.9,0,33.1,14.3,10.4,82.1,7.5,10.4,82.3,7.6,1013.9,3.51,6.43,9.5,7,34*61
 
STATION sbdservice
IRID_ID 300224010734970
BODY 
Content-Type: text/plain;charset=US-ASCII
Content-Disposition: inline
Content-Transfer-Encoding: 7bit

MOMSN: 3632
MTMSN: 0
Time of Session (UTC): Mon May 28 21:00:36 2012
Session Status: 00 - Transfer OK
Message Size (bytes): 1960

Unit Location: Lat = 49.124167 Long = -14.341924
CEPradius = 169



-- 
This message has been scanned for viruses and
dangerous content by MailScanner, and is
believed to be clean.


--SBD.Boundary.605592468
PROCESS /noc/users/iridburst/exec/irid_300224010734970_upd.pl
Last Run  ----1970-01-01 00:00:00 
MONTH  5 
DATA  xxrecord 2012-05-19 03:00:05 :: $W5M5A,120519,030005,660d0028449ce246,1,DAS 2,4901.6547N,1621.8234W,25.9,0,33.1,14.3,10.4,82.1,7.5,10.4,82.3,7.6,1013.9,3.51,6.43,9.5,7,34*61
 
STATION sbdservice
IRID_ID 300224010734970
BODY 
Content-Type: text/plain;charset=US-ASCII
Content-Disposition: inline
Content-Transfer-Encoding: 7bit

MOMSN: 3633
MTMSN: 0
Time of Session (UTC): Mon May 28 22:00:35 2012
Session Status: 00 - Transfer OK
Message Size (bytes): 1960

Unit Location: Lat = 49.035341 Long = -16.306167
CEPradius = 2



-- 
This message has been scanned for viruses and
dangerous content by MailScanner, and is
believed to be clean.


--SBD.Boundary.605592468
PROCESS /noc/users/iridburst/exec/irid_300224010734970_upd.pl
Last Run  ----1970-01-01 00:00:00 
MONTH  5 
DATA  xxrecord 2012-05-19 03:00:05 :: $W5M5A,120519,030005,660d0028449ce246,1,DAS 2,4901.6547N,1621.8234W,25.9,0,33.1,14.3,10.4,82.1,7.5,10.4,82.3,7.6,1013.9,3.51,6.43,9.5,7,34*61
 
STATION sbdservice
IRID_ID 300224010734970
BODY 
Content-Type: text/plain;charset=US-ASCII
Content-Disposition: inline
Content-Transfer-Encoding: 7bit

MOMSN: 3634
MTMSN: 0
Time of Session (UTC): Mon May 28 23:00:32 2012
Session Status: 00 - Transfer OK
Message Size (bytes): 1960

Unit Location: Lat = 49.124167 Long = -14.341924
CEPradius = 160



-- 
This message has been scanned for viruses and
dangerous content by MailScanner, and is
believed to be clean.


--SBD.Boundary.605592468
PROCESS /noc/users/iridburst/exec/irid_300224010734970_upd.pl
Last Run  ----1970-01-01 00:00:00 
MONTH  5 
DATA  xxrecord 2012-05-19 03:00:05 :: $W5M5A,120519,030005,660d0028449ce246,1,DAS 2,4901.6547N,1621.8234W,25.9,0,33.1,14.3,10.4,82.1,7.5,10.4,82.3,7.6,1013.9,3.51,6.43,9.5,7,34*61
 
STATION sbdservice
IRID_ID 300224010734970
BODY 
Content-Type: text/plain;charset=US-ASCII
Content-Disposition: inline
Content-Transfer-Encoding: 7bit

MOMSN: 3635
MTMSN: 0
Time of Session (UTC): Tue May 29 00:00:41 2012
Session Status: 00 - Transfer OK
Message Size (bytes): 1960

Unit Location: Lat = 49.020042 Long = -16.411144
CEPradius = 3



-- 
This message has been scanned for viruses and
dangerous content by MailScanner, and is
believed to be clean.


--SBD.Boundary.605592468
PROCESS /noc/users/iridburst/exec/irid_300224010734970_upd.pl
Last Run  ----1970-01-01 00:00:00 
MONTH  5 
DATA  xxrecord 2012-05-19 03:00:05 :: $W5M5A,120519,030005,660d0028449ce246,1,DAS 2,4901.6547N,1621.8234W,25.9,0,33.1,14.3,10.4,82.1,7.5,10.4,82.3,7.6,1013.9,3.51,6.43,9.5,7,34*61
 
STATION sbdservice
IRID_ID 300224010734970
BODY 
Content-Type: text/plain;charset=US-ASCII
Content-Disposition: inline
Content-Transfer-Encoding: 7bit

MOMSN: 3636
MTMSN: 0
Time of Session (UTC): Tue May 29 01:00:34 2012
Session Status: 00 - Transfer OK
Message Size (bytes): 1960

Unit Location: Lat = 49.169606 Long = -13.517081
CEPradius = 222



-- 
This message has been scanned for viruses and
dangerous content by MailScanner, and is
believed to be clean.


--SBD.Boundary.605592468
PROCESS /noc/users/iridburst/exec/irid_300224010734970_upd.pl
Last Run  ----1970-01-01 00:00:00 
MONTH  5 
DATA  xxrecord 2012-05-19 03:00:05 :: $W5M5A,120519,030005,660d0028449ce246,1,DAS 2,4901.6547N,1621.8234W,25.9,0,33.1,14.3,10.4,82.1,7.5,10.4,82.3,7.6,1013.9,3.51,6.43,9.5,7,34*61
 
STATION sbdservice
IRID_ID 300224010734970
BODY 
Content-Type: text/plain;charset=US-ASCII
Content-Disposition: inline
Content-Transfer-Encoding: 7bit

MOMSN: 3637
MTMSN: 0
Time of Session (UTC): Tue May 29 02:00:35 2012
Session Status: 00 - Transfer OK
Message Size (bytes): 1960

Unit Location: Lat = 49.051278 Long = -16.358670
CEPradius = 4



-- 
This message has been scanned for viruses and
dangerous content by MailScanner, and is
believed to be clean.


--SBD.Boundary.605592468
PROCESS /noc/users/iridburst/exec/irid_300224010734970_upd.pl
Last Run  ----1970-01-01 00:00:00 
MONTH  5 
DATA  xxrecord 2012-05-19 03:00:05 :: $W5M5A,120519,030005,660d0028449ce246,1,DAS 2,4901.6547N,1621.8234W,25.9,0,33.1,14.3,10.4,82.1,7.5,10.4,82.3,7.6,1013.9,3.51,6.43,9.5,7,34*61
 
STATION sbdservice
IRID_ID 300224010734970
BODY 
Content-Type: text/plain;charset=US-ASCII
Content-Disposition: inline
Content-Transfer-Encoding: 7bit

MOMSN: 3638
MTMSN: 0
Time of Session (UTC): Tue May 29 03:00:35 2012
Session Status: 00 - Transfer OK
Message Size (bytes): 1960

Unit Location: Lat = 48.934510 Long = -12.843030
CEPradius = 266



-- 
This message has been scanned for viruses and
dangerous content by MailScanner, and is
believed to be clean.


--SBD.Boundary.605592468
PROCESS /noc/users/iridburst/exec/irid_300224010734970_upd.pl
Last Run  ----1970-01-01 00:00:00 
MONTH  5 
DATA  xxrecord 2012-05-19 03:00:05 :: $W5M5A,120519,030005,660d0028449ce246,1,DAS 2,4901.6547N,1621.8234W,25.9,0,33.1,14.3,10.4,82.1,7.5,10.4,82.3,7.6,1013.9,3.51,6.43,9.5,7,34*61
 
STATION sbdservice
IRID_ID 300224010734970
BODY 
Content-Type: text/plain;charset=US-ASCII
Content-Disposition: inline
Content-Transfer-Encoding: 7bit

MOMSN: 3639
MTMSN: 0
Time of Session (UTC): Tue May 29 04:00:32 2012
Session Status: 00 - Transfer OK
Message Size (bytes): 1960

Unit Location: Lat = 49.001651 Long = -16.343277
CEPradius = 2



-- 
This message has been scanned for viruses and
dangerous content by MailScanner, and is
believed to be clean.


--SBD.Boundary.605592468
PROCESS /noc/users/iridburst/exec/irid_300224010734970_upd.pl
Last Run  ----1970-01-01 00:00:00 
MONTH  5 
DATA  xxrecord 2012-05-19 03:00:05 :: $W5M5A,120519,030005,660d0028449ce246,1,DAS 2,4901.6547N,1621.8234W,25.9,0,33.1,14.3,10.4,82.1,7.5,10.4,82.3,7.6,1013.9,3.51,6.43,9.5,7,34*61
 
STATION sbdservice
IRID_ID 300224010734970
BODY 
Content-Type: text/plain;charset=US-ASCII
Content-Disposition: inline
Content-Transfer-Encoding: 7bit

MOMSN: 3640
MTMSN: 0
Time of Session (UTC): Tue May 29 05:00:38 2012
Session Status: 00 - Transfer OK
Message Size (bytes): 1960

Unit Location: Lat = 49.023438 Long = -12.469434
CEPradius = 295



-- 
This message has been scanned for viruses and
dangerous content by MailScanner, and is
believed to be clean.


--SBD.Boundary.605592468
PROCESS /noc/users/iridburst/exec/irid_300224010734970_upd.pl
Last Run  ----1970-01-01 00:00:00 
MONTH  5 
DATA  xxrecord 2012-05-19 03:00:05 :: $W5M5A,120519,030005,660d0028449ce246,1,DAS 2,4901.6547N,1621.8234W,25.9,0,33.1,14.3,10.4,82.1,7.5,10.4,82.3,7.6,1013.9,3.51,6.43,9.5,7,34*61
 
STATION sbdservice
IRID_ID 300224010734970
BODY 
Content-Type: text/plain;charset=US-ASCII
Content-Disposition: inline
Content-Transfer-Encoding: 7bit

MOMSN: 3641
MTMSN: 0
Time of Session (UTC): Tue May 29 06:01:10 2012
Session Status: 13 - Incomplete Transfer
Message Size (bytes): 0

Unit Location: Lat = 49.058916 Long = -16.306167
CEPradius = 14



-- 
This message has been scanned for viruses and
dangerous content by MailScanner, and is
believed to be clean.


--SBD.Boundary.605592468
PROCESS /noc/users/iridburst/exec/irid_300224010734970_upd.pl
Last Run  ----1970-01-01 00:00:00 
MONTH  5 
DATA  xxrecord 2012-05-19 03:00:05 :: $W5M5A,120519,030005,660d0028449ce246,1,DAS 2,4901.6547N,1621.8234W,25.9,0,33.1,14.3,10.4,82.1,7.5,10.4,82.3,7.6,1013.9,3.51,6.43,9.5,7,34*61
 
STATION sbdservice
IRID_ID 300224010734970
BODY 
Content-Type: application/x-zip-compressed; name="SBMmessage.sbd"
Content-Disposition: attachment; filename="300224010734970_003641.sbd"
Content-Transfer-Encoding: base64

JFc1TTVBLDEyMDUyOSwwNzAwMDUsNjYwZDAwMjg0NDljZTI0NiwxLERBUyAy
LDQ5MDEuMTk2NU4sMTYyMC44NzkzVywxMy4zLDE2MywxNi4zLDE0LjYsMTMu
Niw5Mi4zLDEyLjQsMTMuNiw5Mi44LDEyLjUsMTAwMi45LDEuODQsMy41NSw3
LjEsMTQ5LDQyKjZDDQoNCiRXNU01QSwxMjA1MjksMDcwMDA1LDY2MGQwMDI4
NDQ5Y2UyNDYsMixEQVMgMiwxMi45LDEzLjEsMC4yLDAuNCwwLjAxLDEzMzcs
MTM0OSwxNTYsNjI5LDAsOS43LDE2LjYyLDkyNSo2Ng0KDQokVzVNNUEsMTIw
NTI5LDA3MDAwNSw2NjBkMDAyODQ0OWNlMjQ2LDMsN0YwMDczMDIzQTAwMDA1
MzMyMzAzMTMyMzAzNTMyMzkzMDM2MzQzMDMwMzA1NTU5MDAzMTMyMzAzNTMy
MzkzMDM2MzQzMDJDNTQ0MTQyMzAzMDMwMzAzMDJDMkQzMDM1MzEyRTMxMkMy
QzMxMzIyRTM0MzUyQzM0MkUzMDJDMzMzNjMwMzAyQzM2MzAyQzM2MzAyQzMx
MkMzMDMwMzUzNzMwMkMzMzJFMzQzMjJDMzEyRTMyMzYyQzMwMkMzMDJDMzAy
RTMxMzczMjJDMkIzMDMwMkUzMDBEMEE4ODEwMURGM0EyOEM3RjAwNjcwMjNB
MDAwMDU3MzIzMDMxMzIzMDM1MzIzOTMwMzYzNDMwMzAzMEZGNEQwMDAwODBG
QjQ0MDA0MDA0NDQwMDAwN0E0NzAwMDAwOTQzMjI4MDlCM0YzQTdCQkI0MDJD
MkU2MzQwRDFBRkVCM0YyODNDRDM0MEZCNjQxMzQwQkQ5RERBNDBGNENDQjg0
MDQ5OTJFNDQwQTgyRkU1NDBBRTgwRjYzRjM0N0YxNDQzRUMyMjI5NDJFMTdB
MjkzQzY5MUU0MzMxNUJEQjdGMDI4QTAyM0EwMDAwNEI1NjQ4MjAzNzMyMzAz
MTMyMzAzNTMyMzkzMDM2MzQzMDMwMzAzMjAwMDAwMEVCNTFCODNEMEFEN0Ez
M0IzMTdGMTQ0M0VDMjIyOTQyNTg2OTY5NDMzNDBDOUI0Mjc4OTU2RjQzMDhC
Mzk3NDIzNEFFMjM0M0I2NDc4RTQyMDAwQzAwNDNEODJENzM0Mjk5NkUwQTQz
MDZBQzRENDJCQTVGMUE0MzUzRUIyNDQyRDMxRTE5NDM3OTZGMTQ0MkI2Mjcx
NDQzN0Q1OUVDNDFCQTQyMTc0MzIwNkVFMjQxRTlGQjE0NDM0RkUzMDU0MkYz
RDYwQjQzMkMxQzBGNDI5RjUzMDY0MzQ0QkIxNjQyNEZEMDA1NDNCRDY5MUM0
MkNGQTkwNTQzNTIxMDFDNDI4NDM4MDg0MzJCNDIzNzQyNDFGQzExNDMwN0M3
NTY0MkI4Q0IyNDQzNDI0NzY2NDJFRTYzMUQ0MzZFMEY2QzQyN0Y3NjE5NDMw
Q0M0NkE0MjQwQ0YyNjQzQzIxMDQ3NDI0MTA1MjU0MzJGQjIzQjQyRTczMzE0
NDNDRDY2M0Q0MjRCQUIxQjQzNUI5QTJFNDIwMTdFMjc0MzI0RjYzMjQyM0VC
QzI0NDNEREMyNTU0MkM3NzgxQzQzOEEwQjZENDIzRDY5Mjc0MzJBNkQ2MzQy
REZEQTIyNDM0NTlFNTQ0MjQ4QUIxNzQzMDFDQjRDNDI4N0U5MTM0Mzg0Qzc0
MTQyMjlDQTFDNDNCQkY4NEY0MkMzNEYzODQzNDExRDZGNDIzNTMzNDk0M0VD
OUM2NTQyQUZEODNDNDM1NTUxNjg0MjRFMDIyNTQzRTg4MjdENDIyQTYyMjg0
MzhEMDA4MjQyMTlCQzMyNDNCNDA3NkU0MjUzOEMzNjQzMDY5ODc1NDJEMkU3
NEQ0MzlBRUE4MjQyOTA0ODUzNDMxMTEyNzk0MkU4MDY0QzQzMkNGRDc1NDI0
MTY2NDI0M0ZGQjQ4MTQyRTc5NTJBNDNBMjc3ODA0MkM1MUIxQTQzMkUyMTgx
NDIwRkYxMEM0MzIyNUI4ODQyNTA2NTBENDMyQTA3OEY0MjYxNEExMjQzRTVF
RDhFNDI1MzNEMEM0MzFENTI4QjQyMDg4NDIwNDNCNDc4OEY0Mjg1QUIzNzQz
NjIyOThENDJEOUI5MjMzRDdGOUE3NzNEQzYyMEFBM0QzRDQ1OTczRUQwMjBC
ODNFRjZCMjNBM0YwOTQ0ODQzRjI0MEYxMTQwRDMxMTdFNDA5M0ExODQ0MEJC
MkNFMjQwN0UzRTY3NDBCMDYwNTM0MDhERUEwNjQwMUI0NjEwNDBCQ0U2NEQz
RkM2RTQ3QzNGOTEwNDcwM0ZBRDM0MEQzRjMyQTY4OTNGRDBFMDc5M0ZBQUND
MTEzRjZFNkI0MTNGRUE3RDI3M0YzN0Y2RUEzRTNBOUZCMjNFRTY5RUM3M0VG
MzBFREYzRTJGNzRFMTNFREMzMkQ1M0VDN0Y0QjkzRTE1Q0Q0RjNFNERGMURF
M0Q5NTU0MzUzRTAwNTZCNzNFNUY0Mzk0M0UyRTYyQ0UzRTc3RDlBOTNFMEU2
QzFCM0VFNTQxM0YzRTJDNzU4QTNFQ0U5Mw==

--SBD.Boundary.605592468
PROCESS /noc/users/iridburst/exec/irid_300224010734970_upd.pl
Last Run  ----1970-01-01 00:00:00 
MONTH  5 
DATA  xxrecord 2012-05-29 07:00:05 :: $W5M5A,120529,070005,660d0028449ce246,1,DAS 2,4901.1965N,1620.8793W,13.3,163,16.3,14.6,13.6,92.3,12.4,13.6,92.8,12.5,1002.9,1.84,3.55,7.1,149,42*6C
 
INSERT
STATION sbdservice
IRID_ID 300224010734970
BODY 
Content-Type: application/x-zip-compressed; name="SBMmessage.sbd"
Content-Disposition: attachment; filename="300224010734970_003642.sbd"
Content-Transfer-Encoding: base64

JFc1TTVBLDEyMDUyOSwwODAwMDUsNjYwZDAwMjg0NDljZTI0NiwxLERBUyAy
LDQ5MDEuMjA5OU4sMTYyMC44NjkyVywxNy4xLDE1NiwyMS42LDE0LjYsMTMu
Niw5Mi4wLDEyLjMsMTMuNiw5Mi41LDEyLjQsMTAwMy41LDEuNjIsMi4yOCw3
LjEsMTU0LDUwKjYyDQoNCiRXNU01QSwxMjA1MjksMDgwMDA1LDY2MGQwMDI4
NDQ5Y2UyNDYsMixEQVMgMiwxMy4yLDEzLjMsMC4yLDAuNCwwLjAxLDEzMzgs
MTM1MCwxNTYsNjI5LDAsMzU1LjIsMTYuNjIsOTI0KjY4DQoNCiRXNU01QSwx
MjA1MjksMDgwMDA1LDY2MGQwMDI4NDQ5Y2UyNDYsMyw3RjAwNzMwMjNBMDAw
MDUzMzIzMDMxMzIzMDM1MzIzOTMwMzczNDMwMzAzMDU1NTkwMDMxMzIzMDM1
MzIzOTMwMzczNDMwMkM1NDQxNDIzMDMwMzAzMDMwMkMyRDMwMzUzMTJFMzEy
QzJDMzEzMjJFMzYzNTJDMzQyRTMwMkMzMzM2MzAzMDJDMzYzMDJDMzYzMDJD
MzEyQzMwMzAzNTM3MzAyQzMzMkUzNDMyMkMzMTJFMzIzNjJDMzEyQzMwMkMz
MDJFMzEzNzMwMkMyQjMwMzAyRTMwMEQwQThBMTBDQjhGOEUzQzdGMDA2NzAy
M0EwMDAwNTczMjMwMzEzMjMwMzUzMjM5MzAzNzM0MzAzMDMwRkY0RDAwMDA4
MEZCNDQwMDQwMDQ0NDAwODg5MDQ3MDAwMDE0NDNFMTVGODgzRkQ2NDBBRDQw
MjFFNTExNDBFQUNGQ0YzRjZGNkZDOTQwNTBGQUZDM0Y0NzQ2Q0U0MEU2NThB
RTQwNDk5MkU0NDBFNjk3REU0MDYwMkZERDNGMUZEODE5NDNFQTQzNDY0MkZG
NzdGQjNCOUQyMUY2MzYyQzQyN0YwMkM2MDIzQTAwMDA0QjU2NDgyMDM3MzIz
MDMxMzIzMDM1MzIzOTMwMzczNDMwMzAzMDM3MDAwMDAwMjk1QzhGM0QwQUQ3
QTMzQjFERDgxOTQzRTk0MzQ2NDJBMjc4NTc0MzM2Mzc0OTQyQjRCNjZCNDM0
M0Q2NjE0MjU4MUQ1MjQzMzY3Qzg2NDIwNTczMkM0MzJGODA4NjQyMDgzNjJC
NDMwOEJDODE0MjM2NTY0ODQzOTk2MTc5NDJEMUZENDQ0M0NFRkY3MDQyN0ND
RDI5NDNBOUEyNkE0MkE1NjgxRTQzNjRDRTNCNDIyRkRCMUM0M0JEMjczNTQy
MDVDNDFDNDMwQzE3NDY0MkQyMTYyNTQzNTNERTNENDI5QjhDMkE0MzY1QUEz
OTQyRTI1MzIxNDNGMUU0MzU0MkM5NkUxQTQzRjE4NjJDNDI5NTk2MTE0MzQy
MEYzRDQyRUU4NzBCNDMyQUJCNDY0MjNFNEEwRjQzQzQ3MzQ5NDI0QkIwMTQ0
M0RGMEM0NTQyN0M2QTEzNDMwRDQ3NDg0MjA1QzkxMDQzOEQwMjNFNDJFNjIx
MEU0MzcyQUUyODQyODE2RDA4NDMwNDcyM0I0MjA1MEUxNTQzOTc1NzUyNDIy
QUM0MUU0MzYyOTQ0RjQyM0FDOTE1NDNCQUZCM0Q0MkJDRjcxMjQzNzdCOTJE
NDI5NEY0MDU0MzZFRTA1OTQyMEI1MDA0NDMwQTFBNjM0Mjk5MkIxNjQzNkY4
RTQ3NDIzOUFDMjA0M0EwMkQzOTQyQkM5RTFGNDMzRjNFM0Y0MjZGOEQyMjQz
OEVCMzM2NDJDOERDMjc0MzVCMkQzMTQyRkJDNTI0NDMzMTkxNDA0MkJGNTcx
QTQzOEUzMTYzNDIxNUE2MTQ0MzZFN0U3NDQyQkRFRDJGNDM0QTVBN0U0Mjc0
M0Q0MDQzNjZEMDgzNDJENURDMTE0MzBBQzU4OTQyMTM4NjE2NDM5QjkxODE0
MjZEQ0UxOTQzOUJERjdENDJCRTUwMTQ0MzhBRUM3RjQyNEUzNTFENDM0NzBE
ODc0MjFBQzQxRjQzMzAzQjhENDIyQ0MxMTM0M0UwNjg4ODQyQTdDNjBDNDNB
N0Q5ODg0MjU2NDYwRjQzRTFBODhCNDIzMjU2MUQ0MzQ0NDk5MTQyMjVFMjNG
NDM3NDA1OTQ0MkNDQjgyQTQzNDYyNzkwNDJFREMxMTc0Mzg4M0Y4OTQyQkY2
NDJDNDNCRkMxOEQ0MjA2MEE2OTQzNUI1RThFNDIwNjUyODI0MzE5MjU5MzQy
Njc3QTQ5M0UwRkI0Q0MzRDcxNTgzQTNERjAwRDUyM0QzQjgyODQzRDAzRDI1
QzNEODQ2RkY4M0RENDA1OTYzRTJGNTUzMDNGRjZGRjhGM0YyOUZFQUQzRjND
NzRGMzNGN0IwQ0Q0M0Y3QzMxRDMzRjYzMjAzRDQwRTRFNUQ0M0ZFRTQzMEI0
MEE3REZGMDNGQTVCNjkyM0ZEMjdGNzAzRjA4MzI5QjNGNTg1N0VDM0Y0REY1
NUQzRkNFODY3RDNGRTlFODdDM0Y0MjVENTEzRjRGM0Y4NjNGQzM0OEZCM0VC
N0NGRkIzRTY2NEU0RDNGOTE3NzI5M0YxMQ==

--SBD.Boundary.605592468
PROCESS /noc/users/iridburst/exec/irid_300224010734970_upd.pl
Last Run  ----1970-01-01 00:00:00 
MONTH  5 
DATA  xxrecord 2012-05-29 08:00:05 :: $W5M5A,120529,080005,660d0028449ce246,1,DAS 2,4901.2099N,1620.8692W,17.1,156,21.6,14.6,13.6,92.0,12.3,13.6,92.5,12.4,1003.5,1.62,2.28,7.1,154,50*62
 
INSERT
STATION sbdservice
IRID_ID 300224010734970
BODY 
Content-Type: application/x-zip-compressed; name="SBMmessage.sbd"
Content-Disposition: attachment; filename="300224010734970_003643.sbd"
Content-Transfer-Encoding: base64

JFc1TTVBLDEyMDUyOSwwOTAwMDUsNjYwZDAwMjg0NDljZTI0NiwxLERBUyAy
LDQ5MDEuMjQ2Nk4sMTYyMC44ODgxVywxNy42LDE1MiwyMS42LDE0LjcsMTMu
Nyw5MS45LDEyLjQsMTMuNyw5Mi40LDEyLjUsMTAwMy42LDEuNzksMy4zMyw3
LjcsMTYzLDQzKjY2DQoNCiRXNU01QSwxMjA1MjksMDkwMDA1LDY2MGQwMDI4
NDQ5Y2UyNDYsMixEQVMgMiwxMy42LDEzLjksMC4yLDAuNCwwLjAxLDEzMzks
MTM1MSwxNTYsNjI4LDAsNy42LDE2LjYyLDkyMio2MA0KDQokVzVNNUEsMTIw
NTI5LDA5MDAwNSw2NjBkMDAyODQ0OWNlMjQ2LDMsN0YwMDczMDIzQTAwMDA1
MzMyMzAzMTMyMzAzNTMyMzkzMDM4MzQzMDMwMzA1NTU5MDAzMTMyMzAzNTMy
MzkzMDM4MzQzMDJDNTQ0MTQyMzAzMDMwMzAzMDJDMkQzMDM1MzEyRTMxMkMy
QzMxMzMyRTMxMzUyQzM0MkUzMDJDMzMzNjMwMzAyQzM2MzAyQzM2MzAyQzMx
MkMzMDMwMzUzNzMwMkMzMzJFMzQzMjJDMzEyRTMyMzYyQzMyMkMzMDJDMzAy
RTMxMzYzNzJDMkIzMDMwMkUzMDBEMEE4RTEwMjJBQkExQzE3RjAwNjcwMjNB
MDAwMDU3MzIzMDMxMzIzMDM1MzIzOTMwMzgzNDMwMzAzMEZGNEQwMDAwODBG
QjQ0MDA0MDA0NDQwMDEwQTQ0NzAwMDAwRjQzRTlBODhGM0ZGM0JDQjM0MERD
NDg1NTQwQ0ZFOEU0M0Y0OUM2REI0MEVGQzIxOTQwMjJENUQ2NDAzMzkyQkE0
MDYzMjdGNjQwN0FDOEY0NDAzMjBBRjAzRjZCMDAyMzQzMkFCRDJBNDJCM0M3
MTQzQzAzMjBEMDFCQ0M4NTdGMDJEMjAyM0EwMDAwNEI1NjQ4MjAzNzMyMzAz
MTMyMzAzNTMyMzkzMDM4MzQzMDMwMzAzODAwMDAwMEI4MUU4NTNEMEFEN0Ez
M0I2OTAwMjM0MzI1QkQyQTQyMkNFMTQ3NDNFODYxMjI0MjM5QkM0OTQzQjI3
QzEzNDJERDZBNEU0M0U5NTQzRDQyNTdENTU4NDNDQTFDODY0MjJBQTM1QjQz
Q0RBOThBNDI0RDNGNUE0M0UwRTU2OTQyOEEwMjYwNDNFQzc4NTg0MjlCMzU1
QjQzN0EwQjdDNDIzRjA3M0Q0MzhERjQ4MTQyNzcxNDJBNDNGRURBNjM0MjYy
NTIyRDQzOUE5QjRDNDIyOTgxMzI0MzNERkIzQTQyQ0U1NDJDNDNEQkEwMEE0
MjE2MDYyNTQzMjU3QUM4NDExQkFDMjU0MzE5MDNGMTQxMzQzOTJBNDM1N0Q4
MzE0MkVDOUUyNjQzRTRCQzU0NDJEMkQ3MjI0MzQ4RUI2MjQyM0VFMTEyNDNC
MTkzNjM0MjhBRkEwQTQzNDEwNDU3NDI3N0JDMEM0MzMwMTU0MDQyNDJBNDEx
NDM3RjY2Mjc0MjlCRTExNjQzMkFGRTIzNDIyNzE5MjA0MzJDNEUzNjQyRkI3
NjI0NDMwQUJDNDA0Mjk2QkQxQjQzOUUwNTVENDI1MzdDMTQ0Mzk4OEI2NDQy
QjFBNjI2NDM5QzQ3NTk0MjA4NjQyRjQzQUI5QjVBNDI2QkZFMkM0MzI4MTU2
NDQyNzE0MDFDNDM1OTc3NkQ0MjZGRDQxRTQzRENENTZCNDI1NTUwMUE0Mzc3
RDA2MTQyOEY5NTE2NDNEQzkxNUU0MkQ4MDgzMDQzMUE1RDc5NDJFNTcxM0U0
MzcxMUY3QzQyNDg1QjJGNDM5QzA1NzE0MjZBREYxRTQzMkZEQzYxNDIxMkQ0
MEU0MzRBMDI0RDQyNjZBNjBBNDMzMTlDNTI0MjJCNzgxQTQzRUNFMzc4NDIy
QzAwMjM0M0MxOUM3RTQyMURFNDEyNDMxMjJFNkQ0MkUzRkMxNDQzRTg0MTYy
NDI4NDlEMUE0MzlEQ0E2NjQyMDY5ODBBNDM5QjI0NzI0MjBFMjAxNzQzMjc5
QjgyNDJCMzEwNDE0MzhEMUI4MDQyQTFDQjM0NDM3OEZBODI0MjQ2NEYwODQz
RjUwNTg3NDI5Nzc4Q0Y0MjcyOTU4RDQyRDEzRDMwNDJDRTBEOUQ0MjVENDg5
RTQzM0YyRTlBNDJFQjZFODk0MzBDOEQ5NzQyMzA3Rjc0NDNDNjJCOEY0MjBE
OUY2QTQzREQ0RDkzNDI1OEY3OUMzRTc2MEM1RjNFNkU5QkU2M0QwRDExMTEz
REZFMTg1NjNENkM5MzY5M0Q3NDlCRTczRDRDODY0MzNFOUU4NzBCM0UyMkQ1
MDczRkI1ODkzMjNGMUFFQ0E0M0ZDMUM2NEE0MDZCRTcwNTQxQzlEMEJBNDA2
QTM1RkYzRkNBNkM5QTNGNjA1N0FDM0Y3NTc4QzEzRkE2OEVDODNGQUFEN0U5
M0U1Q0ZFRTUzRjE1NDJFMTNGNzc3NUJCM0YyRjdCODUzRjk5MThEODNFQUQ5
NDlDM0U3QzczQkMzRTdFQkRDNDNFOTg3Mg==

--SBD.Boundary.605592468
PROCESS /noc/users/iridburst/exec/irid_300224010734970_upd.pl
Last Run  ----1970-01-01 00:00:00 
MONTH  5 
DATA  xxrecord 2012-05-29 09:00:05 :: $W5M5A,120529,090005,660d0028449ce246,1,DAS 2,4901.2466N,1620.8881W,17.6,152,21.6,14.7,13.7,91.9,12.4,13.7,92.4,12.5,1003.6,1.79,3.33,7.7,163,43*66
 
INSERT
STATION sbdservice
IRID_ID 300224010734970
BODY 
Content-Type: application/x-zip-compressed; name="SBMmessage.sbd"
Content-Disposition: attachment; filename="300224010734970_003644.sbd"
Content-Transfer-Encoding: base64

JFc1TTVBLDEyMDUyOSwxMDAwMDUsNjYwZDAwMjg0NDljZTI0NiwxLERBUyAy
LCwsMTguNSwxNDcsMjIuNSwxNC43LDEzLjgsOTIuMCwxMi41LDEzLjgsOTIu
NiwxMi42LDEwMDMuNCwxLjYsMi40Niw2LjksMTUzLDUxKjQ1DQoNCiRXNU01
QSwxMjA1MjksMTAwMDA1LDY2MGQwMDI4NDQ5Y2UyNDYsMixEQVMgMiwxNC4z
LDE0LjUsMC4yLDAuNCwwLjAxLDEzMzksMTM1MSwxNTcsNjI5LDAsMjQ3LjYs
MTcuNzksOTI3KjY5DQoNCiRXNU01QSwxMjA1MjksMTAwMDA1LDY2MGQwMDI4
NDQ5Y2UyNDYsMyw3RjAwNzMwMjNBMDAwMDUzMzIzMDMxMzIzMDM1MzIzOTMw
MzkzNDMwMzAzMDU1NTkwMDMxMzIzMDM1MzIzOTMwMzkzNDMwMkM1NDQxNDIz
MDMwMzAzMDMwMkMyRDMwMzUzMTJFMzEyQzJDMzEzMzJFMzgzMjJDMzQyRTMw
MkMzMzM2MzAzMDJDMzYzMDJDMzYzMDJDMzEyQzMwMzAzNTM3MzAyQzMzMkUz
NDMyMkMzMTJFMzIzNjJDMzMyQzMwMkMzMDJFMzEzNjMzMkMyQjMwMzAyRTMw
MEQwQTkwMTA1MzA1MEQ5QzdGMDA2NzAyM0EwMDAwNTczMjMwMzEzMjMwMzUz
MjM5MzAzOTM0MzAzMDMwRkY0RDAwMDA4MEZCNDQwMDQwMDQ0NDAwOThCNzQ3
MDAwMDFCNDMxRUFFODMzRjQyMzBBNjQwNUZCRDFENDA0RjE1Q0QzRjExNjlD
MzQwRjJCRUZGM0YzQUZFQzA0MDY5RTJBODQwOEVCMERDNDA0MkRCREQ0MDhB
QjREODNGQUNGQTE4NDM5NDUxNEI0MkFCMERGMDNCNkIyMDNDNDg4N0E4N0Yw
MkQyMDIzQTAwMDA0QjU2NDgyMDM3MzIzMDMxMzIzMDM1MzIzOTMwMzkzNDMw
MzAzMDM4MDAwMDAwQjgxRTg1M0QwQUQ3QTMzQkFBRkExODQzOTM1MTRCNDIx
OTM4NDQ0MzM4Nzg0MDQyQ0U5RTQ2NDNBNzM1NEE0MkFBRjk0QzQzRjQyRTZG
NDJDMzZDNEU0MzdDOTM3RjQyNUU5NzVFNDM0NUFDOTI0MjQzNjk2NzQzODI1
MTkyNDI2MkI1ODA0M0NEOUQ4NTQyMzlERjgzNDNFNDE5ODc0MkU4MDM3MDQz
NTRCOTkwNDIxQUNCMDY0MzUwMkI4QTQyMzNCMzExNDM1MTk4Njg0MkNDMkQy
NjQzRTI2RjQ3NDI1NjREMkI0MzFFMzMyQjQyRUY2MDJBNDMzMTlEMUU0MjIy
M0EyQTQzQzZCMzIyNDIxMDA5MUY0MzUyRTcyQjQyODhFMTEwNDM4RkU4MzM0
MkNFRTcwQTQzRTU5ODRBNDJGNUQ4MDE0M0FBMjU1MjQyNDUxMkYxNDI1NkFG
NDU0MjY5NDkwMzQzQjREMzQ4NDI1RURCMTU0M0YwOTY0MTQyMTg3NzFGNDM5
NEQ3MjY0MkY0QjMyMTQzNzcyMDE5NDI3RTNFMjY0MzJDOTcyMjQyNjBERTJB
NDNFQjU1NDk0MjVGMDYxRjQzNkE4MTU5NDJEN0Q5MTI0MzhFNDc0MzQyQzY5
NDEzNDM2MTc0NEI0MjFCMzUyMjQzOUM2QzYzNDIzMzE2MkE0M0VBNTc2NTQy
MTc5NjFBNDNEMjEzNjk0MkI4OEExMzQzREJFODcxNDJEMzg0MTY0Mzc2NDc2
QzQyMkU3NjBGNDNCMDk5NUI0MjcxMzIwNzQzOTdFQjRGNDIwMUM4MEU0Mzkx
QzE1MTQyQjIyRjFDNDMxN0Y4NUY0MjU5RkQxNjQzRjNBOTdCNDI5OUVEMEQ0
MzAyN0I4MDQyNjEwQTExNDMxMUFBN0I0MjNFQUQxMzQzNkZENzc5NDI1MEFD
MTM0MzNDQTg4MjQyRDA0RTE1NDM0NzY1OTA0MkFCQkQzMzQzMjc4Rjk4NDJF
OTE4M0I0MzgwMzM5ODQyMThCQjI5NDNEQjk1OTI0Mjk5NzEyMjQzREYzRTg4
NDI3RERCMEU0MzlGNkU4NDQyQjcwNkY1NDJENzlFOEE0MkM1NkREMTQyODA4
MjkxNDI4M0Y5QUI0MjI2NTg5MzQyMEFEM0JBNDIwMEMxOEM0MkM3RENDRDQy
Nzc0QzhDNDIwMTAyQUU0MkY3QUU5NDQyQkY5MEJBNDJEODcyOTg0Mjg2NTZE
RTNFQTgzNEZCM0U2QzcwMTQzRUY1QkM2QjNEQUQ1NDNDM0Q0ODcyNzUzREY5
NEY2RjNEMzU4MDFBM0U5MEEwMDIzRTk1M0I1RDNFQTI2NTIzM0Y5NzZEN0Uz
RkFDNkM5QjNGNjBCRkNFM0YxQjFCMDg0MDg3NDgxNTQwNEJFMzIwNDBFRjQ2
MDE0MENDOTRCMDNGMEU1MjkwM0ZDQTQ1QjIzRjA4NTE2QTNGRTNDMzcxM0Y0
RjQzODAzRjEzRTIzOTNGRThDRUZFM0U1N0I3RDEzRTEwMzMzMjNGNDYxMTgw
M0Y0NEM2RjIzRTY2MDFCQjNFNkY3NDI4Mw==

--SBD.Boundary.605592468
PROCESS /noc/users/iridburst/exec/irid_300224010734970_upd.pl
Last Run  ----1970-01-01 00:00:00 
MONTH  5 
DATA  xxrecord 2012-05-29 10:00:05 :: $W5M5A,120529,100005,660d0028449ce246,1,DAS 2,,,18.5,147,22.5,14.7,13.8,92.0,12.5,13.8,92.6,12.6,1003.4,1.6,2.46,6.9,153,51*45
 
STATION sbdservice
IRID_ID 300224010734970
BODY 
Content-Type: application/x-zip-compressed; name="SBMmessage.sbd"
Content-Disposition: attachment; filename="300224010734970_003645.sbd"
Content-Transfer-Encoding: base64

JFc1TTVBLDEyMDUyOSwxMTAwMDUsNjYwZDAwMjg0NDljZTI0NiwxLERBUyAy
LDQ5MDEuMzI1N04sMTYyMC45NjQzVywxOS4yLDE1MiwyMy4wLDE0LjcsMTMu
OSw5MC43LDEyLjQsMTMuOSw5MS40LDEyLjUsMTAwMy43LDEuODIsMi44OCw2
LjcsMTU3LDQ1KjZEDQoNCiRXNU01QSwxMjA1MjksMTEwMDA1LDY2MGQwMDI4
NDQ5Y2UyNDYsMixEQVMgMiwxNC4zLDE0LjUsMC4yLDAuNCwwLjAxLDEzMzks
MTM1MSwxNTcsNjI5LDAsMzQzLjMsMTguNTcsOTI0KjY4DQoNCiRXNU01QSwx
MjA1MjksMTEwMDA1LDY2MGQwMDI4NDQ5Y2UyNDYsMyw3RjAwNzMwMjNBMDAw
MDUzMzIzMDMxMzIzMDM1MzIzOTMxMzAzNDMwMzAzMDU1NTkwMDMxMzIzMDM1
MzIzOTMxMzAzNDMwMkM1NDQxNDIzMDMwMzAzMDMwMkMyRDMwMzUzMTJFMzEy
QzJDMzEzMzJFMzgzMTJDMzQyRTMwMkMzMzM2MzAzMDJDMzYzMDJDMzYzMDJD
MzEyQzMwMzAzNTM3MzAyQzMzMkUzNDMyMkMzMTJFMzIzNjJDMzQyQzMwMkMz
MDJFMzEzNjMzMkMyQjMwMzAyRTMwMEQwQTg4MTA2OTIxRTY3RjdGMDA2NzAy
M0EwMDAwNTczMjMwMzEzMjMwMzUzMjM5MzEzMDM0MzAzMDMwRkY0RDAwMDA4
MEZCNDQwMDQwMDQ0NDAwMjBDQjQ3MDAwMDE2NDNENjE2OTYzRjFCNUFBQTQw
NzgyMTM4NDAzNzIyRTkzRjgzRDdDNjQwOEJENTE1NDBBQjdCREI0MEI3MkZC
MDQwNTY1NUQ1NDBDOEUzREU0MDM1RDNGNjNGREE4MzFDNDMyODRFMzQ0MkVF
RkMxRDNDQUQxRTA3NTA4RUU0N0YwMkM2MDIzQTAwMDA0QjU2NDgyMDM3MzIz
MDMxMzIzMDM1MzIzOTMxMzAzNDMwMzAzMDM3MDAwMDAwMjk1QzhGM0QwQUQ3
QTMzQkQ3ODMxQzQzMjY0RTM0NDI5Qzc1NTY0MzhGQTEzRDQyOTZBQTUwNDM0
MjM1NDE0MkZFNkIzRTQzMUFDMjY3NDIwRUJEMzM0MzNGMUM2MzQyRDAyNDRG
NDMzNDZENkU0MjNFMTU0MjQzMkM0RDg5NDI2NzAzNDI0MzU5MEY4RTQyQURE
NDVBNDM2OEZFOEY0MkM4Q0MzQTQzMzUwNDg1NDIyOThFMjQ0MzU1MEI0NDQy
QzlCNTFENDNBQTBCMjg0MkVEODcxRTQzNTFDMTI2NDJEN0I5MUU0M0U3NjAw
RDQyMzg3QzIyNDNCNUJDMTU0MkMwN0IyNTQzOThGODI4NDIzN0ZGMUQ0M0Iw
MTkyMTQyMjgyMjFDNDMwOTc0MUM0MkMyRTcyMDQzQTFFRTMzNDIxNUY5MkQ0
MzlGNjU1QzQyNTc4RjIwNDM5MjM4NkY0MjdFMzkwQjQzM0QzQjU4NDJFQzI3
MEQ0M0IzQzg0NzQyOUVGNjE3NDM2MTJBMkQ0MkU4MzUyMTQzMTYyNTI1NDIw
MjNGMUY0MzcxREEzNjQyQzI4NjBFNDM1NjFBMjc0MkY4RTAwQzQzNkVBODE1
NDJFNDJGMTg0M0VFRUUxOTQyODM2ODFBNDMyNDJDMjE0Mjc4MTExMzQzNUYy
RjIxNDJEREYwMDY0M0U4RTUyRTQyMEY3QURENDI1MThDM0U0MjZENEVEQjQy
NUJGQjQ3NDI2ODhEMDk0MzI1MjA0QTQyMzQ1NzBDNDM3RENDNDA0MjY5Q0Yw
NTQzNEYyMzQ2NDIwOTJCMDI0MzlGMDA1NDQyMTdDNDA1NDMxQjNGNjU0MkJG
MEExMTQzQjM1QjYxNDJCMDc1MUE0MzMxMDc2NjQyQjNDNDFBNDM5M0MwNzE0
MjZFQjIxQzQzOUI1NDc4NDI2MEQ4MUE0MzJFNUM4MDQyM0UxQTE1NDNBMDVD
ODQ0MkJCMDAxRTQzODE4ODg4NDI0MUJDMzg0M0Q5OEE4RDQyRDcyMjQwNDM3
NDNEOTE0MjFFMjUyRDQzNDgxMzkwNDJEMzdFMzI0MzZFQUI4QjQyRjhBRjJG
NDM1NDgxOTM0MkFBOEM2QTQzNzk5MDk3NDJDQzZCOEE0MzAzMjc5MjQyMkYx
NTk4NDNBMUFGOTY0MjQ0RUYxNTQyMDQxMDlENDIyNjc4RDg0MkRDRTc4NDQy
MkNGQkE5M0U3RUE0M0MzRTU4RjY0RTNERkY3Qjg1M0Q5MzVBM0UzREM3N0Y4
MjNEQTM4Qjg0M0U2N0FBMzEzRURBMDFFNTNENjA3QjA5M0YwOTcxQkUzRkU2
MENCNjNGQTE1ODI5NDA5RkIyQTQ0MDM4QjYxQzQwRjkzMjgwNDAzNkRBQUM0
MDdGNEMyRjQwRjIyNDFDM0ZCMzVCMzEzRjU2Qzc4NDNGMzcwMkE2M0ZBOEZF
ODUzRjU1MjU5NTNGNjc2RjMyM0Y5OUUxN0QzRjg2OEQwODNGODk2NjE1M0Y1
QzgyMkIzRjg3MzM0NzNGMDA0MDQzM0YyQw==

--SBD.Boundary.605592468
PROCESS /noc/users/iridburst/exec/irid_300224010734970_upd.pl
Last Run  ----1970-01-01 00:00:00 
MONTH  5 
DATA  xxrecord 2012-05-29 11:00:05 :: $W5M5A,120529,110005,660d0028449ce246,1,DAS 2,4901.3257N,1620.9643W,19.2,152,23.0,14.7,13.9,90.7,12.4,13.9,91.4,12.5,1003.7,1.82,2.88,6.7,157,45*6D
 
INSERT
STATION sbdservice
IRID_ID 300224010734970
BODY 
Content-Type: application/x-zip-compressed; name="SBMmessage.sbd"
Content-Disposition: attachment; filename="300224010734970_003646.sbd"
Content-Transfer-Encoding: base64

JFc1TTVBLDEyMDUyOSwxMjAwMDUsNjYwZDAwMjg0NDljZTI0NiwxLERBUyAy
LDQ5MDEuMzcyOE4sMTYyMS4wMTk5VywxOS4xLDE1NiwyMi40LDE0LjcsMTMu
OSw5MS4wLDEyLjQsMTMuOSw5MS44LDEyLjYsMTAwMy4xLDEuNjUsMy4wNyw3
LjEsMTU4LDQ4KjZDDQoNCiRXNU01QSwxMjA1MjksMTIwMDA1LDY2MGQwMDI4
NDQ5Y2UyNDYsMixEQVMgMiwxMy44LDEzLjksMC4yLDAuNSwwLjAxLDEzNDAs
MTM1MiwxNTYsNjI4LDAsMjg3LjUsMTcuMDEsOTI1KjYyDQoNCiRXNU01QSwx
MjA1MjksMTIwMDA1LDY2MGQwMDI4NDQ5Y2UyNDYsMyw3RjAwNzMwMjNBMDAw
MDUzMzIzMDMxMzIzMDM1MzIzOTMxMzEzNDMwMzAzMDU1NTkwMDMxMzIzMDM1
MzIzOTMxMzEzNDMwMkM1NDQxNDIzMDMwMzAzMDMwMkMyRDMwMzUzMTJFMzEy
QzJDMzEzMzJFMzIzNTJDMzQyRTMwMkMzMzM2MzAzMDJDMzYzMDJDMzYzMDJD
MzEyQzMwMzAzNTM3MzAyQzMzMkUzNDMyMkMzMTJFMzIzNjJDMzUyQzMwMkMz
MDJFMzEzNjM1MkMyQjMwMzAyRTMwMEQwQThBMTBDMjdFODE1NDdGMDA2NzAy
M0EwMDAwNTczMjMwMzEzMjMwMzUzMjM5MzEzMTM0MzAzMDMwRkY0RDAwMDA4
MEZCNDQwMDQwMDQ0NDAwQThERTQ3MDAwMDFBNDM3QUU2ODYzRjkxMzNBNjQw
MTI5MjQ0NDA2RDQ4RDMzRkIxMzlDNDQwMzk2RTA3NDA3NDg4RDA0MEJGQjFB
QTQwNDk5MkU0NDBFMzM4RTE0MDAyOEZFMDNGQzE0NTFFNDM4REYwNDE0MjRC
OEMwMjNDMjQxRTFBQUE5NEQ0N0YwMkJBMDIzQTAwMDA0QjU2NDgyMDM3MzIz
MDMxMzIzMDM1MzIzOTMxMzEzNDMwMzAzMDM2MDAwMDAwMjk1QzhGM0QwQUQ3
QTMzQkJFNDUxRTQzOENGMDQxNDJBQzE1NTA0Mzc2RkY4NzQyNkUzODYxNDM4
QTJDOEM0MjZCQUU0NjQzREY3ODgzNDI4N0NEM0Q0MzEwMkU3MjQyQUI3RTQz
NDMwRUY0NjU0MjNCRTY1NTQzRUEwMzczNDIyMkVCNzg0M0QyODI2NjQyM0Yz
MDc3NDM1Q0RBNzc0MkMzMTUyODQzQkM5NThCNDIxRjdGMTg0MzhCQzc1QjQy
Qzk0ODI1NDMwMTk4MjQ0MjM3RUUyODQzNTM3RjE1NDI3MjhFMjM0MzBCQTAx
RDQyMzQ3MDIxNDM5RTg3MzA0MjdFMUEyMTQzQTdENzNDNDI3NjE1Mjc0M0Ex
Mzk0RjQyQUJGNDMzNDNCNzhGNTc0MjQ2NzMyNzQzNUZGRDUzNDI2QjNCMTQ0
M0ZDNkEzNDQyMDRDMzEzNDNFNERCMkE0MjdFOTMxMDQzRTcyMjNENDJDNkM2
MEQ0M0Q2QTYzMTQyRkM3ODBFNDMzQTcxMjg0MkQ2MjAwOTQzMTQ4NTE5NDIx
OTJDMDk0M0YwRTUwQzQyNEQ5RTE0NDM4MUVCMjQ0MjMzNTUyQjQzMDdGNDMz
NDJFOUEyMjY0MzhFODAyQzQyNzAzMzFENDNCMUFBMjM0MjAzMEUyMDQzMDk4
RjM1NDIwODJDMjE0MzE1QUE1ODQyMEU2MjFDNDNFMTMxNkE0MjY4QjkyNTQz
NDBGMzZGNDJGQjk0MkM0MzlBN0Q2QzQyRDIzRDJDNDMyOTRGNTU0MkI5MjAy
NjQzN0VFNzUyNDI1RUY5MUQ0MzlBOUQ1RDQyQzlGNzFGNDM0RkY5Njk0MjA5
NUQxQzQzRTY0QTczNDIwMjA2MTc0M0EwODA3ODQyOUQ0RDE2NDM2OUIwN0M0
MjcwOEUwRjQzNzNFMDgwNDJFMTY1MTM0MzhCNEM4MjQyNkUyM0ZCNDIwMURF
ODM0MjUwQTVERTQyODY3QzdFNDI3QUVFMDQ0M0M2NUM4NTQyMjNEMzJFNDM4
MEQ2ODY0MjEzRDYyQzQzMjkyRThBNDJCQ0E0MkU0MzlENkM4QzQyMERFRjU4
NDM2MDg5OEI0Mjg0MTM1MTQzRDMzMzk4NDI2RUUzOUU0MjIwOTQ5RTQyMUFF
MzFDNDJENzM5OUY0MkE5NEU0NjQzNkI2MEEwNDI0MDlEMTUzRUZBOEM4RDNE
MTEwMTRGM0QxNEM3NEYzRDQ5M0FDNDNEREM1NkI1M0Q0NjgwNEQzRUVDQjRC
QjNFRDdFQ0I3M0UwMzExQ0IzRTUyODk2NTNGNUUyRUJFM0ZGN0IzN0UzRkE2
OTkxRjQwQzI0RDc0NDA2MTBFMUM0MDNFMkZDMTNGNTlFMDU5M0ZENkZDODQz
Rjk3M0ZGMjNGNUM2MzlEM0Y0Njc3Q0YzRkRCOENBNjNGNkNCOTk1M0ZDRkY5
REEzRjlDRDg5NTNGNjFDQjI5M0ZCRjdBNDAzRjFFQ0M2ODNGN0I3RjM1M0ZG
OUM3RUUzRTY2MDVDNTNFQjA2NUIyM0U3RA==

--SBD.Boundary.605592468
PROCESS /noc/users/iridburst/exec/irid_300224010734970_upd.pl
Last Run  ----1970-01-01 00:00:00 
MONTH  5 
DATA  xxrecord 2012-05-29 12:00:05 :: $W5M5A,120529,120005,660d0028449ce246,1,DAS 2,4901.3728N,1621.0199W,19.1,156,22.4,14.7,13.9,91.0,12.4,13.9,91.8,12.6,1003.1,1.65,3.07,7.1,158,48*6C
 
STATION sbdservice
IRID_ID 300224010734970
BODY 
Content-Type: application/x-zip-compressed; name="SBMmessage.sbd"
Content-Disposition: attachment; filename="300224010734970_003647.sbd"
Content-Transfer-Encoding: base64

JFc1TTVBLDEyMDUyOSwxMzAwMDUsNjYwZDAwMjg0NDljZTI0NiwxLERBUyAy
LDQ5MDEuNDExNk4sMTYyMS4wNjk4VywxOS43LDE2MSwyNC40LDE0LjgsMTQu
MCw5MS43LDEyLjYsMTQuMCw5Mi4zLDEyLjgsMTAwMy4zLDEuODEsMy4xMSw3
LjQsMTcwLDUwKjY2DQoNCiRXNU01QSwxMjA1MjksMTMwMDA1LDY2MGQwMDI4
NDQ5Y2UyNDYsMixEQVMgMiwxMy44LDEzLjksMC4yLDAuNCwwLjAxLDEzNDEs
MTM1MywxNTYsNjI4LDAsOC4wLDE3LjAxLDkyMyo2NA0KDQokVzVNNUEsMTIw
NTI5LDEzMDAwNSw2NjBkMDAyODQ0OWNlMjQ2LDMsN0YwMDczMDIzQTAwMDA1
MzMyMzAzMTMyMzAzNTMyMzkzMTMyMzQzMDMwMzA1NTU5MDAzMTMyMzAzNTMy
MzkzMTMyMzQzMDJDNTQ0MTQyMzAzMDMwMzAzMDJDMkQzMDM1MzEyRTMxMkMy
QzMxMzMyRTMyMzYyQzM0MkUzMDJDMzMzNjMwMzAyQzM2MzAyQzM2MzAyQzMx
MkMzMDMwMzUzNzMwMkMzMzJFMzQzMjJDMzEyRTMyMzYyQzM2MkMzMDJDMzAy
RTMxMzYzNjJDMkIzMDMwMkUzMDBEMEE4RTEwRUUwRDZDQkY3RjAwNjcwMjNB
MDAwMDU3MzIzMDMxMzIzMDM1MzIzOTMxMzIzNDMwMzAzMEZGNEQwMDAwODBG
QjQ0MDA0MDA0NDQwMDMwRjI0NzAwMDAxMDQzMzA1Nzk5M0YwQUJCQjE0MEFC
MkQ0NzQwNzk4QkU3M0Y5MTgzQzQ0MDlCNDIxNDQwNzlDRkMwNDAxQjFDQjA0
MDdDMDlFRDQwN0I2OERENDA1Njc4RjczRjhGNDQyQTQzQUMzNDQ4NDJBREFE
MUMzQ0I3MUNEODQyMjA5MzdGMDJERTAyM0EwMDAwNEI1NjQ4MjAzNzMyMzAz
MTMyMzAzNTMyMzkzMTMyMzQzMDMwMzAzOTAwMDAwMEI4MUU4NTNEMEFEN0Ez
M0I4RTQ0MkE0M0E3MzQ0ODQyOUU0NjVFNDMzRTdENjI0MkE3Qzg2MjQzNjNF
RDY3NDI3Rjc5NzQ0MzQxNEM4NTQyREJFODhBNDMxRTcxOEE0MjlGQjg5OTQz
MUUxNThGNDI5QzBEMTE0MTMyNUQ5MTQyNDJBRjlDNDIxQ0E0OTU0Mjk0NDZC
MzQyOUFDQTk1NDJBQkY4M0E0M0M3QkY5QjQyNEY0NDY2NDM0MEE4ODE0MkNB
NEY1QzQzRUE5RjY4NDIzRkQ3M0E0MzU2MUQ1NDQyODBCNjJFNDMxMTdFNEM0
MkFCQUUzODQzMDdFRjQ2NDI3ODM5MzU0MzQwMTA0MDQyREQ1MDM2NDM4RTNF
NDU0Mjg5MjQzOTQzM0YxQTQ3NDI1M0QyMkY0MzdCOTA0MzQyMUI2NDIxNDMw
RjhGNDE0MjI4ODAxQjQzMzM1MzRCNDJDNDdCMjE0M0I1N0U0NTQyOTNBNDI0
NDMxQzc5MjQ0MjI1RTcyOTQzMDhCMzFDNDI0QjMwMjk0MzA4NUIyNjQyOTI3
OTI1NDMwODJDMzY0MjQ0NTMyRDQzMjA4QzM2NDI2RDYzMTU0Mzk3NkY0NzQy
QkM0OTA3NDMxOTJFNDE0MjJEMkExNjQzNjUzRTRFNDJERTJDMkU0M0FBNkE1
MzQyQjc0ODMyNDMzRjZENDU0MjFGRjgyRDQzQzI0MTNBNDI2QkYxMjY0MzY1
N0MzQzQyMzIwRTIyNDMwNDM3NDc0MjAyNzcxRDQzMzk4OTQ5NDI3MzNFMEY0
M0EyQjI1NjQyMDEyQkZDNDJERTA3NkU0MjdGQkQwRDQzRjREMDY0NDI0QzQ5
MUY0MzI0RUQ1RTQyODgzOTI1NDM1QjI3NzI0MjE0MEExNzQzMTU5RTc2NDI0
Rjg4MTI0M0MxMEM2RTQyNjEzNDE2NDM0MTZCNzU0MkYwQjExRDQzREY5NDgy
NDJGOTYxMjQ0Mzg4NTI4QTQyNjA4NzJDNDNBMTg5ODg0MjA5NTgyMjQzRTZB
Mjg0NDJGNjExRUQ0MkFDMjI4MDQyOEFFMUJFNDJDQTM1ODc0Mjg1N0FDNDQy
RTE1OThFNDI1RjUyRDk0MkZFMjY5MDQyODk1OURDNDJCMTRGOEM0MkYyN0ZF
MDQyRkMzQThENDI0QUIwMzM0M0ZFM0E5ODQyMkE4RTVBNDNCNUM1OTE0MjFF
NTMxNDQzODEyQTkwNDI5OTQ1MDk0MzZCNTE4ODQyRDU5QTM2M0U0MTUwODgz
RTdGRkVDMzNEM0NEODgxM0RBMDFFNjIzREFDNDQzNzNENTEyNTZBM0QxQ0Q5
M0YzRUJBNDZBOTNFNzkxMTE2M0Y2RDFBNDMzRjNDNEI2ODNGNUVGQUI5M0Y2
QjE4MDU0MDMyNjY4MTQwNTVBRjQ0NDA1M0M2MkE0MEU4MjVGNTNGOTk4MjRG
NDA0OUFFRTMzRjIzRDZBNTNGODdFQjIxNDA2RkE0MUM0MDY2NUMxMTQwREI2
MTk5M0ZDQzkxMDIzRjI3OTQwODNGMzQ3Rg==

--SBD.Boundary.605592468
PROCESS /noc/users/iridburst/exec/irid_300224010734970_upd.pl
Last Run  ----1970-01-01 00:00:00 
MONTH  5 
DATA  xxrecord 2012-05-29 13:00:05 :: $W5M5A,120529,130005,660d0028449ce246,1,DAS 2,4901.4116N,1621.0698W,19.7,161,24.4,14.8,14.0,91.7,12.6,14.0,92.3,12.8,1003.3,1.81,3.11,7.4,170,50*66
 
INSERT
STATION sbdservice
IRID_ID 300224010734970
BODY 
Content-Type: application/x-zip-compressed; name="SBMmessage.sbd"
Content-Disposition: attachment; filename="300224010734970_003648.sbd"
Content-Transfer-Encoding: base64

JFc1TTVBLDEyMDUyOSwxNDAwMDUsNjYwZDAwMjg0NDljZTI0NiwxLERBUyAy
LDQ5MDEuNDIwMU4sMTYyMS4wNzAzVywxOS40LDE2NiwyMy4zLDE0LjgsMTQu
MCw5MS43LDEyLjcsMTQuMSw5Mi40LDEyLjksMTAwMy41LDEuODMsMyw2Ljks
MTY3LDQ1KjQxDQoNCiRXNU01QSwxMjA1MjksMTQwMDA1LDY2MGQwMDI4NDQ5
Y2UyNDYsMixEQVMgMiwxMy43LDEzLjksMC4yLDAuNSwwLjAxLDEzNDIsMTM1
NCwxNTYsNjI4LDAsMjQyLjcsMTcuMDEsOTI0KjY1DQoNCiRXNU01QSwxMjA1
MjksMTQwMDA1LDY2MGQwMDI4NDQ5Y2UyNDYsMyw3RjAwNzMwMjNBMDAwMDUz
MzIzMDMxMzIzMDM1MzIzOTMxMzMzNDMwMzAzMDU1NTkwMDMxMzIzMDM1MzIz
OTMxMzMzNDMwMkM1NDQxNDIzMDMwMzAzMDMwMkMyRDMwMzUzMTJFMzEyQzJD
MzEzMzJFMzIzNjJDMzQyRTMwMkMzMzM2MzAzMDJDMzYzMDJDMzYzMDJDMzEy
QzMwMzAzNTM3MzAyQzMzMkUzNDMyMkMzMTJFMzIzNjJDMzcyQzMwMkMzMDJF
MzEzNjM2MkMyQjMwMzAyRTMwMEQwQTkwMTBDMjZEQzJCMzdGMDA2NzAyM0Ew
MDAwNTczMjMwMzEzMjMwMzUzMjM5MzEzMzM0MzAzMDMwRkY0RDAwMDA4MEZC
NDQwMDQwMDQ0NDAwREMwMjQ4MDAwMDEyNDNFMzIxOTUzRkVGMkNCMTQwNTVF
QzNGNDA0MzIxRUEzRjgwRUZDRjQwNzI1MzEyNDBBQTA2Q0Q0MEREM0JCNTQw
OEVCMERDNDBDNjg0REE0MEUzMkRGNjNGM0JGQjI2NDMyRjJEMzU0MjJGRkUx
MDNDOEMxRTIyMTUwRDM0N0YwMzBFMDIzQTAwMDA0QjU2NDgyMDM3MzIzMDMx
MzIzMDM1MzIzOTMxMzMzNDMwMzAzMDNEMDAwMDAwMEFENzIzM0QwQUQ3QTMz
QjM5RkIyNjQzMjkyRDM1NDIxQjNFMTU0MzQ0M0U5RDQyNzAzMjI4NDIxNDE0
QTE0MkJFMjFENjQyQjYzNzhGNDI0RjZDMUQ0MzA0MEM5QjQyQjhGNTY4NDM4
Q0UwODM0MjJBMjY2QzQzM0Q3QzY2NDI2MjM0NkU0M0FFMDY1QjQyMUNDQzZD
NDM5MjEyNzE0MkYwOTc1QjQzN0ZBRDg0NDI0RTNGNTA0M0E0RTM4ODQyQkFF
RjZCNDNCOEEzOEQ0MjNFQkI3QTQzMjI1QzhENDIyNjBGNjg0M0M4MTI4MjQy
ODJFNDY1NDNEOUVFNEU0MjVFMEU1OTQzRDE5OTUwNDI3NEQ2NTk0MzAzQ0Y1
QTQyNzUxNjU5NDM4RTg1NzM0MjM2MTMyQjQzQ0E4MDZDNDJEMTZFMTk0MzM0
NzIyRTQyMzE4OTE4NDMzNzA0MTM0MkM0RUEyNjQzRjY5NzA4NDJEMzhGMkQ0
M0IzRDBFQzQxRjZGMjI3NDNGQ0Y0RjA0MTUyMjUxRDQzRkFENzFENDI2ODY2
MTc0M0UzMjAzODQyMzI4QjFGNDMxREE0MzI0MjU5QkUyQTQzODdDNzMwNDI1
QUMxMzU0MzY1NjEzQTQyRjVFMzI4NDM2QTczNjM0MkEzQ0UwQzQzN0Q5NjU2
NDI4MUUyMEU0Mzg3QzE0MDQyMDgwNzFCNDMzMDMxMzc0MkRCRTYyMjQzRjAz
QTM0NDI4RUYxMjA0MzlEOTk0MTQyNjM2NzMyNDMwNzhBNEI0MjRBQTMyRjQz
MjAzNzYwNDIxQ0U1Mjg0M0VCNzc2OTQyNzM3MzM1NDNGOTAzNTg0MjVBNTAz
MTQzREFEQTRDNDJDQzEzMjM0M0E2NkI0QzQyM0M1NzFFNDNBMkI5NDM0MjFC
MzIxQTQzRTFCOTQzNDI4QTQwMEM0MzM5RkQ1QTQyQTUxODA2NDMwMERBNzA0
MjA1RTEwMzQzMUZCNjZCNDJCNzU3MDA0MzM1NjM1QjQyNkFGRTA3NDNGQjRC
NzI0MkZCRDUxOTQzN0E3QThCNDIxNUJDMTg0MzdENDQ4RDQyRkUwMDE2NDMw
QjVCOEM0MkE3OUMwRjQzMzE5MjhCNDJCQUU3MEM0MzgwNEU4QzQyRUU2NTAw
NDM5M0U2OEY0MjQyMjFFQjQyQzJDOTk0NDJBQzAzRjE0MkE2Qjc5NjQyOTFB
OTAwNDM4NEFEOEU0MjU2NDcxNDQzRjAxRDkwNDJEM0EyMEI0MzkyNjE5MjQy
Q0Y1NjAwNDNGOTFCOUI0MkJFQjI4NzQzMEVFNDlBNDI0M0IzMTQ0Mzg0MTc5
RTQyMTdDMjI3M0U5QTlGMDIzRDc3MjQ1QjNDRkZENzMxM0M0Rjg1RjkzQzk5
RTU5QzNFQkExM0RBM0UxMzU4NjEzRUYzN0ZBRTNEQjQ1Qzk3M0Q0ODNFOUEz
RDRFQzY5MjNERjFENTYwM0RENTY1QTIzRTEzMTk0QjNGMEI5MjlBM0Y3MjQx
QjAzRkU5NzJCNTNGRjQzNzBFNDBCOEU4NA==

--SBD.Boundary.605592468
PROCESS /noc/users/iridburst/exec/irid_300224010734970_upd.pl
Last Run  ----1970-01-01 00:00:00 
MONTH  5 
DATA  xxrecord 2012-05-29 14:00:05 :: $W5M5A,120529,140005,660d0028449ce246,1,DAS 2,4901.4201N,1621.0703W,19.4,166,23.3,14.8,14.0,91.7,12.7,14.1,92.4,12.9,1003.5,1.83,3,6.9,167,45*41
 
STATION sbdservice
IRID_ID 300224010734970
BODY 
Content-Type: application/x-zip-compressed; name="SBMmessage.sbd"
Content-Disposition: attachment; filename="300224010734970_003648.sbd"
Content-Transfer-Encoding: base64

JFc1TTVBLDEyMDUyOSwxNDAwMDUsNjYwZDAwMjg0NDljZTI0NiwxLERBUyAy
LDQ5MDEuNDIwMU4sMTYyMS4wNzAzVywxOS40LDE2NiwyMy4zLDE0LjgsMTQu
MCw5MS43LDEyLjcsMTQuMSw5Mi40LDEyLjksMTAwMy41LDEuODMsMyw2Ljks
MTY3LDQ1KjQxDQoNCiRXNU01QSwxMjA1MjksMTQwMDA1LDY2MGQwMDI4NDQ5
Y2UyNDYsMixEQVMgMiwxMy43LDEzLjksMC4yLDAuNSwwLjAxLDEzNDIsMTM1
NCwxNTYsNjI4LDAsMjQyLjcsMTcuMDEsOTI0KjY1DQoNCiRXNU01QSwxMjA1
MjksMTQwMDA1LDY2MGQwMDI4NDQ5Y2UyNDYsMyw3RjAwNzMwMjNBMDAwMDUz
MzIzMDMxMzIzMDM1MzIzOTMxMzMzNDMwMzAzMDU1NTkwMDMxMzIzMDM1MzIz
OTMxMzMzNDMwMkM1NDQxNDIzMDMwMzAzMDMwMkMyRDMwMzUzMTJFMzEyQzJD
MzEzMzJFMzIzNjJDMzQyRTMwMkMzMzM2MzAzMDJDMzYzMDJDMzYzMDJDMzEy
QzMwMzAzNTM3MzAyQzMzMkUzNDMyMkMzMTJFMzIzNjJDMzcyQzMwMkMzMDJF
MzEzNjM2MkMyQjMwMzAyRTMwMEQwQTkwMTBDMjZEQzJCMzdGMDA2NzAyM0Ew
MDAwNTczMjMwMzEzMjMwMzUzMjM5MzEzMzM0MzAzMDMwRkY0RDAwMDA4MEZC
NDQwMDQwMDQ0NDAwREMwMjQ4MDAwMDEyNDNFMzIxOTUzRkVGMkNCMTQwNTVF
QzNGNDA0MzIxRUEzRjgwRUZDRjQwNzI1MzEyNDBBQTA2Q0Q0MEREM0JCNTQw
OEVCMERDNDBDNjg0REE0MEUzMkRGNjNGM0JGQjI2NDMyRjJEMzU0MjJGRkUx
MDNDOEMxRTIyMTUwRDM0N0YwMzBFMDIzQTAwMDA0QjU2NDgyMDM3MzIzMDMx
MzIzMDM1MzIzOTMxMzMzNDMwMzAzMDNEMDAwMDAwMEFENzIzM0QwQUQ3QTMz
QjM5RkIyNjQzMjkyRDM1NDIxQjNFMTU0MzQ0M0U5RDQyNzAzMjI4NDIxNDE0
QTE0MkJFMjFENjQyQjYzNzhGNDI0RjZDMUQ0MzA0MEM5QjQyQjhGNTY4NDM4
Q0UwODM0MjJBMjY2QzQzM0Q3QzY2NDI2MjM0NkU0M0FFMDY1QjQyMUNDQzZD
NDM5MjEyNzE0MkYwOTc1QjQzN0ZBRDg0NDI0RTNGNTA0M0E0RTM4ODQyQkFF
RjZCNDNCOEEzOEQ0MjNFQkI3QTQzMjI1QzhENDIyNjBGNjg0M0M4MTI4MjQy
ODJFNDY1NDNEOUVFNEU0MjVFMEU1OTQzRDE5OTUwNDI3NEQ2NTk0MzAzQ0Y1
QTQyNzUxNjU5NDM4RTg1NzM0MjM2MTMyQjQzQ0E4MDZDNDJEMTZFMTk0MzM0
NzIyRTQyMzE4OTE4NDMzNzA0MTM0MkM0RUEyNjQzRjY5NzA4NDJEMzhGMkQ0
M0IzRDBFQzQxRjZGMjI3NDNGQ0Y0RjA0MTUyMjUxRDQzRkFENzFENDI2ODY2
MTc0M0UzMjAzODQyMzI4QjFGNDMxREE0MzI0MjU5QkUyQTQzODdDNzMwNDI1
QUMxMzU0MzY1NjEzQTQyRjVFMzI4NDM2QTczNjM0MkEzQ0UwQzQzN0Q5NjU2
NDI4MUUyMEU0Mzg3QzE0MDQyMDgwNzFCNDMzMDMxMzc0MkRCRTYyMjQzRjAz
QTM0NDI4RUYxMjA0MzlEOTk0MTQyNjM2NzMyNDMwNzhBNEI0MjRBQTMyRjQz
MjAzNzYwNDIxQ0U1Mjg0M0VCNzc2OTQyNzM3MzM1NDNGOTAzNTg0MjVBNTAz
MTQzREFEQTRDNDJDQzEzMjM0M0E2NkI0QzQyM0M1NzFFNDNBMkI5NDM0MjFC
MzIxQTQzRTFCOTQzNDI4QTQwMEM0MzM5RkQ1QTQyQTUxODA2NDMwMERBNzA0
MjA1RTEwMzQzMUZCNjZCNDJCNzU3MDA0MzM1NjM1QjQyNkFGRTA3NDNGQjRC
NzI0MkZCRDUxOTQzN0E3QThCNDIxNUJDMTg0MzdENDQ4RDQyRkUwMDE2NDMw
QjVCOEM0MkE3OUMwRjQzMzE5MjhCNDJCQUU3MEM0MzgwNEU4QzQyRUU2NTAw
NDM5M0U2OEY0MjQyMjFFQjQyQzJDOTk0NDJBQzAzRjE0MkE2Qjc5NjQyOTFB
OTAwNDM4NEFEOEU0MjU2NDcxNDQzRjAxRDkwNDJEM0EyMEI0MzkyNjE5MjQy
Q0Y1NjAwNDNGOTFCOUI0MkJFQjI4NzQzMEVFNDlBNDI0M0IzMTQ0Mzg0MTc5
RTQyMTdDMjI3M0U5QTlGMDIzRDc3MjQ1QjNDRkZENzMxM0M0Rjg1RjkzQzk5
RTU5QzNFQkExM0RBM0UxMzU4NjEzRUYzN0ZBRTNEQjQ1Qzk3M0Q0ODNFOUEz
RDRFQzY5MjNERjFENTYwM0RENTY1QTIzRTEzMTk0QjNGMEI5MjlBM0Y3MjQx
QjAzRkU5NzJCNTNGRjQzNzBFNDBCOEU4NA==

--SBD.Boundary.605592468
PROCESS /noc/users/iridburst/exec/irid_300224010734970_upd.pl
Last Run  ----1970-01-01 00:00:00 
MONTH  5 
DATA  xxrecord 2012-05-29 14:00:05 :: $W5M5A,120529,140005,660d0028449ce246,1,DAS 2,4901.4201N,1621.0703W,19.4,166,23.3,14.8,14.0,91.7,12.7,14.1,92.4,12.9,1003.5,1.83,3,6.9,167,45*41
 
STATION sbdservice
IRID_ID 300224010734970
BODY 
Content-Type: application/x-zip-compressed; name="SBMmessage.sbd"
Content-Disposition: attachment; filename="300224010734970_003649.sbd"
Content-Transfer-Encoding: base64

JFc1TTVBLDEyMDUyOSwxNTAwMDUsNjYwZDAwMjg0NDljZTI0NiwxLERBUyAy
LDQ5MDEuMzkzOE4sMTYyMS4wMjAxVywxNy41LDE5MiwyMC41LDE0LjgsMTQu
MCw4OS45LDEyLjQsMTQuMSw5MC44LDEyLjYsMTAwMy41LDEuNzUsMi41OSw2
LjksMTU3LDQ1KjZDDQoNCiRXNU01QSwxMjA1MjksMTUwMDA1LDY2MGQwMDI4
NDQ5Y2UyNDYsMixEQVMgMiwxMy44LDEzLjksMC4yLDAuNCwwLjAxLDEzNDMs
MTM1NSwxNTYsNjI4LDAsMzQyLjEsMTYuNjIsOTI1KjY4DQoNCiRXNU01QSwx
MjA1MjksMTUwMDA1LDY2MGQwMDI4NDQ5Y2UyNDYsMyw3RjAwNzMwMjNBMDAw
MDUzMzIzMDMxMzIzMDM1MzIzOTMxMzQzNDMwMzAzMDU1NTkwMDMxMzIzMDM1
MzIzOTMxMzQzNDMwMkM1NDQxNDIzMDMwMzAzMDMwMkMyRDMwMzUzMTJFMzEy
QzJDMzEzMzJFMzIzNjJDMzQyRTMwMkMzMzM2MzAzMDJDMzYzMDJDMzYzMDJD
MzEyQzMwMzAzNTM3MzAyQzMzMkUzNDMyMkMzMTJFMzIzNjJDMzgyQzMwMkMz
MDJFMzEzNjM2MkMyQjMwMzAyRTMwMEQwQTkyMTA3QzhENDI0RTdGMDA2NzAy
M0EwMDAwNTczMjMwMzEzMjMwMzUzMjM5MzEzNDM0MzAzMDMwRkY0RDAwMDA4
MEZCNDQwMDQwMDQ0NDAwQTAwQzQ4MDAwMDBFNDM4MjM0OTUzRkUzRDhCNDQw
ODY5OTI1NDBDM0VFREYzRjg0OUZDRjQwQzFDQzBCNDA3NUYwRDg0MDAzRTBC
MTQwOEVCMERDNDA2RTRGREM0MDQ5OTVGMDNGQzgyMDFENDNDMjA1MzU0Mjk5
MUYwQTNDODMxRjZCMDZGRjQ3N0YwMzI2MDIzQTAwMDA0QjU2NDgyMDM3MzIz
MDMxMzIzMDM1MzIzOTMxMzQzNDMwMzAzMDNGMDAwMDAwMjk1QzBGM0QwQUQ3
QTMzQkM2MjAxRDQzQzEwNTM1NDJEQUI1MTQ0MzY0MzU3MjQyRThBNzBFNDMx
QzMwODI0MjEyNkEwNzQzRUI3Rjg3NDI5MjhDRjk0MjUwQjc4MjQyMzczOERC
NDI2OUYyODI0MjlEMkIyRjQzMTZEMjk2NDJGMkExNDY0M0E1QTY0QTQyQUFB
NzQ2NDNGNjU4MjA0MjVFQzk0NDQzMTdFMzJFNDI0MkQzM0Y0MzI0RjQ0NzQy
Q0RFQzMxNDNGQkFENzM0MjU2NjcyRTQzRjA2Mzg4NDIyQzYwMzQ0M0YxOUQ5
MTQyQkVDNjcwNDNFQjhEOEY0MjEyNkE3MTQzQ0VFOTZENDJCM0E1NUQ0M0Yy
RjQ2MjQyODczNjQyNDM0MTY0NUU0MkQ5MUMzNjQzMjYyNTVCNDJENUI0MkI0
MzkwQjI0QjQyRkUzMjFFNDM2OTAzMjY0MkVFNEUxNzQzMkI3NDBGNDJFQTQw
MUQ0M0I5RjYxNTQyMDA1MDIxNDM4Mjk3MEQ0MjBEOTAxQTQzMDNCNTBDNDIy
Qjc5MDc0MzNGOTczMDQyMjFGNDA0NDNGNTRFNUE0MjQzQUQxRDQzN0I1MzUx
NDI1MjI0MjE0M0EwNTYzMjQyODg3OTEyNDMzRDgxMzI0MkJGNTgwNDQzNTQ5
QTMyNDJGNDc5MEY0M0RDMEI0QzQyOUI4NjBGNDMxNEM0NEI0MkY1QjkwRTQz
MDBGQTMxNDJCN0EyMTU0M0Q1NDUxRjQyQkZBNDFFNDM2MDVDMjE0MjlBNEEy
MDQzNENBNDNBNDI4MzA5MUU0MzAzQzczNTQyMUMzMDE4NDNDMDAxMzI0MjZE
MDYxMjQzMjVGRDQwNDI4QjZDMTI0M0FDMTY0NTQyN0M2MDEzNDM3MkVEM0U0
MkM5MjQxNDQzMzU4QTQyNDJDNTdBMUU0M0QwNTk1NDQyNUQwRTFGNDM5OEJF
NjI0MkYzMzcxODQzQjUyMDYwNDI5NjZEMUY0Mzg4NEM1NjQyOTUyNzFENDMw
QjRBNjY0MkVBQTgxQTQzNTI4NTdBNDJENjMxMjQ0M0EwMEQ3RTQyM0NBNTFG
NDM5MDkyNzk0MjJDQzExMjQzMUY2RjZFNDI2REEyMDk0MzUwRjQ3NTQyRTZC
QTBDNDNEOENGODU0MjM0NjYwMjQzMDQ4NDhCNDI0RDI4RUM0MjA1MDk4ODQy
RjJBMzE0NDMxMkREOTE0MjIxMDgyRDQzRUQ4RjkyNDI2RTI5MTc0M0E4OUQ5
NDQyMEQ2NTAyNDMxQzRDOTk0MjVFNTdGMjQyQkRBQjk2NDIyNzc0REM0MkMz
RjM5MTQyQ0FGNDBCNDNBMDgxOTU0MkYxRDMxNDQzNjMyMjkwNDI1NDgyQ0Yz
RUZGRjY0MTNENDAxNERDM0M0ODlEN0MzQzM3MTcyRTNDMDYwRUYzM0NDOEM0
Q0YzRUExMUJFQjNFNjI4QTIyM0U4NUYwREMzREQ5OTJDRDNDMTVFNjg3M0Qz
MkI1MTczRUZERTY0NjNFRDM3REI5M0UwMw==

--SBD.Boundary.605592468
PROCESS /noc/users/iridburst/exec/irid_300224010734970_upd.pl
Last Run  ----1970-01-01 00:00:00 
MONTH  5 
DATA  xxrecord 2012-05-29 15:00:05 :: $W5M5A,120529,150005,660d0028449ce246,1,DAS 2,4901.3938N,1621.0201W,17.5,192,20.5,14.8,14.0,89.9,12.4,14.1,90.8,12.6,1003.5,1.75,2.59,6.9,157,45*6C
 
INSERT
STATION sbdservice
IRID_ID 300224010734970
BODY 
Content-Type: application/x-zip-compressed; name="SBMmessage.sbd"
Content-Disposition: attachment; filename="300224010734970_003646.sbd"
Content-Transfer-Encoding: base64

JFc1TTVBLDEyMDUyOSwxMjAwMDUsNjYwZDAwMjg0NDljZTI0NiwxLERBUyAy
LDQ5MDEuMzcyOE4sMTYyMS4wMTk5VywxOS4xLDE1NiwyMi40LDE0LjcsMTMu
OSw5MS4wLDEyLjQsMTMuOSw5MS44LDEyLjYsMTAwMy4xLDEuNjUsMy4wNyw3
LjEsMTU4LDQ4KjZDDQoNCiRXNU01QSwxMjA1MjksMTIwMDA1LDY2MGQwMDI4
NDQ5Y2UyNDYsMixEQVMgMiwxMy44LDEzLjksMC4yLDAuNSwwLjAxLDEzNDAs
MTM1MiwxNTYsNjI4LDAsMjg3LjUsMTcuMDEsOTI1KjYyDQoNCiRXNU01QSwx
MjA1MjksMTIwMDA1LDY2MGQwMDI4NDQ5Y2UyNDYsMyw3RjAwNzMwMjNBMDAw
MDUzMzIzMDMxMzIzMDM1MzIzOTMxMzEzNDMwMzAzMDU1NTkwMDMxMzIzMDM1
MzIzOTMxMzEzNDMwMkM1NDQxNDIzMDMwMzAzMDMwMkMyRDMwMzUzMTJFMzEy
QzJDMzEzMzJFMzIzNTJDMzQyRTMwMkMzMzM2MzAzMDJDMzYzMDJDMzYzMDJD
MzEyQzMwMzAzNTM3MzAyQzMzMkUzNDMyMkMzMTJFMzIzNjJDMzUyQzMwMkMz
MDJFMzEzNjM1MkMyQjMwMzAyRTMwMEQwQThBMTBDMjdFODE1NDdGMDA2NzAy
M0EwMDAwNTczMjMwMzEzMjMwMzUzMjM5MzEzMTM0MzAzMDMwRkY0RDAwMDA4
MEZCNDQwMDQwMDQ0NDAwQThERTQ3MDAwMDFBNDM3QUU2ODYzRjkxMzNBNjQw
MTI5MjQ0NDA2RDQ4RDMzRkIxMzlDNDQwMzk2RTA3NDA3NDg4RDA0MEJGQjFB
QTQwNDk5MkU0NDBFMzM4RTE0MDAyOEZFMDNGQzE0NTFFNDM4REYwNDE0MjRC
OEMwMjNDMjQxRTFBQUE5NEQ0N0YwMkJBMDIzQTAwMDA0QjU2NDgyMDM3MzIz
MDMxMzIzMDM1MzIzOTMxMzEzNDMwMzAzMDM2MDAwMDAwMjk1QzhGM0QwQUQ3
QTMzQkJFNDUxRTQzOENGMDQxNDJBQzE1NTA0Mzc2RkY4NzQyNkUzODYxNDM4
QTJDOEM0MjZCQUU0NjQzREY3ODgzNDI4N0NEM0Q0MzEwMkU3MjQyQUI3RTQz
NDMwRUY0NjU0MjNCRTY1NTQzRUEwMzczNDIyMkVCNzg0M0QyODI2NjQyM0Yz
MDc3NDM1Q0RBNzc0MkMzMTUyODQzQkM5NThCNDIxRjdGMTg0MzhCQzc1QjQy
Qzk0ODI1NDMwMTk4MjQ0MjM3RUUyODQzNTM3RjE1NDI3MjhFMjM0MzBCQTAx
RDQyMzQ3MDIxNDM5RTg3MzA0MjdFMUEyMTQzQTdENzNDNDI3NjE1Mjc0M0Ex
Mzk0RjQyQUJGNDMzNDNCNzhGNTc0MjQ2NzMyNzQzNUZGRDUzNDI2QjNCMTQ0
M0ZDNkEzNDQyMDRDMzEzNDNFNERCMkE0MjdFOTMxMDQzRTcyMjNENDJDNkM2
MEQ0M0Q2QTYzMTQyRkM3ODBFNDMzQTcxMjg0MkQ2MjAwOTQzMTQ4NTE5NDIx
OTJDMDk0M0YwRTUwQzQyNEQ5RTE0NDM4MUVCMjQ0MjMzNTUyQjQzMDdGNDMz
NDJFOUEyMjY0MzhFODAyQzQyNzAzMzFENDNCMUFBMjM0MjAzMEUyMDQzMDk4
RjM1NDIwODJDMjE0MzE1QUE1ODQyMEU2MjFDNDNFMTMxNkE0MjY4QjkyNTQz
NDBGMzZGNDJGQjk0MkM0MzlBN0Q2QzQyRDIzRDJDNDMyOTRGNTU0MkI5MjAy
NjQzN0VFNzUyNDI1RUY5MUQ0MzlBOUQ1RDQyQzlGNzFGNDM0RkY5Njk0MjA5
NUQxQzQzRTY0QTczNDIwMjA2MTc0M0EwODA3ODQyOUQ0RDE2NDM2OUIwN0M0
MjcwOEUwRjQzNzNFMDgwNDJFMTY1MTM0MzhCNEM4MjQyNkUyM0ZCNDIwMURF
ODM0MjUwQTVERTQyODY3QzdFNDI3QUVFMDQ0M0M2NUM4NTQyMjNEMzJFNDM4
MEQ2ODY0MjEzRDYyQzQzMjkyRThBNDJCQ0E0MkU0MzlENkM4QzQyMERFRjU4
NDM2MDg5OEI0Mjg0MTM1MTQzRDMzMzk4NDI2RUUzOUU0MjIwOTQ5RTQyMUFF
MzFDNDJENzM5OUY0MkE5NEU0NjQzNkI2MEEwNDI0MDlEMTUzRUZBOEM4RDNE
MTEwMTRGM0QxNEM3NEYzRDQ5M0FDNDNEREM1NkI1M0Q0NjgwNEQzRUVDQjRC
QjNFRDdFQ0I3M0UwMzExQ0IzRTUyODk2NTNGNUUyRUJFM0ZGN0IzN0UzRkE2
OTkxRjQwQzI0RDc0NDA2MTBFMUM0MDNFMkZDMTNGNTlFMDU5M0ZENkZDODQz
Rjk3M0ZGMjNGNUM2MzlEM0Y0Njc3Q0YzRkRCOENBNjNGNkNCOTk1M0ZDRkY5
REEzRjlDRDg5NTNGNjFDQjI5M0ZCRjdBNDAzRjFFQ0M2ODNGN0I3RjM1M0ZG
OUM3RUUzRTY2MDVDNTNFQjA2NUIyM0U3RA==

--SBD.Boundary.605592468
PROCESS /noc/users/iridburst/exec/irid_300224010734970_upd.pl
Last Run  ----1970-01-01 00:00:00 
MONTH  5 
DATA  xxrecord 2012-05-29 12:00:05 :: $W5M5A,120529,120005,660d0028449ce246,1,DAS 2,4901.3728N,1621.0199W,19.1,156,22.4,14.7,13.9,91.0,12.4,13.9,91.8,12.6,1003.1,1.65,3.07,7.1,158,48*6C
 
STATION sbdservice
IRID_ID 300224010734970
BODY 
Content-Type: application/x-zip-compressed; name="SBMmessage.sbd"
Content-Disposition: attachment; filename="300224010734970_003646.sbd"
Content-Transfer-Encoding: base64

JFc1TTVBLDEyMDUyOSwxMjAwMDUsNjYwZDAwMjg0NDljZTI0NiwxLERBUyAy
LDQ5MDEuMzcyOE4sMTYyMS4wMTk5VywxOS4xLDE1NiwyMi40LDE0LjcsMTMu
OSw5MS4wLDEyLjQsMTMuOSw5MS44LDEyLjYsMTAwMy4xLDEuNjUsMy4wNyw3
LjEsMTU4LDQ4KjZDDQoNCiRXNU01QSwxMjA1MjksMTIwMDA1LDY2MGQwMDI4
NDQ5Y2UyNDYsMixEQVMgMiwxMy44LDEzLjksMC4yLDAuNSwwLjAxLDEzNDAs
MTM1MiwxNTYsNjI4LDAsMjg3LjUsMTcuMDEsOTI1KjYyDQoNCiRXNU01QSwx
MjA1MjksMTIwMDA1LDY2MGQwMDI4NDQ5Y2UyNDYsMyw3RjAwNzMwMjNBMDAw
MDUzMzIzMDMxMzIzMDM1MzIzOTMxMzEzNDMwMzAzMDU1NTkwMDMxMzIzMDM1
MzIzOTMxMzEzNDMwMkM1NDQxNDIzMDMwMzAzMDMwMkMyRDMwMzUzMTJFMzEy
QzJDMzEzMzJFMzIzNTJDMzQyRTMwMkMzMzM2MzAzMDJDMzYzMDJDMzYzMDJD
MzEyQzMwMzAzNTM3MzAyQzMzMkUzNDMyMkMzMTJFMzIzNjJDMzUyQzMwMkMz
MDJFMzEzNjM1MkMyQjMwMzAyRTMwMEQwQThBMTBDMjdFODE1NDdGMDA2NzAy
M0EwMDAwNTczMjMwMzEzMjMwMzUzMjM5MzEzMTM0MzAzMDMwRkY0RDAwMDA4
MEZCNDQwMDQwMDQ0NDAwQThERTQ3MDAwMDFBNDM3QUU2ODYzRjkxMzNBNjQw
MTI5MjQ0NDA2RDQ4RDMzRkIxMzlDNDQwMzk2RTA3NDA3NDg4RDA0MEJGQjFB
QTQwNDk5MkU0NDBFMzM4RTE0MDAyOEZFMDNGQzE0NTFFNDM4REYwNDE0MjRC
OEMwMjNDMjQxRTFBQUE5NEQ0N0YwMkJBMDIzQTAwMDA0QjU2NDgyMDM3MzIz
MDMxMzIzMDM1MzIzOTMxMzEzNDMwMzAzMDM2MDAwMDAwMjk1QzhGM0QwQUQ3
QTMzQkJFNDUxRTQzOENGMDQxNDJBQzE1NTA0Mzc2RkY4NzQyNkUzODYxNDM4
QTJDOEM0MjZCQUU0NjQzREY3ODgzNDI4N0NEM0Q0MzEwMkU3MjQyQUI3RTQz
NDMwRUY0NjU0MjNCRTY1NTQzRUEwMzczNDIyMkVCNzg0M0QyODI2NjQyM0Yz
MDc3NDM1Q0RBNzc0MkMzMTUyODQzQkM5NThCNDIxRjdGMTg0MzhCQzc1QjQy
Qzk0ODI1NDMwMTk4MjQ0MjM3RUUyODQzNTM3RjE1NDI3MjhFMjM0MzBCQTAx
RDQyMzQ3MDIxNDM5RTg3MzA0MjdFMUEyMTQzQTdENzNDNDI3NjE1Mjc0M0Ex
Mzk0RjQyQUJGNDMzNDNCNzhGNTc0MjQ2NzMyNzQzNUZGRDUzNDI2QjNCMTQ0
M0ZDNkEzNDQyMDRDMzEzNDNFNERCMkE0MjdFOTMxMDQzRTcyMjNENDJDNkM2
MEQ0M0Q2QTYzMTQyRkM3ODBFNDMzQTcxMjg0MkQ2MjAwOTQzMTQ4NTE5NDIx
OTJDMDk0M0YwRTUwQzQyNEQ5RTE0NDM4MUVCMjQ0MjMzNTUyQjQzMDdGNDMz
NDJFOUEyMjY0MzhFODAyQzQyNzAzMzFENDNCMUFBMjM0MjAzMEUyMDQzMDk4
RjM1NDIwODJDMjE0MzE1QUE1ODQyMEU2MjFDNDNFMTMxNkE0MjY4QjkyNTQz
NDBGMzZGNDJGQjk0MkM0MzlBN0Q2QzQyRDIzRDJDNDMyOTRGNTU0MkI5MjAy
NjQzN0VFNzUyNDI1RUY5MUQ0MzlBOUQ1RDQyQzlGNzFGNDM0RkY5Njk0MjA5
NUQxQzQzRTY0QTczNDIwMjA2MTc0M0EwODA3ODQyOUQ0RDE2NDM2OUIwN0M0
MjcwOEUwRjQzNzNFMDgwNDJFMTY1MTM0MzhCNEM4MjQyNkUyM0ZCNDIwMURF
ODM0MjUwQTVERTQyODY3QzdFNDI3QUVFMDQ0M0M2NUM4NTQyMjNEMzJFNDM4
MEQ2ODY0MjEzRDYyQzQzMjkyRThBNDJCQ0E0MkU0MzlENkM4QzQyMERFRjU4
NDM2MDg5OEI0Mjg0MTM1MTQzRDMzMzk4NDI2RUUzOUU0MjIwOTQ5RTQyMUFF
MzFDNDJENzM5OUY0MkE5NEU0NjQzNkI2MEEwNDI0MDlEMTUzRUZBOEM4RDNE
MTEwMTRGM0QxNEM3NEYzRDQ5M0FDNDNEREM1NkI1M0Q0NjgwNEQzRUVDQjRC
QjNFRDdFQ0I3M0UwMzExQ0IzRTUyODk2NTNGNUUyRUJFM0ZGN0IzN0UzRkE2
OTkxRjQwQzI0RDc0NDA2MTBFMUM0MDNFMkZDMTNGNTlFMDU5M0ZENkZDODQz
Rjk3M0ZGMjNGNUM2MzlEM0Y0Njc3Q0YzRkRCOENBNjNGNkNCOTk1M0ZDRkY5
REEzRjlDRDg5NTNGNjFDQjI5M0ZCRjdBNDAzRjFFQ0M2ODNGN0I3RjM1M0ZG
OUM3RUUzRTY2MDVDNTNFQjA2NUIyM0U3RA==

--SBD.Boundary.605592468
PROCESS /noc/users/iridburst/exec/irid_300224010734970_upd.pl
Last Run  ----1970-01-01 00:00:00 
MONTH  5 
DATA  xxrecord 2012-05-29 12:00:05 :: $W5M5A,120529,120005,660d0028449ce246,1,DAS 2,4901.3728N,1621.0199W,19.1,156,22.4,14.7,13.9,91.0,12.4,13.9,91.8,12.6,1003.1,1.65,3.07,7.1,158,48*6C
 
STATION sbdservice
IRID_ID 300224010734970
BODY 
Content-Type: application/x-zip-compressed; name="SBMmessage.sbd"
Content-Disposition: attachment; filename="300224010734970_003648.sbd"
Content-Transfer-Encoding: base64

JFc1TTVBLDEyMDUyOSwxNDAwMDUsNjYwZDAwMjg0NDljZTI0NiwxLERBUyAy
LDQ5MDEuNDIwMU4sMTYyMS4wNzAzVywxOS40LDE2NiwyMy4zLDE0LjgsMTQu
MCw5MS43LDEyLjcsMTQuMSw5Mi40LDEyLjksMTAwMy41LDEuODMsMyw2Ljks
MTY3LDQ1KjQxDQoNCiRXNU01QSwxMjA1MjksMTQwMDA1LDY2MGQwMDI4NDQ5
Y2UyNDYsMixEQVMgMiwxMy43LDEzLjksMC4yLDAuNSwwLjAxLDEzNDIsMTM1
NCwxNTYsNjI4LDAsMjQyLjcsMTcuMDEsOTI0KjY1DQoNCiRXNU01QSwxMjA1
MjksMTQwMDA1LDY2MGQwMDI4NDQ5Y2UyNDYsMyw3RjAwNzMwMjNBMDAwMDUz
MzIzMDMxMzIzMDM1MzIzOTMxMzMzNDMwMzAzMDU1NTkwMDMxMzIzMDM1MzIz
OTMxMzMzNDMwMkM1NDQxNDIzMDMwMzAzMDMwMkMyRDMwMzUzMTJFMzEyQzJD
MzEzMzJFMzIzNjJDMzQyRTMwMkMzMzM2MzAzMDJDMzYzMDJDMzYzMDJDMzEy
QzMwMzAzNTM3MzAyQzMzMkUzNDMyMkMzMTJFMzIzNjJDMzcyQzMwMkMzMDJF
MzEzNjM2MkMyQjMwMzAyRTMwMEQwQTkwMTBDMjZEQzJCMzdGMDA2NzAyM0Ew
MDAwNTczMjMwMzEzMjMwMzUzMjM5MzEzMzM0MzAzMDMwRkY0RDAwMDA4MEZC
NDQwMDQwMDQ0NDAwREMwMjQ4MDAwMDEyNDNFMzIxOTUzRkVGMkNCMTQwNTVF
QzNGNDA0MzIxRUEzRjgwRUZDRjQwNzI1MzEyNDBBQTA2Q0Q0MEREM0JCNTQw
OEVCMERDNDBDNjg0REE0MEUzMkRGNjNGM0JGQjI2NDMyRjJEMzU0MjJGRkUx
MDNDOEMxRTIyMTUwRDM0N0YwMzBFMDIzQTAwMDA0QjU2NDgyMDM3MzIzMDMx
MzIzMDM1MzIzOTMxMzMzNDMwMzAzMDNEMDAwMDAwMEFENzIzM0QwQUQ3QTMz
QjM5RkIyNjQzMjkyRDM1NDIxQjNFMTU0MzQ0M0U5RDQyNzAzMjI4NDIxNDE0
QTE0MkJFMjFENjQyQjYzNzhGNDI0RjZDMUQ0MzA0MEM5QjQyQjhGNTY4NDM4
Q0UwODM0MjJBMjY2QzQzM0Q3QzY2NDI2MjM0NkU0M0FFMDY1QjQyMUNDQzZD
NDM5MjEyNzE0MkYwOTc1QjQzN0ZBRDg0NDI0RTNGNTA0M0E0RTM4ODQyQkFF
RjZCNDNCOEEzOEQ0MjNFQkI3QTQzMjI1QzhENDIyNjBGNjg0M0M4MTI4MjQy
ODJFNDY1NDNEOUVFNEU0MjVFMEU1OTQzRDE5OTUwNDI3NEQ2NTk0MzAzQ0Y1
QTQyNzUxNjU5NDM4RTg1NzM0MjM2MTMyQjQzQ0E4MDZDNDJEMTZFMTk0MzM0
NzIyRTQyMzE4OTE4NDMzNzA0MTM0MkM0RUEyNjQzRjY5NzA4NDJEMzhGMkQ0
M0IzRDBFQzQxRjZGMjI3NDNGQ0Y0RjA0MTUyMjUxRDQzRkFENzFENDI2ODY2
MTc0M0UzMjAzODQyMzI4QjFGNDMxREE0MzI0MjU5QkUyQTQzODdDNzMwNDI1
QUMxMzU0MzY1NjEzQTQyRjVFMzI4NDM2QTczNjM0MkEzQ0UwQzQzN0Q5NjU2
NDI4MUUyMEU0Mzg3QzE0MDQyMDgwNzFCNDMzMDMxMzc0MkRCRTYyMjQzRjAz
QTM0NDI4RUYxMjA0MzlEOTk0MTQyNjM2NzMyNDMwNzhBNEI0MjRBQTMyRjQz
MjAzNzYwNDIxQ0U1Mjg0M0VCNzc2OTQyNzM3MzM1NDNGOTAzNTg0MjVBNTAz
MTQzREFEQTRDNDJDQzEzMjM0M0E2NkI0QzQyM0M1NzFFNDNBMkI5NDM0MjFC
MzIxQTQzRTFCOTQzNDI4QTQwMEM0MzM5RkQ1QTQyQTUxODA2NDMwMERBNzA0
MjA1RTEwMzQzMUZCNjZCNDJCNzU3MDA0MzM1NjM1QjQyNkFGRTA3NDNGQjRC
NzI0MkZCRDUxOTQzN0E3QThCNDIxNUJDMTg0MzdENDQ4RDQyRkUwMDE2NDMw
QjVCOEM0MkE3OUMwRjQzMzE5MjhCNDJCQUU3MEM0MzgwNEU4QzQyRUU2NTAw
NDM5M0U2OEY0MjQyMjFFQjQyQzJDOTk0NDJBQzAzRjE0MkE2Qjc5NjQyOTFB
OTAwNDM4NEFEOEU0MjU2NDcxNDQzRjAxRDkwNDJEM0EyMEI0MzkyNjE5MjQy
Q0Y1NjAwNDNGOTFCOUI0MkJFQjI4NzQzMEVFNDlBNDI0M0IzMTQ0Mzg0MTc5
RTQyMTdDMjI3M0U5QTlGMDIzRDc3MjQ1QjNDRkZENzMxM0M0Rjg1RjkzQzk5
RTU5QzNFQkExM0RBM0UxMzU4NjEzRUYzN0ZBRTNEQjQ1Qzk3M0Q0ODNFOUEz
RDRFQzY5MjNERjFENTYwM0RENTY1QTIzRTEzMTk0QjNGMEI5MjlBM0Y3MjQx
QjAzRkU5NzJCNTNGRjQzNzBFNDBCOEU4NA==

--SBD.Boundary.605592468
PROCESS /noc/users/iridburst/exec/irid_300224010734970_upd.pl
Last Run  ----1970-01-01 00:00:00 
MONTH  5 
DATA  xxrecord 2012-05-29 14:00:05 :: $W5M5A,120529,140005,660d0028449ce246,1,DAS 2,4901.4201N,1621.0703W,19.4,166,23.3,14.8,14.0,91.7,12.7,14.1,92.4,12.9,1003.5,1.83,3,6.9,167,45*41
 
STATION sbdservice
IRID_ID 300224010734970
BODY 
Content-Type: application/x-zip-compressed; name="SBMmessage.sbd"
Content-Disposition: attachment; filename="300224010734970_003644.sbd"
Content-Transfer-Encoding: base64

JFc1TTVBLDEyMDUyOSwxMDAwMDUsNjYwZDAwMjg0NDljZTI0NiwxLERBUyAy
LCwsMTguNSwxNDcsMjIuNSwxNC43LDEzLjgsOTIuMCwxMi41LDEzLjgsOTIu
NiwxMi42LDEwMDMuNCwxLjYsMi40Niw2LjksMTUzLDUxKjQ1DQoNCiRXNU01
QSwxMjA1MjksMTAwMDA1LDY2MGQwMDI4NDQ5Y2UyNDYsMixEQVMgMiwxNC4z
LDE0LjUsMC4yLDAuNCwwLjAxLDEzMzksMTM1MSwxNTcsNjI5LDAsMjQ3LjYs
MTcuNzksOTI3KjY5DQoNCiRXNU01QSwxMjA1MjksMTAwMDA1LDY2MGQwMDI4
NDQ5Y2UyNDYsMyw3RjAwNzMwMjNBMDAwMDUzMzIzMDMxMzIzMDM1MzIzOTMw
MzkzNDMwMzAzMDU1NTkwMDMxMzIzMDM1MzIzOTMwMzkzNDMwMkM1NDQxNDIz
MDMwMzAzMDMwMkMyRDMwMzUzMTJFMzEyQzJDMzEzMzJFMzgzMjJDMzQyRTMw
MkMzMzM2MzAzMDJDMzYzMDJDMzYzMDJDMzEyQzMwMzAzNTM3MzAyQzMzMkUz
NDMyMkMzMTJFMzIzNjJDMzMyQzMwMkMzMDJFMzEzNjMzMkMyQjMwMzAyRTMw
MEQwQTkwMTA1MzA1MEQ5QzdGMDA2NzAyM0EwMDAwNTczMjMwMzEzMjMwMzUz
MjM5MzAzOTM0MzAzMDMwRkY0RDAwMDA4MEZCNDQwMDQwMDQ0NDAwOThCNzQ3
MDAwMDFCNDMxRUFFODMzRjQyMzBBNjQwNUZCRDFENDA0RjE1Q0QzRjExNjlD
MzQwRjJCRUZGM0YzQUZFQzA0MDY5RTJBODQwOEVCMERDNDA0MkRCREQ0MDhB
QjREODNGQUNGQTE4NDM5NDUxNEI0MkFCMERGMDNCNkIyMDNDNDg4N0E4N0Yw
MkQyMDIzQTAwMDA0QjU2NDgyMDM3MzIzMDMxMzIzMDM1MzIzOTMwMzkzNDMw
MzAzMDM4MDAwMDAwQjgxRTg1M0QwQUQ3QTMzQkFBRkExODQzOTM1MTRCNDIx
OTM4NDQ0MzM4Nzg0MDQyQ0U5RTQ2NDNBNzM1NEE0MkFBRjk0QzQzRjQyRTZG
NDJDMzZDNEU0MzdDOTM3RjQyNUU5NzVFNDM0NUFDOTI0MjQzNjk2NzQzODI1
MTkyNDI2MkI1ODA0M0NEOUQ4NTQyMzlERjgzNDNFNDE5ODc0MkU4MDM3MDQz
NTRCOTkwNDIxQUNCMDY0MzUwMkI4QTQyMzNCMzExNDM1MTk4Njg0MkNDMkQy
NjQzRTI2RjQ3NDI1NjREMkI0MzFFMzMyQjQyRUY2MDJBNDMzMTlEMUU0MjIy
M0EyQTQzQzZCMzIyNDIxMDA5MUY0MzUyRTcyQjQyODhFMTEwNDM4RkU4MzM0
MkNFRTcwQTQzRTU5ODRBNDJGNUQ4MDE0M0FBMjU1MjQyNDUxMkYxNDI1NkFG
NDU0MjY5NDkwMzQzQjREMzQ4NDI1RURCMTU0M0YwOTY0MTQyMTg3NzFGNDM5
NEQ3MjY0MkY0QjMyMTQzNzcyMDE5NDI3RTNFMjY0MzJDOTcyMjQyNjBERTJB
NDNFQjU1NDk0MjVGMDYxRjQzNkE4MTU5NDJEN0Q5MTI0MzhFNDc0MzQyQzY5
NDEzNDM2MTc0NEI0MjFCMzUyMjQzOUM2QzYzNDIzMzE2MkE0M0VBNTc2NTQy
MTc5NjFBNDNEMjEzNjk0MkI4OEExMzQzREJFODcxNDJEMzg0MTY0Mzc2NDc2
QzQyMkU3NjBGNDNCMDk5NUI0MjcxMzIwNzQzOTdFQjRGNDIwMUM4MEU0Mzkx
QzE1MTQyQjIyRjFDNDMxN0Y4NUY0MjU5RkQxNjQzRjNBOTdCNDI5OUVEMEQ0
MzAyN0I4MDQyNjEwQTExNDMxMUFBN0I0MjNFQUQxMzQzNkZENzc5NDI1MEFD
MTM0MzNDQTg4MjQyRDA0RTE1NDM0NzY1OTA0MkFCQkQzMzQzMjc4Rjk4NDJF
OTE4M0I0MzgwMzM5ODQyMThCQjI5NDNEQjk1OTI0Mjk5NzEyMjQzREYzRTg4
NDI3RERCMEU0MzlGNkU4NDQyQjcwNkY1NDJENzlFOEE0MkM1NkREMTQyODA4
MjkxNDI4M0Y5QUI0MjI2NTg5MzQyMEFEM0JBNDIwMEMxOEM0MkM3RENDRDQy
Nzc0QzhDNDIwMTAyQUU0MkY3QUU5NDQyQkY5MEJBNDJEODcyOTg0Mjg2NTZE
RTNFQTgzNEZCM0U2QzcwMTQzRUY1QkM2QjNEQUQ1NDNDM0Q0ODcyNzUzREY5
NEY2RjNEMzU4MDFBM0U5MEEwMDIzRTk1M0I1RDNFQTI2NTIzM0Y5NzZEN0Uz
RkFDNkM5QjNGNjBCRkNFM0YxQjFCMDg0MDg3NDgxNTQwNEJFMzIwNDBFRjQ2
MDE0MENDOTRCMDNGMEU1MjkwM0ZDQTQ1QjIzRjA4NTE2QTNGRTNDMzcxM0Y0
RjQzODAzRjEzRTIzOTNGRThDRUZFM0U1N0I3RDEzRTEwMzMzMjNGNDYxMTgw
M0Y0NEM2RjIzRTY2MDFCQjNFNkY3NDI4Mw==

--SBD.Boundary.605592468
PROCESS /noc/users/iridburst/exec/irid_300224010734970_upd.pl
Last Run  ----1970-01-01 00:00:00 
MONTH  5 
DATA  xxrecord 2012-05-29 10:00:05 :: $W5M5A,120529,100005,660d0028449ce246,1,DAS 2,,,18.5,147,22.5,14.7,13.8,92.0,12.5,13.8,92.6,12.6,1003.4,1.6,2.46,6.9,153,51*45
 
STATION sbdservice
IRID_ID 300224010734970
BODY 
Content-Type: application/x-zip-compressed; name="SBMmessage.sbd"
Content-Disposition: attachment; filename="300224010734970_003644.sbd"
Content-Transfer-Encoding: base64

JFc1TTVBLDEyMDUyOSwxMDAwMDUsNjYwZDAwMjg0NDljZTI0NiwxLERBUyAy
LCwsMTguNSwxNDcsMjIuNSwxNC43LDEzLjgsOTIuMCwxMi41LDEzLjgsOTIu
NiwxMi42LDEwMDMuNCwxLjYsMi40Niw2LjksMTUzLDUxKjQ1DQoNCiRXNU01
QSwxMjA1MjksMTAwMDA1LDY2MGQwMDI4NDQ5Y2UyNDYsMixEQVMgMiwxNC4z
LDE0LjUsMC4yLDAuNCwwLjAxLDEzMzksMTM1MSwxNTcsNjI5LDAsMjQ3LjYs
MTcuNzksOTI3KjY5DQoNCiRXNU01QSwxMjA1MjksMTAwMDA1LDY2MGQwMDI4
NDQ5Y2UyNDYsMyw3RjAwNzMwMjNBMDAwMDUzMzIzMDMxMzIzMDM1MzIzOTMw
MzkzNDMwMzAzMDU1NTkwMDMxMzIzMDM1MzIzOTMwMzkzNDMwMkM1NDQxNDIz
MDMwMzAzMDMwMkMyRDMwMzUzMTJFMzEyQzJDMzEzMzJFMzgzMjJDMzQyRTMw
MkMzMzM2MzAzMDJDMzYzMDJDMzYzMDJDMzEyQzMwMzAzNTM3MzAyQzMzMkUz
NDMyMkMzMTJFMzIzNjJDMzMyQzMwMkMzMDJFMzEzNjMzMkMyQjMwMzAyRTMw
MEQwQTkwMTA1MzA1MEQ5QzdGMDA2NzAyM0EwMDAwNTczMjMwMzEzMjMwMzUz
MjM5MzAzOTM0MzAzMDMwRkY0RDAwMDA4MEZCNDQwMDQwMDQ0NDAwOThCNzQ3
MDAwMDFCNDMxRUFFODMzRjQyMzBBNjQwNUZCRDFENDA0RjE1Q0QzRjExNjlD
MzQwRjJCRUZGM0YzQUZFQzA0MDY5RTJBODQwOEVCMERDNDA0MkRCREQ0MDhB
QjREODNGQUNGQTE4NDM5NDUxNEI0MkFCMERGMDNCNkIyMDNDNDg4N0E4N0Yw
MkQyMDIzQTAwMDA0QjU2NDgyMDM3MzIzMDMxMzIzMDM1MzIzOTMwMzkzNDMw
MzAzMDM4MDAwMDAwQjgxRTg1M0QwQUQ3QTMzQkFBRkExODQzOTM1MTRCNDIx
OTM4NDQ0MzM4Nzg0MDQyQ0U5RTQ2NDNBNzM1NEE0MkFBRjk0QzQzRjQyRTZG
NDJDMzZDNEU0MzdDOTM3RjQyNUU5NzVFNDM0NUFDOTI0MjQzNjk2NzQzODI1
MTkyNDI2MkI1ODA0M0NEOUQ4NTQyMzlERjgzNDNFNDE5ODc0MkU4MDM3MDQz
NTRCOTkwNDIxQUNCMDY0MzUwMkI4QTQyMzNCMzExNDM1MTk4Njg0MkNDMkQy
NjQzRTI2RjQ3NDI1NjREMkI0MzFFMzMyQjQyRUY2MDJBNDMzMTlEMUU0MjIy
M0EyQTQzQzZCMzIyNDIxMDA5MUY0MzUyRTcyQjQyODhFMTEwNDM4RkU4MzM0
MkNFRTcwQTQzRTU5ODRBNDJGNUQ4MDE0M0FBMjU1MjQyNDUxMkYxNDI1NkFG
NDU0MjY5NDkwMzQzQjREMzQ4NDI1RURCMTU0M0YwOTY0MTQyMTg3NzFGNDM5
NEQ3MjY0MkY0QjMyMTQzNzcyMDE5NDI3RTNFMjY0MzJDOTcyMjQyNjBERTJB
NDNFQjU1NDk0MjVGMDYxRjQzNkE4MTU5NDJEN0Q5MTI0MzhFNDc0MzQyQzY5
NDEzNDM2MTc0NEI0MjFCMzUyMjQzOUM2QzYzNDIzMzE2MkE0M0VBNTc2NTQy
MTc5NjFBNDNEMjEzNjk0MkI4OEExMzQzREJFODcxNDJEMzg0MTY0Mzc2NDc2
QzQyMkU3NjBGNDNCMDk5NUI0MjcxMzIwNzQzOTdFQjRGNDIwMUM4MEU0Mzkx
QzE1MTQyQjIyRjFDNDMxN0Y4NUY0MjU5RkQxNjQzRjNBOTdCNDI5OUVEMEQ0
MzAyN0I4MDQyNjEwQTExNDMxMUFBN0I0MjNFQUQxMzQzNkZENzc5NDI1MEFD
MTM0MzNDQTg4MjQyRDA0RTE1NDM0NzY1OTA0MkFCQkQzMzQzMjc4Rjk4NDJF
OTE4M0I0MzgwMzM5ODQyMThCQjI5NDNEQjk1OTI0Mjk5NzEyMjQzREYzRTg4
NDI3RERCMEU0MzlGNkU4NDQyQjcwNkY1NDJENzlFOEE0MkM1NkREMTQyODA4
MjkxNDI4M0Y5QUI0MjI2NTg5MzQyMEFEM0JBNDIwMEMxOEM0MkM3RENDRDQy
Nzc0QzhDNDIwMTAyQUU0MkY3QUU5NDQyQkY5MEJBNDJEODcyOTg0Mjg2NTZE
RTNFQTgzNEZCM0U2QzcwMTQzRUY1QkM2QjNEQUQ1NDNDM0Q0ODcyNzUzREY5
NEY2RjNEMzU4MDFBM0U5MEEwMDIzRTk1M0I1RDNFQTI2NTIzM0Y5NzZEN0Uz
RkFDNkM5QjNGNjBCRkNFM0YxQjFCMDg0MDg3NDgxNTQwNEJFMzIwNDBFRjQ2
MDE0MENDOTRCMDNGMEU1MjkwM0ZDQTQ1QjIzRjA4NTE2QTNGRTNDMzcxM0Y0
RjQzODAzRjEzRTIzOTNGRThDRUZFM0U1N0I3RDEzRTEwMzMzMjNGNDYxMTgw
M0Y0NEM2RjIzRTY2MDFCQjNFNkY3NDI4Mw==

--SBD.Boundary.605592468
PROCESS /noc/users/iridburst/exec/irid_300224010734970_upd.pl
Last Run  ----1970-01-01 00:00:00 
MONTH  5 
DATA  xxrecord 2012-05-29 10:00:05 :: $W5M5A,120529,100005,660d0028449ce246,1,DAS 2,,,18.5,147,22.5,14.7,13.8,92.0,12.5,13.8,92.6,12.6,1003.4,1.6,2.46,6.9,153,51*45
 
STATION sbdservice
IRID_ID 300224010734970
BODY 
Content-Type: application/x-zip-compressed; name="SBMmessage.sbd"
Content-Disposition: attachment; filename="300224010734970_003650.sbd"
Content-Transfer-Encoding: base64

JFc1TTVBLDEyMDUyOSwxNjAwMDUsNjYwZDAwMjg0NDljZTI0NiwxLERBUyAy
LDQ5MDEuMzM3Nk4sMTYyMC45MjExVywxOS42LDIxMSwyNi4zLDE0LjgsMTQu
MSw4Ni43LDEyLjAsMTQuMiw4Ny43LDEyLjIsMTAwMy44LDEuNTEsMi4zLDYu
NSwxNjUsNTIqNTYNCg0KJFc1TTVBLDEyMDUyOSwxNjAwMDUsNjYwZDAwMjg0
NDljZTI0NiwyLERBUyAyLDEzLjMsMTMuOCwwLjIsMC40LDAuMDEsMTM0NCwx
MzU2LDE1Niw2MjgsMCw1NS4zLDE2LjYyLDkyNSo1Mg0KDQokVzVNNUEsMTIw
NTI5LDE2MDAwNSw2NjBkMDAyODQ0OWNlMjQ2LDMsN0YwMDczMDIzQTAwMDA1
MzMyMzAzMTMyMzAzNTMyMzkzMTM1MzQzMDMwMzA1NTU5MDAzMTMyMzAzNTMy
MzkzMTM1MzQzMDJDNTQ0MTQyMzAzMDMwMzAzMDJDMkQzMDM1MzEyRTMxMkMy
QzMxMzMyRTMyMzYyQzM0MkUzMDJDMzMzNjMwMzAyQzM2MzAyQzM2MzAyQzMx
MkMzMDMwMzUzNzMwMkMzMzJFMzQzMjJDMzEyRTMyMzYyQzM5MkMzMDJDMzAy
RTMxMzYzNjJDMkIzMDMwMkUzMDBEMEE5NDEwRDJGNjc0MUI3RjAwNjcwMjNB
MDAwMDU3MzIzMDMxMzIzMDM1MzIzOTMxMzUzNDMwMzAzMEZGNEQwMDAwODBG
QjQ0MDA0MDA0NDQwMDY0MTY0ODAwMDAxMjQzNjU0NjgwM0Y3OERGQUY0MDNF
NDAxMzQwQkNFNkMxM0YzQjE2Q0Y0MDMyRUFFQTNGMDcxRkQzNDAyQTU1QjA0
MDlENzNDRTQwOEM1M0NFNDAzMzAwQ0YzRjk3MzcyNTQzM0VFMjRGNDIzRTg2
QzczQjEzMUMxNjA3Qjk0NjdGMDMyNjAyM0EwMDAwNEI1NjQ4MjAzNzMyMzAz
MTMyMzAzNTMyMzkzMTM1MzQzMDMwMzAzRjAwMDAwMDI5NUMwRjNEMEFEN0Ez
M0I5NTM3MjU0MzNBRTI0RjQyMTFDNzA3NDNCQUI5OUE0MjkxRkQxMzQzNzY1
Mzk5NDJCQTVDMTc0MzJBRTg5RjQyQTFERDlGNDMzODFDOTI0MjA3QUM4RDQz
OUM5Mjk5NDJFNzExNUQ0MzA5MkM5NTQyMzdBNzU5NDNERjY3NUM0MkZFMTY1
QjQzQTQxRDRBNDI1RTYyNkM0MzFDNEU3MjQyNEM2RTgwNDNFRjQ2ODU0MkEx
RTU2MjQzOTQ4MjgxNDJBOUNCNTg0MzdBRTg3MjQyRkQ3NTU0NDMyRTg1OEI0
MkRGMDg2NjQyRjM0NUExNDJFNEQwODg0M0Q0QzE4RTQyOUQ1MzgwNDNFQjk4
ODI0MkYxMDU1RDQzNTg4MThENDI4MTE3MzE0M0Q5OEM4ODQyOTI3OTI2NDND
OTlGNzM0MjQxQUQxMjQzOTAxNTVCNDJCREY2MDg0M0RDRkE0NDQyRjE1NjA5
NDMyRkE4M0Q0MjA3OEExMDQzRDBBRTNENDIwNkQxMjc0M0RERUUzNTQyQjZF
MDJCNDNGNDRGMzQ0MkYxRDUxRjQzNTRCQjRGNDJCNzA1MTY0MzNGRTU0MTQy
OEYxRjE0NDM3MUQ0MjU0MjQ0NDAxMjQzRDJENTM0NDJBMkYyMjQ0MzUzNTY1
NTQyM0E5OTQwNDM4RUMzNDg0MkU3MjU0QjQzNUVGNDRDNDI4NUQ5M0I0M0Iz
Njc2RTQyMTg0NjIxNDNDNTE0NUM0MjA3NzQyNTQzNkREQTM5NDIyMzMzMjM0
M0E3NjAxQjQyNTdENTIyNDNBMzFCMTc0MjRBNEMyNzQzMjE3RTM5NDI2RDAx
MzQ0MzhFODg1NDQyMUNGODM4NDNGRjBBNjU0MkVEMDIyOTQzOUMzMTYzNDIz
M0ZCMkI0M0Y3ODI1NzQyQTRCNjMxNDM4MDY1NTQ0MkNGMzUzMTQzRDhGNTRE
NDJDMzZEMjY0MzAwMkE0RTQyN0I2MjFENDM1NTQxNUM0MjFENEYyMTQzQThE
Qjc3NDI4RTFDMjc0MzM4NkQ4MjQyNjNBNjNBNDNCQjU4Nzc0MjcxMzI0QjQz
RDcwNzc3NDJFQkY0NDY0MzAwQTU3RjQyRTUzRTI4NDM4NDEwODE0MjJEMDcy
NDQzNzExNjg1NDIzNzFFMzg0Mzg5REY4RDQyQUE2MDIwNDM2QzFFOTM0MkNG
REUwQTQzRkQ0QThFNDI1NEYwMEE0MzFBQUU4QjQyNkU4RjAwNDMxNTUwOTM0
Mjg3M0YxODQzMTQzMDlGNDJFRTQxNEM0M0NFQTQ5QzQyMUVFRDAxNDNDOTdC
OTY0MkIxMzFDNTQyQjFDQThDNDI5MDA3OTI0Mjk4ODk4RDQyNjI3QkQyM0U3
NUI5QzAzRUY3NjY5OTNERUUxRjA1M0M0Rjk2OTUzQkYxMDVBOTNDNTQyN0E0
M0UxM0RFMzUzRkMzOUQ2OTNFQTAxRERFM0Q2RDc1OTczRDVDNzAxMDNFODE5
NTgxM0REQTY1RkYzREE3NzgzODNFREIzNQ==

--SBD.Boundary.605592468
PROCESS /noc/users/iridburst/exec/irid_300224010734970_upd.pl
Last Run  ----1970-01-01 00:00:00 
MONTH  5 
DATA  xxrecord 2012-05-29 16:00:05 :: $W5M5A,120529,160005,660d0028449ce246,1,DAS 2,4901.3376N,1620.9211W,19.6,211,26.3,14.8,14.1,86.7,12.0,14.2,87.7,12.2,1003.8,1.51,2.3,6.5,165,52*56
 
STATION sbdservice
IRID_ID 300224010734970
BODY 
PROCESS /noc/users/iridburst/exec/irid_300224010734970_upd.pl
Last Run  ----1970-01-01 00:00:00 
MONTH  5 
DATA  xxrecord 2012-05-29 16:00:05 :: $W5M5A,120529,160005,660d0028449ce246,1,DAS 2,4901.3376N,1620.9211W,19.6,211,26.3,14.8,14.1,86.7,12.0,14.2,87.7,12.2,1003.8,1.51,2.3,6.5,165,52*56
 
